nohup: 忽略输入
2025-06-20 17:58:17,177 [trainer.py] => config: ./scripts/simplecil/simplecil_inr_B0_Inc20.json
2025-06-20 17:58:17,177 [trainer.py] => prefix:  
2025-06-20 17:58:17,177 [trainer.py] => dataset: imagenetr
2025-06-20 17:58:17,177 [trainer.py] => memory_size: 0
2025-06-20 17:58:17,177 [trainer.py] => memory_per_class: 0
2025-06-20 17:58:17,177 [trainer.py] => fixed_memory: False
2025-06-20 17:58:17,177 [trainer.py] => shuffle: True
2025-06-20 17:58:17,177 [trainer.py] => init_cls: 20
2025-06-20 17:58:17,177 [trainer.py] => increment: 20
2025-06-20 17:58:17,177 [trainer.py] => model_name: simplecil
2025-06-20 17:58:17,177 [trainer.py] => backbone_type: pretrained_vit_base_patch16_224_sam
2025-06-20 17:58:17,177 [trainer.py] => device: [device(type='cuda', index=6)]
2025-06-20 17:58:17,177 [trainer.py] => seed: 1993
2025-06-20 17:58:17,177 [trainer.py] => tuned_epoch: 0
2025-06-20 17:58:17,177 [trainer.py] => init_lr: 0.01
2025-06-20 17:58:17,178 [trainer.py] => batch_size: 48
2025-06-20 17:58:17,178 [trainer.py] => weight_decay: 0.05
2025-06-20 17:58:17,178 [trainer.py] => min_lr: 1e-08
2025-06-20 17:58:17,178 [trainer.py] => optimizer: sgd
2025-06-20 17:58:17,178 [trainer.py] => vpt_type: shallow
2025-06-20 17:58:17,178 [trainer.py] => prompt_token_num: 3
2025-06-20 17:58:17,260 [data_manager.py] => [168, 136, 51, 9, 183, 101, 171, 99, 42, 159, 191, 70, 16, 188, 27, 10, 175, 26, 68, 187, 98, 6, 85, 35, 112, 43, 100, 0, 103, 181, 88, 59, 4, 2, 116, 174, 94, 80, 106, 1, 147, 17, 141, 131, 72, 23, 173, 54, 197, 118, 87, 32, 79, 104, 91, 19, 135, 107, 178, 36, 11, 199, 142, 8, 122, 3, 28, 57, 153, 172, 190, 56, 49, 44, 97, 62, 151, 169, 194, 55, 192, 12, 189, 78, 66, 180, 15, 137, 109, 134, 92, 119, 126, 52, 170, 40, 148, 65, 144, 64, 138, 45, 77, 89, 154, 90, 71, 193, 74, 30, 113, 143, 96, 84, 67, 50, 186, 156, 69, 21, 18, 111, 108, 58, 125, 157, 150, 110, 182, 129, 166, 83, 81, 60, 13, 165, 14, 176, 63, 117, 5, 22, 145, 121, 38, 41, 82, 127, 114, 20, 31, 53, 37, 163, 196, 130, 152, 162, 86, 76, 24, 34, 184, 149, 33, 128, 198, 155, 146, 167, 139, 120, 140, 102, 47, 25, 158, 123, 46, 164, 61, 7, 115, 75, 133, 160, 105, 132, 179, 124, 48, 73, 93, 39, 95, 195, 29, 177, 185, 161]
This is for the BaseNet initialization.
After BaseNet initialization.
2025-06-20 17:58:26,080 [trainer.py] => All params: 85798656
2025-06-20 17:58:26,081 [trainer.py] => Trainable params: 85798656
2025-06-20 17:58:26,506 [simplecil.py] => Learning on 0-20
2025-06-20 17:58:37,371 [trainer.py] => No NME accuracy.
2025-06-20 17:58:37,371 [trainer.py] => CNN: {'total': 66.04, '00-19': 66.04, 'old': 0, 'new': 66.04}
2025-06-20 17:58:37,371 [trainer.py] => CNN top1 curve: [66.04]
2025-06-20 17:58:37,371 [trainer.py] => CNN top5 curve: [88.53]

Average Accuracy (CNN): 66.04
2025-06-20 17:58:37,372 [trainer.py] => Average Accuracy (CNN): 66.04 

2025-06-20 17:58:37,372 [trainer.py] => All params: 85814017
2025-06-20 17:58:37,373 [trainer.py] => Trainable params: 85814017
2025-06-20 17:58:37,375 [simplecil.py] => Learning on 20-40
2025-06-20 17:58:49,497 [trainer.py] => No NME accuracy.
2025-06-20 17:58:49,498 [trainer.py] => CNN: {'total': 57.99, '00-19': 59.65, '20-39': 56.17, 'old': 59.65, 'new': 56.17}
2025-06-20 17:58:49,498 [trainer.py] => CNN top1 curve: [66.04, 57.99]
2025-06-20 17:58:49,498 [trainer.py] => CNN top5 curve: [88.53, 79.18]

Average Accuracy (CNN): 62.02
2025-06-20 17:58:49,498 [trainer.py] => Average Accuracy (CNN): 62.02 

2025-06-20 17:58:49,500 [trainer.py] => All params: 85829377
2025-06-20 17:58:49,502 [trainer.py] => Trainable params: 85829377
2025-06-20 17:58:49,505 [simplecil.py] => Learning on 40-60
2025-06-20 17:59:02,214 [trainer.py] => No NME accuracy.
2025-06-20 17:59:02,215 [trainer.py] => CNN: {'total': 55.84, '00-19': 55.73, '20-39': 52.69, '40-59': 59.24, 'old': 54.28, 'new': 59.24}
2025-06-20 17:59:02,215 [trainer.py] => CNN top1 curve: [66.04, 57.99, 55.84]
2025-06-20 17:59:02,215 [trainer.py] => CNN top5 curve: [88.53, 79.18, 75.82]

Average Accuracy (CNN): 59.96
2025-06-20 17:59:02,215 [trainer.py] => Average Accuracy (CNN): 59.96 

2025-06-20 17:59:02,216 [trainer.py] => All params: 85844737
2025-06-20 17:59:02,216 [trainer.py] => Trainable params: 85844737
2025-06-20 17:59:02,218 [simplecil.py] => Learning on 60-80
2025-06-20 17:59:15,919 [trainer.py] => No NME accuracy.
2025-06-20 17:59:15,919 [trainer.py] => CNN: {'total': 54.2, '00-19': 53.56, '20-39': 51.9, '40-59': 57.92, '60-79': 53.59, 'old': 54.39, 'new': 53.59}
2025-06-20 17:59:15,919 [trainer.py] => CNN top1 curve: [66.04, 57.99, 55.84, 54.2]
2025-06-20 17:59:15,919 [trainer.py] => CNN top5 curve: [88.53, 79.18, 75.82, 73.38]

Average Accuracy (CNN): 58.52
2025-06-20 17:59:15,919 [trainer.py] => Average Accuracy (CNN): 58.52 

2025-06-20 17:59:15,920 [trainer.py] => All params: 85860097
2025-06-20 17:59:15,921 [trainer.py] => Trainable params: 85860097
2025-06-20 17:59:15,924 [simplecil.py] => Learning on 80-100
2025-06-20 17:59:30,585 [trainer.py] => No NME accuracy.
2025-06-20 17:59:30,586 [trainer.py] => CNN: {'total': 51.36, '00-19': 52.25, '20-39': 51.11, '40-59': 54.95, '60-79': 51.49, '80-99': 45.79, 'old': 52.44, 'new': 45.79}
2025-06-20 17:59:30,586 [trainer.py] => CNN top1 curve: [66.04, 57.99, 55.84, 54.2, 51.36]
2025-06-20 17:59:30,586 [trainer.py] => CNN top5 curve: [88.53, 79.18, 75.82, 73.38, 69.58]

Average Accuracy (CNN): 57.09
2025-06-20 17:59:30,586 [trainer.py] => Average Accuracy (CNN): 57.09 

2025-06-20 17:59:30,587 [trainer.py] => All params: 85875457
2025-06-20 17:59:30,587 [trainer.py] => Trainable params: 85875457
2025-06-20 17:59:30,589 [simplecil.py] => Learning on 100-120
2025-06-20 17:59:47,859 [trainer.py] => No NME accuracy.
2025-06-20 17:59:47,859 [trainer.py] => CNN: {'total': 48.86, '00-19': 50.36, '20-39': 49.53, '40-59': 53.3, '60-79': 49.56, '80-99': 44.35, '100-119': 45.3, 'old': 49.65, 'new': 45.3}
2025-06-20 17:59:47,859 [trainer.py] => CNN top1 curve: [66.04, 57.99, 55.84, 54.2, 51.36, 48.86]
2025-06-20 17:59:47,859 [trainer.py] => CNN top5 curve: [88.53, 79.18, 75.82, 73.38, 69.58, 67.87]

Average Accuracy (CNN): 55.72
2025-06-20 17:59:47,859 [trainer.py] => Average Accuracy (CNN): 55.72 

2025-06-20 17:59:47,860 [trainer.py] => All params: 85890817
2025-06-20 17:59:47,861 [trainer.py] => Trainable params: 85890817
2025-06-20 17:59:47,863 [simplecil.py] => Learning on 120-140
2025-06-20 18:00:06,595 [trainer.py] => No NME accuracy.
2025-06-20 18:00:06,596 [trainer.py] => CNN: {'total': 48.01, '00-19': 49.49, '20-39': 48.26, '40-59': 51.82, '60-79': 48.51, '80-99': 43.12, '100-119': 44.7, '120-139': 49.38, 'old': 47.79, 'new': 49.38}
2025-06-20 18:00:06,596 [trainer.py] => CNN top1 curve: [66.04, 57.99, 55.84, 54.2, 51.36, 48.86, 48.01]
2025-06-20 18:00:06,596 [trainer.py] => CNN top5 curve: [88.53, 79.18, 75.82, 73.38, 69.58, 67.87, 66.92]

Average Accuracy (CNN): 54.61
2025-06-20 18:00:06,596 [trainer.py] => Average Accuracy (CNN): 54.61 

2025-06-20 18:00:06,598 [trainer.py] => All params: 85906177
2025-06-20 18:00:06,599 [trainer.py] => Trainable params: 85906177
2025-06-20 18:00:06,603 [simplecil.py] => Learning on 140-160
2025-06-20 18:00:29,519 [trainer.py] => No NME accuracy.
2025-06-20 18:00:29,520 [trainer.py] => CNN: {'total': 47.18, '00-19': 47.75, '20-39': 47.63, '40-59': 51.32, '60-79': 47.46, '80-99': 41.89, '100-119': 43.03, '120-139': 47.98, '140-159': 49.25, 'old': 46.82, 'new': 49.25}
2025-06-20 18:00:29,520 [trainer.py] => CNN top1 curve: [66.04, 57.99, 55.84, 54.2, 51.36, 48.86, 48.01, 47.18]
2025-06-20 18:00:29,520 [trainer.py] => CNN top5 curve: [88.53, 79.18, 75.82, 73.38, 69.58, 67.87, 66.92, 65.41]

Average Accuracy (CNN): 53.68
2025-06-20 18:00:29,520 [trainer.py] => Average Accuracy (CNN): 53.68 

2025-06-20 18:00:29,521 [trainer.py] => All params: 85921537
2025-06-20 18:00:29,522 [trainer.py] => Trainable params: 85921537
2025-06-20 18:00:29,526 [simplecil.py] => Learning on 160-180
2025-06-20 18:00:51,410 [trainer.py] => No NME accuracy.
2025-06-20 18:00:51,411 [trainer.py] => CNN: {'total': 46.63, '00-19': 46.73, '20-39': 46.84, '40-59': 50.99, '60-79': 46.76, '80-99': 40.45, '100-119': 41.82, '120-139': 47.63, '140-159': 48.29, '160-179': 49.79, 'old': 46.33, 'new': 49.79}
2025-06-20 18:00:51,411 [trainer.py] => CNN top1 curve: [66.04, 57.99, 55.84, 54.2, 51.36, 48.86, 48.01, 47.18, 46.63]
2025-06-20 18:00:51,411 [trainer.py] => CNN top5 curve: [88.53, 79.18, 75.82, 73.38, 69.58, 67.87, 66.92, 65.41, 64.82]

Average Accuracy (CNN): 52.9
2025-06-20 18:00:51,411 [trainer.py] => Average Accuracy (CNN): 52.9 

2025-06-20 18:00:51,412 [trainer.py] => All params: 85936897
2025-06-20 18:00:51,412 [trainer.py] => Trainable params: 85936897
2025-06-20 18:00:51,415 [simplecil.py] => Learning on 180-200
2025-06-20 18:01:15,654 [trainer.py] => No NME accuracy.
2025-06-20 18:01:15,654 [trainer.py] => CNN: {'total': 45.8, '00-19': 46.3, '20-39': 45.41, '40-59': 50.33, '60-79': 45.71, '80-99': 39.63, '100-119': 40.76, '120-139': 47.45, '140-159': 47.74, '160-179': 47.07, '180-199': 46.8, 'old': 45.69, 'new': 46.8}
2025-06-20 18:01:15,654 [trainer.py] => CNN top1 curve: [66.04, 57.99, 55.84, 54.2, 51.36, 48.86, 48.01, 47.18, 46.63, 45.8]
2025-06-20 18:01:15,654 [trainer.py] => CNN top5 curve: [88.53, 79.18, 75.82, 73.38, 69.58, 67.87, 66.92, 65.41, 64.82, 63.98]

Average Accuracy (CNN): 52.19
2025-06-20 18:01:15,655 [trainer.py] => Average Accuracy (CNN): 52.19 

Finished imagenetr_init20_inc20: pretrained_vit_base_patch16_224_sam  
----------------------------------------------------------------------------------------------------
总训练时间: 73.36 s
总测试时间: 96.19 s
Traceback (most recent call last):
  File "/home/team/zhaohongwei/Code/Research/Awesome-CIL/main.py", line 24, in <module>
    main()
  File "/home/team/zhaohongwei/Code/Research/Awesome-CIL/main.py", line 11, in main
    train(args)
  File "/home/team/zhaohongwei/Code/Research/Awesome-CIL/trainer.py", line 21, in train
    _train(args)
  File "/home/team/zhaohongwei/Code/Research/Awesome-CIL/trainer.py", line 143, in _train
    print('每个任务每个epoch训练时间:', round(total_train_time / (data_manager.nb_tasks * args['tuned_epoch']), 2), 's')
ZeroDivisionError: float division by zero
