2026-05-20 19:41:28,896 [trainer.py] => config: ./configs/lae/lae_cifar_B0_Inc10.json
2026-05-20 19:41:28,907 [trainer.py] => prefix:  
2026-05-20 19:41:28,907 [trainer.py] => dataset: cifar224
2026-05-20 19:41:28,907 [trainer.py] => memory_size: 0
2026-05-20 19:41:28,907 [trainer.py] => memory_per_class: 0
2026-05-20 19:41:28,907 [trainer.py] => fixed_memory: False
2026-05-20 19:41:28,907 [trainer.py] => shuffle: True
2026-05-20 19:41:28,908 [trainer.py] => init_cls: 10
2026-05-20 19:41:28,908 [trainer.py] => increment: 10
2026-05-20 19:41:28,908 [trainer.py] => model_name: lae
2026-05-20 19:41:28,908 [trainer.py] => backbone_type: vit_base_patch16_224_in21k_lae
2026-05-20 19:41:28,908 [trainer.py] => device: [device(type='cuda', index=3)]
2026-05-20 19:41:28,908 [trainer.py] => seed: 42
2026-05-20 19:41:28,908 [trainer.py] => tuned_epoch: 5
2026-05-20 19:41:28,908 [trainer.py] => init_lr: 0.0028125
2026-05-20 19:41:28,908 [trainer.py] => batch_size: 128
2026-05-20 19:41:28,909 [trainer.py] => weight_decay: 0
2026-05-20 19:41:28,909 [trainer.py] => min_lr: 1e-05
2026-05-20 19:41:28,909 [trainer.py] => optimizer: adam
2026-05-20 19:41:28,909 [trainer.py] => scheduler: constant
2026-05-20 19:41:28,909 [trainer.py] => reinit_optimizer: True
2026-05-20 19:41:28,909 [trainer.py] => pretrained: True
2026-05-20 19:41:28,909 [trainer.py] => drop: 0.0
2026-05-20 19:41:28,909 [trainer.py] => drop_path: 0.0
2026-05-20 19:41:28,909 [trainer.py] => ema_decay: 0.9999
2026-05-20 19:41:28,909 [trainer.py] => num_freeze_epochs: 3
2026-05-20 19:41:28,909 [trainer.py] => pet_cls: LoRA
2026-05-20 19:41:28,910 [trainer.py] => pet_length: 10
2026-05-20 19:41:28,910 [trainer.py] => down_sample_dim: 5
2026-05-20 19:41:30,675 [data_manager.py] => [83, 53, 70, 45, 44, 39, 22, 80, 10, 0, 18, 30, 73, 33, 90, 4, 76, 77, 12, 31, 55, 88, 26, 42, 69, 15, 40, 96, 9, 72, 11, 47, 85, 28, 93, 5, 66, 65, 35, 16, 49, 34, 7, 95, 27, 19, 81, 25, 62, 13, 24, 3, 17, 38, 8, 78, 6, 64, 36, 89, 56, 99, 54, 43, 50, 67, 46, 68, 61, 97, 79, 41, 58, 48, 98, 57, 75, 32, 94, 59, 63, 84, 37, 29, 1, 52, 21, 2, 23, 87, 91, 74, 86, 82, 20, 60, 71, 14, 92, 51]
2026-05-20 19:41:54,756 [lae.py] => 85,952,266 model total parameters.
2026-05-20 19:41:54,772 [lae.py] => 0 model training parameters.
2026-05-20 19:41:54,773 [trainer.py] => All params: 86105876
2026-05-20 19:41:54,774 [trainer.py] => Trainable params: 0
2026-05-20 19:41:54,774 [lae.py] => Learning on 0-10
2026-05-20 19:48:36,084 [lae.py] => Task 0, Epoch 5/5 => Loss 0.240, Train_accy 91.90, Test_accy 97.10
2026-05-20 19:48:57,197 [trainer.py] => No NME accuracy.
2026-05-20 19:48:57,220 [trainer.py] => CNN: {'total': 97.1, '00-09': 97.1, 'old': 0, 'new': 97.1}
2026-05-20 19:48:57,220 [trainer.py] => CNN top1 curve: [97.1]
2026-05-20 19:48:57,220 [trainer.py] => CNN top5 curve: [100.0]
2026-05-20 19:48:57,220 [trainer.py] => Average Accuracy (CNN): 97.1
2026-05-20 19:48:57,223 [trainer.py] => All params: 86113566
2026-05-20 19:48:57,225 [trainer.py] => Trainable params: 161300
2026-05-20 19:48:57,232 [lae.py] => Learning on 10-20
2026-05-20 19:55:59,302 [lae.py] => Task 1, Epoch 5/5 => Loss 0.369, Train_accy 87.96, Test_accy 94.90
2026-05-20 19:56:40,505 [trainer.py] => No NME accuracy.
2026-05-20 19:56:40,531 [trainer.py] => CNN: {'total': 94.9, '00-09': 96.2, '10-19': 93.6, 'old': 96.2, 'new': 93.6}
2026-05-20 19:56:40,531 [trainer.py] => CNN top1 curve: [97.1, 94.9]
2026-05-20 19:56:40,531 [trainer.py] => CNN top5 curve: [100.0, 99.35]
2026-05-20 19:56:40,531 [trainer.py] => Average Accuracy (CNN): 96.0
2026-05-20 19:56:40,533 [trainer.py] => All params: 86121256
2026-05-20 19:56:40,534 [trainer.py] => Trainable params: 168990
2026-05-20 19:56:40,538 [lae.py] => Learning on 20-30
2026-05-20 20:04:02,250 [lae.py] => Task 2, Epoch 5/5 => Loss 0.356, Train_accy 87.92, Test_accy 91.87
2026-05-20 20:05:03,155 [trainer.py] => No NME accuracy.
2026-05-20 20:05:03,181 [trainer.py] => CNN: {'total': 91.87, '00-09': 95.1, '10-19': 90.4, '20-29': 90.1, 'old': 92.75, 'new': 90.1}
2026-05-20 20:05:03,182 [trainer.py] => CNN top1 curve: [97.1, 94.9, 91.87]
2026-05-20 20:05:03,182 [trainer.py] => CNN top5 curve: [100.0, 99.35, 98.87]
2026-05-20 20:05:03,182 [trainer.py] => Average Accuracy (CNN): 94.62
2026-05-20 20:05:03,183 [trainer.py] => All params: 86128946
2026-05-20 20:05:03,183 [trainer.py] => Trainable params: 176680
2026-05-20 20:05:03,186 [lae.py] => Learning on 30-40
2026-05-20 20:12:47,512 [lae.py] => Task 3, Epoch 5/5 => Loss 0.309, Train_accy 89.48, Test_accy 90.15
2026-05-20 20:14:08,580 [trainer.py] => No NME accuracy.
2026-05-20 20:14:08,605 [trainer.py] => CNN: {'total': 90.15, '00-09': 93.4, '10-19': 88.8, '20-29': 85.4, '30-39': 93.0, 'old': 89.2, 'new': 93.0}
2026-05-20 20:14:08,605 [trainer.py] => CNN top1 curve: [97.1, 94.9, 91.87, 90.15]
2026-05-20 20:14:08,605 [trainer.py] => CNN top5 curve: [100.0, 99.35, 98.87, 98.88]
2026-05-20 20:14:08,605 [trainer.py] => Average Accuracy (CNN): 93.5
2026-05-20 20:14:08,606 [trainer.py] => All params: 86136636
2026-05-20 20:14:08,607 [trainer.py] => Trainable params: 184370
2026-05-20 20:14:08,609 [lae.py] => Learning on 40-50
2026-05-20 20:22:12,977 [lae.py] => Task 4, Epoch 5/5 => Loss 0.256, Train_accy 91.58, Test_accy 88.88
2026-05-20 20:23:54,257 [trainer.py] => No NME accuracy.
2026-05-20 20:23:54,296 [trainer.py] => CNN: {'total': 88.88, '00-09': 92.3, '10-19': 85.8, '20-29': 84.1, '30-39': 90.2, '40-49': 92.0, 'old': 88.1, 'new': 92.0}
2026-05-20 20:23:54,296 [trainer.py] => CNN top1 curve: [97.1, 94.9, 91.87, 90.15, 88.88]
2026-05-20 20:23:54,296 [trainer.py] => CNN top5 curve: [100.0, 99.35, 98.87, 98.88, 98.64]
2026-05-20 20:23:54,296 [trainer.py] => Average Accuracy (CNN): 92.58
2026-05-20 20:23:54,297 [trainer.py] => All params: 86144326
2026-05-20 20:23:54,298 [trainer.py] => Trainable params: 192060
2026-05-20 20:23:54,305 [lae.py] => Learning on 50-60
2026-05-20 20:31:54,740 [lae.py] => Task 5, Epoch 5/5 => Loss 0.255, Train_accy 91.76, Test_accy 89.23
2026-05-20 20:33:56,599 [trainer.py] => No NME accuracy.
2026-05-20 20:33:56,637 [trainer.py] => CNN: {'total': 89.23, '00-09': 92.0, '10-19': 84.6, '20-29': 83.0, '30-39': 89.9, '40-49': 91.2, '50-59': 94.7, 'old': 88.14, 'new': 94.7}
2026-05-20 20:33:56,638 [trainer.py] => CNN top1 curve: [97.1, 94.9, 91.87, 90.15, 88.88, 89.23]
2026-05-20 20:33:56,638 [trainer.py] => CNN top5 curve: [100.0, 99.35, 98.87, 98.88, 98.64, 98.03]
2026-05-20 20:33:56,638 [trainer.py] => Average Accuracy (CNN): 92.02
2026-05-20 20:33:56,639 [trainer.py] => All params: 86152016
2026-05-20 20:33:56,639 [trainer.py] => Trainable params: 199750
2026-05-20 20:33:56,641 [lae.py] => Learning on 60-70
2026-05-20 20:42:38,643 [lae.py] => Task 6, Epoch 5/5 => Loss 0.205, Train_accy 93.24, Test_accy 86.97
2026-05-20 20:45:00,287 [trainer.py] => No NME accuracy.
2026-05-20 20:45:00,335 [trainer.py] => CNN: {'total': 86.97, '00-09': 87.5, '10-19': 80.3, '20-29': 82.1, '30-39': 85.8, '40-49': 88.8, '50-59': 92.1, '60-69': 92.2, 'old': 86.1, 'new': 92.2}
2026-05-20 20:45:00,335 [trainer.py] => CNN top1 curve: [97.1, 94.9, 91.87, 90.15, 88.88, 89.23, 86.97]
2026-05-20 20:45:00,335 [trainer.py] => CNN top5 curve: [100.0, 99.35, 98.87, 98.88, 98.64, 98.03, 97.63]
2026-05-20 20:45:00,336 [trainer.py] => Average Accuracy (CNN): 91.3
2026-05-20 20:45:00,337 [trainer.py] => All params: 86159706
2026-05-20 20:45:00,338 [trainer.py] => Trainable params: 207440
2026-05-20 20:45:00,341 [lae.py] => Learning on 70-80
2026-05-20 20:54:03,568 [lae.py] => Task 7, Epoch 5/5 => Loss 0.222, Train_accy 93.12, Test_accy 86.82
2026-05-20 20:56:45,784 [trainer.py] => No NME accuracy.
2026-05-20 20:56:45,812 [trainer.py] => CNN: {'total': 86.82, '00-09': 84.7, '10-19': 79.6, '20-29': 81.3, '30-39': 84.7, '40-49': 88.6, '50-59': 92.3, '60-69': 91.3, '70-79': 92.1, 'old': 86.07, 'new': 92.1}
2026-05-20 20:56:45,812 [trainer.py] => CNN top1 curve: [97.1, 94.9, 91.87, 90.15, 88.88, 89.23, 86.97, 86.82]
2026-05-20 20:56:45,812 [trainer.py] => CNN top5 curve: [100.0, 99.35, 98.87, 98.88, 98.64, 98.03, 97.63, 97.81]
2026-05-20 20:56:45,813 [trainer.py] => Average Accuracy (CNN): 90.74
2026-05-20 20:56:45,814 [trainer.py] => All params: 86167396
2026-05-20 20:56:45,815 [trainer.py] => Trainable params: 215130
2026-05-20 20:56:45,821 [lae.py] => Learning on 80-90
2026-05-20 21:06:07,925 [lae.py] => Task 8, Epoch 5/5 => Loss 0.200, Train_accy 94.36, Test_accy 85.79
2026-05-20 21:09:10,654 [trainer.py] => No NME accuracy.
2026-05-20 21:09:10,690 [trainer.py] => CNN: {'total': 85.79, '00-09': 84.1, '10-19': 79.6, '20-29': 79.6, '30-39': 78.6, '40-49': 88.1, '50-59': 92.2, '60-69': 90.3, '70-79': 89.4, '80-89': 90.2, 'old': 85.24, 'new': 90.2}
2026-05-20 21:09:10,690 [trainer.py] => CNN top1 curve: [97.1, 94.9, 91.87, 90.15, 88.88, 89.23, 86.97, 86.82, 85.79]
2026-05-20 21:09:10,690 [trainer.py] => CNN top5 curve: [100.0, 99.35, 98.87, 98.88, 98.64, 98.03, 97.63, 97.81, 97.62]
2026-05-20 21:09:10,690 [trainer.py] => Average Accuracy (CNN): 90.19
2026-05-20 21:09:10,691 [trainer.py] => All params: 86175086
2026-05-20 21:09:10,692 [trainer.py] => Trainable params: 222820
2026-05-20 21:09:10,699 [lae.py] => Learning on 90-100
2026-05-20 21:18:53,818 [lae.py] => Task 9, Epoch 5/5 => Loss 0.190, Train_accy 93.64, Test_accy 85.01
2026-05-20 21:22:16,913 [trainer.py] => No NME accuracy.
2026-05-20 21:22:16,935 [trainer.py] => CNN: {'total': 85.01, '00-09': 84.7, '10-19': 78.0, '20-29': 76.7, '30-39': 78.7, '40-49': 88.3, '50-59': 91.6, '60-69': 88.1, '70-79': 89.0, '80-89': 87.7, '90-99': 87.3, 'old': 84.76, 'new': 87.3}
2026-05-20 21:22:16,935 [trainer.py] => CNN top1 curve: [97.1, 94.9, 91.87, 90.15, 88.88, 89.23, 86.97, 86.82, 85.79, 85.01]
2026-05-20 21:22:16,935 [trainer.py] => CNN top5 curve: [100.0, 99.35, 98.87, 98.88, 98.64, 98.03, 97.63, 97.81, 97.62, 97.35]
2026-05-20 21:22:16,936 [trainer.py] => Average Accuracy (CNN): 89.67
