2026-05-21 15:11:28,192 [trainer.py] => config: ./configs/lae/lae_cifar_B50_Inc10.json
2026-05-21 15:11:28,192 [trainer.py] => prefix:  
2026-05-21 15:11:28,193 [trainer.py] => dataset: cifar224
2026-05-21 15:11:28,193 [trainer.py] => memory_size: 0
2026-05-21 15:11:28,193 [trainer.py] => memory_per_class: 0
2026-05-21 15:11:28,193 [trainer.py] => fixed_memory: False
2026-05-21 15:11:28,193 [trainer.py] => shuffle: True
2026-05-21 15:11:28,193 [trainer.py] => init_cls: 50
2026-05-21 15:11:28,193 [trainer.py] => increment: 10
2026-05-21 15:11:28,193 [trainer.py] => model_name: lae
2026-05-21 15:11:28,193 [trainer.py] => backbone_type: vit_base_patch16_224_in21k_lae
2026-05-21 15:11:28,193 [trainer.py] => device: [device(type='cuda', index=3)]
2026-05-21 15:11:28,193 [trainer.py] => seed: 1993
2026-05-21 15:11:28,193 [trainer.py] => tuned_epoch: 5
2026-05-21 15:11:28,193 [trainer.py] => init_lr: 0.0028125
2026-05-21 15:11:28,193 [trainer.py] => batch_size: 128
2026-05-21 15:11:28,193 [trainer.py] => weight_decay: 0
2026-05-21 15:11:28,193 [trainer.py] => min_lr: 1e-05
2026-05-21 15:11:28,193 [trainer.py] => optimizer: adam
2026-05-21 15:11:28,193 [trainer.py] => scheduler: constant
2026-05-21 15:11:28,193 [trainer.py] => reinit_optimizer: True
2026-05-21 15:11:28,193 [trainer.py] => pretrained: True
2026-05-21 15:11:28,193 [trainer.py] => drop: 0.0
2026-05-21 15:11:28,193 [trainer.py] => drop_path: 0.0
2026-05-21 15:11:28,193 [trainer.py] => ema_decay: 0.9999
2026-05-21 15:11:28,194 [trainer.py] => num_freeze_epochs: 3
2026-05-21 15:11:28,194 [trainer.py] => pet_cls: LoRA
2026-05-21 15:11:28,194 [trainer.py] => pet_length: 10
2026-05-21 15:11:28,194 [trainer.py] => down_sample_dim: 5
2026-05-21 15:11:28,194 [trainer.py] => nb_classes: 100
2026-05-21 15:11:28,194 [trainer.py] => nb_tasks: 6
2026-05-21 15:11:29,429 [data_manager.py] => [68, 56, 78, 8, 23, 84, 90, 65, 74, 76, 40, 89, 3, 92, 55, 9, 26, 80, 43, 38, 58, 70, 77, 1, 85, 19, 17, 50, 28, 53, 13, 81, 45, 82, 6, 59, 83, 16, 15, 44, 91, 41, 72, 60, 79, 52, 20, 10, 31, 54, 37, 95, 14, 71, 96, 98, 97, 2, 64, 66, 42, 22, 35, 86, 24, 34, 87, 21, 99, 0, 88, 27, 18, 94, 11, 12, 47, 25, 30, 46, 62, 69, 36, 61, 7, 63, 75, 5, 32, 4, 51, 48, 73, 93, 39, 67, 29, 49, 57, 33]
2026-05-21 15:11:35,700 [lae.py] => 85,952,266 model total parameters.
2026-05-21 15:11:35,700 [lae.py] => 0 model training parameters.
2026-05-21 15:11:35,701 [trainer.py] => All params: 86105876
2026-05-21 15:11:35,702 [trainer.py] => Trainable params: 0
2026-05-21 15:11:35,702 [lae.py] => Learning on 0-50
2026-05-21 15:51:17,254 [lae.py] => Task 0, Epoch 5/5 => Loss 0.611, Train_accy 82.79, Test_accy 93.52
2026-05-21 15:53:21,459 [trainer.py] => No NME accuracy.
2026-05-21 15:53:21,475 [trainer.py] => CNN: {'total': 93.52, '00-49': 93.52, 'old': 0, 'new': 93.52}
2026-05-21 15:53:21,476 [trainer.py] => CNN top1 curve: [93.52]
2026-05-21 15:53:21,476 [trainer.py] => CNN top5 curve: [99.26]
2026-05-21 15:53:21,476 [trainer.py] => Average Accuracy (CNN): 93.52
2026-05-21 15:53:21,478 [trainer.py] => All params: 86144326
2026-05-21 15:53:21,479 [trainer.py] => Trainable params: 192060
2026-05-21 15:53:21,483 [lae.py] => Learning on 50-60
2026-05-21 16:03:13,583 [lae.py] => Task 1, Epoch 5/5 => Loss 0.241, Train_accy 92.38, Test_accy 91.95
2026-05-21 16:05:35,628 [trainer.py] => No NME accuracy.
2026-05-21 16:05:35,658 [trainer.py] => CNN: {'total': 91.95, '00-49': 92.74, '50-59': 88.0, 'old': 92.74, 'new': 88.0}
2026-05-21 16:05:35,659 [trainer.py] => CNN top1 curve: [93.52, 91.95]
2026-05-21 16:05:35,659 [trainer.py] => CNN top5 curve: [99.26, 98.85]
2026-05-21 16:05:35,659 [trainer.py] => Average Accuracy (CNN): 92.74
2026-05-21 16:05:35,660 [trainer.py] => All params: 86152016
2026-05-21 16:05:35,660 [trainer.py] => Trainable params: 199750
2026-05-21 16:05:35,667 [lae.py] => Learning on 60-70
2026-05-21 16:15:59,088 [lae.py] => Task 2, Epoch 5/5 => Loss 0.175, Train_accy 94.28, Test_accy 91.56
2026-05-21 16:18:43,876 [trainer.py] => No NME accuracy.
2026-05-21 16:18:43,905 [trainer.py] => CNN: {'total': 91.56, '00-49': 92.78, '50-59': 86.3, '60-69': 90.7, 'old': 91.7, 'new': 90.7}
2026-05-21 16:18:43,905 [trainer.py] => CNN top1 curve: [93.52, 91.95, 91.56]
2026-05-21 16:18:43,905 [trainer.py] => CNN top5 curve: [99.26, 98.85, 98.67]
2026-05-21 16:18:43,905 [trainer.py] => Average Accuracy (CNN): 92.34
2026-05-21 16:18:43,906 [trainer.py] => All params: 86159706
2026-05-21 16:18:43,907 [trainer.py] => Trainable params: 207440
2026-05-21 16:18:43,909 [lae.py] => Learning on 70-80
2026-05-21 16:29:23,842 [lae.py] => Task 3, Epoch 5/5 => Loss 0.230, Train_accy 92.44, Test_accy 88.81
2026-05-21 16:32:34,981 [trainer.py] => No NME accuracy.
2026-05-21 16:32:35,003 [trainer.py] => CNN: {'total': 88.81, '00-49': 92.6, '50-59': 84.1, '60-69': 87.3, '70-79': 76.1, 'old': 90.63, 'new': 76.1}
2026-05-21 16:32:35,003 [trainer.py] => CNN top1 curve: [93.52, 91.95, 91.56, 88.81]
2026-05-21 16:32:35,003 [trainer.py] => CNN top5 curve: [99.26, 98.85, 98.67, 98.44]
2026-05-21 16:32:35,004 [trainer.py] => Average Accuracy (CNN): 91.46
2026-05-21 16:32:35,006 [trainer.py] => All params: 86167396
2026-05-21 16:32:35,008 [trainer.py] => Trainable params: 215130
2026-05-21 16:32:35,020 [lae.py] => Learning on 80-90
2026-05-21 16:43:44,641 [lae.py] => Task 4, Epoch 5/5 => Loss 0.218, Train_accy 93.04, Test_accy 87.74
2026-05-21 16:47:19,298 [trainer.py] => No NME accuracy.
2026-05-21 16:47:19,319 [trainer.py] => CNN: {'total': 87.74, '00-49': 92.22, '50-59': 84.2, '60-69': 86.7, '70-79': 75.4, '80-89': 82.3, 'old': 88.42, 'new': 82.3}
2026-05-21 16:47:19,319 [trainer.py] => CNN top1 curve: [93.52, 91.95, 91.56, 88.81, 87.74]
2026-05-21 16:47:19,319 [trainer.py] => CNN top5 curve: [99.26, 98.85, 98.67, 98.44, 98.09]
2026-05-21 16:47:19,320 [trainer.py] => Average Accuracy (CNN): 90.72
2026-05-21 16:47:19,321 [trainer.py] => All params: 86175086
2026-05-21 16:47:19,322 [trainer.py] => Trainable params: 222820
2026-05-21 16:47:19,327 [lae.py] => Learning on 90-100
2026-05-21 16:58:51,900 [lae.py] => Task 5, Epoch 5/5 => Loss 0.230, Train_accy 92.52, Test_accy 87.26
2026-05-21 17:02:24,257 [trainer.py] => No NME accuracy.
2026-05-21 17:02:24,290 [trainer.py] => CNN: {'total': 87.26, '00-49': 92.28, '50-59': 83.9, '60-69': 87.5, '70-79': 77.2, '80-89': 80.7, '90-99': 81.9, 'old': 87.86, 'new': 81.9}
2026-05-21 17:02:24,291 [trainer.py] => CNN top1 curve: [93.52, 91.95, 91.56, 88.81, 87.74, 87.26]
2026-05-21 17:02:24,291 [trainer.py] => CNN top5 curve: [99.26, 98.85, 98.67, 98.44, 98.09, 97.7]
2026-05-21 17:02:24,291 [trainer.py] => Average Accuracy (CNN): 90.14
