2026-05-26 06:47:03,313 [trainer.py] => config: ./configs/lae/lae_cub_B100_Inc10.json
2026-05-26 06:47:03,313 [trainer.py] => prefix:  
2026-05-26 06:47:03,313 [trainer.py] => dataset: cub
2026-05-26 06:47:03,313 [trainer.py] => memory_size: 0
2026-05-26 06:47:03,313 [trainer.py] => memory_per_class: 0
2026-05-26 06:47:03,313 [trainer.py] => fixed_memory: False
2026-05-26 06:47:03,313 [trainer.py] => shuffle: True
2026-05-26 06:47:03,313 [trainer.py] => init_cls: 100
2026-05-26 06:47:03,313 [trainer.py] => increment: 10
2026-05-26 06:47:03,313 [trainer.py] => model_name: lae
2026-05-26 06:47:03,313 [trainer.py] => backbone_type: vit_base_patch16_224_in21k_lae
2026-05-26 06:47:03,313 [trainer.py] => device: [device(type='cuda', index=3)]
2026-05-26 06:47:03,313 [trainer.py] => seed: 1994
2026-05-26 06:47:03,313 [trainer.py] => tuned_epoch: 50
2026-05-26 06:47:03,314 [trainer.py] => init_lr: 0.00046875
2026-05-26 06:47:03,314 [trainer.py] => batch_size: 128
2026-05-26 06:47:03,314 [trainer.py] => weight_decay: 0
2026-05-26 06:47:03,314 [trainer.py] => min_lr: 1e-05
2026-05-26 06:47:03,314 [trainer.py] => optimizer: adam
2026-05-26 06:47:03,314 [trainer.py] => scheduler: constant
2026-05-26 06:47:03,314 [trainer.py] => reinit_optimizer: True
2026-05-26 06:47:03,314 [trainer.py] => pretrained: True
2026-05-26 06:47:03,314 [trainer.py] => drop: 0.0
2026-05-26 06:47:03,314 [trainer.py] => drop_path: 0.0
2026-05-26 06:47:03,314 [trainer.py] => ema_decay: 0.9999
2026-05-26 06:47:03,314 [trainer.py] => num_freeze_epochs: 30
2026-05-26 06:47:03,314 [trainer.py] => pet_cls: LoRA
2026-05-26 06:47:03,314 [trainer.py] => pet_length: 10
2026-05-26 06:47:03,314 [trainer.py] => down_sample_dim: 5
2026-05-26 06:47:03,314 [trainer.py] => nb_classes: 200
2026-05-26 06:47:03,314 [trainer.py] => nb_tasks: 11
2026-05-26 06:47:04,044 [data_manager.py] => [85, 41, 23, 28, 70, 87, 134, 151, 51, 159, 178, 119, 50, 117, 73, 95, 86, 147, 63, 22, 79, 175, 40, 155, 174, 54, 132, 72, 124, 157, 93, 26, 196, 74, 44, 15, 169, 122, 88, 171, 184, 6, 18, 145, 48, 197, 64, 172, 126, 96, 11, 55, 193, 66, 128, 21, 77, 113, 140, 116, 141, 133, 120, 29, 115, 14, 103, 127, 114, 19, 9, 38, 33, 195, 81, 35, 69, 181, 47, 129, 112, 168, 198, 71, 101, 188, 68, 90, 158, 163, 52, 8, 185, 59, 154, 92, 56, 183, 32, 136, 65, 45, 46, 173, 189, 108, 102, 144, 0, 107, 187, 100, 98, 192, 43, 161, 104, 75, 150, 166, 121, 60, 160, 3, 143, 153, 62, 142, 61, 110, 194, 97, 25, 177, 179, 17, 49, 31, 94, 111, 16, 53, 91, 58, 135, 83, 2, 12, 13, 165, 42, 36, 186, 105, 1, 7, 149, 170, 27, 24, 78, 167, 137, 138, 118, 10, 139, 164, 20, 57, 123, 199, 89, 130, 82, 162, 176, 148, 109, 125, 67, 106, 37, 146, 131, 180, 156, 39, 5, 84, 4, 190, 152, 191, 30, 76, 80, 34, 99, 182]
2026-05-26 06:47:07,574 [lae.py] => 85,952,266 model total parameters.
2026-05-26 06:47:07,574 [lae.py] => 0 model training parameters.
2026-05-26 06:47:07,575 [trainer.py] => All params: 86105876
2026-05-26 06:47:07,576 [trainer.py] => Trainable params: 0
2026-05-26 06:47:07,576 [lae.py] => Learning on 0-100
2026-05-26 08:07:57,724 [lae.py] => Task 0, Epoch 50/50 => Loss 0.228, Train_accy 94.51, Test_accy 90.38
2026-05-26 08:08:27,904 [trainer.py] => No NME accuracy.
2026-05-26 08:08:27,904 [trainer.py] => CNN: {'total': 90.38, '00-99': 90.38, 'old': 0, 'new': 90.38}
2026-05-26 08:08:27,904 [trainer.py] => CNN top1 curve: [90.38]
2026-05-26 08:08:27,904 [trainer.py] => CNN top5 curve: [98.87]
2026-05-26 08:08:27,904 [trainer.py] => Average Accuracy (CNN): 90.38
2026-05-26 08:08:27,905 [trainer.py] => All params: 86182776
2026-05-26 08:08:27,906 [trainer.py] => Trainable params: 230510
2026-05-26 08:08:27,912 [lae.py] => Learning on 100-110
2026-05-26 08:22:12,101 [lae.py] => Task 1, Epoch 50/50 => Loss 0.082, Train_accy 96.65, Test_accy 84.62
2026-05-26 08:22:45,228 [trainer.py] => No NME accuracy.
2026-05-26 08:22:45,228 [trainer.py] => CNN: {'total': 84.62, '00-99': 90.64, '100-109': 26.67, 'old': 90.64, 'new': 26.67}
2026-05-26 08:22:45,229 [trainer.py] => CNN top1 curve: [90.38, 84.62]
2026-05-26 08:22:45,229 [trainer.py] => CNN top5 curve: [98.87, 98.59]
2026-05-26 08:22:45,229 [trainer.py] => Average Accuracy (CNN): 87.5
2026-05-26 08:22:45,230 [trainer.py] => All params: 86190466
2026-05-26 08:22:45,231 [trainer.py] => Trainable params: 238200
2026-05-26 08:22:45,236 [lae.py] => Learning on 110-120
2026-05-26 08:36:38,256 [lae.py] => Task 2, Epoch 50/50 => Loss 0.098, Train_accy 97.37, Test_accy 79.68
2026-05-26 08:37:14,184 [trainer.py] => No NME accuracy.
2026-05-26 08:37:14,185 [trainer.py] => CNN: {'total': 79.68, '00-99': 90.29, '100-109': 26.67, '110-119': 28.07, 'old': 84.3, 'new': 28.07}
2026-05-26 08:37:14,185 [trainer.py] => CNN top1 curve: [90.38, 84.62, 79.68]
2026-05-26 08:37:14,185 [trainer.py] => CNN top5 curve: [98.87, 98.59, 98.34]
2026-05-26 08:37:14,185 [trainer.py] => Average Accuracy (CNN): 84.89
2026-05-26 08:37:14,187 [trainer.py] => All params: 86198156
2026-05-26 08:37:14,189 [trainer.py] => Trainable params: 245890
2026-05-26 08:37:14,198 [lae.py] => Learning on 120-130
2026-05-26 08:51:54,839 [lae.py] => Task 3, Epoch 50/50 => Loss 0.119, Train_accy 95.56, Test_accy 75.12
2026-05-26 08:52:34,032 [trainer.py] => No NME accuracy.
2026-05-26 08:52:34,032 [trainer.py] => CNN: {'total': 75.12, '00-99': 90.73, '100-109': 25.83, '110-119': 28.95, '120-129': 21.26, 'old': 80.04, 'new': 21.26}
2026-05-26 08:52:34,032 [trainer.py] => CNN top1 curve: [90.38, 84.62, 79.68, 75.12]
2026-05-26 08:52:34,032 [trainer.py] => CNN top5 curve: [98.87, 98.59, 98.34, 97.03]
2026-05-26 08:52:34,033 [trainer.py] => Average Accuracy (CNN): 82.45
2026-05-26 08:52:34,034 [trainer.py] => All params: 86205846
2026-05-26 08:52:34,034 [trainer.py] => Trainable params: 253580
2026-05-26 08:52:34,038 [lae.py] => Learning on 130-140
2026-05-26 09:07:11,957 [lae.py] => Task 4, Epoch 50/50 => Loss 0.092, Train_accy 97.99, Test_accy 69.00
2026-05-26 09:07:54,400 [trainer.py] => No NME accuracy.
2026-05-26 09:07:54,401 [trainer.py] => CNN: {'total': 69.0, '00-99': 90.38, '100-109': 24.17, '110-119': 24.56, '120-129': 18.9, '130-139': 7.09, 'old': 74.19, 'new': 7.09}
2026-05-26 09:07:54,401 [trainer.py] => CNN top1 curve: [90.38, 84.62, 79.68, 75.12, 69.0]
2026-05-26 09:07:54,401 [trainer.py] => CNN top5 curve: [98.87, 98.59, 98.34, 97.03, 96.47]
2026-05-26 09:07:54,401 [trainer.py] => Average Accuracy (CNN): 79.76
2026-05-26 09:07:54,402 [trainer.py] => All params: 86213536
2026-05-26 09:07:54,403 [trainer.py] => Trainable params: 261270
2026-05-26 09:07:54,415 [lae.py] => Learning on 140-150
2026-05-26 09:23:44,712 [lae.py] => Task 5, Epoch 50/50 => Loss 0.121, Train_accy 96.23, Test_accy 66.42
2026-05-26 09:24:30,130 [trainer.py] => No NME accuracy.
2026-05-26 09:24:30,143 [trainer.py] => CNN: {'total': 66.42, '00-99': 90.47, '100-109': 27.5, '110-119': 23.68, '120-129': 18.11, '130-139': 7.09, '140-149': 24.77, 'old': 69.18, 'new': 24.77}
2026-05-26 09:24:30,143 [trainer.py] => CNN top1 curve: [90.38, 84.62, 79.68, 75.12, 69.0, 66.42]
2026-05-26 09:24:30,144 [trainer.py] => CNN top5 curve: [98.87, 98.59, 98.34, 97.03, 96.47, 95.26]
2026-05-26 09:24:30,144 [trainer.py] => Average Accuracy (CNN): 77.54
2026-05-26 09:24:30,144 [trainer.py] => All params: 86221226
2026-05-26 09:24:30,145 [trainer.py] => Trainable params: 268960
2026-05-26 09:24:30,156 [lae.py] => Learning on 150-160
2026-05-26 09:40:15,306 [lae.py] => Task 6, Epoch 50/50 => Loss 0.108, Train_accy 97.28, Test_accy 62.97
2026-05-26 09:41:03,888 [trainer.py] => No NME accuracy.
2026-05-26 09:41:03,889 [trainer.py] => CNN: {'total': 62.97, '00-99': 90.38, '100-109': 25.83, '110-119': 22.81, '120-129': 18.9, '130-139': 7.87, '140-149': 26.61, '150-159': 17.91, 'old': 66.42, 'new': 17.91}
2026-05-26 09:41:03,889 [trainer.py] => CNN top1 curve: [90.38, 84.62, 79.68, 75.12, 69.0, 66.42, 62.97]
2026-05-26 09:41:03,889 [trainer.py] => CNN top5 curve: [98.87, 98.59, 98.34, 97.03, 96.47, 95.26, 94.01]
2026-05-26 09:41:03,889 [trainer.py] => Average Accuracy (CNN): 75.46
2026-05-26 09:41:03,891 [trainer.py] => All params: 86228916
2026-05-26 09:41:03,893 [trainer.py] => Trainable params: 276650
2026-05-26 09:41:03,901 [lae.py] => Learning on 160-170
2026-05-26 09:57:54,931 [lae.py] => Task 7, Epoch 50/50 => Loss 0.139, Train_accy 95.16, Test_accy 61.71
2026-05-26 09:58:46,642 [trainer.py] => No NME accuracy.
2026-05-26 09:58:46,643 [trainer.py] => CNN: {'total': 61.71, '00-99': 91.07, '100-109': 25.83, '110-119': 19.3, '120-129': 21.26, '130-139': 8.66, '140-149': 25.69, '150-159': 18.66, '160-169': 35.54, 'old': 63.4, 'new': 35.54}
2026-05-26 09:58:46,643 [trainer.py] => CNN top1 curve: [90.38, 84.62, 79.68, 75.12, 69.0, 66.42, 62.97, 61.71]
2026-05-26 09:58:46,643 [trainer.py] => CNN top5 curve: [98.87, 98.59, 98.34, 97.03, 96.47, 95.26, 94.01, 93.77]
2026-05-26 09:58:46,643 [trainer.py] => Average Accuracy (CNN): 73.74
2026-05-26 09:58:46,644 [trainer.py] => All params: 86236606
2026-05-26 09:58:46,644 [trainer.py] => Trainable params: 284340
2026-05-26 09:58:46,646 [lae.py] => Learning on 170-180
2026-05-26 10:16:00,725 [lae.py] => Task 8, Epoch 50/50 => Loss 0.133, Train_accy 95.56, Test_accy 59.06
2026-05-26 10:16:55,617 [trainer.py] => No NME accuracy.
2026-05-26 10:16:55,618 [trainer.py] => CNN: {'total': 59.06, '00-99': 90.81, '100-109': 23.33, '110-119': 21.05, '120-129': 18.9, '130-139': 8.66, '140-149': 28.44, '150-159': 17.16, '160-169': 33.88, '170-179': 22.58, 'old': 61.32, 'new': 22.58}
2026-05-26 10:16:55,618 [trainer.py] => CNN top1 curve: [90.38, 84.62, 79.68, 75.12, 69.0, 66.42, 62.97, 61.71, 59.06]
2026-05-26 10:16:55,618 [trainer.py] => CNN top5 curve: [98.87, 98.59, 98.34, 97.03, 96.47, 95.26, 94.01, 93.77, 92.49]
2026-05-26 10:16:55,618 [trainer.py] => Average Accuracy (CNN): 72.11
2026-05-26 10:16:55,619 [trainer.py] => All params: 86244296
2026-05-26 10:16:55,619 [trainer.py] => Trainable params: 292030
2026-05-26 10:16:55,622 [lae.py] => Learning on 180-190
2026-05-26 10:34:30,456 [lae.py] => Task 9, Epoch 50/50 => Loss 0.054, Train_accy 98.08, Test_accy 56.41
2026-05-26 10:35:27,519 [trainer.py] => No NME accuracy.
2026-05-26 10:35:27,519 [trainer.py] => CNN: {'total': 56.41, '00-99': 90.81, '100-109': 24.17, '110-119': 19.3, '120-129': 18.11, '130-139': 9.45, '140-149': 25.69, '150-159': 17.16, '160-169': 33.88, '170-179': 20.97, '180-189': 10.09, 'old': 58.78, 'new': 10.09}
2026-05-26 10:35:27,519 [trainer.py] => CNN top1 curve: [90.38, 84.62, 79.68, 75.12, 69.0, 66.42, 62.97, 61.71, 59.06, 56.41]
2026-05-26 10:35:27,519 [trainer.py] => CNN top5 curve: [98.87, 98.59, 98.34, 97.03, 96.47, 95.26, 94.01, 93.77, 92.49, 92.23]
2026-05-26 10:35:27,519 [trainer.py] => Average Accuracy (CNN): 70.54
2026-05-26 10:35:27,520 [trainer.py] => All params: 86251986
2026-05-26 10:35:27,521 [trainer.py] => Trainable params: 299720
2026-05-26 10:35:27,532 [lae.py] => Learning on 190-200
2026-05-26 10:53:29,740 [lae.py] => Task 10, Epoch 50/50 => Loss 0.079, Train_accy 97.41, Test_accy 53.86
2026-05-26 10:54:30,197 [trainer.py] => No NME accuracy.
2026-05-26 10:54:30,198 [trainer.py] => CNN: {'total': 53.86, '00-99': 91.16, '100-109': 23.33, '110-119': 17.54, '120-129': 18.11, '130-139': 7.87, '140-149': 24.77, '150-159': 15.67, '160-169': 33.06, '170-179': 18.55, '180-189': 8.26, '190-199': 14.29, 'old': 55.96, 'new': 14.29}
2026-05-26 10:54:30,198 [trainer.py] => CNN top1 curve: [90.38, 84.62, 79.68, 75.12, 69.0, 66.42, 62.97, 61.71, 59.06, 56.41, 53.86]
2026-05-26 10:54:30,198 [trainer.py] => CNN top5 curve: [98.87, 98.59, 98.34, 97.03, 96.47, 95.26, 94.01, 93.77, 92.49, 92.23, 91.31]
2026-05-26 10:54:30,198 [trainer.py] => Average Accuracy (CNN): 69.02
