2026-06-03 01:27:30,577 [trainer.py] => config: ./configs/lae/lae_ina_B0_Inc20.json
2026-06-03 01:27:30,577 [trainer.py] => prefix:  
2026-06-03 01:27:30,577 [trainer.py] => dataset: imageneta
2026-06-03 01:27:30,577 [trainer.py] => memory_size: 0
2026-06-03 01:27:30,577 [trainer.py] => memory_per_class: 0
2026-06-03 01:27:30,577 [trainer.py] => fixed_memory: False
2026-06-03 01:27:30,577 [trainer.py] => shuffle: True
2026-06-03 01:27:30,577 [trainer.py] => init_cls: 20
2026-06-03 01:27:30,577 [trainer.py] => increment: 20
2026-06-03 01:27:30,577 [trainer.py] => model_name: lae
2026-06-03 01:27:30,577 [trainer.py] => backbone_type: vit_base_patch16_224_in21k_lae
2026-06-03 01:27:30,577 [trainer.py] => device: [device(type='cuda', index=3)]
2026-06-03 01:27:30,577 [trainer.py] => seed: 1994
2026-06-03 01:27:30,577 [trainer.py] => tuned_epoch: 50
2026-06-03 01:27:30,577 [trainer.py] => init_lr: 0.00046875
2026-06-03 01:27:30,578 [trainer.py] => batch_size: 128
2026-06-03 01:27:30,578 [trainer.py] => weight_decay: 0
2026-06-03 01:27:30,578 [trainer.py] => min_lr: 1e-05
2026-06-03 01:27:30,578 [trainer.py] => optimizer: adam
2026-06-03 01:27:30,578 [trainer.py] => scheduler: constant
2026-06-03 01:27:30,578 [trainer.py] => reinit_optimizer: True
2026-06-03 01:27:30,578 [trainer.py] => pretrained: True
2026-06-03 01:27:30,578 [trainer.py] => drop: 0.0
2026-06-03 01:27:30,578 [trainer.py] => drop_path: 0.0
2026-06-03 01:27:30,578 [trainer.py] => ema_decay: 0.9999
2026-06-03 01:27:30,578 [trainer.py] => num_freeze_epochs: 30
2026-06-03 01:27:30,578 [trainer.py] => pet_cls: LoRA
2026-06-03 01:27:30,578 [trainer.py] => pet_length: 10
2026-06-03 01:27:30,578 [trainer.py] => down_sample_dim: 5
2026-06-03 01:27:30,578 [trainer.py] => nb_classes: 200
2026-06-03 01:27:30,578 [trainer.py] => nb_tasks: 10
2026-06-03 01:27:31,286 [data_manager.py] => [85, 41, 23, 28, 70, 87, 134, 151, 51, 159, 178, 119, 50, 117, 73, 95, 86, 147, 63, 22, 79, 175, 40, 155, 174, 54, 132, 72, 124, 157, 93, 26, 196, 74, 44, 15, 169, 122, 88, 171, 184, 6, 18, 145, 48, 197, 64, 172, 126, 96, 11, 55, 193, 66, 128, 21, 77, 113, 140, 116, 141, 133, 120, 29, 115, 14, 103, 127, 114, 19, 9, 38, 33, 195, 81, 35, 69, 181, 47, 129, 112, 168, 198, 71, 101, 188, 68, 90, 158, 163, 52, 8, 185, 59, 154, 92, 56, 183, 32, 136, 65, 45, 46, 173, 189, 108, 102, 144, 0, 107, 187, 100, 98, 192, 43, 161, 104, 75, 150, 166, 121, 60, 160, 3, 143, 153, 62, 142, 61, 110, 194, 97, 25, 177, 179, 17, 49, 31, 94, 111, 16, 53, 91, 58, 135, 83, 2, 12, 13, 165, 42, 36, 186, 105, 1, 7, 149, 170, 27, 24, 78, 167, 137, 138, 118, 10, 139, 164, 20, 57, 123, 199, 89, 130, 82, 162, 176, 148, 109, 125, 67, 106, 37, 146, 131, 180, 156, 39, 5, 84, 4, 190, 152, 191, 30, 76, 80, 34, 99, 182]
2026-06-03 01:27:34,654 [lae.py] => 85,952,266 model total parameters.
2026-06-03 01:27:34,654 [lae.py] => 0 model training parameters.
2026-06-03 01:27:34,655 [trainer.py] => All params: 86105876
2026-06-03 01:27:34,656 [trainer.py] => Trainable params: 0
2026-06-03 01:27:34,656 [lae.py] => Learning on 0-20
2026-06-03 01:40:12,145 [lae.py] => Task 0, Epoch 50/50 => Loss 0.164, Train_accy 95.08, Test_accy 72.14
2026-06-03 01:40:17,351 [trainer.py] => No NME accuracy.
2026-06-03 01:40:17,352 [trainer.py] => CNN: {'total': 72.14, '00-19': 72.14, 'old': 0, 'new': 72.14}
2026-06-03 01:40:17,352 [trainer.py] => CNN top1 curve: [72.14]
2026-06-03 01:40:17,352 [trainer.py] => CNN top5 curve: [92.86]
2026-06-03 01:40:17,352 [trainer.py] => Average Accuracy (CNN): 72.14
2026-06-03 01:40:17,355 [trainer.py] => All params: 86121256
2026-06-03 01:40:17,357 [trainer.py] => Trainable params: 168990
2026-06-03 01:40:17,360 [lae.py] => Learning on 20-40
2026-06-03 01:52:58,237 [lae.py] => Task 1, Epoch 50/50 => Loss 0.095, Train_accy 97.60, Test_accy 58.27
2026-06-03 01:53:07,091 [trainer.py] => No NME accuracy.
2026-06-03 01:53:07,091 [trainer.py] => CNN: {'total': 58.27, '00-19': 65.0, '20-39': 50.79, 'old': 65.0, 'new': 50.79}
2026-06-03 01:53:07,092 [trainer.py] => CNN top1 curve: [72.14, 58.27]
2026-06-03 01:53:07,092 [trainer.py] => CNN top5 curve: [92.86, 84.59]
2026-06-03 01:53:07,092 [trainer.py] => Average Accuracy (CNN): 65.2
2026-06-03 01:53:07,095 [trainer.py] => All params: 86136636
2026-06-03 01:53:07,097 [trainer.py] => Trainable params: 184370
2026-06-03 01:53:07,106 [lae.py] => Learning on 40-60
2026-06-03 02:09:05,279 [lae.py] => Task 2, Epoch 50/50 => Loss 0.234, Train_accy 91.73, Test_accy 53.88
2026-06-03 02:09:19,364 [trainer.py] => No NME accuracy.
2026-06-03 02:09:19,365 [trainer.py] => CNN: {'total': 53.88, '00-19': 63.57, '20-39': 52.38, '40-59': 47.57, 'old': 58.27, 'new': 47.57}
2026-06-03 02:09:19,365 [trainer.py] => CNN top1 curve: [72.14, 58.27, 53.88]
2026-06-03 02:09:19,365 [trainer.py] => CNN top5 curve: [92.86, 84.59, 81.6]
2026-06-03 02:09:19,365 [trainer.py] => Average Accuracy (CNN): 61.43
2026-06-03 02:09:19,368 [trainer.py] => All params: 86152016
2026-06-03 02:09:19,369 [trainer.py] => Trainable params: 199750
2026-06-03 02:09:19,374 [lae.py] => Learning on 60-80
2026-06-03 02:25:27,473 [lae.py] => Task 3, Epoch 50/50 => Loss 0.206, Train_accy 93.49, Test_accy 50.57
2026-06-03 02:25:47,154 [trainer.py] => No NME accuracy.
2026-06-03 02:25:47,155 [trainer.py] => CNN: {'total': 50.57, '00-19': 58.57, '20-39': 52.38, '40-59': 45.95, '60-79': 47.59, 'old': 51.66, 'new': 47.59}
2026-06-03 02:25:47,155 [trainer.py] => CNN top1 curve: [72.14, 58.27, 53.88, 50.57]
2026-06-03 02:25:47,155 [trainer.py] => CNN top5 curve: [92.86, 84.59, 81.6, 79.42]
2026-06-03 02:25:47,156 [trainer.py] => Average Accuracy (CNN): 58.72
2026-06-03 02:25:47,158 [trainer.py] => All params: 86167396
2026-06-03 02:25:47,160 [trainer.py] => Trainable params: 215130
2026-06-03 02:25:47,164 [lae.py] => Learning on 80-100
2026-06-03 02:41:26,909 [lae.py] => Task 4, Epoch 50/50 => Loss 0.182, Train_accy 95.39, Test_accy 45.94
2026-06-03 02:41:50,985 [trainer.py] => No NME accuracy.
2026-06-03 02:41:50,986 [trainer.py] => CNN: {'total': 45.94, '00-19': 55.0, '20-39': 47.62, '40-59': 46.49, '60-79': 41.57, '80-99': 40.51, 'old': 47.33, 'new': 40.51}
2026-06-03 02:41:50,986 [trainer.py] => CNN top1 curve: [72.14, 58.27, 53.88, 50.57, 45.94]
2026-06-03 02:41:50,987 [trainer.py] => CNN top5 curve: [92.86, 84.59, 81.6, 79.42, 73.68]
2026-06-03 02:41:50,987 [trainer.py] => Average Accuracy (CNN): 56.16
2026-06-03 02:41:50,989 [trainer.py] => All params: 86182776
2026-06-03 02:41:50,991 [trainer.py] => Trainable params: 230510
2026-06-03 02:41:51,002 [lae.py] => Learning on 100-120
2026-06-03 02:57:20,999 [lae.py] => Task 5, Epoch 50/50 => Loss 0.227, Train_accy 93.85, Test_accy 43.79
2026-06-03 02:57:48,343 [trainer.py] => No NME accuracy.
2026-06-03 02:57:48,358 [trainer.py] => CNN: {'total': 43.79, '00-19': 54.29, '20-39': 46.03, '40-59': 45.95, '60-79': 42.17, '80-99': 39.87, '100-119': 33.86, 'old': 45.42, 'new': 33.86}
2026-06-03 02:57:48,358 [trainer.py] => CNN top1 curve: [72.14, 58.27, 53.88, 50.57, 45.94, 43.79]
2026-06-03 02:57:48,358 [trainer.py] => CNN top5 curve: [92.86, 84.59, 81.6, 79.42, 73.68, 68.74]
2026-06-03 02:57:48,358 [trainer.py] => Average Accuracy (CNN): 54.1
2026-06-03 02:57:48,361 [trainer.py] => All params: 86198156
2026-06-03 02:57:48,363 [trainer.py] => Trainable params: 245890
2026-06-03 02:57:48,372 [lae.py] => Learning on 120-140
2026-06-03 03:14:53,508 [lae.py] => Task 6, Epoch 50/50 => Loss 0.192, Train_accy 94.35, Test_accy 44.05
2026-06-03 03:15:26,942 [trainer.py] => No NME accuracy.
2026-06-03 03:15:26,972 [trainer.py] => CNN: {'total': 44.05, '00-19': 52.14, '20-39': 48.41, '40-59': 45.95, '60-79': 42.77, '80-99': 39.24, '100-119': 31.5, '120-139': 47.65, 'old': 43.46, 'new': 47.65}
2026-06-03 03:15:26,973 [trainer.py] => CNN top1 curve: [72.14, 58.27, 53.88, 50.57, 45.94, 43.79, 44.05]
2026-06-03 03:15:26,973 [trainer.py] => CNN top5 curve: [92.86, 84.59, 81.6, 79.42, 73.68, 68.74, 67.27]
2026-06-03 03:15:26,973 [trainer.py] => Average Accuracy (CNN): 52.66
2026-06-03 03:15:26,976 [trainer.py] => All params: 86213536
2026-06-03 03:15:26,978 [trainer.py] => Trainable params: 261270
2026-06-03 03:15:26,990 [lae.py] => Learning on 140-160
2026-06-03 03:40:20,373 [lae.py] => Task 7, Epoch 50/50 => Loss 0.254, Train_accy 92.46, Test_accy 42.89
2026-06-03 03:40:58,510 [trainer.py] => No NME accuracy.
2026-06-03 03:40:58,511 [trainer.py] => CNN: {'total': 42.89, '00-19': 52.86, '20-39': 46.83, '40-59': 43.78, '60-79': 38.55, '80-99': 39.87, '100-119': 30.71, '120-139': 46.31, '140-159': 43.72, 'old': 42.72, 'new': 43.72}
2026-06-03 03:40:58,511 [trainer.py] => CNN top1 curve: [72.14, 58.27, 53.88, 50.57, 45.94, 43.79, 44.05, 42.89]
2026-06-03 03:40:58,511 [trainer.py] => CNN top5 curve: [92.86, 84.59, 81.6, 79.42, 73.68, 68.74, 67.27, 67.22]
2026-06-03 03:40:58,511 [trainer.py] => Average Accuracy (CNN): 51.44
2026-06-03 03:40:58,513 [trainer.py] => All params: 86228916
2026-06-03 03:40:58,514 [trainer.py] => Trainable params: 276650
2026-06-03 03:40:58,527 [lae.py] => Learning on 160-180
2026-06-03 04:00:27,376 [lae.py] => Task 8, Epoch 50/50 => Loss 0.181, Train_accy 94.81, Test_accy 39.72
2026-06-03 04:01:10,412 [trainer.py] => No NME accuracy.
2026-06-03 04:01:10,413 [trainer.py] => CNN: {'total': 39.72, '00-19': 54.29, '20-39': 42.06, '40-59': 37.3, '60-79': 37.35, '80-99': 38.61, '100-119': 29.92, '120-139': 45.64, '140-159': 40.47, '160-179': 31.65, 'old': 40.6, 'new': 31.65}
2026-06-03 04:01:10,413 [trainer.py] => CNN top1 curve: [72.14, 58.27, 53.88, 50.57, 45.94, 43.79, 44.05, 42.89, 39.72]
2026-06-03 04:01:10,413 [trainer.py] => CNN top5 curve: [92.86, 84.59, 81.6, 79.42, 73.68, 68.74, 67.27, 67.22, 65.2]
2026-06-03 04:01:10,413 [trainer.py] => Average Accuracy (CNN): 50.14
2026-06-03 04:01:10,414 [trainer.py] => All params: 86244296
2026-06-03 04:01:10,414 [trainer.py] => Trainable params: 292030
2026-06-03 04:01:10,420 [lae.py] => Learning on 180-200
2026-06-03 04:18:11,109 [lae.py] => Task 9, Epoch 50/50 => Loss 0.133, Train_accy 95.84, Test_accy 36.80
2026-06-03 04:18:59,553 [trainer.py] => No NME accuracy.
2026-06-03 04:18:59,587 [trainer.py] => CNN: {'total': 36.8, '00-19': 52.86, '20-39': 41.27, '40-59': 36.76, '60-79': 36.75, '80-99': 35.44, '100-119': 28.35, '120-139': 41.61, '140-159': 40.47, '160-179': 25.9, '180-199': 23.68, 'old': 37.86, 'new': 23.68}
2026-06-03 04:18:59,587 [trainer.py] => CNN top1 curve: [72.14, 58.27, 53.88, 50.57, 45.94, 43.79, 44.05, 42.89, 39.72, 36.8]
2026-06-03 04:18:59,587 [trainer.py] => CNN top5 curve: [92.86, 84.59, 81.6, 79.42, 73.68, 68.74, 67.27, 67.22, 65.2, 62.87]
2026-06-03 04:18:59,587 [trainer.py] => Average Accuracy (CNN): 48.8
