2026-06-04 04:05:15,543 [trainer.py] => config: ./configs/lae/lae_ina_B100_Inc10.json
2026-06-04 04:05:15,543 [trainer.py] => prefix:  
2026-06-04 04:05:15,543 [trainer.py] => dataset: imageneta
2026-06-04 04:05:15,543 [trainer.py] => memory_size: 0
2026-06-04 04:05:15,543 [trainer.py] => memory_per_class: 0
2026-06-04 04:05:15,543 [trainer.py] => fixed_memory: False
2026-06-04 04:05:15,543 [trainer.py] => shuffle: True
2026-06-04 04:05:15,543 [trainer.py] => init_cls: 100
2026-06-04 04:05:15,543 [trainer.py] => increment: 10
2026-06-04 04:05:15,543 [trainer.py] => model_name: lae
2026-06-04 04:05:15,543 [trainer.py] => backbone_type: vit_base_patch16_224_in21k_lae
2026-06-04 04:05:15,543 [trainer.py] => device: [device(type='cuda', index=3)]
2026-06-04 04:05:15,543 [trainer.py] => seed: 1993
2026-06-04 04:05:15,543 [trainer.py] => tuned_epoch: 50
2026-06-04 04:05:15,543 [trainer.py] => init_lr: 0.00046875
2026-06-04 04:05:15,543 [trainer.py] => batch_size: 128
2026-06-04 04:05:15,544 [trainer.py] => weight_decay: 0
2026-06-04 04:05:15,544 [trainer.py] => min_lr: 1e-05
2026-06-04 04:05:15,544 [trainer.py] => optimizer: adam
2026-06-04 04:05:15,544 [trainer.py] => scheduler: constant
2026-06-04 04:05:15,544 [trainer.py] => reinit_optimizer: True
2026-06-04 04:05:15,544 [trainer.py] => pretrained: True
2026-06-04 04:05:15,544 [trainer.py] => drop: 0.0
2026-06-04 04:05:15,544 [trainer.py] => drop_path: 0.0
2026-06-04 04:05:15,544 [trainer.py] => ema_decay: 0.9999
2026-06-04 04:05:15,544 [trainer.py] => num_freeze_epochs: 30
2026-06-04 04:05:15,544 [trainer.py] => pet_cls: LoRA
2026-06-04 04:05:15,544 [trainer.py] => pet_length: 10
2026-06-04 04:05:15,544 [trainer.py] => down_sample_dim: 5
2026-06-04 04:05:15,544 [trainer.py] => nb_classes: 200
2026-06-04 04:05:15,544 [trainer.py] => nb_tasks: 11
2026-06-04 04:05:16,207 [data_manager.py] => [168, 136, 51, 9, 183, 101, 171, 99, 42, 159, 191, 70, 16, 188, 27, 10, 175, 26, 68, 187, 98, 6, 85, 35, 112, 43, 100, 0, 103, 181, 88, 59, 4, 2, 116, 174, 94, 80, 106, 1, 147, 17, 141, 131, 72, 23, 173, 54, 197, 118, 87, 32, 79, 104, 91, 19, 135, 107, 178, 36, 11, 199, 142, 8, 122, 3, 28, 57, 153, 172, 190, 56, 49, 44, 97, 62, 151, 169, 194, 55, 192, 12, 189, 78, 66, 180, 15, 137, 109, 134, 92, 119, 126, 52, 170, 40, 148, 65, 144, 64, 138, 45, 77, 89, 154, 90, 71, 193, 74, 30, 113, 143, 96, 84, 67, 50, 186, 156, 69, 21, 18, 111, 108, 58, 125, 157, 150, 110, 182, 129, 166, 83, 81, 60, 13, 165, 14, 176, 63, 117, 5, 22, 145, 121, 38, 41, 82, 127, 114, 20, 31, 53, 37, 163, 196, 130, 152, 162, 86, 76, 24, 34, 184, 149, 33, 128, 198, 155, 146, 167, 139, 120, 140, 102, 47, 25, 158, 123, 46, 164, 61, 7, 115, 75, 133, 160, 105, 132, 179, 124, 48, 73, 93, 39, 95, 195, 29, 177, 185, 161]
2026-06-04 04:05:19,646 [lae.py] => 85,952,266 model total parameters.
2026-06-04 04:05:19,647 [lae.py] => 0 model training parameters.
2026-06-04 04:05:19,648 [trainer.py] => All params: 86105876
2026-06-04 04:05:19,648 [trainer.py] => Trainable params: 0
2026-06-04 04:05:19,649 [lae.py] => Learning on 0-100
2026-06-04 05:11:28,433 [lae.py] => Task 0, Epoch 50/50 => Loss 0.228, Train_accy 93.89, Test_accy 62.78
2026-06-04 05:11:54,121 [trainer.py] => No NME accuracy.
2026-06-04 05:11:54,121 [trainer.py] => CNN: {'total': 62.78, '00-99': 62.78, 'old': 0, 'new': 62.78}
2026-06-04 05:11:54,121 [trainer.py] => CNN top1 curve: [62.78]
2026-06-04 05:11:54,121 [trainer.py] => CNN top5 curve: [83.0]
2026-06-04 05:11:54,121 [trainer.py] => Average Accuracy (CNN): 62.78
2026-06-04 05:11:54,122 [trainer.py] => All params: 86182776
2026-06-04 05:11:54,123 [trainer.py] => Trainable params: 230510
2026-06-04 05:11:54,131 [lae.py] => Learning on 100-110
2026-06-04 05:21:52,737 [lae.py] => Task 1, Epoch 50/50 => Loss 0.100, Train_accy 96.73, Test_accy 60.38
2026-06-04 05:22:20,759 [trainer.py] => No NME accuracy.
2026-06-04 05:22:20,759 [trainer.py] => CNN: {'total': 60.38, '00-99': 63.73, '100-109': 13.33, 'old': 63.73, 'new': 13.33}
2026-06-04 05:22:20,760 [trainer.py] => CNN top1 curve: [62.78, 60.38]
2026-06-04 05:22:20,760 [trainer.py] => CNN top5 curve: [83.0, 79.69]
2026-06-04 05:22:20,760 [trainer.py] => Average Accuracy (CNN): 61.58
2026-06-04 05:22:20,763 [trainer.py] => All params: 86190466
2026-06-04 05:22:20,765 [trainer.py] => Trainable params: 238200
2026-06-04 05:22:20,775 [lae.py] => Learning on 110-120
2026-06-04 05:33:18,671 [lae.py] => Task 2, Epoch 50/50 => Loss 0.067, Train_accy 98.20, Test_accy 56.62
2026-06-04 05:33:48,664 [trainer.py] => No NME accuracy.
2026-06-04 05:33:48,665 [trainer.py] => CNN: {'total': 56.62, '00-99': 63.61, '100-109': 15.0, '110-119': 10.81, 'old': 60.38, 'new': 10.81}
2026-06-04 05:33:48,665 [trainer.py] => CNN top1 curve: [62.78, 60.38, 56.62]
2026-06-04 05:33:48,665 [trainer.py] => CNN top5 curve: [83.0, 79.69, 78.97]
2026-06-04 05:33:48,665 [trainer.py] => Average Accuracy (CNN): 59.93
2026-06-04 05:33:48,666 [trainer.py] => All params: 86198156
2026-06-04 05:33:48,667 [trainer.py] => Trainable params: 245890
2026-06-04 05:33:48,675 [lae.py] => Learning on 120-130
2026-06-04 05:44:04,907 [lae.py] => Task 3, Epoch 50/50 => Loss 0.138, Train_accy 97.39, Test_accy 53.33
2026-06-04 05:44:36,918 [trainer.py] => No NME accuracy.
2026-06-04 05:44:36,918 [trainer.py] => CNN: {'total': 53.33, '00-99': 63.61, '100-109': 11.67, '110-119': 10.81, '120-129': 3.33, 'old': 56.41, 'new': 3.33}
2026-06-04 05:44:36,918 [trainer.py] => CNN top1 curve: [62.78, 60.38, 56.62, 53.33]
2026-06-04 05:44:36,918 [trainer.py] => CNN top5 curve: [83.0, 79.69, 78.97, 76.04]
2026-06-04 05:44:36,918 [trainer.py] => Average Accuracy (CNN): 58.28
2026-06-04 05:44:36,919 [trainer.py] => All params: 86205846
2026-06-04 05:44:36,920 [trainer.py] => Trainable params: 253580
2026-06-04 05:44:36,931 [lae.py] => Learning on 130-140
2026-06-04 05:56:56,098 [lae.py] => Task 4, Epoch 50/50 => Loss 0.196, Train_accy 93.20, Test_accy 51.12
2026-06-04 05:57:29,606 [trainer.py] => No NME accuracy.
2026-06-04 05:57:29,607 [trainer.py] => CNN: {'total': 51.12, '00-99': 64.45, '100-109': 15.0, '110-119': 9.46, '120-129': 3.33, '130-139': 15.12, 'old': 54.11, 'new': 15.12}
2026-06-04 05:57:29,608 [trainer.py] => CNN top1 curve: [62.78, 60.38, 56.62, 53.33, 51.12]
2026-06-04 05:57:29,608 [trainer.py] => CNN top5 curve: [83.0, 79.69, 78.97, 76.04, 72.79]
2026-06-04 05:57:29,608 [trainer.py] => Average Accuracy (CNN): 56.85
2026-06-04 05:57:29,610 [trainer.py] => All params: 86213536
2026-06-04 05:57:29,612 [trainer.py] => Trainable params: 261270
2026-06-04 05:57:29,617 [lae.py] => Learning on 140-150
2026-06-04 06:10:27,272 [lae.py] => Task 5, Epoch 50/50 => Loss 0.123, Train_accy 96.34, Test_accy 48.29
2026-06-04 06:11:06,882 [trainer.py] => No NME accuracy.
2026-06-04 06:11:06,883 [trainer.py] => CNN: {'total': 48.29, '00-99': 63.61, '100-109': 11.67, '110-119': 12.16, '120-129': 3.33, '130-139': 17.44, '140-149': 13.16, 'old': 50.67, 'new': 13.16}
2026-06-04 06:11:06,883 [trainer.py] => CNN top1 curve: [62.78, 60.38, 56.62, 53.33, 51.12, 48.29]
2026-06-04 06:11:06,883 [trainer.py] => CNN top5 curve: [83.0, 79.69, 78.97, 76.04, 72.79, 70.59]
2026-06-04 06:11:06,883 [trainer.py] => Average Accuracy (CNN): 55.42
2026-06-04 06:11:06,884 [trainer.py] => All params: 86221226
2026-06-04 06:11:06,885 [trainer.py] => Trainable params: 268960
2026-06-04 06:11:06,893 [lae.py] => Learning on 150-160
2026-06-04 06:21:56,353 [lae.py] => Task 6, Epoch 50/50 => Loss 0.131, Train_accy 97.04, Test_accy 46.88
2026-06-04 06:22:34,236 [trainer.py] => No NME accuracy.
2026-06-04 06:22:34,237 [trainer.py] => CNN: {'total': 46.88, '00-99': 64.33, '100-109': 11.67, '110-119': 12.16, '120-129': 3.33, '130-139': 17.44, '140-149': 11.84, '150-159': 3.92, 'old': 48.71, 'new': 3.92}
2026-06-04 06:22:34,237 [trainer.py] => CNN top1 curve: [62.78, 60.38, 56.62, 53.33, 51.12, 48.29, 46.88]
2026-06-04 06:22:34,238 [trainer.py] => CNN top5 curve: [83.0, 79.69, 78.97, 76.04, 72.79, 70.59, 69.95]
2026-06-04 06:22:34,238 [trainer.py] => Average Accuracy (CNN): 54.2
2026-06-04 06:22:34,240 [trainer.py] => All params: 86228916
2026-06-04 06:22:34,242 [trainer.py] => Trainable params: 276650
2026-06-04 06:22:34,249 [lae.py] => Learning on 160-170
2026-06-04 06:36:19,322 [lae.py] => Task 7, Epoch 50/50 => Loss 0.160, Train_accy 94.91, Test_accy 44.71
2026-06-04 06:37:02,527 [trainer.py] => No NME accuracy.
2026-06-04 06:37:02,528 [trainer.py] => CNN: {'total': 44.71, '00-99': 64.57, '100-109': 11.67, '110-119': 17.57, '120-129': 5.0, '130-139': 16.28, '140-149': 15.79, '150-159': 3.92, '160-169': 2.35, 'old': 47.6, 'new': 2.35}
2026-06-04 06:37:02,528 [trainer.py] => CNN top1 curve: [62.78, 60.38, 56.62, 53.33, 51.12, 48.29, 46.88, 44.71]
2026-06-04 06:37:02,528 [trainer.py] => CNN top5 curve: [83.0, 79.69, 78.97, 76.04, 72.79, 70.59, 69.95, 66.99]
2026-06-04 06:37:02,528 [trainer.py] => Average Accuracy (CNN): 53.01
2026-06-04 06:37:02,529 [trainer.py] => All params: 86236606
2026-06-04 06:37:02,529 [trainer.py] => Trainable params: 284340
2026-06-04 06:37:02,532 [lae.py] => Learning on 170-180
2026-06-04 06:49:10,735 [lae.py] => Task 8, Epoch 50/50 => Loss 0.093, Train_accy 97.05, Test_accy 41.51
2026-06-04 06:49:53,894 [trainer.py] => No NME accuracy.
2026-06-04 06:49:53,895 [trainer.py] => CNN: {'total': 41.51, '00-99': 63.14, '100-109': 10.0, '110-119': 5.41, '120-129': 6.67, '130-139': 18.6, '140-149': 11.84, '150-159': 3.92, '160-169': 3.53, '170-179': 6.45, 'old': 43.14, 'new': 6.45}
2026-06-04 06:49:53,895 [trainer.py] => CNN top1 curve: [62.78, 60.38, 56.62, 53.33, 51.12, 48.29, 46.88, 44.71, 41.51]
2026-06-04 06:49:53,895 [trainer.py] => CNN top5 curve: [83.0, 79.69, 78.97, 76.04, 72.79, 70.59, 69.95, 66.99, 65.16]
2026-06-04 06:49:53,896 [trainer.py] => Average Accuracy (CNN): 51.74
2026-06-04 06:49:53,898 [trainer.py] => All params: 86244296
2026-06-04 06:49:53,900 [trainer.py] => Trainable params: 292030
2026-06-04 06:49:53,915 [lae.py] => Learning on 180-190
2026-06-04 07:01:33,237 [lae.py] => Task 9, Epoch 50/50 => Loss 0.121, Train_accy 96.83, Test_accy 38.70
2026-06-04 07:02:16,512 [trainer.py] => No NME accuracy.
2026-06-04 07:02:16,512 [trainer.py] => CNN: {'total': 38.7, '00-99': 61.12, '100-109': 10.0, '110-119': 6.76, '120-129': 5.0, '130-139': 13.95, '140-149': 7.89, '150-159': 3.92, '160-169': 3.53, '170-179': 4.84, '180-189': 2.56, 'old': 39.71, 'new': 2.56}
2026-06-04 07:02:16,512 [trainer.py] => CNN top1 curve: [62.78, 60.38, 56.62, 53.33, 51.12, 48.29, 46.88, 44.71, 41.51, 38.7]
2026-06-04 07:02:16,513 [trainer.py] => CNN top5 curve: [83.0, 79.69, 78.97, 76.04, 72.79, 70.59, 69.95, 66.99, 65.16, 63.46]
2026-06-04 07:02:16,513 [trainer.py] => Average Accuracy (CNN): 50.43
2026-06-04 07:02:16,514 [trainer.py] => All params: 86251986
2026-06-04 07:02:16,514 [trainer.py] => Trainable params: 299720
2026-06-04 07:02:16,526 [lae.py] => Learning on 190-200
2026-06-04 07:16:48,192 [lae.py] => Task 10, Epoch 50/50 => Loss 0.123, Train_accy 97.04, Test_accy 39.24
2026-06-04 07:17:31,693 [trainer.py] => No NME accuracy.
2026-06-04 07:17:31,693 [trainer.py] => CNN: {'total': 39.24, '00-99': 62.66, '100-109': 6.67, '110-119': 8.11, '120-129': 8.33, '130-139': 20.93, '140-149': 11.84, '150-159': 1.96, '160-169': 5.88, '170-179': 8.06, '180-189': 2.56, '190-199': 17.65, 'old': 40.52, 'new': 17.65}
2026-06-04 07:17:31,693 [trainer.py] => CNN top1 curve: [62.78, 60.38, 56.62, 53.33, 51.12, 48.29, 46.88, 44.71, 41.51, 38.7, 39.24]
2026-06-04 07:17:31,693 [trainer.py] => CNN top5 curve: [83.0, 79.69, 78.97, 76.04, 72.79, 70.59, 69.95, 66.99, 65.16, 63.46, 61.82]
2026-06-04 07:17:31,693 [trainer.py] => Average Accuracy (CNN): 49.41
