2026-06-20 18:23:08,898 [trainer.py] => config: ./configs/lae/lae_omn_B150_Inc5.json
2026-06-20 18:23:08,899 [trainer.py] => prefix:  
2026-06-20 18:23:08,899 [trainer.py] => dataset: omnibenchmark
2026-06-20 18:23:08,899 [trainer.py] => memory_size: 0
2026-06-20 18:23:08,899 [trainer.py] => memory_per_class: 0
2026-06-20 18:23:08,900 [trainer.py] => fixed_memory: False
2026-06-20 18:23:08,900 [trainer.py] => shuffle: True
2026-06-20 18:23:08,900 [trainer.py] => init_cls: 150
2026-06-20 18:23:08,900 [trainer.py] => increment: 5
2026-06-20 18:23:08,900 [trainer.py] => model_name: lae
2026-06-20 18:23:08,900 [trainer.py] => backbone_type: vit_base_patch16_224_in21k_lae
2026-06-20 18:23:08,901 [trainer.py] => device: [device(type='cuda', index=3)]
2026-06-20 18:23:08,901 [trainer.py] => seed: 1993
2026-06-20 18:23:08,901 [trainer.py] => tuned_epoch: 50
2026-06-20 18:23:08,901 [trainer.py] => init_lr: 0.00046875
2026-06-20 18:23:08,901 [trainer.py] => batch_size: 128
2026-06-20 18:23:08,901 [trainer.py] => weight_decay: 0
2026-06-20 18:23:08,902 [trainer.py] => min_lr: 1e-05
2026-06-20 18:23:08,902 [trainer.py] => optimizer: adam
2026-06-20 18:23:08,902 [trainer.py] => scheduler: constant
2026-06-20 18:23:08,902 [trainer.py] => reinit_optimizer: True
2026-06-20 18:23:08,902 [trainer.py] => pretrained: True
2026-06-20 18:23:08,902 [trainer.py] => drop: 0.0
2026-06-20 18:23:08,903 [trainer.py] => drop_path: 0.0
2026-06-20 18:23:08,903 [trainer.py] => ema_decay: 0.9999
2026-06-20 18:23:08,903 [trainer.py] => num_freeze_epochs: 30
2026-06-20 18:23:08,903 [trainer.py] => pet_cls: LoRA
2026-06-20 18:23:08,903 [trainer.py] => pet_length: 10
2026-06-20 18:23:08,903 [trainer.py] => down_sample_dim: 5
2026-06-20 18:23:08,904 [trainer.py] => nb_classes: 300
2026-06-20 18:23:08,904 [trainer.py] => nb_tasks: 31
2026-06-20 18:23:10,456 [data_manager.py] => [169, 221, 146, 296, 92, 229, 49, 70, 126, 77, 243, 57, 120, 223, 27, 217, 154, 8, 101, 182, 54, 50, 97, 162, 28, 193, 79, 6, 151, 0, 173, 187, 44, 277, 157, 16, 257, 122, 35, 9, 171, 176, 134, 4, 87, 255, 112, 153, 246, 286, 147, 186, 107, 98, 10, 7, 266, 214, 36, 165, 139, 254, 103, 269, 59, 23, 298, 39, 73, 208, 135, 299, 102, 20, 12, 268, 11, 209, 161, 210, 74, 42, 56, 99, 235, 133, 159, 189, 145, 238, 215, 241, 138, 195, 233, 279, 88, 199, 64, 280, 26, 203, 17, 245, 174, 236, 137, 252, 80, 68, 181, 150, 118, 94, 75, 2, 109, 119, 232, 15, 69, 184, 201, 261, 55, 287, 273, 66, 175, 32, 142, 136, 116, 76, 179, 1, 91, 248, 275, 240, 290, 170, 132, 106, 265, 270, 85, 19, 284, 43, 259, 293, 228, 200, 104, 227, 51, 224, 163, 297, 216, 260, 93, 46, 100, 272, 105, 72, 131, 3, 156, 256, 249, 48, 113, 82, 172, 213, 62, 53, 271, 168, 253, 226, 183, 180, 276, 283, 78, 61, 143, 278, 30, 141, 196, 264, 231, 52, 222, 40, 125, 219, 65, 166, 192, 289, 45, 205, 89, 267, 90, 71, 167, 262, 281, 212, 96, 84, 127, 67, 294, 178, 288, 197, 21, 18, 111, 108, 58, 230, 188, 31, 110, 291, 129, 24, 204, 83, 81, 251, 60, 13, 128, 14, 86, 63, 117, 198, 274, 5, 22, 144, 258, 121, 38, 207, 148, 292, 41, 234, 237, 114, 202, 37, 149, 206, 155, 29, 130, 177, 194, 152, 34, 33, 239, 160, 140, 47, 244, 25, 282, 158, 211, 123, 190, 218, 164, 247, 263, 191, 220, 115, 242, 250, 124, 295, 95, 285, 225, 185]
2026-06-20 18:23:14,064 [lae.py] => 85,952,266 model total parameters.
2026-06-20 18:23:14,064 [lae.py] => 0 model training parameters.
2026-06-20 18:23:14,065 [trainer.py] => All params: 86105876
2026-06-20 18:23:14,066 [trainer.py] => Trainable params: 0
2026-06-20 18:23:14,066 [lae.py] => Learning on 0-150
2026-06-21 01:27:11,029 [lae.py] => Task 0, Epoch 50/50 => Loss 0.334, Train_accy 89.63, Test_accy 85.54
2026-06-21 01:27:58,779 [trainer.py] => No NME accuracy.
2026-06-21 01:27:58,779 [trainer.py] => CNN: {'total': 85.54, '00-149': 85.54, 'old': 0, 'new': 85.54}
2026-06-21 01:27:58,779 [trainer.py] => CNN top1 curve: [85.54]
2026-06-21 01:27:58,779 [trainer.py] => CNN top5 curve: [97.26]
2026-06-21 01:27:58,779 [trainer.py] => Average Accuracy (CNN): 85.54
2026-06-21 01:27:58,780 [trainer.py] => All params: 86221226
2026-06-21 01:27:58,781 [trainer.py] => Trainable params: 268960
2026-06-21 01:27:58,787 [lae.py] => Learning on 150-155
2026-06-21 01:52:53,970 [lae.py] => Task 1, Epoch 50/50 => Loss 0.055, Train_accy 97.98, Test_accy 83.96
2026-06-21 01:53:42,058 [trainer.py] => No NME accuracy.
2026-06-21 01:53:42,058 [trainer.py] => CNN: {'total': 83.96, '00-149': 85.74, '150-154': 30.3, 'old': 85.74, 'new': 30.3}
2026-06-21 01:53:42,058 [trainer.py] => CNN top1 curve: [85.54, 83.96]
2026-06-21 01:53:42,058 [trainer.py] => CNN top5 curve: [97.26, 96.44]
2026-06-21 01:53:42,058 [trainer.py] => Average Accuracy (CNN): 84.75
2026-06-21 01:53:42,059 [trainer.py] => All params: 86225071
2026-06-21 01:53:42,060 [trainer.py] => Trainable params: 272805
2026-06-21 01:53:42,071 [lae.py] => Learning on 155-160
2026-06-21 02:16:31,122 [lae.py] => Task 2, Epoch 50/50 => Loss 0.018, Train_accy 99.21, Test_accy 81.33
2026-06-21 02:17:27,888 [trainer.py] => No NME accuracy.
2026-06-21 02:17:27,898 [trainer.py] => CNN: {'total': 81.33, '00-149': 85.4, '150-154': 26.26, '155-159': 14.0, 'old': 83.51, 'new': 14.0}
2026-06-21 02:17:27,899 [trainer.py] => CNN top1 curve: [85.54, 83.96, 81.33]
2026-06-21 02:17:27,899 [trainer.py] => CNN top5 curve: [97.26, 96.44, 94.86]
2026-06-21 02:17:27,899 [trainer.py] => Average Accuracy (CNN): 83.61
2026-06-21 02:17:27,901 [trainer.py] => All params: 86228916
2026-06-21 02:17:27,903 [trainer.py] => Trainable params: 276650
2026-06-21 02:17:27,972 [lae.py] => Learning on 160-165
2026-06-21 02:42:40,654 [lae.py] => Task 3, Epoch 50/50 => Loss 0.018, Train_accy 99.40, Test_accy 78.38
2026-06-21 02:43:31,961 [trainer.py] => No NME accuracy.
2026-06-21 02:43:31,962 [trainer.py] => CNN: {'total': 78.38, '00-149': 85.0, '150-154': 24.24, '155-159': 11.0, '160-164': 1.0, 'old': 80.8, 'new': 1.0}
2026-06-21 02:43:31,962 [trainer.py] => CNN top1 curve: [85.54, 83.96, 81.33, 78.38]
2026-06-21 02:43:31,962 [trainer.py] => CNN top5 curve: [97.26, 96.44, 94.86, 93.08]
2026-06-21 02:43:31,963 [trainer.py] => Average Accuracy (CNN): 82.3
2026-06-21 02:43:31,965 [trainer.py] => All params: 86232761
2026-06-21 02:43:31,967 [trainer.py] => Trainable params: 280495
2026-06-21 02:43:32,123 [lae.py] => Learning on 165-170
2026-06-21 03:08:29,210 [lae.py] => Task 4, Epoch 50/50 => Loss 0.003, Train_accy 99.93, Test_accy 76.33
2026-06-21 03:09:26,855 [trainer.py] => No NME accuracy.
2026-06-21 03:09:26,856 [trainer.py] => CNN: {'total': 76.33, '00-149': 85.04, '150-154': 23.23, '155-159': 9.0, '160-164': 1.0, '165-169': 10.1, 'old': 78.32, 'new': 10.1}
2026-06-21 03:09:26,856 [trainer.py] => CNN top1 curve: [85.54, 83.96, 81.33, 78.38, 76.33]
2026-06-21 03:09:26,856 [trainer.py] => CNN top5 curve: [97.26, 96.44, 94.86, 93.08, 91.48]
2026-06-21 03:09:26,857 [trainer.py] => Average Accuracy (CNN): 81.11
2026-06-21 03:09:26,859 [trainer.py] => All params: 86236606
2026-06-21 03:09:26,861 [trainer.py] => Trainable params: 284340
2026-06-21 03:09:26,870 [lae.py] => Learning on 170-175
2026-06-21 03:33:44,193 [lae.py] => Task 5, Epoch 50/50 => Loss 0.011, Train_accy 99.57, Test_accy 74.08
2026-06-21 03:34:42,912 [trainer.py] => No NME accuracy.
2026-06-21 03:34:42,913 [trainer.py] => CNN: {'total': 74.08, '00-149': 85.0, '150-154': 21.21, '155-159': 9.0, '160-164': 1.0, '165-169': 11.11, '170-174': 0.0, 'old': 76.27, 'new': 0.0}
2026-06-21 03:34:42,913 [trainer.py] => CNN top1 curve: [85.54, 83.96, 81.33, 78.38, 76.33, 74.08]
2026-06-21 03:34:42,913 [trainer.py] => CNN top5 curve: [97.26, 96.44, 94.86, 93.08, 91.48, 90.21]
2026-06-21 03:34:42,913 [trainer.py] => Average Accuracy (CNN): 79.94
2026-06-21 03:34:42,914 [trainer.py] => All params: 86240451
2026-06-21 03:34:42,915 [trainer.py] => Trainable params: 288185
2026-06-21 03:34:42,920 [lae.py] => Learning on 175-180
2026-06-21 03:59:49,119 [lae.py] => Task 6, Epoch 50/50 => Loss 0.037, Train_accy 98.39, Test_accy 72.30
2026-06-21 04:00:40,116 [trainer.py] => No NME accuracy.
2026-06-21 04:00:40,117 [trainer.py] => CNN: {'total': 72.3, '00-149': 85.34, '150-154': 18.18, '155-159': 11.0, '160-164': 1.0, '165-169': 11.11, '170-174': 0.0, '175-179': 1.0, 'old': 74.34, 'new': 1.0}
2026-06-21 04:00:40,117 [trainer.py] => CNN top1 curve: [85.54, 83.96, 81.33, 78.38, 76.33, 74.08, 72.3]
2026-06-21 04:00:40,117 [trainer.py] => CNN top5 curve: [97.26, 96.44, 94.86, 93.08, 91.48, 90.21, 87.97]
2026-06-21 04:00:40,118 [trainer.py] => Average Accuracy (CNN): 78.85
2026-06-21 04:00:40,120 [trainer.py] => All params: 86244296
2026-06-21 04:00:40,122 [trainer.py] => Trainable params: 292030
2026-06-21 04:00:40,132 [lae.py] => Learning on 180-185
2026-06-21 04:24:16,848 [lae.py] => Task 7, Epoch 50/50 => Loss 0.010, Train_accy 99.66, Test_accy 70.16
2026-06-21 04:25:14,535 [trainer.py] => No NME accuracy.
2026-06-21 04:25:14,535 [trainer.py] => CNN: {'total': 70.16, '00-149': 85.17, '150-154': 16.16, '155-159': 11.0, '160-164': 1.0, '165-169': 8.08, '170-174': 0.0, '175-179': 1.0, '180-184': 2.04, 'old': 72.02, 'new': 2.04}
2026-06-21 04:25:14,536 [trainer.py] => CNN top1 curve: [85.54, 83.96, 81.33, 78.38, 76.33, 74.08, 72.3, 70.16]
2026-06-21 04:25:14,536 [trainer.py] => CNN top5 curve: [97.26, 96.44, 94.86, 93.08, 91.48, 90.21, 87.97, 87.07]
2026-06-21 04:25:14,536 [trainer.py] => Average Accuracy (CNN): 77.76
2026-06-21 04:25:14,537 [trainer.py] => All params: 86248141
2026-06-21 04:25:14,537 [trainer.py] => Trainable params: 295875
2026-06-21 04:25:14,541 [lae.py] => Learning on 185-190
2026-06-21 04:50:19,975 [lae.py] => Task 8, Epoch 50/50 => Loss 0.016, Train_accy 99.40, Test_accy 68.79
2026-06-21 04:51:17,547 [trainer.py] => No NME accuracy.
2026-06-21 04:51:17,548 [trainer.py] => CNN: {'total': 68.79, '00-149': 85.67, '150-154': 17.17, '155-159': 9.0, '160-164': 1.0, '165-169': 10.1, '170-174': 1.0, '175-179': 2.0, '180-184': 2.04, '185-189': 0.0, 'old': 70.65, 'new': 0.0}
2026-06-21 04:51:17,548 [trainer.py] => CNN top1 curve: [85.54, 83.96, 81.33, 78.38, 76.33, 74.08, 72.3, 70.16, 68.79]
2026-06-21 04:51:17,548 [trainer.py] => CNN top5 curve: [97.26, 96.44, 94.86, 93.08, 91.48, 90.21, 87.97, 87.07, 85.01]
2026-06-21 04:51:17,549 [trainer.py] => Average Accuracy (CNN): 76.76
2026-06-21 04:51:17,550 [trainer.py] => All params: 86251986
2026-06-21 04:51:17,552 [trainer.py] => Trainable params: 299720
2026-06-21 04:51:17,555 [lae.py] => Learning on 190-195
2026-06-21 05:16:06,686 [lae.py] => Task 9, Epoch 50/50 => Loss 0.021, Train_accy 99.11, Test_accy 66.92
2026-06-21 05:17:07,495 [trainer.py] => No NME accuracy.
2026-06-21 05:17:07,495 [trainer.py] => CNN: {'total': 66.92, '00-149': 85.44, '150-154': 16.16, '155-159': 10.0, '160-164': 2.0, '165-169': 10.1, '170-174': 1.0, '175-179': 1.0, '180-184': 3.06, '185-189': 1.0, '190-194': 1.0, 'old': 68.65, 'new': 1.0}
2026-06-21 05:17:07,495 [trainer.py] => CNN top1 curve: [85.54, 83.96, 81.33, 78.38, 76.33, 74.08, 72.3, 70.16, 68.79, 66.92]
2026-06-21 05:17:07,495 [trainer.py] => CNN top5 curve: [97.26, 96.44, 94.86, 93.08, 91.48, 90.21, 87.97, 87.07, 85.01, 84.09]
2026-06-21 05:17:07,495 [trainer.py] => Average Accuracy (CNN): 75.78
2026-06-21 05:17:07,496 [trainer.py] => All params: 86255831
2026-06-21 05:17:07,497 [trainer.py] => Trainable params: 303565
2026-06-21 05:17:07,501 [lae.py] => Learning on 195-200
2026-06-21 05:41:56,871 [lae.py] => Task 10, Epoch 50/50 => Loss 0.014, Train_accy 99.65, Test_accy 65.36
2026-06-21 05:42:59,178 [trainer.py] => No NME accuracy.
2026-06-21 05:42:59,179 [trainer.py] => CNN: {'total': 65.36, '00-149': 85.44, '150-154': 18.18, '155-159': 9.0, '160-164': 2.0, '165-169': 10.1, '170-174': 1.0, '175-179': 1.0, '180-184': 3.06, '185-189': 0.0, '190-194': 2.0, '195-199': 4.0, 'old': 66.94, 'new': 4.0}
2026-06-21 05:42:59,179 [trainer.py] => CNN top1 curve: [85.54, 83.96, 81.33, 78.38, 76.33, 74.08, 72.3, 70.16, 68.79, 66.92, 65.36]
2026-06-21 05:42:59,179 [trainer.py] => CNN top5 curve: [97.26, 96.44, 94.86, 93.08, 91.48, 90.21, 87.97, 87.07, 85.01, 84.09, 82.68]
2026-06-21 05:42:59,179 [trainer.py] => Average Accuracy (CNN): 74.83
2026-06-21 05:42:59,180 [trainer.py] => All params: 86259676
2026-06-21 05:42:59,180 [trainer.py] => Trainable params: 307410
2026-06-21 05:42:59,186 [lae.py] => Learning on 200-205
2026-06-21 06:08:44,085 [lae.py] => Task 11, Epoch 50/50 => Loss 0.008, Train_accy 99.73, Test_accy 63.37
2026-06-21 06:09:46,579 [trainer.py] => No NME accuracy.
2026-06-21 06:09:46,579 [trainer.py] => CNN: {'total': 63.37, '00-149': 85.0, '150-154': 16.16, '155-159': 4.0, '160-164': 0.0, '165-169': 9.09, '170-174': 0.0, '175-179': 1.0, '180-184': 0.0, '185-189': 3.0, '190-194': 0.0, '195-199': 5.0, '200-204': 8.08, 'old': 64.74, 'new': 8.08}
2026-06-21 06:09:46,579 [trainer.py] => CNN top1 curve: [85.54, 83.96, 81.33, 78.38, 76.33, 74.08, 72.3, 70.16, 68.79, 66.92, 65.36, 63.37]
2026-06-21 06:09:46,579 [trainer.py] => CNN top5 curve: [97.26, 96.44, 94.86, 93.08, 91.48, 90.21, 87.97, 87.07, 85.01, 84.09, 82.68, 80.8]
2026-06-21 06:09:46,579 [trainer.py] => Average Accuracy (CNN): 73.88
2026-06-21 06:09:46,580 [trainer.py] => All params: 86263521
2026-06-21 06:09:46,581 [trainer.py] => Trainable params: 311255
2026-06-21 06:09:46,587 [lae.py] => Learning on 205-210
2026-06-21 06:35:48,880 [lae.py] => Task 12, Epoch 50/50 => Loss 0.053, Train_accy 98.00, Test_accy 62.38
2026-06-21 06:36:53,387 [trainer.py] => No NME accuracy.
2026-06-21 06:36:53,388 [trainer.py] => CNN: {'total': 62.38, '00-149': 85.34, '150-154': 15.15, '155-159': 9.0, '160-164': 1.0, '165-169': 11.11, '170-174': 0.0, '175-179': 1.0, '180-184': 1.02, '185-189': 2.0, '190-194': 0.0, '195-199': 6.0, '200-204': 8.08, '205-209': 4.0, 'old': 63.81, 'new': 4.0}
2026-06-21 06:36:53,388 [trainer.py] => CNN top1 curve: [85.54, 83.96, 81.33, 78.38, 76.33, 74.08, 72.3, 70.16, 68.79, 66.92, 65.36, 63.37, 62.38]
2026-06-21 06:36:53,388 [trainer.py] => CNN top5 curve: [97.26, 96.44, 94.86, 93.08, 91.48, 90.21, 87.97, 87.07, 85.01, 84.09, 82.68, 80.8, 79.78]
2026-06-21 06:36:53,389 [trainer.py] => Average Accuracy (CNN): 72.99
2026-06-21 06:36:53,391 [trainer.py] => All params: 86267366
2026-06-21 06:36:53,393 [trainer.py] => Trainable params: 315100
2026-06-21 06:36:53,402 [lae.py] => Learning on 210-215
2026-06-21 07:02:47,392 [lae.py] => Task 13, Epoch 50/50 => Loss 0.073, Train_accy 97.17, Test_accy 61.04
2026-06-21 07:03:54,124 [trainer.py] => No NME accuracy.
2026-06-21 07:03:54,125 [trainer.py] => CNN: {'total': 61.04, '00-149': 85.54, '150-154': 16.16, '155-159': 9.0, '160-164': 1.0, '165-169': 11.11, '170-174': 0.0, '175-179': 2.0, '180-184': 1.02, '185-189': 1.0, '190-194': 1.0, '195-199': 5.0, '200-204': 9.09, '205-209': 1.0, '210-214': 0.0, 'old': 62.5, 'new': 0.0}
2026-06-21 07:03:54,125 [trainer.py] => CNN top1 curve: [85.54, 83.96, 81.33, 78.38, 76.33, 74.08, 72.3, 70.16, 68.79, 66.92, 65.36, 63.37, 62.38, 61.04]
2026-06-21 07:03:54,125 [trainer.py] => CNN top5 curve: [97.26, 96.44, 94.86, 93.08, 91.48, 90.21, 87.97, 87.07, 85.01, 84.09, 82.68, 80.8, 79.78, 77.76]
2026-06-21 07:03:54,125 [trainer.py] => Average Accuracy (CNN): 72.14
2026-06-21 07:03:54,126 [trainer.py] => All params: 86271211
2026-06-21 07:03:54,126 [trainer.py] => Trainable params: 318945
2026-06-21 07:03:54,132 [lae.py] => Learning on 215-220
2026-06-21 07:30:36,750 [lae.py] => Task 14, Epoch 50/50 => Loss 0.131, Train_accy 94.97, Test_accy 59.42
2026-06-21 07:31:46,759 [trainer.py] => No NME accuracy.
2026-06-21 07:31:46,760 [trainer.py] => CNN: {'total': 59.42, '00-149': 85.17, '150-154': 18.18, '155-159': 9.0, '160-164': 0.0, '165-169': 10.1, '170-174': 0.0, '175-179': 2.0, '180-184': 1.02, '185-189': 0.0, '190-194': 0.0, '195-199': 5.0, '200-204': 8.08, '205-209': 2.0, '210-214': 0.0, '215-219': 3.0, 'old': 60.74, 'new': 3.0}
2026-06-21 07:31:46,760 [trainer.py] => CNN top1 curve: [85.54, 83.96, 81.33, 78.38, 76.33, 74.08, 72.3, 70.16, 68.79, 66.92, 65.36, 63.37, 62.38, 61.04, 59.42]
2026-06-21 07:31:46,761 [trainer.py] => CNN top5 curve: [97.26, 96.44, 94.86, 93.08, 91.48, 90.21, 87.97, 87.07, 85.01, 84.09, 82.68, 80.8, 79.78, 77.76, 75.62]
2026-06-21 07:31:46,761 [trainer.py] => Average Accuracy (CNN): 71.29
2026-06-21 07:31:46,764 [trainer.py] => All params: 86275056
2026-06-21 07:31:46,766 [trainer.py] => Trainable params: 322790
2026-06-21 07:31:46,775 [lae.py] => Learning on 220-225
2026-06-21 07:59:44,231 [lae.py] => Task 15, Epoch 50/50 => Loss 0.022, Train_accy 99.12, Test_accy 58.10
2026-06-21 08:00:51,211 [trainer.py] => No NME accuracy.
2026-06-21 08:00:51,211 [trainer.py] => CNN: {'total': 58.1, '00-149': 85.1, '150-154': 16.16, '155-159': 9.0, '160-164': 0.0, '165-169': 8.08, '170-174': 0.0, '175-179': 2.0, '180-184': 1.02, '185-189': 0.0, '190-194': 1.0, '195-199': 5.0, '200-204': 7.07, '205-209': 3.0, '210-214': 0.0, '215-219': 2.0, '220-224': 6.0, 'old': 59.28, 'new': 6.0}
2026-06-21 08:00:51,212 [trainer.py] => CNN top1 curve: [85.54, 83.96, 81.33, 78.38, 76.33, 74.08, 72.3, 70.16, 68.79, 66.92, 65.36, 63.37, 62.38, 61.04, 59.42, 58.1]
2026-06-21 08:00:51,212 [trainer.py] => CNN top5 curve: [97.26, 96.44, 94.86, 93.08, 91.48, 90.21, 87.97, 87.07, 85.01, 84.09, 82.68, 80.8, 79.78, 77.76, 75.62, 74.56]
2026-06-21 08:00:51,212 [trainer.py] => Average Accuracy (CNN): 70.47
2026-06-21 08:00:51,214 [trainer.py] => All params: 86278901
2026-06-21 08:00:51,217 [trainer.py] => Trainable params: 326635
2026-06-21 08:00:51,223 [lae.py] => Learning on 225-230
2026-06-21 08:28:07,416 [lae.py] => Task 16, Epoch 50/50 => Loss 0.028, Train_accy 98.93, Test_accy 56.95
2026-06-21 08:29:19,472 [trainer.py] => No NME accuracy.
2026-06-21 08:29:19,472 [trainer.py] => CNN: {'total': 56.95, '00-149': 85.04, '150-154': 17.17, '155-159': 6.0, '160-164': 0.0, '165-169': 9.09, '170-174': 0.0, '175-179': 2.0, '180-184': 0.0, '185-189': 0.0, '190-194': 1.0, '195-199': 4.0, '200-204': 5.05, '205-209': 2.0, '210-214': 0.0, '215-219': 2.0, '220-224': 8.0, '225-229': 11.11, 'old': 57.96, 'new': 11.11}
2026-06-21 08:29:19,472 [trainer.py] => CNN top1 curve: [85.54, 83.96, 81.33, 78.38, 76.33, 74.08, 72.3, 70.16, 68.79, 66.92, 65.36, 63.37, 62.38, 61.04, 59.42, 58.1, 56.95]
2026-06-21 08:29:19,472 [trainer.py] => CNN top5 curve: [97.26, 96.44, 94.86, 93.08, 91.48, 90.21, 87.97, 87.07, 85.01, 84.09, 82.68, 80.8, 79.78, 77.76, 75.62, 74.56, 73.65]
2026-06-21 08:29:19,472 [trainer.py] => Average Accuracy (CNN): 69.67
2026-06-21 08:29:19,473 [trainer.py] => All params: 86282746
2026-06-21 08:29:19,474 [trainer.py] => Trainable params: 330480
2026-06-21 08:29:19,478 [lae.py] => Learning on 230-235
2026-06-21 08:56:37,484 [lae.py] => Task 17, Epoch 50/50 => Loss 0.034, Train_accy 98.64, Test_accy 55.61
2026-06-21 08:57:49,644 [trainer.py] => No NME accuracy.
2026-06-21 08:57:49,644 [trainer.py] => CNN: {'total': 55.61, '00-149': 85.0, '150-154': 13.13, '155-159': 8.0, '160-164': 0.0, '165-169': 8.08, '170-174': 0.0, '175-179': 1.0, '180-184': 0.0, '185-189': 1.0, '190-194': 1.0, '195-199': 6.0, '200-204': 5.05, '205-209': 2.0, '210-214': 0.0, '215-219': 1.0, '220-224': 4.0, '225-229': 12.12, '230-234': 0.0, 'old': 56.82, 'new': 0.0}
2026-06-21 08:57:49,644 [trainer.py] => CNN top1 curve: [85.54, 83.96, 81.33, 78.38, 76.33, 74.08, 72.3, 70.16, 68.79, 66.92, 65.36, 63.37, 62.38, 61.04, 59.42, 58.1, 56.95, 55.61]
2026-06-21 08:57:49,644 [trainer.py] => CNN top5 curve: [97.26, 96.44, 94.86, 93.08, 91.48, 90.21, 87.97, 87.07, 85.01, 84.09, 82.68, 80.8, 79.78, 77.76, 75.62, 74.56, 73.65, 71.97]
2026-06-21 08:57:49,644 [trainer.py] => Average Accuracy (CNN): 68.89
2026-06-21 08:57:49,646 [trainer.py] => All params: 86286591
2026-06-21 08:57:49,647 [trainer.py] => Trainable params: 334325
2026-06-21 08:57:49,651 [lae.py] => Learning on 235-240
2026-06-21 09:26:06,329 [lae.py] => Task 18, Epoch 50/50 => Loss 0.020, Train_accy 99.39, Test_accy 54.47
2026-06-21 09:27:12,665 [trainer.py] => No NME accuracy.
2026-06-21 09:27:12,666 [trainer.py] => CNN: {'total': 54.47, '00-149': 84.77, '150-154': 14.14, '155-159': 6.0, '160-164': 0.0, '165-169': 7.07, '170-174': 0.0, '175-179': 1.0, '180-184': 0.0, '185-189': 1.0, '190-194': 1.0, '195-199': 5.0, '200-204': 6.06, '205-209': 2.0, '210-214': 0.0, '215-219': 1.0, '220-224': 4.0, '225-229': 12.12, '230-234': 0.0, '235-239': 10.0, 'old': 55.42, 'new': 10.0}
2026-06-21 09:27:12,666 [trainer.py] => CNN top1 curve: [85.54, 83.96, 81.33, 78.38, 76.33, 74.08, 72.3, 70.16, 68.79, 66.92, 65.36, 63.37, 62.38, 61.04, 59.42, 58.1, 56.95, 55.61, 54.47]
2026-06-21 09:27:12,666 [trainer.py] => CNN top5 curve: [97.26, 96.44, 94.86, 93.08, 91.48, 90.21, 87.97, 87.07, 85.01, 84.09, 82.68, 80.8, 79.78, 77.76, 75.62, 74.56, 73.65, 71.97, 70.51]
2026-06-21 09:27:12,666 [trainer.py] => Average Accuracy (CNN): 68.13
2026-06-21 09:27:12,667 [trainer.py] => All params: 86290436
2026-06-21 09:27:12,668 [trainer.py] => Trainable params: 338170
2026-06-21 09:27:12,670 [lae.py] => Learning on 240-245
2026-06-21 09:55:48,604 [lae.py] => Task 19, Epoch 50/50 => Loss 0.022, Train_accy 99.14, Test_accy 53.25
2026-06-21 09:57:04,861 [trainer.py] => No NME accuracy.
2026-06-21 09:57:04,880 [trainer.py] => CNN: {'total': 53.25, '00-149': 84.9, '150-154': 11.11, '155-159': 6.0, '160-164': 0.0, '165-169': 8.08, '170-174': 0.0, '175-179': 0.0, '180-184': 0.0, '185-189': 0.0, '190-194': 0.0, '195-199': 5.0, '200-204': 5.05, '205-209': 1.0, '210-214': 0.0, '215-219': 1.0, '220-224': 4.0, '225-229': 9.09, '230-234': 0.0, '235-239': 10.0, '240-244': 1.0, 'old': 54.34, 'new': 1.0}
2026-06-21 09:57:04,880 [trainer.py] => CNN top1 curve: [85.54, 83.96, 81.33, 78.38, 76.33, 74.08, 72.3, 70.16, 68.79, 66.92, 65.36, 63.37, 62.38, 61.04, 59.42, 58.1, 56.95, 55.61, 54.47, 53.25]
2026-06-21 09:57:04,880 [trainer.py] => CNN top5 curve: [97.26, 96.44, 94.86, 93.08, 91.48, 90.21, 87.97, 87.07, 85.01, 84.09, 82.68, 80.8, 79.78, 77.76, 75.62, 74.56, 73.65, 71.97, 70.51, 68.82]
2026-06-21 09:57:04,880 [trainer.py] => Average Accuracy (CNN): 67.39
2026-06-21 09:57:04,881 [trainer.py] => All params: 86294281
2026-06-21 09:57:04,882 [trainer.py] => Trainable params: 342015
2026-06-21 09:57:04,887 [lae.py] => Learning on 245-250
2026-06-21 10:25:41,590 [lae.py] => Task 20, Epoch 50/50 => Loss 0.073, Train_accy 97.25, Test_accy 52.31
2026-06-21 10:26:59,382 [trainer.py] => No NME accuracy.
2026-06-21 10:26:59,383 [trainer.py] => CNN: {'total': 52.31, '00-149': 84.9, '150-154': 15.15, '155-159': 7.0, '160-164': 0.0, '165-169': 9.09, '170-174': 0.0, '175-179': 0.0, '180-184': 1.02, '185-189': 0.0, '190-194': 0.0, '195-199': 7.0, '200-204': 5.05, '205-209': 1.0, '210-214': 0.0, '215-219': 0.0, '220-224': 3.0, '225-229': 9.09, '230-234': 0.0, '235-239': 10.0, '240-244': 0.0, '245-249': 0.0, 'old': 53.38, 'new': 0.0}
2026-06-21 10:26:59,383 [trainer.py] => CNN top1 curve: [85.54, 83.96, 81.33, 78.38, 76.33, 74.08, 72.3, 70.16, 68.79, 66.92, 65.36, 63.37, 62.38, 61.04, 59.42, 58.1, 56.95, 55.61, 54.47, 53.25, 52.31]
2026-06-21 10:26:59,383 [trainer.py] => CNN top5 curve: [97.26, 96.44, 94.86, 93.08, 91.48, 90.21, 87.97, 87.07, 85.01, 84.09, 82.68, 80.8, 79.78, 77.76, 75.62, 74.56, 73.65, 71.97, 70.51, 68.82, 67.5]
2026-06-21 10:26:59,383 [trainer.py] => Average Accuracy (CNN): 66.67
2026-06-21 10:26:59,384 [trainer.py] => All params: 86298126
2026-06-21 10:26:59,385 [trainer.py] => Trainable params: 345860
2026-06-21 10:26:59,388 [lae.py] => Learning on 250-255
2026-06-21 10:54:51,129 [lae.py] => Task 21, Epoch 50/50 => Loss 0.025, Train_accy 99.02, Test_accy 51.04
2026-06-21 10:56:10,959 [trainer.py] => No NME accuracy.
2026-06-21 10:56:10,968 [trainer.py] => CNN: {'total': 51.04, '00-149': 84.54, '150-154': 12.12, '155-159': 6.0, '160-164': 0.0, '165-169': 9.09, '170-174': 0.0, '175-179': 1.0, '180-184': 1.02, '185-189': 0.0, '190-194': 0.0, '195-199': 5.0, '200-204': 5.05, '205-209': 1.0, '210-214': 0.0, '215-219': 0.0, '220-224': 5.0, '225-229': 9.09, '230-234': 0.0, '235-239': 11.0, '240-244': 1.0, '245-249': 0.0, '250-254': 0.0, 'old': 52.06, 'new': 0.0}
2026-06-21 10:56:10,968 [trainer.py] => CNN top1 curve: [85.54, 83.96, 81.33, 78.38, 76.33, 74.08, 72.3, 70.16, 68.79, 66.92, 65.36, 63.37, 62.38, 61.04, 59.42, 58.1, 56.95, 55.61, 54.47, 53.25, 52.31, 51.04]
2026-06-21 10:56:10,968 [trainer.py] => CNN top5 curve: [97.26, 96.44, 94.86, 93.08, 91.48, 90.21, 87.97, 87.07, 85.01, 84.09, 82.68, 80.8, 79.78, 77.76, 75.62, 74.56, 73.65, 71.97, 70.51, 68.82, 67.5, 66.49]
2026-06-21 10:56:10,968 [trainer.py] => Average Accuracy (CNN): 65.96
2026-06-21 10:56:10,969 [trainer.py] => All params: 86301971
2026-06-21 10:56:10,970 [trainer.py] => Trainable params: 349705
2026-06-21 10:56:10,977 [lae.py] => Learning on 255-260
2026-06-21 11:25:14,308 [lae.py] => Task 22, Epoch 50/50 => Loss 0.046, Train_accy 98.36, Test_accy 50.07
2026-06-21 11:26:34,182 [trainer.py] => No NME accuracy.
2026-06-21 11:26:34,193 [trainer.py] => CNN: {'total': 50.07, '00-149': 84.5, '150-154': 12.12, '155-159': 5.0, '160-164': 0.0, '165-169': 9.09, '170-174': 0.0, '175-179': 1.0, '180-184': 1.02, '185-189': 1.0, '190-194': 0.0, '195-199': 5.0, '200-204': 5.05, '205-209': 1.0, '210-214': 0.0, '215-219': 0.0, '220-224': 5.0, '225-229': 9.09, '230-234': 0.0, '235-239': 11.0, '240-244': 2.0, '245-249': 0.0, '250-254': 0.0, '255-259': 0.0, 'old': 51.04, 'new': 0.0}
2026-06-21 11:26:34,193 [trainer.py] => CNN top1 curve: [85.54, 83.96, 81.33, 78.38, 76.33, 74.08, 72.3, 70.16, 68.79, 66.92, 65.36, 63.37, 62.38, 61.04, 59.42, 58.1, 56.95, 55.61, 54.47, 53.25, 52.31, 51.04, 50.07]
2026-06-21 11:26:34,193 [trainer.py] => CNN top5 curve: [97.26, 96.44, 94.86, 93.08, 91.48, 90.21, 87.97, 87.07, 85.01, 84.09, 82.68, 80.8, 79.78, 77.76, 75.62, 74.56, 73.65, 71.97, 70.51, 68.82, 67.5, 66.49, 65.74]
2026-06-21 11:26:34,193 [trainer.py] => Average Accuracy (CNN): 65.27
2026-06-21 11:26:34,194 [trainer.py] => All params: 86305816
2026-06-21 11:26:34,195 [trainer.py] => Trainable params: 353550
2026-06-21 11:26:34,198 [lae.py] => Learning on 260-265
2026-06-21 11:56:15,565 [lae.py] => Task 23, Epoch 50/50 => Loss 0.010, Train_accy 99.55, Test_accy 49.23
2026-06-21 11:57:38,042 [trainer.py] => No NME accuracy.
2026-06-21 11:57:38,062 [trainer.py] => CNN: {'total': 49.23, '00-149': 84.34, '150-154': 11.11, '155-159': 4.0, '160-164': 0.0, '165-169': 7.07, '170-174': 0.0, '175-179': 1.0, '180-184': 1.02, '185-189': 2.0, '190-194': 0.0, '195-199': 3.0, '200-204': 6.06, '205-209': 1.0, '210-214': 0.0, '215-219': 0.0, '220-224': 5.0, '225-229': 11.11, '230-234': 0.0, '235-239': 11.0, '240-244': 2.0, '245-249': 0.0, '250-254': 0.0, '255-259': 0.0, '260-264': 13.0, 'old': 49.93, 'new': 13.0}
2026-06-21 11:57:38,062 [trainer.py] => CNN top1 curve: [85.54, 83.96, 81.33, 78.38, 76.33, 74.08, 72.3, 70.16, 68.79, 66.92, 65.36, 63.37, 62.38, 61.04, 59.42, 58.1, 56.95, 55.61, 54.47, 53.25, 52.31, 51.04, 50.07, 49.23]
2026-06-21 11:57:38,062 [trainer.py] => CNN top5 curve: [97.26, 96.44, 94.86, 93.08, 91.48, 90.21, 87.97, 87.07, 85.01, 84.09, 82.68, 80.8, 79.78, 77.76, 75.62, 74.56, 73.65, 71.97, 70.51, 68.82, 67.5, 66.49, 65.74, 64.9]
2026-06-21 11:57:38,062 [trainer.py] => Average Accuracy (CNN): 64.6
2026-06-21 11:57:38,064 [trainer.py] => All params: 86309661
2026-06-21 11:57:38,066 [trainer.py] => Trainable params: 357395
2026-06-21 11:57:38,074 [lae.py] => Learning on 265-270
2026-06-21 12:26:31,674 [lae.py] => Task 24, Epoch 50/50 => Loss 0.002, Train_accy 100.00, Test_accy 48.08
2026-06-21 12:27:44,539 [trainer.py] => No NME accuracy.
2026-06-21 12:27:44,540 [trainer.py] => CNN: {'total': 48.08, '00-149': 83.87, '150-154': 7.07, '155-159': 4.0, '160-164': 0.0, '165-169': 4.04, '170-174': 0.0, '175-179': 1.0, '180-184': 1.02, '185-189': 2.0, '190-194': 0.0, '195-199': 3.0, '200-204': 6.06, '205-209': 0.0, '210-214': 0.0, '215-219': 0.0, '220-224': 3.0, '225-229': 11.11, '230-234': 0.0, '235-239': 10.0, '240-244': 2.0, '245-249': 0.0, '250-254': 0.0, '255-259': 0.0, '260-264': 14.0, '265-269': 11.0, 'old': 48.78, 'new': 11.0}
2026-06-21 12:27:44,540 [trainer.py] => CNN top1 curve: [85.54, 83.96, 81.33, 78.38, 76.33, 74.08, 72.3, 70.16, 68.79, 66.92, 65.36, 63.37, 62.38, 61.04, 59.42, 58.1, 56.95, 55.61, 54.47, 53.25, 52.31, 51.04, 50.07, 49.23, 48.08]
2026-06-21 12:27:44,540 [trainer.py] => CNN top5 curve: [97.26, 96.44, 94.86, 93.08, 91.48, 90.21, 87.97, 87.07, 85.01, 84.09, 82.68, 80.8, 79.78, 77.76, 75.62, 74.56, 73.65, 71.97, 70.51, 68.82, 67.5, 66.49, 65.74, 64.9, 64.53]
2026-06-21 12:27:44,540 [trainer.py] => Average Accuracy (CNN): 63.94
2026-06-21 12:27:44,541 [trainer.py] => All params: 86313506
2026-06-21 12:27:44,541 [trainer.py] => Trainable params: 361240
2026-06-21 12:27:44,548 [lae.py] => Learning on 270-275
2026-06-21 12:55:08,343 [lae.py] => Task 25, Epoch 50/50 => Loss 0.015, Train_accy 99.36, Test_accy 47.17
2026-06-21 12:56:33,274 [trainer.py] => No NME accuracy.
2026-06-21 12:56:33,275 [trainer.py] => CNN: {'total': 47.17, '00-149': 83.83, '150-154': 7.07, '155-159': 4.0, '160-164': 0.0, '165-169': 4.04, '170-174': 0.0, '175-179': 1.0, '180-184': 0.0, '185-189': 1.0, '190-194': 0.0, '195-199': 2.0, '200-204': 5.05, '205-209': 1.0, '210-214': 0.0, '215-219': 0.0, '220-224': 3.0, '225-229': 13.13, '230-234': 0.0, '235-239': 10.0, '240-244': 2.0, '245-249': 0.0, '250-254': 0.0, '255-259': 0.0, '260-264': 14.0, '265-269': 11.0, '270-274': 0.0, 'old': 48.04, 'new': 0.0}
2026-06-21 12:56:33,275 [trainer.py] => CNN top1 curve: [85.54, 83.96, 81.33, 78.38, 76.33, 74.08, 72.3, 70.16, 68.79, 66.92, 65.36, 63.37, 62.38, 61.04, 59.42, 58.1, 56.95, 55.61, 54.47, 53.25, 52.31, 51.04, 50.07, 49.23, 48.08, 47.17]
2026-06-21 12:56:33,275 [trainer.py] => CNN top5 curve: [97.26, 96.44, 94.86, 93.08, 91.48, 90.21, 87.97, 87.07, 85.01, 84.09, 82.68, 80.8, 79.78, 77.76, 75.62, 74.56, 73.65, 71.97, 70.51, 68.82, 67.5, 66.49, 65.74, 64.9, 64.53, 63.26]
2026-06-21 12:56:33,275 [trainer.py] => Average Accuracy (CNN): 63.29
2026-06-21 12:56:33,276 [trainer.py] => All params: 86317351
2026-06-21 12:56:33,277 [trainer.py] => Trainable params: 365085
2026-06-21 12:56:33,282 [lae.py] => Learning on 275-280
2026-06-21 13:25:08,076 [lae.py] => Task 26, Epoch 50/50 => Loss 0.010, Train_accy 99.71, Test_accy 46.46
2026-06-21 13:26:36,384 [trainer.py] => No NME accuracy.
2026-06-21 13:26:36,403 [trainer.py] => CNN: {'total': 46.46, '00-149': 84.03, '150-154': 7.07, '155-159': 3.0, '160-164': 0.0, '165-169': 3.03, '170-174': 0.0, '175-179': 1.0, '180-184': 1.02, '185-189': 2.0, '190-194': 0.0, '195-199': 3.0, '200-204': 4.04, '205-209': 0.0, '210-214': 0.0, '215-219': 0.0, '220-224': 4.0, '225-229': 14.14, '230-234': 0.0, '235-239': 10.0, '240-244': 1.0, '245-249': 0.0, '250-254': 0.0, '255-259': 0.0, '260-264': 13.0, '265-269': 12.0, '270-274': 0.0, '275-279': 1.01, 'old': 47.28, 'new': 1.01}
2026-06-21 13:26:36,404 [trainer.py] => CNN top1 curve: [85.54, 83.96, 81.33, 78.38, 76.33, 74.08, 72.3, 70.16, 68.79, 66.92, 65.36, 63.37, 62.38, 61.04, 59.42, 58.1, 56.95, 55.61, 54.47, 53.25, 52.31, 51.04, 50.07, 49.23, 48.08, 47.17, 46.46]
2026-06-21 13:26:36,404 [trainer.py] => CNN top5 curve: [97.26, 96.44, 94.86, 93.08, 91.48, 90.21, 87.97, 87.07, 85.01, 84.09, 82.68, 80.8, 79.78, 77.76, 75.62, 74.56, 73.65, 71.97, 70.51, 68.82, 67.5, 66.49, 65.74, 64.9, 64.53, 63.26, 62.37]
2026-06-21 13:26:36,404 [trainer.py] => Average Accuracy (CNN): 62.67
2026-06-21 13:26:36,405 [trainer.py] => All params: 86321196
2026-06-21 13:26:36,405 [trainer.py] => Trainable params: 368930
2026-06-21 13:26:36,410 [lae.py] => Learning on 280-285
2026-06-21 13:55:27,100 [lae.py] => Task 27, Epoch 50/50 => Loss 0.010, Train_accy 99.78, Test_accy 45.34
2026-06-21 13:56:56,261 [trainer.py] => No NME accuracy.
2026-06-21 13:56:56,280 [trainer.py] => CNN: {'total': 45.34, '00-149': 83.2, '150-154': 9.09, '155-159': 3.0, '160-164': 0.0, '165-169': 6.06, '170-174': 0.0, '175-179': 1.0, '180-184': 1.02, '185-189': 2.0, '190-194': 0.0, '195-199': 3.0, '200-204': 5.05, '205-209': 0.0, '210-214': 0.0, '215-219': 0.0, '220-224': 4.0, '225-229': 10.1, '230-234': 0.0, '235-239': 11.0, '240-244': 2.0, '245-249': 0.0, '250-254': 0.0, '255-259': 0.0, '260-264': 14.0, '265-269': 14.0, '270-274': 0.0, '275-279': 2.02, '280-284': 0.0, 'old': 46.15, 'new': 0.0}
2026-06-21 13:56:56,280 [trainer.py] => CNN top1 curve: [85.54, 83.96, 81.33, 78.38, 76.33, 74.08, 72.3, 70.16, 68.79, 66.92, 65.36, 63.37, 62.38, 61.04, 59.42, 58.1, 56.95, 55.61, 54.47, 53.25, 52.31, 51.04, 50.07, 49.23, 48.08, 47.17, 46.46, 45.34]
2026-06-21 13:56:56,280 [trainer.py] => CNN top5 curve: [97.26, 96.44, 94.86, 93.08, 91.48, 90.21, 87.97, 87.07, 85.01, 84.09, 82.68, 80.8, 79.78, 77.76, 75.62, 74.56, 73.65, 71.97, 70.51, 68.82, 67.5, 66.49, 65.74, 64.9, 64.53, 63.26, 62.37, 61.54]
2026-06-21 13:56:56,281 [trainer.py] => Average Accuracy (CNN): 62.05
2026-06-21 13:56:56,283 [trainer.py] => All params: 86325041
2026-06-21 13:56:56,285 [trainer.py] => Trainable params: 372775
2026-06-21 13:56:56,297 [lae.py] => Learning on 285-290
2026-06-21 14:27:16,003 [lae.py] => Task 28, Epoch 50/50 => Loss 0.026, Train_accy 99.20, Test_accy 44.71
2026-06-21 14:28:48,705 [trainer.py] => No NME accuracy.
2026-06-21 14:28:48,706 [trainer.py] => CNN: {'total': 44.71, '00-149': 83.67, '150-154': 9.09, '155-159': 4.0, '160-164': 0.0, '165-169': 6.06, '170-174': 0.0, '175-179': 1.0, '180-184': 1.02, '185-189': 1.0, '190-194': 0.0, '195-199': 1.0, '200-204': 4.04, '205-209': 1.0, '210-214': 0.0, '215-219': 0.0, '220-224': 4.0, '225-229': 6.06, '230-234': 0.0, '235-239': 11.0, '240-244': 2.0, '245-249': 0.0, '250-254': 0.0, '255-259': 0.0, '260-264': 15.0, '265-269': 15.0, '270-274': 0.0, '275-279': 1.01, '280-284': 0.0, '285-289': 0.0, 'old': 45.5, 'new': 0.0}
2026-06-21 14:28:48,706 [trainer.py] => CNN top1 curve: [85.54, 83.96, 81.33, 78.38, 76.33, 74.08, 72.3, 70.16, 68.79, 66.92, 65.36, 63.37, 62.38, 61.04, 59.42, 58.1, 56.95, 55.61, 54.47, 53.25, 52.31, 51.04, 50.07, 49.23, 48.08, 47.17, 46.46, 45.34, 44.71]
2026-06-21 14:28:48,706 [trainer.py] => CNN top5 curve: [97.26, 96.44, 94.86, 93.08, 91.48, 90.21, 87.97, 87.07, 85.01, 84.09, 82.68, 80.8, 79.78, 77.76, 75.62, 74.56, 73.65, 71.97, 70.51, 68.82, 67.5, 66.49, 65.74, 64.9, 64.53, 63.26, 62.37, 61.54, 60.78]
2026-06-21 14:28:48,706 [trainer.py] => Average Accuracy (CNN): 61.45
2026-06-21 14:28:48,707 [trainer.py] => All params: 86328886
2026-06-21 14:28:48,707 [trainer.py] => Trainable params: 376620
2026-06-21 14:28:48,712 [lae.py] => Learning on 290-295
2026-06-21 14:58:01,264 [lae.py] => Task 29, Epoch 50/50 => Loss 0.028, Train_accy 98.83, Test_accy 44.02
2026-06-21 14:59:34,156 [trainer.py] => No NME accuracy.
2026-06-21 14:59:34,164 [trainer.py] => CNN: {'total': 44.02, '00-149': 83.37, '150-154': 9.09, '155-159': 4.0, '160-164': 0.0, '165-169': 7.07, '170-174': 0.0, '175-179': 1.0, '180-184': 1.02, '185-189': 2.0, '190-194': 0.0, '195-199': 3.0, '200-204': 5.05, '205-209': 1.0, '210-214': 0.0, '215-219': 0.0, '220-224': 4.0, '225-229': 8.08, '230-234': 0.0, '235-239': 11.0, '240-244': 1.0, '245-249': 0.0, '250-254': 0.0, '255-259': 0.0, '260-264': 13.0, '265-269': 18.0, '270-274': 0.0, '275-279': 2.02, '280-284': 0.0, '285-289': 0.0, '290-294': 5.0, 'old': 44.69, 'new': 5.0}
2026-06-21 14:59:34,164 [trainer.py] => CNN top1 curve: [85.54, 83.96, 81.33, 78.38, 76.33, 74.08, 72.3, 70.16, 68.79, 66.92, 65.36, 63.37, 62.38, 61.04, 59.42, 58.1, 56.95, 55.61, 54.47, 53.25, 52.31, 51.04, 50.07, 49.23, 48.08, 47.17, 46.46, 45.34, 44.71, 44.02]
2026-06-21 14:59:34,164 [trainer.py] => CNN top5 curve: [97.26, 96.44, 94.86, 93.08, 91.48, 90.21, 87.97, 87.07, 85.01, 84.09, 82.68, 80.8, 79.78, 77.76, 75.62, 74.56, 73.65, 71.97, 70.51, 68.82, 67.5, 66.49, 65.74, 64.9, 64.53, 63.26, 62.37, 61.54, 60.78, 60.33]
2026-06-21 14:59:34,164 [trainer.py] => Average Accuracy (CNN): 60.87
2026-06-21 14:59:34,165 [trainer.py] => All params: 86332731
2026-06-21 14:59:34,166 [trainer.py] => Trainable params: 380465
2026-06-21 14:59:34,169 [lae.py] => Learning on 295-300
2026-06-21 15:31:18,752 [lae.py] => Task 30, Epoch 50/50 => Loss 0.038, Train_accy 98.80, Test_accy 43.29
2026-06-21 15:32:51,242 [trainer.py] => No NME accuracy.
2026-06-21 15:32:51,242 [trainer.py] => CNN: {'total': 43.29, '00-149': 83.53, '150-154': 9.09, '155-159': 4.0, '160-164': 0.0, '165-169': 7.07, '170-174': 0.0, '175-179': 1.0, '180-184': 1.02, '185-189': 1.0, '190-194': 0.0, '195-199': 2.0, '200-204': 5.05, '205-209': 1.0, '210-214': 0.0, '215-219': 0.0, '220-224': 4.0, '225-229': 8.08, '230-234': 0.0, '235-239': 11.0, '240-244': 2.0, '245-249': 0.0, '250-254': 0.0, '255-259': 0.0, '260-264': 12.0, '265-269': 15.0, '270-274': 0.0, '275-279': 2.02, '280-284': 0.0, '285-289': 0.0, '290-294': 5.0, '295-299': 0.0, 'old': 44.02, 'new': 0.0}
2026-06-21 15:32:51,243 [trainer.py] => CNN top1 curve: [85.54, 83.96, 81.33, 78.38, 76.33, 74.08, 72.3, 70.16, 68.79, 66.92, 65.36, 63.37, 62.38, 61.04, 59.42, 58.1, 56.95, 55.61, 54.47, 53.25, 52.31, 51.04, 50.07, 49.23, 48.08, 47.17, 46.46, 45.34, 44.71, 44.02, 43.29]
2026-06-21 15:32:51,243 [trainer.py] => CNN top5 curve: [97.26, 96.44, 94.86, 93.08, 91.48, 90.21, 87.97, 87.07, 85.01, 84.09, 82.68, 80.8, 79.78, 77.76, 75.62, 74.56, 73.65, 71.97, 70.51, 68.82, 67.5, 66.49, 65.74, 64.9, 64.53, 63.26, 62.37, 61.54, 60.78, 60.33, 59.73]
2026-06-21 15:32:51,243 [trainer.py] => Average Accuracy (CNN): 60.31
