2026-06-08 13:42:20,763 [trainer.py] => config: ./configs/lae/lae_omn_B0_Inc5.json
2026-06-08 13:42:20,764 [trainer.py] => prefix:  
2026-06-08 13:42:20,764 [trainer.py] => dataset: omnibenchmark
2026-06-08 13:42:20,764 [trainer.py] => memory_size: 0
2026-06-08 13:42:20,764 [trainer.py] => memory_per_class: 0
2026-06-08 13:42:20,764 [trainer.py] => fixed_memory: False
2026-06-08 13:42:20,764 [trainer.py] => shuffle: True
2026-06-08 13:42:20,764 [trainer.py] => init_cls: 5
2026-06-08 13:42:20,764 [trainer.py] => increment: 5
2026-06-08 13:42:20,764 [trainer.py] => model_name: lae
2026-06-08 13:42:20,764 [trainer.py] => backbone_type: vit_base_patch16_224_in21k_lae
2026-06-08 13:42:20,764 [trainer.py] => device: [device(type='cuda', index=3)]
2026-06-08 13:42:20,764 [trainer.py] => seed: 1994
2026-06-08 13:42:20,764 [trainer.py] => tuned_epoch: 50
2026-06-08 13:42:20,764 [trainer.py] => init_lr: 0.00046875
2026-06-08 13:42:20,764 [trainer.py] => batch_size: 128
2026-06-08 13:42:20,764 [trainer.py] => weight_decay: 0
2026-06-08 13:42:20,764 [trainer.py] => min_lr: 1e-05
2026-06-08 13:42:20,765 [trainer.py] => optimizer: adam
2026-06-08 13:42:20,765 [trainer.py] => scheduler: constant
2026-06-08 13:42:20,765 [trainer.py] => reinit_optimizer: True
2026-06-08 13:42:20,765 [trainer.py] => pretrained: True
2026-06-08 13:42:20,765 [trainer.py] => drop: 0.0
2026-06-08 13:42:20,765 [trainer.py] => drop_path: 0.0
2026-06-08 13:42:20,765 [trainer.py] => ema_decay: 0.9999
2026-06-08 13:42:20,765 [trainer.py] => num_freeze_epochs: 30
2026-06-08 13:42:20,765 [trainer.py] => pet_cls: LoRA
2026-06-08 13:42:20,765 [trainer.py] => pet_length: 10
2026-06-08 13:42:20,765 [trainer.py] => down_sample_dim: 5
2026-06-08 13:42:20,765 [trainer.py] => nb_classes: 300
2026-06-08 13:42:20,765 [trainer.py] => nb_tasks: 60
2026-06-08 13:42:23,338 [data_manager.py] => [79, 231, 55, 293, 15, 281, 208, 119, 12, 11, 254, 126, 287, 215, 152, 278, 284, 140, 95, 72, 207, 232, 289, 171, 178, 189, 63, 86, 41, 159, 87, 103, 22, 80, 274, 73, 263, 122, 23, 28, 114, 273, 220, 185, 4, 70, 156, 286, 56, 115, 240, 268, 296, 174, 204, 113, 81, 221, 6, 101, 135, 224, 64, 269, 190, 244, 182, 181, 219, 198, 163, 150, 134, 210, 206, 202, 147, 234, 197, 222, 66, 144, 51, 24, 44, 209, 175, 195, 264, 205, 90, 21, 138, 52, 151, 124, 100, 121, 83, 132, 169, 285, 225, 27, 214, 236, 213, 162, 153, 271, 98, 233, 275, 299, 127, 29, 246, 50, 45, 280, 116, 242, 145, 165, 26, 149, 20, 186, 48, 129, 40, 2, 18, 241, 112, 200, 75, 85, 249, 68, 54, 59, 230, 228, 74, 253, 194, 77, 217, 227, 14, 8, 211, 297, 19, 226, 88, 96, 106, 9, 255, 38, 33, 176, 93, 35, 109, 69, 216, 92, 183, 47, 99, 39, 108, 160, 282, 199, 71, 201, 196, 120, 133, 270, 243, 250, 247, 288, 118, 136, 283, 187, 1, 184, 117, 130, 237, 32, 102, 177, 65, 173, 46, 267, 290, 128, 239, 0, 107, 167, 261, 43, 170, 104, 298, 262, 248, 60, 256, 78, 3, 58, 265, 62, 259, 61, 218, 157, 110, 143, 141, 252, 295, 97, 25, 291, 245, 125, 272, 17, 49, 161, 31, 155, 166, 251, 179, 94, 111, 142, 192, 229, 172, 16, 53, 168, 188, 158, 91, 258, 13, 10, 42, 36, 238, 105, 154, 257, 7, 277, 294, 279, 137, 266, 139, 292, 164, 276, 57, 123, 89, 82, 148, 67, 37, 146, 193, 131, 180, 5, 84, 260, 235, 223, 191, 30, 212, 76, 203, 34]
2026-06-08 13:42:28,811 [lae.py] => 85,952,266 model total parameters.
2026-06-08 13:42:28,812 [lae.py] => 0 model training parameters.
2026-06-08 13:42:28,813 [trainer.py] => All params: 86105876
2026-06-08 13:42:28,813 [trainer.py] => Trainable params: 0
2026-06-08 13:42:28,814 [lae.py] => Learning on 0-5
2026-06-08 14:13:18,529 [lae.py] => Task 0, Epoch 50/50 => Loss 0.117, Train_accy 95.56, Test_accy 91.00
2026-06-08 14:13:22,871 [trainer.py] => No NME accuracy.
2026-06-08 14:13:22,872 [trainer.py] => CNN: {'total': 91.0, '00-04': 91.0, 'old': 0, 'new': 91.0}
2026-06-08 14:13:22,872 [trainer.py] => CNN top1 curve: [91.0]
2026-06-08 14:13:22,872 [trainer.py] => CNN top5 curve: [100.0]
2026-06-08 14:13:22,873 [trainer.py] => Average Accuracy (CNN): 91.0
2026-06-08 14:13:22,875 [trainer.py] => All params: 86109721
2026-06-08 14:13:22,877 [trainer.py] => Trainable params: 157455
2026-06-08 14:13:22,881 [lae.py] => Learning on 5-10
2026-06-08 14:42:52,501 [lae.py] => Task 1, Epoch 50/50 => Loss 0.044, Train_accy 98.27, Test_accy 91.50
2026-06-08 14:42:59,746 [trainer.py] => No NME accuracy.
2026-06-08 14:42:59,747 [trainer.py] => CNN: {'total': 91.5, '00-04': 88.0, '05-09': 95.0, 'old': 88.0, 'new': 95.0}
2026-06-08 14:42:59,747 [trainer.py] => CNN top1 curve: [91.0, 91.5]
2026-06-08 14:42:59,747 [trainer.py] => CNN top5 curve: [100.0, 100.0]
2026-06-08 14:42:59,748 [trainer.py] => Average Accuracy (CNN): 91.25
2026-06-08 14:42:59,750 [trainer.py] => All params: 86113566
2026-06-08 14:42:59,752 [trainer.py] => Trainable params: 161300
2026-06-08 14:42:59,762 [lae.py] => Learning on 10-15
2026-06-08 15:12:42,436 [lae.py] => Task 2, Epoch 50/50 => Loss 0.009, Train_accy 99.65, Test_accy 89.67
2026-06-08 15:12:52,915 [trainer.py] => No NME accuracy.
2026-06-08 15:12:52,915 [trainer.py] => CNN: {'total': 89.67, '00-04': 77.0, '05-09': 96.0, '10-14': 96.0, 'old': 86.5, 'new': 96.0}
2026-06-08 15:12:52,915 [trainer.py] => CNN top1 curve: [91.0, 91.5, 89.67]
2026-06-08 15:12:52,915 [trainer.py] => CNN top5 curve: [100.0, 100.0, 100.0]
2026-06-08 15:12:52,915 [trainer.py] => Average Accuracy (CNN): 90.72
2026-06-08 15:12:52,916 [trainer.py] => All params: 86117411
2026-06-08 15:12:52,917 [trainer.py] => Trainable params: 165145
2026-06-08 15:12:52,919 [lae.py] => Learning on 15-20
2026-06-08 15:45:05,124 [lae.py] => Task 3, Epoch 50/50 => Loss 0.126, Train_accy 94.89, Test_accy 78.25
2026-06-08 15:45:19,640 [trainer.py] => No NME accuracy.
2026-06-08 15:45:19,640 [trainer.py] => CNN: {'total': 78.25, '00-04': 70.0, '05-09': 94.0, '10-14': 94.0, '15-19': 55.0, 'old': 86.0, 'new': 55.0}
2026-06-08 15:45:19,641 [trainer.py] => CNN top1 curve: [91.0, 91.5, 89.67, 78.25]
2026-06-08 15:45:19,641 [trainer.py] => CNN top5 curve: [100.0, 100.0, 100.0, 99.5]
2026-06-08 15:45:19,641 [trainer.py] => Average Accuracy (CNN): 87.6
2026-06-08 15:45:19,644 [trainer.py] => All params: 86121256
2026-06-08 15:45:19,646 [trainer.py] => Trainable params: 168990
2026-06-08 15:45:19,655 [lae.py] => Learning on 20-25
2026-06-08 16:14:26,215 [lae.py] => Task 4, Epoch 50/50 => Loss 0.016, Train_accy 99.54, Test_accy 81.60
2026-06-08 16:14:42,536 [trainer.py] => No NME accuracy.
2026-06-08 16:14:42,536 [trainer.py] => CNN: {'total': 81.6, '00-04': 72.0, '05-09': 91.0, '10-14': 98.0, '15-19': 58.0, '20-24': 89.0, 'old': 79.75, 'new': 89.0}
2026-06-08 16:14:42,536 [trainer.py] => CNN top1 curve: [91.0, 91.5, 89.67, 78.25, 81.6]
2026-06-08 16:14:42,536 [trainer.py] => CNN top5 curve: [100.0, 100.0, 100.0, 99.5, 99.6]
2026-06-08 16:14:42,536 [trainer.py] => Average Accuracy (CNN): 86.4
2026-06-08 16:14:42,537 [trainer.py] => All params: 86125101
2026-06-08 16:14:42,538 [trainer.py] => Trainable params: 172835
2026-06-08 16:14:42,541 [lae.py] => Learning on 25-30
2026-06-08 16:48:32,247 [lae.py] => Task 5, Epoch 50/50 => Loss 0.027, Train_accy 99.17, Test_accy 78.67
2026-06-08 16:48:51,513 [trainer.py] => No NME accuracy.
2026-06-08 16:48:51,514 [trainer.py] => CNN: {'total': 78.67, '00-04': 68.0, '05-09': 92.0, '10-14': 95.0, '15-19': 61.0, '20-24': 80.0, '25-29': 76.0, 'old': 79.2, 'new': 76.0}
2026-06-08 16:48:51,514 [trainer.py] => CNN top1 curve: [91.0, 91.5, 89.67, 78.25, 81.6, 78.67]
2026-06-08 16:48:51,514 [trainer.py] => CNN top5 curve: [100.0, 100.0, 100.0, 99.5, 99.6, 99.17]
2026-06-08 16:48:51,514 [trainer.py] => Average Accuracy (CNN): 85.12
2026-06-08 16:48:51,517 [trainer.py] => All params: 86128946
2026-06-08 16:48:51,519 [trainer.py] => Trainable params: 176680
2026-06-08 16:48:51,531 [lae.py] => Learning on 30-35
2026-06-08 17:23:02,600 [lae.py] => Task 6, Epoch 50/50 => Loss 0.027, Train_accy 99.16, Test_accy 74.39
2026-06-08 17:23:24,605 [trainer.py] => No NME accuracy.
2026-06-08 17:23:24,606 [trainer.py] => CNN: {'total': 74.39, '00-04': 63.0, '05-09': 88.0, '10-14': 96.0, '15-19': 60.0, '20-24': 74.0, '25-29': 69.0, '30-34': 70.71, 'old': 75.0, 'new': 70.71}
2026-06-08 17:23:24,606 [trainer.py] => CNN top1 curve: [91.0, 91.5, 89.67, 78.25, 81.6, 78.67, 74.39]
2026-06-08 17:23:24,606 [trainer.py] => CNN top5 curve: [100.0, 100.0, 100.0, 99.5, 99.6, 99.17, 98.57]
2026-06-08 17:23:24,607 [trainer.py] => Average Accuracy (CNN): 83.58
2026-06-08 17:23:24,609 [trainer.py] => All params: 86132791
2026-06-08 17:23:24,611 [trainer.py] => Trainable params: 180525
2026-06-08 17:23:24,802 [lae.py] => Learning on 35-40
2026-06-08 17:57:13,337 [lae.py] => Task 7, Epoch 50/50 => Loss 0.013, Train_accy 99.53, Test_accy 72.09
2026-06-08 17:57:37,883 [trainer.py] => No NME accuracy.
2026-06-08 17:57:37,883 [trainer.py] => CNN: {'total': 72.09, '00-04': 61.0, '05-09': 90.0, '10-14': 94.0, '15-19': 62.0, '20-24': 82.0, '25-29': 64.0, '30-34': 70.71, '35-39': 53.0, 'old': 74.82, 'new': 53.0}
2026-06-08 17:57:37,883 [trainer.py] => CNN top1 curve: [91.0, 91.5, 89.67, 78.25, 81.6, 78.67, 74.39, 72.09]
2026-06-08 17:57:37,883 [trainer.py] => CNN top5 curve: [100.0, 100.0, 100.0, 99.5, 99.6, 99.17, 98.57, 97.37]
2026-06-08 17:57:37,883 [trainer.py] => Average Accuracy (CNN): 82.15
2026-06-08 17:57:37,884 [trainer.py] => All params: 86136636
2026-06-08 17:57:37,885 [trainer.py] => Trainable params: 184370
2026-06-08 17:57:37,898 [lae.py] => Learning on 40-45
2026-06-08 18:32:31,397 [lae.py] => Task 8, Epoch 50/50 => Loss 0.013, Train_accy 99.41, Test_accy 71.86
2026-06-08 18:33:00,054 [trainer.py] => No NME accuracy.
2026-06-08 18:33:00,054 [trainer.py] => CNN: {'total': 71.86, '00-04': 56.0, '05-09': 88.0, '10-14': 96.0, '15-19': 60.0, '20-24': 80.0, '25-29': 64.0, '30-34': 70.71, '35-39': 49.0, '40-44': 83.0, 'old': 70.46, 'new': 83.0}
2026-06-08 18:33:00,054 [trainer.py] => CNN top1 curve: [91.0, 91.5, 89.67, 78.25, 81.6, 78.67, 74.39, 72.09, 71.86]
2026-06-08 18:33:00,055 [trainer.py] => CNN top5 curve: [100.0, 100.0, 100.0, 99.5, 99.6, 99.17, 98.57, 97.37, 96.66]
2026-06-08 18:33:00,055 [trainer.py] => Average Accuracy (CNN): 81.0
2026-06-08 18:33:00,056 [trainer.py] => All params: 86140481
2026-06-08 18:33:00,056 [trainer.py] => Trainable params: 188215
2026-06-08 18:33:00,068 [lae.py] => Learning on 45-50
2026-06-08 19:06:48,853 [lae.py] => Task 9, Epoch 50/50 => Loss 0.017, Train_accy 99.66, Test_accy 69.47
2026-06-08 19:07:20,146 [trainer.py] => No NME accuracy.
2026-06-08 19:07:20,146 [trainer.py] => CNN: {'total': 69.47, '00-04': 62.0, '05-09': 87.0, '10-14': 97.0, '15-19': 60.0, '20-24': 75.0, '25-29': 61.0, '30-34': 70.71, '35-39': 51.0, '40-44': 78.0, '45-49': 53.0, 'old': 71.3, 'new': 53.0}
2026-06-08 19:07:20,146 [trainer.py] => CNN top1 curve: [91.0, 91.5, 89.67, 78.25, 81.6, 78.67, 74.39, 72.09, 71.86, 69.47]
2026-06-08 19:07:20,146 [trainer.py] => CNN top5 curve: [100.0, 100.0, 100.0, 99.5, 99.6, 99.17, 98.57, 97.37, 96.66, 95.1]
2026-06-08 19:07:20,146 [trainer.py] => Average Accuracy (CNN): 79.85
2026-06-08 19:07:20,147 [trainer.py] => All params: 86144326
2026-06-08 19:07:20,148 [trainer.py] => Trainable params: 192060
2026-06-08 19:07:20,157 [lae.py] => Learning on 50-55
2026-06-08 19:44:19,664 [lae.py] => Task 10, Epoch 50/50 => Loss 0.033, Train_accy 98.61, Test_accy 69.79
2026-06-08 19:44:54,142 [trainer.py] => No NME accuracy.
2026-06-08 19:44:54,143 [trainer.py] => CNN: {'total': 69.79, '00-04': 58.0, '05-09': 88.0, '10-14': 97.0, '15-19': 60.0, '20-24': 71.0, '25-29': 68.0, '30-34': 68.69, '35-39': 49.0, '40-44': 82.0, '45-49': 52.0, '50-54': 74.0, 'old': 69.37, 'new': 74.0}
2026-06-08 19:44:54,143 [trainer.py] => CNN top1 curve: [91.0, 91.5, 89.67, 78.25, 81.6, 78.67, 74.39, 72.09, 71.86, 69.47, 69.79]
2026-06-08 19:44:54,143 [trainer.py] => CNN top5 curve: [100.0, 100.0, 100.0, 99.5, 99.6, 99.17, 98.57, 97.37, 96.66, 95.1, 94.9]
2026-06-08 19:44:54,143 [trainer.py] => Average Accuracy (CNN): 78.94
2026-06-08 19:44:54,146 [trainer.py] => All params: 86148171
2026-06-08 19:44:54,148 [trainer.py] => Trainable params: 195905
2026-06-08 19:44:54,154 [lae.py] => Learning on 55-60
2026-06-08 20:21:24,304 [lae.py] => Task 11, Epoch 50/50 => Loss 0.013, Train_accy 99.61, Test_accy 69.81
2026-06-08 20:22:01,802 [trainer.py] => No NME accuracy.
2026-06-08 20:22:01,802 [trainer.py] => CNN: {'total': 69.81, '00-04': 60.0, '05-09': 86.0, '10-14': 95.0, '15-19': 57.0, '20-24': 79.0, '25-29': 67.0, '30-34': 70.71, '35-39': 49.0, '40-44': 82.0, '45-49': 55.0, '50-54': 78.0, '55-59': 59.0, 'old': 70.79, 'new': 59.0}
2026-06-08 20:22:01,802 [trainer.py] => CNN top1 curve: [91.0, 91.5, 89.67, 78.25, 81.6, 78.67, 74.39, 72.09, 71.86, 69.47, 69.79, 69.81]
2026-06-08 20:22:01,802 [trainer.py] => CNN top5 curve: [100.0, 100.0, 100.0, 99.5, 99.6, 99.17, 98.57, 97.37, 96.66, 95.1, 94.9, 94.25]
2026-06-08 20:22:01,803 [trainer.py] => Average Accuracy (CNN): 78.18
2026-06-08 20:22:01,803 [trainer.py] => All params: 86152016
2026-06-08 20:22:01,804 [trainer.py] => Trainable params: 199750
2026-06-08 20:22:01,811 [lae.py] => Learning on 60-65
2026-06-08 20:59:07,251 [lae.py] => Task 12, Epoch 50/50 => Loss 0.017, Train_accy 99.29, Test_accy 67.82
2026-06-08 20:59:47,868 [trainer.py] => No NME accuracy.
2026-06-08 20:59:47,869 [trainer.py] => CNN: {'total': 67.82, '00-04': 59.0, '05-09': 84.0, '10-14': 94.0, '15-19': 58.0, '20-24': 83.0, '25-29': 59.0, '30-34': 70.71, '35-39': 42.0, '40-44': 83.0, '45-49': 56.0, '50-54': 81.0, '55-59': 56.0, '60-64': 56.0, 'old': 68.81, 'new': 56.0}
2026-06-08 20:59:47,869 [trainer.py] => CNN top1 curve: [91.0, 91.5, 89.67, 78.25, 81.6, 78.67, 74.39, 72.09, 71.86, 69.47, 69.79, 69.81, 67.82]
2026-06-08 20:59:47,870 [trainer.py] => CNN top5 curve: [100.0, 100.0, 100.0, 99.5, 99.6, 99.17, 98.57, 97.37, 96.66, 95.1, 94.9, 94.25, 93.23]
2026-06-08 20:59:47,870 [trainer.py] => Average Accuracy (CNN): 77.38
2026-06-08 20:59:47,873 [trainer.py] => All params: 86155861
2026-06-08 20:59:47,874 [trainer.py] => Trainable params: 203595
2026-06-08 20:59:47,890 [lae.py] => Learning on 65-70
2026-06-08 21:35:45,123 [lae.py] => Task 13, Epoch 50/50 => Loss 0.020, Train_accy 99.38, Test_accy 63.16
2026-06-08 21:36:30,791 [trainer.py] => No NME accuracy.
2026-06-08 21:36:30,807 [trainer.py] => CNN: {'total': 63.16, '00-04': 58.0, '05-09': 85.0, '10-14': 86.0, '15-19': 56.0, '20-24': 72.0, '25-29': 51.0, '30-34': 68.69, '35-39': 45.0, '40-44': 76.0, '45-49': 47.0, '50-54': 68.0, '55-59': 53.0, '60-64': 52.0, '65-69': 66.67, 'old': 62.89, 'new': 66.67}
2026-06-08 21:36:30,807 [trainer.py] => CNN top1 curve: [91.0, 91.5, 89.67, 78.25, 81.6, 78.67, 74.39, 72.09, 71.86, 69.47, 69.79, 69.81, 67.82, 63.16]
2026-06-08 21:36:30,807 [trainer.py] => CNN top5 curve: [100.0, 100.0, 100.0, 99.5, 99.6, 99.17, 98.57, 97.37, 96.66, 95.1, 94.9, 94.25, 93.23, 92.35]
2026-06-08 21:36:30,808 [trainer.py] => Average Accuracy (CNN): 76.36
2026-06-08 21:36:30,810 [trainer.py] => All params: 86159706
2026-06-08 21:36:30,812 [trainer.py] => Trainable params: 207440
2026-06-08 21:36:30,818 [lae.py] => Learning on 70-75
2026-06-08 22:16:14,845 [lae.py] => Task 14, Epoch 50/50 => Loss 0.007, Train_accy 99.69, Test_accy 63.02
2026-06-08 22:16:55,706 [trainer.py] => No NME accuracy.
2026-06-08 22:16:55,707 [trainer.py] => CNN: {'total': 63.02, '00-04': 59.0, '05-09': 82.0, '10-14': 84.0, '15-19': 53.0, '20-24': 72.0, '25-29': 50.0, '30-34': 68.69, '35-39': 44.0, '40-44': 78.0, '45-49': 46.0, '50-54': 66.0, '55-59': 53.0, '60-64': 49.0, '65-69': 61.62, '70-74': 79.0, 'old': 61.87, 'new': 79.0}
2026-06-08 22:16:55,707 [trainer.py] => CNN top1 curve: [91.0, 91.5, 89.67, 78.25, 81.6, 78.67, 74.39, 72.09, 71.86, 69.47, 69.79, 69.81, 67.82, 63.16, 63.02]
2026-06-08 22:16:55,707 [trainer.py] => CNN top5 curve: [100.0, 100.0, 100.0, 99.5, 99.6, 99.17, 98.57, 97.37, 96.66, 95.1, 94.9, 94.25, 93.23, 92.35, 92.72]
2026-06-08 22:16:55,708 [trainer.py] => Average Accuracy (CNN): 75.47
2026-06-08 22:16:55,709 [trainer.py] => All params: 86163551
2026-06-08 22:16:55,711 [trainer.py] => Trainable params: 211285
2026-06-08 22:16:55,716 [lae.py] => Learning on 75-80
2026-06-08 22:55:16,776 [lae.py] => Task 15, Epoch 50/50 => Loss 0.017, Train_accy 99.27, Test_accy 65.96
2026-06-08 22:56:05,796 [trainer.py] => No NME accuracy.
2026-06-08 22:56:05,797 [trainer.py] => CNN: {'total': 65.96, '00-04': 61.0, '05-09': 81.0, '10-14': 84.0, '15-19': 56.0, '20-24': 79.0, '25-29': 55.0, '30-34': 67.68, '35-39': 45.0, '40-44': 79.0, '45-49': 46.0, '50-54': 69.0, '55-59': 57.0, '60-64': 52.0, '65-69': 68.69, '70-74': 77.0, '75-79': 78.0, 'old': 65.15, 'new': 78.0}
2026-06-08 22:56:05,797 [trainer.py] => CNN top1 curve: [91.0, 91.5, 89.67, 78.25, 81.6, 78.67, 74.39, 72.09, 71.86, 69.47, 69.79, 69.81, 67.82, 63.16, 63.02, 65.96]
2026-06-08 22:56:05,797 [trainer.py] => CNN top5 curve: [100.0, 100.0, 100.0, 99.5, 99.6, 99.17, 98.57, 97.37, 96.66, 95.1, 94.9, 94.25, 93.23, 92.35, 92.72, 92.93]
2026-06-08 22:56:05,797 [trainer.py] => Average Accuracy (CNN): 74.88
2026-06-08 22:56:05,798 [trainer.py] => All params: 86167396
2026-06-08 22:56:05,799 [trainer.py] => Trainable params: 215130
2026-06-08 22:56:05,803 [lae.py] => Learning on 80-85
2026-06-08 23:32:26,521 [lae.py] => Task 16, Epoch 50/50 => Loss 0.014, Train_accy 99.49, Test_accy 61.78
2026-06-08 23:33:20,006 [trainer.py] => No NME accuracy.
2026-06-08 23:33:20,097 [trainer.py] => CNN: {'total': 61.78, '00-04': 58.0, '05-09': 82.0, '10-14': 86.0, '15-19': 56.0, '20-24': 67.0, '25-29': 52.0, '30-34': 60.61, '35-39': 39.0, '40-44': 79.0, '45-49': 42.0, '50-54': 65.0, '55-59': 51.0, '60-64': 46.0, '65-69': 62.63, '70-74': 81.0, '75-79': 73.0, '80-84': 50.0, 'old': 62.52, 'new': 50.0}
2026-06-08 23:33:20,097 [trainer.py] => CNN top1 curve: [91.0, 91.5, 89.67, 78.25, 81.6, 78.67, 74.39, 72.09, 71.86, 69.47, 69.79, 69.81, 67.82, 63.16, 63.02, 65.96, 61.78]
2026-06-08 23:33:20,097 [trainer.py] => CNN top5 curve: [100.0, 100.0, 100.0, 99.5, 99.6, 99.17, 98.57, 97.37, 96.66, 95.1, 94.9, 94.25, 93.23, 92.35, 92.72, 92.93, 91.28]
2026-06-08 23:33:20,097 [trainer.py] => Average Accuracy (CNN): 74.11
2026-06-08 23:33:20,098 [trainer.py] => All params: 86171241
2026-06-08 23:33:20,099 [trainer.py] => Trainable params: 218975
2026-06-08 23:33:20,109 [lae.py] => Learning on 85-90
2026-06-09 00:13:58,548 [lae.py] => Task 17, Epoch 50/50 => Loss 0.016, Train_accy 99.29, Test_accy 60.79
2026-06-09 00:14:54,875 [trainer.py] => No NME accuracy.
2026-06-09 00:14:54,898 [trainer.py] => CNN: {'total': 60.79, '00-04': 58.0, '05-09': 83.0, '10-14': 83.0, '15-19': 56.0, '20-24': 71.0, '25-29': 39.0, '30-34': 57.58, '35-39': 39.0, '40-44': 76.0, '45-49': 43.0, '50-54': 64.0, '55-59': 54.0, '60-64': 46.0, '65-69': 67.68, '70-74': 69.0, '75-79': 74.0, '80-84': 46.0, '85-89': 68.0, 'old': 60.37, 'new': 68.0}
2026-06-09 00:14:54,898 [trainer.py] => CNN top1 curve: [91.0, 91.5, 89.67, 78.25, 81.6, 78.67, 74.39, 72.09, 71.86, 69.47, 69.79, 69.81, 67.82, 63.16, 63.02, 65.96, 61.78, 60.79]
2026-06-09 00:14:54,899 [trainer.py] => CNN top5 curve: [100.0, 100.0, 100.0, 99.5, 99.6, 99.17, 98.57, 97.37, 96.66, 95.1, 94.9, 94.25, 93.23, 92.35, 92.72, 92.93, 91.28, 92.27]
2026-06-09 00:14:54,899 [trainer.py] => Average Accuracy (CNN): 73.37
2026-06-09 00:14:54,900 [trainer.py] => All params: 86175086
2026-06-09 00:14:54,902 [trainer.py] => Trainable params: 222820
2026-06-09 00:14:54,915 [lae.py] => Learning on 90-95
2026-06-09 00:58:47,885 [lae.py] => Task 18, Epoch 50/50 => Loss 0.024, Train_accy 99.30, Test_accy 59.43
2026-06-09 00:59:46,531 [trainer.py] => No NME accuracy.
2026-06-09 00:59:46,532 [trainer.py] => CNN: {'total': 59.43, '00-04': 56.0, '05-09': 85.0, '10-14': 85.0, '15-19': 52.0, '20-24': 70.0, '25-29': 42.0, '30-34': 56.57, '35-39': 36.0, '40-44': 81.0, '45-49': 41.0, '50-54': 66.0, '55-59': 54.0, '60-64': 47.0, '65-69': 64.65, '70-74': 62.0, '75-79': 72.0, '80-84': 42.0, '85-89': 68.0, '90-94': 49.0, 'old': 60.01, 'new': 49.0}
2026-06-09 00:59:46,532 [trainer.py] => CNN top1 curve: [91.0, 91.5, 89.67, 78.25, 81.6, 78.67, 74.39, 72.09, 71.86, 69.47, 69.79, 69.81, 67.82, 63.16, 63.02, 65.96, 61.78, 60.79, 59.43]
2026-06-09 00:59:46,532 [trainer.py] => CNN top5 curve: [100.0, 100.0, 100.0, 99.5, 99.6, 99.17, 98.57, 97.37, 96.66, 95.1, 94.9, 94.25, 93.23, 92.35, 92.72, 92.93, 91.28, 92.27, 89.94]
2026-06-09 00:59:46,532 [trainer.py] => Average Accuracy (CNN): 72.63
2026-06-09 00:59:46,534 [trainer.py] => All params: 86178931
2026-06-09 00:59:46,535 [trainer.py] => Trainable params: 226665
2026-06-09 00:59:46,544 [lae.py] => Learning on 95-100
2026-06-09 01:38:05,653 [lae.py] => Task 19, Epoch 50/50 => Loss 0.008, Train_accy 99.72, Test_accy 60.24
2026-06-09 01:39:07,357 [trainer.py] => No NME accuracy.
2026-06-09 01:39:07,357 [trainer.py] => CNN: {'total': 60.24, '00-04': 58.0, '05-09': 85.0, '10-14': 83.0, '15-19': 51.0, '20-24': 75.0, '25-29': 43.0, '30-34': 59.6, '35-39': 36.0, '40-44': 82.0, '45-49': 45.0, '50-54': 72.0, '55-59': 51.0, '60-64': 50.0, '65-69': 68.69, '70-74': 64.0, '75-79': 77.0, '80-84': 45.0, '85-89': 66.0, '90-94': 52.0, '95-99': 41.41, 'old': 61.22, 'new': 41.41}
2026-06-09 01:39:07,357 [trainer.py] => CNN top1 curve: [91.0, 91.5, 89.67, 78.25, 81.6, 78.67, 74.39, 72.09, 71.86, 69.47, 69.79, 69.81, 67.82, 63.16, 63.02, 65.96, 61.78, 60.79, 59.43, 60.24]
2026-06-09 01:39:07,358 [trainer.py] => CNN top5 curve: [100.0, 100.0, 100.0, 99.5, 99.6, 99.17, 98.57, 97.37, 96.66, 95.1, 94.9, 94.25, 93.23, 92.35, 92.72, 92.93, 91.28, 92.27, 89.94, 89.13]
2026-06-09 01:39:07,358 [trainer.py] => Average Accuracy (CNN): 72.02
2026-06-09 01:39:07,359 [trainer.py] => All params: 86182776
2026-06-09 01:39:07,361 [trainer.py] => Trainable params: 230510
2026-06-09 01:39:07,374 [lae.py] => Learning on 100-105
2026-06-09 02:18:45,543 [lae.py] => Task 20, Epoch 50/50 => Loss 0.025, Train_accy 99.06, Test_accy 58.94
2026-06-09 02:19:50,747 [trainer.py] => No NME accuracy.
2026-06-09 02:19:50,761 [trainer.py] => CNN: {'total': 58.94, '00-04': 59.0, '05-09': 88.0, '10-14': 81.0, '15-19': 49.0, '20-24': 72.0, '25-29': 39.0, '30-34': 61.62, '35-39': 35.0, '40-44': 79.0, '45-49': 38.0, '50-54': 67.0, '55-59': 44.0, '60-64': 49.0, '65-69': 66.67, '70-74': 63.0, '75-79': 72.0, '80-84': 47.0, '85-89': 67.0, '90-94': 51.0, '95-99': 41.41, '100-104': 68.0, 'old': 58.49, 'new': 68.0}
2026-06-09 02:19:50,761 [trainer.py] => CNN top1 curve: [91.0, 91.5, 89.67, 78.25, 81.6, 78.67, 74.39, 72.09, 71.86, 69.47, 69.79, 69.81, 67.82, 63.16, 63.02, 65.96, 61.78, 60.79, 59.43, 60.24, 58.94]
2026-06-09 02:19:50,761 [trainer.py] => CNN top5 curve: [100.0, 100.0, 100.0, 99.5, 99.6, 99.17, 98.57, 97.37, 96.66, 95.1, 94.9, 94.25, 93.23, 92.35, 92.72, 92.93, 91.28, 92.27, 89.94, 89.13, 89.08]
2026-06-09 02:19:50,762 [trainer.py] => Average Accuracy (CNN): 71.39
2026-06-09 02:19:50,764 [trainer.py] => All params: 86186621
2026-06-09 02:19:50,766 [trainer.py] => Trainable params: 234355
2026-06-09 02:19:50,777 [lae.py] => Learning on 105-110
2026-06-09 02:57:42,061 [lae.py] => Task 21, Epoch 50/50 => Loss 0.016, Train_accy 99.48, Test_accy 59.59
2026-06-09 02:58:41,519 [trainer.py] => No NME accuracy.
2026-06-09 02:58:41,519 [trainer.py] => CNN: {'total': 59.59, '00-04': 60.0, '05-09': 85.0, '10-14': 81.0, '15-19': 51.0, '20-24': 71.0, '25-29': 40.0, '30-34': 61.62, '35-39': 35.0, '40-44': 78.0, '45-49': 38.0, '50-54': 67.0, '55-59': 48.0, '60-64': 44.0, '65-69': 64.65, '70-74': 67.0, '75-79': 72.0, '80-84': 41.0, '85-89': 65.0, '90-94': 52.0, '95-99': 41.41, '100-104': 70.0, '105-109': 78.57, 'old': 58.7, 'new': 78.57}
2026-06-09 02:58:41,519 [trainer.py] => CNN top1 curve: [91.0, 91.5, 89.67, 78.25, 81.6, 78.67, 74.39, 72.09, 71.86, 69.47, 69.79, 69.81, 67.82, 63.16, 63.02, 65.96, 61.78, 60.79, 59.43, 60.24, 58.94, 59.59]
2026-06-09 02:58:41,519 [trainer.py] => CNN top5 curve: [100.0, 100.0, 100.0, 99.5, 99.6, 99.17, 98.57, 97.37, 96.66, 95.1, 94.9, 94.25, 93.23, 92.35, 92.72, 92.93, 91.28, 92.27, 89.94, 89.13, 89.08, 88.29]
2026-06-09 02:58:41,519 [trainer.py] => Average Accuracy (CNN): 70.86
2026-06-09 02:58:41,520 [trainer.py] => All params: 86190466
2026-06-09 02:58:41,521 [trainer.py] => Trainable params: 238200
2026-06-09 02:58:41,532 [lae.py] => Learning on 110-115
2026-06-09 03:40:33,720 [lae.py] => Task 22, Epoch 50/50 => Loss 0.028, Train_accy 99.08, Test_accy 59.65
2026-06-09 03:41:42,238 [trainer.py] => No NME accuracy.
2026-06-09 03:41:42,238 [trainer.py] => CNN: {'total': 59.65, '00-04': 58.0, '05-09': 85.0, '10-14': 82.0, '15-19': 50.0, '20-24': 72.0, '25-29': 37.0, '30-34': 62.63, '35-39': 34.0, '40-44': 78.0, '45-49': 42.0, '50-54': 67.0, '55-59': 45.0, '60-64': 49.0, '65-69': 65.66, '70-74': 66.0, '75-79': 69.0, '80-84': 44.0, '85-89': 66.0, '90-94': 52.0, '95-99': 40.4, '100-104': 72.0, '105-109': 79.59, '110-114': 56.0, 'old': 59.82, 'new': 56.0}
2026-06-09 03:41:42,239 [trainer.py] => CNN top1 curve: [91.0, 91.5, 89.67, 78.25, 81.6, 78.67, 74.39, 72.09, 71.86, 69.47, 69.79, 69.81, 67.82, 63.16, 63.02, 65.96, 61.78, 60.79, 59.43, 60.24, 58.94, 59.59, 59.65]
2026-06-09 03:41:42,239 [trainer.py] => CNN top5 curve: [100.0, 100.0, 100.0, 99.5, 99.6, 99.17, 98.57, 97.37, 96.66, 95.1, 94.9, 94.25, 93.23, 92.35, 92.72, 92.93, 91.28, 92.27, 89.94, 89.13, 89.08, 88.29, 88.93]
2026-06-09 03:41:42,239 [trainer.py] => Average Accuracy (CNN): 70.37
2026-06-09 03:41:42,242 [trainer.py] => All params: 86194311
2026-06-09 03:41:42,243 [trainer.py] => Trainable params: 242045
2026-06-09 03:41:42,253 [lae.py] => Learning on 115-120
2026-06-09 04:21:36,533 [lae.py] => Task 23, Epoch 50/50 => Loss 0.064, Train_accy 97.93, Test_accy 59.21
2026-06-09 04:22:45,953 [trainer.py] => No NME accuracy.
2026-06-09 04:22:45,953 [trainer.py] => CNN: {'total': 59.21, '00-04': 60.0, '05-09': 83.0, '10-14': 83.0, '15-19': 51.0, '20-24': 75.0, '25-29': 39.0, '30-34': 62.63, '35-39': 34.0, '40-44': 77.0, '45-49': 38.0, '50-54': 65.0, '55-59': 49.0, '60-64': 48.0, '65-69': 69.7, '70-74': 65.0, '75-79': 71.0, '80-84': 47.0, '85-89': 65.0, '90-94': 52.0, '95-99': 40.4, '100-104': 72.0, '105-109': 80.61, '110-114': 55.0, '115-119': 39.0, 'old': 60.09, 'new': 39.0}
2026-06-09 04:22:45,953 [trainer.py] => CNN top1 curve: [91.0, 91.5, 89.67, 78.25, 81.6, 78.67, 74.39, 72.09, 71.86, 69.47, 69.79, 69.81, 67.82, 63.16, 63.02, 65.96, 61.78, 60.79, 59.43, 60.24, 58.94, 59.59, 59.65, 59.21]
2026-06-09 04:22:45,954 [trainer.py] => CNN top5 curve: [100.0, 100.0, 100.0, 99.5, 99.6, 99.17, 98.57, 97.37, 96.66, 95.1, 94.9, 94.25, 93.23, 92.35, 92.72, 92.93, 91.28, 92.27, 89.94, 89.13, 89.08, 88.29, 88.93, 87.31]
2026-06-09 04:22:45,954 [trainer.py] => Average Accuracy (CNN): 69.9
2026-06-09 04:22:45,955 [trainer.py] => All params: 86198156
2026-06-09 04:22:45,955 [trainer.py] => Trainable params: 245890
2026-06-09 04:22:45,964 [lae.py] => Learning on 120-125
2026-06-09 05:03:43,627 [lae.py] => Task 24, Epoch 50/50 => Loss 0.053, Train_accy 97.95, Test_accy 57.62
2026-06-09 05:05:03,149 [trainer.py] => No NME accuracy.
2026-06-09 05:05:03,178 [trainer.py] => CNN: {'total': 57.62, '00-04': 57.0, '05-09': 87.0, '10-14': 79.0, '15-19': 48.0, '20-24': 71.0, '25-29': 41.0, '30-34': 63.64, '35-39': 28.0, '40-44': 76.0, '45-49': 36.0, '50-54': 66.0, '55-59': 43.0, '60-64': 49.0, '65-69': 66.67, '70-74': 63.0, '75-79': 71.0, '80-84': 49.0, '85-89': 65.0, '90-94': 51.0, '95-99': 39.39, '100-104': 73.0, '105-109': 79.59, '110-114': 55.0, '115-119': 32.0, '120-124': 51.52, 'old': 57.87, 'new': 51.52}
2026-06-09 05:05:03,178 [trainer.py] => CNN top1 curve: [91.0, 91.5, 89.67, 78.25, 81.6, 78.67, 74.39, 72.09, 71.86, 69.47, 69.79, 69.81, 67.82, 63.16, 63.02, 65.96, 61.78, 60.79, 59.43, 60.24, 58.94, 59.59, 59.65, 59.21, 57.62]
2026-06-09 05:05:03,178 [trainer.py] => CNN top5 curve: [100.0, 100.0, 100.0, 99.5, 99.6, 99.17, 98.57, 97.37, 96.66, 95.1, 94.9, 94.25, 93.23, 92.35, 92.72, 92.93, 91.28, 92.27, 89.94, 89.13, 89.08, 88.29, 88.93, 87.31, 86.65]
2026-06-09 05:05:03,178 [trainer.py] => Average Accuracy (CNN): 69.41
2026-06-09 05:05:03,179 [trainer.py] => All params: 86202001
2026-06-09 05:05:03,180 [trainer.py] => Trainable params: 249735
2026-06-09 05:05:03,183 [lae.py] => Learning on 125-130
2026-06-09 05:47:17,349 [lae.py] => Task 25, Epoch 50/50 => Loss 0.013, Train_accy 99.31, Test_accy 57.40
2026-06-09 05:48:37,459 [trainer.py] => No NME accuracy.
2026-06-09 05:48:37,501 [trainer.py] => CNN: {'total': 57.4, '00-04': 54.0, '05-09': 85.0, '10-14': 83.0, '15-19': 52.0, '20-24': 74.0, '25-29': 36.0, '30-34': 60.61, '35-39': 31.0, '40-44': 80.0, '45-49': 38.0, '50-54': 69.0, '55-59': 47.0, '60-64': 50.0, '65-69': 65.66, '70-74': 53.0, '75-79': 70.0, '80-84': 50.0, '85-89': 64.0, '90-94': 52.0, '95-99': 40.4, '100-104': 71.0, '105-109': 79.59, '110-114': 54.0, '115-119': 38.0, '120-124': 48.48, '125-129': 47.0, 'old': 57.82, 'new': 47.0}
2026-06-09 05:48:37,501 [trainer.py] => CNN top1 curve: [91.0, 91.5, 89.67, 78.25, 81.6, 78.67, 74.39, 72.09, 71.86, 69.47, 69.79, 69.81, 67.82, 63.16, 63.02, 65.96, 61.78, 60.79, 59.43, 60.24, 58.94, 59.59, 59.65, 59.21, 57.62, 57.4]
2026-06-09 05:48:37,501 [trainer.py] => CNN top5 curve: [100.0, 100.0, 100.0, 99.5, 99.6, 99.17, 98.57, 97.37, 96.66, 95.1, 94.9, 94.25, 93.23, 92.35, 92.72, 92.93, 91.28, 92.27, 89.94, 89.13, 89.08, 88.29, 88.93, 87.31, 86.65, 87.16]
2026-06-09 05:48:37,501 [trainer.py] => Average Accuracy (CNN): 68.95
2026-06-09 05:48:37,502 [trainer.py] => All params: 86205846
2026-06-09 05:48:37,503 [trainer.py] => Trainable params: 253580
2026-06-09 05:48:37,513 [lae.py] => Learning on 130-135
2026-06-09 06:31:55,651 [lae.py] => Task 26, Epoch 50/50 => Loss 0.044, Train_accy 98.86, Test_accy 57.02
2026-06-09 06:33:20,554 [trainer.py] => No NME accuracy.
2026-06-09 06:33:20,593 [trainer.py] => CNN: {'total': 57.02, '00-04': 49.0, '05-09': 83.0, '10-14': 79.0, '15-19': 52.0, '20-24': 65.0, '25-29': 35.0, '30-34': 60.61, '35-39': 30.0, '40-44': 79.0, '45-49': 39.0, '50-54': 66.0, '55-59': 43.0, '60-64': 49.0, '65-69': 69.7, '70-74': 55.0, '75-79': 72.0, '80-84': 53.0, '85-89': 67.0, '90-94': 52.0, '95-99': 37.37, '100-104': 70.0, '105-109': 78.57, '110-114': 54.0, '115-119': 36.0, '120-124': 47.47, '125-129': 44.0, '130-134': 74.49, 'old': 56.36, 'new': 74.49}
2026-06-09 06:33:20,593 [trainer.py] => CNN top1 curve: [91.0, 91.5, 89.67, 78.25, 81.6, 78.67, 74.39, 72.09, 71.86, 69.47, 69.79, 69.81, 67.82, 63.16, 63.02, 65.96, 61.78, 60.79, 59.43, 60.24, 58.94, 59.59, 59.65, 59.21, 57.62, 57.4, 57.02]
2026-06-09 06:33:20,593 [trainer.py] => CNN top5 curve: [100.0, 100.0, 100.0, 99.5, 99.6, 99.17, 98.57, 97.37, 96.66, 95.1, 94.9, 94.25, 93.23, 92.35, 92.72, 92.93, 91.28, 92.27, 89.94, 89.13, 89.08, 88.29, 88.93, 87.31, 86.65, 87.16, 86.92]
2026-06-09 06:33:20,594 [trainer.py] => Average Accuracy (CNN): 68.51
2026-06-09 06:33:20,596 [trainer.py] => All params: 86209691
2026-06-09 06:33:20,598 [trainer.py] => Trainable params: 257425
2026-06-09 06:33:20,603 [lae.py] => Learning on 135-140
2026-06-09 07:20:52,627 [lae.py] => Task 27, Epoch 50/50 => Loss 0.071, Train_accy 97.59, Test_accy 53.76
2026-06-09 07:22:19,875 [trainer.py] => No NME accuracy.
2026-06-09 07:22:19,895 [trainer.py] => CNN: {'total': 53.76, '00-04': 49.0, '05-09': 88.0, '10-14': 76.0, '15-19': 50.0, '20-24': 62.0, '25-29': 36.0, '30-34': 62.63, '35-39': 29.0, '40-44': 72.0, '45-49': 37.0, '50-54': 60.0, '55-59': 43.0, '60-64': 45.0, '65-69': 60.61, '70-74': 62.0, '75-79': 71.0, '80-84': 44.0, '85-89': 56.0, '90-94': 49.0, '95-99': 36.36, '100-104': 68.0, '105-109': 77.55, '110-114': 51.0, '115-119': 34.0, '120-124': 47.47, '125-129': 39.0, '130-134': 71.43, '135-139': 29.0, 'old': 54.68, 'new': 29.0}
2026-06-09 07:22:19,896 [trainer.py] => CNN top1 curve: [91.0, 91.5, 89.67, 78.25, 81.6, 78.67, 74.39, 72.09, 71.86, 69.47, 69.79, 69.81, 67.82, 63.16, 63.02, 65.96, 61.78, 60.79, 59.43, 60.24, 58.94, 59.59, 59.65, 59.21, 57.62, 57.4, 57.02, 53.76]
2026-06-09 07:22:19,896 [trainer.py] => CNN top5 curve: [100.0, 100.0, 100.0, 99.5, 99.6, 99.17, 98.57, 97.37, 96.66, 95.1, 94.9, 94.25, 93.23, 92.35, 92.72, 92.93, 91.28, 92.27, 89.94, 89.13, 89.08, 88.29, 88.93, 87.31, 86.65, 87.16, 86.92, 84.99]
2026-06-09 07:22:19,896 [trainer.py] => Average Accuracy (CNN): 67.98
2026-06-09 07:22:19,898 [trainer.py] => All params: 86213536
2026-06-09 07:22:19,899 [trainer.py] => Trainable params: 261270
2026-06-09 07:22:19,903 [lae.py] => Learning on 140-145
2026-06-09 08:05:57,622 [lae.py] => Task 28, Epoch 50/50 => Loss 0.107, Train_accy 96.42, Test_accy 51.52
2026-06-09 08:07:28,614 [trainer.py] => No NME accuracy.
2026-06-09 08:07:28,646 [trainer.py] => CNN: {'total': 51.52, '00-04': 49.0, '05-09': 83.0, '10-14': 76.0, '15-19': 50.0, '20-24': 61.0, '25-29': 36.0, '30-34': 60.61, '35-39': 31.0, '40-44': 68.0, '45-49': 33.0, '50-54': 60.0, '55-59': 42.0, '60-64': 44.0, '65-69': 60.61, '70-74': 57.0, '75-79': 67.0, '80-84': 43.0, '85-89': 53.0, '90-94': 48.0, '95-99': 35.35, '100-104': 67.0, '105-109': 74.49, '110-114': 49.0, '115-119': 33.0, '120-124': 43.43, '125-129': 40.0, '130-134': 68.37, '135-139': 27.0, '140-144': 35.0, 'old': 52.11, 'new': 35.0}
2026-06-09 08:07:28,647 [trainer.py] => CNN top1 curve: [91.0, 91.5, 89.67, 78.25, 81.6, 78.67, 74.39, 72.09, 71.86, 69.47, 69.79, 69.81, 67.82, 63.16, 63.02, 65.96, 61.78, 60.79, 59.43, 60.24, 58.94, 59.59, 59.65, 59.21, 57.62, 57.4, 57.02, 53.76, 51.52]
2026-06-09 08:07:28,647 [trainer.py] => CNN top5 curve: [100.0, 100.0, 100.0, 99.5, 99.6, 99.17, 98.57, 97.37, 96.66, 95.1, 94.9, 94.25, 93.23, 92.35, 92.72, 92.93, 91.28, 92.27, 89.94, 89.13, 89.08, 88.29, 88.93, 87.31, 86.65, 87.16, 86.92, 84.99, 83.2]
2026-06-09 08:07:28,647 [trainer.py] => Average Accuracy (CNN): 67.41
2026-06-09 08:07:28,650 [trainer.py] => All params: 86217381
2026-06-09 08:07:28,652 [trainer.py] => Trainable params: 265115
2026-06-09 08:07:28,664 [lae.py] => Learning on 145-150
2026-06-09 08:52:44,049 [lae.py] => Task 29, Epoch 50/50 => Loss 0.023, Train_accy 99.06, Test_accy 52.21
2026-06-09 08:54:19,121 [trainer.py] => No NME accuracy.
2026-06-09 08:54:19,146 [trainer.py] => CNN: {'total': 52.21, '00-04': 45.0, '05-09': 83.0, '10-14': 77.0, '15-19': 50.0, '20-24': 62.0, '25-29': 39.0, '30-34': 57.58, '35-39': 31.0, '40-44': 67.0, '45-49': 31.0, '50-54': 60.0, '55-59': 41.0, '60-64': 42.0, '65-69': 58.59, '70-74': 56.0, '75-79': 66.0, '80-84': 53.0, '85-89': 54.0, '90-94': 49.0, '95-99': 37.37, '100-104': 67.0, '105-109': 59.18, '110-114': 47.0, '115-119': 31.0, '120-124': 47.47, '125-129': 44.0, '130-134': 72.45, '135-139': 26.0, '140-144': 31.0, '145-149': 82.0, 'old': 51.18, 'new': 82.0}
2026-06-09 08:54:19,146 [trainer.py] => CNN top1 curve: [91.0, 91.5, 89.67, 78.25, 81.6, 78.67, 74.39, 72.09, 71.86, 69.47, 69.79, 69.81, 67.82, 63.16, 63.02, 65.96, 61.78, 60.79, 59.43, 60.24, 58.94, 59.59, 59.65, 59.21, 57.62, 57.4, 57.02, 53.76, 51.52, 52.21]
2026-06-09 08:54:19,146 [trainer.py] => CNN top5 curve: [100.0, 100.0, 100.0, 99.5, 99.6, 99.17, 98.57, 97.37, 96.66, 95.1, 94.9, 94.25, 93.23, 92.35, 92.72, 92.93, 91.28, 92.27, 89.94, 89.13, 89.08, 88.29, 88.93, 87.31, 86.65, 87.16, 86.92, 84.99, 83.2, 83.19]
2026-06-09 08:54:19,146 [trainer.py] => Average Accuracy (CNN): 66.91
2026-06-09 08:54:19,148 [trainer.py] => All params: 86221226
2026-06-09 08:54:19,149 [trainer.py] => Trainable params: 268960
2026-06-09 08:54:19,159 [lae.py] => Learning on 150-155
2026-06-09 09:42:23,690 [lae.py] => Task 30, Epoch 50/50 => Loss 0.020, Train_accy 99.01, Test_accy 50.87
2026-06-09 09:44:00,523 [trainer.py] => No NME accuracy.
2026-06-09 09:44:00,553 [trainer.py] => CNN: {'total': 50.87, '00-04': 43.0, '05-09': 83.0, '10-14': 77.0, '15-19': 49.0, '20-24': 61.0, '25-29': 39.0, '30-34': 59.6, '35-39': 30.0, '40-44': 70.0, '45-49': 31.0, '50-54': 58.0, '55-59': 42.0, '60-64': 43.0, '65-69': 58.59, '70-74': 55.0, '75-79': 62.0, '80-84': 44.0, '85-89': 54.0, '90-94': 48.0, '95-99': 36.36, '100-104': 65.0, '105-109': 54.08, '110-114': 50.0, '115-119': 29.0, '120-124': 42.42, '125-129': 41.0, '130-134': 71.43, '135-139': 28.0, '140-144': 29.0, '145-149': 81.0, '150-154': 43.0, 'old': 51.14, 'new': 43.0}
2026-06-09 09:44:00,553 [trainer.py] => CNN top1 curve: [91.0, 91.5, 89.67, 78.25, 81.6, 78.67, 74.39, 72.09, 71.86, 69.47, 69.79, 69.81, 67.82, 63.16, 63.02, 65.96, 61.78, 60.79, 59.43, 60.24, 58.94, 59.59, 59.65, 59.21, 57.62, 57.4, 57.02, 53.76, 51.52, 52.21, 50.87]
2026-06-09 09:44:00,553 [trainer.py] => CNN top5 curve: [100.0, 100.0, 100.0, 99.5, 99.6, 99.17, 98.57, 97.37, 96.66, 95.1, 94.9, 94.25, 93.23, 92.35, 92.72, 92.93, 91.28, 92.27, 89.94, 89.13, 89.08, 88.29, 88.93, 87.31, 86.65, 87.16, 86.92, 84.99, 83.2, 83.19, 82.73]
2026-06-09 09:44:00,553 [trainer.py] => Average Accuracy (CNN): 66.39
2026-06-09 09:44:00,554 [trainer.py] => All params: 86225071
2026-06-09 09:44:00,555 [trainer.py] => Trainable params: 272805
2026-06-09 09:44:00,565 [lae.py] => Learning on 155-160
2026-06-09 10:31:13,120 [lae.py] => Task 31, Epoch 50/50 => Loss 0.025, Train_accy 98.92, Test_accy 51.38
2026-06-09 10:32:52,763 [trainer.py] => No NME accuracy.
2026-06-09 10:32:52,790 [trainer.py] => CNN: {'total': 51.38, '00-04': 47.0, '05-09': 82.0, '10-14': 79.0, '15-19': 49.0, '20-24': 61.0, '25-29': 39.0, '30-34': 58.59, '35-39': 31.0, '40-44': 73.0, '45-49': 34.0, '50-54': 59.0, '55-59': 41.0, '60-64': 42.0, '65-69': 60.61, '70-74': 56.0, '75-79': 63.0, '80-84': 47.0, '85-89': 54.0, '90-94': 50.0, '95-99': 35.35, '100-104': 63.0, '105-109': 58.16, '110-114': 50.0, '115-119': 32.0, '120-124': 42.42, '125-129': 45.0, '130-134': 70.41, '135-139': 27.0, '140-144': 29.0, '145-149': 81.0, '150-154': 46.0, '155-159': 39.0, 'old': 51.78, 'new': 39.0}
2026-06-09 10:32:52,791 [trainer.py] => CNN top1 curve: [91.0, 91.5, 89.67, 78.25, 81.6, 78.67, 74.39, 72.09, 71.86, 69.47, 69.79, 69.81, 67.82, 63.16, 63.02, 65.96, 61.78, 60.79, 59.43, 60.24, 58.94, 59.59, 59.65, 59.21, 57.62, 57.4, 57.02, 53.76, 51.52, 52.21, 50.87, 51.38]
2026-06-09 10:32:52,791 [trainer.py] => CNN top5 curve: [100.0, 100.0, 100.0, 99.5, 99.6, 99.17, 98.57, 97.37, 96.66, 95.1, 94.9, 94.25, 93.23, 92.35, 92.72, 92.93, 91.28, 92.27, 89.94, 89.13, 89.08, 88.29, 88.93, 87.31, 86.65, 87.16, 86.92, 84.99, 83.2, 83.19, 82.73, 82.52]
2026-06-09 10:32:52,791 [trainer.py] => Average Accuracy (CNN): 65.92
2026-06-09 10:32:52,792 [trainer.py] => All params: 86228916
2026-06-09 10:32:52,793 [trainer.py] => Trainable params: 276650
2026-06-09 10:32:52,801 [lae.py] => Learning on 160-165
2026-06-09 11:18:08,294 [lae.py] => Task 32, Epoch 50/50 => Loss 0.017, Train_accy 99.25, Test_accy 51.06
2026-06-09 11:19:49,323 [trainer.py] => No NME accuracy.
2026-06-09 11:19:49,323 [trainer.py] => CNN: {'total': 51.06, '00-04': 46.0, '05-09': 84.0, '10-14': 77.0, '15-19': 50.0, '20-24': 56.0, '25-29': 41.0, '30-34': 59.6, '35-39': 30.0, '40-44': 74.0, '45-49': 32.0, '50-54': 58.0, '55-59': 33.0, '60-64': 45.0, '65-69': 56.57, '70-74': 57.0, '75-79': 60.0, '80-84': 53.0, '85-89': 57.0, '90-94': 48.0, '95-99': 36.36, '100-104': 62.0, '105-109': 56.12, '110-114': 44.0, '115-119': 32.0, '120-124': 44.44, '125-129': 46.0, '130-134': 70.41, '135-139': 24.0, '140-144': 25.0, '145-149': 79.0, '150-154': 47.0, '155-159': 38.0, '160-164': 64.0, 'old': 50.66, 'new': 64.0}
2026-06-09 11:19:49,324 [trainer.py] => CNN top1 curve: [91.0, 91.5, 89.67, 78.25, 81.6, 78.67, 74.39, 72.09, 71.86, 69.47, 69.79, 69.81, 67.82, 63.16, 63.02, 65.96, 61.78, 60.79, 59.43, 60.24, 58.94, 59.59, 59.65, 59.21, 57.62, 57.4, 57.02, 53.76, 51.52, 52.21, 50.87, 51.38, 51.06]
2026-06-09 11:19:49,324 [trainer.py] => CNN top5 curve: [100.0, 100.0, 100.0, 99.5, 99.6, 99.17, 98.57, 97.37, 96.66, 95.1, 94.9, 94.25, 93.23, 92.35, 92.72, 92.93, 91.28, 92.27, 89.94, 89.13, 89.08, 88.29, 88.93, 87.31, 86.65, 87.16, 86.92, 84.99, 83.2, 83.19, 82.73, 82.52, 81.53]
2026-06-09 11:19:49,324 [trainer.py] => Average Accuracy (CNN): 65.47
2026-06-09 11:19:49,325 [trainer.py] => All params: 86232761
2026-06-09 11:19:49,325 [trainer.py] => Trainable params: 280495
2026-06-09 11:19:49,334 [lae.py] => Learning on 165-170
2026-06-09 12:06:33,955 [lae.py] => Task 33, Epoch 50/50 => Loss 0.047, Train_accy 98.25, Test_accy 49.09
2026-06-09 12:08:17,783 [trainer.py] => No NME accuracy.
2026-06-09 12:08:17,814 [trainer.py] => CNN: {'total': 49.09, '00-04': 46.0, '05-09': 84.0, '10-14': 76.0, '15-19': 48.0, '20-24': 57.0, '25-29': 40.0, '30-34': 59.6, '35-39': 30.0, '40-44': 72.0, '45-49': 28.0, '50-54': 58.0, '55-59': 31.0, '60-64': 42.0, '65-69': 56.57, '70-74': 58.0, '75-79': 60.0, '80-84': 47.0, '85-89': 53.0, '90-94': 46.0, '95-99': 36.36, '100-104': 61.0, '105-109': 54.08, '110-114': 43.0, '115-119': 31.0, '120-124': 43.43, '125-129': 42.0, '130-134': 65.31, '135-139': 26.0, '140-144': 27.0, '145-149': 82.0, '150-154': 46.0, '155-159': 37.0, '160-164': 64.0, '165-169': 19.0, 'old': 50.0, 'new': 19.0}
2026-06-09 12:08:17,814 [trainer.py] => CNN top1 curve: [91.0, 91.5, 89.67, 78.25, 81.6, 78.67, 74.39, 72.09, 71.86, 69.47, 69.79, 69.81, 67.82, 63.16, 63.02, 65.96, 61.78, 60.79, 59.43, 60.24, 58.94, 59.59, 59.65, 59.21, 57.62, 57.4, 57.02, 53.76, 51.52, 52.21, 50.87, 51.38, 51.06, 49.09]
2026-06-09 12:08:17,814 [trainer.py] => CNN top5 curve: [100.0, 100.0, 100.0, 99.5, 99.6, 99.17, 98.57, 97.37, 96.66, 95.1, 94.9, 94.25, 93.23, 92.35, 92.72, 92.93, 91.28, 92.27, 89.94, 89.13, 89.08, 88.29, 88.93, 87.31, 86.65, 87.16, 86.92, 84.99, 83.2, 83.19, 82.73, 82.52, 81.53, 80.84]
2026-06-09 12:08:17,815 [trainer.py] => Average Accuracy (CNN): 64.99
2026-06-09 12:08:17,816 [trainer.py] => All params: 86236606
2026-06-09 12:08:17,817 [trainer.py] => Trainable params: 284340
2026-06-09 12:08:17,825 [lae.py] => Learning on 170-175
2026-06-09 12:52:16,540 [lae.py] => Task 34, Epoch 50/50 => Loss 0.009, Train_accy 99.71, Test_accy 49.05
2026-06-09 12:54:02,245 [trainer.py] => No NME accuracy.
2026-06-09 12:54:02,246 [trainer.py] => CNN: {'total': 49.05, '00-04': 43.0, '05-09': 84.0, '10-14': 77.0, '15-19': 49.0, '20-24': 55.0, '25-29': 40.0, '30-34': 55.56, '35-39': 31.0, '40-44': 74.0, '45-49': 28.0, '50-54': 58.0, '55-59': 34.0, '60-64': 41.0, '65-69': 55.56, '70-74': 57.0, '75-79': 63.0, '80-84': 46.0, '85-89': 56.0, '90-94': 49.0, '95-99': 36.36, '100-104': 61.0, '105-109': 53.06, '110-114': 44.0, '115-119': 33.0, '120-124': 44.44, '125-129': 45.0, '130-134': 66.33, '135-139': 26.0, '140-144': 26.0, '145-149': 78.0, '150-154': 46.0, '155-159': 37.0, '160-164': 61.0, '165-169': 17.0, '170-174': 47.0, 'old': 49.12, 'new': 47.0}
2026-06-09 12:54:02,246 [trainer.py] => CNN top1 curve: [91.0, 91.5, 89.67, 78.25, 81.6, 78.67, 74.39, 72.09, 71.86, 69.47, 69.79, 69.81, 67.82, 63.16, 63.02, 65.96, 61.78, 60.79, 59.43, 60.24, 58.94, 59.59, 59.65, 59.21, 57.62, 57.4, 57.02, 53.76, 51.52, 52.21, 50.87, 51.38, 51.06, 49.09, 49.05]
2026-06-09 12:54:02,246 [trainer.py] => CNN top5 curve: [100.0, 100.0, 100.0, 99.5, 99.6, 99.17, 98.57, 97.37, 96.66, 95.1, 94.9, 94.25, 93.23, 92.35, 92.72, 92.93, 91.28, 92.27, 89.94, 89.13, 89.08, 88.29, 88.93, 87.31, 86.65, 87.16, 86.92, 84.99, 83.2, 83.19, 82.73, 82.52, 81.53, 80.84, 80.3]
2026-06-09 12:54:02,246 [trainer.py] => Average Accuracy (CNN): 64.53
2026-06-09 12:54:02,247 [trainer.py] => All params: 86240451
2026-06-09 12:54:02,248 [trainer.py] => Trainable params: 288185
2026-06-09 12:54:02,254 [lae.py] => Learning on 175-180
2026-06-09 13:42:01,041 [lae.py] => Task 35, Epoch 50/50 => Loss 0.008, Train_accy 99.81, Test_accy 49.75
2026-06-09 13:43:44,463 [trainer.py] => No NME accuracy.
2026-06-09 13:43:44,477 [trainer.py] => CNN: {'total': 49.75, '00-04': 43.0, '05-09': 83.0, '10-14': 78.0, '15-19': 49.0, '20-24': 52.0, '25-29': 36.0, '30-34': 55.56, '35-39': 30.0, '40-44': 74.0, '45-49': 30.0, '50-54': 63.0, '55-59': 33.0, '60-64': 48.0, '65-69': 59.6, '70-74': 54.0, '75-79': 63.0, '80-84': 50.0, '85-89': 60.0, '90-94': 49.0, '95-99': 36.36, '100-104': 65.0, '105-109': 56.12, '110-114': 44.0, '115-119': 36.0, '120-124': 42.42, '125-129': 44.0, '130-134': 66.33, '135-139': 27.0, '140-144': 23.0, '145-149': 76.0, '150-154': 45.0, '155-159': 38.0, '160-164': 60.0, '165-169': 14.0, '170-174': 46.0, '175-179': 62.0, 'old': 49.4, 'new': 62.0}
2026-06-09 13:43:44,477 [trainer.py] => CNN top1 curve: [91.0, 91.5, 89.67, 78.25, 81.6, 78.67, 74.39, 72.09, 71.86, 69.47, 69.79, 69.81, 67.82, 63.16, 63.02, 65.96, 61.78, 60.79, 59.43, 60.24, 58.94, 59.59, 59.65, 59.21, 57.62, 57.4, 57.02, 53.76, 51.52, 52.21, 50.87, 51.38, 51.06, 49.09, 49.05, 49.75]
2026-06-09 13:43:44,477 [trainer.py] => CNN top5 curve: [100.0, 100.0, 100.0, 99.5, 99.6, 99.17, 98.57, 97.37, 96.66, 95.1, 94.9, 94.25, 93.23, 92.35, 92.72, 92.93, 91.28, 92.27, 89.94, 89.13, 89.08, 88.29, 88.93, 87.31, 86.65, 87.16, 86.92, 84.99, 83.2, 83.19, 82.73, 82.52, 81.53, 80.84, 80.3, 80.57]
2026-06-09 13:43:44,477 [trainer.py] => Average Accuracy (CNN): 64.12
2026-06-09 13:43:44,478 [trainer.py] => All params: 86244296
2026-06-09 13:43:44,479 [trainer.py] => Trainable params: 292030
2026-06-09 13:43:44,488 [lae.py] => Learning on 180-185
2026-06-09 14:31:48,078 [lae.py] => Task 36, Epoch 50/50 => Loss 0.010, Train_accy 99.66, Test_accy 49.30
2026-06-09 14:33:42,152 [trainer.py] => No NME accuracy.
2026-06-09 14:33:42,186 [trainer.py] => CNN: {'total': 49.3, '00-04': 44.0, '05-09': 83.0, '10-14': 78.0, '15-19': 49.0, '20-24': 54.0, '25-29': 34.0, '30-34': 55.56, '35-39': 30.0, '40-44': 71.0, '45-49': 29.0, '50-54': 59.0, '55-59': 31.0, '60-64': 47.0, '65-69': 56.57, '70-74': 52.0, '75-79': 59.0, '80-84': 47.0, '85-89': 60.0, '90-94': 37.0, '95-99': 37.37, '100-104': 66.0, '105-109': 57.14, '110-114': 47.0, '115-119': 37.0, '120-124': 33.33, '125-129': 45.0, '130-134': 71.43, '135-139': 28.0, '140-144': 24.0, '145-149': 75.0, '150-154': 47.0, '155-159': 38.0, '160-164': 61.0, '165-169': 13.0, '170-174': 48.0, '175-179': 60.0, '180-184': 60.0, 'old': 49.0, 'new': 60.0}
2026-06-09 14:33:42,186 [trainer.py] => CNN top1 curve: [91.0, 91.5, 89.67, 78.25, 81.6, 78.67, 74.39, 72.09, 71.86, 69.47, 69.79, 69.81, 67.82, 63.16, 63.02, 65.96, 61.78, 60.79, 59.43, 60.24, 58.94, 59.59, 59.65, 59.21, 57.62, 57.4, 57.02, 53.76, 51.52, 52.21, 50.87, 51.38, 51.06, 49.09, 49.05, 49.75, 49.3]
2026-06-09 14:33:42,186 [trainer.py] => CNN top5 curve: [100.0, 100.0, 100.0, 99.5, 99.6, 99.17, 98.57, 97.37, 96.66, 95.1, 94.9, 94.25, 93.23, 92.35, 92.72, 92.93, 91.28, 92.27, 89.94, 89.13, 89.08, 88.29, 88.93, 87.31, 86.65, 87.16, 86.92, 84.99, 83.2, 83.19, 82.73, 82.52, 81.53, 80.84, 80.3, 80.57, 80.44]
2026-06-09 14:33:42,187 [trainer.py] => Average Accuracy (CNN): 63.72
2026-06-09 14:33:42,188 [trainer.py] => All params: 86248141
2026-06-09 14:33:42,188 [trainer.py] => Trainable params: 295875
2026-06-09 14:33:42,192 [lae.py] => Learning on 185-190
2026-06-09 15:22:23,048 [lae.py] => Task 37, Epoch 50/50 => Loss 0.048, Train_accy 98.11, Test_accy 50.16
2026-06-09 15:24:20,923 [trainer.py] => No NME accuracy.
2026-06-09 15:24:20,953 [trainer.py] => CNN: {'total': 50.16, '00-04': 45.0, '05-09': 77.0, '10-14': 80.0, '15-19': 48.0, '20-24': 57.0, '25-29': 34.0, '30-34': 55.56, '35-39': 26.0, '40-44': 73.0, '45-49': 27.0, '50-54': 65.0, '55-59': 30.0, '60-64': 43.0, '65-69': 54.55, '70-74': 52.0, '75-79': 60.0, '80-84': 50.0, '85-89': 62.0, '90-94': 35.0, '95-99': 39.39, '100-104': 66.0, '105-109': 57.14, '110-114': 47.0, '115-119': 34.0, '120-124': 35.35, '125-129': 45.0, '130-134': 70.41, '135-139': 29.0, '140-144': 26.0, '145-149': 78.0, '150-154': 44.0, '155-159': 37.0, '160-164': 61.0, '165-169': 11.0, '170-174': 48.0, '175-179': 62.0, '180-184': 63.0, '185-189': 79.0, 'old': 49.38, 'new': 79.0}
2026-06-09 15:24:20,953 [trainer.py] => CNN top1 curve: [91.0, 91.5, 89.67, 78.25, 81.6, 78.67, 74.39, 72.09, 71.86, 69.47, 69.79, 69.81, 67.82, 63.16, 63.02, 65.96, 61.78, 60.79, 59.43, 60.24, 58.94, 59.59, 59.65, 59.21, 57.62, 57.4, 57.02, 53.76, 51.52, 52.21, 50.87, 51.38, 51.06, 49.09, 49.05, 49.75, 49.3, 50.16]
2026-06-09 15:24:20,954 [trainer.py] => CNN top5 curve: [100.0, 100.0, 100.0, 99.5, 99.6, 99.17, 98.57, 97.37, 96.66, 95.1, 94.9, 94.25, 93.23, 92.35, 92.72, 92.93, 91.28, 92.27, 89.94, 89.13, 89.08, 88.29, 88.93, 87.31, 86.65, 87.16, 86.92, 84.99, 83.2, 83.19, 82.73, 82.52, 81.53, 80.84, 80.3, 80.57, 80.44, 80.46]
2026-06-09 15:24:20,954 [trainer.py] => Average Accuracy (CNN): 63.37
2026-06-09 15:24:20,957 [trainer.py] => All params: 86251986
2026-06-09 15:24:20,959 [trainer.py] => Trainable params: 299720
2026-06-09 15:24:20,972 [lae.py] => Learning on 190-195
2026-06-09 16:13:43,513 [lae.py] => Task 38, Epoch 50/50 => Loss 0.043, Train_accy 98.33, Test_accy 48.38
2026-06-09 16:15:38,910 [trainer.py] => No NME accuracy.
2026-06-09 16:15:38,928 [trainer.py] => CNN: {'total': 48.38, '00-04': 44.0, '05-09': 77.0, '10-14': 77.0, '15-19': 48.0, '20-24': 49.0, '25-29': 35.0, '30-34': 53.54, '35-39': 25.0, '40-44': 73.0, '45-49': 28.0, '50-54': 61.0, '55-59': 32.0, '60-64': 43.0, '65-69': 54.55, '70-74': 55.0, '75-79': 56.0, '80-84': 53.0, '85-89': 54.0, '90-94': 37.0, '95-99': 36.36, '100-104': 63.0, '105-109': 56.12, '110-114': 47.0, '115-119': 29.0, '120-124': 31.31, '125-129': 44.0, '130-134': 66.33, '135-139': 29.0, '140-144': 29.0, '145-149': 77.0, '150-154': 45.0, '155-159': 35.0, '160-164': 56.0, '165-169': 11.0, '170-174': 46.0, '175-179': 56.0, '180-184': 62.0, '185-189': 76.0, '190-194': 37.0, 'old': 48.68, 'new': 37.0}
2026-06-09 16:15:38,929 [trainer.py] => CNN top1 curve: [91.0, 91.5, 89.67, 78.25, 81.6, 78.67, 74.39, 72.09, 71.86, 69.47, 69.79, 69.81, 67.82, 63.16, 63.02, 65.96, 61.78, 60.79, 59.43, 60.24, 58.94, 59.59, 59.65, 59.21, 57.62, 57.4, 57.02, 53.76, 51.52, 52.21, 50.87, 51.38, 51.06, 49.09, 49.05, 49.75, 49.3, 50.16, 48.38]
2026-06-09 16:15:38,929 [trainer.py] => CNN top5 curve: [100.0, 100.0, 100.0, 99.5, 99.6, 99.17, 98.57, 97.37, 96.66, 95.1, 94.9, 94.25, 93.23, 92.35, 92.72, 92.93, 91.28, 92.27, 89.94, 89.13, 89.08, 88.29, 88.93, 87.31, 86.65, 87.16, 86.92, 84.99, 83.2, 83.19, 82.73, 82.52, 81.53, 80.84, 80.3, 80.57, 80.44, 80.46, 79.34]
2026-06-09 16:15:38,929 [trainer.py] => Average Accuracy (CNN): 62.98
2026-06-09 16:15:38,931 [trainer.py] => All params: 86255831
2026-06-09 16:15:38,933 [trainer.py] => Trainable params: 303565
2026-06-09 16:15:38,940 [lae.py] => Learning on 195-200
2026-06-09 17:03:49,619 [lae.py] => Task 39, Epoch 50/50 => Loss 0.014, Train_accy 99.56, Test_accy 48.60
2026-06-09 17:05:53,376 [trainer.py] => No NME accuracy.
2026-06-09 17:05:53,400 [trainer.py] => CNN: {'total': 48.6, '00-04': 45.0, '05-09': 78.0, '10-14': 79.0, '15-19': 48.0, '20-24': 52.0, '25-29': 36.0, '30-34': 54.55, '35-39': 22.0, '40-44': 73.0, '45-49': 30.0, '50-54': 63.0, '55-59': 32.0, '60-64': 48.0, '65-69': 52.53, '70-74': 52.0, '75-79': 55.0, '80-84': 49.0, '85-89': 57.0, '90-94': 35.0, '95-99': 37.37, '100-104': 65.0, '105-109': 57.14, '110-114': 48.0, '115-119': 30.0, '120-124': 30.3, '125-129': 41.0, '130-134': 65.31, '135-139': 28.0, '140-144': 24.0, '145-149': 75.0, '150-154': 44.0, '155-159': 34.0, '160-164': 56.0, '165-169': 13.0, '170-174': 48.0, '175-179': 55.0, '180-184': 61.0, '185-189': 77.0, '190-194': 38.0, '195-199': 56.0, 'old': 48.41, 'new': 56.0}
2026-06-09 17:05:53,400 [trainer.py] => CNN top1 curve: [91.0, 91.5, 89.67, 78.25, 81.6, 78.67, 74.39, 72.09, 71.86, 69.47, 69.79, 69.81, 67.82, 63.16, 63.02, 65.96, 61.78, 60.79, 59.43, 60.24, 58.94, 59.59, 59.65, 59.21, 57.62, 57.4, 57.02, 53.76, 51.52, 52.21, 50.87, 51.38, 51.06, 49.09, 49.05, 49.75, 49.3, 50.16, 48.38, 48.6]
2026-06-09 17:05:53,400 [trainer.py] => CNN top5 curve: [100.0, 100.0, 100.0, 99.5, 99.6, 99.17, 98.57, 97.37, 96.66, 95.1, 94.9, 94.25, 93.23, 92.35, 92.72, 92.93, 91.28, 92.27, 89.94, 89.13, 89.08, 88.29, 88.93, 87.31, 86.65, 87.16, 86.92, 84.99, 83.2, 83.19, 82.73, 82.52, 81.53, 80.84, 80.3, 80.57, 80.44, 80.46, 79.34, 79.73]
2026-06-09 17:05:53,401 [trainer.py] => Average Accuracy (CNN): 62.62
2026-06-09 17:05:53,403 [trainer.py] => All params: 86259676
2026-06-09 17:05:53,404 [trainer.py] => Trainable params: 307410
2026-06-09 17:05:53,419 [lae.py] => Learning on 200-205
2026-06-09 17:54:41,907 [lae.py] => Task 40, Epoch 50/50 => Loss 0.056, Train_accy 97.71, Test_accy 47.39
2026-06-09 17:56:43,668 [trainer.py] => No NME accuracy.
2026-06-09 17:56:43,683 [trainer.py] => CNN: {'total': 47.39, '00-04': 44.0, '05-09': 76.0, '10-14': 78.0, '15-19': 49.0, '20-24': 52.0, '25-29': 37.0, '30-34': 55.56, '35-39': 20.0, '40-44': 75.0, '45-49': 28.0, '50-54': 62.0, '55-59': 29.0, '60-64': 41.0, '65-69': 52.53, '70-74': 51.0, '75-79': 56.0, '80-84': 47.0, '85-89': 54.0, '90-94': 37.0, '95-99': 34.34, '100-104': 63.0, '105-109': 58.16, '110-114': 47.0, '115-119': 26.0, '120-124': 27.27, '125-129': 41.0, '130-134': 67.35, '135-139': 26.0, '140-144': 31.0, '145-149': 76.0, '150-154': 45.0, '155-159': 32.0, '160-164': 56.0, '165-169': 16.0, '170-174': 44.0, '175-179': 56.0, '180-184': 61.0, '185-189': 76.0, '190-194': 37.0, '195-199': 57.0, '200-204': 22.0, 'old': 48.02, 'new': 22.0}
2026-06-09 17:56:43,683 [trainer.py] => CNN top1 curve: [91.0, 91.5, 89.67, 78.25, 81.6, 78.67, 74.39, 72.09, 71.86, 69.47, 69.79, 69.81, 67.82, 63.16, 63.02, 65.96, 61.78, 60.79, 59.43, 60.24, 58.94, 59.59, 59.65, 59.21, 57.62, 57.4, 57.02, 53.76, 51.52, 52.21, 50.87, 51.38, 51.06, 49.09, 49.05, 49.75, 49.3, 50.16, 48.38, 48.6, 47.39]
2026-06-09 17:56:43,683 [trainer.py] => CNN top5 curve: [100.0, 100.0, 100.0, 99.5, 99.6, 99.17, 98.57, 97.37, 96.66, 95.1, 94.9, 94.25, 93.23, 92.35, 92.72, 92.93, 91.28, 92.27, 89.94, 89.13, 89.08, 88.29, 88.93, 87.31, 86.65, 87.16, 86.92, 84.99, 83.2, 83.19, 82.73, 82.52, 81.53, 80.84, 80.3, 80.57, 80.44, 80.46, 79.34, 79.73, 78.67]
2026-06-09 17:56:43,683 [trainer.py] => Average Accuracy (CNN): 62.25
2026-06-09 17:56:43,684 [trainer.py] => All params: 86263521
2026-06-09 17:56:43,685 [trainer.py] => Trainable params: 311255
2026-06-09 17:56:43,690 [lae.py] => Learning on 205-210
2026-06-09 18:46:52,625 [lae.py] => Task 41, Epoch 50/50 => Loss 0.022, Train_accy 99.23, Test_accy 46.25
2026-06-09 18:49:02,479 [trainer.py] => No NME accuracy.
2026-06-09 18:49:02,495 [trainer.py] => CNN: {'total': 46.25, '00-04': 45.0, '05-09': 77.0, '10-14': 76.0, '15-19': 46.0, '20-24': 50.0, '25-29': 38.0, '30-34': 54.55, '35-39': 24.0, '40-44': 72.0, '45-49': 25.0, '50-54': 55.0, '55-59': 29.0, '60-64': 38.0, '65-69': 50.51, '70-74': 53.0, '75-79': 50.0, '80-84': 45.0, '85-89': 51.0, '90-94': 35.0, '95-99': 34.34, '100-104': 57.0, '105-109': 54.08, '110-114': 46.0, '115-119': 28.0, '120-124': 27.27, '125-129': 41.0, '130-134': 66.33, '135-139': 26.0, '140-144': 27.0, '145-149': 75.0, '150-154': 43.0, '155-159': 32.0, '160-164': 55.0, '165-169': 15.0, '170-174': 46.0, '175-179': 53.0, '180-184': 57.0, '185-189': 75.0, '190-194': 43.0, '195-199': 58.0, '200-204': 18.0, '205-209': 52.0, 'old': 46.11, 'new': 52.0}
2026-06-09 18:49:02,495 [trainer.py] => CNN top1 curve: [91.0, 91.5, 89.67, 78.25, 81.6, 78.67, 74.39, 72.09, 71.86, 69.47, 69.79, 69.81, 67.82, 63.16, 63.02, 65.96, 61.78, 60.79, 59.43, 60.24, 58.94, 59.59, 59.65, 59.21, 57.62, 57.4, 57.02, 53.76, 51.52, 52.21, 50.87, 51.38, 51.06, 49.09, 49.05, 49.75, 49.3, 50.16, 48.38, 48.6, 47.39, 46.25]
2026-06-09 18:49:02,495 [trainer.py] => CNN top5 curve: [100.0, 100.0, 100.0, 99.5, 99.6, 99.17, 98.57, 97.37, 96.66, 95.1, 94.9, 94.25, 93.23, 92.35, 92.72, 92.93, 91.28, 92.27, 89.94, 89.13, 89.08, 88.29, 88.93, 87.31, 86.65, 87.16, 86.92, 84.99, 83.2, 83.19, 82.73, 82.52, 81.53, 80.84, 80.3, 80.57, 80.44, 80.46, 79.34, 79.73, 78.67, 78.17]
2026-06-09 18:49:02,495 [trainer.py] => Average Accuracy (CNN): 61.87
2026-06-09 18:49:02,497 [trainer.py] => All params: 86267366
2026-06-09 18:49:02,498 [trainer.py] => Trainable params: 315100
2026-06-09 18:49:02,511 [lae.py] => Learning on 210-215
2026-06-09 19:41:28,051 [lae.py] => Task 42, Epoch 50/50 => Loss 0.014, Train_accy 99.61, Test_accy 46.27
2026-06-09 19:43:41,173 [trainer.py] => No NME accuracy.
2026-06-09 19:43:41,187 [trainer.py] => CNN: {'total': 46.27, '00-04': 41.0, '05-09': 74.0, '10-14': 75.0, '15-19': 46.0, '20-24': 50.0, '25-29': 37.0, '30-34': 53.54, '35-39': 23.0, '40-44': 67.0, '45-49': 27.0, '50-54': 57.0, '55-59': 29.0, '60-64': 41.0, '65-69': 50.51, '70-74': 53.0, '75-79': 56.0, '80-84': 49.0, '85-89': 50.0, '90-94': 36.0, '95-99': 34.34, '100-104': 59.0, '105-109': 52.04, '110-114': 45.0, '115-119': 28.0, '120-124': 28.28, '125-129': 35.0, '130-134': 64.29, '135-139': 27.0, '140-144': 21.0, '145-149': 74.0, '150-154': 45.0, '155-159': 33.0, '160-164': 53.0, '165-169': 17.0, '170-174': 45.0, '175-179': 53.0, '180-184': 62.0, '185-189': 74.0, '190-194': 37.0, '195-199': 55.0, '200-204': 18.0, '205-209': 52.0, '210-214': 63.0, 'old': 45.87, 'new': 63.0}
2026-06-09 19:43:41,187 [trainer.py] => CNN top1 curve: [91.0, 91.5, 89.67, 78.25, 81.6, 78.67, 74.39, 72.09, 71.86, 69.47, 69.79, 69.81, 67.82, 63.16, 63.02, 65.96, 61.78, 60.79, 59.43, 60.24, 58.94, 59.59, 59.65, 59.21, 57.62, 57.4, 57.02, 53.76, 51.52, 52.21, 50.87, 51.38, 51.06, 49.09, 49.05, 49.75, 49.3, 50.16, 48.38, 48.6, 47.39, 46.25, 46.27]
2026-06-09 19:43:41,187 [trainer.py] => CNN top5 curve: [100.0, 100.0, 100.0, 99.5, 99.6, 99.17, 98.57, 97.37, 96.66, 95.1, 94.9, 94.25, 93.23, 92.35, 92.72, 92.93, 91.28, 92.27, 89.94, 89.13, 89.08, 88.29, 88.93, 87.31, 86.65, 87.16, 86.92, 84.99, 83.2, 83.19, 82.73, 82.52, 81.53, 80.84, 80.3, 80.57, 80.44, 80.46, 79.34, 79.73, 78.67, 78.17, 77.63]
2026-06-09 19:43:41,188 [trainer.py] => Average Accuracy (CNN): 61.51
2026-06-09 19:43:41,189 [trainer.py] => All params: 86271211
2026-06-09 19:43:41,190 [trainer.py] => Trainable params: 318945
2026-06-09 19:43:41,197 [lae.py] => Learning on 215-220
2026-06-09 20:34:54,286 [lae.py] => Task 43, Epoch 50/50 => Loss 0.037, Train_accy 99.18, Test_accy 46.45
2026-06-09 20:37:10,663 [trainer.py] => No NME accuracy.
2026-06-09 20:37:10,679 [trainer.py] => CNN: {'total': 46.45, '00-04': 41.0, '05-09': 79.0, '10-14': 78.0, '15-19': 48.0, '20-24': 51.0, '25-29': 34.0, '30-34': 52.53, '35-39': 21.0, '40-44': 73.0, '45-49': 27.0, '50-54': 59.0, '55-59': 31.0, '60-64': 43.0, '65-69': 51.52, '70-74': 53.0, '75-79': 53.0, '80-84': 51.0, '85-89': 53.0, '90-94': 36.0, '95-99': 36.36, '100-104': 60.0, '105-109': 54.08, '110-114': 46.0, '115-119': 30.0, '120-124': 28.28, '125-129': 38.0, '130-134': 63.27, '135-139': 26.0, '140-144': 18.0, '145-149': 74.0, '150-154': 44.0, '155-159': 34.0, '160-164': 54.0, '165-169': 16.0, '170-174': 47.0, '175-179': 54.0, '180-184': 59.0, '185-189': 76.0, '190-194': 37.0, '195-199': 58.0, '200-204': 19.0, '205-209': 56.0, '210-214': 62.0, '215-219': 19.0, 'old': 47.09, 'new': 19.0}
2026-06-09 20:37:10,680 [trainer.py] => CNN top1 curve: [91.0, 91.5, 89.67, 78.25, 81.6, 78.67, 74.39, 72.09, 71.86, 69.47, 69.79, 69.81, 67.82, 63.16, 63.02, 65.96, 61.78, 60.79, 59.43, 60.24, 58.94, 59.59, 59.65, 59.21, 57.62, 57.4, 57.02, 53.76, 51.52, 52.21, 50.87, 51.38, 51.06, 49.09, 49.05, 49.75, 49.3, 50.16, 48.38, 48.6, 47.39, 46.25, 46.27, 46.45]
2026-06-09 20:37:10,680 [trainer.py] => CNN top5 curve: [100.0, 100.0, 100.0, 99.5, 99.6, 99.17, 98.57, 97.37, 96.66, 95.1, 94.9, 94.25, 93.23, 92.35, 92.72, 92.93, 91.28, 92.27, 89.94, 89.13, 89.08, 88.29, 88.93, 87.31, 86.65, 87.16, 86.92, 84.99, 83.2, 83.19, 82.73, 82.52, 81.53, 80.84, 80.3, 80.57, 80.44, 80.46, 79.34, 79.73, 78.67, 78.17, 77.63, 77.44]
2026-06-09 20:37:10,680 [trainer.py] => Average Accuracy (CNN): 61.16
2026-06-09 20:37:10,682 [trainer.py] => All params: 86275056
2026-06-09 20:37:10,684 [trainer.py] => Trainable params: 322790
2026-06-09 20:37:10,693 [lae.py] => Learning on 220-225
2026-06-09 21:31:04,808 [lae.py] => Task 44, Epoch 50/50 => Loss 0.043, Train_accy 98.45, Test_accy 45.49
2026-06-09 21:33:22,276 [trainer.py] => No NME accuracy.
2026-06-09 21:33:22,309 [trainer.py] => CNN: {'total': 45.49, '00-04': 40.0, '05-09': 77.0, '10-14': 76.0, '15-19': 46.0, '20-24': 48.0, '25-29': 33.0, '30-34': 55.56, '35-39': 22.0, '40-44': 69.0, '45-49': 28.0, '50-54': 58.0, '55-59': 30.0, '60-64': 41.0, '65-69': 50.51, '70-74': 53.0, '75-79': 54.0, '80-84': 47.0, '85-89': 49.0, '90-94': 37.0, '95-99': 35.35, '100-104': 57.0, '105-109': 53.06, '110-114': 47.0, '115-119': 30.0, '120-124': 29.29, '125-129': 32.0, '130-134': 63.27, '135-139': 27.0, '140-144': 24.0, '145-149': 75.0, '150-154': 44.0, '155-159': 32.0, '160-164': 52.0, '165-169': 19.0, '170-174': 44.0, '175-179': 53.0, '180-184': 56.0, '185-189': 74.0, '190-194': 39.0, '195-199': 55.0, '200-204': 17.0, '205-209': 54.0, '210-214': 65.0, '215-219': 22.0, '220-224': 34.34, 'old': 45.74, 'new': 34.34}
2026-06-09 21:33:22,310 [trainer.py] => CNN top1 curve: [91.0, 91.5, 89.67, 78.25, 81.6, 78.67, 74.39, 72.09, 71.86, 69.47, 69.79, 69.81, 67.82, 63.16, 63.02, 65.96, 61.78, 60.79, 59.43, 60.24, 58.94, 59.59, 59.65, 59.21, 57.62, 57.4, 57.02, 53.76, 51.52, 52.21, 50.87, 51.38, 51.06, 49.09, 49.05, 49.75, 49.3, 50.16, 48.38, 48.6, 47.39, 46.25, 46.27, 46.45, 45.49]
2026-06-09 21:33:22,310 [trainer.py] => CNN top5 curve: [100.0, 100.0, 100.0, 99.5, 99.6, 99.17, 98.57, 97.37, 96.66, 95.1, 94.9, 94.25, 93.23, 92.35, 92.72, 92.93, 91.28, 92.27, 89.94, 89.13, 89.08, 88.29, 88.93, 87.31, 86.65, 87.16, 86.92, 84.99, 83.2, 83.19, 82.73, 82.52, 81.53, 80.84, 80.3, 80.57, 80.44, 80.46, 79.34, 79.73, 78.67, 78.17, 77.63, 77.44, 76.2]
2026-06-09 21:33:22,310 [trainer.py] => Average Accuracy (CNN): 60.82
2026-06-09 21:33:22,312 [trainer.py] => All params: 86278901
2026-06-09 21:33:22,314 [trainer.py] => Trainable params: 326635
2026-06-09 21:33:22,327 [lae.py] => Learning on 225-230
2026-06-09 22:24:01,581 [lae.py] => Task 45, Epoch 50/50 => Loss 0.005, Train_accy 99.79, Test_accy 45.72
2026-06-09 22:26:22,302 [trainer.py] => No NME accuracy.
2026-06-09 22:26:22,319 [trainer.py] => CNN: {'total': 45.72, '00-04': 38.0, '05-09': 77.0, '10-14': 74.0, '15-19': 46.0, '20-24': 51.0, '25-29': 35.0, '30-34': 52.53, '35-39': 23.0, '40-44': 72.0, '45-49': 26.0, '50-54': 64.0, '55-59': 29.0, '60-64': 40.0, '65-69': 53.54, '70-74': 49.0, '75-79': 54.0, '80-84': 49.0, '85-89': 52.0, '90-94': 35.0, '95-99': 34.34, '100-104': 60.0, '105-109': 53.06, '110-114': 47.0, '115-119': 30.0, '120-124': 29.29, '125-129': 31.0, '130-134': 64.29, '135-139': 26.0, '140-144': 20.0, '145-149': 75.0, '150-154': 43.0, '155-159': 32.0, '160-164': 55.0, '165-169': 19.0, '170-174': 47.0, '175-179': 52.0, '180-184': 59.0, '185-189': 76.0, '190-194': 39.0, '195-199': 55.0, '200-204': 18.0, '205-209': 52.0, '210-214': 63.0, '215-219': 19.0, '220-224': 32.32, '225-229': 52.0, 'old': 45.58, 'new': 52.0}
2026-06-09 22:26:22,319 [trainer.py] => CNN top1 curve: [91.0, 91.5, 89.67, 78.25, 81.6, 78.67, 74.39, 72.09, 71.86, 69.47, 69.79, 69.81, 67.82, 63.16, 63.02, 65.96, 61.78, 60.79, 59.43, 60.24, 58.94, 59.59, 59.65, 59.21, 57.62, 57.4, 57.02, 53.76, 51.52, 52.21, 50.87, 51.38, 51.06, 49.09, 49.05, 49.75, 49.3, 50.16, 48.38, 48.6, 47.39, 46.25, 46.27, 46.45, 45.49, 45.72]
2026-06-09 22:26:22,319 [trainer.py] => CNN top5 curve: [100.0, 100.0, 100.0, 99.5, 99.6, 99.17, 98.57, 97.37, 96.66, 95.1, 94.9, 94.25, 93.23, 92.35, 92.72, 92.93, 91.28, 92.27, 89.94, 89.13, 89.08, 88.29, 88.93, 87.31, 86.65, 87.16, 86.92, 84.99, 83.2, 83.19, 82.73, 82.52, 81.53, 80.84, 80.3, 80.57, 80.44, 80.46, 79.34, 79.73, 78.67, 78.17, 77.63, 77.44, 76.2, 76.54]
2026-06-09 22:26:22,319 [trainer.py] => Average Accuracy (CNN): 60.49
2026-06-09 22:26:22,320 [trainer.py] => All params: 86282746
2026-06-09 22:26:22,321 [trainer.py] => Trainable params: 330480
2026-06-09 22:26:22,326 [lae.py] => Learning on 230-235
2026-06-09 23:18:13,712 [lae.py] => Task 46, Epoch 50/50 => Loss 0.017, Train_accy 99.52, Test_accy 45.91
2026-06-09 23:20:35,701 [trainer.py] => No NME accuracy.
2026-06-09 23:20:35,717 [trainer.py] => CNN: {'total': 45.91, '00-04': 41.0, '05-09': 75.0, '10-14': 75.0, '15-19': 48.0, '20-24': 51.0, '25-29': 32.0, '30-34': 53.54, '35-39': 21.0, '40-44': 73.0, '45-49': 27.0, '50-54': 64.0, '55-59': 26.0, '60-64': 45.0, '65-69': 55.56, '70-74': 42.0, '75-79': 53.0, '80-84': 50.0, '85-89': 52.0, '90-94': 36.0, '95-99': 33.33, '100-104': 61.0, '105-109': 51.02, '110-114': 46.0, '115-119': 33.0, '120-124': 27.27, '125-129': 25.0, '130-134': 64.29, '135-139': 26.0, '140-144': 19.0, '145-149': 73.0, '150-154': 44.0, '155-159': 33.0, '160-164': 55.0, '165-169': 17.0, '170-174': 46.0, '175-179': 51.0, '180-184': 59.0, '185-189': 80.0, '190-194': 37.0, '195-199': 55.0, '200-204': 21.0, '205-209': 53.0, '210-214': 61.0, '215-219': 20.0, '220-224': 31.31, '225-229': 52.0, '230-234': 63.64, 'old': 45.52, 'new': 63.64}
2026-06-09 23:20:35,717 [trainer.py] => CNN top1 curve: [91.0, 91.5, 89.67, 78.25, 81.6, 78.67, 74.39, 72.09, 71.86, 69.47, 69.79, 69.81, 67.82, 63.16, 63.02, 65.96, 61.78, 60.79, 59.43, 60.24, 58.94, 59.59, 59.65, 59.21, 57.62, 57.4, 57.02, 53.76, 51.52, 52.21, 50.87, 51.38, 51.06, 49.09, 49.05, 49.75, 49.3, 50.16, 48.38, 48.6, 47.39, 46.25, 46.27, 46.45, 45.49, 45.72, 45.91]
2026-06-09 23:20:35,717 [trainer.py] => CNN top5 curve: [100.0, 100.0, 100.0, 99.5, 99.6, 99.17, 98.57, 97.37, 96.66, 95.1, 94.9, 94.25, 93.23, 92.35, 92.72, 92.93, 91.28, 92.27, 89.94, 89.13, 89.08, 88.29, 88.93, 87.31, 86.65, 87.16, 86.92, 84.99, 83.2, 83.19, 82.73, 82.52, 81.53, 80.84, 80.3, 80.57, 80.44, 80.46, 79.34, 79.73, 78.67, 78.17, 77.63, 77.44, 76.2, 76.54, 77.08]
2026-06-09 23:20:35,717 [trainer.py] => Average Accuracy (CNN): 60.18
2026-06-09 23:20:35,718 [trainer.py] => All params: 86286591
2026-06-09 23:20:35,719 [trainer.py] => Trainable params: 334325
2026-06-09 23:20:35,728 [lae.py] => Learning on 235-240
2026-06-10 00:13:15,298 [lae.py] => Task 47, Epoch 50/50 => Loss 0.053, Train_accy 97.93, Test_accy 45.60
2026-06-10 00:15:38,454 [trainer.py] => No NME accuracy.
2026-06-10 00:15:38,469 [trainer.py] => CNN: {'total': 45.6, '00-04': 42.0, '05-09': 73.0, '10-14': 75.0, '15-19': 47.0, '20-24': 52.0, '25-29': 33.0, '30-34': 53.54, '35-39': 23.0, '40-44': 73.0, '45-49': 27.0, '50-54': 65.0, '55-59': 28.0, '60-64': 42.0, '65-69': 52.53, '70-74': 41.0, '75-79': 53.0, '80-84': 48.0, '85-89': 54.0, '90-94': 34.0, '95-99': 34.34, '100-104': 61.0, '105-109': 53.06, '110-114': 46.0, '115-119': 31.0, '120-124': 26.26, '125-129': 29.0, '130-134': 63.27, '135-139': 26.0, '140-144': 18.0, '145-149': 74.0, '150-154': 45.0, '155-159': 37.0, '160-164': 55.0, '165-169': 17.0, '170-174': 46.0, '175-179': 52.0, '180-184': 59.0, '185-189': 76.0, '190-194': 37.0, '195-199': 55.0, '200-204': 20.0, '205-209': 53.0, '210-214': 62.0, '215-219': 17.0, '220-224': 32.32, '225-229': 52.0, '230-234': 61.62, '235-239': 34.34, 'old': 45.84, 'new': 34.34}
2026-06-10 00:15:38,469 [trainer.py] => CNN top1 curve: [91.0, 91.5, 89.67, 78.25, 81.6, 78.67, 74.39, 72.09, 71.86, 69.47, 69.79, 69.81, 67.82, 63.16, 63.02, 65.96, 61.78, 60.79, 59.43, 60.24, 58.94, 59.59, 59.65, 59.21, 57.62, 57.4, 57.02, 53.76, 51.52, 52.21, 50.87, 51.38, 51.06, 49.09, 49.05, 49.75, 49.3, 50.16, 48.38, 48.6, 47.39, 46.25, 46.27, 46.45, 45.49, 45.72, 45.91, 45.6]
2026-06-10 00:15:38,469 [trainer.py] => CNN top5 curve: [100.0, 100.0, 100.0, 99.5, 99.6, 99.17, 98.57, 97.37, 96.66, 95.1, 94.9, 94.25, 93.23, 92.35, 92.72, 92.93, 91.28, 92.27, 89.94, 89.13, 89.08, 88.29, 88.93, 87.31, 86.65, 87.16, 86.92, 84.99, 83.2, 83.19, 82.73, 82.52, 81.53, 80.84, 80.3, 80.57, 80.44, 80.46, 79.34, 79.73, 78.67, 78.17, 77.63, 77.44, 76.2, 76.54, 77.08, 77.11]
2026-06-10 00:15:38,470 [trainer.py] => Average Accuracy (CNN): 59.87
2026-06-10 00:15:38,472 [trainer.py] => All params: 86290436
2026-06-10 00:15:38,474 [trainer.py] => Trainable params: 338170
2026-06-10 00:15:38,482 [lae.py] => Learning on 240-245
2026-06-10 01:06:12,084 [lae.py] => Task 48, Epoch 50/50 => Loss 0.008, Train_accy 99.64, Test_accy 45.08
2026-06-10 01:08:36,506 [trainer.py] => No NME accuracy.
2026-06-10 01:08:36,526 [trainer.py] => CNN: {'total': 45.08, '00-04': 40.0, '05-09': 72.0, '10-14': 78.0, '15-19': 47.0, '20-24': 50.0, '25-29': 32.0, '30-34': 52.53, '35-39': 20.0, '40-44': 72.0, '45-49': 24.0, '50-54': 61.0, '55-59': 24.0, '60-64': 37.0, '65-69': 54.55, '70-74': 40.0, '75-79': 50.0, '80-84': 48.0, '85-89': 53.0, '90-94': 39.0, '95-99': 32.32, '100-104': 58.0, '105-109': 52.04, '110-114': 44.0, '115-119': 30.0, '120-124': 29.29, '125-129': 26.0, '130-134': 62.24, '135-139': 26.0, '140-144': 17.0, '145-149': 73.0, '150-154': 43.0, '155-159': 32.0, '160-164': 54.0, '165-169': 19.0, '170-174': 44.0, '175-179': 51.0, '180-184': 61.0, '185-189': 75.0, '190-194': 36.0, '195-199': 57.0, '200-204': 20.0, '205-209': 54.0, '210-214': 63.0, '215-219': 19.0, '220-224': 32.32, '225-229': 53.0, '230-234': 54.55, '235-239': 34.34, '240-244': 63.0, 'old': 44.71, 'new': 63.0}
2026-06-10 01:08:36,526 [trainer.py] => CNN top1 curve: [91.0, 91.5, 89.67, 78.25, 81.6, 78.67, 74.39, 72.09, 71.86, 69.47, 69.79, 69.81, 67.82, 63.16, 63.02, 65.96, 61.78, 60.79, 59.43, 60.24, 58.94, 59.59, 59.65, 59.21, 57.62, 57.4, 57.02, 53.76, 51.52, 52.21, 50.87, 51.38, 51.06, 49.09, 49.05, 49.75, 49.3, 50.16, 48.38, 48.6, 47.39, 46.25, 46.27, 46.45, 45.49, 45.72, 45.91, 45.6, 45.08]
2026-06-10 01:08:36,527 [trainer.py] => CNN top5 curve: [100.0, 100.0, 100.0, 99.5, 99.6, 99.17, 98.57, 97.37, 96.66, 95.1, 94.9, 94.25, 93.23, 92.35, 92.72, 92.93, 91.28, 92.27, 89.94, 89.13, 89.08, 88.29, 88.93, 87.31, 86.65, 87.16, 86.92, 84.99, 83.2, 83.19, 82.73, 82.52, 81.53, 80.84, 80.3, 80.57, 80.44, 80.46, 79.34, 79.73, 78.67, 78.17, 77.63, 77.44, 76.2, 76.54, 77.08, 77.11, 76.42]
2026-06-10 01:08:36,527 [trainer.py] => Average Accuracy (CNN): 59.57
2026-06-10 01:08:36,529 [trainer.py] => All params: 86294281
2026-06-10 01:08:36,532 [trainer.py] => Trainable params: 342015
2026-06-10 01:08:36,539 [lae.py] => Learning on 245-250
2026-06-10 02:02:57,907 [lae.py] => Task 49, Epoch 50/50 => Loss 0.005, Train_accy 99.74, Test_accy 45.40
2026-06-10 02:05:26,979 [trainer.py] => No NME accuracy.
2026-06-10 02:05:26,997 [trainer.py] => CNN: {'total': 45.4, '00-04': 38.0, '05-09': 76.0, '10-14': 77.0, '15-19': 48.0, '20-24': 49.0, '25-29': 29.0, '30-34': 52.53, '35-39': 27.0, '40-44': 70.0, '45-49': 29.0, '50-54': 62.0, '55-59': 28.0, '60-64': 41.0, '65-69': 52.53, '70-74': 39.0, '75-79': 50.0, '80-84': 51.0, '85-89': 51.0, '90-94': 37.0, '95-99': 32.32, '100-104': 60.0, '105-109': 52.04, '110-114': 45.0, '115-119': 31.0, '120-124': 27.27, '125-129': 27.0, '130-134': 56.12, '135-139': 25.0, '140-144': 19.0, '145-149': 73.0, '150-154': 44.0, '155-159': 31.0, '160-164': 53.0, '165-169': 15.0, '170-174': 45.0, '175-179': 55.0, '180-184': 63.0, '185-189': 78.0, '190-194': 33.0, '195-199': 55.0, '200-204': 19.0, '205-209': 51.0, '210-214': 61.0, '215-219': 16.0, '220-224': 33.33, '225-229': 52.0, '230-234': 59.6, '235-239': 35.35, '240-244': 63.0, '245-249': 53.0, 'old': 45.24, 'new': 53.0}
2026-06-10 02:05:26,997 [trainer.py] => CNN top1 curve: [91.0, 91.5, 89.67, 78.25, 81.6, 78.67, 74.39, 72.09, 71.86, 69.47, 69.79, 69.81, 67.82, 63.16, 63.02, 65.96, 61.78, 60.79, 59.43, 60.24, 58.94, 59.59, 59.65, 59.21, 57.62, 57.4, 57.02, 53.76, 51.52, 52.21, 50.87, 51.38, 51.06, 49.09, 49.05, 49.75, 49.3, 50.16, 48.38, 48.6, 47.39, 46.25, 46.27, 46.45, 45.49, 45.72, 45.91, 45.6, 45.08, 45.4]
2026-06-10 02:05:26,997 [trainer.py] => CNN top5 curve: [100.0, 100.0, 100.0, 99.5, 99.6, 99.17, 98.57, 97.37, 96.66, 95.1, 94.9, 94.25, 93.23, 92.35, 92.72, 92.93, 91.28, 92.27, 89.94, 89.13, 89.08, 88.29, 88.93, 87.31, 86.65, 87.16, 86.92, 84.99, 83.2, 83.19, 82.73, 82.52, 81.53, 80.84, 80.3, 80.57, 80.44, 80.46, 79.34, 79.73, 78.67, 78.17, 77.63, 77.44, 76.2, 76.54, 77.08, 77.11, 76.42, 76.47]
2026-06-10 02:05:26,997 [trainer.py] => Average Accuracy (CNN): 59.29
2026-06-10 02:05:26,999 [trainer.py] => All params: 86298126
2026-06-10 02:05:27,000 [trainer.py] => Trainable params: 345860
2026-06-10 02:05:27,014 [lae.py] => Learning on 250-255
2026-06-10 02:59:15,826 [lae.py] => Task 50, Epoch 50/50 => Loss 0.030, Train_accy 98.62, Test_accy 44.97
2026-06-10 03:01:48,512 [trainer.py] => No NME accuracy.
2026-06-10 03:01:48,530 [trainer.py] => CNN: {'total': 44.97, '00-04': 40.0, '05-09': 73.0, '10-14': 76.0, '15-19': 49.0, '20-24': 48.0, '25-29': 31.0, '30-34': 54.55, '35-39': 18.0, '40-44': 71.0, '45-49': 26.0, '50-54': 66.0, '55-59': 27.0, '60-64': 38.0, '65-69': 55.56, '70-74': 40.0, '75-79': 47.0, '80-84': 47.0, '85-89': 50.0, '90-94': 34.0, '95-99': 32.32, '100-104': 58.0, '105-109': 47.96, '110-114': 44.0, '115-119': 29.0, '120-124': 26.26, '125-129': 28.0, '130-134': 58.16, '135-139': 27.0, '140-144': 19.0, '145-149': 74.0, '150-154': 44.0, '155-159': 31.0, '160-164': 55.0, '165-169': 16.0, '170-174': 44.0, '175-179': 53.0, '180-184': 58.0, '185-189': 78.0, '190-194': 35.0, '195-199': 53.0, '200-204': 20.0, '205-209': 53.0, '210-214': 60.0, '215-219': 16.0, '220-224': 30.3, '225-229': 52.0, '230-234': 60.61, '235-239': 35.35, '240-244': 62.0, '245-249': 53.0, '250-254': 49.49, 'old': 44.88, 'new': 49.49}
2026-06-10 03:01:48,530 [trainer.py] => CNN top1 curve: [91.0, 91.5, 89.67, 78.25, 81.6, 78.67, 74.39, 72.09, 71.86, 69.47, 69.79, 69.81, 67.82, 63.16, 63.02, 65.96, 61.78, 60.79, 59.43, 60.24, 58.94, 59.59, 59.65, 59.21, 57.62, 57.4, 57.02, 53.76, 51.52, 52.21, 50.87, 51.38, 51.06, 49.09, 49.05, 49.75, 49.3, 50.16, 48.38, 48.6, 47.39, 46.25, 46.27, 46.45, 45.49, 45.72, 45.91, 45.6, 45.08, 45.4, 44.97]
2026-06-10 03:01:48,530 [trainer.py] => CNN top5 curve: [100.0, 100.0, 100.0, 99.5, 99.6, 99.17, 98.57, 97.37, 96.66, 95.1, 94.9, 94.25, 93.23, 92.35, 92.72, 92.93, 91.28, 92.27, 89.94, 89.13, 89.08, 88.29, 88.93, 87.31, 86.65, 87.16, 86.92, 84.99, 83.2, 83.19, 82.73, 82.52, 81.53, 80.84, 80.3, 80.57, 80.44, 80.46, 79.34, 79.73, 78.67, 78.17, 77.63, 77.44, 76.2, 76.54, 77.08, 77.11, 76.42, 76.47, 75.63]
2026-06-10 03:01:48,531 [trainer.py] => Average Accuracy (CNN): 59.01
2026-06-10 03:01:48,532 [trainer.py] => All params: 86301971
2026-06-10 03:01:48,533 [trainer.py] => Trainable params: 349705
2026-06-10 03:01:48,540 [lae.py] => Learning on 255-260
2026-06-10 03:56:51,934 [lae.py] => Task 51, Epoch 50/50 => Loss 0.011, Train_accy 99.73, Test_accy 44.49
2026-06-10 03:59:27,469 [trainer.py] => No NME accuracy.
2026-06-10 03:59:27,496 [trainer.py] => CNN: {'total': 44.49, '00-04': 43.0, '05-09': 70.0, '10-14': 76.0, '15-19': 49.0, '20-24': 46.0, '25-29': 24.0, '30-34': 51.52, '35-39': 18.0, '40-44': 72.0, '45-49': 27.0, '50-54': 62.0, '55-59': 24.0, '60-64': 37.0, '65-69': 53.54, '70-74': 41.0, '75-79': 46.0, '80-84': 45.0, '85-89': 49.0, '90-94': 34.0, '95-99': 34.34, '100-104': 56.0, '105-109': 43.88, '110-114': 46.0, '115-119': 31.0, '120-124': 23.23, '125-129': 30.0, '130-134': 59.18, '135-139': 25.0, '140-144': 20.0, '145-149': 72.0, '150-154': 43.0, '155-159': 32.0, '160-164': 54.0, '165-169': 16.0, '170-174': 46.0, '175-179': 55.0, '180-184': 58.0, '185-189': 78.0, '190-194': 35.0, '195-199': 57.0, '200-204': 17.0, '205-209': 53.0, '210-214': 63.0, '215-219': 13.0, '220-224': 30.3, '225-229': 52.0, '230-234': 60.61, '235-239': 31.31, '240-244': 61.0, '245-249': 52.0, '250-254': 50.51, '255-259': 47.0, 'old': 44.44, 'new': 47.0}
2026-06-10 03:59:27,496 [trainer.py] => CNN top1 curve: [91.0, 91.5, 89.67, 78.25, 81.6, 78.67, 74.39, 72.09, 71.86, 69.47, 69.79, 69.81, 67.82, 63.16, 63.02, 65.96, 61.78, 60.79, 59.43, 60.24, 58.94, 59.59, 59.65, 59.21, 57.62, 57.4, 57.02, 53.76, 51.52, 52.21, 50.87, 51.38, 51.06, 49.09, 49.05, 49.75, 49.3, 50.16, 48.38, 48.6, 47.39, 46.25, 46.27, 46.45, 45.49, 45.72, 45.91, 45.6, 45.08, 45.4, 44.97, 44.49]
2026-06-10 03:59:27,496 [trainer.py] => CNN top5 curve: [100.0, 100.0, 100.0, 99.5, 99.6, 99.17, 98.57, 97.37, 96.66, 95.1, 94.9, 94.25, 93.23, 92.35, 92.72, 92.93, 91.28, 92.27, 89.94, 89.13, 89.08, 88.29, 88.93, 87.31, 86.65, 87.16, 86.92, 84.99, 83.2, 83.19, 82.73, 82.52, 81.53, 80.84, 80.3, 80.57, 80.44, 80.46, 79.34, 79.73, 78.67, 78.17, 77.63, 77.44, 76.2, 76.54, 77.08, 77.11, 76.42, 76.47, 75.63, 75.33]
2026-06-10 03:59:27,496 [trainer.py] => Average Accuracy (CNN): 58.73
2026-06-10 03:59:27,497 [trainer.py] => All params: 86305816
2026-06-10 03:59:27,498 [trainer.py] => Trainable params: 353550
2026-06-10 03:59:27,509 [lae.py] => Learning on 260-265
2026-06-10 04:56:54,326 [lae.py] => Task 52, Epoch 50/50 => Loss 0.043, Train_accy 98.17, Test_accy 44.32
2026-06-10 04:59:38,166 [trainer.py] => No NME accuracy.
2026-06-10 04:59:38,205 [trainer.py] => CNN: {'total': 44.32, '00-04': 44.0, '05-09': 72.0, '10-14': 75.0, '15-19': 48.0, '20-24': 51.0, '25-29': 24.0, '30-34': 50.51, '35-39': 21.0, '40-44': 74.0, '45-49': 25.0, '50-54': 66.0, '55-59': 26.0, '60-64': 43.0, '65-69': 53.54, '70-74': 40.0, '75-79': 48.0, '80-84': 46.0, '85-89': 51.0, '90-94': 35.0, '95-99': 33.33, '100-104': 56.0, '105-109': 45.92, '110-114': 46.0, '115-119': 31.0, '120-124': 27.27, '125-129': 32.0, '130-134': 58.16, '135-139': 24.0, '140-144': 20.0, '145-149': 74.0, '150-154': 44.0, '155-159': 34.0, '160-164': 53.0, '165-169': 18.0, '170-174': 44.0, '175-179': 53.0, '180-184': 60.0, '185-189': 75.0, '190-194': 36.0, '195-199': 55.0, '200-204': 18.0, '205-209': 54.0, '210-214': 62.0, '215-219': 15.0, '220-224': 30.3, '225-229': 52.0, '230-234': 59.6, '235-239': 31.31, '240-244': 60.0, '245-249': 52.0, '250-254': 44.44, '255-259': 44.0, '260-264': 13.13, 'old': 44.91, 'new': 13.13}
2026-06-10 04:59:38,206 [trainer.py] => CNN top1 curve: [91.0, 91.5, 89.67, 78.25, 81.6, 78.67, 74.39, 72.09, 71.86, 69.47, 69.79, 69.81, 67.82, 63.16, 63.02, 65.96, 61.78, 60.79, 59.43, 60.24, 58.94, 59.59, 59.65, 59.21, 57.62, 57.4, 57.02, 53.76, 51.52, 52.21, 50.87, 51.38, 51.06, 49.09, 49.05, 49.75, 49.3, 50.16, 48.38, 48.6, 47.39, 46.25, 46.27, 46.45, 45.49, 45.72, 45.91, 45.6, 45.08, 45.4, 44.97, 44.49, 44.32]
2026-06-10 04:59:38,206 [trainer.py] => CNN top5 curve: [100.0, 100.0, 100.0, 99.5, 99.6, 99.17, 98.57, 97.37, 96.66, 95.1, 94.9, 94.25, 93.23, 92.35, 92.72, 92.93, 91.28, 92.27, 89.94, 89.13, 89.08, 88.29, 88.93, 87.31, 86.65, 87.16, 86.92, 84.99, 83.2, 83.19, 82.73, 82.52, 81.53, 80.84, 80.3, 80.57, 80.44, 80.46, 79.34, 79.73, 78.67, 78.17, 77.63, 77.44, 76.2, 76.54, 77.08, 77.11, 76.42, 76.47, 75.63, 75.33, 75.49]
2026-06-10 04:59:38,206 [trainer.py] => Average Accuracy (CNN): 58.46
2026-06-10 04:59:38,209 [trainer.py] => All params: 86309661
2026-06-10 04:59:38,211 [trainer.py] => Trainable params: 357395
2026-06-10 04:59:38,228 [lae.py] => Learning on 265-270
2026-06-10 05:57:39,991 [lae.py] => Task 53, Epoch 50/50 => Loss 0.055, Train_accy 97.63, Test_accy 44.16
2026-06-10 06:00:21,109 [trainer.py] => No NME accuracy.
2026-06-10 06:00:21,336 [trainer.py] => CNN: {'total': 44.16, '00-04': 46.0, '05-09': 72.0, '10-14': 75.0, '15-19': 49.0, '20-24': 48.0, '25-29': 24.0, '30-34': 46.46, '35-39': 18.0, '40-44': 74.0, '45-49': 25.0, '50-54': 61.0, '55-59': 24.0, '60-64': 42.0, '65-69': 55.56, '70-74': 40.0, '75-79': 49.0, '80-84': 45.0, '85-89': 51.0, '90-94': 35.0, '95-99': 35.35, '100-104': 57.0, '105-109': 45.92, '110-114': 45.0, '115-119': 33.0, '120-124': 25.25, '125-129': 34.0, '130-134': 58.16, '135-139': 24.0, '140-144': 20.0, '145-149': 73.0, '150-154': 43.0, '155-159': 32.0, '160-164': 53.0, '165-169': 16.0, '170-174': 46.0, '175-179': 54.0, '180-184': 60.0, '185-189': 76.0, '190-194': 38.0, '195-199': 56.0, '200-204': 16.0, '205-209': 54.0, '210-214': 61.0, '215-219': 15.0, '220-224': 30.3, '225-229': 52.0, '230-234': 59.6, '235-239': 31.31, '240-244': 61.0, '245-249': 52.0, '250-254': 45.45, '255-259': 47.0, '260-264': 12.12, '265-269': 43.0, 'old': 44.18, 'new': 43.0}
2026-06-10 06:00:21,336 [trainer.py] => CNN top1 curve: [91.0, 91.5, 89.67, 78.25, 81.6, 78.67, 74.39, 72.09, 71.86, 69.47, 69.79, 69.81, 67.82, 63.16, 63.02, 65.96, 61.78, 60.79, 59.43, 60.24, 58.94, 59.59, 59.65, 59.21, 57.62, 57.4, 57.02, 53.76, 51.52, 52.21, 50.87, 51.38, 51.06, 49.09, 49.05, 49.75, 49.3, 50.16, 48.38, 48.6, 47.39, 46.25, 46.27, 46.45, 45.49, 45.72, 45.91, 45.6, 45.08, 45.4, 44.97, 44.49, 44.32, 44.16]
2026-06-10 06:00:21,337 [trainer.py] => CNN top5 curve: [100.0, 100.0, 100.0, 99.5, 99.6, 99.17, 98.57, 97.37, 96.66, 95.1, 94.9, 94.25, 93.23, 92.35, 92.72, 92.93, 91.28, 92.27, 89.94, 89.13, 89.08, 88.29, 88.93, 87.31, 86.65, 87.16, 86.92, 84.99, 83.2, 83.19, 82.73, 82.52, 81.53, 80.84, 80.3, 80.57, 80.44, 80.46, 79.34, 79.73, 78.67, 78.17, 77.63, 77.44, 76.2, 76.54, 77.08, 77.11, 76.42, 76.47, 75.63, 75.33, 75.49, 75.65]
2026-06-10 06:00:21,361 [trainer.py] => Average Accuracy (CNN): 58.19
2026-06-10 06:00:21,363 [trainer.py] => All params: 86313506
2026-06-10 06:00:21,390 [trainer.py] => Trainable params: 361240
2026-06-10 06:00:21,632 [lae.py] => Learning on 270-275
2026-06-10 06:57:27,649 [lae.py] => Task 54, Epoch 50/50 => Loss 0.042, Train_accy 98.37, Test_accy 43.69
2026-06-10 07:00:15,713 [trainer.py] => No NME accuracy.
2026-06-10 07:00:15,741 [trainer.py] => CNN: {'total': 43.69, '00-04': 45.0, '05-09': 72.0, '10-14': 76.0, '15-19': 47.0, '20-24': 46.0, '25-29': 25.0, '30-34': 51.52, '35-39': 17.0, '40-44': 70.0, '45-49': 25.0, '50-54': 57.0, '55-59': 26.0, '60-64': 38.0, '65-69': 52.53, '70-74': 40.0, '75-79': 47.0, '80-84': 47.0, '85-89': 50.0, '90-94': 35.0, '95-99': 33.33, '100-104': 57.0, '105-109': 45.92, '110-114': 48.0, '115-119': 32.0, '120-124': 28.28, '125-129': 25.0, '130-134': 57.14, '135-139': 26.0, '140-144': 18.0, '145-149': 74.0, '150-154': 42.0, '155-159': 30.0, '160-164': 50.0, '165-169': 17.0, '170-174': 45.0, '175-179': 51.0, '180-184': 55.0, '185-189': 73.0, '190-194': 41.0, '195-199': 55.0, '200-204': 18.0, '205-209': 53.0, '210-214': 62.0, '215-219': 19.0, '220-224': 29.29, '225-229': 52.0, '230-234': 56.57, '235-239': 33.33, '240-244': 60.0, '245-249': 54.0, '250-254': 49.49, '255-259': 49.0, '260-264': 13.13, '265-269': 47.0, '270-274': 36.36, 'old': 43.83, 'new': 36.36}
2026-06-10 07:00:15,742 [trainer.py] => CNN top1 curve: [91.0, 91.5, 89.67, 78.25, 81.6, 78.67, 74.39, 72.09, 71.86, 69.47, 69.79, 69.81, 67.82, 63.16, 63.02, 65.96, 61.78, 60.79, 59.43, 60.24, 58.94, 59.59, 59.65, 59.21, 57.62, 57.4, 57.02, 53.76, 51.52, 52.21, 50.87, 51.38, 51.06, 49.09, 49.05, 49.75, 49.3, 50.16, 48.38, 48.6, 47.39, 46.25, 46.27, 46.45, 45.49, 45.72, 45.91, 45.6, 45.08, 45.4, 44.97, 44.49, 44.32, 44.16, 43.69]
2026-06-10 07:00:15,742 [trainer.py] => CNN top5 curve: [100.0, 100.0, 100.0, 99.5, 99.6, 99.17, 98.57, 97.37, 96.66, 95.1, 94.9, 94.25, 93.23, 92.35, 92.72, 92.93, 91.28, 92.27, 89.94, 89.13, 89.08, 88.29, 88.93, 87.31, 86.65, 87.16, 86.92, 84.99, 83.2, 83.19, 82.73, 82.52, 81.53, 80.84, 80.3, 80.57, 80.44, 80.46, 79.34, 79.73, 78.67, 78.17, 77.63, 77.44, 76.2, 76.54, 77.08, 77.11, 76.42, 76.47, 75.63, 75.33, 75.49, 75.65, 75.15]
2026-06-10 07:00:15,742 [trainer.py] => Average Accuracy (CNN): 57.93
2026-06-10 07:00:15,745 [trainer.py] => All params: 86317351
2026-06-10 07:00:15,747 [trainer.py] => Trainable params: 365085
2026-06-10 07:00:15,757 [lae.py] => Learning on 275-280
2026-06-10 07:58:11,274 [lae.py] => Task 55, Epoch 50/50 => Loss 0.012, Train_accy 99.47, Test_accy 43.31
2026-06-10 08:01:00,946 [trainer.py] => No NME accuracy.
2026-06-10 08:01:00,965 [trainer.py] => CNN: {'total': 43.31, '00-04': 48.0, '05-09': 71.0, '10-14': 78.0, '15-19': 46.0, '20-24': 45.0, '25-29': 24.0, '30-34': 51.52, '35-39': 17.0, '40-44': 70.0, '45-49': 25.0, '50-54': 60.0, '55-59': 23.0, '60-64': 39.0, '65-69': 51.52, '70-74': 40.0, '75-79': 49.0, '80-84': 46.0, '85-89': 51.0, '90-94': 35.0, '95-99': 31.31, '100-104': 57.0, '105-109': 46.94, '110-114': 44.0, '115-119': 31.0, '120-124': 26.26, '125-129': 25.0, '130-134': 59.18, '135-139': 24.0, '140-144': 17.0, '145-149': 76.0, '150-154': 44.0, '155-159': 30.0, '160-164': 52.0, '165-169': 16.0, '170-174': 45.0, '175-179': 53.0, '180-184': 53.0, '185-189': 75.0, '190-194': 39.0, '195-199': 56.0, '200-204': 18.0, '205-209': 55.0, '210-214': 60.0, '215-219': 14.0, '220-224': 30.3, '225-229': 53.0, '230-234': 60.61, '235-239': 35.35, '240-244': 59.0, '245-249': 52.0, '250-254': 45.45, '255-259': 49.0, '260-264': 10.1, '265-269': 46.0, '270-274': 36.36, '275-279': 30.3, 'old': 43.55, 'new': 30.3}
2026-06-10 08:01:00,966 [trainer.py] => CNN top1 curve: [91.0, 91.5, 89.67, 78.25, 81.6, 78.67, 74.39, 72.09, 71.86, 69.47, 69.79, 69.81, 67.82, 63.16, 63.02, 65.96, 61.78, 60.79, 59.43, 60.24, 58.94, 59.59, 59.65, 59.21, 57.62, 57.4, 57.02, 53.76, 51.52, 52.21, 50.87, 51.38, 51.06, 49.09, 49.05, 49.75, 49.3, 50.16, 48.38, 48.6, 47.39, 46.25, 46.27, 46.45, 45.49, 45.72, 45.91, 45.6, 45.08, 45.4, 44.97, 44.49, 44.32, 44.16, 43.69, 43.31]
2026-06-10 08:01:00,966 [trainer.py] => CNN top5 curve: [100.0, 100.0, 100.0, 99.5, 99.6, 99.17, 98.57, 97.37, 96.66, 95.1, 94.9, 94.25, 93.23, 92.35, 92.72, 92.93, 91.28, 92.27, 89.94, 89.13, 89.08, 88.29, 88.93, 87.31, 86.65, 87.16, 86.92, 84.99, 83.2, 83.19, 82.73, 82.52, 81.53, 80.84, 80.3, 80.57, 80.44, 80.46, 79.34, 79.73, 78.67, 78.17, 77.63, 77.44, 76.2, 76.54, 77.08, 77.11, 76.42, 76.47, 75.63, 75.33, 75.49, 75.65, 75.15, 74.99]
2026-06-10 08:01:00,966 [trainer.py] => Average Accuracy (CNN): 57.67
2026-06-10 08:01:00,967 [trainer.py] => All params: 86321196
2026-06-10 08:01:00,968 [trainer.py] => Trainable params: 368930
2026-06-10 08:01:00,974 [lae.py] => Learning on 280-285
2026-06-10 09:01:16,824 [lae.py] => Task 56, Epoch 50/50 => Loss 0.091, Train_accy 96.79, Test_accy 41.97
2026-06-10 09:04:10,911 [trainer.py] => No NME accuracy.
2026-06-10 09:04:10,927 [trainer.py] => CNN: {'total': 41.97, '00-04': 47.0, '05-09': 71.0, '10-14': 76.0, '15-19': 47.0, '20-24': 46.0, '25-29': 24.0, '30-34': 49.49, '35-39': 17.0, '40-44': 67.0, '45-49': 25.0, '50-54': 55.0, '55-59': 21.0, '60-64': 25.0, '65-69': 50.51, '70-74': 41.0, '75-79': 47.0, '80-84': 44.0, '85-89': 49.0, '90-94': 36.0, '95-99': 30.3, '100-104': 52.0, '105-109': 43.88, '110-114': 47.0, '115-119': 29.0, '120-124': 27.27, '125-129': 24.0, '130-134': 59.18, '135-139': 24.0, '140-144': 24.0, '145-149': 74.0, '150-154': 44.0, '155-159': 30.0, '160-164': 53.0, '165-169': 18.0, '170-174': 42.0, '175-179': 52.0, '180-184': 56.0, '185-189': 73.0, '190-194': 42.0, '195-199': 55.0, '200-204': 15.0, '205-209': 54.0, '210-214': 61.0, '215-219': 14.0, '220-224': 28.28, '225-229': 55.0, '230-234': 56.57, '235-239': 33.33, '240-244': 59.0, '245-249': 51.0, '250-254': 45.45, '255-259': 43.0, '260-264': 13.13, '265-269': 44.0, '270-274': 36.36, '275-279': 27.27, '280-284': 18.0, 'old': 42.4, 'new': 18.0}
2026-06-10 09:04:10,927 [trainer.py] => CNN top1 curve: [91.0, 91.5, 89.67, 78.25, 81.6, 78.67, 74.39, 72.09, 71.86, 69.47, 69.79, 69.81, 67.82, 63.16, 63.02, 65.96, 61.78, 60.79, 59.43, 60.24, 58.94, 59.59, 59.65, 59.21, 57.62, 57.4, 57.02, 53.76, 51.52, 52.21, 50.87, 51.38, 51.06, 49.09, 49.05, 49.75, 49.3, 50.16, 48.38, 48.6, 47.39, 46.25, 46.27, 46.45, 45.49, 45.72, 45.91, 45.6, 45.08, 45.4, 44.97, 44.49, 44.32, 44.16, 43.69, 43.31, 41.97]
2026-06-10 09:04:10,927 [trainer.py] => CNN top5 curve: [100.0, 100.0, 100.0, 99.5, 99.6, 99.17, 98.57, 97.37, 96.66, 95.1, 94.9, 94.25, 93.23, 92.35, 92.72, 92.93, 91.28, 92.27, 89.94, 89.13, 89.08, 88.29, 88.93, 87.31, 86.65, 87.16, 86.92, 84.99, 83.2, 83.19, 82.73, 82.52, 81.53, 80.84, 80.3, 80.57, 80.44, 80.46, 79.34, 79.73, 78.67, 78.17, 77.63, 77.44, 76.2, 76.54, 77.08, 77.11, 76.42, 76.47, 75.63, 75.33, 75.49, 75.65, 75.15, 74.99, 73.76]
2026-06-10 09:04:10,927 [trainer.py] => Average Accuracy (CNN): 57.39
2026-06-10 09:04:10,928 [trainer.py] => All params: 86325041
2026-06-10 09:04:10,929 [trainer.py] => Trainable params: 372775
2026-06-10 09:04:10,935 [lae.py] => Learning on 285-290
2026-06-10 10:02:07,544 [lae.py] => Task 57, Epoch 50/50 => Loss 0.012, Train_accy 99.48, Test_accy 42.25
2026-06-10 10:05:04,932 [trainer.py] => No NME accuracy.
2026-06-10 10:05:04,950 [trainer.py] => CNN: {'total': 42.25, '00-04': 49.0, '05-09': 68.0, '10-14': 77.0, '15-19': 46.0, '20-24': 45.0, '25-29': 22.0, '30-34': 51.52, '35-39': 16.0, '40-44': 66.0, '45-49': 23.0, '50-54': 58.0, '55-59': 25.0, '60-64': 22.0, '65-69': 50.51, '70-74': 40.0, '75-79': 46.0, '80-84': 41.0, '85-89': 50.0, '90-94': 37.0, '95-99': 31.31, '100-104': 56.0, '105-109': 40.82, '110-114': 44.0, '115-119': 29.0, '120-124': 25.25, '125-129': 24.0, '130-134': 59.18, '135-139': 23.0, '140-144': 23.0, '145-149': 73.0, '150-154': 43.0, '155-159': 30.0, '160-164': 52.0, '165-169': 19.0, '170-174': 46.0, '175-179': 51.0, '180-184': 57.0, '185-189': 77.0, '190-194': 37.0, '195-199': 54.0, '200-204': 15.0, '205-209': 53.0, '210-214': 58.0, '215-219': 11.0, '220-224': 28.28, '225-229': 52.0, '230-234': 56.57, '235-239': 34.34, '240-244': 59.0, '245-249': 53.0, '250-254': 44.44, '255-259': 44.0, '260-264': 11.11, '265-269': 44.0, '270-274': 35.35, '275-279': 29.29, '280-284': 17.0, '285-289': 77.0, 'old': 41.64, 'new': 77.0}
2026-06-10 10:05:04,950 [trainer.py] => CNN top1 curve: [91.0, 91.5, 89.67, 78.25, 81.6, 78.67, 74.39, 72.09, 71.86, 69.47, 69.79, 69.81, 67.82, 63.16, 63.02, 65.96, 61.78, 60.79, 59.43, 60.24, 58.94, 59.59, 59.65, 59.21, 57.62, 57.4, 57.02, 53.76, 51.52, 52.21, 50.87, 51.38, 51.06, 49.09, 49.05, 49.75, 49.3, 50.16, 48.38, 48.6, 47.39, 46.25, 46.27, 46.45, 45.49, 45.72, 45.91, 45.6, 45.08, 45.4, 44.97, 44.49, 44.32, 44.16, 43.69, 43.31, 41.97, 42.25]
2026-06-10 10:05:04,950 [trainer.py] => CNN top5 curve: [100.0, 100.0, 100.0, 99.5, 99.6, 99.17, 98.57, 97.37, 96.66, 95.1, 94.9, 94.25, 93.23, 92.35, 92.72, 92.93, 91.28, 92.27, 89.94, 89.13, 89.08, 88.29, 88.93, 87.31, 86.65, 87.16, 86.92, 84.99, 83.2, 83.19, 82.73, 82.52, 81.53, 80.84, 80.3, 80.57, 80.44, 80.46, 79.34, 79.73, 78.67, 78.17, 77.63, 77.44, 76.2, 76.54, 77.08, 77.11, 76.42, 76.47, 75.63, 75.33, 75.49, 75.65, 75.15, 74.99, 73.76, 73.93]
2026-06-10 10:05:04,950 [trainer.py] => Average Accuracy (CNN): 57.13
2026-06-10 10:05:04,951 [trainer.py] => All params: 86328886
2026-06-10 10:05:04,952 [trainer.py] => Trainable params: 376620
2026-06-10 10:05:04,966 [lae.py] => Learning on 290-295
2026-06-10 11:02:33,555 [lae.py] => Task 58, Epoch 50/50 => Loss 0.012, Train_accy 99.50, Test_accy 42.02
2026-06-10 11:05:27,252 [trainer.py] => No NME accuracy.
2026-06-10 11:05:27,270 [trainer.py] => CNN: {'total': 42.02, '00-04': 47.0, '05-09': 68.0, '10-14': 78.0, '15-19': 46.0, '20-24': 45.0, '25-29': 22.0, '30-34': 49.49, '35-39': 14.0, '40-44': 68.0, '45-49': 27.0, '50-54': 58.0, '55-59': 25.0, '60-64': 27.0, '65-69': 51.52, '70-74': 38.0, '75-79': 45.0, '80-84': 44.0, '85-89': 46.0, '90-94': 35.0, '95-99': 29.29, '100-104': 55.0, '105-109': 41.84, '110-114': 43.0, '115-119': 27.0, '120-124': 26.26, '125-129': 27.0, '130-134': 59.18, '135-139': 22.0, '140-144': 21.0, '145-149': 72.0, '150-154': 42.0, '155-159': 33.0, '160-164': 52.0, '165-169': 18.0, '170-174': 46.0, '175-179': 52.0, '180-184': 55.0, '185-189': 72.0, '190-194': 39.0, '195-199': 53.0, '200-204': 16.0, '205-209': 53.0, '210-214': 58.0, '215-219': 12.0, '220-224': 29.29, '225-229': 50.0, '230-234': 60.61, '235-239': 30.3, '240-244': 58.0, '245-249': 52.0, '250-254': 43.43, '255-259': 48.0, '260-264': 12.12, '265-269': 37.0, '270-274': 35.35, '275-279': 27.27, '280-284': 16.0, '285-289': 78.0, '290-294': 43.0, 'old': 42.01, 'new': 43.0}
2026-06-10 11:05:27,270 [trainer.py] => CNN top1 curve: [91.0, 91.5, 89.67, 78.25, 81.6, 78.67, 74.39, 72.09, 71.86, 69.47, 69.79, 69.81, 67.82, 63.16, 63.02, 65.96, 61.78, 60.79, 59.43, 60.24, 58.94, 59.59, 59.65, 59.21, 57.62, 57.4, 57.02, 53.76, 51.52, 52.21, 50.87, 51.38, 51.06, 49.09, 49.05, 49.75, 49.3, 50.16, 48.38, 48.6, 47.39, 46.25, 46.27, 46.45, 45.49, 45.72, 45.91, 45.6, 45.08, 45.4, 44.97, 44.49, 44.32, 44.16, 43.69, 43.31, 41.97, 42.25, 42.02]
2026-06-10 11:05:27,271 [trainer.py] => CNN top5 curve: [100.0, 100.0, 100.0, 99.5, 99.6, 99.17, 98.57, 97.37, 96.66, 95.1, 94.9, 94.25, 93.23, 92.35, 92.72, 92.93, 91.28, 92.27, 89.94, 89.13, 89.08, 88.29, 88.93, 87.31, 86.65, 87.16, 86.92, 84.99, 83.2, 83.19, 82.73, 82.52, 81.53, 80.84, 80.3, 80.57, 80.44, 80.46, 79.34, 79.73, 78.67, 78.17, 77.63, 77.44, 76.2, 76.54, 77.08, 77.11, 76.42, 76.47, 75.63, 75.33, 75.49, 75.65, 75.15, 74.99, 73.76, 73.93, 73.07]
2026-06-10 11:05:27,271 [trainer.py] => Average Accuracy (CNN): 56.87
2026-06-10 11:05:27,272 [trainer.py] => All params: 86332731
2026-06-10 11:05:27,272 [trainer.py] => Trainable params: 380465
2026-06-10 11:05:27,276 [lae.py] => Learning on 295-300
2026-06-10 12:05:14,924 [lae.py] => Task 59, Epoch 50/50 => Loss 0.024, Train_accy 99.28, Test_accy 42.32
2026-06-10 12:08:16,283 [trainer.py] => No NME accuracy.
2026-06-10 12:08:16,312 [trainer.py] => CNN: {'total': 42.32, '00-04': 42.0, '05-09': 71.0, '10-14': 79.0, '15-19': 46.0, '20-24': 45.0, '25-29': 23.0, '30-34': 51.52, '35-39': 16.0, '40-44': 68.0, '45-49': 25.0, '50-54': 60.0, '55-59': 26.0, '60-64': 26.0, '65-69': 53.54, '70-74': 42.0, '75-79': 45.0, '80-84': 42.0, '85-89': 49.0, '90-94': 35.0, '95-99': 28.28, '100-104': 56.0, '105-109': 44.9, '110-114': 42.0, '115-119': 32.0, '120-124': 26.26, '125-129': 27.0, '130-134': 59.18, '135-139': 23.0, '140-144': 19.0, '145-149': 66.0, '150-154': 43.0, '155-159': 32.0, '160-164': 51.0, '165-169': 17.0, '170-174': 45.0, '175-179': 52.0, '180-184': 58.0, '185-189': 76.0, '190-194': 34.0, '195-199': 56.0, '200-204': 16.0, '205-209': 53.0, '210-214': 59.0, '215-219': 10.0, '220-224': 28.28, '225-229': 50.0, '230-234': 57.58, '235-239': 33.33, '240-244': 59.0, '245-249': 52.0, '250-254': 43.43, '255-259': 43.0, '260-264': 11.11, '265-269': 41.0, '270-274': 35.35, '275-279': 30.3, '280-284': 16.0, '285-289': 79.0, '290-294': 45.0, '295-299': 44.0, 'old': 42.29, 'new': 44.0}
2026-06-10 12:08:16,312 [trainer.py] => CNN top1 curve: [91.0, 91.5, 89.67, 78.25, 81.6, 78.67, 74.39, 72.09, 71.86, 69.47, 69.79, 69.81, 67.82, 63.16, 63.02, 65.96, 61.78, 60.79, 59.43, 60.24, 58.94, 59.59, 59.65, 59.21, 57.62, 57.4, 57.02, 53.76, 51.52, 52.21, 50.87, 51.38, 51.06, 49.09, 49.05, 49.75, 49.3, 50.16, 48.38, 48.6, 47.39, 46.25, 46.27, 46.45, 45.49, 45.72, 45.91, 45.6, 45.08, 45.4, 44.97, 44.49, 44.32, 44.16, 43.69, 43.31, 41.97, 42.25, 42.02, 42.32]
2026-06-10 12:08:16,312 [trainer.py] => CNN top5 curve: [100.0, 100.0, 100.0, 99.5, 99.6, 99.17, 98.57, 97.37, 96.66, 95.1, 94.9, 94.25, 93.23, 92.35, 92.72, 92.93, 91.28, 92.27, 89.94, 89.13, 89.08, 88.29, 88.93, 87.31, 86.65, 87.16, 86.92, 84.99, 83.2, 83.19, 82.73, 82.52, 81.53, 80.84, 80.3, 80.57, 80.44, 80.46, 79.34, 79.73, 78.67, 78.17, 77.63, 77.44, 76.2, 76.54, 77.08, 77.11, 76.42, 76.47, 75.63, 75.33, 75.49, 75.65, 75.15, 74.99, 73.76, 73.93, 73.07, 73.4]
2026-06-10 12:08:16,313 [trainer.py] => Average Accuracy (CNN): 56.63
