2026-06-05 14:36:00,749 [trainer.py] => config: ./configs/icarl/icarl_cifar_B50_Inc10.json
2026-06-05 14:36:00,749 [trainer.py] => prefix: reproduce
2026-06-05 14:36:00,749 [trainer.py] => dataset: cifar224
2026-06-05 14:36:00,749 [trainer.py] => memory_size: 2000
2026-06-05 14:36:00,749 [trainer.py] => memory_per_class: 20
2026-06-05 14:36:00,749 [trainer.py] => fixed_memory: False
2026-06-05 14:36:00,749 [trainer.py] => shuffle: True
2026-06-05 14:36:00,749 [trainer.py] => init_cls: 50
2026-06-05 14:36:00,749 [trainer.py] => increment: 10
2026-06-05 14:36:00,749 [trainer.py] => model_name: icarl
2026-06-05 14:36:00,749 [trainer.py] => backbone_type: vit_base_patch16_224_in21k
2026-06-05 14:36:00,749 [trainer.py] => device: [device(type='cuda', index=3)]
2026-06-05 14:36:00,749 [trainer.py] => seed: 1993
2026-06-05 14:36:00,749 [trainer.py] => init_epoch: 20
2026-06-05 14:36:00,750 [trainer.py] => init_lr: 0.001
2026-06-05 14:36:00,750 [trainer.py] => init_milestones: [60, 120, 170]
2026-06-05 14:36:00,750 [trainer.py] => init_lr_decay: 0.1
2026-06-05 14:36:00,750 [trainer.py] => init_weight_decay: 0.0005
2026-06-05 14:36:00,750 [trainer.py] => epochs: 20
2026-06-05 14:36:00,750 [trainer.py] => lrate: 0.001
2026-06-05 14:36:00,750 [trainer.py] => milestones: [80, 120]
2026-06-05 14:36:00,750 [trainer.py] => lrate_decay: 0.1
2026-06-05 14:36:00,750 [trainer.py] => batch_size: 48
2026-06-05 14:36:00,750 [trainer.py] => weight_decay: 0.0002
2026-06-05 14:36:00,750 [trainer.py] => T: 2
2026-06-05 14:36:00,750 [trainer.py] => nb_classes: 100
2026-06-05 14:36:00,750 [trainer.py] => nb_tasks: 6
2026-06-05 14:36:02,068 [data_manager.py] => [68, 56, 78, 8, 23, 84, 90, 65, 74, 76, 40, 89, 3, 92, 55, 9, 26, 80, 43, 38, 58, 70, 77, 1, 85, 19, 17, 50, 28, 53, 13, 81, 45, 82, 6, 59, 83, 16, 15, 44, 91, 41, 72, 60, 79, 52, 20, 10, 31, 54, 37, 95, 14, 71, 96, 98, 97, 2, 64, 66, 42, 22, 35, 86, 24, 34, 87, 21, 99, 0, 88, 27, 18, 94, 11, 12, 47, 25, 30, 46, 62, 69, 36, 61, 7, 63, 75, 5, 32, 4, 51, 48, 73, 93, 39, 67, 29, 49, 57, 33]
2026-06-05 14:36:05,492 [trainer.py] => All params: 85798656
2026-06-05 14:36:05,493 [trainer.py] => Trainable params: 85798656
2026-06-05 14:36:05,494 [icarl.py] => Learning on 0-50
2026-06-05 21:09:10,770 [icarl.py] => Task 0, Epoch 20/20 => Loss 0.365, Train_accy 89.44
2026-06-05 21:09:10,786 [base.py] => Reducing exemplars...(40 per classes)
2026-06-05 21:09:10,787 [base.py] => Constructing exemplars...(40 per classes)
2026-06-05 21:19:07,977 [icarl.py] => Exemplar size: 2000
2026-06-05 21:19:07,978 [trainer.py] => CNN: {'total': 93.26, '00-49': 93.26, 'old': 0, 'new': 93.26}
2026-06-05 21:19:07,978 [trainer.py] => NME: {'total': 93.38, '00-49': 93.38, 'old': 0, 'new': 93.38}
2026-06-05 21:19:07,978 [trainer.py] => CNN top1 curve: [93.26]
2026-06-05 21:19:07,978 [trainer.py] => CNN top5 curve: [99.2]
2026-06-05 21:19:07,978 [trainer.py] => NME top1 curve: [93.38]
2026-06-05 21:19:07,978 [trainer.py] => NME top5 curve: [99.28]
2026-06-05 21:19:07,978 [trainer.py] => Average Accuracy (CNN): 93.26
2026-06-05 21:19:07,978 [trainer.py] => Average Accuracy (NME): 93.38
2026-06-05 21:19:07,978 [trainer.py] => All params: 85837106
2026-06-05 21:19:07,979 [trainer.py] => Trainable params: 85837106
2026-06-05 21:19:07,991 [icarl.py] => Learning on 50-60
2026-06-05 23:51:17,614 [icarl.py] => Task 1, Epoch 20/20 => Loss 2.362, Train_accy 93.71
2026-06-05 23:51:17,616 [base.py] => Reducing exemplars...(33 per classes)
2026-06-05 23:51:55,121 [base.py] => Constructing exemplars...(33 per classes)
2026-06-05 23:56:30,650 [icarl.py] => Exemplar size: 1980
2026-06-05 23:56:30,650 [trainer.py] => CNN: {'total': 89.27, '00-49': 87.66, '50-59': 97.3, 'old': 87.66, 'new': 97.3}
2026-06-05 23:56:30,650 [trainer.py] => NME: {'total': 92.22, '00-49': 91.92, '50-59': 93.7, 'old': 91.92, 'new': 93.7}
2026-06-05 23:56:30,650 [trainer.py] => CNN top1 curve: [93.26, 89.27]
2026-06-05 23:56:30,650 [trainer.py] => CNN top5 curve: [99.2, 98.58]
2026-06-05 23:56:30,650 [trainer.py] => NME top1 curve: [93.38, 92.22]
2026-06-05 23:56:30,650 [trainer.py] => NME top5 curve: [99.28, 99.1]
2026-06-05 23:56:30,650 [trainer.py] => Average Accuracy (CNN): 91.26
2026-06-05 23:56:30,651 [trainer.py] => Average Accuracy (NME): 92.8
2026-06-05 23:56:30,651 [trainer.py] => All params: 85844796
2026-06-05 23:56:30,652 [trainer.py] => Trainable params: 85844796
2026-06-05 23:56:30,663 [icarl.py] => Learning on 60-70
2026-06-06 02:29:24,469 [icarl.py] => Task 2, Epoch 20/20 => Loss 2.025, Train_accy 94.84
2026-06-06 02:29:24,470 [base.py] => Reducing exemplars...(28 per classes)
2026-06-06 02:30:05,399 [base.py] => Constructing exemplars...(28 per classes)
2026-06-06 02:35:15,011 [icarl.py] => Exemplar size: 1960
2026-06-06 02:35:15,011 [trainer.py] => CNN: {'total': 86.47, '00-49': 84.46, '50-59': 84.3, '60-69': 98.7, 'old': 84.43, 'new': 98.7}
2026-06-06 02:35:15,011 [trainer.py] => NME: {'total': 90.87, '00-49': 90.62, '50-59': 88.1, '60-69': 94.9, 'old': 90.2, 'new': 94.9}
2026-06-06 02:35:15,011 [trainer.py] => CNN top1 curve: [93.26, 89.27, 86.47]
2026-06-06 02:35:15,012 [trainer.py] => CNN top5 curve: [99.2, 98.58, 97.84]
2026-06-06 02:35:15,012 [trainer.py] => NME top1 curve: [93.38, 92.22, 90.87]
2026-06-06 02:35:15,012 [trainer.py] => NME top5 curve: [99.28, 99.1, 98.93]
2026-06-06 02:35:15,012 [trainer.py] => Average Accuracy (CNN): 89.67
2026-06-06 02:35:15,012 [trainer.py] => Average Accuracy (NME): 92.16
2026-06-06 02:35:15,012 [trainer.py] => All params: 85852486
2026-06-06 02:35:15,013 [trainer.py] => Trainable params: 85852486
2026-06-06 02:35:15,020 [icarl.py] => Learning on 70-80
2026-06-06 05:07:58,988 [icarl.py] => Task 3, Epoch 20/20 => Loss 1.936, Train_accy 94.02
2026-06-06 05:07:59,005 [base.py] => Reducing exemplars...(25 per classes)
2026-06-06 05:08:43,208 [base.py] => Constructing exemplars...(25 per classes)
2026-06-06 05:14:21,374 [icarl.py] => Exemplar size: 2000
2026-06-06 05:14:21,375 [trainer.py] => CNN: {'total': 81.58, '00-49': 79.3, '50-59': 70.3, '60-69': 90.3, '70-79': 95.5, 'old': 79.59, 'new': 95.5}
2026-06-06 05:14:21,375 [trainer.py] => NME: {'total': 87.55, '00-49': 88.16, '50-59': 79.9, '60-69': 88.9, '70-79': 90.8, 'old': 87.09, 'new': 90.8}
2026-06-06 05:14:21,375 [trainer.py] => CNN top1 curve: [93.26, 89.27, 86.47, 81.58]
2026-06-06 05:14:21,375 [trainer.py] => CNN top5 curve: [99.2, 98.58, 97.84, 96.32]
2026-06-06 05:14:21,375 [trainer.py] => NME top1 curve: [93.38, 92.22, 90.87, 87.55]
2026-06-06 05:14:21,375 [trainer.py] => NME top5 curve: [99.28, 99.1, 98.93, 98.49]
2026-06-06 05:14:21,375 [trainer.py] => Average Accuracy (CNN): 87.64
2026-06-06 05:14:21,375 [trainer.py] => Average Accuracy (NME): 91.01
2026-06-06 05:14:21,376 [trainer.py] => All params: 85860176
2026-06-06 05:14:21,376 [trainer.py] => Trainable params: 85860176
2026-06-06 05:14:21,383 [icarl.py] => Learning on 80-90
2026-06-06 07:48:46,700 [icarl.py] => Task 4, Epoch 20/20 => Loss 2.183, Train_accy 94.33
2026-06-06 07:48:46,701 [base.py] => Reducing exemplars...(22 per classes)
2026-06-06 07:49:33,352 [base.py] => Constructing exemplars...(22 per classes)
2026-06-06 07:55:39,691 [icarl.py] => Exemplar size: 1980
2026-06-06 07:55:39,691 [trainer.py] => CNN: {'total': 77.38, '00-49': 72.46, '50-59': 67.9, '60-69': 84.2, '70-79': 84.9, '80-89': 97.1, 'old': 74.91, 'new': 97.1}
2026-06-06 07:55:39,691 [trainer.py] => NME: {'total': 85.41, '00-49': 85.06, '50-59': 77.2, '60-69': 86.6, '70-79': 87.4, '80-89': 92.2, 'old': 84.56, 'new': 92.2}
2026-06-06 07:55:39,691 [trainer.py] => CNN top1 curve: [93.26, 89.27, 86.47, 81.58, 77.38]
2026-06-06 07:55:39,691 [trainer.py] => CNN top5 curve: [99.2, 98.58, 97.84, 96.32, 94.39]
2026-06-06 07:55:39,691 [trainer.py] => NME top1 curve: [93.38, 92.22, 90.87, 87.55, 85.41]
2026-06-06 07:55:39,691 [trainer.py] => NME top5 curve: [99.28, 99.1, 98.93, 98.49, 97.89]
2026-06-06 07:55:39,691 [trainer.py] => Average Accuracy (CNN): 85.59
2026-06-06 07:55:39,691 [trainer.py] => Average Accuracy (NME): 89.89
2026-06-06 07:55:39,692 [trainer.py] => All params: 85867866
2026-06-06 07:55:39,692 [trainer.py] => Trainable params: 85867866
2026-06-06 07:55:39,705 [icarl.py] => Learning on 90-100
2026-06-06 10:30:29,550 [icarl.py] => Task 5, Epoch 20/20 => Loss 2.259, Train_accy 93.87
2026-06-06 10:30:29,566 [base.py] => Reducing exemplars...(20 per classes)
2026-06-06 10:31:17,420 [base.py] => Constructing exemplars...(20 per classes)
2026-06-06 10:38:00,602 [icarl.py] => Exemplar size: 2000
2026-06-06 10:38:00,602 [trainer.py] => CNN: {'total': 75.27, '00-49': 69.36, '50-59': 62.3, '60-69': 80.5, '70-79': 75.7, '80-89': 90.6, '90-99': 96.8, 'old': 72.88, 'new': 96.8}
2026-06-06 10:38:00,602 [trainer.py] => NME: {'total': 84.6, '00-49': 84.02, '50-59': 74.1, '60-69': 86.0, '70-79': 83.7, '80-89': 90.5, '90-99': 91.6, 'old': 83.82, 'new': 91.6}
2026-06-06 10:38:00,602 [trainer.py] => CNN top1 curve: [93.26, 89.27, 86.47, 81.58, 77.38, 75.27]
2026-06-06 10:38:00,602 [trainer.py] => CNN top5 curve: [99.2, 98.58, 97.84, 96.32, 94.39, 92.79]
2026-06-06 10:38:00,602 [trainer.py] => NME top1 curve: [93.38, 92.22, 90.87, 87.55, 85.41, 84.6]
2026-06-06 10:38:00,603 [trainer.py] => NME top5 curve: [99.28, 99.1, 98.93, 98.49, 97.89, 97.39]
2026-06-06 10:38:00,603 [trainer.py] => Average Accuracy (CNN): 83.87
2026-06-06 10:38:00,603 [trainer.py] => Average Accuracy (NME): 89.01
