2026-06-15 13:25:50,946 [trainer.py] => config: ./configs/icarl/icarl_cub_B100_Inc5.json
2026-06-15 13:25:50,946 [trainer.py] => prefix: reproduce
2026-06-15 13:25:50,946 [trainer.py] => dataset: cub
2026-06-15 13:25:50,946 [trainer.py] => memory_size: 4000
2026-06-15 13:25:50,946 [trainer.py] => memory_per_class: 20
2026-06-15 13:25:50,946 [trainer.py] => fixed_memory: True
2026-06-15 13:25:50,946 [trainer.py] => shuffle: True
2026-06-15 13:25:50,946 [trainer.py] => init_cls: 100
2026-06-15 13:25:50,946 [trainer.py] => increment: 5
2026-06-15 13:25:50,947 [trainer.py] => model_name: icarl
2026-06-15 13:25:50,947 [trainer.py] => backbone_type: vit_base_patch16_224_in21k
2026-06-15 13:25:50,947 [trainer.py] => device: [device(type='cuda', index=2)]
2026-06-15 13:25:50,947 [trainer.py] => seed: 42
2026-06-15 13:25:50,947 [trainer.py] => init_epoch: 20
2026-06-15 13:25:50,947 [trainer.py] => init_lr: 0.001
2026-06-15 13:25:50,947 [trainer.py] => init_milestones: [60, 120, 170]
2026-06-15 13:25:50,947 [trainer.py] => init_lr_decay: 0.1
2026-06-15 13:25:50,947 [trainer.py] => init_weight_decay: 0.0005
2026-06-15 13:25:50,947 [trainer.py] => epochs: 20
2026-06-15 13:25:50,947 [trainer.py] => lrate: 0.001
2026-06-15 13:25:50,947 [trainer.py] => milestones: [80, 120]
2026-06-15 13:25:50,947 [trainer.py] => lrate_decay: 0.1
2026-06-15 13:25:50,948 [trainer.py] => batch_size: 48
2026-06-15 13:25:50,948 [trainer.py] => weight_decay: 0.0002
2026-06-15 13:25:50,948 [trainer.py] => T: 2
2026-06-15 13:25:51,624 [data_manager.py] => [95, 15, 30, 158, 128, 115, 69, 170, 174, 45, 66, 182, 165, 78, 186, 177, 56, 152, 82, 68, 124, 16, 148, 93, 65, 60, 84, 67, 125, 132, 9, 18, 55, 75, 150, 104, 135, 137, 164, 76, 79, 197, 38, 24, 122, 195, 29, 19, 143, 86, 114, 173, 5, 126, 117, 73, 140, 98, 172, 96, 169, 97, 31, 12, 35, 119, 42, 189, 90, 136, 51, 127, 162, 41, 118, 113, 26, 139, 100, 111, 2, 77, 46, 187, 191, 85, 161, 36, 190, 61, 22, 141, 101, 33, 11, 194, 159, 6, 27, 120, 4, 32, 142, 145, 109, 144, 10, 62, 112, 146, 166, 0, 198, 153, 70, 123, 64, 44, 163, 28, 40, 108, 155, 156, 25, 23, 184, 147, 81, 39, 168, 47, 94, 154, 43, 138, 3, 105, 53, 133, 180, 178, 185, 49, 80, 34, 7, 110, 91, 83, 176, 181, 89, 8, 13, 59, 171, 131, 17, 72, 175, 134, 167, 183, 63, 54, 107, 50, 196, 58, 48, 88, 21, 57, 160, 192, 129, 37, 157, 193, 1, 52, 149, 130, 151, 103, 99, 116, 87, 74, 121, 199, 20, 188, 71, 106, 14, 92, 179, 102]
2026-06-15 13:26:05,955 [trainer.py] => All params: 85798656
2026-06-15 13:26:05,956 [trainer.py] => Trainable params: 85798656
2026-06-15 13:26:05,956 [icarl.py] => Learning on 0-100
2026-06-15 13:50:40,965 [icarl.py] => Task 0, Epoch 20/20 => Loss 0.349, Train_accy 90.65
2026-06-15 13:50:40,967 [base.py] => Constructing exemplars for new classes...(20 per classes)
2026-06-15 13:52:48,451 [icarl.py] => Exemplar size: 2000
2026-06-15 13:52:48,451 [trainer.py] => CNN: {'total': 88.65, '00-99': 88.65, 'old': 0, 'new': 88.65}
2026-06-15 13:52:48,451 [trainer.py] => NME: {'total': 90.87, '00-99': 90.87, 'old': 0, 'new': 90.87}
2026-06-15 13:52:48,452 [trainer.py] => CNN top1 curve: [88.65]
2026-06-15 13:52:48,452 [trainer.py] => CNN top5 curve: [97.61]
2026-06-15 13:52:48,452 [trainer.py] => NME top1 curve: [90.87]
2026-06-15 13:52:48,452 [trainer.py] => NME top5 curve: [98.55]
2026-06-15 13:52:48,452 [trainer.py] => Average Accuracy (CNN): 88.65
2026-06-15 13:52:48,452 [trainer.py] => Average Accuracy (NME): 90.87
2026-06-15 13:52:48,452 [trainer.py] => All params: 85875556
2026-06-15 13:52:48,453 [trainer.py] => Trainable params: 85875556
2026-06-15 13:52:48,456 [icarl.py] => Learning on 100-105
2026-06-15 14:08:24,932 [icarl.py] => Task 1, Epoch 20/20 => Loss 1.222, Train_accy 93.55
2026-06-15 14:08:24,933 [base.py] => Constructing exemplars for new classes...(20 per classes)
2026-06-15 14:09:20,064 [icarl.py] => Exemplar size: 2100
2026-06-15 14:09:20,065 [trainer.py] => CNN: {'total': 88.22, '00-99': 88.05, '100-104': 92.0, 'old': 88.05, 'new': 92.0}
2026-06-15 14:09:20,065 [trainer.py] => NME: {'total': 89.77, '00-99': 90.1, '100-104': 82.0, 'old': 90.1, 'new': 82.0}
2026-06-15 14:09:20,065 [trainer.py] => CNN top1 curve: [88.65, 88.22]
2026-06-15 14:09:20,065 [trainer.py] => CNN top5 curve: [97.61, 97.55]
2026-06-15 14:09:20,065 [trainer.py] => NME top1 curve: [90.87, 89.77]
2026-06-15 14:09:20,065 [trainer.py] => NME top5 curve: [98.55, 98.69]
2026-06-15 14:09:20,065 [trainer.py] => Average Accuracy (CNN): 88.44
2026-06-15 14:09:20,065 [trainer.py] => Average Accuracy (NME): 90.32
2026-06-15 14:09:20,066 [trainer.py] => All params: 85879401
2026-06-15 14:09:20,067 [trainer.py] => Trainable params: 85879401
2026-06-15 14:09:20,068 [icarl.py] => Learning on 105-110
2026-06-15 14:25:42,881 [icarl.py] => Task 2, Epoch 20/20 => Loss 1.136, Train_accy 94.81
2026-06-15 14:25:42,897 [base.py] => Constructing exemplars for new classes...(20 per classes)
2026-06-15 14:26:42,799 [icarl.py] => Exemplar size: 2200
2026-06-15 14:26:42,800 [trainer.py] => CNN: {'total': 86.71, '00-99': 86.69, '100-104': 84.0, '105-109': 89.47, 'old': 86.58, 'new': 89.47}
2026-06-15 14:26:42,800 [trainer.py] => NME: {'total': 88.35, '00-99': 89.42, '100-104': 76.0, '105-109': 77.19, 'old': 88.87, 'new': 77.19}
2026-06-15 14:26:42,800 [trainer.py] => CNN top1 curve: [88.65, 88.22, 86.71]
2026-06-15 14:26:42,800 [trainer.py] => CNN top5 curve: [97.61, 97.55, 97.26]
2026-06-15 14:26:42,800 [trainer.py] => NME top1 curve: [90.87, 89.77, 88.35]
2026-06-15 14:26:42,800 [trainer.py] => NME top5 curve: [98.55, 98.69, 98.98]
2026-06-15 14:26:42,800 [trainer.py] => Average Accuracy (CNN): 87.86
2026-06-15 14:26:42,800 [trainer.py] => Average Accuracy (NME): 89.66
2026-06-15 14:26:42,801 [trainer.py] => All params: 85883246
2026-06-15 14:26:42,801 [trainer.py] => Trainable params: 85883246
2026-06-15 14:26:42,804 [icarl.py] => Learning on 110-115
2026-06-15 14:43:41,980 [icarl.py] => Task 3, Epoch 20/20 => Loss 1.189, Train_accy 95.88
2026-06-15 14:43:41,982 [base.py] => Constructing exemplars for new classes...(20 per classes)
2026-06-15 14:44:44,187 [icarl.py] => Exemplar size: 2300
2026-06-15 14:44:44,187 [trainer.py] => CNN: {'total': 86.9, '00-99': 86.35, '100-104': 82.0, '105-109': 89.47, '110-114': 97.22, 'old': 86.32, 'new': 97.22}
2026-06-15 14:44:44,187 [trainer.py] => NME: {'total': 88.01, '00-99': 88.57, '100-104': 76.0, '105-109': 78.95, '110-114': 94.44, 'old': 87.65, 'new': 94.44}
2026-06-15 14:44:44,188 [trainer.py] => CNN top1 curve: [88.65, 88.22, 86.71, 86.9]
2026-06-15 14:44:44,188 [trainer.py] => CNN top5 curve: [97.61, 97.55, 97.26, 97.48]
2026-06-15 14:44:44,188 [trainer.py] => NME top1 curve: [90.87, 89.77, 88.35, 88.01]
2026-06-15 14:44:44,188 [trainer.py] => NME top5 curve: [98.55, 98.69, 98.98, 98.67]
2026-06-15 14:44:44,188 [trainer.py] => Average Accuracy (CNN): 87.62
2026-06-15 14:44:44,188 [trainer.py] => Average Accuracy (NME): 89.25
2026-06-15 14:44:44,188 [trainer.py] => All params: 85887091
2026-06-15 14:44:44,189 [trainer.py] => Trainable params: 85887091
2026-06-15 14:44:44,192 [icarl.py] => Learning on 115-120
2026-06-15 15:02:29,131 [icarl.py] => Task 4, Epoch 20/20 => Loss 1.146, Train_accy 95.66
2026-06-15 15:02:29,153 [base.py] => Constructing exemplars for new classes...(20 per classes)
2026-06-15 15:03:32,577 [icarl.py] => Exemplar size: 2400
2026-06-15 15:03:32,577 [trainer.py] => CNN: {'total': 85.33, '00-99': 84.56, '100-104': 78.0, '105-109': 85.96, '110-114': 95.83, '115-119': 94.34, 'old': 84.97, 'new': 94.34}
2026-06-15 15:03:32,577 [trainer.py] => NME: {'total': 87.32, '00-99': 88.14, '100-104': 76.0, '105-109': 78.95, '110-114': 93.06, '115-119': 81.13, 'old': 87.56, 'new': 81.13}
2026-06-15 15:03:32,577 [trainer.py] => CNN top1 curve: [88.65, 88.22, 86.71, 86.9, 85.33]
2026-06-15 15:03:32,577 [trainer.py] => CNN top5 curve: [97.61, 97.55, 97.26, 97.48, 97.15]
2026-06-15 15:03:32,577 [trainer.py] => NME top1 curve: [90.87, 89.77, 88.35, 88.01, 87.32]
2026-06-15 15:03:32,577 [trainer.py] => NME top5 curve: [98.55, 98.69, 98.98, 98.67, 98.5]
2026-06-15 15:03:32,577 [trainer.py] => Average Accuracy (CNN): 87.16
2026-06-15 15:03:32,577 [trainer.py] => Average Accuracy (NME): 88.86
2026-06-15 15:03:32,578 [trainer.py] => All params: 85890936
2026-06-15 15:03:32,578 [trainer.py] => Trainable params: 85890936
2026-06-15 15:03:32,580 [icarl.py] => Learning on 120-125
2026-06-15 15:22:03,850 [icarl.py] => Task 5, Epoch 20/20 => Loss 1.150, Train_accy 96.71
2026-06-15 15:22:03,852 [base.py] => Constructing exemplars for new classes...(20 per classes)
2026-06-15 15:23:08,319 [icarl.py] => Exemplar size: 2500
2026-06-15 15:23:08,319 [trainer.py] => CNN: {'total': 85.81, '00-99': 84.81, '100-104': 82.0, '105-109': 85.96, '110-114': 95.83, '115-119': 88.68, '120-124': 94.55, 'old': 85.47, 'new': 94.55}
2026-06-15 15:23:08,319 [trainer.py] => NME: {'total': 87.53, '00-99': 88.31, '100-104': 76.0, '105-109': 75.44, '110-114': 94.44, '115-119': 83.02, '120-124': 89.09, 'old': 87.46, 'new': 89.09}
2026-06-15 15:23:08,320 [trainer.py] => CNN top1 curve: [88.65, 88.22, 86.71, 86.9, 85.33, 85.81]
2026-06-15 15:23:08,320 [trainer.py] => CNN top5 curve: [97.61, 97.55, 97.26, 97.48, 97.15, 96.92]
2026-06-15 15:23:08,320 [trainer.py] => NME top1 curve: [90.87, 89.77, 88.35, 88.01, 87.32, 87.53]
2026-06-15 15:23:08,320 [trainer.py] => NME top5 curve: [98.55, 98.69, 98.98, 98.67, 98.5, 98.49]
2026-06-15 15:23:08,320 [trainer.py] => Average Accuracy (CNN): 86.94
2026-06-15 15:23:08,320 [trainer.py] => Average Accuracy (NME): 88.64
2026-06-15 15:23:08,321 [trainer.py] => All params: 85894781
2026-06-15 15:23:08,322 [trainer.py] => Trainable params: 85894781
2026-06-15 15:23:08,324 [icarl.py] => Learning on 125-130
2026-06-15 15:42:15,453 [icarl.py] => Task 6, Epoch 20/20 => Loss 1.156, Train_accy 97.04
2026-06-15 15:42:15,455 [base.py] => Constructing exemplars for new classes...(20 per classes)
2026-06-15 15:43:27,103 [icarl.py] => Exemplar size: 2600
2026-06-15 15:43:27,117 [trainer.py] => CNN: {'total': 84.73, '00-99': 83.7, '100-104': 84.0, '105-109': 77.19, '110-114': 91.67, '115-119': 88.68, '120-124': 94.55, '125-129': 91.67, 'old': 84.44, 'new': 91.67}
2026-06-15 15:43:27,118 [trainer.py] => NME: {'total': 87.03, '00-99': 87.88, '100-104': 78.0, '105-109': 80.7, '110-114': 94.44, '115-119': 81.13, '120-124': 85.45, '125-129': 81.67, 'old': 87.25, 'new': 81.67}
2026-06-15 15:43:27,118 [trainer.py] => CNN top1 curve: [88.65, 88.22, 86.71, 86.9, 85.33, 85.81, 84.73]
2026-06-15 15:43:27,118 [trainer.py] => CNN top5 curve: [97.61, 97.55, 97.26, 97.48, 97.15, 96.92, 97.04]
2026-06-15 15:43:27,118 [trainer.py] => NME top1 curve: [90.87, 89.77, 88.35, 88.01, 87.32, 87.53, 87.03]
2026-06-15 15:43:27,118 [trainer.py] => NME top5 curve: [98.55, 98.69, 98.98, 98.67, 98.5, 98.49, 98.49]
2026-06-15 15:43:27,118 [trainer.py] => Average Accuracy (CNN): 86.62
2026-06-15 15:43:27,118 [trainer.py] => Average Accuracy (NME): 88.41
2026-06-15 15:43:27,119 [trainer.py] => All params: 85898626
2026-06-15 15:43:27,120 [trainer.py] => Trainable params: 85898626
2026-06-15 15:43:27,123 [icarl.py] => Learning on 130-135
2026-06-15 16:03:22,623 [icarl.py] => Task 7, Epoch 20/20 => Loss 1.114, Train_accy 96.87
2026-06-15 16:03:22,640 [base.py] => Constructing exemplars for new classes...(20 per classes)
2026-06-15 16:04:47,163 [icarl.py] => Exemplar size: 2700
2026-06-15 16:04:47,189 [trainer.py] => CNN: {'total': 83.6, '00-99': 82.0, '100-104': 76.0, '105-109': 77.19, '110-114': 90.28, '115-119': 88.68, '120-124': 92.73, '125-129': 91.67, '130-134': 98.33, 'old': 83.02, 'new': 98.33}
2026-06-15 16:04:47,189 [trainer.py] => NME: {'total': 87.46, '00-99': 87.71, '100-104': 76.0, '105-109': 82.46, '110-114': 93.06, '115-119': 83.02, '120-124': 85.45, '125-129': 85.0, '130-134': 98.33, 'old': 87.03, 'new': 98.33}
2026-06-15 16:04:47,189 [trainer.py] => CNN top1 curve: [88.65, 88.22, 86.71, 86.9, 85.33, 85.81, 84.73, 83.6]
2026-06-15 16:04:47,189 [trainer.py] => CNN top5 curve: [97.61, 97.55, 97.26, 97.48, 97.15, 96.92, 97.04, 96.71]
2026-06-15 16:04:47,189 [trainer.py] => NME top1 curve: [90.87, 89.77, 88.35, 88.01, 87.32, 87.53, 87.03, 87.46]
2026-06-15 16:04:47,189 [trainer.py] => NME top5 curve: [98.55, 98.69, 98.98, 98.67, 98.5, 98.49, 98.49, 98.23]
2026-06-15 16:04:47,189 [trainer.py] => Average Accuracy (CNN): 86.24
2026-06-15 16:04:47,189 [trainer.py] => Average Accuracy (NME): 88.29
2026-06-15 16:04:47,190 [trainer.py] => All params: 85902471
2026-06-15 16:04:47,190 [trainer.py] => Trainable params: 85902471
2026-06-15 16:04:47,192 [icarl.py] => Learning on 135-140
2026-06-15 16:25:20,268 [icarl.py] => Task 8, Epoch 20/20 => Loss 1.101, Train_accy 97.01
2026-06-15 16:25:20,281 [base.py] => Constructing exemplars for new classes...(20 per classes)
2026-06-15 16:27:36,775 [icarl.py] => Exemplar size: 2800
2026-06-15 16:27:36,802 [trainer.py] => CNN: {'total': 84.63, '00-99': 82.94, '100-104': 82.0, '105-109': 71.93, '110-114': 87.5, '115-119': 84.91, '120-124': 92.73, '125-129': 93.33, '130-134': 96.67, '135-139': 100.0, 'old': 84.04, 'new': 100.0}
2026-06-15 16:27:36,802 [trainer.py] => NME: {'total': 87.44, '00-99': 87.29, '100-104': 76.0, '105-109': 78.95, '110-114': 93.06, '115-119': 84.91, '120-124': 85.45, '125-129': 85.0, '130-134': 96.67, '135-139': 98.36, 'old': 87.02, 'new': 98.36}
2026-06-15 16:27:36,802 [trainer.py] => CNN top1 curve: [88.65, 88.22, 86.71, 86.9, 85.33, 85.81, 84.73, 83.6, 84.63]
2026-06-15 16:27:36,802 [trainer.py] => CNN top5 curve: [97.61, 97.55, 97.26, 97.48, 97.15, 96.92, 97.04, 96.71, 96.83]
2026-06-15 16:27:36,802 [trainer.py] => NME top1 curve: [90.87, 89.77, 88.35, 88.01, 87.32, 87.53, 87.03, 87.46, 87.44]
2026-06-15 16:27:36,802 [trainer.py] => NME top5 curve: [98.55, 98.69, 98.98, 98.67, 98.5, 98.49, 98.49, 98.23, 98.6]
2026-06-15 16:27:36,803 [trainer.py] => Average Accuracy (CNN): 86.06
2026-06-15 16:27:36,803 [trainer.py] => Average Accuracy (NME): 88.2
2026-06-15 16:27:36,804 [trainer.py] => All params: 85906316
2026-06-15 16:27:36,804 [trainer.py] => Trainable params: 85906316
2026-06-15 16:27:36,808 [icarl.py] => Learning on 140-145
2026-06-15 16:48:30,445 [icarl.py] => Task 9, Epoch 20/20 => Loss 1.054, Train_accy 97.37
2026-06-15 16:48:30,454 [base.py] => Constructing exemplars for new classes...(20 per classes)
2026-06-15 16:51:24,148 [icarl.py] => Exemplar size: 2900
2026-06-15 16:51:24,184 [trainer.py] => CNN: {'total': 85.63, '00-99': 83.45, '100-104': 82.0, '105-109': 77.19, '110-114': 90.28, '115-119': 86.79, '120-124': 89.09, '125-129': 96.67, '130-134': 95.0, '135-139': 100.0, '140-144': 94.83, 'old': 85.3, 'new': 94.83}
2026-06-15 16:51:24,184 [trainer.py] => NME: {'total': 87.51, '00-99': 87.03, '100-104': 78.0, '105-109': 78.95, '110-114': 91.67, '115-119': 83.02, '120-124': 83.64, '125-129': 86.67, '130-134': 98.33, '135-139': 100.0, '140-144': 93.1, 'old': 87.32, 'new': 93.1}
2026-06-15 16:51:24,184 [trainer.py] => CNN top1 curve: [88.65, 88.22, 86.71, 86.9, 85.33, 85.81, 84.73, 83.6, 84.63, 85.63]
2026-06-15 16:51:24,184 [trainer.py] => CNN top5 curve: [97.61, 97.55, 97.26, 97.48, 97.15, 96.92, 97.04, 96.71, 96.83, 96.23]
2026-06-15 16:51:24,184 [trainer.py] => NME top1 curve: [90.87, 89.77, 88.35, 88.01, 87.32, 87.53, 87.03, 87.46, 87.44, 87.51]
2026-06-15 16:51:24,184 [trainer.py] => NME top5 curve: [98.55, 98.69, 98.98, 98.67, 98.5, 98.49, 98.49, 98.23, 98.6, 98.41]
2026-06-15 16:51:24,185 [trainer.py] => Average Accuracy (CNN): 86.02
2026-06-15 16:51:24,185 [trainer.py] => Average Accuracy (NME): 88.13
2026-06-15 16:51:24,186 [trainer.py] => All params: 85910161
2026-06-15 16:51:24,186 [trainer.py] => Trainable params: 85910161
2026-06-15 16:51:24,190 [icarl.py] => Learning on 145-150
2026-06-15 17:13:01,350 [icarl.py] => Task 10, Epoch 20/20 => Loss 1.112, Train_accy 97.86
2026-06-15 17:13:01,360 [base.py] => Constructing exemplars for new classes...(20 per classes)
2026-06-15 17:15:37,019 [icarl.py] => Exemplar size: 3000
2026-06-15 17:15:37,053 [trainer.py] => CNN: {'total': 84.21, '00-99': 81.74, '100-104': 76.0, '105-109': 75.44, '110-114': 88.89, '115-119': 86.79, '120-124': 89.09, '125-129': 93.33, '130-134': 96.67, '135-139': 98.36, '140-144': 91.38, '145-149': 95.45, 'old': 83.92, 'new': 95.45}
2026-06-15 17:15:37,053 [trainer.py] => NME: {'total': 86.74, '00-99': 86.26, '100-104': 74.0, '105-109': 75.44, '110-114': 91.67, '115-119': 84.91, '120-124': 87.27, '125-129': 86.67, '130-134': 95.0, '135-139': 98.36, '140-144': 93.1, '145-149': 86.36, 'old': 86.75, 'new': 86.36}
2026-06-15 17:15:37,053 [trainer.py] => CNN top1 curve: [88.65, 88.22, 86.71, 86.9, 85.33, 85.81, 84.73, 83.6, 84.63, 85.63, 84.21]
2026-06-15 17:15:37,053 [trainer.py] => CNN top5 curve: [97.61, 97.55, 97.26, 97.48, 97.15, 96.92, 97.04, 96.71, 96.83, 96.23, 95.98]
2026-06-15 17:15:37,054 [trainer.py] => NME top1 curve: [90.87, 89.77, 88.35, 88.01, 87.32, 87.53, 87.03, 87.46, 87.44, 87.51, 86.74]
2026-06-15 17:15:37,054 [trainer.py] => NME top5 curve: [98.55, 98.69, 98.98, 98.67, 98.5, 98.49, 98.49, 98.23, 98.6, 98.41, 98.22]
2026-06-15 17:15:37,054 [trainer.py] => Average Accuracy (CNN): 85.86
2026-06-15 17:15:37,054 [trainer.py] => Average Accuracy (NME): 88.0
2026-06-15 17:15:37,054 [trainer.py] => All params: 85914006
2026-06-15 17:15:37,055 [trainer.py] => Trainable params: 85914006
2026-06-15 17:15:37,059 [icarl.py] => Learning on 150-155
2026-06-15 17:37:54,984 [icarl.py] => Task 11, Epoch 20/20 => Loss 1.083, Train_accy 97.44
2026-06-15 17:37:55,002 [base.py] => Constructing exemplars for new classes...(20 per classes)
2026-06-15 17:40:30,828 [icarl.py] => Exemplar size: 3100
2026-06-15 17:40:30,846 [trainer.py] => CNN: {'total': 83.85, '00-99': 80.89, '100-104': 74.0, '105-109': 78.95, '110-114': 84.72, '115-119': 84.91, '120-124': 90.91, '125-129': 91.67, '130-134': 95.0, '135-139': 96.72, '140-144': 93.1, '145-149': 95.45, '150-154': 98.15, 'old': 83.41, 'new': 98.15}
2026-06-15 17:40:30,849 [trainer.py] => NME: {'total': 86.64, '00-99': 85.75, '100-104': 74.0, '105-109': 75.44, '110-114': 90.28, '115-119': 81.13, '120-124': 87.27, '125-129': 88.33, '130-134': 96.67, '135-139': 100.0, '140-144': 94.83, '145-149': 86.36, '150-154': 92.59, 'old': 86.45, 'new': 92.59}
2026-06-15 17:40:30,849 [trainer.py] => CNN top1 curve: [88.65, 88.22, 86.71, 86.9, 85.33, 85.81, 84.73, 83.6, 84.63, 85.63, 84.21, 83.85]
2026-06-15 17:40:30,849 [trainer.py] => CNN top5 curve: [97.61, 97.55, 97.26, 97.48, 97.15, 96.92, 97.04, 96.71, 96.83, 96.23, 95.98, 95.27]
2026-06-15 17:40:30,849 [trainer.py] => NME top1 curve: [90.87, 89.77, 88.35, 88.01, 87.32, 87.53, 87.03, 87.46, 87.44, 87.51, 86.74, 86.64]
2026-06-15 17:40:30,851 [trainer.py] => NME top5 curve: [98.55, 98.69, 98.98, 98.67, 98.5, 98.49, 98.49, 98.23, 98.6, 98.41, 98.22, 98.05]
2026-06-15 17:40:30,852 [trainer.py] => Average Accuracy (CNN): 85.69
2026-06-15 17:40:30,853 [trainer.py] => Average Accuracy (NME): 87.89
2026-06-15 17:40:30,854 [trainer.py] => All params: 85917851
2026-06-15 17:40:30,854 [trainer.py] => Trainable params: 85917851
2026-06-15 17:40:30,857 [icarl.py] => Learning on 155-160
2026-06-15 18:03:25,286 [icarl.py] => Task 12, Epoch 20/20 => Loss 1.186, Train_accy 97.81
2026-06-15 18:03:25,317 [base.py] => Constructing exemplars for new classes...(20 per classes)
2026-06-15 18:05:33,421 [icarl.py] => Exemplar size: 3200
2026-06-15 18:05:33,447 [trainer.py] => CNN: {'total': 83.89, '00-99': 80.29, '100-104': 72.0, '105-109': 78.95, '110-114': 86.11, '115-119': 86.79, '120-124': 90.91, '125-129': 91.67, '130-134': 95.0, '135-139': 98.36, '140-144': 93.1, '145-149': 93.18, '150-154': 98.15, '155-159': 96.3, 'old': 83.52, 'new': 96.3}
2026-06-15 18:05:33,447 [trainer.py] => NME: {'total': 86.81, '00-99': 85.75, '100-104': 72.0, '105-109': 77.19, '110-114': 93.06, '115-119': 81.13, '120-124': 85.45, '125-129': 83.33, '130-134': 98.33, '135-139': 98.36, '140-144': 94.83, '145-149': 86.36, '150-154': 92.59, '155-159': 96.3, 'old': 86.53, 'new': 96.3}
2026-06-15 18:05:33,447 [trainer.py] => CNN top1 curve: [88.65, 88.22, 86.71, 86.9, 85.33, 85.81, 84.73, 83.6, 84.63, 85.63, 84.21, 83.85, 83.89]
2026-06-15 18:05:33,447 [trainer.py] => CNN top5 curve: [97.61, 97.55, 97.26, 97.48, 97.15, 96.92, 97.04, 96.71, 96.83, 96.23, 95.98, 95.27, 95.51]
2026-06-15 18:05:33,447 [trainer.py] => NME top1 curve: [90.87, 89.77, 88.35, 88.01, 87.32, 87.53, 87.03, 87.46, 87.44, 87.51, 86.74, 86.64, 86.81]
2026-06-15 18:05:33,447 [trainer.py] => NME top5 curve: [98.55, 98.69, 98.98, 98.67, 98.5, 98.49, 98.49, 98.23, 98.6, 98.41, 98.22, 98.05, 98.11]
2026-06-15 18:05:33,448 [trainer.py] => Average Accuracy (CNN): 85.55
2026-06-15 18:05:33,448 [trainer.py] => Average Accuracy (NME): 87.81
2026-06-15 18:05:33,448 [trainer.py] => All params: 85921696
2026-06-15 18:05:33,449 [trainer.py] => Trainable params: 85921696
2026-06-15 18:05:33,451 [icarl.py] => Learning on 160-165
2026-06-15 18:29:20,677 [icarl.py] => Task 13, Epoch 20/20 => Loss 1.139, Train_accy 97.44
2026-06-15 18:29:20,694 [base.py] => Constructing exemplars for new classes...(20 per classes)
2026-06-15 18:31:12,863 [icarl.py] => Exemplar size: 3300
2026-06-15 18:31:12,879 [trainer.py] => CNN: {'total': 81.85, '00-99': 78.67, '100-104': 76.0, '105-109': 73.68, '110-114': 83.33, '115-119': 81.13, '120-124': 87.27, '125-129': 83.33, '130-134': 93.33, '135-139': 98.36, '140-144': 93.1, '145-149': 88.64, '150-154': 94.44, '155-159': 87.04, '160-164': 89.29, 'old': 81.62, 'new': 89.29}
2026-06-15 18:31:12,879 [trainer.py] => NME: {'total': 85.52, '00-99': 85.41, '100-104': 74.0, '105-109': 75.44, '110-114': 90.28, '115-119': 77.36, '120-124': 83.64, '125-129': 81.67, '130-134': 95.0, '135-139': 96.72, '140-144': 93.1, '145-149': 84.09, '150-154': 94.44, '155-159': 87.04, '160-164': 76.79, 'old': 85.78, 'new': 76.79}
2026-06-15 18:31:12,879 [trainer.py] => CNN top1 curve: [88.65, 88.22, 86.71, 86.9, 85.33, 85.81, 84.73, 83.6, 84.63, 85.63, 84.21, 83.85, 83.89, 81.85]
2026-06-15 18:31:12,879 [trainer.py] => CNN top5 curve: [97.61, 97.55, 97.26, 97.48, 97.15, 96.92, 97.04, 96.71, 96.83, 96.23, 95.98, 95.27, 95.51, 95.02]
2026-06-15 18:31:12,879 [trainer.py] => NME top1 curve: [90.87, 89.77, 88.35, 88.01, 87.32, 87.53, 87.03, 87.46, 87.44, 87.51, 86.74, 86.64, 86.81, 85.52]
2026-06-15 18:31:12,879 [trainer.py] => NME top5 curve: [98.55, 98.69, 98.98, 98.67, 98.5, 98.49, 98.49, 98.23, 98.6, 98.41, 98.22, 98.05, 98.11, 98.01]
2026-06-15 18:31:12,879 [trainer.py] => Average Accuracy (CNN): 85.29
2026-06-15 18:31:12,879 [trainer.py] => Average Accuracy (NME): 87.64
2026-06-15 18:31:12,880 [trainer.py] => All params: 85925541
2026-06-15 18:31:12,880 [trainer.py] => Trainable params: 85925541
2026-06-15 18:31:12,884 [icarl.py] => Learning on 165-170
2026-06-15 18:55:37,247 [icarl.py] => Task 14, Epoch 20/20 => Loss 1.169, Train_accy 98.27
2026-06-15 18:55:37,273 [base.py] => Constructing exemplars for new classes...(20 per classes)
2026-06-15 18:57:57,499 [icarl.py] => Exemplar size: 3400
2026-06-15 18:57:57,538 [trainer.py] => CNN: {'total': 80.16, '00-99': 77.22, '100-104': 78.0, '105-109': 73.68, '110-114': 80.56, '115-119': 75.47, '120-124': 83.64, '125-129': 81.67, '130-134': 91.67, '135-139': 95.08, '140-144': 75.86, '145-149': 88.64, '150-154': 92.59, '155-159': 87.04, '160-164': 89.29, '165-169': 89.23, 'old': 79.85, 'new': 89.23}
2026-06-15 18:57:57,538 [trainer.py] => NME: {'total': 85.44, '00-99': 85.67, '100-104': 74.0, '105-109': 75.44, '110-114': 90.28, '115-119': 83.02, '120-124': 83.64, '125-129': 81.67, '130-134': 95.0, '135-139': 96.72, '140-144': 81.03, '145-149': 86.36, '150-154': 94.44, '155-159': 90.74, '160-164': 75.0, '165-169': 81.54, 'old': 85.57, 'new': 81.54}
2026-06-15 18:57:57,538 [trainer.py] => CNN top1 curve: [88.65, 88.22, 86.71, 86.9, 85.33, 85.81, 84.73, 83.6, 84.63, 85.63, 84.21, 83.85, 83.89, 81.85, 80.16]
2026-06-15 18:57:57,538 [trainer.py] => CNN top5 curve: [97.61, 97.55, 97.26, 97.48, 97.15, 96.92, 97.04, 96.71, 96.83, 96.23, 95.98, 95.27, 95.51, 95.02, 94.93]
2026-06-15 18:57:57,538 [trainer.py] => NME top1 curve: [90.87, 89.77, 88.35, 88.01, 87.32, 87.53, 87.03, 87.46, 87.44, 87.51, 86.74, 86.64, 86.81, 85.52, 85.44]
2026-06-15 18:57:57,539 [trainer.py] => NME top5 curve: [98.55, 98.69, 98.98, 98.67, 98.5, 98.49, 98.49, 98.23, 98.6, 98.41, 98.22, 98.05, 98.11, 98.01, 97.67]
2026-06-15 18:57:57,539 [trainer.py] => Average Accuracy (CNN): 84.94
2026-06-15 18:57:57,539 [trainer.py] => Average Accuracy (NME): 87.5
2026-06-15 18:57:57,539 [trainer.py] => All params: 85929386
2026-06-15 18:57:57,540 [trainer.py] => Trainable params: 85929386
2026-06-15 18:57:57,542 [icarl.py] => Learning on 170-175
2026-06-15 19:23:11,784 [icarl.py] => Task 15, Epoch 20/20 => Loss 1.204, Train_accy 98.49
2026-06-15 19:23:11,798 [base.py] => Constructing exemplars for new classes...(20 per classes)
2026-06-15 19:25:15,783 [icarl.py] => Exemplar size: 3500
2026-06-15 19:25:15,815 [trainer.py] => CNN: {'total': 79.66, '00-99': 76.45, '100-104': 68.0, '105-109': 77.19, '110-114': 84.72, '115-119': 69.81, '120-124': 85.45, '125-129': 83.33, '130-134': 93.33, '135-139': 95.08, '140-144': 77.59, '145-149': 84.09, '150-154': 90.74, '155-159': 85.19, '160-164': 87.5, '165-169': 87.69, '170-174': 87.27, 'old': 79.45, 'new': 87.27}
2026-06-15 19:25:15,815 [trainer.py] => NME: {'total': 84.01, '00-99': 84.04, '100-104': 76.0, '105-109': 73.68, '110-114': 86.11, '115-119': 79.25, '120-124': 85.45, '125-129': 81.67, '130-134': 95.0, '135-139': 96.72, '140-144': 79.31, '145-149': 86.36, '150-154': 90.74, '155-159': 88.89, '160-164': 75.0, '165-169': 83.08, '170-174': 80.0, 'old': 84.12, 'new': 80.0}
2026-06-15 19:25:15,815 [trainer.py] => CNN top1 curve: [88.65, 88.22, 86.71, 86.9, 85.33, 85.81, 84.73, 83.6, 84.63, 85.63, 84.21, 83.85, 83.89, 81.85, 80.16, 79.66]
2026-06-15 19:25:15,815 [trainer.py] => CNN top5 curve: [97.61, 97.55, 97.26, 97.48, 97.15, 96.92, 97.04, 96.71, 96.83, 96.23, 95.98, 95.27, 95.51, 95.02, 94.93, 94.97]
2026-06-15 19:25:15,815 [trainer.py] => NME top1 curve: [90.87, 89.77, 88.35, 88.01, 87.32, 87.53, 87.03, 87.46, 87.44, 87.51, 86.74, 86.64, 86.81, 85.52, 85.44, 84.01]
2026-06-15 19:25:15,815 [trainer.py] => NME top5 curve: [98.55, 98.69, 98.98, 98.67, 98.5, 98.49, 98.49, 98.23, 98.6, 98.41, 98.22, 98.05, 98.11, 98.01, 97.67, 97.38]
2026-06-15 19:25:15,815 [trainer.py] => Average Accuracy (CNN): 84.61
2026-06-15 19:25:15,815 [trainer.py] => Average Accuracy (NME): 87.28
2026-06-15 19:25:15,816 [trainer.py] => All params: 85933231
2026-06-15 19:25:15,816 [trainer.py] => Trainable params: 85933231
2026-06-15 19:25:15,819 [icarl.py] => Learning on 175-180
2026-06-15 19:51:08,811 [icarl.py] => Task 16, Epoch 20/20 => Loss 1.267, Train_accy 98.29
2026-06-15 19:51:08,828 [base.py] => Constructing exemplars for new classes...(20 per classes)
2026-06-15 19:54:05,695 [icarl.py] => Exemplar size: 3600
2026-06-15 19:54:05,730 [trainer.py] => CNN: {'total': 79.79, '00-99': 75.6, '100-104': 72.0, '105-109': 71.93, '110-114': 83.33, '115-119': 67.92, '120-124': 87.27, '125-129': 88.33, '130-134': 93.33, '135-139': 98.36, '140-144': 81.03, '145-149': 86.36, '150-154': 90.74, '155-159': 81.48, '160-164': 87.5, '165-169': 83.08, '170-174': 90.91, '175-179': 95.16, 'old': 79.32, 'new': 95.16}
2026-06-15 19:54:05,730 [trainer.py] => NME: {'total': 83.86, '00-99': 82.85, '100-104': 78.0, '105-109': 73.68, '110-114': 87.5, '115-119': 81.13, '120-124': 85.45, '125-129': 85.0, '130-134': 96.67, '135-139': 98.36, '140-144': 81.03, '145-149': 86.36, '150-154': 88.89, '155-159': 87.04, '160-164': 78.57, '165-169': 80.0, '170-174': 81.82, '175-179': 90.32, 'old': 83.66, 'new': 90.32}
2026-06-15 19:54:05,730 [trainer.py] => CNN top1 curve: [88.65, 88.22, 86.71, 86.9, 85.33, 85.81, 84.73, 83.6, 84.63, 85.63, 84.21, 83.85, 83.89, 81.85, 80.16, 79.66, 79.79]
2026-06-15 19:54:05,730 [trainer.py] => CNN top5 curve: [97.61, 97.55, 97.26, 97.48, 97.15, 96.92, 97.04, 96.71, 96.83, 96.23, 95.98, 95.27, 95.51, 95.02, 94.93, 94.97, 94.73]
2026-06-15 19:54:05,730 [trainer.py] => NME top1 curve: [90.87, 89.77, 88.35, 88.01, 87.32, 87.53, 87.03, 87.46, 87.44, 87.51, 86.74, 86.64, 86.81, 85.52, 85.44, 84.01, 83.86]
2026-06-15 19:54:05,730 [trainer.py] => NME top5 curve: [98.55, 98.69, 98.98, 98.67, 98.5, 98.49, 98.49, 98.23, 98.6, 98.41, 98.22, 98.05, 98.11, 98.01, 97.67, 97.38, 97.46]
2026-06-15 19:54:05,730 [trainer.py] => Average Accuracy (CNN): 84.33
2026-06-15 19:54:05,730 [trainer.py] => Average Accuracy (NME): 87.08
2026-06-15 19:54:05,731 [trainer.py] => All params: 85937076
2026-06-15 19:54:05,732 [trainer.py] => Trainable params: 85937076
2026-06-15 19:54:05,735 [icarl.py] => Learning on 180-185
2026-06-15 20:20:29,629 [icarl.py] => Task 17, Epoch 20/20 => Loss 1.192, Train_accy 98.53
2026-06-15 20:20:29,649 [base.py] => Constructing exemplars for new classes...(20 per classes)
2026-06-15 20:23:32,398 [icarl.py] => Exemplar size: 3700
2026-06-15 20:23:32,433 [trainer.py] => CNN: {'total': 79.06, '00-99': 75.09, '100-104': 66.0, '105-109': 68.42, '110-114': 80.56, '115-119': 69.81, '120-124': 80.0, '125-129': 83.33, '130-134': 90.0, '135-139': 100.0, '140-144': 87.93, '145-149': 84.09, '150-154': 87.04, '155-159': 81.48, '160-164': 76.79, '165-169': 80.0, '170-174': 90.91, '175-179': 90.32, '180-184': 97.5, 'old': 78.35, 'new': 97.5}
2026-06-15 20:23:32,433 [trainer.py] => NME: {'total': 83.81, '00-99': 83.19, '100-104': 78.0, '105-109': 73.68, '110-114': 86.11, '115-119': 79.25, '120-124': 83.64, '125-129': 81.67, '130-134': 91.67, '135-139': 98.36, '140-144': 79.31, '145-149': 88.64, '150-154': 88.89, '155-159': 83.33, '160-164': 76.79, '165-169': 78.46, '170-174': 81.82, '175-179': 90.32, '180-184': 92.5, 'old': 83.48, 'new': 92.5}
2026-06-15 20:23:32,433 [trainer.py] => CNN top1 curve: [88.65, 88.22, 86.71, 86.9, 85.33, 85.81, 84.73, 83.6, 84.63, 85.63, 84.21, 83.85, 83.89, 81.85, 80.16, 79.66, 79.79, 79.06]
2026-06-15 20:23:32,433 [trainer.py] => CNN top5 curve: [97.61, 97.55, 97.26, 97.48, 97.15, 96.92, 97.04, 96.71, 96.83, 96.23, 95.98, 95.27, 95.51, 95.02, 94.93, 94.97, 94.73, 94.46]
2026-06-15 20:23:32,433 [trainer.py] => NME top1 curve: [90.87, 89.77, 88.35, 88.01, 87.32, 87.53, 87.03, 87.46, 87.44, 87.51, 86.74, 86.64, 86.81, 85.52, 85.44, 84.01, 83.86, 83.81]
2026-06-15 20:23:32,433 [trainer.py] => NME top5 curve: [98.55, 98.69, 98.98, 98.67, 98.5, 98.49, 98.49, 98.23, 98.6, 98.41, 98.22, 98.05, 98.11, 98.01, 97.67, 97.38, 97.46, 97.51]
2026-06-15 20:23:32,433 [trainer.py] => Average Accuracy (CNN): 84.04
2026-06-15 20:23:32,433 [trainer.py] => Average Accuracy (NME): 86.9
2026-06-15 20:23:32,434 [trainer.py] => All params: 85940921
2026-06-15 20:23:32,435 [trainer.py] => Trainable params: 85940921
2026-06-15 20:23:32,437 [icarl.py] => Learning on 185-190
2026-06-15 20:50:40,844 [icarl.py] => Task 18, Epoch 20/20 => Loss 1.270, Train_accy 97.89
2026-06-15 20:50:40,853 [base.py] => Constructing exemplars for new classes...(20 per classes)
2026-06-15 20:53:47,966 [icarl.py] => Exemplar size: 3800
2026-06-15 20:53:47,996 [trainer.py] => CNN: {'total': 79.37, '00-99': 76.19, '100-104': 64.0, '105-109': 64.91, '110-114': 80.56, '115-119': 62.26, '120-124': 78.18, '125-129': 83.33, '130-134': 90.0, '135-139': 98.36, '140-144': 82.76, '145-149': 84.09, '150-154': 83.33, '155-159': 83.33, '160-164': 76.79, '165-169': 81.54, '170-174': 90.91, '175-179': 88.71, '180-184': 91.25, '185-189': 98.39, 'old': 78.83, 'new': 98.39}
2026-06-15 20:53:47,996 [trainer.py] => NME: {'total': 84.44, '00-99': 83.28, '100-104': 78.0, '105-109': 75.44, '110-114': 88.89, '115-119': 79.25, '120-124': 87.27, '125-129': 83.33, '130-134': 93.33, '135-139': 98.36, '140-144': 77.59, '145-149': 84.09, '150-154': 88.89, '155-159': 87.04, '160-164': 75.0, '165-169': 80.0, '170-174': 81.82, '175-179': 91.94, '180-184': 91.25, '185-189': 95.16, 'old': 84.13, 'new': 95.16}
2026-06-15 20:53:47,996 [trainer.py] => CNN top1 curve: [88.65, 88.22, 86.71, 86.9, 85.33, 85.81, 84.73, 83.6, 84.63, 85.63, 84.21, 83.85, 83.89, 81.85, 80.16, 79.66, 79.79, 79.06, 79.37]
2026-06-15 20:53:47,996 [trainer.py] => CNN top5 curve: [97.61, 97.55, 97.26, 97.48, 97.15, 96.92, 97.04, 96.71, 96.83, 96.23, 95.98, 95.27, 95.51, 95.02, 94.93, 94.97, 94.73, 94.46, 94.84]
2026-06-15 20:53:47,996 [trainer.py] => NME top1 curve: [90.87, 89.77, 88.35, 88.01, 87.32, 87.53, 87.03, 87.46, 87.44, 87.51, 86.74, 86.64, 86.81, 85.52, 85.44, 84.01, 83.86, 83.81, 84.44]
2026-06-15 20:53:47,996 [trainer.py] => NME top5 curve: [98.55, 98.69, 98.98, 98.67, 98.5, 98.49, 98.49, 98.23, 98.6, 98.41, 98.22, 98.05, 98.11, 98.01, 97.67, 97.38, 97.46, 97.51, 97.31]
2026-06-15 20:53:47,996 [trainer.py] => Average Accuracy (CNN): 83.79
2026-06-15 20:53:47,996 [trainer.py] => Average Accuracy (NME): 86.77
2026-06-15 20:53:47,997 [trainer.py] => All params: 85944766
2026-06-15 20:53:47,997 [trainer.py] => Trainable params: 85944766
2026-06-15 20:53:48,001 [icarl.py] => Learning on 190-195
2026-06-15 21:21:37,571 [icarl.py] => Task 19, Epoch 20/20 => Loss 1.256, Train_accy 98.44
2026-06-15 21:21:37,585 [base.py] => Constructing exemplars for new classes...(20 per classes)
2026-06-15 21:24:52,990 [icarl.py] => Exemplar size: 3900
2026-06-15 21:24:53,011 [trainer.py] => CNN: {'total': 79.83, '00-99': 75.26, '100-104': 72.0, '105-109': 68.42, '110-114': 73.61, '115-119': 69.81, '120-124': 87.27, '125-129': 83.33, '130-134': 90.0, '135-139': 98.36, '140-144': 84.48, '145-149': 86.36, '150-154': 87.04, '155-159': 81.48, '160-164': 67.86, '165-169': 81.54, '170-174': 89.09, '175-179': 91.94, '180-184': 92.5, '185-189': 96.77, '190-194': 97.18, 'old': 79.28, 'new': 97.18}
2026-06-15 21:24:53,012 [trainer.py] => NME: {'total': 84.79, '00-99': 83.45, '100-104': 80.0, '105-109': 73.68, '110-114': 86.11, '115-119': 79.25, '120-124': 87.27, '125-129': 80.0, '130-134': 93.33, '135-139': 96.72, '140-144': 79.31, '145-149': 86.36, '150-154': 90.74, '155-159': 88.89, '160-164': 73.21, '165-169': 83.08, '170-174': 83.64, '175-179': 87.1, '180-184': 91.25, '185-189': 96.77, '190-194': 94.37, 'old': 84.48, 'new': 94.37}
2026-06-15 21:24:53,012 [trainer.py] => CNN top1 curve: [88.65, 88.22, 86.71, 86.9, 85.33, 85.81, 84.73, 83.6, 84.63, 85.63, 84.21, 83.85, 83.89, 81.85, 80.16, 79.66, 79.79, 79.06, 79.37, 79.83]
2026-06-15 21:24:53,012 [trainer.py] => CNN top5 curve: [97.61, 97.55, 97.26, 97.48, 97.15, 96.92, 97.04, 96.71, 96.83, 96.23, 95.98, 95.27, 95.51, 95.02, 94.93, 94.97, 94.73, 94.46, 94.84, 94.78]
2026-06-15 21:24:53,012 [trainer.py] => NME top1 curve: [90.87, 89.77, 88.35, 88.01, 87.32, 87.53, 87.03, 87.46, 87.44, 87.51, 86.74, 86.64, 86.81, 85.52, 85.44, 84.01, 83.86, 83.81, 84.44, 84.79]
2026-06-15 21:24:53,012 [trainer.py] => NME top5 curve: [98.55, 98.69, 98.98, 98.67, 98.5, 98.49, 98.49, 98.23, 98.6, 98.41, 98.22, 98.05, 98.11, 98.01, 97.67, 97.38, 97.46, 97.51, 97.31, 97.74]
2026-06-15 21:24:53,012 [trainer.py] => Average Accuracy (CNN): 83.59
2026-06-15 21:24:53,012 [trainer.py] => Average Accuracy (NME): 86.67
2026-06-15 21:24:53,013 [trainer.py] => All params: 85948611
2026-06-15 21:24:53,013 [trainer.py] => Trainable params: 85948611
2026-06-15 21:24:53,016 [icarl.py] => Learning on 195-200
2026-06-15 21:53:30,767 [icarl.py] => Task 20, Epoch 20/20 => Loss 1.268, Train_accy 98.50
2026-06-15 21:53:30,788 [base.py] => Constructing exemplars for new classes...(20 per classes)
2026-06-15 21:56:13,947 [icarl.py] => Exemplar size: 4000
2026-06-15 21:56:13,977 [trainer.py] => CNN: {'total': 79.05, '00-99': 75.09, '100-104': 66.0, '105-109': 71.93, '110-114': 72.22, '115-119': 62.26, '120-124': 81.82, '125-129': 73.33, '130-134': 86.67, '135-139': 93.44, '140-144': 84.48, '145-149': 84.09, '150-154': 83.33, '155-159': 85.19, '160-164': 73.21, '165-169': 80.0, '170-174': 89.09, '175-179': 88.71, '180-184': 88.75, '185-189': 95.16, '190-194': 95.77, '195-199': 96.49, 'old': 78.62, 'new': 96.49}
2026-06-15 21:56:13,977 [trainer.py] => NME: {'total': 83.93, '00-99': 82.85, '100-104': 78.0, '105-109': 75.44, '110-114': 81.94, '115-119': 71.7, '120-124': 83.64, '125-129': 78.33, '130-134': 93.33, '135-139': 98.36, '140-144': 79.31, '145-149': 84.09, '150-154': 88.89, '155-159': 90.74, '160-164': 73.21, '165-169': 80.0, '170-174': 85.45, '175-179': 85.48, '180-184': 91.25, '185-189': 96.77, '190-194': 94.37, '195-199': 82.46, 'old': 83.96, 'new': 82.46}
2026-06-15 21:56:13,977 [trainer.py] => CNN top1 curve: [88.65, 88.22, 86.71, 86.9, 85.33, 85.81, 84.73, 83.6, 84.63, 85.63, 84.21, 83.85, 83.89, 81.85, 80.16, 79.66, 79.79, 79.06, 79.37, 79.83, 79.05]
2026-06-15 21:56:13,977 [trainer.py] => CNN top5 curve: [97.61, 97.55, 97.26, 97.48, 97.15, 96.92, 97.04, 96.71, 96.83, 96.23, 95.98, 95.27, 95.51, 95.02, 94.93, 94.97, 94.73, 94.46, 94.84, 94.78, 94.66]
2026-06-15 21:56:13,977 [trainer.py] => NME top1 curve: [90.87, 89.77, 88.35, 88.01, 87.32, 87.53, 87.03, 87.46, 87.44, 87.51, 86.74, 86.64, 86.81, 85.52, 85.44, 84.01, 83.86, 83.81, 84.44, 84.79, 83.93]
2026-06-15 21:56:13,977 [trainer.py] => NME top5 curve: [98.55, 98.69, 98.98, 98.67, 98.5, 98.49, 98.49, 98.23, 98.6, 98.41, 98.22, 98.05, 98.11, 98.01, 97.67, 97.38, 97.46, 97.51, 97.31, 97.74, 97.58]
2026-06-15 21:56:13,977 [trainer.py] => Average Accuracy (CNN): 83.38
2026-06-15 21:56:13,977 [trainer.py] => Average Accuracy (NME): 86.54
