2026-06-16 06:29:56,004 [trainer.py] => config: ./configs/icarl/icarl_cub_B100_Inc5.json
2026-06-16 06:29:56,004 [trainer.py] => prefix: reproduce
2026-06-16 06:29:56,004 [trainer.py] => dataset: cub
2026-06-16 06:29:56,004 [trainer.py] => memory_size: 4000
2026-06-16 06:29:56,004 [trainer.py] => memory_per_class: 20
2026-06-16 06:29:56,004 [trainer.py] => fixed_memory: True
2026-06-16 06:29:56,004 [trainer.py] => shuffle: True
2026-06-16 06:29:56,004 [trainer.py] => init_cls: 100
2026-06-16 06:29:56,004 [trainer.py] => increment: 5
2026-06-16 06:29:56,004 [trainer.py] => model_name: icarl
2026-06-16 06:29:56,004 [trainer.py] => backbone_type: vit_base_patch16_224_in21k
2026-06-16 06:29:56,004 [trainer.py] => device: [device(type='cuda', index=2)]
2026-06-16 06:29:56,004 [trainer.py] => seed: 1994
2026-06-16 06:29:56,004 [trainer.py] => init_epoch: 20
2026-06-16 06:29:56,004 [trainer.py] => init_lr: 0.001
2026-06-16 06:29:56,004 [trainer.py] => init_milestones: [60, 120, 170]
2026-06-16 06:29:56,004 [trainer.py] => init_lr_decay: 0.1
2026-06-16 06:29:56,004 [trainer.py] => init_weight_decay: 0.0005
2026-06-16 06:29:56,005 [trainer.py] => epochs: 20
2026-06-16 06:29:56,005 [trainer.py] => lrate: 0.001
2026-06-16 06:29:56,005 [trainer.py] => milestones: [80, 120]
2026-06-16 06:29:56,005 [trainer.py] => lrate_decay: 0.1
2026-06-16 06:29:56,005 [trainer.py] => batch_size: 48
2026-06-16 06:29:56,005 [trainer.py] => weight_decay: 0.0002
2026-06-16 06:29:56,005 [trainer.py] => T: 2
2026-06-16 06:29:56,005 [trainer.py] => nb_classes: 200
2026-06-16 06:29:56,005 [trainer.py] => nb_tasks: 21
2026-06-16 06:29:56,631 [data_manager.py] => [85, 41, 23, 28, 70, 87, 134, 151, 51, 159, 178, 119, 50, 117, 73, 95, 86, 147, 63, 22, 79, 175, 40, 155, 174, 54, 132, 72, 124, 157, 93, 26, 196, 74, 44, 15, 169, 122, 88, 171, 184, 6, 18, 145, 48, 197, 64, 172, 126, 96, 11, 55, 193, 66, 128, 21, 77, 113, 140, 116, 141, 133, 120, 29, 115, 14, 103, 127, 114, 19, 9, 38, 33, 195, 81, 35, 69, 181, 47, 129, 112, 168, 198, 71, 101, 188, 68, 90, 158, 163, 52, 8, 185, 59, 154, 92, 56, 183, 32, 136, 65, 45, 46, 173, 189, 108, 102, 144, 0, 107, 187, 100, 98, 192, 43, 161, 104, 75, 150, 166, 121, 60, 160, 3, 143, 153, 62, 142, 61, 110, 194, 97, 25, 177, 179, 17, 49, 31, 94, 111, 16, 53, 91, 58, 135, 83, 2, 12, 13, 165, 42, 36, 186, 105, 1, 7, 149, 170, 27, 24, 78, 167, 137, 138, 118, 10, 139, 164, 20, 57, 123, 199, 89, 130, 82, 162, 176, 148, 109, 125, 67, 106, 37, 146, 131, 180, 156, 39, 5, 84, 4, 190, 152, 191, 30, 76, 80, 34, 99, 182]
2026-06-16 06:29:59,935 [trainer.py] => All params: 85798656
2026-06-16 06:29:59,935 [trainer.py] => Trainable params: 85798656
2026-06-16 06:29:59,936 [icarl.py] => Learning on 0-100
2026-06-16 06:54:56,761 [icarl.py] => Task 0, Epoch 20/20 => Loss 0.356, Train_accy 90.26
2026-06-16 06:54:56,776 [base.py] => Constructing exemplars for new classes...(20 per classes)
2026-06-16 06:57:03,804 [icarl.py] => Exemplar size: 2000
2026-06-16 06:57:03,805 [trainer.py] => CNN: {'total': 87.78, '00-99': 87.78, 'old': 0, 'new': 87.78}
2026-06-16 06:57:03,805 [trainer.py] => NME: {'total': 89.77, '00-99': 89.77, 'old': 0, 'new': 89.77}
2026-06-16 06:57:03,805 [trainer.py] => CNN top1 curve: [87.78]
2026-06-16 06:57:03,805 [trainer.py] => CNN top5 curve: [97.92]
2026-06-16 06:57:03,805 [trainer.py] => NME top1 curve: [89.77]
2026-06-16 06:57:03,805 [trainer.py] => NME top5 curve: [98.44]
2026-06-16 06:57:03,805 [trainer.py] => Average Accuracy (CNN): 87.78
2026-06-16 06:57:03,805 [trainer.py] => Average Accuracy (NME): 89.77
2026-06-16 06:57:03,806 [trainer.py] => All params: 85875556
2026-06-16 06:57:03,806 [trainer.py] => Trainable params: 85875556
2026-06-16 06:57:03,809 [icarl.py] => Learning on 100-105
2026-06-16 07:12:49,962 [icarl.py] => Task 1, Epoch 20/20 => Loss 1.222, Train_accy 94.74
2026-06-16 07:12:49,963 [base.py] => Constructing exemplars for new classes...(20 per classes)
2026-06-16 07:13:48,519 [icarl.py] => Exemplar size: 2100
2026-06-16 07:13:48,519 [trainer.py] => CNN: {'total': 88.68, '00-99': 88.73, '100-104': 87.5, 'old': 88.73, 'new': 87.5}
2026-06-16 07:13:48,519 [trainer.py] => NME: {'total': 89.75, '00-99': 89.86, '100-104': 87.5, 'old': 89.86, 'new': 87.5}
2026-06-16 07:13:48,519 [trainer.py] => CNN top1 curve: [87.78, 88.68]
2026-06-16 07:13:48,519 [trainer.py] => CNN top5 curve: [97.92, 97.52]
2026-06-16 07:13:48,519 [trainer.py] => NME top1 curve: [89.77, 89.75]
2026-06-16 07:13:48,519 [trainer.py] => NME top5 curve: [98.44, 98.35]
2026-06-16 07:13:48,520 [trainer.py] => Average Accuracy (CNN): 88.23
2026-06-16 07:13:48,520 [trainer.py] => Average Accuracy (NME): 89.76
2026-06-16 07:13:48,520 [trainer.py] => All params: 85879401
2026-06-16 07:13:48,521 [trainer.py] => Trainable params: 85879401
2026-06-16 07:13:48,522 [icarl.py] => Learning on 105-110
2026-06-16 07:30:15,032 [icarl.py] => Task 2, Epoch 20/20 => Loss 1.239, Train_accy 94.99
2026-06-16 07:30:15,047 [base.py] => Constructing exemplars for new classes...(20 per classes)
2026-06-16 07:31:16,037 [icarl.py] => Exemplar size: 2200
2026-06-16 07:31:16,037 [trainer.py] => CNN: {'total': 87.76, '00-99': 87.35, '100-104': 89.29, '105-109': 93.75, 'old': 87.44, 'new': 93.75}
2026-06-16 07:31:16,037 [trainer.py] => NME: {'total': 89.4, '00-99': 89.25, '100-104': 89.29, '105-109': 92.19, 'old': 89.26, 'new': 92.19}
2026-06-16 07:31:16,037 [trainer.py] => CNN top1 curve: [87.78, 88.68, 87.76]
2026-06-16 07:31:16,037 [trainer.py] => CNN top5 curve: [97.92, 97.52, 97.02]
2026-06-16 07:31:16,038 [trainer.py] => NME top1 curve: [89.77, 89.75, 89.4]
2026-06-16 07:31:16,038 [trainer.py] => NME top5 curve: [98.44, 98.35, 98.59]
2026-06-16 07:31:16,038 [trainer.py] => Average Accuracy (CNN): 88.07
2026-06-16 07:31:16,038 [trainer.py] => Average Accuracy (NME): 89.64
2026-06-16 07:31:16,039 [trainer.py] => All params: 85883246
2026-06-16 07:31:16,040 [trainer.py] => Trainable params: 85883246
2026-06-16 07:31:16,043 [icarl.py] => Learning on 110-115
2026-06-16 07:48:18,327 [icarl.py] => Task 3, Epoch 20/20 => Loss 1.284, Train_accy 95.51
2026-06-16 07:48:18,328 [base.py] => Constructing exemplars for new classes...(20 per classes)
2026-06-16 07:49:22,986 [icarl.py] => Exemplar size: 2300
2026-06-16 07:49:22,986 [trainer.py] => CNN: {'total': 87.74, '00-99': 87.0, '100-104': 87.5, '105-109': 93.75, '110-114': 95.31, 'old': 87.36, 'new': 95.31}
2026-06-16 07:49:22,986 [trainer.py] => NME: {'total': 88.86, '00-99': 88.65, '100-104': 89.29, '105-109': 89.06, '110-114': 92.19, 'old': 88.7, 'new': 92.19}
2026-06-16 07:49:22,987 [trainer.py] => CNN top1 curve: [87.78, 88.68, 87.76, 87.74]
2026-06-16 07:49:22,987 [trainer.py] => CNN top5 curve: [97.92, 97.52, 97.02, 97.09]
2026-06-16 07:49:22,987 [trainer.py] => NME top1 curve: [89.77, 89.75, 89.4, 88.86]
2026-06-16 07:49:22,987 [trainer.py] => NME top5 curve: [98.44, 98.35, 98.59, 98.13]
2026-06-16 07:49:22,987 [trainer.py] => Average Accuracy (CNN): 87.99
2026-06-16 07:49:22,987 [trainer.py] => Average Accuracy (NME): 89.44
2026-06-16 07:49:22,987 [trainer.py] => All params: 85887091
2026-06-16 07:49:22,988 [trainer.py] => Trainable params: 85887091
2026-06-16 07:49:22,991 [icarl.py] => Learning on 115-120
2026-06-16 08:07:10,648 [icarl.py] => Task 4, Epoch 20/20 => Loss 1.227, Train_accy 95.81
2026-06-16 08:07:10,662 [base.py] => Constructing exemplars for new classes...(20 per classes)
2026-06-16 08:08:31,927 [icarl.py] => Exemplar size: 2400
2026-06-16 08:08:31,958 [trainer.py] => CNN: {'total': 87.18, '00-99': 85.88, '100-104': 87.5, '105-109': 93.75, '110-114': 95.31, '115-119': 98.0, 'old': 86.77, 'new': 98.0}
2026-06-16 08:08:31,958 [trainer.py] => NME: {'total': 89.48, '00-99': 88.91, '100-104': 89.29, '105-109': 90.62, '110-114': 95.31, '115-119': 94.0, 'old': 89.31, 'new': 94.0}
2026-06-16 08:08:31,958 [trainer.py] => CNN top1 curve: [87.78, 88.68, 87.76, 87.74, 87.18]
2026-06-16 08:08:31,958 [trainer.py] => CNN top5 curve: [97.92, 97.52, 97.02, 97.09, 97.55]
2026-06-16 08:08:31,958 [trainer.py] => NME top1 curve: [89.77, 89.75, 89.4, 88.86, 89.48]
2026-06-16 08:08:31,958 [trainer.py] => NME top5 curve: [98.44, 98.35, 98.59, 98.13, 98.2]
2026-06-16 08:08:31,958 [trainer.py] => Average Accuracy (CNN): 87.83
2026-06-16 08:08:31,958 [trainer.py] => Average Accuracy (NME): 89.45
2026-06-16 08:08:31,959 [trainer.py] => All params: 85890936
2026-06-16 08:08:31,959 [trainer.py] => Trainable params: 85890936
2026-06-16 08:08:31,962 [icarl.py] => Learning on 120-125
2026-06-16 08:27:06,037 [icarl.py] => Task 5, Epoch 20/20 => Loss 1.221, Train_accy 96.81
2026-06-16 08:27:06,038 [base.py] => Constructing exemplars for new classes...(20 per classes)
2026-06-16 08:28:13,944 [icarl.py] => Exemplar size: 2500
2026-06-16 08:28:13,944 [trainer.py] => CNN: {'total': 86.91, '00-99': 85.36, '100-104': 83.93, '105-109': 93.75, '110-114': 95.31, '115-119': 98.0, '120-124': 93.65, 'old': 86.6, 'new': 93.65}
2026-06-16 08:28:13,944 [trainer.py] => NME: {'total': 89.11, '00-99': 88.39, '100-104': 87.5, '105-109': 90.62, '110-114': 95.31, '115-119': 94.0, '120-124': 92.06, 'old': 88.98, 'new': 92.06}
2026-06-16 08:28:13,944 [trainer.py] => CNN top1 curve: [87.78, 88.68, 87.76, 87.74, 87.18, 86.91]
2026-06-16 08:28:13,944 [trainer.py] => CNN top5 curve: [97.92, 97.52, 97.02, 97.09, 97.55, 96.83]
2026-06-16 08:28:13,944 [trainer.py] => NME top1 curve: [89.77, 89.75, 89.4, 88.86, 89.48, 89.11]
2026-06-16 08:28:13,944 [trainer.py] => NME top5 curve: [98.44, 98.35, 98.59, 98.13, 98.2, 98.0]
2026-06-16 08:28:13,944 [trainer.py] => Average Accuracy (CNN): 87.68
2026-06-16 08:28:13,944 [trainer.py] => Average Accuracy (NME): 89.4
2026-06-16 08:28:13,945 [trainer.py] => All params: 85894781
2026-06-16 08:28:13,945 [trainer.py] => Trainable params: 85894781
2026-06-16 08:28:13,948 [icarl.py] => Learning on 125-130
2026-06-16 08:47:28,802 [icarl.py] => Task 6, Epoch 20/20 => Loss 1.172, Train_accy 96.75
2026-06-16 08:47:28,803 [base.py] => Constructing exemplars for new classes...(20 per classes)
2026-06-16 08:48:44,747 [icarl.py] => Exemplar size: 2600
2026-06-16 08:48:44,747 [trainer.py] => CNN: {'total': 85.87, '00-99': 84.32, '100-104': 83.93, '105-109': 85.94, '110-114': 95.31, '115-119': 100.0, '120-124': 90.48, '125-129': 90.62, 'old': 85.67, 'new': 90.62}
2026-06-16 08:48:44,747 [trainer.py] => NME: {'total': 87.79, '00-99': 87.09, '100-104': 87.5, '105-109': 92.19, '110-114': 93.75, '115-119': 94.0, '120-124': 90.48, '125-129': 82.81, 'old': 88.01, 'new': 82.81}
2026-06-16 08:48:44,747 [trainer.py] => CNN top1 curve: [87.78, 88.68, 87.76, 87.74, 87.18, 86.91, 85.87]
2026-06-16 08:48:44,747 [trainer.py] => CNN top5 curve: [97.92, 97.52, 97.02, 97.09, 97.55, 96.83, 96.9]
2026-06-16 08:48:44,747 [trainer.py] => NME top1 curve: [89.77, 89.75, 89.4, 88.86, 89.48, 89.11, 87.79]
2026-06-16 08:48:44,747 [trainer.py] => NME top5 curve: [98.44, 98.35, 98.59, 98.13, 98.2, 98.0, 98.22]
2026-06-16 08:48:44,747 [trainer.py] => Average Accuracy (CNN): 87.42
2026-06-16 08:48:44,747 [trainer.py] => Average Accuracy (NME): 89.17
2026-06-16 08:48:44,748 [trainer.py] => All params: 85898626
2026-06-16 08:48:44,748 [trainer.py] => Trainable params: 85898626
2026-06-16 08:48:44,752 [icarl.py] => Learning on 130-135
2026-06-16 09:08:36,708 [icarl.py] => Task 7, Epoch 20/20 => Loss 1.145, Train_accy 97.03
2026-06-16 09:08:36,709 [base.py] => Constructing exemplars for new classes...(20 per classes)
2026-06-16 09:09:50,447 [icarl.py] => Exemplar size: 2700
2026-06-16 09:09:50,448 [trainer.py] => CNN: {'total': 86.02, '00-99': 84.14, '100-104': 85.71, '105-109': 87.5, '110-114': 96.88, '115-119': 96.0, '120-124': 88.89, '125-129': 90.62, '130-134': 92.42, 'old': 85.74, 'new': 92.42}
2026-06-16 09:09:50,448 [trainer.py] => NME: {'total': 87.73, '00-99': 87.09, '100-104': 87.5, '105-109': 87.5, '110-114': 96.88, '115-119': 86.0, '120-124': 90.48, '125-129': 87.5, '130-134': 89.39, 'old': 87.66, 'new': 89.39}
2026-06-16 09:09:50,448 [trainer.py] => CNN top1 curve: [87.78, 88.68, 87.76, 87.74, 87.18, 86.91, 85.87, 86.02]
2026-06-16 09:09:50,448 [trainer.py] => CNN top5 curve: [97.92, 97.52, 97.02, 97.09, 97.55, 96.83, 96.9, 96.71]
2026-06-16 09:09:50,448 [trainer.py] => NME top1 curve: [89.77, 89.75, 89.4, 88.86, 89.48, 89.11, 87.79, 87.73]
2026-06-16 09:09:50,448 [trainer.py] => NME top5 curve: [98.44, 98.35, 98.59, 98.13, 98.2, 98.0, 98.22, 97.91]
2026-06-16 09:09:50,448 [trainer.py] => Average Accuracy (CNN): 87.24
2026-06-16 09:09:50,448 [trainer.py] => Average Accuracy (NME): 88.99
2026-06-16 09:09:50,449 [trainer.py] => All params: 85902471
2026-06-16 09:09:50,449 [trainer.py] => Trainable params: 85902471
2026-06-16 09:09:50,452 [icarl.py] => Learning on 135-140
2026-06-16 09:30:21,941 [icarl.py] => Task 8, Epoch 20/20 => Loss 1.114, Train_accy 97.67
2026-06-16 09:30:21,957 [base.py] => Constructing exemplars for new classes...(20 per classes)
2026-06-16 09:31:39,364 [icarl.py] => Exemplar size: 2800
2026-06-16 09:31:39,365 [trainer.py] => CNN: {'total': 85.69, '00-99': 83.88, '100-104': 83.93, '105-109': 89.06, '110-114': 95.31, '115-119': 94.0, '120-124': 90.48, '125-129': 82.81, '130-134': 90.91, '135-139': 93.44, 'old': 85.39, 'new': 93.44}
2026-06-16 09:31:39,365 [trainer.py] => NME: {'total': 86.97, '00-99': 86.57, '100-104': 87.5, '105-109': 87.5, '110-114': 96.88, '115-119': 88.0, '120-124': 88.89, '125-129': 81.25, '130-134': 87.88, '135-139': 85.25, 'old': 87.03, 'new': 85.25}
2026-06-16 09:31:39,365 [trainer.py] => CNN top1 curve: [87.78, 88.68, 87.76, 87.74, 87.18, 86.91, 85.87, 86.02, 85.69]
2026-06-16 09:31:39,365 [trainer.py] => CNN top5 curve: [97.92, 97.52, 97.02, 97.09, 97.55, 96.83, 96.9, 96.71, 96.47]
2026-06-16 09:31:39,365 [trainer.py] => NME top1 curve: [89.77, 89.75, 89.4, 88.86, 89.48, 89.11, 87.79, 87.73, 86.97]
2026-06-16 09:31:39,365 [trainer.py] => NME top5 curve: [98.44, 98.35, 98.59, 98.13, 98.2, 98.0, 98.22, 97.91, 97.87]
2026-06-16 09:31:39,365 [trainer.py] => Average Accuracy (CNN): 87.07
2026-06-16 09:31:39,365 [trainer.py] => Average Accuracy (NME): 88.76
2026-06-16 09:31:39,366 [trainer.py] => All params: 85906316
2026-06-16 09:31:39,366 [trainer.py] => Trainable params: 85906316
2026-06-16 09:31:39,368 [icarl.py] => Learning on 140-145
2026-06-16 09:53:06,264 [icarl.py] => Task 9, Epoch 20/20 => Loss 1.141, Train_accy 97.60
2026-06-16 09:53:06,266 [base.py] => Constructing exemplars for new classes...(20 per classes)
2026-06-16 09:54:25,815 [icarl.py] => Exemplar size: 2900
2026-06-16 09:54:25,816 [trainer.py] => CNN: {'total': 84.46, '00-99': 82.76, '100-104': 80.36, '105-109': 89.06, '110-114': 96.88, '115-119': 92.0, '120-124': 88.89, '125-129': 70.31, '130-134': 92.42, '135-139': 93.44, '140-144': 90.0, 'old': 84.29, 'new': 90.0}
2026-06-16 09:54:25,816 [trainer.py] => NME: {'total': 85.87, '00-99': 85.79, '100-104': 87.5, '105-109': 89.06, '110-114': 95.31, '115-119': 86.0, '120-124': 88.89, '125-129': 76.56, '130-134': 87.88, '135-139': 78.69, '140-144': 84.0, 'old': 85.93, 'new': 84.0}
2026-06-16 09:54:25,816 [trainer.py] => CNN top1 curve: [87.78, 88.68, 87.76, 87.74, 87.18, 86.91, 85.87, 86.02, 85.69, 84.46]
2026-06-16 09:54:25,816 [trainer.py] => CNN top5 curve: [97.92, 97.52, 97.02, 97.09, 97.55, 96.83, 96.9, 96.71, 96.47, 96.28]
2026-06-16 09:54:25,816 [trainer.py] => NME top1 curve: [89.77, 89.75, 89.4, 88.86, 89.48, 89.11, 87.79, 87.73, 86.97, 85.87]
2026-06-16 09:54:25,816 [trainer.py] => NME top5 curve: [98.44, 98.35, 98.59, 98.13, 98.2, 98.0, 98.22, 97.91, 97.87, 97.75]
2026-06-16 09:54:25,816 [trainer.py] => Average Accuracy (CNN): 86.81
2026-06-16 09:54:25,816 [trainer.py] => Average Accuracy (NME): 88.47
2026-06-16 09:54:25,817 [trainer.py] => All params: 85910161
2026-06-16 09:54:25,818 [trainer.py] => Trainable params: 85910161
2026-06-16 09:54:25,821 [icarl.py] => Learning on 145-150
2026-06-16 10:16:24,208 [icarl.py] => Task 10, Epoch 20/20 => Loss 1.131, Train_accy 97.83
2026-06-16 10:16:24,219 [base.py] => Constructing exemplars for new classes...(20 per classes)
2026-06-16 10:18:11,207 [icarl.py] => Exemplar size: 3000
2026-06-16 10:18:11,244 [trainer.py] => CNN: {'total': 83.61, '00-99': 81.2, '100-104': 80.36, '105-109': 87.5, '110-114': 95.31, '115-119': 94.0, '120-124': 87.3, '125-129': 75.0, '130-134': 87.88, '135-139': 90.16, '140-144': 90.0, '145-149': 96.61, 'old': 83.16, 'new': 96.61}
2026-06-16 10:18:11,244 [trainer.py] => NME: {'total': 86.69, '00-99': 86.4, '100-104': 87.5, '105-109': 89.06, '110-114': 95.31, '115-119': 88.0, '120-124': 85.71, '125-129': 76.56, '130-134': 86.36, '135-139': 86.89, '140-144': 84.0, '145-149': 93.22, 'old': 86.47, 'new': 93.22}
2026-06-16 10:18:11,244 [trainer.py] => CNN top1 curve: [87.78, 88.68, 87.76, 87.74, 87.18, 86.91, 85.87, 86.02, 85.69, 84.46, 83.61]
2026-06-16 10:18:11,244 [trainer.py] => CNN top5 curve: [97.92, 97.52, 97.02, 97.09, 97.55, 96.83, 96.9, 96.71, 96.47, 96.28, 96.63]
2026-06-16 10:18:11,244 [trainer.py] => NME top1 curve: [89.77, 89.75, 89.4, 88.86, 89.48, 89.11, 87.79, 87.73, 86.97, 85.87, 86.69]
2026-06-16 10:18:11,244 [trainer.py] => NME top5 curve: [98.44, 98.35, 98.59, 98.13, 98.2, 98.0, 98.22, 97.91, 97.87, 97.75, 97.89]
2026-06-16 10:18:11,245 [trainer.py] => Average Accuracy (CNN): 86.52
2026-06-16 10:18:11,245 [trainer.py] => Average Accuracy (NME): 88.31
2026-06-16 10:18:11,245 [trainer.py] => All params: 85914006
2026-06-16 10:18:11,246 [trainer.py] => Trainable params: 85914006
2026-06-16 10:18:11,249 [icarl.py] => Learning on 150-155
2026-06-16 10:40:45,136 [icarl.py] => Task 11, Epoch 20/20 => Loss 1.154, Train_accy 97.52
2026-06-16 10:40:45,154 [base.py] => Constructing exemplars for new classes...(20 per classes)
2026-06-16 10:42:17,997 [icarl.py] => Exemplar size: 3100
2026-06-16 10:42:18,017 [trainer.py] => CNN: {'total': 81.91, '00-99': 79.9, '100-104': 75.0, '105-109': 82.81, '110-114': 93.75, '115-119': 90.0, '120-124': 88.89, '125-129': 76.56, '130-134': 87.88, '135-139': 83.61, '140-144': 86.0, '145-149': 94.92, '150-154': 80.7, 'old': 81.95, 'new': 80.7}
2026-06-16 10:42:18,017 [trainer.py] => NME: {'total': 85.4, '00-99': 84.92, '100-104': 85.71, '105-109': 90.62, '110-114': 95.31, '115-119': 86.0, '120-124': 88.89, '125-129': 81.25, '130-134': 86.36, '135-139': 83.61, '140-144': 78.0, '145-149': 93.22, '150-154': 77.19, 'old': 85.67, 'new': 77.19}
2026-06-16 10:42:18,017 [trainer.py] => CNN top1 curve: [87.78, 88.68, 87.76, 87.74, 87.18, 86.91, 85.87, 86.02, 85.69, 84.46, 83.61, 81.91]
2026-06-16 10:42:18,017 [trainer.py] => CNN top5 curve: [97.92, 97.52, 97.02, 97.09, 97.55, 96.83, 96.9, 96.71, 96.47, 96.28, 96.63, 96.07]
2026-06-16 10:42:18,017 [trainer.py] => NME top1 curve: [89.77, 89.75, 89.4, 88.86, 89.48, 89.11, 87.79, 87.73, 86.97, 85.87, 86.69, 85.4]
2026-06-16 10:42:18,017 [trainer.py] => NME top5 curve: [98.44, 98.35, 98.59, 98.13, 98.2, 98.0, 98.22, 97.91, 97.87, 97.75, 97.89, 97.51]
2026-06-16 10:42:18,017 [trainer.py] => Average Accuracy (CNN): 86.13
2026-06-16 10:42:18,018 [trainer.py] => Average Accuracy (NME): 88.07
2026-06-16 10:42:18,018 [trainer.py] => All params: 85917851
2026-06-16 10:42:18,019 [trainer.py] => Trainable params: 85917851
2026-06-16 10:42:18,023 [icarl.py] => Learning on 155-160
2026-06-16 11:05:17,986 [icarl.py] => Task 12, Epoch 20/20 => Loss 1.127, Train_accy 98.19
2026-06-16 11:05:17,992 [base.py] => Constructing exemplars for new classes...(20 per classes)
2026-06-16 11:06:52,418 [icarl.py] => Exemplar size: 3200
2026-06-16 11:06:52,418 [trainer.py] => CNN: {'total': 81.86, '00-99': 78.51, '100-104': 76.79, '105-109': 85.94, '110-114': 96.88, '115-119': 88.0, '120-124': 90.48, '125-129': 76.56, '130-134': 86.36, '135-139': 86.89, '140-144': 88.0, '145-149': 96.61, '150-154': 75.44, '155-159': 94.81, 'old': 81.31, 'new': 94.81}
2026-06-16 11:06:52,419 [trainer.py] => NME: {'total': 85.2, '00-99': 84.66, '100-104': 83.93, '105-109': 90.62, '110-114': 95.31, '115-119': 84.0, '120-124': 87.3, '125-129': 79.69, '130-134': 84.85, '135-139': 86.89, '140-144': 84.0, '145-149': 91.53, '150-154': 75.44, '155-159': 87.01, 'old': 85.12, 'new': 87.01}
2026-06-16 11:06:52,419 [trainer.py] => CNN top1 curve: [87.78, 88.68, 87.76, 87.74, 87.18, 86.91, 85.87, 86.02, 85.69, 84.46, 83.61, 81.91, 81.86]
2026-06-16 11:06:52,419 [trainer.py] => CNN top5 curve: [97.92, 97.52, 97.02, 97.09, 97.55, 96.83, 96.9, 96.71, 96.47, 96.28, 96.63, 96.07, 95.92]
2026-06-16 11:06:52,419 [trainer.py] => NME top1 curve: [89.77, 89.75, 89.4, 88.86, 89.48, 89.11, 87.79, 87.73, 86.97, 85.87, 86.69, 85.4, 85.2]
2026-06-16 11:06:52,419 [trainer.py] => NME top5 curve: [98.44, 98.35, 98.59, 98.13, 98.2, 98.0, 98.22, 97.91, 97.87, 97.75, 97.89, 97.51, 97.56]
2026-06-16 11:06:52,419 [trainer.py] => Average Accuracy (CNN): 85.81
2026-06-16 11:06:52,419 [trainer.py] => Average Accuracy (NME): 87.85
2026-06-16 11:06:52,419 [trainer.py] => All params: 85921696
2026-06-16 11:06:52,420 [trainer.py] => Trainable params: 85921696
2026-06-16 11:06:52,423 [icarl.py] => Learning on 160-165
2026-06-16 11:30:49,626 [icarl.py] => Task 13, Epoch 20/20 => Loss 1.199, Train_accy 97.44
2026-06-16 11:30:49,634 [base.py] => Constructing exemplars for new classes...(20 per classes)
2026-06-16 11:33:05,573 [icarl.py] => Exemplar size: 3300
2026-06-16 11:33:05,597 [trainer.py] => CNN: {'total': 80.85, '00-99': 76.69, '100-104': 78.57, '105-109': 81.25, '110-114': 95.31, '115-119': 84.0, '120-124': 87.3, '125-129': 78.12, '130-134': 86.36, '135-139': 83.61, '140-144': 86.0, '145-149': 96.61, '150-154': 78.95, '155-159': 97.4, '160-164': 93.1, 'old': 80.48, 'new': 93.1}
2026-06-16 11:33:05,597 [trainer.py] => NME: {'total': 84.66, '00-99': 83.71, '100-104': 85.71, '105-109': 90.62, '110-114': 93.75, '115-119': 84.0, '120-124': 90.48, '125-129': 76.56, '130-134': 86.36, '135-139': 83.61, '140-144': 82.0, '145-149': 91.53, '150-154': 73.68, '155-159': 90.91, '160-164': 86.21, 'old': 84.62, 'new': 86.21}
2026-06-16 11:33:05,597 [trainer.py] => CNN top1 curve: [87.78, 88.68, 87.76, 87.74, 87.18, 86.91, 85.87, 86.02, 85.69, 84.46, 83.61, 81.91, 81.86, 80.85]
2026-06-16 11:33:05,597 [trainer.py] => CNN top5 curve: [97.92, 97.52, 97.02, 97.09, 97.55, 96.83, 96.9, 96.71, 96.47, 96.28, 96.63, 96.07, 95.92, 95.52]
2026-06-16 11:33:05,597 [trainer.py] => NME top1 curve: [89.77, 89.75, 89.4, 88.86, 89.48, 89.11, 87.79, 87.73, 86.97, 85.87, 86.69, 85.4, 85.2, 84.66]
2026-06-16 11:33:05,597 [trainer.py] => NME top5 curve: [98.44, 98.35, 98.59, 98.13, 98.2, 98.0, 98.22, 97.91, 97.87, 97.75, 97.89, 97.51, 97.56, 97.22]
2026-06-16 11:33:05,597 [trainer.py] => Average Accuracy (CNN): 85.45
2026-06-16 11:33:05,597 [trainer.py] => Average Accuracy (NME): 87.62
2026-06-16 11:33:05,598 [trainer.py] => All params: 85925541
2026-06-16 11:33:05,599 [trainer.py] => Trainable params: 85925541
2026-06-16 11:33:05,601 [icarl.py] => Learning on 165-170
2026-06-16 11:57:34,046 [icarl.py] => Task 14, Epoch 20/20 => Loss 1.200, Train_accy 97.93
2026-06-16 11:57:34,059 [base.py] => Constructing exemplars for new classes...(20 per classes)
2026-06-16 11:59:47,349 [icarl.py] => Exemplar size: 3400
2026-06-16 11:59:47,381 [trainer.py] => CNN: {'total': 80.86, '00-99': 76.52, '100-104': 75.0, '105-109': 85.94, '110-114': 95.31, '115-119': 86.0, '120-124': 80.95, '125-129': 75.0, '130-134': 86.36, '135-139': 78.69, '140-144': 84.0, '145-149': 96.61, '150-154': 80.7, '155-159': 94.81, '160-164': 96.55, '165-169': 95.24, 'old': 80.39, 'new': 95.24}
2026-06-16 11:59:47,381 [trainer.py] => NME: {'total': 85.39, '00-99': 83.88, '100-104': 85.71, '105-109': 92.19, '110-114': 95.31, '115-119': 88.0, '120-124': 87.3, '125-129': 82.81, '130-134': 87.88, '135-139': 85.25, '140-144': 82.0, '145-149': 93.22, '150-154': 77.19, '155-159': 89.61, '160-164': 86.21, '165-169': 88.89, 'old': 85.28, 'new': 88.89}
2026-06-16 11:59:47,382 [trainer.py] => CNN top1 curve: [87.78, 88.68, 87.76, 87.74, 87.18, 86.91, 85.87, 86.02, 85.69, 84.46, 83.61, 81.91, 81.86, 80.85, 80.86]
2026-06-16 11:59:47,382 [trainer.py] => CNN top5 curve: [97.92, 97.52, 97.02, 97.09, 97.55, 96.83, 96.9, 96.71, 96.47, 96.28, 96.63, 96.07, 95.92, 95.52, 94.87]
2026-06-16 11:59:47,382 [trainer.py] => NME top1 curve: [89.77, 89.75, 89.4, 88.86, 89.48, 89.11, 87.79, 87.73, 86.97, 85.87, 86.69, 85.4, 85.2, 84.66, 85.39]
2026-06-16 11:59:47,382 [trainer.py] => NME top5 curve: [98.44, 98.35, 98.59, 98.13, 98.2, 98.0, 98.22, 97.91, 97.87, 97.75, 97.89, 97.51, 97.56, 97.22, 97.36]
2026-06-16 11:59:47,382 [trainer.py] => Average Accuracy (CNN): 85.15
2026-06-16 11:59:47,382 [trainer.py] => Average Accuracy (NME): 87.47
2026-06-16 11:59:47,383 [trainer.py] => All params: 85929386
2026-06-16 11:59:47,383 [trainer.py] => Trainable params: 85929386
2026-06-16 11:59:47,386 [icarl.py] => Learning on 170-175
2026-06-16 12:24:52,586 [icarl.py] => Task 15, Epoch 20/20 => Loss 1.270, Train_accy 97.69
2026-06-16 12:24:52,599 [base.py] => Constructing exemplars for new classes...(20 per classes)
2026-06-16 12:27:10,890 [icarl.py] => Exemplar size: 3500
2026-06-16 12:27:10,919 [trainer.py] => CNN: {'total': 80.84, '00-99': 75.82, '100-104': 75.0, '105-109': 85.94, '110-114': 95.31, '115-119': 84.0, '120-124': 79.37, '125-129': 75.0, '130-134': 80.3, '135-139': 86.89, '140-144': 84.0, '145-149': 98.31, '150-154': 73.68, '155-159': 96.1, '160-164': 91.38, '165-169': 96.83, '170-174': 100.0, 'old': 80.21, 'new': 100.0}
2026-06-16 12:27:10,920 [trainer.py] => NME: {'total': 85.71, '00-99': 83.71, '100-104': 87.5, '105-109': 89.06, '110-114': 95.31, '115-119': 90.0, '120-124': 85.71, '125-129': 81.25, '130-134': 87.88, '135-139': 85.25, '140-144': 82.0, '145-149': 91.53, '150-154': 77.19, '155-159': 92.21, '160-164': 86.21, '165-169': 88.89, '170-174': 100.0, 'old': 85.24, 'new': 100.0}
2026-06-16 12:27:10,920 [trainer.py] => CNN top1 curve: [87.78, 88.68, 87.76, 87.74, 87.18, 86.91, 85.87, 86.02, 85.69, 84.46, 83.61, 81.91, 81.86, 80.85, 80.86, 80.84]
2026-06-16 12:27:10,920 [trainer.py] => CNN top5 curve: [97.92, 97.52, 97.02, 97.09, 97.55, 96.83, 96.9, 96.71, 96.47, 96.28, 96.63, 96.07, 95.92, 95.52, 94.87, 94.5]
2026-06-16 12:27:10,920 [trainer.py] => NME top1 curve: [89.77, 89.75, 89.4, 88.86, 89.48, 89.11, 87.79, 87.73, 86.97, 85.87, 86.69, 85.4, 85.2, 84.66, 85.39, 85.71]
2026-06-16 12:27:10,920 [trainer.py] => NME top5 curve: [98.44, 98.35, 98.59, 98.13, 98.2, 98.0, 98.22, 97.91, 97.87, 97.75, 97.89, 97.51, 97.56, 97.22, 97.36, 97.54]
2026-06-16 12:27:10,920 [trainer.py] => Average Accuracy (CNN): 84.88
2026-06-16 12:27:10,920 [trainer.py] => Average Accuracy (NME): 87.36
2026-06-16 12:27:10,921 [trainer.py] => All params: 85933231
2026-06-16 12:27:10,922 [trainer.py] => Trainable params: 85933231
2026-06-16 12:27:10,925 [icarl.py] => Learning on 175-180
2026-06-16 12:53:11,414 [icarl.py] => Task 16, Epoch 20/20 => Loss 1.196, Train_accy 98.45
2026-06-16 12:53:11,425 [base.py] => Constructing exemplars for new classes...(20 per classes)
2026-06-16 12:55:27,095 [icarl.py] => Exemplar size: 3600
2026-06-16 12:55:27,124 [trainer.py] => CNN: {'total': 80.61, '00-99': 75.3, '100-104': 75.0, '105-109': 84.38, '110-114': 95.31, '115-119': 84.0, '120-124': 76.19, '125-129': 73.44, '130-134': 81.82, '135-139': 91.8, '140-144': 86.0, '145-149': 94.92, '150-154': 75.44, '155-159': 90.91, '160-164': 87.93, '165-169': 96.83, '170-174': 100.0, '175-179': 93.1, 'old': 80.26, 'new': 93.1}
2026-06-16 12:55:27,124 [trainer.py] => NME: {'total': 85.63, '00-99': 84.23, '100-104': 83.93, '105-109': 89.06, '110-114': 95.31, '115-119': 88.0, '120-124': 87.3, '125-129': 79.69, '130-134': 89.39, '135-139': 81.97, '140-144': 80.0, '145-149': 91.53, '150-154': 77.19, '155-159': 88.31, '160-164': 84.48, '165-169': 88.89, '170-174': 98.48, '175-179': 89.66, 'old': 85.52, 'new': 89.66}
2026-06-16 12:55:27,124 [trainer.py] => CNN top1 curve: [87.78, 88.68, 87.76, 87.74, 87.18, 86.91, 85.87, 86.02, 85.69, 84.46, 83.61, 81.91, 81.86, 80.85, 80.86, 80.84, 80.61]
2026-06-16 12:55:27,124 [trainer.py] => CNN top5 curve: [97.92, 97.52, 97.02, 97.09, 97.55, 96.83, 96.9, 96.71, 96.47, 96.28, 96.63, 96.07, 95.92, 95.52, 94.87, 94.5, 94.65]
2026-06-16 12:55:27,124 [trainer.py] => NME top1 curve: [89.77, 89.75, 89.4, 88.86, 89.48, 89.11, 87.79, 87.73, 86.97, 85.87, 86.69, 85.4, 85.2, 84.66, 85.39, 85.71, 85.63]
2026-06-16 12:55:27,124 [trainer.py] => NME top5 curve: [98.44, 98.35, 98.59, 98.13, 98.2, 98.0, 98.22, 97.91, 97.87, 97.75, 97.89, 97.51, 97.56, 97.22, 97.36, 97.54, 97.09]
2026-06-16 12:55:27,124 [trainer.py] => Average Accuracy (CNN): 84.63
2026-06-16 12:55:27,124 [trainer.py] => Average Accuracy (NME): 87.26
2026-06-16 12:55:27,125 [trainer.py] => All params: 85937076
2026-06-16 12:55:27,126 [trainer.py] => Trainable params: 85937076
2026-06-16 12:55:27,128 [icarl.py] => Learning on 180-185
2026-06-16 13:22:04,606 [icarl.py] => Task 17, Epoch 20/20 => Loss 1.246, Train_accy 97.87
2026-06-16 13:22:04,621 [base.py] => Constructing exemplars for new classes...(20 per classes)
2026-06-16 13:24:17,685 [icarl.py] => Exemplar size: 3700
2026-06-16 13:24:17,724 [trainer.py] => CNN: {'total': 80.48, '00-99': 74.7, '100-104': 80.36, '105-109': 76.56, '110-114': 93.75, '115-119': 86.0, '120-124': 85.71, '125-129': 73.44, '130-134': 80.3, '135-139': 90.16, '140-144': 82.0, '145-149': 96.61, '150-154': 73.68, '155-159': 92.21, '160-164': 84.48, '165-169': 96.83, '170-174': 98.48, '175-179': 93.1, '180-184': 92.31, 'old': 80.19, 'new': 92.31}
2026-06-16 13:24:17,724 [trainer.py] => NME: {'total': 84.42, '00-99': 82.41, '100-104': 85.71, '105-109': 85.94, '110-114': 95.31, '115-119': 90.0, '120-124': 88.89, '125-129': 78.12, '130-134': 87.88, '135-139': 85.25, '140-144': 74.0, '145-149': 94.92, '150-154': 73.68, '155-159': 88.31, '160-164': 86.21, '165-169': 88.89, '170-174': 95.45, '175-179': 91.38, '180-184': 78.85, 'old': 84.55, 'new': 78.85}
2026-06-16 13:24:17,724 [trainer.py] => CNN top1 curve: [87.78, 88.68, 87.76, 87.74, 87.18, 86.91, 85.87, 86.02, 85.69, 84.46, 83.61, 81.91, 81.86, 80.85, 80.86, 80.84, 80.61, 80.48]
2026-06-16 13:24:17,724 [trainer.py] => CNN top5 curve: [97.92, 97.52, 97.02, 97.09, 97.55, 96.83, 96.9, 96.71, 96.47, 96.28, 96.63, 96.07, 95.92, 95.52, 94.87, 94.5, 94.65, 94.32]
2026-06-16 13:24:17,724 [trainer.py] => NME top1 curve: [89.77, 89.75, 89.4, 88.86, 89.48, 89.11, 87.79, 87.73, 86.97, 85.87, 86.69, 85.4, 85.2, 84.66, 85.39, 85.71, 85.63, 84.42]
2026-06-16 13:24:17,724 [trainer.py] => NME top5 curve: [98.44, 98.35, 98.59, 98.13, 98.2, 98.0, 98.22, 97.91, 97.87, 97.75, 97.89, 97.51, 97.56, 97.22, 97.36, 97.54, 97.09, 97.25]
2026-06-16 13:24:17,724 [trainer.py] => Average Accuracy (CNN): 84.39
2026-06-16 13:24:17,725 [trainer.py] => Average Accuracy (NME): 87.1
2026-06-16 13:24:17,725 [trainer.py] => All params: 85940921
2026-06-16 13:24:17,726 [trainer.py] => Trainable params: 85940921
2026-06-16 13:24:17,728 [icarl.py] => Learning on 185-190
2026-06-16 13:51:31,971 [icarl.py] => Task 18, Epoch 20/20 => Loss 1.236, Train_accy 98.65
2026-06-16 13:51:31,981 [base.py] => Constructing exemplars for new classes...(20 per classes)
2026-06-16 13:53:47,582 [icarl.py] => Exemplar size: 3800
2026-06-16 13:53:47,622 [trainer.py] => CNN: {'total': 79.59, '00-99': 73.66, '100-104': 78.57, '105-109': 76.56, '110-114': 95.31, '115-119': 82.0, '120-124': 82.54, '125-129': 71.88, '130-134': 78.79, '135-139': 88.52, '140-144': 80.0, '145-149': 94.92, '150-154': 70.18, '155-159': 88.31, '160-164': 81.03, '165-169': 95.24, '170-174': 98.48, '175-179': 91.38, '180-184': 92.31, '185-189': 98.25, 'old': 79.1, 'new': 98.25}
2026-06-16 13:53:47,622 [trainer.py] => NME: {'total': 84.95, '00-99': 82.5, '100-104': 87.5, '105-109': 87.5, '110-114': 95.31, '115-119': 88.0, '120-124': 88.89, '125-129': 81.25, '130-134': 87.88, '135-139': 85.25, '140-144': 78.0, '145-149': 93.22, '150-154': 78.95, '155-159': 89.61, '160-164': 84.48, '165-169': 88.89, '170-174': 98.48, '175-179': 91.38, '180-184': 78.85, '185-189': 87.72, 'old': 84.88, 'new': 87.72}
2026-06-16 13:53:47,622 [trainer.py] => CNN top1 curve: [87.78, 88.68, 87.76, 87.74, 87.18, 86.91, 85.87, 86.02, 85.69, 84.46, 83.61, 81.91, 81.86, 80.85, 80.86, 80.84, 80.61, 80.48, 79.59]
2026-06-16 13:53:47,622 [trainer.py] => CNN top5 curve: [97.92, 97.52, 97.02, 97.09, 97.55, 96.83, 96.9, 96.71, 96.47, 96.28, 96.63, 96.07, 95.92, 95.52, 94.87, 94.5, 94.65, 94.32, 94.28]
2026-06-16 13:53:47,623 [trainer.py] => NME top1 curve: [89.77, 89.75, 89.4, 88.86, 89.48, 89.11, 87.79, 87.73, 86.97, 85.87, 86.69, 85.4, 85.2, 84.66, 85.39, 85.71, 85.63, 84.42, 84.95]
2026-06-16 13:53:47,623 [trainer.py] => NME top5 curve: [98.44, 98.35, 98.59, 98.13, 98.2, 98.0, 98.22, 97.91, 97.87, 97.75, 97.89, 97.51, 97.56, 97.22, 97.36, 97.54, 97.09, 97.25, 97.23]
2026-06-16 13:53:47,623 [trainer.py] => Average Accuracy (CNN): 84.14
2026-06-16 13:53:47,623 [trainer.py] => Average Accuracy (NME): 86.99
2026-06-16 13:53:47,623 [trainer.py] => All params: 85944766
2026-06-16 13:53:47,624 [trainer.py] => Trainable params: 85944766
2026-06-16 13:53:47,626 [icarl.py] => Learning on 190-195
2026-06-16 14:21:36,819 [icarl.py] => Task 19, Epoch 20/20 => Loss 1.208, Train_accy 98.38
2026-06-16 14:21:36,836 [base.py] => Constructing exemplars for new classes...(20 per classes)
2026-06-16 14:23:55,461 [icarl.py] => Exemplar size: 3900
2026-06-16 14:23:55,493 [trainer.py] => CNN: {'total': 79.08, '00-99': 73.05, '100-104': 73.21, '105-109': 75.0, '110-114': 92.19, '115-119': 78.0, '120-124': 82.54, '125-129': 73.44, '130-134': 80.3, '135-139': 86.89, '140-144': 78.0, '145-149': 93.22, '150-154': 75.44, '155-159': 87.01, '160-164': 81.03, '165-169': 93.65, '170-174': 96.97, '175-179': 91.38, '180-184': 90.38, '185-189': 100.0, '190-194': 86.67, 'old': 78.87, 'new': 86.67}
2026-06-16 14:23:55,493 [trainer.py] => NME: {'total': 84.08, '00-99': 81.89, '100-104': 87.5, '105-109': 89.06, '110-114': 95.31, '115-119': 86.0, '120-124': 88.89, '125-129': 76.56, '130-134': 86.36, '135-139': 81.97, '140-144': 78.0, '145-149': 93.22, '150-154': 75.44, '155-159': 85.71, '160-164': 84.48, '165-169': 87.3, '170-174': 98.48, '175-179': 89.66, '180-184': 78.85, '185-189': 87.72, '190-194': 85.0, 'old': 84.06, 'new': 85.0}
2026-06-16 14:23:55,494 [trainer.py] => CNN top1 curve: [87.78, 88.68, 87.76, 87.74, 87.18, 86.91, 85.87, 86.02, 85.69, 84.46, 83.61, 81.91, 81.86, 80.85, 80.86, 80.84, 80.61, 80.48, 79.59, 79.08]
2026-06-16 14:23:55,494 [trainer.py] => CNN top5 curve: [97.92, 97.52, 97.02, 97.09, 97.55, 96.83, 96.9, 96.71, 96.47, 96.28, 96.63, 96.07, 95.92, 95.52, 94.87, 94.5, 94.65, 94.32, 94.28, 93.91]
2026-06-16 14:23:55,494 [trainer.py] => NME top1 curve: [89.77, 89.75, 89.4, 88.86, 89.48, 89.11, 87.79, 87.73, 86.97, 85.87, 86.69, 85.4, 85.2, 84.66, 85.39, 85.71, 85.63, 84.42, 84.95, 84.08]
2026-06-16 14:23:55,494 [trainer.py] => NME top5 curve: [98.44, 98.35, 98.59, 98.13, 98.2, 98.0, 98.22, 97.91, 97.87, 97.75, 97.89, 97.51, 97.56, 97.22, 97.36, 97.54, 97.09, 97.25, 97.23, 97.17]
2026-06-16 14:23:55,494 [trainer.py] => Average Accuracy (CNN): 83.89
2026-06-16 14:23:55,494 [trainer.py] => Average Accuracy (NME): 86.84
2026-06-16 14:23:55,495 [trainer.py] => All params: 85948611
2026-06-16 14:23:55,495 [trainer.py] => Trainable params: 85948611
2026-06-16 14:23:55,497 [icarl.py] => Learning on 195-200
2026-06-16 14:52:33,379 [icarl.py] => Task 20, Epoch 20/20 => Loss 1.283, Train_accy 98.04
2026-06-16 14:52:33,392 [base.py] => Constructing exemplars for new classes...(20 per classes)
2026-06-16 14:55:08,570 [icarl.py] => Exemplar size: 4000
2026-06-16 14:55:08,608 [trainer.py] => CNN: {'total': 80.03, '00-99': 72.79, '100-104': 80.36, '105-109': 84.38, '110-114': 93.75, '115-119': 86.0, '120-124': 82.54, '125-129': 68.75, '130-134': 81.82, '135-139': 90.16, '140-144': 76.0, '145-149': 94.92, '150-154': 68.42, '155-159': 88.31, '160-164': 81.03, '165-169': 93.65, '170-174': 95.45, '175-179': 89.66, '180-184': 90.38, '185-189': 96.49, '190-194': 95.0, '195-199': 100.0, 'old': 79.51, 'new': 100.0}
2026-06-16 14:55:08,608 [trainer.py] => NME: {'total': 84.48, '00-99': 82.24, '100-104': 87.5, '105-109': 89.06, '110-114': 93.75, '115-119': 88.0, '120-124': 88.89, '125-129': 76.56, '130-134': 89.39, '135-139': 81.97, '140-144': 76.0, '145-149': 91.53, '150-154': 73.68, '155-159': 87.01, '160-164': 84.48, '165-169': 85.71, '170-174': 98.48, '175-179': 89.66, '180-184': 76.92, '185-189': 85.96, '190-194': 86.67, '195-199': 96.61, 'old': 84.17, 'new': 96.61}
2026-06-16 14:55:08,608 [trainer.py] => CNN top1 curve: [87.78, 88.68, 87.76, 87.74, 87.18, 86.91, 85.87, 86.02, 85.69, 84.46, 83.61, 81.91, 81.86, 80.85, 80.86, 80.84, 80.61, 80.48, 79.59, 79.08, 80.03]
2026-06-16 14:55:08,608 [trainer.py] => CNN top5 curve: [97.92, 97.52, 97.02, 97.09, 97.55, 96.83, 96.9, 96.71, 96.47, 96.28, 96.63, 96.07, 95.92, 95.52, 94.87, 94.5, 94.65, 94.32, 94.28, 93.91, 94.4]
2026-06-16 14:55:08,608 [trainer.py] => NME top1 curve: [89.77, 89.75, 89.4, 88.86, 89.48, 89.11, 87.79, 87.73, 86.97, 85.87, 86.69, 85.4, 85.2, 84.66, 85.39, 85.71, 85.63, 84.42, 84.95, 84.08, 84.48]
2026-06-16 14:55:08,608 [trainer.py] => NME top5 curve: [98.44, 98.35, 98.59, 98.13, 98.2, 98.0, 98.22, 97.91, 97.87, 97.75, 97.89, 97.51, 97.56, 97.22, 97.36, 97.54, 97.09, 97.25, 97.23, 97.17, 97.24]
2026-06-16 14:55:08,609 [trainer.py] => Average Accuracy (CNN): 83.71
2026-06-16 14:55:08,609 [trainer.py] => Average Accuracy (NME): 86.73
