2026-06-12 19:12:01,267 [trainer.py] => config: ./configs/icarl/icarl_cub_B0_Inc10.json
2026-06-12 19:12:01,268 [trainer.py] => prefix: reproduce
2026-06-12 19:12:01,268 [trainer.py] => dataset: cub
2026-06-12 19:12:01,268 [trainer.py] => memory_size: 4000
2026-06-12 19:12:01,268 [trainer.py] => memory_per_class: 20
2026-06-12 19:12:01,268 [trainer.py] => fixed_memory: True
2026-06-12 19:12:01,268 [trainer.py] => shuffle: True
2026-06-12 19:12:01,268 [trainer.py] => init_cls: 10
2026-06-12 19:12:01,268 [trainer.py] => increment: 10
2026-06-12 19:12:01,268 [trainer.py] => model_name: icarl
2026-06-12 19:12:01,268 [trainer.py] => backbone_type: vit_base_patch16_224_in21k
2026-06-12 19:12:01,268 [trainer.py] => device: [device(type='cuda', index=3)]
2026-06-12 19:12:01,268 [trainer.py] => seed: 1994
2026-06-12 19:12:01,268 [trainer.py] => init_epoch: 20
2026-06-12 19:12:01,268 [trainer.py] => init_lr: 0.001
2026-06-12 19:12:01,268 [trainer.py] => init_milestones: [60, 120, 170]
2026-06-12 19:12:01,268 [trainer.py] => init_lr_decay: 0.1
2026-06-12 19:12:01,268 [trainer.py] => init_weight_decay: 0.0005
2026-06-12 19:12:01,268 [trainer.py] => epochs: 20
2026-06-12 19:12:01,268 [trainer.py] => lrate: 0.001
2026-06-12 19:12:01,268 [trainer.py] => milestones: [80, 120]
2026-06-12 19:12:01,269 [trainer.py] => lrate_decay: 0.1
2026-06-12 19:12:01,269 [trainer.py] => batch_size: 48
2026-06-12 19:12:01,269 [trainer.py] => weight_decay: 0.0002
2026-06-12 19:12:01,269 [trainer.py] => T: 2
2026-06-12 19:12:01,269 [trainer.py] => nb_classes: 200
2026-06-12 19:12:01,269 [trainer.py] => nb_tasks: 20
2026-06-12 19:12:01,896 [data_manager.py] => [85, 41, 23, 28, 70, 87, 134, 151, 51, 159, 178, 119, 50, 117, 73, 95, 86, 147, 63, 22, 79, 175, 40, 155, 174, 54, 132, 72, 124, 157, 93, 26, 196, 74, 44, 15, 169, 122, 88, 171, 184, 6, 18, 145, 48, 197, 64, 172, 126, 96, 11, 55, 193, 66, 128, 21, 77, 113, 140, 116, 141, 133, 120, 29, 115, 14, 103, 127, 114, 19, 9, 38, 33, 195, 81, 35, 69, 181, 47, 129, 112, 168, 198, 71, 101, 188, 68, 90, 158, 163, 52, 8, 185, 59, 154, 92, 56, 183, 32, 136, 65, 45, 46, 173, 189, 108, 102, 144, 0, 107, 187, 100, 98, 192, 43, 161, 104, 75, 150, 166, 121, 60, 160, 3, 143, 153, 62, 142, 61, 110, 194, 97, 25, 177, 179, 17, 49, 31, 94, 111, 16, 53, 91, 58, 135, 83, 2, 12, 13, 165, 42, 36, 186, 105, 1, 7, 149, 170, 27, 24, 78, 167, 137, 138, 118, 10, 139, 164, 20, 57, 123, 199, 89, 130, 82, 162, 176, 148, 109, 125, 67, 106, 37, 146, 131, 180, 156, 39, 5, 84, 4, 190, 152, 191, 30, 76, 80, 34, 99, 182]
2026-06-12 19:12:09,165 [trainer.py] => All params: 85798656
2026-06-12 19:12:09,166 [trainer.py] => Trainable params: 85798656
2026-06-12 19:12:09,166 [icarl.py] => Learning on 0-10
2026-06-12 19:19:57,998 [icarl.py] => Task 0, Epoch 20/20 => Loss 0.154, Train_accy 94.42
2026-06-12 19:19:58,011 [base.py] => Constructing exemplars for new classes...(20 per classes)
2026-06-12 19:20:29,174 [icarl.py] => Exemplar size: 200
2026-06-12 19:20:29,222 [trainer.py] => CNN: {'total': 98.39, '00-09': 98.39, 'old': 0, 'new': 98.39}
2026-06-12 19:20:29,223 [trainer.py] => NME: {'total': 98.39, '00-09': 98.39, 'old': 0, 'new': 98.39}
2026-06-12 19:20:29,223 [trainer.py] => CNN top1 curve: [98.39]
2026-06-12 19:20:29,223 [trainer.py] => CNN top5 curve: [100.0]
2026-06-12 19:20:29,223 [trainer.py] => NME top1 curve: [98.39]
2026-06-12 19:20:29,223 [trainer.py] => NME top5 curve: [100.0]
2026-06-12 19:20:29,223 [trainer.py] => Average Accuracy (CNN): 98.39
2026-06-12 19:20:29,223 [trainer.py] => Average Accuracy (NME): 98.39
2026-06-12 19:20:29,224 [trainer.py] => All params: 85806346
2026-06-12 19:20:29,225 [trainer.py] => Trainable params: 85806346
2026-06-12 19:20:29,236 [icarl.py] => Learning on 10-20
2026-06-12 19:35:16,929 [icarl.py] => Task 1, Epoch 20/20 => Loss 1.254, Train_accy 94.86
2026-06-12 19:35:16,935 [base.py] => Constructing exemplars for new classes...(20 per classes)
2026-06-12 19:36:05,606 [icarl.py] => Exemplar size: 400
2026-06-12 19:36:05,631 [trainer.py] => CNN: {'total': 94.61, '00-09': 91.13, '10-19': 98.29, 'old': 91.13, 'new': 98.29}
2026-06-12 19:36:05,631 [trainer.py] => NME: {'total': 96.27, '00-09': 94.35, '10-19': 98.29, 'old': 94.35, 'new': 98.29}
2026-06-12 19:36:05,631 [trainer.py] => CNN top1 curve: [98.39, 94.61]
2026-06-12 19:36:05,631 [trainer.py] => CNN top5 curve: [100.0, 99.59]
2026-06-12 19:36:05,631 [trainer.py] => NME top1 curve: [98.39, 96.27]
2026-06-12 19:36:05,631 [trainer.py] => NME top5 curve: [100.0, 99.59]
2026-06-12 19:36:05,631 [trainer.py] => Average Accuracy (CNN): 96.5
2026-06-12 19:36:05,631 [trainer.py] => Average Accuracy (NME): 97.33
2026-06-12 19:36:05,632 [trainer.py] => All params: 85814036
2026-06-12 19:36:05,633 [trainer.py] => Trainable params: 85814036
2026-06-12 19:36:05,637 [icarl.py] => Learning on 20-30
2026-06-12 19:55:05,255 [icarl.py] => Task 2, Epoch 20/20 => Loss 1.226, Train_accy 94.43
2026-06-12 19:55:05,273 [base.py] => Constructing exemplars for new classes...(20 per classes)
2026-06-12 19:56:06,295 [icarl.py] => Exemplar size: 600
2026-06-12 19:56:06,312 [trainer.py] => CNN: {'total': 95.01, '00-09': 92.74, '10-19': 95.73, '20-29': 96.67, 'old': 94.19, 'new': 96.67}
2026-06-12 19:56:06,312 [trainer.py] => NME: {'total': 95.29, '00-09': 94.35, '10-19': 96.58, '20-29': 95.0, 'old': 95.44, 'new': 95.0}
2026-06-12 19:56:06,312 [trainer.py] => CNN top1 curve: [98.39, 94.61, 95.01]
2026-06-12 19:56:06,312 [trainer.py] => CNN top5 curve: [100.0, 99.59, 99.17]
2026-06-12 19:56:06,312 [trainer.py] => NME top1 curve: [98.39, 96.27, 95.29]
2026-06-12 19:56:06,312 [trainer.py] => NME top5 curve: [100.0, 99.59, 99.45]
2026-06-12 19:56:06,312 [trainer.py] => Average Accuracy (CNN): 96.0
2026-06-12 19:56:06,312 [trainer.py] => Average Accuracy (NME): 96.65
2026-06-12 19:56:06,313 [trainer.py] => All params: 85821726
2026-06-12 19:56:06,315 [trainer.py] => Trainable params: 85821726
2026-06-12 19:56:06,323 [icarl.py] => Learning on 30-40
2026-06-12 20:19:05,108 [icarl.py] => Task 3, Epoch 20/20 => Loss 1.583, Train_accy 94.09
2026-06-12 20:19:05,113 [base.py] => Constructing exemplars for new classes...(20 per classes)
2026-06-12 20:20:13,024 [icarl.py] => Exemplar size: 800
2026-06-12 20:20:13,037 [trainer.py] => CNN: {'total': 93.47, '00-09': 89.52, '10-19': 93.16, '20-29': 95.0, '30-39': 96.12, 'old': 92.52, 'new': 96.12}
2026-06-12 20:20:13,038 [trainer.py] => NME: {'total': 95.51, '00-09': 93.55, '10-19': 96.58, '20-29': 95.83, '30-39': 96.12, 'old': 95.29, 'new': 96.12}
2026-06-12 20:20:13,038 [trainer.py] => CNN top1 curve: [98.39, 94.61, 95.01, 93.47]
2026-06-12 20:20:13,038 [trainer.py] => CNN top5 curve: [100.0, 99.59, 99.17, 99.39]
2026-06-12 20:20:13,038 [trainer.py] => NME top1 curve: [98.39, 96.27, 95.29, 95.51]
2026-06-12 20:20:13,038 [trainer.py] => NME top5 curve: [100.0, 99.59, 99.45, 99.39]
2026-06-12 20:20:13,038 [trainer.py] => Average Accuracy (CNN): 95.37
2026-06-12 20:20:13,038 [trainer.py] => Average Accuracy (NME): 96.36
2026-06-12 20:20:13,039 [trainer.py] => All params: 85829416
2026-06-12 20:20:13,039 [trainer.py] => Trainable params: 85829416
2026-06-12 20:20:13,046 [icarl.py] => Learning on 40-50
2026-06-12 20:47:35,040 [icarl.py] => Task 4, Epoch 20/20 => Loss 1.460, Train_accy 96.30
2026-06-12 20:47:35,058 [base.py] => Constructing exemplars for new classes...(20 per classes)
2026-06-12 20:49:04,554 [icarl.py] => Exemplar size: 1000
2026-06-12 20:49:04,584 [trainer.py] => CNN: {'total': 92.5, '00-09': 91.13, '10-19': 88.03, '20-29': 95.0, '30-39': 92.25, '40-49': 96.36, 'old': 91.63, 'new': 96.36}
2026-06-12 20:49:04,584 [trainer.py] => NME: {'total': 93.5, '00-09': 91.94, '10-19': 90.6, '20-29': 95.83, '30-39': 93.8, '40-49': 95.45, 'old': 93.06, 'new': 95.45}
2026-06-12 20:49:04,584 [trainer.py] => CNN top1 curve: [98.39, 94.61, 95.01, 93.47, 92.5]
2026-06-12 20:49:04,584 [trainer.py] => CNN top5 curve: [100.0, 99.59, 99.17, 99.39, 98.83]
2026-06-12 20:49:04,584 [trainer.py] => NME top1 curve: [98.39, 96.27, 95.29, 95.51, 93.5]
2026-06-12 20:49:04,584 [trainer.py] => NME top5 curve: [100.0, 99.59, 99.45, 99.39, 99.67]
2026-06-12 20:49:04,584 [trainer.py] => Average Accuracy (CNN): 94.8
2026-06-12 20:49:04,584 [trainer.py] => Average Accuracy (NME): 95.79
2026-06-12 20:49:04,585 [trainer.py] => All params: 85837106
2026-06-12 20:49:04,586 [trainer.py] => Trainable params: 85837106
2026-06-12 20:49:04,599 [icarl.py] => Learning on 50-60
2026-06-12 21:21:11,671 [icarl.py] => Task 5, Epoch 20/20 => Loss 1.534, Train_accy 95.47
2026-06-12 21:21:11,688 [base.py] => Constructing exemplars for new classes...(20 per classes)
2026-06-12 21:22:37,346 [icarl.py] => Exemplar size: 1200
2026-06-12 21:22:37,370 [trainer.py] => CNN: {'total': 92.23, '00-09': 87.9, '10-19': 90.6, '20-29': 94.17, '30-39': 90.7, '40-49': 95.45, '50-59': 95.37, 'old': 91.67, 'new': 95.37}
2026-06-12 21:22:37,370 [trainer.py] => NME: {'total': 93.22, '00-09': 91.94, '10-19': 93.16, '20-29': 94.17, '30-39': 93.02, '40-49': 93.64, '50-59': 93.52, 'old': 93.17, 'new': 93.52}
2026-06-12 21:22:37,370 [trainer.py] => CNN top1 curve: [98.39, 94.61, 95.01, 93.47, 92.5, 92.23]
2026-06-12 21:22:37,370 [trainer.py] => CNN top5 curve: [100.0, 99.59, 99.17, 99.39, 98.83, 98.73]
2026-06-12 21:22:37,370 [trainer.py] => NME top1 curve: [98.39, 96.27, 95.29, 95.51, 93.5, 93.22]
2026-06-12 21:22:37,370 [trainer.py] => NME top5 curve: [100.0, 99.59, 99.45, 99.39, 99.67, 98.87]
2026-06-12 21:22:37,370 [trainer.py] => Average Accuracy (CNN): 94.37
2026-06-12 21:22:37,371 [trainer.py] => Average Accuracy (NME): 95.36
2026-06-12 21:22:37,371 [trainer.py] => All params: 85844796
2026-06-12 21:22:37,372 [trainer.py] => Trainable params: 85844796
2026-06-12 21:22:37,377 [icarl.py] => Learning on 60-70
2026-06-12 21:58:18,499 [icarl.py] => Task 6, Epoch 20/20 => Loss 1.507, Train_accy 96.00
2026-06-12 21:58:18,511 [base.py] => Constructing exemplars for new classes...(20 per classes)
2026-06-12 22:00:16,280 [icarl.py] => Exemplar size: 1400
2026-06-12 22:00:16,306 [trainer.py] => CNN: {'total': 88.78, '00-09': 84.68, '10-19': 84.62, '20-29': 93.33, '30-39': 91.47, '40-49': 90.0, '50-59': 87.96, '60-69': 89.26, 'old': 88.7, 'new': 89.26}
2026-06-12 22:00:16,306 [trainer.py] => NME: {'total': 89.51, '00-09': 87.1, '10-19': 90.6, '20-29': 94.17, '30-39': 93.02, '40-49': 90.0, '50-59': 92.59, '60-69': 79.34, 'old': 91.24, 'new': 79.34}
2026-06-12 22:00:16,306 [trainer.py] => CNN top1 curve: [98.39, 94.61, 95.01, 93.47, 92.5, 92.23, 88.78]
2026-06-12 22:00:16,306 [trainer.py] => CNN top5 curve: [100.0, 99.59, 99.17, 99.39, 98.83, 98.73, 98.19]
2026-06-12 22:00:16,306 [trainer.py] => NME top1 curve: [98.39, 96.27, 95.29, 95.51, 93.5, 93.22, 89.51]
2026-06-12 22:00:16,306 [trainer.py] => NME top5 curve: [100.0, 99.59, 99.45, 99.39, 99.67, 98.87, 98.55]
2026-06-12 22:00:16,306 [trainer.py] => Average Accuracy (CNN): 93.57
2026-06-12 22:00:16,306 [trainer.py] => Average Accuracy (NME): 94.53
2026-06-12 22:00:16,307 [trainer.py] => All params: 85852486
2026-06-12 22:00:16,308 [trainer.py] => Trainable params: 85852486
2026-06-12 22:00:16,313 [icarl.py] => Learning on 70-80
2026-06-12 22:40:58,496 [icarl.py] => Task 7, Epoch 20/20 => Loss 1.603, Train_accy 96.82
2026-06-12 22:40:58,540 [base.py] => Constructing exemplars for new classes...(20 per classes)
2026-06-12 22:43:13,218 [icarl.py] => Exemplar size: 1600
2026-06-12 22:43:13,239 [trainer.py] => CNN: {'total': 89.22, '00-09': 84.68, '10-19': 86.32, '20-29': 90.0, '30-39': 89.15, '40-49': 88.18, '50-59': 89.81, '60-69': 89.26, '70-79': 97.22, 'old': 88.18, 'new': 97.22}
2026-06-12 22:43:13,239 [trainer.py] => NME: {'total': 89.97, '00-09': 88.71, '10-19': 88.03, '20-29': 92.5, '30-39': 93.8, '40-49': 90.91, '50-59': 91.67, '60-69': 80.17, '70-79': 94.44, 'old': 89.38, 'new': 94.44}
2026-06-12 22:43:13,239 [trainer.py] => CNN top1 curve: [98.39, 94.61, 95.01, 93.47, 92.5, 92.23, 88.78, 89.22]
2026-06-12 22:43:13,239 [trainer.py] => CNN top5 curve: [100.0, 99.59, 99.17, 99.39, 98.83, 98.73, 98.19, 97.97]
2026-06-12 22:43:13,239 [trainer.py] => NME top1 curve: [98.39, 96.27, 95.29, 95.51, 93.5, 93.22, 89.51, 89.97]
2026-06-12 22:43:13,239 [trainer.py] => NME top5 curve: [100.0, 99.59, 99.45, 99.39, 99.67, 98.87, 98.55, 98.51]
2026-06-12 22:43:13,239 [trainer.py] => Average Accuracy (CNN): 93.03
2026-06-12 22:43:13,239 [trainer.py] => Average Accuracy (NME): 93.96
2026-06-12 22:43:13,240 [trainer.py] => All params: 85860176
2026-06-12 22:43:13,241 [trainer.py] => Trainable params: 85860176
2026-06-12 22:43:13,252 [icarl.py] => Learning on 80-90
2026-06-12 23:27:33,840 [icarl.py] => Task 8, Epoch 20/20 => Loss 1.626, Train_accy 95.69
2026-06-12 23:27:33,859 [base.py] => Constructing exemplars for new classes...(20 per classes)
2026-06-12 23:29:57,308 [icarl.py] => Exemplar size: 1800
2026-06-12 23:29:57,339 [trainer.py] => CNN: {'total': 87.01, '00-09': 83.06, '10-19': 85.47, '20-29': 90.83, '30-39': 85.27, '40-49': 83.64, '50-59': 83.33, '60-69': 85.95, '70-79': 92.59, '80-89': 94.12, 'old': 86.23, 'new': 94.12}
2026-06-12 23:29:57,339 [trainer.py] => NME: {'total': 88.93, '00-09': 83.87, '10-19': 88.89, '20-29': 94.17, '30-39': 89.15, '40-49': 90.0, '50-59': 88.89, '60-69': 80.99, '70-79': 90.74, '80-89': 95.1, 'old': 88.26, 'new': 95.1}
2026-06-12 23:29:57,339 [trainer.py] => CNN top1 curve: [98.39, 94.61, 95.01, 93.47, 92.5, 92.23, 88.78, 89.22, 87.01]
2026-06-12 23:29:57,339 [trainer.py] => CNN top5 curve: [100.0, 99.59, 99.17, 99.39, 98.83, 98.73, 98.19, 97.97, 97.79]
2026-06-12 23:29:57,339 [trainer.py] => NME top1 curve: [98.39, 96.27, 95.29, 95.51, 93.5, 93.22, 89.51, 89.97, 88.93]
2026-06-12 23:29:57,339 [trainer.py] => NME top5 curve: [100.0, 99.59, 99.45, 99.39, 99.67, 98.87, 98.55, 98.51, 98.46]
2026-06-12 23:29:57,339 [trainer.py] => Average Accuracy (CNN): 92.36
2026-06-12 23:29:57,339 [trainer.py] => Average Accuracy (NME): 93.4
2026-06-12 23:29:57,340 [trainer.py] => All params: 85867866
2026-06-12 23:29:57,340 [trainer.py] => Trainable params: 85867866
2026-06-12 23:29:57,369 [icarl.py] => Learning on 90-100
2026-06-13 00:18:40,293 [icarl.py] => Task 9, Epoch 20/20 => Loss 1.683, Train_accy 96.63
2026-06-13 00:18:40,302 [base.py] => Constructing exemplars for new classes...(20 per classes)
2026-06-13 00:21:34,040 [icarl.py] => Exemplar size: 2000
2026-06-13 00:21:34,058 [trainer.py] => CNN: {'total': 87.78, '00-09': 78.23, '10-19': 82.91, '20-29': 90.83, '30-39': 84.5, '40-49': 84.55, '50-59': 82.41, '60-69': 90.08, '70-79': 93.52, '80-89': 96.08, '90-99': 96.52, 'old': 86.81, 'new': 96.52}
2026-06-13 00:21:34,058 [trainer.py] => NME: {'total': 89.6, '00-09': 83.87, '10-19': 88.03, '20-29': 94.17, '30-39': 87.6, '40-49': 90.0, '50-59': 89.81, '60-69': 82.64, '70-79': 92.59, '80-89': 95.1, '90-99': 93.91, 'old': 89.12, 'new': 93.91}
2026-06-13 00:21:34,058 [trainer.py] => CNN top1 curve: [98.39, 94.61, 95.01, 93.47, 92.5, 92.23, 88.78, 89.22, 87.01, 87.78]
2026-06-13 00:21:34,059 [trainer.py] => CNN top5 curve: [100.0, 99.59, 99.17, 99.39, 98.83, 98.73, 98.19, 97.97, 97.79, 97.14]
2026-06-13 00:21:34,059 [trainer.py] => NME top1 curve: [98.39, 96.27, 95.29, 95.51, 93.5, 93.22, 89.51, 89.97, 88.93, 89.6]
2026-06-13 00:21:34,059 [trainer.py] => NME top5 curve: [100.0, 99.59, 99.45, 99.39, 99.67, 98.87, 98.55, 98.51, 98.46, 98.09]
2026-06-13 00:21:34,060 [trainer.py] => Average Accuracy (CNN): 91.9
2026-06-13 00:21:34,060 [trainer.py] => Average Accuracy (NME): 93.02
2026-06-13 00:21:34,062 [trainer.py] => All params: 85875556
2026-06-13 00:21:34,063 [trainer.py] => Trainable params: 85875556
2026-06-13 00:21:34,076 [icarl.py] => Learning on 100-110
2026-06-13 01:14:24,186 [icarl.py] => Task 10, Epoch 20/20 => Loss 1.681, Train_accy 96.37
2026-06-13 01:14:24,208 [base.py] => Constructing exemplars for new classes...(20 per classes)
2026-06-13 01:16:29,844 [icarl.py] => Exemplar size: 2200
2026-06-13 01:16:29,845 [trainer.py] => CNN: {'total': 86.19, '00-09': 75.0, '10-19': 82.05, '20-29': 90.0, '30-39': 86.05, '40-49': 81.82, '50-59': 79.63, '60-69': 85.95, '70-79': 89.81, '80-89': 95.1, '90-99': 91.3, '100-109': 92.5, 'old': 85.53, 'new': 92.5}
2026-06-13 01:16:29,845 [trainer.py] => NME: {'total': 88.62, '00-09': 80.65, '10-19': 87.18, '20-29': 95.0, '30-39': 89.15, '40-49': 84.55, '50-59': 88.89, '60-69': 82.64, '70-79': 90.74, '80-89': 92.16, '90-99': 93.04, '100-109': 91.67, 'old': 88.3, 'new': 91.67}
2026-06-13 01:16:29,845 [trainer.py] => CNN top1 curve: [98.39, 94.61, 95.01, 93.47, 92.5, 92.23, 88.78, 89.22, 87.01, 87.78, 86.19]
2026-06-13 01:16:29,845 [trainer.py] => CNN top5 curve: [100.0, 99.59, 99.17, 99.39, 98.83, 98.73, 98.19, 97.97, 97.79, 97.14, 97.49]
2026-06-13 01:16:29,845 [trainer.py] => NME top1 curve: [98.39, 96.27, 95.29, 95.51, 93.5, 93.22, 89.51, 89.97, 88.93, 89.6, 88.62]
2026-06-13 01:16:29,845 [trainer.py] => NME top5 curve: [100.0, 99.59, 99.45, 99.39, 99.67, 98.87, 98.55, 98.51, 98.46, 98.09, 98.19]
2026-06-13 01:16:29,845 [trainer.py] => Average Accuracy (CNN): 91.38
2026-06-13 01:16:29,845 [trainer.py] => Average Accuracy (NME): 92.62
2026-06-13 01:16:29,846 [trainer.py] => All params: 85883246
2026-06-13 01:16:29,847 [trainer.py] => Trainable params: 85883246
2026-06-13 01:16:29,859 [icarl.py] => Learning on 110-120
2026-06-13 02:13:05,841 [icarl.py] => Task 11, Epoch 20/20 => Loss 1.736, Train_accy 96.16
2026-06-13 02:13:05,842 [base.py] => Constructing exemplars for new classes...(20 per classes)
2026-06-13 02:15:17,792 [icarl.py] => Exemplar size: 2400
2026-06-13 02:15:17,792 [trainer.py] => CNN: {'total': 86.67, '00-09': 73.39, '10-19': 82.05, '20-29': 90.0, '30-39': 85.27, '40-49': 83.64, '50-59': 84.26, '60-69': 86.78, '70-79': 87.04, '80-89': 92.16, '90-99': 91.3, '100-109': 90.0, '110-119': 95.61, 'old': 85.87, 'new': 95.61}
2026-06-13 02:15:17,792 [trainer.py] => NME: {'total': 89.05, '00-09': 82.26, '10-19': 86.32, '20-29': 95.0, '30-39': 86.82, '40-49': 83.64, '50-59': 88.89, '60-69': 83.47, '70-79': 90.74, '80-89': 92.16, '90-99': 92.17, '100-109': 90.83, '110-119': 97.37, 'old': 88.3, 'new': 97.37}
2026-06-13 02:15:17,792 [trainer.py] => CNN top1 curve: [98.39, 94.61, 95.01, 93.47, 92.5, 92.23, 88.78, 89.22, 87.01, 87.78, 86.19, 86.67]
2026-06-13 02:15:17,792 [trainer.py] => CNN top5 curve: [100.0, 99.59, 99.17, 99.39, 98.83, 98.73, 98.19, 97.97, 97.79, 97.14, 97.49, 97.19]
2026-06-13 02:15:17,792 [trainer.py] => NME top1 curve: [98.39, 96.27, 95.29, 95.51, 93.5, 93.22, 89.51, 89.97, 88.93, 89.6, 88.62, 89.05]
2026-06-13 02:15:17,792 [trainer.py] => NME top5 curve: [100.0, 99.59, 99.45, 99.39, 99.67, 98.87, 98.55, 98.51, 98.46, 98.09, 98.19, 98.34]
2026-06-13 02:15:17,793 [trainer.py] => Average Accuracy (CNN): 90.99
2026-06-13 02:15:17,793 [trainer.py] => Average Accuracy (NME): 92.32
2026-06-13 02:15:17,793 [trainer.py] => All params: 85890936
2026-06-13 02:15:17,794 [trainer.py] => Trainable params: 85890936
2026-06-13 02:15:17,802 [icarl.py] => Learning on 120-130
2026-06-13 03:16:22,010 [icarl.py] => Task 12, Epoch 20/20 => Loss 1.684, Train_accy 97.11
2026-06-13 03:16:22,031 [base.py] => Constructing exemplars for new classes...(20 per classes)
2026-06-13 03:18:46,378 [icarl.py] => Exemplar size: 2600
2026-06-13 03:18:46,378 [trainer.py] => CNN: {'total': 84.22, '00-09': 75.0, '10-19': 80.34, '20-29': 88.33, '30-39': 83.72, '40-49': 77.27, '50-59': 77.78, '60-69': 79.34, '70-79': 87.96, '80-89': 90.2, '90-99': 87.83, '100-109': 81.67, '110-119': 95.61, '120-129': 90.55, 'old': 83.65, 'new': 90.55}
2026-06-13 03:18:46,378 [trainer.py] => NME: {'total': 86.8, '00-09': 79.84, '10-19': 86.32, '20-29': 93.33, '30-39': 89.92, '40-49': 81.82, '50-59': 86.11, '60-69': 79.34, '70-79': 88.89, '80-89': 89.22, '90-99': 88.7, '100-109': 85.83, '110-119': 92.11, '120-129': 87.4, 'old': 86.74, 'new': 87.4}
2026-06-13 03:18:46,378 [trainer.py] => CNN top1 curve: [98.39, 94.61, 95.01, 93.47, 92.5, 92.23, 88.78, 89.22, 87.01, 87.78, 86.19, 86.67, 84.22]
2026-06-13 03:18:46,378 [trainer.py] => CNN top5 curve: [100.0, 99.59, 99.17, 99.39, 98.83, 98.73, 98.19, 97.97, 97.79, 97.14, 97.49, 97.19, 96.83]
2026-06-13 03:18:46,378 [trainer.py] => NME top1 curve: [98.39, 96.27, 95.29, 95.51, 93.5, 93.22, 89.51, 89.97, 88.93, 89.6, 88.62, 89.05, 86.8]
2026-06-13 03:18:46,378 [trainer.py] => NME top5 curve: [100.0, 99.59, 99.45, 99.39, 99.67, 98.87, 98.55, 98.51, 98.46, 98.09, 98.19, 98.34, 97.95]
2026-06-13 03:18:46,378 [trainer.py] => Average Accuracy (CNN): 90.47
2026-06-13 03:18:46,379 [trainer.py] => Average Accuracy (NME): 91.9
2026-06-13 03:18:46,379 [trainer.py] => All params: 85898626
2026-06-13 03:18:46,380 [trainer.py] => Trainable params: 85898626
2026-06-13 03:18:46,392 [icarl.py] => Learning on 130-140
2026-06-13 04:23:38,167 [icarl.py] => Task 13, Epoch 20/20 => Loss 1.631, Train_accy 97.87
2026-06-13 04:23:38,168 [base.py] => Constructing exemplars for new classes...(20 per classes)
2026-06-13 04:26:09,608 [icarl.py] => Exemplar size: 2800
2026-06-13 04:26:09,609 [trainer.py] => CNN: {'total': 84.23, '00-09': 75.81, '10-19': 77.78, '20-29': 90.0, '30-39': 81.4, '40-49': 78.18, '50-59': 77.78, '60-69': 83.47, '70-79': 84.26, '80-89': 85.29, '90-99': 84.35, '100-109': 82.5, '110-119': 92.98, '120-129': 89.76, '130-139': 94.49, 'old': 83.37, 'new': 94.49}
2026-06-13 04:26:09,609 [trainer.py] => NME: {'total': 85.87, '00-09': 79.84, '10-19': 80.34, '20-29': 94.17, '30-39': 84.5, '40-49': 80.0, '50-59': 86.11, '60-69': 80.17, '70-79': 90.74, '80-89': 89.22, '90-99': 90.43, '100-109': 85.0, '110-119': 90.35, '120-129': 84.25, '130-139': 88.19, 'old': 85.68, 'new': 88.19}
2026-06-13 04:26:09,609 [trainer.py] => CNN top1 curve: [98.39, 94.61, 95.01, 93.47, 92.5, 92.23, 88.78, 89.22, 87.01, 87.78, 86.19, 86.67, 84.22, 84.23]
2026-06-13 04:26:09,609 [trainer.py] => CNN top5 curve: [100.0, 99.59, 99.17, 99.39, 98.83, 98.73, 98.19, 97.97, 97.79, 97.14, 97.49, 97.19, 96.83, 96.35]
2026-06-13 04:26:09,609 [trainer.py] => NME top1 curve: [98.39, 96.27, 95.29, 95.51, 93.5, 93.22, 89.51, 89.97, 88.93, 89.6, 88.62, 89.05, 86.8, 85.87]
2026-06-13 04:26:09,609 [trainer.py] => NME top5 curve: [100.0, 99.59, 99.45, 99.39, 99.67, 98.87, 98.55, 98.51, 98.46, 98.09, 98.19, 98.34, 97.95, 97.75]
2026-06-13 04:26:09,609 [trainer.py] => Average Accuracy (CNN): 90.02
2026-06-13 04:26:09,609 [trainer.py] => Average Accuracy (NME): 91.47
2026-06-13 04:26:09,610 [trainer.py] => All params: 85906316
2026-06-13 04:26:09,610 [trainer.py] => Trainable params: 85906316
2026-06-13 04:26:09,612 [icarl.py] => Learning on 140-150
2026-06-13 05:36:16,517 [icarl.py] => Task 14, Epoch 20/20 => Loss 1.770, Train_accy 96.77
2026-06-13 05:36:16,534 [base.py] => Constructing exemplars for new classes...(20 per classes)
2026-06-13 05:39:03,503 [icarl.py] => Exemplar size: 3000
2026-06-13 05:39:03,503 [trainer.py] => CNN: {'total': 83.38, '00-09': 76.61, '10-19': 76.07, '20-29': 88.33, '30-39': 79.84, '40-49': 80.91, '50-59': 76.85, '60-69': 81.82, '70-79': 86.11, '80-89': 83.33, '90-99': 82.61, '100-109': 76.67, '110-119': 92.98, '120-129': 82.68, '130-139': 93.7, '140-149': 92.66, 'old': 82.76, 'new': 92.66}
2026-06-13 05:39:03,503 [trainer.py] => NME: {'total': 86.29, '00-09': 78.23, '10-19': 81.2, '20-29': 94.17, '30-39': 84.5, '40-49': 82.73, '50-59': 87.96, '60-69': 80.99, '70-79': 87.96, '80-89': 90.2, '90-99': 92.17, '100-109': 82.5, '110-119': 91.23, '120-129': 86.61, '130-139': 87.4, '140-149': 88.07, 'old': 86.18, 'new': 88.07}
2026-06-13 05:39:03,503 [trainer.py] => CNN top1 curve: [98.39, 94.61, 95.01, 93.47, 92.5, 92.23, 88.78, 89.22, 87.01, 87.78, 86.19, 86.67, 84.22, 84.23, 83.38]
2026-06-13 05:39:03,503 [trainer.py] => CNN top5 curve: [100.0, 99.59, 99.17, 99.39, 98.83, 98.73, 98.19, 97.97, 97.79, 97.14, 97.49, 97.19, 96.83, 96.35, 96.4]
2026-06-13 05:39:03,504 [trainer.py] => NME top1 curve: [98.39, 96.27, 95.29, 95.51, 93.5, 93.22, 89.51, 89.97, 88.93, 89.6, 88.62, 89.05, 86.8, 85.87, 86.29]
2026-06-13 05:39:03,504 [trainer.py] => NME top5 curve: [100.0, 99.59, 99.45, 99.39, 99.67, 98.87, 98.55, 98.51, 98.46, 98.09, 98.19, 98.34, 97.95, 97.75, 97.77]
2026-06-13 05:39:03,504 [trainer.py] => Average Accuracy (CNN): 89.58
2026-06-13 05:39:03,504 [trainer.py] => Average Accuracy (NME): 91.12
2026-06-13 05:39:03,505 [trainer.py] => All params: 85914006
2026-06-13 05:39:03,505 [trainer.py] => Trainable params: 85914006
2026-06-13 05:39:03,511 [icarl.py] => Learning on 150-160
2026-06-13 06:52:57,679 [icarl.py] => Task 15, Epoch 20/20 => Loss 1.750, Train_accy 96.89
2026-06-13 06:52:57,696 [base.py] => Constructing exemplars for new classes...(20 per classes)
2026-06-13 06:55:58,972 [icarl.py] => Exemplar size: 3200
2026-06-13 06:55:58,973 [trainer.py] => CNN: {'total': 82.49, '00-09': 71.77, '10-19': 68.38, '20-29': 85.83, '30-39': 78.29, '40-49': 82.73, '50-59': 72.22, '60-69': 82.64, '70-79': 84.26, '80-89': 87.25, '90-99': 85.22, '100-109': 75.0, '110-119': 91.23, '120-129': 84.25, '130-139': 91.34, '140-149': 89.91, '150-159': 89.55, 'old': 81.95, 'new': 89.55}
2026-06-13 06:55:58,973 [trainer.py] => NME: {'total': 84.83, '00-09': 79.03, '10-19': 74.36, '20-29': 92.5, '30-39': 80.62, '40-49': 83.64, '50-59': 87.04, '60-69': 81.82, '70-79': 85.19, '80-89': 90.2, '90-99': 88.7, '100-109': 83.33, '110-119': 89.47, '120-129': 85.04, '130-139': 85.83, '140-149': 87.16, '150-159': 85.07, 'old': 84.81, 'new': 85.07}
2026-06-13 06:55:58,973 [trainer.py] => CNN top1 curve: [98.39, 94.61, 95.01, 93.47, 92.5, 92.23, 88.78, 89.22, 87.01, 87.78, 86.19, 86.67, 84.22, 84.23, 83.38, 82.49]
2026-06-13 06:55:58,973 [trainer.py] => CNN top5 curve: [100.0, 99.59, 99.17, 99.39, 98.83, 98.73, 98.19, 97.97, 97.79, 97.14, 97.49, 97.19, 96.83, 96.35, 96.4, 96.29]
2026-06-13 06:55:58,973 [trainer.py] => NME top1 curve: [98.39, 96.27, 95.29, 95.51, 93.5, 93.22, 89.51, 89.97, 88.93, 89.6, 88.62, 89.05, 86.8, 85.87, 86.29, 84.83]
2026-06-13 06:55:58,973 [trainer.py] => NME top5 curve: [100.0, 99.59, 99.45, 99.39, 99.67, 98.87, 98.55, 98.51, 98.46, 98.09, 98.19, 98.34, 97.95, 97.75, 97.77, 97.67]
2026-06-13 06:55:58,973 [trainer.py] => Average Accuracy (CNN): 89.14
2026-06-13 06:55:58,973 [trainer.py] => Average Accuracy (NME): 90.73
2026-06-13 06:55:58,974 [trainer.py] => All params: 85921696
2026-06-13 06:55:58,974 [trainer.py] => Trainable params: 85921696
2026-06-13 06:55:58,977 [icarl.py] => Learning on 160-170
2026-06-13 08:15:08,125 [icarl.py] => Task 16, Epoch 20/20 => Loss 1.814, Train_accy 96.90
2026-06-13 08:15:08,146 [base.py] => Constructing exemplars for new classes...(20 per classes)
2026-06-13 08:18:15,110 [icarl.py] => Exemplar size: 3400
2026-06-13 08:18:15,110 [trainer.py] => CNN: {'total': 81.9, '00-09': 71.77, '10-19': 64.96, '20-29': 83.33, '30-39': 81.4, '40-49': 78.18, '50-59': 74.07, '60-69': 76.86, '70-79': 75.93, '80-89': 92.16, '90-99': 80.0, '100-109': 75.83, '110-119': 90.35, '120-129': 81.89, '130-139': 90.55, '140-149': 89.91, '150-159': 88.81, '160-169': 95.87, 'old': 81.01, 'new': 95.87}
2026-06-13 08:18:15,110 [trainer.py] => NME: {'total': 85.24, '00-09': 80.65, '10-19': 76.07, '20-29': 92.5, '30-39': 82.17, '40-49': 81.82, '50-59': 87.04, '60-69': 80.99, '70-79': 82.41, '80-89': 90.2, '90-99': 88.7, '100-109': 85.0, '110-119': 91.23, '120-129': 84.25, '130-139': 87.4, '140-149': 86.24, '150-159': 83.58, '160-169': 90.08, 'old': 84.93, 'new': 90.08}
2026-06-13 08:18:15,110 [trainer.py] => CNN top1 curve: [98.39, 94.61, 95.01, 93.47, 92.5, 92.23, 88.78, 89.22, 87.01, 87.78, 86.19, 86.67, 84.22, 84.23, 83.38, 82.49, 81.9]
2026-06-13 08:18:15,110 [trainer.py] => CNN top5 curve: [100.0, 99.59, 99.17, 99.39, 98.83, 98.73, 98.19, 97.97, 97.79, 97.14, 97.49, 97.19, 96.83, 96.35, 96.4, 96.29, 95.86]
2026-06-13 08:18:15,110 [trainer.py] => NME top1 curve: [98.39, 96.27, 95.29, 95.51, 93.5, 93.22, 89.51, 89.97, 88.93, 89.6, 88.62, 89.05, 86.8, 85.87, 86.29, 84.83, 85.24]
2026-06-13 08:18:15,111 [trainer.py] => NME top5 curve: [100.0, 99.59, 99.45, 99.39, 99.67, 98.87, 98.55, 98.51, 98.46, 98.09, 98.19, 98.34, 97.95, 97.75, 97.77, 97.67, 97.51]
2026-06-13 08:18:15,111 [trainer.py] => Average Accuracy (CNN): 88.71
2026-06-13 08:18:15,111 [trainer.py] => Average Accuracy (NME): 90.41
2026-06-13 08:18:15,111 [trainer.py] => All params: 85929386
2026-06-13 08:18:15,112 [trainer.py] => Trainable params: 85929386
2026-06-13 08:18:15,123 [icarl.py] => Learning on 170-180
2026-06-13 09:41:46,551 [icarl.py] => Task 17, Epoch 20/20 => Loss 1.806, Train_accy 97.57
2026-06-13 09:41:46,573 [base.py] => Constructing exemplars for new classes...(20 per classes)
2026-06-13 09:45:00,480 [icarl.py] => Exemplar size: 3600
2026-06-13 09:45:00,481 [trainer.py] => CNN: {'total': 81.88, '00-09': 73.39, '10-19': 65.81, '20-29': 85.83, '30-39': 80.62, '40-49': 72.73, '50-59': 71.3, '60-69': 74.38, '70-79': 78.7, '80-89': 86.27, '90-99': 80.0, '100-109': 81.67, '110-119': 89.47, '120-129': 77.95, '130-139': 90.55, '140-149': 89.91, '150-159': 85.82, '160-169': 93.39, '170-179': 94.35, 'old': 81.11, 'new': 94.35}
2026-06-13 09:45:00,481 [trainer.py] => NME: {'total': 84.88, '00-09': 79.03, '10-19': 75.21, '20-29': 93.33, '30-39': 83.72, '40-49': 80.91, '50-59': 85.19, '60-69': 78.51, '70-79': 80.56, '80-89': 88.24, '90-99': 86.96, '100-109': 82.5, '110-119': 89.47, '120-129': 82.68, '130-139': 88.19, '140-149': 87.16, '150-159': 80.6, '160-169': 90.08, '170-179': 95.97, 'old': 84.2, 'new': 95.97}
2026-06-13 09:45:00,481 [trainer.py] => CNN top1 curve: [98.39, 94.61, 95.01, 93.47, 92.5, 92.23, 88.78, 89.22, 87.01, 87.78, 86.19, 86.67, 84.22, 84.23, 83.38, 82.49, 81.9, 81.88]
2026-06-13 09:45:00,481 [trainer.py] => CNN top5 curve: [100.0, 99.59, 99.17, 99.39, 98.83, 98.73, 98.19, 97.97, 97.79, 97.14, 97.49, 97.19, 96.83, 96.35, 96.4, 96.29, 95.86, 95.96]
2026-06-13 09:45:00,481 [trainer.py] => NME top1 curve: [98.39, 96.27, 95.29, 95.51, 93.5, 93.22, 89.51, 89.97, 88.93, 89.6, 88.62, 89.05, 86.8, 85.87, 86.29, 84.83, 85.24, 84.88]
2026-06-13 09:45:00,481 [trainer.py] => NME top5 curve: [100.0, 99.59, 99.45, 99.39, 99.67, 98.87, 98.55, 98.51, 98.46, 98.09, 98.19, 98.34, 97.95, 97.75, 97.77, 97.67, 97.51, 97.42]
2026-06-13 09:45:00,482 [trainer.py] => Average Accuracy (CNN): 88.33
2026-06-13 09:45:00,482 [trainer.py] => Average Accuracy (NME): 90.1
2026-06-13 09:45:00,483 [trainer.py] => All params: 85937076
2026-06-13 09:45:00,484 [trainer.py] => Trainable params: 85937076
2026-06-13 09:45:00,487 [icarl.py] => Learning on 180-190
2026-06-13 11:11:57,389 [icarl.py] => Task 18, Epoch 20/20 => Loss 1.789, Train_accy 97.91
2026-06-13 11:11:57,407 [base.py] => Constructing exemplars for new classes...(20 per classes)
2026-06-13 11:15:36,461 [icarl.py] => Exemplar size: 3800
2026-06-13 11:15:36,478 [trainer.py] => CNN: {'total': 81.46, '00-09': 70.16, '10-19': 66.67, '20-29': 82.5, '30-39': 82.17, '40-49': 67.27, '50-59': 65.74, '60-69': 75.21, '70-79': 76.85, '80-89': 84.31, '90-99': 81.74, '100-109': 80.0, '110-119': 92.98, '120-129': 77.95, '130-139': 87.4, '140-149': 86.24, '150-159': 87.31, '160-169': 94.21, '170-179': 95.97, '180-189': 90.83, 'old': 80.99, 'new': 90.83}
2026-06-13 11:15:36,478 [trainer.py] => NME: {'total': 85.26, '00-09': 78.23, '10-19': 76.07, '20-29': 92.5, '30-39': 84.5, '40-49': 79.09, '50-59': 84.26, '60-69': 80.17, '70-79': 81.48, '80-89': 90.2, '90-99': 87.83, '100-109': 82.5, '110-119': 91.23, '120-129': 84.25, '130-139': 88.19, '140-149': 88.07, '150-159': 82.84, '160-169': 88.43, '170-179': 95.16, '180-189': 85.32, 'old': 85.26, 'new': 85.32}
2026-06-13 11:15:36,478 [trainer.py] => CNN top1 curve: [98.39, 94.61, 95.01, 93.47, 92.5, 92.23, 88.78, 89.22, 87.01, 87.78, 86.19, 86.67, 84.22, 84.23, 83.38, 82.49, 81.9, 81.88, 81.46]
2026-06-13 11:15:36,478 [trainer.py] => CNN top5 curve: [100.0, 99.59, 99.17, 99.39, 98.83, 98.73, 98.19, 97.97, 97.79, 97.14, 97.49, 97.19, 96.83, 96.35, 96.4, 96.29, 95.86, 95.96, 95.62]
2026-06-13 11:15:36,478 [trainer.py] => NME top1 curve: [98.39, 96.27, 95.29, 95.51, 93.5, 93.22, 89.51, 89.97, 88.93, 89.6, 88.62, 89.05, 86.8, 85.87, 86.29, 84.83, 85.24, 84.88, 85.26]
2026-06-13 11:15:36,478 [trainer.py] => NME top5 curve: [100.0, 99.59, 99.45, 99.39, 99.67, 98.87, 98.55, 98.51, 98.46, 98.09, 98.19, 98.34, 97.95, 97.75, 97.77, 97.67, 97.51, 97.42, 97.5]
2026-06-13 11:15:36,478 [trainer.py] => Average Accuracy (CNN): 87.97
2026-06-13 11:15:36,478 [trainer.py] => Average Accuracy (NME): 89.84
2026-06-13 11:15:36,479 [trainer.py] => All params: 85944766
2026-06-13 11:15:36,479 [trainer.py] => Trainable params: 85944766
2026-06-13 11:15:36,486 [icarl.py] => Learning on 190-200
2026-06-13 12:46:19,492 [icarl.py] => Task 19, Epoch 20/20 => Loss 1.852, Train_accy 97.23
2026-06-13 12:46:19,507 [base.py] => Constructing exemplars for new classes...(20 per classes)
2026-06-13 12:49:55,482 [icarl.py] => Exemplar size: 4000
2026-06-13 12:49:55,483 [trainer.py] => CNN: {'total': 81.04, '00-09': 67.74, '10-19': 64.96, '20-29': 82.5, '30-39': 79.84, '40-49': 65.45, '50-59': 67.59, '60-69': 75.21, '70-79': 77.78, '80-89': 84.31, '90-99': 74.78, '100-109': 82.5, '110-119': 87.72, '120-129': 81.1, '130-139': 84.25, '140-149': 88.07, '150-159': 83.58, '160-169': 93.39, '170-179': 94.35, '180-189': 89.91, '190-199': 94.12, 'old': 80.35, 'new': 94.12}
2026-06-13 12:49:55,483 [trainer.py] => NME: {'total': 84.65, '00-09': 77.42, '10-19': 76.07, '20-29': 91.67, '30-39': 87.6, '40-49': 74.55, '50-59': 85.19, '60-69': 80.99, '70-79': 84.26, '80-89': 87.25, '90-99': 82.61, '100-109': 82.5, '110-119': 87.72, '120-129': 83.46, '130-139': 86.61, '140-149': 86.24, '150-159': 81.34, '160-169': 87.6, '170-179': 95.16, '180-189': 84.4, '190-199': 89.92, 'old': 84.37, 'new': 89.92}
2026-06-13 12:49:55,483 [trainer.py] => CNN top1 curve: [98.39, 94.61, 95.01, 93.47, 92.5, 92.23, 88.78, 89.22, 87.01, 87.78, 86.19, 86.67, 84.22, 84.23, 83.38, 82.49, 81.9, 81.88, 81.46, 81.04]
2026-06-13 12:49:55,483 [trainer.py] => CNN top5 curve: [100.0, 99.59, 99.17, 99.39, 98.83, 98.73, 98.19, 97.97, 97.79, 97.14, 97.49, 97.19, 96.83, 96.35, 96.4, 96.29, 95.86, 95.96, 95.62, 95.59]
2026-06-13 12:49:55,483 [trainer.py] => NME top1 curve: [98.39, 96.27, 95.29, 95.51, 93.5, 93.22, 89.51, 89.97, 88.93, 89.6, 88.62, 89.05, 86.8, 85.87, 86.29, 84.83, 85.24, 84.88, 85.26, 84.65]
2026-06-13 12:49:55,483 [trainer.py] => NME top5 curve: [100.0, 99.59, 99.45, 99.39, 99.67, 98.87, 98.55, 98.51, 98.46, 98.09, 98.19, 98.34, 97.95, 97.75, 97.77, 97.67, 97.51, 97.42, 97.5, 97.33]
2026-06-13 12:49:55,483 [trainer.py] => Average Accuracy (CNN): 87.62
2026-06-13 12:49:55,483 [trainer.py] => Average Accuracy (NME): 89.58
