2026-06-15 07:39:33,463 [trainer.py] => config: ./configs/icarl/icarl_cub_B0_Inc40.json
2026-06-15 07:39:33,463 [trainer.py] => prefix: reproduce
2026-06-15 07:39:33,464 [trainer.py] => dataset: cub
2026-06-15 07:39:33,464 [trainer.py] => memory_size: 4000
2026-06-15 07:39:33,464 [trainer.py] => memory_per_class: 20
2026-06-15 07:39:33,464 [trainer.py] => fixed_memory: True
2026-06-15 07:39:33,464 [trainer.py] => shuffle: True
2026-06-15 07:39:33,464 [trainer.py] => init_cls: 40
2026-06-15 07:39:33,465 [trainer.py] => increment: 40
2026-06-15 07:39:33,465 [trainer.py] => model_name: icarl
2026-06-15 07:39:33,465 [trainer.py] => backbone_type: vit_base_patch16_224_in21k
2026-06-15 07:39:33,465 [trainer.py] => device: [device(type='cuda', index=3)]
2026-06-15 07:39:33,465 [trainer.py] => seed: 1994
2026-06-15 07:39:33,466 [trainer.py] => init_epoch: 20
2026-06-15 07:39:33,466 [trainer.py] => init_lr: 0.001
2026-06-15 07:39:33,466 [trainer.py] => init_milestones: [60, 120, 170]
2026-06-15 07:39:33,466 [trainer.py] => init_lr_decay: 0.1
2026-06-15 07:39:33,466 [trainer.py] => init_weight_decay: 0.0005
2026-06-15 07:39:33,466 [trainer.py] => epochs: 20
2026-06-15 07:39:33,467 [trainer.py] => lrate: 0.001
2026-06-15 07:39:33,467 [trainer.py] => milestones: [80, 120]
2026-06-15 07:39:33,467 [trainer.py] => lrate_decay: 0.1
2026-06-15 07:39:33,467 [trainer.py] => batch_size: 48
2026-06-15 07:39:33,467 [trainer.py] => weight_decay: 0.0002
2026-06-15 07:39:33,467 [trainer.py] => T: 2
2026-06-15 07:39:33,468 [trainer.py] => nb_classes: 200
2026-06-15 07:39:33,468 [trainer.py] => nb_tasks: 5
2026-06-15 07:39:34,220 [data_manager.py] => [85, 41, 23, 28, 70, 87, 134, 151, 51, 159, 178, 119, 50, 117, 73, 95, 86, 147, 63, 22, 79, 175, 40, 155, 174, 54, 132, 72, 124, 157, 93, 26, 196, 74, 44, 15, 169, 122, 88, 171, 184, 6, 18, 145, 48, 197, 64, 172, 126, 96, 11, 55, 193, 66, 128, 21, 77, 113, 140, 116, 141, 133, 120, 29, 115, 14, 103, 127, 114, 19, 9, 38, 33, 195, 81, 35, 69, 181, 47, 129, 112, 168, 198, 71, 101, 188, 68, 90, 158, 163, 52, 8, 185, 59, 154, 92, 56, 183, 32, 136, 65, 45, 46, 173, 189, 108, 102, 144, 0, 107, 187, 100, 98, 192, 43, 161, 104, 75, 150, 166, 121, 60, 160, 3, 143, 153, 62, 142, 61, 110, 194, 97, 25, 177, 179, 17, 49, 31, 94, 111, 16, 53, 91, 58, 135, 83, 2, 12, 13, 165, 42, 36, 186, 105, 1, 7, 149, 170, 27, 24, 78, 167, 137, 138, 118, 10, 139, 164, 20, 57, 123, 199, 89, 130, 82, 162, 176, 148, 109, 125, 67, 106, 37, 146, 131, 180, 156, 39, 5, 84, 4, 190, 152, 191, 30, 76, 80, 34, 99, 182]
2026-06-15 07:39:37,457 [trainer.py] => All params: 85798656
2026-06-15 07:39:37,458 [trainer.py] => Trainable params: 85798656
2026-06-15 07:39:37,458 [icarl.py] => Learning on 0-40
2026-06-15 08:09:41,952 [icarl.py] => Task 0, Epoch 20/20 => Loss 0.214, Train_accy 94.03
2026-06-15 08:09:41,953 [base.py] => Constructing exemplars for new classes...(20 per classes)
2026-06-15 08:11:10,549 [icarl.py] => Exemplar size: 800
2026-06-15 08:11:10,549 [trainer.py] => CNN: {'total': 95.1, '00-39': 95.1, 'old': 0, 'new': 95.1}
2026-06-15 08:11:10,549 [trainer.py] => NME: {'total': 95.71, '00-39': 95.71, 'old': 0, 'new': 95.71}
2026-06-15 08:11:10,549 [trainer.py] => CNN top1 curve: [95.1]
2026-06-15 08:11:10,549 [trainer.py] => CNN top5 curve: [99.59]
2026-06-15 08:11:10,549 [trainer.py] => NME top1 curve: [95.71]
2026-06-15 08:11:10,549 [trainer.py] => NME top5 curve: [99.39]
2026-06-15 08:11:10,550 [trainer.py] => Average Accuracy (CNN): 95.1
2026-06-15 08:11:10,550 [trainer.py] => Average Accuracy (NME): 95.71
2026-06-15 08:11:10,550 [trainer.py] => All params: 85829416
2026-06-15 08:11:10,551 [trainer.py] => Trainable params: 85829416
2026-06-15 08:11:10,553 [icarl.py] => Learning on 40-80
2026-06-15 09:08:45,434 [icarl.py] => Task 1, Epoch 20/20 => Loss 1.716, Train_accy 93.08
2026-06-15 09:08:45,436 [base.py] => Constructing exemplars for new classes...(20 per classes)
2026-06-15 09:10:54,402 [icarl.py] => Exemplar size: 1600
2026-06-15 09:10:54,403 [trainer.py] => CNN: {'total': 88.9, '00-39': 87.14, '40-79': 90.83, 'old': 87.14, 'new': 90.83}
2026-06-15 09:10:54,403 [trainer.py] => NME: {'total': 90.5, '00-39': 91.43, '40-79': 89.49, 'old': 91.43, 'new': 89.49}
2026-06-15 09:10:54,403 [trainer.py] => CNN top1 curve: [95.1, 88.9]
2026-06-15 09:10:54,403 [trainer.py] => CNN top5 curve: [99.59, 98.19]
2026-06-15 09:10:54,403 [trainer.py] => NME top1 curve: [95.71, 90.5]
2026-06-15 09:10:54,403 [trainer.py] => NME top5 curve: [99.39, 99.04]
2026-06-15 09:10:54,403 [trainer.py] => Average Accuracy (CNN): 92.0
2026-06-15 09:10:54,403 [trainer.py] => Average Accuracy (NME): 93.1
2026-06-15 09:10:54,404 [trainer.py] => All params: 85860176
2026-06-15 09:10:54,404 [trainer.py] => Trainable params: 85860176
2026-06-15 09:10:54,416 [icarl.py] => Learning on 80-120
2026-06-15 10:24:44,907 [icarl.py] => Task 2, Epoch 20/20 => Loss 1.737, Train_accy 93.61
2026-06-15 10:24:44,929 [base.py] => Constructing exemplars for new classes...(20 per classes)
2026-06-15 10:27:55,826 [icarl.py] => Exemplar size: 2400
2026-06-15 10:27:55,847 [trainer.py] => CNN: {'total': 86.67, '00-39': 83.67, '40-79': 83.45, '80-119': 93.13, 'old': 83.56, 'new': 93.13}
2026-06-15 10:27:55,847 [trainer.py] => NME: {'total': 88.4, '00-39': 89.18, '40-79': 84.12, '80-119': 91.8, 'old': 86.77, 'new': 91.8}
2026-06-15 10:27:55,847 [trainer.py] => CNN top1 curve: [95.1, 88.9, 86.67]
2026-06-15 10:27:55,847 [trainer.py] => CNN top5 curve: [99.59, 98.19, 97.62]
2026-06-15 10:27:55,847 [trainer.py] => NME top1 curve: [95.71, 90.5, 88.4]
2026-06-15 10:27:55,847 [trainer.py] => NME top5 curve: [99.39, 99.04, 98.2]
2026-06-15 10:27:55,847 [trainer.py] => Average Accuracy (CNN): 90.22
2026-06-15 10:27:55,847 [trainer.py] => Average Accuracy (NME): 91.54
2026-06-15 10:27:55,848 [trainer.py] => All params: 85890936
2026-06-15 10:27:55,848 [trainer.py] => Trainable params: 85890936
2026-06-15 10:27:55,852 [icarl.py] => Learning on 120-160
2026-06-15 11:48:35,169 [icarl.py] => Task 3, Epoch 20/20 => Loss 1.773, Train_accy 93.82
2026-06-15 11:48:35,188 [base.py] => Constructing exemplars for new classes...(20 per classes)
2026-06-15 11:51:34,903 [icarl.py] => Exemplar size: 3200
2026-06-15 11:51:34,903 [trainer.py] => CNN: {'total': 82.86, '00-39': 77.76, '40-79': 79.87, '80-119': 85.59, '120-159': 88.13, 'old': 80.98, 'new': 88.13}
2026-06-15 11:51:34,903 [trainer.py] => NME: {'total': 84.99, '00-39': 85.51, '40-79': 82.77, '80-119': 89.36, '120-159': 82.49, 'old': 85.88, 'new': 82.49}
2026-06-15 11:51:34,904 [trainer.py] => CNN top1 curve: [95.1, 88.9, 86.67, 82.86]
2026-06-15 11:51:34,904 [trainer.py] => CNN top5 curve: [99.59, 98.19, 97.62, 96.71]
2026-06-15 11:51:34,904 [trainer.py] => NME top1 curve: [95.71, 90.5, 88.4, 84.99]
2026-06-15 11:51:34,904 [trainer.py] => NME top5 curve: [99.39, 99.04, 98.2, 97.35]
2026-06-15 11:51:34,904 [trainer.py] => Average Accuracy (CNN): 88.38
2026-06-15 11:51:34,904 [trainer.py] => Average Accuracy (NME): 89.9
2026-06-15 11:51:34,904 [trainer.py] => All params: 85921696
2026-06-15 11:51:34,905 [trainer.py] => Trainable params: 85921696
2026-06-15 11:51:34,907 [icarl.py] => Learning on 160-200
2026-06-15 13:21:42,457 [icarl.py] => Task 4, Epoch 20/20 => Loss 1.906, Train_accy 94.29
2026-06-15 13:21:42,480 [base.py] => Constructing exemplars for new classes...(20 per classes)
2026-06-15 13:25:28,665 [icarl.py] => Exemplar size: 4000
2026-06-15 13:25:28,665 [trainer.py] => CNN: {'total': 82.27, '00-39': 77.76, '40-79': 74.5, '80-119': 80.49, '120-159': 85.92, '160-199': 92.18, 'old': 79.79, 'new': 92.18}
2026-06-15 13:25:28,665 [trainer.py] => NME: {'total': 84.99, '00-39': 84.49, '40-79': 80.98, '80-119': 88.03, '120-159': 82.9, '160-199': 88.58, 'old': 84.08, 'new': 88.58}
2026-06-15 13:25:28,665 [trainer.py] => CNN top1 curve: [95.1, 88.9, 86.67, 82.86, 82.27]
2026-06-15 13:25:28,665 [trainer.py] => CNN top5 curve: [99.59, 98.19, 97.62, 96.71, 96.31]
2026-06-15 13:25:28,665 [trainer.py] => NME top1 curve: [95.71, 90.5, 88.4, 84.99, 84.99]
2026-06-15 13:25:28,665 [trainer.py] => NME top5 curve: [99.39, 99.04, 98.2, 97.35, 97.33]
2026-06-15 13:25:28,666 [trainer.py] => Average Accuracy (CNN): 87.16
2026-06-15 13:25:28,666 [trainer.py] => Average Accuracy (NME): 88.92
