2026-06-30 05:12:28,050 [trainer.py] => config: ./configs/icarl/icarl_omn_B150_Inc10.json
2026-06-30 05:12:28,050 [trainer.py] => prefix: reproduce
2026-06-30 05:12:28,050 [trainer.py] => dataset: omnibenchmark
2026-06-30 05:12:28,050 [trainer.py] => memory_size: 6000
2026-06-30 05:12:28,050 [trainer.py] => memory_per_class: 20
2026-06-30 05:12:28,051 [trainer.py] => fixed_memory: True
2026-06-30 05:12:28,051 [trainer.py] => shuffle: True
2026-06-30 05:12:28,051 [trainer.py] => init_cls: 150
2026-06-30 05:12:28,051 [trainer.py] => increment: 10
2026-06-30 05:12:28,051 [trainer.py] => model_name: icarl
2026-06-30 05:12:28,051 [trainer.py] => backbone_type: vit_base_patch16_224_in21k
2026-06-30 05:12:28,051 [trainer.py] => device: [device(type='cuda', index=2)]
2026-06-30 05:12:28,051 [trainer.py] => seed: 1993
2026-06-30 05:12:28,051 [trainer.py] => init_epoch: 20
2026-06-30 05:12:28,051 [trainer.py] => init_lr: 0.001
2026-06-30 05:12:28,051 [trainer.py] => init_milestones: [60, 120, 170]
2026-06-30 05:12:28,051 [trainer.py] => init_lr_decay: 0.1
2026-06-30 05:12:28,051 [trainer.py] => init_weight_decay: 0.0005
2026-06-30 05:12:28,051 [trainer.py] => epochs: 20
2026-06-30 05:12:28,051 [trainer.py] => lrate: 0.001
2026-06-30 05:12:28,051 [trainer.py] => milestones: [80, 120]
2026-06-30 05:12:28,051 [trainer.py] => lrate_decay: 0.1
2026-06-30 05:12:28,051 [trainer.py] => batch_size: 48
2026-06-30 05:12:28,051 [trainer.py] => weight_decay: 0.0002
2026-06-30 05:12:28,051 [trainer.py] => T: 2
2026-06-30 05:12:28,051 [trainer.py] => nb_classes: 300
2026-06-30 05:12:28,051 [trainer.py] => nb_tasks: 16
2026-06-30 05:12:29,536 [data_manager.py] => [169, 221, 146, 296, 92, 229, 49, 70, 126, 77, 243, 57, 120, 223, 27, 217, 154, 8, 101, 182, 54, 50, 97, 162, 28, 193, 79, 6, 151, 0, 173, 187, 44, 277, 157, 16, 257, 122, 35, 9, 171, 176, 134, 4, 87, 255, 112, 153, 246, 286, 147, 186, 107, 98, 10, 7, 266, 214, 36, 165, 139, 254, 103, 269, 59, 23, 298, 39, 73, 208, 135, 299, 102, 20, 12, 268, 11, 209, 161, 210, 74, 42, 56, 99, 235, 133, 159, 189, 145, 238, 215, 241, 138, 195, 233, 279, 88, 199, 64, 280, 26, 203, 17, 245, 174, 236, 137, 252, 80, 68, 181, 150, 118, 94, 75, 2, 109, 119, 232, 15, 69, 184, 201, 261, 55, 287, 273, 66, 175, 32, 142, 136, 116, 76, 179, 1, 91, 248, 275, 240, 290, 170, 132, 106, 265, 270, 85, 19, 284, 43, 259, 293, 228, 200, 104, 227, 51, 224, 163, 297, 216, 260, 93, 46, 100, 272, 105, 72, 131, 3, 156, 256, 249, 48, 113, 82, 172, 213, 62, 53, 271, 168, 253, 226, 183, 180, 276, 283, 78, 61, 143, 278, 30, 141, 196, 264, 231, 52, 222, 40, 125, 219, 65, 166, 192, 289, 45, 205, 89, 267, 90, 71, 167, 262, 281, 212, 96, 84, 127, 67, 294, 178, 288, 197, 21, 18, 111, 108, 58, 230, 188, 31, 110, 291, 129, 24, 204, 83, 81, 251, 60, 13, 128, 14, 86, 63, 117, 198, 274, 5, 22, 144, 258, 121, 38, 207, 148, 292, 41, 234, 237, 114, 202, 37, 149, 206, 155, 29, 130, 177, 194, 152, 34, 33, 239, 160, 140, 47, 244, 25, 282, 158, 211, 123, 190, 218, 164, 247, 263, 191, 220, 115, 242, 250, 124, 295, 95, 285, 225, 185]
2026-06-30 05:12:33,059 [trainer.py] => All params: 85798656
2026-06-30 05:12:33,060 [trainer.py] => Trainable params: 85798656
2026-06-30 05:12:33,061 [icarl.py] => Learning on 0-150
2026-06-30 07:08:32,095 [icarl.py] => Task 0, Epoch 20/20 => Loss 0.357, Train_accy 89.50
2026-06-30 07:08:32,113 [base.py] => Constructing exemplars for new classes...(20 per classes)
2026-06-30 07:16:27,382 [icarl.py] => Exemplar size: 3000
2026-06-30 07:16:27,421 [trainer.py] => CNN: {'total': 84.84, '00-149': 84.84, 'old': 0, 'new': 84.84}
2026-06-30 07:16:27,421 [trainer.py] => NME: {'total': 85.4, '00-149': 85.4, 'old': 0, 'new': 85.4}
2026-06-30 07:16:27,421 [trainer.py] => CNN top1 curve: [84.84]
2026-06-30 07:16:27,421 [trainer.py] => CNN top5 curve: [96.89]
2026-06-30 07:16:27,421 [trainer.py] => NME top1 curve: [85.4]
2026-06-30 07:16:27,421 [trainer.py] => NME top5 curve: [96.96]
2026-06-30 07:16:27,421 [trainer.py] => Average Accuracy (CNN): 84.84
2026-06-30 07:16:27,421 [trainer.py] => Average Accuracy (NME): 85.4
2026-06-30 07:16:27,422 [trainer.py] => All params: 85914006
2026-06-30 07:16:27,423 [trainer.py] => Trainable params: 85914006
2026-06-30 07:16:27,424 [icarl.py] => Learning on 150-160
2026-06-30 07:37:36,010 [icarl.py] => Task 1, Epoch 20/20 => Loss 2.188, Train_accy 96.12
2026-06-30 07:37:36,019 [base.py] => Constructing exemplars for new classes...(20 per classes)
2026-06-30 07:39:37,433 [icarl.py] => Exemplar size: 3200
2026-06-30 07:39:37,434 [trainer.py] => CNN: {'total': 83.28, '00-149': 82.73, '150-159': 91.46, 'old': 82.73, 'new': 91.46}
2026-06-30 07:39:37,434 [trainer.py] => NME: {'total': 84.69, '00-149': 84.7, '150-159': 84.42, 'old': 84.7, 'new': 84.42}
2026-06-30 07:39:37,434 [trainer.py] => CNN top1 curve: [84.84, 83.28]
2026-06-30 07:39:37,434 [trainer.py] => CNN top5 curve: [96.89, 96.37]
2026-06-30 07:39:37,434 [trainer.py] => NME top1 curve: [85.4, 84.69]
2026-06-30 07:39:37,434 [trainer.py] => NME top5 curve: [96.96, 96.81]
2026-06-30 07:39:37,434 [trainer.py] => Average Accuracy (CNN): 84.06
2026-06-30 07:39:37,434 [trainer.py] => Average Accuracy (NME): 85.04
2026-06-30 07:39:37,435 [trainer.py] => All params: 85921696
2026-06-30 07:39:37,435 [trainer.py] => Trainable params: 85921696
2026-06-30 07:39:37,437 [icarl.py] => Learning on 160-170
2026-06-30 08:01:15,339 [icarl.py] => Task 2, Epoch 20/20 => Loss 1.953, Train_accy 96.08
2026-06-30 08:01:15,362 [base.py] => Constructing exemplars for new classes...(20 per classes)
2026-06-30 08:03:10,472 [icarl.py] => Exemplar size: 3400
2026-06-30 08:03:10,492 [trainer.py] => CNN: {'total': 80.34, '00-149': 78.69, '150-159': 87.94, '160-169': 97.49, 'old': 79.27, 'new': 97.49}
2026-06-30 08:03:10,492 [trainer.py] => NME: {'total': 82.25, '00-149': 81.93, '150-159': 82.91, '160-169': 86.43, 'old': 81.99, 'new': 86.43}
2026-06-30 08:03:10,492 [trainer.py] => CNN top1 curve: [84.84, 83.28, 80.34]
2026-06-30 08:03:10,493 [trainer.py] => CNN top5 curve: [96.89, 96.37, 95.11]
2026-06-30 08:03:10,493 [trainer.py] => NME top1 curve: [85.4, 84.69, 82.25]
2026-06-30 08:03:10,493 [trainer.py] => NME top5 curve: [96.96, 96.81, 96.31]
2026-06-30 08:03:10,493 [trainer.py] => Average Accuracy (CNN): 82.82
2026-06-30 08:03:10,493 [trainer.py] => Average Accuracy (NME): 84.11
2026-06-30 08:03:10,493 [trainer.py] => All params: 85929386
2026-06-30 08:03:10,494 [trainer.py] => Trainable params: 85929386
2026-06-30 08:03:10,496 [icarl.py] => Learning on 170-180
2026-06-30 08:24:54,356 [icarl.py] => Task 3, Epoch 20/20 => Loss 1.812, Train_accy 96.60
2026-06-30 08:24:54,378 [base.py] => Constructing exemplars for new classes...(20 per classes)
2026-06-30 08:26:54,420 [icarl.py] => Exemplar size: 3600
2026-06-30 08:26:54,421 [trainer.py] => CNN: {'total': 77.84, '00-149': 75.45, '150-159': 82.91, '160-169': 88.94, '170-179': 97.5, 'old': 76.68, 'new': 97.5}
2026-06-30 08:26:54,421 [trainer.py] => NME: {'total': 81.1, '00-149': 80.53, '150-159': 81.91, '160-169': 86.93, '170-179': 83.0, 'old': 80.98, 'new': 83.0}
2026-06-30 08:26:54,421 [trainer.py] => CNN top1 curve: [84.84, 83.28, 80.34, 77.84]
2026-06-30 08:26:54,421 [trainer.py] => CNN top5 curve: [96.89, 96.37, 95.11, 94.38]
2026-06-30 08:26:54,421 [trainer.py] => NME top1 curve: [85.4, 84.69, 82.25, 81.1]
2026-06-30 08:26:54,421 [trainer.py] => NME top5 curve: [96.96, 96.81, 96.31, 96.19]
2026-06-30 08:26:54,421 [trainer.py] => Average Accuracy (CNN): 81.58
2026-06-30 08:26:54,421 [trainer.py] => Average Accuracy (NME): 83.36
2026-06-30 08:26:54,422 [trainer.py] => All params: 85937076
2026-06-30 08:26:54,422 [trainer.py] => Trainable params: 85937076
2026-06-30 08:26:54,424 [icarl.py] => Learning on 180-190
2026-06-30 08:49:54,357 [icarl.py] => Task 4, Epoch 20/20 => Loss 1.951, Train_accy 96.49
2026-06-30 08:49:54,370 [base.py] => Constructing exemplars for new classes...(20 per classes)
2026-06-30 08:52:05,280 [icarl.py] => Exemplar size: 3800
2026-06-30 08:52:05,280 [trainer.py] => CNN: {'total': 75.99, '00-149': 73.05, '150-159': 73.37, '160-169': 87.94, '170-179': 90.0, '180-189': 96.97, 'old': 74.83, 'new': 96.97}
2026-06-30 08:52:05,280 [trainer.py] => NME: {'total': 79.92, '00-149': 79.39, '150-159': 76.88, '160-169': 87.44, '170-179': 81.0, '180-189': 82.32, 'old': 79.79, 'new': 82.32}
2026-06-30 08:52:05,280 [trainer.py] => CNN top1 curve: [84.84, 83.28, 80.34, 77.84, 75.99]
2026-06-30 08:52:05,280 [trainer.py] => CNN top5 curve: [96.89, 96.37, 95.11, 94.38, 93.03]
2026-06-30 08:52:05,280 [trainer.py] => NME top1 curve: [85.4, 84.69, 82.25, 81.1, 79.92]
2026-06-30 08:52:05,280 [trainer.py] => NME top5 curve: [96.96, 96.81, 96.31, 96.19, 95.54]
2026-06-30 08:52:05,280 [trainer.py] => Average Accuracy (CNN): 80.46
2026-06-30 08:52:05,280 [trainer.py] => Average Accuracy (NME): 82.67
2026-06-30 08:52:05,281 [trainer.py] => All params: 85944766
2026-06-30 08:52:05,281 [trainer.py] => Trainable params: 85944766
2026-06-30 08:52:05,283 [icarl.py] => Learning on 190-200
2026-06-30 09:15:27,347 [icarl.py] => Task 5, Epoch 20/20 => Loss 1.960, Train_accy 97.08
2026-06-30 09:15:27,362 [base.py] => Constructing exemplars for new classes...(20 per classes)
2026-06-30 09:17:49,367 [icarl.py] => Exemplar size: 4000
2026-06-30 09:17:49,367 [trainer.py] => CNN: {'total': 75.06, '00-149': 71.88, '150-159': 69.85, '160-169': 80.4, '170-179': 88.0, '180-189': 89.39, '190-199': 95.5, 'old': 73.98, 'new': 95.5}
2026-06-30 09:17:49,367 [trainer.py] => NME: {'total': 79.22, '00-149': 78.29, '150-159': 77.39, '160-169': 83.92, '170-179': 81.0, '180-189': 78.79, '190-199': 89.0, 'old': 78.71, 'new': 89.0}
2026-06-30 09:17:49,368 [trainer.py] => CNN top1 curve: [84.84, 83.28, 80.34, 77.84, 75.99, 75.06]
2026-06-30 09:17:49,368 [trainer.py] => CNN top5 curve: [96.89, 96.37, 95.11, 94.38, 93.03, 92.16]
2026-06-30 09:17:49,368 [trainer.py] => NME top1 curve: [85.4, 84.69, 82.25, 81.1, 79.92, 79.22]
2026-06-30 09:17:49,368 [trainer.py] => NME top5 curve: [96.96, 96.81, 96.31, 96.19, 95.54, 95.44]
2026-06-30 09:17:49,368 [trainer.py] => Average Accuracy (CNN): 79.56
2026-06-30 09:17:49,368 [trainer.py] => Average Accuracy (NME): 82.1
2026-06-30 09:17:49,368 [trainer.py] => All params: 85952456
2026-06-30 09:17:49,369 [trainer.py] => Trainable params: 85952456
2026-06-30 09:17:49,371 [icarl.py] => Learning on 200-210
2026-06-30 09:42:23,707 [icarl.py] => Task 6, Epoch 20/20 => Loss 1.843, Train_accy 97.09
2026-06-30 09:42:23,726 [base.py] => Constructing exemplars for new classes...(20 per classes)
2026-06-30 09:44:40,259 [icarl.py] => Exemplar size: 4200
2026-06-30 09:44:40,260 [trainer.py] => CNN: {'total': 72.93, '00-149': 69.1, '150-159': 70.35, '160-169': 75.38, '170-179': 82.5, '180-189': 88.38, '190-199': 84.5, '200-209': 93.97, 'old': 71.88, 'new': 93.97}
2026-06-30 09:44:40,260 [trainer.py] => NME: {'total': 78.66, '00-149': 77.52, '150-159': 77.39, '160-169': 82.91, '170-179': 79.5, '180-189': 79.29, '190-199': 86.0, '200-209': 83.92, 'old': 78.4, 'new': 83.92}
2026-06-30 09:44:40,260 [trainer.py] => CNN top1 curve: [84.84, 83.28, 80.34, 77.84, 75.99, 75.06, 72.93]
2026-06-30 09:44:40,260 [trainer.py] => CNN top5 curve: [96.89, 96.37, 95.11, 94.38, 93.03, 92.16, 91.29]
2026-06-30 09:44:40,260 [trainer.py] => NME top1 curve: [85.4, 84.69, 82.25, 81.1, 79.92, 79.22, 78.66]
2026-06-30 09:44:40,260 [trainer.py] => NME top5 curve: [96.96, 96.81, 96.31, 96.19, 95.54, 95.44, 94.82]
2026-06-30 09:44:40,260 [trainer.py] => Average Accuracy (CNN): 78.61
2026-06-30 09:44:40,260 [trainer.py] => Average Accuracy (NME): 81.61
2026-06-30 09:44:40,261 [trainer.py] => All params: 85960146
2026-06-30 09:44:40,261 [trainer.py] => Trainable params: 85960146
2026-06-30 09:44:40,263 [icarl.py] => Learning on 210-220
2026-06-30 10:10:04,874 [icarl.py] => Task 7, Epoch 20/20 => Loss 1.773, Train_accy 96.06
2026-06-30 10:10:04,893 [base.py] => Constructing exemplars for new classes...(20 per classes)
2026-06-30 10:12:14,072 [icarl.py] => Exemplar size: 4400
2026-06-30 10:12:14,072 [trainer.py] => CNN: {'total': 70.49, '00-149': 66.8, '150-159': 70.35, '160-169': 67.84, '170-179': 72.5, '180-189': 83.33, '190-199': 82.5, '200-209': 84.92, '210-219': 87.5, 'old': 69.68, 'new': 87.5}
2026-06-30 10:12:14,072 [trainer.py] => NME: {'total': 77.24, '00-149': 76.65, '150-159': 77.39, '160-169': 80.4, '170-179': 75.5, '180-189': 79.29, '190-199': 83.0, '200-209': 78.39, '210-219': 75.5, 'old': 77.32, 'new': 75.5}
2026-06-30 10:12:14,072 [trainer.py] => CNN top1 curve: [84.84, 83.28, 80.34, 77.84, 75.99, 75.06, 72.93, 70.49]
2026-06-30 10:12:14,072 [trainer.py] => CNN top5 curve: [96.89, 96.37, 95.11, 94.38, 93.03, 92.16, 91.29, 89.82]
2026-06-30 10:12:14,072 [trainer.py] => NME top1 curve: [85.4, 84.69, 82.25, 81.1, 79.92, 79.22, 78.66, 77.24]
2026-06-30 10:12:14,072 [trainer.py] => NME top5 curve: [96.96, 96.81, 96.31, 96.19, 95.54, 95.44, 94.82, 93.73]
2026-06-30 10:12:14,072 [trainer.py] => Average Accuracy (CNN): 77.6
2026-06-30 10:12:14,072 [trainer.py] => Average Accuracy (NME): 81.06
2026-06-30 10:12:14,073 [trainer.py] => All params: 85967836
2026-06-30 10:12:14,073 [trainer.py] => Trainable params: 85967836
2026-06-30 10:12:14,075 [icarl.py] => Learning on 220-230
2026-06-30 10:38:09,081 [icarl.py] => Task 8, Epoch 20/20 => Loss 1.906, Train_accy 97.26
2026-06-30 10:38:09,097 [base.py] => Constructing exemplars for new classes...(20 per classes)
2026-06-30 10:40:23,577 [icarl.py] => Exemplar size: 4600
2026-06-30 10:40:23,577 [trainer.py] => CNN: {'total': 69.49, '00-149': 64.83, '150-159': 64.82, '160-169': 68.84, '170-179': 70.0, '180-189': 77.27, '190-199': 81.0, '200-209': 77.39, '210-219': 87.5, '220-229': 98.99, 'old': 68.15, 'new': 98.99}
2026-06-30 10:40:23,578 [trainer.py] => NME: {'total': 76.35, '00-149': 75.02, '150-159': 75.88, '160-169': 82.41, '170-179': 72.5, '180-189': 78.28, '190-199': 82.0, '200-209': 76.38, '210-219': 73.5, '220-229': 89.95, 'old': 75.73, 'new': 89.95}
2026-06-30 10:40:23,578 [trainer.py] => CNN top1 curve: [84.84, 83.28, 80.34, 77.84, 75.99, 75.06, 72.93, 70.49, 69.49]
2026-06-30 10:40:23,578 [trainer.py] => CNN top5 curve: [96.89, 96.37, 95.11, 94.38, 93.03, 92.16, 91.29, 89.82, 88.93]
2026-06-30 10:40:23,578 [trainer.py] => NME top1 curve: [85.4, 84.69, 82.25, 81.1, 79.92, 79.22, 78.66, 77.24, 76.35]
2026-06-30 10:40:23,578 [trainer.py] => NME top5 curve: [96.96, 96.81, 96.31, 96.19, 95.54, 95.44, 94.82, 93.73, 93.74]
2026-06-30 10:40:23,578 [trainer.py] => Average Accuracy (CNN): 76.7
2026-06-30 10:40:23,578 [trainer.py] => Average Accuracy (NME): 80.54
2026-06-30 10:40:23,578 [trainer.py] => All params: 85975526
2026-06-30 10:40:23,579 [trainer.py] => Trainable params: 85975526
2026-06-30 10:40:23,581 [icarl.py] => Learning on 230-240
2026-06-30 11:07:13,232 [icarl.py] => Task 9, Epoch 20/20 => Loss 2.073, Train_accy 97.52
2026-06-30 11:07:13,248 [base.py] => Constructing exemplars for new classes...(20 per classes)
2026-06-30 11:09:34,610 [icarl.py] => Exemplar size: 4800
2026-06-30 11:09:34,611 [trainer.py] => CNN: {'total': 68.07, '00-149': 62.46, '150-159': 62.31, '160-169': 63.32, '170-179': 64.0, '180-189': 76.26, '190-199': 82.5, '200-209': 75.38, '210-219': 80.0, '220-229': 94.97, '230-239': 98.0, 'old': 66.76, 'new': 98.0}
2026-06-30 11:09:34,611 [trainer.py] => NME: {'total': 75.73, '00-149': 73.85, '150-159': 74.37, '160-169': 79.9, '170-179': 71.0, '180-189': 75.76, '190-199': 82.0, '200-209': 73.87, '210-219': 73.5, '220-229': 89.95, '230-239': 89.5, 'old': 75.13, 'new': 89.5}
2026-06-30 11:09:34,611 [trainer.py] => CNN top1 curve: [84.84, 83.28, 80.34, 77.84, 75.99, 75.06, 72.93, 70.49, 69.49, 68.07]
2026-06-30 11:09:34,611 [trainer.py] => CNN top5 curve: [96.89, 96.37, 95.11, 94.38, 93.03, 92.16, 91.29, 89.82, 88.93, 88.3]
2026-06-30 11:09:34,611 [trainer.py] => NME top1 curve: [85.4, 84.69, 82.25, 81.1, 79.92, 79.22, 78.66, 77.24, 76.35, 75.73]
2026-06-30 11:09:34,611 [trainer.py] => NME top5 curve: [96.96, 96.81, 96.31, 96.19, 95.54, 95.44, 94.82, 93.73, 93.74, 93.19]
2026-06-30 11:09:34,611 [trainer.py] => Average Accuracy (CNN): 75.83
2026-06-30 11:09:34,611 [trainer.py] => Average Accuracy (NME): 80.06
2026-06-30 11:09:34,612 [trainer.py] => All params: 85983216
2026-06-30 11:09:34,612 [trainer.py] => Trainable params: 85983216
2026-06-30 11:09:34,614 [icarl.py] => Learning on 240-250
2026-06-30 11:37:10,736 [icarl.py] => Task 10, Epoch 20/20 => Loss 2.056, Train_accy 96.46
2026-06-30 11:37:10,760 [base.py] => Constructing exemplars for new classes...(20 per classes)
2026-06-30 11:39:32,644 [icarl.py] => Exemplar size: 5000
2026-06-30 11:39:32,644 [trainer.py] => CNN: {'total': 67.32, '00-149': 60.62, '150-159': 61.31, '160-169': 65.83, '170-179': 64.5, '180-189': 71.21, '190-199': 74.0, '200-209': 73.87, '210-219': 78.5, '220-229': 95.48, '230-239': 93.0, '240-249': 96.0, 'old': 66.12, 'new': 96.0}
2026-06-30 11:39:32,644 [trainer.py] => NME: {'total': 75.2, '00-149': 72.81, '150-159': 71.86, '160-169': 79.9, '170-179': 71.0, '180-189': 74.24, '190-199': 81.0, '200-209': 75.38, '210-219': 72.0, '220-229': 88.94, '230-239': 88.5, '240-249': 85.0, 'old': 74.79, 'new': 85.0}
2026-06-30 11:39:32,644 [trainer.py] => CNN top1 curve: [84.84, 83.28, 80.34, 77.84, 75.99, 75.06, 72.93, 70.49, 69.49, 68.07, 67.32]
2026-06-30 11:39:32,644 [trainer.py] => CNN top5 curve: [96.89, 96.37, 95.11, 94.38, 93.03, 92.16, 91.29, 89.82, 88.93, 88.3, 87.73]
2026-06-30 11:39:32,644 [trainer.py] => NME top1 curve: [85.4, 84.69, 82.25, 81.1, 79.92, 79.22, 78.66, 77.24, 76.35, 75.73, 75.2]
2026-06-30 11:39:32,644 [trainer.py] => NME top5 curve: [96.96, 96.81, 96.31, 96.19, 95.54, 95.44, 94.82, 93.73, 93.74, 93.19, 93.14]
2026-06-30 11:39:32,645 [trainer.py] => Average Accuracy (CNN): 75.06
2026-06-30 11:39:32,645 [trainer.py] => Average Accuracy (NME): 79.61
2026-06-30 11:39:32,645 [trainer.py] => All params: 85990906
2026-06-30 11:39:32,646 [trainer.py] => Trainable params: 85990906
2026-06-30 11:39:32,648 [icarl.py] => Learning on 250-260
2026-06-30 12:07:14,528 [icarl.py] => Task 11, Epoch 20/20 => Loss 1.861, Train_accy 97.45
2026-06-30 12:07:14,542 [base.py] => Constructing exemplars for new classes...(20 per classes)
2026-06-30 12:10:10,075 [icarl.py] => Exemplar size: 5200
2026-06-30 12:10:10,076 [trainer.py] => CNN: {'total': 66.26, '00-149': 58.52, '150-159': 56.78, '160-169': 68.34, '170-179': 67.5, '180-189': 70.71, '190-199': 75.5, '200-209': 73.37, '210-219': 77.0, '220-229': 86.93, '230-239': 87.0, '240-249': 89.0, '250-259': 92.96, 'old': 65.2, 'new': 92.96}
2026-06-30 12:10:10,076 [trainer.py] => NME: {'total': 73.78, '00-149': 70.81, '150-159': 71.36, '160-169': 78.89, '170-179': 70.0, '180-189': 73.74, '190-199': 78.5, '200-209': 72.86, '210-219': 71.5, '220-229': 87.44, '230-239': 86.5, '240-249': 82.0, '250-259': 83.42, 'old': 73.4, 'new': 83.42}
2026-06-30 12:10:10,076 [trainer.py] => CNN top1 curve: [84.84, 83.28, 80.34, 77.84, 75.99, 75.06, 72.93, 70.49, 69.49, 68.07, 67.32, 66.26]
2026-06-30 12:10:10,076 [trainer.py] => CNN top5 curve: [96.89, 96.37, 95.11, 94.38, 93.03, 92.16, 91.29, 89.82, 88.93, 88.3, 87.73, 86.97]
2026-06-30 12:10:10,076 [trainer.py] => NME top1 curve: [85.4, 84.69, 82.25, 81.1, 79.92, 79.22, 78.66, 77.24, 76.35, 75.73, 75.2, 73.78]
2026-06-30 12:10:10,076 [trainer.py] => NME top5 curve: [96.96, 96.81, 96.31, 96.19, 95.54, 95.44, 94.82, 93.73, 93.74, 93.19, 93.14, 92.13]
2026-06-30 12:10:10,076 [trainer.py] => Average Accuracy (CNN): 74.33
2026-06-30 12:10:10,076 [trainer.py] => Average Accuracy (NME): 79.13
2026-06-30 12:10:10,077 [trainer.py] => All params: 85998596
2026-06-30 12:10:10,077 [trainer.py] => Trainable params: 85998596
2026-06-30 12:10:10,079 [icarl.py] => Learning on 260-270
2026-06-30 12:39:06,375 [icarl.py] => Task 12, Epoch 20/20 => Loss 2.004, Train_accy 97.72
2026-06-30 12:39:06,393 [base.py] => Constructing exemplars for new classes...(20 per classes)
2026-06-30 12:41:51,997 [icarl.py] => Exemplar size: 5400
2026-06-30 12:41:52,032 [trainer.py] => CNN: {'total': 66.31, '00-149': 59.22, '150-159': 49.75, '160-169': 65.83, '170-179': 66.5, '180-189': 75.25, '190-199': 73.0, '200-209': 60.8, '210-219': 72.0, '220-229': 84.92, '230-239': 83.5, '240-249': 82.0, '250-259': 90.95, '260-269': 97.5, 'old': 65.11, 'new': 97.5}
2026-06-30 12:41:52,032 [trainer.py] => NME: {'total': 72.92, '00-149': 69.84, '150-159': 65.33, '160-169': 77.89, '170-179': 70.5, '180-189': 73.74, '190-199': 79.0, '200-209': 68.34, '210-219': 67.5, '220-229': 86.93, '230-239': 85.0, '240-249': 79.5, '250-259': 81.91, '260-269': 85.5, 'old': 72.43, 'new': 85.5}
2026-06-30 12:41:52,032 [trainer.py] => CNN top1 curve: [84.84, 83.28, 80.34, 77.84, 75.99, 75.06, 72.93, 70.49, 69.49, 68.07, 67.32, 66.26, 66.31]
2026-06-30 12:41:52,032 [trainer.py] => CNN top5 curve: [96.89, 96.37, 95.11, 94.38, 93.03, 92.16, 91.29, 89.82, 88.93, 88.3, 87.73, 86.97, 87.23]
2026-06-30 12:41:52,032 [trainer.py] => NME top1 curve: [85.4, 84.69, 82.25, 81.1, 79.92, 79.22, 78.66, 77.24, 76.35, 75.73, 75.2, 73.78, 72.92]
2026-06-30 12:41:52,032 [trainer.py] => NME top5 curve: [96.96, 96.81, 96.31, 96.19, 95.54, 95.44, 94.82, 93.73, 93.74, 93.19, 93.14, 92.13, 92.04]
2026-06-30 12:41:52,032 [trainer.py] => Average Accuracy (CNN): 73.71
2026-06-30 12:41:52,032 [trainer.py] => Average Accuracy (NME): 78.65
2026-06-30 12:41:52,033 [trainer.py] => All params: 86006286
2026-06-30 12:41:52,033 [trainer.py] => Trainable params: 86006286
2026-06-30 12:41:52,035 [icarl.py] => Learning on 270-280
2026-06-30 13:10:25,905 [icarl.py] => Task 13, Epoch 20/20 => Loss 2.044, Train_accy 97.65
2026-06-30 13:10:25,919 [base.py] => Constructing exemplars for new classes...(20 per classes)
2026-06-30 13:13:37,426 [icarl.py] => Exemplar size: 5600
2026-06-30 13:13:37,461 [trainer.py] => CNN: {'total': 64.55, '00-149': 57.15, '150-159': 50.75, '160-169': 61.81, '170-179': 62.5, '180-189': 66.67, '190-199': 67.0, '200-209': 60.8, '210-219': 68.0, '220-229': 84.92, '230-239': 82.0, '240-249': 69.0, '250-259': 86.43, '260-269': 93.5, '270-279': 96.98, 'old': 63.36, 'new': 96.98}
2026-06-30 13:13:37,461 [trainer.py] => NME: {'total': 72.13, '00-149': 68.97, '150-159': 68.84, '160-169': 74.87, '170-179': 67.5, '180-189': 71.72, '190-199': 73.5, '200-209': 64.82, '210-219': 66.0, '220-229': 84.92, '230-239': 84.5, '240-249': 72.5, '250-259': 81.91, '260-269': 86.5, '270-279': 87.44, 'old': 71.56, 'new': 87.44}
2026-06-30 13:13:37,462 [trainer.py] => CNN top1 curve: [84.84, 83.28, 80.34, 77.84, 75.99, 75.06, 72.93, 70.49, 69.49, 68.07, 67.32, 66.26, 66.31, 64.55]
2026-06-30 13:13:37,462 [trainer.py] => CNN top5 curve: [96.89, 96.37, 95.11, 94.38, 93.03, 92.16, 91.29, 89.82, 88.93, 88.3, 87.73, 86.97, 87.23, 86.79]
2026-06-30 13:13:37,462 [trainer.py] => NME top1 curve: [85.4, 84.69, 82.25, 81.1, 79.92, 79.22, 78.66, 77.24, 76.35, 75.73, 75.2, 73.78, 72.92, 72.13]
2026-06-30 13:13:37,462 [trainer.py] => NME top5 curve: [96.96, 96.81, 96.31, 96.19, 95.54, 95.44, 94.82, 93.73, 93.74, 93.19, 93.14, 92.13, 92.04, 91.41]
2026-06-30 13:13:37,462 [trainer.py] => Average Accuracy (CNN): 73.05
2026-06-30 13:13:37,462 [trainer.py] => Average Accuracy (NME): 78.19
2026-06-30 13:13:37,462 [trainer.py] => All params: 86013976
2026-06-30 13:13:37,463 [trainer.py] => Trainable params: 86013976
2026-06-30 13:13:37,465 [icarl.py] => Learning on 280-290
2026-06-30 13:43:22,752 [icarl.py] => Task 14, Epoch 20/20 => Loss 1.826, Train_accy 98.11
2026-06-30 13:43:22,763 [base.py] => Constructing exemplars for new classes...(20 per classes)
2026-06-30 13:46:13,905 [icarl.py] => Exemplar size: 5800
2026-06-30 13:46:13,920 [trainer.py] => CNN: {'total': 64.98, '00-149': 57.21, '150-159': 53.27, '160-169': 63.32, '170-179': 64.0, '180-189': 69.19, '190-199': 68.5, '200-209': 60.8, '210-219': 54.5, '220-229': 86.43, '230-239': 79.5, '240-249': 68.0, '250-259': 79.4, '260-269': 92.5, '270-279': 91.46, '280-289': 95.5, 'old': 63.89, 'new': 95.5}
2026-06-30 13:46:13,920 [trainer.py] => NME: {'total': 71.97, '00-149': 67.87, '150-159': 68.34, '160-169': 74.87, '170-179': 68.0, '180-189': 73.23, '190-199': 74.5, '200-209': 68.34, '210-219': 59.0, '220-229': 86.43, '230-239': 84.5, '240-249': 70.5, '250-259': 78.89, '260-269': 85.5, '270-279': 88.94, '280-289': 88.0, 'old': 71.39, 'new': 88.0}
2026-06-30 13:46:13,920 [trainer.py] => CNN top1 curve: [84.84, 83.28, 80.34, 77.84, 75.99, 75.06, 72.93, 70.49, 69.49, 68.07, 67.32, 66.26, 66.31, 64.55, 64.98]
2026-06-30 13:46:13,920 [trainer.py] => CNN top5 curve: [96.89, 96.37, 95.11, 94.38, 93.03, 92.16, 91.29, 89.82, 88.93, 88.3, 87.73, 86.97, 87.23, 86.79, 86.48]
2026-06-30 13:46:13,920 [trainer.py] => NME top1 curve: [85.4, 84.69, 82.25, 81.1, 79.92, 79.22, 78.66, 77.24, 76.35, 75.73, 75.2, 73.78, 72.92, 72.13, 71.97]
2026-06-30 13:46:13,920 [trainer.py] => NME top5 curve: [96.96, 96.81, 96.31, 96.19, 95.54, 95.44, 94.82, 93.73, 93.74, 93.19, 93.14, 92.13, 92.04, 91.41, 91.32]
2026-06-30 13:46:13,920 [trainer.py] => Average Accuracy (CNN): 72.52
2026-06-30 13:46:13,920 [trainer.py] => Average Accuracy (NME): 77.77
2026-06-30 13:46:13,921 [trainer.py] => All params: 86021666
2026-06-30 13:46:13,921 [trainer.py] => Trainable params: 86021666
2026-06-30 13:46:13,924 [icarl.py] => Learning on 290-300
2026-06-30 14:16:59,978 [icarl.py] => Task 15, Epoch 20/20 => Loss 1.950, Train_accy 97.69
2026-06-30 14:16:59,996 [base.py] => Constructing exemplars for new classes...(20 per classes)
2026-06-30 14:20:20,194 [icarl.py] => Exemplar size: 6000
2026-06-30 14:20:20,211 [trainer.py] => CNN: {'total': 64.29, '00-149': 56.91, '150-159': 55.28, '160-169': 63.32, '170-179': 62.0, '180-189': 67.17, '190-199': 64.0, '200-209': 56.28, '210-219': 46.5, '220-229': 85.93, '230-239': 76.0, '240-249': 60.5, '250-259': 80.4, '260-269': 85.5, '270-279': 88.94, '280-289': 88.5, '290-299': 94.97, 'old': 63.24, 'new': 94.97}
2026-06-30 14:20:20,211 [trainer.py] => NME: {'total': 71.56, '00-149': 68.24, '150-159': 65.33, '160-169': 77.89, '170-179': 66.0, '180-189': 70.2, '190-199': 74.0, '200-209': 68.84, '210-219': 58.0, '220-229': 85.43, '230-239': 84.5, '240-249': 68.0, '250-259': 78.89, '260-269': 80.0, '270-279': 85.43, '280-289': 81.5, '290-299': 79.4, 'old': 71.29, 'new': 79.4}
2026-06-30 14:20:20,211 [trainer.py] => CNN top1 curve: [84.84, 83.28, 80.34, 77.84, 75.99, 75.06, 72.93, 70.49, 69.49, 68.07, 67.32, 66.26, 66.31, 64.55, 64.98, 64.29]
2026-06-30 14:20:20,211 [trainer.py] => CNN top5 curve: [96.89, 96.37, 95.11, 94.38, 93.03, 92.16, 91.29, 89.82, 88.93, 88.3, 87.73, 86.97, 87.23, 86.79, 86.48, 86.12]
2026-06-30 14:20:20,211 [trainer.py] => NME top1 curve: [85.4, 84.69, 82.25, 81.1, 79.92, 79.22, 78.66, 77.24, 76.35, 75.73, 75.2, 73.78, 72.92, 72.13, 71.97, 71.56]
2026-06-30 14:20:20,211 [trainer.py] => NME top5 curve: [96.96, 96.81, 96.31, 96.19, 95.54, 95.44, 94.82, 93.73, 93.74, 93.19, 93.14, 92.13, 92.04, 91.41, 91.32, 91.16]
2026-06-30 14:20:20,211 [trainer.py] => Average Accuracy (CNN): 72.0
2026-06-30 14:20:20,211 [trainer.py] => Average Accuracy (NME): 77.38
