2026-07-30 01:00:38,811 [trainer.py] => prefix: reproduce
2026-07-30 01:00:38,811 [trainer.py] => dataset: vtab
2026-07-30 01:00:38,811 [trainer.py] => memory_size: 350
2026-07-30 01:00:38,811 [trainer.py] => memory_per_class: 7
2026-07-30 01:00:38,811 [trainer.py] => fixed_memory: True
2026-07-30 01:00:38,811 [trainer.py] => shuffle: True
2026-07-30 01:00:38,811 [trainer.py] => init_cls: 10
2026-07-30 01:00:38,811 [trainer.py] => increment: 10
2026-07-30 01:00:38,811 [trainer.py] => model_name: icarl
2026-07-30 01:00:38,811 [trainer.py] => backbone_type: vit_base_patch16_224_in21k
2026-07-30 01:00:38,811 [trainer.py] => device: [device(type='cuda', index=2)]
2026-07-30 01:00:38,811 [trainer.py] => seed: 42
2026-07-30 01:00:38,811 [trainer.py] => init_epoch: 20
2026-07-30 01:00:38,811 [trainer.py] => init_lr: 0.001
2026-07-30 01:00:38,811 [trainer.py] => init_milestones: [60, 120, 170]
2026-07-30 01:00:38,811 [trainer.py] => init_lr_decay: 0.1
2026-07-30 01:00:38,811 [trainer.py] => init_weight_decay: 0.0005
2026-07-30 01:00:38,811 [trainer.py] => epochs: 20
2026-07-30 01:00:38,811 [trainer.py] => lrate: 0.001
2026-07-30 01:00:38,811 [trainer.py] => milestones: [80, 120]
2026-07-30 01:00:38,811 [trainer.py] => lrate_decay: 0.1
2026-07-30 01:00:38,811 [trainer.py] => batch_size: 48
2026-07-30 01:00:38,811 [trainer.py] => weight_decay: 0.0002
2026-07-30 01:00:38,811 [trainer.py] => T: 2
2026-07-30 01:00:38,811 [trainer.py] => data_path: /home/team/zhaohongwei/Dataset/vtab
2026-07-30 01:00:38,838 [data_manager.py] => [13, 39, 30, 45, 17, 48, 26, 25, 32, 19, 12, 4, 37, 8, 3, 6, 41, 46, 47, 15, 9, 16, 24, 34, 31, 0, 44, 27, 33, 5, 29, 11, 36, 1, 21, 2, 43, 35, 23, 40, 10, 22, 18, 49, 20, 7, 42, 14, 28, 38]
2026-07-30 01:00:40,434 [trainer.py] => All params: 85798656
2026-07-30 01:00:40,435 [trainer.py] => Trainable params: 85798656
2026-07-30 01:00:40,435 [icarl.py] => Learning on 0-10
2026-07-30 01:03:02,590 [icarl.py] => Task 0, Epoch 20/20 => Loss 0.059, Train_accy 98.31
2026-07-30 01:03:02,592 [base.py] => Constructing exemplars for new classes...(7 per classes)
2026-07-30 01:03:29,442 [trainer.py] => Timing Task 0 => Train 149.80s, Epochs 20, Train 7.4898s/epoch, Inference 19.21s, Images 2256, Inference 8.5153ms/image
2026-07-30 01:03:29,458 [icarl.py] => Exemplar size: 70
2026-07-30 01:03:29,458 [trainer.py] => CNN: {'total': 98.36, '00-09': 98.36, 'old': 0, 'new': 98.36}
2026-07-30 01:03:29,458 [trainer.py] => NME: {'total': 97.78, '00-09': 97.78, 'old': 0, 'new': 97.78}
2026-07-30 01:03:29,458 [trainer.py] => CNN top1 curve: [98.36]
2026-07-30 01:03:29,458 [trainer.py] => CNN top5 curve: [99.96]
2026-07-30 01:03:29,458 [trainer.py] => NME top1 curve: [97.78]
2026-07-30 01:03:29,458 [trainer.py] => NME top5 curve: [100.0]
2026-07-30 01:03:29,458 [trainer.py] => Average Accuracy (CNN): 98.36
2026-07-30 01:03:29,458 [trainer.py] => Average Accuracy (NME): 97.78
2026-07-30 01:03:29,459 [trainer.py] => All params: 85806346
2026-07-30 01:03:29,459 [trainer.py] => Trainable params: 85806346
2026-07-30 01:03:29,462 [icarl.py] => Learning on 10-20
2026-07-30 01:06:10,263 [icarl.py] => Task 1, Epoch 20/20 => Loss 0.964, Train_accy 98.84
2026-07-30 01:06:10,264 [base.py] => Constructing exemplars for new classes...(7 per classes)
2026-07-30 01:06:48,273 [trainer.py] => Timing Task 1 => Train 169.44s, Epochs 20, Train 8.4719s/epoch, Inference 29.38s, Images 3550, Inference 8.2749ms/image
2026-07-30 01:06:48,292 [icarl.py] => Exemplar size: 140
2026-07-30 01:06:48,292 [trainer.py] => CNN: {'total': 85.18, '00-09': 77.35, '10-19': 98.84, 'old': 77.35, 'new': 98.84}
2026-07-30 01:06:48,293 [trainer.py] => NME: {'total': 96.03, '00-09': 94.28, '10-19': 99.07, 'old': 94.28, 'new': 99.07}
2026-07-30 01:06:48,293 [trainer.py] => CNN top1 curve: [98.36, 85.18]
2026-07-30 01:06:48,293 [trainer.py] => CNN top5 curve: [99.96, 99.69]
2026-07-30 01:06:48,293 [trainer.py] => NME top1 curve: [97.78, 96.03]
2026-07-30 01:06:48,293 [trainer.py] => NME top5 curve: [100.0, 99.8]
2026-07-30 01:06:48,293 [trainer.py] => Average Accuracy (CNN): 91.77
2026-07-30 01:06:48,293 [trainer.py] => Average Accuracy (NME): 96.9
2026-07-30 01:06:48,293 [trainer.py] => All params: 85814036
2026-07-30 01:06:48,294 [trainer.py] => Trainable params: 85814036
2026-07-30 01:06:48,295 [icarl.py] => Learning on 20-30
2026-07-30 01:11:19,954 [icarl.py] => Task 2, Epoch 20/20 => Loss 1.356, Train_accy 98.21
2026-07-30 01:11:19,955 [base.py] => Constructing exemplars for new classes...(7 per classes)
2026-07-30 01:12:18,679 [trainer.py] => Timing Task 2 => Train 284.02s, Epochs 20, Train 14.2009s/epoch, Inference 46.37s, Images 5709, Inference 8.1219ms/image
2026-07-30 01:12:18,696 [icarl.py] => Exemplar size: 210
2026-07-30 01:12:18,696 [trainer.py] => CNN: {'total': 83.22, '00-09': 62.72, '10-19': 93.2, '20-29': 98.66, 'old': 73.83, 'new': 98.66}
2026-07-30 01:12:18,696 [trainer.py] => NME: {'total': 93.2, '00-09': 89.8, '10-19': 95.44, '20-29': 95.41, 'old': 91.86, 'new': 95.41}
2026-07-30 01:12:18,696 [trainer.py] => CNN top1 curve: [98.36, 85.18, 83.22]
2026-07-30 01:12:18,696 [trainer.py] => CNN top5 curve: [99.96, 99.69, 98.06]
2026-07-30 01:12:18,696 [trainer.py] => NME top1 curve: [97.78, 96.03, 93.2]
2026-07-30 01:12:18,696 [trainer.py] => NME top5 curve: [100.0, 99.8, 99.77]
2026-07-30 01:12:18,697 [trainer.py] => Average Accuracy (CNN): 88.92
2026-07-30 01:12:18,697 [trainer.py] => Average Accuracy (NME): 95.67
2026-07-30 01:12:18,697 [trainer.py] => All params: 85821726
2026-07-30 01:12:18,698 [trainer.py] => Trainable params: 85821726
2026-07-30 01:12:18,699 [icarl.py] => Learning on 30-40
2026-07-30 01:16:49,163 [icarl.py] => Task 3, Epoch 20/20 => Loss 1.151, Train_accy 97.50
2026-07-30 01:16:49,164 [base.py] => Constructing exemplars for new classes...(7 per classes)
2026-07-30 01:18:02,706 [trainer.py] => Timing Task 3 => Train 284.26s, Epochs 20, Train 14.2129s/epoch, Inference 59.75s, Images 7429, Inference 8.0429ms/image
2026-07-30 01:18:02,723 [icarl.py] => Exemplar size: 280
2026-07-30 01:18:02,723 [trainer.py] => CNN: {'total': 82.04, '00-09': 62.63, '10-19': 88.49, '20-29': 86.71, '30-39': 96.8, 'old': 77.6, 'new': 96.8}
2026-07-30 01:18:02,723 [trainer.py] => NME: {'total': 90.9, '00-09': 88.03, '10-19': 93.59, '20-29': 91.25, '30-39': 92.21, 'old': 90.51, 'new': 92.21}
2026-07-30 01:18:02,723 [trainer.py] => CNN top1 curve: [98.36, 85.18, 83.22, 82.04]
2026-07-30 01:18:02,723 [trainer.py] => CNN top5 curve: [99.96, 99.69, 98.06, 97.24]
2026-07-30 01:18:02,723 [trainer.py] => NME top1 curve: [97.78, 96.03, 93.2, 90.9]
2026-07-30 01:18:02,723 [trainer.py] => NME top5 curve: [100.0, 99.8, 99.77, 99.52]
2026-07-30 01:18:02,723 [trainer.py] => Average Accuracy (CNN): 87.2
2026-07-30 01:18:02,723 [trainer.py] => Average Accuracy (NME): 94.48
2026-07-30 01:18:02,724 [trainer.py] => All params: 85829416
2026-07-30 01:18:02,725 [trainer.py] => Trainable params: 85829416
2026-07-30 01:18:02,726 [icarl.py] => Learning on 40-50
2026-07-30 01:23:00,006 [icarl.py] => Task 4, Epoch 20/20 => Loss 1.338, Train_accy 98.89
2026-07-30 01:23:00,007 [base.py] => Constructing exemplars for new classes...(7 per classes)
2026-07-30 01:24:26,183 [trainer.py] => Timing Task 4 => Train 313.40s, Epochs 20, Train 15.6698s/epoch, Inference 70.06s, Images 8619, Inference 8.1287ms/image
2026-07-30 01:24:26,203 [icarl.py] => Exemplar size: 350
2026-07-30 01:24:26,203 [trainer.py] => CNN: {'total': 82.2, '00-09': 65.6, '10-19': 88.02, '20-29': 83.19, '30-39': 90.52, '40-49': 93.53, 'old': 80.39, 'new': 93.53}
2026-07-30 01:24:26,203 [trainer.py] => NME: {'total': 88.75, '00-09': 88.03, '10-19': 92.97, '20-29': 87.49, '30-39': 88.9, '40-49': 87.56, 'old': 88.94, 'new': 87.56}
2026-07-30 01:24:26,203 [trainer.py] => CNN top1 curve: [98.36, 85.18, 83.22, 82.04, 82.2]
2026-07-30 01:24:26,203 [trainer.py] => CNN top5 curve: [99.96, 99.69, 98.06, 97.24, 97.02]
2026-07-30 01:24:26,203 [trainer.py] => NME top1 curve: [97.78, 96.03, 93.2, 90.9, 88.75]
2026-07-30 01:24:26,203 [trainer.py] => NME top5 curve: [100.0, 99.8, 99.77, 99.52, 99.21]
2026-07-30 01:24:26,203 [trainer.py] => Average Accuracy (CNN): 86.2
2026-07-30 01:24:26,203 [trainer.py] => Average Accuracy (NME): 93.33
