2026-05-24 03:20:38,157 [trainer.py] => config: ./configs/sdlora/sdlora_cub_B0_Inc20.json
2026-05-24 03:20:38,178 [trainer.py] => prefix: reproduce
2026-05-24 03:20:38,178 [trainer.py] => dataset: cub
2026-05-24 03:20:38,178 [trainer.py] => memory_size: 0
2026-05-24 03:20:38,179 [trainer.py] => memory_per_class: 0
2026-05-24 03:20:38,179 [trainer.py] => fixed_memory: False
2026-05-24 03:20:38,179 [trainer.py] => shuffle: True
2026-05-24 03:20:38,179 [trainer.py] => init_cls: 20
2026-05-24 03:20:38,179 [trainer.py] => increment: 20
2026-05-24 03:20:38,179 [trainer.py] => model_name: sdlora
2026-05-24 03:20:38,179 [trainer.py] => backbone_type: vit_base_patch16_224_in21k_sdlora
2026-05-24 03:20:38,180 [trainer.py] => device: [device(type='cuda', index=0)]
2026-05-24 03:20:38,180 [trainer.py] => optimizer: adam
2026-05-24 03:20:38,180 [trainer.py] => scheduler: constant
2026-05-24 03:20:38,180 [trainer.py] => filepath: ./checkpoints/cub/
2026-05-24 03:20:38,180 [trainer.py] => seed: 42
2026-05-24 03:20:38,180 [trainer.py] => init_epoch: 20
2026-05-24 03:20:38,180 [trainer.py] => init_lr: 0.01
2026-05-24 03:20:38,181 [trainer.py] => init_milestones: [10000]
2026-05-24 03:20:38,181 [trainer.py] => init_lr_decay: 0
2026-05-24 03:20:38,181 [trainer.py] => init_weight_decay: 0.0005
2026-05-24 03:20:38,181 [trainer.py] => epochs: 20
2026-05-24 03:20:38,181 [trainer.py] => lrate: 0.01
2026-05-24 03:20:38,181 [trainer.py] => milestones: [10000]
2026-05-24 03:20:38,181 [trainer.py] => lrate_decay: 0
2026-05-24 03:20:38,181 [trainer.py] => batch_size: 128
2026-05-24 03:20:38,182 [trainer.py] => weight_decay: 0.0002
2026-05-24 03:20:38,182 [trainer.py] => pretrained: True
2026-05-24 03:20:38,182 [trainer.py] => rank: 10
2026-05-24 03:20:38,690 [data_manager.py] => [95, 15, 30, 158, 128, 115, 69, 170, 174, 45, 66, 182, 165, 78, 186, 177, 56, 152, 82, 68, 124, 16, 148, 93, 65, 60, 84, 67, 125, 132, 9, 18, 55, 75, 150, 104, 135, 137, 164, 76, 79, 197, 38, 24, 122, 195, 29, 19, 143, 86, 114, 173, 5, 126, 117, 73, 140, 98, 172, 96, 169, 97, 31, 12, 35, 119, 42, 189, 90, 136, 51, 127, 162, 41, 118, 113, 26, 139, 100, 111, 2, 77, 46, 187, 191, 85, 161, 36, 190, 61, 22, 141, 101, 33, 11, 194, 159, 6, 27, 120, 4, 32, 142, 145, 109, 144, 10, 62, 112, 146, 166, 0, 198, 153, 70, 123, 64, 44, 163, 28, 40, 108, 155, 156, 25, 23, 184, 147, 81, 39, 168, 47, 94, 154, 43, 138, 3, 105, 53, 133, 180, 178, 185, 49, 80, 34, 7, 110, 91, 83, 176, 181, 89, 8, 13, 59, 171, 131, 17, 72, 175, 134, 167, 183, 63, 54, 107, 50, 196, 58, 48, 88, 21, 57, 160, 192, 129, 37, 157, 193, 1, 52, 149, 130, 151, 103, 99, 116, 87, 74, 121, 199, 20, 188, 71, 106, 14, 92, 179, 102]
2026-05-24 03:20:54,628 [trainer.py] => All params: 171965973
2026-05-24 03:20:54,630 [trainer.py] => Trainable params: 368661
2026-05-24 03:20:54,630 [sdlora.py] => Learning on 0-20
2026-05-24 03:25:10,629 [sdlora.py] => Task 0, Epoch 20/20 => Loss 0.163, Train_accy 95.04
2026-05-24 03:25:13,623 [trainer.py] => No NME accuracy.
2026-05-24 03:25:13,623 [trainer.py] => CNN: {'total': 95.73, '00-19': 95.73, 'old': 0, 'new': 95.73}
2026-05-24 03:25:13,623 [trainer.py] => CNN top1 curve: [95.73]
2026-05-24 03:25:13,623 [trainer.py] => CNN top5 curve: [99.15]
2026-05-24 03:25:13,623 [trainer.py] => Average Accuracy (CNN): 95.73
2026-05-24 03:25:13,625 [trainer.py] => All params: 171981353
2026-05-24 03:25:13,626 [trainer.py] => Trainable params: 384041
2026-05-24 03:25:13,628 [sdlora.py] => Learning on 20-40
2026-05-24 03:29:54,771 [sdlora.py] => Task 1, Epoch 20/20 => Loss 0.120, Train_accy 89.91
2026-05-24 03:29:58,600 [trainer.py] => No NME accuracy.
2026-05-24 03:29:58,601 [trainer.py] => CNN: {'total': 93.05, '00-19': 90.6, '20-39': 95.44, 'old': 90.6, 'new': 95.44}
2026-05-24 03:29:58,601 [trainer.py] => CNN top1 curve: [95.73, 93.05]
2026-05-24 03:29:58,601 [trainer.py] => CNN top5 curve: [99.15, 99.37]
2026-05-24 03:29:58,601 [trainer.py] => Average Accuracy (CNN): 94.39
2026-05-24 03:29:58,603 [trainer.py] => All params: 171996733
2026-05-24 03:29:58,604 [trainer.py] => Trainable params: 399421
2026-05-24 03:29:58,606 [sdlora.py] => Learning on 40-60
2026-05-24 03:35:08,873 [sdlora.py] => Task 2, Epoch 20/20 => Loss 0.186, Train_accy 85.76
2026-05-24 03:35:14,683 [trainer.py] => No NME accuracy.
2026-05-24 03:35:14,685 [trainer.py] => CNN: {'total': 90.06, '00-19': 86.32, '20-39': 95.02, '40-59': 88.58, 'old': 90.74, 'new': 88.58}
2026-05-24 03:35:14,685 [trainer.py] => CNN top1 curve: [95.73, 93.05, 90.06]
2026-05-24 03:35:14,685 [trainer.py] => CNN top5 curve: [99.15, 99.37, 98.7]
2026-05-24 03:35:14,686 [trainer.py] => Average Accuracy (CNN): 92.95
2026-05-24 03:35:14,689 [trainer.py] => All params: 172012113
2026-05-24 03:35:14,692 [trainer.py] => Trainable params: 414801
2026-05-24 03:35:14,695 [sdlora.py] => Learning on 60-80
2026-05-24 03:40:42,611 [sdlora.py] => Task 3, Epoch 20/20 => Loss 0.155, Train_accy 85.81
2026-05-24 03:40:49,918 [trainer.py] => No NME accuracy.
2026-05-24 03:40:49,919 [trainer.py] => CNN: {'total': 86.43, '00-19': 86.75, '20-39': 94.19, '40-59': 81.74, '60-79': 82.64, 'old': 87.75, 'new': 82.64}
2026-05-24 03:40:49,919 [trainer.py] => CNN top1 curve: [95.73, 93.05, 90.06, 86.43]
2026-05-24 03:40:49,919 [trainer.py] => CNN top5 curve: [99.15, 99.37, 98.7, 98.5]
2026-05-24 03:40:49,919 [trainer.py] => Average Accuracy (CNN): 91.32
2026-05-24 03:40:49,921 [trainer.py] => All params: 172027493
2026-05-24 03:40:49,923 [trainer.py] => Trainable params: 430181
2026-05-24 03:40:49,926 [sdlora.py] => Learning on 80-100
2026-05-24 03:46:50,173 [sdlora.py] => Task 4, Epoch 20/20 => Loss 0.111, Train_accy 90.05
2026-05-24 03:46:59,065 [trainer.py] => No NME accuracy.
2026-05-24 03:46:59,065 [trainer.py] => CNN: {'total': 85.84, '00-19': 86.75, '20-39': 88.38, '40-59': 73.52, '60-79': 83.06, '80-99': 96.61, 'old': 83.12, 'new': 96.61}
2026-05-24 03:46:59,065 [trainer.py] => CNN top1 curve: [95.73, 93.05, 90.06, 86.43, 85.84]
2026-05-24 03:46:59,065 [trainer.py] => CNN top5 curve: [99.15, 99.37, 98.7, 98.5, 98.63]
2026-05-24 03:46:59,065 [trainer.py] => Average Accuracy (CNN): 90.22
2026-05-24 03:46:59,067 [trainer.py] => All params: 172042873
2026-05-24 03:46:59,068 [trainer.py] => Trainable params: 445561
2026-05-24 03:46:59,071 [sdlora.py] => Learning on 100-120
2026-05-24 03:53:09,490 [sdlora.py] => Task 5, Epoch 20/20 => Loss 0.163, Train_accy 63.87
2026-05-24 03:53:19,850 [trainer.py] => No NME accuracy.
2026-05-24 03:53:19,851 [trainer.py] => CNN: {'total': 78.7, '00-19': 79.91, '20-39': 85.89, '40-59': 65.75, '60-79': 76.03, '80-99': 94.07, '100-119': 69.4, 'old': 80.55, 'new': 69.4}
2026-05-24 03:53:19,851 [trainer.py] => CNN top1 curve: [95.73, 93.05, 90.06, 86.43, 85.84, 78.7]
2026-05-24 03:53:19,851 [trainer.py] => CNN top5 curve: [99.15, 99.37, 98.7, 98.5, 98.63, 98.5]
2026-05-24 03:53:19,851 [trainer.py] => Average Accuracy (CNN): 88.3
2026-05-24 03:53:19,855 [trainer.py] => All params: 172058253
2026-05-24 03:53:19,858 [trainer.py] => Trainable params: 460941
2026-05-24 03:53:19,862 [sdlora.py] => Learning on 120-140
2026-05-24 03:59:48,661 [sdlora.py] => Task 6, Epoch 20/20 => Loss 0.153, Train_accy 78.09
2026-05-24 04:00:01,342 [trainer.py] => No NME accuracy.
2026-05-24 04:00:01,343 [trainer.py] => CNN: {'total': 77.07, '00-19': 74.79, '20-39': 85.06, '40-59': 65.3, '60-79': 71.49, '80-99': 93.22, '100-119': 68.97, '120-139': 79.66, 'old': 76.64, 'new': 79.66}
2026-05-24 04:00:01,343 [trainer.py] => CNN top1 curve: [95.73, 93.05, 90.06, 86.43, 85.84, 78.7, 77.07]
2026-05-24 04:00:01,343 [trainer.py] => CNN top5 curve: [99.15, 99.37, 98.7, 98.5, 98.63, 98.5, 98.41]
2026-05-24 04:00:01,343 [trainer.py] => Average Accuracy (CNN): 86.7
2026-05-24 04:00:01,346 [trainer.py] => All params: 172073633
2026-05-24 04:00:01,349 [trainer.py] => Trainable params: 476321
2026-05-24 04:00:01,351 [sdlora.py] => Learning on 140-160
2026-05-24 04:06:49,739 [sdlora.py] => Task 7, Epoch 20/20 => Loss 0.115, Train_accy 80.99
2026-05-24 04:07:03,697 [trainer.py] => No NME accuracy.
2026-05-24 04:07:03,697 [trainer.py] => CNN: {'total': 76.05, '00-19': 72.65, '20-39': 84.23, '40-59': 62.56, '60-79': 67.36, '80-99': 92.8, '100-119': 68.97, '120-139': 75.42, '140-159': 84.29, 'old': 75.0, 'new': 84.29}
2026-05-24 04:07:03,697 [trainer.py] => CNN top1 curve: [95.73, 93.05, 90.06, 86.43, 85.84, 78.7, 77.07, 76.05]
2026-05-24 04:07:03,697 [trainer.py] => CNN top5 curve: [99.15, 99.37, 98.7, 98.5, 98.63, 98.5, 98.41, 98.32]
2026-05-24 04:07:03,697 [trainer.py] => Average Accuracy (CNN): 85.37
2026-05-24 04:07:03,700 [trainer.py] => All params: 172089013
2026-05-24 04:07:03,701 [trainer.py] => Trainable params: 491701
2026-05-24 04:07:03,704 [sdlora.py] => Learning on 160-180
2026-05-24 04:14:24,012 [sdlora.py] => Task 8, Epoch 20/20 => Loss 0.149, Train_accy 67.82
2026-05-24 04:14:39,502 [trainer.py] => No NME accuracy.
2026-05-24 04:14:39,503 [trainer.py] => CNN: {'total': 74.52, '00-19': 71.79, '20-39': 82.57, '40-59': 60.73, '60-79': 67.36, '80-99': 91.95, '100-119': 69.83, '120-139': 75.85, '140-159': 81.43, '160-179': 68.91, 'old': 75.24, 'new': 68.91}
2026-05-24 04:14:39,503 [trainer.py] => CNN top1 curve: [95.73, 93.05, 90.06, 86.43, 85.84, 78.7, 77.07, 76.05, 74.52]
2026-05-24 04:14:39,503 [trainer.py] => CNN top5 curve: [99.15, 99.37, 98.7, 98.5, 98.63, 98.5, 98.41, 98.32, 97.89]
2026-05-24 04:14:39,503 [trainer.py] => Average Accuracy (CNN): 84.16
2026-05-24 04:14:39,505 [trainer.py] => All params: 172104393
2026-05-24 04:14:39,507 [trainer.py] => Trainable params: 507081
2026-05-24 04:14:39,510 [sdlora.py] => Learning on 180-200
2026-05-24 04:22:13,832 [sdlora.py] => Task 9, Epoch 20/20 => Loss 0.132, Train_accy 76.38
2026-05-24 04:22:32,197 [trainer.py] => No NME accuracy.
2026-05-24 04:22:32,198 [trainer.py] => CNN: {'total': 74.68, '00-19': 71.37, '20-39': 82.57, '40-59': 57.99, '60-79': 67.36, '80-99': 90.25, '100-119': 68.1, '120-139': 71.19, '140-159': 80.0, '160-179': 73.53, '180-199': 82.59, 'old': 73.66, 'new': 82.59}
2026-05-24 04:22:32,198 [trainer.py] => CNN top1 curve: [95.73, 93.05, 90.06, 86.43, 85.84, 78.7, 77.07, 76.05, 74.52, 74.68]
2026-05-24 04:22:32,198 [trainer.py] => CNN top5 curve: [99.15, 99.37, 98.7, 98.5, 98.63, 98.5, 98.41, 98.32, 97.89, 97.37]
2026-05-24 04:22:32,198 [trainer.py] => Average Accuracy (CNN): 83.21
