2026-05-25 13:51:54,601 [trainer.py] => config: ./configs/sdlora/sdlora_inr_B0_Inc40.json
2026-05-25 13:51:54,601 [trainer.py] => prefix: reproduce
2026-05-25 13:51:54,601 [trainer.py] => dataset: imagenetr
2026-05-25 13:51:54,601 [trainer.py] => memory_size: 0
2026-05-25 13:51:54,601 [trainer.py] => memory_per_class: 0
2026-05-25 13:51:54,602 [trainer.py] => fixed_memory: False
2026-05-25 13:51:54,602 [trainer.py] => shuffle: True
2026-05-25 13:51:54,602 [trainer.py] => init_cls: 40
2026-05-25 13:51:54,602 [trainer.py] => increment: 40
2026-05-25 13:51:54,602 [trainer.py] => model_name: sdlora
2026-05-25 13:51:54,602 [trainer.py] => backbone_type: vit_base_patch16_224_in21k_sdlora
2026-05-25 13:51:54,602 [trainer.py] => device: [device(type='cuda', index=0)]
2026-05-25 13:51:54,602 [trainer.py] => optimizer: adam
2026-05-25 13:51:54,602 [trainer.py] => scheduler: constant
2026-05-25 13:51:54,602 [trainer.py] => filepath: ./checkpoints/ImageNetR/
2026-05-25 13:51:54,602 [trainer.py] => seed: 1993
2026-05-25 13:51:54,602 [trainer.py] => init_epoch: 20
2026-05-25 13:51:54,602 [trainer.py] => init_lr: 0.01
2026-05-25 13:51:54,602 [trainer.py] => init_milestones: [10000]
2026-05-25 13:51:54,602 [trainer.py] => init_lr_decay: 0
2026-05-25 13:51:54,602 [trainer.py] => init_weight_decay: 0.0005
2026-05-25 13:51:54,602 [trainer.py] => epochs: 20
2026-05-25 13:51:54,603 [trainer.py] => lrate: 0.01
2026-05-25 13:51:54,603 [trainer.py] => milestones: [10000]
2026-05-25 13:51:54,603 [trainer.py] => lrate_decay: 0
2026-05-25 13:51:54,603 [trainer.py] => batch_size: 128
2026-05-25 13:51:54,603 [trainer.py] => weight_decay: 0.0002
2026-05-25 13:51:54,603 [trainer.py] => pretrained: True
2026-05-25 13:51:54,603 [trainer.py] => rank: 10
2026-05-25 13:51:54,603 [trainer.py] => nb_classes: 200
2026-05-25 13:51:54,603 [trainer.py] => nb_tasks: 5
2026-05-25 13:51:55,558 [data_manager.py] => [168, 136, 51, 9, 183, 101, 171, 99, 42, 159, 191, 70, 16, 188, 27, 10, 175, 26, 68, 187, 98, 6, 85, 35, 112, 43, 100, 0, 103, 181, 88, 59, 4, 2, 116, 174, 94, 80, 106, 1, 147, 17, 141, 131, 72, 23, 173, 54, 197, 118, 87, 32, 79, 104, 91, 19, 135, 107, 178, 36, 11, 199, 142, 8, 122, 3, 28, 57, 153, 172, 190, 56, 49, 44, 97, 62, 151, 169, 194, 55, 192, 12, 189, 78, 66, 180, 15, 137, 109, 134, 92, 119, 126, 52, 170, 40, 148, 65, 144, 64, 138, 45, 77, 89, 154, 90, 71, 193, 74, 30, 113, 143, 96, 84, 67, 50, 186, 156, 69, 21, 18, 111, 108, 58, 125, 157, 150, 110, 182, 129, 166, 83, 81, 60, 13, 165, 14, 176, 63, 117, 5, 22, 145, 121, 38, 41, 82, 127, 114, 20, 31, 53, 37, 163, 196, 130, 152, 162, 86, 76, 24, 34, 184, 149, 33, 128, 198, 155, 146, 167, 139, 120, 140, 102, 47, 25, 158, 123, 46, 164, 61, 7, 115, 75, 133, 160, 105, 132, 179, 124, 48, 73, 93, 39, 95, 195, 29, 177, 185, 161]
2026-05-25 13:52:00,262 [trainer.py] => All params: 171965973
2026-05-25 13:52:00,264 [trainer.py] => Trainable params: 368661
2026-05-25 13:52:00,264 [sdlora.py] => Learning on 0-40
2026-05-25 14:14:35,171 [sdlora.py] => Task 0, Epoch 20/20 => Loss 0.298, Train_accy 91.54
2026-05-25 14:14:44,465 [trainer.py] => No NME accuracy.
2026-05-25 14:14:44,466 [trainer.py] => CNN: {'total': 89.78, '00-39': 89.78, 'old': 0, 'new': 89.78}
2026-05-25 14:14:44,466 [trainer.py] => CNN top1 curve: [89.78]
2026-05-25 14:14:44,466 [trainer.py] => CNN top5 curve: [97.65]
2026-05-25 14:14:44,466 [trainer.py] => Average Accuracy (CNN): 89.78
2026-05-25 14:14:44,471 [trainer.py] => All params: 171996733
2026-05-25 14:14:44,475 [trainer.py] => Trainable params: 399421
2026-05-25 14:14:44,478 [sdlora.py] => Learning on 40-80
2026-05-25 14:36:19,342 [sdlora.py] => Task 1, Epoch 20/20 => Loss 0.301, Train_accy 85.79
2026-05-25 14:36:35,998 [trainer.py] => No NME accuracy.
2026-05-25 14:36:35,999 [trainer.py] => CNN: {'total': 83.83, '00-39': 85.16, '40-79': 82.33, 'old': 85.16, 'new': 82.33}
2026-05-25 14:36:35,999 [trainer.py] => CNN top1 curve: [89.78, 83.83]
2026-05-25 14:36:36,000 [trainer.py] => CNN top5 curve: [97.65, 95.04]
2026-05-25 14:36:36,000 [trainer.py] => Average Accuracy (CNN): 86.8
2026-05-25 14:36:36,006 [trainer.py] => All params: 172027493
2026-05-25 14:36:36,010 [trainer.py] => Trainable params: 430181
2026-05-25 14:36:36,014 [sdlora.py] => Learning on 80-120
2026-05-25 15:00:55,948 [sdlora.py] => Task 2, Epoch 20/20 => Loss 0.300, Train_accy 82.73
2026-05-25 15:01:19,978 [trainer.py] => No NME accuracy.
2026-05-25 15:01:19,978 [trainer.py] => CNN: {'total': 80.66, '00-39': 81.91, '40-79': 78.93, '80-119': 80.99, 'old': 80.5, 'new': 80.99}
2026-05-25 15:01:19,978 [trainer.py] => CNN top1 curve: [89.78, 83.83, 80.66]
2026-05-25 15:01:19,978 [trainer.py] => CNN top5 curve: [97.65, 95.04, 93.28]
2026-05-25 15:01:19,978 [trainer.py] => Average Accuracy (CNN): 84.76
2026-05-25 15:01:19,981 [trainer.py] => All params: 172058253
2026-05-25 15:01:19,982 [trainer.py] => Trainable params: 460941
2026-05-25 15:01:19,985 [sdlora.py] => Learning on 120-160
2026-05-25 15:27:50,386 [sdlora.py] => Task 3, Epoch 20/20 => Loss 0.294, Train_accy 80.12
2026-05-25 15:28:22,340 [trainer.py] => No NME accuracy.
2026-05-25 15:28:22,340 [trainer.py] => CNN: {'total': 78.58, '00-39': 80.09, '40-79': 77.74, '80-119': 78.64, '120-159': 77.73, 'old': 78.88, 'new': 77.73}
2026-05-25 15:28:22,340 [trainer.py] => CNN top1 curve: [89.78, 83.83, 80.66, 78.58]
2026-05-25 15:28:22,340 [trainer.py] => CNN top5 curve: [97.65, 95.04, 93.28, 91.62]
2026-05-25 15:28:22,340 [trainer.py] => Average Accuracy (CNN): 83.21
2026-05-25 15:28:22,343 [trainer.py] => All params: 172089013
2026-05-25 15:28:22,345 [trainer.py] => Trainable params: 491701
2026-05-25 15:28:22,348 [sdlora.py] => Learning on 160-200
2026-05-25 15:53:34,846 [sdlora.py] => Task 4, Epoch 20/20 => Loss 0.295, Train_accy 77.86
2026-05-25 15:54:14,344 [trainer.py] => No NME accuracy.
2026-05-25 15:54:14,344 [trainer.py] => CNN: {'total': 76.42, '00-39': 78.58, '40-79': 75.11, '80-119': 77.33, '120-159': 76.35, '160-199': 74.27, 'old': 76.88, 'new': 74.27}
2026-05-25 15:54:14,344 [trainer.py] => CNN top1 curve: [89.78, 83.83, 80.66, 78.58, 76.42]
2026-05-25 15:54:14,344 [trainer.py] => CNN top5 curve: [97.65, 95.04, 93.28, 91.62, 90.47]
2026-05-25 15:54:14,344 [trainer.py] => Average Accuracy (CNN): 81.85
