2026-05-25 00:33:50,875 [trainer.py] => config: ./configs/sdlora/sdlora_inr_B0_Inc10.json
2026-05-25 00:33:50,875 [trainer.py] => prefix: reproduce
2026-05-25 00:33:50,875 [trainer.py] => dataset: imagenetr
2026-05-25 00:33:50,875 [trainer.py] => memory_size: 0
2026-05-25 00:33:50,875 [trainer.py] => memory_per_class: 0
2026-05-25 00:33:50,875 [trainer.py] => fixed_memory: False
2026-05-25 00:33:50,875 [trainer.py] => shuffle: True
2026-05-25 00:33:50,875 [trainer.py] => init_cls: 10
2026-05-25 00:33:50,875 [trainer.py] => increment: 10
2026-05-25 00:33:50,875 [trainer.py] => model_name: sdlora
2026-05-25 00:33:50,876 [trainer.py] => backbone_type: vit_base_patch16_224_in21k_sdlora
2026-05-25 00:33:50,876 [trainer.py] => device: [device(type='cuda', index=0)]
2026-05-25 00:33:50,876 [trainer.py] => optimizer: adam
2026-05-25 00:33:50,876 [trainer.py] => scheduler: constant
2026-05-25 00:33:50,876 [trainer.py] => filepath: ./checkpoints/ImageNetR/
2026-05-25 00:33:50,876 [trainer.py] => seed: 1994
2026-05-25 00:33:50,876 [trainer.py] => init_epoch: 20
2026-05-25 00:33:50,876 [trainer.py] => init_lr: 0.01
2026-05-25 00:33:50,876 [trainer.py] => init_milestones: [10000]
2026-05-25 00:33:50,876 [trainer.py] => init_lr_decay: 0
2026-05-25 00:33:50,876 [trainer.py] => init_weight_decay: 0.0005
2026-05-25 00:33:50,876 [trainer.py] => epochs: 20
2026-05-25 00:33:50,876 [trainer.py] => lrate: 0.01
2026-05-25 00:33:50,876 [trainer.py] => milestones: [10000]
2026-05-25 00:33:50,876 [trainer.py] => lrate_decay: 0
2026-05-25 00:33:50,876 [trainer.py] => batch_size: 128
2026-05-25 00:33:50,876 [trainer.py] => weight_decay: 0.0002
2026-05-25 00:33:50,876 [trainer.py] => pretrained: True
2026-05-25 00:33:50,876 [trainer.py] => rank: 10
2026-05-25 00:33:50,876 [trainer.py] => nb_classes: 200
2026-05-25 00:33:50,876 [trainer.py] => nb_tasks: 20
2026-05-25 00:33:51,403 [data_manager.py] => [85, 41, 23, 28, 70, 87, 134, 151, 51, 159, 178, 119, 50, 117, 73, 95, 86, 147, 63, 22, 79, 175, 40, 155, 174, 54, 132, 72, 124, 157, 93, 26, 196, 74, 44, 15, 169, 122, 88, 171, 184, 6, 18, 145, 48, 197, 64, 172, 126, 96, 11, 55, 193, 66, 128, 21, 77, 113, 140, 116, 141, 133, 120, 29, 115, 14, 103, 127, 114, 19, 9, 38, 33, 195, 81, 35, 69, 181, 47, 129, 112, 168, 198, 71, 101, 188, 68, 90, 158, 163, 52, 8, 185, 59, 154, 92, 56, 183, 32, 136, 65, 45, 46, 173, 189, 108, 102, 144, 0, 107, 187, 100, 98, 192, 43, 161, 104, 75, 150, 166, 121, 60, 160, 3, 143, 153, 62, 142, 61, 110, 194, 97, 25, 177, 179, 17, 49, 31, 94, 111, 16, 53, 91, 58, 135, 83, 2, 12, 13, 165, 42, 36, 186, 105, 1, 7, 149, 170, 27, 24, 78, 167, 137, 138, 118, 10, 139, 164, 20, 57, 123, 199, 89, 130, 82, 162, 176, 148, 109, 125, 67, 106, 37, 146, 131, 180, 156, 39, 5, 84, 4, 190, 152, 191, 30, 76, 80, 34, 99, 182]
2026-05-25 00:33:55,392 [trainer.py] => All params: 171965973
2026-05-25 00:33:55,393 [trainer.py] => Trainable params: 368661
2026-05-25 00:33:55,394 [sdlora.py] => Learning on 0-10
2026-05-25 00:40:19,211 [sdlora.py] => Task 0, Epoch 20/20 => Loss 0.202, Train_accy 93.50
2026-05-25 00:40:22,775 [trainer.py] => No NME accuracy.
2026-05-25 00:40:22,776 [trainer.py] => CNN: {'total': 90.72, '00-09': 90.72, 'old': 0, 'new': 90.72}
2026-05-25 00:40:22,776 [trainer.py] => CNN top1 curve: [90.72]
2026-05-25 00:40:22,776 [trainer.py] => CNN top5 curve: [98.55]
2026-05-25 00:40:22,777 [trainer.py] => Average Accuracy (CNN): 90.72
2026-05-25 00:40:22,781 [trainer.py] => All params: 171973663
2026-05-25 00:40:22,785 [trainer.py] => Trainable params: 376351
2026-05-25 00:40:22,789 [sdlora.py] => Learning on 10-20
2026-05-25 00:46:45,759 [sdlora.py] => Task 1, Epoch 20/20 => Loss 0.163, Train_accy 92.30
2026-05-25 00:46:52,860 [trainer.py] => No NME accuracy.
2026-05-25 00:46:52,861 [trainer.py] => CNN: {'total': 88.42, '00-09': 82.32, '10-19': 94.66, 'old': 82.32, 'new': 94.66}
2026-05-25 00:46:52,861 [trainer.py] => CNN top1 curve: [90.72, 88.42]
2026-05-25 00:46:52,861 [trainer.py] => CNN top5 curve: [98.55, 97.51]
2026-05-25 00:46:52,861 [trainer.py] => Average Accuracy (CNN): 89.57
2026-05-25 00:46:52,863 [trainer.py] => All params: 171981353
2026-05-25 00:46:52,864 [trainer.py] => Trainable params: 384041
2026-05-25 00:46:52,866 [sdlora.py] => Learning on 20-30
2026-05-25 00:52:41,610 [sdlora.py] => Task 2, Epoch 20/20 => Loss 0.129, Train_accy 88.94
2026-05-25 00:52:48,317 [trainer.py] => No NME accuracy.
2026-05-25 00:52:48,318 [trainer.py] => CNN: {'total': 83.92, '00-09': 75.07, '10-19': 92.28, '20-29': 84.75, 'old': 83.58, 'new': 84.75}
2026-05-25 00:52:48,318 [trainer.py] => CNN top1 curve: [90.72, 88.42, 83.92]
2026-05-25 00:52:48,318 [trainer.py] => CNN top5 curve: [98.55, 97.51, 96.78]
2026-05-25 00:52:48,318 [trainer.py] => Average Accuracy (CNN): 87.69
2026-05-25 00:52:48,320 [trainer.py] => All params: 171989043
2026-05-25 00:52:48,322 [trainer.py] => Trainable params: 391731
2026-05-25 00:52:48,324 [sdlora.py] => Learning on 30-40
2026-05-25 01:00:46,403 [sdlora.py] => Task 3, Epoch 20/20 => Loss 0.208, Train_accy 78.74
2026-05-25 01:00:57,367 [trainer.py] => No NME accuracy.
2026-05-25 01:00:57,367 [trainer.py] => CNN: {'total': 82.65, '00-09': 75.07, '10-19': 90.21, '20-29': 86.17, '30-39': 79.82, 'old': 83.61, 'new': 79.82}
2026-05-25 01:00:57,367 [trainer.py] => CNN top1 curve: [90.72, 88.42, 83.92, 82.65]
2026-05-25 01:00:57,367 [trainer.py] => CNN top5 curve: [98.55, 97.51, 96.78, 95.82]
2026-05-25 01:00:57,367 [trainer.py] => Average Accuracy (CNN): 86.43
2026-05-25 01:00:57,369 [trainer.py] => All params: 171996733
2026-05-25 01:00:57,371 [trainer.py] => Trainable params: 399421
2026-05-25 01:00:57,373 [sdlora.py] => Learning on 40-50
2026-05-25 01:08:51,071 [sdlora.py] => Task 4, Epoch 20/20 => Loss 0.149, Train_accy 78.77
2026-05-25 01:09:03,478 [trainer.py] => No NME accuracy.
2026-05-25 01:09:03,489 [trainer.py] => CNN: {'total': 81.77, '00-09': 71.88, '10-19': 88.72, '20-29': 85.11, '30-39': 81.35, '40-49': 82.62, 'old': 81.56, 'new': 82.62}
2026-05-25 01:09:03,489 [trainer.py] => CNN top1 curve: [90.72, 88.42, 83.92, 82.65, 81.77]
2026-05-25 01:09:03,489 [trainer.py] => CNN top5 curve: [98.55, 97.51, 96.78, 95.82, 94.86]
2026-05-25 01:09:03,489 [trainer.py] => Average Accuracy (CNN): 85.5
2026-05-25 01:09:03,492 [trainer.py] => All params: 172004423
2026-05-25 01:09:03,493 [trainer.py] => Trainable params: 407111
2026-05-25 01:09:03,495 [sdlora.py] => Learning on 50-60
2026-05-25 01:17:01,487 [sdlora.py] => Task 5, Epoch 20/20 => Loss 0.155, Train_accy 77.19
2026-05-25 01:17:16,917 [trainer.py] => No NME accuracy.
2026-05-25 01:17:16,918 [trainer.py] => CNN: {'total': 80.25, '00-09': 68.99, '10-19': 85.16, '20-29': 84.75, '30-39': 80.12, '40-49': 82.3, '50-59': 81.54, 'old': 80.01, 'new': 81.54}
2026-05-25 01:17:16,918 [trainer.py] => CNN top1 curve: [90.72, 88.42, 83.92, 82.65, 81.77, 80.25]
2026-05-25 01:17:16,918 [trainer.py] => CNN top5 curve: [98.55, 97.51, 96.78, 95.82, 94.86, 94.24]
2026-05-25 01:17:16,918 [trainer.py] => Average Accuracy (CNN): 84.62
2026-05-25 01:17:16,921 [trainer.py] => All params: 172012113
2026-05-25 01:17:16,923 [trainer.py] => Trainable params: 414801
2026-05-25 01:17:16,926 [sdlora.py] => Learning on 60-70
2026-05-25 01:24:54,591 [sdlora.py] => Task 6, Epoch 20/20 => Loss 0.148, Train_accy 79.87
2026-05-25 01:25:11,473 [trainer.py] => No NME accuracy.
2026-05-25 01:25:11,473 [trainer.py] => CNN: {'total': 80.1, '00-09': 68.7, '10-19': 85.46, '20-29': 81.56, '30-39': 78.59, '40-49': 83.93, '50-59': 80.87, '60-69': 83.47, 'old': 79.67, 'new': 83.47}
2026-05-25 01:25:11,473 [trainer.py] => CNN top1 curve: [90.72, 88.42, 83.92, 82.65, 81.77, 80.25, 80.1]
2026-05-25 01:25:11,473 [trainer.py] => CNN top5 curve: [98.55, 97.51, 96.78, 95.82, 94.86, 94.24, 93.73]
2026-05-25 01:25:11,473 [trainer.py] => Average Accuracy (CNN): 83.98
2026-05-25 01:25:11,475 [trainer.py] => All params: 172019803
2026-05-25 01:25:11,476 [trainer.py] => Trainable params: 422491
2026-05-25 01:25:11,478 [sdlora.py] => Learning on 70-80
2026-05-25 01:32:38,122 [sdlora.py] => Task 7, Epoch 20/20 => Loss 0.170, Train_accy 77.48
2026-05-25 01:32:57,497 [trainer.py] => No NME accuracy.
2026-05-25 01:32:57,504 [trainer.py] => CNN: {'total': 78.59, '00-09': 66.09, '10-19': 84.57, '20-29': 82.62, '30-39': 77.68, '40-49': 80.98, '50-59': 80.2, '60-69': 84.71, '70-79': 73.73, 'old': 79.17, 'new': 73.73}
2026-05-25 01:32:57,504 [trainer.py] => CNN top1 curve: [90.72, 88.42, 83.92, 82.65, 81.77, 80.25, 80.1, 78.59]
2026-05-25 01:32:57,504 [trainer.py] => CNN top5 curve: [98.55, 97.51, 96.78, 95.82, 94.86, 94.24, 93.73, 92.56]
2026-05-25 01:32:57,505 [trainer.py] => Average Accuracy (CNN): 83.3
2026-05-25 01:32:57,507 [trainer.py] => All params: 172027493
2026-05-25 01:32:57,508 [trainer.py] => Trainable params: 430181
2026-05-25 01:32:57,511 [sdlora.py] => Learning on 80-90
2026-05-25 01:42:24,906 [sdlora.py] => Task 8, Epoch 20/20 => Loss 0.186, Train_accy 73.98
2026-05-25 01:42:47,412 [trainer.py] => No NME accuracy.
2026-05-25 01:42:47,412 [trainer.py] => CNN: {'total': 78.17, '00-09': 65.8, '10-19': 84.57, '20-29': 81.91, '30-39': 75.84, '40-49': 80.98, '50-59': 79.19, '60-69': 83.47, '70-79': 76.86, '80-89': 77.23, 'old': 78.29, 'new': 77.23}
2026-05-25 01:42:47,413 [trainer.py] => CNN top1 curve: [90.72, 88.42, 83.92, 82.65, 81.77, 80.25, 80.1, 78.59, 78.17]
2026-05-25 01:42:47,413 [trainer.py] => CNN top5 curve: [98.55, 97.51, 96.78, 95.82, 94.86, 94.24, 93.73, 92.56, 92.39]
2026-05-25 01:42:47,413 [trainer.py] => Average Accuracy (CNN): 82.73
2026-05-25 01:42:47,415 [trainer.py] => All params: 172035183
2026-05-25 01:42:47,417 [trainer.py] => Trainable params: 437871
2026-05-25 01:42:47,420 [sdlora.py] => Learning on 90-100
2026-05-25 01:51:49,887 [sdlora.py] => Task 9, Epoch 20/20 => Loss 0.117, Train_accy 77.90
2026-05-25 01:52:14,360 [trainer.py] => No NME accuracy.
2026-05-25 01:52:14,362 [trainer.py] => CNN: {'total': 77.53, '00-09': 65.51, '10-19': 83.68, '20-29': 82.62, '30-39': 75.54, '40-49': 74.75, '50-59': 78.52, '60-69': 82.23, '70-79': 73.73, '80-89': 78.22, '90-99': 84.16, 'old': 76.99, 'new': 84.16}
2026-05-25 01:52:14,362 [trainer.py] => CNN top1 curve: [90.72, 88.42, 83.92, 82.65, 81.77, 80.25, 80.1, 78.59, 78.17, 77.53]
2026-05-25 01:52:14,362 [trainer.py] => CNN top5 curve: [98.55, 97.51, 96.78, 95.82, 94.86, 94.24, 93.73, 92.56, 92.39, 92.04]
2026-05-25 01:52:14,363 [trainer.py] => Average Accuracy (CNN): 82.21
2026-05-25 01:52:14,365 [trainer.py] => All params: 172042873
2026-05-25 01:52:14,366 [trainer.py] => Trainable params: 445561
2026-05-25 01:52:14,370 [sdlora.py] => Learning on 100-110
2026-05-25 02:02:11,606 [sdlora.py] => Task 10, Epoch 20/20 => Loss 0.164, Train_accy 70.32
2026-05-25 02:02:38,671 [trainer.py] => No NME accuracy.
2026-05-25 02:02:38,671 [trainer.py] => CNN: {'total': 76.35, '00-09': 64.06, '10-19': 82.79, '20-29': 81.56, '30-39': 71.56, '40-49': 72.79, '50-59': 78.19, '60-69': 81.4, '70-79': 72.94, '80-89': 77.56, '90-99': 85.97, '100-109': 75.86, 'old': 76.4, 'new': 75.86}
2026-05-25 02:02:38,671 [trainer.py] => CNN top1 curve: [90.72, 88.42, 83.92, 82.65, 81.77, 80.25, 80.1, 78.59, 78.17, 77.53, 76.35]
2026-05-25 02:02:38,671 [trainer.py] => CNN top5 curve: [98.55, 97.51, 96.78, 95.82, 94.86, 94.24, 93.73, 92.56, 92.39, 92.04, 91.56]
2026-05-25 02:02:38,671 [trainer.py] => Average Accuracy (CNN): 81.68
2026-05-25 02:02:38,674 [trainer.py] => All params: 172050563
2026-05-25 02:02:38,675 [trainer.py] => Trainable params: 453251
2026-05-25 02:02:38,677 [sdlora.py] => Learning on 110-120
2026-05-25 02:14:24,343 [sdlora.py] => Task 11, Epoch 20/20 => Loss 0.170, Train_accy 70.02
2026-05-25 02:14:54,382 [trainer.py] => No NME accuracy.
2026-05-25 02:14:54,383 [trainer.py] => CNN: {'total': 75.53, '00-09': 63.19, '10-19': 82.49, '20-29': 81.91, '30-39': 70.64, '40-49': 69.51, '50-59': 77.18, '60-69': 83.47, '70-79': 73.73, '80-89': 75.58, '90-99': 85.07, '100-109': 75.48, '110-119': 73.95, 'old': 75.69, 'new': 73.95}
2026-05-25 02:14:54,383 [trainer.py] => CNN top1 curve: [90.72, 88.42, 83.92, 82.65, 81.77, 80.25, 80.1, 78.59, 78.17, 77.53, 76.35, 75.53]
2026-05-25 02:14:54,383 [trainer.py] => CNN top5 curve: [98.55, 97.51, 96.78, 95.82, 94.86, 94.24, 93.73, 92.56, 92.39, 92.04, 91.56, 91.54]
2026-05-25 02:14:54,383 [trainer.py] => Average Accuracy (CNN): 81.17
2026-05-25 02:14:54,387 [trainer.py] => All params: 172058253
2026-05-25 02:14:54,389 [trainer.py] => Trainable params: 460941
2026-05-25 02:14:54,393 [sdlora.py] => Learning on 120-130
2026-05-25 02:25:00,479 [sdlora.py] => Task 12, Epoch 20/20 => Loss 0.148, Train_accy 78.78
2026-05-25 02:25:33,427 [trainer.py] => No NME accuracy.
2026-05-25 02:25:33,427 [trainer.py] => CNN: {'total': 75.31, '00-09': 62.32, '10-19': 82.2, '20-29': 79.43, '30-39': 70.95, '40-49': 72.46, '50-59': 75.5, '60-69': 83.06, '70-79': 69.8, '80-89': 75.58, '90-99': 82.81, '100-109': 76.25, '110-119': 74.55, '120-129': 79.3, 'old': 75.01, 'new': 79.3}
2026-05-25 02:25:33,427 [trainer.py] => CNN top1 curve: [90.72, 88.42, 83.92, 82.65, 81.77, 80.25, 80.1, 78.59, 78.17, 77.53, 76.35, 75.53, 75.31]
2026-05-25 02:25:33,427 [trainer.py] => CNN top5 curve: [98.55, 97.51, 96.78, 95.82, 94.86, 94.24, 93.73, 92.56, 92.39, 92.04, 91.56, 91.54, 91.08]
2026-05-25 02:25:33,428 [trainer.py] => Average Accuracy (CNN): 80.72
2026-05-25 02:25:33,430 [trainer.py] => All params: 172065943
2026-05-25 02:25:33,432 [trainer.py] => Trainable params: 468631
2026-05-25 02:25:33,434 [sdlora.py] => Learning on 130-140
2026-05-25 02:38:37,994 [sdlora.py] => Task 13, Epoch 20/20 => Loss 0.212, Train_accy 71.68
2026-05-25 02:39:14,467 [trainer.py] => No NME accuracy.
2026-05-25 02:39:14,467 [trainer.py] => CNN: {'total': 74.98, '00-09': 61.74, '10-19': 82.79, '20-29': 79.43, '30-39': 68.5, '40-49': 70.49, '50-59': 77.85, '60-69': 83.06, '70-79': 70.2, '80-89': 76.57, '90-99': 82.81, '100-109': 73.56, '110-119': 72.46, '120-129': 83.59, '130-139': 73.03, 'old': 75.15, 'new': 73.03}
2026-05-25 02:39:14,468 [trainer.py] => CNN top1 curve: [90.72, 88.42, 83.92, 82.65, 81.77, 80.25, 80.1, 78.59, 78.17, 77.53, 76.35, 75.53, 75.31, 74.98]
2026-05-25 02:39:14,468 [trainer.py] => CNN top5 curve: [98.55, 97.51, 96.78, 95.82, 94.86, 94.24, 93.73, 92.56, 92.39, 92.04, 91.56, 91.54, 91.08, 90.99]
2026-05-25 02:39:14,468 [trainer.py] => Average Accuracy (CNN): 80.31
2026-05-25 02:39:14,473 [trainer.py] => All params: 172073633
2026-05-25 02:39:14,477 [trainer.py] => Trainable params: 476321
2026-05-25 02:39:14,482 [sdlora.py] => Learning on 140-150
2026-05-25 02:51:30,988 [sdlora.py] => Task 14, Epoch 20/20 => Loss 0.136, Train_accy 72.66
2026-05-25 02:52:10,619 [trainer.py] => No NME accuracy.
2026-05-25 02:52:10,637 [trainer.py] => CNN: {'total': 74.75, '00-09': 62.03, '10-19': 83.38, '20-29': 79.08, '30-39': 68.5, '40-49': 69.51, '50-59': 75.5, '60-69': 83.06, '70-79': 69.41, '80-89': 74.26, '90-99': 81.9, '100-109': 73.18, '110-119': 73.35, '120-129': 84.38, '130-139': 74.85, '140-149': 74.68, 'old': 74.76, 'new': 74.68}
2026-05-25 02:52:10,638 [trainer.py] => CNN top1 curve: [90.72, 88.42, 83.92, 82.65, 81.77, 80.25, 80.1, 78.59, 78.17, 77.53, 76.35, 75.53, 75.31, 74.98, 74.75]
2026-05-25 02:52:10,638 [trainer.py] => CNN top5 curve: [98.55, 97.51, 96.78, 95.82, 94.86, 94.24, 93.73, 92.56, 92.39, 92.04, 91.56, 91.54, 91.08, 90.99, 90.74]
2026-05-25 02:52:10,638 [trainer.py] => Average Accuracy (CNN): 79.94
2026-05-25 02:52:10,640 [trainer.py] => All params: 172081323
2026-05-25 02:52:10,642 [trainer.py] => Trainable params: 484011
2026-05-25 02:52:10,644 [sdlora.py] => Learning on 150-160
2026-05-25 03:08:03,099 [sdlora.py] => Task 15, Epoch 20/20 => Loss 0.168, Train_accy 68.03
2026-05-25 03:08:47,175 [trainer.py] => No NME accuracy.
2026-05-25 03:08:47,188 [trainer.py] => CNN: {'total': 73.44, '00-09': 58.55, '10-19': 83.68, '20-29': 78.72, '30-39': 68.2, '40-49': 69.51, '50-59': 74.83, '60-69': 79.34, '70-79': 69.41, '80-89': 73.27, '90-99': 81.9, '100-109': 72.8, '110-119': 70.96, '120-129': 81.64, '130-139': 75.76, '140-149': 75.96, '150-159': 67.78, 'old': 73.93, 'new': 67.78}
2026-05-25 03:08:47,188 [trainer.py] => CNN top1 curve: [90.72, 88.42, 83.92, 82.65, 81.77, 80.25, 80.1, 78.59, 78.17, 77.53, 76.35, 75.53, 75.31, 74.98, 74.75, 73.44]
2026-05-25 03:08:47,188 [trainer.py] => CNN top5 curve: [98.55, 97.51, 96.78, 95.82, 94.86, 94.24, 93.73, 92.56, 92.39, 92.04, 91.56, 91.54, 91.08, 90.99, 90.74, 90.55]
2026-05-25 03:08:47,188 [trainer.py] => Average Accuracy (CNN): 79.53
2026-05-25 03:08:47,190 [trainer.py] => All params: 172089013
2026-05-25 03:08:47,191 [trainer.py] => Trainable params: 491701
2026-05-25 03:08:47,194 [sdlora.py] => Learning on 160-170
2026-05-25 03:22:45,637 [sdlora.py] => Task 16, Epoch 20/20 => Loss 0.142, Train_accy 71.17
2026-05-25 03:23:33,046 [trainer.py] => No NME accuracy.
2026-05-25 03:23:33,047 [trainer.py] => CNN: {'total': 72.63, '00-09': 56.23, '10-19': 83.09, '20-29': 76.24, '30-39': 66.06, '40-49': 67.54, '50-59': 73.49, '60-69': 80.17, '70-79': 70.2, '80-89': 72.28, '90-99': 81.9, '100-109': 70.88, '110-119': 67.96, '120-129': 81.64, '130-139': 74.85, '140-149': 75.96, '150-159': 69.07, '160-169': 75.27, 'old': 72.48, 'new': 75.27}
2026-05-25 03:23:33,047 [trainer.py] => CNN top1 curve: [90.72, 88.42, 83.92, 82.65, 81.77, 80.25, 80.1, 78.59, 78.17, 77.53, 76.35, 75.53, 75.31, 74.98, 74.75, 73.44, 72.63]
2026-05-25 03:23:33,047 [trainer.py] => CNN top5 curve: [98.55, 97.51, 96.78, 95.82, 94.86, 94.24, 93.73, 92.56, 92.39, 92.04, 91.56, 91.54, 91.08, 90.99, 90.74, 90.55, 89.99]
2026-05-25 03:23:33,047 [trainer.py] => Average Accuracy (CNN): 79.12
2026-05-25 03:23:33,049 [trainer.py] => All params: 172096703
2026-05-25 03:23:33,051 [trainer.py] => Trainable params: 499391
2026-05-25 03:23:33,055 [sdlora.py] => Learning on 170-180
2026-05-25 03:38:32,438 [sdlora.py] => Task 17, Epoch 20/20 => Loss 0.196, Train_accy 61.27
2026-05-25 03:39:24,051 [trainer.py] => No NME accuracy.
2026-05-25 03:39:24,069 [trainer.py] => CNN: {'total': 72.32, '00-09': 55.36, '10-19': 83.38, '20-29': 77.3, '30-39': 65.75, '40-49': 67.87, '50-59': 73.49, '60-69': 79.75, '70-79': 70.98, '80-89': 72.61, '90-99': 82.81, '100-109': 69.73, '110-119': 66.47, '120-129': 82.42, '130-139': 75.15, '140-149': 75.96, '150-159': 67.27, '160-169': 76.7, '170-179': 68.35, 'old': 72.57, 'new': 68.35}
2026-05-25 03:39:24,069 [trainer.py] => CNN top1 curve: [90.72, 88.42, 83.92, 82.65, 81.77, 80.25, 80.1, 78.59, 78.17, 77.53, 76.35, 75.53, 75.31, 74.98, 74.75, 73.44, 72.63, 72.32]
2026-05-25 03:39:24,069 [trainer.py] => CNN top5 curve: [98.55, 97.51, 96.78, 95.82, 94.86, 94.24, 93.73, 92.56, 92.39, 92.04, 91.56, 91.54, 91.08, 90.99, 90.74, 90.55, 89.99, 89.17]
2026-05-25 03:39:24,070 [trainer.py] => Average Accuracy (CNN): 78.75
2026-05-25 03:39:24,071 [trainer.py] => All params: 172104393
2026-05-25 03:39:24,073 [trainer.py] => Trainable params: 507081
2026-05-25 03:39:24,076 [sdlora.py] => Learning on 180-190
2026-05-25 03:53:23,221 [sdlora.py] => Task 18, Epoch 20/20 => Loss 0.154, Train_accy 72.04
2026-05-25 03:54:18,422 [trainer.py] => No NME accuracy.
2026-05-25 03:54:18,454 [trainer.py] => CNN: {'total': 72.53, '00-09': 55.94, '10-19': 81.6, '20-29': 76.6, '30-39': 65.14, '40-49': 66.89, '50-59': 73.49, '60-69': 80.58, '70-79': 69.8, '80-89': 71.62, '90-99': 81.9, '100-109': 69.35, '110-119': 67.37, '120-129': 80.86, '130-139': 74.55, '140-149': 76.6, '150-159': 68.3, '160-169': 75.63, '170-179': 70.89, '180-189': 80.22, 'old': 72.14, 'new': 80.22}
2026-05-25 03:54:18,454 [trainer.py] => CNN top1 curve: [90.72, 88.42, 83.92, 82.65, 81.77, 80.25, 80.1, 78.59, 78.17, 77.53, 76.35, 75.53, 75.31, 74.98, 74.75, 73.44, 72.63, 72.32, 72.53]
2026-05-25 03:54:18,454 [trainer.py] => CNN top5 curve: [98.55, 97.51, 96.78, 95.82, 94.86, 94.24, 93.73, 92.56, 92.39, 92.04, 91.56, 91.54, 91.08, 90.99, 90.74, 90.55, 89.99, 89.17, 89.6]
2026-05-25 03:54:18,454 [trainer.py] => Average Accuracy (CNN): 78.42
2026-05-25 03:54:18,458 [trainer.py] => All params: 172112083
2026-05-25 03:54:18,460 [trainer.py] => Trainable params: 514771
2026-05-25 03:54:18,464 [sdlora.py] => Learning on 190-200
2026-05-25 04:11:40,074 [sdlora.py] => Task 19, Epoch 20/20 => Loss 0.178, Train_accy 68.06
2026-05-25 04:12:40,162 [trainer.py] => No NME accuracy.
2026-05-25 04:12:40,173 [trainer.py] => CNN: {'total': 72.35, '00-09': 54.49, '10-19': 81.01, '20-29': 74.11, '30-39': 66.06, '40-49': 66.23, '50-59': 74.5, '60-69': 80.99, '70-79': 70.2, '80-89': 71.29, '90-99': 81.45, '100-109': 69.73, '110-119': 67.07, '120-129': 80.86, '130-139': 74.24, '140-149': 76.6, '150-159': 67.01, '160-169': 75.27, '170-179': 71.2, '180-189': 79.85, '190-199': 74.4, 'old': 72.23, 'new': 74.4}
2026-05-25 04:12:40,173 [trainer.py] => CNN top1 curve: [90.72, 88.42, 83.92, 82.65, 81.77, 80.25, 80.1, 78.59, 78.17, 77.53, 76.35, 75.53, 75.31, 74.98, 74.75, 73.44, 72.63, 72.32, 72.53, 72.35]
2026-05-25 04:12:40,173 [trainer.py] => CNN top5 curve: [98.55, 97.51, 96.78, 95.82, 94.86, 94.24, 93.73, 92.56, 92.39, 92.04, 91.56, 91.54, 91.08, 90.99, 90.74, 90.55, 89.99, 89.17, 89.6, 89.5]
2026-05-25 04:12:40,173 [trainer.py] => Average Accuracy (CNN): 78.12
