2026-05-27 05:25:25,732 [trainer.py] => config: ./configs/sdlora/sdlora_ina_B100_Inc10.json
2026-05-27 05:25:25,732 [trainer.py] => prefix: reproduce
2026-05-27 05:25:25,732 [trainer.py] => dataset: imageneta
2026-05-27 05:25:25,732 [trainer.py] => memory_size: 0
2026-05-27 05:25:25,733 [trainer.py] => memory_per_class: 0
2026-05-27 05:25:25,733 [trainer.py] => fixed_memory: False
2026-05-27 05:25:25,733 [trainer.py] => shuffle: True
2026-05-27 05:25:25,733 [trainer.py] => init_cls: 100
2026-05-27 05:25:25,733 [trainer.py] => increment: 10
2026-05-27 05:25:25,733 [trainer.py] => model_name: sdlora
2026-05-27 05:25:25,733 [trainer.py] => backbone_type: vit_base_patch16_224_in21k_sdlora
2026-05-27 05:25:25,733 [trainer.py] => device: [device(type='cuda', index=0)]
2026-05-27 05:25:25,733 [trainer.py] => optimizer: adam
2026-05-27 05:25:25,733 [trainer.py] => scheduler: constant
2026-05-27 05:25:25,733 [trainer.py] => filepath: ./checkpoints/ImageNetA/
2026-05-27 05:25:25,733 [trainer.py] => seed: 1993
2026-05-27 05:25:25,733 [trainer.py] => init_epoch: 20
2026-05-27 05:25:25,733 [trainer.py] => init_lr: 0.01
2026-05-27 05:25:25,733 [trainer.py] => init_milestones: [10, 15]
2026-05-27 05:25:25,733 [trainer.py] => init_lr_decay: 0.05
2026-05-27 05:25:25,733 [trainer.py] => init_weight_decay: 0.0005
2026-05-27 05:25:25,733 [trainer.py] => epochs: 20
2026-05-27 05:25:25,733 [trainer.py] => lrate: 0.005
2026-05-27 05:25:25,734 [trainer.py] => milestones: [10, 15]
2026-05-27 05:25:25,734 [trainer.py] => lrate_decay: 0.05
2026-05-27 05:25:25,734 [trainer.py] => batch_size: 128
2026-05-27 05:25:25,734 [trainer.py] => weight_decay: 0.0005
2026-05-27 05:25:25,734 [trainer.py] => pretrained: True
2026-05-27 05:25:25,734 [trainer.py] => rank: 10
2026-05-27 05:25:25,734 [trainer.py] => nb_classes: 200
2026-05-27 05:25:25,734 [trainer.py] => nb_tasks: 11
2026-05-27 05:25:26,219 [data_manager.py] => [168, 136, 51, 9, 183, 101, 171, 99, 42, 159, 191, 70, 16, 188, 27, 10, 175, 26, 68, 187, 98, 6, 85, 35, 112, 43, 100, 0, 103, 181, 88, 59, 4, 2, 116, 174, 94, 80, 106, 1, 147, 17, 141, 131, 72, 23, 173, 54, 197, 118, 87, 32, 79, 104, 91, 19, 135, 107, 178, 36, 11, 199, 142, 8, 122, 3, 28, 57, 153, 172, 190, 56, 49, 44, 97, 62, 151, 169, 194, 55, 192, 12, 189, 78, 66, 180, 15, 137, 109, 134, 92, 119, 126, 52, 170, 40, 148, 65, 144, 64, 138, 45, 77, 89, 154, 90, 71, 193, 74, 30, 113, 143, 96, 84, 67, 50, 186, 156, 69, 21, 18, 111, 108, 58, 125, 157, 150, 110, 182, 129, 166, 83, 81, 60, 13, 165, 14, 176, 63, 117, 5, 22, 145, 121, 38, 41, 82, 127, 114, 20, 31, 53, 37, 163, 196, 130, 152, 162, 86, 76, 24, 34, 184, 149, 33, 128, 198, 155, 146, 167, 139, 120, 140, 102, 47, 25, 158, 123, 46, 164, 61, 7, 115, 75, 133, 160, 105, 132, 179, 124, 48, 73, 93, 39, 95, 195, 29, 177, 185, 161]
2026-05-27 05:25:31,169 [trainer.py] => All params: 171965973
2026-05-27 05:25:31,170 [trainer.py] => Trainable params: 368661
2026-05-27 05:25:31,171 [sdlora.py] => Learning on 0-100
2026-05-27 05:38:32,297 [sdlora.py] => Task 0, Epoch 20/20 => Loss 0.392, Train_accy 89.67
2026-05-27 05:38:39,178 [trainer.py] => No NME accuracy.
2026-05-27 05:38:39,179 [trainer.py] => CNN: {'total': 68.37, '00-99': 68.37, 'old': 0, 'new': 68.37}
2026-05-27 05:38:39,179 [trainer.py] => CNN top1 curve: [68.37]
2026-05-27 05:38:39,179 [trainer.py] => CNN top5 curve: [86.44]
2026-05-27 05:38:39,179 [trainer.py] => Average Accuracy (CNN): 68.37
2026-05-27 05:38:39,184 [trainer.py] => All params: 172042873
2026-05-27 05:38:39,189 [trainer.py] => Trainable params: 445561
2026-05-27 05:38:39,193 [sdlora.py] => Learning on 100-110
2026-05-27 05:40:30,615 [sdlora.py] => Task 1, Epoch 20/20 => Loss 0.152, Train_accy 80.00
2026-05-27 05:40:36,523 [trainer.py] => No NME accuracy.
2026-05-27 05:40:36,523 [trainer.py] => CNN: {'total': 61.49, '00-99': 61.59, '100-109': 60.0, 'old': 61.59, 'new': 60.0}
2026-05-27 05:40:36,524 [trainer.py] => CNN top1 curve: [68.37, 61.49]
2026-05-27 05:40:36,524 [trainer.py] => CNN top5 curve: [86.44, 84.68]
2026-05-27 05:40:36,524 [trainer.py] => Average Accuracy (CNN): 64.93
2026-05-27 05:40:36,529 [trainer.py] => All params: 172050563
2026-05-27 05:40:36,534 [trainer.py] => Trainable params: 453251
2026-05-27 05:40:36,538 [sdlora.py] => Learning on 110-120
2026-05-27 05:42:46,364 [sdlora.py] => Task 2, Epoch 20/20 => Loss 0.201, Train_accy 76.98
2026-05-27 05:42:52,469 [trainer.py] => No NME accuracy.
2026-05-27 05:42:52,470 [trainer.py] => CNN: {'total': 56.92, '00-99': 55.65, '100-109': 65.0, '110-119': 64.86, 'old': 56.27, 'new': 64.86}
2026-05-27 05:42:52,470 [trainer.py] => CNN top1 curve: [68.37, 61.49, 56.92]
2026-05-27 05:42:52,470 [trainer.py] => CNN top5 curve: [86.44, 84.68, 84.41]
2026-05-27 05:42:52,470 [trainer.py] => Average Accuracy (CNN): 62.26
2026-05-27 05:42:52,475 [trainer.py] => All params: 172058253
2026-05-27 05:42:52,479 [trainer.py] => Trainable params: 460941
2026-05-27 05:42:52,482 [sdlora.py] => Learning on 120-130
2026-05-27 05:44:49,324 [sdlora.py] => Task 3, Epoch 20/20 => Loss 0.400, Train_accy 48.26
2026-05-27 05:44:58,282 [trainer.py] => No NME accuracy.
2026-05-27 05:44:58,284 [trainer.py] => CNN: {'total': 54.59, '00-99': 53.63, '100-109': 68.33, '110-119': 68.92, '120-129': 36.67, 'old': 55.69, 'new': 36.67}
2026-05-27 05:44:58,284 [trainer.py] => CNN top1 curve: [68.37, 61.49, 56.92, 54.59]
2026-05-27 05:44:58,284 [trainer.py] => CNN top5 curve: [86.44, 84.68, 84.41, 83.77]
2026-05-27 05:44:58,285 [trainer.py] => Average Accuracy (CNN): 60.34
2026-05-27 05:44:58,290 [trainer.py] => All params: 172065943
2026-05-27 05:44:58,294 [trainer.py] => Trainable params: 468631
2026-05-27 05:44:58,299 [sdlora.py] => Learning on 130-140
2026-05-27 05:47:27,276 [sdlora.py] => Task 4, Epoch 20/20 => Loss 0.234, Train_accy 67.96
2026-05-27 05:47:34,108 [trainer.py] => No NME accuracy.
2026-05-27 05:47:34,109 [trainer.py] => CNN: {'total': 51.29, '00-99': 48.04, '100-109': 70.0, '110-119': 67.57, '120-129': 36.67, '130-139': 66.28, 'old': 50.05, 'new': 66.28}
2026-05-27 05:47:34,110 [trainer.py] => CNN top1 curve: [68.37, 61.49, 56.92, 54.59, 51.29]
2026-05-27 05:47:34,110 [trainer.py] => CNN top5 curve: [86.44, 84.68, 84.41, 83.77, 81.98]
2026-05-27 05:47:34,110 [trainer.py] => Average Accuracy (CNN): 58.53
2026-05-27 05:47:34,113 [trainer.py] => All params: 172073633
2026-05-27 05:47:34,115 [trainer.py] => Trainable params: 476321
2026-05-27 05:47:34,118 [sdlora.py] => Learning on 140-150
2026-05-27 05:50:14,104 [sdlora.py] => Task 5, Epoch 20/20 => Loss 0.325, Train_accy 62.80
2026-05-27 05:50:23,140 [trainer.py] => No NME accuracy.
2026-05-27 05:50:23,140 [trainer.py] => CNN: {'total': 48.45, '00-99': 43.76, '100-109': 68.33, '110-119': 64.86, '120-129': 35.0, '130-139': 67.44, '140-149': 57.89, 'old': 47.81, 'new': 57.89}
2026-05-27 05:50:23,140 [trainer.py] => CNN top1 curve: [68.37, 61.49, 56.92, 54.59, 51.29, 48.45]
2026-05-27 05:50:23,140 [trainer.py] => CNN top5 curve: [86.44, 84.68, 84.41, 83.77, 81.98, 81.2]
2026-05-27 05:50:23,140 [trainer.py] => Average Accuracy (CNN): 56.85
2026-05-27 05:50:23,143 [trainer.py] => All params: 172081323
2026-05-27 05:50:23,145 [trainer.py] => Trainable params: 484011
2026-05-27 05:50:23,147 [sdlora.py] => Learning on 150-160
2026-05-27 05:52:33,113 [sdlora.py] => Task 6, Epoch 20/20 => Loss 0.303, Train_accy 51.72
2026-05-27 05:52:42,209 [trainer.py] => No NME accuracy.
2026-05-27 05:52:42,209 [trainer.py] => CNN: {'total': 48.16, '00-99': 43.64, '100-109': 60.0, '110-119': 66.22, '120-129': 36.67, '130-139': 69.77, '140-149': 61.84, '150-159': 39.22, 'old': 48.54, 'new': 39.22}
2026-05-27 05:52:42,209 [trainer.py] => CNN top1 curve: [68.37, 61.49, 56.92, 54.59, 51.29, 48.45, 48.16]
2026-05-27 05:52:42,209 [trainer.py] => CNN top5 curve: [86.44, 84.68, 84.41, 83.77, 81.98, 81.2, 80.61]
2026-05-27 05:52:42,209 [trainer.py] => Average Accuracy (CNN): 55.61
2026-05-27 05:52:42,211 [trainer.py] => All params: 172089013
2026-05-27 05:52:42,213 [trainer.py] => Trainable params: 491701
2026-05-27 05:52:42,214 [sdlora.py] => Learning on 160-170
2026-05-27 05:55:41,637 [sdlora.py] => Task 7, Epoch 20/20 => Loss 0.381, Train_accy 50.90
2026-05-27 05:55:52,845 [trainer.py] => No NME accuracy.
2026-05-27 05:55:52,847 [trainer.py] => CNN: {'total': 46.74, '00-99': 40.78, '100-109': 63.33, '110-119': 64.86, '120-129': 33.33, '130-139': 68.6, '140-149': 59.21, '150-159': 47.06, '160-169': 54.12, 'old': 46.23, 'new': 54.12}
2026-05-27 05:55:52,847 [trainer.py] => CNN top1 curve: [68.37, 61.49, 56.92, 54.59, 51.29, 48.45, 48.16, 46.74]
2026-05-27 05:55:52,847 [trainer.py] => CNN top5 curve: [86.44, 84.68, 84.41, 83.77, 81.98, 81.2, 80.61, 79.14]
2026-05-27 05:55:52,848 [trainer.py] => Average Accuracy (CNN): 54.5
2026-05-27 05:55:52,853 [trainer.py] => All params: 172096703
2026-05-27 05:55:52,857 [trainer.py] => Trainable params: 499391
2026-05-27 05:55:52,860 [sdlora.py] => Learning on 170-180
2026-05-27 05:58:20,887 [sdlora.py] => Task 8, Epoch 20/20 => Loss 0.522, Train_accy 40.08
2026-05-27 05:58:31,183 [trainer.py] => No NME accuracy.
2026-05-27 05:58:31,183 [trainer.py] => CNN: {'total': 45.81, '00-99': 40.43, '100-109': 58.33, '110-119': 62.16, '120-129': 38.33, '130-139': 68.6, '140-149': 53.95, '150-159': 45.1, '160-169': 60.0, '170-179': 33.87, 'old': 46.36, 'new': 33.87}
2026-05-27 05:58:31,184 [trainer.py] => CNN top1 curve: [68.37, 61.49, 56.92, 54.59, 51.29, 48.45, 48.16, 46.74, 45.81]
2026-05-27 05:58:31,184 [trainer.py] => CNN top5 curve: [86.44, 84.68, 84.41, 83.77, 81.98, 81.2, 80.61, 79.14, 76.63]
2026-05-27 05:58:31,184 [trainer.py] => Average Accuracy (CNN): 53.54
2026-05-27 05:58:31,186 [trainer.py] => All params: 172104393
2026-05-27 05:58:31,187 [trainer.py] => Trainable params: 507081
2026-05-27 05:58:31,189 [sdlora.py] => Learning on 180-190
2026-05-27 06:00:56,596 [sdlora.py] => Task 9, Epoch 20/20 => Loss 0.282, Train_accy 55.56
2026-05-27 06:01:07,379 [trainer.py] => No NME accuracy.
2026-05-27 06:01:07,380 [trainer.py] => CNN: {'total': 41.28, '00-99': 32.94, '100-109': 58.33, '110-119': 59.46, '120-129': 35.0, '130-139': 63.95, '140-149': 55.26, '150-159': 45.1, '160-169': 55.29, '170-179': 46.77, '180-189': 48.72, 'old': 41.08, 'new': 48.72}
2026-05-27 06:01:07,380 [trainer.py] => CNN top1 curve: [68.37, 61.49, 56.92, 54.59, 51.29, 48.45, 48.16, 46.74, 45.81, 41.28]
2026-05-27 06:01:07,380 [trainer.py] => CNN top5 curve: [86.44, 84.68, 84.41, 83.77, 81.98, 81.2, 80.61, 79.14, 76.63, 74.48]
2026-05-27 06:01:07,380 [trainer.py] => Average Accuracy (CNN): 52.31
2026-05-27 06:01:07,382 [trainer.py] => All params: 172112083
2026-05-27 06:01:07,384 [trainer.py] => Trainable params: 514771
2026-05-27 06:01:07,387 [sdlora.py] => Learning on 190-200
2026-05-27 06:04:34,810 [sdlora.py] => Task 10, Epoch 20/20 => Loss 0.372, Train_accy 61.54
2026-05-27 06:04:46,884 [trainer.py] => No NME accuracy.
2026-05-27 06:04:46,884 [trainer.py] => CNN: {'total': 43.38, '00-99': 37.22, '100-109': 55.0, '110-119': 60.81, '120-129': 31.67, '130-139': 65.12, '140-149': 55.26, '150-159': 37.25, '160-169': 51.76, '170-179': 38.71, '180-189': 38.46, '190-199': 57.65, 'old': 42.54, 'new': 57.65}
2026-05-27 06:04:46,885 [trainer.py] => CNN top1 curve: [68.37, 61.49, 56.92, 54.59, 51.29, 48.45, 48.16, 46.74, 45.81, 41.28, 43.38]
2026-05-27 06:04:46,885 [trainer.py] => CNN top5 curve: [86.44, 84.68, 84.41, 83.77, 81.98, 81.2, 80.61, 79.14, 76.63, 74.48, 74.52]
2026-05-27 06:04:46,885 [trainer.py] => Average Accuracy (CNN): 51.5
