2026-05-25 21:28:31,612 [trainer.py] => config: ./configs/sdlora/sdlora_inr_B100_Inc5.json
2026-05-25 21:28:31,612 [trainer.py] => prefix: reproduce
2026-05-25 21:28:31,612 [trainer.py] => dataset: imagenetr
2026-05-25 21:28:31,613 [trainer.py] => memory_size: 0
2026-05-25 21:28:31,613 [trainer.py] => memory_per_class: 0
2026-05-25 21:28:31,613 [trainer.py] => fixed_memory: False
2026-05-25 21:28:31,613 [trainer.py] => shuffle: True
2026-05-25 21:28:31,613 [trainer.py] => init_cls: 100
2026-05-25 21:28:31,613 [trainer.py] => increment: 5
2026-05-25 21:28:31,613 [trainer.py] => model_name: sdlora
2026-05-25 21:28:31,613 [trainer.py] => backbone_type: vit_base_patch16_224_in21k_sdlora
2026-05-25 21:28:31,613 [trainer.py] => device: [device(type='cuda', index=0)]
2026-05-25 21:28:31,613 [trainer.py] => optimizer: adam
2026-05-25 21:28:31,613 [trainer.py] => scheduler: constant
2026-05-25 21:28:31,614 [trainer.py] => filepath: ./checkpoints/ImageNetR/
2026-05-25 21:28:31,614 [trainer.py] => seed: 1993
2026-05-25 21:28:31,614 [trainer.py] => init_epoch: 20
2026-05-25 21:28:31,614 [trainer.py] => init_lr: 0.01
2026-05-25 21:28:31,614 [trainer.py] => init_milestones: [10000]
2026-05-25 21:28:31,614 [trainer.py] => init_lr_decay: 0
2026-05-25 21:28:31,614 [trainer.py] => init_weight_decay: 0.0005
2026-05-25 21:28:31,614 [trainer.py] => epochs: 20
2026-05-25 21:28:31,614 [trainer.py] => lrate: 0.01
2026-05-25 21:28:31,614 [trainer.py] => milestones: [10000]
2026-05-25 21:28:31,614 [trainer.py] => lrate_decay: 0
2026-05-25 21:28:31,615 [trainer.py] => batch_size: 128
2026-05-25 21:28:31,615 [trainer.py] => weight_decay: 0.0002
2026-05-25 21:28:31,615 [trainer.py] => pretrained: True
2026-05-25 21:28:31,615 [trainer.py] => rank: 10
2026-05-25 21:28:31,615 [trainer.py] => nb_classes: 200
2026-05-25 21:28:31,615 [trainer.py] => nb_tasks: 21
2026-05-25 21:28:32,471 [data_manager.py] => [168, 136, 51, 9, 183, 101, 171, 99, 42, 159, 191, 70, 16, 188, 27, 10, 175, 26, 68, 187, 98, 6, 85, 35, 112, 43, 100, 0, 103, 181, 88, 59, 4, 2, 116, 174, 94, 80, 106, 1, 147, 17, 141, 131, 72, 23, 173, 54, 197, 118, 87, 32, 79, 104, 91, 19, 135, 107, 178, 36, 11, 199, 142, 8, 122, 3, 28, 57, 153, 172, 190, 56, 49, 44, 97, 62, 151, 169, 194, 55, 192, 12, 189, 78, 66, 180, 15, 137, 109, 134, 92, 119, 126, 52, 170, 40, 148, 65, 144, 64, 138, 45, 77, 89, 154, 90, 71, 193, 74, 30, 113, 143, 96, 84, 67, 50, 186, 156, 69, 21, 18, 111, 108, 58, 125, 157, 150, 110, 182, 129, 166, 83, 81, 60, 13, 165, 14, 176, 63, 117, 5, 22, 145, 121, 38, 41, 82, 127, 114, 20, 31, 53, 37, 163, 196, 130, 152, 162, 86, 76, 24, 34, 184, 149, 33, 128, 198, 155, 146, 167, 139, 120, 140, 102, 47, 25, 158, 123, 46, 164, 61, 7, 115, 75, 133, 160, 105, 132, 179, 124, 48, 73, 93, 39, 95, 195, 29, 177, 185, 161]
2026-05-25 21:28:36,747 [trainer.py] => All params: 171965973
2026-05-25 21:28:36,748 [trainer.py] => Trainable params: 368661
2026-05-25 21:28:36,749 [sdlora.py] => Learning on 0-100
2026-05-25 22:18:43,446 [sdlora.py] => Task 0, Epoch 20/20 => Loss 0.451, Train_accy 88.31
2026-05-25 22:19:02,201 [trainer.py] => No NME accuracy.
2026-05-25 22:19:02,202 [trainer.py] => CNN: {'total': 84.72, '00-99': 84.72, 'old': 0, 'new': 84.72}
2026-05-25 22:19:02,202 [trainer.py] => CNN top1 curve: [84.72]
2026-05-25 22:19:02,202 [trainer.py] => CNN top5 curve: [94.34]
2026-05-25 22:19:02,202 [trainer.py] => Average Accuracy (CNN): 84.72
2026-05-25 22:19:02,205 [trainer.py] => All params: 172042873
2026-05-25 22:19:02,208 [trainer.py] => Trainable params: 445561
2026-05-25 22:19:02,210 [sdlora.py] => Learning on 100-105
2026-05-25 22:23:27,320 [sdlora.py] => Task 1, Epoch 20/20 => Loss 0.089, Train_accy 86.02
2026-05-25 22:23:46,222 [trainer.py] => No NME accuracy.
2026-05-25 22:23:46,222 [trainer.py] => CNN: {'total': 73.06, '00-99': 72.26, '100-104': 88.82, 'old': 72.26, 'new': 88.82}
2026-05-25 22:23:46,222 [trainer.py] => CNN top1 curve: [84.72, 73.06]
2026-05-25 22:23:46,222 [trainer.py] => CNN top5 curve: [94.34, 88.27]
2026-05-25 22:23:46,222 [trainer.py] => Average Accuracy (CNN): 78.89
2026-05-25 22:23:46,224 [trainer.py] => All params: 172046718
2026-05-25 22:23:46,226 [trainer.py] => Trainable params: 449406
2026-05-25 22:23:46,228 [sdlora.py] => Learning on 105-110
2026-05-25 22:28:27,206 [sdlora.py] => Task 2, Epoch 20/20 => Loss 0.065, Train_accy 79.26
2026-05-25 22:28:49,142 [trainer.py] => No NME accuracy.
2026-05-25 22:28:49,143 [trainer.py] => CNN: {'total': 74.49, '00-99': 73.3, '100-104': 88.82, '105-109': 84.85, 'old': 74.05, 'new': 84.85}
2026-05-25 22:28:49,143 [trainer.py] => CNN top1 curve: [84.72, 73.06, 74.49]
2026-05-25 22:28:49,143 [trainer.py] => CNN top5 curve: [94.34, 88.27, 89.78]
2026-05-25 22:28:49,144 [trainer.py] => Average Accuracy (CNN): 77.42
2026-05-25 22:28:49,149 [trainer.py] => All params: 172050563
2026-05-25 22:28:49,153 [trainer.py] => Trainable params: 453251
2026-05-25 22:28:49,157 [sdlora.py] => Learning on 110-115
2026-05-25 22:33:45,078 [sdlora.py] => Task 3, Epoch 20/20 => Loss 0.067, Train_accy 79.05
2026-05-25 22:34:08,088 [trainer.py] => No NME accuracy.
2026-05-25 22:34:08,104 [trainer.py] => CNN: {'total': 73.51, '00-99': 71.99, '100-104': 90.13, '105-109': 83.33, '110-114': 78.57, 'old': 73.29, 'new': 78.57}
2026-05-25 22:34:08,104 [trainer.py] => CNN top1 curve: [84.72, 73.06, 74.49, 73.51]
2026-05-25 22:34:08,104 [trainer.py] => CNN top5 curve: [94.34, 88.27, 89.78, 90.11]
2026-05-25 22:34:08,104 [trainer.py] => Average Accuracy (CNN): 76.44
2026-05-25 22:34:08,106 [trainer.py] => All params: 172054408
2026-05-25 22:34:08,107 [trainer.py] => Trainable params: 457096
2026-05-25 22:34:08,111 [sdlora.py] => Learning on 115-120
2026-05-25 22:41:06,193 [sdlora.py] => Task 4, Epoch 20/20 => Loss 0.090, Train_accy 79.96
2026-05-25 22:41:31,092 [trainer.py] => No NME accuracy.
2026-05-25 22:41:31,100 [trainer.py] => CNN: {'total': 75.34, '00-99': 72.73, '100-104': 89.47, '105-109': 85.61, '110-114': 86.43, '115-119': 86.86, 'old': 74.54, 'new': 86.86}
2026-05-25 22:41:31,100 [trainer.py] => CNN top1 curve: [84.72, 73.06, 74.49, 73.51, 75.34]
2026-05-25 22:41:31,101 [trainer.py] => CNN top5 curve: [94.34, 88.27, 89.78, 90.11, 90.97]
2026-05-25 22:41:31,101 [trainer.py] => Average Accuracy (CNN): 76.22
2026-05-25 22:41:31,105 [trainer.py] => All params: 172058253
2026-05-25 22:41:31,109 [trainer.py] => Trainable params: 460941
2026-05-25 22:41:31,115 [sdlora.py] => Learning on 120-125
2026-05-25 22:47:06,050 [sdlora.py] => Task 5, Epoch 20/20 => Loss 0.133, Train_accy 73.05
2026-05-25 22:47:33,369 [trainer.py] => No NME accuracy.
2026-05-25 22:47:33,376 [trainer.py] => CNN: {'total': 74.51, '00-99': 71.59, '100-104': 90.13, '105-109': 81.06, '110-114': 85.0, '115-119': 87.29, '120-124': 80.62, 'old': 74.24, 'new': 80.62}
2026-05-25 22:47:33,376 [trainer.py] => CNN top1 curve: [84.72, 73.06, 74.49, 73.51, 75.34, 74.51]
2026-05-25 22:47:33,376 [trainer.py] => CNN top5 curve: [94.34, 88.27, 89.78, 90.11, 90.97, 90.99]
2026-05-25 22:47:33,376 [trainer.py] => Average Accuracy (CNN): 75.94
2026-05-25 22:47:33,379 [trainer.py] => All params: 172062098
2026-05-25 22:47:33,381 [trainer.py] => Trainable params: 464786
2026-05-25 22:47:33,383 [sdlora.py] => Learning on 125-130
2026-05-25 22:51:55,254 [sdlora.py] => Task 6, Epoch 20/20 => Loss 0.089, Train_accy 78.04
2026-05-25 22:52:10,942 [trainer.py] => No NME accuracy.
2026-05-25 22:52:10,942 [trainer.py] => CNN: {'total': 73.19, '00-99': 69.92, '100-104': 89.47, '105-109': 76.52, '110-114': 82.86, '115-119': 87.29, '120-124': 82.5, '125-129': 79.28, 'old': 73.01, 'new': 79.28}
2026-05-25 22:52:10,942 [trainer.py] => CNN top1 curve: [84.72, 73.06, 74.49, 73.51, 75.34, 74.51, 73.19]
2026-05-25 22:52:10,942 [trainer.py] => CNN top5 curve: [94.34, 88.27, 89.78, 90.11, 90.97, 90.99, 90.27]
2026-05-25 22:52:10,942 [trainer.py] => Average Accuracy (CNN): 75.55
2026-05-25 22:52:10,945 [trainer.py] => All params: 172065943
2026-05-25 22:52:10,946 [trainer.py] => Trainable params: 468631
2026-05-25 22:52:10,948 [sdlora.py] => Learning on 130-135
2026-05-25 22:57:42,188 [sdlora.py] => Task 7, Epoch 20/20 => Loss 0.083, Train_accy 85.13
2026-05-25 22:58:11,773 [trainer.py] => No NME accuracy.
2026-05-25 22:58:11,783 [trainer.py] => CNN: {'total': 71.49, '00-99': 67.67, '100-104': 86.84, '105-109': 75.76, '110-114': 82.86, '115-119': 87.29, '120-124': 79.38, '125-129': 73.87, '130-134': 83.45, 'old': 71.07, 'new': 83.45}
2026-05-25 22:58:11,783 [trainer.py] => CNN top1 curve: [84.72, 73.06, 74.49, 73.51, 75.34, 74.51, 73.19, 71.49]
2026-05-25 22:58:11,783 [trainer.py] => CNN top5 curve: [94.34, 88.27, 89.78, 90.11, 90.97, 90.99, 90.27, 90.01]
2026-05-25 22:58:11,784 [trainer.py] => Average Accuracy (CNN): 75.04
2026-05-25 22:58:11,788 [trainer.py] => All params: 172069788
2026-05-25 22:58:11,792 [trainer.py] => Trainable params: 472476
2026-05-25 22:58:11,795 [sdlora.py] => Learning on 135-140
2026-05-25 23:05:18,713 [sdlora.py] => Task 8, Epoch 20/20 => Loss 0.134, Train_accy 74.28
2026-05-25 23:05:50,955 [trainer.py] => No NME accuracy.
2026-05-25 23:05:50,969 [trainer.py] => CNN: {'total': 69.58, '00-99': 64.96, '100-104': 85.53, '105-109': 75.0, '110-114': 81.43, '115-119': 84.32, '120-124': 70.62, '125-129': 75.68, '130-134': 84.89, '135-139': 85.53, 'old': 68.95, 'new': 85.53}
2026-05-25 23:05:50,969 [trainer.py] => CNN top1 curve: [84.72, 73.06, 74.49, 73.51, 75.34, 74.51, 73.19, 71.49, 69.58]
2026-05-25 23:05:50,969 [trainer.py] => CNN top5 curve: [94.34, 88.27, 89.78, 90.11, 90.97, 90.99, 90.27, 90.01, 90.2]
2026-05-25 23:05:50,969 [trainer.py] => Average Accuracy (CNN): 74.43
2026-05-25 23:05:50,971 [trainer.py] => All params: 172073633
2026-05-25 23:05:50,983 [trainer.py] => Trainable params: 476321
2026-05-25 23:05:50,986 [sdlora.py] => Learning on 140-145
2026-05-25 23:13:37,196 [sdlora.py] => Task 9, Epoch 20/20 => Loss 0.099, Train_accy 77.49
2026-05-25 23:14:12,676 [trainer.py] => No NME accuracy.
2026-05-25 23:14:12,692 [trainer.py] => CNN: {'total': 69.81, '00-99': 64.36, '100-104': 83.55, '105-109': 74.24, '110-114': 80.0, '115-119': 83.47, '120-124': 70.62, '125-129': 70.27, '130-134': 85.61, '135-139': 87.42, '140-144': 88.24, 'old': 68.91, 'new': 88.24}
2026-05-25 23:14:12,692 [trainer.py] => CNN top1 curve: [84.72, 73.06, 74.49, 73.51, 75.34, 74.51, 73.19, 71.49, 69.58, 69.81]
2026-05-25 23:14:12,693 [trainer.py] => CNN top5 curve: [94.34, 88.27, 89.78, 90.11, 90.97, 90.99, 90.27, 90.01, 90.2, 89.86]
2026-05-25 23:14:12,693 [trainer.py] => Average Accuracy (CNN): 73.97
2026-05-25 23:14:12,698 [trainer.py] => All params: 172077478
2026-05-25 23:14:12,702 [trainer.py] => Trainable params: 480166
2026-05-25 23:14:12,708 [sdlora.py] => Learning on 145-150
2026-05-25 23:22:03,214 [sdlora.py] => Task 10, Epoch 20/20 => Loss 0.081, Train_accy 71.64
2026-05-25 23:22:40,958 [trainer.py] => No NME accuracy.
2026-05-25 23:22:40,971 [trainer.py] => CNN: {'total': 69.16, '00-99': 63.55, '100-104': 80.92, '105-109': 71.97, '110-114': 77.86, '115-119': 84.75, '120-124': 68.75, '125-129': 70.27, '130-134': 84.17, '135-139': 86.79, '140-144': 89.22, '145-149': 73.01, 'old': 69.01, 'new': 73.01}
2026-05-25 23:22:40,971 [trainer.py] => CNN top1 curve: [84.72, 73.06, 74.49, 73.51, 75.34, 74.51, 73.19, 71.49, 69.58, 69.81, 69.16]
2026-05-25 23:22:40,971 [trainer.py] => CNN top5 curve: [94.34, 88.27, 89.78, 90.11, 90.97, 90.99, 90.27, 90.01, 90.2, 89.86, 89.7]
2026-05-25 23:22:40,972 [trainer.py] => Average Accuracy (CNN): 73.53
2026-05-25 23:22:40,977 [trainer.py] => All params: 172081323
2026-05-25 23:22:40,981 [trainer.py] => Trainable params: 484011
2026-05-25 23:22:40,987 [sdlora.py] => Learning on 150-155
2026-05-25 23:31:38,876 [sdlora.py] => Task 11, Epoch 20/20 => Loss 0.093, Train_accy 66.71
2026-05-25 23:32:18,490 [trainer.py] => No NME accuracy.
2026-05-25 23:32:18,504 [trainer.py] => CNN: {'total': 69.9, '00-99': 63.99, '100-104': 81.58, '105-109': 71.21, '110-114': 77.14, '115-119': 84.32, '120-124': 68.75, '125-129': 68.47, '130-134': 84.17, '135-139': 87.42, '140-144': 90.2, '145-149': 75.46, '150-154': 79.37, 'old': 69.5, 'new': 79.37}
2026-05-25 23:32:18,505 [trainer.py] => CNN top1 curve: [84.72, 73.06, 74.49, 73.51, 75.34, 74.51, 73.19, 71.49, 69.58, 69.81, 69.16, 69.9]
2026-05-25 23:32:18,505 [trainer.py] => CNN top5 curve: [94.34, 88.27, 89.78, 90.11, 90.97, 90.99, 90.27, 90.01, 90.2, 89.86, 89.7, 90.1]
2026-05-25 23:32:18,505 [trainer.py] => Average Accuracy (CNN): 73.23
2026-05-25 23:32:18,508 [trainer.py] => All params: 172085168
2026-05-25 23:32:18,511 [trainer.py] => Trainable params: 487856
2026-05-25 23:32:18,513 [sdlora.py] => Learning on 155-160
2026-05-25 23:40:19,742 [sdlora.py] => Task 12, Epoch 20/20 => Loss 0.115, Train_accy 59.74
2026-05-25 23:41:01,745 [trainer.py] => No NME accuracy.
2026-05-25 23:41:01,773 [trainer.py] => CNN: {'total': 69.35, '00-99': 63.35, '100-104': 78.95, '105-109': 73.48, '110-114': 78.57, '115-119': 83.05, '120-124': 68.12, '125-129': 69.37, '130-134': 83.45, '135-139': 87.42, '140-144': 90.2, '145-149': 77.91, '150-154': 79.37, '155-159': 64.74, 'old': 69.52, 'new': 64.74}
2026-05-25 23:41:01,774 [trainer.py] => CNN top1 curve: [84.72, 73.06, 74.49, 73.51, 75.34, 74.51, 73.19, 71.49, 69.58, 69.81, 69.16, 69.9, 69.35]
2026-05-25 23:41:01,774 [trainer.py] => CNN top5 curve: [94.34, 88.27, 89.78, 90.11, 90.97, 90.99, 90.27, 90.01, 90.2, 89.86, 89.7, 90.1, 89.44]
2026-05-25 23:41:01,774 [trainer.py] => Average Accuracy (CNN): 72.93
2026-05-25 23:41:01,777 [trainer.py] => All params: 172089013
2026-05-25 23:41:01,779 [trainer.py] => Trainable params: 491701
2026-05-25 23:41:01,781 [sdlora.py] => Learning on 160-165
2026-05-25 23:47:59,243 [sdlora.py] => Task 13, Epoch 20/20 => Loss 0.146, Train_accy 67.73
2026-05-25 23:48:43,695 [trainer.py] => No NME accuracy.
2026-05-25 23:48:43,714 [trainer.py] => CNN: {'total': 69.67, '00-99': 63.62, '100-104': 79.61, '105-109': 73.48, '110-114': 80.71, '115-119': 83.05, '120-124': 66.88, '125-129': 68.47, '130-134': 84.17, '135-139': 88.68, '140-144': 88.73, '145-149': 76.69, '150-154': 80.95, '155-159': 67.05, '160-164': 71.29, 'old': 69.63, 'new': 71.29}
2026-05-25 23:48:43,714 [trainer.py] => CNN top1 curve: [84.72, 73.06, 74.49, 73.51, 75.34, 74.51, 73.19, 71.49, 69.58, 69.81, 69.16, 69.9, 69.35, 69.67]
2026-05-25 23:48:43,714 [trainer.py] => CNN top5 curve: [94.34, 88.27, 89.78, 90.11, 90.97, 90.99, 90.27, 90.01, 90.2, 89.86, 89.7, 90.1, 89.44, 89.35]
2026-05-25 23:48:43,714 [trainer.py] => Average Accuracy (CNN): 72.7
2026-05-25 23:48:43,717 [trainer.py] => All params: 172092858
2026-05-25 23:48:43,718 [trainer.py] => Trainable params: 495546
2026-05-25 23:48:43,721 [sdlora.py] => Learning on 165-170
2026-05-25 23:57:10,292 [sdlora.py] => Task 14, Epoch 20/20 => Loss 0.137, Train_accy 62.05
2026-05-25 23:57:56,901 [trainer.py] => No NME accuracy.
2026-05-25 23:57:56,909 [trainer.py] => CNN: {'total': 69.15, '00-99': 62.98, '100-104': 82.89, '105-109': 75.0, '110-114': 80.0, '115-119': 83.47, '120-124': 66.88, '125-129': 68.47, '130-134': 82.73, '135-139': 88.05, '140-144': 88.73, '145-149': 76.69, '150-154': 78.31, '155-159': 68.21, '160-164': 71.29, '165-169': 62.79, 'old': 69.31, 'new': 62.79}
2026-05-25 23:57:56,909 [trainer.py] => CNN top1 curve: [84.72, 73.06, 74.49, 73.51, 75.34, 74.51, 73.19, 71.49, 69.58, 69.81, 69.16, 69.9, 69.35, 69.67, 69.15]
2026-05-25 23:57:56,909 [trainer.py] => CNN top5 curve: [94.34, 88.27, 89.78, 90.11, 90.97, 90.99, 90.27, 90.01, 90.2, 89.86, 89.7, 90.1, 89.44, 89.35, 88.69]
2026-05-25 23:57:56,909 [trainer.py] => Average Accuracy (CNN): 72.46
2026-05-25 23:57:56,912 [trainer.py] => All params: 172096703
2026-05-25 23:57:56,915 [trainer.py] => Trainable params: 499391
2026-05-25 23:57:56,918 [sdlora.py] => Learning on 170-175
2026-05-26 00:05:46,943 [sdlora.py] => Task 15, Epoch 20/20 => Loss 0.089, Train_accy 77.11
2026-05-26 00:06:35,990 [trainer.py] => No NME accuracy.
2026-05-26 00:06:36,009 [trainer.py] => CNN: {'total': 68.76, '00-99': 61.51, '100-104': 81.58, '105-109': 73.48, '110-114': 80.71, '115-119': 82.2, '120-124': 66.88, '125-129': 67.57, '130-134': 82.01, '135-139': 87.42, '140-144': 87.75, '145-149': 73.01, '150-154': 82.01, '155-159': 67.05, '160-164': 71.29, '165-169': 69.77, '170-174': 89.31, 'old': 68.24, 'new': 89.31}
2026-05-26 00:06:36,009 [trainer.py] => CNN top1 curve: [84.72, 73.06, 74.49, 73.51, 75.34, 74.51, 73.19, 71.49, 69.58, 69.81, 69.16, 69.9, 69.35, 69.67, 69.15, 68.76]
2026-05-26 00:06:36,010 [trainer.py] => CNN top5 curve: [94.34, 88.27, 89.78, 90.11, 90.97, 90.99, 90.27, 90.01, 90.2, 89.86, 89.7, 90.1, 89.44, 89.35, 88.69, 88.76]
2026-05-26 00:06:36,010 [trainer.py] => Average Accuracy (CNN): 72.23
2026-05-26 00:06:36,012 [trainer.py] => All params: 172100548
2026-05-26 00:06:36,013 [trainer.py] => Trainable params: 503236
2026-05-26 00:06:36,016 [sdlora.py] => Learning on 175-180
2026-05-26 00:14:50,949 [sdlora.py] => Task 16, Epoch 20/20 => Loss 0.083, Train_accy 81.67
2026-05-26 00:15:41,687 [trainer.py] => No NME accuracy.
2026-05-26 00:15:41,699 [trainer.py] => CNN: {'total': 67.55, '00-99': 59.33, '100-104': 82.24, '105-109': 72.73, '110-114': 80.71, '115-119': 81.78, '120-124': 65.62, '125-129': 68.47, '130-134': 82.73, '135-139': 87.42, '140-144': 87.75, '145-149': 71.17, '150-154': 77.78, '155-159': 67.05, '160-164': 70.3, '165-169': 66.67, '170-174': 87.79, '175-179': 84.62, 'old': 67.18, 'new': 84.62}
2026-05-26 00:15:41,699 [trainer.py] => CNN top1 curve: [84.72, 73.06, 74.49, 73.51, 75.34, 74.51, 73.19, 71.49, 69.58, 69.81, 69.16, 69.9, 69.35, 69.67, 69.15, 68.76, 67.55]
2026-05-26 00:15:41,699 [trainer.py] => CNN top5 curve: [94.34, 88.27, 89.78, 90.11, 90.97, 90.99, 90.27, 90.01, 90.2, 89.86, 89.7, 90.1, 89.44, 89.35, 88.69, 88.76, 88.38]
2026-05-26 00:15:41,699 [trainer.py] => Average Accuracy (CNN): 71.96
2026-05-26 00:15:41,702 [trainer.py] => All params: 172104393
2026-05-26 00:15:41,703 [trainer.py] => Trainable params: 507081
2026-05-26 00:15:41,705 [sdlora.py] => Learning on 180-185
2026-05-26 00:24:52,342 [sdlora.py] => Task 17, Epoch 20/20 => Loss 0.106, Train_accy 63.11
2026-05-26 00:25:45,807 [trainer.py] => No NME accuracy.
2026-05-26 00:25:45,821 [trainer.py] => CNN: {'total': 67.03, '00-99': 58.96, '100-104': 82.89, '105-109': 72.73, '110-114': 77.14, '115-119': 76.27, '120-124': 65.0, '125-129': 65.77, '130-134': 82.01, '135-139': 88.05, '140-144': 87.25, '145-149': 71.78, '150-154': 76.19, '155-159': 67.05, '160-164': 72.28, '165-169': 68.22, '170-174': 87.02, '175-179': 83.76, '180-184': 70.34, 'old': 66.94, 'new': 70.34}
2026-05-26 00:25:45,821 [trainer.py] => CNN top1 curve: [84.72, 73.06, 74.49, 73.51, 75.34, 74.51, 73.19, 71.49, 69.58, 69.81, 69.16, 69.9, 69.35, 69.67, 69.15, 68.76, 67.55, 67.03]
2026-05-26 00:25:45,821 [trainer.py] => CNN top5 curve: [94.34, 88.27, 89.78, 90.11, 90.97, 90.99, 90.27, 90.01, 90.2, 89.86, 89.7, 90.1, 89.44, 89.35, 88.69, 88.76, 88.38, 88.02]
2026-05-26 00:25:45,821 [trainer.py] => Average Accuracy (CNN): 71.68
2026-05-26 00:25:45,825 [trainer.py] => All params: 172108238
2026-05-26 00:25:45,829 [trainer.py] => Trainable params: 510926
2026-05-26 00:25:45,834 [sdlora.py] => Learning on 185-190
2026-05-26 00:35:36,057 [sdlora.py] => Task 18, Epoch 20/20 => Loss 0.126, Train_accy 70.63
2026-05-26 00:36:32,190 [trainer.py] => No NME accuracy.
2026-05-26 00:36:32,201 [trainer.py] => CNN: {'total': 66.73, '00-99': 57.72, '100-104': 78.95, '105-109': 74.24, '110-114': 80.71, '115-119': 76.69, '120-124': 64.38, '125-129': 66.67, '130-134': 83.45, '135-139': 88.05, '140-144': 86.76, '145-149': 69.33, '150-154': 76.72, '155-159': 68.79, '160-164': 72.28, '165-169': 69.77, '170-174': 86.26, '175-179': 83.76, '180-184': 72.41, '185-189': 74.85, 'old': 66.49, 'new': 74.85}
2026-05-26 00:36:32,202 [trainer.py] => CNN top1 curve: [84.72, 73.06, 74.49, 73.51, 75.34, 74.51, 73.19, 71.49, 69.58, 69.81, 69.16, 69.9, 69.35, 69.67, 69.15, 68.76, 67.55, 67.03, 66.73]
2026-05-26 00:36:32,202 [trainer.py] => CNN top5 curve: [94.34, 88.27, 89.78, 90.11, 90.97, 90.99, 90.27, 90.01, 90.2, 89.86, 89.7, 90.1, 89.44, 89.35, 88.69, 88.76, 88.38, 88.02, 88.06]
2026-05-26 00:36:32,202 [trainer.py] => Average Accuracy (CNN): 71.42
2026-05-26 00:36:32,207 [trainer.py] => All params: 172112083
2026-05-26 00:36:32,211 [trainer.py] => Trainable params: 514771
2026-05-26 00:36:32,216 [sdlora.py] => Learning on 190-195
2026-05-26 00:46:44,442 [sdlora.py] => Task 19, Epoch 20/20 => Loss 0.059, Train_accy 42.81
2026-05-26 00:47:43,001 [trainer.py] => No NME accuracy.
2026-05-26 00:47:43,017 [trainer.py] => CNN: {'total': 65.85, '00-99': 57.72, '100-104': 79.61, '105-109': 71.97, '110-114': 78.57, '115-119': 74.15, '120-124': 65.0, '125-129': 63.06, '130-134': 84.17, '135-139': 88.05, '140-144': 85.78, '145-149': 69.94, '150-154': 76.72, '155-159': 66.47, '160-164': 75.25, '165-169': 67.44, '170-174': 82.44, '175-179': 84.62, '180-184': 71.03, '185-189': 78.53, '190-194': 44.81, 'old': 66.42, 'new': 44.81}
2026-05-26 00:47:43,017 [trainer.py] => CNN top1 curve: [84.72, 73.06, 74.49, 73.51, 75.34, 74.51, 73.19, 71.49, 69.58, 69.81, 69.16, 69.9, 69.35, 69.67, 69.15, 68.76, 67.55, 67.03, 66.73, 65.85]
2026-05-26 00:47:43,017 [trainer.py] => CNN top5 curve: [94.34, 88.27, 89.78, 90.11, 90.97, 90.99, 90.27, 90.01, 90.2, 89.86, 89.7, 90.1, 89.44, 89.35, 88.69, 88.76, 88.38, 88.02, 88.06, 87.44]
2026-05-26 00:47:43,018 [trainer.py] => Average Accuracy (CNN): 71.14
2026-05-26 00:47:43,022 [trainer.py] => All params: 172115928
2026-05-26 00:47:43,026 [trainer.py] => Trainable params: 518616
2026-05-26 00:47:43,032 [sdlora.py] => Learning on 195-200
2026-05-26 00:57:29,555 [sdlora.py] => Task 20, Epoch 20/20 => Loss 0.071, Train_accy 83.21
2026-05-26 00:58:29,812 [trainer.py] => No NME accuracy.
2026-05-26 00:58:29,845 [trainer.py] => CNN: {'total': 65.27, '00-99': 56.25, '100-104': 83.55, '105-109': 74.24, '110-114': 75.0, '115-119': 75.85, '120-124': 60.62, '125-129': 64.86, '130-134': 83.45, '135-139': 87.42, '140-144': 83.82, '145-149': 71.78, '150-154': 77.25, '155-159': 65.32, '160-164': 71.29, '165-169': 49.61, '170-174': 83.21, '175-179': 83.76, '180-184': 72.41, '185-189': 77.91, '190-194': 50.0, '195-199': 89.74, 'old': 64.78, 'new': 89.74}
2026-05-26 00:58:29,845 [trainer.py] => CNN top1 curve: [84.72, 73.06, 74.49, 73.51, 75.34, 74.51, 73.19, 71.49, 69.58, 69.81, 69.16, 69.9, 69.35, 69.67, 69.15, 68.76, 67.55, 67.03, 66.73, 65.85, 65.27]
2026-05-26 00:58:29,845 [trainer.py] => CNN top5 curve: [94.34, 88.27, 89.78, 90.11, 90.97, 90.99, 90.27, 90.01, 90.2, 89.86, 89.7, 90.1, 89.44, 89.35, 88.69, 88.76, 88.38, 88.02, 88.06, 87.44, 87.5]
2026-05-26 00:58:29,846 [trainer.py] => Average Accuracy (CNN): 70.86
