2026-06-08 11:54:07,684 [trainer.py] => config: ./configs/der/der_cifar_B50_Inc10.json
2026-06-08 11:54:07,685 [trainer.py] => prefix: reproduce
2026-06-08 11:54:07,685 [trainer.py] => dataset: cifar224
2026-06-08 11:54:07,685 [trainer.py] => memory_size: 2000
2026-06-08 11:54:07,685 [trainer.py] => memory_per_class: 20
2026-06-08 11:54:07,685 [trainer.py] => fixed_memory: False
2026-06-08 11:54:07,685 [trainer.py] => shuffle: True
2026-06-08 11:54:07,685 [trainer.py] => init_cls: 50
2026-06-08 11:54:07,685 [trainer.py] => increment: 10
2026-06-08 11:54:07,685 [trainer.py] => model_name: der
2026-06-08 11:54:07,685 [trainer.py] => backbone_type: vit_base_patch16_224_in21k
2026-06-08 11:54:07,685 [trainer.py] => device: [device(type='cuda', index=3)]
2026-06-08 11:54:07,685 [trainer.py] => seed: 42
2026-06-08 11:54:07,686 [trainer.py] => init_epoch: 20
2026-06-08 11:54:07,686 [trainer.py] => init_lr: 0.001
2026-06-08 11:54:07,686 [trainer.py] => init_milestones: [60, 120, 170]
2026-06-08 11:54:07,686 [trainer.py] => init_lr_decay: 0.1
2026-06-08 11:54:07,686 [trainer.py] => init_weight_decay: 0.0005
2026-06-08 11:54:07,686 [trainer.py] => epochs: 20
2026-06-08 11:54:07,686 [trainer.py] => lrate: 0.001
2026-06-08 11:54:07,686 [trainer.py] => milestones: [80, 120, 150]
2026-06-08 11:54:07,686 [trainer.py] => lrate_decay: 0.1
2026-06-08 11:54:07,686 [trainer.py] => batch_size: 48
2026-06-08 11:54:07,686 [trainer.py] => weight_decay: 0.0002
2026-06-08 11:54:07,686 [trainer.py] => T: 2
2026-06-08 11:54:09,037 [data_manager.py] => [83, 53, 70, 45, 44, 39, 22, 80, 10, 0, 18, 30, 73, 33, 90, 4, 76, 77, 12, 31, 55, 88, 26, 42, 69, 15, 40, 96, 9, 72, 11, 47, 85, 28, 93, 5, 66, 65, 35, 16, 49, 34, 7, 95, 27, 19, 81, 25, 62, 13, 24, 3, 17, 38, 8, 78, 6, 64, 36, 89, 56, 99, 54, 43, 50, 67, 46, 68, 61, 97, 79, 41, 58, 48, 98, 57, 75, 32, 94, 59, 63, 84, 37, 29, 1, 52, 21, 2, 23, 87, 91, 74, 86, 82, 20, 60, 71, 14, 92, 51]
2026-06-08 11:54:22,843 [trainer.py] => All params: 0
2026-06-08 11:54:22,843 [trainer.py] => Trainable params: 0
2026-06-08 11:54:28,032 [der.py] => Learning on 0-50
2026-06-08 11:54:28,033 [der.py] => All params: 85876325
2026-06-08 11:54:28,034 [der.py] => Trainable params: 85876325
2026-06-08 18:19:27,121 [der.py] => Task 0, Epoch 20/20 => Loss 0.380, Train_accy 89.07
2026-06-08 18:19:27,144 [base.py] => Reducing exemplars...(40 per classes)
2026-06-08 18:19:27,144 [base.py] => Constructing exemplars...(40 per classes)
2026-06-08 18:29:18,896 [der.py] => Exemplar size: 2000
2026-06-08 18:29:18,933 [trainer.py] => CNN: {'total': 91.98, '00-49': 91.98, 'old': 0, 'new': 91.98}
2026-06-08 18:29:18,933 [trainer.py] => NME: {'total': 92.2, '00-49': 92.2, 'old': 0, 'new': 92.2}
2026-06-08 18:29:18,933 [trainer.py] => CNN top1 curve: [91.98]
2026-06-08 18:29:18,934 [trainer.py] => CNN top5 curve: [99.28]
2026-06-08 18:29:18,934 [trainer.py] => NME top1 curve: [92.2]
2026-06-08 18:29:18,934 [trainer.py] => NME top5 curve: [99.18]
2026-06-08 18:29:18,934 [trainer.py] => Average Accuracy (CNN): 91.98
2026-06-08 18:29:18,934 [trainer.py] => Average Accuracy (NME): 92.2
2026-06-08 18:29:18,937 [trainer.py] => All params: 85876325
2026-06-08 18:29:18,939 [trainer.py] => Trainable params: 85876325
2026-06-08 18:29:22,638 [der.py] => Learning on 50-60
2026-06-08 18:29:22,640 [der.py] => All params: 171697991
2026-06-08 18:29:22,641 [der.py] => Trainable params: 85899335
2026-06-08 21:02:22,603 [der.py] => Task 1, Epoch 20/20 => Loss 0.470, Loss_clf 0.260, Loss_aux 0.210, Train_accy 92.43
2026-06-08 21:02:22,621 [base.py] => Reducing exemplars...(33 per classes)
2026-06-08 21:03:26,034 [base.py] => Constructing exemplars...(33 per classes)
2026-06-08 21:12:17,076 [der.py] => Exemplar size: 1980
2026-06-08 21:12:17,106 [trainer.py] => CNN: {'total': 89.72, '00-49': 88.34, '50-59': 96.6, 'old': 88.34, 'new': 96.6}
2026-06-08 21:12:17,106 [trainer.py] => NME: {'total': 91.32, '00-49': 90.62, '50-59': 94.8, 'old': 90.62, 'new': 94.8}
2026-06-08 21:12:17,106 [trainer.py] => CNN top1 curve: [91.98, 89.72]
2026-06-08 21:12:17,106 [trainer.py] => CNN top5 curve: [99.28, 98.72]
2026-06-08 21:12:17,107 [trainer.py] => NME top1 curve: [92.2, 91.32]
2026-06-08 21:12:17,107 [trainer.py] => NME top5 curve: [99.18, 99.13]
2026-06-08 21:12:17,109 [trainer.py] => Average Accuracy (CNN): 90.85
2026-06-08 21:12:17,109 [trainer.py] => Average Accuracy (NME): 91.76
2026-06-08 21:12:17,110 [trainer.py] => All params: 171697991
2026-06-08 21:12:17,111 [trainer.py] => Trainable params: 85899335
2026-06-08 21:12:20,643 [der.py] => Learning on 60-70
2026-06-08 21:12:20,646 [der.py] => All params: 257565777
2026-06-08 21:12:20,647 [der.py] => Trainable params: 85968465
2026-06-09 00:28:46,406 [der.py] => Task 2, Epoch 20/20 => Loss 0.430, Loss_clf 0.240, Loss_aux 0.190, Train_accy 93.44
2026-06-09 00:28:46,415 [base.py] => Reducing exemplars...(28 per classes)
2026-06-09 00:30:23,363 [base.py] => Constructing exemplars...(28 per classes)
2026-06-09 00:44:45,412 [der.py] => Exemplar size: 1960
2026-06-09 00:44:45,448 [trainer.py] => CNN: {'total': 87.57, '00-49': 85.54, '50-59': 87.7, '60-69': 97.6, 'old': 85.9, 'new': 97.6}
2026-06-09 00:44:45,448 [trainer.py] => NME: {'total': 89.57, '00-49': 88.14, '50-59': 91.5, '60-69': 94.8, 'old': 88.7, 'new': 94.8}
2026-06-09 00:44:45,448 [trainer.py] => CNN top1 curve: [91.98, 89.72, 87.57]
2026-06-09 00:44:45,448 [trainer.py] => CNN top5 curve: [99.28, 98.72, 97.87]
2026-06-09 00:44:45,448 [trainer.py] => NME top1 curve: [92.2, 91.32, 89.57]
2026-06-09 00:44:45,448 [trainer.py] => NME top5 curve: [99.18, 99.13, 98.87]
2026-06-09 00:44:45,448 [trainer.py] => Average Accuracy (CNN): 89.76
2026-06-09 00:44:45,448 [trainer.py] => Average Accuracy (NME): 91.03
2026-06-09 00:44:45,450 [trainer.py] => All params: 257565777
2026-06-09 00:44:45,452 [trainer.py] => Trainable params: 85968465
2026-06-09 00:44:48,985 [der.py] => Learning on 70-80
2026-06-09 00:44:48,988 [der.py] => All params: 343448923
2026-06-09 00:44:48,990 [der.py] => Trainable params: 86052955
2026-06-09 04:46:57,646 [der.py] => Task 3, Epoch 20/20 => Loss 0.434, Loss_clf 0.253, Loss_aux 0.181, Train_accy 93.25
2026-06-09 04:46:57,658 [base.py] => Reducing exemplars...(25 per classes)
2026-06-09 04:49:07,694 [base.py] => Constructing exemplars...(25 per classes)
2026-06-09 05:10:21,635 [der.py] => Exemplar size: 2000
2026-06-09 05:10:21,678 [trainer.py] => CNN: {'total': 85.21, '00-49': 81.94, '50-59': 86.0, '60-69': 87.3, '70-79': 98.7, 'old': 83.29, 'new': 98.7}
2026-06-09 05:10:21,678 [trainer.py] => NME: {'total': 88.52, '00-49': 85.84, '50-59': 90.6, '60-69': 93.3, '70-79': 95.1, 'old': 87.59, 'new': 95.1}
2026-06-09 05:10:21,678 [trainer.py] => CNN top1 curve: [91.98, 89.72, 87.57, 85.21]
2026-06-09 05:10:21,678 [trainer.py] => CNN top5 curve: [99.28, 98.72, 97.87, 97.71]
2026-06-09 05:10:21,678 [trainer.py] => NME top1 curve: [92.2, 91.32, 89.57, 88.52]
2026-06-09 05:10:21,678 [trainer.py] => NME top5 curve: [99.18, 99.13, 98.87, 98.74]
2026-06-09 05:10:21,678 [trainer.py] => Average Accuracy (CNN): 88.62
2026-06-09 05:10:21,679 [trainer.py] => Average Accuracy (NME): 90.4
2026-06-09 05:10:21,681 [trainer.py] => All params: 343448923
2026-06-09 05:10:21,683 [trainer.py] => Trainable params: 86052955
2026-06-09 05:10:24,972 [der.py] => Learning on 80-90
2026-06-09 05:10:24,976 [der.py] => All params: 429347429
2026-06-09 05:10:24,979 [der.py] => Trainable params: 86152805
2026-06-09 10:03:50,247 [der.py] => Task 4, Epoch 20/20 => Loss 0.449, Loss_clf 0.256, Loss_aux 0.193, Train_accy 93.03
2026-06-09 10:03:50,259 [base.py] => Reducing exemplars...(22 per classes)
2026-06-09 10:06:33,642 [base.py] => Constructing exemplars...(22 per classes)
2026-06-09 10:36:05,946 [der.py] => Exemplar size: 1980
2026-06-09 10:36:05,975 [trainer.py] => CNN: {'total': 82.93, '00-49': 77.84, '50-59': 82.7, '60-69': 86.7, '70-79': 90.3, '80-89': 97.5, 'old': 81.11, 'new': 97.5}
2026-06-09 10:36:05,976 [trainer.py] => NME: {'total': 86.5, '00-49': 82.2, '50-59': 88.4, '60-69': 93.4, '70-79': 93.6, '80-89': 92.1, 'old': 85.8, 'new': 92.1}
2026-06-09 10:36:05,976 [trainer.py] => CNN top1 curve: [91.98, 89.72, 87.57, 85.21, 82.93]
2026-06-09 10:36:05,976 [trainer.py] => CNN top5 curve: [99.28, 98.72, 97.87, 97.71, 96.76]
2026-06-09 10:36:05,976 [trainer.py] => NME top1 curve: [92.2, 91.32, 89.57, 88.52, 86.5]
2026-06-09 10:36:05,977 [trainer.py] => NME top5 curve: [99.18, 99.13, 98.87, 98.74, 98.21]
2026-06-09 10:36:05,977 [trainer.py] => Average Accuracy (CNN): 87.48
2026-06-09 10:36:05,977 [trainer.py] => Average Accuracy (NME): 89.62
2026-06-09 10:36:05,987 [trainer.py] => All params: 429347429
2026-06-09 10:36:05,994 [trainer.py] => Trainable params: 86152805
2026-06-09 10:36:09,446 [der.py] => Learning on 90-100
2026-06-09 10:36:09,451 [der.py] => All params: 515261295
2026-06-09 10:36:09,454 [der.py] => Trainable params: 86268015
2026-06-09 16:15:30,314 [der.py] => Task 5, Epoch 20/20 => Loss 0.384, Loss_clf 0.231, Loss_aux 0.153, Train_accy 93.34
2026-06-09 16:15:30,328 [base.py] => Reducing exemplars...(20 per classes)
2026-06-09 16:18:51,007 [base.py] => Constructing exemplars...(20 per classes)
2026-06-09 16:57:10,894 [der.py] => Exemplar size: 2000
2026-06-09 16:57:10,917 [trainer.py] => CNN: {'total': 80.9, '00-49': 74.6, '50-59': 82.6, '60-69': 82.5, '70-79': 90.6, '80-89': 83.0, '90-99': 97.3, 'old': 79.08, 'new': 97.3}
2026-06-09 16:57:10,918 [trainer.py] => NME: {'total': 85.18, '00-49': 80.04, '50-59': 87.3, '60-69': 90.7, '70-79': 92.8, '80-89': 89.5, '90-99': 91.3, 'old': 84.5, 'new': 91.3}
2026-06-09 16:57:10,918 [trainer.py] => CNN top1 curve: [91.98, 89.72, 87.57, 85.21, 82.93, 80.9]
2026-06-09 16:57:10,918 [trainer.py] => CNN top5 curve: [99.28, 98.72, 97.87, 97.71, 96.76, 96.37]
2026-06-09 16:57:10,918 [trainer.py] => NME top1 curve: [92.2, 91.32, 89.57, 88.52, 86.5, 85.18]
2026-06-09 16:57:10,919 [trainer.py] => NME top5 curve: [99.18, 99.13, 98.87, 98.74, 98.21, 97.77]
2026-06-09 16:57:10,919 [trainer.py] => Average Accuracy (CNN): 86.38
2026-06-09 16:57:10,919 [trainer.py] => Average Accuracy (NME): 88.88
