2026-05-23 04:11:40,464 [trainer.py] => config: ./configs/simplecil/simplecil_cifar_B50_Inc10.json
2026-05-23 04:11:40,464 [trainer.py] => prefix:  
2026-05-23 04:11:40,464 [trainer.py] => dataset: cifar224
2026-05-23 04:11:40,465 [trainer.py] => memory_size: 0
2026-05-23 04:11:40,465 [trainer.py] => memory_per_class: 0
2026-05-23 04:11:40,465 [trainer.py] => fixed_memory: False
2026-05-23 04:11:40,465 [trainer.py] => shuffle: True
2026-05-23 04:11:40,465 [trainer.py] => init_cls: 50
2026-05-23 04:11:40,465 [trainer.py] => increment: 10
2026-05-23 04:11:40,465 [trainer.py] => model_name: simplecil
2026-05-23 04:11:40,465 [trainer.py] => backbone_type: pretrained_vit_b16_224_in21k
2026-05-23 04:11:40,465 [trainer.py] => device: [device(type='cuda', index=2)]
2026-05-23 04:11:40,465 [trainer.py] => seed: 1993
2026-05-23 04:11:40,465 [trainer.py] => tuned_epoch: 0
2026-05-23 04:11:40,466 [trainer.py] => init_lr: 0.01
2026-05-23 04:11:40,466 [trainer.py] => batch_size: 48
2026-05-23 04:11:40,466 [trainer.py] => weight_decay: 0.05
2026-05-23 04:11:40,466 [trainer.py] => min_lr: 1e-08
2026-05-23 04:11:40,466 [trainer.py] => optimizer: sgd
2026-05-23 04:11:40,466 [trainer.py] => vpt_type: shallow
2026-05-23 04:11:40,466 [trainer.py] => prompt_token_num: 3
2026-05-23 04:11:40,466 [trainer.py] => nb_classes: 100
2026-05-23 04:11:40,466 [trainer.py] => nb_tasks: 6
2026-05-23 04:11:43,477 [data_manager.py] => [68, 56, 78, 8, 23, 84, 90, 65, 74, 76, 40, 89, 3, 92, 55, 9, 26, 80, 43, 38, 58, 70, 77, 1, 85, 19, 17, 50, 28, 53, 13, 81, 45, 82, 6, 59, 83, 16, 15, 44, 91, 41, 72, 60, 79, 52, 20, 10, 31, 54, 37, 95, 14, 71, 96, 98, 97, 2, 64, 66, 42, 22, 35, 86, 24, 34, 87, 21, 99, 0, 88, 27, 18, 94, 11, 12, 47, 25, 30, 46, 62, 69, 36, 61, 7, 63, 75, 5, 32, 4, 51, 48, 73, 93, 39, 67, 29, 49, 57, 33]
2026-05-23 04:11:51,281 [trainer.py] => All params: 85798656
2026-05-23 04:11:51,287 [trainer.py] => Trainable params: 85798656
2026-05-23 04:11:51,297 [simplecil.py] => Learning on 0-50
2026-05-23 04:20:11,722 [trainer.py] => No NME accuracy.
2026-05-23 04:20:11,738 [trainer.py] => CNN: {'total': 87.22, '00-49': 87.22, 'old': 0, 'new': 87.22}
2026-05-23 04:20:11,738 [trainer.py] => CNN top1 curve: [87.22]
2026-05-23 04:20:11,738 [trainer.py] => CNN top5 curve: [97.48]
2026-05-23 04:20:11,739 [trainer.py] => Average Accuracy (CNN): 87.22
2026-05-23 04:20:11,740 [trainer.py] => All params: 85837057
2026-05-23 04:20:11,740 [trainer.py] => Trainable params: 85837057
2026-05-23 04:20:11,769 [simplecil.py] => Learning on 50-60
2026-05-23 04:23:10,714 [trainer.py] => No NME accuracy.
2026-05-23 04:23:10,751 [trainer.py] => CNN: {'total': 85.47, '00-49': 85.68, '50-59': 84.4, 'old': 85.68, 'new': 84.4}
2026-05-23 04:23:10,752 [trainer.py] => CNN top1 curve: [87.22, 85.47]
2026-05-23 04:23:10,752 [trainer.py] => CNN top5 curve: [97.48, 96.63]
2026-05-23 04:23:10,753 [trainer.py] => Average Accuracy (CNN): 86.34
2026-05-23 04:23:10,755 [trainer.py] => All params: 85844737
2026-05-23 04:23:10,756 [trainer.py] => Trainable params: 85844737
2026-05-23 04:23:10,784 [simplecil.py] => Learning on 60-70
2026-05-23 04:26:14,083 [trainer.py] => No NME accuracy.
2026-05-23 04:26:14,097 [trainer.py] => CNN: {'total': 85.07, '00-49': 85.2, '50-59': 82.0, '60-69': 87.5, 'old': 84.67, 'new': 87.5}
2026-05-23 04:26:14,099 [trainer.py] => CNN top1 curve: [87.22, 85.47, 85.07]
2026-05-23 04:26:14,099 [trainer.py] => CNN top5 curve: [97.48, 96.63, 96.57]
2026-05-23 04:26:14,100 [trainer.py] => Average Accuracy (CNN): 85.92
2026-05-23 04:26:14,102 [trainer.py] => All params: 85852417
2026-05-23 04:26:14,104 [trainer.py] => Trainable params: 85852417
2026-05-23 04:26:14,119 [simplecil.py] => Learning on 70-80
2026-05-23 04:29:16,690 [trainer.py] => No NME accuracy.
2026-05-23 04:29:16,750 [trainer.py] => CNN: {'total': 82.55, '00-49': 84.1, '50-59': 79.0, '60-69': 84.6, '70-79': 76.3, 'old': 83.44, 'new': 76.3}
2026-05-23 04:29:16,750 [trainer.py] => CNN top1 curve: [87.22, 85.47, 85.07, 82.55]
2026-05-23 04:29:16,750 [trainer.py] => CNN top5 curve: [97.48, 96.63, 96.57, 95.81]
2026-05-23 04:29:16,751 [trainer.py] => Average Accuracy (CNN): 85.08
2026-05-23 04:29:16,751 [trainer.py] => All params: 85860097
2026-05-23 04:29:16,752 [trainer.py] => Trainable params: 85860097
2026-05-23 04:29:16,773 [simplecil.py] => Learning on 80-90
2026-05-23 04:32:40,296 [trainer.py] => No NME accuracy.
2026-05-23 04:32:40,323 [trainer.py] => CNN: {'total': 81.8, '00-49': 83.26, '50-59': 78.5, '60-69': 83.9, '70-79': 75.7, '80-89': 81.8, 'old': 81.8, 'new': 81.8}
2026-05-23 04:32:40,323 [trainer.py] => CNN top1 curve: [87.22, 85.47, 85.07, 82.55, 81.8]
2026-05-23 04:32:40,324 [trainer.py] => CNN top5 curve: [97.48, 96.63, 96.57, 95.81, 95.43]
2026-05-23 04:32:40,324 [trainer.py] => Average Accuracy (CNN): 84.42
2026-05-23 04:32:40,325 [trainer.py] => All params: 85867777
2026-05-23 04:32:40,325 [trainer.py] => Trainable params: 85867777
2026-05-23 04:32:40,347 [simplecil.py] => Learning on 90-100
2026-05-23 04:36:46,773 [trainer.py] => No NME accuracy.
2026-05-23 04:36:46,792 [trainer.py] => CNN: {'total': 81.28, '00-49': 82.44, '50-59': 77.4, '60-69': 83.5, '70-79': 74.7, '80-89': 81.3, '90-99': 83.7, 'old': 81.01, 'new': 83.7}
2026-05-23 04:36:46,792 [trainer.py] => CNN top1 curve: [87.22, 85.47, 85.07, 82.55, 81.8, 81.28]
2026-05-23 04:36:46,792 [trainer.py] => CNN top5 curve: [97.48, 96.63, 96.57, 95.81, 95.43, 95.01]
2026-05-23 04:36:46,793 [trainer.py] => Average Accuracy (CNN): 83.9
