2026-05-23 08:12:47,117 [trainer.py] => config: ./configs/simplecil/simplecil_cub_B100_Inc5.json
2026-05-23 08:12:47,117 [trainer.py] => prefix:  
2026-05-23 08:12:47,117 [trainer.py] => dataset: cub
2026-05-23 08:12:47,118 [trainer.py] => memory_size: 0
2026-05-23 08:12:47,118 [trainer.py] => memory_per_class: 0
2026-05-23 08:12:47,118 [trainer.py] => fixed_memory: False
2026-05-23 08:12:47,118 [trainer.py] => shuffle: True
2026-05-23 08:12:47,118 [trainer.py] => init_cls: 100
2026-05-23 08:12:47,119 [trainer.py] => increment: 5
2026-05-23 08:12:47,119 [trainer.py] => model_name: simplecil
2026-05-23 08:12:47,119 [trainer.py] => backbone_type: pretrained_vit_b16_224_in21k
2026-05-23 08:12:47,119 [trainer.py] => device: [device(type='cuda', index=2)]
2026-05-23 08:12:47,119 [trainer.py] => seed: 1993
2026-05-23 08:12:47,120 [trainer.py] => tuned_epoch: 0
2026-05-23 08:12:47,120 [trainer.py] => init_lr: 0.01
2026-05-23 08:12:47,120 [trainer.py] => batch_size: 256
2026-05-23 08:12:47,120 [trainer.py] => weight_decay: 0.05
2026-05-23 08:12:47,120 [trainer.py] => min_lr: 1e-08
2026-05-23 08:12:47,120 [trainer.py] => optimizer: sgd
2026-05-23 08:12:47,120 [trainer.py] => vpt_type: shallow
2026-05-23 08:12:47,121 [trainer.py] => prompt_token_num: 3
2026-05-23 08:12:47,121 [trainer.py] => nb_classes: 200
2026-05-23 08:12:47,121 [trainer.py] => nb_tasks: 21
2026-05-23 08:12:47,719 [data_manager.py] => [168, 136, 51, 9, 183, 101, 171, 99, 42, 159, 191, 70, 16, 188, 27, 10, 175, 26, 68, 187, 98, 6, 85, 35, 112, 43, 100, 0, 103, 181, 88, 59, 4, 2, 116, 174, 94, 80, 106, 1, 147, 17, 141, 131, 72, 23, 173, 54, 197, 118, 87, 32, 79, 104, 91, 19, 135, 107, 178, 36, 11, 199, 142, 8, 122, 3, 28, 57, 153, 172, 190, 56, 49, 44, 97, 62, 151, 169, 194, 55, 192, 12, 189, 78, 66, 180, 15, 137, 109, 134, 92, 119, 126, 52, 170, 40, 148, 65, 144, 64, 138, 45, 77, 89, 154, 90, 71, 193, 74, 30, 113, 143, 96, 84, 67, 50, 186, 156, 69, 21, 18, 111, 108, 58, 125, 157, 150, 110, 182, 129, 166, 83, 81, 60, 13, 165, 14, 176, 63, 117, 5, 22, 145, 121, 38, 41, 82, 127, 114, 20, 31, 53, 37, 163, 196, 130, 152, 162, 86, 76, 24, 34, 184, 149, 33, 128, 198, 155, 146, 167, 139, 120, 140, 102, 47, 25, 158, 123, 46, 164, 61, 7, 115, 75, 133, 160, 105, 132, 179, 124, 48, 73, 93, 39, 95, 195, 29, 177, 185, 161]
2026-05-23 08:12:54,969 [trainer.py] => All params: 85798656
2026-05-23 08:12:54,978 [trainer.py] => Trainable params: 85798656
2026-05-23 08:12:54,992 [simplecil.py] => Learning on 0-100
2026-05-23 08:14:59,874 [trainer.py] => No NME accuracy.
2026-05-23 08:14:59,890 [trainer.py] => CNN: {'total': 91.92, '00-99': 91.92, 'old': 0, 'new': 91.92}
2026-05-23 08:14:59,890 [trainer.py] => CNN top1 curve: [91.92]
2026-05-23 08:14:59,890 [trainer.py] => CNN top5 curve: [99.07]
2026-05-23 08:14:59,891 [trainer.py] => Average Accuracy (CNN): 91.92
2026-05-23 08:14:59,893 [trainer.py] => All params: 85875457
2026-05-23 08:14:59,894 [trainer.py] => Trainable params: 85875457
2026-05-23 08:14:59,915 [simplecil.py] => Learning on 100-105
2026-05-23 08:15:59,835 [trainer.py] => No NME accuracy.
2026-05-23 08:15:59,836 [trainer.py] => CNN: {'total': 92.11, '00-99': 91.84, '100-104': 98.15, 'old': 91.84, 'new': 98.15}
2026-05-23 08:15:59,836 [trainer.py] => CNN top1 curve: [91.92, 92.11]
2026-05-23 08:15:59,836 [trainer.py] => CNN top5 curve: [99.07, 99.03]
2026-05-23 08:15:59,836 [trainer.py] => Average Accuracy (CNN): 92.02
2026-05-23 08:15:59,837 [trainer.py] => All params: 85879297
2026-05-23 08:15:59,838 [trainer.py] => Trainable params: 85879297
2026-05-23 08:15:59,861 [simplecil.py] => Learning on 105-110
2026-05-23 08:16:58,307 [trainer.py] => No NME accuracy.
2026-05-23 08:16:58,307 [trainer.py] => CNN: {'total': 91.71, '00-99': 91.67, '100-104': 98.15, '105-109': 86.89, 'old': 91.95, 'new': 86.89}
2026-05-23 08:16:58,307 [trainer.py] => CNN top1 curve: [91.92, 92.11, 91.71]
2026-05-23 08:16:58,308 [trainer.py] => CNN top5 curve: [99.07, 99.03, 99.0]
2026-05-23 08:16:58,308 [trainer.py] => Average Accuracy (CNN): 91.91
2026-05-23 08:16:58,308 [trainer.py] => All params: 85883137
2026-05-23 08:16:58,309 [trainer.py] => Trainable params: 85883137
2026-05-23 08:16:58,326 [simplecil.py] => Learning on 110-115
2026-05-23 08:18:01,522 [trainer.py] => No NME accuracy.
2026-05-23 08:18:01,536 [trainer.py] => CNN: {'total': 91.08, '00-99': 91.33, '100-104': 98.15, '105-109': 86.89, '110-114': 84.38, 'old': 91.4, 'new': 84.38}
2026-05-23 08:18:01,536 [trainer.py] => CNN top1 curve: [91.92, 92.11, 91.71, 91.08]
2026-05-23 08:18:01,536 [trainer.py] => CNN top5 curve: [99.07, 99.03, 99.0, 98.83]
2026-05-23 08:18:01,537 [trainer.py] => Average Accuracy (CNN): 91.7
2026-05-23 08:18:01,538 [trainer.py] => All params: 85886977
2026-05-23 08:18:01,540 [trainer.py] => Trainable params: 85886977
2026-05-23 08:18:01,562 [simplecil.py] => Learning on 115-120
2026-05-23 08:19:00,975 [trainer.py] => No NME accuracy.
2026-05-23 08:19:00,975 [trainer.py] => CNN: {'total': 90.18, '00-99': 90.57, '100-104': 98.15, '105-109': 86.89, '110-114': 84.38, '115-119': 83.67, 'old': 90.42, 'new': 83.67}
2026-05-23 08:19:00,975 [trainer.py] => CNN top1 curve: [91.92, 92.11, 91.71, 91.08, 90.18]
2026-05-23 08:19:00,975 [trainer.py] => CNN top5 curve: [99.07, 99.03, 99.0, 98.83, 98.87]
2026-05-23 08:19:00,975 [trainer.py] => Average Accuracy (CNN): 91.4
2026-05-23 08:19:00,977 [trainer.py] => All params: 85890817
2026-05-23 08:19:00,977 [trainer.py] => Trainable params: 85890817
2026-05-23 08:19:01,059 [simplecil.py] => Learning on 120-125
2026-05-23 08:20:01,379 [trainer.py] => No NME accuracy.
2026-05-23 08:20:01,380 [trainer.py] => CNN: {'total': 89.76, '00-99': 90.24, '100-104': 98.15, '105-109': 86.89, '110-114': 84.38, '115-119': 83.67, '120-124': 85.71, 'old': 89.9, 'new': 85.71}
2026-05-23 08:20:01,380 [trainer.py] => CNN top1 curve: [91.92, 92.11, 91.71, 91.08, 90.18, 89.76]
2026-05-23 08:20:01,380 [trainer.py] => CNN top5 curve: [99.07, 99.03, 99.0, 98.83, 98.87, 98.91]
2026-05-23 08:20:01,380 [trainer.py] => Average Accuracy (CNN): 91.13
2026-05-23 08:20:01,382 [trainer.py] => All params: 85894657
2026-05-23 08:20:01,383 [trainer.py] => Trainable params: 85894657
2026-05-23 08:20:01,400 [simplecil.py] => Learning on 125-130
2026-05-23 08:21:01,948 [trainer.py] => No NME accuracy.
2026-05-23 08:21:01,974 [trainer.py] => CNN: {'total': 89.3, '00-99': 89.73, '100-104': 98.15, '105-109': 86.89, '110-114': 84.38, '115-119': 83.67, '120-124': 77.55, '125-129': 94.83, 'old': 89.08, 'new': 94.83}
2026-05-23 08:21:01,974 [trainer.py] => CNN top1 curve: [91.92, 92.11, 91.71, 91.08, 90.18, 89.76, 89.3]
2026-05-23 08:21:01,974 [trainer.py] => CNN top5 curve: [99.07, 99.03, 99.0, 98.83, 98.87, 98.91, 98.88]
2026-05-23 08:21:01,974 [trainer.py] => Average Accuracy (CNN): 90.87
2026-05-23 08:21:01,976 [trainer.py] => All params: 85898497
2026-05-23 08:21:01,977 [trainer.py] => Trainable params: 85898497
2026-05-23 08:21:01,994 [simplecil.py] => Learning on 130-135
2026-05-23 08:22:05,245 [trainer.py] => No NME accuracy.
2026-05-23 08:22:05,247 [trainer.py] => CNN: {'total': 89.2, '00-99': 89.73, '100-104': 98.15, '105-109': 86.89, '110-114': 84.38, '115-119': 83.67, '120-124': 75.51, '125-129': 94.83, '130-134': 88.33, 'old': 89.23, 'new': 88.33}
2026-05-23 08:22:05,247 [trainer.py] => CNN top1 curve: [91.92, 92.11, 91.71, 91.08, 90.18, 89.76, 89.3, 89.2]
2026-05-23 08:22:05,247 [trainer.py] => CNN top5 curve: [99.07, 99.03, 99.0, 98.83, 98.87, 98.91, 98.88, 98.8]
2026-05-23 08:22:05,248 [trainer.py] => Average Accuracy (CNN): 90.66
2026-05-23 08:22:05,250 [trainer.py] => All params: 85902337
2026-05-23 08:22:05,252 [trainer.py] => Trainable params: 85902337
2026-05-23 08:22:05,287 [simplecil.py] => Learning on 135-140
2026-05-23 08:23:04,438 [trainer.py] => No NME accuracy.
2026-05-23 08:23:04,439 [trainer.py] => CNN: {'total': 88.97, '00-99': 89.73, '100-104': 98.15, '105-109': 86.89, '110-114': 84.38, '115-119': 83.67, '120-124': 71.43, '125-129': 91.38, '130-134': 88.33, '135-139': 89.66, 'old': 88.95, 'new': 89.66}
2026-05-23 08:23:04,439 [trainer.py] => CNN top1 curve: [91.92, 92.11, 91.71, 91.08, 90.18, 89.76, 89.3, 89.2, 88.97]
2026-05-23 08:23:04,440 [trainer.py] => CNN top5 curve: [99.07, 99.03, 99.0, 98.83, 98.87, 98.91, 98.88, 98.8, 98.72]
2026-05-23 08:23:04,440 [trainer.py] => Average Accuracy (CNN): 90.47
2026-05-23 08:23:04,442 [trainer.py] => All params: 85906177
2026-05-23 08:23:04,443 [trainer.py] => Trainable params: 85906177
2026-05-23 08:23:04,465 [simplecil.py] => Learning on 140-145
2026-05-23 08:24:00,700 [trainer.py] => No NME accuracy.
2026-05-23 08:24:00,737 [trainer.py] => CNN: {'total': 88.34, '00-99': 89.48, '100-104': 98.15, '105-109': 86.89, '110-114': 82.81, '115-119': 83.67, '120-124': 71.43, '125-129': 91.38, '130-134': 88.33, '135-139': 89.66, '140-144': 77.19, 'old': 88.73, 'new': 77.19}
2026-05-23 08:24:00,738 [trainer.py] => CNN top1 curve: [91.92, 92.11, 91.71, 91.08, 90.18, 89.76, 89.3, 89.2, 88.97, 88.34]
2026-05-23 08:24:00,738 [trainer.py] => CNN top5 curve: [99.07, 99.03, 99.0, 98.83, 98.87, 98.91, 98.88, 98.8, 98.72, 98.7]
2026-05-23 08:24:00,738 [trainer.py] => Average Accuracy (CNN): 90.26
2026-05-23 08:24:00,740 [trainer.py] => All params: 85910017
2026-05-23 08:24:00,741 [trainer.py] => Trainable params: 85910017
2026-05-23 08:24:00,772 [simplecil.py] => Learning on 145-150
2026-05-23 08:25:03,235 [trainer.py] => No NME accuracy.
2026-05-23 08:25:03,236 [trainer.py] => CNN: {'total': 88.29, '00-99': 89.23, '100-104': 98.15, '105-109': 86.89, '110-114': 82.81, '115-119': 83.67, '120-124': 71.43, '125-129': 91.38, '130-134': 88.33, '135-139': 89.66, '140-144': 77.19, '145-149': 91.3, 'old': 88.16, 'new': 91.3}
2026-05-23 08:25:03,236 [trainer.py] => CNN top1 curve: [91.92, 92.11, 91.71, 91.08, 90.18, 89.76, 89.3, 89.2, 88.97, 88.34, 88.29]
2026-05-23 08:25:03,236 [trainer.py] => CNN top5 curve: [99.07, 99.03, 99.0, 98.83, 98.87, 98.91, 98.88, 98.8, 98.72, 98.7, 98.64]
2026-05-23 08:25:03,237 [trainer.py] => Average Accuracy (CNN): 90.08
2026-05-23 08:25:03,239 [trainer.py] => All params: 85913857
2026-05-23 08:25:03,240 [trainer.py] => Trainable params: 85913857
2026-05-23 08:25:03,264 [simplecil.py] => Learning on 150-155
2026-05-23 08:26:09,908 [trainer.py] => No NME accuracy.
2026-05-23 08:26:09,909 [trainer.py] => CNN: {'total': 88.4, '00-99': 89.06, '100-104': 98.15, '105-109': 86.89, '110-114': 82.81, '115-119': 83.67, '120-124': 71.43, '125-129': 91.38, '130-134': 88.33, '135-139': 89.66, '140-144': 77.19, '145-149': 91.3, '150-154': 95.0, 'old': 88.17, 'new': 95.0}
2026-05-23 08:26:09,909 [trainer.py] => CNN top1 curve: [91.92, 92.11, 91.71, 91.08, 90.18, 89.76, 89.3, 89.2, 88.97, 88.34, 88.29, 88.4]
2026-05-23 08:26:09,909 [trainer.py] => CNN top5 curve: [99.07, 99.03, 99.0, 98.83, 98.87, 98.91, 98.88, 98.8, 98.72, 98.7, 98.64, 98.69]
2026-05-23 08:26:09,909 [trainer.py] => Average Accuracy (CNN): 89.94
2026-05-23 08:26:09,910 [trainer.py] => All params: 85917697
2026-05-23 08:26:09,911 [trainer.py] => Trainable params: 85917697
2026-05-23 08:26:09,938 [simplecil.py] => Learning on 155-160
2026-05-23 08:27:13,024 [trainer.py] => No NME accuracy.
2026-05-23 08:27:13,064 [trainer.py] => CNN: {'total': 88.47, '00-99': 89.06, '100-104': 92.59, '105-109': 86.89, '110-114': 82.81, '115-119': 83.67, '120-124': 71.43, '125-129': 91.38, '130-134': 88.33, '135-139': 89.66, '140-144': 77.19, '145-149': 91.3, '150-154': 95.0, '155-159': 95.31, 'old': 88.23, 'new': 95.31}
2026-05-23 08:27:13,065 [trainer.py] => CNN top1 curve: [91.92, 92.11, 91.71, 91.08, 90.18, 89.76, 89.3, 89.2, 88.97, 88.34, 88.29, 88.4, 88.47]
2026-05-23 08:27:13,065 [trainer.py] => CNN top5 curve: [99.07, 99.03, 99.0, 98.83, 98.87, 98.91, 98.88, 98.8, 98.72, 98.7, 98.64, 98.69, 98.68]
2026-05-23 08:27:13,066 [trainer.py] => Average Accuracy (CNN): 89.83
2026-05-23 08:27:13,068 [trainer.py] => All params: 85921537
2026-05-23 08:27:13,070 [trainer.py] => Trainable params: 85921537
2026-05-23 08:27:13,096 [simplecil.py] => Learning on 160-165
2026-05-23 08:28:18,807 [trainer.py] => No NME accuracy.
2026-05-23 08:28:18,807 [trainer.py] => CNN: {'total': 88.36, '00-99': 88.97, '100-104': 92.59, '105-109': 86.89, '110-114': 82.81, '115-119': 83.67, '120-124': 71.43, '125-129': 91.38, '130-134': 88.33, '135-139': 89.66, '140-144': 77.19, '145-149': 91.3, '150-154': 95.0, '155-159': 95.31, '160-164': 86.84, 'old': 88.42, 'new': 86.84}
2026-05-23 08:28:18,808 [trainer.py] => CNN top1 curve: [91.92, 92.11, 91.71, 91.08, 90.18, 89.76, 89.3, 89.2, 88.97, 88.34, 88.29, 88.4, 88.47, 88.36]
2026-05-23 08:28:18,808 [trainer.py] => CNN top5 curve: [99.07, 99.03, 99.0, 98.83, 98.87, 98.91, 98.88, 98.8, 98.72, 98.7, 98.64, 98.69, 98.68, 98.68]
2026-05-23 08:28:18,808 [trainer.py] => Average Accuracy (CNN): 89.72
2026-05-23 08:28:18,809 [trainer.py] => All params: 85925377
2026-05-23 08:28:18,809 [trainer.py] => Trainable params: 85925377
2026-05-23 08:28:18,832 [simplecil.py] => Learning on 165-170
2026-05-23 08:29:24,472 [trainer.py] => No NME accuracy.
2026-05-23 08:29:24,473 [trainer.py] => CNN: {'total': 87.95, '00-99': 88.55, '100-104': 92.59, '105-109': 86.89, '110-114': 82.81, '115-119': 83.67, '120-124': 71.43, '125-129': 91.38, '130-134': 86.67, '135-139': 89.66, '140-144': 73.68, '145-149': 91.3, '150-154': 95.0, '155-159': 95.31, '160-164': 86.84, '165-169': 87.93, 'old': 87.95, 'new': 87.93}
2026-05-23 08:29:24,474 [trainer.py] => CNN top1 curve: [91.92, 92.11, 91.71, 91.08, 90.18, 89.76, 89.3, 89.2, 88.97, 88.34, 88.29, 88.4, 88.47, 88.36, 87.95]
2026-05-23 08:29:24,474 [trainer.py] => CNN top5 curve: [99.07, 99.03, 99.0, 98.83, 98.87, 98.91, 98.88, 98.8, 98.72, 98.7, 98.64, 98.69, 98.68, 98.68, 98.52]
2026-05-23 08:29:24,474 [trainer.py] => Average Accuracy (CNN): 89.6
2026-05-23 08:29:24,476 [trainer.py] => All params: 85929217
2026-05-23 08:29:24,478 [trainer.py] => Trainable params: 85929217
2026-05-23 08:29:24,500 [simplecil.py] => Learning on 170-175
2026-05-23 08:30:35,101 [trainer.py] => No NME accuracy.
2026-05-23 08:30:35,127 [trainer.py] => CNN: {'total': 87.94, '00-99': 88.47, '100-104': 92.59, '105-109': 86.89, '110-114': 82.81, '115-119': 83.67, '120-124': 71.43, '125-129': 91.38, '130-134': 86.67, '135-139': 89.66, '140-144': 73.68, '145-149': 91.3, '150-154': 95.0, '155-159': 93.75, '160-164': 86.84, '165-169': 87.93, '170-174': 91.67, 'old': 87.85, 'new': 91.67}
2026-05-23 08:30:35,127 [trainer.py] => CNN top1 curve: [91.92, 92.11, 91.71, 91.08, 90.18, 89.76, 89.3, 89.2, 88.97, 88.34, 88.29, 88.4, 88.47, 88.36, 87.95, 87.94]
2026-05-23 08:30:35,127 [trainer.py] => CNN top5 curve: [99.07, 99.03, 99.0, 98.83, 98.87, 98.91, 98.88, 98.8, 98.72, 98.7, 98.64, 98.69, 98.68, 98.68, 98.52, 98.41]
2026-05-23 08:30:35,128 [trainer.py] => Average Accuracy (CNN): 89.5
2026-05-23 08:30:35,129 [trainer.py] => All params: 85933057
2026-05-23 08:30:35,130 [trainer.py] => Trainable params: 85933057
2026-05-23 08:30:35,153 [simplecil.py] => Learning on 175-180
2026-05-23 08:31:39,753 [trainer.py] => No NME accuracy.
2026-05-23 08:31:39,754 [trainer.py] => CNN: {'total': 87.97, '00-99': 88.38, '100-104': 92.59, '105-109': 86.89, '110-114': 82.81, '115-119': 83.67, '120-124': 69.39, '125-129': 91.38, '130-134': 86.67, '135-139': 89.66, '140-144': 73.68, '145-149': 91.3, '150-154': 93.33, '155-159': 93.75, '160-164': 86.84, '165-169': 87.93, '170-174': 91.67, '175-179': 94.55, 'old': 87.8, 'new': 94.55}
2026-05-23 08:31:39,754 [trainer.py] => CNN top1 curve: [91.92, 92.11, 91.71, 91.08, 90.18, 89.76, 89.3, 89.2, 88.97, 88.34, 88.29, 88.4, 88.47, 88.36, 87.95, 87.94, 87.97]
2026-05-23 08:31:39,754 [trainer.py] => CNN top5 curve: [99.07, 99.03, 99.0, 98.83, 98.87, 98.91, 98.88, 98.8, 98.72, 98.7, 98.64, 98.69, 98.68, 98.68, 98.52, 98.41, 98.45]
2026-05-23 08:31:39,755 [trainer.py] => Average Accuracy (CNN): 89.41
2026-05-23 08:31:39,757 [trainer.py] => All params: 85936897
2026-05-23 08:31:39,758 [trainer.py] => Trainable params: 85936897
2026-05-23 08:31:39,820 [simplecil.py] => Learning on 180-185
2026-05-23 08:32:53,298 [trainer.py] => No NME accuracy.
2026-05-23 08:32:53,328 [trainer.py] => CNN: {'total': 87.45, '00-99': 88.22, '100-104': 92.59, '105-109': 86.89, '110-114': 82.81, '115-119': 83.67, '120-124': 67.35, '125-129': 89.66, '130-134': 86.67, '135-139': 89.66, '140-144': 73.68, '145-149': 91.3, '150-154': 93.33, '155-159': 93.75, '160-164': 86.84, '165-169': 87.93, '170-174': 91.67, '175-179': 94.55, '180-184': 76.56, 'old': 87.78, 'new': 76.56}
2026-05-23 08:32:53,328 [trainer.py] => CNN top1 curve: [91.92, 92.11, 91.71, 91.08, 90.18, 89.76, 89.3, 89.2, 88.97, 88.34, 88.29, 88.4, 88.47, 88.36, 87.95, 87.94, 87.97, 87.45]
2026-05-23 08:32:53,329 [trainer.py] => CNN top5 curve: [99.07, 99.03, 99.0, 98.83, 98.87, 98.91, 98.88, 98.8, 98.72, 98.7, 98.64, 98.69, 98.68, 98.68, 98.52, 98.41, 98.45, 98.31]
2026-05-23 08:32:53,329 [trainer.py] => Average Accuracy (CNN): 89.3
2026-05-23 08:32:53,331 [trainer.py] => All params: 85940737
2026-05-23 08:32:53,333 [trainer.py] => Trainable params: 85940737
2026-05-23 08:32:53,362 [simplecil.py] => Learning on 185-190
2026-05-23 08:33:58,659 [trainer.py] => No NME accuracy.
2026-05-23 08:33:58,660 [trainer.py] => CNN: {'total': 87.35, '00-99': 88.05, '100-104': 92.59, '105-109': 86.89, '110-114': 82.81, '115-119': 83.67, '120-124': 67.35, '125-129': 89.66, '130-134': 86.67, '135-139': 89.66, '140-144': 73.68, '145-149': 89.86, '150-154': 93.33, '155-159': 93.75, '160-164': 86.84, '165-169': 87.93, '170-174': 91.67, '175-179': 94.55, '180-184': 76.56, '185-189': 88.24, 'old': 87.32, 'new': 88.24}
2026-05-23 08:33:58,660 [trainer.py] => CNN top1 curve: [91.92, 92.11, 91.71, 91.08, 90.18, 89.76, 89.3, 89.2, 88.97, 88.34, 88.29, 88.4, 88.47, 88.36, 87.95, 87.94, 87.97, 87.45, 87.35]
2026-05-23 08:33:58,660 [trainer.py] => CNN top5 curve: [99.07, 99.03, 99.0, 98.83, 98.87, 98.91, 98.88, 98.8, 98.72, 98.7, 98.64, 98.69, 98.68, 98.68, 98.52, 98.41, 98.45, 98.31, 98.23]
2026-05-23 08:33:58,661 [trainer.py] => Average Accuracy (CNN): 89.2
2026-05-23 08:33:58,662 [trainer.py] => All params: 85944577
2026-05-23 08:33:58,663 [trainer.py] => Trainable params: 85944577
2026-05-23 08:33:58,683 [simplecil.py] => Learning on 190-195
2026-05-23 08:35:08,713 [trainer.py] => No NME accuracy.
2026-05-23 08:35:08,748 [trainer.py] => CNN: {'total': 87.01, '00-99': 87.88, '100-104': 92.59, '105-109': 86.89, '110-114': 82.81, '115-119': 83.67, '120-124': 67.35, '125-129': 89.66, '130-134': 86.67, '135-139': 89.66, '140-144': 73.68, '145-149': 89.86, '150-154': 93.33, '155-159': 93.75, '160-164': 86.84, '165-169': 87.93, '170-174': 89.58, '175-179': 94.55, '180-184': 75.0, '185-189': 88.24, '190-194': 81.03, 'old': 87.17, 'new': 81.03}
2026-05-23 08:35:08,749 [trainer.py] => CNN top1 curve: [91.92, 92.11, 91.71, 91.08, 90.18, 89.76, 89.3, 89.2, 88.97, 88.34, 88.29, 88.4, 88.47, 88.36, 87.95, 87.94, 87.97, 87.45, 87.35, 87.01]
2026-05-23 08:35:08,749 [trainer.py] => CNN top5 curve: [99.07, 99.03, 99.0, 98.83, 98.87, 98.91, 98.88, 98.8, 98.72, 98.7, 98.64, 98.69, 98.68, 98.68, 98.52, 98.41, 98.45, 98.31, 98.23, 98.23]
2026-05-23 08:35:08,750 [trainer.py] => Average Accuracy (CNN): 89.09
2026-05-23 08:35:08,752 [trainer.py] => All params: 85948417
2026-05-23 08:35:08,754 [trainer.py] => Trainable params: 85948417
2026-05-23 08:35:08,780 [simplecil.py] => Learning on 195-200
2026-05-23 08:36:22,162 [trainer.py] => No NME accuracy.
2026-05-23 08:36:22,162 [trainer.py] => CNN: {'total': 86.77, '00-99': 87.63, '100-104': 92.59, '105-109': 86.89, '110-114': 82.81, '115-119': 83.67, '120-124': 67.35, '125-129': 89.66, '130-134': 86.67, '135-139': 89.66, '140-144': 73.68, '145-149': 89.86, '150-154': 93.33, '155-159': 93.75, '160-164': 85.53, '165-169': 86.21, '170-174': 89.58, '175-179': 94.55, '180-184': 75.0, '185-189': 88.24, '190-194': 81.03, '195-199': 85.0, 'old': 86.8, 'new': 85.0}
2026-05-23 08:36:22,163 [trainer.py] => CNN top1 curve: [91.92, 92.11, 91.71, 91.08, 90.18, 89.76, 89.3, 89.2, 88.97, 88.34, 88.29, 88.4, 88.47, 88.36, 87.95, 87.94, 87.97, 87.45, 87.35, 87.01, 86.77]
2026-05-23 08:36:22,163 [trainer.py] => CNN top5 curve: [99.07, 99.03, 99.0, 98.83, 98.87, 98.91, 98.88, 98.8, 98.72, 98.7, 98.64, 98.69, 98.68, 98.68, 98.52, 98.41, 98.45, 98.31, 98.23, 98.23, 98.18]
2026-05-23 08:36:22,163 [trainer.py] => Average Accuracy (CNN): 88.98
