2026-05-23 09:53:44,602 [trainer.py] => config: ./configs/simplecil/simplecil_cub_B100_Inc20.json
2026-05-23 09:53:44,602 [trainer.py] => prefix:  
2026-05-23 09:53:44,603 [trainer.py] => dataset: cub
2026-05-23 09:53:44,603 [trainer.py] => memory_size: 0
2026-05-23 09:53:44,603 [trainer.py] => memory_per_class: 0
2026-05-23 09:53:44,603 [trainer.py] => fixed_memory: False
2026-05-23 09:53:44,603 [trainer.py] => shuffle: True
2026-05-23 09:53:44,604 [trainer.py] => init_cls: 100
2026-05-23 09:53:44,604 [trainer.py] => increment: 20
2026-05-23 09:53:44,604 [trainer.py] => model_name: simplecil
2026-05-23 09:53:44,604 [trainer.py] => backbone_type: pretrained_vit_b16_224_in21k
2026-05-23 09:53:44,604 [trainer.py] => device: [device(type='cuda', index=2)]
2026-05-23 09:53:44,605 [trainer.py] => seed: 1993
2026-05-23 09:53:44,605 [trainer.py] => tuned_epoch: 0
2026-05-23 09:53:44,605 [trainer.py] => init_lr: 0.01
2026-05-23 09:53:44,605 [trainer.py] => batch_size: 256
2026-05-23 09:53:44,605 [trainer.py] => weight_decay: 0.05
2026-05-23 09:53:44,605 [trainer.py] => min_lr: 1e-08
2026-05-23 09:53:44,606 [trainer.py] => optimizer: sgd
2026-05-23 09:53:44,606 [trainer.py] => vpt_type: shallow
2026-05-23 09:53:44,606 [trainer.py] => prompt_token_num: 3
2026-05-23 09:53:44,606 [trainer.py] => nb_classes: 200
2026-05-23 09:53:44,606 [trainer.py] => nb_tasks: 6
2026-05-23 09:53:45,329 [data_manager.py] => [168, 136, 51, 9, 183, 101, 171, 99, 42, 159, 191, 70, 16, 188, 27, 10, 175, 26, 68, 187, 98, 6, 85, 35, 112, 43, 100, 0, 103, 181, 88, 59, 4, 2, 116, 174, 94, 80, 106, 1, 147, 17, 141, 131, 72, 23, 173, 54, 197, 118, 87, 32, 79, 104, 91, 19, 135, 107, 178, 36, 11, 199, 142, 8, 122, 3, 28, 57, 153, 172, 190, 56, 49, 44, 97, 62, 151, 169, 194, 55, 192, 12, 189, 78, 66, 180, 15, 137, 109, 134, 92, 119, 126, 52, 170, 40, 148, 65, 144, 64, 138, 45, 77, 89, 154, 90, 71, 193, 74, 30, 113, 143, 96, 84, 67, 50, 186, 156, 69, 21, 18, 111, 108, 58, 125, 157, 150, 110, 182, 129, 166, 83, 81, 60, 13, 165, 14, 176, 63, 117, 5, 22, 145, 121, 38, 41, 82, 127, 114, 20, 31, 53, 37, 163, 196, 130, 152, 162, 86, 76, 24, 34, 184, 149, 33, 128, 198, 155, 146, 167, 139, 120, 140, 102, 47, 25, 158, 123, 46, 164, 61, 7, 115, 75, 133, 160, 105, 132, 179, 124, 48, 73, 93, 39, 95, 195, 29, 177, 185, 161]
2026-05-23 09:53:51,998 [trainer.py] => All params: 85798656
2026-05-23 09:53:51,999 [trainer.py] => Trainable params: 85798656
2026-05-23 09:53:52,007 [simplecil.py] => Learning on 0-100
2026-05-23 09:55:58,479 [trainer.py] => No NME accuracy.
2026-05-23 09:55:58,527 [trainer.py] => CNN: {'total': 91.92, '00-99': 91.92, 'old': 0, 'new': 91.92}
2026-05-23 09:55:58,528 [trainer.py] => CNN top1 curve: [91.92]
2026-05-23 09:55:58,528 [trainer.py] => CNN top5 curve: [99.07]
2026-05-23 09:55:58,528 [trainer.py] => Average Accuracy (CNN): 91.92
2026-05-23 09:55:58,529 [trainer.py] => All params: 85875457
2026-05-23 09:55:58,530 [trainer.py] => Trainable params: 85875457
2026-05-23 09:55:58,551 [simplecil.py] => Learning on 100-120
2026-05-23 09:57:12,541 [trainer.py] => No NME accuracy.
2026-05-23 09:57:12,553 [trainer.py] => CNN: {'total': 90.18, '00-99': 90.57, '100-119': 88.16, 'old': 90.57, 'new': 88.16}
2026-05-23 09:57:12,553 [trainer.py] => CNN top1 curve: [91.92, 90.18]
2026-05-23 09:57:12,553 [trainer.py] => CNN top5 curve: [99.07, 98.87]
2026-05-23 09:57:12,554 [trainer.py] => Average Accuracy (CNN): 91.05
2026-05-23 09:57:12,555 [trainer.py] => All params: 85890817
2026-05-23 09:57:12,555 [trainer.py] => Trainable params: 85890817
2026-05-23 09:57:12,583 [simplecil.py] => Learning on 120-140
2026-05-23 09:58:25,364 [trainer.py] => No NME accuracy.
2026-05-23 09:58:25,392 [trainer.py] => CNN: {'total': 88.97, '00-99': 89.73, '100-119': 88.16, '120-139': 85.78, 'old': 89.48, 'new': 85.78}
2026-05-23 09:58:25,393 [trainer.py] => CNN top1 curve: [91.92, 90.18, 88.97]
2026-05-23 09:58:25,393 [trainer.py] => CNN top5 curve: [99.07, 98.87, 98.72]
2026-05-23 09:58:25,394 [trainer.py] => Average Accuracy (CNN): 90.36
2026-05-23 09:58:25,396 [trainer.py] => All params: 85906177
2026-05-23 09:58:25,397 [trainer.py] => Trainable params: 85906177
2026-05-23 09:58:25,419 [simplecil.py] => Learning on 140-160
2026-05-23 09:59:41,695 [trainer.py] => No NME accuracy.
2026-05-23 09:59:41,695 [trainer.py] => CNN: {'total': 88.47, '00-99': 89.06, '100-119': 86.4, '120-139': 85.78, '140-159': 90.0, 'old': 88.24, 'new': 90.0}
2026-05-23 09:59:41,695 [trainer.py] => CNN top1 curve: [91.92, 90.18, 88.97, 88.47]
2026-05-23 09:59:41,696 [trainer.py] => CNN top5 curve: [99.07, 98.87, 98.72, 98.68]
2026-05-23 09:59:41,696 [trainer.py] => Average Accuracy (CNN): 89.89
2026-05-23 09:59:41,697 [trainer.py] => All params: 85921537
2026-05-23 09:59:41,698 [trainer.py] => Trainable params: 85921537
2026-05-23 09:59:41,716 [simplecil.py] => Learning on 160-180
2026-05-23 10:01:00,665 [trainer.py] => No NME accuracy.
2026-05-23 10:01:00,685 [trainer.py] => CNN: {'total': 87.97, '00-99': 88.38, '100-119': 86.4, '120-139': 84.89, '140-159': 88.4, '160-179': 89.87, 'old': 87.73, 'new': 89.87}
2026-05-23 10:01:00,685 [trainer.py] => CNN top1 curve: [91.92, 90.18, 88.97, 88.47, 87.97]
2026-05-23 10:01:00,685 [trainer.py] => CNN top5 curve: [99.07, 98.87, 98.72, 98.68, 98.45]
2026-05-23 10:01:00,685 [trainer.py] => Average Accuracy (CNN): 89.5
2026-05-23 10:01:00,686 [trainer.py] => All params: 85936897
2026-05-23 10:01:00,688 [trainer.py] => Trainable params: 85936897
2026-05-23 10:01:00,715 [simplecil.py] => Learning on 180-200
2026-05-23 10:02:16,982 [trainer.py] => No NME accuracy.
2026-05-23 10:02:16,984 [trainer.py] => CNN: {'total': 86.77, '00-99': 87.63, '100-119': 86.4, '120-139': 84.0, '140-159': 88.0, '160-179': 88.61, '180-199': 82.17, 'old': 87.27, 'new': 82.17}
2026-05-23 10:02:16,984 [trainer.py] => CNN top1 curve: [91.92, 90.18, 88.97, 88.47, 87.97, 86.77]
2026-05-23 10:02:16,984 [trainer.py] => CNN top5 curve: [99.07, 98.87, 98.72, 98.68, 98.45, 98.18]
2026-05-23 10:02:16,984 [trainer.py] => Average Accuracy (CNN): 89.05
