2026-05-23 05:29:47,138 [trainer.py] => config: ./configs/simplecil/simplecil_cub_B0_Inc5.json
2026-05-23 05:29:47,139 [trainer.py] => prefix:  
2026-05-23 05:29:47,139 [trainer.py] => dataset: cub
2026-05-23 05:29:47,139 [trainer.py] => memory_size: 0
2026-05-23 05:29:47,139 [trainer.py] => memory_per_class: 0
2026-05-23 05:29:47,139 [trainer.py] => fixed_memory: False
2026-05-23 05:29:47,140 [trainer.py] => shuffle: True
2026-05-23 05:29:47,140 [trainer.py] => init_cls: 5
2026-05-23 05:29:47,140 [trainer.py] => increment: 5
2026-05-23 05:29:47,140 [trainer.py] => model_name: simplecil
2026-05-23 05:29:47,140 [trainer.py] => backbone_type: pretrained_vit_b16_224_in21k
2026-05-23 05:29:47,141 [trainer.py] => device: [device(type='cuda', index=2)]
2026-05-23 05:29:47,141 [trainer.py] => seed: 1993
2026-05-23 05:29:47,141 [trainer.py] => tuned_epoch: 0
2026-05-23 05:29:47,141 [trainer.py] => init_lr: 0.01
2026-05-23 05:29:47,141 [trainer.py] => batch_size: 48
2026-05-23 05:29:47,142 [trainer.py] => weight_decay: 0.05
2026-05-23 05:29:47,142 [trainer.py] => min_lr: 1e-08
2026-05-23 05:29:47,142 [trainer.py] => optimizer: sgd
2026-05-23 05:29:47,142 [trainer.py] => vpt_type: shallow
2026-05-23 05:29:47,142 [trainer.py] => prompt_token_num: 3
2026-05-23 05:29:47,142 [trainer.py] => nb_classes: 200
2026-05-23 05:29:47,143 [trainer.py] => nb_tasks: 40
2026-05-23 05:29:47,796 [data_manager.py] => [168, 136, 51, 9, 183, 101, 171, 99, 42, 159, 191, 70, 16, 188, 27, 10, 175, 26, 68, 187, 98, 6, 85, 35, 112, 43, 100, 0, 103, 181, 88, 59, 4, 2, 116, 174, 94, 80, 106, 1, 147, 17, 141, 131, 72, 23, 173, 54, 197, 118, 87, 32, 79, 104, 91, 19, 135, 107, 178, 36, 11, 199, 142, 8, 122, 3, 28, 57, 153, 172, 190, 56, 49, 44, 97, 62, 151, 169, 194, 55, 192, 12, 189, 78, 66, 180, 15, 137, 109, 134, 92, 119, 126, 52, 170, 40, 148, 65, 144, 64, 138, 45, 77, 89, 154, 90, 71, 193, 74, 30, 113, 143, 96, 84, 67, 50, 186, 156, 69, 21, 18, 111, 108, 58, 125, 157, 150, 110, 182, 129, 166, 83, 81, 60, 13, 165, 14, 176, 63, 117, 5, 22, 145, 121, 38, 41, 82, 127, 114, 20, 31, 53, 37, 163, 196, 130, 152, 162, 86, 76, 24, 34, 184, 149, 33, 128, 198, 155, 146, 167, 139, 120, 140, 102, 47, 25, 158, 123, 46, 164, 61, 7, 115, 75, 133, 160, 105, 132, 179, 124, 48, 73, 93, 39, 95, 195, 29, 177, 185, 161]
2026-05-23 05:29:54,623 [trainer.py] => All params: 85798656
2026-05-23 05:29:54,624 [trainer.py] => Trainable params: 85798656
2026-05-23 05:29:54,640 [simplecil.py] => Learning on 0-5
2026-05-23 05:30:10,405 [trainer.py] => No NME accuracy.
2026-05-23 05:30:10,406 [trainer.py] => CNN: {'total': 100.0, '00-04': 100.0, 'old': 0, 'new': 100.0}
2026-05-23 05:30:10,407 [trainer.py] => CNN top1 curve: [100.0]
2026-05-23 05:30:10,407 [trainer.py] => CNN top5 curve: [100.0]
2026-05-23 05:30:10,408 [trainer.py] => Average Accuracy (CNN): 100.0
2026-05-23 05:30:10,410 [trainer.py] => All params: 85802497
2026-05-23 05:30:10,412 [trainer.py] => Trainable params: 85802497
2026-05-23 05:30:10,445 [simplecil.py] => Learning on 5-10
2026-05-23 05:30:28,639 [trainer.py] => No NME accuracy.
2026-05-23 05:30:28,640 [trainer.py] => CNN: {'total': 100.0, '00-04': 100.0, '05-09': 100.0, 'old': 100.0, 'new': 100.0}
2026-05-23 05:30:28,640 [trainer.py] => CNN top1 curve: [100.0, 100.0]
2026-05-23 05:30:28,640 [trainer.py] => CNN top5 curve: [100.0, 100.0]
2026-05-23 05:30:28,641 [trainer.py] => Average Accuracy (CNN): 100.0
2026-05-23 05:30:28,644 [trainer.py] => All params: 85806337
2026-05-23 05:30:28,646 [trainer.py] => Trainable params: 85806337
2026-05-23 05:30:28,674 [simplecil.py] => Learning on 10-15
2026-05-23 05:30:48,350 [trainer.py] => No NME accuracy.
2026-05-23 05:30:48,352 [trainer.py] => CNN: {'total': 100.0, '00-04': 100.0, '05-09': 100.0, '10-14': 100.0, 'old': 100.0, 'new': 100.0}
2026-05-23 05:30:48,352 [trainer.py] => CNN top1 curve: [100.0, 100.0, 100.0]
2026-05-23 05:30:48,352 [trainer.py] => CNN top5 curve: [100.0, 100.0, 100.0]
2026-05-23 05:30:48,352 [trainer.py] => Average Accuracy (CNN): 100.0
2026-05-23 05:30:48,354 [trainer.py] => All params: 85810177
2026-05-23 05:30:48,355 [trainer.py] => Trainable params: 85810177
2026-05-23 05:30:48,387 [simplecil.py] => Learning on 15-20
2026-05-23 05:31:04,105 [trainer.py] => No NME accuracy.
2026-05-23 05:31:04,106 [trainer.py] => CNN: {'total': 98.38, '00-04': 98.11, '05-09': 100.0, '10-14': 100.0, '15-19': 95.65, 'old': 99.44, 'new': 95.65}
2026-05-23 05:31:04,106 [trainer.py] => CNN top1 curve: [100.0, 100.0, 100.0, 98.38]
2026-05-23 05:31:04,106 [trainer.py] => CNN top5 curve: [100.0, 100.0, 100.0, 100.0]
2026-05-23 05:31:04,107 [trainer.py] => Average Accuracy (CNN): 99.6
2026-05-23 05:31:04,108 [trainer.py] => All params: 85814017
2026-05-23 05:31:04,109 [trainer.py] => Trainable params: 85814017
2026-05-23 05:31:04,123 [simplecil.py] => Learning on 20-25
2026-05-23 05:31:24,010 [trainer.py] => No NME accuracy.
2026-05-23 05:31:24,011 [trainer.py] => CNN: {'total': 98.23, '00-04': 98.11, '05-09': 100.0, '10-14': 100.0, '15-19': 95.65, '20-24': 97.22, 'old': 98.38, 'new': 97.22}
2026-05-23 05:31:24,011 [trainer.py] => CNN top1 curve: [100.0, 100.0, 100.0, 98.38, 98.23]
2026-05-23 05:31:24,011 [trainer.py] => CNN top5 curve: [100.0, 100.0, 100.0, 100.0, 99.65]
2026-05-23 05:31:24,011 [trainer.py] => Average Accuracy (CNN): 99.32
2026-05-23 05:31:24,012 [trainer.py] => All params: 85817857
2026-05-23 05:31:24,013 [trainer.py] => Trainable params: 85817857
2026-05-23 05:31:24,032 [simplecil.py] => Learning on 25-30
2026-05-23 05:31:44,743 [trainer.py] => No NME accuracy.
2026-05-23 05:31:44,743 [trainer.py] => CNN: {'total': 98.26, '00-04': 98.11, '05-09': 100.0, '10-14': 100.0, '15-19': 95.65, '20-24': 97.22, '25-29': 98.36, 'old': 98.23, 'new': 98.36}
2026-05-23 05:31:44,743 [trainer.py] => CNN top1 curve: [100.0, 100.0, 100.0, 98.38, 98.23, 98.26]
2026-05-23 05:31:44,744 [trainer.py] => CNN top5 curve: [100.0, 100.0, 100.0, 100.0, 99.65, 99.71]
2026-05-23 05:31:44,744 [trainer.py] => Average Accuracy (CNN): 99.14
2026-05-23 05:31:44,745 [trainer.py] => All params: 85821697
2026-05-23 05:31:44,746 [trainer.py] => Trainable params: 85821697
2026-05-23 05:31:44,761 [simplecil.py] => Learning on 30-35
2026-05-23 05:32:08,231 [trainer.py] => No NME accuracy.
2026-05-23 05:32:08,266 [trainer.py] => CNN: {'total': 98.0, '00-04': 98.11, '05-09': 100.0, '10-14': 98.33, '15-19': 95.65, '20-24': 97.22, '25-29': 98.36, '30-34': 98.25, 'old': 97.97, 'new': 98.25}
2026-05-23 05:32:08,266 [trainer.py] => CNN top1 curve: [100.0, 100.0, 100.0, 98.38, 98.23, 98.26, 98.0]
2026-05-23 05:32:08,267 [trainer.py] => CNN top5 curve: [100.0, 100.0, 100.0, 100.0, 99.65, 99.71, 99.75]
2026-05-23 05:32:08,267 [trainer.py] => Average Accuracy (CNN): 98.98
2026-05-23 05:32:08,269 [trainer.py] => All params: 85825537
2026-05-23 05:32:08,271 [trainer.py] => Trainable params: 85825537
2026-05-23 05:32:08,299 [simplecil.py] => Learning on 35-40
2026-05-23 05:32:32,552 [trainer.py] => No NME accuracy.
2026-05-23 05:32:32,552 [trainer.py] => CNN: {'total': 97.8, '00-04': 98.11, '05-09': 100.0, '10-14': 98.33, '15-19': 95.65, '20-24': 97.22, '25-29': 98.36, '30-34': 98.25, '35-39': 96.23, 'old': 98.0, 'new': 96.23}
2026-05-23 05:32:32,552 [trainer.py] => CNN top1 curve: [100.0, 100.0, 100.0, 98.38, 98.23, 98.26, 98.0, 97.8]
2026-05-23 05:32:32,552 [trainer.py] => CNN top5 curve: [100.0, 100.0, 100.0, 100.0, 99.65, 99.71, 99.75, 99.78]
2026-05-23 05:32:32,553 [trainer.py] => Average Accuracy (CNN): 98.83
2026-05-23 05:32:32,554 [trainer.py] => All params: 85829377
2026-05-23 05:32:32,554 [trainer.py] => Trainable params: 85829377
2026-05-23 05:32:32,581 [simplecil.py] => Learning on 40-45
2026-05-23 05:32:55,490 [trainer.py] => No NME accuracy.
2026-05-23 05:32:55,492 [trainer.py] => CNN: {'total': 98.02, '00-04': 98.11, '05-09': 100.0, '10-14': 98.33, '15-19': 95.65, '20-24': 97.22, '25-29': 98.36, '30-34': 98.25, '35-39': 96.23, '40-44': 100.0, 'old': 97.8, 'new': 100.0}
2026-05-23 05:32:55,492 [trainer.py] => CNN top1 curve: [100.0, 100.0, 100.0, 98.38, 98.23, 98.26, 98.0, 97.8, 98.02]
2026-05-23 05:32:55,492 [trainer.py] => CNN top5 curve: [100.0, 100.0, 100.0, 100.0, 99.65, 99.71, 99.75, 99.78, 99.6]
2026-05-23 05:32:55,493 [trainer.py] => Average Accuracy (CNN): 98.74
2026-05-23 05:32:55,495 [trainer.py] => All params: 85833217
2026-05-23 05:32:55,497 [trainer.py] => Trainable params: 85833217
2026-05-23 05:32:55,516 [simplecil.py] => Learning on 45-50
2026-05-23 05:33:19,839 [trainer.py] => No NME accuracy.
2026-05-23 05:33:19,839 [trainer.py] => CNN: {'total': 97.5, '00-04': 96.23, '05-09': 100.0, '10-14': 98.33, '15-19': 95.65, '20-24': 97.22, '25-29': 98.36, '30-34': 96.49, '35-39': 96.23, '40-44': 100.0, '45-49': 96.36, 'old': 97.63, 'new': 96.36}
2026-05-23 05:33:19,839 [trainer.py] => CNN top1 curve: [100.0, 100.0, 100.0, 98.38, 98.23, 98.26, 98.0, 97.8, 98.02, 97.5]
2026-05-23 05:33:19,839 [trainer.py] => CNN top5 curve: [100.0, 100.0, 100.0, 100.0, 99.65, 99.71, 99.75, 99.78, 99.6, 99.64]
2026-05-23 05:33:19,840 [trainer.py] => Average Accuracy (CNN): 98.62
2026-05-23 05:33:19,840 [trainer.py] => All params: 85837057
2026-05-23 05:33:19,841 [trainer.py] => Trainable params: 85837057
2026-05-23 05:33:19,858 [simplecil.py] => Learning on 50-55
2026-05-23 05:33:46,119 [trainer.py] => No NME accuracy.
2026-05-23 05:33:46,120 [trainer.py] => CNN: {'total': 97.22, '00-04': 96.23, '05-09': 100.0, '10-14': 98.33, '15-19': 95.65, '20-24': 97.22, '25-29': 98.36, '30-34': 96.49, '35-39': 96.23, '40-44': 100.0, '45-49': 96.36, '50-54': 94.12, 'old': 97.5, 'new': 94.12}
2026-05-23 05:33:46,120 [trainer.py] => CNN top1 curve: [100.0, 100.0, 100.0, 98.38, 98.23, 98.26, 98.0, 97.8, 98.02, 97.5, 97.22]
2026-05-23 05:33:46,121 [trainer.py] => CNN top5 curve: [100.0, 100.0, 100.0, 100.0, 99.65, 99.71, 99.75, 99.78, 99.6, 99.64, 99.51]
2026-05-23 05:33:46,121 [trainer.py] => Average Accuracy (CNN): 98.49
2026-05-23 05:33:46,123 [trainer.py] => All params: 85840897
2026-05-23 05:33:46,125 [trainer.py] => Trainable params: 85840897
2026-05-23 05:33:46,146 [simplecil.py] => Learning on 55-60
2026-05-23 05:34:12,246 [trainer.py] => No NME accuracy.
2026-05-23 05:34:12,247 [trainer.py] => CNN: {'total': 94.79, '00-04': 92.45, '05-09': 90.77, '10-14': 98.33, '15-19': 95.65, '20-24': 97.22, '25-29': 98.36, '30-34': 96.49, '35-39': 96.23, '40-44': 98.08, '45-49': 96.36, '50-54': 94.12, '55-59': 85.0, 'old': 95.75, 'new': 85.0}
2026-05-23 05:34:12,247 [trainer.py] => CNN top1 curve: [100.0, 100.0, 100.0, 98.38, 98.23, 98.26, 98.0, 97.8, 98.02, 97.5, 97.22, 94.79]
2026-05-23 05:34:12,247 [trainer.py] => CNN top5 curve: [100.0, 100.0, 100.0, 100.0, 99.65, 99.71, 99.75, 99.78, 99.6, 99.64, 99.51, 99.26]
2026-05-23 05:34:12,247 [trainer.py] => Average Accuracy (CNN): 98.18
2026-05-23 05:34:12,248 [trainer.py] => All params: 85844737
2026-05-23 05:34:12,248 [trainer.py] => Trainable params: 85844737
2026-05-23 05:34:12,263 [simplecil.py] => Learning on 60-65
2026-05-23 05:34:40,042 [trainer.py] => No NME accuracy.
2026-05-23 05:34:40,098 [trainer.py] => CNN: {'total': 94.22, '00-04': 92.45, '05-09': 90.77, '10-14': 98.33, '15-19': 91.3, '20-24': 97.22, '25-29': 98.36, '30-34': 96.49, '35-39': 96.23, '40-44': 96.15, '45-49': 96.36, '50-54': 94.12, '55-59': 85.0, '60-64': 94.55, 'old': 94.2, 'new': 94.55}
2026-05-23 05:34:40,098 [trainer.py] => CNN top1 curve: [100.0, 100.0, 100.0, 98.38, 98.23, 98.26, 98.0, 97.8, 98.02, 97.5, 97.22, 94.79, 94.22]
2026-05-23 05:34:40,099 [trainer.py] => CNN top5 curve: [100.0, 100.0, 100.0, 100.0, 99.65, 99.71, 99.75, 99.78, 99.6, 99.64, 99.51, 99.26, 99.31]
2026-05-23 05:34:40,099 [trainer.py] => Average Accuracy (CNN): 97.88
2026-05-23 05:34:40,101 [trainer.py] => All params: 85848577
2026-05-23 05:34:40,103 [trainer.py] => Trainable params: 85848577
2026-05-23 05:34:40,121 [simplecil.py] => Learning on 65-70
2026-05-23 05:35:09,964 [trainer.py] => No NME accuracy.
2026-05-23 05:35:09,965 [trainer.py] => CNN: {'total': 92.67, '00-04': 92.45, '05-09': 89.23, '10-14': 98.33, '15-19': 86.96, '20-24': 97.22, '25-29': 98.36, '30-34': 96.49, '35-39': 94.34, '40-44': 96.15, '45-49': 96.36, '50-54': 94.12, '55-59': 81.67, '60-64': 94.55, '65-69': 84.31, 'old': 93.26, 'new': 84.31}
2026-05-23 05:35:09,966 [trainer.py] => CNN top1 curve: [100.0, 100.0, 100.0, 98.38, 98.23, 98.26, 98.0, 97.8, 98.02, 97.5, 97.22, 94.79, 94.22, 92.67]
2026-05-23 05:35:09,966 [trainer.py] => CNN top5 curve: [100.0, 100.0, 100.0, 100.0, 99.65, 99.71, 99.75, 99.78, 99.6, 99.64, 99.51, 99.26, 99.31, 99.23]
2026-05-23 05:35:09,966 [trainer.py] => Average Accuracy (CNN): 97.51
2026-05-23 05:35:09,968 [trainer.py] => All params: 85852417
2026-05-23 05:35:09,970 [trainer.py] => Trainable params: 85852417
2026-05-23 05:35:09,993 [simplecil.py] => Learning on 70-75
2026-05-23 05:35:41,486 [trainer.py] => No NME accuracy.
2026-05-23 05:35:41,487 [trainer.py] => CNN: {'total': 93.04, '00-04': 92.45, '05-09': 89.23, '10-14': 98.33, '15-19': 86.96, '20-24': 97.22, '25-29': 98.36, '30-34': 96.49, '35-39': 94.34, '40-44': 96.15, '45-49': 96.36, '50-54': 94.12, '55-59': 81.67, '60-64': 94.55, '65-69': 84.31, '70-74': 97.14, 'old': 92.67, 'new': 97.14}
2026-05-23 05:35:41,487 [trainer.py] => CNN top1 curve: [100.0, 100.0, 100.0, 98.38, 98.23, 98.26, 98.0, 97.8, 98.02, 97.5, 97.22, 94.79, 94.22, 92.67, 93.04]
2026-05-23 05:35:41,487 [trainer.py] => CNN top5 curve: [100.0, 100.0, 100.0, 100.0, 99.65, 99.71, 99.75, 99.78, 99.6, 99.64, 99.51, 99.26, 99.31, 99.23, 99.17]
2026-05-23 05:35:41,487 [trainer.py] => Average Accuracy (CNN): 97.21
2026-05-23 05:35:41,488 [trainer.py] => All params: 85856257
2026-05-23 05:35:41,488 [trainer.py] => Trainable params: 85856257
2026-05-23 05:35:41,512 [simplecil.py] => Learning on 75-80
2026-05-23 05:36:09,664 [trainer.py] => No NME accuracy.
2026-05-23 05:36:09,665 [trainer.py] => CNN: {'total': 93.25, '00-04': 92.45, '05-09': 89.23, '10-14': 98.33, '15-19': 86.96, '20-24': 97.22, '25-29': 98.36, '30-34': 96.49, '35-39': 94.34, '40-44': 96.15, '45-49': 96.36, '50-54': 94.12, '55-59': 81.67, '60-64': 94.55, '65-69': 84.31, '70-74': 97.14, '75-79': 95.77, 'old': 93.04, 'new': 95.77}
2026-05-23 05:36:09,665 [trainer.py] => CNN top1 curve: [100.0, 100.0, 100.0, 98.38, 98.23, 98.26, 98.0, 97.8, 98.02, 97.5, 97.22, 94.79, 94.22, 92.67, 93.04, 93.25]
2026-05-23 05:36:09,665 [trainer.py] => CNN top5 curve: [100.0, 100.0, 100.0, 100.0, 99.65, 99.71, 99.75, 99.78, 99.6, 99.64, 99.51, 99.26, 99.31, 99.23, 99.17, 99.02]
2026-05-23 05:36:09,666 [trainer.py] => Average Accuracy (CNN): 96.96
2026-05-23 05:36:09,667 [trainer.py] => All params: 85860097
2026-05-23 05:36:09,668 [trainer.py] => Trainable params: 85860097
2026-05-23 05:36:09,687 [simplecil.py] => Learning on 80-85
2026-05-23 05:36:42,011 [trainer.py] => No NME accuracy.
2026-05-23 05:36:42,012 [trainer.py] => CNN: {'total': 93.18, '00-04': 92.45, '05-09': 89.23, '10-14': 98.33, '15-19': 84.06, '20-24': 97.22, '25-29': 98.36, '30-34': 96.49, '35-39': 94.34, '40-44': 96.15, '45-49': 96.36, '50-54': 92.16, '55-59': 81.67, '60-64': 94.55, '65-69': 84.31, '70-74': 97.14, '75-79': 95.77, '80-84': 96.83, 'old': 92.93, 'new': 96.83}
2026-05-23 05:36:42,013 [trainer.py] => CNN top1 curve: [100.0, 100.0, 100.0, 98.38, 98.23, 98.26, 98.0, 97.8, 98.02, 97.5, 97.22, 94.79, 94.22, 92.67, 93.04, 93.25, 93.18]
2026-05-23 05:36:42,013 [trainer.py] => CNN top5 curve: [100.0, 100.0, 100.0, 100.0, 99.65, 99.71, 99.75, 99.78, 99.6, 99.64, 99.51, 99.26, 99.31, 99.23, 99.17, 99.02, 99.08]
2026-05-23 05:36:42,013 [trainer.py] => Average Accuracy (CNN): 96.74
2026-05-23 05:36:42,015 [trainer.py] => All params: 85863937
2026-05-23 05:36:42,016 [trainer.py] => Trainable params: 85863937
2026-05-23 05:36:42,038 [simplecil.py] => Learning on 85-90
2026-05-23 05:37:13,625 [trainer.py] => No NME accuracy.
2026-05-23 05:37:13,672 [trainer.py] => CNN: {'total': 93.06, '00-04': 92.45, '05-09': 89.23, '10-14': 98.33, '15-19': 84.06, '20-24': 97.22, '25-29': 98.36, '30-34': 96.49, '35-39': 94.34, '40-44': 96.15, '45-49': 96.36, '50-54': 92.16, '55-59': 81.67, '60-64': 94.55, '65-69': 84.31, '70-74': 97.14, '75-79': 95.77, '80-84': 96.83, '85-89': 91.43, 'old': 93.18, 'new': 91.43}
2026-05-23 05:37:13,672 [trainer.py] => CNN top1 curve: [100.0, 100.0, 100.0, 98.38, 98.23, 98.26, 98.0, 97.8, 98.02, 97.5, 97.22, 94.79, 94.22, 92.67, 93.04, 93.25, 93.18, 93.06]
2026-05-23 05:37:13,673 [trainer.py] => CNN top5 curve: [100.0, 100.0, 100.0, 100.0, 99.65, 99.71, 99.75, 99.78, 99.6, 99.64, 99.51, 99.26, 99.31, 99.23, 99.17, 99.02, 99.08, 99.14]
2026-05-23 05:37:13,673 [trainer.py] => Average Accuracy (CNN): 96.53
2026-05-23 05:37:13,674 [trainer.py] => All params: 85867777
2026-05-23 05:37:13,675 [trainer.py] => Trainable params: 85867777
2026-05-23 05:37:13,701 [simplecil.py] => Learning on 90-95
2026-05-23 05:37:45,004 [trainer.py] => No NME accuracy.
2026-05-23 05:37:45,005 [trainer.py] => CNN: {'total': 93.1, '00-04': 92.45, '05-09': 89.23, '10-14': 98.33, '15-19': 84.06, '20-24': 97.22, '25-29': 98.36, '30-34': 96.49, '35-39': 94.34, '40-44': 96.15, '45-49': 96.36, '50-54': 92.16, '55-59': 81.67, '60-64': 94.55, '65-69': 84.31, '70-74': 97.14, '75-79': 95.77, '80-84': 96.83, '85-89': 91.43, '90-94': 93.67, 'old': 93.06, 'new': 93.67}
2026-05-23 05:37:45,005 [trainer.py] => CNN top1 curve: [100.0, 100.0, 100.0, 98.38, 98.23, 98.26, 98.0, 97.8, 98.02, 97.5, 97.22, 94.79, 94.22, 92.67, 93.04, 93.25, 93.18, 93.06, 93.1]
2026-05-23 05:37:45,005 [trainer.py] => CNN top5 curve: [100.0, 100.0, 100.0, 100.0, 99.65, 99.71, 99.75, 99.78, 99.6, 99.64, 99.51, 99.26, 99.31, 99.23, 99.17, 99.02, 99.08, 99.14, 99.12]
2026-05-23 05:37:45,005 [trainer.py] => Average Accuracy (CNN): 96.35
2026-05-23 05:37:45,006 [trainer.py] => All params: 85871617
2026-05-23 05:37:45,007 [trainer.py] => Trainable params: 85871617
2026-05-23 05:37:45,030 [simplecil.py] => Learning on 95-100
2026-05-23 05:38:19,430 [trainer.py] => No NME accuracy.
2026-05-23 05:38:19,431 [trainer.py] => CNN: {'total': 91.92, '00-04': 92.45, '05-09': 89.23, '10-14': 98.33, '15-19': 84.06, '20-24': 97.22, '25-29': 98.36, '30-34': 87.72, '35-39': 94.34, '40-44': 96.15, '45-49': 96.36, '50-54': 92.16, '55-59': 81.67, '60-64': 92.73, '65-69': 84.31, '70-74': 97.14, '75-79': 95.77, '80-84': 96.83, '85-89': 91.43, '90-94': 93.67, '95-99': 78.95, 'old': 92.57, 'new': 78.95}
2026-05-23 05:38:19,431 [trainer.py] => CNN top1 curve: [100.0, 100.0, 100.0, 98.38, 98.23, 98.26, 98.0, 97.8, 98.02, 97.5, 97.22, 94.79, 94.22, 92.67, 93.04, 93.25, 93.18, 93.06, 93.1, 91.92]
2026-05-23 05:38:19,431 [trainer.py] => CNN top5 curve: [100.0, 100.0, 100.0, 100.0, 99.65, 99.71, 99.75, 99.78, 99.6, 99.64, 99.51, 99.26, 99.31, 99.23, 99.17, 99.02, 99.08, 99.14, 99.12, 99.07]
2026-05-23 05:38:19,431 [trainer.py] => Average Accuracy (CNN): 96.13
2026-05-23 05:38:19,433 [trainer.py] => All params: 85875457
2026-05-23 05:38:19,435 [trainer.py] => Trainable params: 85875457
2026-05-23 05:38:19,454 [simplecil.py] => Learning on 100-105
2026-05-23 05:38:56,042 [trainer.py] => No NME accuracy.
2026-05-23 05:38:56,043 [trainer.py] => CNN: {'total': 92.11, '00-04': 92.45, '05-09': 89.23, '10-14': 98.33, '15-19': 84.06, '20-24': 97.22, '25-29': 98.36, '30-34': 87.72, '35-39': 94.34, '40-44': 96.15, '45-49': 96.36, '50-54': 92.16, '55-59': 81.67, '60-64': 92.73, '65-69': 82.35, '70-74': 97.14, '75-79': 95.77, '80-84': 96.83, '85-89': 91.43, '90-94': 93.67, '95-99': 78.95, '100-104': 98.15, 'old': 91.84, 'new': 98.15}
2026-05-23 05:38:56,043 [trainer.py] => CNN top1 curve: [100.0, 100.0, 100.0, 98.38, 98.23, 98.26, 98.0, 97.8, 98.02, 97.5, 97.22, 94.79, 94.22, 92.67, 93.04, 93.25, 93.18, 93.06, 93.1, 91.92, 92.11]
2026-05-23 05:38:56,043 [trainer.py] => CNN top5 curve: [100.0, 100.0, 100.0, 100.0, 99.65, 99.71, 99.75, 99.78, 99.6, 99.64, 99.51, 99.26, 99.31, 99.23, 99.17, 99.02, 99.08, 99.14, 99.12, 99.07, 99.03]
2026-05-23 05:38:56,044 [trainer.py] => Average Accuracy (CNN): 95.94
2026-05-23 05:38:56,046 [trainer.py] => All params: 85879297
2026-05-23 05:38:56,048 [trainer.py] => Trainable params: 85879297
2026-05-23 05:38:56,071 [simplecil.py] => Learning on 105-110
2026-05-23 05:39:29,948 [trainer.py] => No NME accuracy.
2026-05-23 05:39:29,983 [trainer.py] => CNN: {'total': 91.71, '00-04': 92.45, '05-09': 89.23, '10-14': 95.0, '15-19': 84.06, '20-24': 97.22, '25-29': 98.36, '30-34': 87.72, '35-39': 94.34, '40-44': 96.15, '45-49': 96.36, '50-54': 92.16, '55-59': 81.67, '60-64': 92.73, '65-69': 82.35, '70-74': 97.14, '75-79': 95.77, '80-84': 96.83, '85-89': 91.43, '90-94': 93.67, '95-99': 78.95, '100-104': 98.15, '105-109': 86.89, 'old': 91.95, 'new': 86.89}
2026-05-23 05:39:29,983 [trainer.py] => CNN top1 curve: [100.0, 100.0, 100.0, 98.38, 98.23, 98.26, 98.0, 97.8, 98.02, 97.5, 97.22, 94.79, 94.22, 92.67, 93.04, 93.25, 93.18, 93.06, 93.1, 91.92, 92.11, 91.71]
2026-05-23 05:39:29,983 [trainer.py] => CNN top5 curve: [100.0, 100.0, 100.0, 100.0, 99.65, 99.71, 99.75, 99.78, 99.6, 99.64, 99.51, 99.26, 99.31, 99.23, 99.17, 99.02, 99.08, 99.14, 99.12, 99.07, 99.03, 99.0]
2026-05-23 05:39:29,984 [trainer.py] => Average Accuracy (CNN): 95.75
2026-05-23 05:39:29,986 [trainer.py] => All params: 85883137
2026-05-23 05:39:29,988 [trainer.py] => Trainable params: 85883137
2026-05-23 05:39:30,015 [simplecil.py] => Learning on 110-115
2026-05-23 05:40:09,654 [trainer.py] => No NME accuracy.
2026-05-23 05:40:09,655 [trainer.py] => CNN: {'total': 91.08, '00-04': 92.45, '05-09': 89.23, '10-14': 95.0, '15-19': 84.06, '20-24': 97.22, '25-29': 98.36, '30-34': 87.72, '35-39': 94.34, '40-44': 96.15, '45-49': 96.36, '50-54': 92.16, '55-59': 81.67, '60-64': 89.09, '65-69': 82.35, '70-74': 97.14, '75-79': 95.77, '80-84': 95.24, '85-89': 91.43, '90-94': 93.67, '95-99': 77.19, '100-104': 98.15, '105-109': 86.89, '110-114': 84.38, 'old': 91.4, 'new': 84.38}
2026-05-23 05:40:09,656 [trainer.py] => CNN top1 curve: [100.0, 100.0, 100.0, 98.38, 98.23, 98.26, 98.0, 97.8, 98.02, 97.5, 97.22, 94.79, 94.22, 92.67, 93.04, 93.25, 93.18, 93.06, 93.1, 91.92, 92.11, 91.71, 91.08]
2026-05-23 05:40:09,656 [trainer.py] => CNN top5 curve: [100.0, 100.0, 100.0, 100.0, 99.65, 99.71, 99.75, 99.78, 99.6, 99.64, 99.51, 99.26, 99.31, 99.23, 99.17, 99.02, 99.08, 99.14, 99.12, 99.07, 99.03, 99.0, 98.83]
2026-05-23 05:40:09,656 [trainer.py] => Average Accuracy (CNN): 95.55
2026-05-23 05:40:09,658 [trainer.py] => All params: 85886977
2026-05-23 05:40:09,660 [trainer.py] => Trainable params: 85886977
2026-05-23 05:40:09,681 [simplecil.py] => Learning on 115-120
2026-05-23 05:40:48,859 [trainer.py] => No NME accuracy.
2026-05-23 05:40:48,859 [trainer.py] => CNN: {'total': 90.18, '00-04': 92.45, '05-09': 89.23, '10-14': 95.0, '15-19': 84.06, '20-24': 97.22, '25-29': 98.36, '30-34': 87.72, '35-39': 94.34, '40-44': 96.15, '45-49': 96.36, '50-54': 92.16, '55-59': 81.67, '60-64': 89.09, '65-69': 82.35, '70-74': 84.29, '75-79': 95.77, '80-84': 95.24, '85-89': 91.43, '90-94': 93.67, '95-99': 77.19, '100-104': 98.15, '105-109': 86.89, '110-114': 84.38, '115-119': 83.67, 'old': 90.42, 'new': 83.67}
2026-05-23 05:40:48,859 [trainer.py] => CNN top1 curve: [100.0, 100.0, 100.0, 98.38, 98.23, 98.26, 98.0, 97.8, 98.02, 97.5, 97.22, 94.79, 94.22, 92.67, 93.04, 93.25, 93.18, 93.06, 93.1, 91.92, 92.11, 91.71, 91.08, 90.18]
2026-05-23 05:40:48,859 [trainer.py] => CNN top5 curve: [100.0, 100.0, 100.0, 100.0, 99.65, 99.71, 99.75, 99.78, 99.6, 99.64, 99.51, 99.26, 99.31, 99.23, 99.17, 99.02, 99.08, 99.14, 99.12, 99.07, 99.03, 99.0, 98.83, 98.87]
2026-05-23 05:40:48,860 [trainer.py] => Average Accuracy (CNN): 95.32
2026-05-23 05:40:48,860 [trainer.py] => All params: 85890817
2026-05-23 05:40:48,861 [trainer.py] => Trainable params: 85890817
2026-05-23 05:40:48,885 [simplecil.py] => Learning on 120-125
2026-05-23 05:41:30,153 [trainer.py] => No NME accuracy.
2026-05-23 05:41:30,154 [trainer.py] => CNN: {'total': 89.76, '00-04': 92.45, '05-09': 89.23, '10-14': 95.0, '15-19': 84.06, '20-24': 97.22, '25-29': 98.36, '30-34': 84.21, '35-39': 94.34, '40-44': 96.15, '45-49': 96.36, '50-54': 92.16, '55-59': 81.67, '60-64': 87.27, '65-69': 82.35, '70-74': 84.29, '75-79': 95.77, '80-84': 95.24, '85-89': 91.43, '90-94': 93.67, '95-99': 75.44, '100-104': 98.15, '105-109': 86.89, '110-114': 84.38, '115-119': 83.67, '120-124': 85.71, 'old': 89.9, 'new': 85.71}
2026-05-23 05:41:30,154 [trainer.py] => CNN top1 curve: [100.0, 100.0, 100.0, 98.38, 98.23, 98.26, 98.0, 97.8, 98.02, 97.5, 97.22, 94.79, 94.22, 92.67, 93.04, 93.25, 93.18, 93.06, 93.1, 91.92, 92.11, 91.71, 91.08, 90.18, 89.76]
2026-05-23 05:41:30,154 [trainer.py] => CNN top5 curve: [100.0, 100.0, 100.0, 100.0, 99.65, 99.71, 99.75, 99.78, 99.6, 99.64, 99.51, 99.26, 99.31, 99.23, 99.17, 99.02, 99.08, 99.14, 99.12, 99.07, 99.03, 99.0, 98.83, 98.87, 98.91]
2026-05-23 05:41:30,154 [trainer.py] => Average Accuracy (CNN): 95.1
2026-05-23 05:41:30,155 [trainer.py] => All params: 85894657
2026-05-23 05:41:30,156 [trainer.py] => Trainable params: 85894657
2026-05-23 05:41:30,181 [simplecil.py] => Learning on 125-130
2026-05-23 05:42:12,619 [trainer.py] => No NME accuracy.
2026-05-23 05:42:12,634 [trainer.py] => CNN: {'total': 89.3, '00-04': 88.68, '05-09': 89.23, '10-14': 95.0, '15-19': 84.06, '20-24': 97.22, '25-29': 98.36, '30-34': 84.21, '35-39': 94.34, '40-44': 96.15, '45-49': 89.09, '50-54': 92.16, '55-59': 81.67, '60-64': 87.27, '65-69': 82.35, '70-74': 84.29, '75-79': 95.77, '80-84': 95.24, '85-89': 91.43, '90-94': 93.67, '95-99': 75.44, '100-104': 98.15, '105-109': 86.89, '110-114': 84.38, '115-119': 83.67, '120-124': 77.55, '125-129': 94.83, 'old': 89.08, 'new': 94.83}
2026-05-23 05:42:12,635 [trainer.py] => CNN top1 curve: [100.0, 100.0, 100.0, 98.38, 98.23, 98.26, 98.0, 97.8, 98.02, 97.5, 97.22, 94.79, 94.22, 92.67, 93.04, 93.25, 93.18, 93.06, 93.1, 91.92, 92.11, 91.71, 91.08, 90.18, 89.76, 89.3]
2026-05-23 05:42:12,635 [trainer.py] => CNN top5 curve: [100.0, 100.0, 100.0, 100.0, 99.65, 99.71, 99.75, 99.78, 99.6, 99.64, 99.51, 99.26, 99.31, 99.23, 99.17, 99.02, 99.08, 99.14, 99.12, 99.07, 99.03, 99.0, 98.83, 98.87, 98.91, 98.88]
2026-05-23 05:42:12,636 [trainer.py] => Average Accuracy (CNN): 94.88
2026-05-23 05:42:12,638 [trainer.py] => All params: 85898497
2026-05-23 05:42:12,640 [trainer.py] => Trainable params: 85898497
2026-05-23 05:42:12,665 [simplecil.py] => Learning on 130-135
2026-05-23 05:42:55,974 [trainer.py] => No NME accuracy.
2026-05-23 05:42:55,975 [trainer.py] => CNN: {'total': 89.2, '00-04': 88.68, '05-09': 89.23, '10-14': 95.0, '15-19': 84.06, '20-24': 97.22, '25-29': 98.36, '30-34': 84.21, '35-39': 94.34, '40-44': 96.15, '45-49': 89.09, '50-54': 92.16, '55-59': 81.67, '60-64': 87.27, '65-69': 82.35, '70-74': 84.29, '75-79': 95.77, '80-84': 95.24, '85-89': 91.43, '90-94': 93.67, '95-99': 75.44, '100-104': 98.15, '105-109': 86.89, '110-114': 84.38, '115-119': 83.67, '120-124': 75.51, '125-129': 94.83, '130-134': 88.33, 'old': 89.23, 'new': 88.33}
2026-05-23 05:42:55,975 [trainer.py] => CNN top1 curve: [100.0, 100.0, 100.0, 98.38, 98.23, 98.26, 98.0, 97.8, 98.02, 97.5, 97.22, 94.79, 94.22, 92.67, 93.04, 93.25, 93.18, 93.06, 93.1, 91.92, 92.11, 91.71, 91.08, 90.18, 89.76, 89.3, 89.2]
2026-05-23 05:42:55,976 [trainer.py] => CNN top5 curve: [100.0, 100.0, 100.0, 100.0, 99.65, 99.71, 99.75, 99.78, 99.6, 99.64, 99.51, 99.26, 99.31, 99.23, 99.17, 99.02, 99.08, 99.14, 99.12, 99.07, 99.03, 99.0, 98.83, 98.87, 98.91, 98.88, 98.8]
2026-05-23 05:42:55,976 [trainer.py] => Average Accuracy (CNN): 94.67
2026-05-23 05:42:55,978 [trainer.py] => All params: 85902337
2026-05-23 05:42:55,980 [trainer.py] => Trainable params: 85902337
2026-05-23 05:42:55,999 [simplecil.py] => Learning on 135-140
2026-05-23 05:43:37,300 [trainer.py] => No NME accuracy.
2026-05-23 05:43:37,302 [trainer.py] => CNN: {'total': 88.97, '00-04': 88.68, '05-09': 89.23, '10-14': 95.0, '15-19': 84.06, '20-24': 97.22, '25-29': 98.36, '30-34': 84.21, '35-39': 94.34, '40-44': 96.15, '45-49': 89.09, '50-54': 92.16, '55-59': 81.67, '60-64': 87.27, '65-69': 82.35, '70-74': 84.29, '75-79': 95.77, '80-84': 95.24, '85-89': 91.43, '90-94': 93.67, '95-99': 75.44, '100-104': 98.15, '105-109': 86.89, '110-114': 84.38, '115-119': 83.67, '120-124': 71.43, '125-129': 91.38, '130-134': 88.33, '135-139': 89.66, 'old': 88.95, 'new': 89.66}
2026-05-23 05:43:37,302 [trainer.py] => CNN top1 curve: [100.0, 100.0, 100.0, 98.38, 98.23, 98.26, 98.0, 97.8, 98.02, 97.5, 97.22, 94.79, 94.22, 92.67, 93.04, 93.25, 93.18, 93.06, 93.1, 91.92, 92.11, 91.71, 91.08, 90.18, 89.76, 89.3, 89.2, 88.97]
2026-05-23 05:43:37,303 [trainer.py] => CNN top5 curve: [100.0, 100.0, 100.0, 100.0, 99.65, 99.71, 99.75, 99.78, 99.6, 99.64, 99.51, 99.26, 99.31, 99.23, 99.17, 99.02, 99.08, 99.14, 99.12, 99.07, 99.03, 99.0, 98.83, 98.87, 98.91, 98.88, 98.8, 98.72]
2026-05-23 05:43:37,303 [trainer.py] => Average Accuracy (CNN): 94.46
2026-05-23 05:43:37,305 [trainer.py] => All params: 85906177
2026-05-23 05:43:37,307 [trainer.py] => Trainable params: 85906177
2026-05-23 05:43:37,330 [simplecil.py] => Learning on 140-145
2026-05-23 05:44:22,172 [trainer.py] => No NME accuracy.
2026-05-23 05:44:22,173 [trainer.py] => CNN: {'total': 88.34, '00-04': 88.68, '05-09': 86.15, '10-14': 95.0, '15-19': 84.06, '20-24': 97.22, '25-29': 98.36, '30-34': 84.21, '35-39': 94.34, '40-44': 96.15, '45-49': 89.09, '50-54': 92.16, '55-59': 81.67, '60-64': 87.27, '65-69': 82.35, '70-74': 84.29, '75-79': 95.77, '80-84': 95.24, '85-89': 91.43, '90-94': 93.67, '95-99': 73.68, '100-104': 98.15, '105-109': 86.89, '110-114': 82.81, '115-119': 83.67, '120-124': 71.43, '125-129': 91.38, '130-134': 88.33, '135-139': 89.66, '140-144': 77.19, 'old': 88.73, 'new': 77.19}
2026-05-23 05:44:22,174 [trainer.py] => CNN top1 curve: [100.0, 100.0, 100.0, 98.38, 98.23, 98.26, 98.0, 97.8, 98.02, 97.5, 97.22, 94.79, 94.22, 92.67, 93.04, 93.25, 93.18, 93.06, 93.1, 91.92, 92.11, 91.71, 91.08, 90.18, 89.76, 89.3, 89.2, 88.97, 88.34]
2026-05-23 05:44:22,174 [trainer.py] => CNN top5 curve: [100.0, 100.0, 100.0, 100.0, 99.65, 99.71, 99.75, 99.78, 99.6, 99.64, 99.51, 99.26, 99.31, 99.23, 99.17, 99.02, 99.08, 99.14, 99.12, 99.07, 99.03, 99.0, 98.83, 98.87, 98.91, 98.88, 98.8, 98.72, 98.7]
2026-05-23 05:44:22,174 [trainer.py] => Average Accuracy (CNN): 94.25
2026-05-23 05:44:22,176 [trainer.py] => All params: 85910017
2026-05-23 05:44:22,177 [trainer.py] => Trainable params: 85910017
2026-05-23 05:44:22,193 [simplecil.py] => Learning on 145-150
2026-05-23 05:45:04,786 [trainer.py] => No NME accuracy.
2026-05-23 05:45:04,833 [trainer.py] => CNN: {'total': 88.29, '00-04': 88.68, '05-09': 86.15, '10-14': 95.0, '15-19': 84.06, '20-24': 97.22, '25-29': 98.36, '30-34': 78.95, '35-39': 94.34, '40-44': 96.15, '45-49': 89.09, '50-54': 92.16, '55-59': 81.67, '60-64': 87.27, '65-69': 82.35, '70-74': 84.29, '75-79': 95.77, '80-84': 95.24, '85-89': 91.43, '90-94': 93.67, '95-99': 73.68, '100-104': 98.15, '105-109': 86.89, '110-114': 82.81, '115-119': 83.67, '120-124': 71.43, '125-129': 91.38, '130-134': 88.33, '135-139': 89.66, '140-144': 77.19, '145-149': 91.3, 'old': 88.16, 'new': 91.3}
2026-05-23 05:45:04,833 [trainer.py] => CNN top1 curve: [100.0, 100.0, 100.0, 98.38, 98.23, 98.26, 98.0, 97.8, 98.02, 97.5, 97.22, 94.79, 94.22, 92.67, 93.04, 93.25, 93.18, 93.06, 93.1, 91.92, 92.11, 91.71, 91.08, 90.18, 89.76, 89.3, 89.2, 88.97, 88.34, 88.29]
2026-05-23 05:45:04,833 [trainer.py] => CNN top5 curve: [100.0, 100.0, 100.0, 100.0, 99.65, 99.71, 99.75, 99.78, 99.6, 99.64, 99.51, 99.26, 99.31, 99.23, 99.17, 99.02, 99.08, 99.14, 99.12, 99.07, 99.03, 99.0, 98.83, 98.87, 98.91, 98.88, 98.8, 98.72, 98.7, 98.64]
2026-05-23 05:45:04,834 [trainer.py] => Average Accuracy (CNN): 94.05
2026-05-23 05:45:04,835 [trainer.py] => All params: 85913857
2026-05-23 05:45:04,836 [trainer.py] => Trainable params: 85913857
2026-05-23 05:45:04,856 [simplecil.py] => Learning on 150-155
2026-05-23 05:45:51,414 [trainer.py] => No NME accuracy.
2026-05-23 05:45:51,415 [trainer.py] => CNN: {'total': 88.4, '00-04': 88.68, '05-09': 84.62, '10-14': 95.0, '15-19': 84.06, '20-24': 97.22, '25-29': 98.36, '30-34': 78.95, '35-39': 94.34, '40-44': 96.15, '45-49': 89.09, '50-54': 92.16, '55-59': 81.67, '60-64': 87.27, '65-69': 82.35, '70-74': 84.29, '75-79': 94.37, '80-84': 95.24, '85-89': 91.43, '90-94': 93.67, '95-99': 73.68, '100-104': 98.15, '105-109': 86.89, '110-114': 82.81, '115-119': 83.67, '120-124': 71.43, '125-129': 91.38, '130-134': 88.33, '135-139': 89.66, '140-144': 77.19, '145-149': 91.3, '150-154': 95.0, 'old': 88.17, 'new': 95.0}
2026-05-23 05:45:51,416 [trainer.py] => CNN top1 curve: [100.0, 100.0, 100.0, 98.38, 98.23, 98.26, 98.0, 97.8, 98.02, 97.5, 97.22, 94.79, 94.22, 92.67, 93.04, 93.25, 93.18, 93.06, 93.1, 91.92, 92.11, 91.71, 91.08, 90.18, 89.76, 89.3, 89.2, 88.97, 88.34, 88.29, 88.4]
2026-05-23 05:45:51,416 [trainer.py] => CNN top5 curve: [100.0, 100.0, 100.0, 100.0, 99.65, 99.71, 99.75, 99.78, 99.6, 99.64, 99.51, 99.26, 99.31, 99.23, 99.17, 99.02, 99.08, 99.14, 99.12, 99.07, 99.03, 99.0, 98.83, 98.87, 98.91, 98.88, 98.8, 98.72, 98.7, 98.64, 98.69]
2026-05-23 05:45:51,416 [trainer.py] => Average Accuracy (CNN): 93.87
2026-05-23 05:45:51,419 [trainer.py] => All params: 85917697
2026-05-23 05:45:51,420 [trainer.py] => Trainable params: 85917697
2026-05-23 05:45:51,447 [simplecil.py] => Learning on 155-160
2026-05-23 05:46:36,015 [trainer.py] => No NME accuracy.
2026-05-23 05:46:36,021 [trainer.py] => CNN: {'total': 88.47, '00-04': 88.68, '05-09': 84.62, '10-14': 95.0, '15-19': 84.06, '20-24': 97.22, '25-29': 98.36, '30-34': 78.95, '35-39': 94.34, '40-44': 96.15, '45-49': 89.09, '50-54': 92.16, '55-59': 81.67, '60-64': 87.27, '65-69': 82.35, '70-74': 84.29, '75-79': 94.37, '80-84': 95.24, '85-89': 91.43, '90-94': 93.67, '95-99': 73.68, '100-104': 92.59, '105-109': 86.89, '110-114': 82.81, '115-119': 83.67, '120-124': 71.43, '125-129': 91.38, '130-134': 88.33, '135-139': 89.66, '140-144': 77.19, '145-149': 91.3, '150-154': 95.0, '155-159': 95.31, 'old': 88.23, 'new': 95.31}
2026-05-23 05:46:36,021 [trainer.py] => CNN top1 curve: [100.0, 100.0, 100.0, 98.38, 98.23, 98.26, 98.0, 97.8, 98.02, 97.5, 97.22, 94.79, 94.22, 92.67, 93.04, 93.25, 93.18, 93.06, 93.1, 91.92, 92.11, 91.71, 91.08, 90.18, 89.76, 89.3, 89.2, 88.97, 88.34, 88.29, 88.4, 88.47]
2026-05-23 05:46:36,021 [trainer.py] => CNN top5 curve: [100.0, 100.0, 100.0, 100.0, 99.65, 99.71, 99.75, 99.78, 99.6, 99.64, 99.51, 99.26, 99.31, 99.23, 99.17, 99.02, 99.08, 99.14, 99.12, 99.07, 99.03, 99.0, 98.83, 98.87, 98.91, 98.88, 98.8, 98.72, 98.7, 98.64, 98.69, 98.68]
2026-05-23 05:46:36,021 [trainer.py] => Average Accuracy (CNN): 93.7
2026-05-23 05:46:36,022 [trainer.py] => All params: 85921537
2026-05-23 05:46:36,023 [trainer.py] => Trainable params: 85921537
2026-05-23 05:46:36,047 [simplecil.py] => Learning on 160-165
2026-05-23 05:47:23,105 [trainer.py] => No NME accuracy.
2026-05-23 05:47:23,143 [trainer.py] => CNN: {'total': 88.36, '00-04': 88.68, '05-09': 84.62, '10-14': 95.0, '15-19': 84.06, '20-24': 97.22, '25-29': 96.72, '30-34': 78.95, '35-39': 94.34, '40-44': 96.15, '45-49': 89.09, '50-54': 92.16, '55-59': 81.67, '60-64': 87.27, '65-69': 82.35, '70-74': 84.29, '75-79': 94.37, '80-84': 95.24, '85-89': 91.43, '90-94': 93.67, '95-99': 73.68, '100-104': 92.59, '105-109': 86.89, '110-114': 82.81, '115-119': 83.67, '120-124': 71.43, '125-129': 91.38, '130-134': 88.33, '135-139': 89.66, '140-144': 77.19, '145-149': 91.3, '150-154': 95.0, '155-159': 95.31, '160-164': 86.84, 'old': 88.42, 'new': 86.84}
2026-05-23 05:47:23,144 [trainer.py] => CNN top1 curve: [100.0, 100.0, 100.0, 98.38, 98.23, 98.26, 98.0, 97.8, 98.02, 97.5, 97.22, 94.79, 94.22, 92.67, 93.04, 93.25, 93.18, 93.06, 93.1, 91.92, 92.11, 91.71, 91.08, 90.18, 89.76, 89.3, 89.2, 88.97, 88.34, 88.29, 88.4, 88.47, 88.36]
2026-05-23 05:47:23,144 [trainer.py] => CNN top5 curve: [100.0, 100.0, 100.0, 100.0, 99.65, 99.71, 99.75, 99.78, 99.6, 99.64, 99.51, 99.26, 99.31, 99.23, 99.17, 99.02, 99.08, 99.14, 99.12, 99.07, 99.03, 99.0, 98.83, 98.87, 98.91, 98.88, 98.8, 98.72, 98.7, 98.64, 98.69, 98.68, 98.68]
2026-05-23 05:47:23,144 [trainer.py] => Average Accuracy (CNN): 93.54
2026-05-23 05:47:23,147 [trainer.py] => All params: 85925377
2026-05-23 05:47:23,149 [trainer.py] => Trainable params: 85925377
2026-05-23 05:47:23,175 [simplecil.py] => Learning on 165-170
2026-05-23 05:48:09,241 [trainer.py] => No NME accuracy.
2026-05-23 05:48:09,241 [trainer.py] => CNN: {'total': 87.95, '00-04': 88.68, '05-09': 84.62, '10-14': 95.0, '15-19': 84.06, '20-24': 97.22, '25-29': 96.72, '30-34': 78.95, '35-39': 94.34, '40-44': 88.46, '45-49': 89.09, '50-54': 92.16, '55-59': 81.67, '60-64': 85.45, '65-69': 82.35, '70-74': 84.29, '75-79': 94.37, '80-84': 95.24, '85-89': 91.43, '90-94': 93.67, '95-99': 73.68, '100-104': 92.59, '105-109': 86.89, '110-114': 82.81, '115-119': 83.67, '120-124': 71.43, '125-129': 91.38, '130-134': 86.67, '135-139': 89.66, '140-144': 73.68, '145-149': 91.3, '150-154': 95.0, '155-159': 95.31, '160-164': 86.84, '165-169': 87.93, 'old': 87.95, 'new': 87.93}
2026-05-23 05:48:09,241 [trainer.py] => CNN top1 curve: [100.0, 100.0, 100.0, 98.38, 98.23, 98.26, 98.0, 97.8, 98.02, 97.5, 97.22, 94.79, 94.22, 92.67, 93.04, 93.25, 93.18, 93.06, 93.1, 91.92, 92.11, 91.71, 91.08, 90.18, 89.76, 89.3, 89.2, 88.97, 88.34, 88.29, 88.4, 88.47, 88.36, 87.95]
2026-05-23 05:48:09,241 [trainer.py] => CNN top5 curve: [100.0, 100.0, 100.0, 100.0, 99.65, 99.71, 99.75, 99.78, 99.6, 99.64, 99.51, 99.26, 99.31, 99.23, 99.17, 99.02, 99.08, 99.14, 99.12, 99.07, 99.03, 99.0, 98.83, 98.87, 98.91, 98.88, 98.8, 98.72, 98.7, 98.64, 98.69, 98.68, 98.68, 98.52]
2026-05-23 05:48:09,242 [trainer.py] => Average Accuracy (CNN): 93.38
2026-05-23 05:48:09,242 [trainer.py] => All params: 85929217
2026-05-23 05:48:09,243 [trainer.py] => Trainable params: 85929217
2026-05-23 05:48:09,265 [simplecil.py] => Learning on 170-175
2026-05-23 05:48:55,420 [trainer.py] => No NME accuracy.
2026-05-23 05:48:55,421 [trainer.py] => CNN: {'total': 87.94, '00-04': 88.68, '05-09': 83.08, '10-14': 95.0, '15-19': 84.06, '20-24': 97.22, '25-29': 96.72, '30-34': 78.95, '35-39': 94.34, '40-44': 88.46, '45-49': 89.09, '50-54': 92.16, '55-59': 81.67, '60-64': 85.45, '65-69': 82.35, '70-74': 84.29, '75-79': 94.37, '80-84': 95.24, '85-89': 91.43, '90-94': 93.67, '95-99': 73.68, '100-104': 92.59, '105-109': 86.89, '110-114': 82.81, '115-119': 83.67, '120-124': 71.43, '125-129': 91.38, '130-134': 86.67, '135-139': 89.66, '140-144': 73.68, '145-149': 91.3, '150-154': 95.0, '155-159': 93.75, '160-164': 86.84, '165-169': 87.93, '170-174': 91.67, 'old': 87.85, 'new': 91.67}
2026-05-23 05:48:55,421 [trainer.py] => CNN top1 curve: [100.0, 100.0, 100.0, 98.38, 98.23, 98.26, 98.0, 97.8, 98.02, 97.5, 97.22, 94.79, 94.22, 92.67, 93.04, 93.25, 93.18, 93.06, 93.1, 91.92, 92.11, 91.71, 91.08, 90.18, 89.76, 89.3, 89.2, 88.97, 88.34, 88.29, 88.4, 88.47, 88.36, 87.95, 87.94]
2026-05-23 05:48:55,421 [trainer.py] => CNN top5 curve: [100.0, 100.0, 100.0, 100.0, 99.65, 99.71, 99.75, 99.78, 99.6, 99.64, 99.51, 99.26, 99.31, 99.23, 99.17, 99.02, 99.08, 99.14, 99.12, 99.07, 99.03, 99.0, 98.83, 98.87, 98.91, 98.88, 98.8, 98.72, 98.7, 98.64, 98.69, 98.68, 98.68, 98.52, 98.41]
2026-05-23 05:48:55,422 [trainer.py] => Average Accuracy (CNN): 93.22
2026-05-23 05:48:55,423 [trainer.py] => All params: 85933057
2026-05-23 05:48:55,424 [trainer.py] => Trainable params: 85933057
2026-05-23 05:48:55,440 [simplecil.py] => Learning on 175-180
2026-05-23 05:49:47,387 [trainer.py] => No NME accuracy.
2026-05-23 05:49:47,409 [trainer.py] => CNN: {'total': 87.97, '00-04': 88.68, '05-09': 83.08, '10-14': 95.0, '15-19': 82.61, '20-24': 97.22, '25-29': 96.72, '30-34': 78.95, '35-39': 94.34, '40-44': 88.46, '45-49': 89.09, '50-54': 92.16, '55-59': 81.67, '60-64': 85.45, '65-69': 82.35, '70-74': 84.29, '75-79': 94.37, '80-84': 95.24, '85-89': 91.43, '90-94': 93.67, '95-99': 73.68, '100-104': 92.59, '105-109': 86.89, '110-114': 82.81, '115-119': 83.67, '120-124': 69.39, '125-129': 91.38, '130-134': 86.67, '135-139': 89.66, '140-144': 73.68, '145-149': 91.3, '150-154': 93.33, '155-159': 93.75, '160-164': 86.84, '165-169': 87.93, '170-174': 91.67, '175-179': 94.55, 'old': 87.8, 'new': 94.55}
2026-05-23 05:49:47,410 [trainer.py] => CNN top1 curve: [100.0, 100.0, 100.0, 98.38, 98.23, 98.26, 98.0, 97.8, 98.02, 97.5, 97.22, 94.79, 94.22, 92.67, 93.04, 93.25, 93.18, 93.06, 93.1, 91.92, 92.11, 91.71, 91.08, 90.18, 89.76, 89.3, 89.2, 88.97, 88.34, 88.29, 88.4, 88.47, 88.36, 87.95, 87.94, 87.97]
2026-05-23 05:49:47,410 [trainer.py] => CNN top5 curve: [100.0, 100.0, 100.0, 100.0, 99.65, 99.71, 99.75, 99.78, 99.6, 99.64, 99.51, 99.26, 99.31, 99.23, 99.17, 99.02, 99.08, 99.14, 99.12, 99.07, 99.03, 99.0, 98.83, 98.87, 98.91, 98.88, 98.8, 98.72, 98.7, 98.64, 98.69, 98.68, 98.68, 98.52, 98.41, 98.45]
2026-05-23 05:49:47,411 [trainer.py] => Average Accuracy (CNN): 93.07
2026-05-23 05:49:47,412 [trainer.py] => All params: 85936897
2026-05-23 05:49:47,414 [trainer.py] => Trainable params: 85936897
2026-05-23 05:49:47,433 [simplecil.py] => Learning on 180-185
2026-05-23 05:50:37,597 [trainer.py] => No NME accuracy.
2026-05-23 05:50:37,598 [trainer.py] => CNN: {'total': 87.45, '00-04': 88.68, '05-09': 83.08, '10-14': 95.0, '15-19': 82.61, '20-24': 97.22, '25-29': 96.72, '30-34': 77.19, '35-39': 94.34, '40-44': 88.46, '45-49': 87.27, '50-54': 92.16, '55-59': 81.67, '60-64': 85.45, '65-69': 82.35, '70-74': 84.29, '75-79': 94.37, '80-84': 95.24, '85-89': 91.43, '90-94': 93.67, '95-99': 73.68, '100-104': 92.59, '105-109': 86.89, '110-114': 82.81, '115-119': 83.67, '120-124': 67.35, '125-129': 89.66, '130-134': 86.67, '135-139': 89.66, '140-144': 73.68, '145-149': 91.3, '150-154': 93.33, '155-159': 93.75, '160-164': 86.84, '165-169': 87.93, '170-174': 91.67, '175-179': 94.55, '180-184': 76.56, 'old': 87.78, 'new': 76.56}
2026-05-23 05:50:37,598 [trainer.py] => CNN top1 curve: [100.0, 100.0, 100.0, 98.38, 98.23, 98.26, 98.0, 97.8, 98.02, 97.5, 97.22, 94.79, 94.22, 92.67, 93.04, 93.25, 93.18, 93.06, 93.1, 91.92, 92.11, 91.71, 91.08, 90.18, 89.76, 89.3, 89.2, 88.97, 88.34, 88.29, 88.4, 88.47, 88.36, 87.95, 87.94, 87.97, 87.45]
2026-05-23 05:50:37,598 [trainer.py] => CNN top5 curve: [100.0, 100.0, 100.0, 100.0, 99.65, 99.71, 99.75, 99.78, 99.6, 99.64, 99.51, 99.26, 99.31, 99.23, 99.17, 99.02, 99.08, 99.14, 99.12, 99.07, 99.03, 99.0, 98.83, 98.87, 98.91, 98.88, 98.8, 98.72, 98.7, 98.64, 98.69, 98.68, 98.68, 98.52, 98.41, 98.45, 98.31]
2026-05-23 05:50:37,599 [trainer.py] => Average Accuracy (CNN): 92.92
2026-05-23 05:50:37,600 [trainer.py] => All params: 85940737
2026-05-23 05:50:37,601 [trainer.py] => Trainable params: 85940737
2026-05-23 05:50:37,623 [simplecil.py] => Learning on 185-190
2026-05-23 05:51:29,885 [trainer.py] => No NME accuracy.
2026-05-23 05:51:29,885 [trainer.py] => CNN: {'total': 87.35, '00-04': 88.68, '05-09': 83.08, '10-14': 95.0, '15-19': 82.61, '20-24': 97.22, '25-29': 93.44, '30-34': 77.19, '35-39': 94.34, '40-44': 88.46, '45-49': 87.27, '50-54': 92.16, '55-59': 81.67, '60-64': 85.45, '65-69': 82.35, '70-74': 84.29, '75-79': 94.37, '80-84': 95.24, '85-89': 91.43, '90-94': 93.67, '95-99': 73.68, '100-104': 92.59, '105-109': 86.89, '110-114': 82.81, '115-119': 83.67, '120-124': 67.35, '125-129': 89.66, '130-134': 86.67, '135-139': 89.66, '140-144': 73.68, '145-149': 89.86, '150-154': 93.33, '155-159': 93.75, '160-164': 86.84, '165-169': 87.93, '170-174': 91.67, '175-179': 94.55, '180-184': 76.56, '185-189': 88.24, 'old': 87.32, 'new': 88.24}
2026-05-23 05:51:29,885 [trainer.py] => CNN top1 curve: [100.0, 100.0, 100.0, 98.38, 98.23, 98.26, 98.0, 97.8, 98.02, 97.5, 97.22, 94.79, 94.22, 92.67, 93.04, 93.25, 93.18, 93.06, 93.1, 91.92, 92.11, 91.71, 91.08, 90.18, 89.76, 89.3, 89.2, 88.97, 88.34, 88.29, 88.4, 88.47, 88.36, 87.95, 87.94, 87.97, 87.45, 87.35]
2026-05-23 05:51:29,886 [trainer.py] => CNN top5 curve: [100.0, 100.0, 100.0, 100.0, 99.65, 99.71, 99.75, 99.78, 99.6, 99.64, 99.51, 99.26, 99.31, 99.23, 99.17, 99.02, 99.08, 99.14, 99.12, 99.07, 99.03, 99.0, 98.83, 98.87, 98.91, 98.88, 98.8, 98.72, 98.7, 98.64, 98.69, 98.68, 98.68, 98.52, 98.41, 98.45, 98.31, 98.23]
2026-05-23 05:51:29,886 [trainer.py] => Average Accuracy (CNN): 92.78
2026-05-23 05:51:29,886 [trainer.py] => All params: 85944577
2026-05-23 05:51:29,887 [trainer.py] => Trainable params: 85944577
2026-05-23 05:51:29,911 [simplecil.py] => Learning on 190-195
2026-05-23 05:52:22,211 [trainer.py] => No NME accuracy.
2026-05-23 05:52:22,233 [trainer.py] => CNN: {'total': 87.01, '00-04': 88.68, '05-09': 83.08, '10-14': 95.0, '15-19': 82.61, '20-24': 97.22, '25-29': 93.44, '30-34': 77.19, '35-39': 94.34, '40-44': 88.46, '45-49': 87.27, '50-54': 92.16, '55-59': 81.67, '60-64': 83.64, '65-69': 82.35, '70-74': 82.86, '75-79': 94.37, '80-84': 95.24, '85-89': 91.43, '90-94': 93.67, '95-99': 73.68, '100-104': 92.59, '105-109': 86.89, '110-114': 82.81, '115-119': 83.67, '120-124': 67.35, '125-129': 89.66, '130-134': 86.67, '135-139': 89.66, '140-144': 73.68, '145-149': 89.86, '150-154': 93.33, '155-159': 93.75, '160-164': 86.84, '165-169': 87.93, '170-174': 89.58, '175-179': 94.55, '180-184': 75.0, '185-189': 88.24, '190-194': 81.03, 'old': 87.17, 'new': 81.03}
2026-05-23 05:52:22,233 [trainer.py] => CNN top1 curve: [100.0, 100.0, 100.0, 98.38, 98.23, 98.26, 98.0, 97.8, 98.02, 97.5, 97.22, 94.79, 94.22, 92.67, 93.04, 93.25, 93.18, 93.06, 93.1, 91.92, 92.11, 91.71, 91.08, 90.18, 89.76, 89.3, 89.2, 88.97, 88.34, 88.29, 88.4, 88.47, 88.36, 87.95, 87.94, 87.97, 87.45, 87.35, 87.01]
2026-05-23 05:52:22,233 [trainer.py] => CNN top5 curve: [100.0, 100.0, 100.0, 100.0, 99.65, 99.71, 99.75, 99.78, 99.6, 99.64, 99.51, 99.26, 99.31, 99.23, 99.17, 99.02, 99.08, 99.14, 99.12, 99.07, 99.03, 99.0, 98.83, 98.87, 98.91, 98.88, 98.8, 98.72, 98.7, 98.64, 98.69, 98.68, 98.68, 98.52, 98.41, 98.45, 98.31, 98.23, 98.23]
2026-05-23 05:52:22,234 [trainer.py] => Average Accuracy (CNN): 92.63
2026-05-23 05:52:22,235 [trainer.py] => All params: 85948417
2026-05-23 05:52:22,236 [trainer.py] => Trainable params: 85948417
2026-05-23 05:52:22,255 [simplecil.py] => Learning on 195-200
2026-05-23 05:53:10,390 [trainer.py] => No NME accuracy.
2026-05-23 05:53:10,422 [trainer.py] => CNN: {'total': 86.77, '00-04': 88.68, '05-09': 83.08, '10-14': 95.0, '15-19': 82.61, '20-24': 97.22, '25-29': 93.44, '30-34': 77.19, '35-39': 94.34, '40-44': 88.46, '45-49': 87.27, '50-54': 92.16, '55-59': 81.67, '60-64': 83.64, '65-69': 78.43, '70-74': 82.86, '75-79': 92.96, '80-84': 95.24, '85-89': 91.43, '90-94': 93.67, '95-99': 73.68, '100-104': 92.59, '105-109': 86.89, '110-114': 82.81, '115-119': 83.67, '120-124': 67.35, '125-129': 89.66, '130-134': 86.67, '135-139': 89.66, '140-144': 73.68, '145-149': 89.86, '150-154': 93.33, '155-159': 93.75, '160-164': 85.53, '165-169': 86.21, '170-174': 89.58, '175-179': 94.55, '180-184': 75.0, '185-189': 88.24, '190-194': 81.03, '195-199': 85.0, 'old': 86.8, 'new': 85.0}
2026-05-23 05:53:10,422 [trainer.py] => CNN top1 curve: [100.0, 100.0, 100.0, 98.38, 98.23, 98.26, 98.0, 97.8, 98.02, 97.5, 97.22, 94.79, 94.22, 92.67, 93.04, 93.25, 93.18, 93.06, 93.1, 91.92, 92.11, 91.71, 91.08, 90.18, 89.76, 89.3, 89.2, 88.97, 88.34, 88.29, 88.4, 88.47, 88.36, 87.95, 87.94, 87.97, 87.45, 87.35, 87.01, 86.77]
2026-05-23 05:53:10,422 [trainer.py] => CNN top5 curve: [100.0, 100.0, 100.0, 100.0, 99.65, 99.71, 99.75, 99.78, 99.6, 99.64, 99.51, 99.26, 99.31, 99.23, 99.17, 99.02, 99.08, 99.14, 99.12, 99.07, 99.03, 99.0, 98.83, 98.87, 98.91, 98.88, 98.8, 98.72, 98.7, 98.64, 98.69, 98.68, 98.68, 98.52, 98.41, 98.45, 98.31, 98.23, 98.23, 98.18]
2026-05-23 05:53:10,423 [trainer.py] => Average Accuracy (CNN): 92.48
