2026-05-23 09:15:32,652 [trainer.py] => config: ./configs/simplecil/simplecil_cub_B100_Inc10.json
2026-05-23 09:15:32,653 [trainer.py] => prefix:  
2026-05-23 09:15:32,653 [trainer.py] => dataset: cub
2026-05-23 09:15:32,653 [trainer.py] => memory_size: 0
2026-05-23 09:15:32,653 [trainer.py] => memory_per_class: 0
2026-05-23 09:15:32,653 [trainer.py] => fixed_memory: False
2026-05-23 09:15:32,653 [trainer.py] => shuffle: True
2026-05-23 09:15:32,654 [trainer.py] => init_cls: 100
2026-05-23 09:15:32,654 [trainer.py] => increment: 10
2026-05-23 09:15:32,654 [trainer.py] => model_name: simplecil
2026-05-23 09:15:32,654 [trainer.py] => backbone_type: pretrained_vit_b16_224_in21k
2026-05-23 09:15:32,654 [trainer.py] => device: [device(type='cuda', index=2)]
2026-05-23 09:15:32,654 [trainer.py] => seed: 1993
2026-05-23 09:15:32,654 [trainer.py] => tuned_epoch: 0
2026-05-23 09:15:32,654 [trainer.py] => init_lr: 0.01
2026-05-23 09:15:32,655 [trainer.py] => batch_size: 256
2026-05-23 09:15:32,655 [trainer.py] => weight_decay: 0.05
2026-05-23 09:15:32,655 [trainer.py] => min_lr: 1e-08
2026-05-23 09:15:32,655 [trainer.py] => optimizer: sgd
2026-05-23 09:15:32,655 [trainer.py] => vpt_type: shallow
2026-05-23 09:15:32,655 [trainer.py] => prompt_token_num: 3
2026-05-23 09:15:32,655 [trainer.py] => nb_classes: 200
2026-05-23 09:15:32,655 [trainer.py] => nb_tasks: 11
2026-05-23 09:15:33,201 [data_manager.py] => [168, 136, 51, 9, 183, 101, 171, 99, 42, 159, 191, 70, 16, 188, 27, 10, 175, 26, 68, 187, 98, 6, 85, 35, 112, 43, 100, 0, 103, 181, 88, 59, 4, 2, 116, 174, 94, 80, 106, 1, 147, 17, 141, 131, 72, 23, 173, 54, 197, 118, 87, 32, 79, 104, 91, 19, 135, 107, 178, 36, 11, 199, 142, 8, 122, 3, 28, 57, 153, 172, 190, 56, 49, 44, 97, 62, 151, 169, 194, 55, 192, 12, 189, 78, 66, 180, 15, 137, 109, 134, 92, 119, 126, 52, 170, 40, 148, 65, 144, 64, 138, 45, 77, 89, 154, 90, 71, 193, 74, 30, 113, 143, 96, 84, 67, 50, 186, 156, 69, 21, 18, 111, 108, 58, 125, 157, 150, 110, 182, 129, 166, 83, 81, 60, 13, 165, 14, 176, 63, 117, 5, 22, 145, 121, 38, 41, 82, 127, 114, 20, 31, 53, 37, 163, 196, 130, 152, 162, 86, 76, 24, 34, 184, 149, 33, 128, 198, 155, 146, 167, 139, 120, 140, 102, 47, 25, 158, 123, 46, 164, 61, 7, 115, 75, 133, 160, 105, 132, 179, 124, 48, 73, 93, 39, 95, 195, 29, 177, 185, 161]
2026-05-23 09:15:40,068 [trainer.py] => All params: 85798656
2026-05-23 09:15:40,069 [trainer.py] => Trainable params: 85798656
2026-05-23 09:15:40,073 [simplecil.py] => Learning on 0-100
2026-05-23 09:17:50,087 [trainer.py] => No NME accuracy.
2026-05-23 09:17:50,126 [trainer.py] => CNN: {'total': 91.92, '00-99': 91.92, 'old': 0, 'new': 91.92}
2026-05-23 09:17:50,126 [trainer.py] => CNN top1 curve: [91.92]
2026-05-23 09:17:50,126 [trainer.py] => CNN top5 curve: [99.07]
2026-05-23 09:17:50,127 [trainer.py] => Average Accuracy (CNN): 91.92
2026-05-23 09:17:50,128 [trainer.py] => All params: 85875457
2026-05-23 09:17:50,128 [trainer.py] => Trainable params: 85875457
2026-05-23 09:17:50,155 [simplecil.py] => Learning on 100-110
2026-05-23 09:18:55,649 [trainer.py] => No NME accuracy.
2026-05-23 09:18:55,689 [trainer.py] => CNN: {'total': 91.71, '00-99': 91.67, '100-109': 92.17, 'old': 91.67, 'new': 92.17}
2026-05-23 09:18:55,689 [trainer.py] => CNN top1 curve: [91.92, 91.71]
2026-05-23 09:18:55,689 [trainer.py] => CNN top5 curve: [99.07, 99.0]
2026-05-23 09:18:55,690 [trainer.py] => Average Accuracy (CNN): 91.82
2026-05-23 09:18:55,691 [trainer.py] => All params: 85883137
2026-05-23 09:18:55,693 [trainer.py] => Trainable params: 85883137
2026-05-23 09:18:55,716 [simplecil.py] => Learning on 110-120
2026-05-23 09:19:59,867 [trainer.py] => No NME accuracy.
2026-05-23 09:19:59,896 [trainer.py] => CNN: {'total': 90.18, '00-99': 90.57, '100-109': 92.17, '110-119': 84.07, 'old': 90.71, 'new': 84.07}
2026-05-23 09:19:59,896 [trainer.py] => CNN top1 curve: [91.92, 91.71, 90.18]
2026-05-23 09:19:59,896 [trainer.py] => CNN top5 curve: [99.07, 99.0, 98.87]
2026-05-23 09:19:59,897 [trainer.py] => Average Accuracy (CNN): 91.27
2026-05-23 09:19:59,897 [trainer.py] => All params: 85890817
2026-05-23 09:19:59,898 [trainer.py] => Trainable params: 85890817
2026-05-23 09:19:59,922 [simplecil.py] => Learning on 120-130
2026-05-23 09:21:04,996 [trainer.py] => No NME accuracy.
2026-05-23 09:21:04,997 [trainer.py] => CNN: {'total': 89.3, '00-99': 89.73, '100-109': 92.17, '110-119': 84.07, '120-129': 86.92, 'old': 89.48, 'new': 86.92}
2026-05-23 09:21:04,997 [trainer.py] => CNN top1 curve: [91.92, 91.71, 90.18, 89.3]
2026-05-23 09:21:04,997 [trainer.py] => CNN top5 curve: [99.07, 99.0, 98.87, 98.88]
2026-05-23 09:21:04,997 [trainer.py] => Average Accuracy (CNN): 90.78
2026-05-23 09:21:04,998 [trainer.py] => All params: 85898497
2026-05-23 09:21:04,998 [trainer.py] => Trainable params: 85898497
2026-05-23 09:21:05,013 [simplecil.py] => Learning on 130-140
2026-05-23 09:22:04,908 [trainer.py] => No NME accuracy.
2026-05-23 09:22:04,908 [trainer.py] => CNN: {'total': 88.97, '00-99': 89.73, '100-109': 92.17, '110-119': 84.07, '120-129': 82.24, '130-139': 88.98, 'old': 88.97, 'new': 88.98}
2026-05-23 09:22:04,909 [trainer.py] => CNN top1 curve: [91.92, 91.71, 90.18, 89.3, 88.97]
2026-05-23 09:22:04,909 [trainer.py] => CNN top5 curve: [99.07, 99.0, 98.87, 98.88, 98.72]
2026-05-23 09:22:04,909 [trainer.py] => Average Accuracy (CNN): 90.42
2026-05-23 09:22:04,910 [trainer.py] => All params: 85906177
2026-05-23 09:22:04,912 [trainer.py] => Trainable params: 85906177
2026-05-23 09:22:04,929 [simplecil.py] => Learning on 140-150
2026-05-23 09:23:14,012 [trainer.py] => No NME accuracy.
2026-05-23 09:23:14,097 [trainer.py] => CNN: {'total': 88.29, '00-99': 89.23, '100-109': 92.17, '110-119': 83.19, '120-129': 82.24, '130-139': 88.98, '140-149': 84.92, 'old': 88.54, 'new': 84.92}
2026-05-23 09:23:14,097 [trainer.py] => CNN top1 curve: [91.92, 91.71, 90.18, 89.3, 88.97, 88.29]
2026-05-23 09:23:14,097 [trainer.py] => CNN top5 curve: [99.07, 99.0, 98.87, 98.88, 98.72, 98.64]
2026-05-23 09:23:14,098 [trainer.py] => Average Accuracy (CNN): 90.06
2026-05-23 09:23:14,099 [trainer.py] => All params: 85913857
2026-05-23 09:23:14,100 [trainer.py] => Trainable params: 85913857
2026-05-23 09:23:14,118 [simplecil.py] => Learning on 150-160
2026-05-23 09:24:22,685 [trainer.py] => No NME accuracy.
2026-05-23 09:24:22,686 [trainer.py] => CNN: {'total': 88.47, '00-99': 89.06, '100-109': 89.57, '110-119': 83.19, '120-129': 82.24, '130-139': 88.98, '140-149': 84.92, '150-159': 95.16, 'old': 88.0, 'new': 95.16}
2026-05-23 09:24:22,686 [trainer.py] => CNN top1 curve: [91.92, 91.71, 90.18, 89.3, 88.97, 88.29, 88.47]
2026-05-23 09:24:22,686 [trainer.py] => CNN top5 curve: [99.07, 99.0, 98.87, 98.88, 98.72, 98.64, 98.68]
2026-05-23 09:24:22,687 [trainer.py] => Average Accuracy (CNN): 89.83
2026-05-23 09:24:22,687 [trainer.py] => All params: 85921537
2026-05-23 09:24:22,688 [trainer.py] => Trainable params: 85921537
2026-05-23 09:24:22,711 [simplecil.py] => Learning on 160-170
2026-05-23 09:25:31,168 [trainer.py] => No NME accuracy.
2026-05-23 09:25:31,206 [trainer.py] => CNN: {'total': 87.95, '00-99': 88.55, '100-109': 89.57, '110-119': 83.19, '120-129': 82.24, '130-139': 88.14, '140-149': 83.33, '150-159': 95.16, '160-169': 87.31, 'old': 88.0, 'new': 87.31}
2026-05-23 09:25:31,207 [trainer.py] => CNN top1 curve: [91.92, 91.71, 90.18, 89.3, 88.97, 88.29, 88.47, 87.95]
2026-05-23 09:25:31,207 [trainer.py] => CNN top5 curve: [99.07, 99.0, 98.87, 98.88, 98.72, 98.64, 98.68, 98.52]
2026-05-23 09:25:31,207 [trainer.py] => Average Accuracy (CNN): 89.6
2026-05-23 09:25:31,208 [trainer.py] => All params: 85929217
2026-05-23 09:25:31,208 [trainer.py] => Trainable params: 85929217
2026-05-23 09:25:31,268 [simplecil.py] => Learning on 170-180
2026-05-23 09:26:34,306 [trainer.py] => No NME accuracy.
2026-05-23 09:26:34,306 [trainer.py] => CNN: {'total': 87.97, '00-99': 88.38, '100-109': 89.57, '110-119': 83.19, '120-129': 81.31, '130-139': 88.14, '140-149': 83.33, '150-159': 93.55, '160-169': 87.31, '170-179': 93.2, 'old': 87.7, 'new': 93.2}
2026-05-23 09:26:34,306 [trainer.py] => CNN top1 curve: [91.92, 91.71, 90.18, 89.3, 88.97, 88.29, 88.47, 87.95, 87.97]
2026-05-23 09:26:34,306 [trainer.py] => CNN top5 curve: [99.07, 99.0, 98.87, 98.88, 98.72, 98.64, 98.68, 98.52, 98.45]
2026-05-23 09:26:34,306 [trainer.py] => Average Accuracy (CNN): 89.42
2026-05-23 09:26:34,308 [trainer.py] => All params: 85936897
2026-05-23 09:26:34,308 [trainer.py] => Trainable params: 85936897
2026-05-23 09:26:34,325 [simplecil.py] => Learning on 180-190
2026-05-23 09:27:39,210 [trainer.py] => No NME accuracy.
2026-05-23 09:27:39,252 [trainer.py] => CNN: {'total': 87.35, '00-99': 88.05, '100-109': 89.57, '110-119': 83.19, '120-129': 79.44, '130-139': 88.14, '140-149': 82.54, '150-159': 93.55, '160-169': 87.31, '170-179': 93.2, '180-189': 82.58, 'old': 87.64, 'new': 82.58}
2026-05-23 09:27:39,252 [trainer.py] => CNN top1 curve: [91.92, 91.71, 90.18, 89.3, 88.97, 88.29, 88.47, 87.95, 87.97, 87.35]
2026-05-23 09:27:39,252 [trainer.py] => CNN top5 curve: [99.07, 99.0, 98.87, 98.88, 98.72, 98.64, 98.68, 98.52, 98.45, 98.23]
2026-05-23 09:27:39,252 [trainer.py] => Average Accuracy (CNN): 89.21
2026-05-23 09:27:39,253 [trainer.py] => All params: 85944577
2026-05-23 09:27:39,254 [trainer.py] => Trainable params: 85944577
2026-05-23 09:27:39,274 [simplecil.py] => Learning on 190-200
2026-05-23 09:28:47,788 [trainer.py] => No NME accuracy.
2026-05-23 09:28:47,788 [trainer.py] => CNN: {'total': 86.77, '00-99': 87.63, '100-109': 89.57, '110-119': 83.19, '120-129': 79.44, '130-139': 88.14, '140-149': 82.54, '150-159': 93.55, '160-169': 85.82, '170-179': 92.23, '180-189': 81.82, '190-199': 82.65, 'old': 86.95, 'new': 82.65}
2026-05-23 09:28:47,789 [trainer.py] => CNN top1 curve: [91.92, 91.71, 90.18, 89.3, 88.97, 88.29, 88.47, 87.95, 87.97, 87.35, 86.77]
2026-05-23 09:28:47,789 [trainer.py] => CNN top5 curve: [99.07, 99.0, 98.87, 98.88, 98.72, 98.64, 98.68, 98.52, 98.45, 98.23, 98.18]
2026-05-23 09:28:47,789 [trainer.py] => Average Accuracy (CNN): 88.99
