2026-05-23 09:43:56,582 [trainer.py] => config: ./configs/simplecil/simplecil_cub_B100_Inc20.json
2026-05-23 09:43:56,587 [trainer.py] => prefix:  
2026-05-23 09:43:56,587 [trainer.py] => dataset: cub
2026-05-23 09:43:56,587 [trainer.py] => memory_size: 0
2026-05-23 09:43:56,587 [trainer.py] => memory_per_class: 0
2026-05-23 09:43:56,587 [trainer.py] => fixed_memory: False
2026-05-23 09:43:56,587 [trainer.py] => shuffle: True
2026-05-23 09:43:56,587 [trainer.py] => init_cls: 100
2026-05-23 09:43:56,587 [trainer.py] => increment: 20
2026-05-23 09:43:56,587 [trainer.py] => model_name: simplecil
2026-05-23 09:43:56,587 [trainer.py] => backbone_type: pretrained_vit_b16_224_in21k
2026-05-23 09:43:56,588 [trainer.py] => device: [device(type='cuda', index=2)]
2026-05-23 09:43:56,588 [trainer.py] => seed: 42
2026-05-23 09:43:56,588 [trainer.py] => tuned_epoch: 0
2026-05-23 09:43:56,588 [trainer.py] => init_lr: 0.01
2026-05-23 09:43:56,588 [trainer.py] => batch_size: 256
2026-05-23 09:43:56,588 [trainer.py] => weight_decay: 0.05
2026-05-23 09:43:56,588 [trainer.py] => min_lr: 1e-08
2026-05-23 09:43:56,588 [trainer.py] => optimizer: sgd
2026-05-23 09:43:56,588 [trainer.py] => vpt_type: shallow
2026-05-23 09:43:56,588 [trainer.py] => prompt_token_num: 3
2026-05-23 09:43:57,381 [data_manager.py] => [95, 15, 30, 158, 128, 115, 69, 170, 174, 45, 66, 182, 165, 78, 186, 177, 56, 152, 82, 68, 124, 16, 148, 93, 65, 60, 84, 67, 125, 132, 9, 18, 55, 75, 150, 104, 135, 137, 164, 76, 79, 197, 38, 24, 122, 195, 29, 19, 143, 86, 114, 173, 5, 126, 117, 73, 140, 98, 172, 96, 169, 97, 31, 12, 35, 119, 42, 189, 90, 136, 51, 127, 162, 41, 118, 113, 26, 139, 100, 111, 2, 77, 46, 187, 191, 85, 161, 36, 190, 61, 22, 141, 101, 33, 11, 194, 159, 6, 27, 120, 4, 32, 142, 145, 109, 144, 10, 62, 112, 146, 166, 0, 198, 153, 70, 123, 64, 44, 163, 28, 40, 108, 155, 156, 25, 23, 184, 147, 81, 39, 168, 47, 94, 154, 43, 138, 3, 105, 53, 133, 180, 178, 185, 49, 80, 34, 7, 110, 91, 83, 176, 181, 89, 8, 13, 59, 171, 131, 17, 72, 175, 134, 167, 183, 63, 54, 107, 50, 196, 58, 48, 88, 21, 57, 160, 192, 129, 37, 157, 193, 1, 52, 149, 130, 151, 103, 99, 116, 87, 74, 121, 199, 20, 188, 71, 106, 14, 92, 179, 102]
2026-05-23 09:45:04,983 [trainer.py] => All params: 85798656
2026-05-23 09:45:04,984 [trainer.py] => Trainable params: 85798656
2026-05-23 09:45:05,935 [simplecil.py] => Learning on 0-100
2026-05-23 09:47:23,483 [trainer.py] => No NME accuracy.
2026-05-23 09:47:23,492 [trainer.py] => CNN: {'total': 91.55, '00-99': 91.55, 'old': 0, 'new': 91.55}
2026-05-23 09:47:23,492 [trainer.py] => CNN top1 curve: [91.55]
2026-05-23 09:47:23,492 [trainer.py] => CNN top5 curve: [98.72]
2026-05-23 09:47:23,493 [trainer.py] => Average Accuracy (CNN): 91.55
2026-05-23 09:47:23,494 [trainer.py] => All params: 85875457
2026-05-23 09:47:23,496 [trainer.py] => Trainable params: 85875457
2026-05-23 09:47:23,525 [simplecil.py] => Learning on 100-120
2026-05-23 09:48:33,286 [trainer.py] => No NME accuracy.
2026-05-23 09:48:33,287 [trainer.py] => CNN: {'total': 88.89, '00-99': 90.1, '100-119': 82.76, 'old': 90.1, 'new': 82.76}
2026-05-23 09:48:33,287 [trainer.py] => CNN top1 curve: [91.55, 88.89]
2026-05-23 09:48:33,287 [trainer.py] => CNN top5 curve: [98.72, 98.43]
2026-05-23 09:48:33,288 [trainer.py] => Average Accuracy (CNN): 90.22
2026-05-23 09:48:33,289 [trainer.py] => All params: 85890817
2026-05-23 09:48:33,291 [trainer.py] => Trainable params: 85890817
2026-05-23 09:48:33,320 [simplecil.py] => Learning on 120-140
2026-05-23 09:49:49,079 [trainer.py] => No NME accuracy.
2026-05-23 09:49:49,124 [trainer.py] => CNN: {'total': 88.78, '00-99': 89.33, '100-119': 82.33, '120-139': 92.37, 'old': 88.18, 'new': 92.37}
2026-05-23 09:49:49,125 [trainer.py] => CNN top1 curve: [91.55, 88.89, 88.78]
2026-05-23 09:49:49,125 [trainer.py] => CNN top5 curve: [98.72, 98.43, 98.48]
2026-05-23 09:49:49,125 [trainer.py] => Average Accuracy (CNN): 89.74
2026-05-23 09:49:49,126 [trainer.py] => All params: 85906177
2026-05-23 09:49:49,127 [trainer.py] => Trainable params: 85906177
2026-05-23 09:49:49,145 [simplecil.py] => Learning on 140-160
2026-05-23 09:51:05,408 [trainer.py] => No NME accuracy.
2026-05-23 09:51:05,427 [trainer.py] => CNN: {'total': 88.27, '00-99': 88.31, '100-119': 81.9, '120-139': 91.53, '140-159': 91.43, 'old': 87.87, 'new': 91.43}
2026-05-23 09:51:05,427 [trainer.py] => CNN top1 curve: [91.55, 88.89, 88.78, 88.27]
2026-05-23 09:51:05,427 [trainer.py] => CNN top5 curve: [98.72, 98.43, 98.48, 98.43]
2026-05-23 09:51:05,427 [trainer.py] => Average Accuracy (CNN): 89.37
2026-05-23 09:51:05,429 [trainer.py] => All params: 85921537
2026-05-23 09:51:05,430 [trainer.py] => Trainable params: 85921537
2026-05-23 09:51:05,451 [simplecil.py] => Learning on 160-180
2026-05-23 09:52:25,703 [trainer.py] => No NME accuracy.
2026-05-23 09:52:25,728 [trainer.py] => CNN: {'total': 86.54, '00-99': 87.63, '100-119': 81.47, '120-139': 91.1, '140-159': 86.67, '160-179': 81.51, 'old': 87.19, 'new': 81.51}
2026-05-23 09:52:25,729 [trainer.py] => CNN top1 curve: [91.55, 88.89, 88.78, 88.27, 86.54]
2026-05-23 09:52:25,729 [trainer.py] => CNN top5 curve: [98.72, 98.43, 98.48, 98.43, 98.18]
2026-05-23 09:52:25,730 [trainer.py] => Average Accuracy (CNN): 88.81
2026-05-23 09:52:25,732 [trainer.py] => All params: 85936897
2026-05-23 09:52:25,733 [trainer.py] => Trainable params: 85936897
2026-05-23 09:52:25,762 [simplecil.py] => Learning on 180-200
2026-05-23 09:53:44,589 [trainer.py] => No NME accuracy.
2026-05-23 09:53:44,590 [trainer.py] => CNN: {'total': 86.77, '00-99': 87.29, '100-119': 78.45, '120-139': 90.25, '140-159': 85.71, '160-179': 81.51, '180-199': 94.07, 'old': 85.82, 'new': 94.07}
2026-05-23 09:53:44,591 [trainer.py] => CNN top1 curve: [91.55, 88.89, 88.78, 88.27, 86.54, 86.77]
2026-05-23 09:53:44,591 [trainer.py] => CNN top5 curve: [98.72, 98.43, 98.48, 98.43, 98.18, 98.18]
2026-05-23 09:53:44,591 [trainer.py] => Average Accuracy (CNN): 88.47
