2026-05-23 07:49:19,855 [trainer.py] => config: ./configs/simplecil/simplecil_cub_B100_Inc5.json
2026-05-23 07:49:19,887 [trainer.py] => prefix:  
2026-05-23 07:49:19,887 [trainer.py] => dataset: cub
2026-05-23 07:49:19,888 [trainer.py] => memory_size: 0
2026-05-23 07:49:19,888 [trainer.py] => memory_per_class: 0
2026-05-23 07:49:19,888 [trainer.py] => fixed_memory: False
2026-05-23 07:49:19,888 [trainer.py] => shuffle: True
2026-05-23 07:49:19,888 [trainer.py] => init_cls: 100
2026-05-23 07:49:19,888 [trainer.py] => increment: 5
2026-05-23 07:49:19,889 [trainer.py] => model_name: simplecil
2026-05-23 07:49:19,889 [trainer.py] => backbone_type: pretrained_vit_b16_224_in21k
2026-05-23 07:49:19,889 [trainer.py] => device: [device(type='cuda', index=2)]
2026-05-23 07:49:19,889 [trainer.py] => seed: 42
2026-05-23 07:49:19,889 [trainer.py] => tuned_epoch: 0
2026-05-23 07:49:19,889 [trainer.py] => init_lr: 0.01
2026-05-23 07:49:19,890 [trainer.py] => batch_size: 256
2026-05-23 07:49:19,890 [trainer.py] => weight_decay: 0.05
2026-05-23 07:49:19,890 [trainer.py] => min_lr: 1e-08
2026-05-23 07:49:19,890 [trainer.py] => optimizer: sgd
2026-05-23 07:49:19,890 [trainer.py] => vpt_type: shallow
2026-05-23 07:49:19,890 [trainer.py] => prompt_token_num: 3
2026-05-23 07:49:20,610 [data_manager.py] => [95, 15, 30, 158, 128, 115, 69, 170, 174, 45, 66, 182, 165, 78, 186, 177, 56, 152, 82, 68, 124, 16, 148, 93, 65, 60, 84, 67, 125, 132, 9, 18, 55, 75, 150, 104, 135, 137, 164, 76, 79, 197, 38, 24, 122, 195, 29, 19, 143, 86, 114, 173, 5, 126, 117, 73, 140, 98, 172, 96, 169, 97, 31, 12, 35, 119, 42, 189, 90, 136, 51, 127, 162, 41, 118, 113, 26, 139, 100, 111, 2, 77, 46, 187, 191, 85, 161, 36, 190, 61, 22, 141, 101, 33, 11, 194, 159, 6, 27, 120, 4, 32, 142, 145, 109, 144, 10, 62, 112, 146, 166, 0, 198, 153, 70, 123, 64, 44, 163, 28, 40, 108, 155, 156, 25, 23, 184, 147, 81, 39, 168, 47, 94, 154, 43, 138, 3, 105, 53, 133, 180, 178, 185, 49, 80, 34, 7, 110, 91, 83, 176, 181, 89, 8, 13, 59, 171, 131, 17, 72, 175, 134, 167, 183, 63, 54, 107, 50, 196, 58, 48, 88, 21, 57, 160, 192, 129, 37, 157, 193, 1, 52, 149, 130, 151, 103, 99, 116, 87, 74, 121, 199, 20, 188, 71, 106, 14, 92, 179, 102]
2026-05-23 07:50:31,831 [trainer.py] => All params: 85798656
2026-05-23 07:50:31,847 [trainer.py] => Trainable params: 85798656
2026-05-23 07:50:32,534 [simplecil.py] => Learning on 0-100
2026-05-23 07:52:46,798 [trainer.py] => No NME accuracy.
2026-05-23 07:52:46,816 [trainer.py] => CNN: {'total': 91.55, '00-99': 91.55, 'old': 0, 'new': 91.55}
2026-05-23 07:52:46,816 [trainer.py] => CNN top1 curve: [91.55]
2026-05-23 07:52:46,816 [trainer.py] => CNN top5 curve: [98.72]
2026-05-23 07:52:46,818 [trainer.py] => Average Accuracy (CNN): 91.55
2026-05-23 07:52:46,820 [trainer.py] => All params: 85875457
2026-05-23 07:52:46,821 [trainer.py] => Trainable params: 85875457
2026-05-23 07:52:46,839 [simplecil.py] => Learning on 100-105
2026-05-23 07:53:43,290 [trainer.py] => No NME accuracy.
2026-05-23 07:53:43,292 [trainer.py] => CNN: {'total': 90.83, '00-99': 91.21, '100-104': 82.0, 'old': 91.21, 'new': 82.0}
2026-05-23 07:53:43,292 [trainer.py] => CNN top1 curve: [91.55, 90.83]
2026-05-23 07:53:43,292 [trainer.py] => CNN top5 curve: [98.72, 98.77]
2026-05-23 07:53:43,292 [trainer.py] => Average Accuracy (CNN): 91.19
2026-05-23 07:53:43,294 [trainer.py] => All params: 85879297
2026-05-23 07:53:43,295 [trainer.py] => Trainable params: 85879297
2026-05-23 07:53:43,314 [simplecil.py] => Learning on 105-110
2026-05-23 07:54:36,795 [trainer.py] => No NME accuracy.
2026-05-23 07:54:36,795 [trainer.py] => CNN: {'total': 89.21, '00-99': 90.61, '100-104': 74.0, '105-109': 73.68, 'old': 89.93, 'new': 73.68}
2026-05-23 07:54:36,796 [trainer.py] => CNN top1 curve: [91.55, 90.83, 89.21]
2026-05-23 07:54:36,796 [trainer.py] => CNN top5 curve: [98.72, 98.77, 98.44]
2026-05-23 07:54:36,796 [trainer.py] => Average Accuracy (CNN): 90.53
2026-05-23 07:54:36,797 [trainer.py] => All params: 85883137
2026-05-23 07:54:36,799 [trainer.py] => Trainable params: 85883137
2026-05-23 07:54:36,820 [simplecil.py] => Learning on 110-115
2026-05-23 07:55:35,131 [trainer.py] => No NME accuracy.
2026-05-23 07:55:35,166 [trainer.py] => CNN: {'total': 89.27, '00-99': 90.36, '100-104': 74.0, '105-109': 73.68, '110-114': 94.44, 'old': 88.98, 'new': 94.44}
2026-05-23 07:55:35,166 [trainer.py] => CNN top1 curve: [91.55, 90.83, 89.21, 89.27]
2026-05-23 07:55:35,167 [trainer.py] => CNN top5 curve: [98.72, 98.77, 98.44, 98.45]
2026-05-23 07:55:35,168 [trainer.py] => Average Accuracy (CNN): 90.21
2026-05-23 07:55:35,170 [trainer.py] => All params: 85886977
2026-05-23 07:55:35,172 [trainer.py] => Trainable params: 85886977
2026-05-23 07:55:35,203 [simplecil.py] => Learning on 115-120
2026-05-23 07:56:32,048 [trainer.py] => No NME accuracy.
2026-05-23 07:56:32,049 [trainer.py] => CNN: {'total': 88.89, '00-99': 90.1, '100-104': 74.0, '105-109': 73.68, '110-114': 94.44, '115-119': 84.91, 'old': 89.05, 'new': 84.91}
2026-05-23 07:56:32,049 [trainer.py] => CNN top1 curve: [91.55, 90.83, 89.21, 89.27, 88.89]
2026-05-23 07:56:32,049 [trainer.py] => CNN top5 curve: [98.72, 98.77, 98.44, 98.45, 98.43]
2026-05-23 07:56:32,049 [trainer.py] => Average Accuracy (CNN): 89.95
2026-05-23 07:56:32,050 [trainer.py] => All params: 85890817
2026-05-23 07:56:32,051 [trainer.py] => Trainable params: 85890817
2026-05-23 07:56:32,070 [simplecil.py] => Learning on 120-125
2026-05-23 07:57:24,568 [trainer.py] => No NME accuracy.
2026-05-23 07:57:24,568 [trainer.py] => CNN: {'total': 88.76, '00-99': 89.85, '100-104': 74.0, '105-109': 73.68, '110-114': 94.44, '115-119': 84.91, '120-124': 90.91, 'old': 88.68, 'new': 90.91}
2026-05-23 07:57:24,568 [trainer.py] => CNN top1 curve: [91.55, 90.83, 89.21, 89.27, 88.89, 88.76]
2026-05-23 07:57:24,568 [trainer.py] => CNN top5 curve: [98.72, 98.77, 98.44, 98.45, 98.43, 98.49]
2026-05-23 07:57:24,569 [trainer.py] => Average Accuracy (CNN): 89.75
2026-05-23 07:57:24,569 [trainer.py] => All params: 85894657
2026-05-23 07:57:24,570 [trainer.py] => Trainable params: 85894657
2026-05-23 07:57:24,585 [simplecil.py] => Learning on 125-130
2026-05-23 07:58:25,355 [trainer.py] => No NME accuracy.
2026-05-23 07:58:25,383 [trainer.py] => CNN: {'total': 88.48, '00-99': 89.68, '100-104': 74.0, '105-109': 73.68, '110-114': 94.44, '115-119': 84.91, '120-124': 90.91, '125-129': 85.0, 'old': 88.62, 'new': 85.0}
2026-05-23 07:58:25,383 [trainer.py] => CNN top1 curve: [91.55, 90.83, 89.21, 89.27, 88.89, 88.76, 88.48]
2026-05-23 07:58:25,384 [trainer.py] => CNN top5 curve: [98.72, 98.77, 98.44, 98.45, 98.43, 98.49, 98.49]
2026-05-23 07:58:25,384 [trainer.py] => Average Accuracy (CNN): 89.57
2026-05-23 07:58:25,385 [trainer.py] => All params: 85898497
2026-05-23 07:58:25,386 [trainer.py] => Trainable params: 85898497
2026-05-23 07:58:25,406 [simplecil.py] => Learning on 130-135
2026-05-23 07:59:30,305 [trainer.py] => No NME accuracy.
2026-05-23 07:59:30,306 [trainer.py] => CNN: {'total': 88.35, '00-99': 89.33, '100-104': 74.0, '105-109': 73.68, '110-114': 93.06, '115-119': 84.91, '120-124': 90.91, '125-129': 85.0, '130-134': 93.33, 'old': 88.15, 'new': 93.33}
2026-05-23 07:59:30,306 [trainer.py] => CNN top1 curve: [91.55, 90.83, 89.21, 89.27, 88.89, 88.76, 88.48, 88.35]
2026-05-23 07:59:30,307 [trainer.py] => CNN top5 curve: [98.72, 98.77, 98.44, 98.45, 98.43, 98.49, 98.49, 98.42]
2026-05-23 07:59:30,307 [trainer.py] => Average Accuracy (CNN): 89.42
2026-05-23 07:59:30,309 [trainer.py] => All params: 85902337
2026-05-23 07:59:30,311 [trainer.py] => Trainable params: 85902337
2026-05-23 07:59:30,332 [simplecil.py] => Learning on 135-140
2026-05-23 08:00:30,449 [trainer.py] => No NME accuracy.
2026-05-23 08:00:30,449 [trainer.py] => CNN: {'total': 88.78, '00-99': 89.33, '100-104': 74.0, '105-109': 73.68, '110-114': 93.06, '115-119': 84.91, '120-124': 90.91, '125-129': 85.0, '130-134': 93.33, '135-139': 100.0, 'old': 88.35, 'new': 100.0}
2026-05-23 08:00:30,450 [trainer.py] => CNN top1 curve: [91.55, 90.83, 89.21, 89.27, 88.89, 88.76, 88.48, 88.35, 88.78]
2026-05-23 08:00:30,450 [trainer.py] => CNN top5 curve: [98.72, 98.77, 98.44, 98.45, 98.43, 98.49, 98.49, 98.42, 98.48]
2026-05-23 08:00:30,450 [trainer.py] => Average Accuracy (CNN): 89.35
2026-05-23 08:00:30,450 [trainer.py] => All params: 85906177
2026-05-23 08:00:30,451 [trainer.py] => Trainable params: 85906177
2026-05-23 08:00:30,468 [simplecil.py] => Learning on 140-145
2026-05-23 08:01:29,723 [trainer.py] => No NME accuracy.
2026-05-23 08:01:29,779 [trainer.py] => CNN: {'total': 88.69, '00-99': 89.16, '100-104': 74.0, '105-109': 73.68, '110-114': 93.06, '115-119': 84.91, '120-124': 90.91, '125-129': 83.33, '130-134': 93.33, '135-139': 100.0, '140-144': 91.38, 'old': 88.6, 'new': 91.38}
2026-05-23 08:01:29,779 [trainer.py] => CNN top1 curve: [91.55, 90.83, 89.21, 89.27, 88.89, 88.76, 88.48, 88.35, 88.78, 88.69]
2026-05-23 08:01:29,779 [trainer.py] => CNN top5 curve: [98.72, 98.77, 98.44, 98.45, 98.43, 98.49, 98.49, 98.42, 98.48, 98.41]
2026-05-23 08:01:29,779 [trainer.py] => Average Accuracy (CNN): 89.28
2026-05-23 08:01:29,780 [trainer.py] => All params: 85910017
2026-05-23 08:01:29,781 [trainer.py] => Trainable params: 85910017
2026-05-23 08:01:29,796 [simplecil.py] => Learning on 145-150
2026-05-23 08:02:25,621 [trainer.py] => No NME accuracy.
2026-05-23 08:02:25,622 [trainer.py] => CNN: {'total': 88.52, '00-99': 88.82, '100-104': 72.0, '105-109': 73.68, '110-114': 93.06, '115-119': 84.91, '120-124': 90.91, '125-129': 83.33, '130-134': 93.33, '135-139': 100.0, '140-144': 91.38, '145-149': 93.18, 'old': 88.4, 'new': 93.18}
2026-05-23 08:02:25,622 [trainer.py] => CNN top1 curve: [91.55, 90.83, 89.21, 89.27, 88.89, 88.76, 88.48, 88.35, 88.78, 88.69, 88.52]
2026-05-23 08:02:25,622 [trainer.py] => CNN top5 curve: [98.72, 98.77, 98.44, 98.45, 98.43, 98.49, 98.49, 98.42, 98.48, 98.41, 98.39]
2026-05-23 08:02:25,622 [trainer.py] => Average Accuracy (CNN): 89.21
2026-05-23 08:02:25,623 [trainer.py] => All params: 85913857
2026-05-23 08:02:25,623 [trainer.py] => Trainable params: 85913857
2026-05-23 08:02:25,642 [simplecil.py] => Learning on 150-155
2026-05-23 08:03:23,617 [trainer.py] => No NME accuracy.
2026-05-23 08:03:23,617 [trainer.py] => CNN: {'total': 88.47, '00-99': 88.48, '100-104': 72.0, '105-109': 73.68, '110-114': 93.06, '115-119': 84.91, '120-124': 90.91, '125-129': 83.33, '130-134': 93.33, '135-139': 98.36, '140-144': 91.38, '145-149': 93.18, '150-154': 96.3, 'old': 88.23, 'new': 96.3}
2026-05-23 08:03:23,617 [trainer.py] => CNN top1 curve: [91.55, 90.83, 89.21, 89.27, 88.89, 88.76, 88.48, 88.35, 88.78, 88.69, 88.52, 88.47]
2026-05-23 08:03:23,618 [trainer.py] => CNN top5 curve: [98.72, 98.77, 98.44, 98.45, 98.43, 98.49, 98.49, 98.42, 98.48, 98.41, 98.39, 98.44]
2026-05-23 08:03:23,618 [trainer.py] => Average Accuracy (CNN): 89.15
2026-05-23 08:03:23,619 [trainer.py] => All params: 85917697
2026-05-23 08:03:23,619 [trainer.py] => Trainable params: 85917697
2026-05-23 08:03:23,638 [simplecil.py] => Learning on 155-160
2026-05-23 08:04:20,718 [trainer.py] => No NME accuracy.
2026-05-23 08:04:20,746 [trainer.py] => CNN: {'total': 88.27, '00-99': 88.31, '100-104': 72.0, '105-109': 73.68, '110-114': 93.06, '115-119': 84.91, '120-124': 90.91, '125-129': 83.33, '130-134': 93.33, '135-139': 98.36, '140-144': 91.38, '145-149': 93.18, '150-154': 96.3, '155-159': 85.19, 'old': 88.36, 'new': 85.19}
2026-05-23 08:04:20,746 [trainer.py] => CNN top1 curve: [91.55, 90.83, 89.21, 89.27, 88.89, 88.76, 88.48, 88.35, 88.78, 88.69, 88.52, 88.47, 88.27]
2026-05-23 08:04:20,746 [trainer.py] => CNN top5 curve: [98.72, 98.77, 98.44, 98.45, 98.43, 98.49, 98.49, 98.42, 98.48, 98.41, 98.39, 98.44, 98.43]
2026-05-23 08:04:20,746 [trainer.py] => Average Accuracy (CNN): 89.08
2026-05-23 08:04:20,747 [trainer.py] => All params: 85921537
2026-05-23 08:04:20,748 [trainer.py] => Trainable params: 85921537
2026-05-23 08:04:20,769 [simplecil.py] => Learning on 160-165
2026-05-23 08:05:17,465 [trainer.py] => No NME accuracy.
2026-05-23 08:05:17,465 [trainer.py] => CNN: {'total': 87.93, '00-99': 88.23, '100-104': 72.0, '105-109': 73.68, '110-114': 91.67, '115-119': 84.91, '120-124': 90.91, '125-129': 83.33, '130-134': 93.33, '135-139': 98.36, '140-144': 91.38, '145-149': 93.18, '150-154': 96.3, '155-159': 85.19, '160-164': 80.36, 'old': 88.16, 'new': 80.36}
2026-05-23 08:05:17,465 [trainer.py] => CNN top1 curve: [91.55, 90.83, 89.21, 89.27, 88.89, 88.76, 88.48, 88.35, 88.78, 88.69, 88.52, 88.47, 88.27, 87.93]
2026-05-23 08:05:17,465 [trainer.py] => CNN top5 curve: [98.72, 98.77, 98.44, 98.45, 98.43, 98.49, 98.49, 98.42, 98.48, 98.41, 98.39, 98.44, 98.43, 98.22]
2026-05-23 08:05:17,465 [trainer.py] => Average Accuracy (CNN): 89.0
2026-05-23 08:05:17,466 [trainer.py] => All params: 85925377
2026-05-23 08:05:17,466 [trainer.py] => Trainable params: 85925377
2026-05-23 08:05:17,483 [simplecil.py] => Learning on 165-170
2026-05-23 08:06:12,504 [trainer.py] => No NME accuracy.
2026-05-23 08:06:12,504 [trainer.py] => CNN: {'total': 86.91, '00-99': 87.88, '100-104': 72.0, '105-109': 73.68, '110-114': 91.67, '115-119': 84.91, '120-124': 90.91, '125-129': 83.33, '130-134': 93.33, '135-139': 98.36, '140-144': 75.86, '145-149': 93.18, '150-154': 96.3, '155-159': 85.19, '160-164': 80.36, '165-169': 76.92, 'old': 87.25, 'new': 76.92}
2026-05-23 08:06:12,505 [trainer.py] => CNN top1 curve: [91.55, 90.83, 89.21, 89.27, 88.89, 88.76, 88.48, 88.35, 88.78, 88.69, 88.52, 88.47, 88.27, 87.93, 86.91]
2026-05-23 08:06:12,505 [trainer.py] => CNN top5 curve: [98.72, 98.77, 98.44, 98.45, 98.43, 98.49, 98.49, 98.42, 98.48, 98.41, 98.39, 98.44, 98.43, 98.22, 98.17]
2026-05-23 08:06:12,508 [trainer.py] => Average Accuracy (CNN): 88.86
2026-05-23 08:06:12,508 [trainer.py] => All params: 85929217
2026-05-23 08:06:12,509 [trainer.py] => Trainable params: 85929217
2026-05-23 08:06:12,529 [simplecil.py] => Learning on 170-175
2026-05-23 08:07:13,298 [trainer.py] => No NME accuracy.
2026-05-23 08:07:13,319 [trainer.py] => CNN: {'total': 86.67, '00-99': 87.88, '100-104': 72.0, '105-109': 73.68, '110-114': 91.67, '115-119': 84.91, '120-124': 90.91, '125-129': 83.33, '130-134': 93.33, '135-139': 96.72, '140-144': 75.86, '145-149': 93.18, '150-154': 94.44, '155-159': 85.19, '160-164': 80.36, '165-169': 76.92, '170-174': 81.82, 'old': 86.81, 'new': 81.82}
2026-05-23 08:07:13,319 [trainer.py] => CNN top1 curve: [91.55, 90.83, 89.21, 89.27, 88.89, 88.76, 88.48, 88.35, 88.78, 88.69, 88.52, 88.47, 88.27, 87.93, 86.91, 86.67]
2026-05-23 08:07:13,319 [trainer.py] => CNN top5 curve: [98.72, 98.77, 98.44, 98.45, 98.43, 98.49, 98.49, 98.42, 98.48, 98.41, 98.39, 98.44, 98.43, 98.22, 98.17, 98.12]
2026-05-23 08:07:13,319 [trainer.py] => Average Accuracy (CNN): 88.72
2026-05-23 08:07:13,320 [trainer.py] => All params: 85933057
2026-05-23 08:07:13,321 [trainer.py] => Trainable params: 85933057
2026-05-23 08:07:13,333 [simplecil.py] => Learning on 175-180
2026-05-23 08:08:12,719 [trainer.py] => No NME accuracy.
2026-05-23 08:08:12,760 [trainer.py] => CNN: {'total': 86.54, '00-99': 87.63, '100-104': 72.0, '105-109': 73.68, '110-114': 91.67, '115-119': 84.91, '120-124': 90.91, '125-129': 83.33, '130-134': 93.33, '135-139': 96.72, '140-144': 75.86, '145-149': 93.18, '150-154': 94.44, '155-159': 85.19, '160-164': 80.36, '165-169': 76.92, '170-174': 81.82, '175-179': 87.1, 'old': 86.53, 'new': 87.1}
2026-05-23 08:08:12,760 [trainer.py] => CNN top1 curve: [91.55, 90.83, 89.21, 89.27, 88.89, 88.76, 88.48, 88.35, 88.78, 88.69, 88.52, 88.47, 88.27, 87.93, 86.91, 86.67, 86.54]
2026-05-23 08:08:12,760 [trainer.py] => CNN top5 curve: [98.72, 98.77, 98.44, 98.45, 98.43, 98.49, 98.49, 98.42, 98.48, 98.41, 98.39, 98.44, 98.43, 98.22, 98.17, 98.12, 98.18]
2026-05-23 08:08:12,761 [trainer.py] => Average Accuracy (CNN): 88.6
2026-05-23 08:08:12,762 [trainer.py] => All params: 85936897
2026-05-23 08:08:12,763 [trainer.py] => Trainable params: 85936897
2026-05-23 08:08:12,777 [simplecil.py] => Learning on 180-185
2026-05-23 08:09:18,017 [trainer.py] => No NME accuracy.
2026-05-23 08:09:18,032 [trainer.py] => CNN: {'total': 86.81, '00-99': 87.63, '100-104': 72.0, '105-109': 73.68, '110-114': 91.67, '115-119': 84.91, '120-124': 89.09, '125-129': 83.33, '130-134': 93.33, '135-139': 96.72, '140-144': 75.86, '145-149': 93.18, '150-154': 94.44, '155-159': 85.19, '160-164': 80.36, '165-169': 76.92, '170-174': 81.82, '175-179': 87.1, '180-184': 95.0, 'old': 86.49, 'new': 95.0}
2026-05-23 08:09:18,032 [trainer.py] => CNN top1 curve: [91.55, 90.83, 89.21, 89.27, 88.89, 88.76, 88.48, 88.35, 88.78, 88.69, 88.52, 88.47, 88.27, 87.93, 86.91, 86.67, 86.54, 86.81]
2026-05-23 08:09:18,032 [trainer.py] => CNN top5 curve: [98.72, 98.77, 98.44, 98.45, 98.43, 98.49, 98.49, 98.42, 98.48, 98.41, 98.39, 98.44, 98.43, 98.22, 98.17, 98.12, 98.18, 98.15]
2026-05-23 08:09:18,033 [trainer.py] => Average Accuracy (CNN): 88.5
2026-05-23 08:09:18,034 [trainer.py] => All params: 85940737
2026-05-23 08:09:18,034 [trainer.py] => Trainable params: 85940737
2026-05-23 08:09:18,052 [simplecil.py] => Learning on 185-190
2026-05-23 08:10:27,914 [trainer.py] => No NME accuracy.
2026-05-23 08:10:27,915 [trainer.py] => CNN: {'total': 86.82, '00-99': 87.37, '100-104': 72.0, '105-109': 73.68, '110-114': 91.67, '115-119': 84.91, '120-124': 89.09, '125-129': 83.33, '130-134': 93.33, '135-139': 96.72, '140-144': 75.86, '145-149': 93.18, '150-154': 94.44, '155-159': 85.19, '160-164': 80.36, '165-169': 76.92, '170-174': 81.82, '175-179': 87.1, '180-184': 95.0, '185-189': 91.94, 'old': 86.67, 'new': 91.94}
2026-05-23 08:10:27,915 [trainer.py] => CNN top1 curve: [91.55, 90.83, 89.21, 89.27, 88.89, 88.76, 88.48, 88.35, 88.78, 88.69, 88.52, 88.47, 88.27, 87.93, 86.91, 86.67, 86.54, 86.81, 86.82]
2026-05-23 08:10:27,916 [trainer.py] => CNN top5 curve: [98.72, 98.77, 98.44, 98.45, 98.43, 98.49, 98.49, 98.42, 98.48, 98.41, 98.39, 98.44, 98.43, 98.22, 98.17, 98.12, 98.18, 98.15, 98.21]
2026-05-23 08:10:27,916 [trainer.py] => Average Accuracy (CNN): 88.41
2026-05-23 08:10:27,917 [trainer.py] => All params: 85944577
2026-05-23 08:10:27,920 [trainer.py] => Trainable params: 85944577
2026-05-23 08:10:27,982 [simplecil.py] => Learning on 190-195
2026-05-23 08:11:40,691 [trainer.py] => No NME accuracy.
2026-05-23 08:11:40,806 [trainer.py] => CNN: {'total': 87.01, '00-99': 87.37, '100-104': 72.0, '105-109': 73.68, '110-114': 88.89, '115-119': 84.91, '120-124': 89.09, '125-129': 83.33, '130-134': 93.33, '135-139': 96.72, '140-144': 75.86, '145-149': 93.18, '150-154': 94.44, '155-159': 85.19, '160-164': 80.36, '165-169': 76.92, '170-174': 81.82, '175-179': 87.1, '180-184': 95.0, '185-189': 91.94, '190-194': 95.77, 'old': 86.73, 'new': 95.77}
2026-05-23 08:11:40,806 [trainer.py] => CNN top1 curve: [91.55, 90.83, 89.21, 89.27, 88.89, 88.76, 88.48, 88.35, 88.78, 88.69, 88.52, 88.47, 88.27, 87.93, 86.91, 86.67, 86.54, 86.81, 86.82, 87.01]
2026-05-23 08:11:40,806 [trainer.py] => CNN top5 curve: [98.72, 98.77, 98.44, 98.45, 98.43, 98.49, 98.49, 98.42, 98.48, 98.41, 98.39, 98.44, 98.43, 98.22, 98.17, 98.12, 98.18, 98.15, 98.21, 98.22]
2026-05-23 08:11:40,807 [trainer.py] => Average Accuracy (CNN): 88.34
2026-05-23 08:11:40,808 [trainer.py] => All params: 85948417
2026-05-23 08:11:40,808 [trainer.py] => Trainable params: 85948417
2026-05-23 08:11:40,826 [simplecil.py] => Learning on 195-200
2026-05-23 08:12:47,097 [trainer.py] => No NME accuracy.
2026-05-23 08:12:47,098 [trainer.py] => CNN: {'total': 86.77, '00-99': 87.29, '100-104': 72.0, '105-109': 73.68, '110-114': 88.89, '115-119': 75.47, '120-124': 89.09, '125-129': 81.67, '130-134': 93.33, '135-139': 96.72, '140-144': 75.86, '145-149': 93.18, '150-154': 90.74, '155-159': 85.19, '160-164': 80.36, '165-169': 76.92, '170-174': 81.82, '175-179': 87.1, '180-184': 95.0, '185-189': 91.94, '190-194': 95.77, '195-199': 92.98, 'old': 86.61, 'new': 92.98}
2026-05-23 08:12:47,098 [trainer.py] => CNN top1 curve: [91.55, 90.83, 89.21, 89.27, 88.89, 88.76, 88.48, 88.35, 88.78, 88.69, 88.52, 88.47, 88.27, 87.93, 86.91, 86.67, 86.54, 86.81, 86.82, 87.01, 86.77]
2026-05-23 08:12:47,098 [trainer.py] => CNN top5 curve: [98.72, 98.77, 98.44, 98.45, 98.43, 98.49, 98.49, 98.42, 98.48, 98.41, 98.39, 98.44, 98.43, 98.22, 98.17, 98.12, 98.18, 98.15, 98.21, 98.22, 98.18]
2026-05-23 08:12:47,099 [trainer.py] => Average Accuracy (CNN): 88.26
