2026-05-23 13:33:08,655 [trainer.py] => config: ./configs/simplecil/simplecil_inr_B0_Inc10.json
2026-05-23 13:33:08,655 [trainer.py] => prefix:  
2026-05-23 13:33:08,656 [trainer.py] => dataset: imagenetr
2026-05-23 13:33:08,656 [trainer.py] => memory_size: 0
2026-05-23 13:33:08,656 [trainer.py] => memory_per_class: 0
2026-05-23 13:33:08,656 [trainer.py] => fixed_memory: False
2026-05-23 13:33:08,656 [trainer.py] => shuffle: True
2026-05-23 13:33:08,656 [trainer.py] => init_cls: 10
2026-05-23 13:33:08,656 [trainer.py] => increment: 10
2026-05-23 13:33:08,657 [trainer.py] => model_name: simplecil
2026-05-23 13:33:08,657 [trainer.py] => backbone_type: pretrained_vit_b16_224_in21k
2026-05-23 13:33:08,657 [trainer.py] => device: [device(type='cuda', index=2)]
2026-05-23 13:33:08,657 [trainer.py] => seed: 1994
2026-05-23 13:33:08,657 [trainer.py] => tuned_epoch: 0
2026-05-23 13:33:08,657 [trainer.py] => init_lr: 0.01
2026-05-23 13:33:08,658 [trainer.py] => batch_size: 48
2026-05-23 13:33:08,658 [trainer.py] => weight_decay: 0.05
2026-05-23 13:33:08,658 [trainer.py] => min_lr: 1e-08
2026-05-23 13:33:08,658 [trainer.py] => optimizer: sgd
2026-05-23 13:33:08,658 [trainer.py] => vpt_type: shallow
2026-05-23 13:33:08,658 [trainer.py] => prompt_token_num: 3
2026-05-23 13:33:08,659 [trainer.py] => nb_classes: 200
2026-05-23 13:33:08,659 [trainer.py] => nb_tasks: 20
2026-05-23 13:33:12,229 [data_manager.py] => [85, 41, 23, 28, 70, 87, 134, 151, 51, 159, 178, 119, 50, 117, 73, 95, 86, 147, 63, 22, 79, 175, 40, 155, 174, 54, 132, 72, 124, 157, 93, 26, 196, 74, 44, 15, 169, 122, 88, 171, 184, 6, 18, 145, 48, 197, 64, 172, 126, 96, 11, 55, 193, 66, 128, 21, 77, 113, 140, 116, 141, 133, 120, 29, 115, 14, 103, 127, 114, 19, 9, 38, 33, 195, 81, 35, 69, 181, 47, 129, 112, 168, 198, 71, 101, 188, 68, 90, 158, 163, 52, 8, 185, 59, 154, 92, 56, 183, 32, 136, 65, 45, 46, 173, 189, 108, 102, 144, 0, 107, 187, 100, 98, 192, 43, 161, 104, 75, 150, 166, 121, 60, 160, 3, 143, 153, 62, 142, 61, 110, 194, 97, 25, 177, 179, 17, 49, 31, 94, 111, 16, 53, 91, 58, 135, 83, 2, 12, 13, 165, 42, 36, 186, 105, 1, 7, 149, 170, 27, 24, 78, 167, 137, 138, 118, 10, 139, 164, 20, 57, 123, 199, 89, 130, 82, 162, 176, 148, 109, 125, 67, 106, 37, 146, 131, 180, 156, 39, 5, 84, 4, 190, 152, 191, 30, 76, 80, 34, 99, 182]
2026-05-23 13:33:19,533 [trainer.py] => All params: 85798656
2026-05-23 13:33:19,593 [trainer.py] => Trainable params: 85798656
2026-05-23 13:33:19,609 [simplecil.py] => Learning on 0-10
2026-05-23 13:34:04,089 [trainer.py] => No NME accuracy.
2026-05-23 13:34:04,090 [trainer.py] => CNN: {'total': 77.68, '00-09': 77.68, 'old': 0, 'new': 77.68}
2026-05-23 13:34:04,090 [trainer.py] => CNN top1 curve: [77.68]
2026-05-23 13:34:04,090 [trainer.py] => CNN top5 curve: [95.65]
2026-05-23 13:34:04,090 [trainer.py] => Average Accuracy (CNN): 77.68
2026-05-23 13:34:04,092 [trainer.py] => All params: 85806337
2026-05-23 13:34:04,093 [trainer.py] => Trainable params: 85806337
2026-05-23 13:34:04,127 [simplecil.py] => Learning on 10-20
2026-05-23 13:34:48,521 [trainer.py] => No NME accuracy.
2026-05-23 13:34:48,523 [trainer.py] => CNN: {'total': 72.87, '00-09': 71.01, '10-19': 74.78, 'old': 71.01, 'new': 74.78}
2026-05-23 13:34:48,523 [trainer.py] => CNN top1 curve: [77.68, 72.87]
2026-05-23 13:34:48,523 [trainer.py] => CNN top5 curve: [95.65, 92.08]
2026-05-23 13:34:48,523 [trainer.py] => Average Accuracy (CNN): 75.28
2026-05-23 13:34:48,524 [trainer.py] => All params: 85814017
2026-05-23 13:34:48,524 [trainer.py] => Trainable params: 85814017
2026-05-23 13:34:48,542 [simplecil.py] => Learning on 20-30
2026-05-23 13:35:32,379 [trainer.py] => No NME accuracy.
2026-05-23 13:35:32,406 [trainer.py] => CNN: {'total': 71.37, '00-09': 67.54, '10-19': 72.11, '20-29': 75.18, 'old': 69.79, 'new': 75.18}
2026-05-23 13:35:32,406 [trainer.py] => CNN top1 curve: [77.68, 72.87, 71.37]
2026-05-23 13:35:32,406 [trainer.py] => CNN top5 curve: [95.65, 92.08, 89.63]
2026-05-23 13:35:32,407 [trainer.py] => Average Accuracy (CNN): 73.97
2026-05-23 13:35:32,409 [trainer.py] => All params: 85821697
2026-05-23 13:35:32,412 [trainer.py] => Trainable params: 85821697
2026-05-23 13:35:32,438 [simplecil.py] => Learning on 30-40
2026-05-23 13:36:23,946 [trainer.py] => No NME accuracy.
2026-05-23 13:36:23,948 [trainer.py] => CNN: {'total': 69.33, '00-09': 64.93, '10-19': 69.44, '20-29': 72.7, '30-39': 70.95, 'old': 68.78, 'new': 70.95}
2026-05-23 13:36:23,948 [trainer.py] => CNN top1 curve: [77.68, 72.87, 71.37, 69.33]
2026-05-23 13:36:23,948 [trainer.py] => CNN top5 curve: [95.65, 92.08, 89.63, 86.99]
2026-05-23 13:36:23,949 [trainer.py] => Average Accuracy (CNN): 72.81
2026-05-23 13:36:23,950 [trainer.py] => All params: 85829377
2026-05-23 13:36:23,951 [trainer.py] => Trainable params: 85829377
2026-05-23 13:36:23,968 [simplecil.py] => Learning on 40-50
2026-05-23 13:37:24,264 [trainer.py] => No NME accuracy.
2026-05-23 13:37:24,265 [trainer.py] => CNN: {'total': 67.17, '00-09': 62.32, '10-19': 68.25, '20-29': 70.21, '30-39': 67.58, '40-49': 68.2, 'old': 66.92, 'new': 68.2}
2026-05-23 13:37:24,265 [trainer.py] => CNN top1 curve: [77.68, 72.87, 71.37, 69.33, 67.17]
2026-05-23 13:37:24,266 [trainer.py] => CNN top5 curve: [95.65, 92.08, 89.63, 86.99, 84.21]
2026-05-23 13:37:24,266 [trainer.py] => Average Accuracy (CNN): 71.68
2026-05-23 13:37:24,268 [trainer.py] => All params: 85837057
2026-05-23 13:37:24,269 [trainer.py] => Trainable params: 85837057
2026-05-23 13:37:24,285 [simplecil.py] => Learning on 50-60
2026-05-23 13:38:27,080 [trainer.py] => No NME accuracy.
2026-05-23 13:38:27,096 [trainer.py] => CNN: {'total': 65.26, '00-09': 62.03, '10-19': 67.06, '20-29': 67.38, '30-39': 66.36, '40-49': 67.21, '50-59': 61.74, 'old': 65.91, 'new': 61.74}
2026-05-23 13:38:27,096 [trainer.py] => CNN top1 curve: [77.68, 72.87, 71.37, 69.33, 67.17, 65.26]
2026-05-23 13:38:27,096 [trainer.py] => CNN top5 curve: [95.65, 92.08, 89.63, 86.99, 84.21, 83.26]
2026-05-23 13:38:27,097 [trainer.py] => Average Accuracy (CNN): 70.61
2026-05-23 13:38:27,099 [trainer.py] => All params: 85844737
2026-05-23 13:38:27,100 [trainer.py] => Trainable params: 85844737
2026-05-23 13:38:27,127 [simplecil.py] => Learning on 60-70
2026-05-23 13:39:29,123 [trainer.py] => No NME accuracy.
2026-05-23 13:39:29,132 [trainer.py] => CNN: {'total': 64.19, '00-09': 60.58, '10-19': 65.28, '20-29': 67.02, '30-39': 65.14, '40-49': 66.23, '50-59': 57.38, '60-69': 69.01, 'old': 63.57, 'new': 69.01}
2026-05-23 13:39:29,132 [trainer.py] => CNN top1 curve: [77.68, 72.87, 71.37, 69.33, 67.17, 65.26, 64.19]
2026-05-23 13:39:29,132 [trainer.py] => CNN top5 curve: [95.65, 92.08, 89.63, 86.99, 84.21, 83.26, 82.3]
2026-05-23 13:39:29,132 [trainer.py] => Average Accuracy (CNN): 69.7
2026-05-23 13:39:29,133 [trainer.py] => All params: 85852417
2026-05-23 13:39:29,134 [trainer.py] => Trainable params: 85852417
2026-05-23 13:39:29,159 [simplecil.py] => Learning on 70-80
2026-05-23 13:40:30,721 [trainer.py] => No NME accuracy.
2026-05-23 13:40:30,747 [trainer.py] => CNN: {'total': 62.9, '00-09': 59.42, '10-19': 64.69, '20-29': 67.02, '30-39': 63.61, '40-49': 65.9, '50-59': 56.38, '60-69': 68.6, '70-79': 58.43, 'old': 63.44, 'new': 58.43}
2026-05-23 13:40:30,747 [trainer.py] => CNN top1 curve: [77.68, 72.87, 71.37, 69.33, 67.17, 65.26, 64.19, 62.9]
2026-05-23 13:40:30,747 [trainer.py] => CNN top5 curve: [95.65, 92.08, 89.63, 86.99, 84.21, 83.26, 82.3, 80.68]
2026-05-23 13:40:30,748 [trainer.py] => Average Accuracy (CNN): 68.85
2026-05-23 13:40:30,749 [trainer.py] => All params: 85860097
2026-05-23 13:40:30,750 [trainer.py] => Trainable params: 85860097
2026-05-23 13:40:30,767 [simplecil.py] => Learning on 80-90
2026-05-23 13:41:42,484 [trainer.py] => No NME accuracy.
2026-05-23 13:41:42,484 [trainer.py] => CNN: {'total': 61.69, '00-09': 58.55, '10-19': 64.09, '20-29': 65.6, '30-39': 62.39, '40-49': 65.57, '50-59': 54.36, '60-69': 66.12, '70-79': 58.04, '80-89': 61.06, 'old': 61.77, 'new': 61.06}
2026-05-23 13:41:42,485 [trainer.py] => CNN top1 curve: [77.68, 72.87, 71.37, 69.33, 67.17, 65.26, 64.19, 62.9, 61.69]
2026-05-23 13:41:42,485 [trainer.py] => CNN top5 curve: [95.65, 92.08, 89.63, 86.99, 84.21, 83.26, 82.3, 80.68, 79.55]
2026-05-23 13:41:42,485 [trainer.py] => Average Accuracy (CNN): 68.05
2026-05-23 13:41:42,487 [trainer.py] => All params: 85867777
2026-05-23 13:41:42,488 [trainer.py] => Trainable params: 85867777
2026-05-23 13:41:42,509 [simplecil.py] => Learning on 90-100
2026-05-23 13:43:00,031 [trainer.py] => No NME accuracy.
2026-05-23 13:43:00,078 [trainer.py] => CNN: {'total': 61.48, '00-09': 58.26, '10-19': 64.09, '20-29': 65.25, '30-39': 61.16, '40-49': 64.92, '50-59': 53.36, '60-69': 65.7, '70-79': 55.69, '80-89': 61.06, '90-99': 66.97, 'old': 61.02, 'new': 66.97}
2026-05-23 13:43:00,079 [trainer.py] => CNN top1 curve: [77.68, 72.87, 71.37, 69.33, 67.17, 65.26, 64.19, 62.9, 61.69, 61.48]
2026-05-23 13:43:00,079 [trainer.py] => CNN top5 curve: [95.65, 92.08, 89.63, 86.99, 84.21, 83.26, 82.3, 80.68, 79.55, 79.55]
2026-05-23 13:43:00,079 [trainer.py] => Average Accuracy (CNN): 67.39
2026-05-23 13:43:00,082 [trainer.py] => All params: 85875457
2026-05-23 13:43:00,084 [trainer.py] => Trainable params: 85875457
2026-05-23 13:43:00,107 [simplecil.py] => Learning on 100-110
2026-05-23 13:44:23,755 [trainer.py] => No NME accuracy.
2026-05-23 13:44:23,761 [trainer.py] => CNN: {'total': 59.95, '00-09': 56.23, '10-19': 64.09, '20-29': 64.18, '30-39': 59.63, '40-49': 63.93, '50-59': 53.02, '60-69': 62.4, '70-79': 55.29, '80-89': 59.74, '90-99': 66.06, '100-109': 55.94, 'old': 60.31, 'new': 55.94}
2026-05-23 13:44:23,762 [trainer.py] => CNN top1 curve: [77.68, 72.87, 71.37, 69.33, 67.17, 65.26, 64.19, 62.9, 61.69, 61.48, 59.95]
2026-05-23 13:44:23,762 [trainer.py] => CNN top5 curve: [95.65, 92.08, 89.63, 86.99, 84.21, 83.26, 82.3, 80.68, 79.55, 79.55, 78.65]
2026-05-23 13:44:23,762 [trainer.py] => Average Accuracy (CNN): 66.72
2026-05-23 13:44:23,763 [trainer.py] => All params: 85883137
2026-05-23 13:44:23,763 [trainer.py] => Trainable params: 85883137
2026-05-23 13:44:23,779 [simplecil.py] => Learning on 110-120
2026-05-23 13:45:54,970 [trainer.py] => No NME accuracy.
2026-05-23 13:45:55,075 [trainer.py] => CNN: {'total': 58.77, '00-09': 54.78, '10-19': 63.8, '20-29': 61.7, '30-39': 58.72, '40-49': 62.95, '50-59': 50.67, '60-69': 61.16, '70-79': 54.51, '80-89': 59.08, '90-99': 65.61, '100-109': 54.41, '110-119': 58.98, 'old': 58.75, 'new': 58.98}
2026-05-23 13:45:55,075 [trainer.py] => CNN top1 curve: [77.68, 72.87, 71.37, 69.33, 67.17, 65.26, 64.19, 62.9, 61.69, 61.48, 59.95, 58.77]
2026-05-23 13:45:55,075 [trainer.py] => CNN top5 curve: [95.65, 92.08, 89.63, 86.99, 84.21, 83.26, 82.3, 80.68, 79.55, 79.55, 78.65, 77.21]
2026-05-23 13:45:55,076 [trainer.py] => Average Accuracy (CNN): 66.06
2026-05-23 13:45:55,077 [trainer.py] => All params: 85890817
2026-05-23 13:45:55,078 [trainer.py] => Trainable params: 85890817
2026-05-23 13:45:55,101 [simplecil.py] => Learning on 120-130
2026-05-23 13:47:20,751 [trainer.py] => No NME accuracy.
2026-05-23 13:47:20,752 [trainer.py] => CNN: {'total': 58.63, '00-09': 54.2, '10-19': 63.8, '20-29': 61.7, '30-39': 58.41, '40-49': 62.95, '50-59': 50.0, '60-69': 61.16, '70-79': 53.73, '80-89': 59.08, '90-99': 65.61, '100-109': 53.64, '110-119': 58.98, '120-129': 60.16, 'old': 58.52, 'new': 60.16}
2026-05-23 13:47:20,752 [trainer.py] => CNN top1 curve: [77.68, 72.87, 71.37, 69.33, 67.17, 65.26, 64.19, 62.9, 61.69, 61.48, 59.95, 58.77, 58.63]
2026-05-23 13:47:20,752 [trainer.py] => CNN top5 curve: [95.65, 92.08, 89.63, 86.99, 84.21, 83.26, 82.3, 80.68, 79.55, 79.55, 78.65, 77.21, 76.63]
2026-05-23 13:47:20,752 [trainer.py] => Average Accuracy (CNN): 65.48
2026-05-23 13:47:20,753 [trainer.py] => All params: 85898497
2026-05-23 13:47:20,753 [trainer.py] => Trainable params: 85898497
2026-05-23 13:47:20,770 [simplecil.py] => Learning on 130-140
2026-05-23 13:48:59,481 [trainer.py] => No NME accuracy.
2026-05-23 13:48:59,503 [trainer.py] => CNN: {'total': 58.01, '00-09': 52.75, '10-19': 63.2, '20-29': 61.7, '30-39': 58.41, '40-49': 62.3, '50-59': 49.33, '60-69': 60.33, '70-79': 52.94, '80-89': 58.75, '90-99': 65.61, '100-109': 53.26, '110-119': 58.68, '120-129': 60.16, '130-139': 56.36, 'old': 58.15, 'new': 56.36}
2026-05-23 13:48:59,503 [trainer.py] => CNN top1 curve: [77.68, 72.87, 71.37, 69.33, 67.17, 65.26, 64.19, 62.9, 61.69, 61.48, 59.95, 58.77, 58.63, 58.01]
2026-05-23 13:48:59,503 [trainer.py] => CNN top5 curve: [95.65, 92.08, 89.63, 86.99, 84.21, 83.26, 82.3, 80.68, 79.55, 79.55, 78.65, 77.21, 76.63, 75.56]
2026-05-23 13:48:59,504 [trainer.py] => Average Accuracy (CNN): 64.95
2026-05-23 13:48:59,505 [trainer.py] => All params: 85906177
2026-05-23 13:48:59,506 [trainer.py] => Trainable params: 85906177
2026-05-23 13:48:59,533 [simplecil.py] => Learning on 140-150
2026-05-23 13:50:30,956 [trainer.py] => No NME accuracy.
2026-05-23 13:50:30,976 [trainer.py] => CNN: {'total': 57.42, '00-09': 52.46, '10-19': 62.91, '20-29': 61.7, '30-39': 57.49, '40-49': 61.97, '50-59': 46.64, '60-69': 60.33, '70-79': 51.76, '80-89': 58.42, '90-99': 65.61, '100-109': 52.87, '110-119': 55.69, '120-129': 60.16, '130-139': 56.06, '140-149': 59.29, 'old': 57.28, 'new': 59.29}
2026-05-23 13:50:30,976 [trainer.py] => CNN top1 curve: [77.68, 72.87, 71.37, 69.33, 67.17, 65.26, 64.19, 62.9, 61.69, 61.48, 59.95, 58.77, 58.63, 58.01, 57.42]
2026-05-23 13:50:30,976 [trainer.py] => CNN top5 curve: [95.65, 92.08, 89.63, 86.99, 84.21, 83.26, 82.3, 80.68, 79.55, 79.55, 78.65, 77.21, 76.63, 75.56, 75.02]
2026-05-23 13:50:30,976 [trainer.py] => Average Accuracy (CNN): 64.45
2026-05-23 13:50:30,977 [trainer.py] => All params: 85913857
2026-05-23 13:50:30,978 [trainer.py] => Trainable params: 85913857
2026-05-23 13:50:30,994 [simplecil.py] => Learning on 150-160
2026-05-23 13:52:08,659 [trainer.py] => No NME accuracy.
2026-05-23 13:52:08,672 [trainer.py] => CNN: {'total': 56.28, '00-09': 49.86, '10-19': 62.31, '20-29': 61.7, '30-39': 57.19, '40-49': 60.98, '50-59': 45.97, '60-69': 59.09, '70-79': 51.37, '80-89': 57.43, '90-99': 65.61, '100-109': 52.87, '110-119': 52.99, '120-129': 60.16, '130-139': 56.06, '140-149': 56.73, '150-159': 53.87, 'old': 56.49, 'new': 53.87}
2026-05-23 13:52:08,675 [trainer.py] => CNN top1 curve: [77.68, 72.87, 71.37, 69.33, 67.17, 65.26, 64.19, 62.9, 61.69, 61.48, 59.95, 58.77, 58.63, 58.01, 57.42, 56.28]
2026-05-23 13:52:08,675 [trainer.py] => CNN top5 curve: [95.65, 92.08, 89.63, 86.99, 84.21, 83.26, 82.3, 80.68, 79.55, 79.55, 78.65, 77.21, 76.63, 75.56, 75.02, 74.71]
2026-05-23 13:52:08,678 [trainer.py] => Average Accuracy (CNN): 63.94
2026-05-23 13:52:08,678 [trainer.py] => All params: 85921537
2026-05-23 13:52:08,679 [trainer.py] => Trainable params: 85921537
2026-05-23 13:52:08,730 [simplecil.py] => Learning on 160-170
2026-05-23 13:53:46,347 [trainer.py] => No NME accuracy.
2026-05-23 13:53:46,347 [trainer.py] => CNN: {'total': 55.84, '00-09': 48.99, '10-19': 62.31, '20-29': 60.28, '30-39': 56.27, '40-49': 60.0, '50-59': 44.63, '60-69': 58.68, '70-79': 50.98, '80-89': 57.43, '90-99': 65.61, '100-109': 52.49, '110-119': 52.69, '120-129': 59.38, '130-139': 55.76, '140-149': 55.77, '150-159': 53.87, '160-169': 58.06, 'old': 55.71, 'new': 58.06}
2026-05-23 13:53:46,347 [trainer.py] => CNN top1 curve: [77.68, 72.87, 71.37, 69.33, 67.17, 65.26, 64.19, 62.9, 61.69, 61.48, 59.95, 58.77, 58.63, 58.01, 57.42, 56.28, 55.84]
2026-05-23 13:53:46,348 [trainer.py] => CNN top5 curve: [95.65, 92.08, 89.63, 86.99, 84.21, 83.26, 82.3, 80.68, 79.55, 79.55, 78.65, 77.21, 76.63, 75.56, 75.02, 74.71, 74.09]
2026-05-23 13:53:46,348 [trainer.py] => Average Accuracy (CNN): 63.46
2026-05-23 13:53:46,348 [trainer.py] => All params: 85929217
2026-05-23 13:53:46,349 [trainer.py] => Trainable params: 85929217
2026-05-23 13:53:46,361 [simplecil.py] => Learning on 170-180
2026-05-23 13:55:29,690 [trainer.py] => No NME accuracy.
2026-05-23 13:55:29,707 [trainer.py] => CNN: {'total': 55.04, '00-09': 47.83, '10-19': 62.02, '20-29': 59.93, '30-39': 55.05, '40-49': 59.67, '50-59': 43.62, '60-69': 57.85, '70-79': 50.2, '80-89': 56.11, '90-99': 65.61, '100-109': 52.11, '110-119': 52.1, '120-129': 58.2, '130-139': 55.15, '140-149': 55.45, '150-159': 52.58, '160-169': 56.63, '170-179': 54.75, 'old': 55.05, 'new': 54.75}
2026-05-23 13:55:29,707 [trainer.py] => CNN top1 curve: [77.68, 72.87, 71.37, 69.33, 67.17, 65.26, 64.19, 62.9, 61.69, 61.48, 59.95, 58.77, 58.63, 58.01, 57.42, 56.28, 55.84, 55.04]
2026-05-23 13:55:29,707 [trainer.py] => CNN top5 curve: [95.65, 92.08, 89.63, 86.99, 84.21, 83.26, 82.3, 80.68, 79.55, 79.55, 78.65, 77.21, 76.63, 75.56, 75.02, 74.71, 74.09, 73.05]
2026-05-23 13:55:29,708 [trainer.py] => Average Accuracy (CNN): 62.99
2026-05-23 13:55:29,708 [trainer.py] => All params: 85936897
2026-05-23 13:55:29,709 [trainer.py] => Trainable params: 85936897
2026-05-23 13:55:29,724 [simplecil.py] => Learning on 180-190
2026-05-23 13:57:24,872 [trainer.py] => No NME accuracy.
2026-05-23 13:57:24,907 [trainer.py] => CNN: {'total': 54.78, '00-09': 47.54, '10-19': 61.42, '20-29': 59.93, '30-39': 55.05, '40-49': 59.67, '50-59': 43.62, '60-69': 57.02, '70-79': 49.8, '80-89': 56.11, '90-99': 65.61, '100-109': 52.11, '110-119': 52.1, '120-129': 58.2, '130-139': 54.24, '140-149': 55.13, '150-159': 52.06, '160-169': 56.63, '170-179': 54.75, '180-189': 54.21, 'old': 54.81, 'new': 54.21}
2026-05-23 13:57:24,907 [trainer.py] => CNN top1 curve: [77.68, 72.87, 71.37, 69.33, 67.17, 65.26, 64.19, 62.9, 61.69, 61.48, 59.95, 58.77, 58.63, 58.01, 57.42, 56.28, 55.84, 55.04, 54.78]
2026-05-23 13:57:24,908 [trainer.py] => CNN top5 curve: [95.65, 92.08, 89.63, 86.99, 84.21, 83.26, 82.3, 80.68, 79.55, 79.55, 78.65, 77.21, 76.63, 75.56, 75.02, 74.71, 74.09, 73.05, 72.55]
2026-05-23 13:57:24,908 [trainer.py] => Average Accuracy (CNN): 62.56
2026-05-23 13:57:24,910 [trainer.py] => All params: 85944577
2026-05-23 13:57:24,912 [trainer.py] => Trainable params: 85944577
2026-05-23 13:57:24,938 [simplecil.py] => Learning on 190-200
2026-05-23 13:59:38,698 [trainer.py] => No NME accuracy.
2026-05-23 13:59:38,717 [trainer.py] => CNN: {'total': 54.35, '00-09': 46.38, '10-19': 61.13, '20-29': 59.93, '30-39': 54.43, '40-49': 59.67, '50-59': 43.29, '60-69': 57.02, '70-79': 49.02, '80-89': 55.12, '90-99': 64.71, '100-109': 52.11, '110-119': 51.2, '120-129': 58.2, '130-139': 53.64, '140-149': 55.13, '150-159': 51.55, '160-169': 56.27, '170-179': 53.8, '180-189': 53.85, '190-199': 55.06, 'old': 54.31, 'new': 55.06}
2026-05-23 13:59:38,717 [trainer.py] => CNN top1 curve: [77.68, 72.87, 71.37, 69.33, 67.17, 65.26, 64.19, 62.9, 61.69, 61.48, 59.95, 58.77, 58.63, 58.01, 57.42, 56.28, 55.84, 55.04, 54.78, 54.35]
2026-05-23 13:59:38,717 [trainer.py] => CNN top5 curve: [95.65, 92.08, 89.63, 86.99, 84.21, 83.26, 82.3, 80.68, 79.55, 79.55, 78.65, 77.21, 76.63, 75.56, 75.02, 74.71, 74.09, 73.05, 72.55, 72.22]
2026-05-23 13:59:38,718 [trainer.py] => Average Accuracy (CNN): 62.15
