2026-05-23 15:11:59,213 [trainer.py] => config: ./configs/simplecil/simplecil_inr_B0_Inc40.json
2026-05-23 15:11:59,214 [trainer.py] => prefix:  
2026-05-23 15:11:59,214 [trainer.py] => dataset: imagenetr
2026-05-23 15:11:59,214 [trainer.py] => memory_size: 0
2026-05-23 15:11:59,214 [trainer.py] => memory_per_class: 0
2026-05-23 15:11:59,214 [trainer.py] => fixed_memory: False
2026-05-23 15:11:59,214 [trainer.py] => shuffle: True
2026-05-23 15:11:59,214 [trainer.py] => init_cls: 40
2026-05-23 15:11:59,214 [trainer.py] => increment: 40
2026-05-23 15:11:59,214 [trainer.py] => model_name: simplecil
2026-05-23 15:11:59,214 [trainer.py] => backbone_type: pretrained_vit_b16_224_in21k
2026-05-23 15:11:59,214 [trainer.py] => device: [device(type='cuda', index=2)]
2026-05-23 15:11:59,214 [trainer.py] => seed: 1993
2026-05-23 15:11:59,214 [trainer.py] => tuned_epoch: 0
2026-05-23 15:11:59,214 [trainer.py] => init_lr: 0.01
2026-05-23 15:11:59,214 [trainer.py] => batch_size: 48
2026-05-23 15:11:59,214 [trainer.py] => weight_decay: 0.05
2026-05-23 15:11:59,214 [trainer.py] => min_lr: 1e-08
2026-05-23 15:11:59,214 [trainer.py] => optimizer: sgd
2026-05-23 15:11:59,215 [trainer.py] => vpt_type: shallow
2026-05-23 15:11:59,215 [trainer.py] => prompt_token_num: 3
2026-05-23 15:11:59,215 [trainer.py] => nb_classes: 200
2026-05-23 15:11:59,215 [trainer.py] => nb_tasks: 5
2026-05-23 15:11:59,832 [data_manager.py] => [168, 136, 51, 9, 183, 101, 171, 99, 42, 159, 191, 70, 16, 188, 27, 10, 175, 26, 68, 187, 98, 6, 85, 35, 112, 43, 100, 0, 103, 181, 88, 59, 4, 2, 116, 174, 94, 80, 106, 1, 147, 17, 141, 131, 72, 23, 173, 54, 197, 118, 87, 32, 79, 104, 91, 19, 135, 107, 178, 36, 11, 199, 142, 8, 122, 3, 28, 57, 153, 172, 190, 56, 49, 44, 97, 62, 151, 169, 194, 55, 192, 12, 189, 78, 66, 180, 15, 137, 109, 134, 92, 119, 126, 52, 170, 40, 148, 65, 144, 64, 138, 45, 77, 89, 154, 90, 71, 193, 74, 30, 113, 143, 96, 84, 67, 50, 186, 156, 69, 21, 18, 111, 108, 58, 125, 157, 150, 110, 182, 129, 166, 83, 81, 60, 13, 165, 14, 176, 63, 117, 5, 22, 145, 121, 38, 41, 82, 127, 114, 20, 31, 53, 37, 163, 196, 130, 152, 162, 86, 76, 24, 34, 184, 149, 33, 128, 198, 155, 146, 167, 139, 120, 140, 102, 47, 25, 158, 123, 46, 164, 61, 7, 115, 75, 133, 160, 105, 132, 179, 124, 48, 73, 93, 39, 95, 195, 29, 177, 185, 161]
2026-05-23 15:12:08,427 [trainer.py] => All params: 85798656
2026-05-23 15:12:08,428 [trainer.py] => Trainable params: 85798656
2026-05-23 15:12:08,439 [simplecil.py] => Learning on 0-40
2026-05-23 15:14:09,640 [trainer.py] => No NME accuracy.
2026-05-23 15:14:09,664 [trainer.py] => CNN: {'total': 67.45, '00-39': 67.45, 'old': 0, 'new': 67.45}
2026-05-23 15:14:09,664 [trainer.py] => CNN top1 curve: [67.45]
2026-05-23 15:14:09,664 [trainer.py] => CNN top5 curve: [87.66]
2026-05-23 15:14:09,665 [trainer.py] => Average Accuracy (CNN): 67.45
2026-05-23 15:14:09,666 [trainer.py] => All params: 85829377
2026-05-23 15:14:09,666 [trainer.py] => Trainable params: 85829377
2026-05-23 15:14:09,680 [simplecil.py] => Learning on 40-80
2026-05-23 15:16:14,564 [trainer.py] => No NME accuracy.
2026-05-23 15:16:14,636 [trainer.py] => CNN: {'total': 62.89, '00-39': 62.68, '40-79': 63.13, 'old': 62.68, 'new': 63.13}
2026-05-23 15:16:14,636 [trainer.py] => CNN top1 curve: [67.45, 62.89]
2026-05-23 15:16:14,636 [trainer.py] => CNN top5 curve: [87.66, 81.71]
2026-05-23 15:16:14,636 [trainer.py] => Average Accuracy (CNN): 65.17
2026-05-23 15:16:14,637 [trainer.py] => All params: 85860097
2026-05-23 15:16:14,638 [trainer.py] => Trainable params: 85860097
2026-05-23 15:16:14,655 [simplecil.py] => Learning on 80-120
2026-05-23 15:18:29,259 [trainer.py] => No NME accuracy.
2026-05-23 15:18:29,296 [trainer.py] => CNN: {'total': 57.89, '00-39': 59.2, '40-79': 58.96, '80-119': 55.27, 'old': 59.09, 'new': 55.27}
2026-05-23 15:18:29,296 [trainer.py] => CNN top1 curve: [67.45, 62.89, 57.89]
2026-05-23 15:18:29,296 [trainer.py] => CNN top5 curve: [87.66, 81.71, 77.26]
2026-05-23 15:18:29,296 [trainer.py] => Average Accuracy (CNN): 62.74
2026-05-23 15:18:29,297 [trainer.py] => All params: 85890817
2026-05-23 15:18:29,298 [trainer.py] => Trainable params: 85890817
2026-05-23 15:18:29,314 [simplecil.py] => Learning on 120-160
2026-05-23 15:21:00,582 [trainer.py] => No NME accuracy.
2026-05-23 15:21:00,626 [trainer.py] => CNN: {'total': 56.22, '00-39': 56.32, '40-79': 56.75, '80-119': 53.36, '120-159': 58.17, 'old': 55.53, 'new': 58.17}
2026-05-23 15:21:00,626 [trainer.py] => CNN top1 curve: [67.45, 62.89, 57.89, 56.22]
2026-05-23 15:21:00,626 [trainer.py] => CNN top5 curve: [87.66, 81.71, 77.26, 74.59]
2026-05-23 15:21:00,626 [trainer.py] => Average Accuracy (CNN): 61.11
2026-05-23 15:21:00,627 [trainer.py] => All params: 85921537
2026-05-23 15:21:00,627 [trainer.py] => Trainable params: 85921537
2026-05-23 15:21:00,641 [simplecil.py] => Learning on 160-200
2026-05-23 15:23:46,098 [trainer.py] => No NME accuracy.
2026-05-23 15:23:46,202 [trainer.py] => CNN: {'total': 54.35, '00-39': 54.13, '40-79': 54.46, '80-119': 51.18, '120-159': 57.01, '160-199': 54.68, 'old': 54.28, 'new': 54.68}
2026-05-23 15:23:46,202 [trainer.py] => CNN top1 curve: [67.45, 62.89, 57.89, 56.22, 54.35]
2026-05-23 15:23:46,202 [trainer.py] => CNN top5 curve: [87.66, 81.71, 77.26, 74.59, 72.22]
2026-05-23 15:23:46,203 [trainer.py] => Average Accuracy (CNN): 59.76
