2026-05-24 11:08:45,992 [trainer.py] => config: ./configs/simplecil/simplecil_omn_B150_Inc5.json
2026-05-24 11:08:45,992 [trainer.py] => prefix:  
2026-05-24 11:08:45,993 [trainer.py] => dataset: omnibenchmark
2026-05-24 11:08:45,993 [trainer.py] => memory_size: 0
2026-05-24 11:08:45,993 [trainer.py] => memory_per_class: 0
2026-05-24 11:08:45,993 [trainer.py] => fixed_memory: False
2026-05-24 11:08:45,993 [trainer.py] => shuffle: True
2026-05-24 11:08:45,993 [trainer.py] => init_cls: 150
2026-05-24 11:08:45,993 [trainer.py] => increment: 5
2026-05-24 11:08:45,993 [trainer.py] => model_name: simplecil
2026-05-24 11:08:45,993 [trainer.py] => backbone_type: pretrained_vit_b16_224_in21k
2026-05-24 11:08:45,993 [trainer.py] => device: [device(type='cuda', index=2)]
2026-05-24 11:08:45,993 [trainer.py] => seed: 1994
2026-05-24 11:08:45,994 [trainer.py] => tuned_epoch: 0
2026-05-24 11:08:45,994 [trainer.py] => init_lr: 0.01
2026-05-24 11:08:45,994 [trainer.py] => batch_size: 48
2026-05-24 11:08:45,994 [trainer.py] => weight_decay: 0.05
2026-05-24 11:08:45,994 [trainer.py] => min_lr: 1e-08
2026-05-24 11:08:45,994 [trainer.py] => optimizer: sgd
2026-05-24 11:08:45,994 [trainer.py] => vpt_type: shallow
2026-05-24 11:08:45,994 [trainer.py] => prompt_token_num: 3
2026-05-24 11:08:45,994 [trainer.py] => nb_classes: 300
2026-05-24 11:08:45,994 [trainer.py] => nb_tasks: 31
2026-05-24 11:08:47,851 [data_manager.py] => [79, 231, 55, 293, 15, 281, 208, 119, 12, 11, 254, 126, 287, 215, 152, 278, 284, 140, 95, 72, 207, 232, 289, 171, 178, 189, 63, 86, 41, 159, 87, 103, 22, 80, 274, 73, 263, 122, 23, 28, 114, 273, 220, 185, 4, 70, 156, 286, 56, 115, 240, 268, 296, 174, 204, 113, 81, 221, 6, 101, 135, 224, 64, 269, 190, 244, 182, 181, 219, 198, 163, 150, 134, 210, 206, 202, 147, 234, 197, 222, 66, 144, 51, 24, 44, 209, 175, 195, 264, 205, 90, 21, 138, 52, 151, 124, 100, 121, 83, 132, 169, 285, 225, 27, 214, 236, 213, 162, 153, 271, 98, 233, 275, 299, 127, 29, 246, 50, 45, 280, 116, 242, 145, 165, 26, 149, 20, 186, 48, 129, 40, 2, 18, 241, 112, 200, 75, 85, 249, 68, 54, 59, 230, 228, 74, 253, 194, 77, 217, 227, 14, 8, 211, 297, 19, 226, 88, 96, 106, 9, 255, 38, 33, 176, 93, 35, 109, 69, 216, 92, 183, 47, 99, 39, 108, 160, 282, 199, 71, 201, 196, 120, 133, 270, 243, 250, 247, 288, 118, 136, 283, 187, 1, 184, 117, 130, 237, 32, 102, 177, 65, 173, 46, 267, 290, 128, 239, 0, 107, 167, 261, 43, 170, 104, 298, 262, 248, 60, 256, 78, 3, 58, 265, 62, 259, 61, 218, 157, 110, 143, 141, 252, 295, 97, 25, 291, 245, 125, 272, 17, 49, 161, 31, 155, 166, 251, 179, 94, 111, 142, 192, 229, 172, 16, 53, 168, 188, 158, 91, 258, 13, 10, 42, 36, 238, 105, 154, 257, 7, 277, 294, 279, 137, 266, 139, 292, 164, 276, 57, 123, 89, 82, 148, 67, 37, 146, 193, 131, 180, 5, 84, 260, 235, 223, 191, 30, 212, 76, 203, 34]
2026-05-24 11:08:52,261 [trainer.py] => All params: 85798656
2026-05-24 11:08:52,261 [trainer.py] => Trainable params: 85798656
2026-05-24 11:08:52,267 [simplecil.py] => Learning on 0-150
2026-05-24 11:22:09,444 [trainer.py] => No NME accuracy.
2026-05-24 11:22:09,480 [trainer.py] => CNN: {'total': 80.72, '00-149': 80.72, 'old': 0, 'new': 80.72}
2026-05-24 11:22:09,480 [trainer.py] => CNN top1 curve: [80.72]
2026-05-24 11:22:09,480 [trainer.py] => CNN top5 curve: [95.42]
2026-05-24 11:22:09,480 [trainer.py] => Average Accuracy (CNN): 80.72
2026-05-24 11:22:09,481 [trainer.py] => All params: 85913857
2026-05-24 11:22:09,481 [trainer.py] => Trainable params: 85913857
2026-05-24 11:22:09,495 [simplecil.py] => Learning on 150-155
2026-05-24 11:23:28,159 [trainer.py] => No NME accuracy.
2026-05-24 11:23:28,159 [trainer.py] => CNN: {'total': 80.01, '00-149': 79.88, '150-154': 84.0, 'old': 79.88, 'new': 84.0}
2026-05-24 11:23:28,159 [trainer.py] => CNN top1 curve: [80.72, 80.01]
2026-05-24 11:23:28,159 [trainer.py] => CNN top5 curve: [95.42, 95.28]
2026-05-24 11:23:28,160 [trainer.py] => Average Accuracy (CNN): 80.37
2026-05-24 11:23:28,160 [trainer.py] => All params: 85917697
2026-05-24 11:23:28,161 [trainer.py] => Trainable params: 85917697
2026-05-24 11:23:28,176 [simplecil.py] => Learning on 155-160
2026-05-24 11:24:47,663 [trainer.py] => No NME accuracy.
2026-05-24 11:24:47,664 [trainer.py] => CNN: {'total': 79.92, '00-149': 79.78, '150-154': 84.0, '155-159': 80.0, 'old': 79.92, 'new': 80.0}
2026-05-24 11:24:47,664 [trainer.py] => CNN top1 curve: [80.72, 80.01, 79.92]
2026-05-24 11:24:47,664 [trainer.py] => CNN top5 curve: [95.42, 95.28, 94.99]
2026-05-24 11:24:47,664 [trainer.py] => Average Accuracy (CNN): 80.22
2026-05-24 11:24:47,666 [trainer.py] => All params: 85921537
2026-05-24 11:24:47,667 [trainer.py] => Trainable params: 85921537
2026-05-24 11:24:47,690 [simplecil.py] => Learning on 160-165
2026-05-24 11:26:07,070 [trainer.py] => No NME accuracy.
2026-05-24 11:26:07,070 [trainer.py] => CNN: {'total': 79.53, '00-149': 79.58, '150-154': 84.0, '155-159': 79.0, '160-164': 74.0, 'old': 79.7, 'new': 74.0}
2026-05-24 11:26:07,070 [trainer.py] => CNN top1 curve: [80.72, 80.01, 79.92, 79.53]
2026-05-24 11:26:07,070 [trainer.py] => CNN top5 curve: [95.42, 95.28, 94.99, 94.71]
2026-05-24 11:26:07,070 [trainer.py] => Average Accuracy (CNN): 80.05
2026-05-24 11:26:07,071 [trainer.py] => All params: 85925377
2026-05-24 11:26:07,071 [trainer.py] => Trainable params: 85925377
2026-05-24 11:26:07,086 [simplecil.py] => Learning on 165-170
2026-05-24 11:27:27,447 [trainer.py] => No NME accuracy.
2026-05-24 11:27:27,447 [trainer.py] => CNN: {'total': 78.6, '00-149': 79.01, '150-154': 84.0, '155-159': 79.0, '160-164': 73.0, '165-169': 66.0, 'old': 78.98, 'new': 66.0}
2026-05-24 11:27:27,448 [trainer.py] => CNN top1 curve: [80.72, 80.01, 79.92, 79.53, 78.6]
2026-05-24 11:27:27,448 [trainer.py] => CNN top5 curve: [95.42, 95.28, 94.99, 94.71, 94.4]
2026-05-24 11:27:27,448 [trainer.py] => Average Accuracy (CNN): 79.76
2026-05-24 11:27:27,448 [trainer.py] => All params: 85929217
2026-05-24 11:27:27,449 [trainer.py] => Trainable params: 85929217
2026-05-24 11:27:27,470 [simplecil.py] => Learning on 170-175
2026-05-24 11:28:48,820 [trainer.py] => No NME accuracy.
2026-05-24 11:28:48,821 [trainer.py] => CNN: {'total': 78.09, '00-149': 78.68, '150-154': 84.0, '155-159': 79.0, '160-164': 63.0, '165-169': 66.0, '170-174': 81.0, 'old': 78.01, 'new': 81.0}
2026-05-24 11:28:48,821 [trainer.py] => CNN top1 curve: [80.72, 80.01, 79.92, 79.53, 78.6, 78.09]
2026-05-24 11:28:48,821 [trainer.py] => CNN top5 curve: [95.42, 95.28, 94.99, 94.71, 94.4, 94.16]
2026-05-24 11:28:48,821 [trainer.py] => Average Accuracy (CNN): 79.48
2026-05-24 11:28:48,822 [trainer.py] => All params: 85933057
2026-05-24 11:28:48,823 [trainer.py] => Trainable params: 85933057
2026-05-24 11:28:48,838 [simplecil.py] => Learning on 175-180
2026-05-24 11:30:14,803 [trainer.py] => No NME accuracy.
2026-05-24 11:30:14,803 [trainer.py] => CNN: {'total': 77.81, '00-149': 78.31, '150-154': 84.0, '155-159': 79.0, '160-164': 61.0, '165-169': 66.0, '170-174': 81.0, '175-179': 81.0, 'old': 77.72, 'new': 81.0}
2026-05-24 11:30:14,803 [trainer.py] => CNN top1 curve: [80.72, 80.01, 79.92, 79.53, 78.6, 78.09, 77.81]
2026-05-24 11:30:14,803 [trainer.py] => CNN top5 curve: [95.42, 95.28, 94.99, 94.71, 94.4, 94.16, 93.93]
2026-05-24 11:30:14,803 [trainer.py] => Average Accuracy (CNN): 79.24
2026-05-24 11:30:14,804 [trainer.py] => All params: 85936897
2026-05-24 11:30:14,805 [trainer.py] => Trainable params: 85936897
2026-05-24 11:30:14,824 [simplecil.py] => Learning on 180-185
2026-05-24 11:31:40,746 [trainer.py] => No NME accuracy.
2026-05-24 11:31:40,746 [trainer.py] => CNN: {'total': 77.49, '00-149': 77.81, '150-154': 84.0, '155-159': 79.0, '160-164': 60.0, '165-169': 66.0, '170-174': 81.0, '175-179': 81.0, '180-184': 82.0, 'old': 77.37, 'new': 82.0}
2026-05-24 11:31:40,746 [trainer.py] => CNN top1 curve: [80.72, 80.01, 79.92, 79.53, 78.6, 78.09, 77.81, 77.49]
2026-05-24 11:31:40,746 [trainer.py] => CNN top5 curve: [95.42, 95.28, 94.99, 94.71, 94.4, 94.16, 93.93, 94.01]
2026-05-24 11:31:40,746 [trainer.py] => Average Accuracy (CNN): 79.02
2026-05-24 11:31:40,747 [trainer.py] => All params: 85940737
2026-05-24 11:31:40,748 [trainer.py] => Trainable params: 85940737
2026-05-24 11:31:40,770 [simplecil.py] => Learning on 185-190
2026-05-24 11:33:09,497 [trainer.py] => No NME accuracy.
2026-05-24 11:33:09,498 [trainer.py] => CNN: {'total': 77.82, '00-149': 77.81, '150-154': 84.0, '155-159': 79.0, '160-164': 60.0, '165-169': 66.0, '170-174': 81.0, '175-179': 80.0, '180-184': 82.0, '185-189': 91.0, 'old': 77.46, 'new': 91.0}
2026-05-24 11:33:09,498 [trainer.py] => CNN top1 curve: [80.72, 80.01, 79.92, 79.53, 78.6, 78.09, 77.81, 77.49, 77.82]
2026-05-24 11:33:09,498 [trainer.py] => CNN top5 curve: [95.42, 95.28, 94.99, 94.71, 94.4, 94.16, 93.93, 94.01, 94.12]
2026-05-24 11:33:09,499 [trainer.py] => Average Accuracy (CNN): 78.89
2026-05-24 11:33:09,500 [trainer.py] => All params: 85944577
2026-05-24 11:33:09,502 [trainer.py] => Trainable params: 85944577
2026-05-24 11:33:09,528 [simplecil.py] => Learning on 190-195
2026-05-24 11:34:39,136 [trainer.py] => No NME accuracy.
2026-05-24 11:34:39,174 [trainer.py] => CNN: {'total': 77.85, '00-149': 77.71, '150-154': 83.0, '155-159': 79.0, '160-164': 60.0, '165-169': 66.0, '170-174': 80.0, '175-179': 80.0, '180-184': 82.0, '185-189': 91.0, '190-194': 84.0, 'old': 77.69, 'new': 84.0}
2026-05-24 11:34:39,174 [trainer.py] => CNN top1 curve: [80.72, 80.01, 79.92, 79.53, 78.6, 78.09, 77.81, 77.49, 77.82, 77.85]
2026-05-24 11:34:39,174 [trainer.py] => CNN top5 curve: [95.42, 95.28, 94.99, 94.71, 94.4, 94.16, 93.93, 94.01, 94.12, 94.17]
2026-05-24 11:34:39,175 [trainer.py] => Average Accuracy (CNN): 78.78
2026-05-24 11:34:39,177 [trainer.py] => All params: 85948417
2026-05-24 11:34:39,179 [trainer.py] => Trainable params: 85948417
2026-05-24 11:34:39,206 [simplecil.py] => Learning on 195-200
2026-05-24 11:36:07,123 [trainer.py] => No NME accuracy.
2026-05-24 11:36:07,123 [trainer.py] => CNN: {'total': 77.91, '00-149': 77.37, '150-154': 83.0, '155-159': 79.0, '160-164': 60.0, '165-169': 66.0, '170-174': 80.0, '175-179': 80.0, '180-184': 82.0, '185-189': 91.0, '190-194': 84.0, '195-199': 90.0, 'old': 77.6, 'new': 90.0}
2026-05-24 11:36:07,123 [trainer.py] => CNN top1 curve: [80.72, 80.01, 79.92, 79.53, 78.6, 78.09, 77.81, 77.49, 77.82, 77.85, 77.91]
2026-05-24 11:36:07,123 [trainer.py] => CNN top5 curve: [95.42, 95.28, 94.99, 94.71, 94.4, 94.16, 93.93, 94.01, 94.12, 94.17, 94.21]
2026-05-24 11:36:07,124 [trainer.py] => Average Accuracy (CNN): 78.7
2026-05-24 11:36:07,124 [trainer.py] => All params: 85952257
2026-05-24 11:36:07,125 [trainer.py] => Trainable params: 85952257
2026-05-24 11:36:07,140 [simplecil.py] => Learning on 200-205
2026-05-24 11:37:38,228 [trainer.py] => No NME accuracy.
2026-05-24 11:37:38,228 [trainer.py] => CNN: {'total': 77.08, '00-149': 76.74, '150-154': 83.0, '155-159': 79.0, '160-164': 60.0, '165-169': 66.0, '170-174': 80.0, '175-179': 76.0, '180-184': 82.0, '185-189': 91.0, '190-194': 84.0, '195-199': 90.0, '200-204': 67.0, 'old': 77.33, 'new': 67.0}
2026-05-24 11:37:38,228 [trainer.py] => CNN top1 curve: [80.72, 80.01, 79.92, 79.53, 78.6, 78.09, 77.81, 77.49, 77.82, 77.85, 77.91, 77.08]
2026-05-24 11:37:38,229 [trainer.py] => CNN top5 curve: [95.42, 95.28, 94.99, 94.71, 94.4, 94.16, 93.93, 94.01, 94.12, 94.17, 94.21, 93.74]
2026-05-24 11:37:38,229 [trainer.py] => Average Accuracy (CNN): 78.57
2026-05-24 11:37:38,229 [trainer.py] => All params: 85956097
2026-05-24 11:37:38,230 [trainer.py] => Trainable params: 85956097
2026-05-24 11:37:38,244 [simplecil.py] => Learning on 205-210
2026-05-24 11:39:05,061 [trainer.py] => No NME accuracy.
2026-05-24 11:39:05,062 [trainer.py] => CNN: {'total': 77.17, '00-149': 76.57, '150-154': 83.0, '155-159': 79.0, '160-164': 60.0, '165-169': 66.0, '170-174': 80.0, '175-179': 74.0, '180-184': 82.0, '185-189': 91.0, '190-194': 84.0, '195-199': 90.0, '200-204': 67.0, '205-209': 88.0, 'old': 76.91, 'new': 88.0}
2026-05-24 11:39:05,062 [trainer.py] => CNN top1 curve: [80.72, 80.01, 79.92, 79.53, 78.6, 78.09, 77.81, 77.49, 77.82, 77.85, 77.91, 77.08, 77.17]
2026-05-24 11:39:05,062 [trainer.py] => CNN top5 curve: [95.42, 95.28, 94.99, 94.71, 94.4, 94.16, 93.93, 94.01, 94.12, 94.17, 94.21, 93.74, 93.82]
2026-05-24 11:39:05,062 [trainer.py] => Average Accuracy (CNN): 78.46
2026-05-24 11:39:05,063 [trainer.py] => All params: 85959937
2026-05-24 11:39:05,063 [trainer.py] => Trainable params: 85959937
2026-05-24 11:39:05,077 [simplecil.py] => Learning on 210-215
2026-05-24 11:40:41,624 [trainer.py] => No NME accuracy.
2026-05-24 11:40:41,624 [trainer.py] => CNN: {'total': 77.24, '00-149': 76.37, '150-154': 83.0, '155-159': 79.0, '160-164': 60.0, '165-169': 66.0, '170-174': 80.0, '175-179': 74.0, '180-184': 82.0, '185-189': 91.0, '190-194': 84.0, '195-199': 90.0, '200-204': 67.0, '205-209': 88.0, '210-214': 86.0, 'old': 77.03, 'new': 86.0}
2026-05-24 11:40:41,624 [trainer.py] => CNN top1 curve: [80.72, 80.01, 79.92, 79.53, 78.6, 78.09, 77.81, 77.49, 77.82, 77.85, 77.91, 77.08, 77.17, 77.24]
2026-05-24 11:40:41,624 [trainer.py] => CNN top5 curve: [95.42, 95.28, 94.99, 94.71, 94.4, 94.16, 93.93, 94.01, 94.12, 94.17, 94.21, 93.74, 93.82, 93.76]
2026-05-24 11:40:41,624 [trainer.py] => Average Accuracy (CNN): 78.37
2026-05-24 11:40:41,625 [trainer.py] => All params: 85963777
2026-05-24 11:40:41,626 [trainer.py] => Trainable params: 85963777
2026-05-24 11:40:41,643 [simplecil.py] => Learning on 215-220
2026-05-24 11:42:17,110 [trainer.py] => No NME accuracy.
2026-05-24 11:42:17,110 [trainer.py] => CNN: {'total': 76.48, '00-149': 76.2, '150-154': 82.0, '155-159': 79.0, '160-164': 60.0, '165-169': 66.0, '170-174': 80.0, '175-179': 74.0, '180-184': 82.0, '185-189': 91.0, '190-194': 84.0, '195-199': 82.0, '200-204': 67.0, '205-209': 88.0, '210-214': 85.0, '215-219': 59.0, 'old': 76.89, 'new': 59.0}
2026-05-24 11:42:17,110 [trainer.py] => CNN top1 curve: [80.72, 80.01, 79.92, 79.53, 78.6, 78.09, 77.81, 77.49, 77.82, 77.85, 77.91, 77.08, 77.17, 77.24, 76.48]
2026-05-24 11:42:17,110 [trainer.py] => CNN top5 curve: [95.42, 95.28, 94.99, 94.71, 94.4, 94.16, 93.93, 94.01, 94.12, 94.17, 94.21, 93.74, 93.82, 93.76, 93.49]
2026-05-24 11:42:17,110 [trainer.py] => Average Accuracy (CNN): 78.25
2026-05-24 11:42:17,111 [trainer.py] => All params: 85967617
2026-05-24 11:42:17,112 [trainer.py] => Trainable params: 85967617
2026-05-24 11:42:17,132 [simplecil.py] => Learning on 220-225
2026-05-24 11:43:44,149 [trainer.py] => No NME accuracy.
2026-05-24 11:43:44,149 [trainer.py] => CNN: {'total': 75.84, '00-149': 75.8, '150-154': 82.0, '155-159': 79.0, '160-164': 60.0, '165-169': 63.0, '170-174': 80.0, '175-179': 74.0, '180-184': 82.0, '185-189': 91.0, '190-194': 84.0, '195-199': 82.0, '200-204': 67.0, '205-209': 88.0, '210-214': 85.0, '215-219': 59.0, '220-224': 62.63, 'old': 76.14, 'new': 62.63}
2026-05-24 11:43:44,149 [trainer.py] => CNN top1 curve: [80.72, 80.01, 79.92, 79.53, 78.6, 78.09, 77.81, 77.49, 77.82, 77.85, 77.91, 77.08, 77.17, 77.24, 76.48, 75.84]
2026-05-24 11:43:44,149 [trainer.py] => CNN top5 curve: [95.42, 95.28, 94.99, 94.71, 94.4, 94.16, 93.93, 94.01, 94.12, 94.17, 94.21, 93.74, 93.82, 93.76, 93.49, 93.21]
2026-05-24 11:43:44,149 [trainer.py] => Average Accuracy (CNN): 78.1
2026-05-24 11:43:44,150 [trainer.py] => All params: 85971457
2026-05-24 11:43:44,150 [trainer.py] => Trainable params: 85971457
2026-05-24 11:43:44,160 [simplecil.py] => Learning on 225-230
2026-05-24 11:45:10,511 [trainer.py] => No NME accuracy.
2026-05-24 11:45:10,511 [trainer.py] => CNN: {'total': 75.78, '00-149': 75.5, '150-154': 82.0, '155-159': 79.0, '160-164': 60.0, '165-169': 63.0, '170-174': 80.0, '175-179': 74.0, '180-184': 82.0, '185-189': 91.0, '190-194': 84.0, '195-199': 82.0, '200-204': 67.0, '205-209': 88.0, '210-214': 85.0, '215-219': 59.0, '220-224': 61.62, '225-229': 83.0, 'old': 75.62, 'new': 83.0}
2026-05-24 11:45:10,511 [trainer.py] => CNN top1 curve: [80.72, 80.01, 79.92, 79.53, 78.6, 78.09, 77.81, 77.49, 77.82, 77.85, 77.91, 77.08, 77.17, 77.24, 76.48, 75.84, 75.78]
2026-05-24 11:45:10,511 [trainer.py] => CNN top5 curve: [95.42, 95.28, 94.99, 94.71, 94.4, 94.16, 93.93, 94.01, 94.12, 94.17, 94.21, 93.74, 93.82, 93.76, 93.49, 93.21, 93.23]
2026-05-24 11:45:10,511 [trainer.py] => Average Accuracy (CNN): 77.96
2026-05-24 11:45:10,512 [trainer.py] => All params: 85975297
2026-05-24 11:45:10,512 [trainer.py] => Trainable params: 85975297
2026-05-24 11:45:10,531 [simplecil.py] => Learning on 230-235
2026-05-24 11:46:26,387 [trainer.py] => No NME accuracy.
2026-05-24 11:46:26,419 [trainer.py] => CNN: {'total': 75.65, '00-149': 75.03, '150-154': 82.0, '155-159': 79.0, '160-164': 60.0, '165-169': 63.0, '170-174': 80.0, '175-179': 74.0, '180-184': 82.0, '185-189': 91.0, '190-194': 84.0, '195-199': 82.0, '200-204': 67.0, '205-209': 88.0, '210-214': 85.0, '215-219': 59.0, '220-224': 61.62, '225-229': 83.0, '230-234': 83.84, 'old': 75.47, 'new': 83.84}
2026-05-24 11:46:26,419 [trainer.py] => CNN top1 curve: [80.72, 80.01, 79.92, 79.53, 78.6, 78.09, 77.81, 77.49, 77.82, 77.85, 77.91, 77.08, 77.17, 77.24, 76.48, 75.84, 75.78, 75.65]
2026-05-24 11:46:26,419 [trainer.py] => CNN top5 curve: [95.42, 95.28, 94.99, 94.71, 94.4, 94.16, 93.93, 94.01, 94.12, 94.17, 94.21, 93.74, 93.82, 93.76, 93.49, 93.21, 93.23, 93.33]
2026-05-24 11:46:26,419 [trainer.py] => Average Accuracy (CNN): 77.83
2026-05-24 11:46:26,420 [trainer.py] => All params: 85979137
2026-05-24 11:46:26,421 [trainer.py] => Trainable params: 85979137
2026-05-24 11:46:26,444 [simplecil.py] => Learning on 235-240
2026-05-24 11:48:11,560 [trainer.py] => No NME accuracy.
2026-05-24 11:48:11,560 [trainer.py] => CNN: {'total': 75.28, '00-149': 74.73, '150-154': 82.0, '155-159': 79.0, '160-164': 58.0, '165-169': 63.0, '170-174': 80.0, '175-179': 74.0, '180-184': 82.0, '185-189': 91.0, '190-194': 84.0, '195-199': 81.0, '200-204': 67.0, '205-209': 88.0, '210-214': 85.0, '215-219': 59.0, '220-224': 61.62, '225-229': 83.0, '230-234': 82.83, '235-239': 70.71, 'old': 75.37, 'new': 70.71}
2026-05-24 11:48:11,560 [trainer.py] => CNN top1 curve: [80.72, 80.01, 79.92, 79.53, 78.6, 78.09, 77.81, 77.49, 77.82, 77.85, 77.91, 77.08, 77.17, 77.24, 76.48, 75.84, 75.78, 75.65, 75.28]
2026-05-24 11:48:11,560 [trainer.py] => CNN top5 curve: [95.42, 95.28, 94.99, 94.71, 94.4, 94.16, 93.93, 94.01, 94.12, 94.17, 94.21, 93.74, 93.82, 93.76, 93.49, 93.21, 93.23, 93.33, 93.28]
2026-05-24 11:48:11,560 [trainer.py] => Average Accuracy (CNN): 77.7
2026-05-24 11:48:11,561 [trainer.py] => All params: 85982977
2026-05-24 11:48:11,562 [trainer.py] => Trainable params: 85982977
2026-05-24 11:48:11,585 [simplecil.py] => Learning on 240-245
2026-05-24 11:49:54,959 [trainer.py] => No NME accuracy.
2026-05-24 11:49:54,960 [trainer.py] => CNN: {'total': 75.35, '00-149': 74.6, '150-154': 82.0, '155-159': 79.0, '160-164': 58.0, '165-169': 63.0, '170-174': 80.0, '175-179': 74.0, '180-184': 82.0, '185-189': 91.0, '190-194': 84.0, '195-199': 81.0, '200-204': 67.0, '205-209': 88.0, '210-214': 85.0, '215-219': 58.0, '220-224': 61.62, '225-229': 83.0, '230-234': 82.83, '235-239': 70.71, '240-244': 84.0, 'old': 75.17, 'new': 84.0}
2026-05-24 11:49:54,960 [trainer.py] => CNN top1 curve: [80.72, 80.01, 79.92, 79.53, 78.6, 78.09, 77.81, 77.49, 77.82, 77.85, 77.91, 77.08, 77.17, 77.24, 76.48, 75.84, 75.78, 75.65, 75.28, 75.35]
2026-05-24 11:49:54,960 [trainer.py] => CNN top5 curve: [95.42, 95.28, 94.99, 94.71, 94.4, 94.16, 93.93, 94.01, 94.12, 94.17, 94.21, 93.74, 93.82, 93.76, 93.49, 93.21, 93.23, 93.33, 93.28, 93.09]
2026-05-24 11:49:54,960 [trainer.py] => Average Accuracy (CNN): 77.58
2026-05-24 11:49:54,961 [trainer.py] => All params: 85986817
2026-05-24 11:49:54,961 [trainer.py] => Trainable params: 85986817
2026-05-24 11:49:54,982 [simplecil.py] => Learning on 245-250
2026-05-24 11:51:42,982 [trainer.py] => No NME accuracy.
2026-05-24 11:51:42,983 [trainer.py] => CNN: {'total': 75.25, '00-149': 74.36, '150-154': 82.0, '155-159': 79.0, '160-164': 58.0, '165-169': 63.0, '170-174': 80.0, '175-179': 74.0, '180-184': 82.0, '185-189': 91.0, '190-194': 84.0, '195-199': 81.0, '200-204': 67.0, '205-209': 88.0, '210-214': 85.0, '215-219': 58.0, '220-224': 61.62, '225-229': 83.0, '230-234': 82.83, '235-239': 70.71, '240-244': 84.0, '245-249': 77.0, 'old': 75.21, 'new': 77.0}
2026-05-24 11:51:42,983 [trainer.py] => CNN top1 curve: [80.72, 80.01, 79.92, 79.53, 78.6, 78.09, 77.81, 77.49, 77.82, 77.85, 77.91, 77.08, 77.17, 77.24, 76.48, 75.84, 75.78, 75.65, 75.28, 75.35, 75.25]
2026-05-24 11:51:42,983 [trainer.py] => CNN top5 curve: [95.42, 95.28, 94.99, 94.71, 94.4, 94.16, 93.93, 94.01, 94.12, 94.17, 94.21, 93.74, 93.82, 93.76, 93.49, 93.21, 93.23, 93.33, 93.28, 93.09, 92.8]
2026-05-24 11:51:42,983 [trainer.py] => Average Accuracy (CNN): 77.47
2026-05-24 11:51:42,984 [trainer.py] => All params: 85990657
2026-05-24 11:51:42,984 [trainer.py] => Trainable params: 85990657
2026-05-24 11:51:43,005 [simplecil.py] => Learning on 250-255
2026-05-24 11:53:31,021 [trainer.py] => No NME accuracy.
2026-05-24 11:53:31,021 [trainer.py] => CNN: {'total': 74.94, '00-149': 74.16, '150-154': 82.0, '155-159': 79.0, '160-164': 58.0, '165-169': 63.0, '170-174': 80.0, '175-179': 74.0, '180-184': 82.0, '185-189': 91.0, '190-194': 83.0, '195-199': 80.0, '200-204': 67.0, '205-209': 88.0, '210-214': 85.0, '215-219': 56.0, '220-224': 60.61, '225-229': 83.0, '230-234': 82.83, '235-239': 70.71, '240-244': 81.0, '245-249': 76.0, '250-254': 74.75, 'old': 74.94, 'new': 74.75}
2026-05-24 11:53:31,021 [trainer.py] => CNN top1 curve: [80.72, 80.01, 79.92, 79.53, 78.6, 78.09, 77.81, 77.49, 77.82, 77.85, 77.91, 77.08, 77.17, 77.24, 76.48, 75.84, 75.78, 75.65, 75.28, 75.35, 75.25, 74.94]
2026-05-24 11:53:31,021 [trainer.py] => CNN top5 curve: [95.42, 95.28, 94.99, 94.71, 94.4, 94.16, 93.93, 94.01, 94.12, 94.17, 94.21, 93.74, 93.82, 93.76, 93.49, 93.21, 93.23, 93.33, 93.28, 93.09, 92.8, 92.67]
2026-05-24 11:53:31,021 [trainer.py] => Average Accuracy (CNN): 77.36
2026-05-24 11:53:31,022 [trainer.py] => All params: 85994497
2026-05-24 11:53:31,023 [trainer.py] => Trainable params: 85994497
2026-05-24 11:53:31,048 [simplecil.py] => Learning on 255-260
2026-05-24 11:55:21,346 [trainer.py] => No NME accuracy.
2026-05-24 11:55:21,346 [trainer.py] => CNN: {'total': 74.87, '00-149': 74.13, '150-154': 82.0, '155-159': 79.0, '160-164': 58.0, '165-169': 63.0, '170-174': 80.0, '175-179': 74.0, '180-184': 82.0, '185-189': 91.0, '190-194': 81.0, '195-199': 80.0, '200-204': 67.0, '205-209': 88.0, '210-214': 85.0, '215-219': 56.0, '220-224': 60.61, '225-229': 83.0, '230-234': 81.82, '235-239': 70.71, '240-244': 81.0, '245-249': 76.0, '250-254': 74.75, '255-259': 75.0, 'old': 74.86, 'new': 75.0}
2026-05-24 11:55:21,346 [trainer.py] => CNN top1 curve: [80.72, 80.01, 79.92, 79.53, 78.6, 78.09, 77.81, 77.49, 77.82, 77.85, 77.91, 77.08, 77.17, 77.24, 76.48, 75.84, 75.78, 75.65, 75.28, 75.35, 75.25, 74.94, 74.87]
2026-05-24 11:55:21,346 [trainer.py] => CNN top5 curve: [95.42, 95.28, 94.99, 94.71, 94.4, 94.16, 93.93, 94.01, 94.12, 94.17, 94.21, 93.74, 93.82, 93.76, 93.49, 93.21, 93.23, 93.33, 93.28, 93.09, 92.8, 92.67, 92.41]
2026-05-24 11:55:21,346 [trainer.py] => Average Accuracy (CNN): 77.25
2026-05-24 11:55:21,347 [trainer.py] => All params: 85998337
2026-05-24 11:55:21,348 [trainer.py] => Trainable params: 85998337
2026-05-24 11:55:21,360 [simplecil.py] => Learning on 260-265
2026-05-24 11:57:15,851 [trainer.py] => No NME accuracy.
2026-05-24 11:57:15,879 [trainer.py] => CNN: {'total': 74.6, '00-149': 73.66, '150-154': 82.0, '155-159': 79.0, '160-164': 58.0, '165-169': 62.0, '170-174': 80.0, '175-179': 74.0, '180-184': 82.0, '185-189': 91.0, '190-194': 81.0, '195-199': 80.0, '200-204': 67.0, '205-209': 88.0, '210-214': 85.0, '215-219': 56.0, '220-224': 60.61, '225-229': 83.0, '230-234': 81.82, '235-239': 70.71, '240-244': 81.0, '245-249': 76.0, '250-254': 74.75, '255-259': 75.0, '260-264': 75.76, 'old': 74.58, 'new': 75.76}
2026-05-24 11:57:15,879 [trainer.py] => CNN top1 curve: [80.72, 80.01, 79.92, 79.53, 78.6, 78.09, 77.81, 77.49, 77.82, 77.85, 77.91, 77.08, 77.17, 77.24, 76.48, 75.84, 75.78, 75.65, 75.28, 75.35, 75.25, 74.94, 74.87, 74.6]
2026-05-24 11:57:15,879 [trainer.py] => CNN top5 curve: [95.42, 95.28, 94.99, 94.71, 94.4, 94.16, 93.93, 94.01, 94.12, 94.17, 94.21, 93.74, 93.82, 93.76, 93.49, 93.21, 93.23, 93.33, 93.28, 93.09, 92.8, 92.67, 92.41, 92.43]
2026-05-24 11:57:15,879 [trainer.py] => Average Accuracy (CNN): 77.14
2026-05-24 11:57:15,880 [trainer.py] => All params: 86002177
2026-05-24 11:57:15,880 [trainer.py] => Trainable params: 86002177
2026-05-24 11:57:15,895 [simplecil.py] => Learning on 265-270
2026-05-24 11:59:10,585 [trainer.py] => No NME accuracy.
2026-05-24 11:59:10,586 [trainer.py] => CNN: {'total': 74.96, '00-149': 73.63, '150-154': 82.0, '155-159': 79.0, '160-164': 58.0, '165-169': 62.0, '170-174': 80.0, '175-179': 74.0, '180-184': 82.0, '185-189': 91.0, '190-194': 81.0, '195-199': 80.0, '200-204': 67.0, '205-209': 88.0, '210-214': 85.0, '215-219': 56.0, '220-224': 60.61, '225-229': 83.0, '230-234': 81.82, '235-239': 70.71, '240-244': 81.0, '245-249': 76.0, '250-254': 74.75, '255-259': 75.0, '260-264': 75.76, '265-269': 95.0, 'old': 74.58, 'new': 95.0}
2026-05-24 11:59:10,586 [trainer.py] => CNN top1 curve: [80.72, 80.01, 79.92, 79.53, 78.6, 78.09, 77.81, 77.49, 77.82, 77.85, 77.91, 77.08, 77.17, 77.24, 76.48, 75.84, 75.78, 75.65, 75.28, 75.35, 75.25, 74.94, 74.87, 74.6, 74.96]
2026-05-24 11:59:10,587 [trainer.py] => CNN top5 curve: [95.42, 95.28, 94.99, 94.71, 94.4, 94.16, 93.93, 94.01, 94.12, 94.17, 94.21, 93.74, 93.82, 93.76, 93.49, 93.21, 93.23, 93.33, 93.28, 93.09, 92.8, 92.67, 92.41, 92.43, 92.54]
2026-05-24 11:59:10,587 [trainer.py] => Average Accuracy (CNN): 77.05
2026-05-24 11:59:10,589 [trainer.py] => All params: 86006017
2026-05-24 11:59:10,591 [trainer.py] => Trainable params: 86006017
2026-05-24 11:59:10,615 [simplecil.py] => Learning on 270-275
2026-05-24 12:01:06,128 [trainer.py] => No NME accuracy.
2026-05-24 12:01:06,128 [trainer.py] => CNN: {'total': 74.86, '00-149': 73.53, '150-154': 82.0, '155-159': 79.0, '160-164': 58.0, '165-169': 62.0, '170-174': 80.0, '175-179': 74.0, '180-184': 82.0, '185-189': 91.0, '190-194': 81.0, '195-199': 80.0, '200-204': 67.0, '205-209': 88.0, '210-214': 85.0, '215-219': 56.0, '220-224': 60.61, '225-229': 83.0, '230-234': 69.7, '235-239': 70.71, '240-244': 81.0, '245-249': 76.0, '250-254': 74.75, '255-259': 75.0, '260-264': 75.76, '265-269': 95.0, '270-274': 84.85, 'old': 74.68, 'new': 84.85}
2026-05-24 12:01:06,128 [trainer.py] => CNN top1 curve: [80.72, 80.01, 79.92, 79.53, 78.6, 78.09, 77.81, 77.49, 77.82, 77.85, 77.91, 77.08, 77.17, 77.24, 76.48, 75.84, 75.78, 75.65, 75.28, 75.35, 75.25, 74.94, 74.87, 74.6, 74.96, 74.86]
2026-05-24 12:01:06,128 [trainer.py] => CNN top5 curve: [95.42, 95.28, 94.99, 94.71, 94.4, 94.16, 93.93, 94.01, 94.12, 94.17, 94.21, 93.74, 93.82, 93.76, 93.49, 93.21, 93.23, 93.33, 93.28, 93.09, 92.8, 92.67, 92.41, 92.43, 92.54, 92.58]
2026-05-24 12:01:06,128 [trainer.py] => Average Accuracy (CNN): 76.97
2026-05-24 12:01:06,129 [trainer.py] => All params: 86009857
2026-05-24 12:01:06,130 [trainer.py] => Trainable params: 86009857
2026-05-24 12:01:06,145 [simplecil.py] => Learning on 275-280
2026-05-24 12:03:02,849 [trainer.py] => No NME accuracy.
2026-05-24 12:03:02,849 [trainer.py] => CNN: {'total': 74.79, '00-149': 73.46, '150-154': 82.0, '155-159': 79.0, '160-164': 58.0, '165-169': 62.0, '170-174': 80.0, '175-179': 74.0, '180-184': 82.0, '185-189': 91.0, '190-194': 81.0, '195-199': 80.0, '200-204': 67.0, '205-209': 88.0, '210-214': 85.0, '215-219': 56.0, '220-224': 60.61, '225-229': 83.0, '230-234': 69.7, '235-239': 70.71, '240-244': 81.0, '245-249': 76.0, '250-254': 74.75, '255-259': 75.0, '260-264': 75.76, '265-269': 95.0, '270-274': 84.85, '275-279': 72.73, 'old': 74.83, 'new': 72.73}
2026-05-24 12:03:02,849 [trainer.py] => CNN top1 curve: [80.72, 80.01, 79.92, 79.53, 78.6, 78.09, 77.81, 77.49, 77.82, 77.85, 77.91, 77.08, 77.17, 77.24, 76.48, 75.84, 75.78, 75.65, 75.28, 75.35, 75.25, 74.94, 74.87, 74.6, 74.96, 74.86, 74.79]
2026-05-24 12:03:02,849 [trainer.py] => CNN top5 curve: [95.42, 95.28, 94.99, 94.71, 94.4, 94.16, 93.93, 94.01, 94.12, 94.17, 94.21, 93.74, 93.82, 93.76, 93.49, 93.21, 93.23, 93.33, 93.28, 93.09, 92.8, 92.67, 92.41, 92.43, 92.54, 92.58, 92.48]
2026-05-24 12:03:02,850 [trainer.py] => Average Accuracy (CNN): 76.88
2026-05-24 12:03:02,850 [trainer.py] => All params: 86013697
2026-05-24 12:03:02,851 [trainer.py] => Trainable params: 86013697
2026-05-24 12:03:02,866 [simplecil.py] => Learning on 280-285
2026-05-24 12:05:03,796 [trainer.py] => No NME accuracy.
2026-05-24 12:05:03,796 [trainer.py] => CNN: {'total': 73.6, '00-149': 72.99, '150-154': 82.0, '155-159': 79.0, '160-164': 58.0, '165-169': 57.0, '170-174': 79.0, '175-179': 74.0, '180-184': 82.0, '185-189': 91.0, '190-194': 81.0, '195-199': 80.0, '200-204': 67.0, '205-209': 88.0, '210-214': 85.0, '215-219': 54.0, '220-224': 60.61, '225-229': 83.0, '230-234': 69.7, '235-239': 70.71, '240-244': 81.0, '245-249': 75.0, '250-254': 74.75, '255-259': 74.0, '260-264': 75.76, '265-269': 95.0, '270-274': 84.85, '275-279': 72.73, '280-284': 31.0, 'old': 74.36, 'new': 31.0}
2026-05-24 12:05:03,797 [trainer.py] => CNN top1 curve: [80.72, 80.01, 79.92, 79.53, 78.6, 78.09, 77.81, 77.49, 77.82, 77.85, 77.91, 77.08, 77.17, 77.24, 76.48, 75.84, 75.78, 75.65, 75.28, 75.35, 75.25, 74.94, 74.87, 74.6, 74.96, 74.86, 74.79, 73.6]
2026-05-24 12:05:03,797 [trainer.py] => CNN top5 curve: [95.42, 95.28, 94.99, 94.71, 94.4, 94.16, 93.93, 94.01, 94.12, 94.17, 94.21, 93.74, 93.82, 93.76, 93.49, 93.21, 93.23, 93.33, 93.28, 93.09, 92.8, 92.67, 92.41, 92.43, 92.54, 92.58, 92.48, 91.7]
2026-05-24 12:05:03,797 [trainer.py] => Average Accuracy (CNN): 76.77
2026-05-24 12:05:03,798 [trainer.py] => All params: 86017537
2026-05-24 12:05:03,799 [trainer.py] => Trainable params: 86017537
2026-05-24 12:05:03,820 [simplecil.py] => Learning on 285-290
2026-05-24 12:07:04,555 [trainer.py] => No NME accuracy.
2026-05-24 12:07:04,555 [trainer.py] => CNN: {'total': 73.93, '00-149': 72.99, '150-154': 81.0, '155-159': 79.0, '160-164': 58.0, '165-169': 57.0, '170-174': 79.0, '175-179': 74.0, '180-184': 82.0, '185-189': 91.0, '190-194': 81.0, '195-199': 80.0, '200-204': 67.0, '205-209': 88.0, '210-214': 85.0, '215-219': 53.0, '220-224': 60.61, '225-229': 83.0, '230-234': 69.7, '235-239': 70.71, '240-244': 81.0, '245-249': 75.0, '250-254': 74.75, '255-259': 74.0, '260-264': 75.76, '265-269': 95.0, '270-274': 84.85, '275-279': 72.73, '280-284': 31.0, '285-289': 95.0, 'old': 73.56, 'new': 95.0}
2026-05-24 12:07:04,555 [trainer.py] => CNN top1 curve: [80.72, 80.01, 79.92, 79.53, 78.6, 78.09, 77.81, 77.49, 77.82, 77.85, 77.91, 77.08, 77.17, 77.24, 76.48, 75.84, 75.78, 75.65, 75.28, 75.35, 75.25, 74.94, 74.87, 74.6, 74.96, 74.86, 74.79, 73.6, 73.93]
2026-05-24 12:07:04,555 [trainer.py] => CNN top5 curve: [95.42, 95.28, 94.99, 94.71, 94.4, 94.16, 93.93, 94.01, 94.12, 94.17, 94.21, 93.74, 93.82, 93.76, 93.49, 93.21, 93.23, 93.33, 93.28, 93.09, 92.8, 92.67, 92.41, 92.43, 92.54, 92.58, 92.48, 91.7, 91.82]
2026-05-24 12:07:04,555 [trainer.py] => Average Accuracy (CNN): 76.67
2026-05-24 12:07:04,556 [trainer.py] => All params: 86021377
2026-05-24 12:07:04,557 [trainer.py] => Trainable params: 86021377
2026-05-24 12:07:04,601 [simplecil.py] => Learning on 290-295
2026-05-24 12:09:05,600 [trainer.py] => No NME accuracy.
2026-05-24 12:09:05,600 [trainer.py] => CNN: {'total': 73.75, '00-149': 72.89, '150-154': 81.0, '155-159': 79.0, '160-164': 58.0, '165-169': 57.0, '170-174': 79.0, '175-179': 74.0, '180-184': 82.0, '185-189': 91.0, '190-194': 81.0, '195-199': 80.0, '200-204': 67.0, '205-209': 88.0, '210-214': 85.0, '215-219': 53.0, '220-224': 60.61, '225-229': 83.0, '230-234': 69.7, '235-239': 70.71, '240-244': 81.0, '245-249': 75.0, '250-254': 74.75, '255-259': 74.0, '260-264': 75.76, '265-269': 95.0, '270-274': 84.85, '275-279': 72.73, '280-284': 31.0, '285-289': 95.0, '290-294': 66.0, 'old': 73.88, 'new': 66.0}
2026-05-24 12:09:05,600 [trainer.py] => CNN top1 curve: [80.72, 80.01, 79.92, 79.53, 78.6, 78.09, 77.81, 77.49, 77.82, 77.85, 77.91, 77.08, 77.17, 77.24, 76.48, 75.84, 75.78, 75.65, 75.28, 75.35, 75.25, 74.94, 74.87, 74.6, 74.96, 74.86, 74.79, 73.6, 73.93, 73.75]
2026-05-24 12:09:05,601 [trainer.py] => CNN top5 curve: [95.42, 95.28, 94.99, 94.71, 94.4, 94.16, 93.93, 94.01, 94.12, 94.17, 94.21, 93.74, 93.82, 93.76, 93.49, 93.21, 93.23, 93.33, 93.28, 93.09, 92.8, 92.67, 92.41, 92.43, 92.54, 92.58, 92.48, 91.7, 91.82, 91.66]
2026-05-24 12:09:05,601 [trainer.py] => Average Accuracy (CNN): 76.57
2026-05-24 12:09:05,601 [trainer.py] => All params: 86025217
2026-05-24 12:09:05,602 [trainer.py] => Trainable params: 86025217
2026-05-24 12:09:05,619 [simplecil.py] => Learning on 295-300
2026-05-24 12:11:09,156 [trainer.py] => No NME accuracy.
2026-05-24 12:11:09,177 [trainer.py] => CNN: {'total': 73.3, '00-149': 72.56, '150-154': 81.0, '155-159': 79.0, '160-164': 57.0, '165-169': 57.0, '170-174': 79.0, '175-179': 74.0, '180-184': 82.0, '185-189': 91.0, '190-194': 81.0, '195-199': 80.0, '200-204': 67.0, '205-209': 88.0, '210-214': 85.0, '215-219': 53.0, '220-224': 60.61, '225-229': 83.0, '230-234': 69.7, '235-239': 70.71, '240-244': 81.0, '245-249': 75.0, '250-254': 74.75, '255-259': 74.0, '260-264': 75.76, '265-269': 95.0, '270-274': 84.85, '275-279': 72.73, '280-284': 31.0, '285-289': 95.0, '290-294': 66.0, '295-299': 58.0, 'old': 73.56, 'new': 58.0}
2026-05-24 12:11:09,178 [trainer.py] => CNN top1 curve: [80.72, 80.01, 79.92, 79.53, 78.6, 78.09, 77.81, 77.49, 77.82, 77.85, 77.91, 77.08, 77.17, 77.24, 76.48, 75.84, 75.78, 75.65, 75.28, 75.35, 75.25, 74.94, 74.87, 74.6, 74.96, 74.86, 74.79, 73.6, 73.93, 73.75, 73.3]
2026-05-24 12:11:09,178 [trainer.py] => CNN top5 curve: [95.42, 95.28, 94.99, 94.71, 94.4, 94.16, 93.93, 94.01, 94.12, 94.17, 94.21, 93.74, 93.82, 93.76, 93.49, 93.21, 93.23, 93.33, 93.28, 93.09, 92.8, 92.67, 92.41, 92.43, 92.54, 92.58, 92.48, 91.7, 91.82, 91.66, 91.46]
2026-05-24 12:11:09,178 [trainer.py] => Average Accuracy (CNN): 76.47
