2026-05-23 01:12:42,671 [trainer.py] => config: ./configs/sdlora/sdlora_cifar_B0_Inc10.json
2026-05-23 01:12:42,689 [trainer.py] => prefix: reproduce
2026-05-23 01:12:42,689 [trainer.py] => dataset: cifar224
2026-05-23 01:12:42,689 [trainer.py] => memory_size: 0
2026-05-23 01:12:42,690 [trainer.py] => memory_per_class: 0
2026-05-23 01:12:42,690 [trainer.py] => fixed_memory: False
2026-05-23 01:12:42,690 [trainer.py] => shuffle: True
2026-05-23 01:12:42,690 [trainer.py] => init_cls: 10
2026-05-23 01:12:42,690 [trainer.py] => increment: 10
2026-05-23 01:12:42,690 [trainer.py] => model_name: sdlora
2026-05-23 01:12:42,690 [trainer.py] => backbone_type: vit_base_patch16_224_in21k_sdlora
2026-05-23 01:12:42,691 [trainer.py] => device: [device(type='cuda', index=3)]
2026-05-23 01:12:42,691 [trainer.py] => seed: 42
2026-05-23 01:12:42,691 [trainer.py] => scheduler: cosine
2026-05-23 01:12:42,691 [trainer.py] => min_lr: 0.005
2026-05-23 01:12:42,691 [trainer.py] => tuned_epoch: 1
2026-05-23 01:12:42,691 [trainer.py] => filepath: ./checkpoints/CF100/
2026-05-23 01:12:42,691 [trainer.py] => init_epoch: 1
2026-05-23 01:12:42,691 [trainer.py] => init_lr: 0.008
2026-05-23 01:12:42,691 [trainer.py] => init_milestones: [60, 120, 170]
2026-05-23 01:12:42,691 [trainer.py] => init_lr_decay: 0.1
2026-05-23 01:12:42,691 [trainer.py] => init_weight_decay: 0.0005
2026-05-23 01:12:42,691 [trainer.py] => epochs: 20
2026-05-23 01:12:42,691 [trainer.py] => lrate: 0.008
2026-05-23 01:12:42,691 [trainer.py] => milestones: [40, 70]
2026-05-23 01:12:42,692 [trainer.py] => lrate_decay: 0
2026-05-23 01:12:42,692 [trainer.py] => batch_size: 128
2026-05-23 01:12:42,692 [trainer.py] => weight_decay: 0.0002
2026-05-23 01:12:42,692 [trainer.py] => pretrained: True
2026-05-23 01:12:42,692 [trainer.py] => rank: 10
2026-05-23 01:12:45,430 [data_manager.py] => [83, 53, 70, 45, 44, 39, 22, 80, 10, 0, 18, 30, 73, 33, 90, 4, 76, 77, 12, 31, 55, 88, 26, 42, 69, 15, 40, 96, 9, 72, 11, 47, 85, 28, 93, 5, 66, 65, 35, 16, 49, 34, 7, 95, 27, 19, 81, 25, 62, 13, 24, 3, 17, 38, 8, 78, 6, 64, 36, 89, 56, 99, 54, 43, 50, 67, 46, 68, 61, 97, 79, 41, 58, 48, 98, 57, 75, 32, 94, 59, 63, 84, 37, 29, 1, 52, 21, 2, 23, 87, 91, 74, 86, 82, 20, 60, 71, 14, 92, 51]
2026-05-23 01:13:44,222 [trainer.py] => All params: 171965973
2026-05-23 01:13:44,224 [trainer.py] => Trainable params: 368661
2026-05-23 01:13:44,225 [sdlora.py] => Learning on 0-10
2026-05-23 01:18:03,872 [sdlora.py] => Task 0, Epoch 1/1 => Loss 0.683, Train_accy 78.52, Test_accy 96.90
2026-05-23 01:18:24,801 [trainer.py] => No NME accuracy.
2026-05-23 01:18:24,807 [trainer.py] => CNN: {'total': 96.9, '00-09': 96.9, 'old': 0, 'new': 96.9}
2026-05-23 01:18:24,807 [trainer.py] => CNN top1 curve: [96.9]
2026-05-23 01:18:24,807 [trainer.py] => CNN top5 curve: [99.9]
2026-05-23 01:18:24,808 [trainer.py] => Average Accuracy (CNN): 96.9
2026-05-23 01:18:24,812 [trainer.py] => All params: 171973663
2026-05-23 01:18:24,819 [trainer.py] => Trainable params: 376351
2026-05-23 01:18:24,826 [sdlora.py] => Learning on 10-20
2026-05-23 02:44:37,443 [sdlora.py] => Task 1, Epoch 20/20 => Loss 0.226, Train_accy 88.90
2026-05-23 02:45:21,318 [trainer.py] => No NME accuracy.
2026-05-23 02:45:21,347 [trainer.py] => CNN: {'total': 97.1, '00-09': 97.2, '10-19': 97.0, 'old': 97.2, 'new': 97.0}
2026-05-23 02:45:21,347 [trainer.py] => CNN top1 curve: [96.9, 97.1]
2026-05-23 02:45:21,347 [trainer.py] => CNN top5 curve: [99.9, 99.8]
2026-05-23 02:45:21,347 [trainer.py] => Average Accuracy (CNN): 97.0
2026-05-23 02:45:21,350 [trainer.py] => All params: 171981353
2026-05-23 02:45:21,352 [trainer.py] => Trainable params: 384041
2026-05-23 02:45:21,357 [sdlora.py] => Learning on 20-30
2026-05-23 04:22:23,395 [sdlora.py] => Task 2, Epoch 20/20 => Loss 0.218, Train_accy 81.52
2026-05-23 04:23:27,895 [trainer.py] => No NME accuracy.
2026-05-23 04:23:27,905 [trainer.py] => CNN: {'total': 93.6, '00-09': 94.6, '10-19': 93.8, '20-29': 92.4, 'old': 94.2, 'new': 92.4}
2026-05-23 04:23:27,905 [trainer.py] => CNN top1 curve: [96.9, 97.1, 93.6]
2026-05-23 04:23:27,905 [trainer.py] => CNN top5 curve: [99.9, 99.8, 99.43]
2026-05-23 04:23:27,906 [trainer.py] => Average Accuracy (CNN): 95.87
2026-05-23 04:23:27,907 [trainer.py] => All params: 171989043
2026-05-23 04:23:27,909 [trainer.py] => Trainable params: 391731
2026-05-23 04:23:27,913 [sdlora.py] => Learning on 30-40
