2026-05-26 20:45:39,268 [trainer.py] => config: ./configs/sdlora/sdlora_ina_B0_Inc10.json
2026-05-26 20:45:39,268 [trainer.py] => prefix: reproduce
2026-05-26 20:45:39,268 [trainer.py] => dataset: imageneta
2026-05-26 20:45:39,269 [trainer.py] => memory_size: 0
2026-05-26 20:45:39,269 [trainer.py] => memory_per_class: 0
2026-05-26 20:45:39,269 [trainer.py] => fixed_memory: False
2026-05-26 20:45:39,269 [trainer.py] => shuffle: True
2026-05-26 20:45:39,269 [trainer.py] => init_cls: 10
2026-05-26 20:45:39,269 [trainer.py] => increment: 10
2026-05-26 20:45:39,269 [trainer.py] => model_name: sdlora
2026-05-26 20:45:39,269 [trainer.py] => backbone_type: vit_base_patch16_224_in21k_sdlora
2026-05-26 20:45:39,269 [trainer.py] => device: [device(type='cuda', index=0)]
2026-05-26 20:45:39,269 [trainer.py] => optimizer: adam
2026-05-26 20:45:39,269 [trainer.py] => scheduler: constant
2026-05-26 20:45:39,269 [trainer.py] => filepath: ./checkpoints/ImageNetA/
2026-05-26 20:45:39,269 [trainer.py] => seed: 1994
2026-05-26 20:45:39,270 [trainer.py] => init_epoch: 20
2026-05-26 20:45:39,270 [trainer.py] => init_lr: 0.01
2026-05-26 20:45:39,270 [trainer.py] => init_milestones: [10, 15]
2026-05-26 20:45:39,270 [trainer.py] => init_lr_decay: 0.05
2026-05-26 20:45:39,270 [trainer.py] => init_weight_decay: 0.0005
2026-05-26 20:45:39,270 [trainer.py] => epochs: 20
2026-05-26 20:45:39,270 [trainer.py] => lrate: 0.005
2026-05-26 20:45:39,270 [trainer.py] => milestones: [10, 15]
2026-05-26 20:45:39,270 [trainer.py] => lrate_decay: 0.05
2026-05-26 20:45:39,270 [trainer.py] => batch_size: 128
2026-05-26 20:45:39,270 [trainer.py] => weight_decay: 0.0005
2026-05-26 20:45:39,270 [trainer.py] => pretrained: True
2026-05-26 20:45:39,270 [trainer.py] => rank: 10
2026-05-26 20:45:39,271 [trainer.py] => nb_classes: 200
2026-05-26 20:45:39,271 [trainer.py] => nb_tasks: 20
2026-05-26 20:45:39,929 [data_manager.py] => [85, 41, 23, 28, 70, 87, 134, 151, 51, 159, 178, 119, 50, 117, 73, 95, 86, 147, 63, 22, 79, 175, 40, 155, 174, 54, 132, 72, 124, 157, 93, 26, 196, 74, 44, 15, 169, 122, 88, 171, 184, 6, 18, 145, 48, 197, 64, 172, 126, 96, 11, 55, 193, 66, 128, 21, 77, 113, 140, 116, 141, 133, 120, 29, 115, 14, 103, 127, 114, 19, 9, 38, 33, 195, 81, 35, 69, 181, 47, 129, 112, 168, 198, 71, 101, 188, 68, 90, 158, 163, 52, 8, 185, 59, 154, 92, 56, 183, 32, 136, 65, 45, 46, 173, 189, 108, 102, 144, 0, 107, 187, 100, 98, 192, 43, 161, 104, 75, 150, 166, 121, 60, 160, 3, 143, 153, 62, 142, 61, 110, 194, 97, 25, 177, 179, 17, 49, 31, 94, 111, 16, 53, 91, 58, 135, 83, 2, 12, 13, 165, 42, 36, 186, 105, 1, 7, 149, 170, 27, 24, 78, 167, 137, 138, 118, 10, 139, 164, 20, 57, 123, 199, 89, 130, 82, 162, 176, 148, 109, 125, 67, 106, 37, 146, 131, 180, 156, 39, 5, 84, 4, 190, 152, 191, 30, 76, 80, 34, 99, 182]
2026-05-26 20:45:43,946 [trainer.py] => All params: 171965973
2026-05-26 20:45:43,947 [trainer.py] => Trainable params: 368661
2026-05-26 20:45:43,947 [sdlora.py] => Learning on 0-10
2026-05-26 20:47:40,747 [sdlora.py] => Task 0, Epoch 20/20 => Loss 0.112, Train_accy 95.82
2026-05-26 20:47:42,085 [trainer.py] => No NME accuracy.
2026-05-26 20:47:42,085 [trainer.py] => CNN: {'total': 88.76, '00-09': 88.76, 'old': 0, 'new': 88.76}
2026-05-26 20:47:42,085 [trainer.py] => CNN top1 curve: [88.76]
2026-05-26 20:47:42,085 [trainer.py] => CNN top5 curve: [98.88]
2026-05-26 20:47:42,086 [trainer.py] => Average Accuracy (CNN): 88.76
2026-05-26 20:47:42,087 [trainer.py] => All params: 171973663
2026-05-26 20:47:42,089 [trainer.py] => Trainable params: 376351
2026-05-26 20:47:42,092 [sdlora.py] => Learning on 10-20
2026-05-26 20:49:10,032 [sdlora.py] => Task 1, Epoch 20/20 => Loss 0.241, Train_accy 81.58
2026-05-26 20:49:11,861 [trainer.py] => No NME accuracy.
2026-05-26 20:49:11,861 [trainer.py] => CNN: {'total': 75.71, '00-09': 79.78, '10-19': 68.63, 'old': 79.78, 'new': 68.63}
2026-05-26 20:49:11,862 [trainer.py] => CNN top1 curve: [88.76, 75.71]
2026-05-26 20:49:11,862 [trainer.py] => CNN top5 curve: [98.88, 92.86]
2026-05-26 20:49:11,862 [trainer.py] => Average Accuracy (CNN): 82.24
2026-05-26 20:49:11,866 [trainer.py] => All params: 171981353
2026-05-26 20:49:11,869 [trainer.py] => Trainable params: 384041
2026-05-26 20:49:11,872 [sdlora.py] => Learning on 20-30
2026-05-26 20:50:42,431 [sdlora.py] => Task 2, Epoch 20/20 => Loss 0.150, Train_accy 68.82
2026-05-26 20:50:44,699 [trainer.py] => No NME accuracy.
2026-05-26 20:50:44,700 [trainer.py] => CNN: {'total': 67.93, '00-09': 74.16, '10-19': 66.67, '20-29': 56.82, 'old': 71.43, 'new': 56.82}
2026-05-26 20:50:44,701 [trainer.py] => CNN top1 curve: [88.76, 75.71, 67.93]
2026-05-26 20:50:44,701 [trainer.py] => CNN top5 curve: [98.88, 92.86, 87.5]
2026-05-26 20:50:44,701 [trainer.py] => Average Accuracy (CNN): 77.47
2026-05-26 20:50:44,707 [trainer.py] => All params: 171989043
2026-05-26 20:50:44,711 [trainer.py] => Trainable params: 391731
2026-05-26 20:50:44,713 [sdlora.py] => Learning on 30-40
2026-05-26 20:53:14,467 [sdlora.py] => Task 3, Epoch 20/20 => Loss 0.253, Train_accy 58.15
2026-05-26 20:53:19,972 [trainer.py] => No NME accuracy.
2026-05-26 20:53:19,973 [trainer.py] => CNN: {'total': 64.66, '00-09': 70.79, '10-19': 68.63, '20-29': 54.55, '30-39': 60.98, 'old': 66.3, 'new': 60.98}
2026-05-26 20:53:19,973 [trainer.py] => CNN top1 curve: [88.76, 75.71, 67.93, 64.66]
2026-05-26 20:53:19,973 [trainer.py] => CNN top5 curve: [98.88, 92.86, 87.5, 87.97]
2026-05-26 20:53:19,973 [trainer.py] => Average Accuracy (CNN): 74.26
2026-05-26 20:53:19,975 [trainer.py] => All params: 171996733
2026-05-26 20:53:19,977 [trainer.py] => Trainable params: 399421
2026-05-26 20:53:19,979 [sdlora.py] => Learning on 40-50
2026-05-26 20:55:46,736 [sdlora.py] => Task 4, Epoch 20/20 => Loss 0.203, Train_accy 52.75
2026-05-26 20:55:50,191 [trainer.py] => No NME accuracy.
2026-05-26 20:55:50,192 [trainer.py] => CNN: {'total': 57.54, '00-09': 62.92, '10-19': 62.75, '20-29': 54.55, '30-39': 64.63, '40-49': 44.57, 'old': 62.03, 'new': 44.57}
2026-05-26 20:55:50,192 [trainer.py] => CNN top1 curve: [88.76, 75.71, 67.93, 64.66, 57.54]
2026-05-26 20:55:50,192 [trainer.py] => CNN top5 curve: [98.88, 92.86, 87.5, 87.97, 86.03]
2026-05-26 20:55:50,192 [trainer.py] => Average Accuracy (CNN): 70.92
2026-05-26 20:55:50,194 [trainer.py] => All params: 172004423
2026-05-26 20:55:50,195 [trainer.py] => Trainable params: 407111
2026-05-26 20:55:50,197 [sdlora.py] => Learning on 50-60
2026-05-26 20:58:33,876 [sdlora.py] => Task 5, Epoch 20/20 => Loss 0.284, Train_accy 42.13
2026-05-26 20:58:40,461 [trainer.py] => No NME accuracy.
2026-05-26 20:58:40,463 [trainer.py] => CNN: {'total': 56.98, '00-09': 65.17, '10-19': 66.67, '20-29': 54.55, '30-39': 64.63, '40-49': 48.91, '50-59': 46.24, 'old': 59.78, 'new': 46.24}
2026-05-26 20:58:40,463 [trainer.py] => CNN top1 curve: [88.76, 75.71, 67.93, 64.66, 57.54, 56.98]
2026-05-26 20:58:40,463 [trainer.py] => CNN top5 curve: [98.88, 92.86, 87.5, 87.97, 86.03, 86.47]
2026-05-26 20:58:40,463 [trainer.py] => Average Accuracy (CNN): 68.6
2026-05-26 20:58:40,467 [trainer.py] => All params: 172012113
2026-05-26 20:58:40,469 [trainer.py] => Trainable params: 414801
2026-05-26 20:58:40,472 [sdlora.py] => Learning on 60-70
2026-05-26 21:01:11,120 [sdlora.py] => Task 6, Epoch 20/20 => Loss 0.297, Train_accy 46.85
2026-05-26 21:01:15,776 [trainer.py] => No NME accuracy.
2026-05-26 21:01:15,777 [trainer.py] => CNN: {'total': 57.06, '00-09': 67.42, '10-19': 62.75, '20-29': 54.55, '30-39': 65.85, '40-49': 51.09, '50-59': 47.31, '60-69': 52.05, 'old': 57.87, 'new': 52.05}
2026-05-26 21:01:15,777 [trainer.py] => CNN top1 curve: [88.76, 75.71, 67.93, 64.66, 57.54, 56.98, 57.06]
2026-05-26 21:01:15,777 [trainer.py] => CNN top5 curve: [98.88, 92.86, 87.5, 87.97, 86.03, 86.47, 86.64]
2026-05-26 21:01:15,778 [trainer.py] => Average Accuracy (CNN): 66.95
2026-05-26 21:01:15,783 [trainer.py] => All params: 172019803
2026-05-26 21:01:15,787 [trainer.py] => Trainable params: 422491
2026-05-26 21:01:15,791 [sdlora.py] => Learning on 70-80
2026-05-26 21:04:16,779 [sdlora.py] => Task 7, Epoch 20/20 => Loss 0.449, Train_accy 39.24
2026-05-26 21:04:22,282 [trainer.py] => No NME accuracy.
2026-05-26 21:04:22,283 [trainer.py] => CNN: {'total': 54.46, '00-09': 66.29, '10-19': 62.75, '20-29': 54.55, '30-39': 62.2, '40-49': 52.17, '50-59': 46.24, '60-69': 54.79, '70-79': 41.94, 'old': 56.68, 'new': 41.94}
2026-05-26 21:04:22,283 [trainer.py] => CNN top1 curve: [88.76, 75.71, 67.93, 64.66, 57.54, 56.98, 57.06, 54.46]
2026-05-26 21:04:22,283 [trainer.py] => CNN top5 curve: [98.88, 92.86, 87.5, 87.97, 86.03, 86.47, 86.64, 85.74]
2026-05-26 21:04:22,283 [trainer.py] => Average Accuracy (CNN): 65.39
2026-05-26 21:04:22,285 [trainer.py] => All params: 172027493
2026-05-26 21:04:22,286 [trainer.py] => Trainable params: 430181
2026-05-26 21:04:22,287 [sdlora.py] => Learning on 80-90
2026-05-26 21:06:26,437 [sdlora.py] => Task 8, Epoch 20/20 => Loss 0.614, Train_accy 30.86
2026-05-26 21:06:32,515 [trainer.py] => No NME accuracy.
2026-05-26 21:06:32,516 [trainer.py] => CNN: {'total': 49.93, '00-09': 62.92, '10-19': 58.82, '20-29': 52.27, '30-39': 58.54, '40-49': 45.65, '50-59': 46.24, '60-69': 56.16, '70-79': 41.94, '80-89': 25.0, 'old': 52.19, 'new': 25.0}
2026-05-26 21:06:32,517 [trainer.py] => CNN top1 curve: [88.76, 75.71, 67.93, 64.66, 57.54, 56.98, 57.06, 54.46, 49.93]
2026-05-26 21:06:32,517 [trainer.py] => CNN top5 curve: [98.88, 92.86, 87.5, 87.97, 86.03, 86.47, 86.64, 85.74, 84.25]
2026-05-26 21:06:32,517 [trainer.py] => Average Accuracy (CNN): 63.67
2026-05-26 21:06:32,522 [trainer.py] => All params: 172035183
2026-05-26 21:06:32,527 [trainer.py] => Trainable params: 437871
2026-05-26 21:06:32,530 [sdlora.py] => Learning on 90-100
2026-05-26 21:10:20,334 [sdlora.py] => Task 9, Epoch 20/20 => Loss 0.280, Train_accy 32.34
2026-05-26 21:10:28,030 [trainer.py] => No NME accuracy.
2026-05-26 21:10:28,030 [trainer.py] => CNN: {'total': 46.71, '00-09': 61.8, '10-19': 56.86, '20-29': 52.27, '30-39': 58.54, '40-49': 46.74, '50-59': 44.09, '60-69': 57.53, '70-79': 40.86, '80-89': 25.0, '90-99': 28.43, 'old': 49.48, 'new': 28.43}
2026-05-26 21:10:28,030 [trainer.py] => CNN top1 curve: [88.76, 75.71, 67.93, 64.66, 57.54, 56.98, 57.06, 54.46, 49.93, 46.71]
2026-05-26 21:10:28,031 [trainer.py] => CNN top5 curve: [98.88, 92.86, 87.5, 87.97, 86.03, 86.47, 86.64, 85.74, 84.25, 83.23]
2026-05-26 21:10:28,031 [trainer.py] => Average Accuracy (CNN): 61.97
2026-05-26 21:10:28,036 [trainer.py] => All params: 172042873
2026-05-26 21:10:28,039 [trainer.py] => Trainable params: 445561
2026-05-26 21:10:28,044 [sdlora.py] => Learning on 100-110
2026-05-26 21:13:29,775 [sdlora.py] => Task 10, Epoch 20/20 => Loss 0.598, Train_accy 66.93
2026-05-26 21:13:37,230 [trainer.py] => No NME accuracy.
2026-05-26 21:13:37,230 [trainer.py] => CNN: {'total': 45.28, '00-09': 64.04, '10-19': 45.1, '20-29': 50.0, '30-39': 31.71, '40-49': 44.57, '50-59': 49.46, '60-69': 47.95, '70-79': 36.56, '80-89': 21.43, '90-99': 46.08, '100-109': 58.06, 'old': 44.26, 'new': 58.06}
2026-05-26 21:13:37,231 [trainer.py] => CNN top1 curve: [88.76, 75.71, 67.93, 64.66, 57.54, 56.98, 57.06, 54.46, 49.93, 46.71, 45.28]
2026-05-26 21:13:37,231 [trainer.py] => CNN top5 curve: [98.88, 92.86, 87.5, 87.97, 86.03, 86.47, 86.64, 85.74, 84.25, 83.23, 79.21]
2026-05-26 21:13:37,231 [trainer.py] => Average Accuracy (CNN): 60.46
2026-05-26 21:13:37,236 [trainer.py] => All params: 172050563
2026-05-26 21:13:37,240 [trainer.py] => Trainable params: 453251
2026-05-26 21:13:37,245 [sdlora.py] => Learning on 110-120
2026-05-26 21:16:49,272 [sdlora.py] => Task 11, Epoch 20/20 => Loss 0.563, Train_accy 25.86
2026-05-26 21:16:57,521 [trainer.py] => No NME accuracy.
2026-05-26 21:16:57,522 [trainer.py] => CNN: {'total': 41.02, '00-09': 59.55, '10-19': 39.22, '20-29': 52.27, '30-39': 39.02, '40-49': 41.3, '50-59': 41.94, '60-69': 47.95, '70-79': 39.78, '80-89': 25.0, '90-99': 38.24, '100-109': 50.0, '110-119': 13.85, 'old': 43.13, 'new': 13.85}
2026-05-26 21:16:57,522 [trainer.py] => CNN top1 curve: [88.76, 75.71, 67.93, 64.66, 57.54, 56.98, 57.06, 54.46, 49.93, 46.71, 45.28, 41.02]
2026-05-26 21:16:57,522 [trainer.py] => CNN top5 curve: [98.88, 92.86, 87.5, 87.97, 86.03, 86.47, 86.64, 85.74, 84.25, 83.23, 79.21, 78.27]
2026-05-26 21:16:57,523 [trainer.py] => Average Accuracy (CNN): 58.84
2026-05-26 21:16:57,528 [trainer.py] => All params: 172058253
2026-05-26 21:16:57,532 [trainer.py] => Trainable params: 460941
2026-05-26 21:16:57,536 [sdlora.py] => Learning on 120-130
2026-05-26 21:20:48,485 [sdlora.py] => Task 12, Epoch 20/20 => Loss 0.371, Train_accy 47.93
2026-05-26 21:20:58,557 [trainer.py] => No NME accuracy.
2026-05-26 21:20:58,558 [trainer.py] => CNN: {'total': 39.92, '00-09': 61.8, '10-19': 39.22, '20-29': 50.0, '30-39': 35.37, '40-49': 35.87, '50-59': 40.86, '60-69': 49.32, '70-79': 33.33, '80-89': 23.21, '90-99': 30.39, '100-109': 51.61, '110-119': 16.92, '120-129': 49.0, 'old': 38.91, 'new': 49.0}
2026-05-26 21:20:58,559 [trainer.py] => CNN top1 curve: [88.76, 75.71, 67.93, 64.66, 57.54, 56.98, 57.06, 54.46, 49.93, 46.71, 45.28, 41.02, 39.92]
2026-05-26 21:20:58,559 [trainer.py] => CNN top5 curve: [98.88, 92.86, 87.5, 87.97, 86.03, 86.47, 86.64, 85.74, 84.25, 83.23, 79.21, 78.27, 77.45]
2026-05-26 21:20:58,559 [trainer.py] => Average Accuracy (CNN): 57.38
2026-05-26 21:20:58,564 [trainer.py] => All params: 172065943
2026-05-26 21:20:58,568 [trainer.py] => Trainable params: 468631
2026-05-26 21:20:58,572 [sdlora.py] => Learning on 130-140
2026-05-26 21:23:59,092 [sdlora.py] => Task 13, Epoch 20/20 => Loss 0.401, Train_accy 25.88
2026-05-26 21:24:10,314 [trainer.py] => No NME accuracy.
2026-05-26 21:24:10,315 [trainer.py] => CNN: {'total': 41.01, '00-09': 61.8, '10-19': 39.22, '20-29': 52.27, '30-39': 37.8, '40-49': 42.39, '50-59': 41.94, '60-69': 46.58, '70-79': 38.71, '80-89': 21.43, '90-99': 36.27, '100-109': 50.0, '110-119': 9.23, '120-129': 57.0, '130-139': 22.45, 'old': 41.92, 'new': 22.45}
2026-05-26 21:24:10,315 [trainer.py] => CNN top1 curve: [88.76, 75.71, 67.93, 64.66, 57.54, 56.98, 57.06, 54.46, 49.93, 46.71, 45.28, 41.02, 39.92, 41.01]
2026-05-26 21:24:10,315 [trainer.py] => CNN top5 curve: [98.88, 92.86, 87.5, 87.97, 86.03, 86.47, 86.64, 85.74, 84.25, 83.23, 79.21, 78.27, 77.45, 75.36]
2026-05-26 21:24:10,315 [trainer.py] => Average Accuracy (CNN): 56.21
2026-05-26 21:24:10,317 [trainer.py] => All params: 172073633
2026-05-26 21:24:10,319 [trainer.py] => Trainable params: 476321
2026-05-26 21:24:10,320 [sdlora.py] => Learning on 140-150
2026-05-26 21:29:04,411 [sdlora.py] => Task 14, Epoch 20/20 => Loss 0.337, Train_accy 23.42
2026-05-26 21:29:15,719 [trainer.py] => No NME accuracy.
2026-05-26 21:29:15,719 [trainer.py] => CNN: {'total': 37.83, '00-09': 57.3, '10-19': 39.22, '20-29': 50.0, '30-39': 39.02, '40-49': 42.39, '50-59': 40.86, '60-69': 46.58, '70-79': 39.78, '80-89': 19.64, '90-99': 30.39, '100-109': 45.16, '110-119': 10.77, '120-129': 57.0, '130-139': 24.49, '140-149': 16.16, 'old': 39.87, 'new': 16.16}
2026-05-26 21:29:15,719 [trainer.py] => CNN top1 curve: [88.76, 75.71, 67.93, 64.66, 57.54, 56.98, 57.06, 54.46, 49.93, 46.71, 45.28, 41.02, 39.92, 41.01, 37.83]
2026-05-26 21:29:15,720 [trainer.py] => CNN top5 curve: [98.88, 92.86, 87.5, 87.97, 86.03, 86.47, 86.64, 85.74, 84.25, 83.23, 79.21, 78.27, 77.45, 75.36, 74.26]
2026-05-26 21:29:15,720 [trainer.py] => Average Accuracy (CNN): 54.99
2026-05-26 21:29:15,722 [trainer.py] => All params: 172081323
2026-05-26 21:29:15,723 [trainer.py] => Trainable params: 484011
2026-05-26 21:29:15,725 [sdlora.py] => Learning on 150-160
2026-05-26 21:34:50,305 [sdlora.py] => Task 15, Epoch 20/20 => Loss 0.262, Train_accy 38.73
2026-05-26 21:35:03,970 [trainer.py] => No NME accuracy.
2026-05-26 21:35:03,972 [trainer.py] => CNN: {'total': 39.1, '00-09': 59.55, '10-19': 39.22, '20-29': 50.0, '30-39': 37.8, '40-49': 43.48, '50-59': 41.94, '60-69': 47.95, '70-79': 38.71, '80-89': 19.64, '90-99': 32.35, '100-109': 48.39, '110-119': 9.23, '120-129': 54.0, '130-139': 20.41, '140-149': 23.23, '150-159': 44.83, 'old': 38.52, 'new': 44.83}
2026-05-26 21:35:03,972 [trainer.py] => CNN top1 curve: [88.76, 75.71, 67.93, 64.66, 57.54, 56.98, 57.06, 54.46, 49.93, 46.71, 45.28, 41.02, 39.92, 41.01, 37.83, 39.1]
2026-05-26 21:35:03,972 [trainer.py] => CNN top5 curve: [98.88, 92.86, 87.5, 87.97, 86.03, 86.47, 86.64, 85.74, 84.25, 83.23, 79.21, 78.27, 77.45, 75.36, 74.26, 74.57]
2026-05-26 21:35:03,973 [trainer.py] => Average Accuracy (CNN): 53.99
2026-05-26 21:35:03,977 [trainer.py] => All params: 172089013
2026-05-26 21:35:03,982 [trainer.py] => Trainable params: 491701
2026-05-26 21:35:03,987 [sdlora.py] => Learning on 160-170
2026-05-26 21:39:54,361 [sdlora.py] => Task 16, Epoch 20/20 => Loss 0.402, Train_accy 35.45
2026-05-26 21:40:09,144 [trainer.py] => No NME accuracy.
2026-05-26 21:40:09,146 [trainer.py] => CNN: {'total': 36.8, '00-09': 55.06, '10-19': 33.33, '20-29': 47.73, '30-39': 39.02, '40-49': 40.22, '50-59': 37.63, '60-69': 45.21, '70-79': 36.56, '80-89': 23.21, '90-99': 31.37, '100-109': 46.77, '110-119': 10.77, '120-129': 49.0, '130-139': 22.45, '140-149': 20.2, '150-159': 45.69, '160-169': 30.0, 'old': 37.28, 'new': 30.0}
2026-05-26 21:40:09,147 [trainer.py] => CNN top1 curve: [88.76, 75.71, 67.93, 64.66, 57.54, 56.98, 57.06, 54.46, 49.93, 46.71, 45.28, 41.02, 39.92, 41.01, 37.83, 39.1, 36.8]
2026-05-26 21:40:09,147 [trainer.py] => CNN top5 curve: [98.88, 92.86, 87.5, 87.97, 86.03, 86.47, 86.64, 85.74, 84.25, 83.23, 79.21, 78.27, 77.45, 75.36, 74.26, 74.57, 73.75]
2026-05-26 21:40:09,147 [trainer.py] => Average Accuracy (CNN): 52.98
2026-05-26 21:40:09,153 [trainer.py] => All params: 172096703
2026-05-26 21:40:09,157 [trainer.py] => Trainable params: 499391
2026-05-26 21:40:09,161 [sdlora.py] => Learning on 170-180
2026-05-26 21:43:41,489 [sdlora.py] => Task 17, Epoch 20/20 => Loss 0.664, Train_accy 19.63
2026-05-26 21:43:57,047 [trainer.py] => No NME accuracy.
2026-05-26 21:43:57,047 [trainer.py] => CNN: {'total': 36.94, '00-09': 58.43, '10-19': 31.37, '20-29': 50.0, '30-39': 39.02, '40-49': 44.57, '50-59': 37.63, '60-69': 46.58, '70-79': 36.56, '80-89': 19.64, '90-99': 32.35, '100-109': 48.39, '110-119': 7.69, '120-129': 49.0, '130-139': 22.45, '140-149': 19.19, '150-159': 49.14, '160-169': 41.11, '170-179': 2.04, 'old': 38.2, 'new': 2.04}
2026-05-26 21:43:57,048 [trainer.py] => CNN top1 curve: [88.76, 75.71, 67.93, 64.66, 57.54, 56.98, 57.06, 54.46, 49.93, 46.71, 45.28, 41.02, 39.92, 41.01, 37.83, 39.1, 36.8, 36.94]
2026-05-26 21:43:57,048 [trainer.py] => CNN top5 curve: [98.88, 92.86, 87.5, 87.97, 86.03, 86.47, 86.64, 85.74, 84.25, 83.23, 79.21, 78.27, 77.45, 75.36, 74.26, 74.57, 73.75, 71.1]
2026-05-26 21:43:57,048 [trainer.py] => Average Accuracy (CNN): 52.09
2026-05-26 21:43:57,053 [trainer.py] => All params: 172104393
2026-05-26 21:43:57,058 [trainer.py] => Trainable params: 507081
2026-05-26 21:43:57,063 [sdlora.py] => Learning on 180-190
2026-05-26 21:47:28,222 [sdlora.py] => Task 18, Epoch 20/20 => Loss 0.500, Train_accy 29.65
2026-05-26 21:47:44,439 [trainer.py] => No NME accuracy.
2026-05-26 21:47:44,439 [trainer.py] => CNN: {'total': 34.34, '00-09': 50.56, '10-19': 21.57, '20-29': 47.73, '30-39': 35.37, '40-49': 40.22, '50-59': 37.63, '60-69': 45.21, '70-79': 32.26, '80-89': 25.0, '90-99': 21.57, '100-109': 48.39, '110-119': 9.23, '120-129': 51.0, '130-139': 24.49, '140-149': 17.17, '150-159': 43.97, '160-169': 40.0, '170-179': 8.16, '180-189': 31.58, 'old': 34.45, 'new': 31.58}
2026-05-26 21:47:44,439 [trainer.py] => CNN top1 curve: [88.76, 75.71, 67.93, 64.66, 57.54, 56.98, 57.06, 54.46, 49.93, 46.71, 45.28, 41.02, 39.92, 41.01, 37.83, 39.1, 36.8, 36.94, 34.34]
2026-05-26 21:47:44,439 [trainer.py] => CNN top5 curve: [98.88, 92.86, 87.5, 87.97, 86.03, 86.47, 86.64, 85.74, 84.25, 83.23, 79.21, 78.27, 77.45, 75.36, 74.26, 74.57, 73.75, 71.1, 70.11]
2026-05-26 21:47:44,439 [trainer.py] => Average Accuracy (CNN): 51.16
2026-05-26 21:47:44,441 [trainer.py] => All params: 172112083
2026-05-26 21:47:44,443 [trainer.py] => Trainable params: 514771
2026-05-26 21:47:44,445 [sdlora.py] => Learning on 190-200
2026-05-26 21:51:40,618 [sdlora.py] => Task 19, Epoch 20/20 => Loss 0.390, Train_accy 28.63
2026-05-26 21:51:56,631 [trainer.py] => No NME accuracy.
2026-05-26 21:51:56,632 [trainer.py] => CNN: {'total': 33.97, '00-09': 56.18, '10-19': 29.41, '20-29': 52.27, '30-39': 36.59, '40-49': 33.7, '50-59': 39.78, '60-69': 43.84, '70-79': 34.41, '80-89': 21.43, '90-99': 26.47, '100-109': 53.23, '110-119': 6.15, '120-129': 46.0, '130-139': 24.49, '140-149': 11.11, '150-159': 47.41, '160-169': 41.11, '170-179': 4.08, '180-189': 24.56, '190-199': 22.81, 'old': 34.4, 'new': 22.81}
2026-05-26 21:51:56,632 [trainer.py] => CNN top1 curve: [88.76, 75.71, 67.93, 64.66, 57.54, 56.98, 57.06, 54.46, 49.93, 46.71, 45.28, 41.02, 39.92, 41.01, 37.83, 39.1, 36.8, 36.94, 34.34, 33.97]
2026-05-26 21:51:56,632 [trainer.py] => CNN top5 curve: [98.88, 92.86, 87.5, 87.97, 86.03, 86.47, 86.64, 85.74, 84.25, 83.23, 79.21, 78.27, 77.45, 75.36, 74.26, 74.57, 73.75, 71.1, 70.11, 68.6]
2026-05-26 21:51:56,632 [trainer.py] => Average Accuracy (CNN): 50.3
