2026-05-27 03:47:44,997 [trainer.py] => config: ./configs/sdlora/sdlora_ina_B100_Inc5.json
2026-05-27 03:47:44,997 [trainer.py] => prefix: reproduce
2026-05-27 03:47:44,997 [trainer.py] => dataset: imageneta
2026-05-27 03:47:44,997 [trainer.py] => memory_size: 0
2026-05-27 03:47:44,997 [trainer.py] => memory_per_class: 0
2026-05-27 03:47:44,997 [trainer.py] => fixed_memory: False
2026-05-27 03:47:44,997 [trainer.py] => shuffle: True
2026-05-27 03:47:44,997 [trainer.py] => init_cls: 100
2026-05-27 03:47:44,997 [trainer.py] => increment: 5
2026-05-27 03:47:44,997 [trainer.py] => model_name: sdlora
2026-05-27 03:47:44,997 [trainer.py] => backbone_type: vit_base_patch16_224_in21k_sdlora
2026-05-27 03:47:44,998 [trainer.py] => device: [device(type='cuda', index=0)]
2026-05-27 03:47:44,998 [trainer.py] => optimizer: adam
2026-05-27 03:47:44,998 [trainer.py] => scheduler: constant
2026-05-27 03:47:44,998 [trainer.py] => filepath: ./checkpoints/ImageNetA/
2026-05-27 03:47:44,998 [trainer.py] => seed: 1994
2026-05-27 03:47:44,998 [trainer.py] => init_epoch: 20
2026-05-27 03:47:44,998 [trainer.py] => init_lr: 0.01
2026-05-27 03:47:44,998 [trainer.py] => init_milestones: [10, 15]
2026-05-27 03:47:44,998 [trainer.py] => init_lr_decay: 0.05
2026-05-27 03:47:44,998 [trainer.py] => init_weight_decay: 0.0005
2026-05-27 03:47:44,998 [trainer.py] => epochs: 20
2026-05-27 03:47:44,998 [trainer.py] => lrate: 0.005
2026-05-27 03:47:44,999 [trainer.py] => milestones: [10, 15]
2026-05-27 03:47:44,999 [trainer.py] => lrate_decay: 0.05
2026-05-27 03:47:44,999 [trainer.py] => batch_size: 128
2026-05-27 03:47:44,999 [trainer.py] => weight_decay: 0.0005
2026-05-27 03:47:44,999 [trainer.py] => pretrained: True
2026-05-27 03:47:44,999 [trainer.py] => rank: 10
2026-05-27 03:47:44,999 [trainer.py] => nb_classes: 200
2026-05-27 03:47:44,999 [trainer.py] => nb_tasks: 21
2026-05-27 03:47:45,511 [data_manager.py] => [85, 41, 23, 28, 70, 87, 134, 151, 51, 159, 178, 119, 50, 117, 73, 95, 86, 147, 63, 22, 79, 175, 40, 155, 174, 54, 132, 72, 124, 157, 93, 26, 196, 74, 44, 15, 169, 122, 88, 171, 184, 6, 18, 145, 48, 197, 64, 172, 126, 96, 11, 55, 193, 66, 128, 21, 77, 113, 140, 116, 141, 133, 120, 29, 115, 14, 103, 127, 114, 19, 9, 38, 33, 195, 81, 35, 69, 181, 47, 129, 112, 168, 198, 71, 101, 188, 68, 90, 158, 163, 52, 8, 185, 59, 154, 92, 56, 183, 32, 136, 65, 45, 46, 173, 189, 108, 102, 144, 0, 107, 187, 100, 98, 192, 43, 161, 104, 75, 150, 166, 121, 60, 160, 3, 143, 153, 62, 142, 61, 110, 194, 97, 25, 177, 179, 17, 49, 31, 94, 111, 16, 53, 91, 58, 135, 83, 2, 12, 13, 165, 42, 36, 186, 105, 1, 7, 149, 170, 27, 24, 78, 167, 137, 138, 118, 10, 139, 164, 20, 57, 123, 199, 89, 130, 82, 162, 176, 148, 109, 125, 67, 106, 37, 146, 131, 180, 156, 39, 5, 84, 4, 190, 152, 191, 30, 76, 80, 34, 99, 182]
2026-05-27 03:47:50,449 [trainer.py] => All params: 171965973
2026-05-27 03:47:50,450 [trainer.py] => Trainable params: 368661
2026-05-27 03:47:50,451 [sdlora.py] => Learning on 0-100
2026-05-27 03:58:36,239 [sdlora.py] => Task 0, Epoch 20/20 => Loss 0.478, Train_accy 87.42
2026-05-27 03:58:41,442 [trainer.py] => No NME accuracy.
2026-05-27 03:58:41,443 [trainer.py] => CNN: {'total': 66.19, '00-99': 66.19, 'old': 0, 'new': 66.19}
2026-05-27 03:58:41,443 [trainer.py] => CNN top1 curve: [66.19]
2026-05-27 03:58:41,443 [trainer.py] => CNN top5 curve: [84.77]
2026-05-27 03:58:41,443 [trainer.py] => Average Accuracy (CNN): 66.19
2026-05-27 03:58:41,445 [trainer.py] => All params: 172042873
2026-05-27 03:58:41,446 [trainer.py] => Trainable params: 445561
2026-05-27 03:58:41,449 [sdlora.py] => Learning on 100-105
2026-05-27 04:00:00,091 [sdlora.py] => Task 1, Epoch 20/20 => Loss 0.296, Train_accy 15.75
2026-05-27 04:00:06,502 [trainer.py] => No NME accuracy.
2026-05-27 04:00:06,503 [trainer.py] => CNN: {'total': 62.16, '00-99': 64.39, '100-104': 6.45, 'old': 64.39, 'new': 6.45}
2026-05-27 04:00:06,503 [trainer.py] => CNN top1 curve: [66.19, 62.16]
2026-05-27 04:00:06,503 [trainer.py] => CNN top5 curve: [84.77, 83.13]
2026-05-27 04:00:06,504 [trainer.py] => Average Accuracy (CNN): 64.18
2026-05-27 04:00:06,508 [trainer.py] => All params: 172046718
2026-05-27 04:00:06,511 [trainer.py] => Trainable params: 449406
2026-05-27 04:00:06,514 [sdlora.py] => Learning on 105-110
2026-05-27 04:01:31,168 [sdlora.py] => Task 2, Epoch 20/20 => Loss 0.128, Train_accy 66.92
2026-05-27 04:01:37,684 [trainer.py] => No NME accuracy.
2026-05-27 04:01:37,685 [trainer.py] => CNN: {'total': 59.02, '00-99': 60.65, '100-104': 16.13, '105-109': 61.29, 'old': 58.93, 'new': 61.29}
2026-05-27 04:01:37,685 [trainer.py] => CNN top1 curve: [66.19, 62.16, 59.02]
2026-05-27 04:01:37,685 [trainer.py] => CNN top5 curve: [84.77, 83.13, 82.2]
2026-05-27 04:01:37,685 [trainer.py] => Average Accuracy (CNN): 62.46
2026-05-27 04:01:37,691 [trainer.py] => All params: 172050563
2026-05-27 04:01:37,695 [trainer.py] => Trainable params: 453251
2026-05-27 04:01:37,698 [sdlora.py] => Learning on 110-115
2026-05-27 04:03:22,037 [sdlora.py] => Task 3, Epoch 20/20 => Loss 0.162, Train_accy 56.74
2026-05-27 04:03:28,247 [trainer.py] => No NME accuracy.
2026-05-27 04:03:28,249 [trainer.py] => CNN: {'total': 58.28, '00-99': 60.77, '100-104': 16.13, '105-109': 64.52, '110-114': 40.0, 'old': 59.26, 'new': 40.0}
2026-05-27 04:03:28,249 [trainer.py] => CNN top1 curve: [66.19, 62.16, 59.02, 58.28]
2026-05-27 04:03:28,249 [trainer.py] => CNN top5 curve: [84.77, 83.13, 82.2, 81.52]
2026-05-27 04:03:28,249 [trainer.py] => Average Accuracy (CNN): 61.41
2026-05-27 04:03:28,251 [trainer.py] => All params: 172054408
2026-05-27 04:03:28,253 [trainer.py] => Trainable params: 457096
2026-05-27 04:03:28,255 [sdlora.py] => Learning on 115-120
2026-05-27 04:04:41,981 [sdlora.py] => Task 4, Epoch 20/20 => Loss 0.217, Train_accy 31.76
2026-05-27 04:04:48,107 [trainer.py] => No NME accuracy.
2026-05-27 04:04:48,108 [trainer.py] => CNN: {'total': 54.1, '00-99': 57.03, '100-104': 16.13, '105-109': 67.74, '110-114': 33.33, '115-119': 25.0, 'old': 54.76, 'new': 25.0}
2026-05-27 04:04:48,108 [trainer.py] => CNN top1 curve: [66.19, 62.16, 59.02, 58.28, 54.1]
2026-05-27 04:04:48,108 [trainer.py] => CNN top5 curve: [84.77, 83.13, 82.2, 81.52, 77.27]
2026-05-27 04:04:48,108 [trainer.py] => Average Accuracy (CNN): 59.95
2026-05-27 04:04:48,110 [trainer.py] => All params: 172058253
2026-05-27 04:04:48,112 [trainer.py] => Trainable params: 460941
2026-05-27 04:04:48,115 [sdlora.py] => Learning on 120-125
2026-05-27 04:06:44,086 [sdlora.py] => Task 5, Epoch 20/20 => Loss 0.257, Train_accy 53.93
2026-05-27 04:06:50,684 [trainer.py] => No NME accuracy.
2026-05-27 04:06:50,684 [trainer.py] => CNN: {'total': 52.98, '00-99': 56.0, '100-104': 19.35, '105-109': 67.74, '110-114': 31.11, '115-119': 25.0, '120-124': 49.09, 'old': 53.22, 'new': 49.09}
2026-05-27 04:06:50,684 [trainer.py] => CNN top1 curve: [66.19, 62.16, 59.02, 58.28, 54.1, 52.98]
2026-05-27 04:06:50,684 [trainer.py] => CNN top5 curve: [84.77, 83.13, 82.2, 81.52, 77.27, 77.53]
2026-05-27 04:06:50,684 [trainer.py] => Average Accuracy (CNN): 58.79
2026-05-27 04:06:50,686 [trainer.py] => All params: 172062098
2026-05-27 04:06:50,688 [trainer.py] => Trainable params: 464786
2026-05-27 04:06:50,691 [sdlora.py] => Learning on 125-130
2026-05-27 04:08:45,193 [sdlora.py] => Task 6, Epoch 20/20 => Loss 0.135, Train_accy 57.14
2026-05-27 04:08:54,297 [trainer.py] => No NME accuracy.
2026-05-27 04:08:54,298 [trainer.py] => CNN: {'total': 56.29, '00-99': 58.71, '100-104': 16.13, '105-109': 64.52, '110-114': 44.44, '115-119': 30.0, '120-124': 63.64, '125-129': 51.11, 'old': 56.53, 'new': 51.11}
2026-05-27 04:08:54,298 [trainer.py] => CNN top1 curve: [66.19, 62.16, 59.02, 58.28, 54.1, 52.98, 56.29]
2026-05-27 04:08:54,298 [trainer.py] => CNN top5 curve: [84.77, 83.13, 82.2, 81.52, 77.27, 77.53, 79.94]
2026-05-27 04:08:54,299 [trainer.py] => Average Accuracy (CNN): 58.43
2026-05-27 04:08:54,304 [trainer.py] => All params: 172065943
2026-05-27 04:08:54,308 [trainer.py] => Trainable params: 468631
2026-05-27 04:08:54,311 [sdlora.py] => Learning on 130-135
2026-05-27 04:10:20,480 [sdlora.py] => Task 7, Epoch 20/20 => Loss 0.560, Train_accy 34.83
2026-05-27 04:10:29,028 [trainer.py] => No NME accuracy.
2026-05-27 04:10:29,029 [trainer.py] => CNN: {'total': 55.02, '00-99': 57.55, '100-104': 19.35, '105-109': 61.29, '110-114': 42.22, '115-119': 30.0, '120-124': 63.64, '125-129': 55.56, '130-134': 34.78, 'old': 55.49, 'new': 34.78}
2026-05-27 04:10:29,029 [trainer.py] => CNN top1 curve: [66.19, 62.16, 59.02, 58.28, 54.1, 52.98, 56.29, 55.02]
2026-05-27 04:10:29,029 [trainer.py] => CNN top5 curve: [84.77, 83.13, 82.2, 81.52, 77.27, 77.53, 79.94, 76.88]
2026-05-27 04:10:29,029 [trainer.py] => Average Accuracy (CNN): 58.0
2026-05-27 04:10:29,033 [trainer.py] => All params: 172069788
2026-05-27 04:10:29,037 [trainer.py] => Trainable params: 472476
2026-05-27 04:10:29,040 [sdlora.py] => Learning on 135-140
2026-05-27 04:12:25,447 [sdlora.py] => Task 8, Epoch 20/20 => Loss 0.240, Train_accy 68.35
2026-05-27 04:12:33,384 [trainer.py] => No NME accuracy.
2026-05-27 04:12:33,385 [trainer.py] => CNN: {'total': 55.76, '00-99': 57.94, '100-104': 12.9, '105-109': 74.19, '110-114': 46.67, '115-119': 35.0, '120-124': 61.82, '125-129': 57.78, '130-134': 34.78, '135-139': 53.85, 'old': 55.8, 'new': 53.85}
2026-05-27 04:12:33,385 [trainer.py] => CNN top1 curve: [66.19, 62.16, 59.02, 58.28, 54.1, 52.98, 56.29, 55.02, 55.76]
2026-05-27 04:12:33,386 [trainer.py] => CNN top5 curve: [84.77, 83.13, 82.2, 81.52, 77.27, 77.53, 79.94, 76.88, 78.31]
2026-05-27 04:12:33,386 [trainer.py] => Average Accuracy (CNN): 57.76
2026-05-27 04:12:33,391 [trainer.py] => All params: 172073633
2026-05-27 04:12:33,395 [trainer.py] => Trainable params: 476321
2026-05-27 04:12:33,400 [sdlora.py] => Learning on 140-145
2026-05-27 04:14:51,844 [sdlora.py] => Task 9, Epoch 20/20 => Loss 0.240, Train_accy 41.09
2026-05-27 04:15:01,824 [trainer.py] => No NME accuracy.
2026-05-27 04:15:01,824 [trainer.py] => CNN: {'total': 54.42, '00-99': 57.29, '100-104': 12.9, '105-109': 67.74, '110-114': 51.11, '115-119': 35.0, '120-124': 60.0, '125-129': 57.78, '130-134': 34.78, '135-139': 53.85, '140-144': 36.96, 'old': 55.19, 'new': 36.96}
2026-05-27 04:15:01,824 [trainer.py] => CNN top1 curve: [66.19, 62.16, 59.02, 58.28, 54.1, 52.98, 56.29, 55.02, 55.76, 54.42]
2026-05-27 04:15:01,824 [trainer.py] => CNN top5 curve: [84.77, 83.13, 82.2, 81.52, 77.27, 77.53, 79.94, 76.88, 78.31, 78.49]
2026-05-27 04:15:01,824 [trainer.py] => Average Accuracy (CNN): 57.42
2026-05-27 04:15:01,827 [trainer.py] => All params: 172077478
2026-05-27 04:15:01,829 [trainer.py] => Trainable params: 480166
2026-05-27 04:15:01,830 [sdlora.py] => Learning on 145-150
2026-05-27 04:17:35,919 [sdlora.py] => Task 10, Epoch 20/20 => Loss 0.217, Train_accy 55.56
2026-05-27 04:17:45,378 [trainer.py] => No NME accuracy.
2026-05-27 04:17:45,378 [trainer.py] => CNN: {'total': 53.04, '00-99': 55.23, '100-104': 12.9, '105-109': 64.52, '110-114': 44.44, '115-119': 25.0, '120-124': 61.82, '125-129': 60.0, '130-134': 34.78, '135-139': 53.85, '140-144': 50.0, '145-149': 50.94, 'old': 53.14, 'new': 50.94}
2026-05-27 04:17:45,378 [trainer.py] => CNN top1 curve: [66.19, 62.16, 59.02, 58.28, 54.1, 52.98, 56.29, 55.02, 55.76, 54.42, 53.04]
2026-05-27 04:17:45,378 [trainer.py] => CNN top5 curve: [84.77, 83.13, 82.2, 81.52, 77.27, 77.53, 79.94, 76.88, 78.31, 78.49, 77.3]
2026-05-27 04:17:45,378 [trainer.py] => Average Accuracy (CNN): 57.02
2026-05-27 04:17:45,381 [trainer.py] => All params: 172081323
2026-05-27 04:17:45,382 [trainer.py] => Trainable params: 484011
2026-05-27 04:17:45,383 [sdlora.py] => Learning on 150-155
2026-05-27 04:20:49,218 [sdlora.py] => Task 11, Epoch 20/20 => Loss 0.255, Train_accy 65.10
2026-05-27 04:20:59,209 [trainer.py] => No NME accuracy.
2026-05-27 04:20:59,209 [trainer.py] => CNN: {'total': 52.22, '00-99': 53.94, '100-104': 12.9, '105-109': 61.29, '110-114': 44.44, '115-119': 20.0, '120-124': 43.64, '125-129': 60.0, '130-134': 34.78, '135-139': 61.54, '140-144': 52.17, '145-149': 52.83, '150-154': 65.62, 'old': 51.48, 'new': 65.62}
2026-05-27 04:20:59,210 [trainer.py] => CNN top1 curve: [66.19, 62.16, 59.02, 58.28, 54.1, 52.98, 56.29, 55.02, 55.76, 54.42, 53.04, 52.22]
2026-05-27 04:20:59,210 [trainer.py] => CNN top5 curve: [84.77, 83.13, 82.2, 81.52, 77.27, 77.53, 79.94, 76.88, 78.31, 78.49, 77.3, 76.69]
2026-05-27 04:20:59,210 [trainer.py] => Average Accuracy (CNN): 56.62
2026-05-27 04:20:59,215 [trainer.py] => All params: 172085168
2026-05-27 04:20:59,219 [trainer.py] => Trainable params: 487856
2026-05-27 04:20:59,224 [sdlora.py] => Learning on 155-160
2026-05-27 04:23:57,036 [sdlora.py] => Task 12, Epoch 20/20 => Loss 0.171, Train_accy 75.11
2026-05-27 04:24:07,789 [trainer.py] => No NME accuracy.
2026-05-27 04:24:07,790 [trainer.py] => CNN: {'total': 47.87, '00-99': 47.61, '100-104': 12.9, '105-109': 54.84, '110-114': 24.44, '115-119': 20.0, '120-124': 49.09, '125-129': 55.56, '130-134': 34.78, '135-139': 53.85, '140-144': 36.96, '145-149': 50.94, '150-154': 62.5, '155-159': 82.69, 'old': 46.38, 'new': 82.69}
2026-05-27 04:24:07,791 [trainer.py] => CNN top1 curve: [66.19, 62.16, 59.02, 58.28, 54.1, 52.98, 56.29, 55.02, 55.76, 54.42, 53.04, 52.22, 47.87]
2026-05-27 04:24:07,791 [trainer.py] => CNN top5 curve: [84.77, 83.13, 82.2, 81.52, 77.27, 77.53, 79.94, 76.88, 78.31, 78.49, 77.3, 76.69, 75.83]
2026-05-27 04:24:07,791 [trainer.py] => Average Accuracy (CNN): 55.95
2026-05-27 04:24:07,796 [trainer.py] => All params: 172089013
2026-05-27 04:24:07,800 [trainer.py] => Trainable params: 491701
2026-05-27 04:24:07,805 [sdlora.py] => Learning on 160-165
2026-05-27 04:26:07,972 [sdlora.py] => Task 13, Epoch 20/20 => Loss 0.371, Train_accy 6.60
2026-05-27 04:26:19,288 [trainer.py] => No NME accuracy.
2026-05-27 04:26:19,290 [trainer.py] => CNN: {'total': 46.59, '00-99': 47.48, '100-104': 9.68, '105-109': 61.29, '110-114': 35.56, '115-119': 20.0, '120-124': 36.36, '125-129': 60.0, '130-134': 30.43, '135-139': 50.0, '140-144': 36.96, '145-149': 41.51, '150-154': 70.31, '155-159': 78.85, '160-164': 0.0, 'old': 47.55, 'new': 0.0}
2026-05-27 04:26:19,290 [trainer.py] => CNN top1 curve: [66.19, 62.16, 59.02, 58.28, 54.1, 52.98, 56.29, 55.02, 55.76, 54.42, 53.04, 52.22, 47.87, 46.59]
2026-05-27 04:26:19,290 [trainer.py] => CNN top5 curve: [84.77, 83.13, 82.2, 81.52, 77.27, 77.53, 79.94, 76.88, 78.31, 78.49, 77.3, 76.69, 75.83, 74.23]
2026-05-27 04:26:19,290 [trainer.py] => Average Accuracy (CNN): 55.28
2026-05-27 04:26:19,292 [trainer.py] => All params: 172092858
2026-05-27 04:26:19,294 [trainer.py] => Trainable params: 495546
2026-05-27 04:26:19,297 [sdlora.py] => Learning on 165-170
2026-05-27 04:29:47,611 [sdlora.py] => Task 14, Epoch 20/20 => Loss 0.247, Train_accy 63.60
2026-05-27 04:30:00,007 [trainer.py] => No NME accuracy.
2026-05-27 04:30:00,007 [trainer.py] => CNN: {'total': 40.93, '00-99': 38.19, '100-104': 12.9, '105-109': 61.29, '110-114': 33.33, '115-119': 20.0, '120-124': 40.0, '125-129': 46.67, '130-134': 30.43, '135-139': 46.15, '140-144': 15.22, '145-149': 30.19, '150-154': 67.19, '155-159': 80.77, '160-164': 0.0, '165-169': 73.44, 'old': 39.32, 'new': 73.44}
2026-05-27 04:30:00,007 [trainer.py] => CNN top1 curve: [66.19, 62.16, 59.02, 58.28, 54.1, 52.98, 56.29, 55.02, 55.76, 54.42, 53.04, 52.22, 47.87, 46.59, 40.93]
2026-05-27 04:30:00,007 [trainer.py] => CNN top5 curve: [84.77, 83.13, 82.2, 81.52, 77.27, 77.53, 79.94, 76.88, 78.31, 78.49, 77.3, 76.69, 75.83, 74.23, 73.89]
2026-05-27 04:30:00,007 [trainer.py] => Average Accuracy (CNN): 54.32
2026-05-27 04:30:00,009 [trainer.py] => All params: 172096703
2026-05-27 04:30:00,010 [trainer.py] => Trainable params: 499391
2026-05-27 04:30:00,013 [sdlora.py] => Learning on 170-175
2026-05-27 04:32:34,315 [sdlora.py] => Task 15, Epoch 20/20 => Loss 0.648, Train_accy 25.00
2026-05-27 04:32:47,145 [trainer.py] => No NME accuracy.
2026-05-27 04:32:47,146 [trainer.py] => CNN: {'total': 40.65, '00-99': 38.06, '100-104': 9.68, '105-109': 61.29, '110-114': 31.11, '115-119': 20.0, '120-124': 41.82, '125-129': 44.44, '130-134': 34.78, '135-139': 53.85, '140-144': 13.04, '145-149': 30.19, '150-154': 70.31, '155-159': 80.77, '160-164': 0.0, '165-169': 81.25, '170-174': 0.0, 'old': 41.37, 'new': 0.0}
2026-05-27 04:32:47,147 [trainer.py] => CNN top1 curve: [66.19, 62.16, 59.02, 58.28, 54.1, 52.98, 56.29, 55.02, 55.76, 54.42, 53.04, 52.22, 47.87, 46.59, 40.93, 40.65]
2026-05-27 04:32:47,147 [trainer.py] => CNN top5 curve: [84.77, 83.13, 82.2, 81.52, 77.27, 77.53, 79.94, 76.88, 78.31, 78.49, 77.3, 76.69, 75.83, 74.23, 73.89, 74.06]
2026-05-27 04:32:47,147 [trainer.py] => Average Accuracy (CNN): 53.47
2026-05-27 04:32:47,152 [trainer.py] => All params: 172100548
2026-05-27 04:32:47,157 [trainer.py] => Trainable params: 503236
2026-05-27 04:32:47,161 [sdlora.py] => Learning on 175-180
2026-05-27 04:34:52,755 [sdlora.py] => Task 16, Epoch 20/20 => Loss 0.529, Train_accy 11.49
2026-05-27 04:35:05,306 [trainer.py] => No NME accuracy.
2026-05-27 04:35:05,307 [trainer.py] => CNN: {'total': 38.36, '00-99': 35.61, '100-104': 9.68, '105-109': 61.29, '110-114': 35.56, '115-119': 20.0, '120-124': 45.45, '125-129': 40.0, '130-134': 34.78, '135-139': 46.15, '140-144': 13.04, '145-149': 24.53, '150-154': 67.19, '155-159': 80.77, '160-164': 0.0, '165-169': 81.25, '170-174': 4.17, '175-179': 4.0, 'old': 38.99, 'new': 4.0}
2026-05-27 04:35:05,307 [trainer.py] => CNN top1 curve: [66.19, 62.16, 59.02, 58.28, 54.1, 52.98, 56.29, 55.02, 55.76, 54.42, 53.04, 52.22, 47.87, 46.59, 40.93, 40.65, 38.36]
2026-05-27 04:35:05,307 [trainer.py] => CNN top5 curve: [84.77, 83.13, 82.2, 81.52, 77.27, 77.53, 79.94, 76.88, 78.31, 78.49, 77.3, 76.69, 75.83, 74.23, 73.89, 74.06, 72.53]
2026-05-27 04:35:05,307 [trainer.py] => Average Accuracy (CNN): 52.58
2026-05-27 04:35:05,312 [trainer.py] => All params: 172104393
2026-05-27 04:35:05,316 [trainer.py] => Trainable params: 507081
2026-05-27 04:35:05,322 [sdlora.py] => Learning on 180-185
2026-05-27 04:37:05,035 [sdlora.py] => Task 17, Epoch 20/20 => Loss 0.225, Train_accy 5.56
2026-05-27 04:37:19,802 [trainer.py] => No NME accuracy.
2026-05-27 04:37:19,803 [trainer.py] => CNN: {'total': 34.73, '00-99': 31.48, '100-104': 9.68, '105-109': 61.29, '110-114': 37.78, '115-119': 20.0, '120-124': 41.82, '125-129': 31.11, '130-134': 26.09, '135-139': 46.15, '140-144': 6.52, '145-149': 26.42, '150-154': 64.06, '155-159': 67.31, '160-164': 3.85, '165-169': 75.0, '170-174': 16.67, '175-179': 24.0, '180-184': 8.7, 'old': 35.16, 'new': 8.7}
2026-05-27 04:37:19,803 [trainer.py] => CNN top1 curve: [66.19, 62.16, 59.02, 58.28, 54.1, 52.98, 56.29, 55.02, 55.76, 54.42, 53.04, 52.22, 47.87, 46.59, 40.93, 40.65, 38.36, 34.73]
2026-05-27 04:37:19,803 [trainer.py] => CNN top5 curve: [84.77, 83.13, 82.2, 81.52, 77.27, 77.53, 79.94, 76.88, 78.31, 78.49, 77.3, 76.69, 75.83, 74.23, 73.89, 74.06, 72.53, 69.26]
2026-05-27 04:37:19,803 [trainer.py] => Average Accuracy (CNN): 51.59
2026-05-27 04:37:19,809 [trainer.py] => All params: 172108238
2026-05-27 04:37:19,813 [trainer.py] => Trainable params: 510926
2026-05-27 04:37:19,819 [sdlora.py] => Learning on 185-190
2026-05-27 04:39:50,311 [sdlora.py] => Task 18, Epoch 20/20 => Loss 0.226, Train_accy 26.77
2026-05-27 04:40:05,226 [trainer.py] => No NME accuracy.
2026-05-27 04:40:05,226 [trainer.py] => CNN: {'total': 33.11, '00-99': 29.42, '100-104': 6.45, '105-109': 61.29, '110-114': 42.22, '115-119': 20.0, '120-124': 41.82, '125-129': 31.11, '130-134': 21.74, '135-139': 46.15, '140-144': 8.7, '145-149': 22.64, '150-154': 62.5, '155-159': 59.62, '160-164': 3.85, '165-169': 76.56, '170-174': 16.67, '175-179': 20.0, '180-184': 26.09, '185-189': 17.65, 'old': 33.47, 'new': 17.65}
2026-05-27 04:40:05,227 [trainer.py] => CNN top1 curve: [66.19, 62.16, 59.02, 58.28, 54.1, 52.98, 56.29, 55.02, 55.76, 54.42, 53.04, 52.22, 47.87, 46.59, 40.93, 40.65, 38.36, 34.73, 33.11]
2026-05-27 04:40:05,227 [trainer.py] => CNN top5 curve: [84.77, 83.13, 82.2, 81.52, 77.27, 77.53, 79.94, 76.88, 78.31, 78.49, 77.3, 76.69, 75.83, 74.23, 73.89, 74.06, 72.53, 69.26, 67.92]
2026-05-27 04:40:05,227 [trainer.py] => Average Accuracy (CNN): 50.62
2026-05-27 04:40:05,231 [trainer.py] => All params: 172112083
2026-05-27 04:40:05,234 [trainer.py] => Trainable params: 514771
2026-05-27 04:40:05,238 [sdlora.py] => Learning on 190-195
2026-05-27 04:43:18,003 [sdlora.py] => Task 19, Epoch 20/20 => Loss 0.082, Train_accy 63.39
2026-05-27 04:43:32,892 [trainer.py] => No NME accuracy.
2026-05-27 04:43:32,894 [trainer.py] => CNN: {'total': 37.82, '00-99': 35.35, '100-104': 9.68, '105-109': 61.29, '110-114': 37.78, '115-119': 20.0, '120-124': 43.64, '125-129': 37.78, '130-134': 34.78, '135-139': 46.15, '140-144': 8.7, '145-149': 28.3, '150-154': 62.5, '155-159': 69.23, '160-164': 3.85, '165-169': 78.12, '170-174': 4.17, '175-179': 8.0, '180-184': 26.09, '185-189': 26.47, '190-194': 62.22, 'old': 37.07, 'new': 62.22}
2026-05-27 04:43:32,894 [trainer.py] => CNN top1 curve: [66.19, 62.16, 59.02, 58.28, 54.1, 52.98, 56.29, 55.02, 55.76, 54.42, 53.04, 52.22, 47.87, 46.59, 40.93, 40.65, 38.36, 34.73, 33.11, 37.82]
2026-05-27 04:43:32,894 [trainer.py] => CNN top5 curve: [84.77, 83.13, 82.2, 81.52, 77.27, 77.53, 79.94, 76.88, 78.31, 78.49, 77.3, 76.69, 75.83, 74.23, 73.89, 74.06, 72.53, 69.26, 67.92, 69.48]
2026-05-27 04:43:32,894 [trainer.py] => Average Accuracy (CNN): 49.98
2026-05-27 04:43:32,896 [trainer.py] => All params: 172115928
2026-05-27 04:43:32,898 [trainer.py] => Trainable params: 518616
2026-05-27 04:43:32,900 [sdlora.py] => Learning on 195-200
2026-05-27 04:45:30,992 [sdlora.py] => Task 20, Epoch 20/20 => Loss 0.515, Train_accy 3.92
2026-05-27 04:45:46,382 [trainer.py] => No NME accuracy.
2026-05-27 04:45:46,383 [trainer.py] => CNN: {'total': 34.56, '00-99': 34.58, '100-104': 9.68, '105-109': 58.06, '110-114': 22.22, '115-119': 15.0, '120-124': 27.27, '125-129': 40.0, '130-134': 13.04, '135-139': 57.69, '140-144': 15.22, '145-149': 22.64, '150-154': 60.94, '155-159': 71.15, '160-164': 0.0, '165-169': 64.06, '170-174': 4.17, '175-179': 4.0, '180-184': 13.04, '185-189': 17.65, '190-194': 55.56, '195-199': 0.0, 'old': 34.84, 'new': 0.0}
2026-05-27 04:45:46,383 [trainer.py] => CNN top1 curve: [66.19, 62.16, 59.02, 58.28, 54.1, 52.98, 56.29, 55.02, 55.76, 54.42, 53.04, 52.22, 47.87, 46.59, 40.93, 40.65, 38.36, 34.73, 33.11, 37.82, 34.56]
2026-05-27 04:45:46,383 [trainer.py] => CNN top5 curve: [84.77, 83.13, 82.2, 81.52, 77.27, 77.53, 79.94, 76.88, 78.31, 78.49, 77.3, 76.69, 75.83, 74.23, 73.89, 74.06, 72.53, 69.26, 67.92, 69.48, 64.25]
2026-05-27 04:45:46,383 [trainer.py] => Average Accuracy (CNN): 49.24
