2026-05-22 12:23:00,689 [trainer.py] => config: ./configs/aper/aper_adapter_cub_B100_Inc5.json
2026-05-22 12:23:00,696 [trainer.py] => prefix: exp
2026-05-22 12:23:00,696 [trainer.py] => dataset: cub
2026-05-22 12:23:00,697 [trainer.py] => memory_size: 0
2026-05-22 12:23:00,697 [trainer.py] => memory_per_class: 0
2026-05-22 12:23:00,697 [trainer.py] => fixed_memory: False
2026-05-22 12:23:00,697 [trainer.py] => shuffle: True
2026-05-22 12:23:00,697 [trainer.py] => init_cls: 100
2026-05-22 12:23:00,697 [trainer.py] => increment: 5
2026-05-22 12:23:00,697 [trainer.py] => model_name: adam_adapter
2026-05-22 12:23:00,697 [trainer.py] => backbone_type: pretrained_vit_b16_224_in21k_adapter
2026-05-22 12:23:00,697 [trainer.py] => weight_decay: 0.0005
2026-05-22 12:23:00,697 [trainer.py] => prompt_token_num: 30
2026-05-22 12:23:00,697 [trainer.py] => ffn_num: 64
2026-05-22 12:23:00,697 [trainer.py] => optimizer: sgd
2026-05-22 12:23:00,697 [trainer.py] => min_lr: 0
2026-05-22 12:23:00,698 [trainer.py] => device: [device(type='cuda', index=3)]
2026-05-22 12:23:00,698 [trainer.py] => seed: 42
2026-05-22 12:23:00,698 [trainer.py] => tuned_epoch: 20
2026-05-22 12:23:00,698 [trainer.py] => init_lr: 0.01
2026-05-22 12:23:00,698 [trainer.py] => batch_size: 48
2026-05-22 12:23:01,348 [data_manager.py] => [95, 15, 30, 158, 128, 115, 69, 170, 174, 45, 66, 182, 165, 78, 186, 177, 56, 152, 82, 68, 124, 16, 148, 93, 65, 60, 84, 67, 125, 132, 9, 18, 55, 75, 150, 104, 135, 137, 164, 76, 79, 197, 38, 24, 122, 195, 29, 19, 143, 86, 114, 173, 5, 126, 117, 73, 140, 98, 172, 96, 169, 97, 31, 12, 35, 119, 42, 189, 90, 136, 51, 127, 162, 41, 118, 113, 26, 139, 100, 111, 2, 77, 46, 187, 191, 85, 161, 36, 190, 61, 22, 141, 101, 33, 11, 194, 159, 6, 27, 120, 4, 32, 142, 145, 109, 144, 10, 62, 112, 146, 166, 0, 198, 153, 70, 123, 64, 44, 163, 28, 40, 108, 155, 156, 25, 23, 184, 147, 81, 39, 168, 47, 94, 154, 43, 138, 3, 105, 53, 133, 180, 178, 185, 49, 80, 34, 7, 110, 91, 83, 176, 181, 89, 8, 13, 59, 171, 131, 17, 72, 175, 134, 167, 183, 63, 54, 107, 50, 196, 58, 48, 88, 21, 57, 160, 192, 129, 37, 157, 193, 1, 52, 149, 130, 151, 103, 99, 116, 87, 74, 121, 199, 20, 188, 71, 106, 14, 92, 179, 102]
2026-05-22 12:23:57,453 [trainer.py] => All params: 86988288
2026-05-22 12:23:57,454 [trainer.py] => Trainable params: 1189632
2026-05-22 12:23:58,042 [adam_adapter.py] => Learning on 0-100
2026-05-22 13:08:33,257 [adam_adapter.py] => Task 0, Epoch 20/20 => Loss 0.505, Train_accy 89.46, Test_accy 93.26
2026-05-22 13:11:23,707 [trainer.py] => No NME accuracy.
2026-05-22 13:11:23,739 [trainer.py] => CNN: {'total': 91.89, '00-99': 91.89, 'old': 0, 'new': 91.89}
2026-05-22 13:11:23,740 [trainer.py] => CNN top1 curve: [91.89]
2026-05-22 13:11:23,740 [trainer.py] => CNN top5 curve: [98.72]
2026-05-22 13:11:23,740 [trainer.py] => Average Accuracy (CNN): 91.89
2026-05-22 13:11:23,741 [trainer.py] => All params: 172940545
2026-05-22 13:11:23,742 [trainer.py] => Trainable params: 87141889
2026-05-22 13:11:23,755 [adam_adapter.py] => Learning on 100-105
2026-05-22 13:12:04,084 [trainer.py] => No NME accuracy.
2026-05-22 13:12:04,085 [trainer.py] => CNN: {'total': 91.24, '00-99': 91.64, '100-104': 82.0, 'old': 91.64, 'new': 82.0}
2026-05-22 13:12:04,085 [trainer.py] => CNN top1 curve: [91.89, 91.24]
2026-05-22 13:12:04,085 [trainer.py] => CNN top5 curve: [98.72, 98.77]
2026-05-22 13:12:04,085 [trainer.py] => Average Accuracy (CNN): 91.56
2026-05-22 13:12:04,087 [trainer.py] => All params: 172948225
2026-05-22 13:12:04,088 [trainer.py] => Trainable params: 87149569
2026-05-22 13:12:04,104 [adam_adapter.py] => Learning on 105-110
2026-05-22 13:12:52,147 [trainer.py] => No NME accuracy.
2026-05-22 13:12:52,147 [trainer.py] => CNN: {'total': 90.15, '00-99': 91.3, '100-104': 80.0, '105-109': 75.44, 'old': 90.83, 'new': 75.44}
2026-05-22 13:12:52,147 [trainer.py] => CNN top1 curve: [91.89, 91.24, 90.15]
2026-05-22 13:12:52,147 [trainer.py] => CNN top5 curve: [98.72, 98.77, 98.51]
2026-05-22 13:12:52,148 [trainer.py] => Average Accuracy (CNN): 91.09
2026-05-22 13:12:52,149 [trainer.py] => All params: 172955905
2026-05-22 13:12:52,150 [trainer.py] => Trainable params: 87157249
2026-05-22 13:12:52,167 [adam_adapter.py] => Learning on 110-115
2026-05-22 13:13:34,581 [trainer.py] => No NME accuracy.
2026-05-22 13:13:34,608 [trainer.py] => CNN: {'total': 90.23, '00-99': 91.04, '100-104': 80.0, '105-109': 75.44, '110-114': 95.83, 'old': 89.91, 'new': 95.83}
2026-05-22 13:13:34,608 [trainer.py] => CNN top1 curve: [91.89, 91.24, 90.15, 90.23]
2026-05-22 13:13:34,608 [trainer.py] => CNN top5 curve: [98.72, 98.77, 98.51, 98.45]
2026-05-22 13:13:34,609 [trainer.py] => Average Accuracy (CNN): 90.88
2026-05-22 13:13:34,613 [trainer.py] => All params: 172963585
2026-05-22 13:13:34,617 [trainer.py] => Trainable params: 87164929
2026-05-22 13:13:34,628 [adam_adapter.py] => Learning on 115-120
2026-05-22 13:14:22,403 [trainer.py] => No NME accuracy.
2026-05-22 13:14:22,405 [trainer.py] => CNN: {'total': 89.74, '00-99': 90.7, '100-104': 80.0, '105-109': 75.44, '110-114': 95.83, '115-119': 84.91, 'old': 89.93, 'new': 84.91}
2026-05-22 13:14:22,405 [trainer.py] => CNN top1 curve: [91.89, 91.24, 90.15, 90.23, 89.74]
2026-05-22 13:14:22,405 [trainer.py] => CNN top5 curve: [98.72, 98.77, 98.51, 98.45, 98.5]
2026-05-22 13:14:22,406 [trainer.py] => Average Accuracy (CNN): 90.65
2026-05-22 13:14:22,410 [trainer.py] => All params: 172971265
2026-05-22 13:14:22,413 [trainer.py] => Trainable params: 87172609
2026-05-22 13:14:22,432 [adam_adapter.py] => Learning on 120-125
2026-05-22 13:15:09,771 [trainer.py] => No NME accuracy.
2026-05-22 13:15:09,771 [trainer.py] => CNN: {'total': 89.58, '00-99': 90.53, '100-104': 80.0, '105-109': 75.44, '110-114': 95.83, '115-119': 84.91, '120-124': 89.09, 'old': 89.6, 'new': 89.09}
2026-05-22 13:15:09,772 [trainer.py] => CNN top1 curve: [91.89, 91.24, 90.15, 90.23, 89.74, 89.58]
2026-05-22 13:15:09,772 [trainer.py] => CNN top5 curve: [98.72, 98.77, 98.51, 98.45, 98.5, 98.56]
2026-05-22 13:15:09,772 [trainer.py] => Average Accuracy (CNN): 90.47
2026-05-22 13:15:09,773 [trainer.py] => All params: 172978945
2026-05-22 13:15:09,774 [trainer.py] => Trainable params: 87180289
2026-05-22 13:15:09,796 [adam_adapter.py] => Learning on 125-130
2026-05-22 13:15:58,545 [trainer.py] => No NME accuracy.
2026-05-22 13:15:58,565 [trainer.py] => CNN: {'total': 89.2, '00-99': 90.36, '100-104': 80.0, '105-109': 75.44, '110-114': 95.83, '115-119': 84.91, '120-124': 89.09, '125-129': 83.33, 'old': 89.44, 'new': 83.33}
2026-05-22 13:15:58,566 [trainer.py] => CNN top1 curve: [91.89, 91.24, 90.15, 90.23, 89.74, 89.58, 89.2]
2026-05-22 13:15:58,566 [trainer.py] => CNN top5 curve: [98.72, 98.77, 98.51, 98.45, 98.5, 98.56, 98.55]
2026-05-22 13:15:58,566 [trainer.py] => Average Accuracy (CNN): 90.29
2026-05-22 13:15:58,569 [trainer.py] => All params: 172986625
2026-05-22 13:15:58,571 [trainer.py] => Trainable params: 87187969
2026-05-22 13:15:58,595 [adam_adapter.py] => Learning on 130-135
2026-05-22 13:16:48,679 [trainer.py] => No NME accuracy.
2026-05-22 13:16:48,684 [trainer.py] => CNN: {'total': 89.17, '00-99': 90.1, '100-104': 80.0, '105-109': 75.44, '110-114': 94.44, '115-119': 84.91, '120-124': 89.09, '125-129': 83.33, '130-134': 95.0, 'old': 88.94, 'new': 95.0}
2026-05-22 13:16:48,684 [trainer.py] => CNN top1 curve: [91.89, 91.24, 90.15, 90.23, 89.74, 89.58, 89.2, 89.17]
2026-05-22 13:16:48,684 [trainer.py] => CNN top5 curve: [98.72, 98.77, 98.51, 98.45, 98.5, 98.56, 98.55, 98.54]
2026-05-22 13:16:48,685 [trainer.py] => Average Accuracy (CNN): 90.15
2026-05-22 13:16:48,689 [trainer.py] => All params: 172994305
2026-05-22 13:16:48,693 [trainer.py] => Trainable params: 87195649
2026-05-22 13:16:48,710 [adam_adapter.py] => Learning on 135-140
2026-05-22 13:17:42,318 [trainer.py] => No NME accuracy.
2026-05-22 13:17:42,320 [trainer.py] => CNN: {'total': 89.51, '00-99': 90.02, '100-104': 80.0, '105-109': 75.44, '110-114': 94.44, '115-119': 84.91, '120-124': 89.09, '125-129': 83.33, '130-134': 95.0, '135-139': 100.0, 'old': 89.11, 'new': 100.0}
2026-05-22 13:17:42,320 [trainer.py] => CNN top1 curve: [91.89, 91.24, 90.15, 90.23, 89.74, 89.58, 89.2, 89.17, 89.51]
2026-05-22 13:17:42,320 [trainer.py] => CNN top5 curve: [98.72, 98.77, 98.51, 98.45, 98.5, 98.56, 98.55, 98.54, 98.6]
2026-05-22 13:17:42,321 [trainer.py] => Average Accuracy (CNN): 90.08
2026-05-22 13:17:42,325 [trainer.py] => All params: 173001985
2026-05-22 13:17:42,329 [trainer.py] => Trainable params: 87203329
2026-05-22 13:17:42,351 [adam_adapter.py] => Learning on 140-145
2026-05-22 13:18:32,829 [trainer.py] => No NME accuracy.
2026-05-22 13:18:32,902 [trainer.py] => CNN: {'total': 89.4, '00-99': 89.85, '100-104': 80.0, '105-109': 75.44, '110-114': 94.44, '115-119': 84.91, '120-124': 89.09, '125-129': 81.67, '130-134': 95.0, '135-139': 100.0, '140-144': 91.38, 'old': 89.33, 'new': 91.38}
2026-05-22 13:18:32,903 [trainer.py] => CNN top1 curve: [91.89, 91.24, 90.15, 90.23, 89.74, 89.58, 89.2, 89.17, 89.51, 89.4]
2026-05-22 13:18:32,903 [trainer.py] => CNN top5 curve: [98.72, 98.77, 98.51, 98.45, 98.5, 98.56, 98.55, 98.54, 98.6, 98.53]
2026-05-22 13:18:32,904 [trainer.py] => Average Accuracy (CNN): 90.01
2026-05-22 13:18:32,909 [trainer.py] => All params: 173009665
2026-05-22 13:18:32,913 [trainer.py] => Trainable params: 87211009
2026-05-22 13:18:32,929 [adam_adapter.py] => Learning on 145-150
2026-05-22 13:19:26,632 [trainer.py] => No NME accuracy.
2026-05-22 13:19:26,633 [trainer.py] => CNN: {'total': 89.15, '00-99': 89.59, '100-104': 76.0, '105-109': 75.44, '110-114': 94.44, '115-119': 84.91, '120-124': 89.09, '125-129': 81.67, '130-134': 95.0, '135-139': 100.0, '140-144': 91.38, '145-149': 90.91, 'old': 89.1, 'new': 90.91}
2026-05-22 13:19:26,633 [trainer.py] => CNN top1 curve: [91.89, 91.24, 90.15, 90.23, 89.74, 89.58, 89.2, 89.17, 89.51, 89.4, 89.15]
2026-05-22 13:19:26,633 [trainer.py] => CNN top5 curve: [98.72, 98.77, 98.51, 98.45, 98.5, 98.56, 98.55, 98.54, 98.6, 98.53, 98.51]
2026-05-22 13:19:26,633 [trainer.py] => Average Accuracy (CNN): 89.93
2026-05-22 13:19:26,635 [trainer.py] => All params: 173017345
2026-05-22 13:19:26,636 [trainer.py] => Trainable params: 87218689
2026-05-22 13:19:26,649 [adam_adapter.py] => Learning on 150-155
2026-05-22 13:20:18,725 [trainer.py] => No NME accuracy.
2026-05-22 13:20:18,726 [trainer.py] => CNN: {'total': 89.14, '00-99': 89.25, '100-104': 76.0, '105-109': 75.44, '110-114': 94.44, '115-119': 84.91, '120-124': 89.09, '125-129': 81.67, '130-134': 95.0, '135-139': 98.36, '140-144': 91.38, '145-149': 90.91, '150-154': 98.15, 'old': 88.86, 'new': 98.15}
2026-05-22 13:20:18,726 [trainer.py] => CNN top1 curve: [91.89, 91.24, 90.15, 90.23, 89.74, 89.58, 89.2, 89.17, 89.51, 89.4, 89.15, 89.14]
2026-05-22 13:20:18,726 [trainer.py] => CNN top5 curve: [98.72, 98.77, 98.51, 98.45, 98.5, 98.56, 98.55, 98.54, 98.6, 98.53, 98.51, 98.55]
2026-05-22 13:20:18,726 [trainer.py] => Average Accuracy (CNN): 89.87
2026-05-22 13:20:18,729 [trainer.py] => All params: 173025025
2026-05-22 13:20:18,731 [trainer.py] => Trainable params: 87226369
2026-05-22 13:20:18,748 [adam_adapter.py] => Learning on 155-160
2026-05-22 13:21:15,271 [trainer.py] => No NME accuracy.
2026-05-22 13:21:15,321 [trainer.py] => CNN: {'total': 89.03, '00-99': 89.16, '100-104': 76.0, '105-109': 75.44, '110-114': 94.44, '115-119': 84.91, '120-124': 89.09, '125-129': 81.67, '130-134': 95.0, '135-139': 98.36, '140-144': 91.38, '145-149': 90.91, '150-154': 98.15, '155-159': 87.04, 'old': 89.09, 'new': 87.04}
2026-05-22 13:21:15,322 [trainer.py] => CNN top1 curve: [91.89, 91.24, 90.15, 90.23, 89.74, 89.58, 89.2, 89.17, 89.51, 89.4, 89.15, 89.14, 89.03]
2026-05-22 13:21:15,322 [trainer.py] => CNN top5 curve: [98.72, 98.77, 98.51, 98.45, 98.5, 98.56, 98.55, 98.54, 98.6, 98.53, 98.51, 98.55, 98.49]
2026-05-22 13:21:15,323 [trainer.py] => Average Accuracy (CNN): 89.8
2026-05-22 13:21:15,326 [trainer.py] => All params: 173032705
2026-05-22 13:21:15,329 [trainer.py] => Trainable params: 87234049
2026-05-22 13:21:15,348 [adam_adapter.py] => Learning on 160-165
2026-05-22 13:22:11,466 [trainer.py] => No NME accuracy.
2026-05-22 13:22:11,471 [trainer.py] => CNN: {'total': 88.77, '00-99': 89.08, '100-104': 76.0, '105-109': 75.44, '110-114': 94.44, '115-119': 84.91, '120-124': 89.09, '125-129': 81.67, '130-134': 95.0, '135-139': 98.36, '140-144': 91.38, '145-149': 90.91, '150-154': 98.15, '155-159': 87.04, '160-164': 82.14, 'old': 88.97, 'new': 82.14}
2026-05-22 13:22:11,472 [trainer.py] => CNN top1 curve: [91.89, 91.24, 90.15, 90.23, 89.74, 89.58, 89.2, 89.17, 89.51, 89.4, 89.15, 89.14, 89.03, 88.77]
2026-05-22 13:22:11,472 [trainer.py] => CNN top5 curve: [98.72, 98.77, 98.51, 98.45, 98.5, 98.56, 98.55, 98.54, 98.6, 98.53, 98.51, 98.55, 98.49, 98.27]
2026-05-22 13:22:11,472 [trainer.py] => Average Accuracy (CNN): 89.73
2026-05-22 13:22:11,474 [trainer.py] => All params: 173040385
2026-05-22 13:22:11,476 [trainer.py] => Trainable params: 87241729
2026-05-22 13:22:11,491 [adam_adapter.py] => Learning on 165-170
2026-05-22 13:23:10,077 [trainer.py] => No NME accuracy.
2026-05-22 13:23:10,104 [trainer.py] => CNN: {'total': 87.82, '00-99': 88.82, '100-104': 76.0, '105-109': 75.44, '110-114': 94.44, '115-119': 84.91, '120-124': 89.09, '125-129': 81.67, '130-134': 95.0, '135-139': 98.36, '140-144': 75.86, '145-149': 90.91, '150-154': 98.15, '155-159': 87.04, '160-164': 82.14, '165-169': 78.46, 'old': 88.14, 'new': 78.46}
2026-05-22 13:23:10,105 [trainer.py] => CNN top1 curve: [91.89, 91.24, 90.15, 90.23, 89.74, 89.58, 89.2, 89.17, 89.51, 89.4, 89.15, 89.14, 89.03, 88.77, 87.82]
2026-05-22 13:23:10,105 [trainer.py] => CNN top5 curve: [98.72, 98.77, 98.51, 98.45, 98.5, 98.56, 98.55, 98.54, 98.6, 98.53, 98.51, 98.55, 98.49, 98.27, 98.27]
2026-05-22 13:23:10,105 [trainer.py] => Average Accuracy (CNN): 89.6
2026-05-22 13:23:10,109 [trainer.py] => All params: 173048065
2026-05-22 13:23:10,112 [trainer.py] => Trainable params: 87249409
2026-05-22 13:23:10,128 [adam_adapter.py] => Learning on 170-175
2026-05-22 13:24:07,993 [trainer.py] => No NME accuracy.
2026-05-22 13:24:08,004 [trainer.py] => CNN: {'total': 87.66, '00-99': 88.82, '100-104': 76.0, '105-109': 75.44, '110-114': 94.44, '115-119': 84.91, '120-124': 89.09, '125-129': 81.67, '130-134': 95.0, '135-139': 96.72, '140-144': 75.86, '145-149': 90.91, '150-154': 96.3, '155-159': 87.04, '160-164': 82.14, '165-169': 78.46, '170-174': 85.45, 'old': 87.72, 'new': 85.45}
2026-05-22 13:24:08,004 [trainer.py] => CNN top1 curve: [91.89, 91.24, 90.15, 90.23, 89.74, 89.58, 89.2, 89.17, 89.51, 89.4, 89.15, 89.14, 89.03, 88.77, 87.82, 87.66]
2026-05-22 13:24:08,004 [trainer.py] => CNN top5 curve: [98.72, 98.77, 98.51, 98.45, 98.5, 98.56, 98.55, 98.54, 98.6, 98.53, 98.51, 98.55, 98.49, 98.27, 98.27, 98.22]
2026-05-22 13:24:08,005 [trainer.py] => Average Accuracy (CNN): 89.48
2026-05-22 13:24:08,010 [trainer.py] => All params: 173055745
2026-05-22 13:24:08,015 [trainer.py] => Trainable params: 87257089
2026-05-22 13:24:08,033 [adam_adapter.py] => Learning on 175-180
2026-05-22 13:25:13,096 [trainer.py] => No NME accuracy.
2026-05-22 13:25:13,126 [trainer.py] => CNN: {'total': 87.5, '00-99': 88.65, '100-104': 76.0, '105-109': 75.44, '110-114': 94.44, '115-119': 84.91, '120-124': 89.09, '125-129': 81.67, '130-134': 95.0, '135-139': 96.72, '140-144': 75.86, '145-149': 90.91, '150-154': 96.3, '155-159': 87.04, '160-164': 82.14, '165-169': 78.46, '170-174': 85.45, '175-179': 85.48, 'old': 87.56, 'new': 85.48}
2026-05-22 13:25:13,126 [trainer.py] => CNN top1 curve: [91.89, 91.24, 90.15, 90.23, 89.74, 89.58, 89.2, 89.17, 89.51, 89.4, 89.15, 89.14, 89.03, 88.77, 87.82, 87.66, 87.5]
2026-05-22 13:25:13,126 [trainer.py] => CNN top5 curve: [98.72, 98.77, 98.51, 98.45, 98.5, 98.56, 98.55, 98.54, 98.6, 98.53, 98.51, 98.55, 98.49, 98.27, 98.27, 98.22, 98.28]
2026-05-22 13:25:13,127 [trainer.py] => Average Accuracy (CNN): 89.36
2026-05-22 13:25:13,131 [trainer.py] => All params: 173063425
2026-05-22 13:25:13,135 [trainer.py] => Trainable params: 87264769
2026-05-22 13:25:13,151 [adam_adapter.py] => Learning on 180-185
2026-05-22 13:26:10,653 [trainer.py] => No NME accuracy.
2026-05-22 13:26:10,689 [trainer.py] => CNN: {'total': 87.73, '00-99': 88.65, '100-104': 76.0, '105-109': 75.44, '110-114': 94.44, '115-119': 84.91, '120-124': 89.09, '125-129': 81.67, '130-134': 95.0, '135-139': 96.72, '140-144': 75.86, '145-149': 90.91, '150-154': 96.3, '155-159': 87.04, '160-164': 82.14, '165-169': 76.92, '170-174': 85.45, '175-179': 85.48, '180-184': 95.0, 'old': 87.45, 'new': 95.0}
2026-05-22 13:26:10,690 [trainer.py] => CNN top1 curve: [91.89, 91.24, 90.15, 90.23, 89.74, 89.58, 89.2, 89.17, 89.51, 89.4, 89.15, 89.14, 89.03, 88.77, 87.82, 87.66, 87.5, 87.73]
2026-05-22 13:26:10,690 [trainer.py] => CNN top5 curve: [98.72, 98.77, 98.51, 98.45, 98.5, 98.56, 98.55, 98.54, 98.6, 98.53, 98.51, 98.55, 98.49, 98.27, 98.27, 98.22, 98.28, 98.2]
2026-05-22 13:26:10,691 [trainer.py] => Average Accuracy (CNN): 89.27
2026-05-22 13:26:10,705 [trainer.py] => All params: 173071105
2026-05-22 13:26:10,709 [trainer.py] => Trainable params: 87272449
2026-05-22 13:26:10,740 [adam_adapter.py] => Learning on 185-190
2026-05-22 13:27:17,334 [trainer.py] => No NME accuracy.
2026-05-22 13:27:17,361 [trainer.py] => CNN: {'total': 87.76, '00-99': 88.4, '100-104': 76.0, '105-109': 75.44, '110-114': 94.44, '115-119': 84.91, '120-124': 89.09, '125-129': 81.67, '130-134': 95.0, '135-139': 96.72, '140-144': 75.86, '145-149': 90.91, '150-154': 96.3, '155-159': 87.04, '160-164': 82.14, '165-169': 76.92, '170-174': 85.45, '175-179': 85.48, '180-184': 95.0, '185-189': 93.55, 'old': 87.59, 'new': 93.55}
2026-05-22 13:27:17,362 [trainer.py] => CNN top1 curve: [91.89, 91.24, 90.15, 90.23, 89.74, 89.58, 89.2, 89.17, 89.51, 89.4, 89.15, 89.14, 89.03, 88.77, 87.82, 87.66, 87.5, 87.73, 87.76]
2026-05-22 13:27:17,362 [trainer.py] => CNN top5 curve: [98.72, 98.77, 98.51, 98.45, 98.5, 98.56, 98.55, 98.54, 98.6, 98.53, 98.51, 98.55, 98.49, 98.27, 98.27, 98.22, 98.28, 98.2, 98.25]
2026-05-22 13:27:17,363 [trainer.py] => Average Accuracy (CNN): 89.19
2026-05-22 13:27:17,368 [trainer.py] => All params: 173078785
2026-05-22 13:27:17,372 [trainer.py] => Trainable params: 87280129
2026-05-22 13:27:17,394 [adam_adapter.py] => Learning on 190-195
2026-05-22 13:28:26,073 [trainer.py] => No NME accuracy.
2026-05-22 13:28:26,083 [trainer.py] => CNN: {'total': 87.92, '00-99': 88.4, '100-104': 76.0, '105-109': 75.44, '110-114': 90.28, '115-119': 84.91, '120-124': 89.09, '125-129': 81.67, '130-134': 95.0, '135-139': 96.72, '140-144': 75.86, '145-149': 90.91, '150-154': 96.3, '155-159': 87.04, '160-164': 82.14, '165-169': 76.92, '170-174': 85.45, '175-179': 85.48, '180-184': 95.0, '185-189': 93.55, '190-194': 97.18, 'old': 87.62, 'new': 97.18}
2026-05-22 13:28:26,083 [trainer.py] => CNN top1 curve: [91.89, 91.24, 90.15, 90.23, 89.74, 89.58, 89.2, 89.17, 89.51, 89.4, 89.15, 89.14, 89.03, 88.77, 87.82, 87.66, 87.5, 87.73, 87.76, 87.92]
2026-05-22 13:28:26,083 [trainer.py] => CNN top5 curve: [98.72, 98.77, 98.51, 98.45, 98.5, 98.56, 98.55, 98.54, 98.6, 98.53, 98.51, 98.55, 98.49, 98.27, 98.27, 98.22, 98.28, 98.2, 98.25, 98.31]
2026-05-22 13:28:26,084 [trainer.py] => Average Accuracy (CNN): 89.13
2026-05-22 13:28:26,089 [trainer.py] => All params: 173086465
2026-05-22 13:28:26,093 [trainer.py] => Trainable params: 87287809
2026-05-22 13:28:26,118 [adam_adapter.py] => Learning on 195-200
2026-05-22 13:29:37,910 [trainer.py] => No NME accuracy.
2026-05-22 13:29:37,929 [trainer.py] => CNN: {'total': 87.83, '00-99': 88.31, '100-104': 76.0, '105-109': 75.44, '110-114': 90.28, '115-119': 81.13, '120-124': 89.09, '125-129': 81.67, '130-134': 95.0, '135-139': 96.72, '140-144': 75.86, '145-149': 90.91, '150-154': 92.59, '155-159': 87.04, '160-164': 82.14, '165-169': 75.38, '170-174': 85.45, '175-179': 85.48, '180-184': 95.0, '185-189': 93.55, '190-194': 97.18, '195-199': 94.74, 'old': 87.66, 'new': 94.74}
2026-05-22 13:29:37,929 [trainer.py] => CNN top1 curve: [91.89, 91.24, 90.15, 90.23, 89.74, 89.58, 89.2, 89.17, 89.51, 89.4, 89.15, 89.14, 89.03, 88.77, 87.82, 87.66, 87.5, 87.73, 87.76, 87.92, 87.83]
2026-05-22 13:29:37,929 [trainer.py] => CNN top5 curve: [98.72, 98.77, 98.51, 98.45, 98.5, 98.56, 98.55, 98.54, 98.6, 98.53, 98.51, 98.55, 98.49, 98.27, 98.27, 98.22, 98.28, 98.2, 98.25, 98.31, 98.3]
2026-05-22 13:29:37,929 [trainer.py] => Average Accuracy (CNN): 89.07
