2026-05-22 10:18:22,015 [trainer.py] => config: ./configs/aper/aper_adapter_cub_B0_Inc20.json
2026-05-22 10:18:22,016 [trainer.py] => prefix: exp
2026-05-22 10:18:22,016 [trainer.py] => dataset: cub
2026-05-22 10:18:22,016 [trainer.py] => memory_size: 0
2026-05-22 10:18:22,016 [trainer.py] => memory_per_class: 0
2026-05-22 10:18:22,016 [trainer.py] => fixed_memory: False
2026-05-22 10:18:22,016 [trainer.py] => shuffle: True
2026-05-22 10:18:22,016 [trainer.py] => init_cls: 20
2026-05-22 10:18:22,017 [trainer.py] => increment: 20
2026-05-22 10:18:22,017 [trainer.py] => model_name: adam_adapter
2026-05-22 10:18:22,017 [trainer.py] => backbone_type: pretrained_vit_b16_224_in21k_adapter
2026-05-22 10:18:22,017 [trainer.py] => weight_decay: 0.0005
2026-05-22 10:18:22,017 [trainer.py] => prompt_token_num: 30
2026-05-22 10:18:22,017 [trainer.py] => ffn_num: 64
2026-05-22 10:18:22,017 [trainer.py] => optimizer: sgd
2026-05-22 10:18:22,017 [trainer.py] => min_lr: 0
2026-05-22 10:18:22,018 [trainer.py] => device: [device(type='cuda', index=3)]
2026-05-22 10:18:22,018 [trainer.py] => seed: 1993
2026-05-22 10:18:22,018 [trainer.py] => tuned_epoch: 20
2026-05-22 10:18:22,018 [trainer.py] => init_lr: 0.01
2026-05-22 10:18:22,018 [trainer.py] => batch_size: 48
2026-05-22 10:18:22,018 [trainer.py] => nb_classes: 200
2026-05-22 10:18:22,018 [trainer.py] => nb_tasks: 10
2026-05-22 10:18:22,605 [data_manager.py] => [168, 136, 51, 9, 183, 101, 171, 99, 42, 159, 191, 70, 16, 188, 27, 10, 175, 26, 68, 187, 98, 6, 85, 35, 112, 43, 100, 0, 103, 181, 88, 59, 4, 2, 116, 174, 94, 80, 106, 1, 147, 17, 141, 131, 72, 23, 173, 54, 197, 118, 87, 32, 79, 104, 91, 19, 135, 107, 178, 36, 11, 199, 142, 8, 122, 3, 28, 57, 153, 172, 190, 56, 49, 44, 97, 62, 151, 169, 194, 55, 192, 12, 189, 78, 66, 180, 15, 137, 109, 134, 92, 119, 126, 52, 170, 40, 148, 65, 144, 64, 138, 45, 77, 89, 154, 90, 71, 193, 74, 30, 113, 143, 96, 84, 67, 50, 186, 156, 69, 21, 18, 111, 108, 58, 125, 157, 150, 110, 182, 129, 166, 83, 81, 60, 13, 165, 14, 176, 63, 117, 5, 22, 145, 121, 38, 41, 82, 127, 114, 20, 31, 53, 37, 163, 196, 130, 152, 162, 86, 76, 24, 34, 184, 149, 33, 128, 198, 155, 146, 167, 139, 120, 140, 102, 47, 25, 158, 123, 46, 164, 61, 7, 115, 75, 133, 160, 105, 132, 179, 124, 48, 73, 93, 39, 95, 195, 29, 177, 185, 161]
2026-05-22 10:18:30,126 [trainer.py] => All params: 86988288
2026-05-22 10:18:30,127 [trainer.py] => Trainable params: 1189632
2026-05-22 10:18:30,135 [adam_adapter.py] => Learning on 0-20
2026-05-22 10:29:15,493 [adam_adapter.py] => Task 0, Epoch 20/20 => Loss 0.648, Train_accy 93.45, Test_accy 99.19
2026-05-22 10:30:06,858 [trainer.py] => No NME accuracy.
2026-05-22 10:30:06,906 [trainer.py] => CNN: {'total': 98.38, '00-19': 98.38, 'old': 0, 'new': 98.38}
2026-05-22 10:30:06,906 [trainer.py] => CNN top1 curve: [98.38]
2026-05-22 10:30:06,906 [trainer.py] => CNN top5 curve: [100.0]
2026-05-22 10:30:06,906 [trainer.py] => Average Accuracy (CNN): 98.38
2026-05-22 10:30:06,909 [trainer.py] => All params: 172817665
2026-05-22 10:30:06,910 [trainer.py] => Trainable params: 87019009
2026-05-22 10:30:06,932 [adam_adapter.py] => Learning on 20-40
2026-05-22 10:30:43,418 [trainer.py] => No NME accuracy.
2026-05-22 10:30:43,429 [trainer.py] => CNN: {'total': 97.8, '00-19': 97.98, '20-39': 97.58, 'old': 97.98, 'new': 97.58}
2026-05-22 10:30:43,429 [trainer.py] => CNN top1 curve: [98.38, 97.8]
2026-05-22 10:30:43,429 [trainer.py] => CNN top5 curve: [100.0, 99.78]
2026-05-22 10:30:43,430 [trainer.py] => Average Accuracy (CNN): 98.09
2026-05-22 10:30:43,431 [trainer.py] => All params: 172848385
2026-05-22 10:30:43,432 [trainer.py] => Trainable params: 87049729
2026-05-22 10:30:43,445 [adam_adapter.py] => Learning on 40-60
2026-05-22 10:31:28,209 [trainer.py] => No NME accuracy.
2026-05-22 10:31:28,210 [trainer.py] => CNN: {'total': 94.79, '00-19': 94.74, '20-39': 97.1, '40-59': 92.66, 'old': 95.81, 'new': 92.66}
2026-05-22 10:31:28,210 [trainer.py] => CNN top1 curve: [98.38, 97.8, 94.79]
2026-05-22 10:31:28,210 [trainer.py] => CNN top5 curve: [100.0, 99.78, 99.26]
2026-05-22 10:31:28,210 [trainer.py] => Average Accuracy (CNN): 96.99
2026-05-22 10:31:28,211 [trainer.py] => All params: 172879105
2026-05-22 10:31:28,212 [trainer.py] => Trainable params: 87080449
2026-05-22 10:31:28,224 [adam_adapter.py] => Learning on 60-80
2026-05-22 10:32:21,418 [trainer.py] => No NME accuracy.
2026-05-22 10:32:21,429 [trainer.py] => CNN: {'total': 93.58, '00-19': 91.9, '20-39': 96.62, '40-59': 91.28, '60-79': 94.74, 'old': 93.15, 'new': 94.74}
2026-05-22 10:32:21,429 [trainer.py] => CNN top1 curve: [98.38, 97.8, 94.79, 93.58]
2026-05-22 10:32:21,429 [trainer.py] => CNN top5 curve: [100.0, 99.78, 99.26, 99.02]
2026-05-22 10:32:21,430 [trainer.py] => Average Accuracy (CNN): 96.14
2026-05-22 10:32:21,432 [trainer.py] => All params: 172909825
2026-05-22 10:32:21,434 [trainer.py] => Trainable params: 87111169
2026-05-22 10:32:21,464 [adam_adapter.py] => Learning on 80-100
2026-05-22 10:33:18,322 [trainer.py] => No NME accuracy.
2026-05-22 10:33:18,323 [trainer.py] => CNN: {'total': 92.59, '00-19': 91.09, '20-39': 94.69, '40-59': 91.28, '60-79': 94.33, '80-99': 91.82, 'old': 92.82, 'new': 91.82}
2026-05-22 10:33:18,323 [trainer.py] => CNN top1 curve: [98.38, 97.8, 94.79, 93.58, 92.59]
2026-05-22 10:33:18,323 [trainer.py] => CNN top5 curve: [100.0, 99.78, 99.26, 99.02, 99.07]
2026-05-22 10:33:18,343 [trainer.py] => Average Accuracy (CNN): 95.43
2026-05-22 10:33:18,345 [trainer.py] => All params: 172940545
2026-05-22 10:33:18,348 [trainer.py] => Trainable params: 87141889
2026-05-22 10:33:18,372 [adam_adapter.py] => Learning on 100-120
2026-05-22 10:34:18,079 [trainer.py] => No NME accuracy.
2026-05-22 10:34:18,104 [trainer.py] => CNN: {'total': 90.61, '00-19': 89.88, '20-39': 94.69, '40-59': 91.28, '60-79': 89.47, '80-99': 91.08, '100-119': 87.72, 'old': 91.16, 'new': 87.72}
2026-05-22 10:34:18,104 [trainer.py] => CNN top1 curve: [98.38, 97.8, 94.79, 93.58, 92.59, 90.61]
2026-05-22 10:34:18,104 [trainer.py] => CNN top5 curve: [100.0, 99.78, 99.26, 99.02, 99.07, 98.94]
2026-05-22 10:34:18,104 [trainer.py] => Average Accuracy (CNN): 94.62
2026-05-22 10:34:18,106 [trainer.py] => All params: 172971265
2026-05-22 10:34:18,107 [trainer.py] => Trainable params: 87172609
2026-05-22 10:34:18,120 [adam_adapter.py] => Learning on 120-140
2026-05-22 10:35:23,711 [trainer.py] => No NME accuracy.
2026-05-22 10:35:23,712 [trainer.py] => CNN: {'total': 89.27, '00-19': 89.07, '20-39': 93.72, '40-59': 89.45, '60-79': 89.07, '80-99': 90.71, '100-119': 87.72, '120-139': 85.33, 'old': 89.9, 'new': 85.33}
2026-05-22 10:35:23,712 [trainer.py] => CNN top1 curve: [98.38, 97.8, 94.79, 93.58, 92.59, 90.61, 89.27]
2026-05-22 10:35:23,712 [trainer.py] => CNN top5 curve: [100.0, 99.78, 99.26, 99.02, 99.07, 98.94, 98.84]
2026-05-22 10:35:23,712 [trainer.py] => Average Accuracy (CNN): 93.86
2026-05-22 10:35:23,713 [trainer.py] => All params: 173001985
2026-05-22 10:35:23,714 [trainer.py] => Trainable params: 87203329
2026-05-22 10:35:23,741 [adam_adapter.py] => Learning on 140-160
2026-05-22 10:36:34,943 [trainer.py] => No NME accuracy.
2026-05-22 10:36:34,973 [trainer.py] => CNN: {'total': 88.58, '00-19': 88.26, '20-39': 92.27, '40-59': 89.45, '60-79': 88.66, '80-99': 90.33, '100-119': 85.53, '120-139': 85.33, '140-159': 88.8, 'old': 88.54, 'new': 88.8}
2026-05-22 10:36:34,974 [trainer.py] => CNN top1 curve: [98.38, 97.8, 94.79, 93.58, 92.59, 90.61, 89.27, 88.58]
2026-05-22 10:36:34,974 [trainer.py] => CNN top5 curve: [100.0, 99.78, 99.26, 99.02, 99.07, 98.94, 98.84, 98.73]
2026-05-22 10:36:34,974 [trainer.py] => Average Accuracy (CNN): 93.2
2026-05-22 10:36:34,978 [trainer.py] => All params: 173032705
2026-05-22 10:36:34,981 [trainer.py] => Trainable params: 87234049
2026-05-22 10:36:35,004 [adam_adapter.py] => Learning on 160-180
2026-05-22 10:37:53,878 [trainer.py] => No NME accuracy.
2026-05-22 10:37:53,880 [trainer.py] => CNN: {'total': 88.2, '00-19': 87.45, '20-39': 91.79, '40-59': 88.53, '60-79': 88.26, '80-99': 89.59, '100-119': 85.53, '120-139': 84.44, '140-159': 88.0, '160-179': 90.3, 'old': 87.94, 'new': 90.3}
2026-05-22 10:37:53,880 [trainer.py] => CNN top1 curve: [98.38, 97.8, 94.79, 93.58, 92.59, 90.61, 89.27, 88.58, 88.2]
2026-05-22 10:37:53,880 [trainer.py] => CNN top5 curve: [100.0, 99.78, 99.26, 99.02, 99.07, 98.94, 98.84, 98.73, 98.5]
2026-05-22 10:37:53,881 [trainer.py] => Average Accuracy (CNN): 92.64
2026-05-22 10:37:53,885 [trainer.py] => All params: 173063425
2026-05-22 10:37:53,890 [trainer.py] => Trainable params: 87264769
2026-05-22 10:37:53,911 [adam_adapter.py] => Learning on 180-200
2026-05-22 10:39:15,750 [trainer.py] => No NME accuracy.
2026-05-22 10:39:15,762 [trainer.py] => CNN: {'total': 87.11, '00-19': 87.04, '20-39': 90.34, '40-59': 88.07, '60-79': 86.23, '80-99': 89.59, '100-119': 85.53, '120-139': 84.0, '140-159': 88.0, '160-179': 89.03, '180-199': 83.04, 'old': 87.55, 'new': 83.04}
2026-05-22 10:39:15,763 [trainer.py] => CNN top1 curve: [98.38, 97.8, 94.79, 93.58, 92.59, 90.61, 89.27, 88.58, 88.2, 87.11]
2026-05-22 10:39:15,763 [trainer.py] => CNN top5 curve: [100.0, 99.78, 99.26, 99.02, 99.07, 98.94, 98.84, 98.73, 98.5, 98.26]
2026-05-22 10:39:15,763 [trainer.py] => Average Accuracy (CNN): 92.09
