2026-05-24 15:12:45,715 [trainer.py] => config: ./configs/aper/aper_adapter_inr_B100_Inc20.json
2026-05-24 15:12:45,716 [trainer.py] => prefix: exp
2026-05-24 15:12:45,716 [trainer.py] => dataset: imagenetr
2026-05-24 15:12:45,716 [trainer.py] => memory_size: 0
2026-05-24 15:12:45,716 [trainer.py] => memory_per_class: 0
2026-05-24 15:12:45,716 [trainer.py] => fixed_memory: False
2026-05-24 15:12:45,716 [trainer.py] => shuffle: True
2026-05-24 15:12:45,716 [trainer.py] => init_cls: 100
2026-05-24 15:12:45,716 [trainer.py] => increment: 20
2026-05-24 15:12:45,716 [trainer.py] => model_name: adam_adapter
2026-05-24 15:12:45,716 [trainer.py] => backbone_type: pretrained_vit_b16_224_in21k_adapter
2026-05-24 15:12:45,717 [trainer.py] => weight_decay: 0.005
2026-05-24 15:12:45,717 [trainer.py] => prompt_token_num: 30
2026-05-24 15:12:45,717 [trainer.py] => ffn_num: 64
2026-05-24 15:12:45,717 [trainer.py] => optimizer: sgd
2026-05-24 15:12:45,717 [trainer.py] => min_lr: 0
2026-05-24 15:12:45,717 [trainer.py] => device: [device(type='cuda', index=3)]
2026-05-24 15:12:45,717 [trainer.py] => seed: 42
2026-05-24 15:12:45,717 [trainer.py] => tuned_epoch: 20
2026-05-24 15:12:45,717 [trainer.py] => init_lr: 0.05
2026-05-24 15:12:45,717 [trainer.py] => batch_size: 24
2026-05-24 15:12:46,662 [data_manager.py] => [95, 15, 30, 158, 128, 115, 69, 170, 174, 45, 66, 182, 165, 78, 186, 177, 56, 152, 82, 68, 124, 16, 148, 93, 65, 60, 84, 67, 125, 132, 9, 18, 55, 75, 150, 104, 135, 137, 164, 76, 79, 197, 38, 24, 122, 195, 29, 19, 143, 86, 114, 173, 5, 126, 117, 73, 140, 98, 172, 96, 169, 97, 31, 12, 35, 119, 42, 189, 90, 136, 51, 127, 162, 41, 118, 113, 26, 139, 100, 111, 2, 77, 46, 187, 191, 85, 161, 36, 190, 61, 22, 141, 101, 33, 11, 194, 159, 6, 27, 120, 4, 32, 142, 145, 109, 144, 10, 62, 112, 146, 166, 0, 198, 153, 70, 123, 64, 44, 163, 28, 40, 108, 155, 156, 25, 23, 184, 147, 81, 39, 168, 47, 94, 154, 43, 138, 3, 105, 53, 133, 180, 178, 185, 49, 80, 34, 7, 110, 91, 83, 176, 181, 89, 8, 13, 59, 171, 131, 17, 72, 175, 134, 167, 183, 63, 54, 107, 50, 196, 58, 48, 88, 21, 57, 160, 192, 129, 37, 157, 193, 1, 52, 149, 130, 151, 103, 99, 116, 87, 74, 121, 199, 20, 188, 71, 106, 14, 92, 179, 102]
2026-05-24 15:13:04,901 [trainer.py] => All params: 86988288
2026-05-24 15:13:04,904 [trainer.py] => Trainable params: 1189632
2026-05-24 15:13:05,457 [adam_adapter.py] => Learning on 0-100
2026-05-24 18:05:00,994 [adam_adapter.py] => Task 0, Epoch 20/20 => Loss 1.069, Train_accy 76.66, Test_accy 83.86
2026-05-24 18:14:27,302 [trainer.py] => No NME accuracy.
2026-05-24 18:14:27,302 [trainer.py] => CNN: {'total': 77.49, '00-99': 77.49, 'old': 0, 'new': 77.49}
2026-05-24 18:14:27,302 [trainer.py] => CNN top1 curve: [77.49]
2026-05-24 18:14:27,303 [trainer.py] => CNN top5 curve: [91.19]
2026-05-24 18:14:27,303 [trainer.py] => Average Accuracy (CNN): 77.49
2026-05-24 18:14:27,304 [trainer.py] => All params: 172940545
2026-05-24 18:14:27,305 [trainer.py] => Trainable params: 87141889
2026-05-24 18:14:27,324 [adam_adapter.py] => Learning on 100-120
2026-05-24 18:17:56,265 [trainer.py] => No NME accuracy.
2026-05-24 18:17:56,265 [trainer.py] => CNN: {'total': 76.59, '00-99': 76.28, '100-119': 78.46, 'old': 76.28, 'new': 78.46}
2026-05-24 18:17:56,266 [trainer.py] => CNN top1 curve: [77.49, 76.59]
2026-05-24 18:17:56,266 [trainer.py] => CNN top5 curve: [91.19, 90.29]
2026-05-24 18:17:56,266 [trainer.py] => Average Accuracy (CNN): 77.04
2026-05-24 18:17:56,267 [trainer.py] => All params: 172971265
2026-05-24 18:17:56,268 [trainer.py] => Trainable params: 87172609
2026-05-24 18:17:56,288 [adam_adapter.py] => Learning on 120-140
2026-05-24 18:21:30,443 [trainer.py] => No NME accuracy.
2026-05-24 18:21:30,443 [trainer.py] => CNN: {'total': 74.52, '00-99': 75.05, '100-119': 77.53, '120-139': 68.09, 'old': 75.4, 'new': 68.09}
2026-05-24 18:21:30,443 [trainer.py] => CNN top1 curve: [77.49, 76.59, 74.52]
2026-05-24 18:21:30,443 [trainer.py] => CNN top5 curve: [91.19, 90.29, 88.7]
2026-05-24 18:21:30,443 [trainer.py] => Average Accuracy (CNN): 76.2
2026-05-24 18:21:30,444 [trainer.py] => All params: 173001985
2026-05-24 18:21:30,445 [trainer.py] => Trainable params: 87203329
2026-05-24 18:21:30,464 [adam_adapter.py] => Learning on 140-160
2026-05-24 18:25:41,796 [trainer.py] => No NME accuracy.
2026-05-24 18:25:41,813 [trainer.py] => CNN: {'total': 73.89, '00-99': 74.43, '100-119': 77.15, '120-139': 67.51, '140-159': 73.58, 'old': 73.94, 'new': 73.58}
2026-05-24 18:25:41,813 [trainer.py] => CNN top1 curve: [77.49, 76.59, 74.52, 73.89]
2026-05-24 18:25:41,814 [trainer.py] => CNN top5 curve: [91.19, 90.29, 88.7, 88.34]
2026-05-24 18:25:41,814 [trainer.py] => Average Accuracy (CNN): 75.62
2026-05-24 18:25:41,818 [trainer.py] => All params: 173032705
2026-05-24 18:25:41,822 [trainer.py] => Trainable params: 87234049
2026-05-24 18:25:41,849 [adam_adapter.py] => Learning on 160-180
2026-05-24 18:30:16,078 [trainer.py] => No NME accuracy.
2026-05-24 18:30:16,079 [trainer.py] => CNN: {'total': 72.44, '00-99': 73.13, '100-119': 76.03, '120-139': 66.34, '140-159': 72.37, '160-179': 70.89, 'old': 72.64, 'new': 70.89}
2026-05-24 18:30:16,079 [trainer.py] => CNN top1 curve: [77.49, 76.59, 74.52, 73.89, 72.44]
2026-05-24 18:30:16,079 [trainer.py] => CNN top5 curve: [91.19, 90.29, 88.7, 88.34, 87.47]
2026-05-24 18:30:16,079 [trainer.py] => Average Accuracy (CNN): 74.99
2026-05-24 18:30:16,080 [trainer.py] => All params: 173063425
2026-05-24 18:30:16,082 [trainer.py] => Trainable params: 87264769
2026-05-24 18:30:16,101 [adam_adapter.py] => Learning on 180-200
2026-05-24 18:34:55,152 [trainer.py] => No NME accuracy.
2026-05-24 18:34:55,152 [trainer.py] => CNN: {'total': 70.9, '00-99': 72.08, '100-119': 75.28, '120-139': 64.98, '140-159': 72.19, '160-179': 68.46, '180-199': 66.41, 'old': 71.33, 'new': 66.41}
2026-05-24 18:34:55,152 [trainer.py] => CNN top1 curve: [77.49, 76.59, 74.52, 73.89, 72.44, 70.9]
2026-05-24 18:34:55,152 [trainer.py] => CNN top5 curve: [91.19, 90.29, 88.7, 88.34, 87.47, 87.12]
2026-05-24 18:34:55,152 [trainer.py] => Average Accuracy (CNN): 74.3
