2026-05-23 09:50:44,062 [trainer.py] => config: ./configs/aper/aper_adapter_inr_B0_Inc20.json
2026-05-23 09:50:44,062 [trainer.py] => prefix: exp
2026-05-23 09:50:44,062 [trainer.py] => dataset: imagenetr
2026-05-23 09:50:44,062 [trainer.py] => memory_size: 0
2026-05-23 09:50:44,063 [trainer.py] => memory_per_class: 0
2026-05-23 09:50:44,063 [trainer.py] => fixed_memory: False
2026-05-23 09:50:44,063 [trainer.py] => shuffle: True
2026-05-23 09:50:44,063 [trainer.py] => init_cls: 20
2026-05-23 09:50:44,063 [trainer.py] => increment: 20
2026-05-23 09:50:44,063 [trainer.py] => model_name: adam_adapter
2026-05-23 09:50:44,063 [trainer.py] => backbone_type: pretrained_vit_b16_224_in21k_adapter
2026-05-23 09:50:44,063 [trainer.py] => weight_decay: 0.005
2026-05-23 09:50:44,064 [trainer.py] => prompt_token_num: 30
2026-05-23 09:50:44,064 [trainer.py] => ffn_num: 64
2026-05-23 09:50:44,064 [trainer.py] => optimizer: sgd
2026-05-23 09:50:44,064 [trainer.py] => min_lr: 0
2026-05-23 09:50:44,064 [trainer.py] => device: [device(type='cuda', index=3)]
2026-05-23 09:50:44,064 [trainer.py] => seed: 1994
2026-05-23 09:50:44,064 [trainer.py] => tuned_epoch: 20
2026-05-23 09:50:44,064 [trainer.py] => init_lr: 0.05
2026-05-23 09:50:44,065 [trainer.py] => batch_size: 24
2026-05-23 09:50:44,065 [trainer.py] => nb_classes: 200
2026-05-23 09:50:44,065 [trainer.py] => nb_tasks: 10
2026-05-23 09:50:44,946 [data_manager.py] => [85, 41, 23, 28, 70, 87, 134, 151, 51, 159, 178, 119, 50, 117, 73, 95, 86, 147, 63, 22, 79, 175, 40, 155, 174, 54, 132, 72, 124, 157, 93, 26, 196, 74, 44, 15, 169, 122, 88, 171, 184, 6, 18, 145, 48, 197, 64, 172, 126, 96, 11, 55, 193, 66, 128, 21, 77, 113, 140, 116, 141, 133, 120, 29, 115, 14, 103, 127, 114, 19, 9, 38, 33, 195, 81, 35, 69, 181, 47, 129, 112, 168, 198, 71, 101, 188, 68, 90, 158, 163, 52, 8, 185, 59, 154, 92, 56, 183, 32, 136, 65, 45, 46, 173, 189, 108, 102, 144, 0, 107, 187, 100, 98, 192, 43, 161, 104, 75, 150, 166, 121, 60, 160, 3, 143, 153, 62, 142, 61, 110, 194, 97, 25, 177, 179, 17, 49, 31, 94, 111, 16, 53, 91, 58, 135, 83, 2, 12, 13, 165, 42, 36, 186, 105, 1, 7, 149, 170, 27, 24, 78, 167, 137, 138, 118, 10, 139, 164, 20, 57, 123, 199, 89, 130, 82, 162, 176, 148, 109, 125, 67, 106, 37, 146, 131, 180, 156, 39, 5, 84, 4, 190, 152, 191, 30, 76, 80, 34, 99, 182]
2026-05-23 09:50:55,354 [trainer.py] => All params: 86988288
2026-05-23 09:50:55,369 [trainer.py] => Trainable params: 1189632
2026-05-23 09:50:55,397 [adam_adapter.py] => Learning on 0-20
2026-05-23 10:35:44,263 [adam_adapter.py] => Task 0, Epoch 20/20 => Loss 0.513, Train_accy 86.72, Test_accy 94.43
2026-05-23 10:38:28,014 [trainer.py] => No NME accuracy.
2026-05-23 10:38:28,048 [trainer.py] => CNN: {'total': 91.5, '00-19': 91.5, 'old': 0, 'new': 91.5}
2026-05-23 10:38:28,048 [trainer.py] => CNN top1 curve: [91.5]
2026-05-23 10:38:28,048 [trainer.py] => CNN top5 curve: [98.24]
2026-05-23 10:38:28,049 [trainer.py] => Average Accuracy (CNN): 91.5
2026-05-23 10:38:28,050 [trainer.py] => All params: 172817665
2026-05-23 10:38:28,052 [trainer.py] => Trainable params: 87019009
2026-05-23 10:38:28,077 [adam_adapter.py] => Learning on 20-40
2026-05-23 10:41:02,483 [trainer.py] => No NME accuracy.
2026-05-23 10:41:02,501 [trainer.py] => CNN: {'total': 84.97, '00-19': 89.3, '20-39': 80.13, 'old': 89.3, 'new': 80.13}
2026-05-23 10:41:02,501 [trainer.py] => CNN top1 curve: [91.5, 84.97]
2026-05-23 10:41:02,501 [trainer.py] => CNN top5 curve: [98.24, 95.2]
2026-05-23 10:41:02,502 [trainer.py] => Average Accuracy (CNN): 88.24
2026-05-23 10:41:02,503 [trainer.py] => All params: 172848385
2026-05-23 10:41:02,505 [trainer.py] => Trainable params: 87049729
2026-05-23 10:41:02,528 [adam_adapter.py] => Learning on 40-60
2026-05-23 10:43:58,618 [trainer.py] => No NME accuracy.
2026-05-23 10:43:58,649 [trainer.py] => CNN: {'total': 79.83, '00-19': 87.1, '20-39': 76.19, '40-59': 75.29, 'old': 81.95, 'new': 75.29}
2026-05-23 10:43:58,649 [trainer.py] => CNN top1 curve: [91.5, 84.97, 79.83]
2026-05-23 10:43:58,649 [trainer.py] => CNN top5 curve: [98.24, 95.2, 92.56]
2026-05-23 10:43:58,649 [trainer.py] => Average Accuracy (CNN): 85.43
2026-05-23 10:43:58,652 [trainer.py] => All params: 172879105
2026-05-23 10:43:58,654 [trainer.py] => Trainable params: 87080449
2026-05-23 10:43:58,679 [adam_adapter.py] => Learning on 60-80
2026-05-23 10:46:56,052 [trainer.py] => No NME accuracy.
2026-05-23 10:46:56,088 [trainer.py] => CNN: {'total': 76.37, '00-19': 84.6, '20-39': 74.55, '40-59': 72.8, '60-79': 71.63, 'old': 77.61, 'new': 71.63}
2026-05-23 10:46:56,089 [trainer.py] => CNN top1 curve: [91.5, 84.97, 79.83, 76.37]
2026-05-23 10:46:56,089 [trainer.py] => CNN top5 curve: [98.24, 95.2, 92.56, 90.3]
2026-05-23 10:46:56,089 [trainer.py] => Average Accuracy (CNN): 83.17
2026-05-23 10:46:56,093 [trainer.py] => All params: 172909825
2026-05-23 10:46:56,096 [trainer.py] => Trainable params: 87111169
2026-05-23 10:46:56,160 [adam_adapter.py] => Learning on 80-100
2026-05-23 10:50:23,706 [trainer.py] => No NME accuracy.
2026-05-23 10:50:23,727 [trainer.py] => CNN: {'total': 74.24, '00-19': 83.87, '20-39': 72.41, '40-59': 70.32, '60-79': 70.62, '80-99': 71.76, 'old': 74.78, 'new': 71.76}
2026-05-23 10:50:23,727 [trainer.py] => CNN top1 curve: [91.5, 84.97, 79.83, 76.37, 74.24]
2026-05-23 10:50:23,727 [trainer.py] => CNN top5 curve: [98.24, 95.2, 92.56, 90.3, 89.3]
2026-05-23 10:50:23,728 [trainer.py] => Average Accuracy (CNN): 81.38
2026-05-23 10:50:23,730 [trainer.py] => All params: 172940545
2026-05-23 10:50:23,733 [trainer.py] => Trainable params: 87141889
2026-05-23 10:50:23,780 [adam_adapter.py] => Learning on 100-120
2026-05-23 10:54:20,914 [trainer.py] => No NME accuracy.
2026-05-23 10:54:20,934 [trainer.py] => CNN: {'total': 71.99, '00-19': 83.14, '20-39': 70.28, '40-59': 69.32, '60-79': 69.42, '80-99': 70.8, '100-119': 66.89, 'old': 73.04, 'new': 66.89}
2026-05-23 10:54:20,934 [trainer.py] => CNN top1 curve: [91.5, 84.97, 79.83, 76.37, 74.24, 71.99]
2026-05-23 10:54:20,934 [trainer.py] => CNN top5 curve: [98.24, 95.2, 92.56, 90.3, 89.3, 88.09]
2026-05-23 10:54:20,934 [trainer.py] => Average Accuracy (CNN): 79.82
2026-05-23 10:54:20,936 [trainer.py] => All params: 172971265
2026-05-23 10:54:20,937 [trainer.py] => Trainable params: 87172609
2026-05-23 10:54:20,960 [adam_adapter.py] => Learning on 120-140
2026-05-23 10:58:33,325 [trainer.py] => No NME accuracy.
2026-05-23 10:58:33,378 [trainer.py] => CNN: {'total': 70.7, '00-19': 82.55, '20-39': 69.79, '40-59': 68.49, '60-79': 68.61, '80-99': 70.23, '100-119': 66.22, '120-139': 66.89, 'old': 71.34, 'new': 66.89}
2026-05-23 10:58:33,378 [trainer.py] => CNN top1 curve: [91.5, 84.97, 79.83, 76.37, 74.24, 71.99, 70.7]
2026-05-23 10:58:33,378 [trainer.py] => CNN top5 curve: [98.24, 95.2, 92.56, 90.3, 89.3, 88.09, 86.6]
2026-05-23 10:58:33,378 [trainer.py] => Average Accuracy (CNN): 78.51
2026-05-23 10:58:33,380 [trainer.py] => All params: 173001985
2026-05-23 10:58:33,381 [trainer.py] => Trainable params: 87203329
2026-05-23 10:58:33,398 [adam_adapter.py] => Learning on 140-160
2026-05-23 11:03:30,037 [trainer.py] => No NME accuracy.
2026-05-23 11:03:30,067 [trainer.py] => CNN: {'total': 69.06, '00-19': 81.09, '20-39': 68.64, '40-59': 66.67, '60-79': 67.81, '80-99': 69.27, '100-119': 64.2, '120-139': 66.55, '140-159': 66.71, 'old': 69.46, 'new': 66.71}
2026-05-23 11:03:30,067 [trainer.py] => CNN top1 curve: [91.5, 84.97, 79.83, 76.37, 74.24, 71.99, 70.7, 69.06]
2026-05-23 11:03:30,067 [trainer.py] => CNN top5 curve: [98.24, 95.2, 92.56, 90.3, 89.3, 88.09, 86.6, 85.72]
2026-05-23 11:03:30,068 [trainer.py] => Average Accuracy (CNN): 77.33
2026-05-23 11:03:30,070 [trainer.py] => All params: 173032705
2026-05-23 11:03:30,072 [trainer.py] => Trainable params: 87234049
2026-05-23 11:03:30,091 [adam_adapter.py] => Learning on 160-180
2026-05-23 11:08:42,350 [trainer.py] => No NME accuracy.
2026-05-23 11:08:42,377 [trainer.py] => CNN: {'total': 66.78, '00-19': 79.77, '20-39': 66.01, '40-59': 63.52, '60-79': 65.59, '80-99': 68.13, '100-119': 63.7, '120-139': 65.02, '140-159': 65.71, '160-179': 61.85, 'old': 67.39, 'new': 61.85}
2026-05-23 11:08:42,377 [trainer.py] => CNN top1 curve: [91.5, 84.97, 79.83, 76.37, 74.24, 71.99, 70.7, 69.06, 66.78]
2026-05-23 11:08:42,377 [trainer.py] => CNN top5 curve: [98.24, 95.2, 92.56, 90.3, 89.3, 88.09, 86.6, 85.72, 84.75]
2026-05-23 11:08:42,377 [trainer.py] => Average Accuracy (CNN): 76.16
2026-05-23 11:08:42,379 [trainer.py] => All params: 173063425
2026-05-23 11:08:42,380 [trainer.py] => Trainable params: 87264769
2026-05-23 11:08:42,400 [adam_adapter.py] => Learning on 180-200
2026-05-23 11:14:11,029 [trainer.py] => No NME accuracy.
2026-05-23 11:14:11,085 [trainer.py] => CNN: {'total': 66.13, '00-19': 79.03, '20-39': 65.52, '40-59': 63.35, '60-79': 65.19, '80-99': 67.94, '100-119': 62.18, '120-139': 64.33, '140-159': 64.57, '160-179': 60.5, '180-199': 67.16, 'old': 66.02, 'new': 67.16}
2026-05-23 11:14:11,085 [trainer.py] => CNN top1 curve: [91.5, 84.97, 79.83, 76.37, 74.24, 71.99, 70.7, 69.06, 66.78, 66.13]
2026-05-23 11:14:11,085 [trainer.py] => CNN top5 curve: [98.24, 95.2, 92.56, 90.3, 89.3, 88.09, 86.6, 85.72, 84.75, 83.9]
2026-05-23 11:14:11,086 [trainer.py] => Average Accuracy (CNN): 75.16
