2026-05-25 08:27:05,317 [trainer.py] => config: ./configs/aper/aper_adapter_ina_B100_Inc20.json
2026-05-25 08:27:05,337 [trainer.py] => prefix: exp
2026-05-25 08:27:05,338 [trainer.py] => dataset: imageneta
2026-05-25 08:27:05,338 [trainer.py] => memory_size: 0
2026-05-25 08:27:05,338 [trainer.py] => memory_per_class: 0
2026-05-25 08:27:05,338 [trainer.py] => fixed_memory: False
2026-05-25 08:27:05,338 [trainer.py] => shuffle: True
2026-05-25 08:27:05,338 [trainer.py] => init_cls: 100
2026-05-25 08:27:05,338 [trainer.py] => increment: 20
2026-05-25 08:27:05,338 [trainer.py] => model_name: adam_adapter
2026-05-25 08:27:05,338 [trainer.py] => backbone_type: pretrained_vit_b16_224_in21k_adapter
2026-05-25 08:27:05,338 [trainer.py] => weight_decay: 0.0005
2026-05-25 08:27:05,338 [trainer.py] => prompt_token_num: 30
2026-05-25 08:27:05,338 [trainer.py] => ffn_num: 64
2026-05-25 08:27:05,339 [trainer.py] => optimizer: sgd
2026-05-25 08:27:05,339 [trainer.py] => min_lr: 0
2026-05-25 08:27:05,339 [trainer.py] => device: [device(type='cuda', index=3)]
2026-05-25 08:27:05,339 [trainer.py] => seed: 42
2026-05-25 08:27:05,339 [trainer.py] => tuned_epoch: 20
2026-05-25 08:27:05,339 [trainer.py] => init_lr: 0.01
2026-05-25 08:27:05,339 [trainer.py] => batch_size: 48
2026-05-25 08:27:05,875 [data_manager.py] => [95, 15, 30, 158, 128, 115, 69, 170, 174, 45, 66, 182, 165, 78, 186, 177, 56, 152, 82, 68, 124, 16, 148, 93, 65, 60, 84, 67, 125, 132, 9, 18, 55, 75, 150, 104, 135, 137, 164, 76, 79, 197, 38, 24, 122, 195, 29, 19, 143, 86, 114, 173, 5, 126, 117, 73, 140, 98, 172, 96, 169, 97, 31, 12, 35, 119, 42, 189, 90, 136, 51, 127, 162, 41, 118, 113, 26, 139, 100, 111, 2, 77, 46, 187, 191, 85, 161, 36, 190, 61, 22, 141, 101, 33, 11, 194, 159, 6, 27, 120, 4, 32, 142, 145, 109, 144, 10, 62, 112, 146, 166, 0, 198, 153, 70, 123, 64, 44, 163, 28, 40, 108, 155, 156, 25, 23, 184, 147, 81, 39, 168, 47, 94, 154, 43, 138, 3, 105, 53, 133, 180, 178, 185, 49, 80, 34, 7, 110, 91, 83, 176, 181, 89, 8, 13, 59, 171, 131, 17, 72, 175, 134, 167, 183, 63, 54, 107, 50, 196, 58, 48, 88, 21, 57, 160, 192, 129, 37, 157, 193, 1, 52, 149, 130, 151, 103, 99, 116, 87, 74, 121, 199, 20, 188, 71, 106, 14, 92, 179, 102]
2026-05-25 08:27:24,773 [trainer.py] => All params: 86988288
2026-05-25 08:27:24,773 [trainer.py] => Trainable params: 1189632
2026-05-25 08:27:25,233 [adam_adapter.py] => Learning on 0-100
2026-05-25 08:59:11,361 [adam_adapter.py] => Task 0, Epoch 20/20 => Loss 1.397, Train_accy 72.00, Test_accy 67.77
2026-05-25 09:01:05,468 [trainer.py] => No NME accuracy.
2026-05-25 09:01:05,493 [trainer.py] => CNN: {'total': 64.06, '00-99': 64.06, 'old': 0, 'new': 64.06}
2026-05-25 09:01:05,493 [trainer.py] => CNN top1 curve: [64.06]
2026-05-25 09:01:05,493 [trainer.py] => CNN top5 curve: [88.06]
2026-05-25 09:01:05,493 [trainer.py] => Average Accuracy (CNN): 64.06
2026-05-25 09:01:05,495 [trainer.py] => All params: 172940545
2026-05-25 09:01:05,496 [trainer.py] => Trainable params: 87141889
2026-05-25 09:01:05,510 [adam_adapter.py] => Learning on 100-120
2026-05-25 09:01:52,315 [trainer.py] => No NME accuracy.
2026-05-25 09:01:52,316 [trainer.py] => CNN: {'total': 62.9, '00-99': 61.67, '100-119': 67.93, 'old': 61.67, 'new': 67.93}
2026-05-25 09:01:52,316 [trainer.py] => CNN top1 curve: [64.06, 62.9]
2026-05-25 09:01:52,316 [trainer.py] => CNN top5 curve: [88.06, 85.93]
2026-05-25 09:01:52,316 [trainer.py] => Average Accuracy (CNN): 63.48
2026-05-25 09:01:52,321 [trainer.py] => All params: 172971265
2026-05-25 09:01:52,325 [trainer.py] => Trainable params: 87172609
2026-05-25 09:01:52,341 [adam_adapter.py] => Learning on 120-140
2026-05-25 09:02:39,514 [trainer.py] => No NME accuracy.
2026-05-25 09:02:39,548 [trainer.py] => CNN: {'total': 61.2, '00-99': 59.42, '100-119': 67.39, '120-139': 62.42, 'old': 60.98, 'new': 62.42}
2026-05-25 09:02:39,548 [trainer.py] => CNN top1 curve: [64.06, 62.9, 61.2]
2026-05-25 09:02:39,549 [trainer.py] => CNN top5 curve: [88.06, 85.93, 83.59]
2026-05-25 09:02:39,549 [trainer.py] => Average Accuracy (CNN): 62.72
2026-05-25 09:02:39,553 [trainer.py] => All params: 173001985
2026-05-25 09:02:39,557 [trainer.py] => Trainable params: 87203329
2026-05-25 09:02:39,576 [adam_adapter.py] => Learning on 140-160
2026-05-25 09:03:28,829 [trainer.py] => No NME accuracy.
2026-05-25 09:03:28,830 [trainer.py] => CNN: {'total': 59.27, '00-99': 57.69, '100-119': 66.3, '120-139': 61.82, '140-159': 54.92, 'old': 59.75, 'new': 54.92}
2026-05-25 09:03:28,830 [trainer.py] => CNN top1 curve: [64.06, 62.9, 61.2, 59.27]
2026-05-25 09:03:28,830 [trainer.py] => CNN top5 curve: [88.06, 85.93, 83.59, 82.37]
2026-05-25 09:03:28,830 [trainer.py] => Average Accuracy (CNN): 61.86
2026-05-25 09:03:28,833 [trainer.py] => All params: 173032705
2026-05-25 09:03:28,836 [trainer.py] => Trainable params: 87234049
2026-05-25 09:03:28,849 [adam_adapter.py] => Learning on 160-180
2026-05-25 09:04:24,644 [trainer.py] => No NME accuracy.
2026-05-25 09:04:24,675 [trainer.py] => CNN: {'total': 57.36, '00-99': 56.23, '100-119': 63.59, '120-139': 61.82, '140-159': 54.92, '160-179': 52.6, 'old': 57.96, 'new': 52.6}
2026-05-25 09:04:24,675 [trainer.py] => CNN top1 curve: [64.06, 62.9, 61.2, 59.27, 57.36]
2026-05-25 09:04:24,675 [trainer.py] => CNN top5 curve: [88.06, 85.93, 83.59, 82.37, 81.29]
2026-05-25 09:04:24,675 [trainer.py] => Average Accuracy (CNN): 60.96
2026-05-25 09:04:24,677 [trainer.py] => All params: 173063425
2026-05-25 09:04:24,678 [trainer.py] => Trainable params: 87264769
2026-05-25 09:04:24,691 [adam_adapter.py] => Learning on 180-200
2026-05-25 09:05:22,349 [trainer.py] => No NME accuracy.
2026-05-25 09:05:22,366 [trainer.py] => CNN: {'total': 55.89, '00-99': 54.64, '100-119': 61.41, '120-139': 58.79, '140-159': 54.1, '160-179': 51.3, '180-199': 58.57, 'old': 55.62, 'new': 58.57}
2026-05-25 09:05:22,367 [trainer.py] => CNN top1 curve: [64.06, 62.9, 61.2, 59.27, 57.36, 55.89]
2026-05-25 09:05:22,367 [trainer.py] => CNN top5 curve: [88.06, 85.93, 83.59, 82.37, 81.29, 80.32]
2026-05-25 09:05:22,367 [trainer.py] => Average Accuracy (CNN): 60.11
