2026-05-23 05:05:21,920 [trainer.py] => config: ./configs/aper/aper_adapter_inr_B0_Inc10.json
2026-05-23 05:05:21,921 [trainer.py] => prefix: exp
2026-05-23 05:05:21,921 [trainer.py] => dataset: imagenetr
2026-05-23 05:05:21,921 [trainer.py] => memory_size: 0
2026-05-23 05:05:21,921 [trainer.py] => memory_per_class: 0
2026-05-23 05:05:21,921 [trainer.py] => fixed_memory: False
2026-05-23 05:05:21,921 [trainer.py] => shuffle: True
2026-05-23 05:05:21,921 [trainer.py] => init_cls: 10
2026-05-23 05:05:21,921 [trainer.py] => increment: 10
2026-05-23 05:05:21,921 [trainer.py] => model_name: adam_adapter
2026-05-23 05:05:21,921 [trainer.py] => backbone_type: pretrained_vit_b16_224_in21k_adapter
2026-05-23 05:05:21,921 [trainer.py] => weight_decay: 0.005
2026-05-23 05:05:21,921 [trainer.py] => prompt_token_num: 30
2026-05-23 05:05:21,921 [trainer.py] => ffn_num: 64
2026-05-23 05:05:21,921 [trainer.py] => optimizer: sgd
2026-05-23 05:05:21,921 [trainer.py] => min_lr: 0
2026-05-23 05:05:21,922 [trainer.py] => device: [device(type='cuda', index=3)]
2026-05-23 05:05:21,922 [trainer.py] => seed: 1994
2026-05-23 05:05:21,922 [trainer.py] => tuned_epoch: 20
2026-05-23 05:05:21,922 [trainer.py] => init_lr: 0.05
2026-05-23 05:05:21,922 [trainer.py] => batch_size: 24
2026-05-23 05:05:21,922 [trainer.py] => nb_classes: 200
2026-05-23 05:05:21,922 [trainer.py] => nb_tasks: 20
2026-05-23 05:05:22,613 [data_manager.py] => [85, 41, 23, 28, 70, 87, 134, 151, 51, 159, 178, 119, 50, 117, 73, 95, 86, 147, 63, 22, 79, 175, 40, 155, 174, 54, 132, 72, 124, 157, 93, 26, 196, 74, 44, 15, 169, 122, 88, 171, 184, 6, 18, 145, 48, 197, 64, 172, 126, 96, 11, 55, 193, 66, 128, 21, 77, 113, 140, 116, 141, 133, 120, 29, 115, 14, 103, 127, 114, 19, 9, 38, 33, 195, 81, 35, 69, 181, 47, 129, 112, 168, 198, 71, 101, 188, 68, 90, 158, 163, 52, 8, 185, 59, 154, 92, 56, 183, 32, 136, 65, 45, 46, 173, 189, 108, 102, 144, 0, 107, 187, 100, 98, 192, 43, 161, 104, 75, 150, 166, 121, 60, 160, 3, 143, 153, 62, 142, 61, 110, 194, 97, 25, 177, 179, 17, 49, 31, 94, 111, 16, 53, 91, 58, 135, 83, 2, 12, 13, 165, 42, 36, 186, 105, 1, 7, 149, 170, 27, 24, 78, 167, 137, 138, 118, 10, 139, 164, 20, 57, 123, 199, 89, 130, 82, 162, 176, 148, 109, 125, 67, 106, 37, 146, 131, 180, 156, 39, 5, 84, 4, 190, 152, 191, 30, 76, 80, 34, 99, 182]
2026-05-23 05:05:32,450 [trainer.py] => All params: 86988288
2026-05-23 05:05:32,451 [trainer.py] => Trainable params: 1189632
2026-05-23 05:05:32,480 [adam_adapter.py] => Learning on 0-10
2026-05-23 05:33:57,531 [adam_adapter.py] => Task 0, Epoch 20/20 => Loss 0.366, Train_accy 90.46, Test_accy 94.20
2026-05-23 05:35:48,630 [trainer.py] => No NME accuracy.
2026-05-23 05:35:48,638 [trainer.py] => CNN: {'total': 92.75, '00-09': 92.75, 'old': 0, 'new': 92.75}
2026-05-23 05:35:48,638 [trainer.py] => CNN top1 curve: [92.75]
2026-05-23 05:35:48,639 [trainer.py] => CNN top5 curve: [99.13]
2026-05-23 05:35:48,639 [trainer.py] => Average Accuracy (CNN): 92.75
2026-05-23 05:35:48,644 [trainer.py] => All params: 172802305
2026-05-23 05:35:48,649 [trainer.py] => Trainable params: 87003649
2026-05-23 05:35:48,672 [adam_adapter.py] => Learning on 10-20
2026-05-23 05:37:23,900 [trainer.py] => No NME accuracy.
2026-05-23 05:37:23,926 [trainer.py] => CNN: {'total': 88.42, '00-09': 89.57, '10-19': 87.24, 'old': 89.57, 'new': 87.24}
2026-05-23 05:37:23,926 [trainer.py] => CNN top1 curve: [92.75, 88.42]
2026-05-23 05:37:23,926 [trainer.py] => CNN top5 curve: [99.13, 97.8]
2026-05-23 05:37:23,926 [trainer.py] => Average Accuracy (CNN): 90.58
2026-05-23 05:37:23,928 [trainer.py] => All params: 172817665
2026-05-23 05:37:23,929 [trainer.py] => Trainable params: 87019009
2026-05-23 05:37:23,947 [adam_adapter.py] => Learning on 20-30
2026-05-23 05:39:02,722 [trainer.py] => No NME accuracy.
2026-05-23 05:39:02,723 [trainer.py] => CNN: {'total': 85.48, '00-09': 87.25, '10-19': 84.57, '20-29': 84.4, 'old': 85.92, 'new': 84.4}
2026-05-23 05:39:02,723 [trainer.py] => CNN top1 curve: [92.75, 88.42, 85.48]
2026-05-23 05:39:02,723 [trainer.py] => CNN top5 curve: [99.13, 97.8, 95.95]
2026-05-23 05:39:02,723 [trainer.py] => Average Accuracy (CNN): 88.88
2026-05-23 05:39:02,726 [trainer.py] => All params: 172833025
2026-05-23 05:39:02,729 [trainer.py] => Trainable params: 87034369
2026-05-23 05:39:02,749 [adam_adapter.py] => Learning on 30-40
2026-05-23 05:41:14,273 [trainer.py] => No NME accuracy.
2026-05-23 05:41:14,374 [trainer.py] => CNN: {'total': 82.18, '00-09': 86.38, '10-19': 82.2, '20-29': 81.91, '30-39': 77.98, 'old': 83.61, 'new': 77.98}
2026-05-23 05:41:14,375 [trainer.py] => CNN top1 curve: [92.75, 88.42, 85.48, 82.18]
2026-05-23 05:41:14,375 [trainer.py] => CNN top5 curve: [99.13, 97.8, 95.95, 94.81]
2026-05-23 05:41:14,376 [trainer.py] => Average Accuracy (CNN): 87.21
2026-05-23 05:41:14,379 [trainer.py] => All params: 172848385
2026-05-23 05:41:14,383 [trainer.py] => Trainable params: 87049729
2026-05-23 05:41:14,410 [adam_adapter.py] => Learning on 40-50
2026-05-23 05:43:31,463 [trainer.py] => No NME accuracy.
2026-05-23 05:43:31,475 [trainer.py] => CNN: {'total': 79.82, '00-09': 85.51, '10-19': 80.42, '20-29': 79.79, '30-39': 76.45, '40-49': 76.39, 'old': 80.64, 'new': 76.39}
2026-05-23 05:43:31,476 [trainer.py] => CNN top1 curve: [92.75, 88.42, 85.48, 82.18, 79.82]
2026-05-23 05:43:31,476 [trainer.py] => CNN top5 curve: [99.13, 97.8, 95.95, 94.81, 93.42]
2026-05-23 05:43:31,477 [trainer.py] => Average Accuracy (CNN): 85.73
2026-05-23 05:43:31,479 [trainer.py] => All params: 172863745
2026-05-23 05:43:31,481 [trainer.py] => Trainable params: 87065089
2026-05-23 05:43:31,506 [adam_adapter.py] => Learning on 50-60
2026-05-23 05:45:59,632 [trainer.py] => No NME accuracy.
2026-05-23 05:45:59,664 [trainer.py] => CNN: {'total': 78.46, '00-09': 85.51, '10-19': 79.23, '20-29': 78.37, '30-39': 75.84, '40-49': 75.74, '50-59': 75.17, 'old': 79.07, 'new': 75.17}
2026-05-23 05:45:59,665 [trainer.py] => CNN top1 curve: [92.75, 88.42, 85.48, 82.18, 79.82, 78.46]
2026-05-23 05:45:59,665 [trainer.py] => CNN top5 curve: [99.13, 97.8, 95.95, 94.81, 93.42, 92.4]
2026-05-23 05:45:59,665 [trainer.py] => Average Accuracy (CNN): 84.52
2026-05-23 05:45:59,666 [trainer.py] => All params: 172879105
2026-05-23 05:45:59,668 [trainer.py] => Trainable params: 87080449
2026-05-23 05:45:59,696 [adam_adapter.py] => Learning on 60-70
2026-05-23 05:48:28,569 [trainer.py] => No NME accuracy.
2026-05-23 05:48:28,597 [trainer.py] => CNN: {'total': 76.92, '00-09': 83.48, '10-19': 78.04, '20-29': 77.66, '30-39': 75.23, '40-49': 74.75, '50-59': 73.15, '60-69': 74.79, 'old': 77.19, 'new': 74.79}
2026-05-23 05:48:28,597 [trainer.py] => CNN top1 curve: [92.75, 88.42, 85.48, 82.18, 79.82, 78.46, 76.92]
2026-05-23 05:48:28,597 [trainer.py] => CNN top5 curve: [99.13, 97.8, 95.95, 94.81, 93.42, 92.4, 91.39]
2026-05-23 05:48:28,597 [trainer.py] => Average Accuracy (CNN): 83.43
2026-05-23 05:48:28,599 [trainer.py] => All params: 172894465
2026-05-23 05:48:28,601 [trainer.py] => Trainable params: 87095809
2026-05-23 05:48:28,622 [adam_adapter.py] => Learning on 70-80
2026-05-23 05:51:04,518 [trainer.py] => No NME accuracy.
2026-05-23 05:51:04,560 [trainer.py] => CNN: {'total': 75.74, '00-09': 82.9, '10-19': 77.45, '20-29': 77.66, '30-39': 74.62, '40-49': 73.44, '50-59': 73.15, '60-69': 74.79, '70-79': 69.8, 'old': 76.45, 'new': 69.8}
2026-05-23 05:51:04,560 [trainer.py] => CNN top1 curve: [92.75, 88.42, 85.48, 82.18, 79.82, 78.46, 76.92, 75.74]
2026-05-23 05:51:04,560 [trainer.py] => CNN top5 curve: [99.13, 97.8, 95.95, 94.81, 93.42, 92.4, 91.39, 90.38]
2026-05-23 05:51:04,562 [trainer.py] => Average Accuracy (CNN): 82.47
2026-05-23 05:51:04,566 [trainer.py] => All params: 172909825
2026-05-23 05:51:04,569 [trainer.py] => Trainable params: 87111169
2026-05-23 05:51:04,603 [adam_adapter.py] => Learning on 80-90
2026-05-23 05:54:08,146 [trainer.py] => No NME accuracy.
2026-05-23 05:54:08,165 [trainer.py] => CNN: {'total': 74.35, '00-09': 82.03, '10-19': 77.45, '20-29': 76.95, '30-39': 73.39, '40-49': 72.79, '50-59': 71.14, '60-69': 73.55, '70-79': 69.8, '80-89': 69.97, 'old': 74.91, 'new': 69.97}
2026-05-23 05:54:08,165 [trainer.py] => CNN top1 curve: [92.75, 88.42, 85.48, 82.18, 79.82, 78.46, 76.92, 75.74, 74.35]
2026-05-23 05:54:08,165 [trainer.py] => CNN top5 curve: [99.13, 97.8, 95.95, 94.81, 93.42, 92.4, 91.39, 90.38, 89.57]
2026-05-23 05:54:08,166 [trainer.py] => Average Accuracy (CNN): 81.57
2026-05-23 05:54:08,167 [trainer.py] => All params: 172925185
2026-05-23 05:54:08,168 [trainer.py] => Trainable params: 87126529
2026-05-23 05:54:08,200 [adam_adapter.py] => Learning on 90-100
2026-05-23 05:57:09,611 [trainer.py] => No NME accuracy.
2026-05-23 05:57:09,663 [trainer.py] => CNN: {'total': 74.0, '00-09': 81.45, '10-19': 76.85, '20-29': 76.95, '30-39': 71.87, '40-49': 72.46, '50-59': 70.81, '60-69': 73.55, '70-79': 69.8, '80-89': 69.31, '90-99': 75.57, 'old': 73.87, 'new': 75.57}
2026-05-23 05:57:09,663 [trainer.py] => CNN top1 curve: [92.75, 88.42, 85.48, 82.18, 79.82, 78.46, 76.92, 75.74, 74.35, 74.0]
2026-05-23 05:57:09,663 [trainer.py] => CNN top5 curve: [99.13, 97.8, 95.95, 94.81, 93.42, 92.4, 91.39, 90.38, 89.57, 89.64]
2026-05-23 05:57:09,664 [trainer.py] => Average Accuracy (CNN): 80.81
2026-05-23 05:57:09,665 [trainer.py] => All params: 172940545
2026-05-23 05:57:09,667 [trainer.py] => Trainable params: 87141889
2026-05-23 05:57:09,691 [adam_adapter.py] => Learning on 100-110
2026-05-23 06:00:30,588 [trainer.py] => No NME accuracy.
2026-05-23 06:00:30,613 [trainer.py] => CNN: {'total': 73.27, '00-09': 81.45, '10-19': 76.85, '20-29': 76.6, '30-39': 70.95, '40-49': 72.13, '50-59': 70.47, '60-69': 71.9, '70-79': 69.8, '80-89': 69.31, '90-99': 75.11, '100-109': 69.35, 'old': 73.62, 'new': 69.35}
2026-05-23 06:00:30,614 [trainer.py] => CNN top1 curve: [92.75, 88.42, 85.48, 82.18, 79.82, 78.46, 76.92, 75.74, 74.35, 74.0, 73.27]
2026-05-23 06:00:30,614 [trainer.py] => CNN top5 curve: [99.13, 97.8, 95.95, 94.81, 93.42, 92.4, 91.39, 90.38, 89.57, 89.64, 88.98]
2026-05-23 06:00:30,614 [trainer.py] => Average Accuracy (CNN): 80.13
2026-05-23 06:00:30,618 [trainer.py] => All params: 172955905
2026-05-23 06:00:30,621 [trainer.py] => Trainable params: 87157249
2026-05-23 06:00:30,659 [adam_adapter.py] => Learning on 110-120
2026-05-23 06:04:18,026 [trainer.py] => No NME accuracy.
2026-05-23 06:04:18,059 [trainer.py] => CNN: {'total': 72.05, '00-09': 80.87, '10-19': 76.56, '20-29': 75.18, '30-39': 70.34, '40-49': 71.15, '50-59': 69.8, '60-69': 71.49, '70-79': 69.41, '80-89': 69.31, '90-99': 74.66, '100-109': 67.82, '110-119': 66.77, 'old': 72.61, 'new': 66.77}
2026-05-23 06:04:18,060 [trainer.py] => CNN top1 curve: [92.75, 88.42, 85.48, 82.18, 79.82, 78.46, 76.92, 75.74, 74.35, 74.0, 73.27, 72.05]
2026-05-23 06:04:18,060 [trainer.py] => CNN top5 curve: [99.13, 97.8, 95.95, 94.81, 93.42, 92.4, 91.39, 90.38, 89.57, 89.64, 88.98, 88.15]
2026-05-23 06:04:18,060 [trainer.py] => Average Accuracy (CNN): 79.45
2026-05-23 06:04:18,062 [trainer.py] => All params: 172971265
2026-05-23 06:04:18,063 [trainer.py] => Trainable params: 87172609
2026-05-23 06:04:18,091 [adam_adapter.py] => Learning on 120-130
2026-05-23 06:07:58,502 [trainer.py] => No NME accuracy.
2026-05-23 06:07:58,519 [trainer.py] => CNN: {'total': 71.69, '00-09': 80.58, '10-19': 75.96, '20-29': 75.18, '30-39': 70.34, '40-49': 71.15, '50-59': 69.46, '60-69': 71.49, '70-79': 68.24, '80-89': 69.31, '90-99': 74.21, '100-109': 66.67, '110-119': 66.47, '120-129': 71.48, 'old': 71.71, 'new': 71.48}
2026-05-23 06:07:58,520 [trainer.py] => CNN top1 curve: [92.75, 88.42, 85.48, 82.18, 79.82, 78.46, 76.92, 75.74, 74.35, 74.0, 73.27, 72.05, 71.69]
2026-05-23 06:07:58,520 [trainer.py] => CNN top5 curve: [99.13, 97.8, 95.95, 94.81, 93.42, 92.4, 91.39, 90.38, 89.57, 89.64, 88.98, 88.15, 87.89]
2026-05-23 06:07:58,521 [trainer.py] => Average Accuracy (CNN): 78.86
2026-05-23 06:07:58,526 [trainer.py] => All params: 172986625
2026-05-23 06:07:58,530 [trainer.py] => Trainable params: 87187969
2026-05-23 06:07:58,575 [adam_adapter.py] => Learning on 130-140
2026-05-23 06:12:10,313 [trainer.py] => No NME accuracy.
2026-05-23 06:12:10,377 [trainer.py] => CNN: {'total': 70.73, '00-09': 80.0, '10-19': 75.07, '20-29': 74.82, '30-39': 69.72, '40-49': 70.16, '50-59': 69.13, '60-69': 71.07, '70-79': 67.84, '80-89': 68.65, '90-99': 74.21, '100-109': 66.28, '110-119': 66.17, '120-129': 71.09, '130-139': 65.45, 'old': 71.19, 'new': 65.45}
2026-05-23 06:12:10,377 [trainer.py] => CNN top1 curve: [92.75, 88.42, 85.48, 82.18, 79.82, 78.46, 76.92, 75.74, 74.35, 74.0, 73.27, 72.05, 71.69, 70.73]
2026-05-23 06:12:10,377 [trainer.py] => CNN top5 curve: [99.13, 97.8, 95.95, 94.81, 93.42, 92.4, 91.39, 90.38, 89.57, 89.64, 88.98, 88.15, 87.89, 86.99]
2026-05-23 06:12:10,378 [trainer.py] => Average Accuracy (CNN): 78.28
2026-05-23 06:12:10,379 [trainer.py] => All params: 173001985
2026-05-23 06:12:10,381 [trainer.py] => Trainable params: 87203329
2026-05-23 06:12:10,413 [adam_adapter.py] => Learning on 140-150
2026-05-23 06:16:25,232 [trainer.py] => No NME accuracy.
2026-05-23 06:16:25,268 [trainer.py] => CNN: {'total': 69.99, '00-09': 79.42, '10-19': 74.18, '20-29': 73.76, '30-39': 68.2, '40-49': 69.51, '50-59': 68.12, '60-69': 71.07, '70-79': 67.06, '80-89': 68.32, '90-99': 74.21, '100-109': 66.28, '110-119': 65.27, '120-129': 70.7, '130-139': 65.15, '140-149': 68.59, 'old': 70.09, 'new': 68.59}
2026-05-23 06:16:25,268 [trainer.py] => CNN top1 curve: [92.75, 88.42, 85.48, 82.18, 79.82, 78.46, 76.92, 75.74, 74.35, 74.0, 73.27, 72.05, 71.69, 70.73, 69.99]
2026-05-23 06:16:25,268 [trainer.py] => CNN top5 curve: [99.13, 97.8, 95.95, 94.81, 93.42, 92.4, 91.39, 90.38, 89.57, 89.64, 88.98, 88.15, 87.89, 86.99, 86.77]
2026-05-23 06:16:25,268 [trainer.py] => Average Accuracy (CNN): 77.72
2026-05-23 06:16:25,271 [trainer.py] => All params: 173017345
2026-05-23 06:16:25,273 [trainer.py] => Trainable params: 87218689
2026-05-23 06:16:25,311 [adam_adapter.py] => Learning on 150-160
2026-05-23 06:21:12,158 [trainer.py] => No NME accuracy.
2026-05-23 06:21:12,177 [trainer.py] => CNN: {'total': 69.18, '00-09': 77.68, '10-19': 73.89, '20-29': 73.76, '30-39': 67.89, '40-49': 68.52, '50-59': 68.12, '60-69': 70.25, '70-79': 66.67, '80-89': 67.33, '90-99': 74.21, '100-109': 65.52, '110-119': 64.37, '120-129': 70.7, '130-139': 64.85, '140-149': 65.71, '150-159': 68.3, 'old': 69.26, 'new': 68.3}
2026-05-23 06:21:12,177 [trainer.py] => CNN top1 curve: [92.75, 88.42, 85.48, 82.18, 79.82, 78.46, 76.92, 75.74, 74.35, 74.0, 73.27, 72.05, 71.69, 70.73, 69.99, 69.18]
2026-05-23 06:21:12,178 [trainer.py] => CNN top5 curve: [99.13, 97.8, 95.95, 94.81, 93.42, 92.4, 91.39, 90.38, 89.57, 89.64, 88.98, 88.15, 87.89, 86.99, 86.77, 86.18]
2026-05-23 06:21:12,178 [trainer.py] => Average Accuracy (CNN): 77.19
2026-05-23 06:21:12,182 [trainer.py] => All params: 173032705
2026-05-23 06:21:12,186 [trainer.py] => Trainable params: 87234049
2026-05-23 06:21:12,244 [adam_adapter.py] => Learning on 160-170
2026-05-23 06:25:53,091 [trainer.py] => No NME accuracy.
2026-05-23 06:25:53,137 [trainer.py] => CNN: {'total': 68.39, '00-09': 76.81, '10-19': 73.89, '20-29': 70.57, '30-39': 66.67, '40-49': 67.87, '50-59': 66.44, '60-69': 69.01, '70-79': 66.27, '80-89': 66.01, '90-99': 74.21, '100-109': 65.52, '110-119': 64.07, '120-129': 69.92, '130-139': 64.85, '140-149': 64.74, '150-159': 67.53, '160-169': 69.18, 'old': 68.35, 'new': 69.18}
2026-05-23 06:25:53,137 [trainer.py] => CNN top1 curve: [92.75, 88.42, 85.48, 82.18, 79.82, 78.46, 76.92, 75.74, 74.35, 74.0, 73.27, 72.05, 71.69, 70.73, 69.99, 69.18, 68.39]
2026-05-23 06:25:53,137 [trainer.py] => CNN top5 curve: [99.13, 97.8, 95.95, 94.81, 93.42, 92.4, 91.39, 90.38, 89.57, 89.64, 88.98, 88.15, 87.89, 86.99, 86.77, 86.18, 85.66]
2026-05-23 06:25:53,137 [trainer.py] => Average Accuracy (CNN): 76.67
2026-05-23 06:25:53,139 [trainer.py] => All params: 173048065
2026-05-23 06:25:53,141 [trainer.py] => Trainable params: 87249409
2026-05-23 06:25:53,162 [adam_adapter.py] => Learning on 170-180
2026-05-23 06:30:56,297 [trainer.py] => No NME accuracy.
2026-05-23 06:30:56,315 [trainer.py] => CNN: {'total': 67.54, '00-09': 76.23, '10-19': 73.89, '20-29': 69.86, '30-39': 66.67, '40-49': 67.54, '50-59': 64.77, '60-69': 67.36, '70-79': 65.88, '80-89': 65.68, '90-99': 74.21, '100-109': 65.13, '110-119': 64.07, '120-129': 69.14, '130-139': 64.85, '140-149': 64.74, '150-159': 67.27, '160-169': 69.18, '170-179': 60.13, 'old': 68.0, 'new': 60.13}
2026-05-23 06:30:56,315 [trainer.py] => CNN top1 curve: [92.75, 88.42, 85.48, 82.18, 79.82, 78.46, 76.92, 75.74, 74.35, 74.0, 73.27, 72.05, 71.69, 70.73, 69.99, 69.18, 68.39, 67.54]
2026-05-23 06:30:56,315 [trainer.py] => CNN top5 curve: [99.13, 97.8, 95.95, 94.81, 93.42, 92.4, 91.39, 90.38, 89.57, 89.64, 88.98, 88.15, 87.89, 86.99, 86.77, 86.18, 85.66, 84.96]
2026-05-23 06:30:56,315 [trainer.py] => Average Accuracy (CNN): 76.16
2026-05-23 06:30:56,317 [trainer.py] => All params: 173063425
2026-05-23 06:30:56,318 [trainer.py] => Trainable params: 87264769
2026-05-23 06:30:56,346 [adam_adapter.py] => Learning on 180-190
2026-05-23 06:36:01,158 [trainer.py] => No NME accuracy.
2026-05-23 06:36:01,192 [trainer.py] => CNN: {'total': 67.2, '00-09': 76.23, '10-19': 72.11, '20-29': 69.5, '30-39': 66.36, '40-49': 67.54, '50-59': 64.77, '60-69': 67.36, '70-79': 65.49, '80-89': 64.69, '90-99': 74.21, '100-109': 63.6, '110-119': 64.07, '120-129': 68.75, '130-139': 64.55, '140-149': 64.1, '150-159': 67.01, '160-169': 69.18, '170-179': 60.13, '180-189': 68.13, 'old': 67.15, 'new': 68.13}
2026-05-23 06:36:01,193 [trainer.py] => CNN top1 curve: [92.75, 88.42, 85.48, 82.18, 79.82, 78.46, 76.92, 75.74, 74.35, 74.0, 73.27, 72.05, 71.69, 70.73, 69.99, 69.18, 68.39, 67.54, 67.2]
2026-05-23 06:36:01,193 [trainer.py] => CNN top5 curve: [99.13, 97.8, 95.95, 94.81, 93.42, 92.4, 91.39, 90.38, 89.57, 89.64, 88.98, 88.15, 87.89, 86.99, 86.77, 86.18, 85.66, 84.96, 84.55]
2026-05-23 06:36:01,194 [trainer.py] => Average Accuracy (CNN): 75.69
2026-05-23 06:36:01,196 [trainer.py] => All params: 173078785
2026-05-23 06:36:01,198 [trainer.py] => Trainable params: 87280129
2026-05-23 06:36:01,224 [adam_adapter.py] => Learning on 190-200
2026-05-23 06:41:39,634 [trainer.py] => No NME accuracy.
2026-05-23 06:41:39,650 [trainer.py] => CNN: {'total': 66.92, '00-09': 75.94, '10-19': 72.11, '20-29': 69.5, '30-39': 66.36, '40-49': 67.54, '50-59': 64.09, '60-69': 67.36, '70-79': 65.1, '80-89': 64.69, '90-99': 74.21, '100-109': 63.22, '110-119': 63.17, '120-129': 68.75, '130-139': 63.64, '140-149': 64.1, '150-159': 65.46, '160-169': 68.82, '170-179': 58.54, '180-189': 68.13, '190-199': 69.05, 'old': 66.79, 'new': 69.05}
2026-05-23 06:41:39,651 [trainer.py] => CNN top1 curve: [92.75, 88.42, 85.48, 82.18, 79.82, 78.46, 76.92, 75.74, 74.35, 74.0, 73.27, 72.05, 71.69, 70.73, 69.99, 69.18, 68.39, 67.54, 67.2, 66.92]
2026-05-23 06:41:39,651 [trainer.py] => CNN top5 curve: [99.13, 97.8, 95.95, 94.81, 93.42, 92.4, 91.39, 90.38, 89.57, 89.64, 88.98, 88.15, 87.89, 86.99, 86.77, 86.18, 85.66, 84.96, 84.55, 84.08]
2026-05-23 06:41:39,651 [trainer.py] => Average Accuracy (CNN): 75.25
