2026-05-24 08:22:21,412 [trainer.py] => config: ./configs/aper/aper_adapter_inr_B100_Inc10.json
2026-05-24 08:22:21,412 [trainer.py] => prefix: exp
2026-05-24 08:22:21,413 [trainer.py] => dataset: imagenetr
2026-05-24 08:22:21,413 [trainer.py] => memory_size: 0
2026-05-24 08:22:21,413 [trainer.py] => memory_per_class: 0
2026-05-24 08:22:21,413 [trainer.py] => fixed_memory: False
2026-05-24 08:22:21,413 [trainer.py] => shuffle: True
2026-05-24 08:22:21,413 [trainer.py] => init_cls: 100
2026-05-24 08:22:21,413 [trainer.py] => increment: 10
2026-05-24 08:22:21,413 [trainer.py] => model_name: adam_adapter
2026-05-24 08:22:21,413 [trainer.py] => backbone_type: pretrained_vit_b16_224_in21k_adapter
2026-05-24 08:22:21,413 [trainer.py] => weight_decay: 0.005
2026-05-24 08:22:21,413 [trainer.py] => prompt_token_num: 30
2026-05-24 08:22:21,413 [trainer.py] => ffn_num: 64
2026-05-24 08:22:21,413 [trainer.py] => optimizer: sgd
2026-05-24 08:22:21,414 [trainer.py] => min_lr: 0
2026-05-24 08:22:21,414 [trainer.py] => device: [device(type='cuda', index=3)]
2026-05-24 08:22:21,414 [trainer.py] => seed: 1993
2026-05-24 08:22:21,414 [trainer.py] => tuned_epoch: 20
2026-05-24 08:22:21,414 [trainer.py] => init_lr: 0.05
2026-05-24 08:22:21,414 [trainer.py] => batch_size: 24
2026-05-24 08:22:21,414 [trainer.py] => nb_classes: 200
2026-05-24 08:22:21,414 [trainer.py] => nb_tasks: 11
2026-05-24 08:22:22,064 [data_manager.py] => [168, 136, 51, 9, 183, 101, 171, 99, 42, 159, 191, 70, 16, 188, 27, 10, 175, 26, 68, 187, 98, 6, 85, 35, 112, 43, 100, 0, 103, 181, 88, 59, 4, 2, 116, 174, 94, 80, 106, 1, 147, 17, 141, 131, 72, 23, 173, 54, 197, 118, 87, 32, 79, 104, 91, 19, 135, 107, 178, 36, 11, 199, 142, 8, 122, 3, 28, 57, 153, 172, 190, 56, 49, 44, 97, 62, 151, 169, 194, 55, 192, 12, 189, 78, 66, 180, 15, 137, 109, 134, 92, 119, 126, 52, 170, 40, 148, 65, 144, 64, 138, 45, 77, 89, 154, 90, 71, 193, 74, 30, 113, 143, 96, 84, 67, 50, 186, 156, 69, 21, 18, 111, 108, 58, 125, 157, 150, 110, 182, 129, 166, 83, 81, 60, 13, 165, 14, 176, 63, 117, 5, 22, 145, 121, 38, 41, 82, 127, 114, 20, 31, 53, 37, 163, 196, 130, 152, 162, 86, 76, 24, 34, 184, 149, 33, 128, 198, 155, 146, 167, 139, 120, 140, 102, 47, 25, 158, 123, 46, 164, 61, 7, 115, 75, 133, 160, 105, 132, 179, 124, 48, 73, 93, 39, 95, 195, 29, 177, 185, 161]
2026-05-24 08:22:28,488 [trainer.py] => All params: 86988288
2026-05-24 08:22:28,489 [trainer.py] => Trainable params: 1189632
2026-05-24 08:22:28,496 [adam_adapter.py] => Learning on 0-100
2026-05-24 11:07:08,920 [adam_adapter.py] => Task 0, Epoch 20/20 => Loss 1.002, Train_accy 78.25, Test_accy 83.79
2026-05-24 11:16:06,232 [trainer.py] => No NME accuracy.
2026-05-24 11:16:06,262 [trainer.py] => CNN: {'total': 77.52, '00-99': 77.52, 'old': 0, 'new': 77.52}
2026-05-24 11:16:06,263 [trainer.py] => CNN top1 curve: [77.52]
2026-05-24 11:16:06,263 [trainer.py] => CNN top5 curve: [92.13]
2026-05-24 11:16:06,263 [trainer.py] => Average Accuracy (CNN): 77.52
2026-05-24 11:16:06,266 [trainer.py] => All params: 172940545
2026-05-24 11:16:06,270 [trainer.py] => Trainable params: 87141889
2026-05-24 11:16:06,293 [adam_adapter.py] => Learning on 100-110
2026-05-24 11:18:39,058 [trainer.py] => No NME accuracy.
2026-05-24 11:18:39,059 [trainer.py] => CNN: {'total': 76.84, '00-99': 76.98, '100-109': 75.35, 'old': 76.98, 'new': 75.35}
2026-05-24 11:18:39,059 [trainer.py] => CNN top1 curve: [77.52, 76.84]
2026-05-24 11:18:39,060 [trainer.py] => CNN top5 curve: [92.13, 91.59]
2026-05-24 11:18:39,060 [trainer.py] => Average Accuracy (CNN): 77.18
2026-05-24 11:18:39,063 [trainer.py] => All params: 172955905
2026-05-24 11:18:39,066 [trainer.py] => Trainable params: 87157249
2026-05-24 11:18:39,139 [adam_adapter.py] => Learning on 110-120
2026-05-24 11:21:35,423 [trainer.py] => No NME accuracy.
2026-05-24 11:21:35,424 [trainer.py] => CNN: {'total': 75.67, '00-99': 76.35, '100-109': 73.94, '110-119': 71.54, 'old': 76.14, 'new': 71.54}
2026-05-24 11:21:35,424 [trainer.py] => CNN top1 curve: [77.52, 76.84, 75.67]
2026-05-24 11:21:35,425 [trainer.py] => CNN top5 curve: [92.13, 91.59, 90.67]
2026-05-24 11:21:35,425 [trainer.py] => Average Accuracy (CNN): 76.68
2026-05-24 11:21:35,429 [trainer.py] => All params: 172971265
2026-05-24 11:21:35,433 [trainer.py] => Trainable params: 87172609
2026-05-24 11:21:35,457 [adam_adapter.py] => Learning on 120-130
2026-05-24 11:24:22,363 [trainer.py] => No NME accuracy.
2026-05-24 11:24:22,400 [trainer.py] => CNN: {'total': 74.9, '00-99': 75.78, '100-109': 73.59, '110-119': 71.01, '120-129': 71.96, 'old': 75.12, 'new': 71.96}
2026-05-24 11:24:22,400 [trainer.py] => CNN top1 curve: [77.52, 76.84, 75.67, 74.9]
2026-05-24 11:24:22,400 [trainer.py] => CNN top5 curve: [92.13, 91.59, 90.67, 90.12]
2026-05-24 11:24:22,401 [trainer.py] => Average Accuracy (CNN): 76.23
2026-05-24 11:24:22,402 [trainer.py] => All params: 172986625
2026-05-24 11:24:22,404 [trainer.py] => Trainable params: 87187969
2026-05-24 11:24:22,427 [adam_adapter.py] => Learning on 130-140
2026-05-24 11:27:26,502 [trainer.py] => No NME accuracy.
2026-05-24 11:27:26,503 [trainer.py] => CNN: {'total': 74.63, '00-99': 75.54, '100-109': 72.89, '110-119': 71.01, '120-129': 71.22, '130-139': 74.83, 'old': 74.62, 'new': 74.83}
2026-05-24 11:27:26,503 [trainer.py] => CNN top1 curve: [77.52, 76.84, 75.67, 74.9, 74.63]
2026-05-24 11:27:26,503 [trainer.py] => CNN top5 curve: [92.13, 91.59, 90.67, 90.12, 89.84]
2026-05-24 11:27:26,503 [trainer.py] => Average Accuracy (CNN): 75.91
2026-05-24 11:27:26,506 [trainer.py] => All params: 173001985
2026-05-24 11:27:26,508 [trainer.py] => Trainable params: 87203329
2026-05-24 11:27:26,530 [adam_adapter.py] => Learning on 140-150
2026-05-24 11:30:51,893 [trainer.py] => No NME accuracy.
2026-05-24 11:30:51,893 [trainer.py] => CNN: {'total': 74.29, '00-99': 75.08, '100-109': 72.54, '110-119': 70.48, '120-129': 70.11, '130-139': 74.16, '140-149': 76.29, 'old': 74.11, 'new': 76.29}
2026-05-24 11:30:51,894 [trainer.py] => CNN top1 curve: [77.52, 76.84, 75.67, 74.9, 74.63, 74.29]
2026-05-24 11:30:51,894 [trainer.py] => CNN top5 curve: [92.13, 91.59, 90.67, 90.12, 89.84, 89.63]
2026-05-24 11:30:51,894 [trainer.py] => Average Accuracy (CNN): 75.64
2026-05-24 11:30:51,896 [trainer.py] => All params: 173017345
2026-05-24 11:30:51,897 [trainer.py] => Trainable params: 87218689
2026-05-24 11:30:51,916 [adam_adapter.py] => Learning on 150-160
2026-05-24 11:34:30,613 [trainer.py] => No NME accuracy.
2026-05-24 11:34:30,613 [trainer.py] => CNN: {'total': 73.5, '00-99': 74.41, '100-109': 72.18, '110-119': 70.21, '120-129': 67.53, '130-139': 73.83, '140-149': 75.2, '150-159': 72.93, 'old': 73.54, 'new': 72.93}
2026-05-24 11:34:30,613 [trainer.py] => CNN top1 curve: [77.52, 76.84, 75.67, 74.9, 74.63, 74.29, 73.5]
2026-05-24 11:34:30,613 [trainer.py] => CNN top5 curve: [92.13, 91.59, 90.67, 90.12, 89.84, 89.63, 88.75]
2026-05-24 11:34:30,614 [trainer.py] => Average Accuracy (CNN): 75.34
2026-05-24 11:34:30,615 [trainer.py] => All params: 173032705
2026-05-24 11:34:30,616 [trainer.py] => Trainable params: 87234049
2026-05-24 11:34:30,632 [adam_adapter.py] => Learning on 160-170
2026-05-24 11:38:02,184 [trainer.py] => No NME accuracy.
2026-05-24 11:38:02,218 [trainer.py] => CNN: {'total': 72.34, '00-99': 73.87, '100-109': 71.13, '110-119': 70.21, '120-129': 66.79, '130-139': 73.83, '140-149': 74.11, '150-159': 71.55, '160-169': 60.43, 'old': 72.89, 'new': 60.43}
2026-05-24 11:38:02,218 [trainer.py] => CNN top1 curve: [77.52, 76.84, 75.67, 74.9, 74.63, 74.29, 73.5, 72.34]
2026-05-24 11:38:02,218 [trainer.py] => CNN top5 curve: [92.13, 91.59, 90.67, 90.12, 89.84, 89.63, 88.75, 88.11]
2026-05-24 11:38:02,218 [trainer.py] => Average Accuracy (CNN): 74.96
2026-05-24 11:38:02,220 [trainer.py] => All params: 173048065
2026-05-24 11:38:02,221 [trainer.py] => Trainable params: 87249409
2026-05-24 11:38:02,238 [adam_adapter.py] => Learning on 170-180
2026-05-24 11:41:40,979 [trainer.py] => No NME accuracy.
2026-05-24 11:41:40,979 [trainer.py] => CNN: {'total': 72.46, '00-99': 73.67, '100-109': 71.13, '110-119': 70.21, '120-129': 66.79, '130-139': 73.83, '140-149': 74.11, '150-159': 71.55, '160-169': 60.0, '170-179': 77.82, 'old': 72.2, 'new': 77.82}
2026-05-24 11:41:40,979 [trainer.py] => CNN top1 curve: [77.52, 76.84, 75.67, 74.9, 74.63, 74.29, 73.5, 72.34, 72.46]
2026-05-24 11:41:40,979 [trainer.py] => CNN top5 curve: [92.13, 91.59, 90.67, 90.12, 89.84, 89.63, 88.75, 88.11, 88.08]
2026-05-24 11:41:40,979 [trainer.py] => Average Accuracy (CNN): 74.68
2026-05-24 11:41:40,981 [trainer.py] => All params: 173063425
2026-05-24 11:41:40,982 [trainer.py] => Trainable params: 87264769
2026-05-24 11:41:41,009 [adam_adapter.py] => Learning on 180-190
2026-05-24 11:45:36,234 [trainer.py] => No NME accuracy.
2026-05-24 11:45:36,235 [trainer.py] => CNN: {'total': 71.23, '00-99': 72.8, '100-109': 69.72, '110-119': 69.41, '120-129': 65.68, '130-139': 73.49, '140-149': 73.84, '150-159': 71.27, '160-169': 58.7, '170-179': 76.61, '180-189': 64.29, 'old': 71.63, 'new': 64.29}
2026-05-24 11:45:36,235 [trainer.py] => CNN top1 curve: [77.52, 76.84, 75.67, 74.9, 74.63, 74.29, 73.5, 72.34, 72.46, 71.23]
2026-05-24 11:45:36,235 [trainer.py] => CNN top5 curve: [92.13, 91.59, 90.67, 90.12, 89.84, 89.63, 88.75, 88.11, 88.08, 87.22]
2026-05-24 11:45:36,235 [trainer.py] => Average Accuracy (CNN): 74.34
2026-05-24 11:45:36,236 [trainer.py] => All params: 173078785
2026-05-24 11:45:36,237 [trainer.py] => Trainable params: 87280129
2026-05-24 11:45:36,260 [adam_adapter.py] => Learning on 190-200
2026-05-24 11:49:39,483 [trainer.py] => No NME accuracy.
2026-05-24 11:49:39,484 [trainer.py] => CNN: {'total': 70.73, '00-99': 72.46, '100-109': 67.96, '110-119': 69.41, '120-129': 65.31, '130-139': 73.15, '140-149': 73.3, '150-159': 71.27, '160-169': 56.96, '170-179': 76.21, '180-189': 63.96, '190-199': 69.37, 'old': 70.8, 'new': 69.37}
2026-05-24 11:49:39,484 [trainer.py] => CNN top1 curve: [77.52, 76.84, 75.67, 74.9, 74.63, 74.29, 73.5, 72.34, 72.46, 71.23, 70.73]
2026-05-24 11:49:39,484 [trainer.py] => CNN top5 curve: [92.13, 91.59, 90.67, 90.12, 89.84, 89.63, 88.75, 88.11, 88.08, 87.22, 86.97]
2026-05-24 11:49:39,484 [trainer.py] => Average Accuracy (CNN): 74.01
