2026-05-24 01:01:05,663 [trainer.py] => config: ./configs/aper/aper_adapter_inr_B100_Inc5.json
2026-05-24 01:01:05,663 [trainer.py] => prefix: exp
2026-05-24 01:01:05,663 [trainer.py] => dataset: imagenetr
2026-05-24 01:01:05,663 [trainer.py] => memory_size: 0
2026-05-24 01:01:05,663 [trainer.py] => memory_per_class: 0
2026-05-24 01:01:05,663 [trainer.py] => fixed_memory: False
2026-05-24 01:01:05,663 [trainer.py] => shuffle: True
2026-05-24 01:01:05,663 [trainer.py] => init_cls: 100
2026-05-24 01:01:05,663 [trainer.py] => increment: 5
2026-05-24 01:01:05,663 [trainer.py] => model_name: adam_adapter
2026-05-24 01:01:05,663 [trainer.py] => backbone_type: pretrained_vit_b16_224_in21k_adapter
2026-05-24 01:01:05,663 [trainer.py] => weight_decay: 0.005
2026-05-24 01:01:05,664 [trainer.py] => prompt_token_num: 30
2026-05-24 01:01:05,664 [trainer.py] => ffn_num: 64
2026-05-24 01:01:05,664 [trainer.py] => optimizer: sgd
2026-05-24 01:01:05,664 [trainer.py] => min_lr: 0
2026-05-24 01:01:05,664 [trainer.py] => device: [device(type='cuda', index=3)]
2026-05-24 01:01:05,664 [trainer.py] => seed: 1994
2026-05-24 01:01:05,664 [trainer.py] => tuned_epoch: 20
2026-05-24 01:01:05,664 [trainer.py] => init_lr: 0.05
2026-05-24 01:01:05,664 [trainer.py] => batch_size: 24
2026-05-24 01:01:05,664 [trainer.py] => nb_classes: 200
2026-05-24 01:01:05,664 [trainer.py] => nb_tasks: 21
2026-05-24 01:01:06,350 [data_manager.py] => [85, 41, 23, 28, 70, 87, 134, 151, 51, 159, 178, 119, 50, 117, 73, 95, 86, 147, 63, 22, 79, 175, 40, 155, 174, 54, 132, 72, 124, 157, 93, 26, 196, 74, 44, 15, 169, 122, 88, 171, 184, 6, 18, 145, 48, 197, 64, 172, 126, 96, 11, 55, 193, 66, 128, 21, 77, 113, 140, 116, 141, 133, 120, 29, 115, 14, 103, 127, 114, 19, 9, 38, 33, 195, 81, 35, 69, 181, 47, 129, 112, 168, 198, 71, 101, 188, 68, 90, 158, 163, 52, 8, 185, 59, 154, 92, 56, 183, 32, 136, 65, 45, 46, 173, 189, 108, 102, 144, 0, 107, 187, 100, 98, 192, 43, 161, 104, 75, 150, 166, 121, 60, 160, 3, 143, 153, 62, 142, 61, 110, 194, 97, 25, 177, 179, 17, 49, 31, 94, 111, 16, 53, 91, 58, 135, 83, 2, 12, 13, 165, 42, 36, 186, 105, 1, 7, 149, 170, 27, 24, 78, 167, 137, 138, 118, 10, 139, 164, 20, 57, 123, 199, 89, 130, 82, 162, 176, 148, 109, 125, 67, 106, 37, 146, 131, 180, 156, 39, 5, 84, 4, 190, 152, 191, 30, 76, 80, 34, 99, 182]
2026-05-24 01:01:15,490 [trainer.py] => All params: 86988288
2026-05-24 01:01:15,491 [trainer.py] => Trainable params: 1189632
2026-05-24 01:01:15,521 [adam_adapter.py] => Learning on 0-100
2026-05-24 03:39:32,371 [adam_adapter.py] => Task 0, Epoch 20/20 => Loss 1.023, Train_accy 77.02, Test_accy 84.87
2026-05-24 03:48:26,357 [trainer.py] => No NME accuracy.
2026-05-24 03:48:26,385 [trainer.py] => CNN: {'total': 79.21, '00-99': 79.21, 'old': 0, 'new': 79.21}
2026-05-24 03:48:26,385 [trainer.py] => CNN top1 curve: [79.21]
2026-05-24 03:48:26,385 [trainer.py] => CNN top5 curve: [91.9]
2026-05-24 03:48:26,386 [trainer.py] => Average Accuracy (CNN): 79.21
2026-05-24 03:48:26,387 [trainer.py] => All params: 172940545
2026-05-24 03:48:26,388 [trainer.py] => Trainable params: 87141889
2026-05-24 03:48:26,408 [adam_adapter.py] => Learning on 100-105
2026-05-24 03:50:27,611 [trainer.py] => No NME accuracy.
2026-05-24 03:50:27,611 [trainer.py] => CNN: {'total': 78.7, '00-99': 78.83, '100-104': 75.0, 'old': 78.83, 'new': 75.0}
2026-05-24 03:50:27,611 [trainer.py] => CNN top1 curve: [79.21, 78.7]
2026-05-24 03:50:27,611 [trainer.py] => CNN top5 curve: [91.9, 91.72]
2026-05-24 03:50:27,611 [trainer.py] => Average Accuracy (CNN): 78.96
2026-05-24 03:50:27,613 [trainer.py] => All params: 172948225
2026-05-24 03:50:27,619 [trainer.py] => Trainable params: 87149569
2026-05-24 03:50:27,643 [adam_adapter.py] => Learning on 105-110
2026-05-24 03:52:38,805 [trainer.py] => No NME accuracy.
2026-05-24 03:52:38,806 [trainer.py] => CNN: {'total': 78.27, '00-99': 78.49, '100-104': 75.0, '105-109': 76.43, 'old': 78.37, 'new': 76.43}
2026-05-24 03:52:38,806 [trainer.py] => CNN top1 curve: [79.21, 78.7, 78.27]
2026-05-24 03:52:38,806 [trainer.py] => CNN top5 curve: [91.9, 91.72, 91.62]
2026-05-24 03:52:38,806 [trainer.py] => Average Accuracy (CNN): 78.73
2026-05-24 03:52:38,807 [trainer.py] => All params: 172955905
2026-05-24 03:52:38,808 [trainer.py] => Trainable params: 87157249
2026-05-24 03:52:38,822 [adam_adapter.py] => Learning on 110-115
2026-05-24 03:54:50,996 [trainer.py] => No NME accuracy.
2026-05-24 03:54:50,997 [trainer.py] => CNN: {'total': 77.61, '00-99': 78.15, '100-104': 75.0, '105-109': 75.8, '110-114': 70.15, 'old': 77.93, 'new': 70.15}
2026-05-24 03:54:50,997 [trainer.py] => CNN top1 curve: [79.21, 78.7, 78.27, 77.61]
2026-05-24 03:54:50,997 [trainer.py] => CNN top5 curve: [91.9, 91.72, 91.62, 91.45]
2026-05-24 03:54:50,997 [trainer.py] => Average Accuracy (CNN): 78.45
2026-05-24 03:54:51,000 [trainer.py] => All params: 172963585
2026-05-24 03:54:51,003 [trainer.py] => Trainable params: 87164929
2026-05-24 03:54:51,018 [adam_adapter.py] => Learning on 115-120
2026-05-24 03:57:17,392 [trainer.py] => No NME accuracy.
2026-05-24 03:57:17,412 [trainer.py] => CNN: {'total': 76.61, '00-99': 77.67, '100-104': 74.04, '105-109': 73.25, '110-114': 70.15, '115-119': 69.5, 'old': 77.04, 'new': 69.5}
2026-05-24 03:57:17,413 [trainer.py] => CNN top1 curve: [79.21, 78.7, 78.27, 77.61, 76.61]
2026-05-24 03:57:17,413 [trainer.py] => CNN top5 curve: [91.9, 91.72, 91.62, 91.45, 90.97]
2026-05-24 03:57:17,413 [trainer.py] => Average Accuracy (CNN): 78.08
2026-05-24 03:57:17,414 [trainer.py] => All params: 172971265
2026-05-24 03:57:17,415 [trainer.py] => Trainable params: 87172609
2026-05-24 03:57:17,433 [adam_adapter.py] => Learning on 120-125
2026-05-24 03:59:34,583 [trainer.py] => No NME accuracy.
2026-05-24 03:59:34,583 [trainer.py] => CNN: {'total': 76.46, '00-99': 77.56, '100-104': 74.04, '105-109': 73.25, '110-114': 70.15, '115-119': 69.5, '120-124': 74.34, 'old': 76.52, 'new': 74.34}
2026-05-24 03:59:34,583 [trainer.py] => CNN top1 curve: [79.21, 78.7, 78.27, 77.61, 76.61, 76.46]
2026-05-24 03:59:34,583 [trainer.py] => CNN top5 curve: [91.9, 91.72, 91.62, 91.45, 90.97, 90.67]
2026-05-24 03:59:34,583 [trainer.py] => Average Accuracy (CNN): 77.81
2026-05-24 03:59:34,585 [trainer.py] => All params: 172978945
2026-05-24 03:59:34,586 [trainer.py] => Trainable params: 87180289
2026-05-24 03:59:34,606 [adam_adapter.py] => Learning on 125-130
2026-05-24 04:02:04,144 [trainer.py] => No NME accuracy.
2026-05-24 04:02:04,145 [trainer.py] => CNN: {'total': 76.21, '00-99': 77.43, '100-104': 73.08, '105-109': 73.25, '110-114': 70.15, '115-119': 69.5, '120-124': 73.45, '125-129': 74.13, 'old': 76.29, 'new': 74.13}
2026-05-24 04:02:04,145 [trainer.py] => CNN top1 curve: [79.21, 78.7, 78.27, 77.61, 76.61, 76.46, 76.21]
2026-05-24 04:02:04,145 [trainer.py] => CNN top5 curve: [91.9, 91.72, 91.62, 91.45, 90.97, 90.67, 90.57]
2026-05-24 04:02:04,145 [trainer.py] => Average Accuracy (CNN): 77.58
2026-05-24 04:02:04,147 [trainer.py] => All params: 172986625
2026-05-24 04:02:04,148 [trainer.py] => Trainable params: 87187969
2026-05-24 04:02:04,166 [adam_adapter.py] => Learning on 130-135
2026-05-24 04:04:35,271 [trainer.py] => No NME accuracy.
2026-05-24 04:04:35,271 [trainer.py] => CNN: {'total': 75.54, '00-99': 77.22, '100-104': 73.08, '105-109': 73.25, '110-114': 70.15, '115-119': 69.5, '120-124': 72.57, '125-129': 74.13, '130-134': 62.94, 'old': 76.02, 'new': 62.94}
2026-05-24 04:04:35,271 [trainer.py] => CNN top1 curve: [79.21, 78.7, 78.27, 77.61, 76.61, 76.46, 76.21, 75.54]
2026-05-24 04:04:35,271 [trainer.py] => CNN top5 curve: [91.9, 91.72, 91.62, 91.45, 90.97, 90.67, 90.57, 89.82]
2026-05-24 04:04:35,271 [trainer.py] => Average Accuracy (CNN): 77.33
2026-05-24 04:04:35,273 [trainer.py] => All params: 172994305
2026-05-24 04:04:35,274 [trainer.py] => Trainable params: 87195649
2026-05-24 04:04:35,290 [adam_adapter.py] => Learning on 135-140
2026-05-24 04:07:21,727 [trainer.py] => No NME accuracy.
2026-05-24 04:07:21,763 [trainer.py] => CNN: {'total': 75.27, '00-99': 76.98, '100-104': 72.12, '105-109': 73.25, '110-114': 70.15, '115-119': 69.5, '120-124': 72.57, '125-129': 74.13, '130-134': 62.94, '135-139': 73.8, 'old': 75.34, 'new': 73.8}
2026-05-24 04:07:21,764 [trainer.py] => CNN top1 curve: [79.21, 78.7, 78.27, 77.61, 76.61, 76.46, 76.21, 75.54, 75.27]
2026-05-24 04:07:21,764 [trainer.py] => CNN top5 curve: [91.9, 91.72, 91.62, 91.45, 90.97, 90.67, 90.57, 89.82, 89.72]
2026-05-24 04:07:21,764 [trainer.py] => Average Accuracy (CNN): 77.1
2026-05-24 04:07:21,769 [trainer.py] => All params: 173001985
2026-05-24 04:07:21,773 [trainer.py] => Trainable params: 87203329
2026-05-24 04:07:21,796 [adam_adapter.py] => Learning on 140-145
2026-05-24 04:10:05,193 [trainer.py] => No NME accuracy.
2026-05-24 04:10:05,231 [trainer.py] => CNN: {'total': 74.81, '00-99': 76.4, '100-104': 72.12, '105-109': 73.25, '110-114': 70.15, '115-119': 67.5, '120-124': 72.57, '125-129': 73.43, '130-134': 62.24, '135-139': 73.26, '140-144': 78.38, 'old': 74.68, 'new': 78.38}
2026-05-24 04:10:05,232 [trainer.py] => CNN top1 curve: [79.21, 78.7, 78.27, 77.61, 76.61, 76.46, 76.21, 75.54, 75.27, 74.81]
2026-05-24 04:10:05,232 [trainer.py] => CNN top5 curve: [91.9, 91.72, 91.62, 91.45, 90.97, 90.67, 90.57, 89.82, 89.72, 89.68]
2026-05-24 04:10:05,232 [trainer.py] => Average Accuracy (CNN): 76.87
2026-05-24 04:10:05,233 [trainer.py] => All params: 173009665
2026-05-24 04:10:05,235 [trainer.py] => Trainable params: 87211009
2026-05-24 04:10:05,258 [adam_adapter.py] => Learning on 145-150
2026-05-24 04:12:57,610 [trainer.py] => No NME accuracy.
2026-05-24 04:12:57,639 [trainer.py] => CNN: {'total': 74.57, '00-99': 76.36, '100-104': 72.12, '105-109': 73.25, '110-114': 70.15, '115-119': 67.5, '120-124': 72.57, '125-129': 73.43, '130-134': 62.24, '135-139': 73.26, '140-144': 78.38, '145-149': 68.9, 'old': 74.79, 'new': 68.9}
2026-05-24 04:12:57,639 [trainer.py] => CNN top1 curve: [79.21, 78.7, 78.27, 77.61, 76.61, 76.46, 76.21, 75.54, 75.27, 74.81, 74.57]
2026-05-24 04:12:57,639 [trainer.py] => CNN top5 curve: [91.9, 91.72, 91.62, 91.45, 90.97, 90.67, 90.57, 89.82, 89.72, 89.68, 89.41]
2026-05-24 04:12:57,640 [trainer.py] => Average Accuracy (CNN): 76.66
2026-05-24 04:12:57,644 [trainer.py] => All params: 173017345
2026-05-24 04:12:57,648 [trainer.py] => Trainable params: 87218689
2026-05-24 04:12:57,671 [adam_adapter.py] => Learning on 150-155
2026-05-24 04:16:08,539 [trainer.py] => No NME accuracy.
2026-05-24 04:16:08,539 [trainer.py] => CNN: {'total': 73.7, '00-99': 75.95, '100-104': 70.19, '105-109': 73.25, '110-114': 70.15, '115-119': 66.5, '120-124': 72.57, '125-129': 72.73, '130-134': 62.24, '135-139': 73.26, '140-144': 78.38, '145-149': 64.02, '150-154': 68.09, 'old': 74.0, 'new': 68.09}
2026-05-24 04:16:08,539 [trainer.py] => CNN top1 curve: [79.21, 78.7, 78.27, 77.61, 76.61, 76.46, 76.21, 75.54, 75.27, 74.81, 74.57, 73.7]
2026-05-24 04:16:08,539 [trainer.py] => CNN top5 curve: [91.9, 91.72, 91.62, 91.45, 90.97, 90.67, 90.57, 89.82, 89.72, 89.68, 89.41, 89.04]
2026-05-24 04:16:08,540 [trainer.py] => Average Accuracy (CNN): 76.41
2026-05-24 04:16:08,541 [trainer.py] => All params: 173025025
2026-05-24 04:16:08,542 [trainer.py] => Trainable params: 87226369
2026-05-24 04:16:08,555 [adam_adapter.py] => Learning on 155-160
2026-05-24 04:19:09,662 [trainer.py] => No NME accuracy.
2026-05-24 04:19:09,686 [trainer.py] => CNN: {'total': 73.37, '00-99': 75.61, '100-104': 70.19, '105-109': 73.25, '110-114': 70.15, '115-119': 66.5, '120-124': 72.57, '125-129': 72.73, '130-134': 61.54, '135-139': 73.26, '140-144': 78.38, '145-149': 64.02, '150-154': 67.66, '155-159': 71.24, 'old': 73.44, 'new': 71.24}
2026-05-24 04:19:09,686 [trainer.py] => CNN top1 curve: [79.21, 78.7, 78.27, 77.61, 76.61, 76.46, 76.21, 75.54, 75.27, 74.81, 74.57, 73.7, 73.37]
2026-05-24 04:19:09,686 [trainer.py] => CNN top5 curve: [91.9, 91.72, 91.62, 91.45, 90.97, 90.67, 90.57, 89.82, 89.72, 89.68, 89.41, 89.04, 88.82]
2026-05-24 04:19:09,686 [trainer.py] => Average Accuracy (CNN): 76.18
2026-05-24 04:19:09,688 [trainer.py] => All params: 173032705
2026-05-24 04:19:09,689 [trainer.py] => Trainable params: 87234049
2026-05-24 04:19:09,711 [adam_adapter.py] => Learning on 160-165
2026-05-24 04:22:20,338 [trainer.py] => No NME accuracy.
2026-05-24 04:22:20,339 [trainer.py] => CNN: {'total': 72.41, '00-99': 74.68, '100-104': 70.19, '105-109': 71.97, '110-114': 69.4, '115-119': 66.5, '120-124': 70.8, '125-129': 72.03, '130-134': 61.54, '135-139': 72.73, '140-144': 78.38, '145-149': 64.02, '150-154': 67.66, '155-159': 71.24, '160-164': 64.24, 'old': 72.66, 'new': 64.24}
2026-05-24 04:22:20,339 [trainer.py] => CNN top1 curve: [79.21, 78.7, 78.27, 77.61, 76.61, 76.46, 76.21, 75.54, 75.27, 74.81, 74.57, 73.7, 73.37, 72.41]
2026-05-24 04:22:20,339 [trainer.py] => CNN top5 curve: [91.9, 91.72, 91.62, 91.45, 90.97, 90.67, 90.57, 89.82, 89.72, 89.68, 89.41, 89.04, 88.82, 88.28]
2026-05-24 04:22:20,339 [trainer.py] => Average Accuracy (CNN): 75.91
2026-05-24 04:22:20,344 [trainer.py] => All params: 173040385
2026-05-24 04:22:20,348 [trainer.py] => Trainable params: 87241729
2026-05-24 04:22:20,376 [adam_adapter.py] => Learning on 165-170
2026-05-24 04:25:31,658 [trainer.py] => No NME accuracy.
2026-05-24 04:25:31,689 [trainer.py] => CNN: {'total': 72.35, '00-99': 74.51, '100-104': 70.19, '105-109': 71.97, '110-114': 69.4, '115-119': 66.5, '120-124': 70.8, '125-129': 72.03, '130-134': 61.54, '135-139': 72.73, '140-144': 78.38, '145-149': 62.2, '150-154': 67.66, '155-159': 71.24, '160-164': 64.24, '165-169': 76.56, 'old': 72.25, 'new': 76.56}
2026-05-24 04:25:31,689 [trainer.py] => CNN top1 curve: [79.21, 78.7, 78.27, 77.61, 76.61, 76.46, 76.21, 75.54, 75.27, 74.81, 74.57, 73.7, 73.37, 72.41, 72.35]
2026-05-24 04:25:31,689 [trainer.py] => CNN top5 curve: [91.9, 91.72, 91.62, 91.45, 90.97, 90.67, 90.57, 89.82, 89.72, 89.68, 89.41, 89.04, 88.82, 88.28, 88.24]
2026-05-24 04:25:31,690 [trainer.py] => Average Accuracy (CNN): 75.67
2026-05-24 04:25:31,691 [trainer.py] => All params: 173048065
2026-05-24 04:25:31,692 [trainer.py] => Trainable params: 87249409
2026-05-24 04:25:31,707 [adam_adapter.py] => Learning on 170-175
2026-05-24 04:29:00,106 [trainer.py] => No NME accuracy.
2026-05-24 04:29:00,137 [trainer.py] => CNN: {'total': 71.69, '00-99': 74.13, '100-104': 70.19, '105-109': 70.7, '110-114': 69.4, '115-119': 66.5, '120-124': 70.8, '125-129': 70.63, '130-134': 61.54, '135-139': 72.19, '140-144': 78.38, '145-149': 61.59, '150-154': 67.66, '155-159': 71.24, '160-164': 64.24, '165-169': 76.56, '170-174': 62.5, 'old': 72.02, 'new': 62.5}
2026-05-24 04:29:00,137 [trainer.py] => CNN top1 curve: [79.21, 78.7, 78.27, 77.61, 76.61, 76.46, 76.21, 75.54, 75.27, 74.81, 74.57, 73.7, 73.37, 72.41, 72.35, 71.69]
2026-05-24 04:29:00,137 [trainer.py] => CNN top5 curve: [91.9, 91.72, 91.62, 91.45, 90.97, 90.67, 90.57, 89.82, 89.72, 89.68, 89.41, 89.04, 88.82, 88.28, 88.24, 87.87]
2026-05-24 04:29:00,137 [trainer.py] => Average Accuracy (CNN): 75.42
2026-05-24 04:29:00,139 [trainer.py] => All params: 173055745
2026-05-24 04:29:00,140 [trainer.py] => Trainable params: 87257089
2026-05-24 04:29:00,161 [adam_adapter.py] => Learning on 175-180
2026-05-24 04:32:23,204 [trainer.py] => No NME accuracy.
2026-05-24 04:32:23,237 [trainer.py] => CNN: {'total': 71.36, '00-99': 73.96, '100-104': 69.23, '105-109': 70.7, '110-114': 69.4, '115-119': 66.5, '120-124': 69.91, '125-129': 70.63, '130-134': 61.54, '135-139': 72.19, '140-144': 78.38, '145-149': 61.59, '150-154': 67.66, '155-159': 69.93, '160-164': 64.24, '165-169': 76.56, '170-174': 62.5, '175-179': 65.15, 'old': 71.52, 'new': 65.15}
2026-05-24 04:32:23,237 [trainer.py] => CNN top1 curve: [79.21, 78.7, 78.27, 77.61, 76.61, 76.46, 76.21, 75.54, 75.27, 74.81, 74.57, 73.7, 73.37, 72.41, 72.35, 71.69, 71.36]
2026-05-24 04:32:23,237 [trainer.py] => CNN top5 curve: [91.9, 91.72, 91.62, 91.45, 90.97, 90.67, 90.57, 89.82, 89.72, 89.68, 89.41, 89.04, 88.82, 88.28, 88.24, 87.87, 87.5]
2026-05-24 04:32:23,237 [trainer.py] => Average Accuracy (CNN): 75.18
2026-05-24 04:32:23,238 [trainer.py] => All params: 173063425
2026-05-24 04:32:23,240 [trainer.py] => Trainable params: 87264769
2026-05-24 04:32:23,258 [adam_adapter.py] => Learning on 180-185
2026-05-24 04:35:40,549 [trainer.py] => No NME accuracy.
2026-05-24 04:35:40,590 [trainer.py] => CNN: {'total': 71.07, '00-99': 73.76, '100-104': 69.23, '105-109': 67.52, '110-114': 69.4, '115-119': 66.5, '120-124': 69.91, '125-129': 69.93, '130-134': 61.54, '135-139': 72.19, '140-144': 76.35, '145-149': 61.59, '150-154': 67.23, '155-159': 69.93, '160-164': 64.24, '165-169': 76.56, '170-174': 62.5, '175-179': 65.15, '180-184': 71.79, 'old': 71.06, 'new': 71.79}
2026-05-24 04:35:40,590 [trainer.py] => CNN top1 curve: [79.21, 78.7, 78.27, 77.61, 76.61, 76.46, 76.21, 75.54, 75.27, 74.81, 74.57, 73.7, 73.37, 72.41, 72.35, 71.69, 71.36, 71.07]
2026-05-24 04:35:40,590 [trainer.py] => CNN top5 curve: [91.9, 91.72, 91.62, 91.45, 90.97, 90.67, 90.57, 89.82, 89.72, 89.68, 89.41, 89.04, 88.82, 88.28, 88.24, 87.87, 87.5, 87.31]
2026-05-24 04:35:40,591 [trainer.py] => Average Accuracy (CNN): 74.96
2026-05-24 04:35:40,594 [trainer.py] => All params: 173071105
2026-05-24 04:35:40,597 [trainer.py] => Trainable params: 87272449
2026-05-24 04:35:40,625 [adam_adapter.py] => Learning on 185-190
2026-05-24 04:39:18,365 [trainer.py] => No NME accuracy.
2026-05-24 04:39:18,408 [trainer.py] => CNN: {'total': 71.12, '00-99': 73.55, '100-104': 69.23, '105-109': 67.52, '110-114': 69.4, '115-119': 66.5, '120-124': 69.91, '125-129': 69.93, '130-134': 61.54, '135-139': 72.19, '140-144': 76.35, '145-149': 61.59, '150-154': 67.23, '155-159': 69.93, '160-164': 64.24, '165-169': 76.56, '170-174': 62.5, '175-179': 65.15, '180-184': 71.79, '185-189': 75.38, 'old': 70.96, 'new': 75.38}
2026-05-24 04:39:18,408 [trainer.py] => CNN top1 curve: [79.21, 78.7, 78.27, 77.61, 76.61, 76.46, 76.21, 75.54, 75.27, 74.81, 74.57, 73.7, 73.37, 72.41, 72.35, 71.69, 71.36, 71.07, 71.12]
2026-05-24 04:39:18,408 [trainer.py] => CNN top5 curve: [91.9, 91.72, 91.62, 91.45, 90.97, 90.67, 90.57, 89.82, 89.72, 89.68, 89.41, 89.04, 88.82, 88.28, 88.24, 87.87, 87.5, 87.31, 87.24]
2026-05-24 04:39:18,408 [trainer.py] => Average Accuracy (CNN): 74.75
2026-05-24 04:39:18,410 [trainer.py] => All params: 173078785
2026-05-24 04:39:18,412 [trainer.py] => Trainable params: 87280129
2026-05-24 04:39:18,432 [adam_adapter.py] => Learning on 190-195
2026-05-24 04:43:01,601 [trainer.py] => No NME accuracy.
2026-05-24 04:43:01,601 [trainer.py] => CNN: {'total': 70.75, '00-99': 73.38, '100-104': 68.27, '105-109': 67.52, '110-114': 69.4, '115-119': 66.5, '120-124': 69.91, '125-129': 69.93, '130-134': 61.54, '135-139': 70.05, '140-144': 76.35, '145-149': 60.98, '150-154': 66.81, '155-159': 68.63, '160-164': 63.58, '165-169': 76.56, '170-174': 60.87, '175-179': 65.15, '180-184': 71.79, '185-189': 74.87, '190-194': 69.73, 'old': 70.78, 'new': 69.73}
2026-05-24 04:43:01,601 [trainer.py] => CNN top1 curve: [79.21, 78.7, 78.27, 77.61, 76.61, 76.46, 76.21, 75.54, 75.27, 74.81, 74.57, 73.7, 73.37, 72.41, 72.35, 71.69, 71.36, 71.07, 71.12, 70.75]
2026-05-24 04:43:01,601 [trainer.py] => CNN top5 curve: [91.9, 91.72, 91.62, 91.45, 90.97, 90.67, 90.57, 89.82, 89.72, 89.68, 89.41, 89.04, 88.82, 88.28, 88.24, 87.87, 87.5, 87.31, 87.24, 86.96]
2026-05-24 04:43:01,601 [trainer.py] => Average Accuracy (CNN): 74.55
2026-05-24 04:43:01,603 [trainer.py] => All params: 173086465
2026-05-24 04:43:01,604 [trainer.py] => Trainable params: 87287809
2026-05-24 04:43:01,621 [adam_adapter.py] => Learning on 195-200
2026-05-24 04:46:48,518 [trainer.py] => No NME accuracy.
2026-05-24 04:46:48,551 [trainer.py] => CNN: {'total': 70.68, '00-99': 73.34, '100-104': 67.31, '105-109': 67.52, '110-114': 69.4, '115-119': 65.5, '120-124': 69.91, '125-129': 69.93, '130-134': 61.54, '135-139': 70.05, '140-144': 75.68, '145-149': 60.98, '150-154': 65.96, '155-159': 68.63, '160-164': 62.91, '165-169': 76.56, '170-174': 58.7, '175-179': 65.15, '180-184': 71.79, '185-189': 74.87, '190-194': 69.73, '195-199': 76.16, 'old': 70.54, 'new': 76.16}
2026-05-24 04:46:48,551 [trainer.py] => CNN top1 curve: [79.21, 78.7, 78.27, 77.61, 76.61, 76.46, 76.21, 75.54, 75.27, 74.81, 74.57, 73.7, 73.37, 72.41, 72.35, 71.69, 71.36, 71.07, 71.12, 70.75, 70.68]
2026-05-24 04:46:48,551 [trainer.py] => CNN top5 curve: [91.9, 91.72, 91.62, 91.45, 90.97, 90.67, 90.57, 89.82, 89.72, 89.68, 89.41, 89.04, 88.82, 88.28, 88.24, 87.87, 87.5, 87.31, 87.24, 86.96, 86.9]
2026-05-24 04:46:48,551 [trainer.py] => Average Accuracy (CNN): 74.37
