2026-05-25 12:46:01,341 [trainer.py] => config: ./configs/aper/aper_adapter_omn_B0_Inc5.json
2026-05-25 12:46:01,341 [trainer.py] => prefix: exp
2026-05-25 12:46:01,341 [trainer.py] => dataset: omnibenchmark
2026-05-25 12:46:01,341 [trainer.py] => memory_size: 0
2026-05-25 12:46:01,342 [trainer.py] => memory_per_class: 0
2026-05-25 12:46:01,342 [trainer.py] => fixed_memory: False
2026-05-25 12:46:01,342 [trainer.py] => shuffle: True
2026-05-25 12:46:01,342 [trainer.py] => init_cls: 5
2026-05-25 12:46:01,342 [trainer.py] => increment: 5
2026-05-25 12:46:01,342 [trainer.py] => model_name: adam_adapter
2026-05-25 12:46:01,343 [trainer.py] => backbone_type: pretrained_vit_b16_224_in21k_adapter
2026-05-25 12:46:01,343 [trainer.py] => weight_decay: 0.0005
2026-05-25 12:46:01,343 [trainer.py] => prompt_token_num: 30
2026-05-25 12:46:01,343 [trainer.py] => ffn_num: 64
2026-05-25 12:46:01,343 [trainer.py] => optimizer: sgd
2026-05-25 12:46:01,343 [trainer.py] => min_lr: 0
2026-05-25 12:46:01,344 [trainer.py] => device: [device(type='cuda', index=3)]
2026-05-25 12:46:01,344 [trainer.py] => seed: 1993
2026-05-25 12:46:01,344 [trainer.py] => tuned_epoch: 20
2026-05-25 12:46:01,344 [trainer.py] => init_lr: 0.01
2026-05-25 12:46:01,344 [trainer.py] => batch_size: 48
2026-05-25 12:46:01,344 [trainer.py] => nb_classes: 300
2026-05-25 12:46:01,345 [trainer.py] => nb_tasks: 60
2026-05-25 12:46:03,558 [data_manager.py] => [169, 221, 146, 296, 92, 229, 49, 70, 126, 77, 243, 57, 120, 223, 27, 217, 154, 8, 101, 182, 54, 50, 97, 162, 28, 193, 79, 6, 151, 0, 173, 187, 44, 277, 157, 16, 257, 122, 35, 9, 171, 176, 134, 4, 87, 255, 112, 153, 246, 286, 147, 186, 107, 98, 10, 7, 266, 214, 36, 165, 139, 254, 103, 269, 59, 23, 298, 39, 73, 208, 135, 299, 102, 20, 12, 268, 11, 209, 161, 210, 74, 42, 56, 99, 235, 133, 159, 189, 145, 238, 215, 241, 138, 195, 233, 279, 88, 199, 64, 280, 26, 203, 17, 245, 174, 236, 137, 252, 80, 68, 181, 150, 118, 94, 75, 2, 109, 119, 232, 15, 69, 184, 201, 261, 55, 287, 273, 66, 175, 32, 142, 136, 116, 76, 179, 1, 91, 248, 275, 240, 290, 170, 132, 106, 265, 270, 85, 19, 284, 43, 259, 293, 228, 200, 104, 227, 51, 224, 163, 297, 216, 260, 93, 46, 100, 272, 105, 72, 131, 3, 156, 256, 249, 48, 113, 82, 172, 213, 62, 53, 271, 168, 253, 226, 183, 180, 276, 283, 78, 61, 143, 278, 30, 141, 196, 264, 231, 52, 222, 40, 125, 219, 65, 166, 192, 289, 45, 205, 89, 267, 90, 71, 167, 262, 281, 212, 96, 84, 127, 67, 294, 178, 288, 197, 21, 18, 111, 108, 58, 230, 188, 31, 110, 291, 129, 24, 204, 83, 81, 251, 60, 13, 128, 14, 86, 63, 117, 198, 274, 5, 22, 144, 258, 121, 38, 207, 148, 292, 41, 234, 237, 114, 202, 37, 149, 206, 155, 29, 130, 177, 194, 152, 34, 33, 239, 160, 140, 47, 244, 25, 282, 158, 211, 123, 190, 218, 164, 247, 263, 191, 220, 115, 242, 250, 124, 295, 95, 285, 225, 185]
2026-05-25 12:46:09,516 [trainer.py] => All params: 86988288
2026-05-25 12:46:09,517 [trainer.py] => Trainable params: 1189632
2026-05-25 12:46:09,530 [adam_adapter.py] => Learning on 0-5
2026-05-25 13:02:26,130 [adam_adapter.py] => Task 0, Epoch 20/20 => Loss 0.068, Train_accy 99.45, Test_accy 100.00
2026-05-25 13:03:25,542 [trainer.py] => No NME accuracy.
2026-05-25 13:03:25,543 [trainer.py] => CNN: {'total': 100.0, '00-04': 100.0, 'old': 0, 'new': 100.0}
2026-05-25 13:03:25,543 [trainer.py] => CNN top1 curve: [100.0]
2026-05-25 13:03:25,544 [trainer.py] => CNN top5 curve: [100.0]
2026-05-25 13:03:25,544 [trainer.py] => Average Accuracy (CNN): 100.0
2026-05-25 13:03:25,548 [trainer.py] => All params: 172794625
2026-05-25 13:03:25,552 [trainer.py] => Trainable params: 86995969
2026-05-25 13:03:25,581 [adam_adapter.py] => Learning on 5-10
2026-05-25 13:04:10,635 [trainer.py] => No NME accuracy.
2026-05-25 13:04:10,664 [trainer.py] => CNN: {'total': 93.0, '00-04': 95.0, '05-09': 91.0, 'old': 95.0, 'new': 91.0}
2026-05-25 13:04:10,664 [trainer.py] => CNN top1 curve: [100.0, 93.0]
2026-05-25 13:04:10,664 [trainer.py] => CNN top5 curve: [100.0, 100.0]
2026-05-25 13:04:10,665 [trainer.py] => Average Accuracy (CNN): 96.5
2026-05-25 13:04:10,667 [trainer.py] => All params: 172802305
2026-05-25 13:04:10,669 [trainer.py] => Trainable params: 87003649
2026-05-25 13:04:10,682 [adam_adapter.py] => Learning on 10-15
2026-05-25 13:04:59,777 [trainer.py] => No NME accuracy.
2026-05-25 13:04:59,777 [trainer.py] => CNN: {'total': 91.33, '00-04': 93.0, '05-09': 89.0, '10-14': 92.0, 'old': 91.0, 'new': 92.0}
2026-05-25 13:04:59,778 [trainer.py] => CNN top1 curve: [100.0, 93.0, 91.33]
2026-05-25 13:04:59,778 [trainer.py] => CNN top5 curve: [100.0, 100.0, 100.0]
2026-05-25 13:04:59,778 [trainer.py] => Average Accuracy (CNN): 94.78
2026-05-25 13:04:59,782 [trainer.py] => All params: 172809985
2026-05-25 13:04:59,786 [trainer.py] => Trainable params: 87011329
2026-05-25 13:04:59,804 [adam_adapter.py] => Learning on 15-20
2026-05-25 13:05:53,427 [trainer.py] => No NME accuracy.
2026-05-25 13:05:53,452 [trainer.py] => CNN: {'total': 93.25, '00-04': 93.0, '05-09': 89.0, '10-14': 91.0, '15-19': 100.0, 'old': 91.0, 'new': 100.0}
2026-05-25 13:05:53,452 [trainer.py] => CNN top1 curve: [100.0, 93.0, 91.33, 93.25]
2026-05-25 13:05:53,452 [trainer.py] => CNN top5 curve: [100.0, 100.0, 100.0, 99.75]
2026-05-25 13:05:53,452 [trainer.py] => Average Accuracy (CNN): 94.4
2026-05-25 13:05:53,457 [trainer.py] => All params: 172817665
2026-05-25 13:05:53,461 [trainer.py] => Trainable params: 87019009
2026-05-25 13:05:53,479 [adam_adapter.py] => Learning on 20-25
2026-05-25 13:06:46,802 [trainer.py] => No NME accuracy.
2026-05-25 13:06:46,802 [trainer.py] => CNN: {'total': 89.0, '00-04': 92.0, '05-09': 88.0, '10-14': 88.0, '15-19': 90.0, '20-24': 87.0, 'old': 89.5, 'new': 87.0}
2026-05-25 13:06:46,802 [trainer.py] => CNN top1 curve: [100.0, 93.0, 91.33, 93.25, 89.0]
2026-05-25 13:06:46,802 [trainer.py] => CNN top5 curve: [100.0, 100.0, 100.0, 99.75, 99.8]
2026-05-25 13:06:46,802 [trainer.py] => Average Accuracy (CNN): 93.32
2026-05-25 13:06:46,804 [trainer.py] => All params: 172825345
2026-05-25 13:06:46,805 [trainer.py] => Trainable params: 87026689
2026-05-25 13:06:46,818 [adam_adapter.py] => Learning on 25-30
2026-05-25 13:07:49,075 [trainer.py] => No NME accuracy.
2026-05-25 13:07:49,093 [trainer.py] => CNN: {'total': 86.83, '00-04': 92.0, '05-09': 87.0, '10-14': 86.0, '15-19': 89.0, '20-24': 84.0, '25-29': 83.0, 'old': 87.6, 'new': 83.0}
2026-05-25 13:07:49,093 [trainer.py] => CNN top1 curve: [100.0, 93.0, 91.33, 93.25, 89.0, 86.83]
2026-05-25 13:07:49,093 [trainer.py] => CNN top5 curve: [100.0, 100.0, 100.0, 99.75, 99.8, 99.0]
2026-05-25 13:07:49,093 [trainer.py] => Average Accuracy (CNN): 92.24
2026-05-25 13:07:49,097 [trainer.py] => All params: 172833025
2026-05-25 13:07:49,100 [trainer.py] => Trainable params: 87034369
2026-05-25 13:07:49,113 [adam_adapter.py] => Learning on 30-35
2026-05-25 13:08:47,581 [trainer.py] => No NME accuracy.
2026-05-25 13:08:47,582 [trainer.py] => CNN: {'total': 87.86, '00-04': 92.0, '05-09': 87.0, '10-14': 86.0, '15-19': 89.0, '20-24': 83.0, '25-29': 83.0, '30-34': 95.0, 'old': 86.67, 'new': 95.0}
2026-05-25 13:08:47,582 [trainer.py] => CNN top1 curve: [100.0, 93.0, 91.33, 93.25, 89.0, 86.83, 87.86]
2026-05-25 13:08:47,582 [trainer.py] => CNN top5 curve: [100.0, 100.0, 100.0, 99.75, 99.8, 99.0, 99.14]
2026-05-25 13:08:47,582 [trainer.py] => Average Accuracy (CNN): 91.61
2026-05-25 13:08:47,584 [trainer.py] => All params: 172840705
2026-05-25 13:08:47,585 [trainer.py] => Trainable params: 87042049
2026-05-25 13:08:47,601 [adam_adapter.py] => Learning on 35-40
2026-05-25 13:09:51,523 [trainer.py] => No NME accuracy.
2026-05-25 13:09:51,549 [trainer.py] => CNN: {'total': 87.75, '00-04': 92.0, '05-09': 80.0, '10-14': 86.0, '15-19': 89.0, '20-24': 83.0, '25-29': 83.0, '30-34': 94.0, '35-39': 95.0, 'old': 86.71, 'new': 95.0}
2026-05-25 13:09:51,549 [trainer.py] => CNN top1 curve: [100.0, 93.0, 91.33, 93.25, 89.0, 86.83, 87.86, 87.75]
2026-05-25 13:09:51,549 [trainer.py] => CNN top5 curve: [100.0, 100.0, 100.0, 99.75, 99.8, 99.0, 99.14, 99.12]
2026-05-25 13:09:51,549 [trainer.py] => Average Accuracy (CNN): 91.13
2026-05-25 13:09:51,551 [trainer.py] => All params: 172848385
2026-05-25 13:09:51,552 [trainer.py] => Trainable params: 87049729
2026-05-25 13:09:51,569 [adam_adapter.py] => Learning on 40-45
2026-05-25 13:10:58,029 [trainer.py] => No NME accuracy.
2026-05-25 13:10:58,050 [trainer.py] => CNN: {'total': 87.0, '00-04': 92.0, '05-09': 80.0, '10-14': 86.0, '15-19': 89.0, '20-24': 80.0, '25-29': 82.0, '30-34': 94.0, '35-39': 95.0, '40-44': 85.0, 'old': 87.25, 'new': 85.0}
2026-05-25 13:10:58,050 [trainer.py] => CNN top1 curve: [100.0, 93.0, 91.33, 93.25, 89.0, 86.83, 87.86, 87.75, 87.0]
2026-05-25 13:10:58,050 [trainer.py] => CNN top5 curve: [100.0, 100.0, 100.0, 99.75, 99.8, 99.0, 99.14, 99.12, 98.0]
2026-05-25 13:10:58,051 [trainer.py] => Average Accuracy (CNN): 90.67
2026-05-25 13:10:58,053 [trainer.py] => All params: 172856065
2026-05-25 13:10:58,055 [trainer.py] => Trainable params: 87057409
2026-05-25 13:10:58,071 [adam_adapter.py] => Learning on 45-50
2026-05-25 13:12:06,693 [trainer.py] => No NME accuracy.
2026-05-25 13:12:06,713 [trainer.py] => CNN: {'total': 87.3, '00-04': 92.0, '05-09': 80.0, '10-14': 86.0, '15-19': 89.0, '20-24': 79.0, '25-29': 80.0, '30-34': 94.0, '35-39': 95.0, '40-44': 85.0, '45-49': 93.0, 'old': 86.67, 'new': 93.0}
2026-05-25 13:12:06,713 [trainer.py] => CNN top1 curve: [100.0, 93.0, 91.33, 93.25, 89.0, 86.83, 87.86, 87.75, 87.0, 87.3]
2026-05-25 13:12:06,713 [trainer.py] => CNN top5 curve: [100.0, 100.0, 100.0, 99.75, 99.8, 99.0, 99.14, 99.12, 98.0, 98.0]
2026-05-25 13:12:06,713 [trainer.py] => Average Accuracy (CNN): 90.33
2026-05-25 13:12:06,716 [trainer.py] => All params: 172863745
2026-05-25 13:12:06,718 [trainer.py] => Trainable params: 87065089
2026-05-25 13:12:06,730 [adam_adapter.py] => Learning on 50-55
2026-05-25 13:13:24,141 [trainer.py] => No NME accuracy.
2026-05-25 13:13:24,173 [trainer.py] => CNN: {'total': 88.09, '00-04': 91.0, '05-09': 80.0, '10-14': 86.0, '15-19': 89.0, '20-24': 79.0, '25-29': 80.0, '30-34': 94.0, '35-39': 95.0, '40-44': 84.0, '45-49': 93.0, '50-54': 98.0, 'old': 87.1, 'new': 98.0}
2026-05-25 13:13:24,174 [trainer.py] => CNN top1 curve: [100.0, 93.0, 91.33, 93.25, 89.0, 86.83, 87.86, 87.75, 87.0, 87.3, 88.09]
2026-05-25 13:13:24,174 [trainer.py] => CNN top5 curve: [100.0, 100.0, 100.0, 99.75, 99.8, 99.0, 99.14, 99.12, 98.0, 98.0, 98.09]
2026-05-25 13:13:24,174 [trainer.py] => Average Accuracy (CNN): 90.13
2026-05-25 13:13:24,175 [trainer.py] => All params: 172871425
2026-05-25 13:13:24,177 [trainer.py] => Trainable params: 87072769
2026-05-25 13:13:24,191 [adam_adapter.py] => Learning on 55-60
2026-05-25 13:14:38,055 [trainer.py] => No NME accuracy.
2026-05-25 13:14:38,068 [trainer.py] => CNN: {'total': 87.41, '00-04': 91.0, '05-09': 78.0, '10-14': 86.0, '15-19': 89.0, '20-24': 79.0, '25-29': 80.0, '30-34': 93.0, '35-39': 88.0, '40-44': 84.0, '45-49': 93.0, '50-54': 98.0, '55-59': 89.9, 'old': 87.18, 'new': 89.9}
2026-05-25 13:14:38,069 [trainer.py] => CNN top1 curve: [100.0, 93.0, 91.33, 93.25, 89.0, 86.83, 87.86, 87.75, 87.0, 87.3, 88.09, 87.41]
2026-05-25 13:14:38,069 [trainer.py] => CNN top5 curve: [100.0, 100.0, 100.0, 99.75, 99.8, 99.0, 99.14, 99.12, 98.0, 98.0, 98.09, 98.0]
2026-05-25 13:14:38,069 [trainer.py] => Average Accuracy (CNN): 89.9
2026-05-25 13:14:38,074 [trainer.py] => All params: 172879105
2026-05-25 13:14:38,078 [trainer.py] => Trainable params: 87080449
2026-05-25 13:14:38,097 [adam_adapter.py] => Learning on 60-65
2026-05-25 13:15:55,400 [trainer.py] => No NME accuracy.
2026-05-25 13:15:55,412 [trainer.py] => CNN: {'total': 87.91, '00-04': 91.0, '05-09': 77.0, '10-14': 86.0, '15-19': 88.0, '20-24': 76.0, '25-29': 80.0, '30-34': 93.0, '35-39': 88.0, '40-44': 84.0, '45-49': 93.0, '50-54': 98.0, '55-59': 88.89, '60-64': 100.0, 'old': 86.91, 'new': 100.0}
2026-05-25 13:15:55,412 [trainer.py] => CNN top1 curve: [100.0, 93.0, 91.33, 93.25, 89.0, 86.83, 87.86, 87.75, 87.0, 87.3, 88.09, 87.41, 87.91]
2026-05-25 13:15:55,412 [trainer.py] => CNN top5 curve: [100.0, 100.0, 100.0, 99.75, 99.8, 99.0, 99.14, 99.12, 98.0, 98.0, 98.09, 98.0, 98.08]
2026-05-25 13:15:55,412 [trainer.py] => Average Accuracy (CNN): 89.75
2026-05-25 13:15:55,413 [trainer.py] => All params: 172886785
2026-05-25 13:15:55,415 [trainer.py] => Trainable params: 87088129
2026-05-25 13:15:55,426 [adam_adapter.py] => Learning on 65-70
2026-05-25 13:17:16,483 [trainer.py] => No NME accuracy.
2026-05-25 13:17:16,517 [trainer.py] => CNN: {'total': 86.85, '00-04': 91.0, '05-09': 74.0, '10-14': 86.0, '15-19': 88.0, '20-24': 73.0, '25-29': 80.0, '30-34': 91.0, '35-39': 88.0, '40-44': 81.0, '45-49': 93.0, '50-54': 98.0, '55-59': 87.88, '60-64': 100.0, '65-69': 85.0, 'old': 86.99, 'new': 85.0}
2026-05-25 13:17:16,517 [trainer.py] => CNN top1 curve: [100.0, 93.0, 91.33, 93.25, 89.0, 86.83, 87.86, 87.75, 87.0, 87.3, 88.09, 87.41, 87.91, 86.85]
2026-05-25 13:17:16,517 [trainer.py] => CNN top5 curve: [100.0, 100.0, 100.0, 99.75, 99.8, 99.0, 99.14, 99.12, 98.0, 98.0, 98.09, 98.0, 98.08, 97.93]
2026-05-25 13:17:16,517 [trainer.py] => Average Accuracy (CNN): 89.54
2026-05-25 13:17:16,519 [trainer.py] => All params: 172894465
2026-05-25 13:17:16,521 [trainer.py] => Trainable params: 87095809
2026-05-25 13:17:16,535 [adam_adapter.py] => Learning on 70-75
2026-05-25 13:18:39,139 [trainer.py] => No NME accuracy.
2026-05-25 13:18:39,160 [trainer.py] => CNN: {'total': 86.59, '00-04': 91.0, '05-09': 74.0, '10-14': 86.0, '15-19': 88.0, '20-24': 73.0, '25-29': 80.0, '30-34': 91.0, '35-39': 84.0, '40-44': 81.0, '45-49': 93.0, '50-54': 98.0, '55-59': 87.88, '60-64': 100.0, '65-69': 85.0, '70-74': 87.0, 'old': 86.56, 'new': 87.0}
2026-05-25 13:18:39,160 [trainer.py] => CNN top1 curve: [100.0, 93.0, 91.33, 93.25, 89.0, 86.83, 87.86, 87.75, 87.0, 87.3, 88.09, 87.41, 87.91, 86.85, 86.59]
2026-05-25 13:18:39,160 [trainer.py] => CNN top5 curve: [100.0, 100.0, 100.0, 99.75, 99.8, 99.0, 99.14, 99.12, 98.0, 98.0, 98.09, 98.0, 98.08, 97.93, 97.8]
2026-05-25 13:18:39,160 [trainer.py] => Average Accuracy (CNN): 89.34
2026-05-25 13:18:39,162 [trainer.py] => All params: 172902145
2026-05-25 13:18:39,163 [trainer.py] => Trainable params: 87103489
2026-05-25 13:18:39,177 [adam_adapter.py] => Learning on 75-80
2026-05-25 13:20:02,508 [trainer.py] => No NME accuracy.
2026-05-25 13:20:02,527 [trainer.py] => CNN: {'total': 86.37, '00-04': 91.0, '05-09': 74.0, '10-14': 79.0, '15-19': 88.0, '20-24': 73.0, '25-29': 80.0, '30-34': 91.0, '35-39': 84.0, '40-44': 81.0, '45-49': 93.0, '50-54': 98.0, '55-59': 87.88, '60-64': 100.0, '65-69': 85.0, '70-74': 87.0, '75-79': 90.0, 'old': 86.12, 'new': 90.0}
2026-05-25 13:20:02,528 [trainer.py] => CNN top1 curve: [100.0, 93.0, 91.33, 93.25, 89.0, 86.83, 87.86, 87.75, 87.0, 87.3, 88.09, 87.41, 87.91, 86.85, 86.59, 86.37]
2026-05-25 13:20:02,528 [trainer.py] => CNN top5 curve: [100.0, 100.0, 100.0, 99.75, 99.8, 99.0, 99.14, 99.12, 98.0, 98.0, 98.09, 98.0, 98.08, 97.93, 97.8, 97.81]
2026-05-25 13:20:02,528 [trainer.py] => Average Accuracy (CNN): 89.16
2026-05-25 13:20:02,529 [trainer.py] => All params: 172909825
2026-05-25 13:20:02,530 [trainer.py] => Trainable params: 87111169
2026-05-25 13:20:02,549 [adam_adapter.py] => Learning on 80-85
2026-05-25 13:21:28,829 [trainer.py] => No NME accuracy.
2026-05-25 13:21:28,852 [trainer.py] => CNN: {'total': 84.75, '00-04': 91.0, '05-09': 73.0, '10-14': 79.0, '15-19': 88.0, '20-24': 71.0, '25-29': 80.0, '30-34': 91.0, '35-39': 84.0, '40-44': 80.0, '45-49': 93.0, '50-54': 98.0, '55-59': 87.88, '60-64': 100.0, '65-69': 83.0, '70-74': 87.0, '75-79': 90.0, '80-84': 64.65, 'old': 85.99, 'new': 64.65}
2026-05-25 13:21:28,853 [trainer.py] => CNN top1 curve: [100.0, 93.0, 91.33, 93.25, 89.0, 86.83, 87.86, 87.75, 87.0, 87.3, 88.09, 87.41, 87.91, 86.85, 86.59, 86.37, 84.75]
2026-05-25 13:21:28,853 [trainer.py] => CNN top5 curve: [100.0, 100.0, 100.0, 99.75, 99.8, 99.0, 99.14, 99.12, 98.0, 98.0, 98.09, 98.0, 98.08, 97.93, 97.8, 97.81, 96.94]
2026-05-25 13:21:28,853 [trainer.py] => Average Accuracy (CNN): 88.9
2026-05-25 13:21:28,854 [trainer.py] => All params: 172917505
2026-05-25 13:21:28,856 [trainer.py] => Trainable params: 87118849
2026-05-25 13:21:28,867 [adam_adapter.py] => Learning on 85-90
2026-05-25 13:22:58,412 [trainer.py] => No NME accuracy.
2026-05-25 13:22:58,427 [trainer.py] => CNN: {'total': 84.82, '00-04': 91.0, '05-09': 72.0, '10-14': 76.0, '15-19': 88.0, '20-24': 71.0, '25-29': 80.0, '30-34': 91.0, '35-39': 84.0, '40-44': 80.0, '45-49': 93.0, '50-54': 98.0, '55-59': 87.88, '60-64': 100.0, '65-69': 83.0, '70-74': 87.0, '75-79': 90.0, '80-84': 64.65, '85-89': 90.0, 'old': 84.51, 'new': 90.0}
2026-05-25 13:22:58,428 [trainer.py] => CNN top1 curve: [100.0, 93.0, 91.33, 93.25, 89.0, 86.83, 87.86, 87.75, 87.0, 87.3, 88.09, 87.41, 87.91, 86.85, 86.59, 86.37, 84.75, 84.82]
2026-05-25 13:22:58,428 [trainer.py] => CNN top5 curve: [100.0, 100.0, 100.0, 99.75, 99.8, 99.0, 99.14, 99.12, 98.0, 98.0, 98.09, 98.0, 98.08, 97.93, 97.8, 97.81, 96.94, 97.11]
2026-05-25 13:22:58,428 [trainer.py] => Average Accuracy (CNN): 88.67
2026-05-25 13:22:58,432 [trainer.py] => All params: 172925185
2026-05-25 13:22:58,436 [trainer.py] => Trainable params: 87126529
2026-05-25 13:22:58,451 [adam_adapter.py] => Learning on 90-95
2026-05-25 13:24:31,155 [trainer.py] => No NME accuracy.
2026-05-25 13:24:31,174 [trainer.py] => CNN: {'total': 84.88, '00-04': 91.0, '05-09': 71.0, '10-14': 75.0, '15-19': 88.0, '20-24': 71.0, '25-29': 79.0, '30-34': 91.0, '35-39': 84.0, '40-44': 79.0, '45-49': 93.0, '50-54': 98.0, '55-59': 87.88, '60-64': 100.0, '65-69': 83.0, '70-74': 87.0, '75-79': 89.0, '80-84': 64.65, '85-89': 86.0, '90-94': 95.0, 'old': 84.32, 'new': 95.0}
2026-05-25 13:24:31,175 [trainer.py] => CNN top1 curve: [100.0, 93.0, 91.33, 93.25, 89.0, 86.83, 87.86, 87.75, 87.0, 87.3, 88.09, 87.41, 87.91, 86.85, 86.59, 86.37, 84.75, 84.82, 84.88]
2026-05-25 13:24:31,175 [trainer.py] => CNN top5 curve: [100.0, 100.0, 100.0, 99.75, 99.8, 99.0, 99.14, 99.12, 98.0, 98.0, 98.09, 98.0, 98.08, 97.93, 97.8, 97.81, 96.94, 97.11, 97.26]
2026-05-25 13:24:31,175 [trainer.py] => Average Accuracy (CNN): 88.47
2026-05-25 13:24:31,179 [trainer.py] => All params: 172932865
2026-05-25 13:24:31,183 [trainer.py] => Trainable params: 87134209
2026-05-25 13:24:31,201 [adam_adapter.py] => Learning on 95-100
2026-05-25 13:26:07,107 [trainer.py] => No NME accuracy.
2026-05-25 13:26:07,129 [trainer.py] => CNN: {'total': 83.58, '00-04': 91.0, '05-09': 71.0, '10-14': 75.0, '15-19': 88.0, '20-24': 71.0, '25-29': 79.0, '30-34': 91.0, '35-39': 84.0, '40-44': 79.0, '45-49': 93.0, '50-54': 98.0, '55-59': 87.88, '60-64': 96.0, '65-69': 82.0, '70-74': 87.0, '75-79': 88.0, '80-84': 64.65, '85-89': 86.0, '90-94': 95.0, '95-99': 64.65, 'old': 84.56, 'new': 64.65}
2026-05-25 13:26:07,129 [trainer.py] => CNN top1 curve: [100.0, 93.0, 91.33, 93.25, 89.0, 86.83, 87.86, 87.75, 87.0, 87.3, 88.09, 87.41, 87.91, 86.85, 86.59, 86.37, 84.75, 84.82, 84.88, 83.58]
2026-05-25 13:26:07,130 [trainer.py] => CNN top5 curve: [100.0, 100.0, 100.0, 99.75, 99.8, 99.0, 99.14, 99.12, 98.0, 98.0, 98.09, 98.0, 98.08, 97.93, 97.8, 97.81, 96.94, 97.11, 97.26, 96.9]
2026-05-25 13:26:07,130 [trainer.py] => Average Accuracy (CNN): 88.23
2026-05-25 13:26:07,135 [trainer.py] => All params: 172940545
2026-05-25 13:26:07,139 [trainer.py] => Trainable params: 87141889
2026-05-25 13:26:07,156 [adam_adapter.py] => Learning on 100-105
2026-05-25 13:27:46,353 [trainer.py] => No NME accuracy.
2026-05-25 13:27:46,391 [trainer.py] => CNN: {'total': 83.64, '00-04': 91.0, '05-09': 71.0, '10-14': 75.0, '15-19': 85.0, '20-24': 71.0, '25-29': 79.0, '30-34': 90.0, '35-39': 84.0, '40-44': 79.0, '45-49': 93.0, '50-54': 98.0, '55-59': 87.88, '60-64': 96.0, '65-69': 82.0, '70-74': 87.0, '75-79': 87.0, '80-84': 64.65, '85-89': 86.0, '90-94': 95.0, '95-99': 64.65, '100-104': 90.0, 'old': 83.32, 'new': 90.0}
2026-05-25 13:27:46,391 [trainer.py] => CNN top1 curve: [100.0, 93.0, 91.33, 93.25, 89.0, 86.83, 87.86, 87.75, 87.0, 87.3, 88.09, 87.41, 87.91, 86.85, 86.59, 86.37, 84.75, 84.82, 84.88, 83.58, 83.64]
2026-05-25 13:27:46,392 [trainer.py] => CNN top5 curve: [100.0, 100.0, 100.0, 99.75, 99.8, 99.0, 99.14, 99.12, 98.0, 98.0, 98.09, 98.0, 98.08, 97.93, 97.8, 97.81, 96.94, 97.11, 97.26, 96.9, 96.9]
2026-05-25 13:27:46,392 [trainer.py] => Average Accuracy (CNN): 88.01
2026-05-25 13:27:46,396 [trainer.py] => All params: 172948225
2026-05-25 13:27:46,400 [trainer.py] => Trainable params: 87149569
2026-05-25 13:27:46,421 [adam_adapter.py] => Learning on 105-110
2026-05-25 13:29:27,748 [trainer.py] => No NME accuracy.
2026-05-25 13:29:27,763 [trainer.py] => CNN: {'total': 82.42, '00-04': 91.0, '05-09': 69.0, '10-14': 75.0, '15-19': 85.0, '20-24': 71.0, '25-29': 79.0, '30-34': 89.0, '35-39': 84.0, '40-44': 79.0, '45-49': 93.0, '50-54': 98.0, '55-59': 74.75, '60-64': 96.0, '65-69': 82.0, '70-74': 87.0, '75-79': 86.0, '80-84': 64.65, '85-89': 86.0, '90-94': 95.0, '95-99': 64.65, '100-104': 89.0, '105-109': 74.75, 'old': 82.78, 'new': 74.75}
2026-05-25 13:29:27,763 [trainer.py] => CNN top1 curve: [100.0, 93.0, 91.33, 93.25, 89.0, 86.83, 87.86, 87.75, 87.0, 87.3, 88.09, 87.41, 87.91, 86.85, 86.59, 86.37, 84.75, 84.82, 84.88, 83.58, 83.64, 82.42]
2026-05-25 13:29:27,763 [trainer.py] => CNN top5 curve: [100.0, 100.0, 100.0, 99.75, 99.8, 99.0, 99.14, 99.12, 98.0, 98.0, 98.09, 98.0, 98.08, 97.93, 97.8, 97.81, 96.94, 97.11, 97.26, 96.9, 96.9, 96.63]
2026-05-25 13:29:27,764 [trainer.py] => Average Accuracy (CNN): 87.76
2026-05-25 13:29:27,766 [trainer.py] => All params: 172955905
2026-05-25 13:29:27,768 [trainer.py] => Trainable params: 87157249
2026-05-25 13:29:27,781 [adam_adapter.py] => Learning on 110-115
2026-05-25 13:31:15,897 [trainer.py] => No NME accuracy.
2026-05-25 13:31:15,923 [trainer.py] => CNN: {'total': 81.45, '00-04': 89.0, '05-09': 69.0, '10-14': 75.0, '15-19': 85.0, '20-24': 70.0, '25-29': 79.0, '30-34': 89.0, '35-39': 84.0, '40-44': 78.0, '45-49': 93.0, '50-54': 97.0, '55-59': 74.75, '60-64': 96.0, '65-69': 82.0, '70-74': 84.0, '75-79': 86.0, '80-84': 61.62, '85-89': 86.0, '90-94': 95.0, '95-99': 64.65, '100-104': 89.0, '105-109': 74.75, '110-114': 71.0, 'old': 81.92, 'new': 71.0}
2026-05-25 13:31:15,924 [trainer.py] => CNN top1 curve: [100.0, 93.0, 91.33, 93.25, 89.0, 86.83, 87.86, 87.75, 87.0, 87.3, 88.09, 87.41, 87.91, 86.85, 86.59, 86.37, 84.75, 84.82, 84.88, 83.58, 83.64, 82.42, 81.45]
2026-05-25 13:31:15,924 [trainer.py] => CNN top5 curve: [100.0, 100.0, 100.0, 99.75, 99.8, 99.0, 99.14, 99.12, 98.0, 98.0, 98.09, 98.0, 98.08, 97.93, 97.8, 97.81, 96.94, 97.11, 97.26, 96.9, 96.9, 96.63, 95.73]
2026-05-25 13:31:15,924 [trainer.py] => Average Accuracy (CNN): 87.48
2026-05-25 13:31:15,928 [trainer.py] => All params: 172963585
2026-05-25 13:31:15,932 [trainer.py] => Trainable params: 87164929
2026-05-25 13:31:15,952 [adam_adapter.py] => Learning on 115-120
2026-05-25 13:33:01,872 [trainer.py] => No NME accuracy.
2026-05-25 13:33:01,909 [trainer.py] => CNN: {'total': 80.92, '00-04': 89.0, '05-09': 68.0, '10-14': 75.0, '15-19': 85.0, '20-24': 70.0, '25-29': 79.0, '30-34': 89.0, '35-39': 84.0, '40-44': 78.0, '45-49': 91.0, '50-54': 97.0, '55-59': 74.75, '60-64': 96.0, '65-69': 77.0, '70-74': 84.0, '75-79': 86.0, '80-84': 61.62, '85-89': 86.0, '90-94': 95.0, '95-99': 64.65, '100-104': 83.0, '105-109': 74.75, '110-114': 71.0, '115-119': 82.83, 'old': 80.84, 'new': 82.83}
2026-05-25 13:33:01,910 [trainer.py] => CNN top1 curve: [100.0, 93.0, 91.33, 93.25, 89.0, 86.83, 87.86, 87.75, 87.0, 87.3, 88.09, 87.41, 87.91, 86.85, 86.59, 86.37, 84.75, 84.82, 84.88, 83.58, 83.64, 82.42, 81.45, 80.92]
2026-05-25 13:33:01,910 [trainer.py] => CNN top5 curve: [100.0, 100.0, 100.0, 99.75, 99.8, 99.0, 99.14, 99.12, 98.0, 98.0, 98.09, 98.0, 98.08, 97.93, 97.8, 97.81, 96.94, 97.11, 97.26, 96.9, 96.9, 96.63, 95.73, 95.82]
2026-05-25 13:33:01,910 [trainer.py] => Average Accuracy (CNN): 87.21
2026-05-25 13:33:01,914 [trainer.py] => All params: 172971265
2026-05-25 13:33:01,918 [trainer.py] => Trainable params: 87172609
2026-05-25 13:33:01,941 [adam_adapter.py] => Learning on 120-125
2026-05-25 13:34:51,907 [trainer.py] => No NME accuracy.
2026-05-25 13:34:51,927 [trainer.py] => CNN: {'total': 80.52, '00-04': 89.0, '05-09': 68.0, '10-14': 75.0, '15-19': 85.0, '20-24': 70.0, '25-29': 79.0, '30-34': 89.0, '35-39': 84.0, '40-44': 72.0, '45-49': 91.0, '50-54': 97.0, '55-59': 74.75, '60-64': 91.0, '65-69': 75.0, '70-74': 84.0, '75-79': 86.0, '80-84': 61.62, '85-89': 86.0, '90-94': 95.0, '95-99': 64.65, '100-104': 83.0, '105-109': 74.75, '110-114': 71.0, '115-119': 82.83, '120-124': 84.0, 'old': 80.38, 'new': 84.0}
2026-05-25 13:34:51,927 [trainer.py] => CNN top1 curve: [100.0, 93.0, 91.33, 93.25, 89.0, 86.83, 87.86, 87.75, 87.0, 87.3, 88.09, 87.41, 87.91, 86.85, 86.59, 86.37, 84.75, 84.82, 84.88, 83.58, 83.64, 82.42, 81.45, 80.92, 80.52]
2026-05-25 13:34:51,928 [trainer.py] => CNN top5 curve: [100.0, 100.0, 100.0, 99.75, 99.8, 99.0, 99.14, 99.12, 98.0, 98.0, 98.09, 98.0, 98.08, 97.93, 97.8, 97.81, 96.94, 97.11, 97.26, 96.9, 96.9, 96.63, 95.73, 95.82, 95.79]
2026-05-25 13:34:51,928 [trainer.py] => Average Accuracy (CNN): 86.94
2026-05-25 13:34:51,932 [trainer.py] => All params: 172978945
2026-05-25 13:34:51,936 [trainer.py] => Trainable params: 87180289
2026-05-25 13:34:51,959 [adam_adapter.py] => Learning on 125-130
2026-05-25 13:36:41,506 [trainer.py] => No NME accuracy.
2026-05-25 13:36:41,534 [trainer.py] => CNN: {'total': 80.5, '00-04': 89.0, '05-09': 68.0, '10-14': 75.0, '15-19': 85.0, '20-24': 68.0, '25-29': 79.0, '30-34': 89.0, '35-39': 84.0, '40-44': 72.0, '45-49': 91.0, '50-54': 96.0, '55-59': 74.75, '60-64': 91.0, '65-69': 74.0, '70-74': 84.0, '75-79': 86.0, '80-84': 61.62, '85-89': 86.0, '90-94': 95.0, '95-99': 64.65, '100-104': 82.0, '105-109': 74.75, '110-114': 71.0, '115-119': 79.8, '120-124': 84.0, '125-129': 88.0, 'old': 80.2, 'new': 88.0}
2026-05-25 13:36:41,534 [trainer.py] => CNN top1 curve: [100.0, 93.0, 91.33, 93.25, 89.0, 86.83, 87.86, 87.75, 87.0, 87.3, 88.09, 87.41, 87.91, 86.85, 86.59, 86.37, 84.75, 84.82, 84.88, 83.58, 83.64, 82.42, 81.45, 80.92, 80.52, 80.5]
2026-05-25 13:36:41,534 [trainer.py] => CNN top5 curve: [100.0, 100.0, 100.0, 99.75, 99.8, 99.0, 99.14, 99.12, 98.0, 98.0, 98.09, 98.0, 98.08, 97.93, 97.8, 97.81, 96.94, 97.11, 97.26, 96.9, 96.9, 96.63, 95.73, 95.82, 95.79, 95.76]
2026-05-25 13:36:41,535 [trainer.py] => Average Accuracy (CNN): 86.69
2026-05-25 13:36:41,539 [trainer.py] => All params: 172986625
2026-05-25 13:36:41,543 [trainer.py] => Trainable params: 87187969
2026-05-25 13:36:41,563 [adam_adapter.py] => Learning on 130-135
2026-05-25 13:38:33,998 [trainer.py] => No NME accuracy.
2026-05-25 13:38:34,025 [trainer.py] => CNN: {'total': 80.59, '00-04': 89.0, '05-09': 68.0, '10-14': 75.0, '15-19': 85.0, '20-24': 68.0, '25-29': 79.0, '30-34': 89.0, '35-39': 84.0, '40-44': 72.0, '45-49': 91.0, '50-54': 94.0, '55-59': 74.75, '60-64': 91.0, '65-69': 74.0, '70-74': 84.0, '75-79': 86.0, '80-84': 59.6, '85-89': 86.0, '90-94': 95.0, '95-99': 64.65, '100-104': 82.0, '105-109': 74.75, '110-114': 69.0, '115-119': 79.8, '120-124': 84.0, '125-129': 88.0, '130-134': 89.0, 'old': 80.27, 'new': 89.0}
2026-05-25 13:38:34,025 [trainer.py] => CNN top1 curve: [100.0, 93.0, 91.33, 93.25, 89.0, 86.83, 87.86, 87.75, 87.0, 87.3, 88.09, 87.41, 87.91, 86.85, 86.59, 86.37, 84.75, 84.82, 84.88, 83.58, 83.64, 82.42, 81.45, 80.92, 80.52, 80.5, 80.59]
2026-05-25 13:38:34,026 [trainer.py] => CNN top5 curve: [100.0, 100.0, 100.0, 99.75, 99.8, 99.0, 99.14, 99.12, 98.0, 98.0, 98.09, 98.0, 98.08, 97.93, 97.8, 97.81, 96.94, 97.11, 97.26, 96.9, 96.9, 96.63, 95.73, 95.82, 95.79, 95.76, 95.44]
2026-05-25 13:38:34,026 [trainer.py] => Average Accuracy (CNN): 86.47
2026-05-25 13:38:34,028 [trainer.py] => All params: 172994305
2026-05-25 13:38:34,029 [trainer.py] => Trainable params: 87195649
2026-05-25 13:38:34,046 [adam_adapter.py] => Learning on 135-140
2026-05-25 13:40:32,966 [trainer.py] => No NME accuracy.
2026-05-25 13:40:32,982 [trainer.py] => CNN: {'total': 80.21, '00-04': 89.0, '05-09': 68.0, '10-14': 75.0, '15-19': 83.0, '20-24': 67.0, '25-29': 79.0, '30-34': 89.0, '35-39': 83.0, '40-44': 72.0, '45-49': 91.0, '50-54': 94.0, '55-59': 74.75, '60-64': 91.0, '65-69': 74.0, '70-74': 84.0, '75-79': 86.0, '80-84': 59.6, '85-89': 85.0, '90-94': 95.0, '95-99': 64.65, '100-104': 81.0, '105-109': 74.75, '110-114': 69.0, '115-119': 79.8, '120-124': 84.0, '125-129': 88.0, '130-134': 89.0, '135-139': 76.0, 'old': 80.37, 'new': 76.0}
2026-05-25 13:40:32,982 [trainer.py] => CNN top1 curve: [100.0, 93.0, 91.33, 93.25, 89.0, 86.83, 87.86, 87.75, 87.0, 87.3, 88.09, 87.41, 87.91, 86.85, 86.59, 86.37, 84.75, 84.82, 84.88, 83.58, 83.64, 82.42, 81.45, 80.92, 80.52, 80.5, 80.59, 80.21]
2026-05-25 13:40:32,982 [trainer.py] => CNN top5 curve: [100.0, 100.0, 100.0, 99.75, 99.8, 99.0, 99.14, 99.12, 98.0, 98.0, 98.09, 98.0, 98.08, 97.93, 97.8, 97.81, 96.94, 97.11, 97.26, 96.9, 96.9, 96.63, 95.73, 95.82, 95.79, 95.76, 95.44, 95.17]
2026-05-25 13:40:32,982 [trainer.py] => Average Accuracy (CNN): 86.24
2026-05-25 13:40:32,983 [trainer.py] => All params: 173001985
2026-05-25 13:40:32,985 [trainer.py] => Trainable params: 87203329
2026-05-25 13:40:32,997 [adam_adapter.py] => Learning on 140-145
2026-05-25 13:42:33,432 [trainer.py] => No NME accuracy.
2026-05-25 13:42:33,470 [trainer.py] => CNN: {'total': 80.1, '00-04': 89.0, '05-09': 68.0, '10-14': 75.0, '15-19': 83.0, '20-24': 67.0, '25-29': 79.0, '30-34': 89.0, '35-39': 83.0, '40-44': 72.0, '45-49': 91.0, '50-54': 94.0, '55-59': 74.75, '60-64': 91.0, '65-69': 74.0, '70-74': 83.0, '75-79': 85.0, '80-84': 59.6, '85-89': 85.0, '90-94': 95.0, '95-99': 64.65, '100-104': 79.0, '105-109': 74.75, '110-114': 69.0, '115-119': 71.72, '120-124': 83.0, '125-129': 88.0, '130-134': 89.0, '135-139': 76.0, '140-144': 89.9, 'old': 79.75, 'new': 89.9}
2026-05-25 13:42:33,470 [trainer.py] => CNN top1 curve: [100.0, 93.0, 91.33, 93.25, 89.0, 86.83, 87.86, 87.75, 87.0, 87.3, 88.09, 87.41, 87.91, 86.85, 86.59, 86.37, 84.75, 84.82, 84.88, 83.58, 83.64, 82.42, 81.45, 80.92, 80.52, 80.5, 80.59, 80.21, 80.1]
2026-05-25 13:42:33,471 [trainer.py] => CNN top5 curve: [100.0, 100.0, 100.0, 99.75, 99.8, 99.0, 99.14, 99.12, 98.0, 98.0, 98.09, 98.0, 98.08, 97.93, 97.8, 97.81, 96.94, 97.11, 97.26, 96.9, 96.9, 96.63, 95.73, 95.82, 95.79, 95.76, 95.44, 95.17, 94.99]
2026-05-25 13:42:33,471 [trainer.py] => Average Accuracy (CNN): 86.03
2026-05-25 13:42:33,474 [trainer.py] => All params: 173009665
2026-05-25 13:42:33,477 [trainer.py] => Trainable params: 87211009
2026-05-25 13:42:33,497 [adam_adapter.py] => Learning on 145-150
2026-05-25 13:44:38,825 [trainer.py] => No NME accuracy.
2026-05-25 13:44:38,842 [trainer.py] => CNN: {'total': 79.33, '00-04': 85.0, '05-09': 68.0, '10-14': 75.0, '15-19': 83.0, '20-24': 67.0, '25-29': 79.0, '30-34': 89.0, '35-39': 82.0, '40-44': 72.0, '45-49': 91.0, '50-54': 94.0, '55-59': 66.67, '60-64': 90.0, '65-69': 74.0, '70-74': 83.0, '75-79': 85.0, '80-84': 59.6, '85-89': 85.0, '90-94': 95.0, '95-99': 64.65, '100-104': 79.0, '105-109': 73.74, '110-114': 69.0, '115-119': 71.72, '120-124': 83.0, '125-129': 88.0, '130-134': 89.0, '135-139': 76.0, '140-144': 89.9, '145-149': 72.0, 'old': 79.58, 'new': 72.0}
2026-05-25 13:44:38,842 [trainer.py] => CNN top1 curve: [100.0, 93.0, 91.33, 93.25, 89.0, 86.83, 87.86, 87.75, 87.0, 87.3, 88.09, 87.41, 87.91, 86.85, 86.59, 86.37, 84.75, 84.82, 84.88, 83.58, 83.64, 82.42, 81.45, 80.92, 80.52, 80.5, 80.59, 80.21, 80.1, 79.33]
2026-05-25 13:44:38,842 [trainer.py] => CNN top5 curve: [100.0, 100.0, 100.0, 99.75, 99.8, 99.0, 99.14, 99.12, 98.0, 98.0, 98.09, 98.0, 98.08, 97.93, 97.8, 97.81, 96.94, 97.11, 97.26, 96.9, 96.9, 96.63, 95.73, 95.82, 95.79, 95.76, 95.44, 95.17, 94.99, 94.69]
2026-05-25 13:44:38,843 [trainer.py] => Average Accuracy (CNN): 85.81
2026-05-25 13:44:38,845 [trainer.py] => All params: 173017345
2026-05-25 13:44:38,847 [trainer.py] => Trainable params: 87218689
2026-05-25 13:44:38,858 [adam_adapter.py] => Learning on 150-155
2026-05-25 13:46:45,240 [trainer.py] => No NME accuracy.
2026-05-25 13:46:45,264 [trainer.py] => CNN: {'total': 79.08, '00-04': 85.0, '05-09': 68.0, '10-14': 75.0, '15-19': 83.0, '20-24': 67.0, '25-29': 79.0, '30-34': 89.0, '35-39': 82.0, '40-44': 72.0, '45-49': 91.0, '50-54': 94.0, '55-59': 66.67, '60-64': 90.0, '65-69': 73.0, '70-74': 83.0, '75-79': 85.0, '80-84': 59.6, '85-89': 85.0, '90-94': 95.0, '95-99': 64.65, '100-104': 79.0, '105-109': 71.72, '110-114': 69.0, '115-119': 70.71, '120-124': 83.0, '125-129': 88.0, '130-134': 89.0, '135-139': 76.0, '140-144': 89.9, '145-149': 71.0, '150-154': 76.77, 'old': 79.16, 'new': 76.77}
2026-05-25 13:46:45,264 [trainer.py] => CNN top1 curve: [100.0, 93.0, 91.33, 93.25, 89.0, 86.83, 87.86, 87.75, 87.0, 87.3, 88.09, 87.41, 87.91, 86.85, 86.59, 86.37, 84.75, 84.82, 84.88, 83.58, 83.64, 82.42, 81.45, 80.92, 80.52, 80.5, 80.59, 80.21, 80.1, 79.33, 79.08]
2026-05-25 13:46:45,264 [trainer.py] => CNN top5 curve: [100.0, 100.0, 100.0, 99.75, 99.8, 99.0, 99.14, 99.12, 98.0, 98.0, 98.09, 98.0, 98.08, 97.93, 97.8, 97.81, 96.94, 97.11, 97.26, 96.9, 96.9, 96.63, 95.73, 95.82, 95.79, 95.76, 95.44, 95.17, 94.99, 94.69, 94.6]
2026-05-25 13:46:45,264 [trainer.py] => Average Accuracy (CNN): 85.59
2026-05-25 13:46:45,266 [trainer.py] => All params: 173025025
2026-05-25 13:46:45,267 [trainer.py] => Trainable params: 87226369
2026-05-25 13:46:45,282 [adam_adapter.py] => Learning on 155-160
2026-05-25 13:48:52,670 [trainer.py] => No NME accuracy.
2026-05-25 13:48:52,687 [trainer.py] => CNN: {'total': 78.95, '00-04': 85.0, '05-09': 68.0, '10-14': 74.0, '15-19': 83.0, '20-24': 66.0, '25-29': 79.0, '30-34': 89.0, '35-39': 82.0, '40-44': 72.0, '45-49': 91.0, '50-54': 94.0, '55-59': 66.67, '60-64': 90.0, '65-69': 73.0, '70-74': 83.0, '75-79': 85.0, '80-84': 57.58, '85-89': 85.0, '90-94': 94.0, '95-99': 64.65, '100-104': 79.0, '105-109': 69.7, '110-114': 69.0, '115-119': 70.71, '120-124': 83.0, '125-129': 88.0, '130-134': 89.0, '135-139': 76.0, '140-144': 89.9, '145-149': 71.0, '150-154': 75.76, '155-159': 83.0, 'old': 78.82, 'new': 83.0}
2026-05-25 13:48:52,687 [trainer.py] => CNN top1 curve: [100.0, 93.0, 91.33, 93.25, 89.0, 86.83, 87.86, 87.75, 87.0, 87.3, 88.09, 87.41, 87.91, 86.85, 86.59, 86.37, 84.75, 84.82, 84.88, 83.58, 83.64, 82.42, 81.45, 80.92, 80.52, 80.5, 80.59, 80.21, 80.1, 79.33, 79.08, 78.95]
2026-05-25 13:48:52,687 [trainer.py] => CNN top5 curve: [100.0, 100.0, 100.0, 99.75, 99.8, 99.0, 99.14, 99.12, 98.0, 98.0, 98.09, 98.0, 98.08, 97.93, 97.8, 97.81, 96.94, 97.11, 97.26, 96.9, 96.9, 96.63, 95.73, 95.82, 95.79, 95.76, 95.44, 95.17, 94.99, 94.69, 94.6, 94.36]
2026-05-25 13:48:52,687 [trainer.py] => Average Accuracy (CNN): 85.38
2026-05-25 13:48:52,689 [trainer.py] => All params: 173032705
2026-05-25 13:48:52,690 [trainer.py] => Trainable params: 87234049
2026-05-25 13:48:52,708 [adam_adapter.py] => Learning on 160-165
2026-05-25 13:51:03,012 [trainer.py] => No NME accuracy.
2026-05-25 13:51:03,031 [trainer.py] => CNN: {'total': 78.71, '00-04': 85.0, '05-09': 68.0, '10-14': 72.0, '15-19': 82.0, '20-24': 65.0, '25-29': 78.0, '30-34': 89.0, '35-39': 82.0, '40-44': 72.0, '45-49': 90.0, '50-54': 91.0, '55-59': 66.67, '60-64': 90.0, '65-69': 73.0, '70-74': 83.0, '75-79': 85.0, '80-84': 57.58, '85-89': 85.0, '90-94': 94.0, '95-99': 64.65, '100-104': 79.0, '105-109': 69.7, '110-114': 69.0, '115-119': 70.71, '120-124': 82.0, '125-129': 88.0, '130-134': 89.0, '135-139': 76.0, '140-144': 89.9, '145-149': 71.0, '150-154': 75.76, '155-159': 83.0, '160-164': 81.0, 'old': 78.64, 'new': 81.0}
2026-05-25 13:51:03,032 [trainer.py] => CNN top1 curve: [100.0, 93.0, 91.33, 93.25, 89.0, 86.83, 87.86, 87.75, 87.0, 87.3, 88.09, 87.41, 87.91, 86.85, 86.59, 86.37, 84.75, 84.82, 84.88, 83.58, 83.64, 82.42, 81.45, 80.92, 80.52, 80.5, 80.59, 80.21, 80.1, 79.33, 79.08, 78.95, 78.71]
2026-05-25 13:51:03,032 [trainer.py] => CNN top5 curve: [100.0, 100.0, 100.0, 99.75, 99.8, 99.0, 99.14, 99.12, 98.0, 98.0, 98.09, 98.0, 98.08, 97.93, 97.8, 97.81, 96.94, 97.11, 97.26, 96.9, 96.9, 96.63, 95.73, 95.82, 95.79, 95.76, 95.44, 95.17, 94.99, 94.69, 94.6, 94.36, 94.17]
2026-05-25 13:51:03,032 [trainer.py] => Average Accuracy (CNN): 85.18
2026-05-25 13:51:03,034 [trainer.py] => All params: 173040385
2026-05-25 13:51:03,036 [trainer.py] => Trainable params: 87241729
2026-05-25 13:51:03,050 [adam_adapter.py] => Learning on 165-170
2026-05-25 13:53:15,262 [trainer.py] => No NME accuracy.
2026-05-25 13:53:15,284 [trainer.py] => CNN: {'total': 78.24, '00-04': 85.0, '05-09': 68.0, '10-14': 72.0, '15-19': 82.0, '20-24': 65.0, '25-29': 78.0, '30-34': 89.0, '35-39': 82.0, '40-44': 72.0, '45-49': 90.0, '50-54': 91.0, '55-59': 66.67, '60-64': 90.0, '65-69': 73.0, '70-74': 78.0, '75-79': 85.0, '80-84': 57.58, '85-89': 85.0, '90-94': 94.0, '95-99': 64.65, '100-104': 79.0, '105-109': 69.7, '110-114': 69.0, '115-119': 70.71, '120-124': 82.0, '125-129': 88.0, '130-134': 88.0, '135-139': 76.0, '140-144': 88.89, '145-149': 71.0, '150-154': 75.76, '155-159': 83.0, '160-164': 81.0, '165-169': 69.7, 'old': 78.5, 'new': 69.7}
2026-05-25 13:53:15,284 [trainer.py] => CNN top1 curve: [100.0, 93.0, 91.33, 93.25, 89.0, 86.83, 87.86, 87.75, 87.0, 87.3, 88.09, 87.41, 87.91, 86.85, 86.59, 86.37, 84.75, 84.82, 84.88, 83.58, 83.64, 82.42, 81.45, 80.92, 80.52, 80.5, 80.59, 80.21, 80.1, 79.33, 79.08, 78.95, 78.71, 78.24]
2026-05-25 13:53:15,284 [trainer.py] => CNN top5 curve: [100.0, 100.0, 100.0, 99.75, 99.8, 99.0, 99.14, 99.12, 98.0, 98.0, 98.09, 98.0, 98.08, 97.93, 97.8, 97.81, 96.94, 97.11, 97.26, 96.9, 96.9, 96.63, 95.73, 95.82, 95.79, 95.76, 95.44, 95.17, 94.99, 94.69, 94.6, 94.36, 94.17, 93.69]
2026-05-25 13:53:15,284 [trainer.py] => Average Accuracy (CNN): 84.98
2026-05-25 13:53:15,288 [trainer.py] => All params: 173048065
2026-05-25 13:53:15,291 [trainer.py] => Trainable params: 87249409
2026-05-25 13:53:15,308 [adam_adapter.py] => Learning on 170-175
2026-05-25 13:55:28,003 [trainer.py] => No NME accuracy.
2026-05-25 13:55:28,024 [trainer.py] => CNN: {'total': 78.01, '00-04': 85.0, '05-09': 68.0, '10-14': 72.0, '15-19': 82.0, '20-24': 65.0, '25-29': 78.0, '30-34': 89.0, '35-39': 81.0, '40-44': 72.0, '45-49': 84.0, '50-54': 91.0, '55-59': 66.67, '60-64': 90.0, '65-69': 73.0, '70-74': 78.0, '75-79': 85.0, '80-84': 57.58, '85-89': 83.0, '90-94': 94.0, '95-99': 64.65, '100-104': 79.0, '105-109': 68.69, '110-114': 69.0, '115-119': 69.7, '120-124': 82.0, '125-129': 88.0, '130-134': 88.0, '135-139': 76.0, '140-144': 88.89, '145-149': 68.0, '150-154': 75.76, '155-159': 83.0, '160-164': 81.0, '165-169': 69.7, '170-174': 84.0, 'old': 77.83, 'new': 84.0}
2026-05-25 13:55:28,024 [trainer.py] => CNN top1 curve: [100.0, 93.0, 91.33, 93.25, 89.0, 86.83, 87.86, 87.75, 87.0, 87.3, 88.09, 87.41, 87.91, 86.85, 86.59, 86.37, 84.75, 84.82, 84.88, 83.58, 83.64, 82.42, 81.45, 80.92, 80.52, 80.5, 80.59, 80.21, 80.1, 79.33, 79.08, 78.95, 78.71, 78.24, 78.01]
2026-05-25 13:55:28,024 [trainer.py] => CNN top5 curve: [100.0, 100.0, 100.0, 99.75, 99.8, 99.0, 99.14, 99.12, 98.0, 98.0, 98.09, 98.0, 98.08, 97.93, 97.8, 97.81, 96.94, 97.11, 97.26, 96.9, 96.9, 96.63, 95.73, 95.82, 95.79, 95.76, 95.44, 95.17, 94.99, 94.69, 94.6, 94.36, 94.17, 93.69, 93.76]
2026-05-25 13:55:28,024 [trainer.py] => Average Accuracy (CNN): 84.78
2026-05-25 13:55:28,026 [trainer.py] => All params: 173055745
2026-05-25 13:55:28,027 [trainer.py] => Trainable params: 87257089
2026-05-25 13:55:28,046 [adam_adapter.py] => Learning on 175-180
2026-05-25 13:57:43,470 [trainer.py] => No NME accuracy.
2026-05-25 13:57:43,492 [trainer.py] => CNN: {'total': 76.7, '00-04': 84.0, '05-09': 65.0, '10-14': 72.0, '15-19': 78.0, '20-24': 65.0, '25-29': 78.0, '30-34': 89.0, '35-39': 77.0, '40-44': 72.0, '45-49': 84.0, '50-54': 91.0, '55-59': 66.67, '60-64': 90.0, '65-69': 73.0, '70-74': 78.0, '75-79': 85.0, '80-84': 56.57, '85-89': 83.0, '90-94': 94.0, '95-99': 64.65, '100-104': 78.0, '105-109': 68.69, '110-114': 68.0, '115-119': 69.7, '120-124': 82.0, '125-129': 88.0, '130-134': 88.0, '135-139': 76.0, '140-144': 88.89, '145-149': 68.0, '150-154': 74.75, '155-159': 82.0, '160-164': 80.0, '165-169': 69.7, '170-174': 84.0, '175-179': 49.0, 'old': 77.49, 'new': 49.0}
2026-05-25 13:57:43,493 [trainer.py] => CNN top1 curve: [100.0, 93.0, 91.33, 93.25, 89.0, 86.83, 87.86, 87.75, 87.0, 87.3, 88.09, 87.41, 87.91, 86.85, 86.59, 86.37, 84.75, 84.82, 84.88, 83.58, 83.64, 82.42, 81.45, 80.92, 80.52, 80.5, 80.59, 80.21, 80.1, 79.33, 79.08, 78.95, 78.71, 78.24, 78.01, 76.7]
2026-05-25 13:57:43,493 [trainer.py] => CNN top5 curve: [100.0, 100.0, 100.0, 99.75, 99.8, 99.0, 99.14, 99.12, 98.0, 98.0, 98.09, 98.0, 98.08, 97.93, 97.8, 97.81, 96.94, 97.11, 97.26, 96.9, 96.9, 96.63, 95.73, 95.82, 95.79, 95.76, 95.44, 95.17, 94.99, 94.69, 94.6, 94.36, 94.17, 93.69, 93.76, 93.37]
2026-05-25 13:57:43,493 [trainer.py] => Average Accuracy (CNN): 84.55
2026-05-25 13:57:43,496 [trainer.py] => All params: 173063425
2026-05-25 13:57:43,498 [trainer.py] => Trainable params: 87264769
2026-05-25 13:57:43,521 [adam_adapter.py] => Learning on 180-185
2026-05-25 14:00:04,131 [trainer.py] => No NME accuracy.
2026-05-25 14:00:04,159 [trainer.py] => CNN: {'total': 76.64, '00-04': 84.0, '05-09': 65.0, '10-14': 72.0, '15-19': 78.0, '20-24': 65.0, '25-29': 77.0, '30-34': 89.0, '35-39': 77.0, '40-44': 72.0, '45-49': 84.0, '50-54': 91.0, '55-59': 66.67, '60-64': 90.0, '65-69': 73.0, '70-74': 78.0, '75-79': 85.0, '80-84': 56.57, '85-89': 83.0, '90-94': 94.0, '95-99': 64.65, '100-104': 78.0, '105-109': 68.69, '110-114': 68.0, '115-119': 69.7, '120-124': 82.0, '125-129': 88.0, '130-134': 88.0, '135-139': 76.0, '140-144': 88.89, '145-149': 68.0, '150-154': 74.75, '155-159': 76.0, '160-164': 80.0, '165-169': 69.7, '170-174': 84.0, '175-179': 49.0, '180-184': 81.63, 'old': 76.5, 'new': 81.63}
2026-05-25 14:00:04,159 [trainer.py] => CNN top1 curve: [100.0, 93.0, 91.33, 93.25, 89.0, 86.83, 87.86, 87.75, 87.0, 87.3, 88.09, 87.41, 87.91, 86.85, 86.59, 86.37, 84.75, 84.82, 84.88, 83.58, 83.64, 82.42, 81.45, 80.92, 80.52, 80.5, 80.59, 80.21, 80.1, 79.33, 79.08, 78.95, 78.71, 78.24, 78.01, 76.7, 76.64]
2026-05-25 14:00:04,159 [trainer.py] => CNN top5 curve: [100.0, 100.0, 100.0, 99.75, 99.8, 99.0, 99.14, 99.12, 98.0, 98.0, 98.09, 98.0, 98.08, 97.93, 97.8, 97.81, 96.94, 97.11, 97.26, 96.9, 96.9, 96.63, 95.73, 95.82, 95.79, 95.76, 95.44, 95.17, 94.99, 94.69, 94.6, 94.36, 94.17, 93.69, 93.76, 93.37, 93.5]
2026-05-25 14:00:04,159 [trainer.py] => Average Accuracy (CNN): 84.34
2026-05-25 14:00:04,161 [trainer.py] => All params: 173071105
2026-05-25 14:00:04,163 [trainer.py] => Trainable params: 87272449
2026-05-25 14:00:04,182 [adam_adapter.py] => Learning on 185-190
2026-05-25 14:02:26,264 [trainer.py] => No NME accuracy.
2026-05-25 14:02:26,275 [trainer.py] => CNN: {'total': 76.28, '00-04': 84.0, '05-09': 65.0, '10-14': 72.0, '15-19': 78.0, '20-24': 65.0, '25-29': 77.0, '30-34': 89.0, '35-39': 77.0, '40-44': 72.0, '45-49': 84.0, '50-54': 91.0, '55-59': 66.67, '60-64': 85.0, '65-69': 73.0, '70-74': 78.0, '75-79': 85.0, '80-84': 56.57, '85-89': 83.0, '90-94': 94.0, '95-99': 63.64, '100-104': 78.0, '105-109': 68.69, '110-114': 67.0, '115-119': 69.7, '120-124': 82.0, '125-129': 88.0, '130-134': 88.0, '135-139': 76.0, '140-144': 88.89, '145-149': 68.0, '150-154': 74.75, '155-159': 76.0, '160-164': 80.0, '165-169': 69.7, '170-174': 84.0, '175-179': 49.0, '180-184': 81.63, '185-189': 70.0, 'old': 76.45, 'new': 70.0}
2026-05-25 14:02:26,275 [trainer.py] => CNN top1 curve: [100.0, 93.0, 91.33, 93.25, 89.0, 86.83, 87.86, 87.75, 87.0, 87.3, 88.09, 87.41, 87.91, 86.85, 86.59, 86.37, 84.75, 84.82, 84.88, 83.58, 83.64, 82.42, 81.45, 80.92, 80.52, 80.5, 80.59, 80.21, 80.1, 79.33, 79.08, 78.95, 78.71, 78.24, 78.01, 76.7, 76.64, 76.28]
2026-05-25 14:02:26,276 [trainer.py] => CNN top5 curve: [100.0, 100.0, 100.0, 99.75, 99.8, 99.0, 99.14, 99.12, 98.0, 98.0, 98.09, 98.0, 98.08, 97.93, 97.8, 97.81, 96.94, 97.11, 97.26, 96.9, 96.9, 96.63, 95.73, 95.82, 95.79, 95.76, 95.44, 95.17, 94.99, 94.69, 94.6, 94.36, 94.17, 93.69, 93.76, 93.37, 93.5, 93.32]
2026-05-25 14:02:26,276 [trainer.py] => Average Accuracy (CNN): 84.13
2026-05-25 14:02:26,280 [trainer.py] => All params: 173078785
2026-05-25 14:02:26,284 [trainer.py] => Trainable params: 87280129
2026-05-25 14:02:26,308 [adam_adapter.py] => Learning on 190-195
2026-05-25 14:04:49,783 [trainer.py] => No NME accuracy.
2026-05-25 14:04:49,807 [trainer.py] => CNN: {'total': 76.43, '00-04': 84.0, '05-09': 65.0, '10-14': 72.0, '15-19': 78.0, '20-24': 65.0, '25-29': 77.0, '30-34': 89.0, '35-39': 77.0, '40-44': 72.0, '45-49': 84.0, '50-54': 91.0, '55-59': 66.67, '60-64': 85.0, '65-69': 73.0, '70-74': 78.0, '75-79': 85.0, '80-84': 56.57, '85-89': 83.0, '90-94': 94.0, '95-99': 63.64, '100-104': 78.0, '105-109': 68.69, '110-114': 62.0, '115-119': 69.7, '120-124': 82.0, '125-129': 88.0, '130-134': 88.0, '135-139': 74.0, '140-144': 88.89, '145-149': 68.0, '150-154': 74.75, '155-159': 76.0, '160-164': 80.0, '165-169': 69.7, '170-174': 84.0, '175-179': 49.0, '180-184': 81.63, '185-189': 70.0, '190-194': 89.0, 'old': 76.09, 'new': 89.0}
2026-05-25 14:04:49,808 [trainer.py] => CNN top1 curve: [100.0, 93.0, 91.33, 93.25, 89.0, 86.83, 87.86, 87.75, 87.0, 87.3, 88.09, 87.41, 87.91, 86.85, 86.59, 86.37, 84.75, 84.82, 84.88, 83.58, 83.64, 82.42, 81.45, 80.92, 80.52, 80.5, 80.59, 80.21, 80.1, 79.33, 79.08, 78.95, 78.71, 78.24, 78.01, 76.7, 76.64, 76.28, 76.43]
2026-05-25 14:04:49,808 [trainer.py] => CNN top5 curve: [100.0, 100.0, 100.0, 99.75, 99.8, 99.0, 99.14, 99.12, 98.0, 98.0, 98.09, 98.0, 98.08, 97.93, 97.8, 97.81, 96.94, 97.11, 97.26, 96.9, 96.9, 96.63, 95.73, 95.82, 95.79, 95.76, 95.44, 95.17, 94.99, 94.69, 94.6, 94.36, 94.17, 93.69, 93.76, 93.37, 93.5, 93.32, 93.42]
2026-05-25 14:04:49,808 [trainer.py] => Average Accuracy (CNN): 83.93
2026-05-25 14:04:49,810 [trainer.py] => All params: 173086465
2026-05-25 14:04:49,812 [trainer.py] => Trainable params: 87287809
2026-05-25 14:04:49,828 [adam_adapter.py] => Learning on 195-200
2026-05-25 14:07:16,540 [trainer.py] => No NME accuracy.
2026-05-25 14:07:16,558 [trainer.py] => CNN: {'total': 76.47, '00-04': 84.0, '05-09': 64.0, '10-14': 72.0, '15-19': 78.0, '20-24': 65.0, '25-29': 77.0, '30-34': 89.0, '35-39': 77.0, '40-44': 72.0, '45-49': 84.0, '50-54': 91.0, '55-59': 65.66, '60-64': 85.0, '65-69': 73.0, '70-74': 78.0, '75-79': 85.0, '80-84': 56.57, '85-89': 83.0, '90-94': 93.0, '95-99': 63.64, '100-104': 78.0, '105-109': 68.69, '110-114': 62.0, '115-119': 69.7, '120-124': 82.0, '125-129': 88.0, '130-134': 88.0, '135-139': 74.0, '140-144': 88.89, '145-149': 68.0, '150-154': 74.75, '155-159': 76.0, '160-164': 78.0, '165-169': 69.7, '170-174': 84.0, '175-179': 49.0, '180-184': 81.63, '185-189': 70.0, '190-194': 89.0, '195-199': 83.0, 'old': 76.3, 'new': 83.0}
2026-05-25 14:07:16,558 [trainer.py] => CNN top1 curve: [100.0, 93.0, 91.33, 93.25, 89.0, 86.83, 87.86, 87.75, 87.0, 87.3, 88.09, 87.41, 87.91, 86.85, 86.59, 86.37, 84.75, 84.82, 84.88, 83.58, 83.64, 82.42, 81.45, 80.92, 80.52, 80.5, 80.59, 80.21, 80.1, 79.33, 79.08, 78.95, 78.71, 78.24, 78.01, 76.7, 76.64, 76.28, 76.43, 76.47]
2026-05-25 14:07:16,558 [trainer.py] => CNN top5 curve: [100.0, 100.0, 100.0, 99.75, 99.8, 99.0, 99.14, 99.12, 98.0, 98.0, 98.09, 98.0, 98.08, 97.93, 97.8, 97.81, 96.94, 97.11, 97.26, 96.9, 96.9, 96.63, 95.73, 95.82, 95.79, 95.76, 95.44, 95.17, 94.99, 94.69, 94.6, 94.36, 94.17, 93.69, 93.76, 93.37, 93.5, 93.32, 93.42, 93.43]
2026-05-25 14:07:16,558 [trainer.py] => Average Accuracy (CNN): 83.74
2026-05-25 14:07:16,561 [trainer.py] => All params: 173094145
2026-05-25 14:07:16,564 [trainer.py] => Trainable params: 87295489
2026-05-25 14:07:16,580 [adam_adapter.py] => Learning on 200-205
2026-05-25 14:09:49,003 [trainer.py] => No NME accuracy.
2026-05-25 14:09:49,030 [trainer.py] => CNN: {'total': 76.11, '00-04': 84.0, '05-09': 64.0, '10-14': 72.0, '15-19': 78.0, '20-24': 64.0, '25-29': 77.0, '30-34': 89.0, '35-39': 77.0, '40-44': 72.0, '45-49': 84.0, '50-54': 91.0, '55-59': 65.66, '60-64': 85.0, '65-69': 73.0, '70-74': 78.0, '75-79': 85.0, '80-84': 56.57, '85-89': 83.0, '90-94': 91.0, '95-99': 63.64, '100-104': 78.0, '105-109': 68.69, '110-114': 60.0, '115-119': 69.7, '120-124': 82.0, '125-129': 88.0, '130-134': 88.0, '135-139': 74.0, '140-144': 88.89, '145-149': 68.0, '150-154': 74.75, '155-159': 76.0, '160-164': 78.0, '165-169': 69.7, '170-174': 84.0, '175-179': 49.0, '180-184': 81.63, '185-189': 70.0, '190-194': 87.0, '195-199': 83.0, '200-204': 68.69, 'old': 76.29, 'new': 68.69}
2026-05-25 14:09:49,030 [trainer.py] => CNN top1 curve: [100.0, 93.0, 91.33, 93.25, 89.0, 86.83, 87.86, 87.75, 87.0, 87.3, 88.09, 87.41, 87.91, 86.85, 86.59, 86.37, 84.75, 84.82, 84.88, 83.58, 83.64, 82.42, 81.45, 80.92, 80.52, 80.5, 80.59, 80.21, 80.1, 79.33, 79.08, 78.95, 78.71, 78.24, 78.01, 76.7, 76.64, 76.28, 76.43, 76.47, 76.11]
2026-05-25 14:09:49,031 [trainer.py] => CNN top5 curve: [100.0, 100.0, 100.0, 99.75, 99.8, 99.0, 99.14, 99.12, 98.0, 98.0, 98.09, 98.0, 98.08, 97.93, 97.8, 97.81, 96.94, 97.11, 97.26, 96.9, 96.9, 96.63, 95.73, 95.82, 95.79, 95.76, 95.44, 95.17, 94.99, 94.69, 94.6, 94.36, 94.17, 93.69, 93.76, 93.37, 93.5, 93.32, 93.42, 93.43, 93.15]
2026-05-25 14:09:49,031 [trainer.py] => Average Accuracy (CNN): 83.56
2026-05-25 14:09:49,033 [trainer.py] => All params: 173101825
2026-05-25 14:09:49,036 [trainer.py] => Trainable params: 87303169
2026-05-25 14:09:49,053 [adam_adapter.py] => Learning on 205-210
2026-05-25 14:12:23,953 [trainer.py] => No NME accuracy.
2026-05-25 14:12:23,972 [trainer.py] => CNN: {'total': 75.77, '00-04': 84.0, '05-09': 64.0, '10-14': 71.0, '15-19': 78.0, '20-24': 63.0, '25-29': 76.0, '30-34': 89.0, '35-39': 77.0, '40-44': 70.0, '45-49': 84.0, '50-54': 91.0, '55-59': 65.66, '60-64': 85.0, '65-69': 73.0, '70-74': 78.0, '75-79': 85.0, '80-84': 56.57, '85-89': 83.0, '90-94': 91.0, '95-99': 63.64, '100-104': 77.0, '105-109': 68.69, '110-114': 60.0, '115-119': 69.7, '120-124': 82.0, '125-129': 88.0, '130-134': 88.0, '135-139': 74.0, '140-144': 88.89, '145-149': 68.0, '150-154': 74.75, '155-159': 76.0, '160-164': 78.0, '165-169': 69.7, '170-174': 84.0, '175-179': 49.0, '180-184': 81.63, '185-189': 69.0, '190-194': 87.0, '195-199': 79.0, '200-204': 68.69, '205-209': 73.0, 'old': 75.84, 'new': 73.0}
2026-05-25 14:12:23,972 [trainer.py] => CNN top1 curve: [100.0, 93.0, 91.33, 93.25, 89.0, 86.83, 87.86, 87.75, 87.0, 87.3, 88.09, 87.41, 87.91, 86.85, 86.59, 86.37, 84.75, 84.82, 84.88, 83.58, 83.64, 82.42, 81.45, 80.92, 80.52, 80.5, 80.59, 80.21, 80.1, 79.33, 79.08, 78.95, 78.71, 78.24, 78.01, 76.7, 76.64, 76.28, 76.43, 76.47, 76.11, 75.77]
2026-05-25 14:12:23,972 [trainer.py] => CNN top5 curve: [100.0, 100.0, 100.0, 99.75, 99.8, 99.0, 99.14, 99.12, 98.0, 98.0, 98.09, 98.0, 98.08, 97.93, 97.8, 97.81, 96.94, 97.11, 97.26, 96.9, 96.9, 96.63, 95.73, 95.82, 95.79, 95.76, 95.44, 95.17, 94.99, 94.69, 94.6, 94.36, 94.17, 93.69, 93.76, 93.37, 93.5, 93.32, 93.42, 93.43, 93.15, 92.77]
2026-05-25 14:12:23,972 [trainer.py] => Average Accuracy (CNN): 83.37
2026-05-25 14:12:23,974 [trainer.py] => All params: 173109505
2026-05-25 14:12:23,975 [trainer.py] => Trainable params: 87310849
2026-05-25 14:12:23,990 [adam_adapter.py] => Learning on 210-215
2026-05-25 14:15:01,306 [trainer.py] => No NME accuracy.
2026-05-25 14:15:01,325 [trainer.py] => CNN: {'total': 75.08, '00-04': 84.0, '05-09': 64.0, '10-14': 71.0, '15-19': 78.0, '20-24': 62.0, '25-29': 75.0, '30-34': 89.0, '35-39': 77.0, '40-44': 70.0, '45-49': 82.0, '50-54': 91.0, '55-59': 65.66, '60-64': 85.0, '65-69': 73.0, '70-74': 78.0, '75-79': 85.0, '80-84': 56.57, '85-89': 83.0, '90-94': 91.0, '95-99': 63.64, '100-104': 77.0, '105-109': 68.69, '110-114': 60.0, '115-119': 69.7, '120-124': 82.0, '125-129': 88.0, '130-134': 88.0, '135-139': 74.0, '140-144': 88.89, '145-149': 68.0, '150-154': 74.75, '155-159': 75.0, '160-164': 77.0, '165-169': 69.7, '170-174': 83.0, '175-179': 48.0, '180-184': 81.63, '185-189': 68.0, '190-194': 87.0, '195-199': 79.0, '200-204': 66.67, '205-209': 72.0, '210-214': 58.0, 'old': 75.48, 'new': 58.0}
2026-05-25 14:15:01,325 [trainer.py] => CNN top1 curve: [100.0, 93.0, 91.33, 93.25, 89.0, 86.83, 87.86, 87.75, 87.0, 87.3, 88.09, 87.41, 87.91, 86.85, 86.59, 86.37, 84.75, 84.82, 84.88, 83.58, 83.64, 82.42, 81.45, 80.92, 80.52, 80.5, 80.59, 80.21, 80.1, 79.33, 79.08, 78.95, 78.71, 78.24, 78.01, 76.7, 76.64, 76.28, 76.43, 76.47, 76.11, 75.77, 75.08]
2026-05-25 14:15:01,326 [trainer.py] => CNN top5 curve: [100.0, 100.0, 100.0, 99.75, 99.8, 99.0, 99.14, 99.12, 98.0, 98.0, 98.09, 98.0, 98.08, 97.93, 97.8, 97.81, 96.94, 97.11, 97.26, 96.9, 96.9, 96.63, 95.73, 95.82, 95.79, 95.76, 95.44, 95.17, 94.99, 94.69, 94.6, 94.36, 94.17, 93.69, 93.76, 93.37, 93.5, 93.32, 93.42, 93.43, 93.15, 92.77, 92.38]
2026-05-25 14:15:01,326 [trainer.py] => Average Accuracy (CNN): 83.18
2026-05-25 14:15:01,330 [trainer.py] => All params: 173117185
2026-05-25 14:15:01,334 [trainer.py] => Trainable params: 87318529
2026-05-25 14:15:01,357 [adam_adapter.py] => Learning on 215-220
2026-05-25 14:17:39,738 [trainer.py] => No NME accuracy.
2026-05-25 14:17:39,761 [trainer.py] => CNN: {'total': 74.21, '00-04': 84.0, '05-09': 64.0, '10-14': 71.0, '15-19': 76.0, '20-24': 60.0, '25-29': 75.0, '30-34': 89.0, '35-39': 77.0, '40-44': 70.0, '45-49': 82.0, '50-54': 91.0, '55-59': 65.66, '60-64': 85.0, '65-69': 73.0, '70-74': 78.0, '75-79': 85.0, '80-84': 56.57, '85-89': 83.0, '90-94': 91.0, '95-99': 63.64, '100-104': 77.0, '105-109': 68.69, '110-114': 59.0, '115-119': 69.7, '120-124': 82.0, '125-129': 88.0, '130-134': 87.0, '135-139': 74.0, '140-144': 88.89, '145-149': 68.0, '150-154': 74.75, '155-159': 75.0, '160-164': 77.0, '165-169': 69.7, '170-174': 83.0, '175-179': 47.0, '180-184': 81.63, '185-189': 68.0, '190-194': 87.0, '195-199': 79.0, '200-204': 66.67, '205-209': 72.0, '210-214': 57.0, '215-219': 45.0, 'old': 74.89, 'new': 45.0}
2026-05-25 14:17:39,761 [trainer.py] => CNN top1 curve: [100.0, 93.0, 91.33, 93.25, 89.0, 86.83, 87.86, 87.75, 87.0, 87.3, 88.09, 87.41, 87.91, 86.85, 86.59, 86.37, 84.75, 84.82, 84.88, 83.58, 83.64, 82.42, 81.45, 80.92, 80.52, 80.5, 80.59, 80.21, 80.1, 79.33, 79.08, 78.95, 78.71, 78.24, 78.01, 76.7, 76.64, 76.28, 76.43, 76.47, 76.11, 75.77, 75.08, 74.21]
2026-05-25 14:17:39,761 [trainer.py] => CNN top5 curve: [100.0, 100.0, 100.0, 99.75, 99.8, 99.0, 99.14, 99.12, 98.0, 98.0, 98.09, 98.0, 98.08, 97.93, 97.8, 97.81, 96.94, 97.11, 97.26, 96.9, 96.9, 96.63, 95.73, 95.82, 95.79, 95.76, 95.44, 95.17, 94.99, 94.69, 94.6, 94.36, 94.17, 93.69, 93.76, 93.37, 93.5, 93.32, 93.42, 93.43, 93.15, 92.77, 92.38, 91.73]
2026-05-25 14:17:39,761 [trainer.py] => Average Accuracy (CNN): 82.98
2026-05-25 14:17:39,763 [trainer.py] => All params: 173124865
2026-05-25 14:17:39,765 [trainer.py] => Trainable params: 87326209
2026-05-25 14:17:39,776 [adam_adapter.py] => Learning on 220-225
2026-05-25 14:20:18,773 [trainer.py] => No NME accuracy.
2026-05-25 14:20:18,798 [trainer.py] => CNN: {'total': 73.98, '00-04': 83.0, '05-09': 64.0, '10-14': 71.0, '15-19': 76.0, '20-24': 60.0, '25-29': 75.0, '30-34': 89.0, '35-39': 77.0, '40-44': 70.0, '45-49': 82.0, '50-54': 91.0, '55-59': 65.66, '60-64': 85.0, '65-69': 73.0, '70-74': 78.0, '75-79': 85.0, '80-84': 56.57, '85-89': 83.0, '90-94': 91.0, '95-99': 63.64, '100-104': 77.0, '105-109': 53.54, '110-114': 59.0, '115-119': 69.7, '120-124': 82.0, '125-129': 87.0, '130-134': 87.0, '135-139': 74.0, '140-144': 88.89, '145-149': 68.0, '150-154': 74.75, '155-159': 75.0, '160-164': 77.0, '165-169': 69.7, '170-174': 83.0, '175-179': 47.0, '180-184': 81.63, '185-189': 68.0, '190-194': 87.0, '195-199': 79.0, '200-204': 61.62, '205-209': 72.0, '210-214': 57.0, '215-219': 45.0, '220-224': 86.0, 'old': 73.71, 'new': 86.0}
2026-05-25 14:20:18,798 [trainer.py] => CNN top1 curve: [100.0, 93.0, 91.33, 93.25, 89.0, 86.83, 87.86, 87.75, 87.0, 87.3, 88.09, 87.41, 87.91, 86.85, 86.59, 86.37, 84.75, 84.82, 84.88, 83.58, 83.64, 82.42, 81.45, 80.92, 80.52, 80.5, 80.59, 80.21, 80.1, 79.33, 79.08, 78.95, 78.71, 78.24, 78.01, 76.7, 76.64, 76.28, 76.43, 76.47, 76.11, 75.77, 75.08, 74.21, 73.98]
2026-05-25 14:20:18,798 [trainer.py] => CNN top5 curve: [100.0, 100.0, 100.0, 99.75, 99.8, 99.0, 99.14, 99.12, 98.0, 98.0, 98.09, 98.0, 98.08, 97.93, 97.8, 97.81, 96.94, 97.11, 97.26, 96.9, 96.9, 96.63, 95.73, 95.82, 95.79, 95.76, 95.44, 95.17, 94.99, 94.69, 94.6, 94.36, 94.17, 93.69, 93.76, 93.37, 93.5, 93.32, 93.42, 93.43, 93.15, 92.77, 92.38, 91.73, 91.82]
2026-05-25 14:20:18,798 [trainer.py] => Average Accuracy (CNN): 82.78
2026-05-25 14:20:18,802 [trainer.py] => All params: 173132545
2026-05-25 14:20:18,805 [trainer.py] => Trainable params: 87333889
2026-05-25 14:20:18,829 [adam_adapter.py] => Learning on 225-230
2026-05-25 14:23:02,777 [trainer.py] => No NME accuracy.
2026-05-25 14:23:02,800 [trainer.py] => CNN: {'total': 74.08, '00-04': 83.0, '05-09': 64.0, '10-14': 71.0, '15-19': 76.0, '20-24': 60.0, '25-29': 75.0, '30-34': 89.0, '35-39': 77.0, '40-44': 70.0, '45-49': 81.0, '50-54': 91.0, '55-59': 65.66, '60-64': 84.0, '65-69': 72.0, '70-74': 78.0, '75-79': 85.0, '80-84': 56.57, '85-89': 83.0, '90-94': 91.0, '95-99': 63.64, '100-104': 76.0, '105-109': 53.54, '110-114': 59.0, '115-119': 69.7, '120-124': 80.0, '125-129': 87.0, '130-134': 87.0, '135-139': 74.0, '140-144': 88.89, '145-149': 68.0, '150-154': 74.75, '155-159': 75.0, '160-164': 77.0, '165-169': 69.7, '170-174': 82.0, '175-179': 47.0, '180-184': 81.63, '185-189': 68.0, '190-194': 87.0, '195-199': 79.0, '200-204': 61.62, '205-209': 72.0, '210-214': 57.0, '215-219': 45.0, '220-224': 86.0, '225-229': 85.86, 'old': 73.82, 'new': 85.86}
2026-05-25 14:23:02,800 [trainer.py] => CNN top1 curve: [100.0, 93.0, 91.33, 93.25, 89.0, 86.83, 87.86, 87.75, 87.0, 87.3, 88.09, 87.41, 87.91, 86.85, 86.59, 86.37, 84.75, 84.82, 84.88, 83.58, 83.64, 82.42, 81.45, 80.92, 80.52, 80.5, 80.59, 80.21, 80.1, 79.33, 79.08, 78.95, 78.71, 78.24, 78.01, 76.7, 76.64, 76.28, 76.43, 76.47, 76.11, 75.77, 75.08, 74.21, 73.98, 74.08]
2026-05-25 14:23:02,801 [trainer.py] => CNN top5 curve: [100.0, 100.0, 100.0, 99.75, 99.8, 99.0, 99.14, 99.12, 98.0, 98.0, 98.09, 98.0, 98.08, 97.93, 97.8, 97.81, 96.94, 97.11, 97.26, 96.9, 96.9, 96.63, 95.73, 95.82, 95.79, 95.76, 95.44, 95.17, 94.99, 94.69, 94.6, 94.36, 94.17, 93.69, 93.76, 93.37, 93.5, 93.32, 93.42, 93.43, 93.15, 92.77, 92.38, 91.73, 91.82, 91.94]
2026-05-25 14:23:02,801 [trainer.py] => Average Accuracy (CNN): 82.59
2026-05-25 14:23:02,805 [trainer.py] => All params: 173140225
2026-05-25 14:23:02,809 [trainer.py] => Trainable params: 87341569
2026-05-25 14:23:02,829 [adam_adapter.py] => Learning on 230-235
2026-05-25 14:25:48,566 [trainer.py] => No NME accuracy.
2026-05-25 14:25:48,597 [trainer.py] => CNN: {'total': 74.34, '00-04': 83.0, '05-09': 64.0, '10-14': 71.0, '15-19': 76.0, '20-24': 60.0, '25-29': 75.0, '30-34': 89.0, '35-39': 77.0, '40-44': 70.0, '45-49': 81.0, '50-54': 91.0, '55-59': 65.66, '60-64': 84.0, '65-69': 72.0, '70-74': 78.0, '75-79': 85.0, '80-84': 56.57, '85-89': 83.0, '90-94': 91.0, '95-99': 63.64, '100-104': 75.0, '105-109': 53.54, '110-114': 58.0, '115-119': 69.7, '120-124': 78.0, '125-129': 86.0, '130-134': 87.0, '135-139': 74.0, '140-144': 88.89, '145-149': 68.0, '150-154': 74.75, '155-159': 75.0, '160-164': 77.0, '165-169': 69.7, '170-174': 82.0, '175-179': 47.0, '180-184': 81.63, '185-189': 68.0, '190-194': 86.0, '195-199': 79.0, '200-204': 61.62, '205-209': 72.0, '210-214': 57.0, '215-219': 45.0, '220-224': 86.0, '225-229': 85.86, '230-234': 92.0, 'old': 73.95, 'new': 92.0}
2026-05-25 14:25:48,597 [trainer.py] => CNN top1 curve: [100.0, 93.0, 91.33, 93.25, 89.0, 86.83, 87.86, 87.75, 87.0, 87.3, 88.09, 87.41, 87.91, 86.85, 86.59, 86.37, 84.75, 84.82, 84.88, 83.58, 83.64, 82.42, 81.45, 80.92, 80.52, 80.5, 80.59, 80.21, 80.1, 79.33, 79.08, 78.95, 78.71, 78.24, 78.01, 76.7, 76.64, 76.28, 76.43, 76.47, 76.11, 75.77, 75.08, 74.21, 73.98, 74.08, 74.34]
2026-05-25 14:25:48,597 [trainer.py] => CNN top5 curve: [100.0, 100.0, 100.0, 99.75, 99.8, 99.0, 99.14, 99.12, 98.0, 98.0, 98.09, 98.0, 98.08, 97.93, 97.8, 97.81, 96.94, 97.11, 97.26, 96.9, 96.9, 96.63, 95.73, 95.82, 95.79, 95.76, 95.44, 95.17, 94.99, 94.69, 94.6, 94.36, 94.17, 93.69, 93.76, 93.37, 93.5, 93.32, 93.42, 93.43, 93.15, 92.77, 92.38, 91.73, 91.82, 91.94, 92.0]
2026-05-25 14:25:48,597 [trainer.py] => Average Accuracy (CNN): 82.41
2026-05-25 14:25:48,598 [trainer.py] => All params: 173147905
2026-05-25 14:25:48,600 [trainer.py] => Trainable params: 87349249
2026-05-25 14:25:48,612 [adam_adapter.py] => Learning on 235-240
2026-05-25 14:28:41,304 [trainer.py] => No NME accuracy.
2026-05-25 14:28:41,337 [trainer.py] => CNN: {'total': 74.04, '00-04': 82.0, '05-09': 64.0, '10-14': 71.0, '15-19': 74.0, '20-24': 60.0, '25-29': 75.0, '30-34': 89.0, '35-39': 77.0, '40-44': 70.0, '45-49': 81.0, '50-54': 91.0, '55-59': 65.66, '60-64': 84.0, '65-69': 72.0, '70-74': 78.0, '75-79': 85.0, '80-84': 56.57, '85-89': 83.0, '90-94': 91.0, '95-99': 63.64, '100-104': 75.0, '105-109': 53.54, '110-114': 58.0, '115-119': 69.7, '120-124': 78.0, '125-129': 86.0, '130-134': 87.0, '135-139': 74.0, '140-144': 86.87, '145-149': 68.0, '150-154': 74.75, '155-159': 75.0, '160-164': 77.0, '165-169': 69.7, '170-174': 81.0, '175-179': 47.0, '180-184': 81.63, '185-189': 68.0, '190-194': 86.0, '195-199': 79.0, '200-204': 61.62, '205-209': 72.0, '210-214': 57.0, '215-219': 43.0, '220-224': 86.0, '225-229': 85.86, '230-234': 92.0, '235-239': 68.0, 'old': 74.17, 'new': 68.0}
2026-05-25 14:28:41,337 [trainer.py] => CNN top1 curve: [100.0, 93.0, 91.33, 93.25, 89.0, 86.83, 87.86, 87.75, 87.0, 87.3, 88.09, 87.41, 87.91, 86.85, 86.59, 86.37, 84.75, 84.82, 84.88, 83.58, 83.64, 82.42, 81.45, 80.92, 80.52, 80.5, 80.59, 80.21, 80.1, 79.33, 79.08, 78.95, 78.71, 78.24, 78.01, 76.7, 76.64, 76.28, 76.43, 76.47, 76.11, 75.77, 75.08, 74.21, 73.98, 74.08, 74.34, 74.04]
2026-05-25 14:28:41,337 [trainer.py] => CNN top5 curve: [100.0, 100.0, 100.0, 99.75, 99.8, 99.0, 99.14, 99.12, 98.0, 98.0, 98.09, 98.0, 98.08, 97.93, 97.8, 97.81, 96.94, 97.11, 97.26, 96.9, 96.9, 96.63, 95.73, 95.82, 95.79, 95.76, 95.44, 95.17, 94.99, 94.69, 94.6, 94.36, 94.17, 93.69, 93.76, 93.37, 93.5, 93.32, 93.42, 93.43, 93.15, 92.77, 92.38, 91.73, 91.82, 91.94, 92.0, 91.6]
2026-05-25 14:28:41,337 [trainer.py] => Average Accuracy (CNN): 82.24
2026-05-25 14:28:41,339 [trainer.py] => All params: 173155585
2026-05-25 14:28:41,340 [trainer.py] => Trainable params: 87356929
2026-05-25 14:28:41,358 [adam_adapter.py] => Learning on 240-245
2026-05-25 14:31:36,736 [trainer.py] => No NME accuracy.
2026-05-25 14:31:36,753 [trainer.py] => CNN: {'total': 73.55, '00-04': 82.0, '05-09': 63.0, '10-14': 71.0, '15-19': 74.0, '20-24': 60.0, '25-29': 75.0, '30-34': 89.0, '35-39': 77.0, '40-44': 70.0, '45-49': 81.0, '50-54': 91.0, '55-59': 65.66, '60-64': 84.0, '65-69': 72.0, '70-74': 78.0, '75-79': 85.0, '80-84': 56.57, '85-89': 83.0, '90-94': 91.0, '95-99': 63.64, '100-104': 75.0, '105-109': 53.54, '110-114': 58.0, '115-119': 68.69, '120-124': 78.0, '125-129': 76.0, '130-134': 87.0, '135-139': 74.0, '140-144': 86.87, '145-149': 67.0, '150-154': 74.75, '155-159': 75.0, '160-164': 77.0, '165-169': 69.7, '170-174': 81.0, '175-179': 47.0, '180-184': 81.63, '185-189': 68.0, '190-194': 86.0, '195-199': 78.0, '200-204': 61.62, '205-209': 69.0, '210-214': 57.0, '215-219': 43.0, '220-224': 86.0, '225-229': 85.86, '230-234': 92.0, '235-239': 68.0, '240-244': 67.0, 'old': 73.68, 'new': 67.0}
2026-05-25 14:31:36,753 [trainer.py] => CNN top1 curve: [100.0, 93.0, 91.33, 93.25, 89.0, 86.83, 87.86, 87.75, 87.0, 87.3, 88.09, 87.41, 87.91, 86.85, 86.59, 86.37, 84.75, 84.82, 84.88, 83.58, 83.64, 82.42, 81.45, 80.92, 80.52, 80.5, 80.59, 80.21, 80.1, 79.33, 79.08, 78.95, 78.71, 78.24, 78.01, 76.7, 76.64, 76.28, 76.43, 76.47, 76.11, 75.77, 75.08, 74.21, 73.98, 74.08, 74.34, 74.04, 73.55]
2026-05-25 14:31:36,754 [trainer.py] => CNN top5 curve: [100.0, 100.0, 100.0, 99.75, 99.8, 99.0, 99.14, 99.12, 98.0, 98.0, 98.09, 98.0, 98.08, 97.93, 97.8, 97.81, 96.94, 97.11, 97.26, 96.9, 96.9, 96.63, 95.73, 95.82, 95.79, 95.76, 95.44, 95.17, 94.99, 94.69, 94.6, 94.36, 94.17, 93.69, 93.76, 93.37, 93.5, 93.32, 93.42, 93.43, 93.15, 92.77, 92.38, 91.73, 91.82, 91.94, 92.0, 91.6, 91.67]
2026-05-25 14:31:36,754 [trainer.py] => Average Accuracy (CNN): 82.06
2026-05-25 14:31:36,756 [trainer.py] => All params: 173163265
2026-05-25 14:31:36,759 [trainer.py] => Trainable params: 87364609
2026-05-25 14:31:36,778 [adam_adapter.py] => Learning on 245-250
2026-05-25 14:34:31,984 [trainer.py] => No NME accuracy.
2026-05-25 14:34:32,036 [trainer.py] => CNN: {'total': 73.5, '00-04': 82.0, '05-09': 63.0, '10-14': 71.0, '15-19': 73.0, '20-24': 60.0, '25-29': 75.0, '30-34': 89.0, '35-39': 77.0, '40-44': 70.0, '45-49': 81.0, '50-54': 91.0, '55-59': 65.66, '60-64': 84.0, '65-69': 72.0, '70-74': 78.0, '75-79': 85.0, '80-84': 56.57, '85-89': 83.0, '90-94': 91.0, '95-99': 63.64, '100-104': 75.0, '105-109': 53.54, '110-114': 58.0, '115-119': 68.69, '120-124': 78.0, '125-129': 76.0, '130-134': 87.0, '135-139': 74.0, '140-144': 86.87, '145-149': 67.0, '150-154': 74.75, '155-159': 75.0, '160-164': 77.0, '165-169': 69.7, '170-174': 81.0, '175-179': 47.0, '180-184': 81.63, '185-189': 68.0, '190-194': 86.0, '195-199': 78.0, '200-204': 61.62, '205-209': 69.0, '210-214': 57.0, '215-219': 43.0, '220-224': 86.0, '225-229': 85.86, '230-234': 92.0, '235-239': 68.0, '240-244': 67.0, '245-249': 72.0, 'old': 73.53, 'new': 72.0}
2026-05-25 14:34:32,036 [trainer.py] => CNN top1 curve: [100.0, 93.0, 91.33, 93.25, 89.0, 86.83, 87.86, 87.75, 87.0, 87.3, 88.09, 87.41, 87.91, 86.85, 86.59, 86.37, 84.75, 84.82, 84.88, 83.58, 83.64, 82.42, 81.45, 80.92, 80.52, 80.5, 80.59, 80.21, 80.1, 79.33, 79.08, 78.95, 78.71, 78.24, 78.01, 76.7, 76.64, 76.28, 76.43, 76.47, 76.11, 75.77, 75.08, 74.21, 73.98, 74.08, 74.34, 74.04, 73.55, 73.5]
2026-05-25 14:34:32,036 [trainer.py] => CNN top5 curve: [100.0, 100.0, 100.0, 99.75, 99.8, 99.0, 99.14, 99.12, 98.0, 98.0, 98.09, 98.0, 98.08, 97.93, 97.8, 97.81, 96.94, 97.11, 97.26, 96.9, 96.9, 96.63, 95.73, 95.82, 95.79, 95.76, 95.44, 95.17, 94.99, 94.69, 94.6, 94.36, 94.17, 93.69, 93.76, 93.37, 93.5, 93.32, 93.42, 93.43, 93.15, 92.77, 92.38, 91.73, 91.82, 91.94, 92.0, 91.6, 91.67, 91.6]
2026-05-25 14:34:32,036 [trainer.py] => Average Accuracy (CNN): 81.89
2026-05-25 14:34:32,039 [trainer.py] => All params: 173170945
2026-05-25 14:34:32,041 [trainer.py] => Trainable params: 87372289
2026-05-25 14:34:32,057 [adam_adapter.py] => Learning on 250-255
2026-05-25 14:37:26,950 [trainer.py] => No NME accuracy.
2026-05-25 14:37:26,972 [trainer.py] => CNN: {'total': 73.35, '00-04': 82.0, '05-09': 63.0, '10-14': 71.0, '15-19': 73.0, '20-24': 60.0, '25-29': 75.0, '30-34': 89.0, '35-39': 77.0, '40-44': 70.0, '45-49': 81.0, '50-54': 91.0, '55-59': 65.66, '60-64': 84.0, '65-69': 68.0, '70-74': 78.0, '75-79': 85.0, '80-84': 56.57, '85-89': 83.0, '90-94': 91.0, '95-99': 63.64, '100-104': 75.0, '105-109': 53.54, '110-114': 58.0, '115-119': 68.69, '120-124': 78.0, '125-129': 76.0, '130-134': 87.0, '135-139': 74.0, '140-144': 86.87, '145-149': 67.0, '150-154': 74.75, '155-159': 74.0, '160-164': 77.0, '165-169': 69.7, '170-174': 81.0, '175-179': 47.0, '180-184': 81.63, '185-189': 68.0, '190-194': 86.0, '195-199': 78.0, '200-204': 61.62, '205-209': 69.0, '210-214': 57.0, '215-219': 43.0, '220-224': 86.0, '225-229': 85.86, '230-234': 92.0, '235-239': 68.0, '240-244': 67.0, '245-249': 72.0, '250-254': 71.0, 'old': 73.4, 'new': 71.0}
2026-05-25 14:37:26,973 [trainer.py] => CNN top1 curve: [100.0, 93.0, 91.33, 93.25, 89.0, 86.83, 87.86, 87.75, 87.0, 87.3, 88.09, 87.41, 87.91, 86.85, 86.59, 86.37, 84.75, 84.82, 84.88, 83.58, 83.64, 82.42, 81.45, 80.92, 80.52, 80.5, 80.59, 80.21, 80.1, 79.33, 79.08, 78.95, 78.71, 78.24, 78.01, 76.7, 76.64, 76.28, 76.43, 76.47, 76.11, 75.77, 75.08, 74.21, 73.98, 74.08, 74.34, 74.04, 73.55, 73.5, 73.35]
2026-05-25 14:37:26,973 [trainer.py] => CNN top5 curve: [100.0, 100.0, 100.0, 99.75, 99.8, 99.0, 99.14, 99.12, 98.0, 98.0, 98.09, 98.0, 98.08, 97.93, 97.8, 97.81, 96.94, 97.11, 97.26, 96.9, 96.9, 96.63, 95.73, 95.82, 95.79, 95.76, 95.44, 95.17, 94.99, 94.69, 94.6, 94.36, 94.17, 93.69, 93.76, 93.37, 93.5, 93.32, 93.42, 93.43, 93.15, 92.77, 92.38, 91.73, 91.82, 91.94, 92.0, 91.6, 91.67, 91.6, 91.57]
2026-05-25 14:37:26,973 [trainer.py] => Average Accuracy (CNN): 81.72
2026-05-25 14:37:26,977 [trainer.py] => All params: 173178625
2026-05-25 14:37:26,981 [trainer.py] => Trainable params: 87379969
2026-05-25 14:37:27,006 [adam_adapter.py] => Learning on 255-260
2026-05-25 14:40:28,789 [trainer.py] => No NME accuracy.
2026-05-25 14:40:28,809 [trainer.py] => CNN: {'total': 73.36, '00-04': 82.0, '05-09': 63.0, '10-14': 71.0, '15-19': 73.0, '20-24': 60.0, '25-29': 75.0, '30-34': 89.0, '35-39': 77.0, '40-44': 70.0, '45-49': 81.0, '50-54': 91.0, '55-59': 65.66, '60-64': 84.0, '65-69': 68.0, '70-74': 78.0, '75-79': 84.0, '80-84': 56.57, '85-89': 83.0, '90-94': 88.0, '95-99': 63.64, '100-104': 74.0, '105-109': 53.54, '110-114': 58.0, '115-119': 68.69, '120-124': 78.0, '125-129': 76.0, '130-134': 87.0, '135-139': 74.0, '140-144': 86.87, '145-149': 67.0, '150-154': 74.75, '155-159': 69.0, '160-164': 77.0, '165-169': 69.7, '170-174': 81.0, '175-179': 47.0, '180-184': 81.63, '185-189': 68.0, '190-194': 86.0, '195-199': 78.0, '200-204': 61.62, '205-209': 69.0, '210-214': 57.0, '215-219': 43.0, '220-224': 86.0, '225-229': 85.86, '230-234': 92.0, '235-239': 68.0, '240-244': 67.0, '245-249': 72.0, '250-254': 71.0, '255-259': 83.84, 'old': 73.15, 'new': 83.84}
2026-05-25 14:40:28,810 [trainer.py] => CNN top1 curve: [100.0, 93.0, 91.33, 93.25, 89.0, 86.83, 87.86, 87.75, 87.0, 87.3, 88.09, 87.41, 87.91, 86.85, 86.59, 86.37, 84.75, 84.82, 84.88, 83.58, 83.64, 82.42, 81.45, 80.92, 80.52, 80.5, 80.59, 80.21, 80.1, 79.33, 79.08, 78.95, 78.71, 78.24, 78.01, 76.7, 76.64, 76.28, 76.43, 76.47, 76.11, 75.77, 75.08, 74.21, 73.98, 74.08, 74.34, 74.04, 73.55, 73.5, 73.35, 73.36]
2026-05-25 14:40:28,810 [trainer.py] => CNN top5 curve: [100.0, 100.0, 100.0, 99.75, 99.8, 99.0, 99.14, 99.12, 98.0, 98.0, 98.09, 98.0, 98.08, 97.93, 97.8, 97.81, 96.94, 97.11, 97.26, 96.9, 96.9, 96.63, 95.73, 95.82, 95.79, 95.76, 95.44, 95.17, 94.99, 94.69, 94.6, 94.36, 94.17, 93.69, 93.76, 93.37, 93.5, 93.32, 93.42, 93.43, 93.15, 92.77, 92.38, 91.73, 91.82, 91.94, 92.0, 91.6, 91.67, 91.6, 91.57, 91.65]
2026-05-25 14:40:28,810 [trainer.py] => Average Accuracy (CNN): 81.56
2026-05-25 14:40:28,813 [trainer.py] => All params: 173186305
2026-05-25 14:40:28,815 [trainer.py] => Trainable params: 87387649
2026-05-25 14:40:28,837 [adam_adapter.py] => Learning on 260-265
2026-05-25 14:43:31,314 [trainer.py] => No NME accuracy.
2026-05-25 14:43:31,332 [trainer.py] => CNN: {'total': 72.95, '00-04': 82.0, '05-09': 63.0, '10-14': 71.0, '15-19': 73.0, '20-24': 60.0, '25-29': 75.0, '30-34': 89.0, '35-39': 77.0, '40-44': 70.0, '45-49': 81.0, '50-54': 91.0, '55-59': 65.66, '60-64': 84.0, '65-69': 68.0, '70-74': 78.0, '75-79': 84.0, '80-84': 56.57, '85-89': 83.0, '90-94': 88.0, '95-99': 63.64, '100-104': 74.0, '105-109': 53.54, '110-114': 53.0, '115-119': 68.69, '120-124': 78.0, '125-129': 76.0, '130-134': 87.0, '135-139': 74.0, '140-144': 86.87, '145-149': 59.0, '150-154': 73.74, '155-159': 69.0, '160-164': 77.0, '165-169': 69.7, '170-174': 81.0, '175-179': 47.0, '180-184': 81.63, '185-189': 68.0, '190-194': 83.0, '195-199': 78.0, '200-204': 59.6, '205-209': 69.0, '210-214': 57.0, '215-219': 43.0, '220-224': 86.0, '225-229': 85.86, '230-234': 92.0, '235-239': 68.0, '240-244': 67.0, '245-249': 72.0, '250-254': 71.0, '255-259': 83.84, '260-264': 71.0, 'old': 72.99, 'new': 71.0}
2026-05-25 14:43:31,332 [trainer.py] => CNN top1 curve: [100.0, 93.0, 91.33, 93.25, 89.0, 86.83, 87.86, 87.75, 87.0, 87.3, 88.09, 87.41, 87.91, 86.85, 86.59, 86.37, 84.75, 84.82, 84.88, 83.58, 83.64, 82.42, 81.45, 80.92, 80.52, 80.5, 80.59, 80.21, 80.1, 79.33, 79.08, 78.95, 78.71, 78.24, 78.01, 76.7, 76.64, 76.28, 76.43, 76.47, 76.11, 75.77, 75.08, 74.21, 73.98, 74.08, 74.34, 74.04, 73.55, 73.5, 73.35, 73.36, 72.95]
2026-05-25 14:43:31,332 [trainer.py] => CNN top5 curve: [100.0, 100.0, 100.0, 99.75, 99.8, 99.0, 99.14, 99.12, 98.0, 98.0, 98.09, 98.0, 98.08, 97.93, 97.8, 97.81, 96.94, 97.11, 97.26, 96.9, 96.9, 96.63, 95.73, 95.82, 95.79, 95.76, 95.44, 95.17, 94.99, 94.69, 94.6, 94.36, 94.17, 93.69, 93.76, 93.37, 93.5, 93.32, 93.42, 93.43, 93.15, 92.77, 92.38, 91.73, 91.82, 91.94, 92.0, 91.6, 91.67, 91.6, 91.57, 91.65, 91.68]
2026-05-25 14:43:31,332 [trainer.py] => Average Accuracy (CNN): 81.4
2026-05-25 14:43:31,334 [trainer.py] => All params: 173193985
2026-05-25 14:43:31,335 [trainer.py] => Trainable params: 87395329
2026-05-25 14:43:31,346 [adam_adapter.py] => Learning on 265-270
2026-05-25 14:46:36,408 [trainer.py] => No NME accuracy.
2026-05-25 14:46:36,428 [trainer.py] => CNN: {'total': 73.27, '00-04': 82.0, '05-09': 63.0, '10-14': 71.0, '15-19': 73.0, '20-24': 60.0, '25-29': 75.0, '30-34': 89.0, '35-39': 77.0, '40-44': 70.0, '45-49': 81.0, '50-54': 91.0, '55-59': 65.66, '60-64': 84.0, '65-69': 68.0, '70-74': 78.0, '75-79': 84.0, '80-84': 56.57, '85-89': 83.0, '90-94': 88.0, '95-99': 63.64, '100-104': 74.0, '105-109': 53.54, '110-114': 53.0, '115-119': 68.69, '120-124': 78.0, '125-129': 76.0, '130-134': 86.0, '135-139': 74.0, '140-144': 86.87, '145-149': 59.0, '150-154': 73.74, '155-159': 69.0, '160-164': 77.0, '165-169': 69.7, '170-174': 81.0, '175-179': 47.0, '180-184': 81.63, '185-189': 68.0, '190-194': 83.0, '195-199': 78.0, '200-204': 59.6, '205-209': 67.0, '210-214': 57.0, '215-219': 43.0, '220-224': 86.0, '225-229': 85.86, '230-234': 92.0, '235-239': 68.0, '240-244': 67.0, '245-249': 72.0, '250-254': 71.0, '255-259': 83.84, '260-264': 71.0, '265-269': 93.0, 'old': 72.9, 'new': 93.0}
2026-05-25 14:46:36,428 [trainer.py] => CNN top1 curve: [100.0, 93.0, 91.33, 93.25, 89.0, 86.83, 87.86, 87.75, 87.0, 87.3, 88.09, 87.41, 87.91, 86.85, 86.59, 86.37, 84.75, 84.82, 84.88, 83.58, 83.64, 82.42, 81.45, 80.92, 80.52, 80.5, 80.59, 80.21, 80.1, 79.33, 79.08, 78.95, 78.71, 78.24, 78.01, 76.7, 76.64, 76.28, 76.43, 76.47, 76.11, 75.77, 75.08, 74.21, 73.98, 74.08, 74.34, 74.04, 73.55, 73.5, 73.35, 73.36, 72.95, 73.27]
2026-05-25 14:46:36,429 [trainer.py] => CNN top5 curve: [100.0, 100.0, 100.0, 99.75, 99.8, 99.0, 99.14, 99.12, 98.0, 98.0, 98.09, 98.0, 98.08, 97.93, 97.8, 97.81, 96.94, 97.11, 97.26, 96.9, 96.9, 96.63, 95.73, 95.82, 95.79, 95.76, 95.44, 95.17, 94.99, 94.69, 94.6, 94.36, 94.17, 93.69, 93.76, 93.37, 93.5, 93.32, 93.42, 93.43, 93.15, 92.77, 92.38, 91.73, 91.82, 91.94, 92.0, 91.6, 91.67, 91.6, 91.57, 91.65, 91.68, 91.81]
2026-05-25 14:46:36,429 [trainer.py] => Average Accuracy (CNN): 81.25
2026-05-25 14:46:36,432 [trainer.py] => All params: 173201665
2026-05-25 14:46:36,435 [trainer.py] => Trainable params: 87403009
2026-05-25 14:46:36,459 [adam_adapter.py] => Learning on 270-275
2026-05-25 14:49:42,401 [trainer.py] => No NME accuracy.
2026-05-25 14:49:42,429 [trainer.py] => CNN: {'total': 73.06, '00-04': 82.0, '05-09': 63.0, '10-14': 71.0, '15-19': 73.0, '20-24': 60.0, '25-29': 74.0, '30-34': 89.0, '35-39': 77.0, '40-44': 70.0, '45-49': 81.0, '50-54': 91.0, '55-59': 64.65, '60-64': 84.0, '65-69': 68.0, '70-74': 78.0, '75-79': 84.0, '80-84': 56.57, '85-89': 83.0, '90-94': 88.0, '95-99': 63.64, '100-104': 73.0, '105-109': 53.54, '110-114': 53.0, '115-119': 68.69, '120-124': 78.0, '125-129': 76.0, '130-134': 86.0, '135-139': 74.0, '140-144': 86.87, '145-149': 59.0, '150-154': 73.74, '155-159': 69.0, '160-164': 77.0, '165-169': 67.68, '170-174': 81.0, '175-179': 47.0, '180-184': 80.61, '185-189': 68.0, '190-194': 83.0, '195-199': 78.0, '200-204': 59.6, '205-209': 67.0, '210-214': 57.0, '215-219': 43.0, '220-224': 85.0, '225-229': 85.86, '230-234': 92.0, '235-239': 68.0, '240-244': 67.0, '245-249': 67.0, '250-254': 71.0, '255-259': 83.84, '260-264': 71.0, '265-269': 93.0, '270-274': 74.0, 'old': 73.05, 'new': 74.0}
2026-05-25 14:49:42,429 [trainer.py] => CNN top1 curve: [100.0, 93.0, 91.33, 93.25, 89.0, 86.83, 87.86, 87.75, 87.0, 87.3, 88.09, 87.41, 87.91, 86.85, 86.59, 86.37, 84.75, 84.82, 84.88, 83.58, 83.64, 82.42, 81.45, 80.92, 80.52, 80.5, 80.59, 80.21, 80.1, 79.33, 79.08, 78.95, 78.71, 78.24, 78.01, 76.7, 76.64, 76.28, 76.43, 76.47, 76.11, 75.77, 75.08, 74.21, 73.98, 74.08, 74.34, 74.04, 73.55, 73.5, 73.35, 73.36, 72.95, 73.27, 73.06]
2026-05-25 14:49:42,429 [trainer.py] => CNN top5 curve: [100.0, 100.0, 100.0, 99.75, 99.8, 99.0, 99.14, 99.12, 98.0, 98.0, 98.09, 98.0, 98.08, 97.93, 97.8, 97.81, 96.94, 97.11, 97.26, 96.9, 96.9, 96.63, 95.73, 95.82, 95.79, 95.76, 95.44, 95.17, 94.99, 94.69, 94.6, 94.36, 94.17, 93.69, 93.76, 93.37, 93.5, 93.32, 93.42, 93.43, 93.15, 92.77, 92.38, 91.73, 91.82, 91.94, 92.0, 91.6, 91.67, 91.6, 91.57, 91.65, 91.68, 91.81, 91.71]
2026-05-25 14:49:42,430 [trainer.py] => Average Accuracy (CNN): 81.1
2026-05-25 14:49:42,431 [trainer.py] => All params: 173209345
2026-05-25 14:49:42,433 [trainer.py] => Trainable params: 87410689
2026-05-25 14:49:42,453 [adam_adapter.py] => Learning on 275-280
2026-05-25 14:52:50,592 [trainer.py] => No NME accuracy.
2026-05-25 14:52:50,615 [trainer.py] => CNN: {'total': 73.08, '00-04': 82.0, '05-09': 63.0, '10-14': 71.0, '15-19': 73.0, '20-24': 60.0, '25-29': 74.0, '30-34': 89.0, '35-39': 77.0, '40-44': 65.0, '45-49': 81.0, '50-54': 91.0, '55-59': 64.65, '60-64': 84.0, '65-69': 67.0, '70-74': 78.0, '75-79': 84.0, '80-84': 56.57, '85-89': 83.0, '90-94': 88.0, '95-99': 63.64, '100-104': 73.0, '105-109': 53.54, '110-114': 53.0, '115-119': 68.69, '120-124': 78.0, '125-129': 76.0, '130-134': 85.0, '135-139': 74.0, '140-144': 86.87, '145-149': 59.0, '150-154': 73.74, '155-159': 69.0, '160-164': 77.0, '165-169': 67.68, '170-174': 80.0, '175-179': 47.0, '180-184': 79.59, '185-189': 68.0, '190-194': 83.0, '195-199': 78.0, '200-204': 59.6, '205-209': 67.0, '210-214': 57.0, '215-219': 43.0, '220-224': 85.0, '225-229': 85.86, '230-234': 92.0, '235-239': 68.0, '240-244': 67.0, '245-249': 67.0, '250-254': 71.0, '255-259': 83.84, '260-264': 71.0, '265-269': 93.0, '270-274': 74.0, '275-279': 82.83, 'old': 72.9, 'new': 82.83}
2026-05-25 14:52:50,615 [trainer.py] => CNN top1 curve: [100.0, 93.0, 91.33, 93.25, 89.0, 86.83, 87.86, 87.75, 87.0, 87.3, 88.09, 87.41, 87.91, 86.85, 86.59, 86.37, 84.75, 84.82, 84.88, 83.58, 83.64, 82.42, 81.45, 80.92, 80.52, 80.5, 80.59, 80.21, 80.1, 79.33, 79.08, 78.95, 78.71, 78.24, 78.01, 76.7, 76.64, 76.28, 76.43, 76.47, 76.11, 75.77, 75.08, 74.21, 73.98, 74.08, 74.34, 74.04, 73.55, 73.5, 73.35, 73.36, 72.95, 73.27, 73.06, 73.08]
2026-05-25 14:52:50,616 [trainer.py] => CNN top5 curve: [100.0, 100.0, 100.0, 99.75, 99.8, 99.0, 99.14, 99.12, 98.0, 98.0, 98.09, 98.0, 98.08, 97.93, 97.8, 97.81, 96.94, 97.11, 97.26, 96.9, 96.9, 96.63, 95.73, 95.82, 95.79, 95.76, 95.44, 95.17, 94.99, 94.69, 94.6, 94.36, 94.17, 93.69, 93.76, 93.37, 93.5, 93.32, 93.42, 93.43, 93.15, 92.77, 92.38, 91.73, 91.82, 91.94, 92.0, 91.6, 91.67, 91.6, 91.57, 91.65, 91.68, 91.81, 91.71, 91.68]
2026-05-25 14:52:50,616 [trainer.py] => Average Accuracy (CNN): 80.96
2026-05-25 14:52:50,620 [trainer.py] => All params: 173217025
2026-05-25 14:52:50,624 [trainer.py] => Trainable params: 87418369
2026-05-25 14:52:50,653 [adam_adapter.py] => Learning on 280-285
2026-05-25 14:56:01,437 [trainer.py] => No NME accuracy.
2026-05-25 14:56:01,454 [trainer.py] => CNN: {'total': 73.06, '00-04': 82.0, '05-09': 63.0, '10-14': 71.0, '15-19': 73.0, '20-24': 60.0, '25-29': 74.0, '30-34': 89.0, '35-39': 77.0, '40-44': 65.0, '45-49': 81.0, '50-54': 91.0, '55-59': 64.65, '60-64': 84.0, '65-69': 66.0, '70-74': 78.0, '75-79': 84.0, '80-84': 56.57, '85-89': 83.0, '90-94': 85.0, '95-99': 63.64, '100-104': 73.0, '105-109': 53.54, '110-114': 53.0, '115-119': 68.69, '120-124': 78.0, '125-129': 76.0, '130-134': 85.0, '135-139': 74.0, '140-144': 86.87, '145-149': 59.0, '150-154': 73.74, '155-159': 69.0, '160-164': 76.0, '165-169': 67.68, '170-174': 80.0, '175-179': 47.0, '180-184': 79.59, '185-189': 68.0, '190-194': 83.0, '195-199': 78.0, '200-204': 59.6, '205-209': 67.0, '210-214': 57.0, '215-219': 42.0, '220-224': 85.0, '225-229': 85.86, '230-234': 92.0, '235-239': 68.0, '240-244': 67.0, '245-249': 67.0, '250-254': 71.0, '255-259': 82.83, '260-264': 71.0, '265-269': 93.0, '270-274': 74.0, '275-279': 82.83, '280-284': 79.0, 'old': 72.95, 'new': 79.0}
2026-05-25 14:56:01,454 [trainer.py] => CNN top1 curve: [100.0, 93.0, 91.33, 93.25, 89.0, 86.83, 87.86, 87.75, 87.0, 87.3, 88.09, 87.41, 87.91, 86.85, 86.59, 86.37, 84.75, 84.82, 84.88, 83.58, 83.64, 82.42, 81.45, 80.92, 80.52, 80.5, 80.59, 80.21, 80.1, 79.33, 79.08, 78.95, 78.71, 78.24, 78.01, 76.7, 76.64, 76.28, 76.43, 76.47, 76.11, 75.77, 75.08, 74.21, 73.98, 74.08, 74.34, 74.04, 73.55, 73.5, 73.35, 73.36, 72.95, 73.27, 73.06, 73.08, 73.06]
2026-05-25 14:56:01,454 [trainer.py] => CNN top5 curve: [100.0, 100.0, 100.0, 99.75, 99.8, 99.0, 99.14, 99.12, 98.0, 98.0, 98.09, 98.0, 98.08, 97.93, 97.8, 97.81, 96.94, 97.11, 97.26, 96.9, 96.9, 96.63, 95.73, 95.82, 95.79, 95.76, 95.44, 95.17, 94.99, 94.69, 94.6, 94.36, 94.17, 93.69, 93.76, 93.37, 93.5, 93.32, 93.42, 93.43, 93.15, 92.77, 92.38, 91.73, 91.82, 91.94, 92.0, 91.6, 91.67, 91.6, 91.57, 91.65, 91.68, 91.81, 91.71, 91.68, 91.8]
2026-05-25 14:56:01,454 [trainer.py] => Average Accuracy (CNN): 80.82
2026-05-25 14:56:01,456 [trainer.py] => All params: 173224705
2026-05-25 14:56:01,457 [trainer.py] => Trainable params: 87426049
2026-05-25 14:56:01,471 [adam_adapter.py] => Learning on 285-290
2026-05-25 14:59:15,095 [trainer.py] => No NME accuracy.
2026-05-25 14:59:15,131 [trainer.py] => CNN: {'total': 73.18, '00-04': 82.0, '05-09': 63.0, '10-14': 71.0, '15-19': 73.0, '20-24': 60.0, '25-29': 74.0, '30-34': 89.0, '35-39': 77.0, '40-44': 65.0, '45-49': 81.0, '50-54': 91.0, '55-59': 64.65, '60-64': 84.0, '65-69': 66.0, '70-74': 78.0, '75-79': 84.0, '80-84': 56.57, '85-89': 83.0, '90-94': 82.0, '95-99': 63.64, '100-104': 72.0, '105-109': 53.54, '110-114': 53.0, '115-119': 68.69, '120-124': 78.0, '125-129': 76.0, '130-134': 85.0, '135-139': 74.0, '140-144': 86.87, '145-149': 59.0, '150-154': 73.74, '155-159': 69.0, '160-164': 76.0, '165-169': 67.68, '170-174': 80.0, '175-179': 47.0, '180-184': 79.59, '185-189': 68.0, '190-194': 83.0, '195-199': 77.0, '200-204': 59.6, '205-209': 67.0, '210-214': 56.0, '215-219': 42.0, '220-224': 85.0, '225-229': 85.86, '230-234': 92.0, '235-239': 68.0, '240-244': 67.0, '245-249': 67.0, '250-254': 71.0, '255-259': 82.83, '260-264': 71.0, '265-269': 93.0, '270-274': 74.0, '275-279': 82.83, '280-284': 79.0, '285-289': 86.0, 'old': 72.95, 'new': 86.0}
2026-05-25 14:59:15,131 [trainer.py] => CNN top1 curve: [100.0, 93.0, 91.33, 93.25, 89.0, 86.83, 87.86, 87.75, 87.0, 87.3, 88.09, 87.41, 87.91, 86.85, 86.59, 86.37, 84.75, 84.82, 84.88, 83.58, 83.64, 82.42, 81.45, 80.92, 80.52, 80.5, 80.59, 80.21, 80.1, 79.33, 79.08, 78.95, 78.71, 78.24, 78.01, 76.7, 76.64, 76.28, 76.43, 76.47, 76.11, 75.77, 75.08, 74.21, 73.98, 74.08, 74.34, 74.04, 73.55, 73.5, 73.35, 73.36, 72.95, 73.27, 73.06, 73.08, 73.06, 73.18]
2026-05-25 14:59:15,131 [trainer.py] => CNN top5 curve: [100.0, 100.0, 100.0, 99.75, 99.8, 99.0, 99.14, 99.12, 98.0, 98.0, 98.09, 98.0, 98.08, 97.93, 97.8, 97.81, 96.94, 97.11, 97.26, 96.9, 96.9, 96.63, 95.73, 95.82, 95.79, 95.76, 95.44, 95.17, 94.99, 94.69, 94.6, 94.36, 94.17, 93.69, 93.76, 93.37, 93.5, 93.32, 93.42, 93.43, 93.15, 92.77, 92.38, 91.73, 91.82, 91.94, 92.0, 91.6, 91.67, 91.6, 91.57, 91.65, 91.68, 91.81, 91.71, 91.68, 91.8, 91.88]
2026-05-25 14:59:15,131 [trainer.py] => Average Accuracy (CNN): 80.68
2026-05-25 14:59:15,133 [trainer.py] => All params: 173232385
2026-05-25 14:59:15,135 [trainer.py] => Trainable params: 87433729
2026-05-25 14:59:15,150 [adam_adapter.py] => Learning on 290-295
2026-05-25 15:02:31,178 [trainer.py] => No NME accuracy.
2026-05-25 15:02:31,205 [trainer.py] => CNN: {'total': 73.29, '00-04': 82.0, '05-09': 63.0, '10-14': 71.0, '15-19': 73.0, '20-24': 60.0, '25-29': 74.0, '30-34': 89.0, '35-39': 77.0, '40-44': 65.0, '45-49': 80.0, '50-54': 91.0, '55-59': 64.65, '60-64': 84.0, '65-69': 66.0, '70-74': 78.0, '75-79': 84.0, '80-84': 56.57, '85-89': 83.0, '90-94': 82.0, '95-99': 63.64, '100-104': 72.0, '105-109': 53.54, '110-114': 53.0, '115-119': 68.69, '120-124': 78.0, '125-129': 76.0, '130-134': 85.0, '135-139': 74.0, '140-144': 86.87, '145-149': 59.0, '150-154': 73.74, '155-159': 69.0, '160-164': 76.0, '165-169': 67.68, '170-174': 80.0, '175-179': 47.0, '180-184': 79.59, '185-189': 68.0, '190-194': 83.0, '195-199': 77.0, '200-204': 59.6, '205-209': 67.0, '210-214': 56.0, '215-219': 42.0, '220-224': 85.0, '225-229': 85.86, '230-234': 92.0, '235-239': 68.0, '240-244': 67.0, '245-249': 67.0, '250-254': 71.0, '255-259': 82.83, '260-264': 69.0, '265-269': 93.0, '270-274': 74.0, '275-279': 82.83, '280-284': 78.0, '285-289': 86.0, '290-294': 84.0, 'old': 73.11, 'new': 84.0}
2026-05-25 15:02:31,205 [trainer.py] => CNN top1 curve: [100.0, 93.0, 91.33, 93.25, 89.0, 86.83, 87.86, 87.75, 87.0, 87.3, 88.09, 87.41, 87.91, 86.85, 86.59, 86.37, 84.75, 84.82, 84.88, 83.58, 83.64, 82.42, 81.45, 80.92, 80.52, 80.5, 80.59, 80.21, 80.1, 79.33, 79.08, 78.95, 78.71, 78.24, 78.01, 76.7, 76.64, 76.28, 76.43, 76.47, 76.11, 75.77, 75.08, 74.21, 73.98, 74.08, 74.34, 74.04, 73.55, 73.5, 73.35, 73.36, 72.95, 73.27, 73.06, 73.08, 73.06, 73.18, 73.29]
2026-05-25 15:02:31,206 [trainer.py] => CNN top5 curve: [100.0, 100.0, 100.0, 99.75, 99.8, 99.0, 99.14, 99.12, 98.0, 98.0, 98.09, 98.0, 98.08, 97.93, 97.8, 97.81, 96.94, 97.11, 97.26, 96.9, 96.9, 96.63, 95.73, 95.82, 95.79, 95.76, 95.44, 95.17, 94.99, 94.69, 94.6, 94.36, 94.17, 93.69, 93.76, 93.37, 93.5, 93.32, 93.42, 93.43, 93.15, 92.77, 92.38, 91.73, 91.82, 91.94, 92.0, 91.6, 91.67, 91.6, 91.57, 91.65, 91.68, 91.81, 91.71, 91.68, 91.8, 91.88, 91.91]
2026-05-25 15:02:31,206 [trainer.py] => Average Accuracy (CNN): 80.56
2026-05-25 15:02:31,207 [trainer.py] => All params: 173240065
2026-05-25 15:02:31,209 [trainer.py] => Trainable params: 87441409
2026-05-25 15:02:31,226 [adam_adapter.py] => Learning on 295-300
2026-05-25 15:05:55,458 [trainer.py] => No NME accuracy.
2026-05-25 15:05:55,472 [trainer.py] => CNN: {'total': 73.33, '00-04': 81.0, '05-09': 63.0, '10-14': 71.0, '15-19': 73.0, '20-24': 60.0, '25-29': 74.0, '30-34': 89.0, '35-39': 77.0, '40-44': 65.0, '45-49': 80.0, '50-54': 91.0, '55-59': 64.65, '60-64': 84.0, '65-69': 66.0, '70-74': 78.0, '75-79': 84.0, '80-84': 56.57, '85-89': 83.0, '90-94': 82.0, '95-99': 63.64, '100-104': 72.0, '105-109': 53.54, '110-114': 52.0, '115-119': 68.69, '120-124': 78.0, '125-129': 76.0, '130-134': 85.0, '135-139': 74.0, '140-144': 86.87, '145-149': 59.0, '150-154': 73.74, '155-159': 69.0, '160-164': 76.0, '165-169': 67.68, '170-174': 80.0, '175-179': 47.0, '180-184': 79.59, '185-189': 68.0, '190-194': 83.0, '195-199': 77.0, '200-204': 59.6, '205-209': 67.0, '210-214': 56.0, '215-219': 42.0, '220-224': 85.0, '225-229': 85.86, '230-234': 92.0, '235-239': 68.0, '240-244': 67.0, '245-249': 67.0, '250-254': 71.0, '255-259': 82.83, '260-264': 69.0, '265-269': 93.0, '270-274': 73.0, '275-279': 82.83, '280-284': 78.0, '285-289': 86.0, '290-294': 84.0, '295-299': 78.79, 'old': 73.24, 'new': 78.79}
2026-05-25 15:05:55,473 [trainer.py] => CNN top1 curve: [100.0, 93.0, 91.33, 93.25, 89.0, 86.83, 87.86, 87.75, 87.0, 87.3, 88.09, 87.41, 87.91, 86.85, 86.59, 86.37, 84.75, 84.82, 84.88, 83.58, 83.64, 82.42, 81.45, 80.92, 80.52, 80.5, 80.59, 80.21, 80.1, 79.33, 79.08, 78.95, 78.71, 78.24, 78.01, 76.7, 76.64, 76.28, 76.43, 76.47, 76.11, 75.77, 75.08, 74.21, 73.98, 74.08, 74.34, 74.04, 73.55, 73.5, 73.35, 73.36, 72.95, 73.27, 73.06, 73.08, 73.06, 73.18, 73.29, 73.33]
2026-05-25 15:05:55,473 [trainer.py] => CNN top5 curve: [100.0, 100.0, 100.0, 99.75, 99.8, 99.0, 99.14, 99.12, 98.0, 98.0, 98.09, 98.0, 98.08, 97.93, 97.8, 97.81, 96.94, 97.11, 97.26, 96.9, 96.9, 96.63, 95.73, 95.82, 95.79, 95.76, 95.44, 95.17, 94.99, 94.69, 94.6, 94.36, 94.17, 93.69, 93.76, 93.37, 93.5, 93.32, 93.42, 93.43, 93.15, 92.77, 92.38, 91.73, 91.82, 91.94, 92.0, 91.6, 91.67, 91.6, 91.57, 91.65, 91.68, 91.81, 91.71, 91.68, 91.8, 91.88, 91.91, 91.71]
2026-05-25 15:05:55,473 [trainer.py] => Average Accuracy (CNN): 80.44
