2026-05-25 15:05:55,540 [trainer.py] => config: ./configs/aper/aper_adapter_omn_B0_Inc5.json
2026-05-25 15:05:55,540 [trainer.py] => prefix: exp
2026-05-25 15:05:55,541 [trainer.py] => dataset: omnibenchmark
2026-05-25 15:05:55,541 [trainer.py] => memory_size: 0
2026-05-25 15:05:55,541 [trainer.py] => memory_per_class: 0
2026-05-25 15:05:55,541 [trainer.py] => fixed_memory: False
2026-05-25 15:05:55,541 [trainer.py] => shuffle: True
2026-05-25 15:05:55,541 [trainer.py] => init_cls: 5
2026-05-25 15:05:55,542 [trainer.py] => increment: 5
2026-05-25 15:05:55,542 [trainer.py] => model_name: adam_adapter
2026-05-25 15:05:55,542 [trainer.py] => backbone_type: pretrained_vit_b16_224_in21k_adapter
2026-05-25 15:05:55,542 [trainer.py] => weight_decay: 0.0005
2026-05-25 15:05:55,542 [trainer.py] => prompt_token_num: 30
2026-05-25 15:05:55,542 [trainer.py] => ffn_num: 64
2026-05-25 15:05:55,543 [trainer.py] => optimizer: sgd
2026-05-25 15:05:55,543 [trainer.py] => min_lr: 0
2026-05-25 15:05:55,543 [trainer.py] => device: [device(type='cuda', index=3)]
2026-05-25 15:05:55,543 [trainer.py] => seed: 1994
2026-05-25 15:05:55,543 [trainer.py] => tuned_epoch: 20
2026-05-25 15:05:55,544 [trainer.py] => init_lr: 0.01
2026-05-25 15:05:55,544 [trainer.py] => batch_size: 48
2026-05-25 15:05:55,544 [trainer.py] => nb_classes: 300
2026-05-25 15:05:55,544 [trainer.py] => nb_tasks: 60
2026-05-25 15:05:57,380 [data_manager.py] => [79, 231, 55, 293, 15, 281, 208, 119, 12, 11, 254, 126, 287, 215, 152, 278, 284, 140, 95, 72, 207, 232, 289, 171, 178, 189, 63, 86, 41, 159, 87, 103, 22, 80, 274, 73, 263, 122, 23, 28, 114, 273, 220, 185, 4, 70, 156, 286, 56, 115, 240, 268, 296, 174, 204, 113, 81, 221, 6, 101, 135, 224, 64, 269, 190, 244, 182, 181, 219, 198, 163, 150, 134, 210, 206, 202, 147, 234, 197, 222, 66, 144, 51, 24, 44, 209, 175, 195, 264, 205, 90, 21, 138, 52, 151, 124, 100, 121, 83, 132, 169, 285, 225, 27, 214, 236, 213, 162, 153, 271, 98, 233, 275, 299, 127, 29, 246, 50, 45, 280, 116, 242, 145, 165, 26, 149, 20, 186, 48, 129, 40, 2, 18, 241, 112, 200, 75, 85, 249, 68, 54, 59, 230, 228, 74, 253, 194, 77, 217, 227, 14, 8, 211, 297, 19, 226, 88, 96, 106, 9, 255, 38, 33, 176, 93, 35, 109, 69, 216, 92, 183, 47, 99, 39, 108, 160, 282, 199, 71, 201, 196, 120, 133, 270, 243, 250, 247, 288, 118, 136, 283, 187, 1, 184, 117, 130, 237, 32, 102, 177, 65, 173, 46, 267, 290, 128, 239, 0, 107, 167, 261, 43, 170, 104, 298, 262, 248, 60, 256, 78, 3, 58, 265, 62, 259, 61, 218, 157, 110, 143, 141, 252, 295, 97, 25, 291, 245, 125, 272, 17, 49, 161, 31, 155, 166, 251, 179, 94, 111, 142, 192, 229, 172, 16, 53, 168, 188, 158, 91, 258, 13, 10, 42, 36, 238, 105, 154, 257, 7, 277, 294, 279, 137, 266, 139, 292, 164, 276, 57, 123, 89, 82, 148, 67, 37, 146, 193, 131, 180, 5, 84, 260, 235, 223, 191, 30, 212, 76, 203, 34]
2026-05-25 15:06:02,710 [trainer.py] => All params: 86988288
2026-05-25 15:06:02,710 [trainer.py] => Trainable params: 1189632
2026-05-25 15:06:02,727 [adam_adapter.py] => Learning on 0-5
2026-05-25 15:21:29,357 [adam_adapter.py] => Task 0, Epoch 20/20 => Loss 0.331, Train_accy 90.74, Test_accy 92.00
2026-05-25 15:22:27,281 [trainer.py] => No NME accuracy.
2026-05-25 15:22:27,282 [trainer.py] => CNN: {'total': 93.0, '00-04': 93.0, 'old': 0, 'new': 93.0}
2026-05-25 15:22:27,282 [trainer.py] => CNN top1 curve: [93.0]
2026-05-25 15:22:27,282 [trainer.py] => CNN top5 curve: [100.0]
2026-05-25 15:22:27,282 [trainer.py] => Average Accuracy (CNN): 93.0
2026-05-25 15:22:27,286 [trainer.py] => All params: 172794625
2026-05-25 15:22:27,290 [trainer.py] => Trainable params: 86995969
2026-05-25 15:22:27,311 [adam_adapter.py] => Learning on 5-10
2026-05-25 15:23:11,830 [trainer.py] => No NME accuracy.
2026-05-25 15:23:11,842 [trainer.py] => CNN: {'total': 96.0, '00-04': 93.0, '05-09': 99.0, 'old': 93.0, 'new': 99.0}
2026-05-25 15:23:11,843 [trainer.py] => CNN top1 curve: [93.0, 96.0]
2026-05-25 15:23:11,843 [trainer.py] => CNN top5 curve: [100.0, 100.0]
2026-05-25 15:23:11,843 [trainer.py] => Average Accuracy (CNN): 94.5
2026-05-25 15:23:11,848 [trainer.py] => All params: 172802305
2026-05-25 15:23:11,852 [trainer.py] => Trainable params: 87003649
2026-05-25 15:23:11,869 [adam_adapter.py] => Learning on 10-15
2026-05-25 15:24:01,784 [trainer.py] => No NME accuracy.
2026-05-25 15:24:01,785 [trainer.py] => CNN: {'total': 96.33, '00-04': 92.0, '05-09': 99.0, '10-14': 98.0, 'old': 95.5, 'new': 98.0}
2026-05-25 15:24:01,785 [trainer.py] => CNN top1 curve: [93.0, 96.0, 96.33]
2026-05-25 15:24:01,785 [trainer.py] => CNN top5 curve: [100.0, 100.0, 100.0]
2026-05-25 15:24:01,785 [trainer.py] => Average Accuracy (CNN): 95.11
2026-05-25 15:24:01,788 [trainer.py] => All params: 172809985
2026-05-25 15:24:01,790 [trainer.py] => Trainable params: 87011329
2026-05-25 15:24:01,802 [adam_adapter.py] => Learning on 15-20
2026-05-25 15:24:55,322 [trainer.py] => No NME accuracy.
2026-05-25 15:24:55,353 [trainer.py] => CNN: {'total': 91.0, '00-04': 83.0, '05-09': 98.0, '10-14': 97.0, '15-19': 86.0, 'old': 92.67, 'new': 86.0}
2026-05-25 15:24:55,353 [trainer.py] => CNN top1 curve: [93.0, 96.0, 96.33, 91.0]
2026-05-25 15:24:55,353 [trainer.py] => CNN top5 curve: [100.0, 100.0, 100.0, 100.0]
2026-05-25 15:24:55,353 [trainer.py] => Average Accuracy (CNN): 94.08
2026-05-25 15:24:55,355 [trainer.py] => All params: 172817665
2026-05-25 15:24:55,356 [trainer.py] => Trainable params: 87019009
2026-05-25 15:24:55,367 [adam_adapter.py] => Learning on 20-25
2026-05-25 15:25:47,170 [trainer.py] => No NME accuracy.
2026-05-25 15:25:47,171 [trainer.py] => CNN: {'total': 92.4, '00-04': 83.0, '05-09': 98.0, '10-14': 97.0, '15-19': 85.0, '20-24': 99.0, 'old': 90.75, 'new': 99.0}
2026-05-25 15:25:47,171 [trainer.py] => CNN top1 curve: [93.0, 96.0, 96.33, 91.0, 92.4]
2026-05-25 15:25:47,171 [trainer.py] => CNN top5 curve: [100.0, 100.0, 100.0, 100.0, 100.0]
2026-05-25 15:25:47,172 [trainer.py] => Average Accuracy (CNN): 93.75
2026-05-25 15:25:47,176 [trainer.py] => All params: 172825345
2026-05-25 15:25:47,179 [trainer.py] => Trainable params: 87026689
2026-05-25 15:25:47,194 [adam_adapter.py] => Learning on 25-30
2026-05-25 15:26:47,895 [trainer.py] => No NME accuracy.
2026-05-25 15:26:47,906 [trainer.py] => CNN: {'total': 93.33, '00-04': 83.0, '05-09': 98.0, '10-14': 97.0, '15-19': 85.0, '20-24': 99.0, '25-29': 98.0, 'old': 92.4, 'new': 98.0}
2026-05-25 15:26:47,906 [trainer.py] => CNN top1 curve: [93.0, 96.0, 96.33, 91.0, 92.4, 93.33]
2026-05-25 15:26:47,907 [trainer.py] => CNN top5 curve: [100.0, 100.0, 100.0, 100.0, 100.0, 100.0]
2026-05-25 15:26:47,907 [trainer.py] => Average Accuracy (CNN): 93.68
2026-05-25 15:26:47,911 [trainer.py] => All params: 172833025
2026-05-25 15:26:47,915 [trainer.py] => Trainable params: 87034369
2026-05-25 15:26:47,934 [adam_adapter.py] => Learning on 30-35
2026-05-25 15:27:51,250 [trainer.py] => No NME accuracy.
2026-05-25 15:27:51,250 [trainer.py] => CNN: {'total': 91.27, '00-04': 82.0, '05-09': 97.0, '10-14': 97.0, '15-19': 79.0, '20-24': 99.0, '25-29': 98.0, '30-34': 86.87, 'old': 92.0, 'new': 86.87}
2026-05-25 15:27:51,250 [trainer.py] => CNN top1 curve: [93.0, 96.0, 96.33, 91.0, 92.4, 93.33, 91.27]
2026-05-25 15:27:51,250 [trainer.py] => CNN top5 curve: [100.0, 100.0, 100.0, 100.0, 100.0, 100.0, 99.71]
2026-05-25 15:27:51,250 [trainer.py] => Average Accuracy (CNN): 93.33
2026-05-25 15:27:51,252 [trainer.py] => All params: 172840705
2026-05-25 15:27:51,253 [trainer.py] => Trainable params: 87042049
2026-05-25 15:27:51,262 [adam_adapter.py] => Learning on 35-40
2026-05-25 15:28:55,519 [trainer.py] => No NME accuracy.
2026-05-25 15:28:55,535 [trainer.py] => CNN: {'total': 88.36, '00-04': 74.0, '05-09': 96.0, '10-14': 97.0, '15-19': 76.0, '20-24': 99.0, '25-29': 98.0, '30-34': 82.83, '35-39': 84.0, 'old': 88.98, 'new': 84.0}
2026-05-25 15:28:55,535 [trainer.py] => CNN top1 curve: [93.0, 96.0, 96.33, 91.0, 92.4, 93.33, 91.27, 88.36]
2026-05-25 15:28:55,536 [trainer.py] => CNN top5 curve: [100.0, 100.0, 100.0, 100.0, 100.0, 100.0, 99.71, 99.37]
2026-05-25 15:28:55,536 [trainer.py] => Average Accuracy (CNN): 92.71
2026-05-25 15:28:55,537 [trainer.py] => All params: 172848385
2026-05-25 15:28:55,538 [trainer.py] => Trainable params: 87049729
2026-05-25 15:28:55,549 [adam_adapter.py] => Learning on 40-45
2026-05-25 15:30:03,811 [trainer.py] => No NME accuracy.
2026-05-25 15:30:03,832 [trainer.py] => CNN: {'total': 88.65, '00-04': 74.0, '05-09': 96.0, '10-14': 97.0, '15-19': 75.0, '20-24': 98.0, '25-29': 98.0, '30-34': 79.8, '35-39': 84.0, '40-44': 96.0, 'old': 87.73, 'new': 96.0}
2026-05-25 15:30:03,832 [trainer.py] => CNN top1 curve: [93.0, 96.0, 96.33, 91.0, 92.4, 93.33, 91.27, 88.36, 88.65]
2026-05-25 15:30:03,832 [trainer.py] => CNN top5 curve: [100.0, 100.0, 100.0, 100.0, 100.0, 100.0, 99.71, 99.37, 99.22]
2026-05-25 15:30:03,832 [trainer.py] => Average Accuracy (CNN): 92.26
2026-05-25 15:30:03,834 [trainer.py] => All params: 172856065
2026-05-25 15:30:03,835 [trainer.py] => Trainable params: 87057409
2026-05-25 15:30:03,854 [adam_adapter.py] => Learning on 45-50
2026-05-25 15:31:12,300 [trainer.py] => No NME accuracy.
2026-05-25 15:31:12,312 [trainer.py] => CNN: {'total': 86.59, '00-04': 74.0, '05-09': 96.0, '10-14': 97.0, '15-19': 70.0, '20-24': 98.0, '25-29': 90.0, '30-34': 79.8, '35-39': 83.0, '40-44': 96.0, '45-49': 82.0, 'old': 87.1, 'new': 82.0}
2026-05-25 15:31:12,312 [trainer.py] => CNN top1 curve: [93.0, 96.0, 96.33, 91.0, 92.4, 93.33, 91.27, 88.36, 88.65, 86.59]
2026-05-25 15:31:12,312 [trainer.py] => CNN top5 curve: [100.0, 100.0, 100.0, 100.0, 100.0, 100.0, 99.71, 99.37, 99.22, 98.6]
2026-05-25 15:31:12,312 [trainer.py] => Average Accuracy (CNN): 91.69
2026-05-25 15:31:12,314 [trainer.py] => All params: 172863745
2026-05-25 15:31:12,315 [trainer.py] => Trainable params: 87065089
2026-05-25 15:31:12,334 [adam_adapter.py] => Learning on 50-55
2026-05-25 15:32:28,724 [trainer.py] => No NME accuracy.
2026-05-25 15:32:28,750 [trainer.py] => CNN: {'total': 86.81, '00-04': 72.0, '05-09': 96.0, '10-14': 97.0, '15-19': 70.0, '20-24': 97.0, '25-29': 90.0, '30-34': 79.8, '35-39': 83.0, '40-44': 96.0, '45-49': 82.0, '50-54': 92.0, 'old': 86.29, 'new': 92.0}
2026-05-25 15:32:28,750 [trainer.py] => CNN top1 curve: [93.0, 96.0, 96.33, 91.0, 92.4, 93.33, 91.27, 88.36, 88.65, 86.59, 86.81]
2026-05-25 15:32:28,750 [trainer.py] => CNN top5 curve: [100.0, 100.0, 100.0, 100.0, 100.0, 100.0, 99.71, 99.37, 99.22, 98.6, 98.64]
2026-05-25 15:32:28,750 [trainer.py] => Average Accuracy (CNN): 91.25
2026-05-25 15:32:28,752 [trainer.py] => All params: 172871425
2026-05-25 15:32:28,760 [trainer.py] => Trainable params: 87072769
2026-05-25 15:32:28,779 [adam_adapter.py] => Learning on 55-60
2026-05-25 15:33:45,176 [trainer.py] => No NME accuracy.
2026-05-25 15:33:45,194 [trainer.py] => CNN: {'total': 87.32, '00-04': 72.0, '05-09': 95.0, '10-14': 97.0, '15-19': 69.0, '20-24': 97.0, '25-29': 90.0, '30-34': 79.8, '35-39': 83.0, '40-44': 95.0, '45-49': 81.0, '50-54': 92.0, '55-59': 97.0, 'old': 86.44, 'new': 97.0}
2026-05-25 15:33:45,194 [trainer.py] => CNN top1 curve: [93.0, 96.0, 96.33, 91.0, 92.4, 93.33, 91.27, 88.36, 88.65, 86.59, 86.81, 87.32]
2026-05-25 15:33:45,194 [trainer.py] => CNN top5 curve: [100.0, 100.0, 100.0, 100.0, 100.0, 100.0, 99.71, 99.37, 99.22, 98.6, 98.64, 98.67]
2026-05-25 15:33:45,194 [trainer.py] => Average Accuracy (CNN): 90.92
2026-05-25 15:33:45,197 [trainer.py] => All params: 172879105
2026-05-25 15:33:45,199 [trainer.py] => Trainable params: 87080449
2026-05-25 15:33:45,211 [adam_adapter.py] => Learning on 60-65
2026-05-25 15:35:04,581 [trainer.py] => No NME accuracy.
2026-05-25 15:35:04,612 [trainer.py] => CNN: {'total': 85.6, '00-04': 72.0, '05-09': 93.0, '10-14': 97.0, '15-19': 69.0, '20-24': 97.0, '25-29': 80.0, '30-34': 78.79, '35-39': 83.0, '40-44': 95.0, '45-49': 81.0, '50-54': 92.0, '55-59': 97.0, '60-64': 78.0, 'old': 86.24, 'new': 78.0}
2026-05-25 15:35:04,613 [trainer.py] => CNN top1 curve: [93.0, 96.0, 96.33, 91.0, 92.4, 93.33, 91.27, 88.36, 88.65, 86.59, 86.81, 87.32, 85.6]
2026-05-25 15:35:04,613 [trainer.py] => CNN top5 curve: [100.0, 100.0, 100.0, 100.0, 100.0, 100.0, 99.71, 99.37, 99.22, 98.6, 98.64, 98.67, 98.38]
2026-05-25 15:35:04,613 [trainer.py] => Average Accuracy (CNN): 90.51
2026-05-25 15:35:04,618 [trainer.py] => All params: 172886785
2026-05-25 15:35:04,621 [trainer.py] => Trainable params: 87088129
2026-05-25 15:35:04,641 [adam_adapter.py] => Learning on 65-70
2026-05-25 15:36:23,373 [trainer.py] => No NME accuracy.
2026-05-25 15:36:23,405 [trainer.py] => CNN: {'total': 85.26, '00-04': 71.0, '05-09': 93.0, '10-14': 93.0, '15-19': 69.0, '20-24': 97.0, '25-29': 80.0, '30-34': 77.78, '35-39': 83.0, '40-44': 95.0, '45-49': 81.0, '50-54': 89.0, '55-59': 97.0, '60-64': 78.0, '65-69': 89.9, 'old': 84.91, 'new': 89.9}
2026-05-25 15:36:23,406 [trainer.py] => CNN top1 curve: [93.0, 96.0, 96.33, 91.0, 92.4, 93.33, 91.27, 88.36, 88.65, 86.59, 86.81, 87.32, 85.6, 85.26]
2026-05-25 15:36:23,406 [trainer.py] => CNN top5 curve: [100.0, 100.0, 100.0, 100.0, 100.0, 100.0, 99.71, 99.37, 99.22, 98.6, 98.64, 98.67, 98.38, 98.5]
2026-05-25 15:36:23,406 [trainer.py] => Average Accuracy (CNN): 90.14
2026-05-25 15:36:23,409 [trainer.py] => All params: 172894465
2026-05-25 15:36:23,412 [trainer.py] => Trainable params: 87095809
2026-05-25 15:36:23,433 [adam_adapter.py] => Learning on 70-75
2026-05-25 15:37:50,373 [trainer.py] => No NME accuracy.
2026-05-25 15:37:50,396 [trainer.py] => CNN: {'total': 85.78, '00-04': 71.0, '05-09': 93.0, '10-14': 93.0, '15-19': 69.0, '20-24': 97.0, '25-29': 80.0, '30-34': 77.78, '35-39': 83.0, '40-44': 95.0, '45-49': 81.0, '50-54': 89.0, '55-59': 97.0, '60-64': 78.0, '65-69': 82.83, '70-74': 100.0, 'old': 84.76, 'new': 100.0}
2026-05-25 15:37:50,396 [trainer.py] => CNN top1 curve: [93.0, 96.0, 96.33, 91.0, 92.4, 93.33, 91.27, 88.36, 88.65, 86.59, 86.81, 87.32, 85.6, 85.26, 85.78]
2026-05-25 15:37:50,396 [trainer.py] => CNN top5 curve: [100.0, 100.0, 100.0, 100.0, 100.0, 100.0, 99.71, 99.37, 99.22, 98.6, 98.64, 98.67, 98.38, 98.5, 98.6]
2026-05-25 15:37:50,396 [trainer.py] => Average Accuracy (CNN): 89.85
2026-05-25 15:37:50,398 [trainer.py] => All params: 172902145
2026-05-25 15:37:50,399 [trainer.py] => Trainable params: 87103489
2026-05-25 15:37:50,408 [adam_adapter.py] => Learning on 75-80
2026-05-25 15:39:15,792 [trainer.py] => No NME accuracy.
2026-05-25 15:39:15,813 [trainer.py] => CNN: {'total': 86.36, '00-04': 71.0, '05-09': 93.0, '10-14': 92.0, '15-19': 69.0, '20-24': 97.0, '25-29': 80.0, '30-34': 77.78, '35-39': 83.0, '40-44': 95.0, '45-49': 81.0, '50-54': 89.0, '55-59': 97.0, '60-64': 78.0, '65-69': 82.83, '70-74': 100.0, '75-79': 96.0, 'old': 85.71, 'new': 96.0}
2026-05-25 15:39:15,813 [trainer.py] => CNN top1 curve: [93.0, 96.0, 96.33, 91.0, 92.4, 93.33, 91.27, 88.36, 88.65, 86.59, 86.81, 87.32, 85.6, 85.26, 85.78, 86.36]
2026-05-25 15:39:15,813 [trainer.py] => CNN top5 curve: [100.0, 100.0, 100.0, 100.0, 100.0, 100.0, 99.71, 99.37, 99.22, 98.6, 98.64, 98.67, 98.38, 98.5, 98.6, 98.56]
2026-05-25 15:39:15,814 [trainer.py] => Average Accuracy (CNN): 89.63
2026-05-25 15:39:15,818 [trainer.py] => All params: 172909825
2026-05-25 15:39:15,822 [trainer.py] => Trainable params: 87111169
2026-05-25 15:39:15,835 [adam_adapter.py] => Learning on 80-85
2026-05-25 15:40:40,359 [trainer.py] => No NME accuracy.
2026-05-25 15:40:40,371 [trainer.py] => CNN: {'total': 85.98, '00-04': 70.0, '05-09': 93.0, '10-14': 92.0, '15-19': 68.0, '20-24': 94.0, '25-29': 80.0, '30-34': 77.78, '35-39': 83.0, '40-44': 95.0, '45-49': 81.0, '50-54': 89.0, '55-59': 97.0, '60-64': 78.0, '65-69': 82.83, '70-74': 100.0, '75-79': 96.0, '80-84': 85.0, 'old': 86.05, 'new': 85.0}
2026-05-25 15:40:40,372 [trainer.py] => CNN top1 curve: [93.0, 96.0, 96.33, 91.0, 92.4, 93.33, 91.27, 88.36, 88.65, 86.59, 86.81, 87.32, 85.6, 85.26, 85.78, 86.36, 85.98]
2026-05-25 15:40:40,372 [trainer.py] => CNN top5 curve: [100.0, 100.0, 100.0, 100.0, 100.0, 100.0, 99.71, 99.37, 99.22, 98.6, 98.64, 98.67, 98.38, 98.5, 98.6, 98.56, 98.29]
2026-05-25 15:40:40,372 [trainer.py] => Average Accuracy (CNN): 89.41
2026-05-25 15:40:40,374 [trainer.py] => All params: 172917505
2026-05-25 15:40:40,376 [trainer.py] => Trainable params: 87118849
2026-05-25 15:40:40,395 [adam_adapter.py] => Learning on 85-90
2026-05-25 15:42:12,837 [trainer.py] => No NME accuracy.
2026-05-25 15:42:12,861 [trainer.py] => CNN: {'total': 85.48, '00-04': 70.0, '05-09': 93.0, '10-14': 92.0, '15-19': 68.0, '20-24': 94.0, '25-29': 80.0, '30-34': 77.78, '35-39': 80.0, '40-44': 95.0, '45-49': 81.0, '50-54': 89.0, '55-59': 97.0, '60-64': 75.0, '65-69': 82.83, '70-74': 98.0, '75-79': 96.0, '80-84': 84.0, '85-89': 86.0, 'old': 85.45, 'new': 86.0}
2026-05-25 15:42:12,862 [trainer.py] => CNN top1 curve: [93.0, 96.0, 96.33, 91.0, 92.4, 93.33, 91.27, 88.36, 88.65, 86.59, 86.81, 87.32, 85.6, 85.26, 85.78, 86.36, 85.98, 85.48]
2026-05-25 15:42:12,862 [trainer.py] => CNN top5 curve: [100.0, 100.0, 100.0, 100.0, 100.0, 100.0, 99.71, 99.37, 99.22, 98.6, 98.64, 98.67, 98.38, 98.5, 98.6, 98.56, 98.29, 98.28]
2026-05-25 15:42:12,862 [trainer.py] => Average Accuracy (CNN): 89.2
2026-05-25 15:42:12,864 [trainer.py] => All params: 172925185
2026-05-25 15:42:12,865 [trainer.py] => Trainable params: 87126529
2026-05-25 15:42:12,884 [adam_adapter.py] => Learning on 90-95
2026-05-25 15:43:52,522 [trainer.py] => No NME accuracy.
2026-05-25 15:43:52,549 [trainer.py] => CNN: {'total': 84.93, '00-04': 70.0, '05-09': 93.0, '10-14': 91.0, '15-19': 68.0, '20-24': 94.0, '25-29': 76.0, '30-34': 77.78, '35-39': 80.0, '40-44': 95.0, '45-49': 81.0, '50-54': 89.0, '55-59': 96.0, '60-64': 75.0, '65-69': 82.83, '70-74': 98.0, '75-79': 96.0, '80-84': 83.0, '85-89': 86.0, '90-94': 82.0, 'old': 85.09, 'new': 82.0}
2026-05-25 15:43:52,549 [trainer.py] => CNN top1 curve: [93.0, 96.0, 96.33, 91.0, 92.4, 93.33, 91.27, 88.36, 88.65, 86.59, 86.81, 87.32, 85.6, 85.26, 85.78, 86.36, 85.98, 85.48, 84.93]
2026-05-25 15:43:52,549 [trainer.py] => CNN top5 curve: [100.0, 100.0, 100.0, 100.0, 100.0, 100.0, 99.71, 99.37, 99.22, 98.6, 98.64, 98.67, 98.38, 98.5, 98.6, 98.56, 98.29, 98.28, 97.84]
2026-05-25 15:43:52,550 [trainer.py] => Average Accuracy (CNN): 88.97
2026-05-25 15:43:52,551 [trainer.py] => All params: 172932865
2026-05-25 15:43:52,552 [trainer.py] => Trainable params: 87134209
2026-05-25 15:43:52,572 [adam_adapter.py] => Learning on 95-100
2026-05-25 15:45:26,704 [trainer.py] => No NME accuracy.
2026-05-25 15:45:26,736 [trainer.py] => CNN: {'total': 84.08, '00-04': 68.0, '05-09': 93.0, '10-14': 91.0, '15-19': 67.0, '20-24': 94.0, '25-29': 76.0, '30-34': 76.77, '35-39': 80.0, '40-44': 95.0, '45-49': 81.0, '50-54': 88.0, '55-59': 96.0, '60-64': 74.0, '65-69': 82.83, '70-74': 98.0, '75-79': 94.0, '80-84': 82.0, '85-89': 86.0, '90-94': 82.0, '95-99': 76.77, 'old': 84.46, 'new': 76.77}
2026-05-25 15:45:26,736 [trainer.py] => CNN top1 curve: [93.0, 96.0, 96.33, 91.0, 92.4, 93.33, 91.27, 88.36, 88.65, 86.59, 86.81, 87.32, 85.6, 85.26, 85.78, 86.36, 85.98, 85.48, 84.93, 84.08]
2026-05-25 15:45:26,736 [trainer.py] => CNN top5 curve: [100.0, 100.0, 100.0, 100.0, 100.0, 100.0, 99.71, 99.37, 99.22, 98.6, 98.64, 98.67, 98.38, 98.5, 98.6, 98.56, 98.29, 98.28, 97.84, 97.3]
2026-05-25 15:45:26,737 [trainer.py] => Average Accuracy (CNN): 88.73
2026-05-25 15:45:26,738 [trainer.py] => All params: 172940545
2026-05-25 15:45:26,740 [trainer.py] => Trainable params: 87141889
2026-05-25 15:45:26,754 [adam_adapter.py] => Learning on 100-105
2026-05-25 15:47:04,687 [trainer.py] => No NME accuracy.
2026-05-25 15:47:04,715 [trainer.py] => CNN: {'total': 84.07, '00-04': 68.0, '05-09': 93.0, '10-14': 91.0, '15-19': 67.0, '20-24': 94.0, '25-29': 70.0, '30-34': 76.77, '35-39': 80.0, '40-44': 94.0, '45-49': 81.0, '50-54': 88.0, '55-59': 96.0, '60-64': 74.0, '65-69': 82.83, '70-74': 98.0, '75-79': 94.0, '80-84': 82.0, '85-89': 86.0, '90-94': 82.0, '95-99': 76.77, '100-104': 91.0, 'old': 83.73, 'new': 91.0}
2026-05-25 15:47:04,715 [trainer.py] => CNN top1 curve: [93.0, 96.0, 96.33, 91.0, 92.4, 93.33, 91.27, 88.36, 88.65, 86.59, 86.81, 87.32, 85.6, 85.26, 85.78, 86.36, 85.98, 85.48, 84.93, 84.08, 84.07]
2026-05-25 15:47:04,715 [trainer.py] => CNN top5 curve: [100.0, 100.0, 100.0, 100.0, 100.0, 100.0, 99.71, 99.37, 99.22, 98.6, 98.64, 98.67, 98.38, 98.5, 98.6, 98.56, 98.29, 98.28, 97.84, 97.3, 97.14]
2026-05-25 15:47:04,716 [trainer.py] => Average Accuracy (CNN): 88.5
2026-05-25 15:47:04,717 [trainer.py] => All params: 172948225
2026-05-25 15:47:04,718 [trainer.py] => Trainable params: 87149569
2026-05-25 15:47:04,739 [adam_adapter.py] => Learning on 105-110
2026-05-25 15:48:42,667 [trainer.py] => No NME accuracy.
2026-05-25 15:48:42,686 [trainer.py] => CNN: {'total': 84.37, '00-04': 68.0, '05-09': 92.0, '10-14': 91.0, '15-19': 67.0, '20-24': 93.0, '25-29': 69.0, '30-34': 76.77, '35-39': 80.0, '40-44': 94.0, '45-49': 80.0, '50-54': 88.0, '55-59': 96.0, '60-64': 74.0, '65-69': 82.83, '70-74': 98.0, '75-79': 94.0, '80-84': 82.0, '85-89': 86.0, '90-94': 82.0, '95-99': 76.77, '100-104': 91.0, '105-109': 94.9, 'old': 83.88, 'new': 94.9}
2026-05-25 15:48:42,686 [trainer.py] => CNN top1 curve: [93.0, 96.0, 96.33, 91.0, 92.4, 93.33, 91.27, 88.36, 88.65, 86.59, 86.81, 87.32, 85.6, 85.26, 85.78, 86.36, 85.98, 85.48, 84.93, 84.08, 84.07, 84.37]
2026-05-25 15:48:42,687 [trainer.py] => CNN top5 curve: [100.0, 100.0, 100.0, 100.0, 100.0, 100.0, 99.71, 99.37, 99.22, 98.6, 98.64, 98.67, 98.38, 98.5, 98.6, 98.56, 98.29, 98.28, 97.84, 97.3, 97.14, 97.27]
2026-05-25 15:48:42,687 [trainer.py] => Average Accuracy (CNN): 88.32
2026-05-25 15:48:42,690 [trainer.py] => All params: 172955905
2026-05-25 15:48:42,693 [trainer.py] => Trainable params: 87157249
2026-05-25 15:48:42,715 [adam_adapter.py] => Learning on 110-115
2026-05-25 15:50:27,569 [trainer.py] => No NME accuracy.
2026-05-25 15:50:27,608 [trainer.py] => CNN: {'total': 84.27, '00-04': 68.0, '05-09': 92.0, '10-14': 91.0, '15-19': 67.0, '20-24': 93.0, '25-29': 69.0, '30-34': 76.77, '35-39': 80.0, '40-44': 94.0, '45-49': 80.0, '50-54': 88.0, '55-59': 96.0, '60-64': 74.0, '65-69': 80.81, '70-74': 97.0, '75-79': 94.0, '80-84': 82.0, '85-89': 86.0, '90-94': 82.0, '95-99': 76.77, '100-104': 91.0, '105-109': 94.9, '110-114': 85.0, 'old': 84.24, 'new': 85.0}
2026-05-25 15:50:27,608 [trainer.py] => CNN top1 curve: [93.0, 96.0, 96.33, 91.0, 92.4, 93.33, 91.27, 88.36, 88.65, 86.59, 86.81, 87.32, 85.6, 85.26, 85.78, 86.36, 85.98, 85.48, 84.93, 84.08, 84.07, 84.37, 84.27]
2026-05-25 15:50:27,608 [trainer.py] => CNN top5 curve: [100.0, 100.0, 100.0, 100.0, 100.0, 100.0, 99.71, 99.37, 99.22, 98.6, 98.64, 98.67, 98.38, 98.5, 98.6, 98.56, 98.29, 98.28, 97.84, 97.3, 97.14, 97.27, 97.25]
2026-05-25 15:50:27,609 [trainer.py] => Average Accuracy (CNN): 88.14
2026-05-25 15:50:27,613 [trainer.py] => All params: 172963585
2026-05-25 15:50:27,617 [trainer.py] => Trainable params: 87164929
2026-05-25 15:50:27,636 [adam_adapter.py] => Learning on 115-120
2026-05-25 15:52:13,088 [trainer.py] => No NME accuracy.
2026-05-25 15:52:13,119 [trainer.py] => CNN: {'total': 83.67, '00-04': 67.0, '05-09': 92.0, '10-14': 91.0, '15-19': 67.0, '20-24': 93.0, '25-29': 67.0, '30-34': 76.77, '35-39': 80.0, '40-44': 94.0, '45-49': 79.0, '50-54': 88.0, '55-59': 96.0, '60-64': 74.0, '65-69': 80.81, '70-74': 97.0, '75-79': 94.0, '80-84': 81.0, '85-89': 86.0, '90-94': 82.0, '95-99': 76.77, '100-104': 91.0, '105-109': 94.9, '110-114': 85.0, '115-119': 75.0, 'old': 84.05, 'new': 75.0}
2026-05-25 15:52:13,119 [trainer.py] => CNN top1 curve: [93.0, 96.0, 96.33, 91.0, 92.4, 93.33, 91.27, 88.36, 88.65, 86.59, 86.81, 87.32, 85.6, 85.26, 85.78, 86.36, 85.98, 85.48, 84.93, 84.08, 84.07, 84.37, 84.27, 83.67]
2026-05-25 15:52:13,119 [trainer.py] => CNN top5 curve: [100.0, 100.0, 100.0, 100.0, 100.0, 100.0, 99.71, 99.37, 99.22, 98.6, 98.64, 98.67, 98.38, 98.5, 98.6, 98.56, 98.29, 98.28, 97.84, 97.3, 97.14, 97.27, 97.25, 96.78]
2026-05-25 15:52:13,119 [trainer.py] => Average Accuracy (CNN): 87.95
2026-05-25 15:52:13,122 [trainer.py] => All params: 172971265
2026-05-25 15:52:13,124 [trainer.py] => Trainable params: 87172609
2026-05-25 15:52:13,143 [adam_adapter.py] => Learning on 120-125
2026-05-25 15:54:01,031 [trainer.py] => No NME accuracy.
2026-05-25 15:54:01,062 [trainer.py] => CNN: {'total': 83.84, '00-04': 67.0, '05-09': 92.0, '10-14': 91.0, '15-19': 67.0, '20-24': 93.0, '25-29': 67.0, '30-34': 76.77, '35-39': 80.0, '40-44': 93.0, '45-49': 79.0, '50-54': 88.0, '55-59': 96.0, '60-64': 74.0, '65-69': 80.81, '70-74': 97.0, '75-79': 94.0, '80-84': 81.0, '85-89': 85.0, '90-94': 82.0, '95-99': 76.77, '100-104': 91.0, '105-109': 94.9, '110-114': 85.0, '115-119': 74.0, '120-124': 90.91, 'old': 83.55, 'new': 90.91}
2026-05-25 15:54:01,062 [trainer.py] => CNN top1 curve: [93.0, 96.0, 96.33, 91.0, 92.4, 93.33, 91.27, 88.36, 88.65, 86.59, 86.81, 87.32, 85.6, 85.26, 85.78, 86.36, 85.98, 85.48, 84.93, 84.08, 84.07, 84.37, 84.27, 83.67, 83.84]
2026-05-25 15:54:01,063 [trainer.py] => CNN top5 curve: [100.0, 100.0, 100.0, 100.0, 100.0, 100.0, 99.71, 99.37, 99.22, 98.6, 98.64, 98.67, 98.38, 98.5, 98.6, 98.56, 98.29, 98.28, 97.84, 97.3, 97.14, 97.27, 97.25, 96.78, 96.87]
2026-05-25 15:54:01,063 [trainer.py] => Average Accuracy (CNN): 87.79
2026-05-25 15:54:01,065 [trainer.py] => All params: 172978945
2026-05-25 15:54:01,068 [trainer.py] => Trainable params: 87180289
2026-05-25 15:54:01,078 [adam_adapter.py] => Learning on 125-130
2026-05-25 15:55:51,013 [trainer.py] => No NME accuracy.
2026-05-25 15:55:51,038 [trainer.py] => CNN: {'total': 83.27, '00-04': 67.0, '05-09': 91.0, '10-14': 91.0, '15-19': 67.0, '20-24': 93.0, '25-29': 67.0, '30-34': 73.74, '35-39': 80.0, '40-44': 93.0, '45-49': 79.0, '50-54': 88.0, '55-59': 96.0, '60-64': 74.0, '65-69': 80.81, '70-74': 91.0, '75-79': 94.0, '80-84': 81.0, '85-89': 85.0, '90-94': 82.0, '95-99': 76.77, '100-104': 91.0, '105-109': 94.9, '110-114': 85.0, '115-119': 74.0, '120-124': 90.91, '125-129': 79.0, 'old': 83.44, 'new': 79.0}
2026-05-25 15:55:51,038 [trainer.py] => CNN top1 curve: [93.0, 96.0, 96.33, 91.0, 92.4, 93.33, 91.27, 88.36, 88.65, 86.59, 86.81, 87.32, 85.6, 85.26, 85.78, 86.36, 85.98, 85.48, 84.93, 84.08, 84.07, 84.37, 84.27, 83.67, 83.84, 83.27]
2026-05-25 15:55:51,039 [trainer.py] => CNN top5 curve: [100.0, 100.0, 100.0, 100.0, 100.0, 100.0, 99.71, 99.37, 99.22, 98.6, 98.64, 98.67, 98.38, 98.5, 98.6, 98.56, 98.29, 98.28, 97.84, 97.3, 97.14, 97.27, 97.25, 96.78, 96.87, 96.99]
2026-05-25 15:55:51,039 [trainer.py] => Average Accuracy (CNN): 87.62
2026-05-25 15:55:51,041 [trainer.py] => All params: 172986625
2026-05-25 15:55:51,044 [trainer.py] => Trainable params: 87187969
2026-05-25 15:55:51,059 [adam_adapter.py] => Learning on 130-135
2026-05-25 15:57:47,793 [trainer.py] => No NME accuracy.
2026-05-25 15:57:47,816 [trainer.py] => CNN: {'total': 83.21, '00-04': 65.0, '05-09': 91.0, '10-14': 89.0, '15-19': 67.0, '20-24': 93.0, '25-29': 67.0, '30-34': 73.74, '35-39': 79.0, '40-44': 93.0, '45-49': 79.0, '50-54': 88.0, '55-59': 92.0, '60-64': 74.0, '65-69': 80.81, '70-74': 91.0, '75-79': 94.0, '80-84': 81.0, '85-89': 85.0, '90-94': 82.0, '95-99': 75.76, '100-104': 91.0, '105-109': 94.9, '110-114': 85.0, '115-119': 74.0, '120-124': 90.91, '125-129': 79.0, '130-134': 91.84, 'old': 82.88, 'new': 91.84}
2026-05-25 15:57:47,816 [trainer.py] => CNN top1 curve: [93.0, 96.0, 96.33, 91.0, 92.4, 93.33, 91.27, 88.36, 88.65, 86.59, 86.81, 87.32, 85.6, 85.26, 85.78, 86.36, 85.98, 85.48, 84.93, 84.08, 84.07, 84.37, 84.27, 83.67, 83.84, 83.27, 83.21]
2026-05-25 15:57:47,816 [trainer.py] => CNN top5 curve: [100.0, 100.0, 100.0, 100.0, 100.0, 100.0, 99.71, 99.37, 99.22, 98.6, 98.64, 98.67, 98.38, 98.5, 98.6, 98.56, 98.29, 98.28, 97.84, 97.3, 97.14, 97.27, 97.25, 96.78, 96.87, 96.99, 97.03]
2026-05-25 15:57:47,816 [trainer.py] => Average Accuracy (CNN): 87.45
2026-05-25 15:57:47,818 [trainer.py] => All params: 172994305
2026-05-25 15:57:47,819 [trainer.py] => Trainable params: 87195649
2026-05-25 15:57:47,835 [adam_adapter.py] => Learning on 135-140
2026-05-25 15:59:47,473 [trainer.py] => No NME accuracy.
2026-05-25 15:59:47,488 [trainer.py] => CNN: {'total': 82.27, '00-04': 65.0, '05-09': 91.0, '10-14': 89.0, '15-19': 67.0, '20-24': 93.0, '25-29': 64.0, '30-34': 73.74, '35-39': 79.0, '40-44': 93.0, '45-49': 78.0, '50-54': 88.0, '55-59': 92.0, '60-64': 74.0, '65-69': 80.81, '70-74': 91.0, '75-79': 94.0, '80-84': 81.0, '85-89': 85.0, '90-94': 82.0, '95-99': 74.75, '100-104': 88.0, '105-109': 94.9, '110-114': 85.0, '115-119': 74.0, '120-124': 90.91, '125-129': 79.0, '130-134': 91.84, '135-139': 65.0, 'old': 82.91, 'new': 65.0}
2026-05-25 15:59:47,489 [trainer.py] => CNN top1 curve: [93.0, 96.0, 96.33, 91.0, 92.4, 93.33, 91.27, 88.36, 88.65, 86.59, 86.81, 87.32, 85.6, 85.26, 85.78, 86.36, 85.98, 85.48, 84.93, 84.08, 84.07, 84.37, 84.27, 83.67, 83.84, 83.27, 83.21, 82.27]
2026-05-25 15:59:47,489 [trainer.py] => CNN top5 curve: [100.0, 100.0, 100.0, 100.0, 100.0, 100.0, 99.71, 99.37, 99.22, 98.6, 98.64, 98.67, 98.38, 98.5, 98.6, 98.56, 98.29, 98.28, 97.84, 97.3, 97.14, 97.27, 97.25, 96.78, 96.87, 96.99, 97.03, 96.6]
2026-05-25 15:59:47,489 [trainer.py] => Average Accuracy (CNN): 87.27
2026-05-25 15:59:47,490 [trainer.py] => All params: 173001985
2026-05-25 15:59:47,491 [trainer.py] => Trainable params: 87203329
2026-05-25 15:59:47,509 [adam_adapter.py] => Learning on 140-145
2026-05-25 16:01:46,854 [trainer.py] => No NME accuracy.
2026-05-25 16:01:46,886 [trainer.py] => CNN: {'total': 81.05, '00-04': 65.0, '05-09': 91.0, '10-14': 89.0, '15-19': 66.0, '20-24': 93.0, '25-29': 64.0, '30-34': 73.74, '35-39': 79.0, '40-44': 93.0, '45-49': 75.0, '50-54': 88.0, '55-59': 92.0, '60-64': 73.0, '65-69': 80.81, '70-74': 91.0, '75-79': 94.0, '80-84': 81.0, '85-89': 85.0, '90-94': 82.0, '95-99': 74.75, '100-104': 88.0, '105-109': 92.86, '110-114': 85.0, '115-119': 74.0, '120-124': 90.91, '125-129': 79.0, '130-134': 90.82, '135-139': 63.0, '140-144': 57.0, 'old': 81.91, 'new': 57.0}
2026-05-25 16:01:46,887 [trainer.py] => CNN top1 curve: [93.0, 96.0, 96.33, 91.0, 92.4, 93.33, 91.27, 88.36, 88.65, 86.59, 86.81, 87.32, 85.6, 85.26, 85.78, 86.36, 85.98, 85.48, 84.93, 84.08, 84.07, 84.37, 84.27, 83.67, 83.84, 83.27, 83.21, 82.27, 81.05]
2026-05-25 16:01:46,887 [trainer.py] => CNN top5 curve: [100.0, 100.0, 100.0, 100.0, 100.0, 100.0, 99.71, 99.37, 99.22, 98.6, 98.64, 98.67, 98.38, 98.5, 98.6, 98.56, 98.29, 98.28, 97.84, 97.3, 97.14, 97.27, 97.25, 96.78, 96.87, 96.99, 97.03, 96.6, 95.47]
2026-05-25 16:01:46,887 [trainer.py] => Average Accuracy (CNN): 87.05
2026-05-25 16:01:46,889 [trainer.py] => All params: 173009665
2026-05-25 16:01:46,891 [trainer.py] => Trainable params: 87211009
2026-05-25 16:01:46,910 [adam_adapter.py] => Learning on 145-150
2026-05-25 16:03:50,031 [trainer.py] => No NME accuracy.
2026-05-25 16:03:50,069 [trainer.py] => CNN: {'total': 80.72, '00-04': 64.0, '05-09': 91.0, '10-14': 89.0, '15-19': 66.0, '20-24': 93.0, '25-29': 64.0, '30-34': 72.73, '35-39': 78.0, '40-44': 93.0, '45-49': 75.0, '50-54': 86.0, '55-59': 92.0, '60-64': 73.0, '65-69': 80.81, '70-74': 91.0, '75-79': 94.0, '80-84': 81.0, '85-89': 85.0, '90-94': 82.0, '95-99': 74.75, '100-104': 88.0, '105-109': 80.61, '110-114': 85.0, '115-119': 74.0, '120-124': 90.91, '125-129': 79.0, '130-134': 90.82, '135-139': 63.0, '140-144': 57.0, '145-149': 88.0, 'old': 80.46, 'new': 88.0}
2026-05-25 16:03:50,070 [trainer.py] => CNN top1 curve: [93.0, 96.0, 96.33, 91.0, 92.4, 93.33, 91.27, 88.36, 88.65, 86.59, 86.81, 87.32, 85.6, 85.26, 85.78, 86.36, 85.98, 85.48, 84.93, 84.08, 84.07, 84.37, 84.27, 83.67, 83.84, 83.27, 83.21, 82.27, 81.05, 80.72]
2026-05-25 16:03:50,070 [trainer.py] => CNN top5 curve: [100.0, 100.0, 100.0, 100.0, 100.0, 100.0, 99.71, 99.37, 99.22, 98.6, 98.64, 98.67, 98.38, 98.5, 98.6, 98.56, 98.29, 98.28, 97.84, 97.3, 97.14, 97.27, 97.25, 96.78, 96.87, 96.99, 97.03, 96.6, 95.47, 95.55]
2026-05-25 16:03:50,070 [trainer.py] => Average Accuracy (CNN): 86.84
2026-05-25 16:03:50,072 [trainer.py] => All params: 173017345
2026-05-25 16:03:50,075 [trainer.py] => Trainable params: 87218689
2026-05-25 16:03:50,090 [adam_adapter.py] => Learning on 150-155
2026-05-25 16:05:57,941 [trainer.py] => No NME accuracy.
2026-05-25 16:05:57,974 [trainer.py] => CNN: {'total': 80.11, '00-04': 64.0, '05-09': 89.0, '10-14': 89.0, '15-19': 66.0, '20-24': 92.0, '25-29': 64.0, '30-34': 72.73, '35-39': 78.0, '40-44': 88.0, '45-49': 75.0, '50-54': 86.0, '55-59': 92.0, '60-64': 72.0, '65-69': 80.81, '70-74': 91.0, '75-79': 94.0, '80-84': 81.0, '85-89': 85.0, '90-94': 82.0, '95-99': 74.75, '100-104': 88.0, '105-109': 67.35, '110-114': 85.0, '115-119': 74.0, '120-124': 90.91, '125-129': 79.0, '130-134': 90.82, '135-139': 63.0, '140-144': 57.0, '145-149': 88.0, '150-154': 84.0, 'old': 79.98, 'new': 84.0}
2026-05-25 16:05:57,975 [trainer.py] => CNN top1 curve: [93.0, 96.0, 96.33, 91.0, 92.4, 93.33, 91.27, 88.36, 88.65, 86.59, 86.81, 87.32, 85.6, 85.26, 85.78, 86.36, 85.98, 85.48, 84.93, 84.08, 84.07, 84.37, 84.27, 83.67, 83.84, 83.27, 83.21, 82.27, 81.05, 80.72, 80.11]
2026-05-25 16:05:57,975 [trainer.py] => CNN top5 curve: [100.0, 100.0, 100.0, 100.0, 100.0, 100.0, 99.71, 99.37, 99.22, 98.6, 98.64, 98.67, 98.38, 98.5, 98.6, 98.56, 98.29, 98.28, 97.84, 97.3, 97.14, 97.27, 97.25, 96.78, 96.87, 96.99, 97.03, 96.6, 95.47, 95.55, 95.44]
2026-05-25 16:05:57,975 [trainer.py] => Average Accuracy (CNN): 86.63
2026-05-25 16:05:57,979 [trainer.py] => All params: 173025025
2026-05-25 16:05:57,983 [trainer.py] => Trainable params: 87226369
2026-05-25 16:05:58,007 [adam_adapter.py] => Learning on 155-160
2026-05-25 16:08:09,532 [trainer.py] => No NME accuracy.
2026-05-25 16:08:09,561 [trainer.py] => CNN: {'total': 80.04, '00-04': 63.0, '05-09': 89.0, '10-14': 89.0, '15-19': 66.0, '20-24': 92.0, '25-29': 64.0, '30-34': 72.73, '35-39': 78.0, '40-44': 88.0, '45-49': 75.0, '50-54': 86.0, '55-59': 92.0, '60-64': 72.0, '65-69': 80.81, '70-74': 91.0, '75-79': 94.0, '80-84': 81.0, '85-89': 85.0, '90-94': 82.0, '95-99': 74.75, '100-104': 88.0, '105-109': 67.35, '110-114': 85.0, '115-119': 74.0, '120-124': 89.9, '125-129': 79.0, '130-134': 90.82, '135-139': 63.0, '140-144': 57.0, '145-149': 88.0, '150-154': 84.0, '155-159': 80.0, 'old': 80.05, 'new': 80.0}
2026-05-25 16:08:09,561 [trainer.py] => CNN top1 curve: [93.0, 96.0, 96.33, 91.0, 92.4, 93.33, 91.27, 88.36, 88.65, 86.59, 86.81, 87.32, 85.6, 85.26, 85.78, 86.36, 85.98, 85.48, 84.93, 84.08, 84.07, 84.37, 84.27, 83.67, 83.84, 83.27, 83.21, 82.27, 81.05, 80.72, 80.11, 80.04]
2026-05-25 16:08:09,561 [trainer.py] => CNN top5 curve: [100.0, 100.0, 100.0, 100.0, 100.0, 100.0, 99.71, 99.37, 99.22, 98.6, 98.64, 98.67, 98.38, 98.5, 98.6, 98.56, 98.29, 98.28, 97.84, 97.3, 97.14, 97.27, 97.25, 96.78, 96.87, 96.99, 97.03, 96.6, 95.47, 95.55, 95.44, 95.21]
2026-05-25 16:08:09,561 [trainer.py] => Average Accuracy (CNN): 86.42
2026-05-25 16:08:09,563 [trainer.py] => All params: 173032705
2026-05-25 16:08:09,564 [trainer.py] => Trainable params: 87234049
2026-05-25 16:08:09,579 [adam_adapter.py] => Learning on 160-165
2026-05-25 16:10:18,639 [trainer.py] => No NME accuracy.
2026-05-25 16:10:18,666 [trainer.py] => CNN: {'total': 79.74, '00-04': 61.0, '05-09': 89.0, '10-14': 89.0, '15-19': 66.0, '20-24': 92.0, '25-29': 64.0, '30-34': 72.73, '35-39': 78.0, '40-44': 88.0, '45-49': 75.0, '50-54': 86.0, '55-59': 90.0, '60-64': 72.0, '65-69': 79.8, '70-74': 91.0, '75-79': 94.0, '80-84': 81.0, '85-89': 85.0, '90-94': 82.0, '95-99': 74.75, '100-104': 88.0, '105-109': 67.35, '110-114': 85.0, '115-119': 74.0, '120-124': 89.9, '125-129': 79.0, '130-134': 90.82, '135-139': 63.0, '140-144': 57.0, '145-149': 88.0, '150-154': 84.0, '155-159': 79.0, '160-164': 76.0, 'old': 79.86, 'new': 76.0}
2026-05-25 16:10:18,666 [trainer.py] => CNN top1 curve: [93.0, 96.0, 96.33, 91.0, 92.4, 93.33, 91.27, 88.36, 88.65, 86.59, 86.81, 87.32, 85.6, 85.26, 85.78, 86.36, 85.98, 85.48, 84.93, 84.08, 84.07, 84.37, 84.27, 83.67, 83.84, 83.27, 83.21, 82.27, 81.05, 80.72, 80.11, 80.04, 79.74]
2026-05-25 16:10:18,667 [trainer.py] => CNN top5 curve: [100.0, 100.0, 100.0, 100.0, 100.0, 100.0, 99.71, 99.37, 99.22, 98.6, 98.64, 98.67, 98.38, 98.5, 98.6, 98.56, 98.29, 98.28, 97.84, 97.3, 97.14, 97.27, 97.25, 96.78, 96.87, 96.99, 97.03, 96.6, 95.47, 95.55, 95.44, 95.21, 94.9]
2026-05-25 16:10:18,667 [trainer.py] => Average Accuracy (CNN): 86.22
2026-05-25 16:10:18,671 [trainer.py] => All params: 173040385
2026-05-25 16:10:18,675 [trainer.py] => Trainable params: 87241729
2026-05-25 16:10:18,697 [adam_adapter.py] => Learning on 165-170
2026-05-25 16:12:32,409 [trainer.py] => No NME accuracy.
2026-05-25 16:12:32,418 [trainer.py] => CNN: {'total': 78.63, '00-04': 61.0, '05-09': 89.0, '10-14': 89.0, '15-19': 62.0, '20-24': 92.0, '25-29': 63.0, '30-34': 71.72, '35-39': 78.0, '40-44': 88.0, '45-49': 75.0, '50-54': 86.0, '55-59': 86.0, '60-64': 72.0, '65-69': 79.8, '70-74': 91.0, '75-79': 94.0, '80-84': 81.0, '85-89': 85.0, '90-94': 80.0, '95-99': 72.73, '100-104': 88.0, '105-109': 66.33, '110-114': 85.0, '115-119': 73.0, '120-124': 89.9, '125-129': 79.0, '130-134': 87.76, '135-139': 63.0, '140-144': 53.0, '145-149': 87.0, '150-154': 84.0, '155-159': 79.0, '160-164': 75.0, '165-169': 67.0, 'old': 78.98, 'new': 67.0}
2026-05-25 16:12:32,418 [trainer.py] => CNN top1 curve: [93.0, 96.0, 96.33, 91.0, 92.4, 93.33, 91.27, 88.36, 88.65, 86.59, 86.81, 87.32, 85.6, 85.26, 85.78, 86.36, 85.98, 85.48, 84.93, 84.08, 84.07, 84.37, 84.27, 83.67, 83.84, 83.27, 83.21, 82.27, 81.05, 80.72, 80.11, 80.04, 79.74, 78.63]
2026-05-25 16:12:32,418 [trainer.py] => CNN top5 curve: [100.0, 100.0, 100.0, 100.0, 100.0, 100.0, 99.71, 99.37, 99.22, 98.6, 98.64, 98.67, 98.38, 98.5, 98.6, 98.56, 98.29, 98.28, 97.84, 97.3, 97.14, 97.27, 97.25, 96.78, 96.87, 96.99, 97.03, 96.6, 95.47, 95.55, 95.44, 95.21, 94.9, 94.66]
2026-05-25 16:12:32,418 [trainer.py] => Average Accuracy (CNN): 85.99
2026-05-25 16:12:32,419 [trainer.py] => All params: 173048065
2026-05-25 16:12:32,420 [trainer.py] => Trainable params: 87249409
2026-05-25 16:12:32,436 [adam_adapter.py] => Learning on 170-175
2026-05-25 16:14:45,772 [trainer.py] => No NME accuracy.
2026-05-25 16:14:45,790 [trainer.py] => CNN: {'total': 78.21, '00-04': 60.0, '05-09': 89.0, '10-14': 89.0, '15-19': 62.0, '20-24': 88.0, '25-29': 63.0, '30-34': 71.72, '35-39': 78.0, '40-44': 88.0, '45-49': 75.0, '50-54': 86.0, '55-59': 86.0, '60-64': 72.0, '65-69': 79.8, '70-74': 91.0, '75-79': 94.0, '80-84': 81.0, '85-89': 85.0, '90-94': 79.0, '95-99': 72.73, '100-104': 88.0, '105-109': 66.33, '110-114': 85.0, '115-119': 73.0, '120-124': 89.9, '125-129': 79.0, '130-134': 87.76, '135-139': 63.0, '140-144': 52.0, '145-149': 87.0, '150-154': 84.0, '155-159': 79.0, '160-164': 67.0, '165-169': 67.0, '170-174': 79.0, 'old': 78.18, 'new': 79.0}
2026-05-25 16:14:45,790 [trainer.py] => CNN top1 curve: [93.0, 96.0, 96.33, 91.0, 92.4, 93.33, 91.27, 88.36, 88.65, 86.59, 86.81, 87.32, 85.6, 85.26, 85.78, 86.36, 85.98, 85.48, 84.93, 84.08, 84.07, 84.37, 84.27, 83.67, 83.84, 83.27, 83.21, 82.27, 81.05, 80.72, 80.11, 80.04, 79.74, 78.63, 78.21]
2026-05-25 16:14:45,790 [trainer.py] => CNN top5 curve: [100.0, 100.0, 100.0, 100.0, 100.0, 100.0, 99.71, 99.37, 99.22, 98.6, 98.64, 98.67, 98.38, 98.5, 98.6, 98.56, 98.29, 98.28, 97.84, 97.3, 97.14, 97.27, 97.25, 96.78, 96.87, 96.99, 97.03, 96.6, 95.47, 95.55, 95.44, 95.21, 94.9, 94.66, 94.36]
2026-05-25 16:14:45,791 [trainer.py] => Average Accuracy (CNN): 85.77
2026-05-25 16:14:45,795 [trainer.py] => All params: 173055745
2026-05-25 16:14:45,799 [trainer.py] => Trainable params: 87257089
2026-05-25 16:14:45,821 [adam_adapter.py] => Learning on 175-180
2026-05-25 16:17:03,473 [trainer.py] => No NME accuracy.
2026-05-25 16:17:03,500 [trainer.py] => CNN: {'total': 77.78, '00-04': 59.0, '05-09': 88.0, '10-14': 89.0, '15-19': 62.0, '20-24': 82.0, '25-29': 63.0, '30-34': 71.72, '35-39': 78.0, '40-44': 87.0, '45-49': 74.0, '50-54': 86.0, '55-59': 86.0, '60-64': 72.0, '65-69': 79.8, '70-74': 91.0, '75-79': 94.0, '80-84': 80.0, '85-89': 85.0, '90-94': 79.0, '95-99': 72.73, '100-104': 87.0, '105-109': 66.33, '110-114': 85.0, '115-119': 72.0, '120-124': 89.9, '125-129': 79.0, '130-134': 87.76, '135-139': 63.0, '140-144': 52.0, '145-149': 87.0, '150-154': 84.0, '155-159': 79.0, '160-164': 64.0, '165-169': 67.0, '170-174': 79.0, '175-179': 79.0, 'old': 77.75, 'new': 79.0}
2026-05-25 16:17:03,500 [trainer.py] => CNN top1 curve: [93.0, 96.0, 96.33, 91.0, 92.4, 93.33, 91.27, 88.36, 88.65, 86.59, 86.81, 87.32, 85.6, 85.26, 85.78, 86.36, 85.98, 85.48, 84.93, 84.08, 84.07, 84.37, 84.27, 83.67, 83.84, 83.27, 83.21, 82.27, 81.05, 80.72, 80.11, 80.04, 79.74, 78.63, 78.21, 77.78]
2026-05-25 16:17:03,500 [trainer.py] => CNN top5 curve: [100.0, 100.0, 100.0, 100.0, 100.0, 100.0, 99.71, 99.37, 99.22, 98.6, 98.64, 98.67, 98.38, 98.5, 98.6, 98.56, 98.29, 98.28, 97.84, 97.3, 97.14, 97.27, 97.25, 96.78, 96.87, 96.99, 97.03, 96.6, 95.47, 95.55, 95.44, 95.21, 94.9, 94.66, 94.36, 94.18]
2026-05-25 16:17:03,501 [trainer.py] => Average Accuracy (CNN): 85.55
2026-05-25 16:17:03,505 [trainer.py] => All params: 173063425
2026-05-25 16:17:03,509 [trainer.py] => Trainable params: 87264769
2026-05-25 16:17:03,531 [adam_adapter.py] => Learning on 180-185
2026-05-25 16:19:25,207 [trainer.py] => No NME accuracy.
2026-05-25 16:19:25,225 [trainer.py] => CNN: {'total': 77.44, '00-04': 59.0, '05-09': 88.0, '10-14': 89.0, '15-19': 62.0, '20-24': 82.0, '25-29': 63.0, '30-34': 71.72, '35-39': 78.0, '40-44': 87.0, '45-49': 74.0, '50-54': 76.0, '55-59': 86.0, '60-64': 71.0, '65-69': 79.8, '70-74': 91.0, '75-79': 94.0, '80-84': 80.0, '85-89': 85.0, '90-94': 79.0, '95-99': 72.73, '100-104': 87.0, '105-109': 66.33, '110-114': 85.0, '115-119': 72.0, '120-124': 87.88, '125-129': 79.0, '130-134': 87.76, '135-139': 63.0, '140-144': 52.0, '145-149': 86.0, '150-154': 84.0, '155-159': 79.0, '160-164': 63.0, '165-169': 67.0, '170-174': 79.0, '175-179': 79.0, '180-184': 80.0, 'old': 77.37, 'new': 80.0}
2026-05-25 16:19:25,225 [trainer.py] => CNN top1 curve: [93.0, 96.0, 96.33, 91.0, 92.4, 93.33, 91.27, 88.36, 88.65, 86.59, 86.81, 87.32, 85.6, 85.26, 85.78, 86.36, 85.98, 85.48, 84.93, 84.08, 84.07, 84.37, 84.27, 83.67, 83.84, 83.27, 83.21, 82.27, 81.05, 80.72, 80.11, 80.04, 79.74, 78.63, 78.21, 77.78, 77.44]
2026-05-25 16:19:25,225 [trainer.py] => CNN top5 curve: [100.0, 100.0, 100.0, 100.0, 100.0, 100.0, 99.71, 99.37, 99.22, 98.6, 98.64, 98.67, 98.38, 98.5, 98.6, 98.56, 98.29, 98.28, 97.84, 97.3, 97.14, 97.27, 97.25, 96.78, 96.87, 96.99, 97.03, 96.6, 95.47, 95.55, 95.44, 95.21, 94.9, 94.66, 94.36, 94.18, 94.23]
2026-05-25 16:19:25,225 [trainer.py] => Average Accuracy (CNN): 85.33
2026-05-25 16:19:25,227 [trainer.py] => All params: 173071105
2026-05-25 16:19:25,229 [trainer.py] => Trainable params: 87272449
2026-05-25 16:19:25,246 [adam_adapter.py] => Learning on 185-190
2026-05-25 16:21:47,630 [trainer.py] => No NME accuracy.
2026-05-25 16:21:47,646 [trainer.py] => CNN: {'total': 77.69, '00-04': 59.0, '05-09': 87.0, '10-14': 89.0, '15-19': 62.0, '20-24': 82.0, '25-29': 63.0, '30-34': 71.72, '35-39': 78.0, '40-44': 87.0, '45-49': 74.0, '50-54': 76.0, '55-59': 86.0, '60-64': 71.0, '65-69': 79.8, '70-74': 91.0, '75-79': 94.0, '80-84': 80.0, '85-89': 85.0, '90-94': 79.0, '95-99': 72.73, '100-104': 87.0, '105-109': 66.33, '110-114': 85.0, '115-119': 72.0, '120-124': 87.88, '125-129': 79.0, '130-134': 87.76, '135-139': 63.0, '140-144': 52.0, '145-149': 86.0, '150-154': 84.0, '155-159': 79.0, '160-164': 62.0, '165-169': 67.0, '170-174': 79.0, '175-179': 78.0, '180-184': 80.0, '185-189': 90.0, 'old': 77.36, 'new': 90.0}
2026-05-25 16:21:47,646 [trainer.py] => CNN top1 curve: [93.0, 96.0, 96.33, 91.0, 92.4, 93.33, 91.27, 88.36, 88.65, 86.59, 86.81, 87.32, 85.6, 85.26, 85.78, 86.36, 85.98, 85.48, 84.93, 84.08, 84.07, 84.37, 84.27, 83.67, 83.84, 83.27, 83.21, 82.27, 81.05, 80.72, 80.11, 80.04, 79.74, 78.63, 78.21, 77.78, 77.44, 77.69]
2026-05-25 16:21:47,646 [trainer.py] => CNN top5 curve: [100.0, 100.0, 100.0, 100.0, 100.0, 100.0, 99.71, 99.37, 99.22, 98.6, 98.64, 98.67, 98.38, 98.5, 98.6, 98.56, 98.29, 98.28, 97.84, 97.3, 97.14, 97.27, 97.25, 96.78, 96.87, 96.99, 97.03, 96.6, 95.47, 95.55, 95.44, 95.21, 94.9, 94.66, 94.36, 94.18, 94.23, 94.33]
2026-05-25 16:21:47,647 [trainer.py] => Average Accuracy (CNN): 85.13
2026-05-25 16:21:47,648 [trainer.py] => All params: 173078785
2026-05-25 16:21:47,649 [trainer.py] => Trainable params: 87280129
2026-05-25 16:21:47,668 [adam_adapter.py] => Learning on 190-195
2026-05-25 16:24:14,518 [trainer.py] => No NME accuracy.
2026-05-25 16:24:14,544 [trainer.py] => CNN: {'total': 77.8, '00-04': 59.0, '05-09': 86.0, '10-14': 89.0, '15-19': 62.0, '20-24': 82.0, '25-29': 63.0, '30-34': 71.72, '35-39': 78.0, '40-44': 87.0, '45-49': 74.0, '50-54': 76.0, '55-59': 86.0, '60-64': 71.0, '65-69': 79.8, '70-74': 91.0, '75-79': 94.0, '80-84': 80.0, '85-89': 85.0, '90-94': 79.0, '95-99': 72.73, '100-104': 87.0, '105-109': 66.33, '110-114': 85.0, '115-119': 71.0, '120-124': 87.88, '125-129': 79.0, '130-134': 87.76, '135-139': 63.0, '140-144': 52.0, '145-149': 86.0, '150-154': 84.0, '155-159': 79.0, '160-164': 62.0, '165-169': 67.0, '170-174': 79.0, '175-179': 78.0, '180-184': 80.0, '185-189': 90.0, '190-194': 84.0, 'old': 77.64, 'new': 84.0}
2026-05-25 16:24:14,545 [trainer.py] => CNN top1 curve: [93.0, 96.0, 96.33, 91.0, 92.4, 93.33, 91.27, 88.36, 88.65, 86.59, 86.81, 87.32, 85.6, 85.26, 85.78, 86.36, 85.98, 85.48, 84.93, 84.08, 84.07, 84.37, 84.27, 83.67, 83.84, 83.27, 83.21, 82.27, 81.05, 80.72, 80.11, 80.04, 79.74, 78.63, 78.21, 77.78, 77.44, 77.69, 77.8]
2026-05-25 16:24:14,545 [trainer.py] => CNN top5 curve: [100.0, 100.0, 100.0, 100.0, 100.0, 100.0, 99.71, 99.37, 99.22, 98.6, 98.64, 98.67, 98.38, 98.5, 98.6, 98.56, 98.29, 98.28, 97.84, 97.3, 97.14, 97.27, 97.25, 96.78, 96.87, 96.99, 97.03, 96.6, 95.47, 95.55, 95.44, 95.21, 94.9, 94.66, 94.36, 94.18, 94.23, 94.33, 94.4]
2026-05-25 16:24:14,545 [trainer.py] => Average Accuracy (CNN): 84.94
2026-05-25 16:24:14,550 [trainer.py] => All params: 173086465
2026-05-25 16:24:14,554 [trainer.py] => Trainable params: 87287809
2026-05-25 16:24:14,579 [adam_adapter.py] => Learning on 195-200
2026-05-25 16:26:40,060 [trainer.py] => No NME accuracy.
2026-05-25 16:26:40,081 [trainer.py] => CNN: {'total': 77.93, '00-04': 59.0, '05-09': 86.0, '10-14': 89.0, '15-19': 62.0, '20-24': 82.0, '25-29': 63.0, '30-34': 71.72, '35-39': 77.0, '40-44': 87.0, '45-49': 74.0, '50-54': 76.0, '55-59': 86.0, '60-64': 71.0, '65-69': 79.8, '70-74': 91.0, '75-79': 94.0, '80-84': 80.0, '85-89': 85.0, '90-94': 79.0, '95-99': 72.73, '100-104': 87.0, '105-109': 66.33, '110-114': 85.0, '115-119': 71.0, '120-124': 86.87, '125-129': 79.0, '130-134': 87.76, '135-139': 63.0, '140-144': 48.0, '145-149': 86.0, '150-154': 84.0, '155-159': 79.0, '160-164': 62.0, '165-169': 67.0, '170-174': 79.0, '175-179': 78.0, '180-184': 80.0, '185-189': 90.0, '190-194': 84.0, '195-199': 89.0, 'old': 77.65, 'new': 89.0}
2026-05-25 16:26:40,081 [trainer.py] => CNN top1 curve: [93.0, 96.0, 96.33, 91.0, 92.4, 93.33, 91.27, 88.36, 88.65, 86.59, 86.81, 87.32, 85.6, 85.26, 85.78, 86.36, 85.98, 85.48, 84.93, 84.08, 84.07, 84.37, 84.27, 83.67, 83.84, 83.27, 83.21, 82.27, 81.05, 80.72, 80.11, 80.04, 79.74, 78.63, 78.21, 77.78, 77.44, 77.69, 77.8, 77.93]
2026-05-25 16:26:40,081 [trainer.py] => CNN top5 curve: [100.0, 100.0, 100.0, 100.0, 100.0, 100.0, 99.71, 99.37, 99.22, 98.6, 98.64, 98.67, 98.38, 98.5, 98.6, 98.56, 98.29, 98.28, 97.84, 97.3, 97.14, 97.27, 97.25, 96.78, 96.87, 96.99, 97.03, 96.6, 95.47, 95.55, 95.44, 95.21, 94.9, 94.66, 94.36, 94.18, 94.23, 94.33, 94.4, 94.39]
2026-05-25 16:26:40,082 [trainer.py] => Average Accuracy (CNN): 84.77
2026-05-25 16:26:40,083 [trainer.py] => All params: 173094145
2026-05-25 16:26:40,084 [trainer.py] => Trainable params: 87295489
2026-05-25 16:26:40,103 [adam_adapter.py] => Learning on 200-205
2026-05-25 16:29:09,963 [trainer.py] => No NME accuracy.
2026-05-25 16:29:09,979 [trainer.py] => CNN: {'total': 77.2, '00-04': 59.0, '05-09': 86.0, '10-14': 89.0, '15-19': 62.0, '20-24': 82.0, '25-29': 63.0, '30-34': 71.72, '35-39': 77.0, '40-44': 87.0, '45-49': 74.0, '50-54': 76.0, '55-59': 86.0, '60-64': 71.0, '65-69': 79.8, '70-74': 91.0, '75-79': 94.0, '80-84': 80.0, '85-89': 85.0, '90-94': 73.0, '95-99': 72.73, '100-104': 87.0, '105-109': 66.33, '110-114': 85.0, '115-119': 68.0, '120-124': 86.87, '125-129': 79.0, '130-134': 78.57, '135-139': 63.0, '140-144': 48.0, '145-149': 86.0, '150-154': 84.0, '155-159': 79.0, '160-164': 62.0, '165-169': 67.0, '170-174': 79.0, '175-179': 75.0, '180-184': 80.0, '185-189': 90.0, '190-194': 84.0, '195-199': 89.0, '200-204': 69.0, 'old': 77.4, 'new': 69.0}
2026-05-25 16:29:09,980 [trainer.py] => CNN top1 curve: [93.0, 96.0, 96.33, 91.0, 92.4, 93.33, 91.27, 88.36, 88.65, 86.59, 86.81, 87.32, 85.6, 85.26, 85.78, 86.36, 85.98, 85.48, 84.93, 84.08, 84.07, 84.37, 84.27, 83.67, 83.84, 83.27, 83.21, 82.27, 81.05, 80.72, 80.11, 80.04, 79.74, 78.63, 78.21, 77.78, 77.44, 77.69, 77.8, 77.93, 77.2]
2026-05-25 16:29:09,980 [trainer.py] => CNN top5 curve: [100.0, 100.0, 100.0, 100.0, 100.0, 100.0, 99.71, 99.37, 99.22, 98.6, 98.64, 98.67, 98.38, 98.5, 98.6, 98.56, 98.29, 98.28, 97.84, 97.3, 97.14, 97.27, 97.25, 96.78, 96.87, 96.99, 97.03, 96.6, 95.47, 95.55, 95.44, 95.21, 94.9, 94.66, 94.36, 94.18, 94.23, 94.33, 94.4, 94.39, 93.89]
2026-05-25 16:29:09,980 [trainer.py] => Average Accuracy (CNN): 84.58
2026-05-25 16:29:09,982 [trainer.py] => All params: 173101825
2026-05-25 16:29:09,989 [trainer.py] => Trainable params: 87303169
2026-05-25 16:29:10,012 [adam_adapter.py] => Learning on 205-210
2026-05-25 16:31:43,553 [trainer.py] => No NME accuracy.
2026-05-25 16:31:43,568 [trainer.py] => CNN: {'total': 77.36, '00-04': 59.0, '05-09': 86.0, '10-14': 89.0, '15-19': 62.0, '20-24': 82.0, '25-29': 63.0, '30-34': 71.72, '35-39': 77.0, '40-44': 86.0, '45-49': 73.0, '50-54': 76.0, '55-59': 86.0, '60-64': 71.0, '65-69': 79.8, '70-74': 91.0, '75-79': 94.0, '80-84': 80.0, '85-89': 85.0, '90-94': 73.0, '95-99': 72.73, '100-104': 87.0, '105-109': 66.33, '110-114': 85.0, '115-119': 68.0, '120-124': 86.87, '125-129': 79.0, '130-134': 78.57, '135-139': 63.0, '140-144': 48.0, '145-149': 84.0, '150-154': 84.0, '155-159': 79.0, '160-164': 62.0, '165-169': 67.0, '170-174': 79.0, '175-179': 74.0, '180-184': 80.0, '185-189': 90.0, '190-194': 84.0, '195-199': 89.0, '200-204': 69.0, '205-209': 89.0, 'old': 77.08, 'new': 89.0}
2026-05-25 16:31:43,569 [trainer.py] => CNN top1 curve: [93.0, 96.0, 96.33, 91.0, 92.4, 93.33, 91.27, 88.36, 88.65, 86.59, 86.81, 87.32, 85.6, 85.26, 85.78, 86.36, 85.98, 85.48, 84.93, 84.08, 84.07, 84.37, 84.27, 83.67, 83.84, 83.27, 83.21, 82.27, 81.05, 80.72, 80.11, 80.04, 79.74, 78.63, 78.21, 77.78, 77.44, 77.69, 77.8, 77.93, 77.2, 77.36]
2026-05-25 16:31:43,569 [trainer.py] => CNN top5 curve: [100.0, 100.0, 100.0, 100.0, 100.0, 100.0, 99.71, 99.37, 99.22, 98.6, 98.64, 98.67, 98.38, 98.5, 98.6, 98.56, 98.29, 98.28, 97.84, 97.3, 97.14, 97.27, 97.25, 96.78, 96.87, 96.99, 97.03, 96.6, 95.47, 95.55, 95.44, 95.21, 94.9, 94.66, 94.36, 94.18, 94.23, 94.33, 94.4, 94.39, 93.89, 93.96]
2026-05-25 16:31:43,569 [trainer.py] => Average Accuracy (CNN): 84.41
2026-05-25 16:31:43,570 [trainer.py] => All params: 173109505
2026-05-25 16:31:43,572 [trainer.py] => Trainable params: 87310849
2026-05-25 16:31:43,590 [adam_adapter.py] => Learning on 210-215
2026-05-25 16:34:22,827 [trainer.py] => No NME accuracy.
2026-05-25 16:34:22,842 [trainer.py] => CNN: {'total': 77.42, '00-04': 59.0, '05-09': 86.0, '10-14': 89.0, '15-19': 62.0, '20-24': 82.0, '25-29': 62.0, '30-34': 71.72, '35-39': 77.0, '40-44': 86.0, '45-49': 73.0, '50-54': 76.0, '55-59': 86.0, '60-64': 71.0, '65-69': 79.8, '70-74': 91.0, '75-79': 94.0, '80-84': 80.0, '85-89': 85.0, '90-94': 73.0, '95-99': 72.73, '100-104': 83.0, '105-109': 66.33, '110-114': 85.0, '115-119': 68.0, '120-124': 86.87, '125-129': 79.0, '130-134': 78.57, '135-139': 63.0, '140-144': 48.0, '145-149': 84.0, '150-154': 84.0, '155-159': 79.0, '160-164': 62.0, '165-169': 66.0, '170-174': 79.0, '175-179': 74.0, '180-184': 80.0, '185-189': 90.0, '190-194': 83.0, '195-199': 89.0, '200-204': 69.0, '205-209': 89.0, '210-214': 87.0, 'old': 77.19, 'new': 87.0}
2026-05-25 16:34:22,842 [trainer.py] => CNN top1 curve: [93.0, 96.0, 96.33, 91.0, 92.4, 93.33, 91.27, 88.36, 88.65, 86.59, 86.81, 87.32, 85.6, 85.26, 85.78, 86.36, 85.98, 85.48, 84.93, 84.08, 84.07, 84.37, 84.27, 83.67, 83.84, 83.27, 83.21, 82.27, 81.05, 80.72, 80.11, 80.04, 79.74, 78.63, 78.21, 77.78, 77.44, 77.69, 77.8, 77.93, 77.2, 77.36, 77.42]
2026-05-25 16:34:22,843 [trainer.py] => CNN top5 curve: [100.0, 100.0, 100.0, 100.0, 100.0, 100.0, 99.71, 99.37, 99.22, 98.6, 98.64, 98.67, 98.38, 98.5, 98.6, 98.56, 98.29, 98.28, 97.84, 97.3, 97.14, 97.27, 97.25, 96.78, 96.87, 96.99, 97.03, 96.6, 95.47, 95.55, 95.44, 95.21, 94.9, 94.66, 94.36, 94.18, 94.23, 94.33, 94.4, 94.39, 93.89, 93.96, 93.85]
2026-05-25 16:34:22,843 [trainer.py] => Average Accuracy (CNN): 84.25
2026-05-25 16:34:22,844 [trainer.py] => All params: 173117185
2026-05-25 16:34:22,845 [trainer.py] => Trainable params: 87318529
2026-05-25 16:34:22,854 [adam_adapter.py] => Learning on 215-220
2026-05-25 16:37:02,109 [trainer.py] => No NME accuracy.
2026-05-25 16:37:02,128 [trainer.py] => CNN: {'total': 76.66, '00-04': 59.0, '05-09': 86.0, '10-14': 89.0, '15-19': 58.0, '20-24': 82.0, '25-29': 62.0, '30-34': 71.72, '35-39': 77.0, '40-44': 86.0, '45-49': 73.0, '50-54': 76.0, '55-59': 86.0, '60-64': 71.0, '65-69': 79.8, '70-74': 91.0, '75-79': 94.0, '80-84': 80.0, '85-89': 85.0, '90-94': 73.0, '95-99': 72.73, '100-104': 83.0, '105-109': 66.33, '110-114': 85.0, '115-119': 66.0, '120-124': 86.87, '125-129': 79.0, '130-134': 78.57, '135-139': 63.0, '140-144': 48.0, '145-149': 84.0, '150-154': 83.0, '155-159': 79.0, '160-164': 62.0, '165-169': 66.0, '170-174': 79.0, '175-179': 74.0, '180-184': 80.0, '185-189': 90.0, '190-194': 83.0, '195-199': 81.0, '200-204': 69.0, '205-209': 89.0, '210-214': 87.0, '215-219': 59.0, 'old': 77.07, 'new': 59.0}
2026-05-25 16:37:02,128 [trainer.py] => CNN top1 curve: [93.0, 96.0, 96.33, 91.0, 92.4, 93.33, 91.27, 88.36, 88.65, 86.59, 86.81, 87.32, 85.6, 85.26, 85.78, 86.36, 85.98, 85.48, 84.93, 84.08, 84.07, 84.37, 84.27, 83.67, 83.84, 83.27, 83.21, 82.27, 81.05, 80.72, 80.11, 80.04, 79.74, 78.63, 78.21, 77.78, 77.44, 77.69, 77.8, 77.93, 77.2, 77.36, 77.42, 76.66]
2026-05-25 16:37:02,128 [trainer.py] => CNN top5 curve: [100.0, 100.0, 100.0, 100.0, 100.0, 100.0, 99.71, 99.37, 99.22, 98.6, 98.64, 98.67, 98.38, 98.5, 98.6, 98.56, 98.29, 98.28, 97.84, 97.3, 97.14, 97.27, 97.25, 96.78, 96.87, 96.99, 97.03, 96.6, 95.47, 95.55, 95.44, 95.21, 94.9, 94.66, 94.36, 94.18, 94.23, 94.33, 94.4, 94.39, 93.89, 93.96, 93.85, 93.62]
2026-05-25 16:37:02,129 [trainer.py] => Average Accuracy (CNN): 84.07
2026-05-25 16:37:02,130 [trainer.py] => All params: 173124865
2026-05-25 16:37:02,132 [trainer.py] => Trainable params: 87326209
2026-05-25 16:37:02,151 [adam_adapter.py] => Learning on 220-225
2026-05-25 16:39:46,216 [trainer.py] => No NME accuracy.
2026-05-25 16:39:46,243 [trainer.py] => CNN: {'total': 76.11, '00-04': 59.0, '05-09': 86.0, '10-14': 89.0, '15-19': 58.0, '20-24': 82.0, '25-29': 62.0, '30-34': 71.72, '35-39': 77.0, '40-44': 86.0, '45-49': 72.0, '50-54': 76.0, '55-59': 86.0, '60-64': 71.0, '65-69': 79.8, '70-74': 91.0, '75-79': 94.0, '80-84': 80.0, '85-89': 85.0, '90-94': 73.0, '95-99': 71.72, '100-104': 83.0, '105-109': 66.33, '110-114': 85.0, '115-119': 66.0, '120-124': 86.87, '125-129': 73.0, '130-134': 78.57, '135-139': 63.0, '140-144': 47.0, '145-149': 84.0, '150-154': 83.0, '155-159': 79.0, '160-164': 62.0, '165-169': 63.0, '170-174': 79.0, '175-179': 74.0, '180-184': 80.0, '185-189': 90.0, '190-194': 83.0, '195-199': 81.0, '200-204': 69.0, '205-209': 89.0, '210-214': 87.0, '215-219': 59.0, '220-224': 63.64, 'old': 76.39, 'new': 63.64}
2026-05-25 16:39:46,243 [trainer.py] => CNN top1 curve: [93.0, 96.0, 96.33, 91.0, 92.4, 93.33, 91.27, 88.36, 88.65, 86.59, 86.81, 87.32, 85.6, 85.26, 85.78, 86.36, 85.98, 85.48, 84.93, 84.08, 84.07, 84.37, 84.27, 83.67, 83.84, 83.27, 83.21, 82.27, 81.05, 80.72, 80.11, 80.04, 79.74, 78.63, 78.21, 77.78, 77.44, 77.69, 77.8, 77.93, 77.2, 77.36, 77.42, 76.66, 76.11]
2026-05-25 16:39:46,243 [trainer.py] => CNN top5 curve: [100.0, 100.0, 100.0, 100.0, 100.0, 100.0, 99.71, 99.37, 99.22, 98.6, 98.64, 98.67, 98.38, 98.5, 98.6, 98.56, 98.29, 98.28, 97.84, 97.3, 97.14, 97.27, 97.25, 96.78, 96.87, 96.99, 97.03, 96.6, 95.47, 95.55, 95.44, 95.21, 94.9, 94.66, 94.36, 94.18, 94.23, 94.33, 94.4, 94.39, 93.89, 93.96, 93.85, 93.62, 93.48]
2026-05-25 16:39:46,243 [trainer.py] => Average Accuracy (CNN): 83.9
2026-05-25 16:39:46,244 [trainer.py] => All params: 173132545
2026-05-25 16:39:46,246 [trainer.py] => Trainable params: 87333889
2026-05-25 16:39:46,261 [adam_adapter.py] => Learning on 225-230
2026-05-25 16:42:29,389 [trainer.py] => No NME accuracy.
2026-05-25 16:42:29,404 [trainer.py] => CNN: {'total': 76.06, '00-04': 59.0, '05-09': 86.0, '10-14': 87.0, '15-19': 58.0, '20-24': 82.0, '25-29': 62.0, '30-34': 71.72, '35-39': 77.0, '40-44': 86.0, '45-49': 72.0, '50-54': 75.0, '55-59': 86.0, '60-64': 71.0, '65-69': 79.8, '70-74': 91.0, '75-79': 94.0, '80-84': 80.0, '85-89': 85.0, '90-94': 73.0, '95-99': 71.72, '100-104': 83.0, '105-109': 66.33, '110-114': 85.0, '115-119': 66.0, '120-124': 86.87, '125-129': 73.0, '130-134': 78.57, '135-139': 63.0, '140-144': 41.0, '145-149': 84.0, '150-154': 83.0, '155-159': 79.0, '160-164': 62.0, '165-169': 63.0, '170-174': 79.0, '175-179': 74.0, '180-184': 80.0, '185-189': 90.0, '190-194': 83.0, '195-199': 81.0, '200-204': 69.0, '205-209': 89.0, '210-214': 87.0, '215-219': 59.0, '220-224': 60.61, '225-229': 86.0, 'old': 75.84, 'new': 86.0}
2026-05-25 16:42:29,404 [trainer.py] => CNN top1 curve: [93.0, 96.0, 96.33, 91.0, 92.4, 93.33, 91.27, 88.36, 88.65, 86.59, 86.81, 87.32, 85.6, 85.26, 85.78, 86.36, 85.98, 85.48, 84.93, 84.08, 84.07, 84.37, 84.27, 83.67, 83.84, 83.27, 83.21, 82.27, 81.05, 80.72, 80.11, 80.04, 79.74, 78.63, 78.21, 77.78, 77.44, 77.69, 77.8, 77.93, 77.2, 77.36, 77.42, 76.66, 76.11, 76.06]
2026-05-25 16:42:29,404 [trainer.py] => CNN top5 curve: [100.0, 100.0, 100.0, 100.0, 100.0, 100.0, 99.71, 99.37, 99.22, 98.6, 98.64, 98.67, 98.38, 98.5, 98.6, 98.56, 98.29, 98.28, 97.84, 97.3, 97.14, 97.27, 97.25, 96.78, 96.87, 96.99, 97.03, 96.6, 95.47, 95.55, 95.44, 95.21, 94.9, 94.66, 94.36, 94.18, 94.23, 94.33, 94.4, 94.39, 93.89, 93.96, 93.85, 93.62, 93.48, 93.47]
2026-05-25 16:42:29,404 [trainer.py] => Average Accuracy (CNN): 83.73
2026-05-25 16:42:29,407 [trainer.py] => All params: 173140225
2026-05-25 16:42:29,409 [trainer.py] => Trainable params: 87341569
2026-05-25 16:42:29,423 [adam_adapter.py] => Learning on 230-235
2026-05-25 16:45:17,913 [trainer.py] => No NME accuracy.
2026-05-25 16:45:17,944 [trainer.py] => CNN: {'total': 75.91, '00-04': 59.0, '05-09': 86.0, '10-14': 87.0, '15-19': 58.0, '20-24': 82.0, '25-29': 62.0, '30-34': 71.72, '35-39': 77.0, '40-44': 86.0, '45-49': 72.0, '50-54': 75.0, '55-59': 77.0, '60-64': 71.0, '65-69': 79.8, '70-74': 86.0, '75-79': 94.0, '80-84': 80.0, '85-89': 85.0, '90-94': 73.0, '95-99': 70.71, '100-104': 83.0, '105-109': 66.33, '110-114': 85.0, '115-119': 66.0, '120-124': 86.87, '125-129': 73.0, '130-134': 78.57, '135-139': 63.0, '140-144': 41.0, '145-149': 84.0, '150-154': 83.0, '155-159': 79.0, '160-164': 62.0, '165-169': 63.0, '170-174': 79.0, '175-179': 74.0, '180-184': 80.0, '185-189': 90.0, '190-194': 83.0, '195-199': 81.0, '200-204': 69.0, '205-209': 89.0, '210-214': 87.0, '215-219': 59.0, '220-224': 60.61, '225-229': 86.0, '230-234': 83.84, 'old': 75.74, 'new': 83.84}
2026-05-25 16:45:17,945 [trainer.py] => CNN top1 curve: [93.0, 96.0, 96.33, 91.0, 92.4, 93.33, 91.27, 88.36, 88.65, 86.59, 86.81, 87.32, 85.6, 85.26, 85.78, 86.36, 85.98, 85.48, 84.93, 84.08, 84.07, 84.37, 84.27, 83.67, 83.84, 83.27, 83.21, 82.27, 81.05, 80.72, 80.11, 80.04, 79.74, 78.63, 78.21, 77.78, 77.44, 77.69, 77.8, 77.93, 77.2, 77.36, 77.42, 76.66, 76.11, 76.06, 75.91]
2026-05-25 16:45:17,945 [trainer.py] => CNN top5 curve: [100.0, 100.0, 100.0, 100.0, 100.0, 100.0, 99.71, 99.37, 99.22, 98.6, 98.64, 98.67, 98.38, 98.5, 98.6, 98.56, 98.29, 98.28, 97.84, 97.3, 97.14, 97.27, 97.25, 96.78, 96.87, 96.99, 97.03, 96.6, 95.47, 95.55, 95.44, 95.21, 94.9, 94.66, 94.36, 94.18, 94.23, 94.33, 94.4, 94.39, 93.89, 93.96, 93.85, 93.62, 93.48, 93.47, 93.54]
2026-05-25 16:45:17,945 [trainer.py] => Average Accuracy (CNN): 83.56
2026-05-25 16:45:17,950 [trainer.py] => All params: 173147905
2026-05-25 16:45:17,954 [trainer.py] => Trainable params: 87349249
2026-05-25 16:45:17,979 [adam_adapter.py] => Learning on 235-240
2026-05-25 16:48:11,592 [trainer.py] => No NME accuracy.
2026-05-25 16:48:11,626 [trainer.py] => CNN: {'total': 75.53, '00-04': 59.0, '05-09': 86.0, '10-14': 87.0, '15-19': 58.0, '20-24': 82.0, '25-29': 62.0, '30-34': 71.72, '35-39': 77.0, '40-44': 86.0, '45-49': 72.0, '50-54': 75.0, '55-59': 77.0, '60-64': 71.0, '65-69': 79.8, '70-74': 84.0, '75-79': 91.0, '80-84': 80.0, '85-89': 85.0, '90-94': 73.0, '95-99': 70.71, '100-104': 83.0, '105-109': 66.33, '110-114': 85.0, '115-119': 66.0, '120-124': 86.87, '125-129': 72.0, '130-134': 75.51, '135-139': 63.0, '140-144': 41.0, '145-149': 84.0, '150-154': 83.0, '155-159': 79.0, '160-164': 60.0, '165-169': 63.0, '170-174': 79.0, '175-179': 74.0, '180-184': 80.0, '185-189': 90.0, '190-194': 83.0, '195-199': 80.0, '200-204': 69.0, '205-209': 89.0, '210-214': 87.0, '215-219': 59.0, '220-224': 60.61, '225-229': 86.0, '230-234': 82.83, '235-239': 70.71, 'old': 75.63, 'new': 70.71}
2026-05-25 16:48:11,627 [trainer.py] => CNN top1 curve: [93.0, 96.0, 96.33, 91.0, 92.4, 93.33, 91.27, 88.36, 88.65, 86.59, 86.81, 87.32, 85.6, 85.26, 85.78, 86.36, 85.98, 85.48, 84.93, 84.08, 84.07, 84.37, 84.27, 83.67, 83.84, 83.27, 83.21, 82.27, 81.05, 80.72, 80.11, 80.04, 79.74, 78.63, 78.21, 77.78, 77.44, 77.69, 77.8, 77.93, 77.2, 77.36, 77.42, 76.66, 76.11, 76.06, 75.91, 75.53]
2026-05-25 16:48:11,627 [trainer.py] => CNN top5 curve: [100.0, 100.0, 100.0, 100.0, 100.0, 100.0, 99.71, 99.37, 99.22, 98.6, 98.64, 98.67, 98.38, 98.5, 98.6, 98.56, 98.29, 98.28, 97.84, 97.3, 97.14, 97.27, 97.25, 96.78, 96.87, 96.99, 97.03, 96.6, 95.47, 95.55, 95.44, 95.21, 94.9, 94.66, 94.36, 94.18, 94.23, 94.33, 94.4, 94.39, 93.89, 93.96, 93.85, 93.62, 93.48, 93.47, 93.54, 93.53]
2026-05-25 16:48:11,627 [trainer.py] => Average Accuracy (CNN): 83.39
2026-05-25 16:48:11,632 [trainer.py] => All params: 173155585
2026-05-25 16:48:11,635 [trainer.py] => Trainable params: 87356929
2026-05-25 16:48:11,662 [adam_adapter.py] => Learning on 240-245
2026-05-25 16:51:03,140 [trainer.py] => No NME accuracy.
2026-05-25 16:51:03,191 [trainer.py] => CNN: {'total': 75.58, '00-04': 59.0, '05-09': 86.0, '10-14': 87.0, '15-19': 55.0, '20-24': 82.0, '25-29': 62.0, '30-34': 71.72, '35-39': 77.0, '40-44': 86.0, '45-49': 71.0, '50-54': 75.0, '55-59': 77.0, '60-64': 71.0, '65-69': 79.8, '70-74': 84.0, '75-79': 91.0, '80-84': 80.0, '85-89': 85.0, '90-94': 73.0, '95-99': 70.71, '100-104': 83.0, '105-109': 66.33, '110-114': 85.0, '115-119': 66.0, '120-124': 86.87, '125-129': 72.0, '130-134': 75.51, '135-139': 63.0, '140-144': 40.0, '145-149': 84.0, '150-154': 83.0, '155-159': 79.0, '160-164': 60.0, '165-169': 63.0, '170-174': 79.0, '175-179': 74.0, '180-184': 80.0, '185-189': 90.0, '190-194': 83.0, '195-199': 80.0, '200-204': 69.0, '205-209': 89.0, '210-214': 87.0, '215-219': 58.0, '220-224': 60.61, '225-229': 86.0, '230-234': 82.83, '235-239': 70.71, '240-244': 84.0, 'old': 75.4, 'new': 84.0}
2026-05-25 16:51:03,192 [trainer.py] => CNN top1 curve: [93.0, 96.0, 96.33, 91.0, 92.4, 93.33, 91.27, 88.36, 88.65, 86.59, 86.81, 87.32, 85.6, 85.26, 85.78, 86.36, 85.98, 85.48, 84.93, 84.08, 84.07, 84.37, 84.27, 83.67, 83.84, 83.27, 83.21, 82.27, 81.05, 80.72, 80.11, 80.04, 79.74, 78.63, 78.21, 77.78, 77.44, 77.69, 77.8, 77.93, 77.2, 77.36, 77.42, 76.66, 76.11, 76.06, 75.91, 75.53, 75.58]
2026-05-25 16:51:03,192 [trainer.py] => CNN top5 curve: [100.0, 100.0, 100.0, 100.0, 100.0, 100.0, 99.71, 99.37, 99.22, 98.6, 98.64, 98.67, 98.38, 98.5, 98.6, 98.56, 98.29, 98.28, 97.84, 97.3, 97.14, 97.27, 97.25, 96.78, 96.87, 96.99, 97.03, 96.6, 95.47, 95.55, 95.44, 95.21, 94.9, 94.66, 94.36, 94.18, 94.23, 94.33, 94.4, 94.39, 93.89, 93.96, 93.85, 93.62, 93.48, 93.47, 93.54, 93.53, 93.43]
2026-05-25 16:51:03,192 [trainer.py] => Average Accuracy (CNN): 83.23
2026-05-25 16:51:03,194 [trainer.py] => All params: 173163265
2026-05-25 16:51:03,195 [trainer.py] => Trainable params: 87364609
2026-05-25 16:51:03,213 [adam_adapter.py] => Learning on 245-250
2026-05-25 16:54:02,462 [trainer.py] => No NME accuracy.
2026-05-25 16:54:02,481 [trainer.py] => CNN: {'total': 75.49, '00-04': 59.0, '05-09': 86.0, '10-14': 87.0, '15-19': 55.0, '20-24': 82.0, '25-29': 62.0, '30-34': 71.72, '35-39': 77.0, '40-44': 86.0, '45-49': 71.0, '50-54': 75.0, '55-59': 76.0, '60-64': 71.0, '65-69': 79.8, '70-74': 84.0, '75-79': 91.0, '80-84': 80.0, '85-89': 85.0, '90-94': 73.0, '95-99': 68.69, '100-104': 83.0, '105-109': 66.33, '110-114': 85.0, '115-119': 65.0, '120-124': 86.87, '125-129': 70.0, '130-134': 74.49, '135-139': 63.0, '140-144': 40.0, '145-149': 84.0, '150-154': 83.0, '155-159': 79.0, '160-164': 60.0, '165-169': 63.0, '170-174': 79.0, '175-179': 74.0, '180-184': 80.0, '185-189': 90.0, '190-194': 83.0, '195-199': 80.0, '200-204': 69.0, '205-209': 89.0, '210-214': 87.0, '215-219': 58.0, '220-224': 60.61, '225-229': 86.0, '230-234': 82.83, '235-239': 70.71, '240-244': 84.0, '245-249': 78.0, 'old': 75.43, 'new': 78.0}
2026-05-25 16:54:02,481 [trainer.py] => CNN top1 curve: [93.0, 96.0, 96.33, 91.0, 92.4, 93.33, 91.27, 88.36, 88.65, 86.59, 86.81, 87.32, 85.6, 85.26, 85.78, 86.36, 85.98, 85.48, 84.93, 84.08, 84.07, 84.37, 84.27, 83.67, 83.84, 83.27, 83.21, 82.27, 81.05, 80.72, 80.11, 80.04, 79.74, 78.63, 78.21, 77.78, 77.44, 77.69, 77.8, 77.93, 77.2, 77.36, 77.42, 76.66, 76.11, 76.06, 75.91, 75.53, 75.58, 75.49]
2026-05-25 16:54:02,482 [trainer.py] => CNN top5 curve: [100.0, 100.0, 100.0, 100.0, 100.0, 100.0, 99.71, 99.37, 99.22, 98.6, 98.64, 98.67, 98.38, 98.5, 98.6, 98.56, 98.29, 98.28, 97.84, 97.3, 97.14, 97.27, 97.25, 96.78, 96.87, 96.99, 97.03, 96.6, 95.47, 95.55, 95.44, 95.21, 94.9, 94.66, 94.36, 94.18, 94.23, 94.33, 94.4, 94.39, 93.89, 93.96, 93.85, 93.62, 93.48, 93.47, 93.54, 93.53, 93.43, 93.16]
2026-05-25 16:54:02,482 [trainer.py] => Average Accuracy (CNN): 83.08
2026-05-25 16:54:02,484 [trainer.py] => All params: 173170945
2026-05-25 16:54:02,486 [trainer.py] => Trainable params: 87372289
2026-05-25 16:54:02,499 [adam_adapter.py] => Learning on 250-255
2026-05-25 16:57:01,909 [trainer.py] => No NME accuracy.
2026-05-25 16:57:01,936 [trainer.py] => CNN: {'total': 75.22, '00-04': 59.0, '05-09': 86.0, '10-14': 87.0, '15-19': 55.0, '20-24': 82.0, '25-29': 62.0, '30-34': 71.72, '35-39': 77.0, '40-44': 86.0, '45-49': 71.0, '50-54': 75.0, '55-59': 76.0, '60-64': 71.0, '65-69': 79.8, '70-74': 84.0, '75-79': 90.0, '80-84': 80.0, '85-89': 85.0, '90-94': 73.0, '95-99': 68.69, '100-104': 83.0, '105-109': 66.33, '110-114': 85.0, '115-119': 65.0, '120-124': 86.87, '125-129': 66.0, '130-134': 74.49, '135-139': 62.0, '140-144': 40.0, '145-149': 84.0, '150-154': 83.0, '155-159': 79.0, '160-164': 60.0, '165-169': 63.0, '170-174': 79.0, '175-179': 74.0, '180-184': 80.0, '185-189': 90.0, '190-194': 82.0, '195-199': 80.0, '200-204': 69.0, '205-209': 89.0, '210-214': 87.0, '215-219': 56.0, '220-224': 59.6, '225-229': 86.0, '230-234': 82.83, '235-239': 70.71, '240-244': 81.0, '245-249': 77.0, '250-254': 75.76, 'old': 75.21, 'new': 75.76}
2026-05-25 16:57:01,936 [trainer.py] => CNN top1 curve: [93.0, 96.0, 96.33, 91.0, 92.4, 93.33, 91.27, 88.36, 88.65, 86.59, 86.81, 87.32, 85.6, 85.26, 85.78, 86.36, 85.98, 85.48, 84.93, 84.08, 84.07, 84.37, 84.27, 83.67, 83.84, 83.27, 83.21, 82.27, 81.05, 80.72, 80.11, 80.04, 79.74, 78.63, 78.21, 77.78, 77.44, 77.69, 77.8, 77.93, 77.2, 77.36, 77.42, 76.66, 76.11, 76.06, 75.91, 75.53, 75.58, 75.49, 75.22]
2026-05-25 16:57:01,936 [trainer.py] => CNN top5 curve: [100.0, 100.0, 100.0, 100.0, 100.0, 100.0, 99.71, 99.37, 99.22, 98.6, 98.64, 98.67, 98.38, 98.5, 98.6, 98.56, 98.29, 98.28, 97.84, 97.3, 97.14, 97.27, 97.25, 96.78, 96.87, 96.99, 97.03, 96.6, 95.47, 95.55, 95.44, 95.21, 94.9, 94.66, 94.36, 94.18, 94.23, 94.33, 94.4, 94.39, 93.89, 93.96, 93.85, 93.62, 93.48, 93.47, 93.54, 93.53, 93.43, 93.16, 93.0]
2026-05-25 16:57:01,936 [trainer.py] => Average Accuracy (CNN): 82.93
2026-05-25 16:57:01,938 [trainer.py] => All params: 173178625
2026-05-25 16:57:01,939 [trainer.py] => Trainable params: 87379969
2026-05-25 16:57:01,958 [adam_adapter.py] => Learning on 255-260
2026-05-25 17:00:04,693 [trainer.py] => No NME accuracy.
2026-05-25 17:00:04,715 [trainer.py] => CNN: {'total': 75.1, '00-04': 59.0, '05-09': 86.0, '10-14': 86.0, '15-19': 55.0, '20-24': 82.0, '25-29': 62.0, '30-34': 71.72, '35-39': 77.0, '40-44': 86.0, '45-49': 71.0, '50-54': 75.0, '55-59': 76.0, '60-64': 71.0, '65-69': 79.8, '70-74': 84.0, '75-79': 90.0, '80-84': 80.0, '85-89': 84.0, '90-94': 73.0, '95-99': 68.69, '100-104': 83.0, '105-109': 66.33, '110-114': 85.0, '115-119': 65.0, '120-124': 86.87, '125-129': 66.0, '130-134': 74.49, '135-139': 62.0, '140-144': 40.0, '145-149': 84.0, '150-154': 83.0, '155-159': 79.0, '160-164': 60.0, '165-169': 63.0, '170-174': 78.0, '175-179': 74.0, '180-184': 80.0, '185-189': 90.0, '190-194': 81.0, '195-199': 80.0, '200-204': 69.0, '205-209': 89.0, '210-214': 87.0, '215-219': 56.0, '220-224': 59.6, '225-229': 86.0, '230-234': 81.82, '235-239': 70.71, '240-244': 81.0, '245-249': 77.0, '250-254': 75.76, '255-259': 74.0, 'old': 75.12, 'new': 74.0}
2026-05-25 17:00:04,715 [trainer.py] => CNN top1 curve: [93.0, 96.0, 96.33, 91.0, 92.4, 93.33, 91.27, 88.36, 88.65, 86.59, 86.81, 87.32, 85.6, 85.26, 85.78, 86.36, 85.98, 85.48, 84.93, 84.08, 84.07, 84.37, 84.27, 83.67, 83.84, 83.27, 83.21, 82.27, 81.05, 80.72, 80.11, 80.04, 79.74, 78.63, 78.21, 77.78, 77.44, 77.69, 77.8, 77.93, 77.2, 77.36, 77.42, 76.66, 76.11, 76.06, 75.91, 75.53, 75.58, 75.49, 75.22, 75.1]
2026-05-25 17:00:04,715 [trainer.py] => CNN top5 curve: [100.0, 100.0, 100.0, 100.0, 100.0, 100.0, 99.71, 99.37, 99.22, 98.6, 98.64, 98.67, 98.38, 98.5, 98.6, 98.56, 98.29, 98.28, 97.84, 97.3, 97.14, 97.27, 97.25, 96.78, 96.87, 96.99, 97.03, 96.6, 95.47, 95.55, 95.44, 95.21, 94.9, 94.66, 94.36, 94.18, 94.23, 94.33, 94.4, 94.39, 93.89, 93.96, 93.85, 93.62, 93.48, 93.47, 93.54, 93.53, 93.43, 93.16, 93.0, 92.68]
2026-05-25 17:00:04,715 [trainer.py] => Average Accuracy (CNN): 82.77
2026-05-25 17:00:04,717 [trainer.py] => All params: 173186305
2026-05-25 17:00:04,718 [trainer.py] => Trainable params: 87387649
2026-05-25 17:00:04,733 [adam_adapter.py] => Learning on 260-265
2026-05-25 17:03:12,644 [trainer.py] => No NME accuracy.
2026-05-25 17:03:12,665 [trainer.py] => CNN: {'total': 74.9, '00-04': 59.0, '05-09': 86.0, '10-14': 84.0, '15-19': 55.0, '20-24': 82.0, '25-29': 62.0, '30-34': 61.62, '35-39': 77.0, '40-44': 86.0, '45-49': 71.0, '50-54': 75.0, '55-59': 76.0, '60-64': 71.0, '65-69': 78.79, '70-74': 84.0, '75-79': 90.0, '80-84': 80.0, '85-89': 84.0, '90-94': 73.0, '95-99': 68.69, '100-104': 83.0, '105-109': 66.33, '110-114': 85.0, '115-119': 65.0, '120-124': 86.87, '125-129': 66.0, '130-134': 74.49, '135-139': 62.0, '140-144': 40.0, '145-149': 84.0, '150-154': 83.0, '155-159': 79.0, '160-164': 60.0, '165-169': 63.0, '170-174': 78.0, '175-179': 74.0, '180-184': 80.0, '185-189': 90.0, '190-194': 81.0, '195-199': 80.0, '200-204': 69.0, '205-209': 89.0, '210-214': 87.0, '215-219': 56.0, '220-224': 59.6, '225-229': 86.0, '230-234': 81.82, '235-239': 70.71, '240-244': 81.0, '245-249': 77.0, '250-254': 75.76, '255-259': 74.0, '260-264': 77.78, 'old': 74.85, 'new': 77.78}
2026-05-25 17:03:12,666 [trainer.py] => CNN top1 curve: [93.0, 96.0, 96.33, 91.0, 92.4, 93.33, 91.27, 88.36, 88.65, 86.59, 86.81, 87.32, 85.6, 85.26, 85.78, 86.36, 85.98, 85.48, 84.93, 84.08, 84.07, 84.37, 84.27, 83.67, 83.84, 83.27, 83.21, 82.27, 81.05, 80.72, 80.11, 80.04, 79.74, 78.63, 78.21, 77.78, 77.44, 77.69, 77.8, 77.93, 77.2, 77.36, 77.42, 76.66, 76.11, 76.06, 75.91, 75.53, 75.58, 75.49, 75.22, 75.1, 74.9]
2026-05-25 17:03:12,666 [trainer.py] => CNN top5 curve: [100.0, 100.0, 100.0, 100.0, 100.0, 100.0, 99.71, 99.37, 99.22, 98.6, 98.64, 98.67, 98.38, 98.5, 98.6, 98.56, 98.29, 98.28, 97.84, 97.3, 97.14, 97.27, 97.25, 96.78, 96.87, 96.99, 97.03, 96.6, 95.47, 95.55, 95.44, 95.21, 94.9, 94.66, 94.36, 94.18, 94.23, 94.33, 94.4, 94.39, 93.89, 93.96, 93.85, 93.62, 93.48, 93.47, 93.54, 93.53, 93.43, 93.16, 93.0, 92.68, 92.74]
2026-05-25 17:03:12,666 [trainer.py] => Average Accuracy (CNN): 82.63
2026-05-25 17:03:12,670 [trainer.py] => All params: 173193985
2026-05-25 17:03:12,674 [trainer.py] => Trainable params: 87395329
2026-05-25 17:03:12,700 [adam_adapter.py] => Learning on 265-270
2026-05-25 17:06:22,353 [trainer.py] => No NME accuracy.
2026-05-25 17:06:22,368 [trainer.py] => CNN: {'total': 75.26, '00-04': 59.0, '05-09': 86.0, '10-14': 84.0, '15-19': 55.0, '20-24': 82.0, '25-29': 62.0, '30-34': 61.62, '35-39': 77.0, '40-44': 86.0, '45-49': 71.0, '50-54': 75.0, '55-59': 76.0, '60-64': 71.0, '65-69': 78.79, '70-74': 84.0, '75-79': 90.0, '80-84': 80.0, '85-89': 84.0, '90-94': 73.0, '95-99': 68.69, '100-104': 83.0, '105-109': 66.33, '110-114': 85.0, '115-119': 65.0, '120-124': 85.86, '125-129': 66.0, '130-134': 74.49, '135-139': 62.0, '140-144': 40.0, '145-149': 84.0, '150-154': 83.0, '155-159': 79.0, '160-164': 60.0, '165-169': 63.0, '170-174': 78.0, '175-179': 74.0, '180-184': 80.0, '185-189': 90.0, '190-194': 81.0, '195-199': 80.0, '200-204': 69.0, '205-209': 89.0, '210-214': 87.0, '215-219': 56.0, '220-224': 59.6, '225-229': 86.0, '230-234': 81.82, '235-239': 70.71, '240-244': 81.0, '245-249': 77.0, '250-254': 75.76, '255-259': 74.0, '260-264': 77.78, '265-269': 95.0, 'old': 74.88, 'new': 95.0}
2026-05-25 17:06:22,369 [trainer.py] => CNN top1 curve: [93.0, 96.0, 96.33, 91.0, 92.4, 93.33, 91.27, 88.36, 88.65, 86.59, 86.81, 87.32, 85.6, 85.26, 85.78, 86.36, 85.98, 85.48, 84.93, 84.08, 84.07, 84.37, 84.27, 83.67, 83.84, 83.27, 83.21, 82.27, 81.05, 80.72, 80.11, 80.04, 79.74, 78.63, 78.21, 77.78, 77.44, 77.69, 77.8, 77.93, 77.2, 77.36, 77.42, 76.66, 76.11, 76.06, 75.91, 75.53, 75.58, 75.49, 75.22, 75.1, 74.9, 75.26]
2026-05-25 17:06:22,369 [trainer.py] => CNN top5 curve: [100.0, 100.0, 100.0, 100.0, 100.0, 100.0, 99.71, 99.37, 99.22, 98.6, 98.64, 98.67, 98.38, 98.5, 98.6, 98.56, 98.29, 98.28, 97.84, 97.3, 97.14, 97.27, 97.25, 96.78, 96.87, 96.99, 97.03, 96.6, 95.47, 95.55, 95.44, 95.21, 94.9, 94.66, 94.36, 94.18, 94.23, 94.33, 94.4, 94.39, 93.89, 93.96, 93.85, 93.62, 93.48, 93.47, 93.54, 93.53, 93.43, 93.16, 93.0, 92.68, 92.74, 92.85]
2026-05-25 17:06:22,369 [trainer.py] => Average Accuracy (CNN): 82.49
2026-05-25 17:06:22,373 [trainer.py] => All params: 173201665
2026-05-25 17:06:22,377 [trainer.py] => Trainable params: 87403009
2026-05-25 17:06:22,404 [adam_adapter.py] => Learning on 270-275
2026-05-25 17:09:33,178 [trainer.py] => No NME accuracy.
2026-05-25 17:09:33,196 [trainer.py] => CNN: {'total': 75.15, '00-04': 59.0, '05-09': 86.0, '10-14': 82.0, '15-19': 55.0, '20-24': 82.0, '25-29': 62.0, '30-34': 61.62, '35-39': 77.0, '40-44': 86.0, '45-49': 71.0, '50-54': 75.0, '55-59': 76.0, '60-64': 71.0, '65-69': 78.79, '70-74': 84.0, '75-79': 90.0, '80-84': 80.0, '85-89': 84.0, '90-94': 73.0, '95-99': 68.69, '100-104': 83.0, '105-109': 66.33, '110-114': 85.0, '115-119': 65.0, '120-124': 85.86, '125-129': 66.0, '130-134': 74.49, '135-139': 62.0, '140-144': 40.0, '145-149': 84.0, '150-154': 83.0, '155-159': 79.0, '160-164': 60.0, '165-169': 63.0, '170-174': 78.0, '175-179': 74.0, '180-184': 80.0, '185-189': 90.0, '190-194': 81.0, '195-199': 80.0, '200-204': 69.0, '205-209': 89.0, '210-214': 87.0, '215-219': 56.0, '220-224': 59.6, '225-229': 86.0, '230-234': 68.69, '235-239': 70.71, '240-244': 81.0, '245-249': 77.0, '250-254': 75.76, '255-259': 74.0, '260-264': 77.78, '265-269': 95.0, '270-274': 84.85, 'old': 74.98, 'new': 84.85}
2026-05-25 17:09:33,196 [trainer.py] => CNN top1 curve: [93.0, 96.0, 96.33, 91.0, 92.4, 93.33, 91.27, 88.36, 88.65, 86.59, 86.81, 87.32, 85.6, 85.26, 85.78, 86.36, 85.98, 85.48, 84.93, 84.08, 84.07, 84.37, 84.27, 83.67, 83.84, 83.27, 83.21, 82.27, 81.05, 80.72, 80.11, 80.04, 79.74, 78.63, 78.21, 77.78, 77.44, 77.69, 77.8, 77.93, 77.2, 77.36, 77.42, 76.66, 76.11, 76.06, 75.91, 75.53, 75.58, 75.49, 75.22, 75.1, 74.9, 75.26, 75.15]
2026-05-25 17:09:33,196 [trainer.py] => CNN top5 curve: [100.0, 100.0, 100.0, 100.0, 100.0, 100.0, 99.71, 99.37, 99.22, 98.6, 98.64, 98.67, 98.38, 98.5, 98.6, 98.56, 98.29, 98.28, 97.84, 97.3, 97.14, 97.27, 97.25, 96.78, 96.87, 96.99, 97.03, 96.6, 95.47, 95.55, 95.44, 95.21, 94.9, 94.66, 94.36, 94.18, 94.23, 94.33, 94.4, 94.39, 93.89, 93.96, 93.85, 93.62, 93.48, 93.47, 93.54, 93.53, 93.43, 93.16, 93.0, 92.68, 92.74, 92.85, 92.89]
2026-05-25 17:09:33,197 [trainer.py] => Average Accuracy (CNN): 82.36
2026-05-25 17:09:33,200 [trainer.py] => All params: 173209345
2026-05-25 17:09:33,203 [trainer.py] => Trainable params: 87410689
2026-05-25 17:09:33,222 [adam_adapter.py] => Learning on 275-280
2026-05-25 17:12:47,449 [trainer.py] => No NME accuracy.
2026-05-25 17:12:47,488 [trainer.py] => CNN: {'total': 75.09, '00-04': 59.0, '05-09': 86.0, '10-14': 82.0, '15-19': 55.0, '20-24': 82.0, '25-29': 62.0, '30-34': 61.62, '35-39': 77.0, '40-44': 86.0, '45-49': 71.0, '50-54': 75.0, '55-59': 76.0, '60-64': 71.0, '65-69': 78.79, '70-74': 84.0, '75-79': 90.0, '80-84': 80.0, '85-89': 84.0, '90-94': 73.0, '95-99': 68.69, '100-104': 83.0, '105-109': 66.33, '110-114': 84.0, '115-119': 64.0, '120-124': 85.86, '125-129': 66.0, '130-134': 74.49, '135-139': 62.0, '140-144': 40.0, '145-149': 84.0, '150-154': 83.0, '155-159': 79.0, '160-164': 60.0, '165-169': 63.0, '170-174': 78.0, '175-179': 74.0, '180-184': 80.0, '185-189': 90.0, '190-194': 81.0, '195-199': 80.0, '200-204': 69.0, '205-209': 89.0, '210-214': 87.0, '215-219': 56.0, '220-224': 59.6, '225-229': 86.0, '230-234': 68.69, '235-239': 70.71, '240-244': 81.0, '245-249': 77.0, '250-254': 75.76, '255-259': 74.0, '260-264': 77.78, '265-269': 95.0, '270-274': 83.84, '275-279': 74.75, 'old': 75.1, 'new': 74.75}
2026-05-25 17:12:47,489 [trainer.py] => CNN top1 curve: [93.0, 96.0, 96.33, 91.0, 92.4, 93.33, 91.27, 88.36, 88.65, 86.59, 86.81, 87.32, 85.6, 85.26, 85.78, 86.36, 85.98, 85.48, 84.93, 84.08, 84.07, 84.37, 84.27, 83.67, 83.84, 83.27, 83.21, 82.27, 81.05, 80.72, 80.11, 80.04, 79.74, 78.63, 78.21, 77.78, 77.44, 77.69, 77.8, 77.93, 77.2, 77.36, 77.42, 76.66, 76.11, 76.06, 75.91, 75.53, 75.58, 75.49, 75.22, 75.1, 74.9, 75.26, 75.15, 75.09]
2026-05-25 17:12:47,489 [trainer.py] => CNN top5 curve: [100.0, 100.0, 100.0, 100.0, 100.0, 100.0, 99.71, 99.37, 99.22, 98.6, 98.64, 98.67, 98.38, 98.5, 98.6, 98.56, 98.29, 98.28, 97.84, 97.3, 97.14, 97.27, 97.25, 96.78, 96.87, 96.99, 97.03, 96.6, 95.47, 95.55, 95.44, 95.21, 94.9, 94.66, 94.36, 94.18, 94.23, 94.33, 94.4, 94.39, 93.89, 93.96, 93.85, 93.62, 93.48, 93.47, 93.54, 93.53, 93.43, 93.16, 93.0, 92.68, 92.74, 92.85, 92.89, 92.78]
2026-05-25 17:12:47,489 [trainer.py] => Average Accuracy (CNN): 82.23
2026-05-25 17:12:47,494 [trainer.py] => All params: 173217025
2026-05-25 17:12:47,498 [trainer.py] => Trainable params: 87418369
2026-05-25 17:12:47,526 [adam_adapter.py] => Learning on 280-285
2026-05-25 17:16:07,215 [trainer.py] => No NME accuracy.
2026-05-25 17:16:07,240 [trainer.py] => CNN: {'total': 74.0, '00-04': 59.0, '05-09': 86.0, '10-14': 82.0, '15-19': 55.0, '20-24': 82.0, '25-29': 62.0, '30-34': 61.62, '35-39': 77.0, '40-44': 86.0, '45-49': 71.0, '50-54': 75.0, '55-59': 76.0, '60-64': 67.0, '65-69': 78.79, '70-74': 84.0, '75-79': 90.0, '80-84': 80.0, '85-89': 84.0, '90-94': 73.0, '95-99': 68.69, '100-104': 83.0, '105-109': 66.33, '110-114': 84.0, '115-119': 63.0, '120-124': 85.86, '125-129': 66.0, '130-134': 74.49, '135-139': 53.0, '140-144': 40.0, '145-149': 84.0, '150-154': 83.0, '155-159': 79.0, '160-164': 60.0, '165-169': 58.0, '170-174': 78.0, '175-179': 74.0, '180-184': 80.0, '185-189': 90.0, '190-194': 81.0, '195-199': 80.0, '200-204': 69.0, '205-209': 89.0, '210-214': 87.0, '215-219': 56.0, '220-224': 59.6, '225-229': 86.0, '230-234': 68.69, '235-239': 70.71, '240-244': 81.0, '245-249': 76.0, '250-254': 75.76, '255-259': 74.0, '260-264': 77.78, '265-269': 95.0, '270-274': 83.84, '275-279': 74.75, '280-284': 33.0, 'old': 74.74, 'new': 33.0}
2026-05-25 17:16:07,240 [trainer.py] => CNN top1 curve: [93.0, 96.0, 96.33, 91.0, 92.4, 93.33, 91.27, 88.36, 88.65, 86.59, 86.81, 87.32, 85.6, 85.26, 85.78, 86.36, 85.98, 85.48, 84.93, 84.08, 84.07, 84.37, 84.27, 83.67, 83.84, 83.27, 83.21, 82.27, 81.05, 80.72, 80.11, 80.04, 79.74, 78.63, 78.21, 77.78, 77.44, 77.69, 77.8, 77.93, 77.2, 77.36, 77.42, 76.66, 76.11, 76.06, 75.91, 75.53, 75.58, 75.49, 75.22, 75.1, 74.9, 75.26, 75.15, 75.09, 74.0]
2026-05-25 17:16:07,240 [trainer.py] => CNN top5 curve: [100.0, 100.0, 100.0, 100.0, 100.0, 100.0, 99.71, 99.37, 99.22, 98.6, 98.64, 98.67, 98.38, 98.5, 98.6, 98.56, 98.29, 98.28, 97.84, 97.3, 97.14, 97.27, 97.25, 96.78, 96.87, 96.99, 97.03, 96.6, 95.47, 95.55, 95.44, 95.21, 94.9, 94.66, 94.36, 94.18, 94.23, 94.33, 94.4, 94.39, 93.89, 93.96, 93.85, 93.62, 93.48, 93.47, 93.54, 93.53, 93.43, 93.16, 93.0, 92.68, 92.74, 92.85, 92.89, 92.78, 92.19]
2026-05-25 17:16:07,240 [trainer.py] => Average Accuracy (CNN): 82.08
2026-05-25 17:16:07,242 [trainer.py] => All params: 173224705
2026-05-25 17:16:07,243 [trainer.py] => Trainable params: 87426049
2026-05-25 17:16:07,266 [adam_adapter.py] => Learning on 285-290
2026-05-25 17:19:27,960 [trainer.py] => No NME accuracy.
2026-05-25 17:19:27,982 [trainer.py] => CNN: {'total': 74.35, '00-04': 59.0, '05-09': 86.0, '10-14': 82.0, '15-19': 55.0, '20-24': 82.0, '25-29': 62.0, '30-34': 61.62, '35-39': 77.0, '40-44': 86.0, '45-49': 71.0, '50-54': 75.0, '55-59': 76.0, '60-64': 67.0, '65-69': 78.79, '70-74': 84.0, '75-79': 90.0, '80-84': 80.0, '85-89': 84.0, '90-94': 73.0, '95-99': 68.69, '100-104': 83.0, '105-109': 66.33, '110-114': 84.0, '115-119': 63.0, '120-124': 85.86, '125-129': 66.0, '130-134': 74.49, '135-139': 53.0, '140-144': 40.0, '145-149': 84.0, '150-154': 82.0, '155-159': 79.0, '160-164': 60.0, '165-169': 58.0, '170-174': 78.0, '175-179': 74.0, '180-184': 80.0, '185-189': 90.0, '190-194': 81.0, '195-199': 80.0, '200-204': 69.0, '205-209': 89.0, '210-214': 87.0, '215-219': 56.0, '220-224': 59.6, '225-229': 86.0, '230-234': 68.69, '235-239': 70.71, '240-244': 81.0, '245-249': 76.0, '250-254': 75.76, '255-259': 74.0, '260-264': 77.78, '265-269': 95.0, '270-274': 83.84, '275-279': 74.75, '280-284': 33.0, '285-289': 95.0, 'old': 73.98, 'new': 95.0}
2026-05-25 17:19:27,982 [trainer.py] => CNN top1 curve: [93.0, 96.0, 96.33, 91.0, 92.4, 93.33, 91.27, 88.36, 88.65, 86.59, 86.81, 87.32, 85.6, 85.26, 85.78, 86.36, 85.98, 85.48, 84.93, 84.08, 84.07, 84.37, 84.27, 83.67, 83.84, 83.27, 83.21, 82.27, 81.05, 80.72, 80.11, 80.04, 79.74, 78.63, 78.21, 77.78, 77.44, 77.69, 77.8, 77.93, 77.2, 77.36, 77.42, 76.66, 76.11, 76.06, 75.91, 75.53, 75.58, 75.49, 75.22, 75.1, 74.9, 75.26, 75.15, 75.09, 74.0, 74.35]
2026-05-25 17:19:27,982 [trainer.py] => CNN top5 curve: [100.0, 100.0, 100.0, 100.0, 100.0, 100.0, 99.71, 99.37, 99.22, 98.6, 98.64, 98.67, 98.38, 98.5, 98.6, 98.56, 98.29, 98.28, 97.84, 97.3, 97.14, 97.27, 97.25, 96.78, 96.87, 96.99, 97.03, 96.6, 95.47, 95.55, 95.44, 95.21, 94.9, 94.66, 94.36, 94.18, 94.23, 94.33, 94.4, 94.39, 93.89, 93.96, 93.85, 93.62, 93.48, 93.47, 93.54, 93.53, 93.43, 93.16, 93.0, 92.68, 92.74, 92.85, 92.89, 92.78, 92.19, 92.31]
2026-05-25 17:19:27,982 [trainer.py] => Average Accuracy (CNN): 81.95
2026-05-25 17:19:27,985 [trainer.py] => All params: 173232385
2026-05-25 17:19:27,987 [trainer.py] => Trainable params: 87433729
2026-05-25 17:19:28,005 [adam_adapter.py] => Learning on 290-295
2026-05-25 17:22:47,250 [trainer.py] => No NME accuracy.
2026-05-25 17:22:47,275 [trainer.py] => CNN: {'total': 74.15, '00-04': 59.0, '05-09': 86.0, '10-14': 82.0, '15-19': 55.0, '20-24': 82.0, '25-29': 62.0, '30-34': 61.62, '35-39': 77.0, '40-44': 86.0, '45-49': 71.0, '50-54': 75.0, '55-59': 76.0, '60-64': 66.0, '65-69': 78.79, '70-74': 84.0, '75-79': 90.0, '80-84': 80.0, '85-89': 83.0, '90-94': 73.0, '95-99': 68.69, '100-104': 83.0, '105-109': 66.33, '110-114': 84.0, '115-119': 63.0, '120-124': 85.86, '125-129': 66.0, '130-134': 74.49, '135-139': 53.0, '140-144': 39.0, '145-149': 84.0, '150-154': 82.0, '155-159': 79.0, '160-164': 60.0, '165-169': 58.0, '170-174': 77.0, '175-179': 74.0, '180-184': 80.0, '185-189': 90.0, '190-194': 81.0, '195-199': 80.0, '200-204': 69.0, '205-209': 89.0, '210-214': 87.0, '215-219': 56.0, '220-224': 59.6, '225-229': 86.0, '230-234': 68.69, '235-239': 70.71, '240-244': 81.0, '245-249': 76.0, '250-254': 75.76, '255-259': 74.0, '260-264': 77.78, '265-269': 95.0, '270-274': 83.84, '275-279': 74.75, '280-284': 33.0, '285-289': 95.0, '290-294': 67.0, 'old': 74.28, 'new': 67.0}
2026-05-25 17:22:47,275 [trainer.py] => CNN top1 curve: [93.0, 96.0, 96.33, 91.0, 92.4, 93.33, 91.27, 88.36, 88.65, 86.59, 86.81, 87.32, 85.6, 85.26, 85.78, 86.36, 85.98, 85.48, 84.93, 84.08, 84.07, 84.37, 84.27, 83.67, 83.84, 83.27, 83.21, 82.27, 81.05, 80.72, 80.11, 80.04, 79.74, 78.63, 78.21, 77.78, 77.44, 77.69, 77.8, 77.93, 77.2, 77.36, 77.42, 76.66, 76.11, 76.06, 75.91, 75.53, 75.58, 75.49, 75.22, 75.1, 74.9, 75.26, 75.15, 75.09, 74.0, 74.35, 74.15]
2026-05-25 17:22:47,275 [trainer.py] => CNN top5 curve: [100.0, 100.0, 100.0, 100.0, 100.0, 100.0, 99.71, 99.37, 99.22, 98.6, 98.64, 98.67, 98.38, 98.5, 98.6, 98.56, 98.29, 98.28, 97.84, 97.3, 97.14, 97.27, 97.25, 96.78, 96.87, 96.99, 97.03, 96.6, 95.47, 95.55, 95.44, 95.21, 94.9, 94.66, 94.36, 94.18, 94.23, 94.33, 94.4, 94.39, 93.89, 93.96, 93.85, 93.62, 93.48, 93.47, 93.54, 93.53, 93.43, 93.16, 93.0, 92.68, 92.74, 92.85, 92.89, 92.78, 92.19, 92.31, 92.15]
2026-05-25 17:22:47,275 [trainer.py] => Average Accuracy (CNN): 81.82
2026-05-25 17:22:47,277 [trainer.py] => All params: 173240065
2026-05-25 17:22:47,278 [trainer.py] => Trainable params: 87441409
2026-05-25 17:22:47,300 [adam_adapter.py] => Learning on 295-300
2026-05-25 17:26:13,327 [trainer.py] => No NME accuracy.
2026-05-25 17:26:13,347 [trainer.py] => CNN: {'total': 73.7, '00-04': 59.0, '05-09': 86.0, '10-14': 82.0, '15-19': 55.0, '20-24': 82.0, '25-29': 57.0, '30-34': 61.62, '35-39': 77.0, '40-44': 86.0, '45-49': 70.0, '50-54': 75.0, '55-59': 76.0, '60-64': 66.0, '65-69': 78.79, '70-74': 84.0, '75-79': 90.0, '80-84': 80.0, '85-89': 83.0, '90-94': 73.0, '95-99': 68.69, '100-104': 82.0, '105-109': 65.31, '110-114': 84.0, '115-119': 63.0, '120-124': 85.86, '125-129': 66.0, '130-134': 74.49, '135-139': 52.0, '140-144': 38.0, '145-149': 82.0, '150-154': 82.0, '155-159': 79.0, '160-164': 59.0, '165-169': 58.0, '170-174': 77.0, '175-179': 74.0, '180-184': 80.0, '185-189': 90.0, '190-194': 81.0, '195-199': 80.0, '200-204': 69.0, '205-209': 89.0, '210-214': 87.0, '215-219': 56.0, '220-224': 59.6, '225-229': 86.0, '230-234': 68.69, '235-239': 70.71, '240-244': 81.0, '245-249': 76.0, '250-254': 75.76, '255-259': 74.0, '260-264': 77.78, '265-269': 95.0, '270-274': 83.84, '275-279': 74.75, '280-284': 33.0, '285-289': 95.0, '290-294': 67.0, '295-299': 60.0, 'old': 73.93, 'new': 60.0}
2026-05-25 17:26:13,347 [trainer.py] => CNN top1 curve: [93.0, 96.0, 96.33, 91.0, 92.4, 93.33, 91.27, 88.36, 88.65, 86.59, 86.81, 87.32, 85.6, 85.26, 85.78, 86.36, 85.98, 85.48, 84.93, 84.08, 84.07, 84.37, 84.27, 83.67, 83.84, 83.27, 83.21, 82.27, 81.05, 80.72, 80.11, 80.04, 79.74, 78.63, 78.21, 77.78, 77.44, 77.69, 77.8, 77.93, 77.2, 77.36, 77.42, 76.66, 76.11, 76.06, 75.91, 75.53, 75.58, 75.49, 75.22, 75.1, 74.9, 75.26, 75.15, 75.09, 74.0, 74.35, 74.15, 73.7]
2026-05-25 17:26:13,347 [trainer.py] => CNN top5 curve: [100.0, 100.0, 100.0, 100.0, 100.0, 100.0, 99.71, 99.37, 99.22, 98.6, 98.64, 98.67, 98.38, 98.5, 98.6, 98.56, 98.29, 98.28, 97.84, 97.3, 97.14, 97.27, 97.25, 96.78, 96.87, 96.99, 97.03, 96.6, 95.47, 95.55, 95.44, 95.21, 94.9, 94.66, 94.36, 94.18, 94.23, 94.33, 94.4, 94.39, 93.89, 93.96, 93.85, 93.62, 93.48, 93.47, 93.54, 93.53, 93.43, 93.16, 93.0, 92.68, 92.74, 92.85, 92.89, 92.78, 92.19, 92.31, 92.15, 91.81]
2026-05-25 17:26:13,348 [trainer.py] => Average Accuracy (CNN): 81.68
