2026-05-21 23:23:36,922 [trainer.py] => config: configs/inflora/inflora_inr_B0_Inc10.json
2026-05-21 23:23:36,922 [trainer.py] => prefix: reproduce
2026-05-21 23:23:36,922 [trainer.py] => dataset: imagenetr
2026-05-21 23:23:36,922 [trainer.py] => data_path: /public/home/hanlida/Dr.1/Dataset/imagenet-r
2026-05-21 23:23:36,923 [trainer.py] => memory_size: 0
2026-05-21 23:23:36,923 [trainer.py] => memory_per_class: 0
2026-05-21 23:23:36,923 [trainer.py] => fixed_memory: True
2026-05-21 23:23:36,923 [trainer.py] => shuffle: True
2026-05-21 23:23:36,923 [trainer.py] => init_cls: 10
2026-05-21 23:23:36,923 [trainer.py] => increment: 10
2026-05-21 23:23:36,924 [trainer.py] => model_name: inflora
2026-05-21 23:23:36,924 [trainer.py] => net_type: sip
2026-05-21 23:23:36,924 [trainer.py] => embd_dim: 768
2026-05-21 23:23:36,924 [trainer.py] => num_heads: 12
2026-05-21 23:23:36,924 [trainer.py] => total_sessions: 20
2026-05-21 23:23:36,924 [trainer.py] => seed: 1993
2026-05-21 23:23:36,925 [trainer.py] => device: [device(type='cuda', index=2)]
2026-05-21 23:23:36,925 [trainer.py] => EPSILON: 1e-08
2026-05-21 23:23:36,925 [trainer.py] => init_epoch: 50
2026-05-21 23:23:36,925 [trainer.py] => optim: adam
2026-05-21 23:23:36,925 [trainer.py] => init_lr: 0.0005
2026-05-21 23:23:36,926 [trainer.py] => init_lr_decay: 0.1
2026-05-21 23:23:36,926 [trainer.py] => init_weight_decay: 0.0
2026-05-21 23:23:36,926 [trainer.py] => epochs: 50
2026-05-21 23:23:36,926 [trainer.py] => lrate: 0.0005
2026-05-21 23:23:36,926 [trainer.py] => lrate_decay: 0.1
2026-05-21 23:23:36,926 [trainer.py] => batch_size: 128
2026-05-21 23:23:36,927 [trainer.py] => weight_decay: 0.0
2026-05-21 23:23:36,927 [trainer.py] => rank: 10
2026-05-21 23:23:36,927 [trainer.py] => lamb: 0.98
2026-05-21 23:23:36,927 [trainer.py] => lame: 1.0
2026-05-21 23:23:36,927 [trainer.py] => num_workers: 16
2026-05-21 23:23:36,927 [trainer.py] => backbone_type: vit_base_patch16_224_in21k_inflora
2026-05-21 23:23:36,928 [trainer.py] => pretrained: True
2026-05-21 23:23:36,928 [trainer.py] => nb_classes: 200
2026-05-21 23:23:36,928 [trainer.py] => nb_tasks: 20
2026-05-21 23:23:37,873 [data_manager.py] => [168, 136, 51, 9, 183, 101, 171, 99, 42, 159, 191, 70, 16, 188, 27, 10, 175, 26, 68, 187, 98, 6, 85, 35, 112, 43, 100, 0, 103, 181, 88, 59, 4, 2, 116, 174, 94, 80, 106, 1, 147, 17, 141, 131, 72, 23, 173, 54, 197, 118, 87, 32, 79, 104, 91, 19, 135, 107, 178, 36, 11, 199, 142, 8, 122, 3, 28, 57, 153, 172, 190, 56, 49, 44, 97, 62, 151, 169, 194, 55, 192, 12, 189, 78, 66, 180, 15, 137, 109, 134, 92, 119, 126, 52, 170, 40, 148, 65, 144, 64, 138, 45, 77, 89, 154, 90, 71, 193, 74, 30, 113, 143, 96, 84, 67, 50, 186, 156, 69, 21, 18, 111, 108, 58, 125, 157, 150, 110, 182, 129, 166, 83, 81, 60, 13, 165, 14, 176, 63, 117, 5, 22, 145, 121, 38, 41, 82, 127, 114, 20, 31, 53, 37, 163, 196, 130, 152, 162, 86, 76, 24, 34, 184, 149, 33, 128, 198, 155, 146, 167, 139, 120, 140, 102, 47, 25, 158, 123, 46, 164, 61, 7, 115, 75, 133, 160, 105, 132, 179, 124, 48, 73, 93, 39, 95, 195, 29, 177, 185, 161]
2026-05-21 23:23:56,929 [trainer.py] => All params: 98237584
2026-05-21 23:23:56,945 [trainer.py] => Trainable params: 98237584
2026-05-21 23:23:56,945 [inflora.py] => Learning on 0-10
2026-05-21 23:55:29,929 [inflora.py] => Task 0, Epoch 50/50 => Loss 0.116, Train_accy 95.73
2026-05-21 23:56:41,170 [inflora.py] => Exemplar size: 0
2026-05-21 23:56:41,184 [trainer.py] => No NME accuracy.
2026-05-21 23:56:41,184 [trainer.py] => CNN: {'total': 95.27, '00-09': 95.27, 'old': 0, 'new': 95.27}
2026-05-21 23:56:41,184 [trainer.py] => CNN top1 curve: [95.27]
2026-05-21 23:56:41,184 [trainer.py] => CNN top5 curve: [95.27]
2026-05-21 23:56:41,185 [trainer.py] => Average Accuracy (CNN): 95.27
2026-05-21 23:56:41,194 [trainer.py] => All params: 98237584
2026-05-21 23:56:41,201 [trainer.py] => Trainable params: 192010
2026-05-21 23:56:41,202 [inflora.py] => Learning on 10-20
2026-05-22 00:28:46,120 [inflora.py] => Task 1, Epoch 50/50 => Loss 0.087, Train_accy 97.29
2026-05-22 00:30:09,299 [inflora.py] => Exemplar size: 0
2026-05-22 00:30:09,339 [trainer.py] => No NME accuracy.
2026-05-22 00:30:09,340 [trainer.py] => CNN: {'total': 91.44, '00-09': 90.22, '10-19': 92.47, 'old': 90.22, 'new': 92.47}
2026-05-22 00:30:09,340 [trainer.py] => CNN top1 curve: [95.27, 91.44]
2026-05-22 00:30:09,340 [trainer.py] => CNN top5 curve: [95.27, 91.44]
2026-05-22 00:30:09,341 [trainer.py] => Average Accuracy (CNN): 93.35
2026-05-22 00:30:09,350 [trainer.py] => All params: 98237584
2026-05-22 00:30:09,359 [trainer.py] => Trainable params: 2112110
2026-05-22 00:30:09,359 [inflora.py] => Learning on 20-30
2026-05-22 01:00:51,534 [inflora.py] => Task 2, Epoch 50/50 => Loss 0.144, Train_accy 95.83
2026-05-22 01:02:01,159 [inflora.py] => Exemplar size: 0
2026-05-22 01:02:01,171 [trainer.py] => No NME accuracy.
2026-05-22 01:02:01,171 [trainer.py] => CNN: {'total': 87.46, '00-09': 83.6, '10-19': 91.4, '20-29': 86.67, 'old': 87.81, 'new': 86.67}
2026-05-22 01:02:01,172 [trainer.py] => CNN top1 curve: [95.27, 91.44, 87.46]
2026-05-22 01:02:01,172 [trainer.py] => CNN top5 curve: [95.27, 91.44, 87.46]
2026-05-22 01:02:01,172 [trainer.py] => Average Accuracy (CNN): 91.39
2026-05-22 01:02:01,181 [trainer.py] => All params: 98237584
2026-05-22 01:02:01,188 [trainer.py] => Trainable params: 192010
2026-05-22 01:02:01,188 [inflora.py] => Learning on 30-40
2026-05-22 01:34:42,170 [inflora.py] => Task 3, Epoch 50/50 => Loss 0.143, Train_accy 95.22
2026-05-22 01:35:55,596 [inflora.py] => Exemplar size: 0
2026-05-22 01:35:55,603 [trainer.py] => No NME accuracy.
2026-05-22 01:35:55,604 [trainer.py] => CNN: {'total': 86.37, '00-09': 84.23, '10-19': 86.29, '20-29': 86.67, '30-39': 88.25, 'old': 85.74, 'new': 88.25}
2026-05-22 01:35:55,604 [trainer.py] => CNN top1 curve: [95.27, 91.44, 87.46, 86.37]
2026-05-22 01:35:55,604 [trainer.py] => CNN top5 curve: [95.27, 91.44, 87.46, 86.37]
2026-05-22 01:35:55,604 [trainer.py] => Average Accuracy (CNN): 90.14
2026-05-22 01:35:55,608 [trainer.py] => All params: 98237584
2026-05-22 01:35:55,611 [trainer.py] => Trainable params: 192010
2026-05-22 01:35:55,611 [inflora.py] => Learning on 40-50
2026-05-22 02:05:30,164 [inflora.py] => Task 4, Epoch 50/50 => Loss 0.163, Train_accy 93.91
2026-05-22 02:06:46,780 [inflora.py] => Exemplar size: 0
2026-05-22 02:06:46,798 [trainer.py] => No NME accuracy.
2026-05-22 02:06:46,799 [trainer.py] => CNN: {'total': 84.53, '00-09': 84.54, '10-19': 84.68, '20-29': 86.0, '30-39': 87.35, '40-49': 79.8, 'old': 85.62, 'new': 79.8}
2026-05-22 02:06:46,799 [trainer.py] => CNN top1 curve: [95.27, 91.44, 87.46, 86.37, 84.53]
2026-05-22 02:06:46,799 [trainer.py] => CNN top5 curve: [95.27, 91.44, 87.46, 86.37, 84.53]
2026-05-22 02:06:46,799 [trainer.py] => Average Accuracy (CNN): 89.01
2026-05-22 02:06:46,806 [trainer.py] => All params: 98237584
2026-05-22 02:06:46,812 [trainer.py] => Trainable params: 192010
2026-05-22 02:06:46,813 [inflora.py] => Learning on 50-60
2026-05-22 02:38:16,961 [inflora.py] => Task 5, Epoch 50/50 => Loss 0.136, Train_accy 95.49
2026-05-22 02:39:42,068 [inflora.py] => Exemplar size: 0
2026-05-22 02:39:42,094 [trainer.py] => No NME accuracy.
2026-05-22 02:39:42,094 [trainer.py] => CNN: {'total': 83.13, '00-09': 81.7, '10-19': 84.68, '20-29': 83.33, '30-39': 86.14, '40-49': 79.47, '50-59': 82.89, 'old': 83.18, 'new': 82.89}
2026-05-22 02:39:42,094 [trainer.py] => CNN top1 curve: [95.27, 91.44, 87.46, 86.37, 84.53, 83.13]
2026-05-22 02:39:42,095 [trainer.py] => CNN top5 curve: [95.27, 91.44, 87.46, 86.37, 84.53, 83.13]
2026-05-22 02:39:42,095 [trainer.py] => Average Accuracy (CNN): 88.03
2026-05-22 02:39:42,102 [trainer.py] => All params: 98237584
2026-05-22 02:39:42,109 [trainer.py] => Trainable params: 192010
2026-05-22 02:39:42,109 [inflora.py] => Learning on 60-70
2026-05-22 03:11:02,111 [inflora.py] => Task 6, Epoch 50/50 => Loss 0.145, Train_accy 95.12
2026-05-22 03:12:22,785 [inflora.py] => Exemplar size: 0
2026-05-22 03:12:22,846 [trainer.py] => No NME accuracy.
2026-05-22 03:12:22,847 [trainer.py] => CNN: {'total': 82.02, '00-09': 80.76, '10-19': 84.14, '20-29': 83.67, '30-39': 86.14, '40-49': 77.48, '50-59': 80.92, '60-69': 80.2, 'old': 82.3, 'new': 80.2}
2026-05-22 03:12:22,847 [trainer.py] => CNN top1 curve: [95.27, 91.44, 87.46, 86.37, 84.53, 83.13, 82.02]
2026-05-22 03:12:22,847 [trainer.py] => CNN top5 curve: [95.27, 91.44, 87.46, 86.37, 84.53, 83.13, 82.02]
2026-05-22 03:12:22,848 [trainer.py] => Average Accuracy (CNN): 87.17
2026-05-22 03:12:22,856 [trainer.py] => All params: 98237584
2026-05-22 03:12:22,863 [trainer.py] => Trainable params: 192010
2026-05-22 03:12:22,863 [inflora.py] => Learning on 70-80
2026-05-22 03:40:26,974 [inflora.py] => Task 7, Epoch 50/50 => Loss 0.116, Train_accy 96.50
2026-05-22 03:41:46,385 [inflora.py] => Exemplar size: 0
2026-05-22 03:41:46,394 [trainer.py] => No NME accuracy.
2026-05-22 03:41:46,394 [trainer.py] => CNN: {'total': 81.1, '00-09': 80.44, '10-19': 81.99, '20-29': 83.0, '30-39': 84.34, '40-49': 75.17, '50-59': 83.88, '60-69': 78.86, '70-79': 80.59, 'old': 81.17, 'new': 80.59}
2026-05-22 03:41:46,395 [trainer.py] => CNN top1 curve: [95.27, 91.44, 87.46, 86.37, 84.53, 83.13, 82.02, 81.1]
2026-05-22 03:41:46,395 [trainer.py] => CNN top5 curve: [95.27, 91.44, 87.46, 86.37, 84.53, 83.13, 82.02, 81.1]
2026-05-22 03:41:46,396 [trainer.py] => Average Accuracy (CNN): 86.42
2026-05-22 03:41:46,408 [trainer.py] => All params: 98237584
2026-05-22 03:41:46,418 [trainer.py] => Trainable params: 192010
2026-05-22 03:41:46,418 [inflora.py] => Learning on 80-90
2026-05-22 04:14:14,438 [inflora.py] => Task 8, Epoch 50/50 => Loss 0.175, Train_accy 93.93
2026-05-22 04:15:45,641 [inflora.py] => Exemplar size: 0
2026-05-22 04:15:45,702 [trainer.py] => No NME accuracy.
2026-05-22 04:15:45,703 [trainer.py] => CNN: {'total': 80.34, '00-09': 82.02, '10-19': 83.87, '20-29': 81.33, '30-39': 82.53, '40-49': 73.84, '50-59': 80.26, '60-69': 77.52, '70-79': 80.22, '80-89': 80.32, 'old': 80.34, 'new': 80.32}
2026-05-22 04:15:45,703 [trainer.py] => CNN top1 curve: [95.27, 91.44, 87.46, 86.37, 84.53, 83.13, 82.02, 81.1, 80.34]
2026-05-22 04:15:45,703 [trainer.py] => CNN top5 curve: [95.27, 91.44, 87.46, 86.37, 84.53, 83.13, 82.02, 81.1, 80.34]
2026-05-22 04:15:45,704 [trainer.py] => Average Accuracy (CNN): 85.74
2026-05-22 04:15:45,712 [trainer.py] => All params: 98237584
2026-05-22 04:15:45,718 [trainer.py] => Trainable params: 192010
2026-05-22 04:15:45,718 [inflora.py] => Learning on 90-100
2026-05-22 04:39:56,345 [inflora.py] => Task 9, Epoch 50/50 => Loss 0.189, Train_accy 94.47
2026-05-22 04:41:09,587 [inflora.py] => Exemplar size: 0
2026-05-22 04:41:09,597 [trainer.py] => No NME accuracy.
2026-05-22 04:41:09,597 [trainer.py] => CNN: {'total': 78.36, '00-09': 78.86, '10-19': 82.26, '20-29': 81.67, '30-39': 82.83, '40-49': 71.19, '50-59': 78.29, '60-69': 77.52, '70-79': 79.12, '80-89': 77.1, '90-99': 70.06, 'old': 78.88, 'new': 70.06}
2026-05-22 04:41:09,597 [trainer.py] => CNN top1 curve: [95.27, 91.44, 87.46, 86.37, 84.53, 83.13, 82.02, 81.1, 80.34, 78.36]
2026-05-22 04:41:09,597 [trainer.py] => CNN top5 curve: [95.27, 91.44, 87.46, 86.37, 84.53, 83.13, 82.02, 81.1, 80.34, 78.36]
2026-05-22 04:41:09,598 [trainer.py] => Average Accuracy (CNN): 85.0
2026-05-22 04:41:09,605 [trainer.py] => All params: 98237584
2026-05-22 04:41:09,611 [trainer.py] => Trainable params: 192010
2026-05-22 04:41:09,612 [inflora.py] => Learning on 100-110
2026-05-22 05:10:29,324 [inflora.py] => Task 10, Epoch 50/50 => Loss 0.154, Train_accy 95.04
2026-05-22 05:11:56,367 [inflora.py] => Exemplar size: 0
2026-05-22 05:11:56,387 [trainer.py] => No NME accuracy.
2026-05-22 05:11:56,388 [trainer.py] => CNN: {'total': 77.64, '00-09': 78.86, '10-19': 79.84, '20-29': 81.33, '30-39': 81.63, '40-49': 71.52, '50-59': 77.63, '60-69': 76.51, '70-79': 77.29, '80-89': 74.52, '90-99': 68.93, '100-109': 81.69, 'old': 77.25, 'new': 81.69}
2026-05-22 05:11:56,388 [trainer.py] => CNN top1 curve: [95.27, 91.44, 87.46, 86.37, 84.53, 83.13, 82.02, 81.1, 80.34, 78.36, 77.64]
2026-05-22 05:11:56,388 [trainer.py] => CNN top5 curve: [95.27, 91.44, 87.46, 86.37, 84.53, 83.13, 82.02, 81.1, 80.34, 78.36, 77.64]
2026-05-22 05:11:56,389 [trainer.py] => Average Accuracy (CNN): 84.33
2026-05-22 05:11:56,398 [trainer.py] => All params: 98237584
2026-05-22 05:11:56,406 [trainer.py] => Trainable params: 192010
2026-05-22 05:11:56,407 [inflora.py] => Learning on 110-120
2026-05-22 05:47:07,306 [inflora.py] => Task 11, Epoch 50/50 => Loss 0.157, Train_accy 95.05
2026-05-22 05:48:45,938 [inflora.py] => Exemplar size: 0
2026-05-22 05:48:45,967 [trainer.py] => No NME accuracy.
2026-05-22 05:48:45,968 [trainer.py] => CNN: {'total': 76.65, '00-09': 77.92, '10-19': 79.57, '20-29': 78.67, '30-39': 81.02, '40-49': 71.52, '50-59': 75.33, '60-69': 74.83, '70-79': 75.46, '80-89': 73.23, '90-99': 67.8, '100-109': 80.63, '110-119': 78.72, 'old': 76.41, 'new': 78.72}
2026-05-22 05:48:45,968 [trainer.py] => CNN top1 curve: [95.27, 91.44, 87.46, 86.37, 84.53, 83.13, 82.02, 81.1, 80.34, 78.36, 77.64, 76.65]
2026-05-22 05:48:45,968 [trainer.py] => CNN top5 curve: [95.27, 91.44, 87.46, 86.37, 84.53, 83.13, 82.02, 81.1, 80.34, 78.36, 77.64, 76.65]
2026-05-22 05:48:45,968 [trainer.py] => Average Accuracy (CNN): 83.69
2026-05-22 05:48:45,976 [trainer.py] => All params: 98237584
2026-05-22 05:48:45,983 [trainer.py] => Trainable params: 192010
2026-05-22 05:48:45,983 [inflora.py] => Learning on 120-130
2026-05-22 06:15:53,312 [inflora.py] => Task 12, Epoch 50/50 => Loss 0.152, Train_accy 95.25
2026-05-22 06:17:30,278 [inflora.py] => Exemplar size: 0
2026-05-22 06:17:30,369 [trainer.py] => No NME accuracy.
2026-05-22 06:17:30,369 [trainer.py] => CNN: {'total': 76.35, '00-09': 79.81, '10-19': 80.38, '20-29': 78.0, '30-39': 80.72, '40-49': 70.2, '50-59': 75.33, '60-69': 74.5, '70-79': 74.36, '80-89': 72.9, '90-99': 65.54, '100-109': 79.58, '110-119': 78.46, '120-129': 76.38, 'old': 76.35, 'new': 76.38}
2026-05-22 06:17:30,369 [trainer.py] => CNN top1 curve: [95.27, 91.44, 87.46, 86.37, 84.53, 83.13, 82.02, 81.1, 80.34, 78.36, 77.64, 76.65, 76.35]
2026-05-22 06:17:30,369 [trainer.py] => CNN top5 curve: [95.27, 91.44, 87.46, 86.37, 84.53, 83.13, 82.02, 81.1, 80.34, 78.36, 77.64, 76.65, 76.35]
2026-05-22 06:17:30,370 [trainer.py] => Average Accuracy (CNN): 83.13
2026-05-22 06:17:30,379 [trainer.py] => All params: 98237584
2026-05-22 06:17:30,387 [trainer.py] => Trainable params: 192010
2026-05-22 06:17:30,388 [inflora.py] => Learning on 130-140
2026-05-22 06:47:29,651 [inflora.py] => Task 13, Epoch 50/50 => Loss 0.147, Train_accy 94.98
2026-05-22 06:49:07,458 [inflora.py] => Exemplar size: 0
2026-05-22 06:49:07,472 [trainer.py] => No NME accuracy.
2026-05-22 06:49:07,472 [trainer.py] => CNN: {'total': 75.87, '00-09': 79.81, '10-19': 80.11, '20-29': 78.0, '30-39': 79.82, '40-49': 68.54, '50-59': 75.99, '60-69': 75.17, '70-79': 73.26, '80-89': 71.61, '90-99': 65.54, '100-109': 78.52, '110-119': 79.52, '120-129': 75.65, '130-139': 73.83, 'old': 76.02, 'new': 73.83}
2026-05-22 06:49:07,472 [trainer.py] => CNN top1 curve: [95.27, 91.44, 87.46, 86.37, 84.53, 83.13, 82.02, 81.1, 80.34, 78.36, 77.64, 76.65, 76.35, 75.87]
2026-05-22 06:49:07,472 [trainer.py] => CNN top5 curve: [95.27, 91.44, 87.46, 86.37, 84.53, 83.13, 82.02, 81.1, 80.34, 78.36, 77.64, 76.65, 76.35, 75.87]
2026-05-22 06:49:07,473 [trainer.py] => Average Accuracy (CNN): 82.61
2026-05-22 06:49:07,481 [trainer.py] => All params: 98237584
2026-05-22 06:49:07,487 [trainer.py] => Trainable params: 192010
2026-05-22 06:49:07,488 [inflora.py] => Learning on 140-150
2026-05-22 07:22:57,977 [inflora.py] => Task 14, Epoch 50/50 => Loss 0.134, Train_accy 95.69
2026-05-22 07:24:40,217 [inflora.py] => Exemplar size: 0
2026-05-22 07:24:40,238 [trainer.py] => No NME accuracy.
2026-05-22 07:24:40,239 [trainer.py] => CNN: {'total': 75.9, '00-09': 81.07, '10-19': 80.38, '20-29': 77.0, '30-39': 80.72, '40-49': 69.21, '50-59': 75.33, '60-69': 75.5, '70-79': 75.82, '80-89': 74.52, '90-99': 66.1, '100-109': 76.76, '110-119': 77.13, '120-129': 76.01, '130-139': 73.15, '140-149': 74.11, 'old': 76.06, 'new': 74.11}
2026-05-22 07:24:40,239 [trainer.py] => CNN top1 curve: [95.27, 91.44, 87.46, 86.37, 84.53, 83.13, 82.02, 81.1, 80.34, 78.36, 77.64, 76.65, 76.35, 75.87, 75.9]
2026-05-22 07:24:40,239 [trainer.py] => CNN top5 curve: [95.27, 91.44, 87.46, 86.37, 84.53, 83.13, 82.02, 81.1, 80.34, 78.36, 77.64, 76.65, 76.35, 75.87, 75.9]
2026-05-22 07:24:40,239 [trainer.py] => Average Accuracy (CNN): 82.16
2026-05-22 07:24:40,244 [trainer.py] => All params: 98237584
2026-05-22 07:24:40,248 [trainer.py] => Trainable params: 192010
2026-05-22 07:24:40,248 [inflora.py] => Learning on 150-160
2026-05-22 07:54:47,562 [inflora.py] => Task 15, Epoch 50/50 => Loss 0.150, Train_accy 95.29
2026-05-22 07:56:33,474 [inflora.py] => Exemplar size: 0
2026-05-22 07:56:33,495 [trainer.py] => No NME accuracy.
2026-05-22 07:56:33,495 [trainer.py] => CNN: {'total': 73.76, '00-09': 78.55, '10-19': 78.49, '20-29': 78.67, '30-39': 78.92, '40-49': 67.22, '50-59': 75.0, '60-69': 71.48, '70-79': 72.89, '80-89': 76.13, '90-99': 63.84, '100-109': 76.76, '110-119': 78.19, '120-129': 74.91, '130-139': 69.8, '140-149': 70.3, '150-159': 64.64, 'old': 74.48, 'new': 64.64}
2026-05-22 07:56:33,496 [trainer.py] => CNN top1 curve: [95.27, 91.44, 87.46, 86.37, 84.53, 83.13, 82.02, 81.1, 80.34, 78.36, 77.64, 76.65, 76.35, 75.87, 75.9, 73.76]
2026-05-22 07:56:33,496 [trainer.py] => CNN top5 curve: [95.27, 91.44, 87.46, 86.37, 84.53, 83.13, 82.02, 81.1, 80.34, 78.36, 77.64, 76.65, 76.35, 75.87, 75.9, 73.76]
2026-05-22 07:56:33,496 [trainer.py] => Average Accuracy (CNN): 81.64
2026-05-22 07:56:33,500 [trainer.py] => All params: 98237584
2026-05-22 07:56:33,503 [trainer.py] => Trainable params: 192010
2026-05-22 07:56:33,504 [inflora.py] => Learning on 160-170
2026-05-22 08:23:20,100 [inflora.py] => Task 16, Epoch 50/50 => Loss 0.235, Train_accy 93.46
2026-05-22 08:24:58,062 [inflora.py] => Exemplar size: 0
2026-05-22 08:24:58,095 [trainer.py] => No NME accuracy.
2026-05-22 08:24:58,096 [trainer.py] => CNN: {'total': 73.55, '00-09': 78.23, '10-19': 79.03, '20-29': 79.0, '30-39': 79.22, '40-49': 67.55, '50-59': 74.34, '60-69': 72.82, '70-79': 72.89, '80-89': 75.16, '90-99': 64.97, '100-109': 77.82, '110-119': 78.19, '120-129': 75.28, '130-139': 70.81, '140-149': 68.12, '150-159': 66.3, '160-169': 64.78, 'old': 73.96, 'new': 64.78}
2026-05-22 08:24:58,096 [trainer.py] => CNN top1 curve: [95.27, 91.44, 87.46, 86.37, 84.53, 83.13, 82.02, 81.1, 80.34, 78.36, 77.64, 76.65, 76.35, 75.87, 75.9, 73.76, 73.55]
2026-05-22 08:24:58,096 [trainer.py] => CNN top5 curve: [95.27, 91.44, 87.46, 86.37, 84.53, 83.13, 82.02, 81.1, 80.34, 78.36, 77.64, 76.65, 76.35, 75.87, 75.9, 73.76, 73.55]
2026-05-22 08:24:58,096 [trainer.py] => Average Accuracy (CNN): 81.16
2026-05-22 08:24:58,102 [trainer.py] => All params: 98237584
2026-05-22 08:24:58,107 [trainer.py] => Trainable params: 192010
2026-05-22 08:24:58,108 [inflora.py] => Learning on 170-180
2026-05-22 08:51:14,362 [inflora.py] => Task 17, Epoch 50/50 => Loss 0.162, Train_accy 95.60
2026-05-22 08:52:52,207 [inflora.py] => Exemplar size: 0
2026-05-22 08:52:52,239 [trainer.py] => No NME accuracy.
2026-05-22 08:52:52,239 [trainer.py] => CNN: {'total': 73.33, '00-09': 76.03, '10-19': 77.96, '20-29': 77.0, '30-39': 79.52, '40-49': 67.22, '50-59': 74.67, '60-69': 73.15, '70-79': 73.26, '80-89': 75.16, '90-99': 66.67, '100-109': 78.17, '110-119': 78.19, '120-129': 74.17, '130-139': 70.13, '140-149': 69.21, '150-159': 64.64, '160-169': 63.91, '170-179': 76.21, 'old': 73.19, 'new': 76.21}
2026-05-22 08:52:52,239 [trainer.py] => CNN top1 curve: [95.27, 91.44, 87.46, 86.37, 84.53, 83.13, 82.02, 81.1, 80.34, 78.36, 77.64, 76.65, 76.35, 75.87, 75.9, 73.76, 73.55, 73.33]
2026-05-22 08:52:52,239 [trainer.py] => CNN top5 curve: [95.27, 91.44, 87.46, 86.37, 84.53, 83.13, 82.02, 81.1, 80.34, 78.36, 77.64, 76.65, 76.35, 75.87, 75.9, 73.76, 73.55, 73.33]
2026-05-22 08:52:52,240 [trainer.py] => Average Accuracy (CNN): 80.73
2026-05-22 08:52:52,246 [trainer.py] => All params: 98237584
2026-05-22 08:52:52,253 [trainer.py] => Trainable params: 192010
2026-05-22 08:52:52,253 [inflora.py] => Learning on 180-190
2026-05-22 09:21:41,682 [inflora.py] => Task 18, Epoch 50/50 => Loss 0.162, Train_accy 94.75
2026-05-22 09:23:29,025 [inflora.py] => Exemplar size: 0
2026-05-22 09:23:29,049 [trainer.py] => No NME accuracy.
2026-05-22 09:23:29,050 [trainer.py] => CNN: {'total': 71.93, '00-09': 75.71, '10-19': 75.81, '20-29': 75.67, '30-39': 79.82, '40-49': 66.23, '50-59': 73.36, '60-69': 73.49, '70-79': 69.96, '80-89': 74.52, '90-99': 63.28, '100-109': 77.82, '110-119': 77.39, '120-129': 73.06, '130-139': 69.13, '140-149': 67.85, '150-159': 64.36, '160-169': 62.61, '170-179': 76.61, '180-189': 64.61, 'old': 72.35, 'new': 64.61}
2026-05-22 09:23:29,050 [trainer.py] => CNN top1 curve: [95.27, 91.44, 87.46, 86.37, 84.53, 83.13, 82.02, 81.1, 80.34, 78.36, 77.64, 76.65, 76.35, 75.87, 75.9, 73.76, 73.55, 73.33, 71.93]
2026-05-22 09:23:29,050 [trainer.py] => CNN top5 curve: [95.27, 91.44, 87.46, 86.37, 84.53, 83.13, 82.02, 81.1, 80.34, 78.36, 77.64, 76.65, 76.35, 75.87, 75.9, 73.76, 73.55, 73.33, 71.93]
2026-05-22 09:23:29,050 [trainer.py] => Average Accuracy (CNN): 80.26
2026-05-22 09:23:29,057 [trainer.py] => All params: 98237584
2026-05-22 09:23:29,063 [trainer.py] => Trainable params: 192010
2026-05-22 09:23:29,063 [inflora.py] => Learning on 190-200
2026-05-22 09:52:36,870 [inflora.py] => Task 19, Epoch 50/50 => Loss 0.143, Train_accy 95.12
2026-05-22 09:54:28,677 [inflora.py] => Exemplar size: 0
2026-05-22 09:54:28,689 [trainer.py] => No NME accuracy.
2026-05-22 09:54:28,689 [trainer.py] => CNN: {'total': 71.43, '00-09': 75.08, '10-19': 75.54, '20-29': 77.33, '30-39': 79.82, '40-49': 66.23, '50-59': 73.03, '60-69': 73.83, '70-79': 70.7, '80-89': 75.81, '90-99': 64.97, '100-109': 74.3, '110-119': 77.39, '120-129': 73.06, '130-139': 69.46, '140-149': 69.48, '150-159': 63.54, '160-169': 62.17, '170-179': 76.61, '180-189': 62.99, '190-199': 61.25, 'old': 71.91, 'new': 61.25}
2026-05-22 09:54:28,690 [trainer.py] => CNN top1 curve: [95.27, 91.44, 87.46, 86.37, 84.53, 83.13, 82.02, 81.1, 80.34, 78.36, 77.64, 76.65, 76.35, 75.87, 75.9, 73.76, 73.55, 73.33, 71.93, 71.43]
2026-05-22 09:54:28,690 [trainer.py] => CNN top5 curve: [95.27, 91.44, 87.46, 86.37, 84.53, 83.13, 82.02, 81.1, 80.34, 78.36, 77.64, 76.65, 76.35, 75.87, 75.9, 73.76, 73.55, 73.33, 71.93, 71.43]
2026-05-22 09:54:28,691 [trainer.py] => Average Accuracy (CNN): 79.82
