2026-05-13 13:59:10,029 [trainer.py] => config: ./configs/der/der_cifar_B0_Inc5.json
2026-05-13 13:59:10,030 [trainer.py] => prefix: reproduce
2026-05-13 13:59:10,030 [trainer.py] => dataset: cifar224
2026-05-13 13:59:10,030 [trainer.py] => memory_size: 2000
2026-05-13 13:59:10,030 [trainer.py] => memory_per_class: 20
2026-05-13 13:59:10,030 [trainer.py] => fixed_memory: False
2026-05-13 13:59:10,030 [trainer.py] => shuffle: True
2026-05-13 13:59:10,030 [trainer.py] => init_cls: 5
2026-05-13 13:59:10,030 [trainer.py] => increment: 5
2026-05-13 13:59:10,030 [trainer.py] => model_name: der
2026-05-13 13:59:10,030 [trainer.py] => backbone_type: vit_base_patch16_224_in21k
2026-05-13 13:59:10,030 [trainer.py] => device: [device(type='cuda', index=3)]
2026-05-13 13:59:10,030 [trainer.py] => seed: 1994
2026-05-13 13:59:10,030 [trainer.py] => init_epoch: 20
2026-05-13 13:59:10,030 [trainer.py] => init_lr: 0.001
2026-05-13 13:59:10,030 [trainer.py] => init_milestones: [60, 120, 170]
2026-05-13 13:59:10,031 [trainer.py] => init_lr_decay: 0.1
2026-05-13 13:59:10,031 [trainer.py] => init_weight_decay: 0.0005
2026-05-13 13:59:10,031 [trainer.py] => epochs: 20
2026-05-13 13:59:10,031 [trainer.py] => lrate: 0.001
2026-05-13 13:59:10,031 [trainer.py] => milestones: [80, 120, 150]
2026-05-13 13:59:10,031 [trainer.py] => lrate_decay: 0.1
2026-05-13 13:59:10,031 [trainer.py] => batch_size: 48
2026-05-13 13:59:10,031 [trainer.py] => weight_decay: 0.0002
2026-05-13 13:59:10,031 [trainer.py] => T: 2
2026-05-13 13:59:10,031 [trainer.py] => nb_classes: 100
2026-05-13 13:59:10,031 [trainer.py] => nb_tasks: 20
2026-05-13 13:59:11,188 [data_manager.py] => [72, 6, 33, 96, 60, 94, 29, 40, 45, 66, 51, 8, 78, 49, 70, 22, 53, 82, 87, 23, 15, 89, 43, 35, 32, 25, 44, 86, 68, 83, 17, 55, 31, 85, 38, 61, 0, 16, 92, 59, 56, 19, 74, 12, 13, 88, 64, 42, 71, 46, 97, 58, 50, 41, 26, 1, 7, 69, 21, 27, 95, 14, 99, 9, 81, 10, 73, 11, 91, 36, 77, 57, 79, 47, 2, 98, 48, 20, 67, 37, 18, 65, 3, 52, 28, 39, 5, 93, 4, 62, 24, 63, 30, 84, 76, 90, 80, 75, 34, 54]
2026-05-13 13:59:11,274 [trainer.py] => All params: 0
2026-05-13 13:59:11,274 [trainer.py] => Trainable params: 0
2026-05-13 13:59:15,101 [der.py] => Learning on 0-5
2026-05-13 13:59:15,102 [der.py] => All params: 85807115
2026-05-13 13:59:15,102 [der.py] => Trainable params: 85807115
2026-05-13 14:18:31,147 [der.py] => Task 0, Epoch 20/20 => Loss 0.127, Train_accy 95.00
2026-05-13 14:18:31,161 [base.py] => Reducing exemplars...(400 per classes)
2026-05-13 14:18:31,162 [base.py] => Constructing exemplars...(400 per classes)
2026-05-13 14:19:23,287 [der.py] => Exemplar size: 2000
2026-05-13 14:19:23,332 [trainer.py] => CNN: {'total': 97.2, '00-04': 97.2, 'old': 0, 'new': 97.2}
2026-05-13 14:19:23,332 [trainer.py] => NME: {'total': 95.6, '00-04': 95.6, 'old': 0, 'new': 95.6}
2026-05-13 14:19:23,332 [trainer.py] => CNN top1 curve: [97.2]
2026-05-13 14:19:23,332 [trainer.py] => CNN top5 curve: [100.0]
2026-05-13 14:19:23,332 [trainer.py] => NME top1 curve: [95.6]
2026-05-13 14:19:23,332 [trainer.py] => NME top5 curve: [100.0]
2026-05-13 14:19:23,333 [trainer.py] => Average Accuracy (CNN): 97.2
2026-05-13 14:19:23,333 [trainer.py] => Average Accuracy (NME): 95.6
2026-05-13 14:19:23,334 [trainer.py] => All params: 85807115
2026-05-13 14:19:23,334 [trainer.py] => Trainable params: 85807115
2026-05-13 14:19:27,639 [der.py] => Learning on 5-10
2026-05-13 14:19:27,641 [der.py] => All params: 171617296
2026-05-13 14:19:27,642 [der.py] => Trainable params: 85818640
2026-05-13 15:05:41,211 [der.py] => Task 1, Epoch 20/20 => Loss 0.350, Loss_clf 0.188, Loss_aux 0.162, Train_accy 93.84
2026-05-13 15:05:41,230 [base.py] => Reducing exemplars...(200 per classes)
2026-05-13 15:05:58,754 [base.py] => Constructing exemplars...(200 per classes)
2026-05-13 15:07:27,710 [der.py] => Exemplar size: 2000
2026-05-13 15:07:27,737 [trainer.py] => CNN: {'total': 96.7, '00-04': 96.2, '05-09': 97.2, 'old': 96.2, 'new': 97.2}
2026-05-13 15:07:27,738 [trainer.py] => NME: {'total': 95.9, '00-04': 95.4, '05-09': 96.4, 'old': 95.4, 'new': 96.4}
2026-05-13 15:07:27,738 [trainer.py] => CNN top1 curve: [97.2, 96.7]
2026-05-13 15:07:27,738 [trainer.py] => CNN top5 curve: [100.0, 100.0]
2026-05-13 15:07:27,738 [trainer.py] => NME top1 curve: [95.6, 95.9]
2026-05-13 15:07:27,738 [trainer.py] => NME top5 curve: [100.0, 99.9]
2026-05-13 15:07:27,739 [trainer.py] => Average Accuracy (CNN): 96.95
2026-05-13 15:07:27,739 [trainer.py] => Average Accuracy (NME): 95.75
2026-05-13 15:07:27,743 [trainer.py] => All params: 171617296
2026-05-13 15:07:27,747 [trainer.py] => Trainable params: 85818640
2026-05-13 15:07:31,181 [der.py] => Learning on 10-15
2026-05-13 15:07:31,184 [der.py] => All params: 257435157
2026-05-13 15:07:31,185 [der.py] => Trainable params: 85837845
2026-05-13 15:48:51,177 [der.py] => Task 2, Epoch 20/20 => Loss 0.278, Loss_clf 0.163, Loss_aux 0.115, Train_accy 94.73
2026-05-13 15:48:51,192 [base.py] => Reducing exemplars...(133 per classes)
2026-05-13 15:49:17,332 [base.py] => Constructing exemplars...(133 per classes)
2026-05-13 15:50:58,973 [der.py] => Exemplar size: 1995
2026-05-13 15:50:59,006 [trainer.py] => CNN: {'total': 96.8, '00-04': 94.8, '05-09': 96.8, '10-14': 98.8, 'old': 95.8, 'new': 98.8}
2026-05-13 15:50:59,006 [trainer.py] => NME: {'total': 96.27, '00-04': 93.6, '05-09': 96.8, '10-14': 98.4, 'old': 95.2, 'new': 98.4}
2026-05-13 15:50:59,006 [trainer.py] => CNN top1 curve: [97.2, 96.7, 96.8]
2026-05-13 15:50:59,006 [trainer.py] => CNN top5 curve: [100.0, 100.0, 100.0]
2026-05-13 15:50:59,006 [trainer.py] => NME top1 curve: [95.6, 95.9, 96.27]
2026-05-13 15:50:59,006 [trainer.py] => NME top5 curve: [100.0, 99.9, 99.93]
2026-05-13 15:50:59,006 [trainer.py] => Average Accuracy (CNN): 96.9
2026-05-13 15:50:59,007 [trainer.py] => Average Accuracy (NME): 95.92
2026-05-13 15:50:59,010 [trainer.py] => All params: 257435157
2026-05-13 15:50:59,013 [trainer.py] => Trainable params: 85837845
2026-05-13 15:51:03,294 [der.py] => Learning on 15-20
2026-05-13 15:51:03,298 [der.py] => All params: 343260698
2026-05-13 15:51:03,300 [der.py] => Trainable params: 85864730
2026-05-13 16:37:42,706 [der.py] => Task 3, Epoch 20/20 => Loss 0.249, Loss_clf 0.156, Loss_aux 0.093, Train_accy 95.11
2026-05-13 16:37:42,724 [base.py] => Reducing exemplars...(100 per classes)
2026-05-13 16:38:19,753 [base.py] => Constructing exemplars...(100 per classes)
2026-05-13 16:40:41,625 [der.py] => Exemplar size: 2000
2026-05-13 16:40:41,652 [trainer.py] => CNN: {'total': 96.3, '00-04': 92.4, '05-09': 95.2, '10-14': 98.8, '15-19': 98.8, 'old': 95.47, 'new': 98.8}
2026-05-13 16:40:41,652 [trainer.py] => NME: {'total': 96.0, '00-04': 92.8, '05-09': 95.8, '10-14': 98.6, '15-19': 96.8, 'old': 95.73, 'new': 96.8}
2026-05-13 16:40:41,652 [trainer.py] => CNN top1 curve: [97.2, 96.7, 96.8, 96.3]
2026-05-13 16:40:41,652 [trainer.py] => CNN top5 curve: [100.0, 100.0, 100.0, 99.85]
2026-05-13 16:40:41,652 [trainer.py] => NME top1 curve: [95.6, 95.9, 96.27, 96.0]
2026-05-13 16:40:41,652 [trainer.py] => NME top5 curve: [100.0, 99.9, 99.93, 99.95]
2026-05-13 16:40:41,652 [trainer.py] => Average Accuracy (CNN): 96.75
2026-05-13 16:40:41,652 [trainer.py] => Average Accuracy (NME): 95.94
2026-05-13 16:40:41,655 [trainer.py] => All params: 343260698
2026-05-13 16:40:41,657 [trainer.py] => Trainable params: 85864730
2026-05-13 16:40:44,973 [der.py] => Learning on 20-25
2026-05-13 16:40:44,977 [der.py] => All params: 429093919
2026-05-13 16:40:44,980 [der.py] => Trainable params: 85899295
2026-05-13 17:36:11,035 [der.py] => Task 4, Epoch 20/20 => Loss 0.384, Loss_clf 0.227, Loss_aux 0.158, Train_accy 93.27
2026-05-13 17:36:11,052 [base.py] => Reducing exemplars...(80 per classes)
2026-05-13 17:37:00,119 [base.py] => Constructing exemplars...(80 per classes)
2026-05-13 17:40:09,599 [der.py] => Exemplar size: 2000
2026-05-13 17:40:09,616 [trainer.py] => CNN: {'total': 95.52, '00-04': 91.2, '05-09': 92.6, '10-14': 96.4, '15-19': 98.2, '20-24': 99.2, 'old': 94.6, 'new': 99.2}
2026-05-13 17:40:09,616 [trainer.py] => NME: {'total': 96.52, '00-04': 92.8, '05-09': 95.8, '10-14': 98.4, '15-19': 98.0, '20-24': 97.6, 'old': 96.25, 'new': 97.6}
2026-05-13 17:40:09,617 [trainer.py] => CNN top1 curve: [97.2, 96.7, 96.8, 96.3, 95.52]
2026-05-13 17:40:09,617 [trainer.py] => CNN top5 curve: [100.0, 100.0, 100.0, 99.85, 99.68]
2026-05-13 17:40:09,617 [trainer.py] => NME top1 curve: [95.6, 95.9, 96.27, 96.0, 96.52]
2026-05-13 17:40:09,617 [trainer.py] => NME top5 curve: [100.0, 99.9, 99.93, 99.95, 99.8]
2026-05-13 17:40:09,618 [trainer.py] => Average Accuracy (CNN): 96.5
2026-05-13 17:40:09,618 [trainer.py] => Average Accuracy (NME): 96.06
2026-05-13 17:40:09,627 [trainer.py] => All params: 429093919
2026-05-13 17:40:09,636 [trainer.py] => Trainable params: 85899295
2026-05-13 17:40:13,353 [der.py] => Learning on 25-30
2026-05-13 17:40:13,359 [der.py] => All params: 514934820
2026-05-13 17:40:13,363 [der.py] => Trainable params: 85941540
2026-05-13 18:44:04,283 [der.py] => Task 5, Epoch 20/20 => Loss 0.316, Loss_clf 0.196, Loss_aux 0.120, Train_accy 93.80
2026-05-13 18:44:04,302 [base.py] => Reducing exemplars...(66 per classes)
2026-05-13 18:45:04,984 [base.py] => Constructing exemplars...(66 per classes)
2026-05-13 18:49:21,998 [der.py] => Exemplar size: 1980
2026-05-13 18:49:22,027 [trainer.py] => CNN: {'total': 94.87, '00-04': 89.6, '05-09': 91.4, '10-14': 97.6, '15-19': 95.2, '20-24': 98.2, '25-29': 97.2, 'old': 94.4, 'new': 97.2}
2026-05-13 18:49:22,027 [trainer.py] => NME: {'total': 95.7, '00-04': 92.2, '05-09': 94.4, '10-14': 98.4, '15-19': 97.8, '20-24': 98.0, '25-29': 93.4, 'old': 96.16, 'new': 93.4}
2026-05-13 18:49:22,028 [trainer.py] => CNN top1 curve: [97.2, 96.7, 96.8, 96.3, 95.52, 94.87]
2026-05-13 18:49:22,028 [trainer.py] => CNN top5 curve: [100.0, 100.0, 100.0, 99.85, 99.68, 99.47]
2026-05-13 18:49:22,028 [trainer.py] => NME top1 curve: [95.6, 95.9, 96.27, 96.0, 96.52, 95.7]
2026-05-13 18:49:22,028 [trainer.py] => NME top5 curve: [100.0, 99.9, 99.93, 99.95, 99.8, 99.73]
2026-05-13 18:49:22,029 [trainer.py] => Average Accuracy (CNN): 96.23
2026-05-13 18:49:22,029 [trainer.py] => Average Accuracy (NME): 96.0
2026-05-13 18:49:22,034 [trainer.py] => All params: 514934820
2026-05-13 18:49:22,037 [trainer.py] => Trainable params: 85941540
2026-05-13 18:49:25,416 [der.py] => Learning on 30-35
2026-05-13 18:49:25,423 [der.py] => All params: 600783401
2026-05-13 18:49:25,427 [der.py] => Trainable params: 85991465
2026-05-13 20:40:53,197 [der.py] => Task 6, Epoch 20/20 => Loss 0.431, Loss_clf 0.249, Loss_aux 0.182, Train_accy 92.48
2026-05-13 20:40:53,218 [base.py] => Reducing exemplars...(57 per classes)
2026-05-13 20:42:37,050 [base.py] => Constructing exemplars...(57 per classes)
2026-05-13 20:51:15,022 [der.py] => Exemplar size: 1995
2026-05-13 20:51:15,051 [trainer.py] => CNN: {'total': 93.71, '00-04': 82.0, '05-09': 90.0, '10-14': 96.8, '15-19': 96.4, '20-24': 96.6, '25-29': 95.4, '30-34': 98.8, 'old': 92.87, 'new': 98.8}
2026-05-13 20:51:15,052 [trainer.py] => NME: {'total': 94.89, '00-04': 89.2, '05-09': 93.8, '10-14': 98.2, '15-19': 97.6, '20-24': 98.2, '25-29': 94.6, '30-34': 92.6, 'old': 95.27, 'new': 92.6}
2026-05-13 20:51:15,052 [trainer.py] => CNN top1 curve: [97.2, 96.7, 96.8, 96.3, 95.52, 94.87, 93.71]
2026-05-13 20:51:15,052 [trainer.py] => CNN top5 curve: [100.0, 100.0, 100.0, 99.85, 99.68, 99.47, 99.2]
2026-05-13 20:51:15,052 [trainer.py] => NME top1 curve: [95.6, 95.9, 96.27, 96.0, 96.52, 95.7, 94.89]
2026-05-13 20:51:15,052 [trainer.py] => NME top5 curve: [100.0, 99.9, 99.93, 99.95, 99.8, 99.73, 99.57]
2026-05-13 20:51:15,052 [trainer.py] => Average Accuracy (CNN): 95.87
2026-05-13 20:51:15,052 [trainer.py] => Average Accuracy (NME): 95.84
2026-05-13 20:51:15,056 [trainer.py] => All params: 600783401
2026-05-13 20:51:15,060 [trainer.py] => Trainable params: 85991465
2026-05-13 20:51:18,436 [der.py] => Learning on 35-40
2026-05-13 20:51:18,448 [der.py] => All params: 686639662
2026-05-13 20:51:18,452 [der.py] => Trainable params: 86049070
2026-05-13 22:57:32,755 [der.py] => Task 7, Epoch 20/20 => Loss 0.287, Loss_clf 0.188, Loss_aux 0.099, Train_accy 94.51
2026-05-13 22:57:32,774 [base.py] => Reducing exemplars...(50 per classes)
2026-05-13 22:59:33,610 [base.py] => Constructing exemplars...(50 per classes)
2026-05-13 23:10:10,422 [der.py] => Exemplar size: 2000
2026-05-13 23:10:10,441 [trainer.py] => CNN: {'total': 91.62, '00-04': 76.0, '05-09': 88.4, '10-14': 90.2, '15-19': 93.2, '20-24': 97.0, '25-29': 94.6, '30-34': 96.0, '35-39': 97.6, 'old': 90.77, 'new': 97.6}
2026-05-13 23:10:10,441 [trainer.py] => NME: {'total': 94.3, '00-04': 86.4, '05-09': 93.6, '10-14': 96.8, '15-19': 97.0, '20-24': 98.0, '25-29': 95.4, '30-34': 94.4, '35-39': 92.8, 'old': 94.51, 'new': 92.8}
2026-05-13 23:10:10,441 [trainer.py] => CNN top1 curve: [97.2, 96.7, 96.8, 96.3, 95.52, 94.87, 93.71, 91.62]
2026-05-13 23:10:10,441 [trainer.py] => CNN top5 curve: [100.0, 100.0, 100.0, 99.85, 99.68, 99.47, 99.2, 99.1]
2026-05-13 23:10:10,441 [trainer.py] => NME top1 curve: [95.6, 95.9, 96.27, 96.0, 96.52, 95.7, 94.89, 94.3]
2026-05-13 23:10:10,441 [trainer.py] => NME top5 curve: [100.0, 99.9, 99.93, 99.95, 99.8, 99.73, 99.57, 99.58]
2026-05-13 23:10:10,441 [trainer.py] => Average Accuracy (CNN): 95.34
2026-05-13 23:10:10,441 [trainer.py] => Average Accuracy (NME): 95.65
2026-05-13 23:10:10,446 [trainer.py] => All params: 686639662
2026-05-13 23:10:10,450 [trainer.py] => Trainable params: 86049070
2026-05-13 23:10:13,937 [der.py] => Learning on 40-45
2026-05-13 23:10:13,945 [der.py] => All params: 772503603
2026-05-13 23:10:13,949 [der.py] => Trainable params: 86114355
2026-05-14 01:26:34,184 [der.py] => Task 8, Epoch 20/20 => Loss 0.351, Loss_clf 0.218, Loss_aux 0.133, Train_accy 94.00
2026-05-14 01:26:34,199 [base.py] => Reducing exemplars...(44 per classes)
2026-05-14 01:28:12,274 [base.py] => Constructing exemplars...(44 per classes)
2026-05-14 01:37:04,059 [der.py] => Exemplar size: 1980
2026-05-14 01:37:04,095 [trainer.py] => CNN: {'total': 91.73, '00-04': 73.4, '05-09': 90.2, '10-14': 93.2, '15-19': 93.8, '20-24': 95.0, '25-29': 92.8, '30-34': 92.8, '35-39': 95.8, '40-44': 98.6, 'old': 90.88, 'new': 98.6}
2026-05-14 01:37:04,095 [trainer.py] => NME: {'total': 93.91, '00-04': 85.6, '05-09': 93.4, '10-14': 96.2, '15-19': 96.4, '20-24': 97.4, '25-29': 95.4, '30-34': 94.6, '35-39': 94.2, '40-44': 92.0, 'old': 94.15, 'new': 92.0}
2026-05-14 01:37:04,095 [trainer.py] => CNN top1 curve: [97.2, 96.7, 96.8, 96.3, 95.52, 94.87, 93.71, 91.62, 91.73]
2026-05-14 01:37:04,095 [trainer.py] => CNN top5 curve: [100.0, 100.0, 100.0, 99.85, 99.68, 99.47, 99.2, 99.1, 98.6]
2026-05-14 01:37:04,095 [trainer.py] => NME top1 curve: [95.6, 95.9, 96.27, 96.0, 96.52, 95.7, 94.89, 94.3, 93.91]
2026-05-14 01:37:04,095 [trainer.py] => NME top5 curve: [100.0, 99.9, 99.93, 99.95, 99.8, 99.73, 99.57, 99.58, 99.42]
2026-05-14 01:37:04,095 [trainer.py] => Average Accuracy (CNN): 94.94
2026-05-14 01:37:04,095 [trainer.py] => Average Accuracy (NME): 95.45
2026-05-14 01:37:04,101 [trainer.py] => All params: 772503603
2026-05-14 01:37:04,106 [trainer.py] => Trainable params: 86114355
2026-05-14 01:37:07,496 [der.py] => Learning on 45-50
2026-05-14 01:37:07,507 [der.py] => All params: 858375224
2026-05-14 01:37:07,512 [der.py] => Trainable params: 86187320
2026-05-14 03:21:26,367 [der.py] => Task 9, Epoch 20/20 => Loss 0.412, Loss_clf 0.261, Loss_aux 0.151, Train_accy 92.70
2026-05-14 03:21:26,382 [base.py] => Reducing exemplars...(40 per classes)
2026-05-14 03:23:12,815 [base.py] => Constructing exemplars...(40 per classes)
2026-05-14 03:33:59,595 [der.py] => Exemplar size: 2000
2026-05-14 03:33:59,595 [trainer.py] => CNN: {'total': 89.6, '00-04': 75.6, '05-09': 87.6, '10-14': 88.6, '15-19': 87.4, '20-24': 91.2, '25-29': 90.2, '30-34': 91.8, '35-39': 95.2, '40-44': 92.2, '45-49': 96.2, 'old': 88.87, 'new': 96.2}
2026-05-14 03:33:59,595 [trainer.py] => NME: {'total': 92.58, '00-04': 82.8, '05-09': 93.2, '10-14': 95.8, '15-19': 94.0, '20-24': 95.0, '25-29': 95.2, '30-34': 93.8, '35-39': 94.4, '40-44': 91.8, '45-49': 89.8, 'old': 92.89, 'new': 89.8}
2026-05-14 03:33:59,596 [trainer.py] => CNN top1 curve: [97.2, 96.7, 96.8, 96.3, 95.52, 94.87, 93.71, 91.62, 91.73, 89.6]
2026-05-14 03:33:59,596 [trainer.py] => CNN top5 curve: [100.0, 100.0, 100.0, 99.85, 99.68, 99.47, 99.2, 99.1, 98.6, 98.42]
2026-05-14 03:33:59,596 [trainer.py] => NME top1 curve: [95.6, 95.9, 96.27, 96.0, 96.52, 95.7, 94.89, 94.3, 93.91, 92.58]
2026-05-14 03:33:59,596 [trainer.py] => NME top5 curve: [100.0, 99.9, 99.93, 99.95, 99.8, 99.73, 99.57, 99.58, 99.42, 99.24]
2026-05-14 03:33:59,596 [trainer.py] => Average Accuracy (CNN): 94.4
2026-05-14 03:33:59,596 [trainer.py] => Average Accuracy (NME): 95.17
2026-05-14 03:33:59,601 [trainer.py] => All params: 858375224
2026-05-14 03:33:59,606 [trainer.py] => Trainable params: 86187320
2026-05-14 03:34:02,895 [der.py] => Learning on 50-55
2026-05-14 03:34:02,906 [der.py] => All params: 944254525
2026-05-14 03:34:02,911 [der.py] => Trainable params: 86267965
2026-05-14 05:30:40,428 [der.py] => Task 10, Epoch 20/20 => Loss 0.369, Loss_clf 0.221, Loss_aux 0.148, Train_accy 93.62
2026-05-14 05:30:40,458 [base.py] => Reducing exemplars...(36 per classes)
2026-05-14 05:32:42,636 [base.py] => Constructing exemplars...(36 per classes)
2026-05-14 05:44:56,849 [der.py] => Exemplar size: 1980
2026-05-14 05:44:56,881 [trainer.py] => CNN: {'total': 87.8, '00-04': 75.2, '05-09': 79.6, '10-14': 91.4, '15-19': 90.4, '20-24': 85.8, '25-29': 90.2, '30-34': 87.4, '35-39': 95.0, '40-44': 84.2, '45-49': 87.8, '50-54': 98.8, 'old': 86.7, 'new': 98.8}
2026-05-14 05:44:56,881 [trainer.py] => NME: {'total': 91.55, '00-04': 83.2, '05-09': 90.6, '10-14': 95.0, '15-19': 93.0, '20-24': 94.8, '25-29': 95.4, '30-34': 93.0, '35-39': 94.6, '40-44': 87.4, '45-49': 88.2, '50-54': 91.8, 'old': 91.52, 'new': 91.8}
2026-05-14 05:44:56,881 [trainer.py] => CNN top1 curve: [97.2, 96.7, 96.8, 96.3, 95.52, 94.87, 93.71, 91.62, 91.73, 89.6, 87.8]
2026-05-14 05:44:56,881 [trainer.py] => CNN top5 curve: [100.0, 100.0, 100.0, 99.85, 99.68, 99.47, 99.2, 99.1, 98.6, 98.42, 97.76]
2026-05-14 05:44:56,881 [trainer.py] => NME top1 curve: [95.6, 95.9, 96.27, 96.0, 96.52, 95.7, 94.89, 94.3, 93.91, 92.58, 91.55]
2026-05-14 05:44:56,881 [trainer.py] => NME top5 curve: [100.0, 99.9, 99.93, 99.95, 99.8, 99.73, 99.57, 99.58, 99.42, 99.24, 98.98]
2026-05-14 05:44:56,881 [trainer.py] => Average Accuracy (CNN): 93.8
2026-05-14 05:44:56,881 [trainer.py] => Average Accuracy (NME): 94.84
2026-05-14 05:44:56,888 [trainer.py] => All params: 944254525
2026-05-14 05:44:56,894 [trainer.py] => Trainable params: 86267965
2026-05-14 05:45:00,171 [der.py] => Learning on 55-60
2026-05-14 05:45:00,183 [der.py] => All params: 1030141506
2026-05-14 05:45:00,189 [der.py] => Trainable params: 86356290
2026-05-14 07:50:08,919 [der.py] => Task 11, Epoch 20/20 => Loss 0.336, Loss_clf 0.215, Loss_aux 0.121, Train_accy 94.15
2026-05-14 07:50:08,935 [base.py] => Reducing exemplars...(33 per classes)
2026-05-14 07:51:27,649 [base.py] => Constructing exemplars...(33 per classes)
2026-05-14 07:58:44,426 [der.py] => Exemplar size: 1980
2026-05-14 07:58:44,440 [trainer.py] => CNN: {'total': 88.05, '00-04': 72.2, '05-09': 79.6, '10-14': 91.8, '15-19': 91.8, '20-24': 90.4, '25-29': 87.2, '30-34': 85.2, '35-39': 94.6, '40-44': 82.6, '45-49': 87.4, '50-54': 96.4, '55-59': 97.4, 'old': 87.2, 'new': 97.4}
2026-05-14 07:58:44,440 [trainer.py] => NME: {'total': 91.18, '00-04': 82.0, '05-09': 88.0, '10-14': 95.2, '15-19': 93.2, '20-24': 93.2, '25-29': 94.4, '30-34': 92.2, '35-39': 94.6, '40-44': 86.4, '45-49': 88.0, '50-54': 92.4, '55-59': 94.6, 'old': 90.87, 'new': 94.6}
2026-05-14 07:58:44,440 [trainer.py] => CNN top1 curve: [97.2, 96.7, 96.8, 96.3, 95.52, 94.87, 93.71, 91.62, 91.73, 89.6, 87.8, 88.05]
2026-05-14 07:58:44,440 [trainer.py] => CNN top5 curve: [100.0, 100.0, 100.0, 99.85, 99.68, 99.47, 99.2, 99.1, 98.6, 98.42, 97.76, 97.85]
2026-05-14 07:58:44,440 [trainer.py] => NME top1 curve: [95.6, 95.9, 96.27, 96.0, 96.52, 95.7, 94.89, 94.3, 93.91, 92.58, 91.55, 91.18]
2026-05-14 07:58:44,440 [trainer.py] => NME top5 curve: [100.0, 99.9, 99.93, 99.95, 99.8, 99.73, 99.57, 99.58, 99.42, 99.24, 98.98, 98.95]
2026-05-14 07:58:44,440 [trainer.py] => Average Accuracy (CNN): 93.32
2026-05-14 07:58:44,440 [trainer.py] => Average Accuracy (NME): 94.53
2026-05-14 07:58:44,447 [trainer.py] => All params: 1030141506
2026-05-14 07:58:44,452 [trainer.py] => Trainable params: 86356290
2026-05-14 07:58:48,682 [der.py] => Learning on 60-65
2026-05-14 07:58:48,694 [der.py] => All params: 1116036167
2026-05-14 07:58:48,700 [der.py] => Trainable params: 86452295
2026-05-14 09:07:07,611 [der.py] => Task 12, Epoch 20/20 => Loss 0.321, Loss_clf 0.208, Loss_aux 0.113, Train_accy 94.02
2026-05-14 09:07:07,612 [base.py] => Reducing exemplars...(30 per classes)
2026-05-14 09:08:34,986 [base.py] => Constructing exemplars...(30 per classes)
2026-05-14 09:16:58,471 [der.py] => Exemplar size: 1950
2026-05-14 09:16:58,498 [trainer.py] => CNN: {'total': 84.92, '00-04': 72.2, '05-09': 77.2, '10-14': 78.0, '15-19': 87.0, '20-24': 89.0, '25-29': 84.6, '30-34': 84.0, '35-39': 87.2, '40-44': 72.4, '45-49': 86.8, '50-54': 95.8, '55-59': 90.4, '60-64': 99.4, 'old': 83.72, 'new': 99.4}
2026-05-14 09:16:58,498 [trainer.py] => NME: {'total': 90.09, '00-04': 78.8, '05-09': 87.2, '10-14': 93.2, '15-19': 92.0, '20-24': 92.6, '25-29': 93.2, '30-34': 89.2, '35-39': 94.0, '40-44': 80.0, '45-49': 88.2, '50-54': 93.0, '55-59': 95.2, '60-64': 94.6, 'old': 89.72, 'new': 94.6}
2026-05-14 09:16:58,498 [trainer.py] => CNN top1 curve: [97.2, 96.7, 96.8, 96.3, 95.52, 94.87, 93.71, 91.62, 91.73, 89.6, 87.8, 88.05, 84.92]
2026-05-14 09:16:58,498 [trainer.py] => CNN top5 curve: [100.0, 100.0, 100.0, 99.85, 99.68, 99.47, 99.2, 99.1, 98.6, 98.42, 97.76, 97.85, 97.18]
2026-05-14 09:16:58,498 [trainer.py] => NME top1 curve: [95.6, 95.9, 96.27, 96.0, 96.52, 95.7, 94.89, 94.3, 93.91, 92.58, 91.55, 91.18, 90.09]
2026-05-14 09:16:58,498 [trainer.py] => NME top5 curve: [100.0, 99.9, 99.93, 99.95, 99.8, 99.73, 99.57, 99.58, 99.42, 99.24, 98.98, 98.95, 98.83]
2026-05-14 09:16:58,498 [trainer.py] => Average Accuracy (CNN): 92.68
2026-05-14 09:16:58,499 [trainer.py] => Average Accuracy (NME): 94.19
2026-05-14 09:16:58,506 [trainer.py] => All params: 1116036167
2026-05-14 09:16:58,513 [trainer.py] => Trainable params: 86452295
2026-05-14 09:17:01,752 [der.py] => Learning on 65-70
2026-05-14 09:17:01,766 [der.py] => All params: 1201938508
2026-05-14 09:17:01,772 [der.py] => Trainable params: 86555980
2026-05-14 10:30:36,064 [der.py] => Task 13, Epoch 20/20 => Loss 0.330, Loss_clf 0.202, Loss_aux 0.127, Train_accy 93.98
2026-05-14 10:30:36,065 [base.py] => Reducing exemplars...(28 per classes)
2026-05-14 10:32:10,779 [base.py] => Constructing exemplars...(28 per classes)
2026-05-14 10:41:44,582 [der.py] => Exemplar size: 1960
2026-05-14 10:41:44,583 [trainer.py] => CNN: {'total': 84.26, '00-04': 74.6, '05-09': 77.2, '10-14': 83.8, '15-19': 83.4, '20-24': 77.0, '25-29': 85.8, '30-34': 85.0, '35-39': 82.2, '40-44': 78.8, '45-49': 79.2, '50-54': 92.2, '55-59': 92.8, '60-64': 92.2, '65-69': 95.4, 'old': 83.4, 'new': 95.4}
2026-05-14 10:41:44,583 [trainer.py] => NME: {'total': 88.46, '00-04': 79.2, '05-09': 86.4, '10-14': 93.0, '15-19': 92.0, '20-24': 84.8, '25-29': 93.0, '30-34': 89.2, '35-39': 89.6, '40-44': 79.2, '45-49': 85.6, '50-54': 91.6, '55-59': 95.4, '60-64': 90.8, '65-69': 88.6, 'old': 88.45, 'new': 88.6}
2026-05-14 10:41:44,583 [trainer.py] => CNN top1 curve: [97.2, 96.7, 96.8, 96.3, 95.52, 94.87, 93.71, 91.62, 91.73, 89.6, 87.8, 88.05, 84.92, 84.26]
2026-05-14 10:41:44,583 [trainer.py] => CNN top5 curve: [100.0, 100.0, 100.0, 99.85, 99.68, 99.47, 99.2, 99.1, 98.6, 98.42, 97.76, 97.85, 97.18, 96.66]
2026-05-14 10:41:44,583 [trainer.py] => NME top1 curve: [95.6, 95.9, 96.27, 96.0, 96.52, 95.7, 94.89, 94.3, 93.91, 92.58, 91.55, 91.18, 90.09, 88.46]
2026-05-14 10:41:44,583 [trainer.py] => NME top5 curve: [100.0, 99.9, 99.93, 99.95, 99.8, 99.73, 99.57, 99.58, 99.42, 99.24, 98.98, 98.95, 98.83, 98.59]
2026-05-14 10:41:44,583 [trainer.py] => Average Accuracy (CNN): 92.08
2026-05-14 10:41:44,583 [trainer.py] => Average Accuracy (NME): 93.78
2026-05-14 10:41:44,591 [trainer.py] => All params: 1201938508
2026-05-14 10:41:44,597 [trainer.py] => Trainable params: 86555980
2026-05-14 10:41:47,889 [der.py] => Learning on 70-75
2026-05-14 10:41:47,905 [der.py] => All params: 1287848529
2026-05-14 10:41:47,914 [der.py] => Trainable params: 86667345
2026-05-14 12:01:26,578 [der.py] => Task 14, Epoch 20/20 => Loss 0.358, Loss_clf 0.225, Loss_aux 0.132, Train_accy 93.74
2026-05-14 12:01:26,595 [base.py] => Reducing exemplars...(26 per classes)
2026-05-14 12:03:08,806 [base.py] => Constructing exemplars...(26 per classes)
2026-05-14 12:13:58,249 [der.py] => Exemplar size: 1950
2026-05-14 12:13:58,250 [trainer.py] => CNN: {'total': 82.83, '00-04': 57.4, '05-09': 77.6, '10-14': 85.2, '15-19': 86.0, '20-24': 76.2, '25-29': 85.6, '30-34': 85.8, '35-39': 74.8, '40-44': 75.8, '45-49': 81.8, '50-54': 90.0, '55-59': 90.8, '60-64': 93.6, '65-69': 82.8, '70-74': 99.0, 'old': 81.67, 'new': 99.0}
2026-05-14 12:13:58,250 [trainer.py] => NME: {'total': 87.05, '00-04': 70.8, '05-09': 85.8, '10-14': 92.6, '15-19': 90.8, '20-24': 80.8, '25-29': 92.6, '30-34': 89.0, '35-39': 88.2, '40-44': 78.2, '45-49': 85.6, '50-54': 91.2, '55-59': 94.2, '60-64': 91.0, '65-69': 84.2, '70-74': 90.8, 'old': 86.79, 'new': 90.8}
2026-05-14 12:13:58,250 [trainer.py] => CNN top1 curve: [97.2, 96.7, 96.8, 96.3, 95.52, 94.87, 93.71, 91.62, 91.73, 89.6, 87.8, 88.05, 84.92, 84.26, 82.83]
2026-05-14 12:13:58,250 [trainer.py] => CNN top5 curve: [100.0, 100.0, 100.0, 99.85, 99.68, 99.47, 99.2, 99.1, 98.6, 98.42, 97.76, 97.85, 97.18, 96.66, 96.25]
2026-05-14 12:13:58,250 [trainer.py] => NME top1 curve: [95.6, 95.9, 96.27, 96.0, 96.52, 95.7, 94.89, 94.3, 93.91, 92.58, 91.55, 91.18, 90.09, 88.46, 87.05]
2026-05-14 12:13:58,250 [trainer.py] => NME top5 curve: [100.0, 99.9, 99.93, 99.95, 99.8, 99.73, 99.57, 99.58, 99.42, 99.24, 98.98, 98.95, 98.83, 98.59, 98.51]
2026-05-14 12:13:58,250 [trainer.py] => Average Accuracy (CNN): 91.46
2026-05-14 12:13:58,250 [trainer.py] => Average Accuracy (NME): 93.33
2026-05-14 12:13:58,259 [trainer.py] => All params: 1287848529
2026-05-14 12:13:58,267 [trainer.py] => Trainable params: 86667345
2026-05-14 12:14:01,463 [der.py] => Learning on 75-80
2026-05-14 12:14:01,478 [der.py] => All params: 1373766230
2026-05-14 12:14:01,485 [der.py] => Trainable params: 86786390
2026-05-14 13:39:34,405 [der.py] => Task 15, Epoch 20/20 => Loss 0.338, Loss_clf 0.216, Loss_aux 0.122, Train_accy 94.27
2026-05-14 13:39:34,406 [base.py] => Reducing exemplars...(25 per classes)
2026-05-14 13:41:23,710 [base.py] => Constructing exemplars...(25 per classes)
2026-05-14 13:53:36,380 [der.py] => Exemplar size: 2000
2026-05-14 13:53:36,381 [trainer.py] => CNN: {'total': 81.22, '00-04': 60.8, '05-09': 78.6, '10-14': 81.2, '15-19': 85.2, '20-24': 66.2, '25-29': 76.8, '30-34': 80.4, '35-39': 77.6, '40-44': 79.6, '45-49': 74.0, '50-54': 89.6, '55-59': 91.2, '60-64': 89.6, '65-69': 75.0, '70-74': 94.8, '75-79': 99.0, 'old': 80.04, 'new': 99.0}
2026-05-14 13:53:36,381 [trainer.py] => NME: {'total': 85.6, '00-04': 70.0, '05-09': 84.8, '10-14': 90.2, '15-19': 90.0, '20-24': 76.8, '25-29': 89.2, '30-34': 87.0, '35-39': 87.8, '40-44': 77.8, '45-49': 82.2, '50-54': 90.4, '55-59': 94.4, '60-64': 90.6, '65-69': 78.4, '70-74': 90.0, '75-79': 90.0, 'old': 85.31, 'new': 90.0}
2026-05-14 13:53:36,381 [trainer.py] => CNN top1 curve: [97.2, 96.7, 96.8, 96.3, 95.52, 94.87, 93.71, 91.62, 91.73, 89.6, 87.8, 88.05, 84.92, 84.26, 82.83, 81.22]
2026-05-14 13:53:36,381 [trainer.py] => CNN top5 curve: [100.0, 100.0, 100.0, 99.85, 99.68, 99.47, 99.2, 99.1, 98.6, 98.42, 97.76, 97.85, 97.18, 96.66, 96.25, 95.94]
2026-05-14 13:53:36,381 [trainer.py] => NME top1 curve: [95.6, 95.9, 96.27, 96.0, 96.52, 95.7, 94.89, 94.3, 93.91, 92.58, 91.55, 91.18, 90.09, 88.46, 87.05, 85.6]
2026-05-14 13:53:36,381 [trainer.py] => NME top5 curve: [100.0, 99.9, 99.93, 99.95, 99.8, 99.73, 99.57, 99.58, 99.42, 99.24, 98.98, 98.95, 98.83, 98.59, 98.51, 98.26]
2026-05-14 13:53:36,381 [trainer.py] => Average Accuracy (CNN): 90.82
2026-05-14 13:53:36,381 [trainer.py] => Average Accuracy (NME): 92.85
2026-05-14 13:53:36,390 [trainer.py] => All params: 1373766230
2026-05-14 13:53:36,400 [trainer.py] => Trainable params: 86786390
2026-05-14 13:53:39,497 [der.py] => Learning on 80-85
2026-05-14 13:53:39,513 [der.py] => All params: 1459691611
2026-05-14 13:53:39,520 [der.py] => Trainable params: 86913115
2026-05-14 15:26:15,648 [der.py] => Task 16, Epoch 20/20 => Loss 0.341, Loss_clf 0.210, Loss_aux 0.131, Train_accy 94.42
2026-05-14 15:26:15,666 [base.py] => Reducing exemplars...(23 per classes)
2026-05-14 15:28:07,236 [base.py] => Constructing exemplars...(23 per classes)
2026-05-14 15:41:44,088 [der.py] => Exemplar size: 1955
2026-05-14 15:41:44,107 [trainer.py] => CNN: {'total': 78.24, '00-04': 47.6, '05-09': 73.4, '10-14': 80.4, '15-19': 86.6, '20-24': 65.2, '25-29': 80.4, '30-34': 68.2, '35-39': 70.4, '40-44': 72.2, '45-49': 74.2, '50-54': 85.8, '55-59': 84.8, '60-64': 90.8, '65-69': 70.8, '70-74': 84.0, '75-79': 97.4, '80-84': 97.8, 'old': 77.01, 'new': 97.8}
2026-05-14 15:41:44,107 [trainer.py] => NME: {'total': 83.76, '00-04': 65.6, '05-09': 82.8, '10-14': 89.6, '15-19': 89.8, '20-24': 75.6, '25-29': 87.6, '30-34': 84.6, '35-39': 82.2, '40-44': 76.2, '45-49': 79.6, '50-54': 89.6, '55-59': 92.8, '60-64': 89.4, '65-69': 76.6, '70-74': 82.6, '75-79': 91.6, '80-84': 87.8, 'old': 83.51, 'new': 87.8}
2026-05-14 15:41:44,107 [trainer.py] => CNN top1 curve: [97.2, 96.7, 96.8, 96.3, 95.52, 94.87, 93.71, 91.62, 91.73, 89.6, 87.8, 88.05, 84.92, 84.26, 82.83, 81.22, 78.24]
2026-05-14 15:41:44,107 [trainer.py] => CNN top5 curve: [100.0, 100.0, 100.0, 99.85, 99.68, 99.47, 99.2, 99.1, 98.6, 98.42, 97.76, 97.85, 97.18, 96.66, 96.25, 95.94, 95.21]
2026-05-14 15:41:44,107 [trainer.py] => NME top1 curve: [95.6, 95.9, 96.27, 96.0, 96.52, 95.7, 94.89, 94.3, 93.91, 92.58, 91.55, 91.18, 90.09, 88.46, 87.05, 85.6, 83.76]
2026-05-14 15:41:44,107 [trainer.py] => NME top5 curve: [100.0, 99.9, 99.93, 99.95, 99.8, 99.73, 99.57, 99.58, 99.42, 99.24, 98.98, 98.95, 98.83, 98.59, 98.51, 98.26, 97.93]
2026-05-14 15:41:44,107 [trainer.py] => Average Accuracy (CNN): 90.08
2026-05-14 15:41:44,107 [trainer.py] => Average Accuracy (NME): 92.32
2026-05-14 15:41:44,117 [trainer.py] => All params: 1459691611
2026-05-14 15:41:44,126 [trainer.py] => Trainable params: 86913115
2026-05-14 15:41:47,318 [der.py] => Learning on 85-90
2026-05-14 15:41:47,337 [der.py] => All params: 1545624672
2026-05-14 15:41:47,345 [der.py] => Trainable params: 87047520
2026-05-14 17:20:04,245 [der.py] => Task 17, Epoch 20/20 => Loss 0.329, Loss_clf 0.211, Loss_aux 0.118, Train_accy 94.34
2026-05-14 17:20:04,258 [base.py] => Reducing exemplars...(22 per classes)
2026-05-14 17:22:04,714 [base.py] => Constructing exemplars...(22 per classes)
2026-05-14 17:37:14,945 [der.py] => Exemplar size: 1980
2026-05-14 17:37:14,946 [trainer.py] => CNN: {'total': 78.19, '00-04': 52.2, '05-09': 68.6, '10-14': 79.2, '15-19': 85.2, '20-24': 68.0, '25-29': 71.2, '30-34': 71.2, '35-39': 66.4, '40-44': 71.8, '45-49': 72.0, '50-54': 84.4, '55-59': 85.0, '60-64': 93.4, '65-69': 69.8, '70-74': 85.8, '75-79': 94.4, '80-84': 91.4, '85-89': 97.4, 'old': 77.06, 'new': 97.4}
2026-05-14 17:37:14,946 [trainer.py] => NME: {'total': 82.99, '00-04': 65.4, '05-09': 81.8, '10-14': 88.8, '15-19': 89.6, '20-24': 75.2, '25-29': 82.0, '30-34': 82.4, '35-39': 79.4, '40-44': 74.8, '45-49': 80.0, '50-54': 88.2, '55-59': 91.0, '60-64': 89.0, '65-69': 76.4, '70-74': 81.4, '75-79': 90.8, '80-84': 88.0, '85-89': 89.6, 'old': 82.6, 'new': 89.6}
2026-05-14 17:37:14,946 [trainer.py] => CNN top1 curve: [97.2, 96.7, 96.8, 96.3, 95.52, 94.87, 93.71, 91.62, 91.73, 89.6, 87.8, 88.05, 84.92, 84.26, 82.83, 81.22, 78.24, 78.19]
2026-05-14 17:37:14,946 [trainer.py] => CNN top5 curve: [100.0, 100.0, 100.0, 99.85, 99.68, 99.47, 99.2, 99.1, 98.6, 98.42, 97.76, 97.85, 97.18, 96.66, 96.25, 95.94, 95.21, 94.94]
2026-05-14 17:37:14,946 [trainer.py] => NME top1 curve: [95.6, 95.9, 96.27, 96.0, 96.52, 95.7, 94.89, 94.3, 93.91, 92.58, 91.55, 91.18, 90.09, 88.46, 87.05, 85.6, 83.76, 82.99]
2026-05-14 17:37:14,946 [trainer.py] => NME top5 curve: [100.0, 99.9, 99.93, 99.95, 99.8, 99.73, 99.57, 99.58, 99.42, 99.24, 98.98, 98.95, 98.83, 98.59, 98.51, 98.26, 97.93, 97.59]
2026-05-14 17:37:14,946 [trainer.py] => Average Accuracy (CNN): 89.42
2026-05-14 17:37:14,946 [trainer.py] => Average Accuracy (NME): 91.8
2026-05-14 17:37:14,957 [trainer.py] => All params: 1545624672
2026-05-14 17:37:14,966 [trainer.py] => Trainable params: 87047520
2026-05-14 17:37:18,047 [der.py] => Learning on 90-95
2026-05-14 17:37:18,065 [der.py] => All params: 1631565413
2026-05-14 17:37:18,073 [der.py] => Trainable params: 87189605
2026-05-14 19:22:36,005 [der.py] => Task 18, Epoch 20/20 => Loss 0.323, Loss_clf 0.219, Loss_aux 0.104, Train_accy 94.17
2026-05-14 19:22:36,022 [base.py] => Reducing exemplars...(21 per classes)
2026-05-14 19:24:44,498 [base.py] => Constructing exemplars...(21 per classes)
2026-05-14 19:41:30,703 [der.py] => Exemplar size: 1995
2026-05-14 19:41:30,718 [trainer.py] => CNN: {'total': 76.64, '00-04': 57.0, '05-09': 65.6, '10-14': 72.6, '15-19': 82.4, '20-24': 66.2, '25-29': 70.2, '30-34': 67.2, '35-39': 67.8, '40-44': 68.4, '45-49': 71.0, '50-54': 86.4, '55-59': 79.0, '60-64': 87.4, '65-69': 66.2, '70-74': 80.0, '75-79': 91.2, '80-84': 91.2, '85-89': 88.4, '90-94': 98.0, 'old': 75.46, 'new': 98.0}
2026-05-14 19:41:30,718 [trainer.py] => NME: {'total': 82.14, '00-04': 63.6, '05-09': 80.6, '10-14': 88.2, '15-19': 89.4, '20-24': 75.0, '25-29': 81.6, '30-34': 81.2, '35-39': 77.2, '40-44': 74.4, '45-49': 79.2, '50-54': 87.8, '55-59': 86.6, '60-64': 86.8, '65-69': 74.2, '70-74': 82.0, '75-79': 89.2, '80-84': 88.6, '85-89': 88.2, '90-94': 86.8, 'old': 81.88, 'new': 86.8}
2026-05-14 19:41:30,718 [trainer.py] => CNN top1 curve: [97.2, 96.7, 96.8, 96.3, 95.52, 94.87, 93.71, 91.62, 91.73, 89.6, 87.8, 88.05, 84.92, 84.26, 82.83, 81.22, 78.24, 78.19, 76.64]
2026-05-14 19:41:30,718 [trainer.py] => CNN top5 curve: [100.0, 100.0, 100.0, 99.85, 99.68, 99.47, 99.2, 99.1, 98.6, 98.42, 97.76, 97.85, 97.18, 96.66, 96.25, 95.94, 95.21, 94.94, 94.17]
2026-05-14 19:41:30,718 [trainer.py] => NME top1 curve: [95.6, 95.9, 96.27, 96.0, 96.52, 95.7, 94.89, 94.3, 93.91, 92.58, 91.55, 91.18, 90.09, 88.46, 87.05, 85.6, 83.76, 82.99, 82.14]
2026-05-14 19:41:30,718 [trainer.py] => NME top5 curve: [100.0, 99.9, 99.93, 99.95, 99.8, 99.73, 99.57, 99.58, 99.42, 99.24, 98.98, 98.95, 98.83, 98.59, 98.51, 98.26, 97.93, 97.59, 97.21]
2026-05-14 19:41:30,718 [trainer.py] => Average Accuracy (CNN): 88.75
2026-05-14 19:41:30,718 [trainer.py] => Average Accuracy (NME): 91.29
2026-05-14 19:41:30,729 [trainer.py] => All params: 1631565413
2026-05-14 19:41:30,739 [trainer.py] => Trainable params: 87189605
2026-05-14 19:41:33,899 [der.py] => Learning on 95-100
2026-05-14 19:41:33,918 [der.py] => All params: 1717513834
2026-05-14 19:41:33,927 [der.py] => Trainable params: 87339370
2026-05-14 21:33:48,368 [der.py] => Task 19, Epoch 20/20 => Loss 0.324, Loss_clf 0.210, Loss_aux 0.114, Train_accy 94.24
2026-05-14 21:33:48,383 [base.py] => Reducing exemplars...(20 per classes)
2026-05-14 21:36:06,955 [base.py] => Constructing exemplars...(20 per classes)
2026-05-14 21:54:34,764 [der.py] => Exemplar size: 2000
2026-05-14 21:54:34,771 [trainer.py] => CNN: {'total': 75.14, '00-04': 48.4, '05-09': 70.0, '10-14': 69.6, '15-19': 84.0, '20-24': 64.0, '25-29': 75.0, '30-34': 63.0, '35-39': 62.8, '40-44': 67.6, '45-49': 66.6, '50-54': 79.8, '55-59': 81.0, '60-64': 77.0, '65-69': 67.4, '70-74': 78.2, '75-79': 87.2, '80-84': 85.4, '85-89': 86.0, '90-94': 90.8, '95-99': 99.0, 'old': 73.88, 'new': 99.0}
2026-05-14 21:54:34,772 [trainer.py] => NME: {'total': 81.54, '00-04': 63.0, '05-09': 79.6, '10-14': 87.0, '15-19': 89.0, '20-24': 74.0, '25-29': 81.4, '30-34': 79.4, '35-39': 76.4, '40-44': 72.4, '45-49': 75.8, '50-54': 87.0, '55-59': 86.6, '60-64': 84.0, '65-69': 72.4, '70-74': 81.0, '75-79': 89.2, '80-84': 87.0, '85-89': 86.4, '90-94': 89.2, '95-99': 90.0, 'old': 81.09, 'new': 90.0}
2026-05-14 21:54:34,772 [trainer.py] => CNN top1 curve: [97.2, 96.7, 96.8, 96.3, 95.52, 94.87, 93.71, 91.62, 91.73, 89.6, 87.8, 88.05, 84.92, 84.26, 82.83, 81.22, 78.24, 78.19, 76.64, 75.14]
2026-05-14 21:54:34,772 [trainer.py] => CNN top5 curve: [100.0, 100.0, 100.0, 99.85, 99.68, 99.47, 99.2, 99.1, 98.6, 98.42, 97.76, 97.85, 97.18, 96.66, 96.25, 95.94, 95.21, 94.94, 94.17, 93.79]
2026-05-14 21:54:34,772 [trainer.py] => NME top1 curve: [95.6, 95.9, 96.27, 96.0, 96.52, 95.7, 94.89, 94.3, 93.91, 92.58, 91.55, 91.18, 90.09, 88.46, 87.05, 85.6, 83.76, 82.99, 82.14, 81.54]
2026-05-14 21:54:34,772 [trainer.py] => NME top5 curve: [100.0, 99.9, 99.93, 99.95, 99.8, 99.73, 99.57, 99.58, 99.42, 99.24, 98.98, 98.95, 98.83, 98.59, 98.51, 98.26, 97.93, 97.59, 97.21, 96.84]
2026-05-14 21:54:34,772 [trainer.py] => Average Accuracy (CNN): 88.07
2026-05-14 21:54:34,772 [trainer.py] => Average Accuracy (NME): 90.8
2026-05-14 21:54:34,772 [trainer.py] => ================================================================================
2026-05-14 21:54:34,772 [trainer.py] => Finished cifar224_init5_inc5: vit_base_patch16_224_in21k  seed=1994 
2026-05-14 21:54:34,772 [trainer.py] => Last Accuracy: 75.14
2026-05-14 21:54:34,772 [trainer.py] => Average Accuracy (CNN): 88.07
2026-05-14 21:54:34,772 [trainer.py] => PD: 22.06
2026-05-14 21:54:34,772 [trainer.py] => Accuracy Matrix (CNN):
2026-05-14 21:54:34,774 [trainer.py] => [[97.2 96.2 94.8 92.4 91.2 89.6 82.  76.  73.4 75.6 75.2 72.2 72.2 74.6
  57.4 60.8 47.6 52.2 57.  48.4]
 [ 0.  97.2 96.8 95.2 92.6 91.4 90.  88.4 90.2 87.6 79.6 79.6 77.2 77.2
  77.6 78.6 73.4 68.6 65.6 70. ]
 [ 0.   0.  98.8 98.8 96.4 97.6 96.8 90.2 93.2 88.6 91.4 91.8 78.  83.8
  85.2 81.2 80.4 79.2 72.6 69.6]
 [ 0.   0.   0.  98.8 98.2 95.2 96.4 93.2 93.8 87.4 90.4 91.8 87.  83.4
  86.  85.2 86.6 85.2 82.4 84. ]
 [ 0.   0.   0.   0.  99.2 98.2 96.6 97.  95.  91.2 85.8 90.4 89.  77.
  76.2 66.2 65.2 68.  66.2 64. ]
 [ 0.   0.   0.   0.   0.  97.2 95.4 94.6 92.8 90.2 90.2 87.2 84.6 85.8
  85.6 76.8 80.4 71.2 70.2 75. ]
 [ 0.   0.   0.   0.   0.   0.  98.8 96.  92.8 91.8 87.4 85.2 84.  85.
  85.8 80.4 68.2 71.2 67.2 63. ]
 [ 0.   0.   0.   0.   0.   0.   0.  97.6 95.8 95.2 95.  94.6 87.2 82.2
  74.8 77.6 70.4 66.4 67.8 62.8]
 [ 0.   0.   0.   0.   0.   0.   0.   0.  98.6 92.2 84.2 82.6 72.4 78.8
  75.8 79.6 72.2 71.8 68.4 67.6]
 [ 0.   0.   0.   0.   0.   0.   0.   0.   0.  96.2 87.8 87.4 86.8 79.2
  81.8 74.  74.2 72.  71.  66.6]
 [ 0.   0.   0.   0.   0.   0.   0.   0.   0.   0.  98.8 96.4 95.8 92.2
  90.  89.6 85.8 84.4 86.4 79.8]
 [ 0.   0.   0.   0.   0.   0.   0.   0.   0.   0.   0.  97.4 90.4 92.8
  90.8 91.2 84.8 85.  79.  81. ]
 [ 0.   0.   0.   0.   0.   0.   0.   0.   0.   0.   0.   0.  99.4 92.2
  93.6 89.6 90.8 93.4 87.4 77. ]
 [ 0.   0.   0.   0.   0.   0.   0.   0.   0.   0.   0.   0.   0.  95.4
  82.8 75.  70.8 69.8 66.2 67.4]
 [ 0.   0.   0.   0.   0.   0.   0.   0.   0.   0.   0.   0.   0.   0.
  99.  94.8 84.  85.8 80.  78.2]
 [ 0.   0.   0.   0.   0.   0.   0.   0.   0.   0.   0.   0.   0.   0.
   0.  99.  97.4 94.4 91.2 87.2]
 [ 0.   0.   0.   0.   0.   0.   0.   0.   0.   0.   0.   0.   0.   0.
   0.   0.  97.8 91.4 91.2 85.4]
 [ 0.   0.   0.   0.   0.   0.   0.   0.   0.   0.   0.   0.   0.   0.
   0.   0.   0.  97.4 88.4 86. ]
 [ 0.   0.   0.   0.   0.   0.   0.   0.   0.   0.   0.   0.   0.   0.
   0.   0.   0.   0.  98.  90.8]
 [ 0.   0.   0.   0.   0.   0.   0.   0.   0.   0.   0.   0.   0.   0.
   0.   0.   0.   0.   0.  99. ]]
2026-05-14 21:54:34,774 [trainer.py] => Forgetting (CNN): 24.105263157894733
2026-05-14 21:54:34,774 [trainer.py] => Accuracy Matrix (NME):
2026-05-14 21:54:34,776 [trainer.py] => [[95.6 95.4 93.6 92.8 92.8 92.2 89.2 86.4 85.6 82.8 83.2 82.  78.8 79.2
  70.8 70.  65.6 65.4 63.6 63. ]
 [ 0.  96.4 96.8 95.8 95.8 94.4 93.8 93.6 93.4 93.2 90.6 88.  87.2 86.4
  85.8 84.8 82.8 81.8 80.6 79.6]
 [ 0.   0.  98.4 98.6 98.4 98.4 98.2 96.8 96.2 95.8 95.  95.2 93.2 93.
  92.6 90.2 89.6 88.8 88.2 87. ]
 [ 0.   0.   0.  96.8 98.  97.8 97.6 97.  96.4 94.  93.  93.2 92.  92.
  90.8 90.  89.8 89.6 89.4 89. ]
 [ 0.   0.   0.   0.  97.6 98.  98.2 98.  97.4 95.  94.8 93.2 92.6 84.8
  80.8 76.8 75.6 75.2 75.  74. ]
 [ 0.   0.   0.   0.   0.  93.4 94.6 95.4 95.4 95.2 95.4 94.4 93.2 93.
  92.6 89.2 87.6 82.  81.6 81.4]
 [ 0.   0.   0.   0.   0.   0.  92.6 94.4 94.6 93.8 93.  92.2 89.2 89.2
  89.  87.  84.6 82.4 81.2 79.4]
 [ 0.   0.   0.   0.   0.   0.   0.  92.8 94.2 94.4 94.6 94.6 94.  89.6
  88.2 87.8 82.2 79.4 77.2 76.4]
 [ 0.   0.   0.   0.   0.   0.   0.   0.  92.  91.8 87.4 86.4 80.  79.2
  78.2 77.8 76.2 74.8 74.4 72.4]
 [ 0.   0.   0.   0.   0.   0.   0.   0.   0.  89.8 88.2 88.  88.2 85.6
  85.6 82.2 79.6 80.  79.2 75.8]
 [ 0.   0.   0.   0.   0.   0.   0.   0.   0.   0.  91.8 92.4 93.  91.6
  91.2 90.4 89.6 88.2 87.8 87. ]
 [ 0.   0.   0.   0.   0.   0.   0.   0.   0.   0.   0.  94.6 95.2 95.4
  94.2 94.4 92.8 91.  86.6 86.6]
 [ 0.   0.   0.   0.   0.   0.   0.   0.   0.   0.   0.   0.  94.6 90.8
  91.  90.6 89.4 89.  86.8 84. ]
 [ 0.   0.   0.   0.   0.   0.   0.   0.   0.   0.   0.   0.   0.  88.6
  84.2 78.4 76.6 76.4 74.2 72.4]
 [ 0.   0.   0.   0.   0.   0.   0.   0.   0.   0.   0.   0.   0.   0.
  90.8 90.  82.6 81.4 82.  81. ]
 [ 0.   0.   0.   0.   0.   0.   0.   0.   0.   0.   0.   0.   0.   0.
   0.  90.  91.6 90.8 89.2 89.2]
 [ 0.   0.   0.   0.   0.   0.   0.   0.   0.   0.   0.   0.   0.   0.
   0.   0.  87.8 88.  88.6 87. ]
 [ 0.   0.   0.   0.   0.   0.   0.   0.   0.   0.   0.   0.   0.   0.
   0.   0.   0.  89.6 88.2 86.4]
 [ 0.   0.   0.   0.   0.   0.   0.   0.   0.   0.   0.   0.   0.   0.
   0.   0.   0.   0.  86.8 89.2]
 [ 0.   0.   0.   0.   0.   0.   0.   0.   0.   0.   0.   0.   0.   0.
   0.   0.   0.   0.   0.  90. ]]
2026-05-14 21:54:34,776 [trainer.py] => Forgetting (NME): 12.32631578947368
2026-05-14 21:54:34,776 [trainer.py] => ================================================================================
