2026-06-02 14:01:20,103 [trainer.py] => config: ./configs/ease/ease_cub_B100_Inc10.json
2026-06-02 14:01:20,103 [trainer.py] => prefix:  
2026-06-02 14:01:20,103 [trainer.py] => dataset: cub
2026-06-02 14:01:20,103 [trainer.py] => memory_size: 0
2026-06-02 14:01:20,103 [trainer.py] => memory_per_class: 0
2026-06-02 14:01:20,104 [trainer.py] => fixed_memory: False
2026-06-02 14:01:20,104 [trainer.py] => shuffle: True
2026-06-02 14:01:20,104 [trainer.py] => init_cls: 100
2026-06-02 14:01:20,104 [trainer.py] => increment: 10
2026-06-02 14:01:20,104 [trainer.py] => model_name: ease
2026-06-02 14:01:20,104 [trainer.py] => backbone_type: vit_base_patch16_224_in21k_ease
2026-06-02 14:01:20,104 [trainer.py] => device: [device(type='cuda', index=3)]
2026-06-02 14:01:20,104 [trainer.py] => seed: 1993
2026-06-02 14:01:20,104 [trainer.py] => init_epochs: 20
2026-06-02 14:01:20,104 [trainer.py] => init_lr: 0.008
2026-06-02 14:01:20,104 [trainer.py] => later_epochs: 20
2026-06-02 14:01:20,104 [trainer.py] => later_lr: 0.008
2026-06-02 14:01:20,104 [trainer.py] => batch_size: 32
2026-06-02 14:01:20,104 [trainer.py] => weight_decay: 0.0005
2026-06-02 14:01:20,104 [trainer.py] => min_lr: 0
2026-06-02 14:01:20,104 [trainer.py] => optimizer: sgd
2026-06-02 14:01:20,104 [trainer.py] => scheduler: cosine
2026-06-02 14:01:20,104 [trainer.py] => pretrained: True
2026-06-02 14:01:20,104 [trainer.py] => vpt_type: Deep
2026-06-02 14:01:20,104 [trainer.py] => prompt_token_num: 5
2026-06-02 14:01:20,104 [trainer.py] => ffn_num: 16
2026-06-02 14:01:20,104 [trainer.py] => use_diagonal: False
2026-06-02 14:01:20,104 [trainer.py] => recalc_sim: True
2026-06-02 14:01:20,104 [trainer.py] => alpha: 0.05
2026-06-02 14:01:20,105 [trainer.py] => use_init_ptm: False
2026-06-02 14:01:20,105 [trainer.py] => beta: 0
2026-06-02 14:01:20,105 [trainer.py] => use_old_data: False
2026-06-02 14:01:20,105 [trainer.py] => use_reweight: True
2026-06-02 14:01:20,105 [trainer.py] => moni_adam: False
2026-06-02 14:01:20,105 [trainer.py] => adapter_num: -1
2026-06-02 14:01:20,105 [trainer.py] => nb_classes: 200
2026-06-02 14:01:20,105 [trainer.py] => nb_tasks: 11
2026-06-02 14:01:20,764 [data_manager.py] => [168, 136, 51, 9, 183, 101, 171, 99, 42, 159, 191, 70, 16, 188, 27, 10, 175, 26, 68, 187, 98, 6, 85, 35, 112, 43, 100, 0, 103, 181, 88, 59, 4, 2, 116, 174, 94, 80, 106, 1, 147, 17, 141, 131, 72, 23, 173, 54, 197, 118, 87, 32, 79, 104, 91, 19, 135, 107, 178, 36, 11, 199, 142, 8, 122, 3, 28, 57, 153, 172, 190, 56, 49, 44, 97, 62, 151, 169, 194, 55, 192, 12, 189, 78, 66, 180, 15, 137, 109, 134, 92, 119, 126, 52, 170, 40, 148, 65, 144, 64, 138, 45, 77, 89, 154, 90, 71, 193, 74, 30, 113, 143, 96, 84, 67, 50, 186, 156, 69, 21, 18, 111, 108, 58, 125, 157, 150, 110, 182, 129, 166, 83, 81, 60, 13, 165, 14, 176, 63, 117, 5, 22, 145, 121, 38, 41, 82, 127, 114, 20, 31, 53, 37, 163, 196, 130, 152, 162, 86, 76, 24, 34, 184, 149, 33, 128, 198, 155, 146, 167, 139, 120, 140, 102, 47, 25, 158, 123, 46, 164, 61, 7, 115, 75, 133, 160, 105, 132, 179, 124, 48, 73, 93, 39, 95, 195, 29, 177, 185, 161]
2026-06-02 14:01:25,923 [trainer.py] => All params: 86102976
2026-06-02 14:01:25,924 [trainer.py] => Trainable params: 304320
2026-06-02 14:01:25,937 [ease.py] => Learning on 0-100
2026-06-02 14:53:22,115 [ease.py] => Task 0, Epoch 20/20 => Loss 0.455, Train_accy 90.35
2026-06-02 14:54:58,012 [ease.py] => Task correct: 93.0976430976431
2026-06-02 14:54:58,012 [ease.py] => Task acc: 98.56902356902357
2026-06-02 14:54:58,561 [trainer.py] => No NME accuracy.
2026-06-02 14:54:58,561 [trainer.py] => CNN: {'total': 92.68, '00-99': 92.68, 'old': 0, 'new': 92.68}
2026-06-02 14:54:58,562 [trainer.py] => CNN top1 curve: [92.68]
2026-06-02 14:54:58,562 [trainer.py] => CNN top5 curve: [98.99]
2026-06-02 14:54:58,562 [trainer.py] => Average Accuracy (CNN): 92.68
2026-06-02 14:54:58,562 [trainer.py] => All params: 86256578
2026-06-02 14:54:58,563 [trainer.py] => Trainable params: 304320
2026-06-02 14:54:58,596 [ease.py] => Learning on 100-110
2026-06-02 15:00:30,397 [ease.py] => Task 1, Epoch 20/20 => Loss 0.656, Train_accy 96.05
2026-06-02 15:01:31,268 [ease.py] => Task correct: 92.0951650038373
2026-06-02 15:01:31,269 [ease.py] => Task acc: 98.61857252494244
2026-06-02 15:01:31,814 [trainer.py] => No NME accuracy.
2026-06-02 15:01:31,814 [trainer.py] => CNN: {'total': 91.71, '00-99': 91.67, '100-109': 92.17, 'old': 91.67, 'new': 92.17}
2026-06-02 15:01:31,814 [trainer.py] => CNN top1 curve: [92.68, 91.71]
2026-06-02 15:01:31,814 [trainer.py] => CNN top5 curve: [98.99, 98.77]
2026-06-02 15:01:31,814 [trainer.py] => Average Accuracy (CNN): 92.2
2026-06-02 15:01:31,815 [trainer.py] => All params: 86279618
2026-06-02 15:01:31,815 [trainer.py] => Trainable params: 304320
2026-06-02 15:01:31,841 [ease.py] => Learning on 110-120
2026-06-02 15:06:53,763 [ease.py] => Task 2, Epoch 20/20 => Loss 0.729, Train_accy 96.82
2026-06-02 15:08:18,270 [ease.py] => Task correct: 89.19491525423729
2026-06-02 15:08:18,270 [ease.py] => Task acc: 98.58757062146893
2026-06-02 15:08:18,812 [trainer.py] => No NME accuracy.
2026-06-02 15:08:18,812 [trainer.py] => CNN: {'total': 88.84, '00-99': 89.56, '100-109': 92.17, '110-119': 77.88, 'old': 89.79, 'new': 77.88}
2026-06-02 15:08:18,812 [trainer.py] => CNN top1 curve: [92.68, 91.71, 88.84]
2026-06-02 15:08:18,812 [trainer.py] => CNN top5 curve: [98.99, 98.77, 98.52]
2026-06-02 15:08:18,812 [trainer.py] => Average Accuracy (CNN): 91.08
2026-06-02 15:08:18,813 [trainer.py] => All params: 86387138
2026-06-02 15:08:18,814 [trainer.py] => Trainable params: 304320
2026-06-02 15:08:18,840 [ease.py] => Learning on 120-130
2026-06-02 15:13:51,135 [ease.py] => Task 3, Epoch 20/20 => Loss 0.833, Train_accy 93.36
2026-06-02 15:16:05,688 [ease.py] => Task correct: 88.37820091923834
2026-06-02 15:16:05,688 [ease.py] => Task acc: 98.4241628365069
2026-06-02 15:16:06,241 [trainer.py] => No NME accuracy.
2026-06-02 15:16:06,241 [trainer.py] => CNN: {'total': 87.92, '00-99': 88.47, '100-109': 92.17, '110-119': 76.99, '120-129': 88.79, 'old': 87.85, 'new': 88.79}
2026-06-02 15:16:06,241 [trainer.py] => CNN top1 curve: [92.68, 91.71, 88.84, 87.92]
2026-06-02 15:16:06,241 [trainer.py] => CNN top5 curve: [98.99, 98.77, 98.52, 98.16]
2026-06-02 15:16:06,241 [trainer.py] => Average Accuracy (CNN): 90.29
2026-06-02 15:16:06,242 [trainer.py] => All params: 86510018
2026-06-02 15:16:06,243 [trainer.py] => Trainable params: 304320
2026-06-02 15:16:06,276 [ease.py] => Learning on 130-140
2026-06-02 15:21:22,353 [ease.py] => Task 4, Epoch 20/20 => Loss 0.893, Train_accy 95.13
2026-06-02 15:24:19,903 [ease.py] => Task correct: 87.87324801950031
2026-06-02 15:24:19,904 [ease.py] => Task acc: 98.29372333942717
2026-06-02 15:24:20,460 [trainer.py] => No NME accuracy.
2026-06-02 15:24:20,460 [trainer.py] => CNN: {'total': 87.39, '00-99': 88.22, '100-109': 91.3, '110-119': 76.99, '120-129': 83.18, '130-139': 88.98, 'old': 87.26, 'new': 88.98}
2026-06-02 15:24:20,461 [trainer.py] => CNN top1 curve: [92.68, 91.71, 88.84, 87.92, 87.39]
2026-06-02 15:24:20,461 [trainer.py] => CNN top5 curve: [98.99, 98.77, 98.52, 98.16, 97.87]
2026-06-02 15:24:20,461 [trainer.py] => Average Accuracy (CNN): 89.71
2026-06-02 15:24:20,461 [trainer.py] => All params: 86648258
2026-06-02 15:24:20,462 [trainer.py] => Trainable params: 304320
2026-06-02 15:24:20,495 [ease.py] => Learning on 140-150
2026-06-02 15:29:31,516 [ease.py] => Task 5, Epoch 20/20 => Loss 0.845, Train_accy 96.02
2026-06-02 15:33:14,344 [ease.py] => Task correct: 87.09677419354838
2026-06-02 15:33:14,344 [ease.py] => Task acc: 98.35880022637238
2026-06-02 15:33:14,878 [trainer.py] => No NME accuracy.
2026-06-02 15:33:14,878 [trainer.py] => CNN: {'total': 86.7, '00-99': 87.21, '100-109': 91.3, '110-119': 74.34, '120-129': 82.24, '130-139': 88.98, '140-149': 90.48, 'old': 86.41, 'new': 90.48}
2026-06-02 15:33:14,878 [trainer.py] => CNN top1 curve: [92.68, 91.71, 88.84, 87.92, 87.39, 86.7]
2026-06-02 15:33:14,878 [trainer.py] => CNN top5 curve: [98.99, 98.77, 98.52, 98.16, 97.87, 97.57]
2026-06-02 15:33:14,878 [trainer.py] => Average Accuracy (CNN): 89.21
2026-06-02 15:33:14,879 [trainer.py] => All params: 86801858
2026-06-02 15:33:14,880 [trainer.py] => Trainable params: 304320
2026-06-02 15:33:14,913 [ease.py] => Learning on 150-160
2026-06-02 15:38:28,584 [ease.py] => Task 6, Epoch 20/20 => Loss 0.836, Train_accy 95.94
2026-06-02 15:43:03,218 [ease.py] => Task correct: 87.30830248545743
2026-06-02 15:43:03,218 [ease.py] => Task acc: 98.46641988365944
2026-06-02 15:43:03,769 [trainer.py] => No NME accuracy.
2026-06-02 15:43:03,769 [trainer.py] => CNN: {'total': 86.94, '00-99': 87.12, '100-109': 87.83, '110-119': 74.34, '120-129': 81.31, '130-139': 88.98, '140-149': 89.68, '150-159': 95.97, 'old': 86.3, 'new': 95.97}
2026-06-02 15:43:03,769 [trainer.py] => CNN top1 curve: [92.68, 91.71, 88.84, 87.92, 87.39, 86.7, 86.94]
2026-06-02 15:43:03,769 [trainer.py] => CNN top5 curve: [98.99, 98.77, 98.52, 98.16, 97.87, 97.57, 97.41]
2026-06-02 15:43:03,769 [trainer.py] => Average Accuracy (CNN): 88.88
2026-06-02 15:43:03,770 [trainer.py] => All params: 86970818
2026-06-02 15:43:03,771 [trainer.py] => Trainable params: 304320
2026-06-02 15:43:03,804 [ease.py] => Learning on 160-170
2026-06-02 15:48:22,207 [ease.py] => Task 7, Epoch 20/20 => Loss 0.750, Train_accy 95.91
2026-06-02 15:53:46,739 [ease.py] => Task correct: 86.76543209876543
2026-06-02 15:53:46,739 [ease.py] => Task acc: 98.51851851851852
2026-06-02 15:53:47,288 [trainer.py] => No NME accuracy.
2026-06-02 15:53:47,288 [trainer.py] => CNN: {'total': 86.37, '00-99': 86.53, '100-109': 87.83, '110-119': 74.34, '120-129': 81.31, '130-139': 87.29, '140-149': 87.3, '150-159': 95.97, '160-169': 87.31, 'old': 86.3, 'new': 87.31}
2026-06-02 15:53:47,288 [trainer.py] => CNN top1 curve: [92.68, 91.71, 88.84, 87.92, 87.39, 86.7, 86.94, 86.37]
2026-06-02 15:53:47,288 [trainer.py] => CNN top5 curve: [98.99, 98.77, 98.52, 98.16, 97.87, 97.57, 97.41, 97.33]
2026-06-02 15:53:47,288 [trainer.py] => Average Accuracy (CNN): 88.57
2026-06-02 15:53:47,289 [trainer.py] => All params: 87155138
2026-06-02 15:53:47,289 [trainer.py] => Trainable params: 304320
2026-06-02 15:53:47,323 [ease.py] => Learning on 170-180
2026-06-02 15:59:26,275 [ease.py] => Task 8, Epoch 20/20 => Loss 0.835, Train_accy 95.95
2026-06-02 16:05:46,058 [ease.py] => Task correct: 86.32518796992481
2026-06-02 16:05:46,059 [ease.py] => Task acc: 98.54323308270676
2026-06-02 16:05:46,546 [trainer.py] => No NME accuracy.
2026-06-02 16:05:46,546 [trainer.py] => CNN: {'total': 85.9, '00-99': 85.77, '100-109': 87.83, '110-119': 71.68, '120-129': 77.57, '130-139': 86.44, '140-149': 86.51, '150-159': 94.35, '160-169': 87.31, '170-179': 96.12, 'old': 85.38, 'new': 96.12}
2026-06-02 16:05:46,546 [trainer.py] => CNN top1 curve: [92.68, 91.71, 88.84, 87.92, 87.39, 86.7, 86.94, 86.37, 85.9]
2026-06-02 16:05:46,546 [trainer.py] => CNN top5 curve: [98.99, 98.77, 98.52, 98.16, 97.87, 97.57, 97.41, 97.33, 97.13]
2026-06-02 16:05:46,546 [trainer.py] => Average Accuracy (CNN): 88.27
2026-06-02 16:05:46,547 [trainer.py] => All params: 87354818
2026-06-02 16:05:46,547 [trainer.py] => Trainable params: 304320
2026-06-02 16:05:46,581 [ease.py] => Learning on 180-190
2026-06-02 16:10:57,857 [ease.py] => Task 9, Epoch 20/20 => Loss 0.819, Train_accy 94.51
2026-06-02 16:18:20,602 [ease.py] => Task correct: 85.929203539823
2026-06-02 16:18:20,603 [ease.py] => Task acc: 98.45132743362832
2026-06-02 16:18:21,061 [trainer.py] => No NME accuracy.
2026-06-02 16:18:21,061 [trainer.py] => CNN: {'total': 85.49, '00-99': 85.27, '100-109': 87.83, '110-119': 70.8, '120-129': 77.57, '130-139': 86.44, '140-149': 84.92, '150-159': 94.35, '160-169': 87.31, '170-179': 96.12, '180-189': 85.61, 'old': 85.48, 'new': 85.61}
2026-06-02 16:18:21,061 [trainer.py] => CNN top1 curve: [92.68, 91.71, 88.84, 87.92, 87.39, 86.7, 86.94, 86.37, 85.9, 85.49]
2026-06-02 16:18:21,061 [trainer.py] => CNN top5 curve: [98.99, 98.77, 98.52, 98.16, 97.87, 97.57, 97.41, 97.33, 97.13, 96.9]
2026-06-02 16:18:21,061 [trainer.py] => Average Accuracy (CNN): 87.99
2026-06-02 16:18:21,062 [trainer.py] => All params: 87569858
2026-06-02 16:18:21,062 [trainer.py] => Trainable params: 304320
2026-06-02 16:18:21,090 [ease.py] => Learning on 190-200
2026-06-02 16:23:50,779 [ease.py] => Task 10, Epoch 20/20 => Loss 0.712, Train_accy 93.96
2026-06-02 16:32:19,304 [ease.py] => Task correct: 85.41136556403733
2026-06-02 16:32:19,304 [ease.py] => Task acc: 98.38846480067853
2026-06-02 16:32:19,862 [trainer.py] => No NME accuracy.
2026-06-02 16:32:19,862 [trainer.py] => CNN: {'total': 84.94, '00-99': 84.6, '100-109': 87.83, '110-119': 70.8, '120-129': 77.57, '130-139': 86.44, '140-149': 84.92, '150-159': 94.35, '160-169': 85.07, '170-179': 94.17, '180-189': 84.85, '190-199': 86.73, 'old': 84.87, 'new': 86.73}
2026-06-02 16:32:19,862 [trainer.py] => CNN top1 curve: [92.68, 91.71, 88.84, 87.92, 87.39, 86.7, 86.94, 86.37, 85.9, 85.49, 84.94]
2026-06-02 16:32:19,862 [trainer.py] => CNN top5 curve: [98.99, 98.77, 98.52, 98.16, 97.87, 97.57, 97.41, 97.33, 97.13, 96.9, 96.78]
2026-06-02 16:32:19,862 [trainer.py] => Average Accuracy (CNN): 87.72
