2026-05-31 22:02:15,776 [trainer.py] => config: ./configs/ease/ease_cub_B0_Inc10.json
2026-05-31 22:02:15,776 [trainer.py] => prefix:  
2026-05-31 22:02:15,777 [trainer.py] => dataset: cub
2026-05-31 22:02:15,777 [trainer.py] => memory_size: 0
2026-05-31 22:02:15,777 [trainer.py] => memory_per_class: 0
2026-05-31 22:02:15,777 [trainer.py] => fixed_memory: False
2026-05-31 22:02:15,777 [trainer.py] => shuffle: True
2026-05-31 22:02:15,777 [trainer.py] => init_cls: 10
2026-05-31 22:02:15,777 [trainer.py] => increment: 10
2026-05-31 22:02:15,777 [trainer.py] => model_name: ease
2026-05-31 22:02:15,777 [trainer.py] => backbone_type: vit_base_patch16_224_in21k_ease
2026-05-31 22:02:15,777 [trainer.py] => device: [device(type='cuda', index=3)]
2026-05-31 22:02:15,777 [trainer.py] => seed: 42
2026-05-31 22:02:15,777 [trainer.py] => init_epochs: 20
2026-05-31 22:02:15,777 [trainer.py] => init_lr: 0.008
2026-05-31 22:02:15,778 [trainer.py] => later_epochs: 20
2026-05-31 22:02:15,778 [trainer.py] => later_lr: 0.008
2026-05-31 22:02:15,778 [trainer.py] => batch_size: 32
2026-05-31 22:02:15,778 [trainer.py] => weight_decay: 0.0005
2026-05-31 22:02:15,778 [trainer.py] => min_lr: 0
2026-05-31 22:02:15,778 [trainer.py] => optimizer: sgd
2026-05-31 22:02:15,778 [trainer.py] => scheduler: cosine
2026-05-31 22:02:15,778 [trainer.py] => pretrained: True
2026-05-31 22:02:15,778 [trainer.py] => vpt_type: Deep
2026-05-31 22:02:15,778 [trainer.py] => prompt_token_num: 5
2026-05-31 22:02:15,778 [trainer.py] => ffn_num: 16
2026-05-31 22:02:15,778 [trainer.py] => use_diagonal: False
2026-05-31 22:02:15,778 [trainer.py] => recalc_sim: True
2026-05-31 22:02:15,779 [trainer.py] => alpha: 0.05
2026-05-31 22:02:15,779 [trainer.py] => use_init_ptm: False
2026-05-31 22:02:15,779 [trainer.py] => beta: 0
2026-05-31 22:02:15,779 [trainer.py] => use_old_data: False
2026-05-31 22:02:15,779 [trainer.py] => use_reweight: True
2026-05-31 22:02:15,779 [trainer.py] => moni_adam: False
2026-05-31 22:02:15,779 [trainer.py] => adapter_num: -1
2026-05-31 22:02:16,864 [data_manager.py] => [95, 15, 30, 158, 128, 115, 69, 170, 174, 45, 66, 182, 165, 78, 186, 177, 56, 152, 82, 68, 124, 16, 148, 93, 65, 60, 84, 67, 125, 132, 9, 18, 55, 75, 150, 104, 135, 137, 164, 76, 79, 197, 38, 24, 122, 195, 29, 19, 143, 86, 114, 173, 5, 126, 117, 73, 140, 98, 172, 96, 169, 97, 31, 12, 35, 119, 42, 189, 90, 136, 51, 127, 162, 41, 118, 113, 26, 139, 100, 111, 2, 77, 46, 187, 191, 85, 161, 36, 190, 61, 22, 141, 101, 33, 11, 194, 159, 6, 27, 120, 4, 32, 142, 145, 109, 144, 10, 62, 112, 146, 166, 0, 198, 153, 70, 123, 64, 44, 163, 28, 40, 108, 155, 156, 25, 23, 184, 147, 81, 39, 168, 47, 94, 154, 43, 138, 3, 105, 53, 133, 180, 178, 185, 49, 80, 34, 7, 110, 91, 83, 176, 181, 89, 8, 13, 59, 171, 131, 17, 72, 175, 134, 167, 183, 63, 54, 107, 50, 196, 58, 48, 88, 21, 57, 160, 192, 129, 37, 157, 193, 1, 52, 149, 130, 151, 103, 99, 116, 87, 74, 121, 199, 20, 188, 71, 106, 14, 92, 179, 102]
2026-05-31 22:02:37,221 [trainer.py] => All params: 86102976
2026-05-31 22:02:37,222 [trainer.py] => Trainable params: 304320
2026-05-31 22:02:37,318 [ease.py] => Learning on 0-10
2026-05-31 22:08:13,570 [ease.py] => Task 0, Epoch 20/20 => Loss 0.866, Train_accy 94.71
2026-05-31 22:08:25,750 [ease.py] => Task correct: 100.0
2026-05-31 22:08:25,751 [ease.py] => Task acc: 96.8
2026-05-31 22:08:26,309 [trainer.py] => No NME accuracy.
2026-05-31 22:08:26,309 [trainer.py] => CNN: {'total': 96.8, '00-09': 96.8, 'old': 0, 'new': 96.8}
2026-05-31 22:08:26,309 [trainer.py] => CNN top1 curve: [96.8]
2026-05-31 22:08:26,309 [trainer.py] => CNN top5 curve: [100.0]
2026-05-31 22:08:26,309 [trainer.py] => Average Accuracy (CNN): 96.8
2026-05-31 22:08:26,310 [trainer.py] => All params: 86118338
2026-05-31 22:08:26,310 [trainer.py] => Trainable params: 304320
2026-05-31 22:08:26,344 [ease.py] => Learning on 10-20
2026-05-31 22:14:03,522 [ease.py] => Task 1, Epoch 20/20 => Loss 0.874, Train_accy 93.89
2026-05-31 22:14:30,431 [ease.py] => Task correct: 99.57264957264957
2026-05-31 22:14:30,432 [ease.py] => Task acc: 97.00854700854701
2026-05-31 22:14:30,966 [trainer.py] => No NME accuracy.
2026-05-31 22:14:30,966 [trainer.py] => CNN: {'total': 96.58, '00-09': 96.0, '10-19': 97.25, 'old': 96.0, 'new': 97.25}
2026-05-31 22:14:30,966 [trainer.py] => CNN top1 curve: [96.8, 96.58]
2026-05-31 22:14:30,966 [trainer.py] => CNN top5 curve: [100.0, 100.0]
2026-05-31 22:14:30,966 [trainer.py] => Average Accuracy (CNN): 96.69
2026-05-31 22:14:30,967 [trainer.py] => All params: 86141378
2026-05-31 22:14:30,968 [trainer.py] => Trainable params: 304320
2026-05-31 22:14:30,994 [ease.py] => Learning on 20-30
2026-05-31 22:19:57,933 [ease.py] => Task 2, Epoch 20/20 => Loss 0.760, Train_accy 94.38
2026-05-31 22:20:43,566 [ease.py] => Task correct: 96.98630136986301
2026-05-31 22:20:43,567 [ease.py] => Task acc: 97.26027397260275
2026-05-31 22:20:44,127 [trainer.py] => No NME accuracy.
2026-05-31 22:20:44,127 [trainer.py] => CNN: {'total': 95.07, '00-09': 95.2, '10-19': 94.5, '20-29': 95.42, 'old': 94.87, 'new': 95.42}
2026-05-31 22:20:44,127 [trainer.py] => CNN top1 curve: [96.8, 96.58, 95.07]
2026-05-31 22:20:44,127 [trainer.py] => CNN top5 curve: [100.0, 100.0, 100.0]
2026-05-31 22:20:44,128 [trainer.py] => Average Accuracy (CNN): 96.15
2026-05-31 22:20:44,128 [trainer.py] => All params: 86179778
2026-05-31 22:20:44,129 [trainer.py] => Trainable params: 304320
2026-05-31 22:20:44,162 [ease.py] => Learning on 30-40
2026-05-31 22:26:14,093 [ease.py] => Task 3, Epoch 20/20 => Loss 0.707, Train_accy 94.24
2026-05-31 22:27:18,178 [ease.py] => Task correct: 97.89473684210526
2026-05-31 22:27:18,178 [ease.py] => Task acc: 97.89473684210526
2026-05-31 22:27:18,735 [trainer.py] => No NME accuracy.
2026-05-31 22:27:18,736 [trainer.py] => CNN: {'total': 96.21, '00-09': 95.2, '10-19': 94.5, '20-29': 95.42, '30-39': 100.0, 'old': 95.07, 'new': 100.0}
2026-05-31 22:27:18,736 [trainer.py] => CNN top1 curve: [96.8, 96.58, 95.07, 96.21]
2026-05-31 22:27:18,736 [trainer.py] => CNN top5 curve: [100.0, 100.0, 100.0, 100.0]
2026-05-31 22:27:18,736 [trainer.py] => Average Accuracy (CNN): 96.16
2026-05-31 22:27:18,737 [trainer.py] => All params: 86233538
2026-05-31 22:27:18,737 [trainer.py] => Trainable params: 304320
2026-05-31 22:27:18,770 [ease.py] => Learning on 40-50
2026-05-31 22:33:01,102 [ease.py] => Task 4, Epoch 20/20 => Loss 0.656, Train_accy 96.12
2026-05-31 22:34:35,673 [ease.py] => Task correct: 96.90721649484536
2026-05-31 22:34:35,701 [ease.py] => Task acc: 98.28178694158076
2026-05-31 22:34:36,251 [trainer.py] => No NME accuracy.
2026-05-31 22:34:36,251 [trainer.py] => CNN: {'total': 95.7, '00-09': 95.2, '10-19': 93.58, '20-29': 94.66, '30-39': 100.0, '40-49': 95.33, 'old': 95.79, 'new': 95.33}
2026-05-31 22:34:36,252 [trainer.py] => CNN top1 curve: [96.8, 96.58, 95.07, 96.21, 95.7]
2026-05-31 22:34:36,252 [trainer.py] => CNN top5 curve: [100.0, 100.0, 100.0, 100.0, 99.48]
2026-05-31 22:34:36,252 [trainer.py] => Average Accuracy (CNN): 96.07
2026-05-31 22:34:36,252 [trainer.py] => All params: 86302658
2026-05-31 22:34:36,253 [trainer.py] => Trainable params: 304320
2026-05-31 22:34:36,286 [ease.py] => Learning on 50-60
2026-05-31 22:40:01,973 [ease.py] => Task 5, Epoch 20/20 => Loss 0.854, Train_accy 94.62
2026-05-31 22:42:02,912 [ease.py] => Task correct: 95.24495677233429
2026-05-31 22:42:02,949 [ease.py] => Task acc: 97.98270893371757
2026-05-31 22:42:03,524 [trainer.py] => No NME accuracy.
2026-05-31 22:42:03,524 [trainer.py] => CNN: {'total': 94.38, '00-09': 94.4, '10-19': 93.58, '20-29': 92.37, '30-39': 100.0, '40-49': 94.39, '50-59': 91.96, 'old': 94.85, 'new': 91.96}
2026-05-31 22:42:03,524 [trainer.py] => CNN top1 curve: [96.8, 96.58, 95.07, 96.21, 95.7, 94.38]
2026-05-31 22:42:03,524 [trainer.py] => CNN top5 curve: [100.0, 100.0, 100.0, 100.0, 99.48, 98.7]
2026-05-31 22:42:03,524 [trainer.py] => Average Accuracy (CNN): 95.79
2026-05-31 22:42:03,525 [trainer.py] => All params: 86387138
2026-05-31 22:42:03,526 [trainer.py] => Trainable params: 304320
2026-05-31 22:42:03,559 [ease.py] => Learning on 60-70
2026-05-31 22:47:33,536 [ease.py] => Task 6, Epoch 20/20 => Loss 0.792, Train_accy 95.52
2026-05-31 22:50:08,898 [ease.py] => Task correct: 94.11042944785277
2026-05-31 22:50:08,920 [ease.py] => Task acc: 98.15950920245399
2026-05-31 22:50:09,453 [trainer.py] => No NME accuracy.
2026-05-31 22:50:09,453 [trainer.py] => CNN: {'total': 93.37, '00-09': 93.6, '10-19': 93.58, '20-29': 91.6, '30-39': 99.09, '40-49': 93.46, '50-59': 91.07, '60-69': 91.74, 'old': 93.66, 'new': 91.74}
2026-05-31 22:50:09,453 [trainer.py] => CNN top1 curve: [96.8, 96.58, 95.07, 96.21, 95.7, 94.38, 93.37]
2026-05-31 22:50:09,453 [trainer.py] => CNN top5 curve: [100.0, 100.0, 100.0, 100.0, 99.48, 98.7, 98.65]
2026-05-31 22:50:09,453 [trainer.py] => Average Accuracy (CNN): 95.44
2026-05-31 22:50:09,454 [trainer.py] => All params: 86486978
2026-05-31 22:50:09,455 [trainer.py] => Trainable params: 304320
2026-05-31 22:50:09,482 [ease.py] => Learning on 70-80
2026-05-31 22:55:38,461 [ease.py] => Task 7, Epoch 20/20 => Loss 0.782, Train_accy 93.80
2026-05-31 22:58:54,332 [ease.py] => Task correct: 93.05555555555556
2026-05-31 22:58:54,365 [ease.py] => Task acc: 98.07692307692308
2026-05-31 22:58:54,919 [trainer.py] => No NME accuracy.
2026-05-31 22:58:54,919 [trainer.py] => CNN: {'total': 92.63, '00-09': 93.6, '10-19': 93.58, '20-29': 91.6, '30-39': 99.09, '40-49': 93.46, '50-59': 89.29, '60-69': 91.74, '70-79': 89.26, 'old': 93.13, 'new': 89.26}
2026-05-31 22:58:54,919 [trainer.py] => CNN top1 curve: [96.8, 96.58, 95.07, 96.21, 95.7, 94.38, 93.37, 92.63]
2026-05-31 22:58:54,919 [trainer.py] => CNN top5 curve: [100.0, 100.0, 100.0, 100.0, 99.48, 98.7, 98.65, 98.61]
2026-05-31 22:58:54,920 [trainer.py] => Average Accuracy (CNN): 95.09
2026-05-31 22:58:54,920 [trainer.py] => All params: 86602178
2026-05-31 22:58:54,921 [trainer.py] => Trainable params: 304320
2026-05-31 22:58:54,954 [ease.py] => Learning on 80-90
2026-05-31 23:04:28,666 [ease.py] => Task 8, Epoch 20/20 => Loss 0.780, Train_accy 95.97
2026-05-31 23:08:26,470 [ease.py] => Task correct: 92.0754716981132
2026-05-31 23:08:26,493 [ease.py] => Task acc: 98.30188679245283
2026-05-31 23:08:27,015 [trainer.py] => No NME accuracy.
2026-05-31 23:08:27,016 [trainer.py] => CNN: {'total': 91.79, '00-09': 93.6, '10-19': 94.5, '20-29': 88.55, '30-39': 99.09, '40-49': 88.79, '50-59': 89.29, '60-69': 88.43, '70-79': 89.26, '80-89': 95.16, 'old': 91.35, 'new': 95.16}
2026-05-31 23:08:27,016 [trainer.py] => CNN top1 curve: [96.8, 96.58, 95.07, 96.21, 95.7, 94.38, 93.37, 92.63, 91.79]
2026-05-31 23:08:27,016 [trainer.py] => CNN top5 curve: [100.0, 100.0, 100.0, 100.0, 99.48, 98.7, 98.65, 98.61, 98.77]
2026-05-31 23:08:27,016 [trainer.py] => Average Accuracy (CNN): 94.73
2026-05-31 23:08:27,016 [trainer.py] => All params: 86732738
2026-05-31 23:08:27,017 [trainer.py] => Trainable params: 304320
2026-05-31 23:08:27,050 [ease.py] => Learning on 90-100
2026-05-31 23:14:02,529 [ease.py] => Task 9, Epoch 20/20 => Loss 0.808, Train_accy 96.41
2026-05-31 23:18:43,917 [ease.py] => Task correct: 91.6382252559727
2026-05-31 23:18:43,955 [ease.py] => Task acc: 98.46416382252559
2026-05-31 23:18:44,520 [trainer.py] => No NME accuracy.
2026-05-31 23:18:44,520 [trainer.py] => CNN: {'total': 91.38, '00-09': 93.6, '10-19': 93.58, '20-29': 88.55, '30-39': 99.09, '40-49': 79.44, '50-59': 88.39, '60-69': 88.43, '70-79': 89.26, '80-89': 95.16, '90-99': 98.21, 'old': 90.66, 'new': 98.21}
2026-05-31 23:18:44,520 [trainer.py] => CNN top1 curve: [96.8, 96.58, 95.07, 96.21, 95.7, 94.38, 93.37, 92.63, 91.79, 91.38]
2026-05-31 23:18:44,521 [trainer.py] => CNN top5 curve: [100.0, 100.0, 100.0, 100.0, 99.48, 98.7, 98.65, 98.61, 98.77, 98.72]
2026-05-31 23:18:44,521 [trainer.py] => Average Accuracy (CNN): 94.39
2026-05-31 23:18:44,521 [trainer.py] => All params: 86878658
2026-05-31 23:18:44,522 [trainer.py] => Trainable params: 304320
2026-05-31 23:18:44,555 [ease.py] => Learning on 100-110
2026-05-31 23:23:34,803 [ease.py] => Task 10, Epoch 20/20 => Loss 1.105, Train_accy 82.83
2026-05-31 23:29:00,124 [ease.py] => Task correct: 90.30492572322126
2026-05-31 23:29:00,155 [ease.py] => Task acc: 96.95074276778733
2026-05-31 23:29:00,703 [trainer.py] => No NME accuracy.
2026-05-31 23:29:00,703 [trainer.py] => CNN: {'total': 88.9, '00-09': 90.4, '10-19': 94.5, '20-29': 87.02, '30-39': 99.09, '40-49': 76.64, '50-59': 87.5, '60-69': 88.43, '70-79': 88.43, '80-89': 95.16, '90-99': 95.54, '100-109': 73.83, 'old': 90.27, 'new': 73.83}
2026-05-31 23:29:00,703 [trainer.py] => CNN top1 curve: [96.8, 96.58, 95.07, 96.21, 95.7, 94.38, 93.37, 92.63, 91.79, 91.38, 88.9]
2026-05-31 23:29:00,703 [trainer.py] => CNN top5 curve: [100.0, 100.0, 100.0, 100.0, 99.48, 98.7, 98.65, 98.61, 98.77, 98.72, 98.51]
2026-05-31 23:29:00,703 [trainer.py] => Average Accuracy (CNN): 93.89
2026-05-31 23:29:00,704 [trainer.py] => All params: 87039938
2026-05-31 23:29:00,705 [trainer.py] => Trainable params: 304320
2026-05-31 23:29:00,738 [ease.py] => Learning on 110-120
2026-05-31 23:34:28,423 [ease.py] => Task 11, Epoch 20/20 => Loss 0.759, Train_accy 95.69
2026-05-31 23:40:50,355 [ease.py] => Task correct: 89.67236467236468
2026-05-31 23:40:50,379 [ease.py] => Task acc: 97.07977207977208
2026-05-31 23:40:50,943 [trainer.py] => No NME accuracy.
2026-05-31 23:40:50,943 [trainer.py] => CNN: {'total': 88.39, '00-09': 90.4, '10-19': 93.58, '20-29': 85.5, '30-39': 99.09, '40-49': 73.83, '50-59': 86.61, '60-69': 88.43, '70-79': 88.43, '80-89': 93.55, '90-99': 94.64, '100-109': 73.83, '110-119': 91.2, 'old': 88.12, 'new': 91.2}
2026-05-31 23:40:50,943 [trainer.py] => CNN top1 curve: [96.8, 96.58, 95.07, 96.21, 95.7, 94.38, 93.37, 92.63, 91.79, 91.38, 88.9, 88.39]
2026-05-31 23:40:50,943 [trainer.py] => CNN top5 curve: [100.0, 100.0, 100.0, 100.0, 99.48, 98.7, 98.65, 98.61, 98.77, 98.72, 98.51, 98.43]
2026-05-31 23:40:50,943 [trainer.py] => Average Accuracy (CNN): 93.43
2026-05-31 23:40:50,944 [trainer.py] => All params: 87216578
2026-05-31 23:40:50,944 [trainer.py] => Trainable params: 304320
2026-05-31 23:40:50,976 [ease.py] => Learning on 120-130
2026-05-31 23:46:28,301 [ease.py] => Task 12, Epoch 20/20 => Loss 0.771, Train_accy 96.64
2026-05-31 23:53:49,936 [ease.py] => Task correct: 89.137590520079
2026-05-31 23:53:49,962 [ease.py] => Task acc: 97.30085582620144
2026-05-31 23:53:50,514 [trainer.py] => No NME accuracy.
2026-05-31 23:53:50,514 [trainer.py] => CNN: {'total': 87.95, '00-09': 91.2, '10-19': 93.58, '20-29': 85.5, '30-39': 99.09, '40-49': 71.03, '50-59': 86.61, '60-69': 88.43, '70-79': 86.78, '80-89': 93.55, '90-99': 94.64, '100-109': 73.83, '110-119': 91.2, '120-129': 86.09, 'old': 88.11, 'new': 86.09}
2026-05-31 23:53:50,514 [trainer.py] => CNN top1 curve: [96.8, 96.58, 95.07, 96.21, 95.7, 94.38, 93.37, 92.63, 91.79, 91.38, 88.9, 88.39, 87.95]
2026-05-31 23:53:50,514 [trainer.py] => CNN top5 curve: [100.0, 100.0, 100.0, 100.0, 99.48, 98.7, 98.65, 98.61, 98.77, 98.72, 98.51, 98.43, 98.49]
2026-05-31 23:53:50,514 [trainer.py] => Average Accuracy (CNN): 93.01
2026-05-31 23:53:50,515 [trainer.py] => All params: 87408578
2026-05-31 23:53:50,516 [trainer.py] => Trainable params: 304320
2026-05-31 23:53:50,548 [ease.py] => Learning on 130-140
2026-05-31 23:59:33,878 [ease.py] => Task 13, Epoch 20/20 => Loss 0.722, Train_accy 94.14
2026-06-01 00:07:59,003 [ease.py] => Task correct: 89.45121951219512
2026-06-01 00:07:59,029 [ease.py] => Task acc: 97.5
2026-06-01 00:07:59,576 [trainer.py] => No NME accuracy.
2026-06-01 00:07:59,577 [trainer.py] => CNN: {'total': 88.35, '00-09': 91.2, '10-19': 91.74, '20-29': 85.5, '30-39': 99.09, '40-49': 71.03, '50-59': 86.61, '60-69': 87.6, '70-79': 86.78, '80-89': 92.74, '90-99': 94.64, '100-109': 73.83, '110-119': 90.4, '120-129': 86.09, '130-139': 97.52, 'old': 87.62, 'new': 97.52}
2026-06-01 00:07:59,577 [trainer.py] => CNN top1 curve: [96.8, 96.58, 95.07, 96.21, 95.7, 94.38, 93.37, 92.63, 91.79, 91.38, 88.9, 88.39, 87.95, 88.35]
2026-06-01 00:07:59,577 [trainer.py] => CNN top5 curve: [100.0, 100.0, 100.0, 100.0, 99.48, 98.7, 98.65, 98.61, 98.77, 98.72, 98.51, 98.43, 98.49, 98.54]
2026-06-01 00:07:59,577 [trainer.py] => Average Accuracy (CNN): 92.68
2026-06-01 00:07:59,578 [trainer.py] => All params: 87615938
2026-06-01 00:07:59,578 [trainer.py] => Trainable params: 304320
2026-06-01 00:07:59,704 [ease.py] => Learning on 140-150
2026-06-01 00:13:35,963 [ease.py] => Task 14, Epoch 20/20 => Loss 0.718, Train_accy 97.48
2026-06-01 00:23:01,980 [ease.py] => Task correct: 89.03559127439725
2026-06-01 00:23:02,015 [ease.py] => Task acc: 97.58897818599311
2026-06-01 00:23:02,564 [trainer.py] => No NME accuracy.
2026-06-01 00:23:02,565 [trainer.py] => CNN: {'total': 87.94, '00-09': 91.2, '10-19': 90.83, '20-29': 84.73, '30-39': 98.18, '40-49': 71.03, '50-59': 86.61, '60-69': 86.78, '70-79': 81.82, '80-89': 92.74, '90-99': 94.64, '100-109': 72.9, '110-119': 90.4, '120-129': 85.22, '130-139': 97.52, '140-149': 93.14, 'old': 87.62, 'new': 93.14}
2026-06-01 00:23:02,565 [trainer.py] => CNN top1 curve: [96.8, 96.58, 95.07, 96.21, 95.7, 94.38, 93.37, 92.63, 91.79, 91.38, 88.9, 88.39, 87.95, 88.35, 87.94]
2026-06-01 00:23:02,565 [trainer.py] => CNN top5 curve: [100.0, 100.0, 100.0, 100.0, 99.48, 98.7, 98.65, 98.61, 98.77, 98.72, 98.51, 98.43, 98.49, 98.54, 98.45]
2026-06-01 00:23:02,565 [trainer.py] => Average Accuracy (CNN): 92.36
2026-06-01 00:23:02,566 [trainer.py] => All params: 87838658
2026-06-01 00:23:02,566 [trainer.py] => Trainable params: 304320
2026-06-01 00:23:02,599 [ease.py] => Learning on 150-160
2026-06-01 00:28:37,627 [ease.py] => Task 15, Epoch 20/20 => Loss 0.773, Train_accy 95.79
2026-06-01 00:39:05,260 [ease.py] => Task correct: 88.86486486486487
2026-06-01 00:39:05,300 [ease.py] => Task acc: 97.72972972972973
2026-06-01 00:39:05,877 [trainer.py] => No NME accuracy.
2026-06-01 00:39:05,877 [trainer.py] => CNN: {'total': 87.84, '00-09': 90.4, '10-19': 90.83, '20-29': 84.73, '30-39': 98.18, '40-49': 71.03, '50-59': 86.61, '60-69': 86.78, '70-79': 79.34, '80-89': 91.94, '90-99': 94.64, '100-109': 72.9, '110-119': 90.4, '120-129': 85.22, '130-139': 96.69, '140-149': 93.14, '150-159': 91.67, 'old': 87.6, 'new': 91.67}
2026-06-01 00:39:05,877 [trainer.py] => CNN top1 curve: [96.8, 96.58, 95.07, 96.21, 95.7, 94.38, 93.37, 92.63, 91.79, 91.38, 88.9, 88.39, 87.95, 88.35, 87.94, 87.84]
2026-06-01 00:39:05,877 [trainer.py] => CNN top5 curve: [100.0, 100.0, 100.0, 100.0, 99.48, 98.7, 98.65, 98.61, 98.77, 98.72, 98.51, 98.43, 98.49, 98.54, 98.45, 98.49]
2026-06-01 00:39:05,877 [trainer.py] => Average Accuracy (CNN): 92.08
2026-06-01 00:39:05,878 [trainer.py] => All params: 88076738
2026-06-01 00:39:05,879 [trainer.py] => Trainable params: 304320
2026-06-01 00:39:05,924 [ease.py] => Learning on 160-170
2026-06-01 00:44:38,327 [ease.py] => Task 16, Epoch 20/20 => Loss 0.793, Train_accy 92.66
2026-06-01 00:56:20,685 [ease.py] => Task correct: 87.56976154236428
2026-06-01 00:56:20,710 [ease.py] => Task acc: 97.66615930999492
2026-06-01 00:56:21,275 [trainer.py] => No NME accuracy.
2026-06-01 00:56:21,275 [trainer.py] => CNN: {'total': 86.5, '00-09': 90.4, '10-19': 89.91, '20-29': 83.97, '30-39': 98.18, '40-49': 71.96, '50-59': 86.61, '60-69': 86.78, '70-79': 80.17, '80-89': 86.29, '90-99': 94.64, '100-109': 72.9, '110-119': 89.6, '120-129': 85.22, '130-139': 96.69, '140-149': 83.33, '150-159': 91.67, '160-169': 80.99, 'old': 86.86, 'new': 80.99}
2026-06-01 00:56:21,275 [trainer.py] => CNN top1 curve: [96.8, 96.58, 95.07, 96.21, 95.7, 94.38, 93.37, 92.63, 91.79, 91.38, 88.9, 88.39, 87.95, 88.35, 87.94, 87.84, 86.5]
2026-06-01 00:56:21,275 [trainer.py] => CNN top5 curve: [100.0, 100.0, 100.0, 100.0, 99.48, 98.7, 98.65, 98.61, 98.77, 98.72, 98.51, 98.43, 98.49, 98.54, 98.45, 98.49, 98.22]
2026-06-01 00:56:21,275 [trainer.py] => Average Accuracy (CNN): 91.75
2026-06-01 00:56:21,276 [trainer.py] => All params: 88330178
2026-06-01 00:56:21,276 [trainer.py] => Trainable params: 304320
2026-06-01 00:56:21,321 [ease.py] => Learning on 170-180
2026-06-01 01:01:54,976 [ease.py] => Task 17, Epoch 20/20 => Loss 0.738, Train_accy 94.76
2026-06-01 01:14:53,599 [ease.py] => Task correct: 87.26053639846744
2026-06-01 01:14:53,636 [ease.py] => Task acc: 97.74904214559388
2026-06-01 01:14:54,099 [trainer.py] => No NME accuracy.
2026-06-01 01:14:54,100 [trainer.py] => CNN: {'total': 86.25, '00-09': 88.8, '10-19': 89.91, '20-29': 83.97, '30-39': 96.36, '40-49': 72.9, '50-59': 85.71, '60-69': 85.95, '70-79': 80.99, '80-89': 86.29, '90-99': 94.64, '100-109': 72.9, '110-119': 89.6, '120-129': 85.22, '130-139': 95.87, '140-149': 83.33, '150-159': 89.81, '160-169': 80.99, '170-179': 88.03, 'old': 86.15, 'new': 88.03}
2026-06-01 01:14:54,100 [trainer.py] => CNN top1 curve: [96.8, 96.58, 95.07, 96.21, 95.7, 94.38, 93.37, 92.63, 91.79, 91.38, 88.9, 88.39, 87.95, 88.35, 87.94, 87.84, 86.5, 86.25]
2026-06-01 01:14:54,100 [trainer.py] => CNN top5 curve: [100.0, 100.0, 100.0, 100.0, 99.48, 98.7, 98.65, 98.61, 98.77, 98.72, 98.51, 98.43, 98.49, 98.54, 98.45, 98.49, 98.22, 98.23]
2026-06-01 01:14:54,100 [trainer.py] => Average Accuracy (CNN): 91.45
2026-06-01 01:14:54,101 [trainer.py] => All params: 88598978
2026-06-01 01:14:54,101 [trainer.py] => Trainable params: 304320
2026-06-01 01:14:54,135 [ease.py] => Learning on 180-190
2026-06-01 01:20:10,995 [ease.py] => Task 18, Epoch 20/20 => Loss 0.819, Train_accy 94.93
2026-06-01 01:34:32,070 [ease.py] => Task correct: 87.39910313901345
2026-06-01 01:34:32,102 [ease.py] => Task acc: 97.75784753363229
2026-06-01 01:34:32,654 [trainer.py] => No NME accuracy.
2026-06-01 01:34:32,655 [trainer.py] => CNN: {'total': 86.41, '00-09': 87.2, '10-19': 89.91, '20-29': 84.73, '30-39': 94.55, '40-49': 72.9, '50-59': 83.93, '60-69': 85.95, '70-79': 80.17, '80-89': 86.29, '90-99': 94.64, '100-109': 72.9, '110-119': 88.8, '120-129': 84.35, '130-139': 95.04, '140-149': 83.33, '150-159': 89.81, '160-169': 80.17, '170-179': 88.03, '180-189': 95.77, 'old': 85.78, 'new': 95.77}
2026-06-01 01:34:32,655 [trainer.py] => CNN top1 curve: [96.8, 96.58, 95.07, 96.21, 95.7, 94.38, 93.37, 92.63, 91.79, 91.38, 88.9, 88.39, 87.95, 88.35, 87.94, 87.84, 86.5, 86.25, 86.41]
2026-06-01 01:34:32,655 [trainer.py] => CNN top5 curve: [100.0, 100.0, 100.0, 100.0, 99.48, 98.7, 98.65, 98.61, 98.77, 98.72, 98.51, 98.43, 98.49, 98.54, 98.45, 98.49, 98.22, 98.23, 98.21]
2026-06-01 01:34:32,655 [trainer.py] => Average Accuracy (CNN): 91.18
2026-06-01 01:34:32,656 [trainer.py] => All params: 88883138
2026-06-01 01:34:32,656 [trainer.py] => Trainable params: 304320
2026-06-01 01:34:32,701 [ease.py] => Learning on 190-200
2026-06-01 01:40:01,931 [ease.py] => Task 19, Epoch 20/20 => Loss 0.615, Train_accy 96.80
2026-06-01 01:55:54,853 [ease.py] => Task correct: 87.23494486853265
2026-06-01 01:55:54,883 [ease.py] => Task acc: 97.83715012722647
2026-06-01 01:55:55,458 [trainer.py] => No NME accuracy.
2026-06-01 01:55:55,458 [trainer.py] => CNN: {'total': 86.3, '00-09': 87.2, '10-19': 89.91, '20-29': 85.5, '30-39': 94.55, '40-49': 71.96, '50-59': 83.93, '60-69': 85.95, '70-79': 80.17, '80-89': 86.29, '90-99': 93.75, '100-109': 72.9, '110-119': 82.4, '120-129': 84.35, '130-139': 95.04, '140-149': 83.33, '150-159': 87.96, '160-169': 80.17, '170-179': 86.32, '180-189': 95.07, '190-199': 95.31, 'old': 85.78, 'new': 95.31}
2026-06-01 01:55:55,458 [trainer.py] => CNN top1 curve: [96.8, 96.58, 95.07, 96.21, 95.7, 94.38, 93.37, 92.63, 91.79, 91.38, 88.9, 88.39, 87.95, 88.35, 87.94, 87.84, 86.5, 86.25, 86.41, 86.3]
2026-06-01 01:55:55,458 [trainer.py] => CNN top5 curve: [100.0, 100.0, 100.0, 100.0, 99.48, 98.7, 98.65, 98.61, 98.77, 98.72, 98.51, 98.43, 98.49, 98.54, 98.45, 98.49, 98.22, 98.23, 98.21, 98.18]
2026-06-01 01:55:55,458 [trainer.py] => Average Accuracy (CNN): 90.94
