2026-06-17 17:02:45,387 [trainer.py] => config: ./configs/ease/ease_omn_B0_Inc10.json
2026-06-17 17:02:45,387 [trainer.py] => prefix:  
2026-06-17 17:02:45,387 [trainer.py] => dataset: omnibenchmark
2026-06-17 17:02:45,388 [trainer.py] => memory_size: 0
2026-06-17 17:02:45,388 [trainer.py] => memory_per_class: 0
2026-06-17 17:02:45,388 [trainer.py] => fixed_memory: False
2026-06-17 17:02:45,388 [trainer.py] => shuffle: True
2026-06-17 17:02:45,388 [trainer.py] => init_cls: 10
2026-06-17 17:02:45,388 [trainer.py] => increment: 10
2026-06-17 17:02:45,388 [trainer.py] => model_name: ease
2026-06-17 17:02:45,388 [trainer.py] => backbone_type: vit_base_patch16_224_in21k_ease
2026-06-17 17:02:45,388 [trainer.py] => device: [device(type='cuda', index=2)]
2026-06-17 17:02:45,388 [trainer.py] => seed: 42
2026-06-17 17:02:45,388 [trainer.py] => init_epochs: 20
2026-06-17 17:02:45,388 [trainer.py] => init_lr: 0.01
2026-06-17 17:02:45,388 [trainer.py] => later_epochs: 20
2026-06-17 17:02:45,388 [trainer.py] => later_lr: 0.01
2026-06-17 17:02:45,388 [trainer.py] => batch_size: 16
2026-06-17 17:02:45,388 [trainer.py] => weight_decay: 0.0005
2026-06-17 17:02:45,388 [trainer.py] => min_lr: 0
2026-06-17 17:02:45,388 [trainer.py] => optimizer: sgd
2026-06-17 17:02:45,388 [trainer.py] => scheduler: cosine
2026-06-17 17:02:45,388 [trainer.py] => pretrained: True
2026-06-17 17:02:45,388 [trainer.py] => vpt_type: Deep
2026-06-17 17:02:45,388 [trainer.py] => prompt_token_num: 5
2026-06-17 17:02:45,388 [trainer.py] => ffn_num: 16
2026-06-17 17:02:45,388 [trainer.py] => use_diagonal: False
2026-06-17 17:02:45,388 [trainer.py] => recalc_sim: True
2026-06-17 17:02:45,388 [trainer.py] => alpha: 1
2026-06-17 17:02:45,388 [trainer.py] => use_init_ptm: True
2026-06-17 17:02:45,388 [trainer.py] => beta: 1
2026-06-17 17:02:45,388 [trainer.py] => use_old_data: False
2026-06-17 17:02:45,389 [trainer.py] => use_reweight: True
2026-06-17 17:02:45,389 [trainer.py] => moni_adam: True
2026-06-17 17:02:45,389 [trainer.py] => adapter_num: 1
2026-06-17 17:02:46,254 [data_manager.py] => [203, 266, 152, 9, 233, 226, 196, 109, 5, 175, 237, 57, 218, 45, 182, 221, 289, 211, 148, 165, 78, 113, 249, 250, 104, 42, 281, 295, 157, 238, 17, 164, 33, 24, 215, 119, 7, 90, 46, 73, 93, 76, 286, 60, 77, 63, 234, 229, 111, 231, 180, 144, 239, 75, 297, 278, 97, 92, 192, 25, 232, 59, 6, 185, 173, 30, 22, 256, 56, 186, 108, 126, 230, 193, 129, 282, 82, 84, 66, 288, 163, 154, 19, 124, 79, 114, 118, 72, 15, 10, 194, 101, 68, 224, 37, 16, 179, 147, 274, 67, 228, 69, 31, 183, 265, 225, 140, 18, 181, 96, 132, 262, 86, 248, 245, 116, 146, 292, 197, 206, 55, 172, 184, 167, 139, 253, 38, 125, 195, 283, 137, 112, 168, 117, 277, 271, 155, 176, 178, 2, 115, 143, 177, 120, 210, 260, 127, 74, 29, 83, 269, 107, 223, 158, 280, 246, 222, 65, 198, 85, 213, 159, 12, 35, 28, 142, 284, 254, 170, 51, 95, 208, 247, 41, 89, 244, 136, 26, 293, 141, 200, 0, 268, 272, 100, 259, 255, 171, 98, 36, 61, 150, 236, 202, 242, 11, 296, 267, 27, 219, 4, 122, 32, 204, 162, 209, 285, 138, 62, 135, 128, 290, 8, 70, 264, 64, 44, 279, 156, 40, 123, 275, 216, 153, 23, 261, 110, 81, 207, 212, 39, 240, 291, 258, 199, 14, 47, 94, 263, 227, 273, 201, 161, 43, 217, 145, 190, 220, 251, 3, 105, 53, 133, 1, 131, 103, 49, 80, 205, 34, 91, 52, 241, 13, 88, 166, 294, 134, 287, 243, 54, 50, 174, 189, 298, 187, 169, 58, 48, 235, 252, 21, 160, 276, 191, 257, 149, 130, 151, 99, 87, 214, 121, 299, 20, 188, 71, 106, 270, 102]
2026-06-17 17:03:07,478 [trainer.py] => All params: 86102976
2026-06-17 17:03:07,478 [trainer.py] => Trainable params: 304320
2026-06-17 17:03:07,576 [ease.py] => Learning on 0-10
2026-06-17 17:22:30,651 [ease.py] => Task 0, Epoch 20/20 => Loss 0.101, Train_accy 97.13
2026-06-17 17:23:35,110 [ease.py] => Task correct: 100.0
2026-06-17 17:23:35,126 [ease.py] => Task acc: 99.0
2026-06-17 17:23:35,351 [trainer.py] => No NME accuracy.
2026-06-17 17:23:35,351 [trainer.py] => CNN: {'total': 99.0, '00-09': 99.0, 'old': 0, 'new': 99.0}
2026-06-17 17:23:35,351 [trainer.py] => CNN top1 curve: [99.0]
2026-06-17 17:23:35,351 [trainer.py] => CNN top5 curve: [100.0]
2026-06-17 17:23:35,351 [trainer.py] => Average Accuracy (CNN): 99.0
2026-06-17 17:23:35,352 [trainer.py] => All params: 86126018
2026-06-17 17:23:35,353 [trainer.py] => Trainable params: 304320
2026-06-17 17:23:35,366 [ease.py] => Learning on 10-20
2026-06-17 17:24:44,968 [ease.py] => Task correct: 98.49624060150376
2026-06-17 17:24:44,969 [ease.py] => Task acc: 98.99749373433583
2026-06-17 17:24:45,235 [trainer.py] => No NME accuracy.
2026-06-17 17:24:45,235 [trainer.py] => CNN: {'total': 97.49, '00-09': 98.0, '10-19': 96.98, 'old': 98.0, 'new': 96.98}
2026-06-17 17:24:45,235 [trainer.py] => CNN top1 curve: [99.0, 97.49]
2026-06-17 17:24:45,235 [trainer.py] => CNN top5 curve: [100.0, 100.0]
2026-06-17 17:24:45,235 [trainer.py] => Average Accuracy (CNN): 98.24
2026-06-17 17:24:45,236 [trainer.py] => All params: 86156738
2026-06-17 17:24:45,237 [trainer.py] => Trainable params: 304320
2026-06-17 17:24:45,249 [ease.py] => Learning on 20-30
2026-06-17 17:26:05,920 [ease.py] => Task correct: 94.9748743718593
2026-06-17 17:26:05,920 [ease.py] => Task acc: 99.32998324958123
2026-06-17 17:26:06,043 [trainer.py] => No NME accuracy.
2026-06-17 17:26:06,043 [trainer.py] => CNN: {'total': 94.97, '00-09': 96.0, '10-19': 95.48, '20-29': 93.43, 'old': 95.74, 'new': 93.43}
2026-06-17 17:26:06,043 [trainer.py] => CNN top1 curve: [99.0, 97.49, 94.97]
2026-06-17 17:26:06,043 [trainer.py] => CNN top5 curve: [100.0, 100.0, 100.0]
2026-06-17 17:26:06,043 [trainer.py] => Average Accuracy (CNN): 97.15
2026-06-17 17:26:06,044 [trainer.py] => All params: 86202818
2026-06-17 17:26:06,045 [trainer.py] => Trainable params: 304320
2026-06-17 17:26:06,053 [ease.py] => Learning on 30-40
2026-06-17 17:27:39,895 [ease.py] => Task correct: 92.84818067754078
2026-06-17 17:27:39,912 [ease.py] => Task acc: 98.7452948557089
2026-06-17 17:27:40,135 [trainer.py] => No NME accuracy.
2026-06-17 17:27:40,136 [trainer.py] => CNN: {'total': 92.35, '00-09': 96.0, '10-19': 89.95, '20-29': 91.41, '30-39': 92.0, 'old': 92.46, 'new': 92.0}
2026-06-17 17:27:40,136 [trainer.py] => CNN top1 curve: [99.0, 97.49, 94.97, 92.35]
2026-06-17 17:27:40,136 [trainer.py] => CNN top5 curve: [100.0, 100.0, 100.0, 99.75]
2026-06-17 17:27:40,136 [trainer.py] => Average Accuracy (CNN): 95.95
2026-06-17 17:27:40,137 [trainer.py] => All params: 86264258
2026-06-17 17:27:40,137 [trainer.py] => Trainable params: 304320
2026-06-17 17:27:40,144 [ease.py] => Learning on 40-50
2026-06-17 17:29:02,629 [ease.py] => Task correct: 91.7753259779338
2026-06-17 17:29:02,630 [ease.py] => Task acc: 98.09428284854563
2026-06-17 17:29:02,736 [trainer.py] => No NME accuracy.
2026-06-17 17:29:02,736 [trainer.py] => CNN: {'total': 91.07, '00-09': 96.0, '10-19': 87.94, '20-29': 89.9, '30-39': 90.5, '40-49': 91.0, 'old': 91.09, 'new': 91.0}
2026-06-17 17:29:02,736 [trainer.py] => CNN top1 curve: [99.0, 97.49, 94.97, 92.35, 91.07]
2026-06-17 17:29:02,736 [trainer.py] => CNN top5 curve: [100.0, 100.0, 100.0, 99.75, 99.1]
2026-06-17 17:29:02,737 [trainer.py] => Average Accuracy (CNN): 94.98
2026-06-17 17:29:02,737 [trainer.py] => All params: 86341058
2026-06-17 17:29:02,738 [trainer.py] => Trainable params: 304320
2026-06-17 17:29:02,740 [ease.py] => Learning on 50-60
2026-06-17 17:31:06,264 [ease.py] => Task correct: 90.21739130434783
2026-06-17 17:31:06,290 [ease.py] => Task acc: 97.5752508361204
2026-06-17 17:31:06,517 [trainer.py] => No NME accuracy.
2026-06-17 17:31:06,517 [trainer.py] => CNN: {'total': 89.3, '00-09': 95.0, '10-19': 84.92, '20-29': 89.39, '30-39': 89.0, '40-49': 88.0, '50-59': 89.45, 'old': 89.27, 'new': 89.45}
2026-06-17 17:31:06,517 [trainer.py] => CNN top1 curve: [99.0, 97.49, 94.97, 92.35, 91.07, 89.3]
2026-06-17 17:31:06,517 [trainer.py] => CNN top5 curve: [100.0, 100.0, 100.0, 99.75, 99.1, 98.75]
2026-06-17 17:31:06,517 [trainer.py] => Average Accuracy (CNN): 94.03
2026-06-17 17:31:06,518 [trainer.py] => All params: 86433218
2026-06-17 17:31:06,518 [trainer.py] => Trainable params: 304320
2026-06-17 17:31:06,532 [ease.py] => Learning on 60-70
2026-06-17 17:33:40,444 [ease.py] => Task correct: 89.18338108882521
2026-06-17 17:33:40,445 [ease.py] => Task acc: 97.77936962750717
2026-06-17 17:33:40,686 [trainer.py] => No NME accuracy.
2026-06-17 17:33:40,687 [trainer.py] => CNN: {'total': 88.4, '00-09': 95.0, '10-19': 83.92, '20-29': 87.37, '30-39': 87.0, '40-49': 87.5, '50-59': 88.94, '60-69': 89.0, 'old': 88.29, 'new': 89.0}
2026-06-17 17:33:40,687 [trainer.py] => CNN top1 curve: [99.0, 97.49, 94.97, 92.35, 91.07, 89.3, 88.4]
2026-06-17 17:33:40,687 [trainer.py] => CNN top5 curve: [100.0, 100.0, 100.0, 99.75, 99.1, 98.75, 98.5]
2026-06-17 17:33:40,687 [trainer.py] => Average Accuracy (CNN): 93.23
2026-06-17 17:33:40,687 [trainer.py] => All params: 86540738
2026-06-17 17:33:40,688 [trainer.py] => Trainable params: 304320
2026-06-17 17:33:40,701 [ease.py] => Learning on 70-80
2026-06-17 17:36:54,001 [ease.py] => Task correct: 88.65914786967419
2026-06-17 17:36:54,002 [ease.py] => Task acc: 97.99498746867168
2026-06-17 17:36:54,223 [trainer.py] => No NME accuracy.
2026-06-17 17:36:54,223 [trainer.py] => CNN: {'total': 87.97, '00-09': 95.0, '10-19': 83.92, '20-29': 86.87, '30-39': 86.0, '40-49': 86.5, '50-59': 87.94, '60-69': 87.5, '70-79': 90.0, 'old': 87.68, 'new': 90.0}
2026-06-17 17:36:54,223 [trainer.py] => CNN top1 curve: [99.0, 97.49, 94.97, 92.35, 91.07, 89.3, 88.4, 87.97]
2026-06-17 17:36:54,223 [trainer.py] => CNN top5 curve: [100.0, 100.0, 100.0, 99.75, 99.1, 98.75, 98.5, 97.87]
2026-06-17 17:36:54,223 [trainer.py] => Average Accuracy (CNN): 92.57
2026-06-17 17:36:54,224 [trainer.py] => All params: 86663618
2026-06-17 17:36:54,224 [trainer.py] => Trainable params: 304320
2026-06-17 17:36:54,237 [ease.py] => Learning on 80-90
2026-06-17 17:40:36,309 [ease.py] => Task correct: 87.19376391982182
2026-06-17 17:40:36,347 [ease.py] => Task acc: 97.7728285077951
2026-06-17 17:40:36,583 [trainer.py] => No NME accuracy.
2026-06-17 17:40:36,584 [trainer.py] => CNN: {'total': 86.64, '00-09': 94.5, '10-19': 83.92, '20-29': 85.35, '30-39': 86.0, '40-49': 85.0, '50-59': 87.94, '60-69': 87.5, '70-79': 90.0, '80-89': 79.5, 'old': 87.53, 'new': 79.5}
2026-06-17 17:40:36,584 [trainer.py] => CNN top1 curve: [99.0, 97.49, 94.97, 92.35, 91.07, 89.3, 88.4, 87.97, 86.64]
2026-06-17 17:40:36,584 [trainer.py] => CNN top5 curve: [100.0, 100.0, 100.0, 99.75, 99.1, 98.75, 98.5, 97.87, 96.88]
2026-06-17 17:40:36,584 [trainer.py] => Average Accuracy (CNN): 91.91
2026-06-17 17:40:36,585 [trainer.py] => All params: 86801858
2026-06-17 17:40:36,585 [trainer.py] => Trainable params: 304320
2026-06-17 17:40:36,622 [ease.py] => Learning on 90-100
2026-06-17 17:44:56,943 [ease.py] => Task correct: 85.17034068136273
2026-06-17 17:44:56,943 [ease.py] => Task acc: 97.49498997995993
2026-06-17 17:44:57,159 [trainer.py] => No NME accuracy.
2026-06-17 17:44:57,159 [trainer.py] => CNN: {'total': 84.42, '00-09': 94.5, '10-19': 82.91, '20-29': 84.34, '30-39': 84.5, '40-49': 81.0, '50-59': 86.43, '60-69': 86.5, '70-79': 88.5, '80-89': 79.5, '90-99': 76.0, 'old': 85.36, 'new': 76.0}
2026-06-17 17:44:57,159 [trainer.py] => CNN top1 curve: [99.0, 97.49, 94.97, 92.35, 91.07, 89.3, 88.4, 87.97, 86.64, 84.42]
2026-06-17 17:44:57,159 [trainer.py] => CNN top5 curve: [100.0, 100.0, 100.0, 99.75, 99.1, 98.75, 98.5, 97.87, 96.88, 96.49]
2026-06-17 17:44:57,159 [trainer.py] => Average Accuracy (CNN): 91.16
2026-06-17 17:44:57,160 [trainer.py] => All params: 86955458
2026-06-17 17:44:57,160 [trainer.py] => Trainable params: 304320
2026-06-17 17:44:57,178 [ease.py] => Learning on 100-110
2026-06-17 17:49:56,360 [ease.py] => Task correct: 84.73804100227791
2026-06-17 17:49:56,373 [ease.py] => Task acc: 97.35763097949886
2026-06-17 17:49:56,594 [trainer.py] => No NME accuracy.
2026-06-17 17:49:56,594 [trainer.py] => CNN: {'total': 83.92, '00-09': 94.5, '10-19': 82.41, '20-29': 84.34, '30-39': 84.5, '40-49': 81.0, '50-59': 85.43, '60-69': 85.0, '70-79': 88.5, '80-89': 79.0, '90-99': 75.5, '100-109': 82.91, 'old': 84.02, 'new': 82.91}
2026-06-17 17:49:56,594 [trainer.py] => CNN top1 curve: [99.0, 97.49, 94.97, 92.35, 91.07, 89.3, 88.4, 87.97, 86.64, 84.42, 83.92]
2026-06-17 17:49:56,594 [trainer.py] => CNN top5 curve: [100.0, 100.0, 100.0, 99.75, 99.1, 98.75, 98.5, 97.87, 96.88, 96.49, 96.08]
2026-06-17 17:49:56,595 [trainer.py] => Average Accuracy (CNN): 90.5
2026-06-17 17:49:56,595 [trainer.py] => All params: 87124418
2026-06-17 17:49:56,596 [trainer.py] => Trainable params: 304320
2026-06-17 17:49:56,643 [ease.py] => Learning on 110-120
2026-06-17 17:55:36,084 [ease.py] => Task correct: 84.74717927287924
2026-06-17 17:55:36,115 [ease.py] => Task acc: 97.53447555369829
2026-06-17 17:55:36,367 [trainer.py] => No NME accuracy.
2026-06-17 17:55:36,367 [trainer.py] => CNN: {'total': 83.99, '00-09': 94.0, '10-19': 80.4, '20-29': 84.34, '30-39': 84.0, '40-49': 79.5, '50-59': 83.42, '60-69': 85.0, '70-79': 88.5, '80-89': 79.0, '90-99': 75.5, '100-109': 82.91, '110-119': 91.41, 'old': 83.33, 'new': 91.41}
2026-06-17 17:55:36,367 [trainer.py] => CNN top1 curve: [99.0, 97.49, 94.97, 92.35, 91.07, 89.3, 88.4, 87.97, 86.64, 84.42, 83.92, 83.99]
2026-06-17 17:55:36,367 [trainer.py] => CNN top5 curve: [100.0, 100.0, 100.0, 99.75, 99.1, 98.75, 98.5, 97.87, 96.88, 96.49, 96.08, 96.11]
2026-06-17 17:55:36,367 [trainer.py] => Average Accuracy (CNN): 89.96
2026-06-17 17:55:36,368 [trainer.py] => All params: 87308738
2026-06-17 17:55:36,368 [trainer.py] => Trainable params: 304320
2026-06-17 17:55:36,377 [ease.py] => Learning on 120-130
2026-06-17 18:01:57,565 [ease.py] => Task correct: 85.11376783648284
2026-06-17 18:01:57,613 [ease.py] => Task acc: 97.5318164288469
2026-06-17 18:01:57,825 [trainer.py] => No NME accuracy.
2026-06-17 18:01:57,826 [trainer.py] => CNN: {'total': 84.27, '00-09': 93.0, '10-19': 80.4, '20-29': 84.34, '30-39': 84.0, '40-49': 79.5, '50-59': 83.42, '60-69': 85.0, '70-79': 88.0, '80-89': 79.0, '90-99': 75.5, '100-109': 82.91, '110-119': 91.41, '120-129': 89.0, 'old': 83.87, 'new': 89.0}
2026-06-17 18:01:57,826 [trainer.py] => CNN top1 curve: [99.0, 97.49, 94.97, 92.35, 91.07, 89.3, 88.4, 87.97, 86.64, 84.42, 83.92, 83.99, 84.27]
2026-06-17 18:01:57,826 [trainer.py] => CNN top5 curve: [100.0, 100.0, 100.0, 99.75, 99.1, 98.75, 98.5, 97.87, 96.88, 96.49, 96.08, 96.11, 96.34]
2026-06-17 18:01:57,826 [trainer.py] => Average Accuracy (CNN): 89.52
2026-06-17 18:01:57,826 [trainer.py] => All params: 87508418
2026-06-17 18:01:57,827 [trainer.py] => Trainable params: 304320
2026-06-17 18:01:57,846 [ease.py] => Learning on 130-140
2026-06-17 18:08:43,381 [ease.py] => Task correct: 84.22939068100358
2026-06-17 18:08:43,382 [ease.py] => Task acc: 97.63440860215054
2026-06-17 18:08:43,591 [trainer.py] => No NME accuracy.
2026-06-17 18:08:43,592 [trainer.py] => CNN: {'total': 83.44, '00-09': 92.5, '10-19': 80.4, '20-29': 83.84, '30-39': 81.0, '40-49': 79.0, '50-59': 80.9, '60-69': 85.0, '70-79': 88.0, '80-89': 78.5, '90-99': 75.5, '100-109': 82.91, '110-119': 91.41, '120-129': 89.0, '130-139': 80.2, 'old': 83.69, 'new': 80.2}
2026-06-17 18:08:43,592 [trainer.py] => CNN top1 curve: [99.0, 97.49, 94.97, 92.35, 91.07, 89.3, 88.4, 87.97, 86.64, 84.42, 83.92, 83.99, 84.27, 83.44]
2026-06-17 18:08:43,592 [trainer.py] => CNN top5 curve: [100.0, 100.0, 100.0, 99.75, 99.1, 98.75, 98.5, 97.87, 96.88, 96.49, 96.08, 96.11, 96.34, 96.38]
2026-06-17 18:08:43,592 [trainer.py] => Average Accuracy (CNN): 89.09
2026-06-17 18:08:43,593 [trainer.py] => All params: 87723458
2026-06-17 18:08:43,593 [trainer.py] => Trainable params: 304320
2026-06-17 18:08:43,615 [ease.py] => Learning on 140-150
2026-06-17 18:16:41,633 [ease.py] => Task correct: 83.61204013377926
2026-06-17 18:16:41,665 [ease.py] => Task acc: 97.1571906354515
2026-06-17 18:16:41,889 [trainer.py] => No NME accuracy.
2026-06-17 18:16:41,889 [trainer.py] => CNN: {'total': 82.84, '00-09': 92.5, '10-19': 80.4, '20-29': 83.84, '30-39': 80.0, '40-49': 79.0, '50-59': 79.9, '60-69': 83.5, '70-79': 88.0, '80-89': 78.5, '90-99': 75.0, '100-109': 82.91, '110-119': 90.91, '120-129': 89.0, '130-139': 79.7, '140-149': 79.5, 'old': 83.08, 'new': 79.5}
2026-06-17 18:16:41,889 [trainer.py] => CNN top1 curve: [99.0, 97.49, 94.97, 92.35, 91.07, 89.3, 88.4, 87.97, 86.64, 84.42, 83.92, 83.99, 84.27, 83.44, 82.84]
2026-06-17 18:16:41,890 [trainer.py] => CNN top5 curve: [100.0, 100.0, 100.0, 99.75, 99.1, 98.75, 98.5, 97.87, 96.88, 96.49, 96.08, 96.11, 96.34, 96.38, 95.62]
2026-06-17 18:16:41,890 [trainer.py] => Average Accuracy (CNN): 88.67
2026-06-17 18:16:41,890 [trainer.py] => All params: 87953858
2026-06-17 18:16:41,891 [trainer.py] => Trainable params: 304320
2026-06-17 18:16:41,910 [ease.py] => Learning on 150-160
2026-06-17 18:25:35,640 [ease.py] => Task correct: 82.38244514106583
2026-06-17 18:25:35,673 [ease.py] => Task acc: 97.24137931034483
2026-06-17 18:25:35,909 [trainer.py] => No NME accuracy.
2026-06-17 18:25:35,910 [trainer.py] => CNN: {'total': 81.66, '00-09': 92.5, '10-19': 80.4, '20-29': 81.31, '30-39': 79.0, '40-49': 79.0, '50-59': 79.9, '60-69': 83.5, '70-79': 88.0, '80-89': 77.0, '90-99': 71.0, '100-109': 82.91, '110-119': 89.9, '120-129': 89.0, '130-139': 79.7, '140-149': 79.5, '150-159': 74.0, 'old': 82.17, 'new': 74.0}
2026-06-17 18:25:35,910 [trainer.py] => CNN top1 curve: [99.0, 97.49, 94.97, 92.35, 91.07, 89.3, 88.4, 87.97, 86.64, 84.42, 83.92, 83.99, 84.27, 83.44, 82.84, 81.66]
2026-06-17 18:25:35,910 [trainer.py] => CNN top5 curve: [100.0, 100.0, 100.0, 99.75, 99.1, 98.75, 98.5, 97.87, 96.88, 96.49, 96.08, 96.11, 96.34, 96.38, 95.62, 95.33]
2026-06-17 18:25:35,910 [trainer.py] => Average Accuracy (CNN): 88.23
2026-06-17 18:25:35,911 [trainer.py] => All params: 88199618
2026-06-17 18:25:35,911 [trainer.py] => Trainable params: 304320
2026-06-17 18:25:35,933 [ease.py] => Learning on 160-170
2026-06-17 18:35:29,844 [ease.py] => Task correct: 81.68141592920354
2026-06-17 18:35:29,872 [ease.py] => Task acc: 97.37463126843657
2026-06-17 18:35:29,910 [trainer.py] => No NME accuracy.
2026-06-17 18:35:29,910 [trainer.py] => CNN: {'total': 81.06, '00-09': 92.5, '10-19': 80.4, '20-29': 81.31, '30-39': 79.0, '40-49': 79.0, '50-59': 79.9, '60-69': 82.0, '70-79': 82.5, '80-89': 76.5, '90-99': 71.0, '100-109': 81.91, '110-119': 89.9, '120-129': 89.0, '130-139': 79.7, '140-149': 78.5, '150-159': 73.5, '160-169': 81.5, 'old': 81.03, 'new': 81.5}
2026-06-17 18:35:29,910 [trainer.py] => CNN top1 curve: [99.0, 97.49, 94.97, 92.35, 91.07, 89.3, 88.4, 87.97, 86.64, 84.42, 83.92, 83.99, 84.27, 83.44, 82.84, 81.66, 81.06]
2026-06-17 18:35:29,911 [trainer.py] => CNN top5 curve: [100.0, 100.0, 100.0, 99.75, 99.1, 98.75, 98.5, 97.87, 96.88, 96.49, 96.08, 96.11, 96.34, 96.38, 95.62, 95.33, 94.9]
2026-06-17 18:35:29,911 [trainer.py] => Average Accuracy (CNN): 87.81
2026-06-17 18:35:29,911 [trainer.py] => All params: 88460738
2026-06-17 18:35:29,912 [trainer.py] => Trainable params: 304320
2026-06-17 18:35:29,930 [ease.py] => Learning on 170-180
2026-06-17 18:46:01,524 [ease.py] => Task correct: 80.46809696294233
2026-06-17 18:46:01,558 [ease.py] => Task acc: 97.29729729729729
2026-06-17 18:46:01,777 [trainer.py] => No NME accuracy.
2026-06-17 18:46:01,777 [trainer.py] => CNN: {'total': 79.88, '00-09': 92.5, '10-19': 80.4, '20-29': 79.8, '30-39': 79.0, '40-49': 79.0, '50-59': 78.89, '60-69': 82.0, '70-79': 82.5, '80-89': 75.5, '90-99': 71.0, '100-109': 81.91, '110-119': 89.9, '120-129': 85.0, '130-139': 77.16, '140-149': 78.5, '150-159': 73.5, '160-169': 81.5, '170-179': 69.85, 'old': 80.47, 'new': 69.85}
2026-06-17 18:46:01,778 [trainer.py] => CNN top1 curve: [99.0, 97.49, 94.97, 92.35, 91.07, 89.3, 88.4, 87.97, 86.64, 84.42, 83.92, 83.99, 84.27, 83.44, 82.84, 81.66, 81.06, 79.88]
2026-06-17 18:46:01,778 [trainer.py] => CNN top5 curve: [100.0, 100.0, 100.0, 99.75, 99.1, 98.75, 98.5, 97.87, 96.88, 96.49, 96.08, 96.11, 96.34, 96.38, 95.62, 95.33, 94.9, 94.54]
2026-06-17 18:46:01,778 [trainer.py] => Average Accuracy (CNN): 87.37
2026-06-17 18:46:01,778 [trainer.py] => All params: 88737218
2026-06-17 18:46:01,779 [trainer.py] => Trainable params: 304320
2026-06-17 18:46:01,805 [ease.py] => Learning on 180-190
2026-06-17 18:58:05,589 [ease.py] => Task correct: 80.43306047002905
2026-06-17 18:58:05,617 [ease.py] => Task acc: 97.22735674676525
2026-06-17 18:58:05,833 [trainer.py] => No NME accuracy.
2026-06-17 18:58:05,833 [trainer.py] => CNN: {'total': 79.69, '00-09': 92.5, '10-19': 79.9, '20-29': 79.8, '30-39': 76.5, '40-49': 79.0, '50-59': 78.39, '60-69': 81.0, '70-79': 81.5, '80-89': 75.5, '90-99': 71.0, '100-109': 81.91, '110-119': 89.39, '120-129': 84.5, '130-139': 77.16, '140-149': 78.0, '150-159': 73.5, '160-169': 80.5, '170-179': 69.35, '180-189': 84.85, 'old': 79.41, 'new': 84.85}
2026-06-17 18:58:05,834 [trainer.py] => CNN top1 curve: [99.0, 97.49, 94.97, 92.35, 91.07, 89.3, 88.4, 87.97, 86.64, 84.42, 83.92, 83.99, 84.27, 83.44, 82.84, 81.66, 81.06, 79.88, 79.69]
2026-06-17 18:58:05,834 [trainer.py] => CNN top5 curve: [100.0, 100.0, 100.0, 99.75, 99.1, 98.75, 98.5, 97.87, 96.88, 96.49, 96.08, 96.11, 96.34, 96.38, 95.62, 95.33, 94.9, 94.54, 94.51]
2026-06-17 18:58:05,834 [trainer.py] => Average Accuracy (CNN): 86.97
2026-06-17 18:58:05,834 [trainer.py] => All params: 89029058
2026-06-17 18:58:05,835 [trainer.py] => Trainable params: 304320
2026-06-17 18:58:05,862 [ease.py] => Learning on 190-200
2026-06-17 19:11:20,244 [ease.py] => Task correct: 79.9598695761224
2026-06-17 19:11:20,279 [ease.py] => Task acc: 97.26611487333835
2026-06-17 19:11:20,516 [trainer.py] => No NME accuracy.
2026-06-17 19:11:20,516 [trainer.py] => CNN: {'total': 79.21, '00-09': 92.5, '10-19': 79.9, '20-29': 79.8, '30-39': 75.5, '40-49': 79.0, '50-59': 78.39, '60-69': 76.5, '70-79': 79.5, '80-89': 74.0, '90-99': 71.0, '100-109': 81.41, '110-119': 89.39, '120-129': 83.0, '130-139': 77.16, '140-149': 77.5, '150-159': 73.5, '160-169': 80.5, '170-179': 68.84, '180-189': 84.85, '190-199': 82.0, 'old': 79.06, 'new': 82.0}
2026-06-17 19:11:20,516 [trainer.py] => CNN top1 curve: [99.0, 97.49, 94.97, 92.35, 91.07, 89.3, 88.4, 87.97, 86.64, 84.42, 83.92, 83.99, 84.27, 83.44, 82.84, 81.66, 81.06, 79.88, 79.69, 79.21]
2026-06-17 19:11:20,516 [trainer.py] => CNN top5 curve: [100.0, 100.0, 100.0, 99.75, 99.1, 98.75, 98.5, 97.87, 96.88, 96.49, 96.08, 96.11, 96.34, 96.38, 95.62, 95.33, 94.9, 94.54, 94.51, 94.56]
2026-06-17 19:11:20,516 [trainer.py] => Average Accuracy (CNN): 86.58
2026-06-17 19:11:20,517 [trainer.py] => All params: 89336258
2026-06-17 19:11:20,517 [trainer.py] => Trainable params: 304320
2026-06-17 19:11:20,548 [ease.py] => Learning on 200-210
2026-06-17 19:25:28,126 [ease.py] => Task correct: 79.48411750656796
2026-06-17 19:25:28,154 [ease.py] => Task acc: 97.27728684021973
2026-06-17 19:25:28,391 [trainer.py] => No NME accuracy.
2026-06-17 19:25:28,392 [trainer.py] => CNN: {'total': 78.72, '00-09': 92.5, '10-19': 78.39, '20-29': 79.8, '30-39': 75.0, '40-49': 72.5, '50-59': 77.39, '60-69': 76.0, '70-79': 78.5, '80-89': 74.0, '90-99': 71.0, '100-109': 81.41, '110-119': 89.39, '120-129': 83.0, '130-139': 77.16, '140-149': 77.0, '150-159': 73.5, '160-169': 80.0, '170-179': 68.84, '180-189': 84.85, '190-199': 82.0, '200-209': 81.0, 'old': 78.61, 'new': 81.0}
2026-06-17 19:25:28,392 [trainer.py] => CNN top1 curve: [99.0, 97.49, 94.97, 92.35, 91.07, 89.3, 88.4, 87.97, 86.64, 84.42, 83.92, 83.99, 84.27, 83.44, 82.84, 81.66, 81.06, 79.88, 79.69, 79.21, 78.72]
2026-06-17 19:25:28,392 [trainer.py] => CNN top5 curve: [100.0, 100.0, 100.0, 99.75, 99.1, 98.75, 98.5, 97.87, 96.88, 96.49, 96.08, 96.11, 96.34, 96.38, 95.62, 95.33, 94.9, 94.54, 94.51, 94.56, 94.41]
2026-06-17 19:25:28,392 [trainer.py] => Average Accuracy (CNN): 86.2
2026-06-17 19:25:28,393 [trainer.py] => All params: 89658818
2026-06-17 19:25:28,393 [trainer.py] => Trainable params: 304320
2026-06-17 19:25:28,424 [ease.py] => Learning on 210-220
2026-06-17 19:41:07,997 [ease.py] => Task correct: 78.47697218422253
2026-06-17 19:41:08,034 [ease.py] => Task acc: 97.35522115823073
2026-06-17 19:41:08,273 [trainer.py] => No NME accuracy.
2026-06-17 19:41:08,273 [trainer.py] => CNN: {'total': 77.72, '00-09': 92.0, '10-19': 77.89, '20-29': 79.8, '30-39': 74.0, '40-49': 71.0, '50-59': 77.39, '60-69': 76.0, '70-79': 78.5, '80-89': 74.0, '90-99': 71.0, '100-109': 81.41, '110-119': 88.89, '120-129': 80.5, '130-139': 72.08, '140-149': 77.0, '150-159': 73.5, '160-169': 76.5, '170-179': 68.84, '180-189': 84.85, '190-199': 81.5, '200-209': 80.5, '210-219': 72.86, 'old': 77.96, 'new': 72.86}
2026-06-17 19:41:08,273 [trainer.py] => CNN top1 curve: [99.0, 97.49, 94.97, 92.35, 91.07, 89.3, 88.4, 87.97, 86.64, 84.42, 83.92, 83.99, 84.27, 83.44, 82.84, 81.66, 81.06, 79.88, 79.69, 79.21, 78.72, 77.72]
2026-06-17 19:41:08,274 [trainer.py] => CNN top5 curve: [100.0, 100.0, 100.0, 99.75, 99.1, 98.75, 98.5, 97.87, 96.88, 96.49, 96.08, 96.11, 96.34, 96.38, 95.62, 95.33, 94.9, 94.54, 94.51, 94.56, 94.41, 93.87]
2026-06-17 19:41:08,274 [trainer.py] => Average Accuracy (CNN): 85.82
2026-06-17 19:41:08,274 [trainer.py] => All params: 89996738
2026-06-17 19:41:08,275 [trainer.py] => Trainable params: 304320
2026-06-17 19:41:08,304 [ease.py] => Learning on 220-230
2026-06-17 19:57:49,090 [ease.py] => Task correct: 78.25992150021806
2026-06-17 19:57:49,121 [ease.py] => Task acc: 97.31792411687745
2026-06-17 19:57:49,360 [trainer.py] => No NME accuracy.
2026-06-17 19:57:49,360 [trainer.py] => CNN: {'total': 77.47, '00-09': 92.0, '10-19': 77.89, '20-29': 79.29, '30-39': 74.0, '40-49': 70.5, '50-59': 77.39, '60-69': 76.0, '70-79': 78.5, '80-89': 72.0, '90-99': 71.0, '100-109': 81.41, '110-119': 88.89, '120-129': 80.5, '130-139': 72.08, '140-149': 76.5, '150-159': 73.0, '160-169': 72.5, '170-179': 68.84, '180-189': 84.85, '190-199': 81.5, '200-209': 80.5, '210-219': 72.36, '220-229': 80.5, 'old': 77.34, 'new': 80.5}
2026-06-17 19:57:49,360 [trainer.py] => CNN top1 curve: [99.0, 97.49, 94.97, 92.35, 91.07, 89.3, 88.4, 87.97, 86.64, 84.42, 83.92, 83.99, 84.27, 83.44, 82.84, 81.66, 81.06, 79.88, 79.69, 79.21, 78.72, 77.72, 77.47]
2026-06-17 19:57:49,361 [trainer.py] => CNN top5 curve: [100.0, 100.0, 100.0, 99.75, 99.1, 98.75, 98.5, 97.87, 96.88, 96.49, 96.08, 96.11, 96.34, 96.38, 95.62, 95.33, 94.9, 94.54, 94.51, 94.56, 94.41, 93.87, 93.89]
2026-06-17 19:57:49,361 [trainer.py] => Average Accuracy (CNN): 85.46
2026-06-17 19:57:49,361 [trainer.py] => All params: 90350018
2026-06-17 19:57:49,362 [trainer.py] => Trainable params: 304320
2026-06-17 19:57:49,398 [ease.py] => Learning on 230-240
2026-06-17 20:16:18,105 [ease.py] => Task correct: 77.47597158378605
2026-06-17 20:16:18,141 [ease.py] => Task acc: 97.26284997910572
2026-06-17 20:16:18,367 [trainer.py] => No NME accuracy.
2026-06-17 20:16:18,367 [trainer.py] => CNN: {'total': 76.77, '00-09': 92.0, '10-19': 77.39, '20-29': 79.29, '30-39': 74.0, '40-49': 68.0, '50-59': 76.88, '60-69': 74.0, '70-79': 78.5, '80-89': 71.5, '90-99': 71.0, '100-109': 81.41, '110-119': 87.88, '120-129': 76.0, '130-139': 72.08, '140-149': 76.5, '150-159': 73.0, '160-169': 72.5, '170-179': 68.34, '180-189': 84.34, '190-199': 81.0, '200-209': 80.5, '210-219': 71.86, '220-229': 80.5, '230-239': 74.0, 'old': 76.89, 'new': 74.0}
2026-06-17 20:16:18,367 [trainer.py] => CNN top1 curve: [99.0, 97.49, 94.97, 92.35, 91.07, 89.3, 88.4, 87.97, 86.64, 84.42, 83.92, 83.99, 84.27, 83.44, 82.84, 81.66, 81.06, 79.88, 79.69, 79.21, 78.72, 77.72, 77.47, 76.77]
2026-06-17 20:16:18,367 [trainer.py] => CNN top5 curve: [100.0, 100.0, 100.0, 99.75, 99.1, 98.75, 98.5, 97.87, 96.88, 96.49, 96.08, 96.11, 96.34, 96.38, 95.62, 95.33, 94.9, 94.54, 94.51, 94.56, 94.41, 93.87, 93.89, 93.23]
2026-06-17 20:16:18,368 [trainer.py] => Average Accuracy (CNN): 85.09
2026-06-17 20:16:18,368 [trainer.py] => All params: 90718658
2026-06-17 20:16:18,369 [trainer.py] => Trainable params: 304320
2026-06-17 20:16:18,410 [ease.py] => Learning on 240-250
2026-06-17 20:35:51,918 [ease.py] => Task correct: 76.69474528680306
2026-06-17 20:35:51,964 [ease.py] => Task acc: 97.352587244284
2026-06-17 20:35:52,236 [trainer.py] => No NME accuracy.
2026-06-17 20:35:52,237 [trainer.py] => CNN: {'total': 76.01, '00-09': 92.0, '10-19': 77.39, '20-29': 79.29, '30-39': 74.0, '40-49': 67.5, '50-59': 76.88, '60-69': 74.0, '70-79': 78.5, '80-89': 71.5, '90-99': 69.0, '100-109': 81.41, '110-119': 86.87, '120-129': 74.5, '130-139': 72.08, '140-149': 75.5, '150-159': 72.5, '160-169': 68.0, '170-179': 67.84, '180-189': 81.31, '190-199': 81.0, '200-209': 80.5, '210-219': 71.86, '220-229': 79.0, '230-239': 73.0, '240-249': 75.0, 'old': 76.06, 'new': 75.0}
2026-06-17 20:35:52,237 [trainer.py] => CNN top1 curve: [99.0, 97.49, 94.97, 92.35, 91.07, 89.3, 88.4, 87.97, 86.64, 84.42, 83.92, 83.99, 84.27, 83.44, 82.84, 81.66, 81.06, 79.88, 79.69, 79.21, 78.72, 77.72, 77.47, 76.77, 76.01]
2026-06-17 20:35:52,237 [trainer.py] => CNN top5 curve: [100.0, 100.0, 100.0, 99.75, 99.1, 98.75, 98.5, 97.87, 96.88, 96.49, 96.08, 96.11, 96.34, 96.38, 95.62, 95.33, 94.9, 94.54, 94.51, 94.56, 94.41, 93.87, 93.89, 93.23, 93.1]
2026-06-17 20:35:52,237 [trainer.py] => Average Accuracy (CNN): 84.73
2026-06-17 20:35:52,238 [trainer.py] => All params: 91102658
2026-06-17 20:35:52,238 [trainer.py] => Trainable params: 304320
2026-06-17 20:35:52,283 [ease.py] => Learning on 250-260
2026-06-17 20:57:19,065 [ease.py] => Task correct: 75.81485053037609
2026-06-17 20:57:19,094 [ease.py] => Task acc: 97.22275795564127
2026-06-17 20:57:19,328 [trainer.py] => No NME accuracy.
2026-06-17 20:57:19,328 [trainer.py] => CNN: {'total': 75.1, '00-09': 92.0, '10-19': 77.39, '20-29': 77.78, '30-39': 74.0, '40-49': 63.5, '50-59': 76.88, '60-69': 73.5, '70-79': 78.5, '80-89': 70.5, '90-99': 69.0, '100-109': 80.9, '110-119': 85.86, '120-129': 74.5, '130-139': 72.08, '140-149': 75.5, '150-159': 72.0, '160-169': 68.0, '170-179': 67.84, '180-189': 76.26, '190-199': 80.5, '200-209': 80.0, '210-219': 71.86, '220-229': 78.5, '230-239': 72.5, '240-249': 75.0, '250-259': 68.34, 'old': 75.37, 'new': 68.34}
2026-06-17 20:57:19,328 [trainer.py] => CNN top1 curve: [99.0, 97.49, 94.97, 92.35, 91.07, 89.3, 88.4, 87.97, 86.64, 84.42, 83.92, 83.99, 84.27, 83.44, 82.84, 81.66, 81.06, 79.88, 79.69, 79.21, 78.72, 77.72, 77.47, 76.77, 76.01, 75.1]
2026-06-17 20:57:19,328 [trainer.py] => CNN top5 curve: [100.0, 100.0, 100.0, 99.75, 99.1, 98.75, 98.5, 97.87, 96.88, 96.49, 96.08, 96.11, 96.34, 96.38, 95.62, 95.33, 94.9, 94.54, 94.51, 94.56, 94.41, 93.87, 93.89, 93.23, 93.1, 92.65]
2026-06-17 20:57:19,328 [trainer.py] => Average Accuracy (CNN): 84.36
2026-06-17 20:57:19,329 [trainer.py] => All params: 91502018
2026-06-17 20:57:19,330 [trainer.py] => Trainable params: 304320
2026-06-17 20:57:19,369 [ease.py] => Learning on 260-270
2026-06-17 21:19:51,525 [ease.py] => Task correct: 75.39461467038069
2026-06-17 21:19:51,555 [ease.py] => Task acc: 97.1402042711235
2026-06-17 21:19:51,792 [trainer.py] => No NME accuracy.
2026-06-17 21:19:51,793 [trainer.py] => CNN: {'total': 74.71, '00-09': 92.0, '10-19': 77.39, '20-29': 77.78, '30-39': 72.5, '40-49': 62.5, '50-59': 76.88, '60-69': 73.5, '70-79': 77.5, '80-89': 70.5, '90-99': 68.5, '100-109': 80.9, '110-119': 85.35, '120-129': 74.5, '130-139': 71.57, '140-149': 75.5, '150-159': 72.0, '160-169': 68.0, '170-179': 67.84, '180-189': 74.24, '190-199': 80.5, '200-209': 80.0, '210-219': 71.86, '220-229': 78.5, '230-239': 72.0, '240-249': 75.0, '250-259': 68.34, '260-269': 72.0, 'old': 74.81, 'new': 72.0}
2026-06-17 21:19:51,793 [trainer.py] => CNN top1 curve: [99.0, 97.49, 94.97, 92.35, 91.07, 89.3, 88.4, 87.97, 86.64, 84.42, 83.92, 83.99, 84.27, 83.44, 82.84, 81.66, 81.06, 79.88, 79.69, 79.21, 78.72, 77.72, 77.47, 76.77, 76.01, 75.1, 74.71]
2026-06-17 21:19:51,793 [trainer.py] => CNN top5 curve: [100.0, 100.0, 100.0, 99.75, 99.1, 98.75, 98.5, 97.87, 96.88, 96.49, 96.08, 96.11, 96.34, 96.38, 95.62, 95.33, 94.9, 94.54, 94.51, 94.56, 94.41, 93.87, 93.89, 93.23, 93.1, 92.65, 92.4]
2026-06-17 21:19:51,793 [trainer.py] => Average Accuracy (CNN): 84.0
2026-06-17 21:19:51,794 [trainer.py] => All params: 91916738
2026-06-17 21:19:51,794 [trainer.py] => Trainable params: 304320
2026-06-17 21:19:51,844 [ease.py] => Learning on 270-280
2026-06-17 21:44:29,016 [ease.py] => Task correct: 74.95076096687556
2026-06-17 21:44:29,046 [ease.py] => Task acc: 97.0993733213966
2026-06-17 21:44:29,269 [trainer.py] => No NME accuracy.
2026-06-17 21:44:29,270 [trainer.py] => CNN: {'total': 74.29, '00-09': 92.0, '10-19': 75.88, '20-29': 77.78, '30-39': 72.5, '40-49': 62.5, '50-59': 76.88, '60-69': 73.0, '70-79': 77.5, '80-89': 70.5, '90-99': 68.5, '100-109': 80.4, '110-119': 84.85, '120-129': 74.5, '130-139': 71.57, '140-149': 75.5, '150-159': 72.0, '160-169': 68.0, '170-179': 67.84, '180-189': 74.24, '190-199': 80.0, '200-209': 80.0, '210-219': 71.86, '220-229': 78.5, '230-239': 71.5, '240-249': 75.0, '250-259': 67.84, '260-269': 72.0, '270-279': 67.5, 'old': 74.54, 'new': 67.5}
2026-06-17 21:44:29,270 [trainer.py] => CNN top1 curve: [99.0, 97.49, 94.97, 92.35, 91.07, 89.3, 88.4, 87.97, 86.64, 84.42, 83.92, 83.99, 84.27, 83.44, 82.84, 81.66, 81.06, 79.88, 79.69, 79.21, 78.72, 77.72, 77.47, 76.77, 76.01, 75.1, 74.71, 74.29]
2026-06-17 21:44:29,270 [trainer.py] => CNN top5 curve: [100.0, 100.0, 100.0, 99.75, 99.1, 98.75, 98.5, 97.87, 96.88, 96.49, 96.08, 96.11, 96.34, 96.38, 95.62, 95.33, 94.9, 94.54, 94.51, 94.56, 94.41, 93.87, 93.89, 93.23, 93.1, 92.65, 92.4, 92.07]
2026-06-17 21:44:29,270 [trainer.py] => Average Accuracy (CNN): 83.66
2026-06-17 21:44:29,271 [trainer.py] => All params: 92346818
2026-06-17 21:44:29,271 [trainer.py] => Trainable params: 304320
2026-06-17 21:44:29,325 [ease.py] => Learning on 280-290
2026-06-17 22:10:22,940 [ease.py] => Task correct: 74.65859982713916
2026-06-17 22:10:22,974 [ease.py] => Task acc: 97.18236819360415
2026-06-17 22:10:23,191 [trainer.py] => No NME accuracy.
2026-06-17 22:10:23,191 [trainer.py] => CNN: {'total': 74.04, '00-09': 92.0, '10-19': 75.88, '20-29': 77.78, '30-39': 72.5, '40-49': 62.5, '50-59': 76.88, '60-69': 73.0, '70-79': 77.0, '80-89': 70.0, '90-99': 68.5, '100-109': 80.4, '110-119': 84.85, '120-129': 73.5, '130-139': 71.07, '140-149': 75.5, '150-159': 72.0, '160-169': 68.0, '170-179': 66.33, '180-189': 74.24, '190-199': 77.5, '200-209': 80.0, '210-219': 70.85, '220-229': 78.0, '230-239': 71.5, '240-249': 74.5, '250-259': 67.34, '260-269': 70.0, '270-279': 67.5, '280-289': 78.0, 'old': 73.89, 'new': 78.0}
2026-06-17 22:10:23,191 [trainer.py] => CNN top1 curve: [99.0, 97.49, 94.97, 92.35, 91.07, 89.3, 88.4, 87.97, 86.64, 84.42, 83.92, 83.99, 84.27, 83.44, 82.84, 81.66, 81.06, 79.88, 79.69, 79.21, 78.72, 77.72, 77.47, 76.77, 76.01, 75.1, 74.71, 74.29, 74.04]
2026-06-17 22:10:23,191 [trainer.py] => CNN top5 curve: [100.0, 100.0, 100.0, 99.75, 99.1, 98.75, 98.5, 97.87, 96.88, 96.49, 96.08, 96.11, 96.34, 96.38, 95.62, 95.33, 94.9, 94.54, 94.51, 94.56, 94.41, 93.87, 93.89, 93.23, 93.1, 92.65, 92.4, 92.07, 92.19]
2026-06-17 22:10:23,191 [trainer.py] => Average Accuracy (CNN): 83.32
2026-06-17 22:10:23,192 [trainer.py] => All params: 92792258
2026-06-17 22:10:23,192 [trainer.py] => Trainable params: 304320
2026-06-17 22:10:23,246 [ease.py] => Learning on 290-300
2026-06-17 22:37:49,788 [ease.py] => Task correct: 73.70091896407686
2026-06-17 22:37:49,818 [ease.py] => Task acc: 97.00918964076858
2026-06-17 22:37:50,041 [trainer.py] => No NME accuracy.
2026-06-17 22:37:50,041 [trainer.py] => CNN: {'total': 73.13, '00-09': 91.5, '10-19': 75.38, '20-29': 77.78, '30-39': 72.0, '40-49': 62.0, '50-59': 76.38, '60-69': 73.0, '70-79': 76.0, '80-89': 69.5, '90-99': 67.5, '100-109': 80.4, '110-119': 84.85, '120-129': 73.5, '130-139': 71.07, '140-149': 75.5, '150-159': 71.5, '160-169': 67.0, '170-179': 65.83, '180-189': 74.24, '190-199': 75.5, '200-209': 79.5, '210-219': 70.85, '220-229': 78.0, '230-239': 71.5, '240-249': 73.5, '250-259': 66.83, '260-269': 69.0, '270-279': 67.0, '280-289': 78.0, '290-299': 59.5, 'old': 73.6, 'new': 59.5}
2026-06-17 22:37:50,041 [trainer.py] => CNN top1 curve: [99.0, 97.49, 94.97, 92.35, 91.07, 89.3, 88.4, 87.97, 86.64, 84.42, 83.92, 83.99, 84.27, 83.44, 82.84, 81.66, 81.06, 79.88, 79.69, 79.21, 78.72, 77.72, 77.47, 76.77, 76.01, 75.1, 74.71, 74.29, 74.04, 73.13]
2026-06-17 22:37:50,042 [trainer.py] => CNN top5 curve: [100.0, 100.0, 100.0, 99.75, 99.1, 98.75, 98.5, 97.87, 96.88, 96.49, 96.08, 96.11, 96.34, 96.38, 95.62, 95.33, 94.9, 94.54, 94.51, 94.56, 94.41, 93.87, 93.89, 93.23, 93.1, 92.65, 92.4, 92.07, 92.19, 91.56]
2026-06-17 22:37:50,042 [trainer.py] => Average Accuracy (CNN): 82.98
