2026-06-02 16:28:33,358 [trainer.py] => config: ./configs/finetune/finetune_omn_B0_Inc30.json
2026-06-02 16:28:33,358 [trainer.py] => prefix: reproduce
2026-06-02 16:28:33,358 [trainer.py] => dataset: omnibenchmark
2026-06-02 16:28:33,359 [trainer.py] => memory_size: 0
2026-06-02 16:28:33,359 [trainer.py] => memory_per_class: 0
2026-06-02 16:28:33,359 [trainer.py] => fixed_memory: False
2026-06-02 16:28:33,359 [trainer.py] => shuffle: True
2026-06-02 16:28:33,359 [trainer.py] => init_cls: 30
2026-06-02 16:28:33,359 [trainer.py] => increment: 30
2026-06-02 16:28:33,359 [trainer.py] => model_name: finetune
2026-06-02 16:28:33,359 [trainer.py] => backbone_type: vit_base_patch16_224_in21k
2026-06-02 16:28:33,359 [trainer.py] => device: [device(type='cuda', index=6)]
2026-06-02 16:28:33,359 [trainer.py] => seed: 1993
2026-06-02 16:28:33,359 [trainer.py] => init_epoch: 20
2026-06-02 16:28:33,359 [trainer.py] => init_lr: 0.001
2026-06-02 16:28:33,359 [trainer.py] => init_milestones: [60, 120, 170]
2026-06-02 16:28:33,359 [trainer.py] => init_lr_decay: 0.1
2026-06-02 16:28:33,359 [trainer.py] => init_weight_decay: 0.0005
2026-06-02 16:28:33,359 [trainer.py] => epochs: 20
2026-06-02 16:28:33,359 [trainer.py] => lrate: 0.001
2026-06-02 16:28:33,359 [trainer.py] => milestones: [40, 70]
2026-06-02 16:28:33,359 [trainer.py] => lrate_decay: 0.1
2026-06-02 16:28:33,359 [trainer.py] => batch_size: 48
2026-06-02 16:28:33,359 [trainer.py] => weight_decay: 0.0002
2026-06-02 16:28:33,359 [trainer.py] => nb_classes: 300
2026-06-02 16:28:33,359 [trainer.py] => nb_tasks: 10
2026-06-02 16:28:33,692 [data_manager.py] => [169, 221, 146, 296, 92, 229, 49, 70, 126, 77, 243, 57, 120, 223, 27, 217, 154, 8, 101, 182, 54, 50, 97, 162, 28, 193, 79, 6, 151, 0, 173, 187, 44, 277, 157, 16, 257, 122, 35, 9, 171, 176, 134, 4, 87, 255, 112, 153, 246, 286, 147, 186, 107, 98, 10, 7, 266, 214, 36, 165, 139, 254, 103, 269, 59, 23, 298, 39, 73, 208, 135, 299, 102, 20, 12, 268, 11, 209, 161, 210, 74, 42, 56, 99, 235, 133, 159, 189, 145, 238, 215, 241, 138, 195, 233, 279, 88, 199, 64, 280, 26, 203, 17, 245, 174, 236, 137, 252, 80, 68, 181, 150, 118, 94, 75, 2, 109, 119, 232, 15, 69, 184, 201, 261, 55, 287, 273, 66, 175, 32, 142, 136, 116, 76, 179, 1, 91, 248, 275, 240, 290, 170, 132, 106, 265, 270, 85, 19, 284, 43, 259, 293, 228, 200, 104, 227, 51, 224, 163, 297, 216, 260, 93, 46, 100, 272, 105, 72, 131, 3, 156, 256, 249, 48, 113, 82, 172, 213, 62, 53, 271, 168, 253, 226, 183, 180, 276, 283, 78, 61, 143, 278, 30, 141, 196, 264, 231, 52, 222, 40, 125, 219, 65, 166, 192, 289, 45, 205, 89, 267, 90, 71, 167, 262, 281, 212, 96, 84, 127, 67, 294, 178, 288, 197, 21, 18, 111, 108, 58, 230, 188, 31, 110, 291, 129, 24, 204, 83, 81, 251, 60, 13, 128, 14, 86, 63, 117, 198, 274, 5, 22, 144, 258, 121, 38, 207, 148, 292, 41, 234, 237, 114, 202, 37, 149, 206, 155, 29, 130, 177, 194, 152, 34, 33, 239, 160, 140, 47, 244, 25, 282, 158, 211, 123, 190, 218, 164, 247, 263, 191, 220, 115, 242, 250, 124, 295, 95, 285, 225, 185]
2026-06-02 16:28:37,097 [trainer.py] => All params: 85798656
2026-06-02 16:28:37,099 [trainer.py] => Trainable params: 85798656
2026-06-02 16:28:37,100 [finetune.py] => Learning on 0-30
2026-06-02 17:09:29,577 [finetune.py] => Task 0, Epoch 20/20 => Loss 0.148, Train_accy 95.31
2026-06-02 17:09:33,714 [trainer.py] => Timing Task 0 => Train 2452.48s, Epochs 20, Train 122.6240s/epoch, Inference 4.14s, Images 600, Inference 6.8919ms/image
2026-06-02 17:09:33,714 [trainer.py] => No NME accuracy.
2026-06-02 17:09:33,715 [trainer.py] => CNN: {'total': 93.0, '00-29': 93.0, 'old': 0, 'new': 93.0}
2026-06-02 17:09:33,715 [trainer.py] => CNN top1 curve: [93.0]
2026-06-02 17:09:33,715 [trainer.py] => CNN top5 curve: [99.83]
2026-06-02 17:09:33,715 [trainer.py] => Average Accuracy (CNN): 93.0
2026-06-02 17:09:33,717 [trainer.py] => All params: 85821726
2026-06-02 17:09:33,718 [trainer.py] => Trainable params: 85821726
2026-06-02 17:09:33,722 [finetune.py] => Learning on 30-60
2026-06-02 17:50:55,638 [finetune.py] => Task 1, Epoch 20/20 => Loss 0.142, Train_accy 94.20
2026-06-02 17:51:03,178 [trainer.py] => Timing Task 1 => Train 2481.92s, Epochs 20, Train 124.0960s/epoch, Inference 7.54s, Images 1199, Inference 6.2878ms/image
2026-06-02 17:51:03,178 [trainer.py] => No NME accuracy.
2026-06-02 17:51:03,179 [trainer.py] => CNN: {'total': 84.74, '00-29': 75.0, '30-59': 94.49, 'old': 75.0, 'new': 94.49}
2026-06-02 17:51:03,179 [trainer.py] => CNN top1 curve: [93.0, 84.74]
2026-06-02 17:51:03,179 [trainer.py] => CNN top5 curve: [99.83, 97.33]
2026-06-02 17:51:03,179 [trainer.py] => Average Accuracy (CNN): 88.87
2026-06-02 17:51:03,181 [trainer.py] => All params: 85844796
2026-06-02 17:51:03,182 [trainer.py] => Trainable params: 85844796
2026-06-02 17:51:03,187 [finetune.py] => Learning on 60-90
2026-06-02 18:35:45,941 [finetune.py] => Task 2, Epoch 20/20 => Loss 0.114, Train_accy 93.64
2026-06-02 18:35:56,812 [trainer.py] => Timing Task 2 => Train 2682.76s, Epochs 20, Train 134.1380s/epoch, Inference 10.87s, Images 1798, Inference 6.0455ms/image
2026-06-02 18:35:56,812 [trainer.py] => No NME accuracy.
2026-06-02 18:35:56,812 [trainer.py] => CNN: {'total': 78.98, '00-29': 63.33, '30-59': 81.8, '60-89': 91.82, 'old': 72.56, 'new': 91.82}
2026-06-02 18:35:56,812 [trainer.py] => CNN top1 curve: [93.0, 84.74, 78.98]
2026-06-02 18:35:56,812 [trainer.py] => CNN top5 curve: [99.83, 97.33, 96.94]
2026-06-02 18:35:56,812 [trainer.py] => Average Accuracy (CNN): 85.57
2026-06-02 18:35:56,813 [trainer.py] => All params: 85867866
2026-06-02 18:35:56,814 [trainer.py] => Trainable params: 85867866
2026-06-02 18:35:56,816 [finetune.py] => Learning on 90-120
2026-06-02 19:23:56,876 [finetune.py] => Task 3, Epoch 20/20 => Loss 0.129, Train_accy 90.57
2026-06-02 19:24:11,163 [trainer.py] => Timing Task 3 => Train 2880.06s, Epochs 20, Train 144.0032s/epoch, Inference 14.29s, Images 2395, Inference 5.9647ms/image
2026-06-02 19:24:11,164 [trainer.py] => No NME accuracy.
2026-06-02 19:24:11,164 [trainer.py] => CNN: {'total': 69.48, '00-29': 49.0, '30-59': 69.12, '60-89': 70.95, '90-119': 88.94, 'old': 63.01, 'new': 88.94}
2026-06-02 19:24:11,164 [trainer.py] => CNN top1 curve: [93.0, 84.74, 78.98, 69.48]
2026-06-02 19:24:11,164 [trainer.py] => CNN top5 curve: [99.83, 97.33, 96.94, 94.03]
2026-06-02 19:24:11,164 [trainer.py] => Average Accuracy (CNN): 81.55
2026-06-02 19:24:11,165 [trainer.py] => All params: 85890936
2026-06-02 19:24:11,166 [trainer.py] => Trainable params: 85890936
2026-06-02 19:24:11,169 [finetune.py] => Learning on 120-150
2026-06-02 20:12:26,101 [finetune.py] => Task 4, Epoch 20/20 => Loss 0.139, Train_accy 88.48
2026-06-02 20:12:43,986 [trainer.py] => Timing Task 4 => Train 2894.94s, Epochs 20, Train 144.7468s/epoch, Inference 17.88s, Images 2994, Inference 5.9732ms/image
2026-06-02 20:12:43,987 [trainer.py] => No NME accuracy.
2026-06-02 20:12:43,987 [trainer.py] => CNN: {'total': 64.26, '00-29': 44.33, '30-59': 56.43, '60-89': 64.61, '90-119': 70.35, '120-149': 85.64, 'old': 58.91, 'new': 85.64}
2026-06-02 20:12:43,987 [trainer.py] => CNN top1 curve: [93.0, 84.74, 78.98, 69.48, 64.26]
2026-06-02 20:12:43,987 [trainer.py] => CNN top5 curve: [99.83, 97.33, 96.94, 94.03, 92.15]
2026-06-02 20:12:43,988 [trainer.py] => Average Accuracy (CNN): 78.09
2026-06-02 20:12:43,989 [trainer.py] => All params: 85914006
2026-06-02 20:12:43,991 [trainer.py] => Trainable params: 85914006
2026-06-02 20:12:43,996 [finetune.py] => Learning on 150-180
2026-06-02 20:58:04,315 [finetune.py] => Task 5, Epoch 20/20 => Loss 0.110, Train_accy 89.46
2026-06-02 20:58:24,687 [trainer.py] => Timing Task 5 => Train 2720.33s, Epochs 20, Train 136.0163s/epoch, Inference 20.37s, Images 3592, Inference 5.6711ms/image
2026-06-02 20:58:24,688 [trainer.py] => No NME accuracy.
2026-06-02 20:58:24,688 [trainer.py] => CNN: {'total': 61.39, '00-29': 37.5, '30-59': 47.25, '60-89': 58.93, '90-119': 64.15, '120-149': 72.95, '150-179': 87.63, 'old': 56.15, 'new': 87.63}
2026-06-02 20:58:24,688 [trainer.py] => CNN top1 curve: [93.0, 84.74, 78.98, 69.48, 64.26, 61.39]
2026-06-02 20:58:24,688 [trainer.py] => CNN top5 curve: [99.83, 97.33, 96.94, 94.03, 92.15, 90.79]
2026-06-02 20:58:24,688 [trainer.py] => Average Accuracy (CNN): 75.31
2026-06-02 20:58:24,690 [trainer.py] => All params: 85937076
2026-06-02 20:58:24,691 [trainer.py] => Trainable params: 85937076
2026-06-02 20:58:24,695 [finetune.py] => Learning on 180-210
2026-06-02 21:43:31,369 [finetune.py] => Task 6, Epoch 20/20 => Loss 0.130, Train_accy 93.37
2026-06-02 21:43:56,769 [trainer.py] => Timing Task 6 => Train 2706.68s, Epochs 20, Train 135.3340s/epoch, Inference 25.40s, Images 4189, Inference 6.0630ms/image
2026-06-02 21:43:56,770 [trainer.py] => No NME accuracy.
2026-06-02 21:43:56,770 [trainer.py] => CNN: {'total': 57.99, '00-29': 33.33, '30-59': 42.9, '60-89': 50.42, '90-119': 53.77, '120-149': 69.12, '150-179': 65.05, '180-209': 91.46, 'old': 52.42, 'new': 91.46}
2026-06-02 21:43:56,770 [trainer.py] => CNN top1 curve: [93.0, 84.74, 78.98, 69.48, 64.26, 61.39, 57.99]
2026-06-02 21:43:56,770 [trainer.py] => CNN top5 curve: [99.83, 97.33, 96.94, 94.03, 92.15, 90.79, 87.51]
2026-06-02 21:43:56,771 [trainer.py] => Average Accuracy (CNN): 72.83
2026-06-02 21:43:56,773 [trainer.py] => All params: 85960146
2026-06-02 21:43:56,775 [trainer.py] => Trainable params: 85960146
2026-06-02 21:43:56,782 [finetune.py] => Learning on 210-240
2026-06-02 22:31:21,157 [finetune.py] => Task 7, Epoch 20/20 => Loss 0.122, Train_accy 88.94
2026-06-02 22:31:46,812 [trainer.py] => Timing Task 7 => Train 2844.38s, Epochs 20, Train 142.2191s/epoch, Inference 25.65s, Images 4788, Inference 5.3579ms/image
2026-06-02 22:31:46,813 [trainer.py] => No NME accuracy.
2026-06-02 22:31:46,813 [trainer.py] => CNN: {'total': 51.23, '00-29': 29.67, '30-59': 34.06, '60-89': 39.73, '90-119': 39.87, '120-149': 56.93, '150-179': 45.99, '180-209': 77.72, '210-239': 85.98, 'old': 46.26, 'new': 85.98}
2026-06-02 22:31:46,813 [trainer.py] => CNN top1 curve: [93.0, 84.74, 78.98, 69.48, 64.26, 61.39, 57.99, 51.23]
2026-06-02 22:31:46,813 [trainer.py] => CNN top5 curve: [99.83, 97.33, 96.94, 94.03, 92.15, 90.79, 87.51, 85.4]
2026-06-02 22:31:46,813 [trainer.py] => Average Accuracy (CNN): 70.13
2026-06-02 22:31:46,815 [trainer.py] => All params: 85983216
2026-06-02 22:31:46,816 [trainer.py] => Trainable params: 85983216
2026-06-02 22:31:46,822 [finetune.py] => Learning on 240-270
2026-06-02 23:19:19,471 [finetune.py] => Task 8, Epoch 20/20 => Loss 0.102, Train_accy 90.52
2026-06-02 23:19:51,631 [trainer.py] => Timing Task 8 => Train 2852.66s, Epochs 20, Train 142.6328s/epoch, Inference 32.16s, Images 5387, Inference 5.9695ms/image
2026-06-02 23:19:51,632 [trainer.py] => No NME accuracy.
2026-06-02 23:19:51,632 [trainer.py] => CNN: {'total': 51.25, '00-29': 25.33, '30-59': 38.9, '60-89': 38.56, '90-119': 32.33, '120-149': 52.59, '150-179': 41.97, '180-209': 62.31, '210-239': 77.63, '240-269': 91.65, 'old': 46.2, 'new': 91.65}
2026-06-02 23:19:51,632 [trainer.py] => CNN top1 curve: [93.0, 84.74, 78.98, 69.48, 64.26, 61.39, 57.99, 51.23, 51.25]
2026-06-02 23:19:51,632 [trainer.py] => CNN top5 curve: [99.83, 97.33, 96.94, 94.03, 92.15, 90.79, 87.51, 85.4, 83.76]
2026-06-02 23:19:51,632 [trainer.py] => Average Accuracy (CNN): 68.04
2026-06-02 23:19:51,634 [trainer.py] => All params: 86006286
2026-06-02 23:19:51,635 [trainer.py] => Trainable params: 86006286
2026-06-02 23:19:51,643 [finetune.py] => Learning on 270-300
2026-06-03 00:06:34,026 [finetune.py] => Task 9, Epoch 20/20 => Loss 0.101, Train_accy 90.37
2026-06-03 00:07:08,400 [trainer.py] => Timing Task 9 => Train 2802.39s, Epochs 20, Train 140.1196s/epoch, Inference 34.37s, Images 5985, Inference 5.7429ms/image
2026-06-03 00:07:08,400 [trainer.py] => No NME accuracy.
2026-06-03 00:07:08,400 [trainer.py] => CNN: {'total': 47.95, '00-29': 22.33, '30-59': 33.72, '60-89': 34.06, '90-119': 29.15, '120-149': 47.41, '150-179': 31.44, '180-209': 53.94, '210-239': 58.26, '240-269': 79.13, '270-299': 90.13, 'old': 43.27, 'new': 90.13}
2026-06-03 00:07:08,400 [trainer.py] => CNN top1 curve: [93.0, 84.74, 78.98, 69.48, 64.26, 61.39, 57.99, 51.23, 51.25, 47.95]
2026-06-03 00:07:08,400 [trainer.py] => CNN top5 curve: [99.83, 97.33, 96.94, 94.03, 92.15, 90.79, 87.51, 85.4, 83.76, 81.35]
2026-06-03 00:07:08,400 [trainer.py] => Average Accuracy (CNN): 66.03
