2026-05-27 17:35:42,326 [trainer.py] => config: ./configs/finetune/finetune_cub_B0_Inc40.json
2026-05-27 17:35:42,326 [trainer.py] => prefix: reproduce
2026-05-27 17:35:42,326 [trainer.py] => dataset: cub
2026-05-27 17:35:42,326 [trainer.py] => memory_size: 0
2026-05-27 17:35:42,326 [trainer.py] => memory_per_class: 0
2026-05-27 17:35:42,326 [trainer.py] => fixed_memory: False
2026-05-27 17:35:42,326 [trainer.py] => shuffle: True
2026-05-27 17:35:42,326 [trainer.py] => init_cls: 40
2026-05-27 17:35:42,326 [trainer.py] => increment: 40
2026-05-27 17:35:42,326 [trainer.py] => model_name: finetune
2026-05-27 17:35:42,326 [trainer.py] => backbone_type: vit_base_patch16_224_in21k
2026-05-27 17:35:42,326 [trainer.py] => device: [device(type='cuda', index=6)]
2026-05-27 17:35:42,326 [trainer.py] => seed: 1994
2026-05-27 17:35:42,326 [trainer.py] => init_epoch: 20
2026-05-27 17:35:42,326 [trainer.py] => init_lr: 0.001
2026-05-27 17:35:42,326 [trainer.py] => init_milestones: [60, 120, 170]
2026-05-27 17:35:42,327 [trainer.py] => init_lr_decay: 0.1
2026-05-27 17:35:42,327 [trainer.py] => init_weight_decay: 0.0005
2026-05-27 17:35:42,327 [trainer.py] => epochs: 20
2026-05-27 17:35:42,327 [trainer.py] => lrate: 0.001
2026-05-27 17:35:42,327 [trainer.py] => milestones: [40, 70]
2026-05-27 17:35:42,327 [trainer.py] => lrate_decay: 0.1
2026-05-27 17:35:42,327 [trainer.py] => batch_size: 48
2026-05-27 17:35:42,327 [trainer.py] => weight_decay: 0.0002
2026-05-27 17:35:42,327 [trainer.py] => nb_classes: 200
2026-05-27 17:35:42,327 [trainer.py] => nb_tasks: 5
2026-05-27 17:35:42,376 [data_manager.py] => [85, 41, 23, 28, 70, 87, 134, 151, 51, 159, 178, 119, 50, 117, 73, 95, 86, 147, 63, 22, 79, 175, 40, 155, 174, 54, 132, 72, 124, 157, 93, 26, 196, 74, 44, 15, 169, 122, 88, 171, 184, 6, 18, 145, 48, 197, 64, 172, 126, 96, 11, 55, 193, 66, 128, 21, 77, 113, 140, 116, 141, 133, 120, 29, 115, 14, 103, 127, 114, 19, 9, 38, 33, 195, 81, 35, 69, 181, 47, 129, 112, 168, 198, 71, 101, 188, 68, 90, 158, 163, 52, 8, 185, 59, 154, 92, 56, 183, 32, 136, 65, 45, 46, 173, 189, 108, 102, 144, 0, 107, 187, 100, 98, 192, 43, 161, 104, 75, 150, 166, 121, 60, 160, 3, 143, 153, 62, 142, 61, 110, 194, 97, 25, 177, 179, 17, 49, 31, 94, 111, 16, 53, 91, 58, 135, 83, 2, 12, 13, 165, 42, 36, 186, 105, 1, 7, 149, 170, 27, 24, 78, 167, 137, 138, 118, 10, 139, 164, 20, 57, 123, 199, 89, 130, 82, 162, 176, 148, 109, 125, 67, 106, 37, 146, 131, 180, 156, 39, 5, 84, 4, 190, 152, 191, 30, 76, 80, 34, 99, 182]
2026-05-27 17:35:45,813 [trainer.py] => All params: 85798656
2026-05-27 17:35:45,814 [trainer.py] => Trainable params: 85798656
2026-05-27 17:35:45,815 [finetune.py] => Learning on 0-40
2026-05-27 17:46:17,853 [finetune.py] => Task 0, Epoch 20/20 => Loss 0.214, Train_accy 93.76
2026-05-27 17:46:21,308 [trainer.py] => Timing Task 0 => Train 632.04s, Epochs 20, Train 31.6020s/epoch, Inference 3.45s, Images 490, Inference 7.0469ms/image
2026-05-27 17:46:21,308 [trainer.py] => No NME accuracy.
2026-05-27 17:46:21,308 [trainer.py] => CNN: {'total': 95.71, '00-39': 95.71, 'old': 0, 'new': 95.71}
2026-05-27 17:46:21,309 [trainer.py] => CNN top1 curve: [95.71]
2026-05-27 17:46:21,309 [trainer.py] => CNN top5 curve: [99.39]
2026-05-27 17:46:21,309 [trainer.py] => Average Accuracy (CNN): 95.71
2026-05-27 17:46:21,310 [trainer.py] => All params: 85829416
2026-05-27 17:46:21,310 [trainer.py] => Trainable params: 85829416
2026-05-27 17:46:21,313 [finetune.py] => Learning on 40-80
2026-05-27 17:57:05,726 [finetune.py] => Task 1, Epoch 20/20 => Loss 0.241, Train_accy 90.81
2026-05-27 17:57:12,062 [trainer.py] => Timing Task 1 => Train 644.42s, Epochs 20, Train 32.2208s/epoch, Inference 6.33s, Images 937, Inference 6.7608ms/image
2026-05-27 17:57:12,062 [trainer.py] => No NME accuracy.
2026-05-27 17:57:12,062 [trainer.py] => CNN: {'total': 84.74, '00-39': 80.0, '40-79': 89.93, 'old': 80.0, 'new': 89.93}
2026-05-27 17:57:12,062 [trainer.py] => CNN top1 curve: [95.71, 84.74]
2026-05-27 17:57:12,062 [trainer.py] => CNN top5 curve: [99.39, 98.08]
2026-05-27 17:57:12,063 [trainer.py] => Average Accuracy (CNN): 90.22
2026-05-27 17:57:12,064 [trainer.py] => All params: 85860176
2026-05-27 17:57:12,065 [trainer.py] => Trainable params: 85860176
2026-05-27 17:57:12,069 [finetune.py] => Learning on 80-120
2026-05-27 18:08:10,949 [finetune.py] => Task 2, Epoch 20/20 => Loss 0.237, Train_accy 88.39
2026-05-27 18:08:18,729 [trainer.py] => Timing Task 2 => Train 658.89s, Epochs 20, Train 32.9443s/epoch, Inference 7.78s, Images 1388, Inference 5.6043ms/image
2026-05-27 18:08:18,729 [trainer.py] => No NME accuracy.
2026-05-27 18:08:18,729 [trainer.py] => CNN: {'total': 77.23, '00-39': 71.02, '40-79': 71.36, '80-119': 89.8, 'old': 71.18, 'new': 89.8}
2026-05-27 18:08:18,730 [trainer.py] => CNN top1 curve: [95.71, 84.74, 77.23]
2026-05-27 18:08:18,730 [trainer.py] => CNN top5 curve: [99.39, 98.08, 96.47]
2026-05-27 18:08:18,730 [trainer.py] => Average Accuracy (CNN): 85.89
2026-05-27 18:08:18,730 [trainer.py] => All params: 85890936
2026-05-27 18:08:18,731 [trainer.py] => Trainable params: 85890936
2026-05-27 18:08:18,734 [finetune.py] => Learning on 120-160
2026-05-27 18:19:01,176 [finetune.py] => Task 3, Epoch 20/20 => Loss 0.207, Train_accy 87.93
2026-05-27 18:19:13,203 [trainer.py] => Timing Task 3 => Train 642.45s, Epochs 20, Train 32.1223s/epoch, Inference 12.03s, Images 1885, Inference 6.3793ms/image
2026-05-27 18:19:13,203 [trainer.py] => No NME accuracy.
2026-05-27 18:19:13,203 [trainer.py] => CNN: {'total': 69.39, '00-39': 54.69, '40-79': 59.28, '80-119': 78.05, '120-159': 85.11, 'old': 63.76, 'new': 85.11}
2026-05-27 18:19:13,203 [trainer.py] => CNN top1 curve: [95.71, 84.74, 77.23, 69.39]
2026-05-27 18:19:13,203 [trainer.py] => CNN top5 curve: [99.39, 98.08, 96.47, 94.91]
2026-05-27 18:19:13,203 [trainer.py] => Average Accuracy (CNN): 81.77
2026-05-27 18:19:13,204 [trainer.py] => All params: 85921696
2026-05-27 18:19:13,205 [trainer.py] => Trainable params: 85921696
2026-05-27 18:19:13,207 [finetune.py] => Learning on 160-200
2026-05-27 18:30:29,144 [finetune.py] => Task 4, Epoch 20/20 => Loss 0.250, Train_accy 88.57
2026-05-27 18:30:43,930 [trainer.py] => Timing Task 4 => Train 675.94s, Epochs 20, Train 33.7970s/epoch, Inference 14.78s, Images 2358, Inference 6.2699ms/image
2026-05-27 18:30:43,930 [trainer.py] => No NME accuracy.
2026-05-27 18:30:43,931 [trainer.py] => CNN: {'total': 65.86, '00-39': 40.41, '40-79': 50.34, '80-119': 69.18, '120-159': 75.65, '160-199': 93.45, 'old': 58.94, 'new': 93.45}
2026-05-27 18:30:43,931 [trainer.py] => CNN top1 curve: [95.71, 84.74, 77.23, 69.39, 65.86]
2026-05-27 18:30:43,931 [trainer.py] => CNN top5 curve: [99.39, 98.08, 96.47, 94.91, 93.09]
2026-05-27 18:30:43,931 [trainer.py] => Average Accuracy (CNN): 78.59
2026-05-27 18:30:43,931 [trainer.py] => Total Train Time: 3253.73s
2026-05-27 18:30:43,931 [trainer.py] => Total Inference Time: 44.38s
2026-05-27 18:30:43,931 [trainer.py] => Average Training Time per Epoch per Incremental Task: 32.5373s
2026-05-27 18:30:43,931 [trainer.py] => Average Inference Time: 6.2873ms/image
2026-05-27 18:30:43,931 [trainer.py] => Mean Task Inference Time: 6.4122ms/image
