2026-05-28 08:45:24,167 [trainer.py] => config: ./configs/finetune/finetune_inr_B0_Inc5.json
2026-05-28 08:45:24,167 [trainer.py] => prefix: reproduce
2026-05-28 08:45:24,167 [trainer.py] => dataset: imagenetr
2026-05-28 08:45:24,167 [trainer.py] => memory_size: 0
2026-05-28 08:45:24,167 [trainer.py] => memory_per_class: 0
2026-05-28 08:45:24,167 [trainer.py] => fixed_memory: False
2026-05-28 08:45:24,167 [trainer.py] => shuffle: True
2026-05-28 08:45:24,168 [trainer.py] => init_cls: 5
2026-05-28 08:45:24,168 [trainer.py] => increment: 5
2026-05-28 08:45:24,168 [trainer.py] => model_name: finetune
2026-05-28 08:45:24,168 [trainer.py] => backbone_type: vit_base_patch16_224_in21k
2026-05-28 08:45:24,168 [trainer.py] => device: [device(type='cuda', index=6)]
2026-05-28 08:45:24,168 [trainer.py] => seed: 1994
2026-05-28 08:45:24,168 [trainer.py] => init_epoch: 20
2026-05-28 08:45:24,168 [trainer.py] => init_lr: 0.001
2026-05-28 08:45:24,168 [trainer.py] => init_milestones: [60, 120, 170]
2026-05-28 08:45:24,168 [trainer.py] => init_lr_decay: 0.1
2026-05-28 08:45:24,168 [trainer.py] => init_weight_decay: 0.0005
2026-05-28 08:45:24,168 [trainer.py] => epochs: 20
2026-05-28 08:45:24,168 [trainer.py] => lrate: 0.001
2026-05-28 08:45:24,168 [trainer.py] => milestones: [40, 70]
2026-05-28 08:45:24,168 [trainer.py] => lrate_decay: 0.1
2026-05-28 08:45:24,168 [trainer.py] => batch_size: 48
2026-05-28 08:45:24,168 [trainer.py] => weight_decay: 0.0002
2026-05-28 08:45:24,168 [trainer.py] => nb_classes: 200
2026-05-28 08:45:24,168 [trainer.py] => nb_tasks: 40
2026-05-28 08:45:24,413 [data_manager.py] => [85, 41, 23, 28, 70, 87, 134, 151, 51, 159, 178, 119, 50, 117, 73, 95, 86, 147, 63, 22, 79, 175, 40, 155, 174, 54, 132, 72, 124, 157, 93, 26, 196, 74, 44, 15, 169, 122, 88, 171, 184, 6, 18, 145, 48, 197, 64, 172, 126, 96, 11, 55, 193, 66, 128, 21, 77, 113, 140, 116, 141, 133, 120, 29, 115, 14, 103, 127, 114, 19, 9, 38, 33, 195, 81, 35, 69, 181, 47, 129, 112, 168, 198, 71, 101, 188, 68, 90, 158, 163, 52, 8, 185, 59, 154, 92, 56, 183, 32, 136, 65, 45, 46, 173, 189, 108, 102, 144, 0, 107, 187, 100, 98, 192, 43, 161, 104, 75, 150, 166, 121, 60, 160, 3, 143, 153, 62, 142, 61, 110, 194, 97, 25, 177, 179, 17, 49, 31, 94, 111, 16, 53, 91, 58, 135, 83, 2, 12, 13, 165, 42, 36, 186, 105, 1, 7, 149, 170, 27, 24, 78, 167, 137, 138, 118, 10, 139, 164, 20, 57, 123, 199, 89, 130, 82, 162, 176, 148, 109, 125, 67, 106, 37, 146, 131, 180, 156, 39, 5, 84, 4, 190, 152, 191, 30, 76, 80, 34, 99, 182]
2026-05-28 08:45:34,242 [trainer.py] => All params: 85798656
2026-05-28 08:45:34,242 [trainer.py] => Trainable params: 85798656
2026-05-28 08:45:34,243 [finetune.py] => Learning on 0-5
2026-05-28 08:47:53,259 [finetune.py] => Task 0, Epoch 20/20 => Loss 0.163, Train_accy 94.19
2026-05-28 08:47:54,765 [trainer.py] => Timing Task 0 => Train 139.02s, Epochs 20, Train 6.9509s/epoch, Inference 1.50s, Images 159, Inference 9.4625ms/image
2026-05-28 08:47:54,765 [trainer.py] => No NME accuracy.
2026-05-28 08:47:54,765 [trainer.py] => CNN: {'total': 96.86, '00-04': 96.86, 'old': 0, 'new': 96.86}
2026-05-28 08:47:54,765 [trainer.py] => CNN top1 curve: [96.86]
2026-05-28 08:47:54,765 [trainer.py] => CNN top5 curve: [100.0]
2026-05-28 08:47:54,766 [trainer.py] => Average Accuracy (CNN): 96.86
2026-05-28 08:47:54,766 [trainer.py] => All params: 85802501
2026-05-28 08:47:54,767 [trainer.py] => Trainable params: 85802501
2026-05-28 08:47:54,768 [finetune.py] => Learning on 5-10
2026-05-28 08:50:41,626 [finetune.py] => Task 1, Epoch 20/20 => Loss 0.149, Train_accy 91.99
2026-05-28 08:50:43,173 [trainer.py] => Timing Task 1 => Train 166.86s, Epochs 20, Train 8.3430s/epoch, Inference 1.55s, Images 345, Inference 4.4793ms/image
2026-05-28 08:50:43,173 [trainer.py] => No NME accuracy.
2026-05-28 08:50:43,173 [trainer.py] => CNN: {'total': 83.19, '00-04': 72.33, '05-09': 92.47, 'old': 72.33, 'new': 92.47}
2026-05-28 08:50:43,173 [trainer.py] => CNN top1 curve: [96.86, 83.19]
2026-05-28 08:50:43,173 [trainer.py] => CNN top5 curve: [100.0, 97.97]
2026-05-28 08:50:43,173 [trainer.py] => Average Accuracy (CNN): 90.02
2026-05-28 08:50:43,174 [trainer.py] => All params: 85806346
2026-05-28 08:50:43,175 [trainer.py] => Trainable params: 85806346
2026-05-28 08:50:43,176 [finetune.py] => Learning on 10-15
2026-05-28 08:52:11,437 [finetune.py] => Task 2, Epoch 20/20 => Loss 0.071, Train_accy 91.38
2026-05-28 08:52:13,506 [trainer.py] => Timing Task 2 => Train 88.26s, Epochs 20, Train 4.4132s/epoch, Inference 2.07s, Images 441, Inference 4.6876ms/image
2026-05-28 08:52:13,506 [trainer.py] => No NME accuracy.
2026-05-28 08:52:13,506 [trainer.py] => CNN: {'total': 84.58, '00-04': 71.07, '05-09': 90.86, '10-14': 94.79, 'old': 81.74, 'new': 94.79}
2026-05-28 08:52:13,506 [trainer.py] => CNN top1 curve: [96.86, 83.19, 84.58]
2026-05-28 08:52:13,506 [trainer.py] => CNN top5 curve: [100.0, 97.97, 97.73]
2026-05-28 08:52:13,506 [trainer.py] => Average Accuracy (CNN): 88.21
2026-05-28 08:52:13,507 [trainer.py] => All params: 85810191
2026-05-28 08:52:13,508 [trainer.py] => Trainable params: 85810191
2026-05-28 08:52:13,509 [finetune.py] => Learning on 15-20
2026-05-28 08:55:33,151 [finetune.py] => Task 3, Epoch 20/20 => Loss 0.087, Train_accy 89.54
2026-05-28 08:55:37,705 [trainer.py] => Timing Task 3 => Train 199.65s, Epochs 20, Train 9.9823s/epoch, Inference 4.55s, Images 682, Inference 6.6749ms/image
2026-05-28 08:55:37,705 [trainer.py] => No NME accuracy.
2026-05-28 08:55:37,705 [trainer.py] => CNN: {'total': 80.35, '00-04': 54.72, '05-09': 80.65, '10-14': 85.42, '15-19': 95.02, 'old': 72.34, 'new': 95.02}
2026-05-28 08:55:37,706 [trainer.py] => CNN top1 curve: [96.86, 83.19, 84.58, 80.35]
2026-05-28 08:55:37,706 [trainer.py] => CNN top5 curve: [100.0, 97.97, 97.73, 96.48]
2026-05-28 08:55:37,706 [trainer.py] => Average Accuracy (CNN): 86.24
2026-05-28 08:55:37,706 [trainer.py] => All params: 85814036
2026-05-28 08:55:37,707 [trainer.py] => Trainable params: 85814036
2026-05-28 08:55:37,709 [finetune.py] => Learning on 20-25
2026-05-28 08:57:56,109 [finetune.py] => Task 4, Epoch 20/20 => Loss 0.083, Train_accy 92.29
2026-05-28 08:57:59,399 [trainer.py] => Timing Task 4 => Train 138.40s, Epochs 20, Train 6.9202s/epoch, Inference 3.29s, Images 835, Inference 3.9374ms/image
2026-05-28 08:57:59,399 [trainer.py] => No NME accuracy.
2026-05-28 08:57:59,399 [trainer.py] => CNN: {'total': 78.2, '00-04': 55.97, '05-09': 77.42, '10-14': 73.96, '15-19': 87.55, '20-24': 90.2, 'old': 75.51, 'new': 90.2}
2026-05-28 08:57:59,399 [trainer.py] => CNN top1 curve: [96.86, 83.19, 84.58, 80.35, 78.2]
2026-05-28 08:57:59,399 [trainer.py] => CNN top5 curve: [100.0, 97.97, 97.73, 96.48, 96.29]
2026-05-28 08:57:59,399 [trainer.py] => Average Accuracy (CNN): 84.64
2026-05-28 08:57:59,400 [trainer.py] => All params: 85817881
2026-05-28 08:57:59,400 [trainer.py] => Trainable params: 85817881
2026-05-28 08:57:59,407 [finetune.py] => Learning on 25-30
2026-05-28 08:59:54,985 [finetune.py] => Task 5, Epoch 20/20 => Loss 0.057, Train_accy 92.67
2026-05-28 08:59:58,803 [trainer.py] => Timing Task 5 => Train 115.59s, Epochs 20, Train 5.7793s/epoch, Inference 3.82s, Images 964, Inference 3.9601ms/image
2026-05-28 08:59:58,804 [trainer.py] => No NME accuracy.
2026-05-28 08:59:58,804 [trainer.py] => CNN: {'total': 73.65, '00-04': 54.09, '05-09': 68.28, '10-14': 65.62, '15-19': 83.82, '20-24': 78.43, '25-29': 86.82, 'old': 71.62, 'new': 86.82}
2026-05-28 08:59:58,804 [trainer.py] => CNN top1 curve: [96.86, 83.19, 84.58, 80.35, 78.2, 73.65]
2026-05-28 08:59:58,804 [trainer.py] => CNN top5 curve: [100.0, 97.97, 97.73, 96.48, 96.29, 93.78]
2026-05-28 08:59:58,804 [trainer.py] => Average Accuracy (CNN): 82.8
2026-05-28 08:59:58,805 [trainer.py] => All params: 85821726
2026-05-28 08:59:58,805 [trainer.py] => Trainable params: 85821726
2026-05-28 08:59:58,806 [finetune.py] => Learning on 30-35
2026-05-28 09:02:48,131 [finetune.py] => Task 6, Epoch 20/20 => Loss 0.084, Train_accy 83.04
2026-05-28 09:02:52,876 [trainer.py] => Timing Task 6 => Train 169.33s, Epochs 20, Train 8.4663s/epoch, Inference 4.74s, Images 1116, Inference 4.2504ms/image
2026-05-28 09:02:52,876 [trainer.py] => No NME accuracy.
2026-05-28 09:02:52,876 [trainer.py] => CNN: {'total': 71.06, '00-04': 53.46, '05-09': 69.35, '10-14': 56.25, '15-19': 79.67, '20-24': 73.86, '25-29': 79.07, '30-34': 77.63, 'old': 70.02, 'new': 77.63}
2026-05-28 09:02:52,876 [trainer.py] => CNN top1 curve: [96.86, 83.19, 84.58, 80.35, 78.2, 73.65, 71.06]
2026-05-28 09:02:52,876 [trainer.py] => CNN top5 curve: [100.0, 97.97, 97.73, 96.48, 96.29, 93.78, 92.2]
2026-05-28 09:02:52,876 [trainer.py] => Average Accuracy (CNN): 81.13
2026-05-28 09:02:52,877 [trainer.py] => All params: 85825571
2026-05-28 09:02:52,878 [trainer.py] => Trainable params: 85825571
2026-05-28 09:02:52,878 [finetune.py] => Learning on 35-40
2026-05-28 09:05:29,816 [finetune.py] => Task 7, Epoch 20/20 => Loss 0.090, Train_accy 86.04
2026-05-28 09:05:35,729 [trainer.py] => Timing Task 7 => Train 156.94s, Epochs 20, Train 7.8470s/epoch, Inference 5.91s, Images 1291, Inference 4.5792ms/image
2026-05-28 09:05:35,730 [trainer.py] => No NME accuracy.
2026-05-28 09:05:35,730 [trainer.py] => CNN: {'total': 72.27, '00-04': 52.2, '05-09': 67.74, '10-14': 59.38, '15-19': 81.33, '20-24': 76.47, '25-29': 80.62, '30-34': 65.13, '35-39': 86.29, 'old': 70.07, 'new': 86.29}
2026-05-28 09:05:35,730 [trainer.py] => CNN top1 curve: [96.86, 83.19, 84.58, 80.35, 78.2, 73.65, 71.06, 72.27]
2026-05-28 09:05:35,730 [trainer.py] => CNN top5 curve: [100.0, 97.97, 97.73, 96.48, 96.29, 93.78, 92.2, 92.41]
2026-05-28 09:05:35,730 [trainer.py] => Average Accuracy (CNN): 80.02
2026-05-28 09:05:35,731 [trainer.py] => All params: 85829416
2026-05-28 09:05:35,732 [trainer.py] => Trainable params: 85829416
2026-05-28 09:05:35,734 [finetune.py] => Learning on 40-45
2026-05-28 09:08:09,678 [finetune.py] => Task 8, Epoch 20/20 => Loss 0.047, Train_accy 89.71
2026-05-28 09:08:16,139 [trainer.py] => Timing Task 8 => Train 153.95s, Epochs 20, Train 7.6974s/epoch, Inference 6.46s, Images 1446, Inference 4.4668ms/image
2026-05-28 09:08:16,139 [trainer.py] => No NME accuracy.
2026-05-28 09:08:16,139 [trainer.py] => CNN: {'total': 68.95, '00-04': 50.31, '05-09': 60.22, '10-14': 51.04, '15-19': 79.67, '20-24': 75.16, '25-29': 81.4, '30-34': 61.18, '35-39': 59.43, '40-44': 94.84, 'old': 65.84, 'new': 94.84}
2026-05-28 09:08:16,139 [trainer.py] => CNN top1 curve: [96.86, 83.19, 84.58, 80.35, 78.2, 73.65, 71.06, 72.27, 68.95]
2026-05-28 09:08:16,139 [trainer.py] => CNN top5 curve: [100.0, 97.97, 97.73, 96.48, 96.29, 93.78, 92.2, 92.41, 90.94]
2026-05-28 09:08:16,139 [trainer.py] => Average Accuracy (CNN): 78.79
2026-05-28 09:08:16,140 [trainer.py] => All params: 85833261
2026-05-28 09:08:16,141 [trainer.py] => Trainable params: 85833261
2026-05-28 09:08:16,143 [finetune.py] => Learning on 45-50
2026-05-28 09:10:55,721 [finetune.py] => Task 9, Epoch 20/20 => Loss 0.090, Train_accy 80.31
2026-05-28 09:11:05,605 [trainer.py] => Timing Task 9 => Train 159.58s, Epochs 20, Train 7.9791s/epoch, Inference 9.88s, Images 1596, Inference 6.1919ms/image
2026-05-28 09:11:05,606 [trainer.py] => No NME accuracy.
2026-05-28 09:11:05,606 [trainer.py] => CNN: {'total': 65.35, '00-04': 44.65, '05-09': 67.2, '10-14': 39.58, '15-19': 74.27, '20-24': 70.59, '25-29': 73.64, '30-34': 61.84, '35-39': 53.14, '40-44': 86.45, '45-49': 70.67, 'old': 64.8, 'new': 70.67}
2026-05-28 09:11:05,606 [trainer.py] => CNN top1 curve: [96.86, 83.19, 84.58, 80.35, 78.2, 73.65, 71.06, 72.27, 68.95, 65.35]
2026-05-28 09:11:05,606 [trainer.py] => CNN top5 curve: [100.0, 97.97, 97.73, 96.48, 96.29, 93.78, 92.2, 92.41, 90.94, 89.47]
2026-05-28 09:11:05,606 [trainer.py] => Average Accuracy (CNN): 77.45
2026-05-28 09:11:05,607 [trainer.py] => All params: 85837106
2026-05-28 09:11:05,608 [trainer.py] => Trainable params: 85837106
2026-05-28 09:11:05,611 [finetune.py] => Learning on 50-55
2026-05-28 09:13:39,013 [finetune.py] => Task 10, Epoch 20/20 => Loss 0.084, Train_accy 87.35
2026-05-28 09:13:45,040 [trainer.py] => Timing Task 10 => Train 153.41s, Epochs 20, Train 7.6703s/epoch, Inference 6.03s, Images 1733, Inference 3.4771ms/image
2026-05-28 09:13:45,040 [trainer.py] => No NME accuracy.
2026-05-28 09:13:45,041 [trainer.py] => CNN: {'total': 60.53, '00-04': 41.51, '05-09': 53.76, '10-14': 43.75, '15-19': 71.37, '20-24': 65.36, '25-29': 65.89, '30-34': 45.39, '35-39': 54.29, '40-44': 81.94, '45-49': 54.0, '50-54': 81.75, 'old': 58.71, 'new': 81.75}
2026-05-28 09:13:45,041 [trainer.py] => CNN top1 curve: [96.86, 83.19, 84.58, 80.35, 78.2, 73.65, 71.06, 72.27, 68.95, 65.35, 60.53]
2026-05-28 09:13:45,041 [trainer.py] => CNN top5 curve: [100.0, 97.97, 97.73, 96.48, 96.29, 93.78, 92.2, 92.41, 90.94, 89.47, 85.69]
2026-05-28 09:13:45,041 [trainer.py] => Average Accuracy (CNN): 75.91
2026-05-28 09:13:45,042 [trainer.py] => All params: 85840951
2026-05-28 09:13:45,043 [trainer.py] => Trainable params: 85840951
2026-05-28 09:13:45,045 [finetune.py] => Learning on 55-60
2026-05-28 09:16:26,494 [finetune.py] => Task 11, Epoch 20/20 => Loss 0.040, Train_accy 87.42
2026-05-28 09:16:32,705 [trainer.py] => Timing Task 11 => Train 161.45s, Epochs 20, Train 8.0726s/epoch, Inference 6.21s, Images 1894, Inference 3.2788ms/image
2026-05-28 09:16:32,706 [trainer.py] => No NME accuracy.
2026-05-28 09:16:32,706 [trainer.py] => CNN: {'total': 56.81, '00-04': 35.22, '05-09': 44.09, '10-14': 35.42, '15-19': 59.34, '20-24': 62.09, '25-29': 66.67, '30-34': 28.29, '35-39': 52.57, '40-44': 80.0, '45-49': 52.0, '50-54': 74.45, '55-59': 87.58, 'old': 53.95, 'new': 87.58}
2026-05-28 09:16:32,706 [trainer.py] => CNN top1 curve: [96.86, 83.19, 84.58, 80.35, 78.2, 73.65, 71.06, 72.27, 68.95, 65.35, 60.53, 56.81]
2026-05-28 09:16:32,706 [trainer.py] => CNN top5 curve: [100.0, 97.97, 97.73, 96.48, 96.29, 93.78, 92.2, 92.41, 90.94, 89.47, 85.69, 86.17]
2026-05-28 09:16:32,706 [trainer.py] => Average Accuracy (CNN): 74.32
2026-05-28 09:16:32,707 [trainer.py] => All params: 85844796
2026-05-28 09:16:32,707 [trainer.py] => Trainable params: 85844796
2026-05-28 09:16:32,709 [finetune.py] => Learning on 60-65
2026-05-28 09:18:51,335 [finetune.py] => Task 12, Epoch 20/20 => Loss 0.081, Train_accy 87.85
2026-05-28 09:18:59,585 [trainer.py] => Timing Task 12 => Train 138.63s, Epochs 20, Train 6.9314s/epoch, Inference 8.25s, Images 2025, Inference 4.0735ms/image
2026-05-28 09:18:59,585 [trainer.py] => No NME accuracy.
2026-05-28 09:18:59,586 [trainer.py] => CNN: {'total': 56.05, '00-04': 33.33, '05-09': 40.86, '10-14': 38.54, '15-19': 48.13, '20-24': 64.71, '25-29': 67.44, '30-34': 34.87, '35-39': 56.0, '40-44': 73.55, '45-49': 50.0, '50-54': 67.88, '55-59': 83.23, '60-64': 76.34, 'old': 54.65, 'new': 76.34}
2026-05-28 09:18:59,586 [trainer.py] => CNN top1 curve: [96.86, 83.19, 84.58, 80.35, 78.2, 73.65, 71.06, 72.27, 68.95, 65.35, 60.53, 56.81, 56.05]
2026-05-28 09:18:59,586 [trainer.py] => CNN top5 curve: [100.0, 97.97, 97.73, 96.48, 96.29, 93.78, 92.2, 92.41, 90.94, 89.47, 85.69, 86.17, 84.1]
2026-05-28 09:18:59,586 [trainer.py] => Average Accuracy (CNN): 72.91
2026-05-28 09:18:59,587 [trainer.py] => All params: 85848641
2026-05-28 09:18:59,587 [trainer.py] => Trainable params: 85848641
2026-05-28 09:18:59,589 [finetune.py] => Learning on 65-70
2026-05-28 09:21:46,436 [finetune.py] => Task 13, Epoch 20/20 => Loss 0.089, Train_accy 87.91
2026-05-28 09:21:59,355 [trainer.py] => Timing Task 13 => Train 166.85s, Epochs 20, Train 8.3426s/epoch, Inference 12.92s, Images 2136, Inference 6.0472ms/image
2026-05-28 09:21:59,356 [trainer.py] => No NME accuracy.
2026-05-28 09:21:59,356 [trainer.py] => CNN: {'total': 58.01, '00-04': 39.62, '05-09': 49.46, '10-14': 37.5, '15-19': 53.53, '20-24': 66.67, '25-29': 63.57, '30-34': 30.92, '35-39': 53.14, '40-44': 71.61, '45-49': 45.33, '50-54': 58.39, '55-59': 85.09, '60-64': 75.57, '65-69': 90.09, 'old': 56.25, 'new': 90.09}
2026-05-28 09:21:59,356 [trainer.py] => CNN top1 curve: [96.86, 83.19, 84.58, 80.35, 78.2, 73.65, 71.06, 72.27, 68.95, 65.35, 60.53, 56.81, 56.05, 58.01]
2026-05-28 09:21:59,356 [trainer.py] => CNN top5 curve: [100.0, 97.97, 97.73, 96.48, 96.29, 93.78, 92.2, 92.41, 90.94, 89.47, 85.69, 86.17, 84.1, 84.6]
2026-05-28 09:21:59,356 [trainer.py] => Average Accuracy (CNN): 71.85
2026-05-28 09:21:59,357 [trainer.py] => All params: 85852486
2026-05-28 09:21:59,357 [trainer.py] => Trainable params: 85852486
2026-05-28 09:21:59,361 [finetune.py] => Learning on 70-75
2026-05-28 09:25:40,259 [finetune.py] => Task 14, Epoch 20/20 => Loss 0.145, Train_accy 83.99
2026-05-28 09:25:54,156 [trainer.py] => Timing Task 14 => Train 220.90s, Epochs 20, Train 11.0451s/epoch, Inference 13.90s, Images 2279, Inference 6.0973ms/image
2026-05-28 09:25:54,156 [trainer.py] => No NME accuracy.
2026-05-28 09:25:54,156 [trainer.py] => CNN: {'total': 58.58, '00-04': 38.99, '05-09': 52.15, '10-14': 38.54, '15-19': 51.04, '20-24': 56.86, '25-29': 64.34, '30-34': 36.84, '35-39': 61.14, '40-44': 74.19, '45-49': 38.0, '50-54': 56.93, '55-59': 78.26, '60-64': 69.47, '65-69': 79.28, '70-74': 89.51, 'old': 56.51, 'new': 89.51}
2026-05-28 09:25:54,156 [trainer.py] => CNN top1 curve: [96.86, 83.19, 84.58, 80.35, 78.2, 73.65, 71.06, 72.27, 68.95, 65.35, 60.53, 56.81, 56.05, 58.01, 58.58]
2026-05-28 09:25:54,156 [trainer.py] => CNN top5 curve: [100.0, 97.97, 97.73, 96.48, 96.29, 93.78, 92.2, 92.41, 90.94, 89.47, 85.69, 86.17, 84.1, 84.6, 84.6]
2026-05-28 09:25:54,157 [trainer.py] => Average Accuracy (CNN): 70.96
2026-05-28 09:25:54,158 [trainer.py] => All params: 85856331
2026-05-28 09:25:54,159 [trainer.py] => Trainable params: 85856331
2026-05-28 09:25:54,162 [finetune.py] => Learning on 75-80
2026-05-28 09:29:14,917 [finetune.py] => Task 15, Epoch 20/20 => Loss 0.041, Train_accy 85.85
2026-05-28 09:29:29,436 [trainer.py] => Timing Task 15 => Train 200.76s, Epochs 20, Train 10.0380s/epoch, Inference 14.52s, Images 2391, Inference 6.0719ms/image
2026-05-28 09:29:29,437 [trainer.py] => No NME accuracy.
2026-05-28 09:29:29,437 [trainer.py] => CNN: {'total': 53.95, '00-04': 39.62, '05-09': 44.09, '10-14': 26.04, '15-19': 50.21, '20-24': 41.18, '25-29': 58.14, '30-34': 34.87, '35-39': 46.86, '40-44': 62.58, '45-49': 43.33, '50-54': 48.18, '55-59': 76.4, '60-64': 70.23, '65-69': 81.98, '70-74': 75.52, '75-79': 75.0, 'old': 52.92, 'new': 75.0}
2026-05-28 09:29:29,437 [trainer.py] => CNN top1 curve: [96.86, 83.19, 84.58, 80.35, 78.2, 73.65, 71.06, 72.27, 68.95, 65.35, 60.53, 56.81, 56.05, 58.01, 58.58, 53.95]
2026-05-28 09:29:29,437 [trainer.py] => CNN top5 curve: [100.0, 97.97, 97.73, 96.48, 96.29, 93.78, 92.2, 92.41, 90.94, 89.47, 85.69, 86.17, 84.1, 84.6, 84.6, 82.23]
2026-05-28 09:29:29,437 [trainer.py] => Average Accuracy (CNN): 69.9
2026-05-28 09:29:29,438 [trainer.py] => All params: 85860176
2026-05-28 09:29:29,438 [trainer.py] => Trainable params: 85860176
2026-05-28 09:29:29,441 [finetune.py] => Learning on 80-85
2026-05-28 09:33:59,500 [finetune.py] => Task 16, Epoch 20/20 => Loss 0.057, Train_accy 86.09
2026-05-28 09:34:15,009 [trainer.py] => Timing Task 16 => Train 270.06s, Epochs 20, Train 13.5031s/epoch, Inference 15.51s, Images 2548, Inference 6.0862ms/image
2026-05-28 09:34:15,009 [trainer.py] => No NME accuracy.
2026-05-28 09:34:15,010 [trainer.py] => CNN: {'total': 53.41, '00-04': 36.48, '05-09': 47.31, '10-14': 27.08, '15-19': 49.79, '20-24': 47.71, '25-29': 51.16, '30-34': 25.0, '35-39': 41.14, '40-44': 62.58, '45-49': 43.33, '50-54': 46.72, '55-59': 76.4, '60-64': 54.2, '65-69': 82.88, '70-74': 74.13, '75-79': 63.39, '80-84': 83.44, 'old': 51.44, 'new': 83.44}
2026-05-28 09:34:15,010 [trainer.py] => CNN top1 curve: [96.86, 83.19, 84.58, 80.35, 78.2, 73.65, 71.06, 72.27, 68.95, 65.35, 60.53, 56.81, 56.05, 58.01, 58.58, 53.95, 53.41]
2026-05-28 09:34:15,010 [trainer.py] => CNN top5 curve: [100.0, 97.97, 97.73, 96.48, 96.29, 93.78, 92.2, 92.41, 90.94, 89.47, 85.69, 86.17, 84.1, 84.6, 84.6, 82.23, 82.14]
2026-05-28 09:34:15,010 [trainer.py] => Average Accuracy (CNN): 68.93
2026-05-28 09:34:15,012 [trainer.py] => All params: 85864021
2026-05-28 09:34:15,013 [trainer.py] => Trainable params: 85864021
2026-05-28 09:34:15,017 [finetune.py] => Learning on 85-90
2026-05-28 09:38:20,510 [finetune.py] => Task 17, Epoch 20/20 => Loss 0.050, Train_accy 83.88
2026-05-28 09:38:36,655 [trainer.py] => Timing Task 17 => Train 245.50s, Epochs 20, Train 12.2749s/epoch, Inference 16.14s, Images 2694, Inference 5.9924ms/image
2026-05-28 09:38:36,655 [trainer.py] => No NME accuracy.
2026-05-28 09:38:36,655 [trainer.py] => CNN: {'total': 52.86, '00-04': 37.74, '05-09': 43.01, '10-14': 23.96, '15-19': 47.3, '20-24': 41.83, '25-29': 57.36, '30-34': 18.42, '35-39': 47.43, '40-44': 65.81, '45-49': 40.67, '50-54': 40.88, '55-59': 70.19, '60-64': 48.85, '65-69': 77.48, '70-74': 65.73, '75-79': 62.5, '80-84': 78.34, '85-89': 88.36, 'old': 50.82, 'new': 88.36}
2026-05-28 09:38:36,656 [trainer.py] => CNN top1 curve: [96.86, 83.19, 84.58, 80.35, 78.2, 73.65, 71.06, 72.27, 68.95, 65.35, 60.53, 56.81, 56.05, 58.01, 58.58, 53.95, 53.41, 52.86]
2026-05-28 09:38:36,656 [trainer.py] => CNN top5 curve: [100.0, 97.97, 97.73, 96.48, 96.29, 93.78, 92.2, 92.41, 90.94, 89.47, 85.69, 86.17, 84.1, 84.6, 84.6, 82.23, 82.14, 79.4]
2026-05-28 09:38:36,656 [trainer.py] => Average Accuracy (CNN): 68.04
2026-05-28 09:38:36,656 [trainer.py] => All params: 85867866
2026-05-28 09:38:36,657 [trainer.py] => Trainable params: 85867866
2026-05-28 09:38:36,661 [finetune.py] => Learning on 90-95
2026-05-28 09:42:55,394 [finetune.py] => Task 18, Epoch 20/20 => Loss 0.077, Train_accy 78.47
2026-05-28 09:43:04,666 [trainer.py] => Timing Task 18 => Train 258.74s, Epochs 20, Train 12.9369s/epoch, Inference 9.27s, Images 2821, Inference 3.2862ms/image
2026-05-28 09:43:04,666 [trainer.py] => No NME accuracy.
2026-05-28 09:43:04,666 [trainer.py] => CNN: {'total': 49.2, '00-04': 27.67, '05-09': 40.32, '10-14': 26.04, '15-19': 39.83, '20-24': 45.75, '25-29': 59.69, '30-34': 27.63, '35-39': 32.0, '40-44': 52.26, '45-49': 36.67, '50-54': 34.31, '55-59': 72.67, '60-64': 45.04, '65-69': 71.17, '70-74': 49.65, '75-79': 54.46, '80-84': 73.89, '85-89': 75.34, '90-94': 84.25, 'old': 47.55, 'new': 84.25}
2026-05-28 09:43:04,666 [trainer.py] => CNN top1 curve: [96.86, 83.19, 84.58, 80.35, 78.2, 73.65, 71.06, 72.27, 68.95, 65.35, 60.53, 56.81, 56.05, 58.01, 58.58, 53.95, 53.41, 52.86, 49.2]
2026-05-28 09:43:04,666 [trainer.py] => CNN top5 curve: [100.0, 97.97, 97.73, 96.48, 96.29, 93.78, 92.2, 92.41, 90.94, 89.47, 85.69, 86.17, 84.1, 84.6, 84.6, 82.23, 82.14, 79.4, 80.04]
2026-05-28 09:43:04,666 [trainer.py] => Average Accuracy (CNN): 67.05
2026-05-28 09:43:04,667 [trainer.py] => All params: 85871711
2026-05-28 09:43:04,668 [trainer.py] => Trainable params: 85871711
2026-05-28 09:43:04,670 [finetune.py] => Learning on 95-100
2026-05-28 09:45:57,533 [finetune.py] => Task 19, Epoch 20/20 => Loss 0.054, Train_accy 87.47
2026-05-28 09:46:11,989 [trainer.py] => Timing Task 19 => Train 172.87s, Epochs 20, Train 8.6433s/epoch, Inference 14.45s, Images 2915, Inference 4.9586ms/image
2026-05-28 09:46:11,989 [trainer.py] => No NME accuracy.
2026-05-28 09:46:11,989 [trainer.py] => CNN: {'total': 47.86, '00-04': 33.33, '05-09': 39.25, '10-14': 29.17, '15-19': 30.71, '20-24': 41.18, '25-29': 60.47, '30-34': 25.0, '35-39': 34.86, '40-44': 41.29, '45-49': 32.67, '50-54': 29.93, '55-59': 65.22, '60-64': 49.62, '65-69': 66.67, '70-74': 46.85, '75-79': 57.14, '80-84': 73.25, '85-89': 74.66, '90-94': 70.08, '95-99': 90.43, 'old': 46.44, 'new': 90.43}
2026-05-28 09:46:11,989 [trainer.py] => CNN top1 curve: [96.86, 83.19, 84.58, 80.35, 78.2, 73.65, 71.06, 72.27, 68.95, 65.35, 60.53, 56.81, 56.05, 58.01, 58.58, 53.95, 53.41, 52.86, 49.2, 47.86]
2026-05-28 09:46:11,989 [trainer.py] => CNN top5 curve: [100.0, 97.97, 97.73, 96.48, 96.29, 93.78, 92.2, 92.41, 90.94, 89.47, 85.69, 86.17, 84.1, 84.6, 84.6, 82.23, 82.14, 79.4, 80.04, 76.88]
2026-05-28 09:46:11,990 [trainer.py] => Average Accuracy (CNN): 66.09
2026-05-28 09:46:11,991 [trainer.py] => All params: 85875556
2026-05-28 09:46:11,991 [trainer.py] => Trainable params: 85875556
2026-05-28 09:46:11,994 [finetune.py] => Learning on 100-105
2026-05-28 09:48:59,387 [finetune.py] => Task 20, Epoch 20/20 => Loss 0.112, Train_accy 78.59
2026-05-28 09:49:14,118 [trainer.py] => Timing Task 20 => Train 167.40s, Epochs 20, Train 8.3698s/epoch, Inference 14.73s, Images 3019, Inference 4.8790ms/image
2026-05-28 09:49:14,119 [trainer.py] => No NME accuracy.
2026-05-28 09:49:14,119 [trainer.py] => CNN: {'total': 49.39, '00-04': 28.93, '05-09': 33.87, '10-14': 23.96, '15-19': 37.34, '20-24': 39.22, '25-29': 54.26, '30-34': 19.74, '35-39': 40.0, '40-44': 45.16, '45-49': 40.67, '50-54': 29.93, '55-59': 70.19, '60-64': 48.85, '65-69': 69.37, '70-74': 50.35, '75-79': 50.0, '80-84': 71.97, '85-89': 78.77, '90-94': 66.93, '95-99': 88.3, '100-104': 85.58, 'old': 48.1, 'new': 85.58}
2026-05-28 09:49:14,119 [trainer.py] => CNN top1 curve: [96.86, 83.19, 84.58, 80.35, 78.2, 73.65, 71.06, 72.27, 68.95, 65.35, 60.53, 56.81, 56.05, 58.01, 58.58, 53.95, 53.41, 52.86, 49.2, 47.86, 49.39]
2026-05-28 09:49:14,119 [trainer.py] => CNN top5 curve: [100.0, 97.97, 97.73, 96.48, 96.29, 93.78, 92.2, 92.41, 90.94, 89.47, 85.69, 86.17, 84.1, 84.6, 84.6, 82.23, 82.14, 79.4, 80.04, 76.88, 77.41]
2026-05-28 09:49:14,119 [trainer.py] => Average Accuracy (CNN): 65.29
2026-05-28 09:49:14,121 [trainer.py] => All params: 85879401
2026-05-28 09:49:14,122 [trainer.py] => Trainable params: 85879401
2026-05-28 09:49:14,126 [finetune.py] => Learning on 105-110
2026-05-28 09:52:43,598 [finetune.py] => Task 21, Epoch 20/20 => Loss 0.147, Train_accy 77.97
2026-05-28 09:52:59,879 [trainer.py] => Timing Task 21 => Train 209.48s, Epochs 20, Train 10.4739s/epoch, Inference 16.28s, Images 3176, Inference 5.1255ms/image
2026-05-28 09:52:59,879 [trainer.py] => No NME accuracy.
2026-05-28 09:52:59,879 [trainer.py] => CNN: {'total': 49.21, '00-04': 23.27, '05-09': 31.72, '10-14': 18.75, '15-19': 40.25, '20-24': 39.22, '25-29': 59.69, '30-34': 16.45, '35-39': 36.57, '40-44': 49.68, '45-49': 34.0, '50-54': 39.42, '55-59': 68.32, '60-64': 42.75, '65-69': 77.48, '70-74': 48.25, '75-79': 50.89, '80-84': 63.06, '85-89': 73.97, '90-94': 64.57, '95-99': 80.85, '100-104': 73.08, '105-109': 79.62, 'old': 47.63, 'new': 79.62}
2026-05-28 09:52:59,879 [trainer.py] => CNN top1 curve: [96.86, 83.19, 84.58, 80.35, 78.2, 73.65, 71.06, 72.27, 68.95, 65.35, 60.53, 56.81, 56.05, 58.01, 58.58, 53.95, 53.41, 52.86, 49.2, 47.86, 49.39, 49.21]
2026-05-28 09:52:59,879 [trainer.py] => CNN top5 curve: [100.0, 97.97, 97.73, 96.48, 96.29, 93.78, 92.2, 92.41, 90.94, 89.47, 85.69, 86.17, 84.1, 84.6, 84.6, 82.23, 82.14, 79.4, 80.04, 76.88, 77.41, 77.64]
2026-05-28 09:52:59,879 [trainer.py] => Average Accuracy (CNN): 64.56
2026-05-28 09:52:59,880 [trainer.py] => All params: 85883246
2026-05-28 09:52:59,881 [trainer.py] => Trainable params: 85883246
2026-05-28 09:52:59,883 [finetune.py] => Learning on 110-115
2026-05-28 09:56:11,791 [finetune.py] => Task 22, Epoch 20/20 => Loss 0.097, Train_accy 87.07
2026-05-28 09:56:28,360 [trainer.py] => Timing Task 22 => Train 191.91s, Epochs 20, Train 9.5956s/epoch, Inference 16.57s, Images 3310, Inference 5.0052ms/image
2026-05-28 09:56:28,360 [trainer.py] => No NME accuracy.
2026-05-28 09:56:28,360 [trainer.py] => CNN: {'total': 49.27, '00-04': 30.82, '05-09': 33.33, '10-14': 17.71, '15-19': 43.57, '20-24': 31.37, '25-29': 50.39, '30-34': 17.11, '35-39': 36.57, '40-44': 53.55, '45-49': 33.33, '50-54': 38.69, '55-59': 67.7, '60-64': 41.22, '65-69': 72.97, '70-74': 48.25, '75-79': 45.54, '80-84': 64.33, '85-89': 73.97, '90-94': 55.12, '95-99': 76.6, '100-104': 68.27, '105-109': 71.97, '110-114': 82.09, 'old': 47.89, 'new': 82.09}
2026-05-28 09:56:28,361 [trainer.py] => CNN top1 curve: [96.86, 83.19, 84.58, 80.35, 78.2, 73.65, 71.06, 72.27, 68.95, 65.35, 60.53, 56.81, 56.05, 58.01, 58.58, 53.95, 53.41, 52.86, 49.2, 47.86, 49.39, 49.21, 49.27]
2026-05-28 09:56:28,361 [trainer.py] => CNN top5 curve: [100.0, 97.97, 97.73, 96.48, 96.29, 93.78, 92.2, 92.41, 90.94, 89.47, 85.69, 86.17, 84.1, 84.6, 84.6, 82.23, 82.14, 79.4, 80.04, 76.88, 77.41, 77.64, 76.28]
2026-05-28 09:56:28,361 [trainer.py] => Average Accuracy (CNN): 63.9
2026-05-28 09:56:28,361 [trainer.py] => All params: 85887091
2026-05-28 09:56:28,362 [trainer.py] => Trainable params: 85887091
2026-05-28 09:56:28,364 [finetune.py] => Learning on 115-120
2026-05-28 10:00:36,559 [finetune.py] => Task 23, Epoch 20/20 => Loss 0.072, Train_accy 84.25
2026-05-28 10:00:53,611 [trainer.py] => Timing Task 23 => Train 248.20s, Epochs 20, Train 12.4099s/epoch, Inference 17.05s, Images 3510, Inference 4.8576ms/image
2026-05-28 10:00:53,611 [trainer.py] => No NME accuracy.
2026-05-28 10:00:53,611 [trainer.py] => CNN: {'total': 49.49, '00-04': 32.08, '05-09': 31.72, '10-14': 15.62, '15-19': 42.32, '20-24': 37.91, '25-29': 53.49, '30-34': 15.13, '35-39': 39.43, '40-44': 56.13, '45-49': 30.67, '50-54': 29.93, '55-59': 67.7, '60-64': 43.51, '65-69': 61.26, '70-74': 48.25, '75-79': 37.5, '80-84': 63.06, '85-89': 71.92, '90-94': 59.84, '95-99': 69.15, '100-104': 56.73, '105-109': 67.52, '110-114': 67.91, '115-119': 85.5, 'old': 47.31, 'new': 85.5}
2026-05-28 10:00:53,611 [trainer.py] => CNN top1 curve: [96.86, 83.19, 84.58, 80.35, 78.2, 73.65, 71.06, 72.27, 68.95, 65.35, 60.53, 56.81, 56.05, 58.01, 58.58, 53.95, 53.41, 52.86, 49.2, 47.86, 49.39, 49.21, 49.27, 49.49]
2026-05-28 10:00:53,611 [trainer.py] => CNN top5 curve: [100.0, 97.97, 97.73, 96.48, 96.29, 93.78, 92.2, 92.41, 90.94, 89.47, 85.69, 86.17, 84.1, 84.6, 84.6, 82.23, 82.14, 79.4, 80.04, 76.88, 77.41, 77.64, 76.28, 76.7]
2026-05-28 10:00:53,611 [trainer.py] => Average Accuracy (CNN): 63.3
2026-05-28 10:00:53,612 [trainer.py] => All params: 85890936
2026-05-28 10:00:53,613 [trainer.py] => Trainable params: 85890936
2026-05-28 10:00:53,617 [finetune.py] => Learning on 120-125
2026-05-28 10:03:31,342 [finetune.py] => Task 24, Epoch 20/20 => Loss 0.091, Train_accy 85.28
2026-05-28 10:03:48,673 [trainer.py] => Timing Task 24 => Train 157.73s, Epochs 20, Train 7.8865s/epoch, Inference 17.33s, Images 3623, Inference 4.7832ms/image
2026-05-28 10:03:48,674 [trainer.py] => No NME accuracy.
2026-05-28 10:03:48,674 [trainer.py] => CNN: {'total': 46.95, '00-04': 26.42, '05-09': 31.18, '10-14': 21.88, '15-19': 48.96, '20-24': 40.52, '25-29': 47.29, '30-34': 11.84, '35-39': 38.29, '40-44': 39.35, '45-49': 32.67, '50-54': 28.47, '55-59': 70.81, '60-64': 50.38, '65-69': 62.16, '70-74': 41.96, '75-79': 34.82, '80-84': 53.5, '85-89': 68.49, '90-94': 46.46, '95-99': 54.26, '100-104': 58.65, '105-109': 61.78, '110-114': 62.69, '115-119': 62.0, '120-124': 85.84, 'old': 45.7, 'new': 85.84}
2026-05-28 10:03:48,674 [trainer.py] => CNN top1 curve: [96.86, 83.19, 84.58, 80.35, 78.2, 73.65, 71.06, 72.27, 68.95, 65.35, 60.53, 56.81, 56.05, 58.01, 58.58, 53.95, 53.41, 52.86, 49.2, 47.86, 49.39, 49.21, 49.27, 49.49, 46.95]
2026-05-28 10:03:48,674 [trainer.py] => CNN top5 curve: [100.0, 97.97, 97.73, 96.48, 96.29, 93.78, 92.2, 92.41, 90.94, 89.47, 85.69, 86.17, 84.1, 84.6, 84.6, 82.23, 82.14, 79.4, 80.04, 76.88, 77.41, 77.64, 76.28, 76.7, 76.93]
2026-05-28 10:03:48,674 [trainer.py] => Average Accuracy (CNN): 62.64
2026-05-28 10:03:48,676 [trainer.py] => All params: 85894781
2026-05-28 10:03:48,677 [trainer.py] => Trainable params: 85894781
2026-05-28 10:03:48,681 [finetune.py] => Learning on 125-130
2026-05-28 10:07:03,923 [finetune.py] => Task 25, Epoch 20/20 => Loss 0.090, Train_accy 84.26
2026-05-28 10:07:19,559 [trainer.py] => Timing Task 25 => Train 195.25s, Epochs 20, Train 9.7624s/epoch, Inference 15.63s, Images 3766, Inference 4.1514ms/image
2026-05-28 10:07:19,559 [trainer.py] => No NME accuracy.
2026-05-28 10:07:19,559 [trainer.py] => CNN: {'total': 46.63, '00-04': 21.38, '05-09': 32.8, '10-14': 16.67, '15-19': 44.4, '20-24': 37.91, '25-29': 44.96, '30-34': 13.82, '35-39': 37.71, '40-44': 38.71, '45-49': 29.33, '50-54': 27.01, '55-59': 63.35, '60-64': 45.8, '65-69': 63.96, '70-74': 44.06, '75-79': 28.57, '80-84': 53.5, '85-89': 68.49, '90-94': 51.18, '95-99': 45.74, '100-104': 61.54, '105-109': 57.96, '110-114': 63.43, '115-119': 58.5, '120-124': 83.19, '125-129': 86.01, 'old': 45.07, 'new': 86.01}
2026-05-28 10:07:19,560 [trainer.py] => CNN top1 curve: [96.86, 83.19, 84.58, 80.35, 78.2, 73.65, 71.06, 72.27, 68.95, 65.35, 60.53, 56.81, 56.05, 58.01, 58.58, 53.95, 53.41, 52.86, 49.2, 47.86, 49.39, 49.21, 49.27, 49.49, 46.95, 46.63]
2026-05-28 10:07:19,560 [trainer.py] => CNN top5 curve: [100.0, 97.97, 97.73, 96.48, 96.29, 93.78, 92.2, 92.41, 90.94, 89.47, 85.69, 86.17, 84.1, 84.6, 84.6, 82.23, 82.14, 79.4, 80.04, 76.88, 77.41, 77.64, 76.28, 76.7, 76.93, 75.15]
2026-05-28 10:07:19,560 [trainer.py] => Average Accuracy (CNN): 62.03
2026-05-28 10:07:19,560 [trainer.py] => All params: 85898626
2026-05-28 10:07:19,561 [trainer.py] => Trainable params: 85898626
2026-05-28 10:07:19,564 [finetune.py] => Learning on 130-135
2026-05-28 10:10:38,615 [finetune.py] => Task 26, Epoch 20/20 => Loss 0.100, Train_accy 82.67
2026-05-28 10:10:57,906 [trainer.py] => Timing Task 26 => Train 199.06s, Epochs 20, Train 9.9528s/epoch, Inference 19.29s, Images 3909, Inference 4.9345ms/image
2026-05-28 10:10:57,906 [trainer.py] => No NME accuracy.
2026-05-28 10:10:57,906 [trainer.py] => CNN: {'total': 45.31, '00-04': 17.61, '05-09': 32.8, '10-14': 17.71, '15-19': 42.32, '20-24': 39.87, '25-29': 45.74, '30-34': 9.21, '35-39': 34.86, '40-44': 40.0, '45-49': 28.0, '50-54': 25.55, '55-59': 59.63, '60-64': 51.15, '65-69': 63.06, '70-74': 43.36, '75-79': 27.68, '80-84': 49.04, '85-89': 66.44, '90-94': 47.24, '95-99': 45.74, '100-104': 59.62, '105-109': 49.04, '110-114': 60.45, '115-119': 44.5, '120-124': 83.19, '125-129': 81.82, '130-134': 74.13, 'old': 44.21, 'new': 74.13}
2026-05-28 10:10:57,907 [trainer.py] => CNN top1 curve: [96.86, 83.19, 84.58, 80.35, 78.2, 73.65, 71.06, 72.27, 68.95, 65.35, 60.53, 56.81, 56.05, 58.01, 58.58, 53.95, 53.41, 52.86, 49.2, 47.86, 49.39, 49.21, 49.27, 49.49, 46.95, 46.63, 45.31]
2026-05-28 10:10:57,907 [trainer.py] => CNN top5 curve: [100.0, 97.97, 97.73, 96.48, 96.29, 93.78, 92.2, 92.41, 90.94, 89.47, 85.69, 86.17, 84.1, 84.6, 84.6, 82.23, 82.14, 79.4, 80.04, 76.88, 77.41, 77.64, 76.28, 76.7, 76.93, 75.15, 73.45]
2026-05-28 10:10:57,907 [trainer.py] => Average Accuracy (CNN): 61.41
2026-05-28 10:10:57,907 [trainer.py] => All params: 85902471
2026-05-28 10:10:57,908 [trainer.py] => Trainable params: 85902471
2026-05-28 10:10:57,909 [finetune.py] => Learning on 135-140
2026-05-28 10:15:08,915 [finetune.py] => Task 27, Epoch 20/20 => Loss 0.079, Train_accy 80.87
2026-05-28 10:15:28,921 [trainer.py] => Timing Task 27 => Train 251.01s, Epochs 20, Train 12.5504s/epoch, Inference 20.00s, Images 4096, Inference 4.8839ms/image
2026-05-28 10:15:28,921 [trainer.py] => No NME accuracy.
2026-05-28 10:15:28,921 [trainer.py] => CNN: {'total': 46.92, '00-04': 20.75, '05-09': 31.72, '10-14': 14.58, '15-19': 42.32, '20-24': 45.75, '25-29': 41.86, '30-34': 11.84, '35-39': 31.43, '40-44': 51.61, '45-49': 34.67, '50-54': 23.36, '55-59': 58.39, '60-64': 47.33, '65-69': 56.76, '70-74': 41.26, '75-79': 27.68, '80-84': 52.87, '85-89': 69.86, '90-94': 46.46, '95-99': 47.87, '100-104': 53.85, '105-109': 50.96, '110-114': 49.25, '115-119': 43.5, '120-124': 79.65, '125-129': 85.31, '130-134': 66.43, '135-139': 85.03, 'old': 45.1, 'new': 85.03}
2026-05-28 10:15:28,921 [trainer.py] => CNN top1 curve: [96.86, 83.19, 84.58, 80.35, 78.2, 73.65, 71.06, 72.27, 68.95, 65.35, 60.53, 56.81, 56.05, 58.01, 58.58, 53.95, 53.41, 52.86, 49.2, 47.86, 49.39, 49.21, 49.27, 49.49, 46.95, 46.63, 45.31, 46.92]
2026-05-28 10:15:28,921 [trainer.py] => CNN top5 curve: [100.0, 97.97, 97.73, 96.48, 96.29, 93.78, 92.2, 92.41, 90.94, 89.47, 85.69, 86.17, 84.1, 84.6, 84.6, 82.23, 82.14, 79.4, 80.04, 76.88, 77.41, 77.64, 76.28, 76.7, 76.93, 75.15, 73.45, 74.15]
2026-05-28 10:15:28,921 [trainer.py] => Average Accuracy (CNN): 60.89
2026-05-28 10:15:28,922 [trainer.py] => All params: 85906316
2026-05-28 10:15:28,923 [trainer.py] => Trainable params: 85906316
2026-05-28 10:15:28,926 [finetune.py] => Learning on 140-145
2026-05-28 10:18:48,608 [finetune.py] => Task 28, Epoch 20/20 => Loss 0.075, Train_accy 79.23
2026-05-28 10:19:03,164 [trainer.py] => Timing Task 28 => Train 199.69s, Epochs 20, Train 9.9843s/epoch, Inference 14.55s, Images 4244, Inference 3.4295ms/image
2026-05-28 10:19:03,164 [trainer.py] => No NME accuracy.
2026-05-28 10:19:03,164 [trainer.py] => CNN: {'total': 46.96, '00-04': 17.61, '05-09': 25.81, '10-14': 16.67, '15-19': 37.76, '20-24': 43.14, '25-29': 51.16, '30-34': 13.82, '35-39': 33.71, '40-44': 42.58, '45-49': 30.0, '50-54': 27.01, '55-59': 64.6, '60-64': 48.09, '65-69': 58.56, '70-74': 44.76, '75-79': 30.36, '80-84': 54.14, '85-89': 71.92, '90-94': 44.09, '95-99': 40.43, '100-104': 42.31, '105-109': 42.68, '110-114': 47.76, '115-119': 44.0, '120-124': 71.68, '125-129': 83.92, '130-134': 65.73, '135-139': 82.89, '140-144': 83.11, 'old': 45.65, 'new': 83.11}
2026-05-28 10:19:03,164 [trainer.py] => CNN top1 curve: [96.86, 83.19, 84.58, 80.35, 78.2, 73.65, 71.06, 72.27, 68.95, 65.35, 60.53, 56.81, 56.05, 58.01, 58.58, 53.95, 53.41, 52.86, 49.2, 47.86, 49.39, 49.21, 49.27, 49.49, 46.95, 46.63, 45.31, 46.92, 46.96]
2026-05-28 10:19:03,164 [trainer.py] => CNN top5 curve: [100.0, 97.97, 97.73, 96.48, 96.29, 93.78, 92.2, 92.41, 90.94, 89.47, 85.69, 86.17, 84.1, 84.6, 84.6, 82.23, 82.14, 79.4, 80.04, 76.88, 77.41, 77.64, 76.28, 76.7, 76.93, 75.15, 73.45, 74.15, 72.95]
2026-05-28 10:19:03,164 [trainer.py] => Average Accuracy (CNN): 60.41
2026-05-28 10:19:03,165 [trainer.py] => All params: 85910161
2026-05-28 10:19:03,166 [trainer.py] => Trainable params: 85910161
2026-05-28 10:19:03,168 [finetune.py] => Learning on 145-150
2026-05-28 10:22:51,217 [finetune.py] => Task 29, Epoch 20/20 => Loss 0.100, Train_accy 81.27
2026-05-28 10:23:08,531 [trainer.py] => Timing Task 29 => Train 228.05s, Epochs 20, Train 11.4026s/epoch, Inference 17.31s, Images 4408, Inference 3.9275ms/image
2026-05-28 10:23:08,532 [trainer.py] => No NME accuracy.
2026-05-28 10:23:08,532 [trainer.py] => CNN: {'total': 47.37, '00-04': 23.9, '05-09': 26.34, '10-14': 17.71, '15-19': 38.59, '20-24': 39.22, '25-29': 44.96, '30-34': 12.5, '35-39': 37.71, '40-44': 38.71, '45-49': 27.33, '50-54': 27.01, '55-59': 56.52, '60-64': 41.98, '65-69': 52.25, '70-74': 41.26, '75-79': 34.82, '80-84': 54.78, '85-89': 65.75, '90-94': 49.61, '95-99': 39.36, '100-104': 47.12, '105-109': 51.59, '110-114': 47.01, '115-119': 47.0, '120-124': 76.11, '125-129': 82.52, '130-134': 65.03, '135-139': 77.54, '140-144': 75.0, '145-149': 76.83, 'old': 46.23, 'new': 76.83}
2026-05-28 10:23:08,532 [trainer.py] => CNN top1 curve: [96.86, 83.19, 84.58, 80.35, 78.2, 73.65, 71.06, 72.27, 68.95, 65.35, 60.53, 56.81, 56.05, 58.01, 58.58, 53.95, 53.41, 52.86, 49.2, 47.86, 49.39, 49.21, 49.27, 49.49, 46.95, 46.63, 45.31, 46.92, 46.96, 47.37]
2026-05-28 10:23:08,532 [trainer.py] => CNN top5 curve: [100.0, 97.97, 97.73, 96.48, 96.29, 93.78, 92.2, 92.41, 90.94, 89.47, 85.69, 86.17, 84.1, 84.6, 84.6, 82.23, 82.14, 79.4, 80.04, 76.88, 77.41, 77.64, 76.28, 76.7, 76.93, 75.15, 73.45, 74.15, 72.95, 72.73]
2026-05-28 10:23:08,532 [trainer.py] => Average Accuracy (CNN): 59.97
2026-05-28 10:23:08,533 [trainer.py] => All params: 85914006
2026-05-28 10:23:08,533 [trainer.py] => Trainable params: 85914006
2026-05-28 10:23:08,535 [finetune.py] => Learning on 150-155
2026-05-28 10:29:35,103 [finetune.py] => Task 30, Epoch 20/20 => Loss 0.092, Train_accy 85.15
2026-05-28 10:30:02,307 [trainer.py] => Timing Task 30 => Train 386.57s, Epochs 20, Train 19.3285s/epoch, Inference 27.20s, Images 4643, Inference 5.8590ms/image
2026-05-28 10:30:02,308 [trainer.py] => No NME accuracy.
2026-05-28 10:30:02,308 [trainer.py] => CNN: {'total': 46.13, '00-04': 25.16, '05-09': 35.48, '10-14': 11.46, '15-19': 42.32, '20-24': 38.56, '25-29': 40.31, '30-34': 8.55, '35-39': 36.0, '40-44': 34.19, '45-49': 23.33, '50-54': 21.17, '55-59': 52.17, '60-64': 43.51, '65-69': 50.45, '70-74': 46.15, '75-79': 27.68, '80-84': 55.41, '85-89': 60.96, '90-94': 48.03, '95-99': 35.11, '100-104': 42.31, '105-109': 49.68, '110-114': 43.28, '115-119': 38.0, '120-124': 69.91, '125-129': 77.62, '130-134': 60.14, '135-139': 72.19, '140-144': 56.08, '145-149': 65.24, '150-154': 84.26, 'old': 44.1, 'new': 84.26}
2026-05-28 10:30:02,308 [trainer.py] => CNN top1 curve: [96.86, 83.19, 84.58, 80.35, 78.2, 73.65, 71.06, 72.27, 68.95, 65.35, 60.53, 56.81, 56.05, 58.01, 58.58, 53.95, 53.41, 52.86, 49.2, 47.86, 49.39, 49.21, 49.27, 49.49, 46.95, 46.63, 45.31, 46.92, 46.96, 47.37, 46.13]
2026-05-28 10:30:02,308 [trainer.py] => CNN top5 curve: [100.0, 97.97, 97.73, 96.48, 96.29, 93.78, 92.2, 92.41, 90.94, 89.47, 85.69, 86.17, 84.1, 84.6, 84.6, 82.23, 82.14, 79.4, 80.04, 76.88, 77.41, 77.64, 76.28, 76.7, 76.93, 75.15, 73.45, 74.15, 72.95, 72.73, 73.68]
2026-05-28 10:30:02,308 [trainer.py] => Average Accuracy (CNN): 59.53
2026-05-28 10:30:02,308 [trainer.py] => All params: 85917851
2026-05-28 10:30:02,309 [trainer.py] => Trainable params: 85917851
2026-05-28 10:30:02,313 [finetune.py] => Learning on 155-160
2026-05-28 10:34:37,590 [finetune.py] => Task 31, Epoch 20/20 => Loss 0.076, Train_accy 84.35
2026-05-28 10:35:05,434 [trainer.py] => Timing Task 31 => Train 275.28s, Epochs 20, Train 13.7642s/epoch, Inference 27.84s, Images 4796, Inference 5.8049ms/image
2026-05-28 10:35:05,434 [trainer.py] => No NME accuracy.
2026-05-28 10:35:05,434 [trainer.py] => CNN: {'total': 45.66, '00-04': 18.87, '05-09': 30.65, '10-14': 16.67, '15-19': 41.08, '20-24': 38.56, '25-29': 37.98, '30-34': 8.55, '35-39': 32.57, '40-44': 34.84, '45-49': 25.33, '50-54': 21.9, '55-59': 49.69, '60-64': 41.98, '65-69': 44.14, '70-74': 41.26, '75-79': 26.79, '80-84': 52.23, '85-89': 60.96, '90-94': 44.09, '95-99': 28.72, '100-104': 38.46, '105-109': 42.68, '110-114': 48.51, '115-119': 41.0, '120-124': 69.91, '125-129': 74.13, '130-134': 60.14, '135-139': 70.59, '140-144': 59.46, '145-149': 68.9, '150-154': 76.6, '155-159': 80.39, 'old': 44.52, 'new': 80.39}
2026-05-28 10:35:05,434 [trainer.py] => CNN top1 curve: [96.86, 83.19, 84.58, 80.35, 78.2, 73.65, 71.06, 72.27, 68.95, 65.35, 60.53, 56.81, 56.05, 58.01, 58.58, 53.95, 53.41, 52.86, 49.2, 47.86, 49.39, 49.21, 49.27, 49.49, 46.95, 46.63, 45.31, 46.92, 46.96, 47.37, 46.13, 45.66]
2026-05-28 10:35:05,434 [trainer.py] => CNN top5 curve: [100.0, 97.97, 97.73, 96.48, 96.29, 93.78, 92.2, 92.41, 90.94, 89.47, 85.69, 86.17, 84.1, 84.6, 84.6, 82.23, 82.14, 79.4, 80.04, 76.88, 77.41, 77.64, 76.28, 76.7, 76.93, 75.15, 73.45, 74.15, 72.95, 72.73, 73.68, 72.48]
2026-05-28 10:35:05,434 [trainer.py] => Average Accuracy (CNN): 59.09
2026-05-28 10:35:05,435 [trainer.py] => All params: 85921696
2026-05-28 10:35:05,436 [trainer.py] => Trainable params: 85921696
2026-05-28 10:35:05,439 [finetune.py] => Learning on 160-165
2026-05-28 10:40:21,797 [finetune.py] => Task 32, Epoch 20/20 => Loss 0.138, Train_accy 75.08
2026-05-28 10:40:49,205 [trainer.py] => Timing Task 32 => Train 316.36s, Epochs 20, Train 15.8181s/epoch, Inference 27.41s, Images 4947, Inference 5.5400ms/image
2026-05-28 10:40:49,205 [trainer.py] => No NME accuracy.
2026-05-28 10:40:49,205 [trainer.py] => CNN: {'total': 44.35, '00-04': 23.9, '05-09': 27.96, '10-14': 14.58, '15-19': 36.93, '20-24': 37.91, '25-29': 36.43, '30-34': 9.87, '35-39': 24.57, '40-44': 29.03, '45-49': 24.0, '50-54': 18.98, '55-59': 60.25, '60-64': 41.98, '65-69': 52.25, '70-74': 31.47, '75-79': 21.43, '80-84': 51.59, '85-89': 65.07, '90-94': 39.37, '95-99': 29.79, '100-104': 50.0, '105-109': 50.32, '110-114': 41.04, '115-119': 35.0, '120-124': 60.18, '125-129': 76.92, '130-134': 56.64, '135-139': 64.71, '140-144': 54.73, '145-149': 59.76, '150-154': 70.21, '155-159': 69.93, '160-164': 73.51, 'old': 43.43, 'new': 73.51}
2026-05-28 10:40:49,205 [trainer.py] => CNN top1 curve: [96.86, 83.19, 84.58, 80.35, 78.2, 73.65, 71.06, 72.27, 68.95, 65.35, 60.53, 56.81, 56.05, 58.01, 58.58, 53.95, 53.41, 52.86, 49.2, 47.86, 49.39, 49.21, 49.27, 49.49, 46.95, 46.63, 45.31, 46.92, 46.96, 47.37, 46.13, 45.66, 44.35]
2026-05-28 10:40:49,205 [trainer.py] => CNN top5 curve: [100.0, 97.97, 97.73, 96.48, 96.29, 93.78, 92.2, 92.41, 90.94, 89.47, 85.69, 86.17, 84.1, 84.6, 84.6, 82.23, 82.14, 79.4, 80.04, 76.88, 77.41, 77.64, 76.28, 76.7, 76.93, 75.15, 73.45, 74.15, 72.95, 72.73, 73.68, 72.48, 71.21]
2026-05-28 10:40:49,205 [trainer.py] => Average Accuracy (CNN): 58.65
2026-05-28 10:40:49,207 [trainer.py] => All params: 85925541
2026-05-28 10:40:49,208 [trainer.py] => Trainable params: 85925541
2026-05-28 10:40:49,211 [finetune.py] => Learning on 165-170
2026-05-28 10:45:33,118 [finetune.py] => Task 33, Epoch 20/20 => Loss 0.072, Train_accy 88.14
2026-05-28 10:45:54,034 [trainer.py] => Timing Task 33 => Train 283.91s, Epochs 20, Train 14.1956s/epoch, Inference 20.91s, Images 5075, Inference 4.1210ms/image
2026-05-28 10:45:54,034 [trainer.py] => No NME accuracy.
2026-05-28 10:45:54,034 [trainer.py] => CNN: {'total': 41.16, '00-04': 14.47, '05-09': 28.49, '10-14': 9.38, '15-19': 30.29, '20-24': 29.41, '25-29': 31.78, '30-34': 7.24, '35-39': 30.86, '40-44': 28.39, '45-49': 26.0, '50-54': 21.9, '55-59': 55.28, '60-64': 35.11, '65-69': 45.95, '70-74': 34.97, '75-79': 20.54, '80-84': 43.31, '85-89': 63.7, '90-94': 25.98, '95-99': 27.66, '100-104': 33.65, '105-109': 42.04, '110-114': 35.07, '115-119': 31.5, '120-124': 50.44, '125-129': 58.04, '130-134': 52.45, '135-139': 64.17, '140-144': 45.27, '145-149': 66.46, '150-154': 65.53, '155-159': 63.4, '160-164': 66.89, '165-169': 89.06, 'old': 39.92, 'new': 89.06}
2026-05-28 10:45:54,034 [trainer.py] => CNN top1 curve: [96.86, 83.19, 84.58, 80.35, 78.2, 73.65, 71.06, 72.27, 68.95, 65.35, 60.53, 56.81, 56.05, 58.01, 58.58, 53.95, 53.41, 52.86, 49.2, 47.86, 49.39, 49.21, 49.27, 49.49, 46.95, 46.63, 45.31, 46.92, 46.96, 47.37, 46.13, 45.66, 44.35, 41.16]
2026-05-28 10:45:54,034 [trainer.py] => CNN top5 curve: [100.0, 97.97, 97.73, 96.48, 96.29, 93.78, 92.2, 92.41, 90.94, 89.47, 85.69, 86.17, 84.1, 84.6, 84.6, 82.23, 82.14, 79.4, 80.04, 76.88, 77.41, 77.64, 76.28, 76.7, 76.93, 75.15, 73.45, 74.15, 72.95, 72.73, 73.68, 72.48, 71.21, 69.95]
2026-05-28 10:45:54,034 [trainer.py] => Average Accuracy (CNN): 58.13
2026-05-28 10:45:54,048 [trainer.py] => All params: 85929386
2026-05-28 10:45:54,049 [trainer.py] => Trainable params: 85929386
2026-05-28 10:45:54,052 [finetune.py] => Learning on 170-175
2026-05-28 10:50:30,261 [finetune.py] => Task 34, Epoch 20/20 => Loss 0.085, Train_accy 74.81
2026-05-28 10:50:46,474 [trainer.py] => Timing Task 34 => Train 276.21s, Epochs 20, Train 13.8107s/epoch, Inference 16.21s, Images 5259, Inference 3.0826ms/image
2026-05-28 10:50:46,474 [trainer.py] => No NME accuracy.
2026-05-28 10:50:46,474 [trainer.py] => CNN: {'total': 41.26, '00-04': 13.84, '05-09': 30.11, '10-14': 10.42, '15-19': 23.24, '20-24': 28.1, '25-29': 29.46, '30-34': 5.26, '35-39': 27.43, '40-44': 31.61, '45-49': 22.67, '50-54': 21.17, '55-59': 59.63, '60-64': 38.17, '65-69': 45.95, '70-74': 26.57, '75-79': 20.54, '80-84': 44.59, '85-89': 59.59, '90-94': 27.56, '95-99': 26.6, '100-104': 25.0, '105-109': 45.22, '110-114': 35.82, '115-119': 34.5, '120-124': 53.98, '125-129': 58.04, '130-134': 46.15, '135-139': 59.89, '140-144': 51.35, '145-149': 62.8, '150-154': 65.96, '155-159': 58.17, '160-164': 60.26, '165-169': 88.28, '170-174': 75.54, 'old': 40.02, 'new': 75.54}
2026-05-28 10:50:46,474 [trainer.py] => CNN top1 curve: [96.86, 83.19, 84.58, 80.35, 78.2, 73.65, 71.06, 72.27, 68.95, 65.35, 60.53, 56.81, 56.05, 58.01, 58.58, 53.95, 53.41, 52.86, 49.2, 47.86, 49.39, 49.21, 49.27, 49.49, 46.95, 46.63, 45.31, 46.92, 46.96, 47.37, 46.13, 45.66, 44.35, 41.16, 41.26]
2026-05-28 10:50:46,475 [trainer.py] => CNN top5 curve: [100.0, 97.97, 97.73, 96.48, 96.29, 93.78, 92.2, 92.41, 90.94, 89.47, 85.69, 86.17, 84.1, 84.6, 84.6, 82.23, 82.14, 79.4, 80.04, 76.88, 77.41, 77.64, 76.28, 76.7, 76.93, 75.15, 73.45, 74.15, 72.95, 72.73, 73.68, 72.48, 71.21, 69.95, 69.5]
2026-05-28 10:50:46,475 [trainer.py] => Average Accuracy (CNN): 57.65
2026-05-28 10:50:46,476 [trainer.py] => All params: 85933231
2026-05-28 10:50:46,476 [trainer.py] => Trainable params: 85933231
2026-05-28 10:50:46,479 [finetune.py] => Learning on 175-180
2026-05-28 10:53:59,157 [finetune.py] => Task 35, Epoch 20/20 => Loss 0.080, Train_accy 80.04
2026-05-28 10:54:24,279 [trainer.py] => Timing Task 35 => Train 192.68s, Epochs 20, Train 9.6341s/epoch, Inference 25.12s, Images 5391, Inference 4.6599ms/image
2026-05-28 10:54:24,280 [trainer.py] => No NME accuracy.
2026-05-28 10:54:24,280 [trainer.py] => CNN: {'total': 40.57, '00-04': 13.21, '05-09': 29.57, '10-14': 10.42, '15-19': 29.46, '20-24': 33.99, '25-29': 34.88, '30-34': 7.89, '35-39': 35.43, '40-44': 26.45, '45-49': 22.67, '50-54': 20.44, '55-59': 59.63, '60-64': 41.98, '65-69': 44.14, '70-74': 37.06, '75-79': 20.54, '80-84': 48.41, '85-89': 58.9, '90-94': 26.77, '95-99': 27.66, '100-104': 14.42, '105-109': 40.76, '110-114': 36.57, '115-119': 34.5, '120-124': 45.13, '125-129': 55.94, '130-134': 48.95, '135-139': 56.68, '140-144': 35.81, '145-149': 51.22, '150-154': 60.43, '155-159': 54.25, '160-164': 52.98, '165-169': 82.81, '170-174': 62.5, '175-179': 68.94, 'old': 39.86, 'new': 68.94}
2026-05-28 10:54:24,280 [trainer.py] => CNN top1 curve: [96.86, 83.19, 84.58, 80.35, 78.2, 73.65, 71.06, 72.27, 68.95, 65.35, 60.53, 56.81, 56.05, 58.01, 58.58, 53.95, 53.41, 52.86, 49.2, 47.86, 49.39, 49.21, 49.27, 49.49, 46.95, 46.63, 45.31, 46.92, 46.96, 47.37, 46.13, 45.66, 44.35, 41.16, 41.26, 40.57]
2026-05-28 10:54:24,280 [trainer.py] => CNN top5 curve: [100.0, 97.97, 97.73, 96.48, 96.29, 93.78, 92.2, 92.41, 90.94, 89.47, 85.69, 86.17, 84.1, 84.6, 84.6, 82.23, 82.14, 79.4, 80.04, 76.88, 77.41, 77.64, 76.28, 76.7, 76.93, 75.15, 73.45, 74.15, 72.95, 72.73, 73.68, 72.48, 71.21, 69.95, 69.5, 68.39]
2026-05-28 10:54:24,280 [trainer.py] => Average Accuracy (CNN): 57.18
2026-05-28 10:54:24,281 [trainer.py] => All params: 85937076
2026-05-28 10:54:24,281 [trainer.py] => Trainable params: 85937076
2026-05-28 10:54:24,286 [finetune.py] => Learning on 180-185
2026-05-28 10:57:04,664 [finetune.py] => Task 36, Epoch 20/20 => Loss 0.043, Train_accy 80.06
2026-05-28 10:57:30,849 [trainer.py] => Timing Task 36 => Train 160.38s, Epochs 20, Train 8.0192s/epoch, Inference 26.18s, Images 5469, Inference 4.7876ms/image
2026-05-28 10:57:30,849 [trainer.py] => No NME accuracy.
2026-05-28 10:57:30,849 [trainer.py] => CNN: {'total': 39.66, '00-04': 11.95, '05-09': 23.12, '10-14': 5.21, '15-19': 28.22, '20-24': 22.22, '25-29': 30.23, '30-34': 9.87, '35-39': 32.0, '40-44': 21.29, '45-49': 16.0, '50-54': 21.17, '55-59': 60.25, '60-64': 41.22, '65-69': 45.05, '70-74': 30.77, '75-79': 18.75, '80-84': 43.95, '85-89': 58.9, '90-94': 27.56, '95-99': 25.53, '100-104': 23.08, '105-109': 40.76, '110-114': 41.79, '115-119': 41.0, '120-124': 37.17, '125-129': 53.85, '130-134': 44.76, '135-139': 60.96, '140-144': 33.11, '145-149': 48.78, '150-154': 60.0, '155-159': 63.4, '160-164': 50.33, '165-169': 78.12, '170-174': 63.04, '175-179': 63.64, '180-184': 74.36, 'old': 39.16, 'new': 74.36}
2026-05-28 10:57:30,849 [trainer.py] => CNN top1 curve: [96.86, 83.19, 84.58, 80.35, 78.2, 73.65, 71.06, 72.27, 68.95, 65.35, 60.53, 56.81, 56.05, 58.01, 58.58, 53.95, 53.41, 52.86, 49.2, 47.86, 49.39, 49.21, 49.27, 49.49, 46.95, 46.63, 45.31, 46.92, 46.96, 47.37, 46.13, 45.66, 44.35, 41.16, 41.26, 40.57, 39.66]
2026-05-28 10:57:30,849 [trainer.py] => CNN top5 curve: [100.0, 97.97, 97.73, 96.48, 96.29, 93.78, 92.2, 92.41, 90.94, 89.47, 85.69, 86.17, 84.1, 84.6, 84.6, 82.23, 82.14, 79.4, 80.04, 76.88, 77.41, 77.64, 76.28, 76.7, 76.93, 75.15, 73.45, 74.15, 72.95, 72.73, 73.68, 72.48, 71.21, 69.95, 69.5, 68.39, 67.42]
2026-05-28 10:57:30,849 [trainer.py] => Average Accuracy (CNN): 56.7
2026-05-28 10:57:30,850 [trainer.py] => All params: 85940921
2026-05-28 10:57:30,851 [trainer.py] => Trainable params: 85940921
2026-05-28 10:57:30,853 [finetune.py] => Learning on 185-190
2026-05-28 11:02:03,622 [finetune.py] => Task 37, Epoch 20/20 => Loss 0.090, Train_accy 82.10
2026-05-28 11:02:30,369 [trainer.py] => Timing Task 37 => Train 272.77s, Epochs 20, Train 13.6386s/epoch, Inference 26.75s, Images 5664, Inference 4.7221ms/image
2026-05-28 11:02:30,370 [trainer.py] => No NME accuracy.
2026-05-28 11:02:30,370 [trainer.py] => CNN: {'total': 40.93, '00-04': 14.47, '05-09': 26.88, '10-14': 12.5, '15-19': 26.14, '20-24': 24.18, '25-29': 26.36, '30-34': 10.53, '35-39': 26.29, '40-44': 29.68, '45-49': 20.67, '50-54': 23.36, '55-59': 59.01, '60-64': 40.46, '65-69': 39.64, '70-74': 27.97, '75-79': 20.54, '80-84': 46.5, '85-89': 57.53, '90-94': 32.28, '95-99': 21.28, '100-104': 22.12, '105-109': 42.04, '110-114': 39.55, '115-119': 36.5, '120-124': 40.71, '125-129': 55.94, '130-134': 46.85, '135-139': 55.08, '140-144': 35.14, '145-149': 56.71, '150-154': 58.72, '155-159': 50.98, '160-164': 49.01, '165-169': 80.47, '170-174': 64.67, '175-179': 56.82, '180-184': 66.67, '185-189': 82.05, 'old': 39.46, 'new': 82.05}
2026-05-28 11:02:30,370 [trainer.py] => CNN top1 curve: [96.86, 83.19, 84.58, 80.35, 78.2, 73.65, 71.06, 72.27, 68.95, 65.35, 60.53, 56.81, 56.05, 58.01, 58.58, 53.95, 53.41, 52.86, 49.2, 47.86, 49.39, 49.21, 49.27, 49.49, 46.95, 46.63, 45.31, 46.92, 46.96, 47.37, 46.13, 45.66, 44.35, 41.16, 41.26, 40.57, 39.66, 40.93]
2026-05-28 11:02:30,370 [trainer.py] => CNN top5 curve: [100.0, 97.97, 97.73, 96.48, 96.29, 93.78, 92.2, 92.41, 90.94, 89.47, 85.69, 86.17, 84.1, 84.6, 84.6, 82.23, 82.14, 79.4, 80.04, 76.88, 77.41, 77.64, 76.28, 76.7, 76.93, 75.15, 73.45, 74.15, 72.95, 72.73, 73.68, 72.48, 71.21, 69.95, 69.5, 68.39, 67.42, 68.89]
2026-05-28 11:02:30,370 [trainer.py] => Average Accuracy (CNN): 56.29
2026-05-28 11:02:30,372 [trainer.py] => All params: 85944766
2026-05-28 11:02:30,373 [trainer.py] => Trainable params: 85944766
2026-05-28 11:02:30,377 [finetune.py] => Learning on 190-195
2026-05-28 11:06:55,165 [finetune.py] => Task 38, Epoch 20/20 => Loss 0.083, Train_accy 79.24
2026-05-28 11:07:21,994 [trainer.py] => Timing Task 38 => Train 264.79s, Epochs 20, Train 13.2396s/epoch, Inference 26.83s, Images 5849, Inference 4.5868ms/image
2026-05-28 11:07:21,995 [trainer.py] => No NME accuracy.
2026-05-28 11:07:21,995 [trainer.py] => CNN: {'total': 40.52, '00-04': 18.24, '05-09': 28.49, '10-14': 9.38, '15-19': 20.75, '20-24': 22.88, '25-29': 27.13, '30-34': 7.24, '35-39': 24.57, '40-44': 25.16, '45-49': 18.0, '50-54': 21.9, '55-59': 45.96, '60-64': 34.35, '65-69': 43.24, '70-74': 26.57, '75-79': 14.29, '80-84': 45.22, '85-89': 56.16, '90-94': 31.5, '95-99': 19.15, '100-104': 24.04, '105-109': 35.67, '110-114': 38.81, '115-119': 39.0, '120-124': 44.25, '125-129': 59.44, '130-134': 48.95, '135-139': 49.73, '140-144': 39.86, '145-149': 53.05, '150-154': 51.49, '155-159': 56.86, '160-164': 54.3, '165-169': 79.69, '170-174': 60.87, '175-179': 57.58, '180-184': 62.82, '185-189': 79.49, '190-194': 74.59, 'old': 39.41, 'new': 74.59}
2026-05-28 11:07:21,995 [trainer.py] => CNN top1 curve: [96.86, 83.19, 84.58, 80.35, 78.2, 73.65, 71.06, 72.27, 68.95, 65.35, 60.53, 56.81, 56.05, 58.01, 58.58, 53.95, 53.41, 52.86, 49.2, 47.86, 49.39, 49.21, 49.27, 49.49, 46.95, 46.63, 45.31, 46.92, 46.96, 47.37, 46.13, 45.66, 44.35, 41.16, 41.26, 40.57, 39.66, 40.93, 40.52]
2026-05-28 11:07:21,995 [trainer.py] => CNN top5 curve: [100.0, 97.97, 97.73, 96.48, 96.29, 93.78, 92.2, 92.41, 90.94, 89.47, 85.69, 86.17, 84.1, 84.6, 84.6, 82.23, 82.14, 79.4, 80.04, 76.88, 77.41, 77.64, 76.28, 76.7, 76.93, 75.15, 73.45, 74.15, 72.95, 72.73, 73.68, 72.48, 71.21, 69.95, 69.5, 68.39, 67.42, 68.89, 67.58]
2026-05-28 11:07:21,995 [trainer.py] => Average Accuracy (CNN): 55.88
2026-05-28 11:07:21,997 [trainer.py] => All params: 85948611
2026-05-28 11:07:21,997 [trainer.py] => Trainable params: 85948611
2026-05-28 11:07:22,000 [finetune.py] => Learning on 195-200
2026-05-28 11:11:44,468 [finetune.py] => Task 39, Epoch 20/20 => Loss 0.055, Train_accy 85.87
2026-05-28 11:12:04,254 [trainer.py] => Timing Task 39 => Train 262.47s, Epochs 20, Train 13.1236s/epoch, Inference 19.78s, Images 6000, Inference 3.2975ms/image
2026-05-28 11:12:04,254 [trainer.py] => No NME accuracy.
2026-05-28 11:12:04,254 [trainer.py] => CNN: {'total': 40.58, '00-04': 15.72, '05-09': 29.57, '10-14': 9.38, '15-19': 20.33, '20-24': 18.3, '25-29': 26.36, '30-34': 7.24, '35-39': 26.86, '40-44': 32.26, '45-49': 21.33, '50-54': 29.2, '55-59': 52.8, '60-64': 38.17, '65-69': 39.64, '70-74': 28.67, '75-79': 17.86, '80-84': 41.4, '85-89': 50.0, '90-94': 33.86, '95-99': 22.34, '100-104': 31.73, '105-109': 36.31, '110-114': 23.13, '115-119': 40.5, '120-124': 38.94, '125-129': 60.84, '130-134': 48.25, '135-139': 52.41, '140-144': 37.84, '145-149': 53.05, '150-154': 46.38, '155-159': 52.29, '160-164': 51.66, '165-169': 78.91, '170-174': 60.33, '175-179': 49.24, '180-184': 48.72, '185-189': 75.9, '190-194': 58.38, '195-199': 87.42, 'old': 39.37, 'new': 87.42}
2026-05-28 11:12:04,255 [trainer.py] => CNN top1 curve: [96.86, 83.19, 84.58, 80.35, 78.2, 73.65, 71.06, 72.27, 68.95, 65.35, 60.53, 56.81, 56.05, 58.01, 58.58, 53.95, 53.41, 52.86, 49.2, 47.86, 49.39, 49.21, 49.27, 49.49, 46.95, 46.63, 45.31, 46.92, 46.96, 47.37, 46.13, 45.66, 44.35, 41.16, 41.26, 40.57, 39.66, 40.93, 40.52, 40.58]
2026-05-28 11:12:04,255 [trainer.py] => CNN top5 curve: [100.0, 97.97, 97.73, 96.48, 96.29, 93.78, 92.2, 92.41, 90.94, 89.47, 85.69, 86.17, 84.1, 84.6, 84.6, 82.23, 82.14, 79.4, 80.04, 76.88, 77.41, 77.64, 76.28, 76.7, 76.93, 75.15, 73.45, 74.15, 72.95, 72.73, 73.68, 72.48, 71.21, 69.95, 69.5, 68.39, 67.42, 68.89, 67.58, 67.85]
2026-05-28 11:12:04,255 [trainer.py] => Average Accuracy (CNN): 55.5
2026-05-28 11:12:04,255 [trainer.py] => Total Train Time: 8215.95s
2026-05-28 11:12:04,255 [trainer.py] => Total Inference Time: 573.95s
2026-05-28 11:12:04,255 [trainer.py] => Average Training Time per Epoch per Incremental Task: 10.2699s
2026-05-28 11:12:04,255 [trainer.py] => Average Inference Time: 4.6866ms/image
2026-05-28 11:12:04,255 [trainer.py] => Mean Task Inference Time: 4.8624ms/image
