2026-05-22 18:26:44,363 [trainer.py] => config: ./configs/bilora/bilora_cub_B0_Inc20.json
2026-05-22 18:26:44,363 [trainer.py] => prefix: reproduce
2026-05-22 18:26:44,363 [trainer.py] => dataset: cub
2026-05-22 18:26:44,364 [trainer.py] => data_path: /home/team/zhaohongwei/Dataset/cub
2026-05-22 18:26:44,364 [trainer.py] => memory_size: 0
2026-05-22 18:26:44,364 [trainer.py] => memory_per_class: 0
2026-05-22 18:26:44,364 [trainer.py] => fixed_memory: True
2026-05-22 18:26:44,364 [trainer.py] => shuffle: True
2026-05-22 18:26:44,364 [trainer.py] => init_cls: 20
2026-05-22 18:26:44,364 [trainer.py] => increment: 20
2026-05-22 18:26:44,364 [trainer.py] => model_name: bilora
2026-05-22 18:26:44,364 [trainer.py] => backbone_type: vit_base_patch16_224_in21k_bilora
2026-05-22 18:26:44,364 [trainer.py] => net_type: sip
2026-05-22 18:26:44,365 [trainer.py] => embd_dim: 768
2026-05-22 18:26:44,365 [trainer.py] => num_heads: 12
2026-05-22 18:26:44,365 [trainer.py] => total_sessions: 10
2026-05-22 18:26:44,365 [trainer.py] => device: [device(type='cuda', index=1)]
2026-05-22 18:26:44,365 [trainer.py] => seed: 1993
2026-05-22 18:26:44,365 [trainer.py] => EPSILON: 1e-08
2026-05-22 18:26:44,365 [trainer.py] => init_epoch: 50
2026-05-22 18:26:44,365 [trainer.py] => optim: adam
2026-05-22 18:26:44,365 [trainer.py] => init_lr: 0.0005
2026-05-22 18:26:44,366 [trainer.py] => init_lr_decay: 0.1
2026-05-22 18:26:44,366 [trainer.py] => init_weight_decay: 0.0
2026-05-22 18:26:44,366 [trainer.py] => epochs: 50
2026-05-22 18:26:44,366 [trainer.py] => lrate: 0.0005
2026-05-22 18:26:44,366 [trainer.py] => lrate_decay: 0.1
2026-05-22 18:26:44,366 [trainer.py] => batch_size: 128
2026-05-22 18:26:44,366 [trainer.py] => weight_decay: 0.0
2026-05-22 18:26:44,366 [trainer.py] => rank: 10
2026-05-22 18:26:44,366 [trainer.py] => lamb: 0.98
2026-05-22 18:26:44,366 [trainer.py] => lame: 1.0
2026-05-22 18:26:44,366 [trainer.py] => num_workers: 16
2026-05-22 18:26:44,418 [data_manager.py] => [168, 136, 51, 9, 183, 101, 171, 99, 42, 159, 191, 70, 16, 188, 27, 10, 175, 26, 68, 187, 98, 6, 85, 35, 112, 43, 100, 0, 103, 181, 88, 59, 4, 2, 116, 174, 94, 80, 106, 1, 147, 17, 141, 131, 72, 23, 173, 54, 197, 118, 87, 32, 79, 104, 91, 19, 135, 107, 178, 36, 11, 199, 142, 8, 122, 3, 28, 57, 153, 172, 190, 56, 49, 44, 97, 62, 151, 169, 194, 55, 192, 12, 189, 78, 66, 180, 15, 137, 109, 134, 92, 119, 126, 52, 170, 40, 148, 65, 144, 64, 138, 45, 77, 89, 154, 90, 71, 193, 74, 30, 113, 143, 96, 84, 67, 50, 186, 156, 69, 21, 18, 111, 108, 58, 125, 157, 150, 110, 182, 129, 166, 83, 81, 60, 13, 165, 14, 176, 63, 117, 5, 22, 145, 121, 38, 41, 82, 127, 114, 20, 31, 53, 37, 163, 196, 130, 152, 162, 86, 76, 24, 34, 184, 149, 33, 128, 198, 155, 146, 167, 139, 120, 140, 102, 47, 25, 158, 123, 46, 164, 61, 7, 115, 75, 133, 160, 105, 132, 179, 124, 48, 73, 93, 39, 95, 195, 29, 177, 185, 161]
2026-05-22 18:26:50,177 [trainer.py] => All params: 112068451
2026-05-22 18:26:50,180 [trainer.py] => Trainable params: 112068451
2026-05-22 18:26:50,180 [bilora.py] => Learning on 0-20
2026-05-22 18:33:27,665 [bilora.py] => Task 0, Epoch 50/50 => Loss 0.115, Train_accy 96.72
2026-05-22 18:33:34,106 [bilora.py] => Exemplar size: 0
2026-05-22 18:33:34,106 [trainer.py] => No NME accuracy.
2026-05-22 18:33:34,107 [trainer.py] => CNN: {'total': 99.19, '00-19': 99.19, 'old': 0, 'new': 99.19}
2026-05-22 18:33:34,107 [trainer.py] => CNN top1 curve: [99.19]
2026-05-22 18:33:34,107 [trainer.py] => CNN top1 with task curve: [99.19]
2026-05-22 18:33:34,107 [trainer.py] => CNN top1 task curve: [1.0]
2026-05-22 18:33:34,107 [trainer.py] => CNN top5 curve: [100.0]
2026-05-22 18:33:34,107 [trainer.py] => Average Accuracy (CNN): 99.19
2026-05-22 18:33:34,114 [trainer.py] => All params: 112068451
2026-05-22 18:33:34,119 [trainer.py] => Trainable params: 87380
2026-05-22 18:33:34,119 [bilora.py] => Learning on 20-40
2026-05-22 18:40:31,405 [bilora.py] => Task 1, Epoch 50/50 => Loss 0.095, Train_accy 96.83
2026-05-22 18:40:39,488 [bilora.py] => Exemplar size: 0
2026-05-22 18:40:39,489 [trainer.py] => No NME accuracy.
2026-05-22 18:40:39,489 [trainer.py] => CNN: {'total': 92.73, '00-19': 98.79, '20-39': 85.51, 'old': 98.79, 'new': 85.51}
2026-05-22 18:40:39,489 [trainer.py] => CNN top1 curve: [99.19, 92.73]
2026-05-22 18:40:39,489 [trainer.py] => CNN top1 with task curve: [99.19, 98.46]
2026-05-22 18:40:39,489 [trainer.py] => CNN top1 task curve: [1.0, 0.9383]
2026-05-22 18:40:39,489 [trainer.py] => CNN top5 curve: [100.0, 99.56]
2026-05-22 18:40:39,489 [trainer.py] => Average Accuracy (CNN): 95.96
2026-05-22 18:40:39,492 [trainer.py] => All params: 112068451
2026-05-22 18:40:39,494 [trainer.py] => Trainable params: 87380
2026-05-22 18:40:39,494 [bilora.py] => Learning on 40-60
2026-05-22 18:47:30,374 [bilora.py] => Task 2, Epoch 50/50 => Loss 0.130, Train_accy 95.86
2026-05-22 18:47:38,204 [bilora.py] => Exemplar size: 0
2026-05-22 18:47:38,204 [trainer.py] => No NME accuracy.
2026-05-22 18:47:38,204 [trainer.py] => CNN: {'total': 89.43, '00-19': 96.76, '20-39': 81.64, '40-59': 88.53, 'old': 89.87, 'new': 88.53}
2026-05-22 18:47:38,204 [trainer.py] => CNN top1 curve: [99.19, 92.73, 89.43]
2026-05-22 18:47:38,205 [trainer.py] => CNN top1 with task curve: [99.19, 98.46, 98.21]
2026-05-22 18:47:38,205 [trainer.py] => CNN top1 task curve: [1.0, 0.9383, 0.9077]
2026-05-22 18:47:38,205 [trainer.py] => CNN top5 curve: [100.0, 99.56, 99.4]
2026-05-22 18:47:38,205 [trainer.py] => Average Accuracy (CNN): 93.78
2026-05-22 18:47:38,211 [trainer.py] => All params: 112068451
2026-05-22 18:47:38,215 [trainer.py] => Trainable params: 87380
2026-05-22 18:47:38,215 [bilora.py] => Learning on 60-80
2026-05-22 18:54:23,487 [bilora.py] => Task 3, Epoch 50/50 => Loss 0.127, Train_accy 95.56
2026-05-22 18:54:32,544 [bilora.py] => Exemplar size: 0
2026-05-22 18:54:32,544 [trainer.py] => No NME accuracy.
2026-05-22 18:54:32,544 [trainer.py] => CNN: {'total': 87.05, '00-19': 94.74, '20-39': 81.64, '40-59': 87.61, '60-79': 83.4, 'old': 88.39, 'new': 83.4}
2026-05-22 18:54:32,544 [trainer.py] => CNN top1 curve: [99.19, 92.73, 89.43, 87.05]
2026-05-22 18:54:32,544 [trainer.py] => CNN top1 with task curve: [99.19, 98.46, 98.21, 98.48]
2026-05-22 18:54:32,544 [trainer.py] => CNN top1 task curve: [1.0, 0.9383, 0.9077, 0.8781]
2026-05-22 18:54:32,544 [trainer.py] => CNN top5 curve: [100.0, 99.56, 99.4, 99.46]
2026-05-22 18:54:32,544 [trainer.py] => Average Accuracy (CNN): 92.1
2026-05-22 18:54:32,547 [trainer.py] => All params: 112068451
2026-05-22 18:54:32,549 [trainer.py] => Trainable params: 87380
2026-05-22 18:54:32,549 [bilora.py] => Learning on 80-100
2026-05-22 19:01:12,283 [bilora.py] => Task 4, Epoch 50/50 => Loss 0.139, Train_accy 95.73
2026-05-22 19:01:22,492 [bilora.py] => Exemplar size: 0
2026-05-22 19:01:22,493 [trainer.py] => No NME accuracy.
2026-05-22 19:01:22,493 [trainer.py] => CNN: {'total': 83.08, '00-19': 94.74, '20-39': 81.16, '40-59': 86.7, '60-79': 82.19, '80-99': 71.75, 'old': 86.4, 'new': 71.75}
2026-05-22 19:01:22,493 [trainer.py] => CNN top1 curve: [99.19, 92.73, 89.43, 87.05, 83.08]
2026-05-22 19:01:22,493 [trainer.py] => CNN top1 with task curve: [99.19, 98.46, 98.21, 98.48, 98.57]
2026-05-22 19:01:22,493 [trainer.py] => CNN top1 task curve: [1.0, 0.9383, 0.9077, 0.8781, 0.8367]
2026-05-22 19:01:22,493 [trainer.py] => CNN top5 curve: [100.0, 99.56, 99.4, 99.46, 99.16]
2026-05-22 19:01:22,494 [trainer.py] => Average Accuracy (CNN): 90.3
2026-05-22 19:01:22,499 [trainer.py] => All params: 112068451
2026-05-22 19:01:22,503 [trainer.py] => Trainable params: 87380
2026-05-22 19:01:22,503 [bilora.py] => Learning on 100-120
2026-05-22 19:08:17,356 [bilora.py] => Task 5, Epoch 50/50 => Loss 0.105, Train_accy 97.06
2026-05-22 19:08:28,359 [bilora.py] => Exemplar size: 0
2026-05-22 19:08:28,359 [trainer.py] => No NME accuracy.
2026-05-22 19:08:28,359 [trainer.py] => CNN: {'total': 80.23, '00-19': 93.12, '20-39': 79.71, '40-59': 85.78, '60-79': 77.33, '80-99': 71.75, '100-119': 74.56, 'old': 81.31, 'new': 74.56}
2026-05-22 19:08:28,359 [trainer.py] => CNN top1 curve: [99.19, 92.73, 89.43, 87.05, 83.08, 80.23]
2026-05-22 19:08:28,359 [trainer.py] => CNN top1 with task curve: [99.19, 98.46, 98.21, 98.48, 98.57, 98.52]
2026-05-22 19:08:28,359 [trainer.py] => CNN top1 task curve: [1.0, 0.9383, 0.9077, 0.8781, 0.8367, 0.8065]
2026-05-22 19:08:28,359 [trainer.py] => CNN top5 curve: [100.0, 99.56, 99.4, 99.46, 99.16, 98.8]
2026-05-22 19:08:28,359 [trainer.py] => Average Accuracy (CNN): 88.62
2026-05-22 19:08:28,364 [trainer.py] => All params: 112068451
2026-05-22 19:08:28,369 [trainer.py] => Trainable params: 87380
2026-05-22 19:08:28,369 [bilora.py] => Learning on 120-140
2026-05-22 19:15:33,041 [bilora.py] => Task 6, Epoch 50/50 => Loss 0.142, Train_accy 95.81
2026-05-22 19:15:45,452 [bilora.py] => Exemplar size: 0
2026-05-22 19:15:45,452 [trainer.py] => No NME accuracy.
2026-05-22 19:15:45,453 [trainer.py] => CNN: {'total': 78.49, '00-19': 92.31, '20-39': 80.68, '40-59': 83.49, '60-79': 76.92, '80-99': 71.0, '100-119': 74.56, '120-139': 71.11, 'old': 79.66, 'new': 71.11}
2026-05-22 19:15:45,453 [trainer.py] => CNN top1 curve: [99.19, 92.73, 89.43, 87.05, 83.08, 80.23, 78.49]
2026-05-22 19:15:45,453 [trainer.py] => CNN top1 with task curve: [99.19, 98.46, 98.21, 98.48, 98.57, 98.52, 97.87]
2026-05-22 19:15:45,453 [trainer.py] => CNN top1 task curve: [1.0, 0.9383, 0.9077, 0.8781, 0.8367, 0.8065, 0.7946]
2026-05-22 19:15:45,453 [trainer.py] => CNN top5 curve: [100.0, 99.56, 99.4, 99.46, 99.16, 98.8, 98.17]
2026-05-22 19:15:45,454 [trainer.py] => Average Accuracy (CNN): 87.17
2026-05-22 19:15:45,462 [trainer.py] => All params: 112068451
2026-05-22 19:15:45,467 [trainer.py] => Trainable params: 87380
2026-05-22 19:15:45,468 [bilora.py] => Learning on 140-160
2026-05-22 19:22:45,179 [bilora.py] => Task 7, Epoch 50/50 => Loss 0.129, Train_accy 96.20
2026-05-22 19:22:58,856 [bilora.py] => Exemplar size: 0
2026-05-22 19:22:58,856 [trainer.py] => No NME accuracy.
2026-05-22 19:22:58,857 [trainer.py] => CNN: {'total': 77.21, '00-19': 93.12, '20-39': 78.26, '40-59': 80.73, '60-79': 76.11, '80-99': 70.63, '100-119': 73.25, '120-139': 71.11, '140-159': 74.8, 'old': 77.57, 'new': 74.8}
2026-05-22 19:22:58,857 [trainer.py] => CNN top1 curve: [99.19, 92.73, 89.43, 87.05, 83.08, 80.23, 78.49, 77.21]
2026-05-22 19:22:58,857 [trainer.py] => CNN top1 with task curve: [99.19, 98.46, 98.21, 98.48, 98.57, 98.52, 97.87, 97.88]
2026-05-22 19:22:58,857 [trainer.py] => CNN top1 task curve: [1.0, 0.9383, 0.9077, 0.8781, 0.8367, 0.8065, 0.7946, 0.7795]
2026-05-22 19:22:58,857 [trainer.py] => CNN top5 curve: [100.0, 99.56, 99.4, 99.46, 99.16, 98.8, 98.17, 97.88]
2026-05-22 19:22:58,857 [trainer.py] => Average Accuracy (CNN): 85.93
2026-05-22 19:22:58,860 [trainer.py] => All params: 112068451
2026-05-22 19:22:58,863 [trainer.py] => Trainable params: 87380
2026-05-22 19:22:58,863 [bilora.py] => Learning on 160-180
2026-05-22 19:30:16,375 [bilora.py] => Task 8, Epoch 50/50 => Loss 0.145, Train_accy 95.51
2026-05-22 19:30:31,508 [bilora.py] => Exemplar size: 0
2026-05-22 19:30:31,509 [trainer.py] => No NME accuracy.
2026-05-22 19:30:31,509 [trainer.py] => CNN: {'total': 75.56, '00-19': 91.5, '20-39': 77.29, '40-59': 81.19, '60-79': 75.3, '80-99': 69.14, '100-119': 73.68, '120-139': 70.67, '140-159': 74.0, '160-179': 67.93, 'old': 76.52, 'new': 67.93}
2026-05-22 19:30:31,509 [trainer.py] => CNN top1 curve: [99.19, 92.73, 89.43, 87.05, 83.08, 80.23, 78.49, 77.21, 75.56]
2026-05-22 19:30:31,509 [trainer.py] => CNN top1 with task curve: [99.19, 98.46, 98.21, 98.48, 98.57, 98.52, 97.87, 97.88, 97.93]
2026-05-22 19:30:31,509 [trainer.py] => CNN top1 task curve: [1.0, 0.9383, 0.9077, 0.8781, 0.8367, 0.8065, 0.7946, 0.7795, 0.7627]
2026-05-22 19:30:31,510 [trainer.py] => CNN top5 curve: [100.0, 99.56, 99.4, 99.46, 99.16, 98.8, 98.17, 97.88, 97.74]
2026-05-22 19:30:31,510 [trainer.py] => Average Accuracy (CNN): 84.77
2026-05-22 19:30:31,518 [trainer.py] => All params: 112068451
2026-05-22 19:30:31,525 [trainer.py] => Trainable params: 87380
2026-05-22 19:30:31,525 [bilora.py] => Learning on 180-200
2026-05-22 19:37:49,076 [bilora.py] => Task 9, Epoch 50/50 => Loss 0.128, Train_accy 95.80
2026-05-22 19:38:05,653 [bilora.py] => Exemplar size: 0
2026-05-22 19:38:05,654 [trainer.py] => No NME accuracy.
2026-05-22 19:38:05,654 [trainer.py] => CNN: {'total': 73.75, '00-19': 91.5, '20-39': 72.46, '40-59': 80.73, '60-79': 74.09, '80-99': 68.4, '100-119': 74.12, '120-139': 68.44, '140-159': 71.6, '160-179': 66.24, '180-199': 70.0, 'old': 74.15, 'new': 70.0}
2026-05-22 19:38:05,654 [trainer.py] => CNN top1 curve: [99.19, 92.73, 89.43, 87.05, 83.08, 80.23, 78.49, 77.21, 75.56, 73.75]
2026-05-22 19:38:05,654 [trainer.py] => CNN top1 with task curve: [99.19, 98.46, 98.21, 98.48, 98.57, 98.52, 97.87, 97.88, 97.93, 97.92]
2026-05-22 19:38:05,654 [trainer.py] => CNN top1 task curve: [1.0, 0.9383, 0.9077, 0.8781, 0.8367, 0.8065, 0.7946, 0.7795, 0.7627, 0.743]
2026-05-22 19:38:05,655 [trainer.py] => CNN top5 curve: [100.0, 99.56, 99.4, 99.46, 99.16, 98.8, 98.17, 97.88, 97.74, 97.2]
2026-05-22 19:38:05,655 [trainer.py] => Average Accuracy (CNN): 83.67
