2026-05-22 22:15:25,096 [trainer.py] => config: ./configs/aper/aper_adapter_inr_B0_Inc5.json
2026-05-22 22:15:25,096 [trainer.py] => prefix: exp
2026-05-22 22:15:25,096 [trainer.py] => dataset: imagenetr
2026-05-22 22:15:25,096 [trainer.py] => memory_size: 0
2026-05-22 22:15:25,096 [trainer.py] => memory_per_class: 0
2026-05-22 22:15:25,096 [trainer.py] => fixed_memory: False
2026-05-22 22:15:25,097 [trainer.py] => shuffle: True
2026-05-22 22:15:25,097 [trainer.py] => init_cls: 5
2026-05-22 22:15:25,097 [trainer.py] => increment: 5
2026-05-22 22:15:25,097 [trainer.py] => model_name: adam_adapter
2026-05-22 22:15:25,097 [trainer.py] => backbone_type: pretrained_vit_b16_224_in21k_adapter
2026-05-22 22:15:25,097 [trainer.py] => weight_decay: 0.005
2026-05-22 22:15:25,097 [trainer.py] => prompt_token_num: 30
2026-05-22 22:15:25,097 [trainer.py] => ffn_num: 64
2026-05-22 22:15:25,097 [trainer.py] => optimizer: sgd
2026-05-22 22:15:25,097 [trainer.py] => min_lr: 0
2026-05-22 22:15:25,097 [trainer.py] => device: [device(type='cuda', index=3)]
2026-05-22 22:15:25,098 [trainer.py] => seed: 1993
2026-05-22 22:15:25,098 [trainer.py] => tuned_epoch: 20
2026-05-22 22:15:25,098 [trainer.py] => init_lr: 0.05
2026-05-22 22:15:25,098 [trainer.py] => batch_size: 24
2026-05-22 22:15:25,098 [trainer.py] => nb_classes: 200
2026-05-22 22:15:25,098 [trainer.py] => nb_tasks: 40
2026-05-22 22:15:25,834 [data_manager.py] => [168, 136, 51, 9, 183, 101, 171, 99, 42, 159, 191, 70, 16, 188, 27, 10, 175, 26, 68, 187, 98, 6, 85, 35, 112, 43, 100, 0, 103, 181, 88, 59, 4, 2, 116, 174, 94, 80, 106, 1, 147, 17, 141, 131, 72, 23, 173, 54, 197, 118, 87, 32, 79, 104, 91, 19, 135, 107, 178, 36, 11, 199, 142, 8, 122, 3, 28, 57, 153, 172, 190, 56, 49, 44, 97, 62, 151, 169, 194, 55, 192, 12, 189, 78, 66, 180, 15, 137, 109, 134, 92, 119, 126, 52, 170, 40, 148, 65, 144, 64, 138, 45, 77, 89, 154, 90, 71, 193, 74, 30, 113, 143, 96, 84, 67, 50, 186, 156, 69, 21, 18, 111, 108, 58, 125, 157, 150, 110, 182, 129, 166, 83, 81, 60, 13, 165, 14, 176, 63, 117, 5, 22, 145, 121, 38, 41, 82, 127, 114, 20, 31, 53, 37, 163, 196, 130, 152, 162, 86, 76, 24, 34, 184, 149, 33, 128, 198, 155, 146, 167, 139, 120, 140, 102, 47, 25, 158, 123, 46, 164, 61, 7, 115, 75, 133, 160, 105, 132, 179, 124, 48, 73, 93, 39, 95, 195, 29, 177, 185, 161]
2026-05-22 22:15:37,337 [trainer.py] => All params: 86988288
2026-05-22 22:15:37,340 [trainer.py] => Trainable params: 1189632
2026-05-22 22:15:37,359 [adam_adapter.py] => Learning on 0-5
2026-05-22 22:26:39,932 [adam_adapter.py] => Task 0, Epoch 20/20 => Loss 0.188, Train_accy 94.51, Test_accy 99.31
2026-05-22 22:27:35,454 [trainer.py] => No NME accuracy.
2026-05-22 22:27:35,465 [trainer.py] => CNN: {'total': 97.24, '00-04': 97.24, 'old': 0, 'new': 97.24}
2026-05-22 22:27:35,465 [trainer.py] => CNN top1 curve: [97.24]
2026-05-22 22:27:35,465 [trainer.py] => CNN top5 curve: [100.0]
2026-05-22 22:27:35,465 [trainer.py] => Average Accuracy (CNN): 97.24
2026-05-22 22:27:35,467 [trainer.py] => All params: 172794625
2026-05-22 22:27:35,468 [trainer.py] => Trainable params: 86995969
2026-05-22 22:27:35,506 [adam_adapter.py] => Learning on 5-10
2026-05-22 22:28:20,814 [trainer.py] => No NME accuracy.
2026-05-22 22:28:20,837 [trainer.py] => CNN: {'total': 87.38, '00-04': 93.1, '05-09': 82.56, 'old': 93.1, 'new': 82.56}
2026-05-22 22:28:20,837 [trainer.py] => CNN top1 curve: [97.24, 87.38]
2026-05-22 22:28:20,837 [trainer.py] => CNN top5 curve: [100.0, 99.68]
2026-05-22 22:28:20,838 [trainer.py] => Average Accuracy (CNN): 92.31
2026-05-22 22:28:20,842 [trainer.py] => All params: 172802305
2026-05-22 22:28:20,844 [trainer.py] => Trainable params: 87003649
2026-05-22 22:28:20,877 [adam_adapter.py] => Learning on 10-15
2026-05-22 22:29:22,966 [trainer.py] => No NME accuracy.
2026-05-22 22:29:22,984 [trainer.py] => CNN: {'total': 85.82, '00-04': 90.34, '05-09': 77.91, '10-14': 88.66, 'old': 83.6, 'new': 88.66}
2026-05-22 22:29:22,984 [trainer.py] => CNN top1 curve: [97.24, 87.38, 85.82]
2026-05-22 22:29:22,984 [trainer.py] => CNN top5 curve: [100.0, 99.68, 98.58]
2026-05-22 22:29:22,984 [trainer.py] => Average Accuracy (CNN): 90.15
2026-05-22 22:29:22,986 [trainer.py] => All params: 172809985
2026-05-22 22:29:22,988 [trainer.py] => Trainable params: 87011329
2026-05-22 22:29:23,006 [adam_adapter.py] => Learning on 15-20
2026-05-22 22:30:21,582 [trainer.py] => No NME accuracy.
2026-05-22 22:30:21,582 [trainer.py] => CNN: {'total': 84.33, '00-04': 88.97, '05-09': 77.91, '10-14': 86.64, '15-19': 83.2, 'old': 84.57, 'new': 83.2}
2026-05-22 22:30:21,583 [trainer.py] => CNN top1 curve: [97.24, 87.38, 85.82, 84.33]
2026-05-22 22:30:21,583 [trainer.py] => CNN top5 curve: [100.0, 99.68, 98.58, 96.66]
2026-05-22 22:30:21,583 [trainer.py] => Average Accuracy (CNN): 88.69
2026-05-22 22:30:21,584 [trainer.py] => All params: 172817665
2026-05-22 22:30:21,585 [trainer.py] => Trainable params: 87019009
2026-05-22 22:30:21,602 [adam_adapter.py] => Learning on 20-25
2026-05-22 22:31:21,258 [trainer.py] => No NME accuracy.
2026-05-22 22:31:21,273 [trainer.py] => CNN: {'total': 82.91, '00-04': 88.97, '05-09': 77.33, '10-14': 85.43, '15-19': 80.0, '20-24': 81.69, 'old': 83.16, 'new': 81.69}
2026-05-22 22:31:21,274 [trainer.py] => CNN top1 curve: [97.24, 87.38, 85.82, 84.33, 82.91]
2026-05-22 22:31:21,274 [trainer.py] => CNN top5 curve: [100.0, 99.68, 98.58, 96.66, 95.67]
2026-05-22 22:31:21,275 [trainer.py] => Average Accuracy (CNN): 87.54
2026-05-22 22:31:21,279 [trainer.py] => All params: 172825345
2026-05-22 22:31:21,283 [trainer.py] => Trainable params: 87026689
2026-05-22 22:31:21,307 [adam_adapter.py] => Learning on 25-30
2026-05-22 22:32:32,018 [trainer.py] => No NME accuracy.
2026-05-22 22:32:32,086 [trainer.py] => CNN: {'total': 80.69, '00-04': 88.28, '05-09': 73.26, '10-14': 85.02, '15-19': 80.0, '20-24': 81.69, '25-29': 74.68, 'old': 81.83, 'new': 74.68}
2026-05-22 22:32:32,086 [trainer.py] => CNN top1 curve: [97.24, 87.38, 85.82, 84.33, 82.91, 80.69]
2026-05-22 22:32:32,086 [trainer.py] => CNN top5 curve: [100.0, 99.68, 98.58, 96.66, 95.67, 94.54]
2026-05-22 22:32:32,086 [trainer.py] => Average Accuracy (CNN): 86.39
2026-05-22 22:32:32,088 [trainer.py] => All params: 172833025
2026-05-22 22:32:32,090 [trainer.py] => Trainable params: 87034369
2026-05-22 22:32:32,119 [adam_adapter.py] => Learning on 30-35
2026-05-22 22:33:44,577 [trainer.py] => No NME accuracy.
2026-05-22 22:33:44,597 [trainer.py] => CNN: {'total': 80.44, '00-04': 86.9, '05-09': 73.26, '10-14': 84.62, '15-19': 78.4, '20-24': 81.69, '25-29': 74.68, '30-34': 82.12, 'old': 80.18, 'new': 82.12}
2026-05-22 22:33:44,597 [trainer.py] => CNN top1 curve: [97.24, 87.38, 85.82, 84.33, 82.91, 80.69, 80.44]
2026-05-22 22:33:44,598 [trainer.py] => CNN top5 curve: [100.0, 99.68, 98.58, 96.66, 95.67, 94.54, 94.12]
2026-05-22 22:33:44,598 [trainer.py] => Average Accuracy (CNN): 85.54
2026-05-22 22:33:44,600 [trainer.py] => All params: 172840705
2026-05-22 22:33:44,601 [trainer.py] => Trainable params: 87042049
2026-05-22 22:33:44,615 [adam_adapter.py] => Learning on 35-40
2026-05-22 22:35:09,358 [trainer.py] => No NME accuracy.
2026-05-22 22:35:09,360 [trainer.py] => CNN: {'total': 78.73, '00-04': 86.9, '05-09': 73.26, '10-14': 84.21, '15-19': 75.2, '20-24': 81.69, '25-29': 73.42, '30-34': 76.82, '35-39': 76.24, 'old': 79.12, 'new': 76.24}
2026-05-22 22:35:09,360 [trainer.py] => CNN top1 curve: [97.24, 87.38, 85.82, 84.33, 82.91, 80.69, 80.44, 78.73]
2026-05-22 22:35:09,360 [trainer.py] => CNN top5 curve: [100.0, 99.68, 98.58, 96.66, 95.67, 94.54, 94.12, 93.11]
2026-05-22 22:35:09,361 [trainer.py] => Average Accuracy (CNN): 84.69
2026-05-22 22:35:09,365 [trainer.py] => All params: 172848385
2026-05-22 22:35:09,369 [trainer.py] => Trainable params: 87049729
2026-05-22 22:35:09,390 [adam_adapter.py] => Learning on 40-45
2026-05-22 22:36:29,436 [trainer.py] => No NME accuracy.
2026-05-22 22:36:29,485 [trainer.py] => CNN: {'total': 78.32, '00-04': 86.9, '05-09': 72.09, '10-14': 83.81, '15-19': 75.2, '20-24': 80.99, '25-29': 73.42, '30-34': 76.82, '35-39': 75.69, '40-44': 78.08, 'old': 78.35, 'new': 78.08}
2026-05-22 22:36:29,485 [trainer.py] => CNN top1 curve: [97.24, 87.38, 85.82, 84.33, 82.91, 80.69, 80.44, 78.73, 78.32]
2026-05-22 22:36:29,485 [trainer.py] => CNN top5 curve: [100.0, 99.68, 98.58, 96.66, 95.67, 94.54, 94.12, 93.11, 92.5]
2026-05-22 22:36:29,486 [trainer.py] => Average Accuracy (CNN): 83.98
2026-05-22 22:36:29,492 [trainer.py] => All params: 172856065
2026-05-22 22:36:29,496 [trainer.py] => Trainable params: 87057409
2026-05-22 22:36:29,543 [adam_adapter.py] => Learning on 45-50
2026-05-22 22:38:01,948 [trainer.py] => No NME accuracy.
2026-05-22 22:38:01,949 [trainer.py] => CNN: {'total': 77.02, '00-04': 86.21, '05-09': 68.6, '10-14': 83.4, '15-19': 75.2, '20-24': 79.58, '25-29': 70.25, '30-34': 74.83, '35-39': 75.69, '40-44': 74.66, '45-49': 79.49, 'old': 76.76, 'new': 79.49}
2026-05-22 22:38:01,949 [trainer.py] => CNN top1 curve: [97.24, 87.38, 85.82, 84.33, 82.91, 80.69, 80.44, 78.73, 78.32, 77.02]
2026-05-22 22:38:01,949 [trainer.py] => CNN top5 curve: [100.0, 99.68, 98.58, 96.66, 95.67, 94.54, 94.12, 93.11, 92.5, 91.62]
2026-05-22 22:38:01,950 [trainer.py] => Average Accuracy (CNN): 83.29
2026-05-22 22:38:01,952 [trainer.py] => All params: 172863745
2026-05-22 22:38:01,955 [trainer.py] => Trainable params: 87065089
2026-05-22 22:38:01,984 [adam_adapter.py] => Learning on 50-55
2026-05-22 22:39:36,514 [trainer.py] => No NME accuracy.
2026-05-22 22:39:36,580 [trainer.py] => CNN: {'total': 76.21, '00-04': 86.21, '05-09': 68.6, '10-14': 82.59, '15-19': 74.4, '20-24': 78.87, '25-29': 68.99, '30-34': 74.83, '35-39': 74.59, '40-44': 74.66, '45-49': 79.49, '50-54': 72.96, 'old': 76.52, 'new': 72.96}
2026-05-22 22:39:36,581 [trainer.py] => CNN top1 curve: [97.24, 87.38, 85.82, 84.33, 82.91, 80.69, 80.44, 78.73, 78.32, 77.02, 76.21]
2026-05-22 22:39:36,581 [trainer.py] => CNN top5 curve: [100.0, 99.68, 98.58, 96.66, 95.67, 94.54, 94.12, 93.11, 92.5, 91.62, 91.08]
2026-05-22 22:39:36,581 [trainer.py] => Average Accuracy (CNN): 82.64
2026-05-22 22:39:36,586 [trainer.py] => All params: 172871425
2026-05-22 22:39:36,590 [trainer.py] => Trainable params: 87072769
2026-05-22 22:39:36,617 [adam_adapter.py] => Learning on 55-60
2026-05-22 22:41:18,212 [trainer.py] => No NME accuracy.
2026-05-22 22:41:18,213 [trainer.py] => CNN: {'total': 75.04, '00-04': 85.52, '05-09': 68.02, '10-14': 82.59, '15-19': 73.6, '20-24': 78.87, '25-29': 67.72, '30-34': 73.51, '35-39': 73.48, '40-44': 74.66, '45-49': 78.85, '50-54': 72.33, '55-59': 68.28, 'old': 75.59, 'new': 68.28}
2026-05-22 22:41:18,213 [trainer.py] => CNN top1 curve: [97.24, 87.38, 85.82, 84.33, 82.91, 80.69, 80.44, 78.73, 78.32, 77.02, 76.21, 75.04]
2026-05-22 22:41:18,214 [trainer.py] => CNN top5 curve: [100.0, 99.68, 98.58, 96.66, 95.67, 94.54, 94.12, 93.11, 92.5, 91.62, 91.08, 90.76]
2026-05-22 22:41:18,214 [trainer.py] => Average Accuracy (CNN): 82.01
2026-05-22 22:41:18,219 [trainer.py] => All params: 172879105
2026-05-22 22:41:18,223 [trainer.py] => Trainable params: 87080449
2026-05-22 22:41:18,253 [adam_adapter.py] => Learning on 60-65
2026-05-22 22:43:08,417 [trainer.py] => No NME accuracy.
2026-05-22 22:43:08,464 [trainer.py] => CNN: {'total': 73.76, '00-04': 84.83, '05-09': 68.02, '10-14': 81.78, '15-19': 72.8, '20-24': 78.17, '25-29': 67.09, '30-34': 72.85, '35-39': 72.93, '40-44': 73.97, '45-49': 78.85, '50-54': 71.7, '55-59': 67.59, '60-64': 64.38, 'old': 74.47, 'new': 64.38}
2026-05-22 22:43:08,464 [trainer.py] => CNN top1 curve: [97.24, 87.38, 85.82, 84.33, 82.91, 80.69, 80.44, 78.73, 78.32, 77.02, 76.21, 75.04, 73.76]
2026-05-22 22:43:08,464 [trainer.py] => CNN top5 curve: [100.0, 99.68, 98.58, 96.66, 95.67, 94.54, 94.12, 93.11, 92.5, 91.62, 91.08, 90.76, 89.87]
2026-05-22 22:43:08,465 [trainer.py] => Average Accuracy (CNN): 81.38
2026-05-22 22:43:08,468 [trainer.py] => All params: 172886785
2026-05-22 22:43:08,471 [trainer.py] => Trainable params: 87088129
2026-05-22 22:43:08,492 [adam_adapter.py] => Learning on 65-70
2026-05-22 22:45:00,154 [trainer.py] => No NME accuracy.
2026-05-22 22:45:00,155 [trainer.py] => CNN: {'total': 72.94, '00-04': 84.14, '05-09': 67.44, '10-14': 80.57, '15-19': 72.8, '20-24': 78.17, '25-29': 66.46, '30-34': 72.19, '35-39': 72.93, '40-44': 73.29, '45-49': 78.21, '50-54': 71.7, '55-59': 66.9, '60-64': 63.7, '65-69': 69.08, 'old': 73.23, 'new': 69.08}
2026-05-22 22:45:00,155 [trainer.py] => CNN top1 curve: [97.24, 87.38, 85.82, 84.33, 82.91, 80.69, 80.44, 78.73, 78.32, 77.02, 76.21, 75.04, 73.76, 72.94]
2026-05-22 22:45:00,155 [trainer.py] => CNN top5 curve: [100.0, 99.68, 98.58, 96.66, 95.67, 94.54, 94.12, 93.11, 92.5, 91.62, 91.08, 90.76, 89.87, 89.62]
2026-05-22 22:45:00,156 [trainer.py] => Average Accuracy (CNN): 80.77
2026-05-22 22:45:00,160 [trainer.py] => All params: 172894465
2026-05-22 22:45:00,164 [trainer.py] => Trainable params: 87095809
2026-05-22 22:45:00,182 [adam_adapter.py] => Learning on 70-75
2026-05-22 22:46:52,168 [trainer.py] => No NME accuracy.
2026-05-22 22:46:52,197 [trainer.py] => CNN: {'total': 72.68, '00-04': 83.45, '05-09': 66.86, '10-14': 80.16, '15-19': 72.0, '20-24': 78.17, '25-29': 65.82, '30-34': 72.19, '35-39': 72.38, '40-44': 73.29, '45-49': 78.21, '50-54': 71.7, '55-59': 66.9, '60-64': 63.7, '65-69': 69.08, '70-74': 72.8, 'old': 72.67, 'new': 72.8}
2026-05-22 22:46:52,198 [trainer.py] => CNN top1 curve: [97.24, 87.38, 85.82, 84.33, 82.91, 80.69, 80.44, 78.73, 78.32, 77.02, 76.21, 75.04, 73.76, 72.94, 72.68]
2026-05-22 22:46:52,198 [trainer.py] => CNN top5 curve: [100.0, 99.68, 98.58, 96.66, 95.67, 94.54, 94.12, 93.11, 92.5, 91.62, 91.08, 90.76, 89.87, 89.62, 89.32]
2026-05-22 22:46:52,198 [trainer.py] => Average Accuracy (CNN): 80.23
2026-05-22 22:46:52,201 [trainer.py] => All params: 172902145
2026-05-22 22:46:52,204 [trainer.py] => Trainable params: 87103489
2026-05-22 22:46:52,229 [adam_adapter.py] => Learning on 75-80
2026-05-22 22:48:54,537 [trainer.py] => No NME accuracy.
2026-05-22 22:48:54,537 [trainer.py] => CNN: {'total': 72.34, '00-04': 80.69, '05-09': 66.86, '10-14': 78.95, '15-19': 71.2, '20-24': 78.17, '25-29': 65.19, '30-34': 72.19, '35-39': 72.38, '40-44': 72.6, '45-49': 75.64, '50-54': 71.7, '55-59': 66.21, '60-64': 62.33, '65-69': 68.42, '70-74': 72.8, '75-79': 79.05, 'old': 71.91, 'new': 79.05}
2026-05-22 22:48:54,537 [trainer.py] => CNN top1 curve: [97.24, 87.38, 85.82, 84.33, 82.91, 80.69, 80.44, 78.73, 78.32, 77.02, 76.21, 75.04, 73.76, 72.94, 72.68, 72.34]
2026-05-22 22:48:54,537 [trainer.py] => CNN top5 curve: [100.0, 99.68, 98.58, 96.66, 95.67, 94.54, 94.12, 93.11, 92.5, 91.62, 91.08, 90.76, 89.87, 89.62, 89.32, 89.07]
2026-05-22 22:48:54,538 [trainer.py] => Average Accuracy (CNN): 79.74
2026-05-22 22:48:54,539 [trainer.py] => All params: 172909825
2026-05-22 22:48:54,540 [trainer.py] => Trainable params: 87111169
2026-05-22 22:48:54,559 [adam_adapter.py] => Learning on 80-85
2026-05-22 22:51:05,864 [trainer.py] => No NME accuracy.
2026-05-22 22:51:05,889 [trainer.py] => CNN: {'total': 71.88, '00-04': 80.69, '05-09': 66.86, '10-14': 78.95, '15-19': 70.4, '20-24': 78.17, '25-29': 65.19, '30-34': 71.52, '35-39': 71.82, '40-44': 72.6, '45-49': 75.0, '50-54': 71.7, '55-59': 66.21, '60-64': 60.96, '65-69': 67.76, '70-74': 72.8, '75-79': 79.05, '80-84': 68.46, 'old': 72.06, 'new': 68.46}
2026-05-22 22:51:05,889 [trainer.py] => CNN top1 curve: [97.24, 87.38, 85.82, 84.33, 82.91, 80.69, 80.44, 78.73, 78.32, 77.02, 76.21, 75.04, 73.76, 72.94, 72.68, 72.34, 71.88]
2026-05-22 22:51:05,889 [trainer.py] => CNN top5 curve: [100.0, 99.68, 98.58, 96.66, 95.67, 94.54, 94.12, 93.11, 92.5, 91.62, 91.08, 90.76, 89.87, 89.62, 89.32, 89.07, 88.77]
2026-05-22 22:51:05,890 [trainer.py] => Average Accuracy (CNN): 79.28
2026-05-22 22:51:05,892 [trainer.py] => All params: 172917505
2026-05-22 22:51:05,895 [trainer.py] => Trainable params: 87118849
2026-05-22 22:51:05,913 [adam_adapter.py] => Learning on 85-90
2026-05-22 22:53:30,221 [trainer.py] => No NME accuracy.
2026-05-22 22:53:30,253 [trainer.py] => CNN: {'total': 70.33, '00-04': 80.69, '05-09': 65.12, '10-14': 78.54, '15-19': 70.4, '20-24': 78.17, '25-29': 64.56, '30-34': 70.86, '35-39': 70.72, '40-44': 72.6, '45-49': 73.72, '50-54': 71.07, '55-59': 62.76, '60-64': 57.53, '65-69': 67.76, '70-74': 72.8, '75-79': 79.05, '80-84': 68.46, '85-89': 59.44, 'old': 71.08, 'new': 59.44}
2026-05-22 22:53:30,254 [trainer.py] => CNN top1 curve: [97.24, 87.38, 85.82, 84.33, 82.91, 80.69, 80.44, 78.73, 78.32, 77.02, 76.21, 75.04, 73.76, 72.94, 72.68, 72.34, 71.88, 70.33]
2026-05-22 22:53:30,254 [trainer.py] => CNN top5 curve: [100.0, 99.68, 98.58, 96.66, 95.67, 94.54, 94.12, 93.11, 92.5, 91.62, 91.08, 90.76, 89.87, 89.62, 89.32, 89.07, 88.77, 87.57]
2026-05-22 22:53:30,255 [trainer.py] => Average Accuracy (CNN): 78.78
2026-05-22 22:53:30,259 [trainer.py] => All params: 172925185
2026-05-22 22:53:30,263 [trainer.py] => Trainable params: 87126529
2026-05-22 22:53:30,290 [adam_adapter.py] => Learning on 90-95
2026-05-22 22:55:45,254 [trainer.py] => No NME accuracy.
2026-05-22 22:55:45,254 [trainer.py] => CNN: {'total': 69.41, '00-04': 80.0, '05-09': 63.95, '10-14': 78.14, '15-19': 70.4, '20-24': 78.17, '25-29': 64.56, '30-34': 70.86, '35-39': 70.72, '40-44': 70.55, '45-49': 73.72, '50-54': 71.07, '55-59': 62.76, '60-64': 56.85, '65-69': 67.76, '70-74': 71.2, '75-79': 78.38, '80-84': 68.46, '85-89': 58.33, '90-94': 56.44, 'old': 69.87, 'new': 56.44}
2026-05-22 22:55:45,254 [trainer.py] => CNN top1 curve: [97.24, 87.38, 85.82, 84.33, 82.91, 80.69, 80.44, 78.73, 78.32, 77.02, 76.21, 75.04, 73.76, 72.94, 72.68, 72.34, 71.88, 70.33, 69.41]
2026-05-22 22:55:45,254 [trainer.py] => CNN top5 curve: [100.0, 99.68, 98.58, 96.66, 95.67, 94.54, 94.12, 93.11, 92.5, 91.62, 91.08, 90.76, 89.87, 89.62, 89.32, 89.07, 88.77, 87.57, 87.11]
2026-05-22 22:55:45,255 [trainer.py] => Average Accuracy (CNN): 78.29
2026-05-22 22:55:45,256 [trainer.py] => All params: 172932865
2026-05-22 22:55:45,257 [trainer.py] => Trainable params: 87134209
2026-05-22 22:55:45,281 [adam_adapter.py] => Learning on 95-100
2026-05-22 22:57:57,173 [trainer.py] => No NME accuracy.
2026-05-22 22:57:57,201 [trainer.py] => CNN: {'total': 69.28, '00-04': 80.0, '05-09': 63.95, '10-14': 78.14, '15-19': 70.4, '20-24': 78.17, '25-29': 64.56, '30-34': 70.86, '35-39': 70.72, '40-44': 66.44, '45-49': 73.72, '50-54': 70.44, '55-59': 62.76, '60-64': 56.85, '65-69': 67.76, '70-74': 71.2, '75-79': 78.38, '80-84': 67.69, '85-89': 57.78, '90-94': 56.44, '95-99': 76.32, 'old': 69.1, 'new': 76.32}
2026-05-22 22:57:57,202 [trainer.py] => CNN top1 curve: [97.24, 87.38, 85.82, 84.33, 82.91, 80.69, 80.44, 78.73, 78.32, 77.02, 76.21, 75.04, 73.76, 72.94, 72.68, 72.34, 71.88, 70.33, 69.41, 69.28]
2026-05-22 22:57:57,202 [trainer.py] => CNN top5 curve: [100.0, 99.68, 98.58, 96.66, 95.67, 94.54, 94.12, 93.11, 92.5, 91.62, 91.08, 90.76, 89.87, 89.62, 89.32, 89.07, 88.77, 87.57, 87.11, 86.87]
2026-05-22 22:57:57,203 [trainer.py] => Average Accuracy (CNN): 77.84
2026-05-22 22:57:57,206 [trainer.py] => All params: 172940545
2026-05-22 22:57:57,209 [trainer.py] => Trainable params: 87141889
2026-05-22 22:57:57,231 [adam_adapter.py] => Learning on 100-105
2026-05-22 23:00:28,337 [trainer.py] => No NME accuracy.
2026-05-22 23:00:28,360 [trainer.py] => CNN: {'total': 68.92, '00-04': 77.24, '05-09': 63.37, '10-14': 77.73, '15-19': 69.6, '20-24': 78.17, '25-29': 64.56, '30-34': 70.86, '35-39': 70.72, '40-44': 66.44, '45-49': 73.72, '50-54': 69.18, '55-59': 62.76, '60-64': 56.16, '65-69': 67.76, '70-74': 70.4, '75-79': 78.38, '80-84': 67.69, '85-89': 56.67, '90-94': 56.44, '95-99': 76.32, '100-104': 70.39, 'old': 68.84, 'new': 70.39}
2026-05-22 23:00:28,360 [trainer.py] => CNN top1 curve: [97.24, 87.38, 85.82, 84.33, 82.91, 80.69, 80.44, 78.73, 78.32, 77.02, 76.21, 75.04, 73.76, 72.94, 72.68, 72.34, 71.88, 70.33, 69.41, 69.28, 68.92]
2026-05-22 23:00:28,361 [trainer.py] => CNN top5 curve: [100.0, 99.68, 98.58, 96.66, 95.67, 94.54, 94.12, 93.11, 92.5, 91.62, 91.08, 90.76, 89.87, 89.62, 89.32, 89.07, 88.77, 87.57, 87.11, 86.87, 86.61]
2026-05-22 23:00:28,361 [trainer.py] => Average Accuracy (CNN): 77.41
2026-05-22 23:00:28,362 [trainer.py] => All params: 172948225
2026-05-22 23:00:28,364 [trainer.py] => Trainable params: 87149569
2026-05-22 23:00:28,381 [adam_adapter.py] => Learning on 105-110
2026-05-22 23:02:59,527 [trainer.py] => No NME accuracy.
2026-05-22 23:02:59,541 [trainer.py] => CNN: {'total': 68.43, '00-04': 77.24, '05-09': 63.37, '10-14': 76.92, '15-19': 69.6, '20-24': 78.17, '25-29': 63.29, '30-34': 70.86, '35-39': 70.72, '40-44': 64.38, '45-49': 73.72, '50-54': 69.18, '55-59': 62.76, '60-64': 56.16, '65-69': 67.76, '70-74': 70.4, '75-79': 78.38, '80-84': 66.92, '85-89': 56.67, '90-94': 56.44, '95-99': 76.32, '100-104': 69.08, '105-109': 64.39, 'old': 68.6, 'new': 64.39}
2026-05-22 23:02:59,541 [trainer.py] => CNN top1 curve: [97.24, 87.38, 85.82, 84.33, 82.91, 80.69, 80.44, 78.73, 78.32, 77.02, 76.21, 75.04, 73.76, 72.94, 72.68, 72.34, 71.88, 70.33, 69.41, 69.28, 68.92, 68.43]
2026-05-22 23:02:59,541 [trainer.py] => CNN top5 curve: [100.0, 99.68, 98.58, 96.66, 95.67, 94.54, 94.12, 93.11, 92.5, 91.62, 91.08, 90.76, 89.87, 89.62, 89.32, 89.07, 88.77, 87.57, 87.11, 86.87, 86.61, 85.93]
2026-05-22 23:02:59,542 [trainer.py] => Average Accuracy (CNN): 77.0
2026-05-22 23:02:59,544 [trainer.py] => All params: 172955905
2026-05-22 23:02:59,545 [trainer.py] => Trainable params: 87157249
2026-05-22 23:02:59,562 [adam_adapter.py] => Learning on 110-115
2026-05-22 23:05:30,941 [trainer.py] => No NME accuracy.
2026-05-22 23:05:30,970 [trainer.py] => CNN: {'total': 67.59, '00-04': 77.24, '05-09': 62.79, '10-14': 76.92, '15-19': 68.0, '20-24': 76.76, '25-29': 62.66, '30-34': 70.86, '35-39': 70.17, '40-44': 64.38, '45-49': 73.72, '50-54': 69.18, '55-59': 62.76, '60-64': 54.11, '65-69': 67.76, '70-74': 70.4, '75-79': 78.38, '80-84': 66.92, '85-89': 56.67, '90-94': 56.44, '95-99': 73.68, '100-104': 69.08, '105-109': 63.64, '110-114': 57.14, 'old': 68.03, 'new': 57.14}
2026-05-22 23:05:30,970 [trainer.py] => CNN top1 curve: [97.24, 87.38, 85.82, 84.33, 82.91, 80.69, 80.44, 78.73, 78.32, 77.02, 76.21, 75.04, 73.76, 72.94, 72.68, 72.34, 71.88, 70.33, 69.41, 69.28, 68.92, 68.43, 67.59]
2026-05-22 23:05:30,970 [trainer.py] => CNN top5 curve: [100.0, 99.68, 98.58, 96.66, 95.67, 94.54, 94.12, 93.11, 92.5, 91.62, 91.08, 90.76, 89.87, 89.62, 89.32, 89.07, 88.77, 87.57, 87.11, 86.87, 86.61, 85.93, 85.24]
2026-05-22 23:05:30,970 [trainer.py] => Average Accuracy (CNN): 76.6
2026-05-22 23:05:30,974 [trainer.py] => All params: 172963585
2026-05-22 23:05:30,975 [trainer.py] => Trainable params: 87164929
2026-05-22 23:05:31,010 [adam_adapter.py] => Learning on 115-120
2026-05-22 23:08:27,805 [trainer.py] => No NME accuracy.
2026-05-22 23:08:27,867 [trainer.py] => CNN: {'total': 67.54, '00-04': 77.24, '05-09': 62.79, '10-14': 75.3, '15-19': 68.0, '20-24': 74.65, '25-29': 62.66, '30-34': 70.86, '35-39': 70.17, '40-44': 64.38, '45-49': 73.72, '50-54': 69.18, '55-59': 62.76, '60-64': 54.11, '65-69': 67.11, '70-74': 69.6, '75-79': 78.38, '80-84': 66.15, '85-89': 56.67, '90-94': 56.44, '95-99': 73.68, '100-104': 69.08, '105-109': 62.12, '110-114': 56.43, '115-119': 72.46, 'old': 67.2, 'new': 72.46}
2026-05-22 23:08:27,868 [trainer.py] => CNN top1 curve: [97.24, 87.38, 85.82, 84.33, 82.91, 80.69, 80.44, 78.73, 78.32, 77.02, 76.21, 75.04, 73.76, 72.94, 72.68, 72.34, 71.88, 70.33, 69.41, 69.28, 68.92, 68.43, 67.59, 67.54]
2026-05-22 23:08:27,868 [trainer.py] => CNN top5 curve: [100.0, 99.68, 98.58, 96.66, 95.67, 94.54, 94.12, 93.11, 92.5, 91.62, 91.08, 90.76, 89.87, 89.62, 89.32, 89.07, 88.77, 87.57, 87.11, 86.87, 86.61, 85.93, 85.24, 84.91]
2026-05-22 23:08:27,868 [trainer.py] => Average Accuracy (CNN): 76.22
2026-05-22 23:08:27,870 [trainer.py] => All params: 172971265
2026-05-22 23:08:27,872 [trainer.py] => Trainable params: 87172609
2026-05-22 23:08:27,901 [adam_adapter.py] => Learning on 120-125
2026-05-22 23:11:21,008 [trainer.py] => No NME accuracy.
2026-05-22 23:11:21,033 [trainer.py] => CNN: {'total': 67.12, '00-04': 77.24, '05-09': 62.21, '10-14': 74.09, '15-19': 66.4, '20-24': 74.65, '25-29': 62.66, '30-34': 70.86, '35-39': 70.17, '40-44': 63.7, '45-49': 73.72, '50-54': 68.55, '55-59': 62.76, '60-64': 54.11, '65-69': 67.11, '70-74': 69.6, '75-79': 78.38, '80-84': 65.38, '85-89': 56.67, '90-94': 56.44, '95-99': 73.68, '100-104': 69.08, '105-109': 62.12, '110-114': 55.71, '115-119': 72.46, '120-124': 63.75, 'old': 67.27, 'new': 63.75}
2026-05-22 23:11:21,033 [trainer.py] => CNN top1 curve: [97.24, 87.38, 85.82, 84.33, 82.91, 80.69, 80.44, 78.73, 78.32, 77.02, 76.21, 75.04, 73.76, 72.94, 72.68, 72.34, 71.88, 70.33, 69.41, 69.28, 68.92, 68.43, 67.59, 67.54, 67.12]
2026-05-22 23:11:21,033 [trainer.py] => CNN top5 curve: [100.0, 99.68, 98.58, 96.66, 95.67, 94.54, 94.12, 93.11, 92.5, 91.62, 91.08, 90.76, 89.87, 89.62, 89.32, 89.07, 88.77, 87.57, 87.11, 86.87, 86.61, 85.93, 85.24, 84.91, 84.55]
2026-05-22 23:11:21,033 [trainer.py] => Average Accuracy (CNN): 75.85
2026-05-22 23:11:21,035 [trainer.py] => All params: 172978945
2026-05-22 23:11:21,036 [trainer.py] => Trainable params: 87180289
2026-05-22 23:11:21,058 [adam_adapter.py] => Learning on 125-130
2026-05-22 23:14:09,966 [trainer.py] => No NME accuracy.
2026-05-22 23:14:10,025 [trainer.py] => CNN: {'total': 66.57, '00-04': 77.24, '05-09': 61.63, '10-14': 74.09, '15-19': 66.4, '20-24': 74.65, '25-29': 62.03, '30-34': 70.86, '35-39': 70.17, '40-44': 63.01, '45-49': 73.72, '50-54': 68.55, '55-59': 62.76, '60-64': 53.42, '65-69': 66.45, '70-74': 69.6, '75-79': 78.38, '80-84': 65.38, '85-89': 56.67, '90-94': 54.46, '95-99': 72.37, '100-104': 69.08, '105-109': 62.12, '110-114': 55.0, '115-119': 72.46, '120-124': 63.75, '125-129': 55.86, 'old': 66.89, 'new': 55.86}
2026-05-22 23:14:10,025 [trainer.py] => CNN top1 curve: [97.24, 87.38, 85.82, 84.33, 82.91, 80.69, 80.44, 78.73, 78.32, 77.02, 76.21, 75.04, 73.76, 72.94, 72.68, 72.34, 71.88, 70.33, 69.41, 69.28, 68.92, 68.43, 67.59, 67.54, 67.12, 66.57]
2026-05-22 23:14:10,025 [trainer.py] => CNN top5 curve: [100.0, 99.68, 98.58, 96.66, 95.67, 94.54, 94.12, 93.11, 92.5, 91.62, 91.08, 90.76, 89.87, 89.62, 89.32, 89.07, 88.77, 87.57, 87.11, 86.87, 86.61, 85.93, 85.24, 84.91, 84.55, 84.24]
2026-05-22 23:14:10,026 [trainer.py] => Average Accuracy (CNN): 75.5
2026-05-22 23:14:10,029 [trainer.py] => All params: 172986625
2026-05-22 23:14:10,032 [trainer.py] => Trainable params: 87187969
2026-05-22 23:14:10,068 [adam_adapter.py] => Learning on 130-135
2026-05-22 23:17:08,799 [trainer.py] => No NME accuracy.
2026-05-22 23:17:08,839 [trainer.py] => CNN: {'total': 66.41, '00-04': 77.24, '05-09': 61.63, '10-14': 73.68, '15-19': 65.6, '20-24': 73.94, '25-29': 62.03, '30-34': 70.86, '35-39': 70.17, '40-44': 63.01, '45-49': 73.72, '50-54': 67.92, '55-59': 62.76, '60-64': 53.42, '65-69': 66.45, '70-74': 69.6, '75-79': 78.38, '80-84': 65.38, '85-89': 56.67, '90-94': 54.46, '95-99': 72.37, '100-104': 69.08, '105-109': 62.12, '110-114': 55.0, '115-119': 72.46, '120-124': 63.12, '125-129': 55.86, '130-134': 65.47, 'old': 66.45, 'new': 65.47}
2026-05-22 23:17:08,840 [trainer.py] => CNN top1 curve: [97.24, 87.38, 85.82, 84.33, 82.91, 80.69, 80.44, 78.73, 78.32, 77.02, 76.21, 75.04, 73.76, 72.94, 72.68, 72.34, 71.88, 70.33, 69.41, 69.28, 68.92, 68.43, 67.59, 67.54, 67.12, 66.57, 66.41]
2026-05-22 23:17:08,840 [trainer.py] => CNN top5 curve: [100.0, 99.68, 98.58, 96.66, 95.67, 94.54, 94.12, 93.11, 92.5, 91.62, 91.08, 90.76, 89.87, 89.62, 89.32, 89.07, 88.77, 87.57, 87.11, 86.87, 86.61, 85.93, 85.24, 84.91, 84.55, 84.24, 84.07]
2026-05-22 23:17:08,840 [trainer.py] => Average Accuracy (CNN): 75.16
2026-05-22 23:17:08,843 [trainer.py] => All params: 172994305
2026-05-22 23:17:08,845 [trainer.py] => Trainable params: 87195649
2026-05-22 23:17:08,872 [adam_adapter.py] => Learning on 135-140
2026-05-22 23:20:24,477 [trainer.py] => No NME accuracy.
2026-05-22 23:20:24,501 [trainer.py] => CNN: {'total': 66.3, '00-04': 77.24, '05-09': 61.63, '10-14': 73.28, '15-19': 65.6, '20-24': 73.94, '25-29': 62.03, '30-34': 70.86, '35-39': 70.17, '40-44': 62.33, '45-49': 73.08, '50-54': 67.92, '55-59': 62.76, '60-64': 53.42, '65-69': 66.45, '70-74': 69.6, '75-79': 78.38, '80-84': 64.62, '85-89': 56.67, '90-94': 54.46, '95-99': 72.37, '100-104': 68.42, '105-109': 61.36, '110-114': 55.0, '115-119': 72.46, '120-124': 63.12, '125-129': 55.86, '130-134': 65.47, '135-139': 67.3, 'old': 66.26, 'new': 67.3}
2026-05-22 23:20:24,501 [trainer.py] => CNN top1 curve: [97.24, 87.38, 85.82, 84.33, 82.91, 80.69, 80.44, 78.73, 78.32, 77.02, 76.21, 75.04, 73.76, 72.94, 72.68, 72.34, 71.88, 70.33, 69.41, 69.28, 68.92, 68.43, 67.59, 67.54, 67.12, 66.57, 66.41, 66.3]
2026-05-22 23:20:24,501 [trainer.py] => CNN top5 curve: [100.0, 99.68, 98.58, 96.66, 95.67, 94.54, 94.12, 93.11, 92.5, 91.62, 91.08, 90.76, 89.87, 89.62, 89.32, 89.07, 88.77, 87.57, 87.11, 86.87, 86.61, 85.93, 85.24, 84.91, 84.55, 84.24, 84.07, 83.98]
2026-05-22 23:20:24,501 [trainer.py] => Average Accuracy (CNN): 74.84
2026-05-22 23:20:24,503 [trainer.py] => All params: 173001985
2026-05-22 23:20:24,505 [trainer.py] => Trainable params: 87203329
2026-05-22 23:20:24,527 [adam_adapter.py] => Learning on 140-145
2026-05-22 23:23:48,259 [trainer.py] => No NME accuracy.
2026-05-22 23:23:48,282 [trainer.py] => CNN: {'total': 66.84, '00-04': 77.24, '05-09': 61.05, '10-14': 73.28, '15-19': 65.6, '20-24': 73.94, '25-29': 62.03, '30-34': 70.86, '35-39': 70.17, '40-44': 62.33, '45-49': 73.08, '50-54': 67.92, '55-59': 62.76, '60-64': 53.42, '65-69': 66.45, '70-74': 69.6, '75-79': 78.38, '80-84': 64.62, '85-89': 56.67, '90-94': 53.47, '95-99': 72.37, '100-104': 67.11, '105-109': 61.36, '110-114': 55.0, '115-119': 72.46, '120-124': 63.12, '125-129': 55.86, '130-134': 65.47, '135-139': 67.3, '140-144': 79.9, 'old': 66.21, 'new': 79.9}
2026-05-22 23:23:48,283 [trainer.py] => CNN top1 curve: [97.24, 87.38, 85.82, 84.33, 82.91, 80.69, 80.44, 78.73, 78.32, 77.02, 76.21, 75.04, 73.76, 72.94, 72.68, 72.34, 71.88, 70.33, 69.41, 69.28, 68.92, 68.43, 67.59, 67.54, 67.12, 66.57, 66.41, 66.3, 66.84]
2026-05-22 23:23:48,283 [trainer.py] => CNN top5 curve: [100.0, 99.68, 98.58, 96.66, 95.67, 94.54, 94.12, 93.11, 92.5, 91.62, 91.08, 90.76, 89.87, 89.62, 89.32, 89.07, 88.77, 87.57, 87.11, 86.87, 86.61, 85.93, 85.24, 84.91, 84.55, 84.24, 84.07, 83.98, 84.13]
2026-05-22 23:23:48,283 [trainer.py] => Average Accuracy (CNN): 74.57
2026-05-22 23:23:48,286 [trainer.py] => All params: 173009665
2026-05-22 23:23:48,288 [trainer.py] => Trainable params: 87211009
2026-05-22 23:23:48,319 [adam_adapter.py] => Learning on 145-150
2026-05-22 23:27:14,705 [trainer.py] => No NME accuracy.
2026-05-22 23:27:14,729 [trainer.py] => CNN: {'total': 66.45, '00-04': 77.24, '05-09': 59.88, '10-14': 72.87, '15-19': 65.6, '20-24': 73.94, '25-29': 61.39, '30-34': 70.86, '35-39': 69.61, '40-44': 61.64, '45-49': 72.44, '50-54': 67.92, '55-59': 62.76, '60-64': 52.05, '65-69': 66.45, '70-74': 69.6, '75-79': 78.38, '80-84': 64.62, '85-89': 56.11, '90-94': 53.47, '95-99': 72.37, '100-104': 67.11, '105-109': 61.36, '110-114': 55.0, '115-119': 72.03, '120-124': 63.12, '125-129': 55.86, '130-134': 65.47, '135-139': 67.3, '140-144': 79.9, '145-149': 62.58, 'old': 66.59, 'new': 62.58}
2026-05-22 23:27:14,730 [trainer.py] => CNN top1 curve: [97.24, 87.38, 85.82, 84.33, 82.91, 80.69, 80.44, 78.73, 78.32, 77.02, 76.21, 75.04, 73.76, 72.94, 72.68, 72.34, 71.88, 70.33, 69.41, 69.28, 68.92, 68.43, 67.59, 67.54, 67.12, 66.57, 66.41, 66.3, 66.84, 66.45]
2026-05-22 23:27:14,730 [trainer.py] => CNN top5 curve: [100.0, 99.68, 98.58, 96.66, 95.67, 94.54, 94.12, 93.11, 92.5, 91.62, 91.08, 90.76, 89.87, 89.62, 89.32, 89.07, 88.77, 87.57, 87.11, 86.87, 86.61, 85.93, 85.24, 84.91, 84.55, 84.24, 84.07, 83.98, 84.13, 83.67]
2026-05-22 23:27:14,731 [trainer.py] => Average Accuracy (CNN): 74.3
2026-05-22 23:27:14,735 [trainer.py] => All params: 173017345
2026-05-22 23:27:14,739 [trainer.py] => Trainable params: 87218689
2026-05-22 23:27:14,764 [adam_adapter.py] => Learning on 150-155
2026-05-22 23:30:50,043 [trainer.py] => No NME accuracy.
2026-05-22 23:30:50,073 [trainer.py] => CNN: {'total': 66.23, '00-04': 77.24, '05-09': 59.88, '10-14': 72.47, '15-19': 65.6, '20-24': 73.94, '25-29': 61.39, '30-34': 70.86, '35-39': 69.61, '40-44': 61.64, '45-49': 72.44, '50-54': 67.92, '55-59': 62.76, '60-64': 52.05, '65-69': 65.79, '70-74': 68.0, '75-79': 78.38, '80-84': 64.62, '85-89': 56.11, '90-94': 53.47, '95-99': 72.37, '100-104': 67.11, '105-109': 61.36, '110-114': 55.0, '115-119': 72.03, '120-124': 63.12, '125-129': 55.86, '130-134': 65.47, '135-139': 67.3, '140-144': 78.92, '145-149': 61.96, '150-154': 64.55, 'old': 66.3, 'new': 64.55}
2026-05-22 23:30:50,074 [trainer.py] => CNN top1 curve: [97.24, 87.38, 85.82, 84.33, 82.91, 80.69, 80.44, 78.73, 78.32, 77.02, 76.21, 75.04, 73.76, 72.94, 72.68, 72.34, 71.88, 70.33, 69.41, 69.28, 68.92, 68.43, 67.59, 67.54, 67.12, 66.57, 66.41, 66.3, 66.84, 66.45, 66.23]
2026-05-22 23:30:50,074 [trainer.py] => CNN top5 curve: [100.0, 99.68, 98.58, 96.66, 95.67, 94.54, 94.12, 93.11, 92.5, 91.62, 91.08, 90.76, 89.87, 89.62, 89.32, 89.07, 88.77, 87.57, 87.11, 86.87, 86.61, 85.93, 85.24, 84.91, 84.55, 84.24, 84.07, 83.98, 84.13, 83.67, 83.5]
2026-05-22 23:30:50,075 [trainer.py] => Average Accuracy (CNN): 74.04
2026-05-22 23:30:50,078 [trainer.py] => All params: 173025025
2026-05-22 23:30:50,081 [trainer.py] => Trainable params: 87226369
2026-05-22 23:30:50,110 [adam_adapter.py] => Learning on 155-160
2026-05-22 23:34:27,448 [trainer.py] => No NME accuracy.
2026-05-22 23:34:27,469 [trainer.py] => CNN: {'total': 65.81, '00-04': 77.24, '05-09': 59.88, '10-14': 72.47, '15-19': 65.6, '20-24': 73.94, '25-29': 61.39, '30-34': 70.86, '35-39': 69.06, '40-44': 61.64, '45-49': 72.44, '50-54': 67.92, '55-59': 62.07, '60-64': 52.05, '65-69': 63.82, '70-74': 68.0, '75-79': 77.7, '80-84': 64.62, '85-89': 55.56, '90-94': 51.49, '95-99': 72.37, '100-104': 66.45, '105-109': 61.36, '110-114': 52.14, '115-119': 72.03, '120-124': 61.25, '125-129': 54.95, '130-134': 64.75, '135-139': 67.3, '140-144': 78.92, '145-149': 61.96, '150-154': 64.55, '155-159': 65.32, 'old': 65.83, 'new': 65.32}
2026-05-22 23:34:27,469 [trainer.py] => CNN top1 curve: [97.24, 87.38, 85.82, 84.33, 82.91, 80.69, 80.44, 78.73, 78.32, 77.02, 76.21, 75.04, 73.76, 72.94, 72.68, 72.34, 71.88, 70.33, 69.41, 69.28, 68.92, 68.43, 67.59, 67.54, 67.12, 66.57, 66.41, 66.3, 66.84, 66.45, 66.23, 65.81]
2026-05-22 23:34:27,469 [trainer.py] => CNN top5 curve: [100.0, 99.68, 98.58, 96.66, 95.67, 94.54, 94.12, 93.11, 92.5, 91.62, 91.08, 90.76, 89.87, 89.62, 89.32, 89.07, 88.77, 87.57, 87.11, 86.87, 86.61, 85.93, 85.24, 84.91, 84.55, 84.24, 84.07, 83.98, 84.13, 83.67, 83.5, 83.13]
2026-05-22 23:34:27,470 [trainer.py] => Average Accuracy (CNN): 73.78
2026-05-22 23:34:27,472 [trainer.py] => All params: 173032705
2026-05-22 23:34:27,474 [trainer.py] => Trainable params: 87234049
2026-05-22 23:34:27,499 [adam_adapter.py] => Learning on 160-165
2026-05-22 23:38:00,738 [trainer.py] => No NME accuracy.
2026-05-22 23:38:00,766 [trainer.py] => CNN: {'total': 65.46, '00-04': 76.55, '05-09': 59.3, '10-14': 71.66, '15-19': 65.6, '20-24': 73.94, '25-29': 61.39, '30-34': 70.86, '35-39': 69.06, '40-44': 61.64, '45-49': 69.87, '50-54': 67.3, '55-59': 62.07, '60-64': 52.05, '65-69': 63.82, '70-74': 68.0, '75-79': 77.7, '80-84': 64.62, '85-89': 55.56, '90-94': 51.49, '95-99': 72.37, '100-104': 66.45, '105-109': 61.36, '110-114': 52.14, '115-119': 71.19, '120-124': 61.25, '125-129': 54.95, '130-134': 64.75, '135-139': 67.3, '140-144': 78.43, '145-149': 61.96, '150-154': 64.02, '155-159': 65.32, '160-164': 61.39, 'old': 65.55, 'new': 61.39}
2026-05-22 23:38:00,766 [trainer.py] => CNN top1 curve: [97.24, 87.38, 85.82, 84.33, 82.91, 80.69, 80.44, 78.73, 78.32, 77.02, 76.21, 75.04, 73.76, 72.94, 72.68, 72.34, 71.88, 70.33, 69.41, 69.28, 68.92, 68.43, 67.59, 67.54, 67.12, 66.57, 66.41, 66.3, 66.84, 66.45, 66.23, 65.81, 65.46]
2026-05-22 23:38:00,767 [trainer.py] => CNN top5 curve: [100.0, 99.68, 98.58, 96.66, 95.67, 94.54, 94.12, 93.11, 92.5, 91.62, 91.08, 90.76, 89.87, 89.62, 89.32, 89.07, 88.77, 87.57, 87.11, 86.87, 86.61, 85.93, 85.24, 84.91, 84.55, 84.24, 84.07, 83.98, 84.13, 83.67, 83.5, 83.13, 82.85]
2026-05-22 23:38:00,767 [trainer.py] => Average Accuracy (CNN): 73.53
2026-05-22 23:38:00,771 [trainer.py] => All params: 173040385
2026-05-22 23:38:00,775 [trainer.py] => Trainable params: 87241729
2026-05-22 23:38:00,805 [adam_adapter.py] => Learning on 165-170
2026-05-22 23:41:47,402 [trainer.py] => No NME accuracy.
2026-05-22 23:41:47,429 [trainer.py] => CNN: {'total': 64.62, '00-04': 74.48, '05-09': 59.3, '10-14': 71.26, '15-19': 64.0, '20-24': 73.94, '25-29': 59.49, '30-34': 70.86, '35-39': 67.96, '40-44': 60.27, '45-49': 68.59, '50-54': 67.3, '55-59': 62.07, '60-64': 51.37, '65-69': 63.16, '70-74': 68.0, '75-79': 77.7, '80-84': 64.62, '85-89': 55.0, '90-94': 50.5, '95-99': 72.37, '100-104': 64.47, '105-109': 61.36, '110-114': 52.14, '115-119': 71.19, '120-124': 60.62, '125-129': 54.95, '130-134': 64.75, '135-139': 67.3, '140-144': 77.94, '145-149': 60.74, '150-154': 62.96, '155-159': 64.74, '160-164': 61.39, '165-169': 54.26, 'old': 64.89, 'new': 54.26}
2026-05-22 23:41:47,429 [trainer.py] => CNN top1 curve: [97.24, 87.38, 85.82, 84.33, 82.91, 80.69, 80.44, 78.73, 78.32, 77.02, 76.21, 75.04, 73.76, 72.94, 72.68, 72.34, 71.88, 70.33, 69.41, 69.28, 68.92, 68.43, 67.59, 67.54, 67.12, 66.57, 66.41, 66.3, 66.84, 66.45, 66.23, 65.81, 65.46, 64.62]
2026-05-22 23:41:47,429 [trainer.py] => CNN top5 curve: [100.0, 99.68, 98.58, 96.66, 95.67, 94.54, 94.12, 93.11, 92.5, 91.62, 91.08, 90.76, 89.87, 89.62, 89.32, 89.07, 88.77, 87.57, 87.11, 86.87, 86.61, 85.93, 85.24, 84.91, 84.55, 84.24, 84.07, 83.98, 84.13, 83.67, 83.5, 83.13, 82.85, 82.29]
2026-05-22 23:41:47,429 [trainer.py] => Average Accuracy (CNN): 73.27
2026-05-22 23:41:47,431 [trainer.py] => All params: 173048065
2026-05-22 23:41:47,432 [trainer.py] => Trainable params: 87249409
2026-05-22 23:41:47,454 [adam_adapter.py] => Learning on 170-175
2026-05-22 23:45:36,028 [trainer.py] => No NME accuracy.
2026-05-22 23:45:36,078 [trainer.py] => CNN: {'total': 64.84, '00-04': 74.48, '05-09': 59.3, '10-14': 71.26, '15-19': 64.0, '20-24': 73.24, '25-29': 59.49, '30-34': 70.86, '35-39': 67.96, '40-44': 60.27, '45-49': 68.59, '50-54': 67.3, '55-59': 62.07, '60-64': 51.37, '65-69': 63.16, '70-74': 68.0, '75-79': 77.03, '80-84': 64.62, '85-89': 55.0, '90-94': 50.5, '95-99': 72.37, '100-104': 64.47, '105-109': 61.36, '110-114': 52.14, '115-119': 71.19, '120-124': 60.62, '125-129': 54.05, '130-134': 64.03, '135-139': 67.3, '140-144': 77.45, '145-149': 60.74, '150-154': 62.96, '155-159': 64.74, '160-164': 61.39, '165-169': 52.71, '170-174': 78.63, 'old': 64.49, 'new': 78.63}
2026-05-22 23:45:36,078 [trainer.py] => CNN top1 curve: [97.24, 87.38, 85.82, 84.33, 82.91, 80.69, 80.44, 78.73, 78.32, 77.02, 76.21, 75.04, 73.76, 72.94, 72.68, 72.34, 71.88, 70.33, 69.41, 69.28, 68.92, 68.43, 67.59, 67.54, 67.12, 66.57, 66.41, 66.3, 66.84, 66.45, 66.23, 65.81, 65.46, 64.62, 64.84]
2026-05-22 23:45:36,078 [trainer.py] => CNN top5 curve: [100.0, 99.68, 98.58, 96.66, 95.67, 94.54, 94.12, 93.11, 92.5, 91.62, 91.08, 90.76, 89.87, 89.62, 89.32, 89.07, 88.77, 87.57, 87.11, 86.87, 86.61, 85.93, 85.24, 84.91, 84.55, 84.24, 84.07, 83.98, 84.13, 83.67, 83.5, 83.13, 82.85, 82.29, 82.43]
2026-05-22 23:45:36,079 [trainer.py] => Average Accuracy (CNN): 73.03
2026-05-22 23:45:36,084 [trainer.py] => All params: 173055745
2026-05-22 23:45:36,088 [trainer.py] => Trainable params: 87257089
2026-05-22 23:45:36,113 [adam_adapter.py] => Learning on 175-180
2026-05-22 23:49:28,976 [trainer.py] => No NME accuracy.
2026-05-22 23:49:29,014 [trainer.py] => CNN: {'total': 64.73, '00-04': 74.48, '05-09': 59.3, '10-14': 71.26, '15-19': 64.0, '20-24': 73.24, '25-29': 59.49, '30-34': 70.86, '35-39': 67.96, '40-44': 60.27, '45-49': 68.59, '50-54': 67.3, '55-59': 62.07, '60-64': 51.37, '65-69': 63.16, '70-74': 68.0, '75-79': 76.35, '80-84': 64.62, '85-89': 55.0, '90-94': 48.51, '95-99': 72.37, '100-104': 64.47, '105-109': 61.36, '110-114': 52.14, '115-119': 71.19, '120-124': 60.62, '125-129': 54.05, '130-134': 64.03, '135-139': 67.3, '140-144': 76.96, '145-149': 60.74, '150-154': 62.96, '155-159': 64.74, '160-164': 61.39, '165-169': 51.94, '170-174': 78.63, '175-179': 64.1, 'old': 64.74, 'new': 64.1}
2026-05-22 23:49:29,014 [trainer.py] => CNN top1 curve: [97.24, 87.38, 85.82, 84.33, 82.91, 80.69, 80.44, 78.73, 78.32, 77.02, 76.21, 75.04, 73.76, 72.94, 72.68, 72.34, 71.88, 70.33, 69.41, 69.28, 68.92, 68.43, 67.59, 67.54, 67.12, 66.57, 66.41, 66.3, 66.84, 66.45, 66.23, 65.81, 65.46, 64.62, 64.84, 64.73]
2026-05-22 23:49:29,014 [trainer.py] => CNN top5 curve: [100.0, 99.68, 98.58, 96.66, 95.67, 94.54, 94.12, 93.11, 92.5, 91.62, 91.08, 90.76, 89.87, 89.62, 89.32, 89.07, 88.77, 87.57, 87.11, 86.87, 86.61, 85.93, 85.24, 84.91, 84.55, 84.24, 84.07, 83.98, 84.13, 83.67, 83.5, 83.13, 82.85, 82.29, 82.43, 82.22]
2026-05-22 23:49:29,015 [trainer.py] => Average Accuracy (CNN): 72.79
2026-05-22 23:49:29,016 [trainer.py] => All params: 173063425
2026-05-22 23:49:29,017 [trainer.py] => Trainable params: 87264769
2026-05-22 23:49:29,037 [adam_adapter.py] => Learning on 180-185
2026-05-22 23:53:26,998 [trainer.py] => No NME accuracy.
2026-05-22 23:53:27,053 [trainer.py] => CNN: {'total': 64.32, '00-04': 74.48, '05-09': 58.72, '10-14': 70.85, '15-19': 64.0, '20-24': 71.13, '25-29': 58.86, '30-34': 70.86, '35-39': 67.96, '40-44': 60.27, '45-49': 68.59, '50-54': 66.67, '55-59': 61.38, '60-64': 51.37, '65-69': 63.16, '70-74': 68.0, '75-79': 76.35, '80-84': 64.62, '85-89': 54.44, '90-94': 46.53, '95-99': 71.05, '100-104': 63.16, '105-109': 61.36, '110-114': 52.14, '115-119': 70.34, '120-124': 60.62, '125-129': 54.05, '130-134': 64.03, '135-139': 67.3, '140-144': 76.96, '145-149': 60.12, '150-154': 62.96, '155-159': 64.74, '160-164': 61.39, '165-169': 51.94, '170-174': 77.86, '175-179': 63.25, '180-184': 62.07, 'old': 64.38, 'new': 62.07}
2026-05-22 23:53:27,053 [trainer.py] => CNN top1 curve: [97.24, 87.38, 85.82, 84.33, 82.91, 80.69, 80.44, 78.73, 78.32, 77.02, 76.21, 75.04, 73.76, 72.94, 72.68, 72.34, 71.88, 70.33, 69.41, 69.28, 68.92, 68.43, 67.59, 67.54, 67.12, 66.57, 66.41, 66.3, 66.84, 66.45, 66.23, 65.81, 65.46, 64.62, 64.84, 64.73, 64.32]
2026-05-22 23:53:27,053 [trainer.py] => CNN top5 curve: [100.0, 99.68, 98.58, 96.66, 95.67, 94.54, 94.12, 93.11, 92.5, 91.62, 91.08, 90.76, 89.87, 89.62, 89.32, 89.07, 88.77, 87.57, 87.11, 86.87, 86.61, 85.93, 85.24, 84.91, 84.55, 84.24, 84.07, 83.98, 84.13, 83.67, 83.5, 83.13, 82.85, 82.29, 82.43, 82.22, 81.85]
2026-05-22 23:53:27,053 [trainer.py] => Average Accuracy (CNN): 72.57
2026-05-22 23:53:27,056 [trainer.py] => All params: 173071105
2026-05-22 23:53:27,057 [trainer.py] => Trainable params: 87272449
2026-05-22 23:53:27,160 [adam_adapter.py] => Learning on 185-190
2026-05-22 23:57:31,478 [trainer.py] => No NME accuracy.
2026-05-22 23:57:31,507 [trainer.py] => CNN: {'total': 64.09, '00-04': 74.48, '05-09': 58.72, '10-14': 70.85, '15-19': 64.0, '20-24': 71.13, '25-29': 58.23, '30-34': 70.86, '35-39': 67.96, '40-44': 60.27, '45-49': 68.59, '50-54': 64.15, '55-59': 60.69, '60-64': 51.37, '65-69': 63.16, '70-74': 68.0, '75-79': 75.68, '80-84': 64.62, '85-89': 54.44, '90-94': 46.53, '95-99': 71.05, '100-104': 63.16, '105-109': 61.36, '110-114': 52.14, '115-119': 70.34, '120-124': 60.62, '125-129': 54.05, '130-134': 63.31, '135-139': 67.3, '140-144': 76.96, '145-149': 59.51, '150-154': 62.96, '155-159': 64.74, '160-164': 61.39, '165-169': 51.16, '170-174': 76.34, '175-179': 63.25, '180-184': 61.38, '185-189': 64.42, 'old': 64.09, 'new': 64.42}
2026-05-22 23:57:31,507 [trainer.py] => CNN top1 curve: [97.24, 87.38, 85.82, 84.33, 82.91, 80.69, 80.44, 78.73, 78.32, 77.02, 76.21, 75.04, 73.76, 72.94, 72.68, 72.34, 71.88, 70.33, 69.41, 69.28, 68.92, 68.43, 67.59, 67.54, 67.12, 66.57, 66.41, 66.3, 66.84, 66.45, 66.23, 65.81, 65.46, 64.62, 64.84, 64.73, 64.32, 64.09]
2026-05-22 23:57:31,507 [trainer.py] => CNN top5 curve: [100.0, 99.68, 98.58, 96.66, 95.67, 94.54, 94.12, 93.11, 92.5, 91.62, 91.08, 90.76, 89.87, 89.62, 89.32, 89.07, 88.77, 87.57, 87.11, 86.87, 86.61, 85.93, 85.24, 84.91, 84.55, 84.24, 84.07, 83.98, 84.13, 83.67, 83.5, 83.13, 82.85, 82.29, 82.43, 82.22, 81.85, 81.64]
2026-05-22 23:57:31,507 [trainer.py] => Average Accuracy (CNN): 72.34
2026-05-22 23:57:31,509 [trainer.py] => All params: 173078785
2026-05-22 23:57:31,510 [trainer.py] => Trainable params: 87280129
2026-05-22 23:57:31,548 [adam_adapter.py] => Learning on 190-195
2026-05-23 00:01:41,503 [trainer.py] => No NME accuracy.
2026-05-23 00:01:41,534 [trainer.py] => CNN: {'total': 63.86, '00-04': 74.48, '05-09': 58.72, '10-14': 70.85, '15-19': 64.0, '20-24': 71.13, '25-29': 58.23, '30-34': 68.87, '35-39': 67.96, '40-44': 60.27, '45-49': 68.59, '50-54': 64.15, '55-59': 60.69, '60-64': 51.37, '65-69': 63.16, '70-74': 68.0, '75-79': 75.68, '80-84': 64.62, '85-89': 53.89, '90-94': 46.53, '95-99': 71.05, '100-104': 62.5, '105-109': 61.36, '110-114': 51.43, '115-119': 70.34, '120-124': 60.62, '125-129': 54.05, '130-134': 63.31, '135-139': 66.67, '140-144': 75.98, '145-149': 59.51, '150-154': 62.96, '155-159': 64.74, '160-164': 61.39, '165-169': 51.16, '170-174': 76.34, '175-179': 63.25, '180-184': 61.38, '185-189': 64.42, '190-194': 61.04, 'old': 63.94, 'new': 61.04}
2026-05-23 00:01:41,534 [trainer.py] => CNN top1 curve: [97.24, 87.38, 85.82, 84.33, 82.91, 80.69, 80.44, 78.73, 78.32, 77.02, 76.21, 75.04, 73.76, 72.94, 72.68, 72.34, 71.88, 70.33, 69.41, 69.28, 68.92, 68.43, 67.59, 67.54, 67.12, 66.57, 66.41, 66.3, 66.84, 66.45, 66.23, 65.81, 65.46, 64.62, 64.84, 64.73, 64.32, 64.09, 63.86]
2026-05-23 00:01:41,534 [trainer.py] => CNN top5 curve: [100.0, 99.68, 98.58, 96.66, 95.67, 94.54, 94.12, 93.11, 92.5, 91.62, 91.08, 90.76, 89.87, 89.62, 89.32, 89.07, 88.77, 87.57, 87.11, 86.87, 86.61, 85.93, 85.24, 84.91, 84.55, 84.24, 84.07, 83.98, 84.13, 83.67, 83.5, 83.13, 82.85, 82.29, 82.43, 82.22, 81.85, 81.64, 81.52]
2026-05-23 00:01:41,534 [trainer.py] => Average Accuracy (CNN): 72.13
2026-05-23 00:01:41,536 [trainer.py] => All params: 173086465
2026-05-23 00:01:41,537 [trainer.py] => Trainable params: 87287809
2026-05-23 00:01:41,560 [adam_adapter.py] => Learning on 195-200
2026-05-23 00:05:57,463 [trainer.py] => No NME accuracy.
2026-05-23 00:05:57,483 [trainer.py] => CNN: {'total': 63.95, '00-04': 74.48, '05-09': 58.72, '10-14': 70.85, '15-19': 64.0, '20-24': 71.13, '25-29': 58.23, '30-34': 68.87, '35-39': 67.96, '40-44': 60.27, '45-49': 68.59, '50-54': 64.15, '55-59': 60.69, '60-64': 51.37, '65-69': 63.16, '70-74': 68.0, '75-79': 75.68, '80-84': 64.62, '85-89': 53.33, '90-94': 46.53, '95-99': 71.05, '100-104': 62.5, '105-109': 61.36, '110-114': 51.43, '115-119': 70.34, '120-124': 60.62, '125-129': 54.05, '130-134': 63.31, '135-139': 66.67, '140-144': 75.49, '145-149': 59.51, '150-154': 62.96, '155-159': 64.74, '160-164': 61.39, '165-169': 47.29, '170-174': 76.34, '175-179': 63.25, '180-184': 61.38, '185-189': 64.42, '190-194': 61.04, '195-199': 74.36, 'old': 63.74, 'new': 74.36}
2026-05-23 00:05:57,483 [trainer.py] => CNN top1 curve: [97.24, 87.38, 85.82, 84.33, 82.91, 80.69, 80.44, 78.73, 78.32, 77.02, 76.21, 75.04, 73.76, 72.94, 72.68, 72.34, 71.88, 70.33, 69.41, 69.28, 68.92, 68.43, 67.59, 67.54, 67.12, 66.57, 66.41, 66.3, 66.84, 66.45, 66.23, 65.81, 65.46, 64.62, 64.84, 64.73, 64.32, 64.09, 63.86, 63.95]
2026-05-23 00:05:57,483 [trainer.py] => CNN top5 curve: [100.0, 99.68, 98.58, 96.66, 95.67, 94.54, 94.12, 93.11, 92.5, 91.62, 91.08, 90.76, 89.87, 89.62, 89.32, 89.07, 88.77, 87.57, 87.11, 86.87, 86.61, 85.93, 85.24, 84.91, 84.55, 84.24, 84.07, 83.98, 84.13, 83.67, 83.5, 83.13, 82.85, 82.29, 82.43, 82.22, 81.85, 81.64, 81.52, 81.48]
2026-05-23 00:05:57,484 [trainer.py] => Average Accuracy (CNN): 71.92
