2026-05-25 07:01:58,097 [trainer.py] => config: ./configs/aper/aper_adapter_ina_B100_Inc10.json
2026-05-25 07:01:58,097 [trainer.py] => prefix: exp
2026-05-25 07:01:58,097 [trainer.py] => dataset: imageneta
2026-05-25 07:01:58,098 [trainer.py] => memory_size: 0
2026-05-25 07:01:58,098 [trainer.py] => memory_per_class: 0
2026-05-25 07:01:58,098 [trainer.py] => fixed_memory: False
2026-05-25 07:01:58,098 [trainer.py] => shuffle: True
2026-05-25 07:01:58,098 [trainer.py] => init_cls: 100
2026-05-25 07:01:58,098 [trainer.py] => increment: 10
2026-05-25 07:01:58,098 [trainer.py] => model_name: adam_adapter
2026-05-25 07:01:58,098 [trainer.py] => backbone_type: pretrained_vit_b16_224_in21k_adapter
2026-05-25 07:01:58,099 [trainer.py] => weight_decay: 0.0005
2026-05-25 07:01:58,099 [trainer.py] => prompt_token_num: 30
2026-05-25 07:01:58,099 [trainer.py] => ffn_num: 64
2026-05-25 07:01:58,099 [trainer.py] => optimizer: sgd
2026-05-25 07:01:58,099 [trainer.py] => min_lr: 0
2026-05-25 07:01:58,099 [trainer.py] => device: [device(type='cuda', index=3)]
2026-05-25 07:01:58,099 [trainer.py] => seed: 1993
2026-05-25 07:01:58,099 [trainer.py] => tuned_epoch: 20
2026-05-25 07:01:58,100 [trainer.py] => init_lr: 0.01
2026-05-25 07:01:58,100 [trainer.py] => batch_size: 48
2026-05-25 07:01:58,100 [trainer.py] => nb_classes: 200
2026-05-25 07:01:58,100 [trainer.py] => nb_tasks: 11
2026-05-25 07:01:58,593 [data_manager.py] => [168, 136, 51, 9, 183, 101, 171, 99, 42, 159, 191, 70, 16, 188, 27, 10, 175, 26, 68, 187, 98, 6, 85, 35, 112, 43, 100, 0, 103, 181, 88, 59, 4, 2, 116, 174, 94, 80, 106, 1, 147, 17, 141, 131, 72, 23, 173, 54, 197, 118, 87, 32, 79, 104, 91, 19, 135, 107, 178, 36, 11, 199, 142, 8, 122, 3, 28, 57, 153, 172, 190, 56, 49, 44, 97, 62, 151, 169, 194, 55, 192, 12, 189, 78, 66, 180, 15, 137, 109, 134, 92, 119, 126, 52, 170, 40, 148, 65, 144, 64, 138, 45, 77, 89, 154, 90, 71, 193, 74, 30, 113, 143, 96, 84, 67, 50, 186, 156, 69, 21, 18, 111, 108, 58, 125, 157, 150, 110, 182, 129, 166, 83, 81, 60, 13, 165, 14, 176, 63, 117, 5, 22, 145, 121, 38, 41, 82, 127, 114, 20, 31, 53, 37, 163, 196, 130, 152, 162, 86, 76, 24, 34, 184, 149, 33, 128, 198, 155, 146, 167, 139, 120, 140, 102, 47, 25, 158, 123, 46, 164, 61, 7, 115, 75, 133, 160, 105, 132, 179, 124, 48, 73, 93, 39, 95, 195, 29, 177, 185, 161]
2026-05-25 07:02:04,306 [trainer.py] => All params: 86988288
2026-05-25 07:02:04,307 [trainer.py] => Trainable params: 1189632
2026-05-25 07:02:04,312 [adam_adapter.py] => Learning on 0-100
2026-05-25 07:36:58,855 [adam_adapter.py] => Task 0, Epoch 20/20 => Loss 1.284, Train_accy 73.71, Test_accy 72.06
2026-05-25 07:39:02,499 [trainer.py] => No NME accuracy.
2026-05-25 07:39:02,526 [trainer.py] => CNN: {'total': 67.3, '00-99': 67.3, 'old': 0, 'new': 67.3}
2026-05-25 07:39:02,526 [trainer.py] => CNN top1 curve: [67.3]
2026-05-25 07:39:02,526 [trainer.py] => CNN top5 curve: [89.3]
2026-05-25 07:39:02,526 [trainer.py] => Average Accuracy (CNN): 67.3
2026-05-25 07:39:02,528 [trainer.py] => All params: 172940545
2026-05-25 07:39:02,529 [trainer.py] => Trainable params: 87141889
2026-05-25 07:39:02,542 [adam_adapter.py] => Learning on 100-110
2026-05-25 07:39:35,299 [trainer.py] => No NME accuracy.
2026-05-25 07:39:35,300 [trainer.py] => CNN: {'total': 66.26, '00-99': 65.87, '100-109': 71.67, 'old': 65.87, 'new': 71.67}
2026-05-25 07:39:35,300 [trainer.py] => CNN top1 curve: [67.3, 66.26]
2026-05-25 07:39:35,300 [trainer.py] => CNN top5 curve: [89.3, 88.9]
2026-05-25 07:39:35,301 [trainer.py] => Average Accuracy (CNN): 66.78
2026-05-25 07:39:35,305 [trainer.py] => All params: 172955905
2026-05-25 07:39:35,308 [trainer.py] => Trainable params: 87157249
2026-05-25 07:39:35,328 [adam_adapter.py] => Learning on 110-120
2026-05-25 07:40:10,494 [trainer.py] => No NME accuracy.
2026-05-25 07:40:10,513 [trainer.py] => CNN: {'total': 65.54, '00-99': 65.28, '100-109': 71.67, '110-119': 63.51, 'old': 65.7, 'new': 63.51}
2026-05-25 07:40:10,514 [trainer.py] => CNN top1 curve: [67.3, 66.26, 65.54]
2026-05-25 07:40:10,514 [trainer.py] => CNN top5 curve: [89.3, 88.9, 87.9]
2026-05-25 07:40:10,514 [trainer.py] => Average Accuracy (CNN): 66.37
2026-05-25 07:40:10,516 [trainer.py] => All params: 172971265
2026-05-25 07:40:10,517 [trainer.py] => Trainable params: 87172609
2026-05-25 07:40:10,529 [adam_adapter.py] => Learning on 120-130
2026-05-25 07:40:46,688 [trainer.py] => No NME accuracy.
2026-05-25 07:40:46,689 [trainer.py] => CNN: {'total': 63.86, '00-99': 63.97, '100-109': 70.0, '110-119': 63.51, '120-129': 56.67, 'old': 64.31, 'new': 56.67}
2026-05-25 07:40:46,689 [trainer.py] => CNN top1 curve: [67.3, 66.26, 65.54, 63.86]
2026-05-25 07:40:46,689 [trainer.py] => CNN top5 curve: [89.3, 88.9, 87.9, 86.38]
2026-05-25 07:40:46,689 [trainer.py] => Average Accuracy (CNN): 65.74
2026-05-25 07:40:46,694 [trainer.py] => All params: 172986625
2026-05-25 07:40:46,698 [trainer.py] => Trainable params: 87187969
2026-05-25 07:40:46,717 [adam_adapter.py] => Learning on 130-140
2026-05-25 07:41:26,323 [trainer.py] => No NME accuracy.
2026-05-25 07:41:26,350 [trainer.py] => CNN: {'total': 62.62, '00-99': 62.66, '100-109': 70.0, '110-119': 63.51, '120-129': 55.0, '130-139': 61.63, 'old': 62.71, 'new': 61.63}
2026-05-25 07:41:26,350 [trainer.py] => CNN top1 curve: [67.3, 66.26, 65.54, 63.86, 62.62]
2026-05-25 07:41:26,351 [trainer.py] => CNN top5 curve: [89.3, 88.9, 87.9, 86.38, 85.55]
2026-05-25 07:41:26,351 [trainer.py] => Average Accuracy (CNN): 65.12
2026-05-25 07:41:26,353 [trainer.py] => All params: 173001985
2026-05-25 07:41:26,355 [trainer.py] => Trainable params: 87203329
2026-05-25 07:41:26,373 [adam_adapter.py] => Learning on 140-150
2026-05-25 07:42:08,680 [trainer.py] => No NME accuracy.
2026-05-25 07:42:08,681 [trainer.py] => CNN: {'total': 61.32, '00-99': 61.59, '100-109': 68.33, '110-119': 63.51, '120-129': 55.0, '130-139': 60.47, '140-149': 56.58, 'old': 61.64, 'new': 56.58}
2026-05-25 07:42:08,681 [trainer.py] => CNN top1 curve: [67.3, 66.26, 65.54, 63.86, 62.62, 61.32]
2026-05-25 07:42:08,681 [trainer.py] => CNN top5 curve: [89.3, 88.9, 87.9, 86.38, 85.55, 85.05]
2026-05-25 07:42:08,681 [trainer.py] => Average Accuracy (CNN): 64.48
2026-05-25 07:42:08,685 [trainer.py] => All params: 173017345
2026-05-25 07:42:08,690 [trainer.py] => Trainable params: 87218689
2026-05-25 07:42:08,707 [adam_adapter.py] => Learning on 150-160
2026-05-25 07:42:49,453 [trainer.py] => No NME accuracy.
2026-05-25 07:42:49,493 [trainer.py] => CNN: {'total': 60.1, '00-99': 61.12, '100-109': 68.33, '110-119': 63.51, '120-129': 51.67, '130-139': 60.47, '140-149': 56.58, '150-159': 43.14, 'old': 60.82, 'new': 43.14}
2026-05-25 07:42:49,493 [trainer.py] => CNN top1 curve: [67.3, 66.26, 65.54, 63.86, 62.62, 61.32, 60.1]
2026-05-25 07:42:49,493 [trainer.py] => CNN top5 curve: [89.3, 88.9, 87.9, 86.38, 85.55, 85.05, 84.05]
2026-05-25 07:42:49,493 [trainer.py] => Average Accuracy (CNN): 63.86
2026-05-25 07:42:49,495 [trainer.py] => All params: 173032705
2026-05-25 07:42:49,496 [trainer.py] => Trainable params: 87234049
2026-05-25 07:42:49,513 [adam_adapter.py] => Learning on 160-170
2026-05-25 07:43:35,658 [trainer.py] => No NME accuracy.
2026-05-25 07:43:35,659 [trainer.py] => CNN: {'total': 58.81, '00-99': 60.52, '100-109': 68.33, '110-119': 63.51, '120-129': 51.67, '130-139': 59.3, '140-149': 55.26, '150-159': 43.14, '160-169': 48.24, 'old': 59.54, 'new': 48.24}
2026-05-25 07:43:35,659 [trainer.py] => CNN top1 curve: [67.3, 66.26, 65.54, 63.86, 62.62, 61.32, 60.1, 58.81]
2026-05-25 07:43:35,659 [trainer.py] => CNN top5 curve: [89.3, 88.9, 87.9, 86.38, 85.55, 85.05, 84.05, 83.2]
2026-05-25 07:43:35,660 [trainer.py] => Average Accuracy (CNN): 63.23
2026-05-25 07:43:35,664 [trainer.py] => All params: 173048065
2026-05-25 07:43:35,668 [trainer.py] => Trainable params: 87249409
2026-05-25 07:43:35,684 [adam_adapter.py] => Learning on 170-180
2026-05-25 07:44:22,081 [trainer.py] => No NME accuracy.
2026-05-25 07:44:22,107 [trainer.py] => CNN: {'total': 57.49, '00-99': 59.93, '100-109': 68.33, '110-119': 60.81, '120-129': 51.67, '130-139': 59.3, '140-149': 55.26, '150-159': 43.14, '160-169': 48.24, '170-179': 40.32, 'old': 58.29, 'new': 40.32}
2026-05-25 07:44:22,107 [trainer.py] => CNN top1 curve: [67.3, 66.26, 65.54, 63.86, 62.62, 61.32, 60.1, 58.81, 57.49]
2026-05-25 07:44:22,107 [trainer.py] => CNN top5 curve: [89.3, 88.9, 87.9, 86.38, 85.55, 85.05, 84.05, 83.2, 82.51]
2026-05-25 07:44:22,107 [trainer.py] => Average Accuracy (CNN): 62.59
2026-05-25 07:44:22,109 [trainer.py] => All params: 173063425
2026-05-25 07:44:22,110 [trainer.py] => Trainable params: 87264769
2026-05-25 07:44:22,130 [adam_adapter.py] => Learning on 180-190
2026-05-25 07:45:06,964 [trainer.py] => No NME accuracy.
2026-05-25 07:45:06,964 [trainer.py] => CNN: {'total': 57.18, '00-99': 59.81, '100-109': 68.33, '110-119': 60.81, '120-129': 50.0, '130-139': 59.3, '140-149': 55.26, '150-159': 43.14, '160-169': 48.24, '170-179': 40.32, '180-189': 51.28, 'old': 57.35, 'new': 51.28}
2026-05-25 07:45:06,964 [trainer.py] => CNN top1 curve: [67.3, 66.26, 65.54, 63.86, 62.62, 61.32, 60.1, 58.81, 57.49, 57.18]
2026-05-25 07:45:06,964 [trainer.py] => CNN top5 curve: [89.3, 88.9, 87.9, 86.38, 85.55, 85.05, 84.05, 83.2, 82.51, 82.01]
2026-05-25 07:45:06,964 [trainer.py] => Average Accuracy (CNN): 62.05
2026-05-25 07:45:06,967 [trainer.py] => All params: 173078785
2026-05-25 07:45:06,969 [trainer.py] => Trainable params: 87280129
2026-05-25 07:45:06,987 [adam_adapter.py] => Learning on 190-200
2026-05-25 07:45:59,391 [trainer.py] => No NME accuracy.
2026-05-25 07:45:59,423 [trainer.py] => CNN: {'total': 56.68, '00-99': 59.45, '100-109': 65.0, '110-119': 59.46, '120-129': 50.0, '130-139': 59.3, '140-149': 55.26, '150-159': 43.14, '160-169': 48.24, '170-179': 37.1, '180-189': 51.28, '190-199': 57.65, 'old': 56.62, 'new': 57.65}
2026-05-25 07:45:59,423 [trainer.py] => CNN top1 curve: [67.3, 66.26, 65.54, 63.86, 62.62, 61.32, 60.1, 58.81, 57.49, 57.18, 56.68]
2026-05-25 07:45:59,423 [trainer.py] => CNN top5 curve: [89.3, 88.9, 87.9, 86.38, 85.55, 85.05, 84.05, 83.2, 82.51, 82.01, 80.97]
2026-05-25 07:45:59,423 [trainer.py] => Average Accuracy (CNN): 61.56
