2026-05-23 00:43:29,160 [trainer.py] => config: ./configs/simplecil/simplecil_cifar_B0_Inc20.json
2026-05-23 00:43:29,160 [trainer.py] => prefix:  
2026-05-23 00:43:29,161 [trainer.py] => dataset: cifar224
2026-05-23 00:43:29,161 [trainer.py] => memory_size: 0
2026-05-23 00:43:29,161 [trainer.py] => memory_per_class: 0
2026-05-23 00:43:29,161 [trainer.py] => fixed_memory: False
2026-05-23 00:43:29,161 [trainer.py] => shuffle: True
2026-05-23 00:43:29,161 [trainer.py] => init_cls: 20
2026-05-23 00:43:29,161 [trainer.py] => increment: 20
2026-05-23 00:43:29,161 [trainer.py] => model_name: simplecil
2026-05-23 00:43:29,161 [trainer.py] => backbone_type: pretrained_vit_b16_224_in21k
2026-05-23 00:43:29,161 [trainer.py] => device: [device(type='cuda', index=2)]
2026-05-23 00:43:29,161 [trainer.py] => seed: 42
2026-05-23 00:43:29,161 [trainer.py] => tuned_epoch: 0
2026-05-23 00:43:29,161 [trainer.py] => init_lr: 0.01
2026-05-23 00:43:29,161 [trainer.py] => batch_size: 48
2026-05-23 00:43:29,162 [trainer.py] => weight_decay: 0.05
2026-05-23 00:43:29,162 [trainer.py] => min_lr: 1e-08
2026-05-23 00:43:29,162 [trainer.py] => optimizer: sgd
2026-05-23 00:43:29,162 [trainer.py] => vpt_type: shallow
2026-05-23 00:43:29,162 [trainer.py] => prompt_token_num: 3
2026-05-23 00:43:31,894 [data_manager.py] => [83, 53, 70, 45, 44, 39, 22, 80, 10, 0, 18, 30, 73, 33, 90, 4, 76, 77, 12, 31, 55, 88, 26, 42, 69, 15, 40, 96, 9, 72, 11, 47, 85, 28, 93, 5, 66, 65, 35, 16, 49, 34, 7, 95, 27, 19, 81, 25, 62, 13, 24, 3, 17, 38, 8, 78, 6, 64, 36, 89, 56, 99, 54, 43, 50, 67, 46, 68, 61, 97, 79, 41, 58, 48, 98, 57, 75, 32, 94, 59, 63, 84, 37, 29, 1, 52, 21, 2, 23, 87, 91, 74, 86, 82, 20, 60, 71, 14, 92, 51]
2026-05-23 00:44:34,260 [trainer.py] => All params: 85798656
2026-05-23 00:44:34,297 [trainer.py] => Trainable params: 85798656
2026-05-23 00:44:34,959 [simplecil.py] => Learning on 0-20
2026-05-23 00:48:01,663 [trainer.py] => No NME accuracy.
2026-05-23 00:48:01,677 [trainer.py] => CNN: {'total': 90.65, '00-19': 90.65, 'old': 0, 'new': 90.65}
2026-05-23 00:48:01,678 [trainer.py] => CNN top1 curve: [90.65]
2026-05-23 00:48:01,678 [trainer.py] => CNN top5 curve: [98.7]
2026-05-23 00:48:01,678 [trainer.py] => Average Accuracy (CNN): 90.65
2026-05-23 00:48:01,679 [trainer.py] => All params: 85814017
2026-05-23 00:48:01,680 [trainer.py] => Trainable params: 85814017
2026-05-23 00:48:01,706 [simplecil.py] => Learning on 20-40
2026-05-23 00:52:05,885 [trainer.py] => No NME accuracy.
2026-05-23 00:52:05,906 [trainer.py] => CNN: {'total': 85.55, '00-19': 87.45, '20-39': 83.65, 'old': 87.45, 'new': 83.65}
2026-05-23 00:52:05,906 [trainer.py] => CNN top1 curve: [90.65, 85.55]
2026-05-23 00:52:05,906 [trainer.py] => CNN top5 curve: [98.7, 96.85]
2026-05-23 00:52:05,907 [trainer.py] => Average Accuracy (CNN): 88.1
2026-05-23 00:52:05,909 [trainer.py] => All params: 85829377
2026-05-23 00:52:05,911 [trainer.py] => Trainable params: 85829377
2026-05-23 00:52:05,943 [simplecil.py] => Learning on 40-60
2026-05-23 00:57:07,416 [trainer.py] => No NME accuracy.
2026-05-23 00:57:07,475 [trainer.py] => CNN: {'total': 84.77, '00-19': 85.35, '20-39': 81.55, '40-59': 87.4, 'old': 83.45, 'new': 87.4}
2026-05-23 00:57:07,475 [trainer.py] => CNN top1 curve: [90.65, 85.55, 84.77]
2026-05-23 00:57:07,475 [trainer.py] => CNN top5 curve: [98.7, 96.85, 96.3]
2026-05-23 00:57:07,475 [trainer.py] => Average Accuracy (CNN): 86.99
2026-05-23 00:57:07,476 [trainer.py] => All params: 85844737
2026-05-23 00:57:07,477 [trainer.py] => Trainable params: 85844737
2026-05-23 00:57:07,500 [simplecil.py] => Learning on 60-80
2026-05-23 01:02:13,717 [trainer.py] => No NME accuracy.
2026-05-23 01:02:13,751 [trainer.py] => CNN: {'total': 83.34, '00-19': 83.1, '20-39': 78.95, '40-59': 85.6, '60-79': 85.7, 'old': 82.55, 'new': 85.7}
2026-05-23 01:02:13,752 [trainer.py] => CNN top1 curve: [90.65, 85.55, 84.77, 83.34]
2026-05-23 01:02:13,752 [trainer.py] => CNN top5 curve: [98.7, 96.85, 96.3, 95.9]
2026-05-23 01:02:13,752 [trainer.py] => Average Accuracy (CNN): 86.08
2026-05-23 01:02:13,754 [trainer.py] => All params: 85860097
2026-05-23 01:02:13,755 [trainer.py] => Trainable params: 85860097
2026-05-23 01:02:13,786 [simplecil.py] => Learning on 80-100
2026-05-23 01:08:29,226 [trainer.py] => No NME accuracy.
2026-05-23 01:08:29,246 [trainer.py] => CNN: {'total': 81.28, '00-19': 81.8, '20-39': 76.35, '40-59': 83.4, '60-79': 84.45, '80-99': 80.4, 'old': 81.5, 'new': 80.4}
2026-05-23 01:08:29,246 [trainer.py] => CNN top1 curve: [90.65, 85.55, 84.77, 83.34, 81.28]
2026-05-23 01:08:29,246 [trainer.py] => CNN top5 curve: [98.7, 96.85, 96.3, 95.9, 95.01]
2026-05-23 01:08:29,247 [trainer.py] => Average Accuracy (CNN): 85.12
