2026-05-23 01:08:29,283 [trainer.py] => config: ./configs/simplecil/simplecil_cifar_B0_Inc20.json
2026-05-23 01:08:29,283 [trainer.py] => prefix:  
2026-05-23 01:08:29,283 [trainer.py] => dataset: cifar224
2026-05-23 01:08:29,283 [trainer.py] => memory_size: 0
2026-05-23 01:08:29,283 [trainer.py] => memory_per_class: 0
2026-05-23 01:08:29,283 [trainer.py] => fixed_memory: False
2026-05-23 01:08:29,283 [trainer.py] => shuffle: True
2026-05-23 01:08:29,283 [trainer.py] => init_cls: 20
2026-05-23 01:08:29,283 [trainer.py] => increment: 20
2026-05-23 01:08:29,283 [trainer.py] => model_name: simplecil
2026-05-23 01:08:29,283 [trainer.py] => backbone_type: pretrained_vit_b16_224_in21k
2026-05-23 01:08:29,283 [trainer.py] => device: [device(type='cuda', index=2)]
2026-05-23 01:08:29,283 [trainer.py] => seed: 1993
2026-05-23 01:08:29,283 [trainer.py] => tuned_epoch: 0
2026-05-23 01:08:29,284 [trainer.py] => init_lr: 0.01
2026-05-23 01:08:29,284 [trainer.py] => batch_size: 48
2026-05-23 01:08:29,284 [trainer.py] => weight_decay: 0.05
2026-05-23 01:08:29,284 [trainer.py] => min_lr: 1e-08
2026-05-23 01:08:29,284 [trainer.py] => optimizer: sgd
2026-05-23 01:08:29,284 [trainer.py] => vpt_type: shallow
2026-05-23 01:08:29,284 [trainer.py] => prompt_token_num: 3
2026-05-23 01:08:29,284 [trainer.py] => nb_classes: 100
2026-05-23 01:08:29,284 [trainer.py] => nb_tasks: 5
2026-05-23 01:08:32,265 [data_manager.py] => [68, 56, 78, 8, 23, 84, 90, 65, 74, 76, 40, 89, 3, 92, 55, 9, 26, 80, 43, 38, 58, 70, 77, 1, 85, 19, 17, 50, 28, 53, 13, 81, 45, 82, 6, 59, 83, 16, 15, 44, 91, 41, 72, 60, 79, 52, 20, 10, 31, 54, 37, 95, 14, 71, 96, 98, 97, 2, 64, 66, 42, 22, 35, 86, 24, 34, 87, 21, 99, 0, 88, 27, 18, 94, 11, 12, 47, 25, 30, 46, 62, 69, 36, 61, 7, 63, 75, 5, 32, 4, 51, 48, 73, 93, 39, 67, 29, 49, 57, 33]
2026-05-23 01:08:39,942 [trainer.py] => All params: 85798656
2026-05-23 01:08:39,960 [trainer.py] => Trainable params: 85798656
2026-05-23 01:08:39,979 [simplecil.py] => Learning on 0-20
2026-05-23 01:12:19,448 [trainer.py] => No NME accuracy.
2026-05-23 01:12:19,536 [trainer.py] => CNN: {'total': 92.2, '00-19': 92.2, 'old': 0, 'new': 92.2}
2026-05-23 01:12:19,536 [trainer.py] => CNN top1 curve: [92.2]
2026-05-23 01:12:19,537 [trainer.py] => CNN top5 curve: [98.7]
2026-05-23 01:12:19,537 [trainer.py] => Average Accuracy (CNN): 92.2
2026-05-23 01:12:19,539 [trainer.py] => All params: 85814017
2026-05-23 01:12:19,540 [trainer.py] => Trainable params: 85814017
2026-05-23 01:12:19,558 [simplecil.py] => Learning on 20-40
2026-05-23 01:16:17,400 [trainer.py] => No NME accuracy.
2026-05-23 01:16:17,415 [trainer.py] => CNN: {'total': 89.12, '00-19': 88.6, '20-39': 89.65, 'old': 88.6, 'new': 89.65}
2026-05-23 01:16:17,416 [trainer.py] => CNN top1 curve: [92.2, 89.12]
2026-05-23 01:16:17,416 [trainer.py] => CNN top5 curve: [98.7, 97.92]
2026-05-23 01:16:17,416 [trainer.py] => Average Accuracy (CNN): 90.66
2026-05-23 01:16:17,419 [trainer.py] => All params: 85829377
2026-05-23 01:16:17,421 [trainer.py] => Trainable params: 85829377
2026-05-23 01:16:17,445 [simplecil.py] => Learning on 40-60
2026-05-23 01:20:46,034 [trainer.py] => No NME accuracy.
2026-05-23 01:20:46,053 [trainer.py] => CNN: {'total': 85.47, '00-19': 85.95, '20-39': 86.5, '40-59': 83.95, 'old': 86.22, 'new': 83.95}
2026-05-23 01:20:46,053 [trainer.py] => CNN top1 curve: [92.2, 89.12, 85.47]
2026-05-23 01:20:46,054 [trainer.py] => CNN top5 curve: [98.7, 97.92, 96.63]
2026-05-23 01:20:46,054 [trainer.py] => Average Accuracy (CNN): 88.93
2026-05-23 01:20:46,056 [trainer.py] => All params: 85844737
2026-05-23 01:20:46,058 [trainer.py] => Trainable params: 85844737
2026-05-23 01:20:46,081 [simplecil.py] => Learning on 60-80
2026-05-23 01:25:40,843 [trainer.py] => No NME accuracy.
2026-05-23 01:25:40,866 [trainer.py] => CNN: {'total': 82.55, '00-19': 83.75, '20-39': 85.95, '40-59': 80.05, '60-79': 80.45, 'old': 83.25, 'new': 80.45}
2026-05-23 01:25:40,866 [trainer.py] => CNN top1 curve: [92.2, 89.12, 85.47, 82.55]
2026-05-23 01:25:40,866 [trainer.py] => CNN top5 curve: [98.7, 97.92, 96.63, 95.81]
2026-05-23 01:25:40,866 [trainer.py] => Average Accuracy (CNN): 87.34
2026-05-23 01:25:40,868 [trainer.py] => All params: 85860097
2026-05-23 01:25:40,868 [trainer.py] => Trainable params: 85860097
2026-05-23 01:25:40,885 [simplecil.py] => Learning on 80-100
2026-05-23 01:30:44,280 [trainer.py] => No NME accuracy.
2026-05-23 01:30:44,325 [trainer.py] => CNN: {'total': 81.28, '00-19': 81.7, '20-39': 84.7, '40-59': 78.4, '60-79': 79.1, '80-99': 82.5, 'old': 80.97, 'new': 82.5}
2026-05-23 01:30:44,326 [trainer.py] => CNN top1 curve: [92.2, 89.12, 85.47, 82.55, 81.28]
2026-05-23 01:30:44,326 [trainer.py] => CNN top5 curve: [98.7, 97.92, 96.63, 95.81, 95.01]
2026-05-23 01:30:44,326 [trainer.py] => Average Accuracy (CNN): 86.12
