2026-05-23 07:28:35,474 [trainer.py] => config: ./configs/simplecil/simplecil_cub_B0_Inc40.json
2026-05-23 07:28:35,475 [trainer.py] => prefix:  
2026-05-23 07:28:35,475 [trainer.py] => dataset: cub
2026-05-23 07:28:35,475 [trainer.py] => memory_size: 0
2026-05-23 07:28:35,476 [trainer.py] => memory_per_class: 0
2026-05-23 07:28:35,476 [trainer.py] => fixed_memory: False
2026-05-23 07:28:35,477 [trainer.py] => shuffle: True
2026-05-23 07:28:35,477 [trainer.py] => init_cls: 40
2026-05-23 07:28:35,477 [trainer.py] => increment: 40
2026-05-23 07:28:35,477 [trainer.py] => model_name: simplecil
2026-05-23 07:28:35,477 [trainer.py] => backbone_type: pretrained_vit_b16_224_in21k
2026-05-23 07:28:35,477 [trainer.py] => device: [device(type='cuda', index=2)]
2026-05-23 07:28:35,478 [trainer.py] => seed: 42
2026-05-23 07:28:35,478 [trainer.py] => tuned_epoch: 0
2026-05-23 07:28:35,478 [trainer.py] => init_lr: 0.01
2026-05-23 07:28:35,478 [trainer.py] => batch_size: 48
2026-05-23 07:28:35,478 [trainer.py] => weight_decay: 0.05
2026-05-23 07:28:35,478 [trainer.py] => min_lr: 1e-08
2026-05-23 07:28:35,479 [trainer.py] => optimizer: sgd
2026-05-23 07:28:35,479 [trainer.py] => vpt_type: shallow
2026-05-23 07:28:35,479 [trainer.py] => prompt_token_num: 3
2026-05-23 07:28:36,352 [data_manager.py] => [95, 15, 30, 158, 128, 115, 69, 170, 174, 45, 66, 182, 165, 78, 186, 177, 56, 152, 82, 68, 124, 16, 148, 93, 65, 60, 84, 67, 125, 132, 9, 18, 55, 75, 150, 104, 135, 137, 164, 76, 79, 197, 38, 24, 122, 195, 29, 19, 143, 86, 114, 173, 5, 126, 117, 73, 140, 98, 172, 96, 169, 97, 31, 12, 35, 119, 42, 189, 90, 136, 51, 127, 162, 41, 118, 113, 26, 139, 100, 111, 2, 77, 46, 187, 191, 85, 161, 36, 190, 61, 22, 141, 101, 33, 11, 194, 159, 6, 27, 120, 4, 32, 142, 145, 109, 144, 10, 62, 112, 146, 166, 0, 198, 153, 70, 123, 64, 44, 163, 28, 40, 108, 155, 156, 25, 23, 184, 147, 81, 39, 168, 47, 94, 154, 43, 138, 3, 105, 53, 133, 180, 178, 185, 49, 80, 34, 7, 110, 91, 83, 176, 181, 89, 8, 13, 59, 171, 131, 17, 72, 175, 134, 167, 183, 63, 54, 107, 50, 196, 58, 48, 88, 21, 57, 160, 192, 129, 37, 157, 193, 1, 52, 149, 130, 151, 103, 99, 116, 87, 74, 121, 199, 20, 188, 71, 106, 14, 92, 179, 102]
2026-05-23 07:29:53,151 [trainer.py] => All params: 85798656
2026-05-23 07:29:53,166 [trainer.py] => Trainable params: 85798656
2026-05-23 07:29:53,845 [simplecil.py] => Learning on 0-40
2026-05-23 07:30:56,161 [trainer.py] => No NME accuracy.
2026-05-23 07:30:56,189 [trainer.py] => CNN: {'total': 96.0, '00-39': 96.0, 'old': 0, 'new': 96.0}
2026-05-23 07:30:56,189 [trainer.py] => CNN top1 curve: [96.0]
2026-05-23 07:30:56,189 [trainer.py] => CNN top5 curve: [100.0]
2026-05-23 07:30:56,190 [trainer.py] => Average Accuracy (CNN): 96.0
2026-05-23 07:30:56,192 [trainer.py] => All params: 85829377
2026-05-23 07:30:56,194 [trainer.py] => Trainable params: 85829377
2026-05-23 07:30:56,216 [simplecil.py] => Learning on 40-80
2026-05-23 07:31:59,222 [trainer.py] => No NME accuracy.
2026-05-23 07:31:59,223 [trainer.py] => CNN: {'total': 92.63, '00-39': 94.95, '40-79': 90.24, 'old': 94.95, 'new': 90.24}
2026-05-23 07:31:59,223 [trainer.py] => CNN top1 curve: [96.0, 92.63]
2026-05-23 07:31:59,223 [trainer.py] => CNN top5 curve: [100.0, 98.61]
2026-05-23 07:31:59,224 [trainer.py] => Average Accuracy (CNN): 94.32
2026-05-23 07:31:59,226 [trainer.py] => All params: 85860097
2026-05-23 07:31:59,227 [trainer.py] => Trainable params: 85860097
2026-05-23 07:31:59,253 [simplecil.py] => Learning on 80-120
2026-05-23 07:33:09,263 [trainer.py] => No NME accuracy.
2026-05-23 07:33:09,279 [trainer.py] => CNN: {'total': 88.89, '00-39': 93.26, '40-79': 85.25, '80-119': 88.03, 'old': 89.32, 'new': 88.03}
2026-05-23 07:33:09,280 [trainer.py] => CNN top1 curve: [96.0, 92.63, 88.89]
2026-05-23 07:33:09,280 [trainer.py] => CNN top5 curve: [100.0, 98.61, 98.43]
2026-05-23 07:33:09,280 [trainer.py] => Average Accuracy (CNN): 92.51
2026-05-23 07:33:09,281 [trainer.py] => All params: 85890817
2026-05-23 07:33:09,282 [trainer.py] => Trainable params: 85890817
2026-05-23 07:33:09,308 [simplecil.py] => Learning on 120-160
2026-05-23 07:34:25,943 [trainer.py] => No NME accuracy.
2026-05-23 07:34:25,954 [trainer.py] => CNN: {'total': 88.27, '00-39': 92.21, '40-79': 82.21, '80-119': 87.18, '120-159': 91.48, 'old': 87.25, 'new': 91.48}
2026-05-23 07:34:25,955 [trainer.py] => CNN top1 curve: [96.0, 92.63, 88.89, 88.27]
2026-05-23 07:34:25,955 [trainer.py] => CNN top5 curve: [100.0, 98.61, 98.43, 98.43]
2026-05-23 07:34:25,956 [trainer.py] => Average Accuracy (CNN): 91.45
2026-05-23 07:34:25,958 [trainer.py] => All params: 85921537
2026-05-23 07:34:25,960 [trainer.py] => Trainable params: 85921537
2026-05-23 07:34:25,982 [simplecil.py] => Learning on 160-200
2026-05-23 07:35:48,731 [trainer.py] => No NME accuracy.
2026-05-23 07:35:48,741 [trainer.py] => CNN: {'total': 86.77, '00-39': 91.58, '40-79': 81.34, '80-119': 84.4, '120-159': 88.12, '160-199': 88.19, 'old': 86.38, 'new': 88.19}
2026-05-23 07:35:48,741 [trainer.py] => CNN top1 curve: [96.0, 92.63, 88.89, 88.27, 86.77]
2026-05-23 07:35:48,741 [trainer.py] => CNN top5 curve: [100.0, 98.61, 98.43, 98.43, 98.18]
2026-05-23 07:35:48,742 [trainer.py] => Average Accuracy (CNN): 90.51
