2026-05-23 09:00:42,087 [trainer.py] => config: ./configs/simplecil/simplecil_cub_B100_Inc10.json
2026-05-23 09:00:42,099 [trainer.py] => prefix:  
2026-05-23 09:00:42,099 [trainer.py] => dataset: cub
2026-05-23 09:00:42,099 [trainer.py] => memory_size: 0
2026-05-23 09:00:42,099 [trainer.py] => memory_per_class: 0
2026-05-23 09:00:42,099 [trainer.py] => fixed_memory: False
2026-05-23 09:00:42,099 [trainer.py] => shuffle: True
2026-05-23 09:00:42,099 [trainer.py] => init_cls: 100
2026-05-23 09:00:42,099 [trainer.py] => increment: 10
2026-05-23 09:00:42,099 [trainer.py] => model_name: simplecil
2026-05-23 09:00:42,099 [trainer.py] => backbone_type: pretrained_vit_b16_224_in21k
2026-05-23 09:00:42,100 [trainer.py] => device: [device(type='cuda', index=2)]
2026-05-23 09:00:42,100 [trainer.py] => seed: 42
2026-05-23 09:00:42,100 [trainer.py] => tuned_epoch: 0
2026-05-23 09:00:42,100 [trainer.py] => init_lr: 0.01
2026-05-23 09:00:42,100 [trainer.py] => batch_size: 256
2026-05-23 09:00:42,100 [trainer.py] => weight_decay: 0.05
2026-05-23 09:00:42,100 [trainer.py] => min_lr: 1e-08
2026-05-23 09:00:42,100 [trainer.py] => optimizer: sgd
2026-05-23 09:00:42,100 [trainer.py] => vpt_type: shallow
2026-05-23 09:00:42,101 [trainer.py] => prompt_token_num: 3
2026-05-23 09:00:42,761 [data_manager.py] => [95, 15, 30, 158, 128, 115, 69, 170, 174, 45, 66, 182, 165, 78, 186, 177, 56, 152, 82, 68, 124, 16, 148, 93, 65, 60, 84, 67, 125, 132, 9, 18, 55, 75, 150, 104, 135, 137, 164, 76, 79, 197, 38, 24, 122, 195, 29, 19, 143, 86, 114, 173, 5, 126, 117, 73, 140, 98, 172, 96, 169, 97, 31, 12, 35, 119, 42, 189, 90, 136, 51, 127, 162, 41, 118, 113, 26, 139, 100, 111, 2, 77, 46, 187, 191, 85, 161, 36, 190, 61, 22, 141, 101, 33, 11, 194, 159, 6, 27, 120, 4, 32, 142, 145, 109, 144, 10, 62, 112, 146, 166, 0, 198, 153, 70, 123, 64, 44, 163, 28, 40, 108, 155, 156, 25, 23, 184, 147, 81, 39, 168, 47, 94, 154, 43, 138, 3, 105, 53, 133, 180, 178, 185, 49, 80, 34, 7, 110, 91, 83, 176, 181, 89, 8, 13, 59, 171, 131, 17, 72, 175, 134, 167, 183, 63, 54, 107, 50, 196, 58, 48, 88, 21, 57, 160, 192, 129, 37, 157, 193, 1, 52, 149, 130, 151, 103, 99, 116, 87, 74, 121, 199, 20, 188, 71, 106, 14, 92, 179, 102]
2026-05-23 09:01:47,967 [trainer.py] => All params: 85798656
2026-05-23 09:01:47,968 [trainer.py] => Trainable params: 85798656
2026-05-23 09:01:48,649 [simplecil.py] => Learning on 0-100
2026-05-23 09:04:00,788 [trainer.py] => No NME accuracy.
2026-05-23 09:04:00,815 [trainer.py] => CNN: {'total': 91.55, '00-99': 91.55, 'old': 0, 'new': 91.55}
2026-05-23 09:04:00,815 [trainer.py] => CNN top1 curve: [91.55]
2026-05-23 09:04:00,815 [trainer.py] => CNN top5 curve: [98.72]
2026-05-23 09:04:00,816 [trainer.py] => Average Accuracy (CNN): 91.55
2026-05-23 09:04:00,817 [trainer.py] => All params: 85875457
2026-05-23 09:04:00,817 [trainer.py] => Trainable params: 85875457
2026-05-23 09:04:00,833 [simplecil.py] => Learning on 100-110
2026-05-23 09:05:04,357 [trainer.py] => No NME accuracy.
2026-05-23 09:05:04,358 [trainer.py] => CNN: {'total': 89.21, '00-99': 90.61, '100-109': 73.83, 'old': 90.61, 'new': 73.83}
2026-05-23 09:05:04,359 [trainer.py] => CNN top1 curve: [91.55, 89.21]
2026-05-23 09:05:04,359 [trainer.py] => CNN top5 curve: [98.72, 98.44]
2026-05-23 09:05:04,359 [trainer.py] => Average Accuracy (CNN): 90.38
2026-05-23 09:05:04,360 [trainer.py] => All params: 85883137
2026-05-23 09:05:04,361 [trainer.py] => Trainable params: 85883137
2026-05-23 09:05:04,381 [simplecil.py] => Learning on 110-120
2026-05-23 09:06:10,470 [trainer.py] => No NME accuracy.
2026-05-23 09:06:10,513 [trainer.py] => CNN: {'total': 88.89, '00-99': 90.1, '100-109': 73.83, '110-119': 90.4, 'old': 88.74, 'new': 90.4}
2026-05-23 09:06:10,514 [trainer.py] => CNN top1 curve: [91.55, 89.21, 88.89]
2026-05-23 09:06:10,514 [trainer.py] => CNN top5 curve: [98.72, 98.44, 98.43]
2026-05-23 09:06:10,514 [trainer.py] => Average Accuracy (CNN): 89.88
2026-05-23 09:06:10,515 [trainer.py] => All params: 85890817
2026-05-23 09:06:10,515 [trainer.py] => Trainable params: 85890817
2026-05-23 09:06:10,537 [simplecil.py] => Learning on 120-130
2026-05-23 09:07:14,995 [trainer.py] => No NME accuracy.
2026-05-23 09:07:14,996 [trainer.py] => CNN: {'total': 88.48, '00-99': 89.68, '100-109': 73.83, '110-119': 90.4, '120-129': 87.83, 'old': 88.53, 'new': 87.83}
2026-05-23 09:07:14,996 [trainer.py] => CNN top1 curve: [91.55, 89.21, 88.89, 88.48]
2026-05-23 09:07:14,997 [trainer.py] => CNN top5 curve: [98.72, 98.44, 98.43, 98.49]
2026-05-23 09:07:14,997 [trainer.py] => Average Accuracy (CNN): 89.53
2026-05-23 09:07:14,999 [trainer.py] => All params: 85898497
2026-05-23 09:07:15,001 [trainer.py] => Trainable params: 85898497
2026-05-23 09:07:15,020 [simplecil.py] => Learning on 130-140
2026-05-23 09:08:22,679 [trainer.py] => No NME accuracy.
2026-05-23 09:08:22,699 [trainer.py] => CNN: {'total': 88.78, '00-99': 89.33, '100-109': 73.83, '110-119': 89.6, '120-129': 87.83, '130-139': 96.69, 'old': 88.15, 'new': 96.69}
2026-05-23 09:08:22,700 [trainer.py] => CNN top1 curve: [91.55, 89.21, 88.89, 88.48, 88.78]
2026-05-23 09:08:22,700 [trainer.py] => CNN top5 curve: [98.72, 98.44, 98.43, 98.49, 98.48]
2026-05-23 09:08:22,700 [trainer.py] => Average Accuracy (CNN): 89.38
2026-05-23 09:08:22,702 [trainer.py] => All params: 85906177
2026-05-23 09:08:22,704 [trainer.py] => Trainable params: 85906177
2026-05-23 09:08:22,726 [simplecil.py] => Learning on 140-150
2026-05-23 09:09:29,132 [trainer.py] => No NME accuracy.
2026-05-23 09:09:29,133 [trainer.py] => CNN: {'total': 88.52, '00-99': 88.82, '100-109': 72.9, '110-119': 89.6, '120-129': 86.96, '130-139': 96.69, '140-149': 92.16, 'old': 88.29, 'new': 92.16}
2026-05-23 09:09:29,134 [trainer.py] => CNN top1 curve: [91.55, 89.21, 88.89, 88.48, 88.78, 88.52]
2026-05-23 09:09:29,134 [trainer.py] => CNN top5 curve: [98.72, 98.44, 98.43, 98.49, 98.48, 98.39]
2026-05-23 09:09:29,134 [trainer.py] => Average Accuracy (CNN): 89.24
2026-05-23 09:09:29,136 [trainer.py] => All params: 85913857
2026-05-23 09:09:29,138 [trainer.py] => Trainable params: 85913857
2026-05-23 09:09:29,154 [simplecil.py] => Learning on 150-160
2026-05-23 09:10:40,798 [trainer.py] => No NME accuracy.
2026-05-23 09:10:40,833 [trainer.py] => CNN: {'total': 88.27, '00-99': 88.31, '100-109': 72.9, '110-119': 89.6, '120-129': 86.96, '130-139': 95.87, '140-149': 92.16, '150-159': 90.74, 'old': 88.12, 'new': 90.74}
2026-05-23 09:10:40,833 [trainer.py] => CNN top1 curve: [91.55, 89.21, 88.89, 88.48, 88.78, 88.52, 88.27]
2026-05-23 09:10:40,833 [trainer.py] => CNN top5 curve: [98.72, 98.44, 98.43, 98.49, 98.48, 98.39, 98.43]
2026-05-23 09:10:40,834 [trainer.py] => Average Accuracy (CNN): 89.1
2026-05-23 09:10:40,835 [trainer.py] => All params: 85921537
2026-05-23 09:10:40,835 [trainer.py] => Trainable params: 85921537
2026-05-23 09:10:40,858 [simplecil.py] => Learning on 160-170
2026-05-23 09:11:52,470 [trainer.py] => No NME accuracy.
2026-05-23 09:11:52,471 [trainer.py] => CNN: {'total': 86.91, '00-99': 87.88, '100-109': 72.9, '110-119': 88.8, '120-129': 86.96, '130-139': 95.87, '140-149': 83.33, '150-159': 90.74, '160-169': 78.51, 'old': 87.46, 'new': 78.51}
2026-05-23 09:11:52,471 [trainer.py] => CNN top1 curve: [91.55, 89.21, 88.89, 88.48, 88.78, 88.52, 88.27, 86.91]
2026-05-23 09:11:52,471 [trainer.py] => CNN top5 curve: [98.72, 98.44, 98.43, 98.49, 98.48, 98.39, 98.43, 98.17]
2026-05-23 09:11:52,472 [trainer.py] => Average Accuracy (CNN): 88.83
2026-05-23 09:11:52,474 [trainer.py] => All params: 85929217
2026-05-23 09:11:52,475 [trainer.py] => Trainable params: 85929217
2026-05-23 09:11:52,498 [simplecil.py] => Learning on 170-180
2026-05-23 09:13:03,480 [trainer.py] => No NME accuracy.
2026-05-23 09:13:03,524 [trainer.py] => CNN: {'total': 86.54, '00-99': 87.63, '100-109': 72.9, '110-119': 88.8, '120-129': 86.96, '130-139': 95.04, '140-149': 83.33, '150-159': 89.81, '160-169': 78.51, '170-179': 84.62, 'old': 86.66, 'new': 84.62}
2026-05-23 09:13:03,525 [trainer.py] => CNN top1 curve: [91.55, 89.21, 88.89, 88.48, 88.78, 88.52, 88.27, 86.91, 86.54]
2026-05-23 09:13:03,525 [trainer.py] => CNN top5 curve: [98.72, 98.44, 98.43, 98.49, 98.48, 98.39, 98.43, 98.17, 98.18]
2026-05-23 09:13:03,525 [trainer.py] => Average Accuracy (CNN): 88.57
2026-05-23 09:13:03,527 [trainer.py] => All params: 85936897
2026-05-23 09:13:03,528 [trainer.py] => Trainable params: 85936897
2026-05-23 09:13:03,556 [simplecil.py] => Learning on 180-190
2026-05-23 09:14:20,883 [trainer.py] => No NME accuracy.
2026-05-23 09:14:20,893 [trainer.py] => CNN: {'total': 86.82, '00-99': 87.37, '100-109': 72.9, '110-119': 88.8, '120-129': 86.09, '130-139': 95.04, '140-149': 83.33, '150-159': 89.81, '160-169': 78.51, '170-179': 84.62, '180-189': 93.66, 'old': 86.35, 'new': 93.66}
2026-05-23 09:14:20,893 [trainer.py] => CNN top1 curve: [91.55, 89.21, 88.89, 88.48, 88.78, 88.52, 88.27, 86.91, 86.54, 86.82]
2026-05-23 09:14:20,893 [trainer.py] => CNN top5 curve: [98.72, 98.44, 98.43, 98.49, 98.48, 98.39, 98.43, 98.17, 98.18, 98.21]
2026-05-23 09:14:20,894 [trainer.py] => Average Accuracy (CNN): 88.4
2026-05-23 09:14:20,895 [trainer.py] => All params: 85944577
2026-05-23 09:14:20,896 [trainer.py] => Trainable params: 85944577
2026-05-23 09:14:20,918 [simplecil.py] => Learning on 190-200
2026-05-23 09:15:32,610 [trainer.py] => No NME accuracy.
2026-05-23 09:15:32,639 [trainer.py] => CNN: {'total': 86.77, '00-99': 87.29, '100-109': 72.9, '110-119': 83.2, '120-129': 85.22, '130-139': 95.04, '140-149': 83.33, '150-159': 87.96, '160-169': 78.51, '170-179': 84.62, '180-189': 93.66, '190-199': 94.53, 'old': 86.32, 'new': 94.53}
2026-05-23 09:15:32,639 [trainer.py] => CNN top1 curve: [91.55, 89.21, 88.89, 88.48, 88.78, 88.52, 88.27, 86.91, 86.54, 86.82, 86.77]
2026-05-23 09:15:32,639 [trainer.py] => CNN top5 curve: [98.72, 98.44, 98.43, 98.49, 98.48, 98.39, 98.43, 98.17, 98.18, 98.21, 98.18]
2026-05-23 09:15:32,640 [trainer.py] => Average Accuracy (CNN): 88.25
