2026-05-24 12:55:59,404 [trainer.py] => config: ./configs/simplecil/simplecil_omn_B150_Inc10.json
2026-05-24 12:55:59,405 [trainer.py] => prefix:  
2026-05-24 12:55:59,405 [trainer.py] => dataset: omnibenchmark
2026-05-24 12:55:59,405 [trainer.py] => memory_size: 0
2026-05-24 12:55:59,405 [trainer.py] => memory_per_class: 0
2026-05-24 12:55:59,405 [trainer.py] => fixed_memory: False
2026-05-24 12:55:59,405 [trainer.py] => shuffle: True
2026-05-24 12:55:59,405 [trainer.py] => init_cls: 150
2026-05-24 12:55:59,405 [trainer.py] => increment: 10
2026-05-24 12:55:59,405 [trainer.py] => model_name: simplecil
2026-05-24 12:55:59,405 [trainer.py] => backbone_type: pretrained_vit_b16_224_in21k
2026-05-24 12:55:59,405 [trainer.py] => device: [device(type='cuda', index=2)]
2026-05-24 12:55:59,405 [trainer.py] => seed: 1993
2026-05-24 12:55:59,405 [trainer.py] => tuned_epoch: 0
2026-05-24 12:55:59,405 [trainer.py] => init_lr: 0.01
2026-05-24 12:55:59,405 [trainer.py] => batch_size: 48
2026-05-24 12:55:59,405 [trainer.py] => weight_decay: 0.05
2026-05-24 12:55:59,406 [trainer.py] => min_lr: 1e-08
2026-05-24 12:55:59,406 [trainer.py] => optimizer: sgd
2026-05-24 12:55:59,406 [trainer.py] => vpt_type: shallow
2026-05-24 12:55:59,406 [trainer.py] => prompt_token_num: 3
2026-05-24 12:55:59,406 [trainer.py] => nb_classes: 300
2026-05-24 12:55:59,406 [trainer.py] => nb_tasks: 16
2026-05-24 12:56:00,584 [data_manager.py] => [169, 221, 146, 296, 92, 229, 49, 70, 126, 77, 243, 57, 120, 223, 27, 217, 154, 8, 101, 182, 54, 50, 97, 162, 28, 193, 79, 6, 151, 0, 173, 187, 44, 277, 157, 16, 257, 122, 35, 9, 171, 176, 134, 4, 87, 255, 112, 153, 246, 286, 147, 186, 107, 98, 10, 7, 266, 214, 36, 165, 139, 254, 103, 269, 59, 23, 298, 39, 73, 208, 135, 299, 102, 20, 12, 268, 11, 209, 161, 210, 74, 42, 56, 99, 235, 133, 159, 189, 145, 238, 215, 241, 138, 195, 233, 279, 88, 199, 64, 280, 26, 203, 17, 245, 174, 236, 137, 252, 80, 68, 181, 150, 118, 94, 75, 2, 109, 119, 232, 15, 69, 184, 201, 261, 55, 287, 273, 66, 175, 32, 142, 136, 116, 76, 179, 1, 91, 248, 275, 240, 290, 170, 132, 106, 265, 270, 85, 19, 284, 43, 259, 293, 228, 200, 104, 227, 51, 224, 163, 297, 216, 260, 93, 46, 100, 272, 105, 72, 131, 3, 156, 256, 249, 48, 113, 82, 172, 213, 62, 53, 271, 168, 253, 226, 183, 180, 276, 283, 78, 61, 143, 278, 30, 141, 196, 264, 231, 52, 222, 40, 125, 219, 65, 166, 192, 289, 45, 205, 89, 267, 90, 71, 167, 262, 281, 212, 96, 84, 127, 67, 294, 178, 288, 197, 21, 18, 111, 108, 58, 230, 188, 31, 110, 291, 129, 24, 204, 83, 81, 251, 60, 13, 128, 14, 86, 63, 117, 198, 274, 5, 22, 144, 258, 121, 38, 207, 148, 292, 41, 234, 237, 114, 202, 37, 149, 206, 155, 29, 130, 177, 194, 152, 34, 33, 239, 160, 140, 47, 244, 25, 282, 158, 211, 123, 190, 218, 164, 247, 263, 191, 220, 115, 242, 250, 124, 295, 95, 285, 225, 185]
2026-05-24 12:56:04,456 [trainer.py] => All params: 85798656
2026-05-24 12:56:04,457 [trainer.py] => Trainable params: 85798656
2026-05-24 12:56:04,466 [simplecil.py] => Learning on 0-150
2026-05-24 13:09:03,554 [trainer.py] => No NME accuracy.
2026-05-24 13:09:03,586 [trainer.py] => CNN: {'total': 79.53, '00-149': 79.53, 'old': 0, 'new': 79.53}
2026-05-24 13:09:03,587 [trainer.py] => CNN top1 curve: [79.53]
2026-05-24 13:09:03,587 [trainer.py] => CNN top5 curve: [94.69]
2026-05-24 13:09:03,587 [trainer.py] => Average Accuracy (CNN): 79.53
2026-05-24 13:09:03,587 [trainer.py] => All params: 85913857
2026-05-24 13:09:03,588 [trainer.py] => Trainable params: 85913857
2026-05-24 13:09:03,600 [simplecil.py] => Learning on 150-160
2026-05-24 13:10:34,553 [trainer.py] => No NME accuracy.
2026-05-24 13:10:34,553 [trainer.py] => CNN: {'total': 79.3, '00-149': 79.23, '150-159': 80.4, 'old': 79.23, 'new': 80.4}
2026-05-24 13:10:34,553 [trainer.py] => CNN top1 curve: [79.53, 79.3]
2026-05-24 13:10:34,553 [trainer.py] => CNN top5 curve: [94.69, 94.33]
2026-05-24 13:10:34,553 [trainer.py] => Average Accuracy (CNN): 79.41
2026-05-24 13:10:34,554 [trainer.py] => All params: 85921537
2026-05-24 13:10:34,554 [trainer.py] => Trainable params: 85921537
2026-05-24 13:10:34,572 [simplecil.py] => Learning on 160-170
2026-05-24 13:12:15,461 [trainer.py] => No NME accuracy.
2026-05-24 13:12:15,461 [trainer.py] => CNN: {'total': 78.48, '00-149': 78.66, '150-159': 80.4, '160-169': 73.87, 'old': 78.77, 'new': 73.87}
2026-05-24 13:12:15,461 [trainer.py] => CNN top1 curve: [79.53, 79.3, 78.48]
2026-05-24 13:12:15,461 [trainer.py] => CNN top5 curve: [94.69, 94.33, 93.6]
2026-05-24 13:12:15,462 [trainer.py] => Average Accuracy (CNN): 79.1
2026-05-24 13:12:15,462 [trainer.py] => All params: 85929217
2026-05-24 13:12:15,463 [trainer.py] => Trainable params: 85929217
2026-05-24 13:12:15,485 [simplecil.py] => Learning on 170-180
2026-05-24 13:14:02,907 [trainer.py] => No NME accuracy.
2026-05-24 13:14:02,939 [trainer.py] => CNN: {'total': 76.73, '00-149': 77.52, '150-159': 79.9, '160-169': 73.37, '170-179': 65.0, 'old': 77.42, 'new': 65.0}
2026-05-24 13:14:02,939 [trainer.py] => CNN top1 curve: [79.53, 79.3, 78.48, 76.73]
2026-05-24 13:14:02,939 [trainer.py] => CNN top5 curve: [94.69, 94.33, 93.6, 93.26]
2026-05-24 13:14:02,939 [trainer.py] => Average Accuracy (CNN): 78.51
2026-05-24 13:14:02,940 [trainer.py] => All params: 85936897
2026-05-24 13:14:02,941 [trainer.py] => Trainable params: 85936897
2026-05-24 13:14:02,962 [simplecil.py] => Learning on 180-190
2026-05-24 13:15:55,480 [trainer.py] => No NME accuracy.
2026-05-24 13:15:55,480 [trainer.py] => CNN: {'total': 76.17, '00-149': 77.22, '150-159': 77.39, '160-169': 73.37, '170-179': 65.0, '180-189': 73.23, 'old': 76.34, 'new': 73.23}
2026-05-24 13:15:55,480 [trainer.py] => CNN top1 curve: [79.53, 79.3, 78.48, 76.73, 76.17]
2026-05-24 13:15:55,480 [trainer.py] => CNN top5 curve: [94.69, 94.33, 93.6, 93.26, 93.14]
2026-05-24 13:15:55,480 [trainer.py] => Average Accuracy (CNN): 78.04
2026-05-24 13:15:55,481 [trainer.py] => All params: 85944577
2026-05-24 13:15:55,482 [trainer.py] => Trainable params: 85944577
2026-05-24 13:15:55,498 [simplecil.py] => Learning on 190-200
2026-05-24 13:17:49,834 [trainer.py] => No NME accuracy.
2026-05-24 13:17:49,834 [trainer.py] => CNN: {'total': 76.32, '00-149': 76.85, '150-159': 77.39, '160-169': 72.36, '170-179': 65.0, '180-189': 72.73, '190-199': 86.0, 'old': 75.8, 'new': 86.0}
2026-05-24 13:17:49,835 [trainer.py] => CNN top1 curve: [79.53, 79.3, 78.48, 76.73, 76.17, 76.32]
2026-05-24 13:17:49,835 [trainer.py] => CNN top5 curve: [94.69, 94.33, 93.6, 93.26, 93.14, 93.26]
2026-05-24 13:17:49,835 [trainer.py] => Average Accuracy (CNN): 77.76
2026-05-24 13:17:49,837 [trainer.py] => All params: 85952257
2026-05-24 13:17:49,839 [trainer.py] => Trainable params: 85952257
2026-05-24 13:17:49,865 [simplecil.py] => Learning on 200-210
2026-05-24 13:19:49,269 [trainer.py] => No NME accuracy.
2026-05-24 13:19:49,270 [trainer.py] => CNN: {'total': 75.7, '00-149': 76.55, '150-159': 77.39, '160-169': 72.36, '170-179': 65.0, '180-189': 72.22, '190-199': 82.5, '200-209': 71.86, 'old': 75.89, 'new': 71.86}
2026-05-24 13:19:49,270 [trainer.py] => CNN top1 curve: [79.53, 79.3, 78.48, 76.73, 76.17, 76.32, 75.7]
2026-05-24 13:19:49,270 [trainer.py] => CNN top5 curve: [94.69, 94.33, 93.6, 93.26, 93.14, 93.26, 92.81]
2026-05-24 13:19:49,271 [trainer.py] => Average Accuracy (CNN): 77.46
2026-05-24 13:19:49,273 [trainer.py] => All params: 85959937
2026-05-24 13:19:49,275 [trainer.py] => Trainable params: 85959937
2026-05-24 13:19:49,298 [simplecil.py] => Learning on 210-220
2026-05-24 13:21:54,196 [trainer.py] => No NME accuracy.
2026-05-24 13:21:54,230 [trainer.py] => CNN: {'total': 74.12, '00-149': 76.15, '150-159': 76.88, '160-169': 71.86, '170-179': 63.5, '180-189': 71.72, '190-199': 82.5, '200-209': 70.35, '210-219': 51.5, 'old': 75.2, 'new': 51.5}
2026-05-24 13:21:54,230 [trainer.py] => CNN top1 curve: [79.53, 79.3, 78.48, 76.73, 76.17, 76.32, 75.7, 74.12]
2026-05-24 13:21:54,230 [trainer.py] => CNN top5 curve: [94.69, 94.33, 93.6, 93.26, 93.14, 93.26, 92.81, 91.39]
2026-05-24 13:21:54,230 [trainer.py] => Average Accuracy (CNN): 77.04
2026-05-24 13:21:54,232 [trainer.py] => All params: 85967617
2026-05-24 13:21:54,234 [trainer.py] => Trainable params: 85967617
2026-05-24 13:21:54,258 [simplecil.py] => Learning on 220-230
2026-05-24 13:24:01,027 [trainer.py] => No NME accuracy.
2026-05-24 13:24:01,028 [trainer.py] => CNN: {'total': 74.06, '00-149': 75.55, '150-159': 76.88, '160-169': 71.86, '170-179': 63.0, '180-189': 71.72, '190-199': 82.5, '200-209': 67.34, '210-219': 51.5, '220-229': 85.43, 'old': 73.55, 'new': 85.43}
2026-05-24 13:24:01,029 [trainer.py] => CNN top1 curve: [79.53, 79.3, 78.48, 76.73, 76.17, 76.32, 75.7, 74.12, 74.06]
2026-05-24 13:24:01,029 [trainer.py] => CNN top5 curve: [94.69, 94.33, 93.6, 93.26, 93.14, 93.26, 92.81, 91.39, 91.59]
2026-05-24 13:24:01,029 [trainer.py] => Average Accuracy (CNN): 76.71
2026-05-24 13:24:01,031 [trainer.py] => All params: 85975297
2026-05-24 13:24:01,033 [trainer.py] => Trainable params: 85975297
2026-05-24 13:24:01,060 [simplecil.py] => Learning on 230-240
2026-05-24 13:26:11,363 [trainer.py] => No NME accuracy.
2026-05-24 13:26:11,364 [trainer.py] => CNN: {'total': 74.1, '00-149': 75.28, '150-159': 76.38, '160-169': 71.86, '170-179': 62.5, '180-189': 71.72, '190-199': 82.0, '200-209': 67.34, '210-219': 51.5, '220-229': 85.43, '230-239': 80.5, 'old': 73.82, 'new': 80.5}
2026-05-24 13:26:11,364 [trainer.py] => CNN top1 curve: [79.53, 79.3, 78.48, 76.73, 76.17, 76.32, 75.7, 74.12, 74.06, 74.1]
2026-05-24 13:26:11,364 [trainer.py] => CNN top5 curve: [94.69, 94.33, 93.6, 93.26, 93.14, 93.26, 92.81, 91.39, 91.59, 91.23]
2026-05-24 13:26:11,364 [trainer.py] => Average Accuracy (CNN): 76.45
2026-05-24 13:26:11,365 [trainer.py] => All params: 85982977
2026-05-24 13:26:11,365 [trainer.py] => Trainable params: 85982977
2026-05-24 13:26:11,388 [simplecil.py] => Learning on 240-250
2026-05-24 13:28:27,299 [trainer.py] => No NME accuracy.
2026-05-24 13:28:27,337 [trainer.py] => CNN: {'total': 73.46, '00-149': 74.72, '150-159': 76.38, '160-169': 71.86, '170-179': 62.0, '180-189': 71.72, '190-199': 81.5, '200-209': 65.83, '210-219': 51.5, '220-229': 85.43, '230-239': 80.5, '240-249': 69.0, 'old': 73.64, 'new': 69.0}
2026-05-24 13:28:27,338 [trainer.py] => CNN top1 curve: [79.53, 79.3, 78.48, 76.73, 76.17, 76.32, 75.7, 74.12, 74.06, 74.1, 73.46]
2026-05-24 13:28:27,338 [trainer.py] => CNN top5 curve: [94.69, 94.33, 93.6, 93.26, 93.14, 93.26, 92.81, 91.39, 91.59, 91.23, 91.26]
2026-05-24 13:28:27,338 [trainer.py] => Average Accuracy (CNN): 76.18
2026-05-24 13:28:27,339 [trainer.py] => All params: 85990657
2026-05-24 13:28:27,339 [trainer.py] => Trainable params: 85990657
2026-05-24 13:28:27,354 [simplecil.py] => Learning on 250-260
2026-05-24 13:30:41,896 [trainer.py] => No NME accuracy.
2026-05-24 13:30:41,897 [trainer.py] => CNN: {'total': 73.26, '00-149': 74.38, '150-159': 73.87, '160-169': 71.86, '170-179': 62.0, '180-189': 71.72, '190-199': 81.5, '200-209': 65.83, '210-219': 51.5, '220-229': 85.43, '230-239': 80.5, '240-249': 69.0, '250-259': 75.88, 'old': 73.16, 'new': 75.88}
2026-05-24 13:30:41,897 [trainer.py] => CNN top1 curve: [79.53, 79.3, 78.48, 76.73, 76.17, 76.32, 75.7, 74.12, 74.06, 74.1, 73.46, 73.26]
2026-05-24 13:30:41,898 [trainer.py] => CNN top5 curve: [94.69, 94.33, 93.6, 93.26, 93.14, 93.26, 92.81, 91.39, 91.59, 91.23, 91.26, 91.31]
2026-05-24 13:30:41,898 [trainer.py] => Average Accuracy (CNN): 75.94
2026-05-24 13:30:41,900 [trainer.py] => All params: 85998337
2026-05-24 13:30:41,902 [trainer.py] => Trainable params: 85998337
2026-05-24 13:30:41,923 [simplecil.py] => Learning on 260-270
2026-05-24 13:33:00,910 [trainer.py] => No NME accuracy.
2026-05-24 13:33:00,910 [trainer.py] => CNN: {'total': 73.18, '00-149': 73.95, '150-159': 72.86, '160-169': 71.86, '170-179': 62.0, '180-189': 71.72, '190-199': 80.5, '200-209': 64.32, '210-219': 51.5, '220-229': 85.43, '230-239': 80.5, '240-249': 69.0, '250-259': 75.88, '260-269': 81.0, 'old': 72.87, 'new': 81.0}
2026-05-24 13:33:00,910 [trainer.py] => CNN top1 curve: [79.53, 79.3, 78.48, 76.73, 76.17, 76.32, 75.7, 74.12, 74.06, 74.1, 73.46, 73.26, 73.18]
2026-05-24 13:33:00,910 [trainer.py] => CNN top5 curve: [94.69, 94.33, 93.6, 93.26, 93.14, 93.26, 92.81, 91.39, 91.59, 91.23, 91.26, 91.31, 91.44]
2026-05-24 13:33:00,910 [trainer.py] => Average Accuracy (CNN): 75.72
2026-05-24 13:33:00,911 [trainer.py] => All params: 86006017
2026-05-24 13:33:00,912 [trainer.py] => Trainable params: 86006017
2026-05-24 13:33:00,935 [simplecil.py] => Learning on 270-280
2026-05-24 13:35:19,336 [trainer.py] => No NME accuracy.
2026-05-24 13:35:19,337 [trainer.py] => CNN: {'total': 73.06, '00-149': 73.61, '150-159': 72.86, '160-169': 70.85, '170-179': 61.5, '180-189': 70.71, '190-199': 80.5, '200-209': 64.32, '210-219': 51.5, '220-229': 85.43, '230-239': 80.5, '240-249': 66.0, '250-259': 75.88, '260-269': 81.0, '270-279': 80.4, 'old': 72.79, 'new': 80.4}
2026-05-24 13:35:19,337 [trainer.py] => CNN top1 curve: [79.53, 79.3, 78.48, 76.73, 76.17, 76.32, 75.7, 74.12, 74.06, 74.1, 73.46, 73.26, 73.18, 73.06]
2026-05-24 13:35:19,337 [trainer.py] => CNN top5 curve: [94.69, 94.33, 93.6, 93.26, 93.14, 93.26, 92.81, 91.39, 91.59, 91.23, 91.26, 91.31, 91.44, 91.37]
2026-05-24 13:35:19,337 [trainer.py] => Average Accuracy (CNN): 75.53
2026-05-24 13:35:19,340 [trainer.py] => All params: 86013697
2026-05-24 13:35:19,341 [trainer.py] => Trainable params: 86013697
2026-05-24 13:35:19,364 [simplecil.py] => Learning on 280-290
2026-05-24 13:37:43,291 [trainer.py] => No NME accuracy.
2026-05-24 13:37:43,326 [trainer.py] => CNN: {'total': 73.16, '00-149': 73.28, '150-159': 72.86, '160-169': 70.35, '170-179': 61.5, '180-189': 70.71, '190-199': 80.0, '200-209': 64.32, '210-219': 51.0, '220-229': 85.43, '230-239': 80.5, '240-249': 66.0, '250-259': 75.38, '260-269': 81.0, '270-279': 80.4, '280-289': 83.0, 'old': 72.81, 'new': 83.0}
2026-05-24 13:37:43,326 [trainer.py] => CNN top1 curve: [79.53, 79.3, 78.48, 76.73, 76.17, 76.32, 75.7, 74.12, 74.06, 74.1, 73.46, 73.26, 73.18, 73.06, 73.16]
2026-05-24 13:37:43,326 [trainer.py] => CNN top5 curve: [94.69, 94.33, 93.6, 93.26, 93.14, 93.26, 92.81, 91.39, 91.59, 91.23, 91.26, 91.31, 91.44, 91.37, 91.62]
2026-05-24 13:37:43,326 [trainer.py] => Average Accuracy (CNN): 75.38
2026-05-24 13:37:43,327 [trainer.py] => All params: 86021377
2026-05-24 13:37:43,328 [trainer.py] => Trainable params: 86021377
2026-05-24 13:37:43,346 [simplecil.py] => Learning on 290-300
2026-05-24 13:40:10,550 [trainer.py] => No NME accuracy.
2026-05-24 13:40:10,550 [trainer.py] => CNN: {'total': 73.3, '00-149': 73.25, '150-159': 72.86, '160-169': 70.35, '170-179': 61.5, '180-189': 70.71, '190-199': 80.0, '200-209': 64.32, '210-219': 51.0, '220-229': 85.43, '230-239': 80.5, '240-249': 66.0, '250-259': 75.38, '260-269': 80.0, '270-279': 79.9, '280-289': 82.5, '290-299': 79.9, 'old': 73.07, 'new': 79.9}
2026-05-24 13:40:10,550 [trainer.py] => CNN top1 curve: [79.53, 79.3, 78.48, 76.73, 76.17, 76.32, 75.7, 74.12, 74.06, 74.1, 73.46, 73.26, 73.18, 73.06, 73.16, 73.3]
2026-05-24 13:40:10,551 [trainer.py] => CNN top5 curve: [94.69, 94.33, 93.6, 93.26, 93.14, 93.26, 92.81, 91.39, 91.59, 91.23, 91.26, 91.31, 91.44, 91.37, 91.62, 91.46]
2026-05-24 13:40:10,551 [trainer.py] => Average Accuracy (CNN): 75.25
