2026-05-24 08:52:14,183 [trainer.py] => config: ./configs/simplecil/simplecil_omn_B150_Inc5.json
2026-05-24 08:52:14,184 [trainer.py] => prefix:  
2026-05-24 08:52:14,184 [trainer.py] => dataset: omnibenchmark
2026-05-24 08:52:14,184 [trainer.py] => memory_size: 0
2026-05-24 08:52:14,184 [trainer.py] => memory_per_class: 0
2026-05-24 08:52:14,184 [trainer.py] => fixed_memory: False
2026-05-24 08:52:14,184 [trainer.py] => shuffle: True
2026-05-24 08:52:14,184 [trainer.py] => init_cls: 150
2026-05-24 08:52:14,184 [trainer.py] => increment: 5
2026-05-24 08:52:14,184 [trainer.py] => model_name: simplecil
2026-05-24 08:52:14,184 [trainer.py] => backbone_type: pretrained_vit_b16_224_in21k
2026-05-24 08:52:14,184 [trainer.py] => device: [device(type='cuda', index=2)]
2026-05-24 08:52:14,184 [trainer.py] => seed: 42
2026-05-24 08:52:14,184 [trainer.py] => tuned_epoch: 0
2026-05-24 08:52:14,184 [trainer.py] => init_lr: 0.01
2026-05-24 08:52:14,184 [trainer.py] => batch_size: 48
2026-05-24 08:52:14,184 [trainer.py] => weight_decay: 0.05
2026-05-24 08:52:14,184 [trainer.py] => min_lr: 1e-08
2026-05-24 08:52:14,184 [trainer.py] => optimizer: sgd
2026-05-24 08:52:14,184 [trainer.py] => vpt_type: shallow
2026-05-24 08:52:14,184 [trainer.py] => prompt_token_num: 3
2026-05-24 08:52:15,551 [data_manager.py] => [203, 266, 152, 9, 233, 226, 196, 109, 5, 175, 237, 57, 218, 45, 182, 221, 289, 211, 148, 165, 78, 113, 249, 250, 104, 42, 281, 295, 157, 238, 17, 164, 33, 24, 215, 119, 7, 90, 46, 73, 93, 76, 286, 60, 77, 63, 234, 229, 111, 231, 180, 144, 239, 75, 297, 278, 97, 92, 192, 25, 232, 59, 6, 185, 173, 30, 22, 256, 56, 186, 108, 126, 230, 193, 129, 282, 82, 84, 66, 288, 163, 154, 19, 124, 79, 114, 118, 72, 15, 10, 194, 101, 68, 224, 37, 16, 179, 147, 274, 67, 228, 69, 31, 183, 265, 225, 140, 18, 181, 96, 132, 262, 86, 248, 245, 116, 146, 292, 197, 206, 55, 172, 184, 167, 139, 253, 38, 125, 195, 283, 137, 112, 168, 117, 277, 271, 155, 176, 178, 2, 115, 143, 177, 120, 210, 260, 127, 74, 29, 83, 269, 107, 223, 158, 280, 246, 222, 65, 198, 85, 213, 159, 12, 35, 28, 142, 284, 254, 170, 51, 95, 208, 247, 41, 89, 244, 136, 26, 293, 141, 200, 0, 268, 272, 100, 259, 255, 171, 98, 36, 61, 150, 236, 202, 242, 11, 296, 267, 27, 219, 4, 122, 32, 204, 162, 209, 285, 138, 62, 135, 128, 290, 8, 70, 264, 64, 44, 279, 156, 40, 123, 275, 216, 153, 23, 261, 110, 81, 207, 212, 39, 240, 291, 258, 199, 14, 47, 94, 263, 227, 273, 201, 161, 43, 217, 145, 190, 220, 251, 3, 105, 53, 133, 1, 131, 103, 49, 80, 205, 34, 91, 52, 241, 13, 88, 166, 294, 134, 287, 243, 54, 50, 174, 189, 298, 187, 169, 58, 48, 235, 252, 21, 160, 276, 191, 257, 149, 130, 151, 99, 87, 214, 121, 299, 20, 188, 71, 106, 270, 102]
2026-05-24 08:52:31,975 [trainer.py] => All params: 85798656
2026-05-24 08:52:31,976 [trainer.py] => Trainable params: 85798656
2026-05-24 08:52:32,736 [simplecil.py] => Learning on 0-150
2026-05-24 09:07:37,812 [trainer.py] => No NME accuracy.
2026-05-24 09:07:37,839 [trainer.py] => CNN: {'total': 82.21, '00-149': 82.21, 'old': 0, 'new': 82.21}
2026-05-24 09:07:37,839 [trainer.py] => CNN top1 curve: [82.21]
2026-05-24 09:07:37,839 [trainer.py] => CNN top5 curve: [95.18]
2026-05-24 09:07:37,839 [trainer.py] => Average Accuracy (CNN): 82.21
2026-05-24 09:07:37,841 [trainer.py] => All params: 85913857
2026-05-24 09:07:37,842 [trainer.py] => Trainable params: 85913857
2026-05-24 09:07:37,868 [simplecil.py] => Learning on 150-155
2026-05-24 09:09:06,422 [trainer.py] => No NME accuracy.
2026-05-24 09:09:06,423 [trainer.py] => CNN: {'total': 82.56, '00-149': 82.11, '150-154': 96.0, 'old': 82.11, 'new': 96.0}
2026-05-24 09:09:06,423 [trainer.py] => CNN top1 curve: [82.21, 82.56]
2026-05-24 09:09:06,423 [trainer.py] => CNN top5 curve: [95.18, 95.28]
2026-05-24 09:09:06,423 [trainer.py] => Average Accuracy (CNN): 82.38
2026-05-24 09:09:06,424 [trainer.py] => All params: 85917697
2026-05-24 09:09:06,425 [trainer.py] => Trainable params: 85917697
2026-05-24 09:09:06,446 [simplecil.py] => Learning on 155-160
2026-05-24 09:10:29,021 [trainer.py] => No NME accuracy.
2026-05-24 09:10:29,021 [trainer.py] => CNN: {'total': 81.03, '00-149': 81.47, '150-154': 96.0, '155-159': 53.0, 'old': 81.94, 'new': 53.0}
2026-05-24 09:10:29,021 [trainer.py] => CNN top1 curve: [82.21, 82.56, 81.03]
2026-05-24 09:10:29,021 [trainer.py] => CNN top5 curve: [95.18, 95.28, 94.73]
2026-05-24 09:10:29,021 [trainer.py] => Average Accuracy (CNN): 81.93
2026-05-24 09:10:29,022 [trainer.py] => All params: 85921537
2026-05-24 09:10:29,022 [trainer.py] => Trainable params: 85921537
2026-05-24 09:10:29,047 [simplecil.py] => Learning on 160-165
2026-05-24 09:11:56,713 [trainer.py] => No NME accuracy.
2026-05-24 09:11:56,714 [trainer.py] => CNN: {'total': 80.58, '00-149': 81.0, '150-154': 96.0, '155-159': 53.0, '160-164': 80.0, 'old': 80.6, 'new': 80.0}
2026-05-24 09:11:56,714 [trainer.py] => CNN top1 curve: [82.21, 82.56, 81.03, 80.58]
2026-05-24 09:11:56,714 [trainer.py] => CNN top5 curve: [95.18, 95.28, 94.73, 94.8]
2026-05-24 09:11:56,714 [trainer.py] => Average Accuracy (CNN): 81.6
2026-05-24 09:11:56,716 [trainer.py] => All params: 85925377
2026-05-24 09:11:56,718 [trainer.py] => Trainable params: 85925377
2026-05-24 09:11:56,744 [simplecil.py] => Learning on 165-170
2026-05-24 09:13:32,726 [trainer.py] => No NME accuracy.
2026-05-24 09:13:32,758 [trainer.py] => CNN: {'total': 80.44, '00-149': 80.9, '150-154': 96.0, '155-159': 52.0, '160-164': 80.0, '165-169': 80.0, 'old': 80.46, 'new': 80.0}
2026-05-24 09:13:32,759 [trainer.py] => CNN top1 curve: [82.21, 82.56, 81.03, 80.58, 80.44]
2026-05-24 09:13:32,759 [trainer.py] => CNN top5 curve: [95.18, 95.28, 94.73, 94.8, 94.45]
2026-05-24 09:13:32,759 [trainer.py] => Average Accuracy (CNN): 81.36
2026-05-24 09:13:32,761 [trainer.py] => All params: 85929217
2026-05-24 09:13:32,763 [trainer.py] => Trainable params: 85929217
2026-05-24 09:13:32,787 [simplecil.py] => Learning on 170-175
2026-05-24 09:15:09,969 [trainer.py] => No NME accuracy.
2026-05-24 09:15:09,970 [trainer.py] => CNN: {'total': 79.57, '00-149': 80.74, '150-154': 96.0, '155-159': 52.0, '160-164': 80.0, '165-169': 80.0, '170-174': 55.0, 'old': 80.29, 'new': 55.0}
2026-05-24 09:15:09,970 [trainer.py] => CNN top1 curve: [82.21, 82.56, 81.03, 80.58, 80.44, 79.57]
2026-05-24 09:15:09,970 [trainer.py] => CNN top5 curve: [95.18, 95.28, 94.73, 94.8, 94.45, 94.1]
2026-05-24 09:15:09,971 [trainer.py] => Average Accuracy (CNN): 81.06
2026-05-24 09:15:09,972 [trainer.py] => All params: 85933057
2026-05-24 09:15:09,973 [trainer.py] => Trainable params: 85933057
2026-05-24 09:15:09,995 [simplecil.py] => Learning on 175-180
2026-05-24 09:16:48,099 [trainer.py] => No NME accuracy.
2026-05-24 09:16:48,099 [trainer.py] => CNN: {'total': 79.44, '00-149': 80.3, '150-154': 96.0, '155-159': 52.0, '160-164': 80.0, '165-169': 80.0, '170-174': 55.0, '175-179': 87.88, 'old': 79.2, 'new': 87.88}
2026-05-24 09:16:48,100 [trainer.py] => CNN top1 curve: [82.21, 82.56, 81.03, 80.58, 80.44, 79.57, 79.44]
2026-05-24 09:16:48,100 [trainer.py] => CNN top5 curve: [95.18, 95.28, 94.73, 94.8, 94.45, 94.1, 94.18]
2026-05-24 09:16:48,100 [trainer.py] => Average Accuracy (CNN): 80.83
2026-05-24 09:16:48,101 [trainer.py] => All params: 85936897
2026-05-24 09:16:48,101 [trainer.py] => Trainable params: 85936897
2026-05-24 09:16:48,125 [simplecil.py] => Learning on 180-185
2026-05-24 09:18:29,552 [trainer.py] => No NME accuracy.
2026-05-24 09:18:29,553 [trainer.py] => CNN: {'total': 79.34, '00-149': 79.97, '150-154': 96.0, '155-159': 52.0, '160-164': 80.0, '165-169': 80.0, '170-174': 55.0, '175-179': 87.88, '180-184': 85.86, 'old': 79.16, 'new': 85.86}
2026-05-24 09:18:29,553 [trainer.py] => CNN top1 curve: [82.21, 82.56, 81.03, 80.58, 80.44, 79.57, 79.44, 79.34]
2026-05-24 09:18:29,553 [trainer.py] => CNN top5 curve: [95.18, 95.28, 94.73, 94.8, 94.45, 94.1, 94.18, 94.22]
2026-05-24 09:18:29,553 [trainer.py] => Average Accuracy (CNN): 80.65
2026-05-24 09:18:29,554 [trainer.py] => All params: 85940737
2026-05-24 09:18:29,555 [trainer.py] => Trainable params: 85940737
2026-05-24 09:18:29,577 [simplecil.py] => Learning on 185-190
2026-05-24 09:20:11,635 [trainer.py] => No NME accuracy.
2026-05-24 09:20:11,675 [trainer.py] => CNN: {'total': 79.3, '00-149': 79.87, '150-154': 96.0, '155-159': 52.0, '160-164': 78.0, '165-169': 80.0, '170-174': 55.0, '175-179': 86.87, '180-184': 85.86, '185-189': 83.84, 'old': 79.18, 'new': 83.84}
2026-05-24 09:20:11,676 [trainer.py] => CNN top1 curve: [82.21, 82.56, 81.03, 80.58, 80.44, 79.57, 79.44, 79.34, 79.3]
2026-05-24 09:20:11,676 [trainer.py] => CNN top5 curve: [95.18, 95.28, 94.73, 94.8, 94.45, 94.1, 94.18, 94.22, 94.19]
2026-05-24 09:20:11,676 [trainer.py] => Average Accuracy (CNN): 80.5
2026-05-24 09:20:11,678 [trainer.py] => All params: 85944577
2026-05-24 09:20:11,680 [trainer.py] => Trainable params: 85944577
2026-05-24 09:20:11,710 [simplecil.py] => Learning on 190-195
2026-05-24 09:21:56,858 [trainer.py] => No NME accuracy.
2026-05-24 09:21:56,859 [trainer.py] => CNN: {'total': 78.83, '00-149': 79.36, '150-154': 96.0, '155-159': 52.0, '160-164': 78.0, '165-169': 80.0, '170-174': 55.0, '175-179': 85.86, '180-184': 84.85, '185-189': 83.84, '190-194': 78.0, 'old': 78.85, 'new': 78.0}
2026-05-24 09:21:56,859 [trainer.py] => CNN top1 curve: [82.21, 82.56, 81.03, 80.58, 80.44, 79.57, 79.44, 79.34, 79.3, 78.83]
2026-05-24 09:21:56,860 [trainer.py] => CNN top5 curve: [95.18, 95.28, 94.73, 94.8, 94.45, 94.1, 94.18, 94.22, 94.19, 94.29]
2026-05-24 09:21:56,860 [trainer.py] => Average Accuracy (CNN): 80.33
2026-05-24 09:21:56,862 [trainer.py] => All params: 85948417
2026-05-24 09:21:56,864 [trainer.py] => Trainable params: 85948417
2026-05-24 09:21:56,896 [simplecil.py] => Learning on 195-200
2026-05-24 09:23:44,946 [trainer.py] => No NME accuracy.
2026-05-24 09:23:44,947 [trainer.py] => CNN: {'total': 78.83, '00-149': 79.1, '150-154': 96.0, '155-159': 52.0, '160-164': 78.0, '165-169': 80.0, '170-174': 55.0, '175-179': 85.86, '180-184': 84.85, '185-189': 83.84, '190-194': 78.0, '195-199': 87.0, 'old': 78.62, 'new': 87.0}
2026-05-24 09:23:44,947 [trainer.py] => CNN top1 curve: [82.21, 82.56, 81.03, 80.58, 80.44, 79.57, 79.44, 79.34, 79.3, 78.83, 78.83]
2026-05-24 09:23:44,947 [trainer.py] => CNN top5 curve: [95.18, 95.28, 94.73, 94.8, 94.45, 94.1, 94.18, 94.22, 94.19, 94.29, 94.31]
2026-05-24 09:23:44,947 [trainer.py] => Average Accuracy (CNN): 80.19
2026-05-24 09:23:44,948 [trainer.py] => All params: 85952257
2026-05-24 09:23:44,949 [trainer.py] => Trainable params: 85952257
2026-05-24 09:23:44,970 [simplecil.py] => Learning on 200-205
2026-05-24 09:25:28,201 [trainer.py] => No NME accuracy.
2026-05-24 09:25:28,229 [trainer.py] => CNN: {'total': 78.49, '00-149': 78.6, '150-154': 96.0, '155-159': 52.0, '160-164': 78.0, '165-169': 79.0, '170-174': 55.0, '175-179': 85.86, '180-184': 84.85, '185-189': 83.84, '190-194': 78.0, '195-199': 87.0, '200-204': 81.0, 'old': 78.43, 'new': 81.0}
2026-05-24 09:25:28,229 [trainer.py] => CNN top1 curve: [82.21, 82.56, 81.03, 80.58, 80.44, 79.57, 79.44, 79.34, 79.3, 78.83, 78.83, 78.49]
2026-05-24 09:25:28,229 [trainer.py] => CNN top5 curve: [95.18, 95.28, 94.73, 94.8, 94.45, 94.1, 94.18, 94.22, 94.19, 94.29, 94.31, 94.2]
2026-05-24 09:25:28,229 [trainer.py] => Average Accuracy (CNN): 80.05
2026-05-24 09:25:28,230 [trainer.py] => All params: 85956097
2026-05-24 09:25:28,230 [trainer.py] => Trainable params: 85956097
2026-05-24 09:25:28,254 [simplecil.py] => Learning on 205-210
2026-05-24 09:27:14,599 [trainer.py] => No NME accuracy.
2026-05-24 09:27:14,600 [trainer.py] => CNN: {'total': 78.39, '00-149': 78.36, '150-154': 96.0, '155-159': 52.0, '160-164': 78.0, '165-169': 79.0, '170-174': 55.0, '175-179': 85.86, '180-184': 84.85, '185-189': 83.84, '190-194': 78.0, '195-199': 87.0, '200-204': 81.0, '205-209': 81.0, 'old': 78.32, 'new': 81.0}
2026-05-24 09:27:14,600 [trainer.py] => CNN top1 curve: [82.21, 82.56, 81.03, 80.58, 80.44, 79.57, 79.44, 79.34, 79.3, 78.83, 78.83, 78.49, 78.39]
2026-05-24 09:27:14,600 [trainer.py] => CNN top5 curve: [95.18, 95.28, 94.73, 94.8, 94.45, 94.1, 94.18, 94.22, 94.19, 94.29, 94.31, 94.2, 94.1]
2026-05-24 09:27:14,600 [trainer.py] => Average Accuracy (CNN): 79.92
2026-05-24 09:27:14,601 [trainer.py] => All params: 85959937
2026-05-24 09:27:14,601 [trainer.py] => Trainable params: 85959937
2026-05-24 09:27:14,623 [simplecil.py] => Learning on 210-215
2026-05-24 09:29:07,288 [trainer.py] => No NME accuracy.
2026-05-24 09:29:07,288 [trainer.py] => CNN: {'total': 78.03, '00-149': 77.86, '150-154': 96.0, '155-159': 52.0, '160-164': 78.0, '165-169': 79.0, '170-174': 55.0, '175-179': 85.86, '180-184': 84.85, '185-189': 83.84, '190-194': 78.0, '195-199': 87.0, '200-204': 81.0, '205-209': 81.0, '210-214': 78.0, 'old': 78.03, 'new': 78.0}
2026-05-24 09:29:07,288 [trainer.py] => CNN top1 curve: [82.21, 82.56, 81.03, 80.58, 80.44, 79.57, 79.44, 79.34, 79.3, 78.83, 78.83, 78.49, 78.39, 78.03]
2026-05-24 09:29:07,288 [trainer.py] => CNN top5 curve: [95.18, 95.28, 94.73, 94.8, 94.45, 94.1, 94.18, 94.22, 94.19, 94.29, 94.31, 94.2, 94.1, 94.08]
2026-05-24 09:29:07,289 [trainer.py] => Average Accuracy (CNN): 79.79
2026-05-24 09:29:07,289 [trainer.py] => All params: 85963777
2026-05-24 09:29:07,290 [trainer.py] => Trainable params: 85963777
2026-05-24 09:29:07,306 [simplecil.py] => Learning on 215-220
2026-05-24 09:30:47,200 [trainer.py] => No NME accuracy.
2026-05-24 09:30:47,226 [trainer.py] => CNN: {'total': 77.47, '00-149': 77.66, '150-154': 96.0, '155-159': 52.0, '160-164': 75.0, '165-169': 76.0, '170-174': 55.0, '175-179': 85.86, '180-184': 84.85, '185-189': 83.84, '190-194': 78.0, '195-199': 87.0, '200-204': 80.0, '205-209': 81.0, '210-214': 78.0, '215-219': 66.67, 'old': 77.72, 'new': 66.67}
2026-05-24 09:30:47,226 [trainer.py] => CNN top1 curve: [82.21, 82.56, 81.03, 80.58, 80.44, 79.57, 79.44, 79.34, 79.3, 78.83, 78.83, 78.49, 78.39, 78.03, 77.47]
2026-05-24 09:30:47,226 [trainer.py] => CNN top5 curve: [95.18, 95.28, 94.73, 94.8, 94.45, 94.1, 94.18, 94.22, 94.19, 94.29, 94.31, 94.2, 94.1, 94.08, 93.75]
2026-05-24 09:30:47,226 [trainer.py] => Average Accuracy (CNN): 79.63
2026-05-24 09:30:47,227 [trainer.py] => All params: 85967617
2026-05-24 09:30:47,227 [trainer.py] => Trainable params: 85967617
2026-05-24 09:30:47,244 [simplecil.py] => Learning on 220-225
2026-05-24 09:32:27,943 [trainer.py] => No NME accuracy.
2026-05-24 09:32:27,943 [trainer.py] => CNN: {'total': 77.28, '00-149': 77.46, '150-154': 96.0, '155-159': 51.0, '160-164': 74.0, '165-169': 76.0, '170-174': 55.0, '175-179': 85.86, '180-184': 84.85, '185-189': 83.84, '190-194': 78.0, '195-199': 87.0, '200-204': 80.0, '205-209': 81.0, '210-214': 78.0, '215-219': 66.67, '220-224': 77.0, 'old': 77.29, 'new': 77.0}
2026-05-24 09:32:27,944 [trainer.py] => CNN top1 curve: [82.21, 82.56, 81.03, 80.58, 80.44, 79.57, 79.44, 79.34, 79.3, 78.83, 78.83, 78.49, 78.39, 78.03, 77.47, 77.28]
2026-05-24 09:32:27,944 [trainer.py] => CNN top5 curve: [95.18, 95.28, 94.73, 94.8, 94.45, 94.1, 94.18, 94.22, 94.19, 94.29, 94.31, 94.2, 94.1, 94.08, 93.75, 93.8]
2026-05-24 09:32:27,944 [trainer.py] => Average Accuracy (CNN): 79.49
2026-05-24 09:32:27,944 [trainer.py] => All params: 85971457
2026-05-24 09:32:27,945 [trainer.py] => Trainable params: 85971457
2026-05-24 09:32:27,964 [simplecil.py] => Learning on 225-230
2026-05-24 09:34:09,101 [trainer.py] => No NME accuracy.
2026-05-24 09:34:09,102 [trainer.py] => CNN: {'total': 77.37, '00-149': 77.46, '150-154': 96.0, '155-159': 51.0, '160-164': 70.0, '165-169': 76.0, '170-174': 55.0, '175-179': 85.86, '180-184': 84.85, '185-189': 83.84, '190-194': 78.0, '195-199': 87.0, '200-204': 80.0, '205-209': 81.0, '210-214': 78.0, '215-219': 66.67, '220-224': 77.0, '225-229': 85.0, 'old': 77.2, 'new': 85.0}
2026-05-24 09:34:09,102 [trainer.py] => CNN top1 curve: [82.21, 82.56, 81.03, 80.58, 80.44, 79.57, 79.44, 79.34, 79.3, 78.83, 78.83, 78.49, 78.39, 78.03, 77.47, 77.28, 77.37]
2026-05-24 09:34:09,102 [trainer.py] => CNN top5 curve: [95.18, 95.28, 94.73, 94.8, 94.45, 94.1, 94.18, 94.22, 94.19, 94.29, 94.31, 94.2, 94.1, 94.08, 93.75, 93.8, 93.81]
2026-05-24 09:34:09,102 [trainer.py] => Average Accuracy (CNN): 79.36
2026-05-24 09:34:09,103 [trainer.py] => All params: 85975297
2026-05-24 09:34:09,103 [trainer.py] => Trainable params: 85975297
2026-05-24 09:34:09,122 [simplecil.py] => Learning on 230-235
2026-05-24 09:36:09,697 [trainer.py] => No NME accuracy.
2026-05-24 09:36:09,723 [trainer.py] => CNN: {'total': 77.21, '00-149': 76.99, '150-154': 96.0, '155-159': 51.0, '160-164': 70.0, '165-169': 76.0, '170-174': 54.0, '175-179': 85.86, '180-184': 84.85, '185-189': 83.84, '190-194': 78.0, '195-199': 87.0, '200-204': 80.0, '205-209': 81.0, '210-214': 78.0, '215-219': 66.67, '220-224': 77.0, '225-229': 85.0, '230-234': 85.0, 'old': 77.04, 'new': 85.0}
2026-05-24 09:36:09,723 [trainer.py] => CNN top1 curve: [82.21, 82.56, 81.03, 80.58, 80.44, 79.57, 79.44, 79.34, 79.3, 78.83, 78.83, 78.49, 78.39, 78.03, 77.47, 77.28, 77.37, 77.21]
2026-05-24 09:36:09,723 [trainer.py] => CNN top5 curve: [95.18, 95.28, 94.73, 94.8, 94.45, 94.1, 94.18, 94.22, 94.19, 94.29, 94.31, 94.2, 94.1, 94.08, 93.75, 93.8, 93.81, 93.75]
2026-05-24 09:36:09,724 [trainer.py] => Average Accuracy (CNN): 79.24
2026-05-24 09:36:09,725 [trainer.py] => All params: 85979137
2026-05-24 09:36:09,726 [trainer.py] => Trainable params: 85979137
2026-05-24 09:36:09,755 [simplecil.py] => Learning on 235-240
2026-05-24 09:38:11,507 [trainer.py] => No NME accuracy.
2026-05-24 09:38:11,508 [trainer.py] => CNN: {'total': 76.77, '00-149': 76.72, '150-154': 96.0, '155-159': 51.0, '160-164': 70.0, '165-169': 76.0, '170-174': 54.0, '175-179': 85.86, '180-184': 84.85, '185-189': 83.84, '190-194': 78.0, '195-199': 87.0, '200-204': 80.0, '205-209': 81.0, '210-214': 77.0, '215-219': 66.67, '220-224': 77.0, '225-229': 85.0, '230-234': 85.0, '235-239': 65.0, 'old': 77.02, 'new': 65.0}
2026-05-24 09:38:11,508 [trainer.py] => CNN top1 curve: [82.21, 82.56, 81.03, 80.58, 80.44, 79.57, 79.44, 79.34, 79.3, 78.83, 78.83, 78.49, 78.39, 78.03, 77.47, 77.28, 77.37, 77.21, 76.77]
2026-05-24 09:38:11,508 [trainer.py] => CNN top5 curve: [95.18, 95.28, 94.73, 94.8, 94.45, 94.1, 94.18, 94.22, 94.19, 94.29, 94.31, 94.2, 94.1, 94.08, 93.75, 93.8, 93.81, 93.75, 93.23]
2026-05-24 09:38:11,508 [trainer.py] => Average Accuracy (CNN): 79.11
2026-05-24 09:38:11,510 [trainer.py] => All params: 85982977
2026-05-24 09:38:11,512 [trainer.py] => Trainable params: 85982977
2026-05-24 09:38:11,536 [simplecil.py] => Learning on 240-245
2026-05-24 09:40:14,828 [trainer.py] => No NME accuracy.
2026-05-24 09:40:14,829 [trainer.py] => CNN: {'total': 76.4, '00-149': 76.62, '150-154': 96.0, '155-159': 51.0, '160-164': 61.0, '165-169': 76.0, '170-174': 54.0, '175-179': 85.86, '180-184': 84.85, '185-189': 78.79, '190-194': 78.0, '195-199': 87.0, '200-204': 80.0, '205-209': 81.0, '210-214': 77.0, '215-219': 66.67, '220-224': 77.0, '225-229': 80.0, '230-234': 85.0, '235-239': 65.0, '240-244': 81.0, 'old': 76.31, 'new': 81.0}
2026-05-24 09:40:14,829 [trainer.py] => CNN top1 curve: [82.21, 82.56, 81.03, 80.58, 80.44, 79.57, 79.44, 79.34, 79.3, 78.83, 78.83, 78.49, 78.39, 78.03, 77.47, 77.28, 77.37, 77.21, 76.77, 76.4]
2026-05-24 09:40:14,829 [trainer.py] => CNN top5 curve: [95.18, 95.28, 94.73, 94.8, 94.45, 94.1, 94.18, 94.22, 94.19, 94.29, 94.31, 94.2, 94.1, 94.08, 93.75, 93.8, 93.81, 93.75, 93.23, 93.29]
2026-05-24 09:40:14,829 [trainer.py] => Average Accuracy (CNN): 78.98
2026-05-24 09:40:14,830 [trainer.py] => All params: 85986817
2026-05-24 09:40:14,831 [trainer.py] => Trainable params: 85986817
2026-05-24 09:40:14,848 [simplecil.py] => Learning on 245-250
2026-05-24 09:42:19,961 [trainer.py] => No NME accuracy.
2026-05-24 09:42:19,961 [trainer.py] => CNN: {'total': 76.03, '00-149': 76.25, '150-154': 96.0, '155-159': 51.0, '160-164': 61.0, '165-169': 76.0, '170-174': 53.0, '175-179': 85.86, '180-184': 84.85, '185-189': 78.79, '190-194': 78.0, '195-199': 87.0, '200-204': 80.0, '205-209': 81.0, '210-214': 77.0, '215-219': 66.67, '220-224': 77.0, '225-229': 80.0, '230-234': 84.0, '235-239': 65.0, '240-244': 81.0, '245-249': 71.0, 'old': 76.14, 'new': 71.0}
2026-05-24 09:42:19,961 [trainer.py] => CNN top1 curve: [82.21, 82.56, 81.03, 80.58, 80.44, 79.57, 79.44, 79.34, 79.3, 78.83, 78.83, 78.49, 78.39, 78.03, 77.47, 77.28, 77.37, 77.21, 76.77, 76.4, 76.03]
2026-05-24 09:42:19,961 [trainer.py] => CNN top5 curve: [95.18, 95.28, 94.73, 94.8, 94.45, 94.1, 94.18, 94.22, 94.19, 94.29, 94.31, 94.2, 94.1, 94.08, 93.75, 93.8, 93.81, 93.75, 93.23, 93.29, 93.22]
2026-05-24 09:42:19,962 [trainer.py] => Average Accuracy (CNN): 78.84
2026-05-24 09:42:19,962 [trainer.py] => All params: 85990657
2026-05-24 09:42:19,963 [trainer.py] => Trainable params: 85990657
2026-05-24 09:42:19,985 [simplecil.py] => Learning on 250-255
2026-05-24 09:44:26,392 [trainer.py] => No NME accuracy.
2026-05-24 09:44:26,432 [trainer.py] => CNN: {'total': 75.93, '00-149': 75.95, '150-154': 95.0, '155-159': 51.0, '160-164': 61.0, '165-169': 76.0, '170-174': 53.0, '175-179': 85.86, '180-184': 84.85, '185-189': 78.79, '190-194': 78.0, '195-199': 87.0, '200-204': 80.0, '205-209': 80.0, '210-214': 77.0, '215-219': 66.67, '220-224': 77.0, '225-229': 80.0, '230-234': 84.0, '235-239': 64.0, '240-244': 81.0, '245-249': 71.0, '250-254': 83.0, 'old': 75.79, 'new': 83.0}
2026-05-24 09:44:26,432 [trainer.py] => CNN top1 curve: [82.21, 82.56, 81.03, 80.58, 80.44, 79.57, 79.44, 79.34, 79.3, 78.83, 78.83, 78.49, 78.39, 78.03, 77.47, 77.28, 77.37, 77.21, 76.77, 76.4, 76.03, 75.93]
2026-05-24 09:44:26,432 [trainer.py] => CNN top5 curve: [95.18, 95.28, 94.73, 94.8, 94.45, 94.1, 94.18, 94.22, 94.19, 94.29, 94.31, 94.2, 94.1, 94.08, 93.75, 93.8, 93.81, 93.75, 93.23, 93.29, 93.22, 93.18]
2026-05-24 09:44:26,432 [trainer.py] => Average Accuracy (CNN): 78.7
2026-05-24 09:44:26,433 [trainer.py] => All params: 85994497
2026-05-24 09:44:26,433 [trainer.py] => Trainable params: 85994497
2026-05-24 09:44:26,457 [simplecil.py] => Learning on 255-260
2026-05-24 09:46:35,528 [trainer.py] => No NME accuracy.
2026-05-24 09:46:35,528 [trainer.py] => CNN: {'total': 75.06, '00-149': 75.59, '150-154': 95.0, '155-159': 51.0, '160-164': 61.0, '165-169': 76.0, '170-174': 53.0, '175-179': 85.86, '180-184': 84.85, '185-189': 68.69, '190-194': 78.0, '195-199': 87.0, '200-204': 80.0, '205-209': 80.0, '210-214': 77.0, '215-219': 66.67, '220-224': 77.0, '225-229': 80.0, '230-234': 84.0, '235-239': 64.0, '240-244': 81.0, '245-249': 71.0, '250-254': 83.0, '255-259': 51.52, 'old': 75.52, 'new': 51.52}
2026-05-24 09:46:35,528 [trainer.py] => CNN top1 curve: [82.21, 82.56, 81.03, 80.58, 80.44, 79.57, 79.44, 79.34, 79.3, 78.83, 78.83, 78.49, 78.39, 78.03, 77.47, 77.28, 77.37, 77.21, 76.77, 76.4, 76.03, 75.93, 75.06]
2026-05-24 09:46:35,528 [trainer.py] => CNN top5 curve: [95.18, 95.28, 94.73, 94.8, 94.45, 94.1, 94.18, 94.22, 94.19, 94.29, 94.31, 94.2, 94.1, 94.08, 93.75, 93.8, 93.81, 93.75, 93.23, 93.29, 93.22, 93.18, 92.79]
2026-05-24 09:46:35,528 [trainer.py] => Average Accuracy (CNN): 78.55
2026-05-24 09:46:35,529 [trainer.py] => All params: 85998337
2026-05-24 09:46:35,530 [trainer.py] => Trainable params: 85998337
2026-05-24 09:46:35,550 [simplecil.py] => Learning on 260-265
2026-05-24 09:48:46,726 [trainer.py] => No NME accuracy.
2026-05-24 09:48:46,726 [trainer.py] => CNN: {'total': 74.63, '00-149': 75.45, '150-154': 95.0, '155-159': 51.0, '160-164': 61.0, '165-169': 76.0, '170-174': 53.0, '175-179': 85.86, '180-184': 84.85, '185-189': 68.69, '190-194': 78.0, '195-199': 87.0, '200-204': 80.0, '205-209': 80.0, '210-214': 77.0, '215-219': 66.67, '220-224': 77.0, '225-229': 80.0, '230-234': 84.0, '235-239': 64.0, '240-244': 81.0, '245-249': 71.0, '250-254': 83.0, '255-259': 51.52, '260-264': 56.0, 'old': 74.99, 'new': 56.0}
2026-05-24 09:48:46,726 [trainer.py] => CNN top1 curve: [82.21, 82.56, 81.03, 80.58, 80.44, 79.57, 79.44, 79.34, 79.3, 78.83, 78.83, 78.49, 78.39, 78.03, 77.47, 77.28, 77.37, 77.21, 76.77, 76.4, 76.03, 75.93, 75.06, 74.63]
2026-05-24 09:48:46,726 [trainer.py] => CNN top5 curve: [95.18, 95.28, 94.73, 94.8, 94.45, 94.1, 94.18, 94.22, 94.19, 94.29, 94.31, 94.2, 94.1, 94.08, 93.75, 93.8, 93.81, 93.75, 93.23, 93.29, 93.22, 93.18, 92.79, 92.45]
2026-05-24 09:48:46,727 [trainer.py] => Average Accuracy (CNN): 78.38
2026-05-24 09:48:46,728 [trainer.py] => All params: 86002177
2026-05-24 09:48:46,728 [trainer.py] => Trainable params: 86002177
2026-05-24 09:48:46,757 [simplecil.py] => Learning on 265-270
2026-05-24 09:50:59,365 [trainer.py] => No NME accuracy.
2026-05-24 09:50:59,402 [trainer.py] => CNN: {'total': 74.69, '00-149': 75.35, '150-154': 95.0, '155-159': 51.0, '160-164': 61.0, '165-169': 76.0, '170-174': 53.0, '175-179': 85.86, '180-184': 80.81, '185-189': 68.69, '190-194': 78.0, '195-199': 87.0, '200-204': 80.0, '205-209': 80.0, '210-214': 77.0, '215-219': 66.67, '220-224': 77.0, '225-229': 80.0, '230-234': 83.0, '235-239': 64.0, '240-244': 81.0, '245-249': 71.0, '250-254': 83.0, '255-259': 51.52, '260-264': 56.0, '265-269': 86.0, 'old': 74.47, 'new': 86.0}
2026-05-24 09:50:59,403 [trainer.py] => CNN top1 curve: [82.21, 82.56, 81.03, 80.58, 80.44, 79.57, 79.44, 79.34, 79.3, 78.83, 78.83, 78.49, 78.39, 78.03, 77.47, 77.28, 77.37, 77.21, 76.77, 76.4, 76.03, 75.93, 75.06, 74.63, 74.69]
2026-05-24 09:50:59,403 [trainer.py] => CNN top5 curve: [95.18, 95.28, 94.73, 94.8, 94.45, 94.1, 94.18, 94.22, 94.19, 94.29, 94.31, 94.2, 94.1, 94.08, 93.75, 93.8, 93.81, 93.75, 93.23, 93.29, 93.22, 93.18, 92.79, 92.45, 92.52]
2026-05-24 09:50:59,403 [trainer.py] => Average Accuracy (CNN): 78.24
2026-05-24 09:50:59,405 [trainer.py] => All params: 86006017
2026-05-24 09:50:59,407 [trainer.py] => Trainable params: 86006017
2026-05-24 09:50:59,434 [simplecil.py] => Learning on 270-275
2026-05-24 09:53:12,033 [trainer.py] => No NME accuracy.
2026-05-24 09:53:12,034 [trainer.py] => CNN: {'total': 74.29, '00-149': 75.22, '150-154': 95.0, '155-159': 51.0, '160-164': 61.0, '165-169': 76.0, '170-174': 53.0, '175-179': 85.86, '180-184': 80.81, '185-189': 68.69, '190-194': 78.0, '195-199': 87.0, '200-204': 80.0, '205-209': 80.0, '210-214': 77.0, '215-219': 66.67, '220-224': 77.0, '225-229': 80.0, '230-234': 83.0, '235-239': 64.0, '240-244': 81.0, '245-249': 71.0, '250-254': 83.0, '255-259': 51.52, '260-264': 56.0, '265-269': 86.0, '270-274': 57.0, 'old': 74.61, 'new': 57.0}
2026-05-24 09:53:12,034 [trainer.py] => CNN top1 curve: [82.21, 82.56, 81.03, 80.58, 80.44, 79.57, 79.44, 79.34, 79.3, 78.83, 78.83, 78.49, 78.39, 78.03, 77.47, 77.28, 77.37, 77.21, 76.77, 76.4, 76.03, 75.93, 75.06, 74.63, 74.69, 74.29]
2026-05-24 09:53:12,035 [trainer.py] => CNN top5 curve: [95.18, 95.28, 94.73, 94.8, 94.45, 94.1, 94.18, 94.22, 94.19, 94.29, 94.31, 94.2, 94.1, 94.08, 93.75, 93.8, 93.81, 93.75, 93.23, 93.29, 93.22, 93.18, 92.79, 92.45, 92.52, 92.11]
2026-05-24 09:53:12,035 [trainer.py] => Average Accuracy (CNN): 78.08
2026-05-24 09:53:12,037 [trainer.py] => All params: 86009857
2026-05-24 09:53:12,039 [trainer.py] => Trainable params: 86009857
2026-05-24 09:53:12,062 [simplecil.py] => Learning on 275-280
2026-05-24 09:55:27,486 [trainer.py] => No NME accuracy.
2026-05-24 09:55:27,486 [trainer.py] => CNN: {'total': 74.23, '00-149': 75.12, '150-154': 95.0, '155-159': 51.0, '160-164': 61.0, '165-169': 76.0, '170-174': 53.0, '175-179': 85.86, '180-184': 80.81, '185-189': 68.69, '190-194': 78.0, '195-199': 86.0, '200-204': 80.0, '205-209': 80.0, '210-214': 76.0, '215-219': 66.67, '220-224': 77.0, '225-229': 80.0, '230-234': 83.0, '235-239': 63.0, '240-244': 81.0, '245-249': 71.0, '250-254': 83.0, '255-259': 50.51, '260-264': 56.0, '265-269': 86.0, '270-274': 57.0, '275-279': 78.0, 'old': 74.17, 'new': 78.0}
2026-05-24 09:55:27,486 [trainer.py] => CNN top1 curve: [82.21, 82.56, 81.03, 80.58, 80.44, 79.57, 79.44, 79.34, 79.3, 78.83, 78.83, 78.49, 78.39, 78.03, 77.47, 77.28, 77.37, 77.21, 76.77, 76.4, 76.03, 75.93, 75.06, 74.63, 74.69, 74.29, 74.23]
2026-05-24 09:55:27,486 [trainer.py] => CNN top5 curve: [95.18, 95.28, 94.73, 94.8, 94.45, 94.1, 94.18, 94.22, 94.19, 94.29, 94.31, 94.2, 94.1, 94.08, 93.75, 93.8, 93.81, 93.75, 93.23, 93.29, 93.22, 93.18, 92.79, 92.45, 92.52, 92.11, 92.01]
2026-05-24 09:55:27,486 [trainer.py] => Average Accuracy (CNN): 77.94
2026-05-24 09:55:27,487 [trainer.py] => All params: 86013697
2026-05-24 09:55:27,487 [trainer.py] => Trainable params: 86013697
2026-05-24 09:55:27,501 [simplecil.py] => Learning on 280-285
2026-05-24 09:57:45,761 [trainer.py] => No NME accuracy.
2026-05-24 09:57:45,793 [trainer.py] => CNN: {'total': 74.04, '00-149': 75.05, '150-154': 95.0, '155-159': 51.0, '160-164': 61.0, '165-169': 76.0, '170-174': 53.0, '175-179': 85.86, '180-184': 80.81, '185-189': 68.69, '190-194': 78.0, '195-199': 86.0, '200-204': 80.0, '205-209': 80.0, '210-214': 76.0, '215-219': 66.67, '220-224': 77.0, '225-229': 80.0, '230-234': 83.0, '235-239': 63.0, '240-244': 81.0, '245-249': 70.0, '250-254': 83.0, '255-259': 50.51, '260-264': 56.0, '265-269': 81.0, '270-274': 57.0, '275-279': 78.0, '280-284': 71.0, 'old': 74.09, 'new': 71.0}
2026-05-24 09:57:45,794 [trainer.py] => CNN top1 curve: [82.21, 82.56, 81.03, 80.58, 80.44, 79.57, 79.44, 79.34, 79.3, 78.83, 78.83, 78.49, 78.39, 78.03, 77.47, 77.28, 77.37, 77.21, 76.77, 76.4, 76.03, 75.93, 75.06, 74.63, 74.69, 74.29, 74.23, 74.04]
2026-05-24 09:57:45,794 [trainer.py] => CNN top5 curve: [95.18, 95.28, 94.73, 94.8, 94.45, 94.1, 94.18, 94.22, 94.19, 94.29, 94.31, 94.2, 94.1, 94.08, 93.75, 93.8, 93.81, 93.75, 93.23, 93.29, 93.22, 93.18, 92.79, 92.45, 92.52, 92.11, 92.01, 92.05]
2026-05-24 09:57:45,794 [trainer.py] => Average Accuracy (CNN): 77.8
2026-05-24 09:57:45,796 [trainer.py] => All params: 86017537
2026-05-24 09:57:45,798 [trainer.py] => Trainable params: 86017537
2026-05-24 09:57:45,822 [simplecil.py] => Learning on 285-290
2026-05-24 10:00:05,492 [trainer.py] => No NME accuracy.
2026-05-24 10:00:05,492 [trainer.py] => CNN: {'total': 74.05, '00-149': 74.95, '150-154': 95.0, '155-159': 51.0, '160-164': 61.0, '165-169': 76.0, '170-174': 53.0, '175-179': 83.84, '180-184': 80.81, '185-189': 68.69, '190-194': 74.0, '195-199': 86.0, '200-204': 80.0, '205-209': 80.0, '210-214': 76.0, '215-219': 66.67, '220-224': 76.0, '225-229': 80.0, '230-234': 83.0, '235-239': 63.0, '240-244': 81.0, '245-249': 70.0, '250-254': 83.0, '255-259': 50.51, '260-264': 56.0, '265-269': 81.0, '270-274': 57.0, '275-279': 78.0, '280-284': 71.0, '285-289': 85.0, 'old': 73.86, 'new': 85.0}
2026-05-24 10:00:05,493 [trainer.py] => CNN top1 curve: [82.21, 82.56, 81.03, 80.58, 80.44, 79.57, 79.44, 79.34, 79.3, 78.83, 78.83, 78.49, 78.39, 78.03, 77.47, 77.28, 77.37, 77.21, 76.77, 76.4, 76.03, 75.93, 75.06, 74.63, 74.69, 74.29, 74.23, 74.04, 74.05]
2026-05-24 10:00:05,493 [trainer.py] => CNN top5 curve: [95.18, 95.28, 94.73, 94.8, 94.45, 94.1, 94.18, 94.22, 94.19, 94.29, 94.31, 94.2, 94.1, 94.08, 93.75, 93.8, 93.81, 93.75, 93.23, 93.29, 93.22, 93.18, 92.79, 92.45, 92.52, 92.11, 92.01, 92.05, 92.15]
2026-05-24 10:00:05,493 [trainer.py] => Average Accuracy (CNN): 77.67
2026-05-24 10:00:05,495 [trainer.py] => All params: 86021377
2026-05-24 10:00:05,497 [trainer.py] => Trainable params: 86021377
2026-05-24 10:00:05,527 [simplecil.py] => Learning on 290-295
2026-05-24 10:02:25,197 [trainer.py] => No NME accuracy.
2026-05-24 10:02:25,197 [trainer.py] => CNN: {'total': 73.47, '00-149': 74.72, '150-154': 95.0, '155-159': 50.0, '160-164': 61.0, '165-169': 76.0, '170-174': 53.0, '175-179': 83.84, '180-184': 80.81, '185-189': 68.69, '190-194': 74.0, '195-199': 86.0, '200-204': 80.0, '205-209': 79.0, '210-214': 76.0, '215-219': 66.67, '220-224': 76.0, '225-229': 80.0, '230-234': 83.0, '235-239': 63.0, '240-244': 81.0, '245-249': 69.0, '250-254': 83.0, '255-259': 50.51, '260-264': 56.0, '265-269': 81.0, '270-274': 57.0, '275-279': 78.0, '280-284': 71.0, '285-289': 85.0, '290-294': 50.0, 'old': 73.88, 'new': 50.0}
2026-05-24 10:02:25,197 [trainer.py] => CNN top1 curve: [82.21, 82.56, 81.03, 80.58, 80.44, 79.57, 79.44, 79.34, 79.3, 78.83, 78.83, 78.49, 78.39, 78.03, 77.47, 77.28, 77.37, 77.21, 76.77, 76.4, 76.03, 75.93, 75.06, 74.63, 74.69, 74.29, 74.23, 74.04, 74.05, 73.47]
2026-05-24 10:02:25,197 [trainer.py] => CNN top5 curve: [95.18, 95.28, 94.73, 94.8, 94.45, 94.1, 94.18, 94.22, 94.19, 94.29, 94.31, 94.2, 94.1, 94.08, 93.75, 93.8, 93.81, 93.75, 93.23, 93.29, 93.22, 93.18, 92.79, 92.45, 92.52, 92.11, 92.01, 92.05, 92.15, 91.69]
2026-05-24 10:02:25,197 [trainer.py] => Average Accuracy (CNN): 77.53
2026-05-24 10:02:25,198 [trainer.py] => All params: 86025217
2026-05-24 10:02:25,199 [trainer.py] => Trainable params: 86025217
2026-05-24 10:02:25,227 [simplecil.py] => Learning on 295-300
2026-05-24 10:04:45,647 [trainer.py] => No NME accuracy.
2026-05-24 10:04:45,679 [trainer.py] => CNN: {'total': 73.3, '00-149': 74.62, '150-154': 95.0, '155-159': 49.0, '160-164': 61.0, '165-169': 75.0, '170-174': 53.0, '175-179': 82.83, '180-184': 80.81, '185-189': 68.69, '190-194': 74.0, '195-199': 82.0, '200-204': 80.0, '205-209': 79.0, '210-214': 76.0, '215-219': 66.67, '220-224': 76.0, '225-229': 80.0, '230-234': 83.0, '235-239': 63.0, '240-244': 81.0, '245-249': 69.0, '250-254': 82.0, '255-259': 50.51, '260-264': 56.0, '265-269': 81.0, '270-274': 56.0, '275-279': 78.0, '280-284': 71.0, '285-289': 85.0, '290-294': 50.0, '295-299': 75.0, 'old': 73.27, 'new': 75.0}
2026-05-24 10:04:45,679 [trainer.py] => CNN top1 curve: [82.21, 82.56, 81.03, 80.58, 80.44, 79.57, 79.44, 79.34, 79.3, 78.83, 78.83, 78.49, 78.39, 78.03, 77.47, 77.28, 77.37, 77.21, 76.77, 76.4, 76.03, 75.93, 75.06, 74.63, 74.69, 74.29, 74.23, 74.04, 74.05, 73.47, 73.3]
2026-05-24 10:04:45,679 [trainer.py] => CNN top5 curve: [95.18, 95.28, 94.73, 94.8, 94.45, 94.1, 94.18, 94.22, 94.19, 94.29, 94.31, 94.2, 94.1, 94.08, 93.75, 93.8, 93.81, 93.75, 93.23, 93.29, 93.22, 93.18, 92.79, 92.45, 92.52, 92.11, 92.01, 92.05, 92.15, 91.69, 91.46]
2026-05-24 10:04:45,679 [trainer.py] => Average Accuracy (CNN): 77.4
