2026-05-24 05:55:25,454 [trainer.py] => config: ./configs/simplecil/simplecil_omn_B0_Inc20.json
2026-05-24 05:55:25,454 [trainer.py] => prefix:  
2026-05-24 05:55:25,455 [trainer.py] => dataset: omnibenchmark
2026-05-24 05:55:25,455 [trainer.py] => memory_size: 0
2026-05-24 05:55:25,455 [trainer.py] => memory_per_class: 0
2026-05-24 05:55:25,455 [trainer.py] => fixed_memory: False
2026-05-24 05:55:25,455 [trainer.py] => shuffle: True
2026-05-24 05:55:25,455 [trainer.py] => init_cls: 20
2026-05-24 05:55:25,455 [trainer.py] => increment: 20
2026-05-24 05:55:25,455 [trainer.py] => model_name: simplecil
2026-05-24 05:55:25,455 [trainer.py] => backbone_type: pretrained_vit_b16_224_in21k
2026-05-24 05:55:25,455 [trainer.py] => device: [device(type='cuda', index=2)]
2026-05-24 05:55:25,455 [trainer.py] => seed: 1993
2026-05-24 05:55:25,455 [trainer.py] => tuned_epoch: 0
2026-05-24 05:55:25,455 [trainer.py] => init_lr: 0.01
2026-05-24 05:55:25,455 [trainer.py] => batch_size: 48
2026-05-24 05:55:25,455 [trainer.py] => weight_decay: 0.05
2026-05-24 05:55:25,455 [trainer.py] => min_lr: 1e-08
2026-05-24 05:55:25,455 [trainer.py] => optimizer: sgd
2026-05-24 05:55:25,455 [trainer.py] => vpt_type: shallow
2026-05-24 05:55:25,455 [trainer.py] => prompt_token_num: 3
2026-05-24 05:55:25,455 [trainer.py] => nb_classes: 300
2026-05-24 05:55:25,455 [trainer.py] => nb_tasks: 15
2026-05-24 05:55:26,349 [data_manager.py] => [169, 221, 146, 296, 92, 229, 49, 70, 126, 77, 243, 57, 120, 223, 27, 217, 154, 8, 101, 182, 54, 50, 97, 162, 28, 193, 79, 6, 151, 0, 173, 187, 44, 277, 157, 16, 257, 122, 35, 9, 171, 176, 134, 4, 87, 255, 112, 153, 246, 286, 147, 186, 107, 98, 10, 7, 266, 214, 36, 165, 139, 254, 103, 269, 59, 23, 298, 39, 73, 208, 135, 299, 102, 20, 12, 268, 11, 209, 161, 210, 74, 42, 56, 99, 235, 133, 159, 189, 145, 238, 215, 241, 138, 195, 233, 279, 88, 199, 64, 280, 26, 203, 17, 245, 174, 236, 137, 252, 80, 68, 181, 150, 118, 94, 75, 2, 109, 119, 232, 15, 69, 184, 201, 261, 55, 287, 273, 66, 175, 32, 142, 136, 116, 76, 179, 1, 91, 248, 275, 240, 290, 170, 132, 106, 265, 270, 85, 19, 284, 43, 259, 293, 228, 200, 104, 227, 51, 224, 163, 297, 216, 260, 93, 46, 100, 272, 105, 72, 131, 3, 156, 256, 249, 48, 113, 82, 172, 213, 62, 53, 271, 168, 253, 226, 183, 180, 276, 283, 78, 61, 143, 278, 30, 141, 196, 264, 231, 52, 222, 40, 125, 219, 65, 166, 192, 289, 45, 205, 89, 267, 90, 71, 167, 262, 281, 212, 96, 84, 127, 67, 294, 178, 288, 197, 21, 18, 111, 108, 58, 230, 188, 31, 110, 291, 129, 24, 204, 83, 81, 251, 60, 13, 128, 14, 86, 63, 117, 198, 274, 5, 22, 144, 258, 121, 38, 207, 148, 292, 41, 234, 237, 114, 202, 37, 149, 206, 155, 29, 130, 177, 194, 152, 34, 33, 239, 160, 140, 47, 244, 25, 282, 158, 211, 123, 190, 218, 164, 247, 263, 191, 220, 115, 242, 250, 124, 295, 95, 285, 225, 185]
2026-05-24 05:55:34,544 [trainer.py] => All params: 85798656
2026-05-24 05:55:34,545 [trainer.py] => Trainable params: 85798656
2026-05-24 05:55:34,559 [simplecil.py] => Learning on 0-20
2026-05-24 05:57:11,750 [trainer.py] => No NME accuracy.
2026-05-24 05:57:11,750 [trainer.py] => CNN: {'total': 93.0, '00-19': 93.0, 'old': 0, 'new': 93.0}
2026-05-24 05:57:11,750 [trainer.py] => CNN top1 curve: [93.0]
2026-05-24 05:57:11,750 [trainer.py] => CNN top5 curve: [99.25]
2026-05-24 05:57:11,750 [trainer.py] => Average Accuracy (CNN): 93.0
2026-05-24 05:57:11,751 [trainer.py] => All params: 85814017
2026-05-24 05:57:11,752 [trainer.py] => Trainable params: 85814017
2026-05-24 05:57:11,767 [simplecil.py] => Learning on 20-40
2026-05-24 05:59:06,536 [trainer.py] => No NME accuracy.
2026-05-24 05:59:06,567 [trainer.py] => CNN: {'total': 87.75, '00-19': 87.5, '20-39': 88.0, 'old': 87.5, 'new': 88.0}
2026-05-24 05:59:06,568 [trainer.py] => CNN top1 curve: [93.0, 87.75]
2026-05-24 05:59:06,568 [trainer.py] => CNN top5 curve: [99.25, 99.0]
2026-05-24 05:59:06,568 [trainer.py] => Average Accuracy (CNN): 90.38
2026-05-24 05:59:06,570 [trainer.py] => All params: 85829377
2026-05-24 05:59:06,572 [trainer.py] => Trainable params: 85829377
2026-05-24 05:59:06,590 [simplecil.py] => Learning on 40-60
2026-05-24 06:01:09,461 [trainer.py] => No NME accuracy.
2026-05-24 06:01:09,462 [trainer.py] => CNN: {'total': 87.57, '00-19': 86.75, '20-39': 84.5, '40-59': 91.48, 'old': 85.62, 'new': 91.48}
2026-05-24 06:01:09,462 [trainer.py] => CNN top1 curve: [93.0, 87.75, 87.57]
2026-05-24 06:01:09,462 [trainer.py] => CNN top5 curve: [99.25, 99.0, 98.0]
2026-05-24 06:01:09,462 [trainer.py] => Average Accuracy (CNN): 89.44
2026-05-24 06:01:09,462 [trainer.py] => All params: 85844737
2026-05-24 06:01:09,463 [trainer.py] => Trainable params: 85844737
2026-05-24 06:01:09,475 [simplecil.py] => Learning on 60-80
2026-05-24 06:03:16,029 [trainer.py] => No NME accuracy.
2026-05-24 06:03:16,060 [trainer.py] => CNN: {'total': 86.55, '00-19': 84.25, '20-39': 81.5, '40-59': 90.23, '60-79': 90.25, 'old': 85.32, 'new': 90.25}
2026-05-24 06:03:16,060 [trainer.py] => CNN top1 curve: [93.0, 87.75, 87.57, 86.55]
2026-05-24 06:03:16,061 [trainer.py] => CNN top5 curve: [99.25, 99.0, 98.0, 97.69]
2026-05-24 06:03:16,061 [trainer.py] => Average Accuracy (CNN): 88.72
2026-05-24 06:03:16,063 [trainer.py] => All params: 85860097
2026-05-24 06:03:16,065 [trainer.py] => Trainable params: 85860097
2026-05-24 06:03:16,089 [simplecil.py] => Learning on 80-100
2026-05-24 06:05:29,029 [trainer.py] => No NME accuracy.
2026-05-24 06:05:29,030 [trainer.py] => CNN: {'total': 83.93, '00-19': 82.5, '20-39': 81.0, '40-59': 89.72, '60-79': 88.25, '80-99': 78.14, 'old': 85.37, 'new': 78.14}
2026-05-24 06:05:29,030 [trainer.py] => CNN top1 curve: [93.0, 87.75, 87.57, 86.55, 83.93]
2026-05-24 06:05:29,030 [trainer.py] => CNN top5 curve: [99.25, 99.0, 98.0, 97.69, 96.8]
2026-05-24 06:05:29,031 [trainer.py] => Average Accuracy (CNN): 87.76
2026-05-24 06:05:29,033 [trainer.py] => All params: 85875457
2026-05-24 06:05:29,034 [trainer.py] => Trainable params: 85875457
2026-05-24 06:05:29,061 [simplecil.py] => Learning on 100-120
2026-05-24 06:07:50,798 [trainer.py] => No NME accuracy.
2026-05-24 06:07:50,798 [trainer.py] => CNN: {'total': 81.38, '00-19': 80.5, '20-39': 80.25, '40-59': 84.96, '60-79': 86.5, '80-99': 77.39, '100-119': 78.64, 'old': 81.92, 'new': 78.64}
2026-05-24 06:07:50,798 [trainer.py] => CNN top1 curve: [93.0, 87.75, 87.57, 86.55, 83.93, 81.38]
2026-05-24 06:07:50,798 [trainer.py] => CNN top5 curve: [99.25, 99.0, 98.0, 97.69, 96.8, 95.87]
2026-05-24 06:07:50,798 [trainer.py] => Average Accuracy (CNN): 86.7
2026-05-24 06:07:50,799 [trainer.py] => All params: 85890817
2026-05-24 06:07:50,799 [trainer.py] => Trainable params: 85890817
2026-05-24 06:07:50,817 [simplecil.py] => Learning on 120-140
2026-05-24 06:10:19,258 [trainer.py] => No NME accuracy.
2026-05-24 06:10:19,276 [trainer.py] => CNN: {'total': 80.5, '00-19': 79.25, '20-39': 79.75, '40-59': 82.96, '60-79': 84.5, '80-99': 76.38, '100-119': 77.39, '120-139': 83.25, 'old': 80.04, 'new': 83.25}
2026-05-24 06:10:19,276 [trainer.py] => CNN top1 curve: [93.0, 87.75, 87.57, 86.55, 83.93, 81.38, 80.5]
2026-05-24 06:10:19,276 [trainer.py] => CNN top5 curve: [99.25, 99.0, 98.0, 97.69, 96.8, 95.87, 95.1]
2026-05-24 06:10:19,276 [trainer.py] => Average Accuracy (CNN): 85.81
2026-05-24 06:10:19,277 [trainer.py] => All params: 85906177
2026-05-24 06:10:19,278 [trainer.py] => Trainable params: 85906177
2026-05-24 06:10:19,293 [simplecil.py] => Learning on 140-160
2026-05-24 06:12:56,717 [trainer.py] => No NME accuracy.
2026-05-24 06:12:56,746 [trainer.py] => CNN: {'total': 79.3, '00-19': 78.25, '20-39': 79.25, '40-59': 80.95, '60-79': 83.75, '80-99': 75.63, '100-119': 73.62, '120-139': 83.0, '140-159': 79.9, 'old': 79.21, 'new': 79.9}
2026-05-24 06:12:56,747 [trainer.py] => CNN top1 curve: [93.0, 87.75, 87.57, 86.55, 83.93, 81.38, 80.5, 79.3]
2026-05-24 06:12:56,747 [trainer.py] => CNN top5 curve: [99.25, 99.0, 98.0, 97.69, 96.8, 95.87, 95.1, 94.33]
2026-05-24 06:12:56,747 [trainer.py] => Average Accuracy (CNN): 85.0
2026-05-24 06:12:56,749 [trainer.py] => All params: 85921537
2026-05-24 06:12:56,751 [trainer.py] => Trainable params: 85921537
2026-05-24 06:12:56,794 [simplecil.py] => Learning on 160-180
2026-05-24 06:15:32,884 [trainer.py] => No NME accuracy.
2026-05-24 06:15:32,917 [trainer.py] => CNN: {'total': 76.73, '00-19': 74.75, '20-39': 77.25, '40-59': 78.45, '60-79': 82.5, '80-99': 74.87, '100-119': 72.36, '120-139': 82.5, '140-159': 78.64, '160-179': 69.17, 'old': 77.67, 'new': 69.17}
2026-05-24 06:15:32,917 [trainer.py] => CNN top1 curve: [93.0, 87.75, 87.57, 86.55, 83.93, 81.38, 80.5, 79.3, 76.73]
2026-05-24 06:15:32,917 [trainer.py] => CNN top5 curve: [99.25, 99.0, 98.0, 97.69, 96.8, 95.87, 95.1, 94.33, 93.26]
2026-05-24 06:15:32,918 [trainer.py] => Average Accuracy (CNN): 84.08
2026-05-24 06:15:32,920 [trainer.py] => All params: 85936897
2026-05-24 06:15:32,922 [trainer.py] => Trainable params: 85936897
2026-05-24 06:15:32,939 [simplecil.py] => Learning on 180-200
2026-05-24 06:18:16,420 [trainer.py] => No NME accuracy.
2026-05-24 06:18:16,450 [trainer.py] => CNN: {'total': 76.32, '00-19': 74.5, '20-39': 77.0, '40-59': 77.94, '60-79': 80.75, '80-99': 74.37, '100-119': 71.36, '120-139': 82.0, '140-159': 77.14, '160-179': 68.67, '180-199': 79.4, 'old': 75.97, 'new': 79.4}
2026-05-24 06:18:16,451 [trainer.py] => CNN top1 curve: [93.0, 87.75, 87.57, 86.55, 83.93, 81.38, 80.5, 79.3, 76.73, 76.32]
2026-05-24 06:18:16,451 [trainer.py] => CNN top5 curve: [99.25, 99.0, 98.0, 97.69, 96.8, 95.87, 95.1, 94.33, 93.26, 93.26]
2026-05-24 06:18:16,451 [trainer.py] => Average Accuracy (CNN): 83.3
2026-05-24 06:18:16,453 [trainer.py] => All params: 85952257
2026-05-24 06:18:16,455 [trainer.py] => Trainable params: 85952257
2026-05-24 06:18:16,480 [simplecil.py] => Learning on 200-220
2026-05-24 06:21:10,617 [trainer.py] => No NME accuracy.
2026-05-24 06:21:10,640 [trainer.py] => CNN: {'total': 74.12, '00-19': 74.0, '20-39': 75.75, '40-59': 76.44, '60-79': 80.25, '80-99': 73.87, '100-119': 70.6, '120-139': 81.75, '140-159': 76.88, '160-179': 67.67, '180-199': 77.14, '200-219': 60.9, 'old': 75.44, 'new': 60.9}
2026-05-24 06:21:10,640 [trainer.py] => CNN top1 curve: [93.0, 87.75, 87.57, 86.55, 83.93, 81.38, 80.5, 79.3, 76.73, 76.32, 74.12]
2026-05-24 06:21:10,641 [trainer.py] => CNN top5 curve: [99.25, 99.0, 98.0, 97.69, 96.8, 95.87, 95.1, 94.33, 93.26, 93.26, 91.39]
2026-05-24 06:21:10,641 [trainer.py] => Average Accuracy (CNN): 82.47
2026-05-24 06:21:10,643 [trainer.py] => All params: 85967617
2026-05-24 06:21:10,644 [trainer.py] => Trainable params: 85967617
2026-05-24 06:21:10,675 [simplecil.py] => Learning on 220-240
2026-05-24 06:24:13,820 [trainer.py] => No NME accuracy.
2026-05-24 06:24:13,852 [trainer.py] => CNN: {'total': 74.1, '00-19': 73.25, '20-39': 75.75, '40-59': 76.19, '60-79': 80.0, '80-99': 73.87, '100-119': 66.83, '120-139': 80.75, '140-159': 76.13, '160-179': 67.17, '180-199': 76.88, '200-219': 59.4, '220-239': 82.96, 'old': 73.3, 'new': 82.96}
2026-05-24 06:24:13,852 [trainer.py] => CNN top1 curve: [93.0, 87.75, 87.57, 86.55, 83.93, 81.38, 80.5, 79.3, 76.73, 76.32, 74.12, 74.1]
2026-05-24 06:24:13,852 [trainer.py] => CNN top5 curve: [99.25, 99.0, 98.0, 97.69, 96.8, 95.87, 95.1, 94.33, 93.26, 93.26, 91.39, 91.23]
2026-05-24 06:24:13,852 [trainer.py] => Average Accuracy (CNN): 81.77
2026-05-24 06:24:13,853 [trainer.py] => All params: 85982977
2026-05-24 06:24:13,854 [trainer.py] => Trainable params: 85982977
2026-05-24 06:24:13,870 [simplecil.py] => Learning on 240-260
2026-05-24 06:27:21,532 [trainer.py] => No NME accuracy.
2026-05-24 06:27:21,571 [trainer.py] => CNN: {'total': 73.26, '00-19': 73.0, '20-39': 75.5, '40-59': 75.94, '60-79': 78.75, '80-99': 72.61, '100-119': 66.33, '120-139': 77.75, '140-159': 74.87, '160-179': 66.92, '180-199': 76.63, '200-219': 58.65, '220-239': 82.96, '240-259': 72.43, 'old': 73.33, 'new': 72.43}
2026-05-24 06:27:21,572 [trainer.py] => CNN top1 curve: [93.0, 87.75, 87.57, 86.55, 83.93, 81.38, 80.5, 79.3, 76.73, 76.32, 74.12, 74.1, 73.26]
2026-05-24 06:27:21,572 [trainer.py] => CNN top5 curve: [99.25, 99.0, 98.0, 97.69, 96.8, 95.87, 95.1, 94.33, 93.26, 93.26, 91.39, 91.23, 91.31]
2026-05-24 06:27:21,572 [trainer.py] => Average Accuracy (CNN): 81.12
2026-05-24 06:27:21,575 [trainer.py] => All params: 85998337
2026-05-24 06:27:21,576 [trainer.py] => Trainable params: 85998337
2026-05-24 06:27:21,600 [simplecil.py] => Learning on 260-280
2026-05-24 06:30:30,805 [trainer.py] => No NME accuracy.
2026-05-24 06:30:30,840 [trainer.py] => CNN: {'total': 73.06, '00-19': 73.0, '20-39': 75.5, '40-59': 74.69, '60-79': 78.5, '80-99': 72.61, '100-119': 64.57, '120-139': 77.25, '140-159': 72.36, '160-179': 66.17, '180-199': 75.63, '200-219': 57.89, '220-239': 82.96, '240-259': 70.93, '260-279': 80.7, 'old': 72.47, 'new': 80.7}
2026-05-24 06:30:30,840 [trainer.py] => CNN top1 curve: [93.0, 87.75, 87.57, 86.55, 83.93, 81.38, 80.5, 79.3, 76.73, 76.32, 74.12, 74.1, 73.26, 73.06]
2026-05-24 06:30:30,840 [trainer.py] => CNN top5 curve: [99.25, 99.0, 98.0, 97.69, 96.8, 95.87, 95.1, 94.33, 93.26, 93.26, 91.39, 91.23, 91.31, 91.37]
2026-05-24 06:30:30,840 [trainer.py] => Average Accuracy (CNN): 80.54
2026-05-24 06:30:30,841 [trainer.py] => All params: 86013697
2026-05-24 06:30:30,842 [trainer.py] => Trainable params: 86013697
2026-05-24 06:30:30,869 [simplecil.py] => Learning on 280-300
2026-05-24 06:33:39,693 [trainer.py] => No NME accuracy.
2026-05-24 06:33:39,720 [trainer.py] => CNN: {'total': 73.3, '00-19': 72.75, '20-39': 75.25, '40-59': 74.69, '60-79': 78.25, '80-99': 70.85, '100-119': 64.32, '120-139': 77.25, '140-159': 72.36, '160-179': 65.91, '180-199': 75.38, '200-219': 57.64, '220-239': 82.96, '240-259': 70.68, '260-279': 79.95, '280-299': 81.2, 'old': 72.74, 'new': 81.2}
2026-05-24 06:33:39,720 [trainer.py] => CNN top1 curve: [93.0, 87.75, 87.57, 86.55, 83.93, 81.38, 80.5, 79.3, 76.73, 76.32, 74.12, 74.1, 73.26, 73.06, 73.3]
2026-05-24 06:33:39,720 [trainer.py] => CNN top5 curve: [99.25, 99.0, 98.0, 97.69, 96.8, 95.87, 95.1, 94.33, 93.26, 93.26, 91.39, 91.23, 91.31, 91.37, 91.46]
2026-05-24 06:33:39,720 [trainer.py] => Average Accuracy (CNN): 80.06
