2026-05-24 16:47:13,264 [trainer.py] => config: ./configs/simplecil/simplecil_vtab_B0_Inc10.json
2026-05-24 16:47:13,264 [trainer.py] => prefix:  
2026-05-24 16:47:13,264 [trainer.py] => dataset: vtab
2026-05-24 16:47:13,264 [trainer.py] => memory_size: 0
2026-05-24 16:47:13,264 [trainer.py] => memory_per_class: 0
2026-05-24 16:47:13,264 [trainer.py] => fixed_memory: False
2026-05-24 16:47:13,264 [trainer.py] => shuffle: True
2026-05-24 16:47:13,264 [trainer.py] => init_cls: 10
2026-05-24 16:47:13,265 [trainer.py] => increment: 10
2026-05-24 16:47:13,265 [trainer.py] => model_name: simplecil
2026-05-24 16:47:13,265 [trainer.py] => backbone_type: pretrained_vit_b16_224_in21k
2026-05-24 16:47:13,265 [trainer.py] => device: [device(type='cuda', index=2)]
2026-05-24 16:47:13,265 [trainer.py] => seed: 1993
2026-05-24 16:47:13,265 [trainer.py] => tuned_epoch: 20
2026-05-24 16:47:13,265 [trainer.py] => init_lr: 0.01
2026-05-24 16:47:13,265 [trainer.py] => batch_size: 48
2026-05-24 16:47:13,265 [trainer.py] => weight_decay: 0.05
2026-05-24 16:47:13,265 [trainer.py] => min_lr: 1e-08
2026-05-24 16:47:13,265 [trainer.py] => optimizer: sgd
2026-05-24 16:47:13,265 [trainer.py] => vpt_type: shallow
2026-05-24 16:47:13,265 [trainer.py] => prompt_token_num: 3
2026-05-24 16:47:13,265 [trainer.py] => nb_classes: 50
2026-05-24 16:47:13,265 [trainer.py] => nb_tasks: 5
2026-05-24 16:47:13,346 [data_manager.py] => [43, 41, 23, 14, 13, 40, 42, 22, 16, 45, 17, 10, 27, 46, 35, 8, 2, 34, 1, 37, 21, 0, 18, 36, 38, 24, 12, 6, 15, 20, 25, 48, 30, 19, 44, 26, 7, 28, 11, 5, 32, 4, 9, 47, 39, 31, 3, 29, 49, 33]
2026-05-24 16:47:20,079 [trainer.py] => All params: 85798656
2026-05-24 16:47:20,080 [trainer.py] => Trainable params: 85798656
2026-05-24 16:47:20,090 [simplecil.py] => Learning on 0-10
2026-05-24 16:47:35,711 [trainer.py] => No NME accuracy.
2026-05-24 16:47:35,711 [trainer.py] => CNN: {'total': 98.79, '00-09': 98.79, 'old': 0, 'new': 98.79}
2026-05-24 16:47:35,711 [trainer.py] => CNN top1 curve: [98.79]
2026-05-24 16:47:35,711 [trainer.py] => CNN top5 curve: [99.64]
2026-05-24 16:47:35,711 [trainer.py] => Average Accuracy (CNN): 98.79
2026-05-24 16:47:35,712 [trainer.py] => All params: 85806337
2026-05-24 16:47:35,712 [trainer.py] => Trainable params: 85806337
2026-05-24 16:47:35,735 [simplecil.py] => Learning on 10-20
2026-05-24 16:48:23,400 [trainer.py] => No NME accuracy.
2026-05-24 16:48:23,400 [trainer.py] => CNN: {'total': 94.56, '00-09': 98.18, '10-19': 93.07, 'old': 98.18, 'new': 93.07}
2026-05-24 16:48:23,400 [trainer.py] => CNN top1 curve: [98.79, 94.56]
2026-05-24 16:48:23,400 [trainer.py] => CNN top5 curve: [99.64, 99.61]
2026-05-24 16:48:23,400 [trainer.py] => Average Accuracy (CNN): 96.68
2026-05-24 16:48:23,401 [trainer.py] => All params: 85814017
2026-05-24 16:48:23,401 [trainer.py] => Trainable params: 85814017
2026-05-24 16:48:23,419 [simplecil.py] => Learning on 20-30
2026-05-24 16:49:41,359 [trainer.py] => No NME accuracy.
2026-05-24 16:49:41,360 [trainer.py] => CNN: {'total': 88.37, '00-09': 95.64, '10-19': 90.6, '20-29': 81.94, 'old': 92.06, 'new': 81.94}
2026-05-24 16:49:41,360 [trainer.py] => CNN top1 curve: [98.79, 94.56, 88.37]
2026-05-24 16:49:41,361 [trainer.py] => CNN top5 curve: [99.64, 99.61, 99.33]
2026-05-24 16:49:41,361 [trainer.py] => Average Accuracy (CNN): 93.91
2026-05-24 16:49:41,363 [trainer.py] => All params: 85821697
2026-05-24 16:49:41,365 [trainer.py] => Trainable params: 85821697
2026-05-24 16:49:41,387 [simplecil.py] => Learning on 30-40
2026-05-24 16:51:15,094 [trainer.py] => No NME accuracy.
2026-05-24 16:51:15,094 [trainer.py] => CNN: {'total': 87.85, '00-09': 94.55, '10-19': 90.25, '20-29': 78.57, '30-39': 91.68, 'old': 86.79, 'new': 91.68}
2026-05-24 16:51:15,094 [trainer.py] => CNN top1 curve: [98.79, 94.56, 88.37, 87.85]
2026-05-24 16:51:15,094 [trainer.py] => CNN top5 curve: [99.64, 99.61, 99.33, 98.97]
2026-05-24 16:51:15,094 [trainer.py] => Average Accuracy (CNN): 92.39
2026-05-24 16:51:15,095 [trainer.py] => All params: 85829377
2026-05-24 16:51:15,095 [trainer.py] => Trainable params: 85829377
2026-05-24 16:51:15,118 [simplecil.py] => Learning on 40-50
2026-05-24 16:53:41,819 [trainer.py] => No NME accuracy.
2026-05-24 16:53:41,820 [trainer.py] => CNN: {'total': 84.45, '00-09': 94.55, '10-19': 86.79, '20-29': 74.34, '30-39': 90.8, '40-49': 82.9, 'old': 85.24, 'new': 82.9}
2026-05-24 16:53:41,820 [trainer.py] => CNN top1 curve: [98.79, 94.56, 88.37, 87.85, 84.45]
2026-05-24 16:53:41,820 [trainer.py] => CNN top5 curve: [99.64, 99.61, 99.33, 98.97, 98.31]
2026-05-24 16:53:41,820 [trainer.py] => Average Accuracy (CNN): 90.8
