2026-05-30 01:00:55,055 [trainer.py] => config: ./configs/bilora/bilora_cifar_B50_Inc10.json
2026-05-30 01:00:55,055 [trainer.py] => prefix: reproduce
2026-05-30 01:00:55,055 [trainer.py] => dataset: cifar224
2026-05-30 01:00:55,055 [trainer.py] => data_path: /home/team/zhaohongwei/Dataset
2026-05-30 01:00:55,055 [trainer.py] => memory_size: 0
2026-05-30 01:00:55,055 [trainer.py] => memory_per_class: 0
2026-05-30 01:00:55,055 [trainer.py] => fixed_memory: True
2026-05-30 01:00:55,055 [trainer.py] => shuffle: True
2026-05-30 01:00:55,055 [trainer.py] => init_cls: 50
2026-05-30 01:00:55,055 [trainer.py] => increment: 10
2026-05-30 01:00:55,055 [trainer.py] => model_name: bilora
2026-05-30 01:00:55,055 [trainer.py] => backbone_type: vit_base_patch16_224_in21k_bilora
2026-05-30 01:00:55,055 [trainer.py] => net_type: sip
2026-05-30 01:00:55,055 [trainer.py] => embd_dim: 768
2026-05-30 01:00:55,055 [trainer.py] => num_heads: 12
2026-05-30 01:00:55,056 [trainer.py] => total_sessions: 6
2026-05-30 01:00:55,056 [trainer.py] => device: [device(type='cuda', index=1)]
2026-05-30 01:00:55,056 [trainer.py] => seed: 1993
2026-05-30 01:00:55,056 [trainer.py] => EPSILON: 1e-08
2026-05-30 01:00:55,056 [trainer.py] => init_epoch: 40
2026-05-30 01:00:55,056 [trainer.py] => optim: adam
2026-05-30 01:00:55,056 [trainer.py] => init_lr: 0.0005
2026-05-30 01:00:55,056 [trainer.py] => init_lr_decay: 0.1
2026-05-30 01:00:55,056 [trainer.py] => init_weight_decay: 0.0
2026-05-30 01:00:55,056 [trainer.py] => epochs: 20
2026-05-30 01:00:55,056 [trainer.py] => lrate: 0.0005
2026-05-30 01:00:55,056 [trainer.py] => lrate_decay: 0.1
2026-05-30 01:00:55,056 [trainer.py] => batch_size: 128
2026-05-30 01:00:55,056 [trainer.py] => weight_decay: 0.0
2026-05-30 01:00:55,056 [trainer.py] => rank: 10
2026-05-30 01:00:55,056 [trainer.py] => lamb: 0.95
2026-05-30 01:00:55,056 [trainer.py] => lame: 1.0
2026-05-30 01:00:55,056 [trainer.py] => num_workers: 16
2026-05-30 01:00:55,056 [trainer.py] => nb_classes: 100
2026-05-30 01:00:55,056 [trainer.py] => nb_tasks: 6
2026-05-30 01:00:56,144 [data_manager.py] => [68, 56, 78, 8, 23, 84, 90, 65, 74, 76, 40, 89, 3, 92, 55, 9, 26, 80, 43, 38, 58, 70, 77, 1, 85, 19, 17, 50, 28, 53, 13, 81, 45, 82, 6, 59, 83, 16, 15, 44, 91, 41, 72, 60, 79, 52, 20, 10, 31, 54, 37, 95, 14, 71, 96, 98, 97, 2, 64, 66, 42, 22, 35, 86, 24, 34, 87, 21, 99, 0, 88, 27, 18, 94, 11, 12, 47, 25, 30, 46, 62, 69, 36, 61, 7, 63, 75, 5, 32, 4, 51, 48, 73, 93, 39, 67, 29, 49, 57, 33]
2026-05-30 01:01:03,046 [trainer.py] => All params: 110459691
2026-05-30 01:01:03,048 [trainer.py] => Trainable params: 110459691
2026-05-30 01:01:03,048 [bilora.py] => Learning on 0-50
2026-05-30 03:01:37,171 [bilora.py] => Task 0, Epoch 40/40 => Loss 0.384, Train_accy 88.92
2026-05-30 03:03:17,006 [trainer.py] => Timing Task 0 => Train 7316.83s, Epochs 40, Train 182.9208s/epoch, Inference 17.12s, Images 5000, Inference 3.4248ms/image
2026-05-30 03:03:17,006 [bilora.py] => Exemplar size: 0
2026-05-30 03:03:17,007 [trainer.py] => No NME accuracy.
2026-05-30 03:03:17,007 [trainer.py] => CNN: {'total': 95.58, '00-49': 95.58, 'old': 0, 'new': 95.58}
2026-05-30 03:03:17,007 [trainer.py] => CNN top1 curve: [95.58]
2026-05-30 03:03:17,007 [trainer.py] => CNN top1 with task curve: [95.58]
2026-05-30 03:03:17,007 [trainer.py] => CNN top1 task curve: [1.0]
2026-05-30 03:03:17,007 [trainer.py] => CNN top5 curve: [99.54]
2026-05-30 03:03:17,007 [trainer.py] => Average Accuracy (CNN): 95.58
2026-05-30 03:03:17,013 [trainer.py] => All params: 110459691
2026-05-30 03:03:17,017 [trainer.py] => Trainable params: 110450
2026-05-30 03:03:17,017 [bilora.py] => Learning on 50-60
2026-05-30 03:16:00,747 [bilora.py] => Task 1, Epoch 20/20 => Loss 0.165, Train_accy 94.36
2026-05-30 03:16:39,523 [trainer.py] => Timing Task 1 => Train 781.59s, Epochs 20, Train 39.0794s/epoch, Inference 20.92s, Images 6000, Inference 3.4863ms/image
2026-05-30 03:16:39,523 [bilora.py] => Exemplar size: 0
2026-05-30 03:16:39,523 [trainer.py] => No NME accuracy.
2026-05-30 03:16:39,523 [trainer.py] => CNN: {'total': 93.93, '00-49': 94.82, '50-59': 89.5, 'old': 94.82, 'new': 89.5}
2026-05-30 03:16:39,523 [trainer.py] => CNN top1 curve: [95.58, 93.93]
2026-05-30 03:16:39,523 [trainer.py] => CNN top1 with task curve: [95.58, 95.97]
2026-05-30 03:16:39,523 [trainer.py] => CNN top1 task curve: [1.0, 0.976]
2026-05-30 03:16:39,523 [trainer.py] => CNN top5 curve: [99.54, 99.42]
2026-05-30 03:16:39,524 [trainer.py] => Average Accuracy (CNN): 94.76
2026-05-30 03:16:39,525 [trainer.py] => All params: 110459691
2026-05-30 03:16:39,527 [trainer.py] => Trainable params: 110450
2026-05-30 03:16:39,527 [bilora.py] => Learning on 60-70
2026-05-30 03:29:30,186 [bilora.py] => Task 2, Epoch 20/20 => Loss 0.130, Train_accy 95.88
2026-05-30 03:30:13,506 [trainer.py] => Timing Task 2 => Train 788.78s, Epochs 20, Train 39.4390s/epoch, Inference 25.20s, Images 7000, Inference 3.5998ms/image
2026-05-30 03:30:13,507 [bilora.py] => Exemplar size: 0
2026-05-30 03:30:13,507 [trainer.py] => No NME accuracy.
2026-05-30 03:30:13,507 [trainer.py] => CNN: {'total': 80.2, '00-49': 94.56, '50-59': 88.6, '60-69': 0.0, 'old': 93.57, 'new': 0.0}
2026-05-30 03:30:13,507 [trainer.py] => CNN top1 curve: [95.58, 93.93, 80.2]
2026-05-30 03:30:13,507 [trainer.py] => CNN top1 with task curve: [95.58, 95.97, 82.21]
2026-05-30 03:30:13,507 [trainer.py] => CNN top1 task curve: [1.0, 0.976, 0.8403]
2026-05-30 03:30:13,507 [trainer.py] => CNN top5 curve: [99.54, 99.42, 85.14]
2026-05-30 03:30:13,507 [trainer.py] => Average Accuracy (CNN): 89.9
2026-05-30 03:30:13,509 [trainer.py] => All params: 110459691
2026-05-30 03:30:13,510 [trainer.py] => Trainable params: 110450
2026-05-30 03:30:13,510 [bilora.py] => Learning on 70-80
2026-05-30 03:43:15,169 [bilora.py] => Task 3, Epoch 20/20 => Loss 0.164, Train_accy 94.50
2026-05-30 03:44:03,027 [trainer.py] => Timing Task 3 => Train 800.56s, Epochs 20, Train 40.0279s/epoch, Inference 28.96s, Images 8000, Inference 3.6197ms/image
2026-05-30 03:44:03,028 [bilora.py] => Exemplar size: 0
2026-05-30 03:44:03,028 [trainer.py] => No NME accuracy.
2026-05-30 03:44:03,028 [trainer.py] => CNN: {'total': 69.94, '00-49': 94.36, '50-59': 87.7, '60-69': 0.0, '70-79': 0.0, 'old': 79.93, 'new': 0.0}
2026-05-30 03:44:03,029 [trainer.py] => CNN top1 curve: [95.58, 93.93, 80.2, 69.94]
2026-05-30 03:44:03,029 [trainer.py] => CNN top1 with task curve: [95.58, 95.97, 82.21, 71.9]
2026-05-30 03:44:03,029 [trainer.py] => CNN top1 task curve: [1.0, 0.976, 0.8403, 0.7445]
2026-05-30 03:44:03,029 [trainer.py] => CNN top5 curve: [99.54, 99.42, 85.14, 74.4]
2026-05-30 03:44:03,029 [trainer.py] => Average Accuracy (CNN): 84.91
2026-05-30 03:44:03,034 [trainer.py] => All params: 110459691
2026-05-30 03:44:03,037 [trainer.py] => Trainable params: 110450
2026-05-30 03:44:03,037 [bilora.py] => Learning on 80-90
2026-05-30 03:57:08,123 [bilora.py] => Task 4, Epoch 20/20 => Loss 0.171, Train_accy 94.74
2026-05-30 03:58:01,554 [trainer.py] => Timing Task 4 => Train 804.21s, Epochs 20, Train 40.2107s/epoch, Inference 34.30s, Images 9000, Inference 3.8114ms/image
2026-05-30 03:58:01,554 [bilora.py] => Exemplar size: 0
2026-05-30 03:58:01,555 [trainer.py] => No NME accuracy.
2026-05-30 03:58:01,555 [trainer.py] => CNN: {'total': 61.92, '00-49': 94.2, '50-59': 86.3, '60-69': 0.0, '70-79': 0.0, '80-89': 0.0, 'old': 69.66, 'new': 0.0}
2026-05-30 03:58:01,555 [trainer.py] => CNN top1 curve: [95.58, 93.93, 80.2, 69.94, 61.92]
2026-05-30 03:58:01,555 [trainer.py] => CNN top1 with task curve: [95.58, 95.97, 82.21, 71.9, 63.93]
2026-05-30 03:58:01,555 [trainer.py] => CNN top1 task curve: [1.0, 0.976, 0.8403, 0.7445, 0.6598]
2026-05-30 03:58:01,555 [trainer.py] => CNN top5 curve: [99.54, 99.42, 85.14, 74.4, 66.1]
2026-05-30 03:58:01,555 [trainer.py] => Average Accuracy (CNN): 80.31
2026-05-30 03:58:01,560 [trainer.py] => All params: 110459691
2026-05-30 03:58:01,562 [trainer.py] => Trainable params: 110450
2026-05-30 03:58:01,563 [bilora.py] => Learning on 90-100
2026-05-30 04:11:22,743 [bilora.py] => Task 5, Epoch 20/20 => Loss 0.176, Train_accy 94.16
2026-05-30 04:12:21,344 [trainer.py] => Timing Task 5 => Train 821.08s, Epochs 20, Train 41.0538s/epoch, Inference 38.70s, Images 10000, Inference 3.8704ms/image
2026-05-30 04:12:21,344 [bilora.py] => Exemplar size: 0
2026-05-30 04:12:21,344 [trainer.py] => No NME accuracy.
2026-05-30 04:12:21,345 [trainer.py] => CNN: {'total': 55.77, '00-49': 93.9, '50-59': 88.2, '60-69': 0.0, '70-79': 0.0, '80-89': 0.0, '90-99': 0.0, 'old': 61.97, 'new': 0.0}
2026-05-30 04:12:21,345 [trainer.py] => CNN top1 curve: [95.58, 93.93, 80.2, 69.94, 61.92, 55.77]
2026-05-30 04:12:21,345 [trainer.py] => CNN top1 with task curve: [95.58, 95.97, 82.21, 71.9, 63.93, 57.52]
2026-05-30 04:12:21,345 [trainer.py] => CNN top1 task curve: [1.0, 0.976, 0.8403, 0.7445, 0.6598, 0.5964]
2026-05-30 04:12:21,345 [trainer.py] => CNN top5 curve: [99.54, 99.42, 85.14, 74.4, 66.1, 59.47]
2026-05-30 04:12:21,345 [trainer.py] => Average Accuracy (CNN): 76.22
2026-05-30 04:12:21,346 [trainer.py] => Total Train Time: 11313.05s
2026-05-30 04:12:21,346 [trainer.py] => Total Inference Time: 165.21s
2026-05-30 04:12:21,346 [trainer.py] => Average Training Time per Epoch per Incremental Task: 63.7886s
2026-05-30 04:12:21,346 [trainer.py] => Average Inference Time: 3.6712ms/image
2026-05-30 04:12:21,346 [trainer.py] => Mean Task Inference Time: 3.6354ms/image
