2026-05-31 14:40:36,512 [trainer.py] => config: ./configs/bilora/bilora_cub_B100_Inc5.json
2026-05-31 14:40:36,513 [trainer.py] => prefix: reproduce
2026-05-31 14:40:36,513 [trainer.py] => dataset: cub
2026-05-31 14:40:36,513 [trainer.py] => data_path: /home/team/zhaohongwei/Dataset/cub
2026-05-31 14:40:36,513 [trainer.py] => memory_size: 0
2026-05-31 14:40:36,513 [trainer.py] => memory_per_class: 0
2026-05-31 14:40:36,513 [trainer.py] => fixed_memory: True
2026-05-31 14:40:36,513 [trainer.py] => shuffle: True
2026-05-31 14:40:36,513 [trainer.py] => init_cls: 100
2026-05-31 14:40:36,513 [trainer.py] => increment: 5
2026-05-31 14:40:36,513 [trainer.py] => model_name: bilora
2026-05-31 14:40:36,513 [trainer.py] => backbone_type: vit_base_patch16_224_in21k_bilora
2026-05-31 14:40:36,513 [trainer.py] => net_type: sip
2026-05-31 14:40:36,513 [trainer.py] => embd_dim: 768
2026-05-31 14:40:36,513 [trainer.py] => num_heads: 12
2026-05-31 14:40:36,513 [trainer.py] => total_sessions: 21
2026-05-31 14:40:36,513 [trainer.py] => device: [device(type='cuda', index=2)]
2026-05-31 14:40:36,513 [trainer.py] => seed: 1993
2026-05-31 14:40:36,513 [trainer.py] => EPSILON: 1e-08
2026-05-31 14:40:36,513 [trainer.py] => init_epoch: 50
2026-05-31 14:40:36,513 [trainer.py] => optim: adam
2026-05-31 14:40:36,513 [trainer.py] => init_lr: 0.0005
2026-05-31 14:40:36,513 [trainer.py] => init_lr_decay: 0.1
2026-05-31 14:40:36,513 [trainer.py] => init_weight_decay: 0.0
2026-05-31 14:40:36,513 [trainer.py] => epochs: 50
2026-05-31 14:40:36,513 [trainer.py] => lrate: 0.0005
2026-05-31 14:40:36,513 [trainer.py] => lrate_decay: 0.1
2026-05-31 14:40:36,513 [trainer.py] => batch_size: 128
2026-05-31 14:40:36,513 [trainer.py] => weight_decay: 0.0
2026-05-31 14:40:36,514 [trainer.py] => rank: 10
2026-05-31 14:40:36,514 [trainer.py] => lamb: 0.98
2026-05-31 14:40:36,514 [trainer.py] => lame: 1.0
2026-05-31 14:40:36,514 [trainer.py] => num_workers: 16
2026-05-31 14:40:36,514 [trainer.py] => nb_classes: 200
2026-05-31 14:40:36,514 [trainer.py] => nb_tasks: 21
2026-05-31 14:40:36,555 [data_manager.py] => [168, 136, 51, 9, 183, 101, 171, 99, 42, 159, 191, 70, 16, 188, 27, 10, 175, 26, 68, 187, 98, 6, 85, 35, 112, 43, 100, 0, 103, 181, 88, 59, 4, 2, 116, 174, 94, 80, 106, 1, 147, 17, 141, 131, 72, 23, 173, 54, 197, 118, 87, 32, 79, 104, 91, 19, 135, 107, 178, 36, 11, 199, 142, 8, 122, 3, 28, 57, 153, 172, 190, 56, 49, 44, 97, 62, 151, 169, 194, 55, 192, 12, 189, 78, 66, 180, 15, 137, 109, 134, 92, 119, 126, 52, 170, 40, 148, 65, 144, 64, 138, 45, 77, 89, 154, 90, 71, 193, 74, 30, 113, 143, 96, 84, 67, 50, 186, 156, 69, 21, 18, 111, 108, 58, 125, 157, 150, 110, 182, 129, 166, 83, 81, 60, 13, 165, 14, 176, 63, 117, 5, 22, 145, 121, 38, 41, 82, 127, 114, 20, 31, 53, 37, 163, 196, 130, 152, 162, 86, 76, 24, 34, 184, 149, 33, 128, 198, 155, 146, 167, 139, 120, 140, 102, 47, 25, 158, 123, 46, 164, 61, 7, 115, 75, 133, 160, 105, 132, 179, 124, 48, 73, 93, 39, 95, 195, 29, 177, 185, 161]
2026-05-31 14:40:40,685 [trainer.py] => All params: 119837691
2026-05-31 14:40:40,689 [trainer.py] => Trainable params: 119837691
2026-05-31 14:40:40,689 [bilora.py] => Learning on 0-100
2026-05-31 15:45:05,819 [bilora.py] => Task 0, Epoch 50/50 => Loss 0.167, Train_accy 95.68
2026-05-31 15:45:52,267 [trainer.py] => Timing Task 0 => Train 3901.43s, Epochs 50, Train 78.0286s/epoch, Inference 10.15s, Images 1188, Inference 8.5424ms/image
2026-05-31 15:45:52,267 [bilora.py] => Exemplar size: 0
2026-05-31 15:45:52,267 [trainer.py] => No NME accuracy.
2026-05-31 15:45:52,268 [trainer.py] => CNN: {'total': 92.26, '00-99': 92.26, 'old': 0, 'new': 92.26}
2026-05-31 15:45:52,268 [trainer.py] => CNN top1 curve: [92.26]
2026-05-31 15:45:52,268 [trainer.py] => CNN top1 with task curve: [92.26]
2026-05-31 15:45:52,268 [trainer.py] => CNN top1 task curve: [1.0]
2026-05-31 15:45:52,268 [trainer.py] => CNN top5 curve: [99.33]
2026-05-31 15:45:52,268 [trainer.py] => Average Accuracy (CNN): 92.26
2026-05-31 15:45:52,280 [trainer.py] => All params: 119837691
2026-05-31 15:45:52,288 [trainer.py] => Trainable params: 148900
2026-05-31 15:45:52,288 [bilora.py] => Learning on 100-105
2026-05-31 15:50:21,186 [bilora.py] => Task 1, Epoch 50/50 => Loss 0.064, Train_accy 98.37
2026-05-31 15:50:36,517 [trainer.py] => Timing Task 1 => Train 272.11s, Epochs 50, Train 5.4423s/epoch, Inference 12.12s, Images 1242, Inference 9.7552ms/image
2026-05-31 15:50:36,518 [bilora.py] => Exemplar size: 0
2026-05-31 15:50:36,518 [trainer.py] => No NME accuracy.
2026-05-31 15:50:36,518 [trainer.py] => CNN: {'total': 91.3, '00-99': 92.51, '100-104': 64.81, 'old': 92.51, 'new': 64.81}
2026-05-31 15:50:36,518 [trainer.py] => CNN top1 curve: [92.26, 91.3]
2026-05-31 15:50:36,518 [trainer.py] => CNN top1 with task curve: [92.26, 92.75]
2026-05-31 15:50:36,518 [trainer.py] => CNN top1 task curve: [1.0, 0.9831]
2026-05-31 15:50:36,518 [trainer.py] => CNN top5 curve: [99.33, 98.95]
2026-05-31 15:50:36,518 [trainer.py] => Average Accuracy (CNN): 91.78
2026-05-31 15:50:36,523 [trainer.py] => All params: 119837691
2026-05-31 15:50:36,528 [trainer.py] => Trainable params: 148900
2026-05-31 15:50:36,528 [bilora.py] => Learning on 105-110
2026-05-31 15:55:14,313 [bilora.py] => Task 2, Epoch 50/50 => Loss 0.109, Train_accy 96.61
2026-05-31 15:55:31,588 [trainer.py] => Timing Task 2 => Train 281.15s, Epochs 50, Train 5.6229s/epoch, Inference 13.91s, Images 1303, Inference 10.6789ms/image
2026-05-31 15:55:31,589 [bilora.py] => Exemplar size: 0
2026-05-31 15:55:31,589 [trainer.py] => No NME accuracy.
2026-05-31 15:55:31,589 [trainer.py] => CNN: {'total': 86.88, '00-99': 92.42, '100-104': 62.96, '105-109': 0.0, 'old': 91.14, 'new': 0.0}
2026-05-31 15:55:31,589 [trainer.py] => CNN top1 curve: [92.26, 91.3, 86.88]
2026-05-31 15:55:31,589 [trainer.py] => CNN top1 with task curve: [92.26, 92.75, 88.33]
2026-05-31 15:55:31,589 [trainer.py] => CNN top1 task curve: [1.0, 0.9831, 0.9363]
2026-05-31 15:55:31,589 [trainer.py] => CNN top5 curve: [99.33, 98.95, 94.24]
2026-05-31 15:55:31,589 [trainer.py] => Average Accuracy (CNN): 90.15
2026-05-31 15:55:31,596 [trainer.py] => All params: 119837691
2026-05-31 15:55:31,602 [trainer.py] => Trainable params: 148900
2026-05-31 15:55:31,602 [bilora.py] => Learning on 110-115
2026-05-31 16:00:23,226 [bilora.py] => Task 3, Epoch 50/50 => Loss 0.094, Train_accy 97.87
2026-05-31 16:00:43,498 [trainer.py] => Timing Task 3 => Train 295.30s, Epochs 50, Train 5.9060s/epoch, Inference 16.60s, Images 1367, Inference 12.1416ms/image
2026-05-31 16:00:43,498 [bilora.py] => Exemplar size: 0
2026-05-31 16:00:43,498 [trainer.py] => No NME accuracy.
2026-05-31 16:00:43,498 [trainer.py] => CNN: {'total': 82.52, '00-99': 92.17, '100-104': 61.11, '105-109': 0.0, '110-114': 0.0, 'old': 86.57, 'new': 0.0}
2026-05-31 16:00:43,498 [trainer.py] => CNN top1 curve: [92.26, 91.3, 86.88, 82.52]
2026-05-31 16:00:43,498 [trainer.py] => CNN top1 with task curve: [92.26, 92.75, 88.33, 83.98]
2026-05-31 16:00:43,498 [trainer.py] => CNN top1 task curve: [1.0, 0.9831, 0.9363, 0.8903]
2026-05-31 16:00:43,498 [trainer.py] => CNN top5 curve: [99.33, 98.95, 94.24, 89.83]
2026-05-31 16:00:43,498 [trainer.py] => Average Accuracy (CNN): 88.24
2026-05-31 16:00:43,503 [trainer.py] => All params: 119837691
2026-05-31 16:00:43,508 [trainer.py] => Trainable params: 148900
2026-05-31 16:00:43,509 [bilora.py] => Learning on 115-120
2026-05-31 16:05:50,240 [bilora.py] => Task 4, Epoch 50/50 => Loss 0.063, Train_accy 97.88
2026-05-31 16:06:13,253 [trainer.py] => Timing Task 4 => Train 310.77s, Epochs 50, Train 6.2153s/epoch, Inference 18.98s, Images 1416, Inference 13.4020ms/image
2026-05-31 16:06:13,254 [bilora.py] => Exemplar size: 0
2026-05-31 16:06:13,254 [trainer.py] => No NME accuracy.
2026-05-31 16:06:13,254 [trainer.py] => CNN: {'total': 79.52, '00-99': 92.0, '100-104': 61.11, '105-109': 0.0, '110-114': 0.0, '115-119': 0.0, 'old': 82.37, 'new': 0.0}
2026-05-31 16:06:13,254 [trainer.py] => CNN top1 curve: [92.26, 91.3, 86.88, 82.52, 79.52]
2026-05-31 16:06:13,254 [trainer.py] => CNN top1 with task curve: [92.26, 92.75, 88.33, 83.98, 80.93]
2026-05-31 16:06:13,255 [trainer.py] => CNN top1 task curve: [1.0, 0.9831, 0.9363, 0.8903, 0.8609]
2026-05-31 16:06:13,255 [trainer.py] => CNN top5 curve: [99.33, 98.95, 94.24, 89.83, 86.58]
2026-05-31 16:06:13,255 [trainer.py] => Average Accuracy (CNN): 86.5
2026-05-31 16:06:13,267 [trainer.py] => All params: 119837691
2026-05-31 16:06:13,274 [trainer.py] => Trainable params: 148900
2026-05-31 16:06:13,275 [bilora.py] => Learning on 120-125
2026-05-31 16:11:39,856 [bilora.py] => Task 5, Epoch 50/50 => Loss 0.068, Train_accy 97.99
2026-05-31 16:12:04,518 [trainer.py] => Timing Task 5 => Train 331.08s, Epochs 50, Train 6.6217s/epoch, Inference 20.16s, Images 1465, Inference 13.7603ms/image
2026-05-31 16:12:04,519 [bilora.py] => Exemplar size: 0
2026-05-31 16:12:04,519 [trainer.py] => No NME accuracy.
2026-05-31 16:12:04,519 [trainer.py] => CNN: {'total': 76.72, '00-99': 91.67, '100-104': 64.81, '105-109': 0.0, '110-114': 0.0, '115-119': 0.0, '120-124': 0.0, 'old': 79.38, 'new': 0.0}
2026-05-31 16:12:04,520 [trainer.py] => CNN top1 curve: [92.26, 91.3, 86.88, 82.52, 79.52, 76.72]
2026-05-31 16:12:04,520 [trainer.py] => CNN top1 with task curve: [92.26, 92.75, 88.33, 83.98, 80.93, 78.02]
2026-05-31 16:12:04,520 [trainer.py] => CNN top1 task curve: [1.0, 0.9831, 0.9363, 0.8903, 0.8609, 0.8307]
2026-05-31 16:12:04,520 [trainer.py] => CNN top5 curve: [99.33, 98.95, 94.24, 89.83, 86.58, 83.55]
2026-05-31 16:12:04,520 [trainer.py] => Average Accuracy (CNN): 84.87
2026-05-31 16:12:04,531 [trainer.py] => All params: 119837691
2026-05-31 16:12:04,538 [trainer.py] => Trainable params: 148900
2026-05-31 16:12:04,539 [bilora.py] => Learning on 125-130
2026-05-31 16:17:30,874 [bilora.py] => Task 6, Epoch 50/50 => Loss 0.135, Train_accy 94.85
2026-05-31 16:17:58,657 [trainer.py] => Timing Task 6 => Train 331.10s, Epochs 50, Train 6.6220s/epoch, Inference 23.02s, Images 1523, Inference 15.1151ms/image
2026-05-31 16:17:58,657 [bilora.py] => Exemplar size: 0
2026-05-31 16:17:58,658 [trainer.py] => No NME accuracy.
2026-05-31 16:17:58,658 [trainer.py] => CNN: {'total': 73.87, '00-99': 92.0, '100-104': 59.26, '105-109': 0.0, '110-114': 0.0, '115-119': 0.0, '120-124': 0.0, '125-129': 0.0, 'old': 76.79, 'new': 0.0}
2026-05-31 16:17:58,658 [trainer.py] => CNN top1 curve: [92.26, 91.3, 86.88, 82.52, 79.52, 76.72, 73.87]
2026-05-31 16:17:58,658 [trainer.py] => CNN top1 with task curve: [92.26, 92.75, 88.33, 83.98, 80.93, 78.02, 75.38]
2026-05-31 16:17:58,658 [trainer.py] => CNN top1 task curve: [1.0, 0.9831, 0.9363, 0.8903, 0.8609, 0.8307, 0.7938]
2026-05-31 16:17:58,658 [trainer.py] => CNN top5 curve: [99.33, 98.95, 94.24, 89.83, 86.58, 83.55, 80.43]
2026-05-31 16:17:58,658 [trainer.py] => Average Accuracy (CNN): 83.3
2026-05-31 16:17:58,670 [trainer.py] => All params: 119837691
2026-05-31 16:17:58,677 [trainer.py] => Trainable params: 148900
2026-05-31 16:17:58,677 [bilora.py] => Learning on 130-135
2026-05-31 16:23:33,802 [bilora.py] => Task 7, Epoch 50/50 => Loss 0.102, Train_accy 97.85
2026-05-31 16:24:03,613 [trainer.py] => Timing Task 7 => Train 339.96s, Epochs 50, Train 6.7993s/epoch, Inference 24.97s, Images 1583, Inference 15.7748ms/image
2026-05-31 16:24:03,613 [bilora.py] => Exemplar size: 0
2026-05-31 16:24:03,613 [trainer.py] => No NME accuracy.
2026-05-31 16:24:03,613 [trainer.py] => CNN: {'total': 71.13, '00-99': 92.09, '100-104': 59.26, '105-109': 0.0, '110-114': 0.0, '115-119': 0.0, '120-124': 0.0, '125-129': 0.0, '130-134': 0.0, 'old': 73.93, 'new': 0.0}
2026-05-31 16:24:03,613 [trainer.py] => CNN top1 curve: [92.26, 91.3, 86.88, 82.52, 79.52, 76.72, 73.87, 71.13]
2026-05-31 16:24:03,613 [trainer.py] => CNN top1 with task curve: [92.26, 92.75, 88.33, 83.98, 80.93, 78.02, 75.38, 72.71]
2026-05-31 16:24:03,613 [trainer.py] => CNN top1 task curve: [1.0, 0.9831, 0.9363, 0.8903, 0.8609, 0.8307, 0.7938, 0.7631]
2026-05-31 16:24:03,613 [trainer.py] => CNN top5 curve: [99.33, 98.95, 94.24, 89.83, 86.58, 83.55, 80.43, 77.2]
2026-05-31 16:24:03,613 [trainer.py] => Average Accuracy (CNN): 81.77
2026-05-31 16:24:03,618 [trainer.py] => All params: 119837691
2026-05-31 16:24:03,623 [trainer.py] => Trainable params: 148900
2026-05-31 16:24:03,623 [bilora.py] => Learning on 135-140
2026-05-31 16:30:07,112 [bilora.py] => Task 8, Epoch 50/50 => Loss 0.049, Train_accy 98.33
2026-05-31 16:30:40,324 [trainer.py] => Timing Task 8 => Train 368.76s, Epochs 50, Train 7.3752s/epoch, Inference 27.94s, Images 1641, Inference 17.0274ms/image
2026-05-31 16:30:40,325 [bilora.py] => Exemplar size: 0
2026-05-31 16:30:40,325 [trainer.py] => No NME accuracy.
2026-05-31 16:30:40,325 [trainer.py] => CNN: {'total': 68.74, '00-99': 92.17, '100-104': 61.11, '105-109': 0.0, '110-114': 0.0, '115-119': 0.0, '120-124': 0.0, '125-129': 0.0, '130-134': 0.0, '135-139': 0.0, 'old': 71.26, 'new': 0.0}
2026-05-31 16:30:40,325 [trainer.py] => CNN top1 curve: [92.26, 91.3, 86.88, 82.52, 79.52, 76.72, 73.87, 71.13, 68.74]
2026-05-31 16:30:40,325 [trainer.py] => CNN top1 with task curve: [92.26, 92.75, 88.33, 83.98, 80.93, 78.02, 75.38, 72.71, 70.32]
2026-05-31 16:30:40,325 [trainer.py] => CNN top1 task curve: [1.0, 0.9831, 0.9363, 0.8903, 0.8609, 0.8307, 0.7938, 0.7631, 0.7374]
2026-05-31 16:30:40,325 [trainer.py] => CNN top5 curve: [99.33, 98.95, 94.24, 89.83, 86.58, 83.55, 80.43, 77.2, 74.47]
2026-05-31 16:30:40,325 [trainer.py] => Average Accuracy (CNN): 80.33
2026-05-31 16:30:40,329 [trainer.py] => All params: 119837691
2026-05-31 16:30:40,333 [trainer.py] => Trainable params: 148900
2026-05-31 16:30:40,333 [bilora.py] => Learning on 140-145
2026-05-31 16:36:40,759 [bilora.py] => Task 9, Epoch 50/50 => Loss 0.056, Train_accy 98.20
2026-05-31 16:37:17,355 [trainer.py] => Timing Task 9 => Train 365.93s, Epochs 50, Train 7.3187s/epoch, Inference 31.09s, Images 1698, Inference 18.3083ms/image
2026-05-31 16:37:17,356 [bilora.py] => Exemplar size: 0
2026-05-31 16:37:17,356 [trainer.py] => No NME accuracy.
2026-05-31 16:37:17,356 [trainer.py] => CNN: {'total': 66.02, '00-99': 91.67, '100-104': 59.26, '105-109': 0.0, '110-114': 0.0, '115-119': 0.0, '120-124': 0.0, '125-129': 0.0, '130-134': 0.0, '135-139': 0.0, '140-144': 0.0, 'old': 68.31, 'new': 0.0}
2026-05-31 16:37:17,356 [trainer.py] => CNN top1 curve: [92.26, 91.3, 86.88, 82.52, 79.52, 76.72, 73.87, 71.13, 68.74, 66.02]
2026-05-31 16:37:17,357 [trainer.py] => CNN top1 with task curve: [92.26, 92.75, 88.33, 83.98, 80.93, 78.02, 75.38, 72.71, 70.32, 67.67]
2026-05-31 16:37:17,357 [trainer.py] => CNN top1 task curve: [1.0, 0.9831, 0.9363, 0.8903, 0.8609, 0.8307, 0.7938, 0.7631, 0.7374, 0.7079]
2026-05-31 16:37:17,357 [trainer.py] => CNN top5 curve: [99.33, 98.95, 94.24, 89.83, 86.58, 83.55, 80.43, 77.2, 74.47, 71.85]
2026-05-31 16:37:17,357 [trainer.py] => Average Accuracy (CNN): 78.9
2026-05-31 16:37:17,369 [trainer.py] => All params: 119837691
2026-05-31 16:37:17,376 [trainer.py] => Trainable params: 148900
2026-05-31 16:37:17,376 [bilora.py] => Learning on 145-150
2026-05-31 16:43:31,074 [bilora.py] => Task 10, Epoch 50/50 => Loss 0.110, Train_accy 95.65
2026-05-31 16:44:08,555 [trainer.py] => Timing Task 10 => Train 379.42s, Epochs 50, Train 7.5883s/epoch, Inference 31.76s, Images 1767, Inference 17.9746ms/image
2026-05-31 16:44:08,555 [bilora.py] => Exemplar size: 0
2026-05-31 16:44:08,555 [trainer.py] => No NME accuracy.
2026-05-31 16:44:08,555 [trainer.py] => CNN: {'total': 63.61, '00-99': 91.67, '100-104': 64.81, '105-109': 0.0, '110-114': 0.0, '115-119': 0.0, '120-124': 0.0, '125-129': 0.0, '130-134': 0.0, '135-139': 0.0, '140-144': 0.0, '145-149': 0.0, 'old': 66.2, 'new': 0.0}
2026-05-31 16:44:08,555 [trainer.py] => CNN top1 curve: [92.26, 91.3, 86.88, 82.52, 79.52, 76.72, 73.87, 71.13, 68.74, 66.02, 63.61]
2026-05-31 16:44:08,555 [trainer.py] => CNN top1 with task curve: [92.26, 92.75, 88.33, 83.98, 80.93, 78.02, 75.38, 72.71, 70.32, 67.67, 65.14]
2026-05-31 16:44:08,555 [trainer.py] => CNN top1 task curve: [1.0, 0.9831, 0.9363, 0.8903, 0.8609, 0.8307, 0.7938, 0.7631, 0.7374, 0.7079, 0.6791]
2026-05-31 16:44:08,555 [trainer.py] => CNN top5 curve: [99.33, 98.95, 94.24, 89.83, 86.58, 83.55, 80.43, 77.2, 74.47, 71.85, 69.04]
2026-05-31 16:44:08,556 [trainer.py] => Average Accuracy (CNN): 77.51
2026-05-31 16:44:08,562 [trainer.py] => All params: 119837691
2026-05-31 16:44:08,568 [trainer.py] => Trainable params: 148900
2026-05-31 16:44:08,568 [bilora.py] => Learning on 150-155
2026-05-31 16:50:34,338 [bilora.py] => Task 11, Epoch 50/50 => Loss 0.072, Train_accy 97.85
2026-05-31 16:51:14,887 [trainer.py] => Timing Task 11 => Train 390.17s, Epochs 50, Train 7.8035s/epoch, Inference 36.14s, Images 1827, Inference 19.7837ms/image
2026-05-31 16:51:14,887 [bilora.py] => Exemplar size: 0
2026-05-31 16:51:14,887 [trainer.py] => No NME accuracy.
2026-05-31 16:51:14,887 [trainer.py] => CNN: {'total': 61.25, '00-99': 91.33, '100-104': 62.96, '105-109': 0.0, '110-114': 0.0, '115-119': 0.0, '120-124': 0.0, '125-129': 0.0, '130-134': 0.0, '135-139': 0.0, '140-144': 0.0, '145-149': 0.0, '150-154': 0.0, 'old': 63.33, 'new': 0.0}
2026-05-31 16:51:14,887 [trainer.py] => CNN top1 curve: [92.26, 91.3, 86.88, 82.52, 79.52, 76.72, 73.87, 71.13, 68.74, 66.02, 63.61, 61.25]
2026-05-31 16:51:14,887 [trainer.py] => CNN top1 with task curve: [92.26, 92.75, 88.33, 83.98, 80.93, 78.02, 75.38, 72.71, 70.32, 67.67, 65.14, 62.94]
2026-05-31 16:51:14,887 [trainer.py] => CNN top1 task curve: [1.0, 0.9831, 0.9363, 0.8903, 0.8609, 0.8307, 0.7938, 0.7631, 0.7374, 0.7079, 0.6791, 0.6535]
2026-05-31 16:51:14,887 [trainer.py] => CNN top5 curve: [99.33, 98.95, 94.24, 89.83, 86.58, 83.55, 80.43, 77.2, 74.47, 71.85, 69.04, 66.67]
2026-05-31 16:51:14,888 [trainer.py] => Average Accuracy (CNN): 76.15
2026-05-31 16:51:14,892 [trainer.py] => All params: 119837691
2026-05-31 16:51:14,896 [trainer.py] => Trainable params: 148900
2026-05-31 16:51:14,896 [bilora.py] => Learning on 155-160
2026-05-31 16:58:01,407 [bilora.py] => Task 12, Epoch 50/50 => Loss 0.067, Train_accy 97.02
2026-05-31 16:58:47,844 [trainer.py] => Timing Task 12 => Train 412.18s, Epochs 50, Train 8.2437s/epoch, Inference 40.76s, Images 1891, Inference 21.5562ms/image
2026-05-31 16:58:47,844 [bilora.py] => Exemplar size: 0
2026-05-31 16:58:47,844 [trainer.py] => No NME accuracy.
2026-05-31 16:58:47,844 [trainer.py] => CNN: {'total': 59.23, '00-99': 91.41, '100-104': 62.96, '105-109': 0.0, '110-114': 0.0, '115-119': 0.0, '120-124': 0.0, '125-129': 0.0, '130-134': 0.0, '135-139': 0.0, '140-144': 0.0, '145-149': 0.0, '150-154': 0.0, '155-159': 0.0, 'old': 61.3, 'new': 0.0}
2026-05-31 16:58:47,845 [trainer.py] => CNN top1 curve: [92.26, 91.3, 86.88, 82.52, 79.52, 76.72, 73.87, 71.13, 68.74, 66.02, 63.61, 61.25, 59.23]
2026-05-31 16:58:47,845 [trainer.py] => CNN top1 with task curve: [92.26, 92.75, 88.33, 83.98, 80.93, 78.02, 75.38, 72.71, 70.32, 67.67, 65.14, 62.94, 60.92]
2026-05-31 16:58:47,845 [trainer.py] => CNN top1 task curve: [1.0, 0.9831, 0.9363, 0.8903, 0.8609, 0.8307, 0.7938, 0.7631, 0.7374, 0.7079, 0.6791, 0.6535, 0.6341]
2026-05-31 16:58:47,845 [trainer.py] => CNN top5 curve: [99.33, 98.95, 94.24, 89.83, 86.58, 83.55, 80.43, 77.2, 74.47, 71.85, 69.04, 66.67, 64.36]
2026-05-31 16:58:47,845 [trainer.py] => Average Accuracy (CNN): 74.85
2026-05-31 16:58:47,856 [trainer.py] => All params: 119837691
2026-05-31 16:58:47,863 [trainer.py] => Trainable params: 148900
2026-05-31 16:58:47,863 [bilora.py] => Learning on 160-165
2026-05-31 17:05:55,629 [bilora.py] => Task 13, Epoch 50/50 => Loss 0.136, Train_accy 95.52
2026-05-31 17:06:46,932 [trainer.py] => Timing Task 13 => Train 434.25s, Epochs 50, Train 8.6851s/epoch, Inference 44.82s, Images 1967, Inference 22.7838ms/image
2026-05-31 17:06:46,933 [bilora.py] => Exemplar size: 0
2026-05-31 17:06:46,933 [trainer.py] => No NME accuracy.
2026-05-31 17:06:46,933 [trainer.py] => CNN: {'total': 57.24, '00-99': 91.84, '100-104': 64.81, '105-109': 0.0, '110-114': 0.0, '115-119': 0.0, '120-124': 0.0, '125-129': 0.0, '130-134': 0.0, '135-139': 0.0, '140-144': 0.0, '145-149': 0.0, '150-154': 0.0, '155-159': 0.0, '160-164': 0.0, 'old': 59.55, 'new': 0.0}
2026-05-31 17:06:46,933 [trainer.py] => CNN top1 curve: [92.26, 91.3, 86.88, 82.52, 79.52, 76.72, 73.87, 71.13, 68.74, 66.02, 63.61, 61.25, 59.23, 57.24]
2026-05-31 17:06:46,933 [trainer.py] => CNN top1 with task curve: [92.26, 92.75, 88.33, 83.98, 80.93, 78.02, 75.38, 72.71, 70.32, 67.67, 65.14, 62.94, 60.92, 58.72]
2026-05-31 17:06:46,933 [trainer.py] => CNN top1 task curve: [1.0, 0.9831, 0.9363, 0.8903, 0.8609, 0.8307, 0.7938, 0.7631, 0.7374, 0.7079, 0.6791, 0.6535, 0.6341, 0.6116]
2026-05-31 17:06:46,934 [trainer.py] => CNN top5 curve: [99.33, 98.95, 94.24, 89.83, 86.58, 83.55, 80.43, 77.2, 74.47, 71.85, 69.04, 66.67, 64.36, 61.87]
2026-05-31 17:06:46,934 [trainer.py] => Average Accuracy (CNN): 73.59
2026-05-31 17:06:46,945 [trainer.py] => All params: 119837691
2026-05-31 17:06:46,951 [trainer.py] => Trainable params: 148900
2026-05-31 17:06:46,951 [bilora.py] => Learning on 165-170
2026-05-31 17:14:18,879 [bilora.py] => Task 14, Epoch 50/50 => Loss 0.115, Train_accy 96.68
2026-05-31 17:15:09,224 [trainer.py] => Timing Task 14 => Train 458.75s, Epochs 50, Train 9.1750s/epoch, Inference 43.52s, Images 2025, Inference 21.4928ms/image
2026-05-31 17:15:09,225 [bilora.py] => Exemplar size: 0
2026-05-31 17:15:09,225 [trainer.py] => No NME accuracy.
2026-05-31 17:15:09,225 [trainer.py] => CNN: {'total': 55.26, '00-99': 91.5, '100-104': 59.26, '105-109': 0.0, '110-114': 0.0, '115-119': 0.0, '120-124': 0.0, '125-129': 0.0, '130-134': 0.0, '135-139': 0.0, '140-144': 0.0, '145-149': 0.0, '150-154': 0.0, '155-159': 0.0, '160-164': 0.0, '165-169': 0.0, 'old': 56.89, 'new': 0.0}
2026-05-31 17:15:09,225 [trainer.py] => CNN top1 curve: [92.26, 91.3, 86.88, 82.52, 79.52, 76.72, 73.87, 71.13, 68.74, 66.02, 63.61, 61.25, 59.23, 57.24, 55.26]
2026-05-31 17:15:09,225 [trainer.py] => CNN top1 with task curve: [92.26, 92.75, 88.33, 83.98, 80.93, 78.02, 75.38, 72.71, 70.32, 67.67, 65.14, 62.94, 60.92, 58.72, 56.94]
2026-05-31 17:15:09,225 [trainer.py] => CNN top1 task curve: [1.0, 0.9831, 0.9363, 0.8903, 0.8609, 0.8307, 0.7938, 0.7631, 0.7374, 0.7079, 0.6791, 0.6535, 0.6341, 0.6116, 0.5911]
2026-05-31 17:15:09,226 [trainer.py] => CNN top5 curve: [99.33, 98.95, 94.24, 89.83, 86.58, 83.55, 80.43, 77.2, 74.47, 71.85, 69.04, 66.67, 64.36, 61.87, 60.0]
2026-05-31 17:15:09,226 [trainer.py] => Average Accuracy (CNN): 72.37
2026-05-31 17:15:09,237 [trainer.py] => All params: 119837691
2026-05-31 17:15:09,244 [trainer.py] => Trainable params: 148900
2026-05-31 17:15:09,245 [bilora.py] => Learning on 170-175
2026-05-31 17:20:30,574 [bilora.py] => Task 15, Epoch 50/50 => Loss 0.067, Train_accy 96.40
2026-05-31 17:21:09,673 [trainer.py] => Timing Task 15 => Train 326.87s, Epochs 50, Train 6.5374s/epoch, Inference 33.56s, Images 2073, Inference 16.1872ms/image
2026-05-31 17:21:09,673 [bilora.py] => Exemplar size: 0
2026-05-31 17:21:09,673 [trainer.py] => No NME accuracy.
2026-05-31 17:21:09,673 [trainer.py] => CNN: {'total': 54.08, '00-99': 91.5, '100-104': 62.96, '105-109': 0.0, '110-114': 0.0, '115-119': 0.0, '120-124': 0.0, '125-129': 0.0, '130-134': 0.0, '135-139': 0.0, '140-144': 0.0, '145-149': 0.0, '150-154': 0.0, '155-159': 0.0, '160-164': 0.0, '165-169': 0.0, '170-174': 0.0, 'old': 55.36, 'new': 0.0}
2026-05-31 17:21:09,673 [trainer.py] => CNN top1 curve: [92.26, 91.3, 86.88, 82.52, 79.52, 76.72, 73.87, 71.13, 68.74, 66.02, 63.61, 61.25, 59.23, 57.24, 55.26, 54.08]
2026-05-31 17:21:09,673 [trainer.py] => CNN top1 with task curve: [92.26, 92.75, 88.33, 83.98, 80.93, 78.02, 75.38, 72.71, 70.32, 67.67, 65.14, 62.94, 60.92, 58.72, 56.94, 55.81]
2026-05-31 17:21:09,674 [trainer.py] => CNN top1 task curve: [1.0, 0.9831, 0.9363, 0.8903, 0.8609, 0.8307, 0.7938, 0.7631, 0.7374, 0.7079, 0.6791, 0.6535, 0.6341, 0.6116, 0.5911, 0.5784]
2026-05-31 17:21:09,674 [trainer.py] => CNN top5 curve: [99.33, 98.95, 94.24, 89.83, 86.58, 83.55, 80.43, 77.2, 74.47, 71.85, 69.04, 66.67, 64.36, 61.87, 60.0, 58.47]
2026-05-31 17:21:09,674 [trainer.py] => Average Accuracy (CNN): 71.23
2026-05-31 17:21:09,678 [trainer.py] => All params: 119837691
2026-05-31 17:21:09,682 [trainer.py] => Trainable params: 148900
2026-05-31 17:21:09,682 [bilora.py] => Learning on 175-180
2026-05-31 17:26:38,703 [bilora.py] => Task 16, Epoch 50/50 => Loss 0.114, Train_accy 95.49
2026-05-31 17:27:17,659 [trainer.py] => Timing Task 16 => Train 333.05s, Epochs 50, Train 6.6610s/epoch, Inference 34.93s, Images 2128, Inference 16.4137ms/image
2026-05-31 17:27:17,659 [bilora.py] => Exemplar size: 0
2026-05-31 17:27:17,660 [trainer.py] => No NME accuracy.
2026-05-31 17:27:17,660 [trainer.py] => CNN: {'total': 52.54, '00-99': 91.33, '100-104': 61.11, '105-109': 0.0, '110-114': 0.0, '115-119': 0.0, '120-124': 0.0, '125-129': 0.0, '130-134': 0.0, '135-139': 0.0, '140-144': 0.0, '145-149': 0.0, '150-154': 0.0, '155-159': 0.0, '160-164': 0.0, '165-169': 0.0, '170-174': 0.0, '175-179': 0.0, 'old': 53.93, 'new': 0.0}
2026-05-31 17:27:17,660 [trainer.py] => CNN top1 curve: [92.26, 91.3, 86.88, 82.52, 79.52, 76.72, 73.87, 71.13, 68.74, 66.02, 63.61, 61.25, 59.23, 57.24, 55.26, 54.08, 52.54]
2026-05-31 17:27:17,660 [trainer.py] => CNN top1 with task curve: [92.26, 92.75, 88.33, 83.98, 80.93, 78.02, 75.38, 72.71, 70.32, 67.67, 65.14, 62.94, 60.92, 58.72, 56.94, 55.81, 54.37]
2026-05-31 17:27:17,660 [trainer.py] => CNN top1 task curve: [1.0, 0.9831, 0.9363, 0.8903, 0.8609, 0.8307, 0.7938, 0.7631, 0.7374, 0.7079, 0.6791, 0.6535, 0.6341, 0.6116, 0.5911, 0.5784, 0.5625]
2026-05-31 17:27:17,660 [trainer.py] => CNN top5 curve: [99.33, 98.95, 94.24, 89.83, 86.58, 83.55, 80.43, 77.2, 74.47, 71.85, 69.04, 66.67, 64.36, 61.87, 60.0, 58.47, 56.91]
2026-05-31 17:27:17,661 [trainer.py] => Average Accuracy (CNN): 70.13
2026-05-31 17:27:17,672 [trainer.py] => All params: 119837691
2026-05-31 17:27:17,679 [trainer.py] => Trainable params: 148900
2026-05-31 17:27:17,680 [bilora.py] => Learning on 180-185
2026-05-31 17:32:39,273 [bilora.py] => Task 17, Epoch 50/50 => Loss 0.024, Train_accy 100.00
2026-05-31 17:33:32,736 [trainer.py] => Timing Task 17 => Train 325.81s, Epochs 50, Train 6.5162s/epoch, Inference 49.24s, Images 2192, Inference 22.4657ms/image
2026-05-31 17:33:32,736 [bilora.py] => Exemplar size: 0
2026-05-31 17:33:32,737 [trainer.py] => No NME accuracy.
2026-05-31 17:33:32,737 [trainer.py] => CNN: {'total': 50.87, '00-99': 90.99, '100-104': 62.96, '105-109': 0.0, '110-114': 0.0, '115-119': 0.0, '120-124': 0.0, '125-129': 0.0, '130-134': 0.0, '135-139': 0.0, '140-144': 0.0, '145-149': 0.0, '150-154': 0.0, '155-159': 0.0, '160-164': 0.0, '165-169': 0.0, '170-174': 0.0, '175-179': 0.0, '180-184': 0.0, 'old': 52.4, 'new': 0.0}
2026-05-31 17:33:32,737 [trainer.py] => CNN top1 curve: [92.26, 91.3, 86.88, 82.52, 79.52, 76.72, 73.87, 71.13, 68.74, 66.02, 63.61, 61.25, 59.23, 57.24, 55.26, 54.08, 52.54, 50.87]
2026-05-31 17:33:32,737 [trainer.py] => CNN top1 with task curve: [92.26, 92.75, 88.33, 83.98, 80.93, 78.02, 75.38, 72.71, 70.32, 67.67, 65.14, 62.94, 60.92, 58.72, 56.94, 55.81, 54.37, 52.74]
2026-05-31 17:33:32,737 [trainer.py] => CNN top1 task curve: [1.0, 0.9831, 0.9363, 0.8903, 0.8609, 0.8307, 0.7938, 0.7631, 0.7374, 0.7079, 0.6791, 0.6535, 0.6341, 0.6116, 0.5911, 0.5784, 0.5625, 0.5447]
2026-05-31 17:33:32,737 [trainer.py] => CNN top5 curve: [99.33, 98.95, 94.24, 89.83, 86.58, 83.55, 80.43, 77.2, 74.47, 71.85, 69.04, 66.67, 64.36, 61.87, 60.0, 58.47, 56.91, 55.11]
2026-05-31 17:33:32,738 [trainer.py] => Average Accuracy (CNN): 69.06
2026-05-31 17:33:32,748 [trainer.py] => All params: 119837691
2026-05-31 17:33:32,755 [trainer.py] => Trainable params: 148900
2026-05-31 17:33:32,755 [bilora.py] => Learning on 185-190
2026-05-31 17:39:26,639 [bilora.py] => Task 18, Epoch 50/50 => Loss 0.126, Train_accy 94.81
2026-05-31 17:40:14,498 [trainer.py] => Timing Task 18 => Train 358.47s, Epochs 50, Train 7.1694s/epoch, Inference 43.27s, Images 2260, Inference 19.1473ms/image
2026-05-31 17:40:14,499 [bilora.py] => Exemplar size: 0
2026-05-31 17:40:14,499 [trainer.py] => No NME accuracy.
2026-05-31 17:40:14,499 [trainer.py] => CNN: {'total': 49.12, '00-99': 90.66, '100-104': 61.11, '105-109': 0.0, '110-114': 0.0, '115-119': 0.0, '120-124': 0.0, '125-129': 0.0, '130-134': 0.0, '135-139': 0.0, '140-144': 0.0, '145-149': 0.0, '150-154': 0.0, '155-159': 0.0, '160-164': 0.0, '165-169': 0.0, '170-174': 0.0, '175-179': 0.0, '180-184': 0.0, '185-189': 0.0, 'old': 50.64, 'new': 0.0}
2026-05-31 17:40:14,500 [trainer.py] => CNN top1 curve: [92.26, 91.3, 86.88, 82.52, 79.52, 76.72, 73.87, 71.13, 68.74, 66.02, 63.61, 61.25, 59.23, 57.24, 55.26, 54.08, 52.54, 50.87, 49.12]
2026-05-31 17:40:14,500 [trainer.py] => CNN top1 with task curve: [92.26, 92.75, 88.33, 83.98, 80.93, 78.02, 75.38, 72.71, 70.32, 67.67, 65.14, 62.94, 60.92, 58.72, 56.94, 55.81, 54.37, 52.74, 51.15]
2026-05-31 17:40:14,500 [trainer.py] => CNN top1 task curve: [1.0, 0.9831, 0.9363, 0.8903, 0.8609, 0.8307, 0.7938, 0.7631, 0.7374, 0.7079, 0.6791, 0.6535, 0.6341, 0.6116, 0.5911, 0.5784, 0.5625, 0.5447, 0.5257]
2026-05-31 17:40:14,500 [trainer.py] => CNN top5 curve: [99.33, 98.95, 94.24, 89.83, 86.58, 83.55, 80.43, 77.2, 74.47, 71.85, 69.04, 66.67, 64.36, 61.87, 60.0, 58.47, 56.91, 55.11, 53.45]
2026-05-31 17:40:14,500 [trainer.py] => Average Accuracy (CNN): 68.01
2026-05-31 17:40:14,511 [trainer.py] => All params: 119837691
2026-05-31 17:40:14,518 [trainer.py] => Trainable params: 148900
2026-05-31 17:40:14,518 [bilora.py] => Learning on 190-195
2026-05-31 17:46:32,021 [bilora.py] => Task 19, Epoch 50/50 => Loss 0.055, Train_accy 97.52
2026-05-31 17:47:33,319 [trainer.py] => Timing Task 19 => Train 383.92s, Epochs 50, Train 7.6784s/epoch, Inference 54.88s, Images 2318, Inference 23.6762ms/image
2026-05-31 17:47:33,320 [bilora.py] => Exemplar size: 0
2026-05-31 17:47:33,320 [trainer.py] => No NME accuracy.
2026-05-31 17:47:33,320 [trainer.py] => CNN: {'total': 47.71, '00-99': 90.32, '100-104': 61.11, '105-109': 0.0, '110-114': 0.0, '115-119': 0.0, '120-124': 0.0, '125-129': 0.0, '130-134': 0.0, '135-139': 0.0, '140-144': 0.0, '145-149': 0.0, '150-154': 0.0, '155-159': 0.0, '160-164': 0.0, '165-169': 0.0, '170-174': 0.0, '175-179': 0.0, '180-184': 0.0, '185-189': 0.0, '190-194': 0.0, 'old': 48.94, 'new': 0.0}
2026-05-31 17:47:33,320 [trainer.py] => CNN top1 curve: [92.26, 91.3, 86.88, 82.52, 79.52, 76.72, 73.87, 71.13, 68.74, 66.02, 63.61, 61.25, 59.23, 57.24, 55.26, 54.08, 52.54, 50.87, 49.12, 47.71]
2026-05-31 17:47:33,320 [trainer.py] => CNN top1 with task curve: [92.26, 92.75, 88.33, 83.98, 80.93, 78.02, 75.38, 72.71, 70.32, 67.67, 65.14, 62.94, 60.92, 58.72, 56.94, 55.81, 54.37, 52.74, 51.15, 49.74]
2026-05-31 17:47:33,320 [trainer.py] => CNN top1 task curve: [1.0, 0.9831, 0.9363, 0.8903, 0.8609, 0.8307, 0.7938, 0.7631, 0.7374, 0.7079, 0.6791, 0.6535, 0.6341, 0.6116, 0.5911, 0.5784, 0.5625, 0.5447, 0.5257, 0.5108]
2026-05-31 17:47:33,321 [trainer.py] => CNN top5 curve: [99.33, 98.95, 94.24, 89.83, 86.58, 83.55, 80.43, 77.2, 74.47, 71.85, 69.04, 66.67, 64.36, 61.87, 60.0, 58.47, 56.91, 55.11, 53.45, 52.16]
2026-05-31 17:47:33,321 [trainer.py] => Average Accuracy (CNN): 66.99
2026-05-31 17:47:33,331 [trainer.py] => All params: 119837691
2026-05-31 17:47:33,338 [trainer.py] => Trainable params: 148900
2026-05-31 17:47:33,339 [bilora.py] => Learning on 195-200
2026-05-31 17:54:20,328 [bilora.py] => Task 20, Epoch 50/50 => Loss 0.074, Train_accy 98.82
2026-05-31 17:55:13,320 [trainer.py] => Timing Task 20 => Train 414.15s, Epochs 50, Train 8.2830s/epoch, Inference 45.83s, Images 2358, Inference 19.4359ms/image
2026-05-31 17:55:13,320 [bilora.py] => Exemplar size: 0
2026-05-31 17:55:13,320 [trainer.py] => No NME accuracy.
2026-05-31 17:55:13,320 [trainer.py] => CNN: {'total': 46.86, '00-99': 90.32, '100-104': 59.26, '105-109': 0.0, '110-114': 0.0, '115-119': 0.0, '120-124': 0.0, '125-129': 0.0, '130-134': 0.0, '135-139': 0.0, '140-144': 0.0, '145-149': 0.0, '150-154': 0.0, '155-159': 0.0, '160-164': 0.0, '165-169': 0.0, '170-174': 0.0, '175-179': 0.0, '180-184': 0.0, '185-189': 0.0, '190-194': 0.0, '195-199': 0.0, 'old': 47.67, 'new': 0.0}
2026-05-31 17:55:13,320 [trainer.py] => CNN top1 curve: [92.26, 91.3, 86.88, 82.52, 79.52, 76.72, 73.87, 71.13, 68.74, 66.02, 63.61, 61.25, 59.23, 57.24, 55.26, 54.08, 52.54, 50.87, 49.12, 47.71, 46.86]
2026-05-31 17:55:13,320 [trainer.py] => CNN top1 with task curve: [92.26, 92.75, 88.33, 83.98, 80.93, 78.02, 75.38, 72.71, 70.32, 67.67, 65.14, 62.94, 60.92, 58.72, 56.94, 55.81, 54.37, 52.74, 51.15, 49.74, 48.98]
2026-05-31 17:55:13,320 [trainer.py] => CNN top1 task curve: [1.0, 0.9831, 0.9363, 0.8903, 0.8609, 0.8307, 0.7938, 0.7631, 0.7374, 0.7079, 0.6791, 0.6535, 0.6341, 0.6116, 0.5911, 0.5784, 0.5625, 0.5447, 0.5257, 0.5108, 0.5004]
2026-05-31 17:55:13,320 [trainer.py] => CNN top5 curve: [99.33, 98.95, 94.24, 89.83, 86.58, 83.55, 80.43, 77.2, 74.47, 71.85, 69.04, 66.67, 64.36, 61.87, 60.0, 58.47, 56.91, 55.11, 53.45, 52.16, 51.23]
2026-05-31 17:55:13,320 [trainer.py] => Average Accuracy (CNN): 66.03
