2026-05-25 10:51:49,448 [trainer.py] => config: ./configs/lae/lae_cub_B100_Inc5.json
2026-05-25 10:51:49,449 [trainer.py] => prefix:  
2026-05-25 10:51:49,449 [trainer.py] => dataset: cub
2026-05-25 10:51:49,449 [trainer.py] => memory_size: 0
2026-05-25 10:51:49,449 [trainer.py] => memory_per_class: 0
2026-05-25 10:51:49,449 [trainer.py] => fixed_memory: False
2026-05-25 10:51:49,450 [trainer.py] => shuffle: True
2026-05-25 10:51:49,450 [trainer.py] => init_cls: 100
2026-05-25 10:51:49,450 [trainer.py] => increment: 5
2026-05-25 10:51:49,450 [trainer.py] => model_name: lae
2026-05-25 10:51:49,450 [trainer.py] => backbone_type: vit_base_patch16_224_in21k_lae
2026-05-25 10:51:49,451 [trainer.py] => device: [device(type='cuda', index=3)]
2026-05-25 10:51:49,451 [trainer.py] => seed: 1993
2026-05-25 10:51:49,451 [trainer.py] => tuned_epoch: 50
2026-05-25 10:51:49,451 [trainer.py] => init_lr: 0.00046875
2026-05-25 10:51:49,451 [trainer.py] => batch_size: 128
2026-05-25 10:51:49,451 [trainer.py] => weight_decay: 0
2026-05-25 10:51:49,452 [trainer.py] => min_lr: 1e-05
2026-05-25 10:51:49,452 [trainer.py] => optimizer: adam
2026-05-25 10:51:49,452 [trainer.py] => scheduler: constant
2026-05-25 10:51:49,452 [trainer.py] => reinit_optimizer: True
2026-05-25 10:51:49,452 [trainer.py] => pretrained: True
2026-05-25 10:51:49,452 [trainer.py] => drop: 0.0
2026-05-25 10:51:49,453 [trainer.py] => drop_path: 0.0
2026-05-25 10:51:49,453 [trainer.py] => ema_decay: 0.9999
2026-05-25 10:51:49,453 [trainer.py] => num_freeze_epochs: 30
2026-05-25 10:51:49,453 [trainer.py] => pet_cls: LoRA
2026-05-25 10:51:49,453 [trainer.py] => pet_length: 10
2026-05-25 10:51:49,453 [trainer.py] => down_sample_dim: 5
2026-05-25 10:51:49,454 [trainer.py] => nb_classes: 200
2026-05-25 10:51:49,454 [trainer.py] => nb_tasks: 21
2026-05-25 10:51:50,539 [data_manager.py] => [168, 136, 51, 9, 183, 101, 171, 99, 42, 159, 191, 70, 16, 188, 27, 10, 175, 26, 68, 187, 98, 6, 85, 35, 112, 43, 100, 0, 103, 181, 88, 59, 4, 2, 116, 174, 94, 80, 106, 1, 147, 17, 141, 131, 72, 23, 173, 54, 197, 118, 87, 32, 79, 104, 91, 19, 135, 107, 178, 36, 11, 199, 142, 8, 122, 3, 28, 57, 153, 172, 190, 56, 49, 44, 97, 62, 151, 169, 194, 55, 192, 12, 189, 78, 66, 180, 15, 137, 109, 134, 92, 119, 126, 52, 170, 40, 148, 65, 144, 64, 138, 45, 77, 89, 154, 90, 71, 193, 74, 30, 113, 143, 96, 84, 67, 50, 186, 156, 69, 21, 18, 111, 108, 58, 125, 157, 150, 110, 182, 129, 166, 83, 81, 60, 13, 165, 14, 176, 63, 117, 5, 22, 145, 121, 38, 41, 82, 127, 114, 20, 31, 53, 37, 163, 196, 130, 152, 162, 86, 76, 24, 34, 184, 149, 33, 128, 198, 155, 146, 167, 139, 120, 140, 102, 47, 25, 158, 123, 46, 164, 61, 7, 115, 75, 133, 160, 105, 132, 179, 124, 48, 73, 93, 39, 95, 195, 29, 177, 185, 161]
2026-05-25 10:51:54,322 [lae.py] => 85,952,266 model total parameters.
2026-05-25 10:51:54,323 [lae.py] => 0 model training parameters.
2026-05-25 10:51:54,324 [trainer.py] => All params: 86105876
2026-05-25 10:51:54,324 [trainer.py] => Trainable params: 0
2026-05-25 10:51:54,325 [lae.py] => Learning on 0-100
2026-05-25 12:12:09,704 [lae.py] => Task 0, Epoch 50/50 => Loss 0.195, Train_accy 94.48, Test_accy 91.84
2026-05-25 12:12:40,165 [trainer.py] => No NME accuracy.
2026-05-25 12:12:40,165 [trainer.py] => CNN: {'total': 91.84, '00-99': 91.84, 'old': 0, 'new': 91.84}
2026-05-25 12:12:40,165 [trainer.py] => CNN top1 curve: [91.84]
2026-05-25 12:12:40,165 [trainer.py] => CNN top5 curve: [99.07]
2026-05-25 12:12:40,165 [trainer.py] => Average Accuracy (CNN): 91.84
2026-05-25 12:12:40,166 [trainer.py] => All params: 86182776
2026-05-25 12:12:40,167 [trainer.py] => Trainable params: 230510
2026-05-25 12:12:40,176 [lae.py] => Learning on 100-105
2026-05-25 12:23:02,982 [lae.py] => Task 1, Epoch 50/50 => Loss 0.085, Train_accy 97.96, Test_accy 89.37
2026-05-25 12:23:35,353 [trainer.py] => No NME accuracy.
2026-05-25 12:23:35,353 [trainer.py] => CNN: {'total': 89.37, '00-99': 91.92, '100-104': 33.33, 'old': 91.92, 'new': 33.33}
2026-05-25 12:23:35,353 [trainer.py] => CNN top1 curve: [91.84, 89.37]
2026-05-25 12:23:35,353 [trainer.py] => CNN top5 curve: [99.07, 98.63]
2026-05-25 12:23:35,354 [trainer.py] => Average Accuracy (CNN): 90.6
2026-05-25 12:23:35,355 [trainer.py] => All params: 86186621
2026-05-25 12:23:35,357 [trainer.py] => Trainable params: 234355
2026-05-25 12:23:35,363 [lae.py] => Learning on 105-110
2026-05-25 12:34:04,407 [lae.py] => Task 2, Epoch 50/50 => Loss 0.032, Train_accy 98.31, Test_accy 86.03
2026-05-25 12:34:38,613 [trainer.py] => No NME accuracy.
2026-05-25 12:34:38,613 [trainer.py] => CNN: {'total': 86.03, '00-99': 91.75, '100-104': 33.33, '105-109': 21.31, 'old': 89.21, 'new': 21.31}
2026-05-25 12:34:38,613 [trainer.py] => CNN top1 curve: [91.84, 89.37, 86.03]
2026-05-25 12:34:38,613 [trainer.py] => CNN top5 curve: [99.07, 98.63, 98.0]
2026-05-25 12:34:38,613 [trainer.py] => Average Accuracy (CNN): 89.08
2026-05-25 12:34:38,614 [trainer.py] => All params: 86190466
2026-05-25 12:34:38,615 [trainer.py] => Trainable params: 238200
2026-05-25 12:34:38,623 [lae.py] => Learning on 110-115
2026-05-25 12:45:28,154 [lae.py] => Task 3, Epoch 50/50 => Loss 0.078, Train_accy 96.17, Test_accy 82.37
2026-05-25 12:46:04,108 [trainer.py] => No NME accuracy.
2026-05-25 12:46:04,108 [trainer.py] => CNN: {'total': 82.37, '00-99': 91.5, '100-104': 33.33, '105-109': 18.03, '110-114': 15.62, 'old': 85.65, 'new': 15.62}
2026-05-25 12:46:04,108 [trainer.py] => CNN top1 curve: [91.84, 89.37, 86.03, 82.37]
2026-05-25 12:46:04,108 [trainer.py] => CNN top5 curve: [99.07, 98.63, 98.0, 97.29]
2026-05-25 12:46:04,108 [trainer.py] => Average Accuracy (CNN): 87.4
2026-05-25 12:46:04,109 [trainer.py] => All params: 86194311
2026-05-25 12:46:04,110 [trainer.py] => Trainable params: 242045
2026-05-25 12:46:04,113 [lae.py] => Learning on 115-120
2026-05-25 12:56:52,050 [lae.py] => Task 4, Epoch 50/50 => Loss 0.038, Train_accy 99.15, Test_accy 79.38
2026-05-25 12:57:28,753 [trainer.py] => No NME accuracy.
2026-05-25 12:57:28,753 [trainer.py] => CNN: {'total': 79.38, '00-99': 91.41, '100-104': 27.78, '105-109': 16.39, '110-114': 20.31, '115-119': 0.0, 'old': 82.22, 'new': 0.0}
2026-05-25 12:57:28,753 [trainer.py] => CNN top1 curve: [91.84, 89.37, 86.03, 82.37, 79.38]
2026-05-25 12:57:28,753 [trainer.py] => CNN top5 curve: [99.07, 98.63, 98.0, 97.29, 96.19]
2026-05-25 12:57:28,753 [trainer.py] => Average Accuracy (CNN): 85.8
2026-05-25 12:57:28,754 [trainer.py] => All params: 86198156
2026-05-25 12:57:28,755 [trainer.py] => Trainable params: 245890
2026-05-25 12:57:28,762 [lae.py] => Learning on 120-125
2026-05-25 13:08:46,581 [lae.py] => Task 5, Epoch 50/50 => Loss 0.051, Train_accy 98.80, Test_accy 77.88
2026-05-25 13:09:21,904 [trainer.py] => No NME accuracy.
2026-05-25 13:09:21,904 [trainer.py] => CNN: {'total': 77.88, '00-99': 91.33, '100-104': 37.04, '105-109': 16.39, '110-114': 17.19, '115-119': 0.0, '120-124': 30.61, 'old': 79.52, 'new': 30.61}
2026-05-25 13:09:21,904 [trainer.py] => CNN top1 curve: [91.84, 89.37, 86.03, 82.37, 79.38, 77.88]
2026-05-25 13:09:21,905 [trainer.py] => CNN top5 curve: [99.07, 98.63, 98.0, 97.29, 96.19, 95.49]
2026-05-25 13:09:21,905 [trainer.py] => Average Accuracy (CNN): 84.48
2026-05-25 13:09:21,907 [trainer.py] => All params: 86202001
2026-05-25 13:09:21,910 [trainer.py] => Trainable params: 249735
2026-05-25 13:09:21,919 [lae.py] => Learning on 125-130
2026-05-25 13:20:36,769 [lae.py] => Task 6, Epoch 50/50 => Loss 0.090, Train_accy 96.14, Test_accy 76.03
2026-05-25 13:21:15,760 [trainer.py] => No NME accuracy.
2026-05-25 13:21:15,760 [trainer.py] => CNN: {'total': 76.03, '00-99': 91.84, '100-104': 35.19, '105-109': 16.39, '110-114': 15.62, '115-119': 0.0, '120-124': 30.61, '125-129': 22.41, 'old': 78.16, 'new': 22.41}
2026-05-25 13:21:15,760 [trainer.py] => CNN top1 curve: [91.84, 89.37, 86.03, 82.37, 79.38, 77.88, 76.03]
2026-05-25 13:21:15,760 [trainer.py] => CNN top5 curve: [99.07, 98.63, 98.0, 97.29, 96.19, 95.49, 94.62]
2026-05-25 13:21:15,760 [trainer.py] => Average Accuracy (CNN): 83.27
2026-05-25 13:21:15,761 [trainer.py] => All params: 86205846
2026-05-25 13:21:15,762 [trainer.py] => Trainable params: 253580
2026-05-25 13:21:15,771 [lae.py] => Learning on 130-135
2026-05-25 13:32:53,753 [lae.py] => Task 7, Epoch 50/50 => Loss 0.052, Train_accy 98.28, Test_accy 73.15
2026-05-25 13:33:34,512 [trainer.py] => No NME accuracy.
2026-05-25 13:33:34,512 [trainer.py] => CNN: {'total': 73.15, '00-99': 91.75, '100-104': 35.19, '105-109': 18.03, '110-114': 17.19, '115-119': 0.0, '120-124': 28.57, '125-129': 20.69, '130-134': 1.67, 'old': 75.97, 'new': 1.67}
2026-05-25 13:33:34,512 [trainer.py] => CNN top1 curve: [91.84, 89.37, 86.03, 82.37, 79.38, 77.88, 76.03, 73.15]
2026-05-25 13:33:34,512 [trainer.py] => CNN top5 curve: [99.07, 98.63, 98.0, 97.29, 96.19, 95.49, 94.62, 93.56]
2026-05-25 13:33:34,512 [trainer.py] => Average Accuracy (CNN): 82.01
2026-05-25 13:33:34,513 [trainer.py] => All params: 86209691
2026-05-25 13:33:34,514 [trainer.py] => Trainable params: 257425
2026-05-25 13:33:34,522 [lae.py] => Learning on 135-140
2026-05-25 13:45:34,330 [lae.py] => Task 8, Epoch 50/50 => Loss 0.082, Train_accy 97.07, Test_accy 70.93
2026-05-25 13:46:16,942 [trainer.py] => No NME accuracy.
2026-05-25 13:46:16,942 [trainer.py] => CNN: {'total': 70.93, '00-99': 91.75, '100-104': 37.04, '105-109': 16.39, '110-114': 17.19, '115-119': 0.0, '120-124': 26.53, '125-129': 18.97, '130-134': 1.67, '135-139': 13.79, 'old': 73.03, 'new': 13.79}
2026-05-25 13:46:16,942 [trainer.py] => CNN top1 curve: [91.84, 89.37, 86.03, 82.37, 79.38, 77.88, 76.03, 73.15, 70.93]
2026-05-25 13:46:16,942 [trainer.py] => CNN top5 curve: [99.07, 98.63, 98.0, 97.29, 96.19, 95.49, 94.62, 93.56, 92.81]
2026-05-25 13:46:16,942 [trainer.py] => Average Accuracy (CNN): 80.78
2026-05-25 13:46:16,943 [trainer.py] => All params: 86213536
2026-05-25 13:46:16,944 [trainer.py] => Trainable params: 261270
2026-05-25 13:46:16,952 [lae.py] => Learning on 140-145
2026-05-25 13:58:22,552 [lae.py] => Task 9, Epoch 50/50 => Loss 0.063, Train_accy 97.75, Test_accy 69.02
2026-05-25 13:59:06,227 [trainer.py] => No NME accuracy.
2026-05-25 13:59:06,227 [trainer.py] => CNN: {'total': 69.02, '00-99': 92.09, '100-104': 37.04, '105-109': 18.03, '110-114': 17.19, '115-119': 0.0, '120-124': 30.61, '125-129': 15.52, '130-134': 3.33, '135-139': 13.79, '140-144': 3.51, 'old': 71.3, 'new': 3.51}
2026-05-25 13:59:06,228 [trainer.py] => CNN top1 curve: [91.84, 89.37, 86.03, 82.37, 79.38, 77.88, 76.03, 73.15, 70.93, 69.02]
2026-05-25 13:59:06,228 [trainer.py] => CNN top5 curve: [99.07, 98.63, 98.0, 97.29, 96.19, 95.49, 94.62, 93.56, 92.81, 91.76]
2026-05-25 13:59:06,228 [trainer.py] => Average Accuracy (CNN): 79.6
2026-05-25 13:59:06,230 [trainer.py] => All params: 86217381
2026-05-25 13:59:06,232 [trainer.py] => Trainable params: 265115
2026-05-25 13:59:06,243 [lae.py] => Learning on 145-150
2026-05-25 14:11:29,181 [lae.py] => Task 10, Epoch 50/50 => Loss 0.131, Train_accy 93.91, Test_accy 67.12
2026-05-25 14:12:14,880 [trainer.py] => No NME accuracy.
2026-05-25 14:12:14,880 [trainer.py] => CNN: {'total': 67.12, '00-99': 92.0, '100-104': 33.33, '105-109': 18.03, '110-114': 17.19, '115-119': 0.0, '120-124': 28.57, '125-129': 8.62, '130-134': 3.33, '135-139': 15.52, '140-144': 5.26, '145-149': 28.99, 'old': 68.67, 'new': 28.99}
2026-05-25 14:12:14,880 [trainer.py] => CNN top1 curve: [91.84, 89.37, 86.03, 82.37, 79.38, 77.88, 76.03, 73.15, 70.93, 69.02, 67.12]
2026-05-25 14:12:14,880 [trainer.py] => CNN top5 curve: [99.07, 98.63, 98.0, 97.29, 96.19, 95.49, 94.62, 93.56, 92.81, 91.76, 90.78]
2026-05-25 14:12:14,880 [trainer.py] => Average Accuracy (CNN): 78.47
2026-05-25 14:12:14,881 [trainer.py] => All params: 86221226
2026-05-25 14:12:14,882 [trainer.py] => Trainable params: 268960
2026-05-25 14:12:14,891 [lae.py] => Learning on 150-155
2026-05-25 14:24:53,422 [lae.py] => Task 11, Epoch 50/50 => Loss 0.099, Train_accy 97.42, Test_accy 64.75
2026-05-25 14:25:40,381 [trainer.py] => No NME accuracy.
2026-05-25 14:25:40,381 [trainer.py] => CNN: {'total': 64.75, '00-99': 92.17, '100-104': 25.93, '105-109': 16.39, '110-114': 15.62, '115-119': 0.0, '120-124': 30.61, '125-129': 12.07, '130-134': 5.0, '135-139': 15.52, '140-144': 3.51, '145-149': 23.19, '150-154': 3.33, 'old': 66.84, 'new': 3.33}
2026-05-25 14:25:40,381 [trainer.py] => CNN top1 curve: [91.84, 89.37, 86.03, 82.37, 79.38, 77.88, 76.03, 73.15, 70.93, 69.02, 67.12, 64.75]
2026-05-25 14:25:40,382 [trainer.py] => CNN top5 curve: [99.07, 98.63, 98.0, 97.29, 96.19, 95.49, 94.62, 93.56, 92.81, 91.76, 90.78, 90.26]
2026-05-25 14:25:40,382 [trainer.py] => Average Accuracy (CNN): 77.32
2026-05-25 14:25:40,382 [trainer.py] => All params: 86225071
2026-05-25 14:25:40,383 [trainer.py] => Trainable params: 272805
2026-05-25 14:25:40,389 [lae.py] => Learning on 155-160
2026-05-25 14:38:40,945 [lae.py] => Task 12, Epoch 50/50 => Loss 0.062, Train_accy 98.30, Test_accy 63.04
2026-05-25 14:39:30,058 [trainer.py] => No NME accuracy.
2026-05-25 14:39:30,058 [trainer.py] => CNN: {'total': 63.04, '00-99': 92.17, '100-104': 31.48, '105-109': 16.39, '110-114': 17.19, '115-119': 0.0, '120-124': 34.69, '125-129': 12.07, '130-134': 1.67, '135-139': 13.79, '140-144': 3.51, '145-149': 21.74, '150-154': 1.67, '155-159': 12.5, 'old': 64.81, 'new': 12.5}
2026-05-25 14:39:30,058 [trainer.py] => CNN top1 curve: [91.84, 89.37, 86.03, 82.37, 79.38, 77.88, 76.03, 73.15, 70.93, 69.02, 67.12, 64.75, 63.04]
2026-05-25 14:39:30,059 [trainer.py] => CNN top5 curve: [99.07, 98.63, 98.0, 97.29, 96.19, 95.49, 94.62, 93.56, 92.81, 91.76, 90.78, 90.26, 89.16]
2026-05-25 14:39:30,059 [trainer.py] => Average Accuracy (CNN): 76.22
2026-05-25 14:39:30,061 [trainer.py] => All params: 86228916
2026-05-25 14:39:30,063 [trainer.py] => Trainable params: 276650
2026-05-25 14:39:30,068 [lae.py] => Learning on 160-165
2026-05-25 14:52:40,818 [lae.py] => Task 13, Epoch 50/50 => Loss 0.088, Train_accy 95.96, Test_accy 61.87
2026-05-25 14:53:30,598 [trainer.py] => No NME accuracy.
2026-05-25 14:53:30,598 [trainer.py] => CNN: {'total': 61.87, '00-99': 92.51, '100-104': 35.19, '105-109': 18.03, '110-114': 18.75, '115-119': 0.0, '120-124': 32.65, '125-129': 17.24, '130-134': 1.67, '135-139': 13.79, '140-144': 3.51, '145-149': 23.19, '150-154': 1.67, '155-159': 15.62, '160-164': 15.79, 'old': 63.72, 'new': 15.79}
2026-05-25 14:53:30,598 [trainer.py] => CNN top1 curve: [91.84, 89.37, 86.03, 82.37, 79.38, 77.88, 76.03, 73.15, 70.93, 69.02, 67.12, 64.75, 63.04, 61.87]
2026-05-25 14:53:30,598 [trainer.py] => CNN top5 curve: [99.07, 98.63, 98.0, 97.29, 96.19, 95.49, 94.62, 93.56, 92.81, 91.76, 90.78, 90.26, 89.16, 87.8]
2026-05-25 14:53:30,598 [trainer.py] => Average Accuracy (CNN): 75.2
2026-05-25 14:53:30,599 [trainer.py] => All params: 86232761
2026-05-25 14:53:30,600 [trainer.py] => Trainable params: 280495
2026-05-25 14:53:30,607 [lae.py] => Learning on 165-170
2026-05-25 15:07:04,922 [lae.py] => Task 14, Epoch 50/50 => Loss 0.078, Train_accy 97.93, Test_accy 59.75
2026-05-25 15:07:56,066 [trainer.py] => No NME accuracy.
2026-05-25 15:07:56,066 [trainer.py] => CNN: {'total': 59.75, '00-99': 92.34, '100-104': 33.33, '105-109': 16.39, '110-114': 17.19, '115-119': 0.0, '120-124': 30.61, '125-129': 15.52, '130-134': 3.33, '135-139': 13.79, '140-144': 3.51, '145-149': 24.64, '150-154': 3.33, '155-159': 18.75, '160-164': 9.21, '165-169': 0.0, 'old': 61.51, 'new': 0.0}
2026-05-25 15:07:56,066 [trainer.py] => CNN top1 curve: [91.84, 89.37, 86.03, 82.37, 79.38, 77.88, 76.03, 73.15, 70.93, 69.02, 67.12, 64.75, 63.04, 61.87, 59.75]
2026-05-25 15:07:56,066 [trainer.py] => CNN top5 curve: [99.07, 98.63, 98.0, 97.29, 96.19, 95.49, 94.62, 93.56, 92.81, 91.76, 90.78, 90.26, 89.16, 87.8, 86.81]
2026-05-25 15:07:56,066 [trainer.py] => Average Accuracy (CNN): 74.17
2026-05-25 15:07:56,067 [trainer.py] => All params: 86236606
2026-05-25 15:07:56,068 [trainer.py] => Trainable params: 284340
2026-05-25 15:07:56,074 [lae.py] => Learning on 170-175
2026-05-25 15:21:48,947 [lae.py] => Task 15, Epoch 50/50 => Loss 0.081, Train_accy 95.60, Test_accy 58.95
2026-05-25 15:22:41,441 [trainer.py] => No NME accuracy.
2026-05-25 15:22:41,442 [trainer.py] => CNN: {'total': 58.95, '00-99': 92.34, '100-104': 33.33, '105-109': 14.75, '110-114': 17.19, '115-119': 0.0, '120-124': 36.73, '125-129': 12.07, '130-134': 1.67, '135-139': 13.79, '140-144': 3.51, '145-149': 20.29, '150-154': 3.33, '155-159': 15.62, '160-164': 10.53, '165-169': 0.0, '170-174': 35.42, 'old': 59.51, 'new': 35.42}
2026-05-25 15:22:41,442 [trainer.py] => CNN top1 curve: [91.84, 89.37, 86.03, 82.37, 79.38, 77.88, 76.03, 73.15, 70.93, 69.02, 67.12, 64.75, 63.04, 61.87, 59.75, 58.95]
2026-05-25 15:22:41,442 [trainer.py] => CNN top5 curve: [99.07, 98.63, 98.0, 97.29, 96.19, 95.49, 94.62, 93.56, 92.81, 91.76, 90.78, 90.26, 89.16, 87.8, 86.81, 85.91]
2026-05-25 15:22:41,443 [trainer.py] => Average Accuracy (CNN): 73.22
2026-05-25 15:22:41,445 [trainer.py] => All params: 86240451
2026-05-25 15:22:41,447 [trainer.py] => Trainable params: 288185
2026-05-25 15:22:41,453 [lae.py] => Learning on 175-180
2026-05-25 15:36:45,383 [lae.py] => Task 16, Epoch 50/50 => Loss 0.107, Train_accy 96.72, Test_accy 57.80
2026-05-25 15:37:40,735 [trainer.py] => No NME accuracy.
2026-05-25 15:37:40,735 [trainer.py] => CNN: {'total': 57.8, '00-99': 92.17, '100-104': 31.48, '105-109': 16.39, '110-114': 15.62, '115-119': 0.0, '120-124': 32.65, '125-129': 12.07, '130-134': 3.33, '135-139': 13.79, '140-144': 3.51, '145-149': 27.54, '150-154': 5.0, '155-159': 17.19, '160-164': 11.84, '165-169': 0.0, '170-174': 37.5, '175-179': 5.45, 'old': 59.19, 'new': 5.45}
2026-05-25 15:37:40,735 [trainer.py] => CNN top1 curve: [91.84, 89.37, 86.03, 82.37, 79.38, 77.88, 76.03, 73.15, 70.93, 69.02, 67.12, 64.75, 63.04, 61.87, 59.75, 58.95, 57.8]
2026-05-25 15:37:40,735 [trainer.py] => CNN top5 curve: [99.07, 98.63, 98.0, 97.29, 96.19, 95.49, 94.62, 93.56, 92.81, 91.76, 90.78, 90.26, 89.16, 87.8, 86.81, 85.91, 84.12]
2026-05-25 15:37:40,735 [trainer.py] => Average Accuracy (CNN): 72.31
2026-05-25 15:37:40,736 [trainer.py] => All params: 86244296
2026-05-25 15:37:40,737 [trainer.py] => Trainable params: 292030
2026-05-25 15:37:40,742 [lae.py] => Learning on 180-185
2026-05-25 15:51:43,343 [lae.py] => Task 17, Epoch 50/50 => Loss 0.072, Train_accy 96.88, Test_accy 56.43
2026-05-25 15:52:39,644 [trainer.py] => No NME accuracy.
2026-05-25 15:52:39,645 [trainer.py] => CNN: {'total': 56.43, '00-99': 92.09, '100-104': 33.33, '105-109': 18.03, '110-114': 18.75, '115-119': 0.0, '120-124': 34.69, '125-129': 17.24, '130-134': 1.67, '135-139': 12.07, '140-144': 3.51, '145-149': 23.19, '150-154': 3.33, '155-159': 15.62, '160-164': 14.47, '165-169': 0.0, '170-174': 33.33, '175-179': 5.45, '180-184': 10.94, 'old': 57.8, 'new': 10.94}
2026-05-25 15:52:39,645 [trainer.py] => CNN top1 curve: [91.84, 89.37, 86.03, 82.37, 79.38, 77.88, 76.03, 73.15, 70.93, 69.02, 67.12, 64.75, 63.04, 61.87, 59.75, 58.95, 57.8, 56.43]
2026-05-25 15:52:39,645 [trainer.py] => CNN top5 curve: [99.07, 98.63, 98.0, 97.29, 96.19, 95.49, 94.62, 93.56, 92.81, 91.76, 90.78, 90.26, 89.16, 87.8, 86.81, 85.91, 84.12, 82.98]
2026-05-25 15:52:39,645 [trainer.py] => Average Accuracy (CNN): 71.43
2026-05-25 15:52:39,646 [trainer.py] => All params: 86248141
2026-05-25 15:52:39,647 [trainer.py] => Trainable params: 295875
2026-05-25 15:52:39,652 [lae.py] => Learning on 185-190
2026-05-25 16:07:07,359 [lae.py] => Task 18, Epoch 50/50 => Loss 0.103, Train_accy 96.10, Test_accy 54.47
2026-05-25 16:08:05,608 [trainer.py] => No NME accuracy.
2026-05-25 16:08:05,608 [trainer.py] => CNN: {'total': 54.47, '00-99': 92.17, '100-104': 33.33, '105-109': 14.75, '110-114': 20.31, '115-119': 0.0, '120-124': 32.65, '125-129': 15.52, '130-134': 1.67, '135-139': 12.07, '140-144': 1.75, '145-149': 21.74, '150-154': 3.33, '155-159': 12.5, '160-164': 10.53, '165-169': 0.0, '170-174': 35.42, '175-179': 5.45, '180-184': 14.06, '185-189': 0.0, 'old': 56.16, 'new': 0.0}
2026-05-25 16:08:05,608 [trainer.py] => CNN top1 curve: [91.84, 89.37, 86.03, 82.37, 79.38, 77.88, 76.03, 73.15, 70.93, 69.02, 67.12, 64.75, 63.04, 61.87, 59.75, 58.95, 57.8, 56.43, 54.47]
2026-05-25 16:08:05,609 [trainer.py] => CNN top5 curve: [99.07, 98.63, 98.0, 97.29, 96.19, 95.49, 94.62, 93.56, 92.81, 91.76, 90.78, 90.26, 89.16, 87.8, 86.81, 85.91, 84.12, 82.98, 81.99]
2026-05-25 16:08:05,609 [trainer.py] => Average Accuracy (CNN): 70.54
2026-05-25 16:08:05,610 [trainer.py] => All params: 86251986
2026-05-25 16:08:05,610 [trainer.py] => Trainable params: 299720
2026-05-25 16:08:05,613 [lae.py] => Learning on 190-195
2026-05-25 16:22:57,009 [lae.py] => Task 19, Epoch 50/50 => Loss 0.058, Train_accy 97.93, Test_accy 53.67
2026-05-25 16:23:57,838 [trainer.py] => No NME accuracy.
2026-05-25 16:23:57,865 [trainer.py] => CNN: {'total': 53.67, '00-99': 92.26, '100-104': 37.04, '105-109': 14.75, '110-114': 20.31, '115-119': 0.0, '120-124': 36.73, '125-129': 13.79, '130-134': 1.67, '135-139': 10.34, '140-144': 3.51, '145-149': 20.29, '150-154': 3.33, '155-159': 9.38, '160-164': 14.47, '165-169': 0.0, '170-174': 33.33, '175-179': 5.45, '180-184': 12.5, '185-189': 0.0, '190-194': 18.97, 'old': 54.56, 'new': 18.97}
2026-05-25 16:23:57,865 [trainer.py] => CNN top1 curve: [91.84, 89.37, 86.03, 82.37, 79.38, 77.88, 76.03, 73.15, 70.93, 69.02, 67.12, 64.75, 63.04, 61.87, 59.75, 58.95, 57.8, 56.43, 54.47, 53.67]
2026-05-25 16:23:57,865 [trainer.py] => CNN top5 curve: [99.07, 98.63, 98.0, 97.29, 96.19, 95.49, 94.62, 93.56, 92.81, 91.76, 90.78, 90.26, 89.16, 87.8, 86.81, 85.91, 84.12, 82.98, 81.99, 82.27]
2026-05-25 16:23:57,865 [trainer.py] => Average Accuracy (CNN): 69.69
2026-05-25 16:23:57,866 [trainer.py] => All params: 86255831
2026-05-25 16:23:57,867 [trainer.py] => Trainable params: 303565
2026-05-25 16:23:57,874 [lae.py] => Learning on 195-200
2026-05-25 16:39:12,890 [lae.py] => Task 20, Epoch 50/50 => Loss 0.125, Train_accy 94.51, Test_accy 53.05
2026-05-25 16:40:14,535 [trainer.py] => No NME accuracy.
2026-05-25 16:40:14,563 [trainer.py] => CNN: {'total': 53.05, '00-99': 92.26, '100-104': 37.04, '105-109': 16.39, '110-114': 18.75, '115-119': 0.0, '120-124': 34.69, '125-129': 15.52, '130-134': 1.67, '135-139': 12.07, '140-144': 5.26, '145-149': 21.74, '150-154': 0.0, '155-159': 10.94, '160-164': 5.26, '165-169': 0.0, '170-174': 35.42, '175-179': 5.45, '180-184': 12.5, '185-189': 0.0, '190-194': 18.97, '195-199': 27.5, 'old': 53.49, 'new': 27.5}
2026-05-25 16:40:14,563 [trainer.py] => CNN top1 curve: [91.84, 89.37, 86.03, 82.37, 79.38, 77.88, 76.03, 73.15, 70.93, 69.02, 67.12, 64.75, 63.04, 61.87, 59.75, 58.95, 57.8, 56.43, 54.47, 53.67, 53.05]
2026-05-25 16:40:14,563 [trainer.py] => CNN top5 curve: [99.07, 98.63, 98.0, 97.29, 96.19, 95.49, 94.62, 93.56, 92.81, 91.76, 90.78, 90.26, 89.16, 87.8, 86.81, 85.91, 84.12, 82.98, 81.99, 82.27, 81.21]
2026-05-25 16:40:14,563 [trainer.py] => Average Accuracy (CNN): 68.9
