2026-06-03 04:19:26,477 [trainer.py] => config: ./configs/lae/lae_ina_B0_Inc40.json
2026-06-03 04:19:26,477 [trainer.py] => prefix:  
2026-06-03 04:19:26,478 [trainer.py] => dataset: imageneta
2026-06-03 04:19:26,478 [trainer.py] => memory_size: 0
2026-06-03 04:19:26,478 [trainer.py] => memory_per_class: 0
2026-06-03 04:19:26,478 [trainer.py] => fixed_memory: False
2026-06-03 04:19:26,478 [trainer.py] => shuffle: True
2026-06-03 04:19:26,478 [trainer.py] => init_cls: 40
2026-06-03 04:19:26,478 [trainer.py] => increment: 40
2026-06-03 04:19:26,478 [trainer.py] => model_name: lae
2026-06-03 04:19:26,478 [trainer.py] => backbone_type: vit_base_patch16_224_in21k_lae
2026-06-03 04:19:26,478 [trainer.py] => device: [device(type='cuda', index=3)]
2026-06-03 04:19:26,478 [trainer.py] => seed: 42
2026-06-03 04:19:26,478 [trainer.py] => tuned_epoch: 50
2026-06-03 04:19:26,478 [trainer.py] => init_lr: 0.00046875
2026-06-03 04:19:26,479 [trainer.py] => batch_size: 128
2026-06-03 04:19:26,479 [trainer.py] => weight_decay: 0
2026-06-03 04:19:26,479 [trainer.py] => min_lr: 1e-05
2026-06-03 04:19:26,479 [trainer.py] => optimizer: adam
2026-06-03 04:19:26,479 [trainer.py] => scheduler: constant
2026-06-03 04:19:26,479 [trainer.py] => reinit_optimizer: True
2026-06-03 04:19:26,479 [trainer.py] => pretrained: True
2026-06-03 04:19:26,479 [trainer.py] => drop: 0.0
2026-06-03 04:19:26,479 [trainer.py] => drop_path: 0.0
2026-06-03 04:19:26,479 [trainer.py] => ema_decay: 0.9999
2026-06-03 04:19:26,479 [trainer.py] => num_freeze_epochs: 30
2026-06-03 04:19:26,479 [trainer.py] => pet_cls: LoRA
2026-06-03 04:19:26,479 [trainer.py] => pet_length: 10
2026-06-03 04:19:26,480 [trainer.py] => down_sample_dim: 5
2026-06-03 04:19:27,299 [data_manager.py] => [95, 15, 30, 158, 128, 115, 69, 170, 174, 45, 66, 182, 165, 78, 186, 177, 56, 152, 82, 68, 124, 16, 148, 93, 65, 60, 84, 67, 125, 132, 9, 18, 55, 75, 150, 104, 135, 137, 164, 76, 79, 197, 38, 24, 122, 195, 29, 19, 143, 86, 114, 173, 5, 126, 117, 73, 140, 98, 172, 96, 169, 97, 31, 12, 35, 119, 42, 189, 90, 136, 51, 127, 162, 41, 118, 113, 26, 139, 100, 111, 2, 77, 46, 187, 191, 85, 161, 36, 190, 61, 22, 141, 101, 33, 11, 194, 159, 6, 27, 120, 4, 32, 142, 145, 109, 144, 10, 62, 112, 146, 166, 0, 198, 153, 70, 123, 64, 44, 163, 28, 40, 108, 155, 156, 25, 23, 184, 147, 81, 39, 168, 47, 94, 154, 43, 138, 3, 105, 53, 133, 180, 178, 185, 49, 80, 34, 7, 110, 91, 83, 176, 181, 89, 8, 13, 59, 171, 131, 17, 72, 175, 134, 167, 183, 63, 54, 107, 50, 196, 58, 48, 88, 21, 57, 160, 192, 129, 37, 157, 193, 1, 52, 149, 130, 151, 103, 99, 116, 87, 74, 121, 199, 20, 188, 71, 106, 14, 92, 179, 102]
2026-06-03 04:19:45,746 [lae.py] => 85,952,266 model total parameters.
2026-06-03 04:19:45,761 [lae.py] => 0 model training parameters.
2026-06-03 04:19:45,762 [trainer.py] => All params: 86105876
2026-06-03 04:19:45,763 [trainer.py] => Trainable params: 0
2026-06-03 04:19:45,763 [lae.py] => Learning on 0-40
2026-06-03 04:45:17,510 [lae.py] => Task 0, Epoch 50/50 => Loss 0.219, Train_accy 93.65, Test_accy 71.95
2026-06-03 04:45:27,266 [trainer.py] => No NME accuracy.
2026-06-03 04:45:27,266 [trainer.py] => CNN: {'total': 71.95, '00-39': 71.95, 'old': 0, 'new': 71.95}
2026-06-03 04:45:27,267 [trainer.py] => CNN top1 curve: [71.95]
2026-06-03 04:45:27,267 [trainer.py] => CNN top5 curve: [89.11]
2026-06-03 04:45:27,267 [trainer.py] => Average Accuracy (CNN): 71.95
2026-06-03 04:45:27,269 [trainer.py] => All params: 86136636
2026-06-03 04:45:27,272 [trainer.py] => Trainable params: 184370
2026-06-03 04:45:27,279 [lae.py] => Learning on 40-80
2026-06-03 05:09:17,401 [lae.py] => Task 1, Epoch 50/50 => Loss 0.250, Train_accy 93.35, Test_accy 57.45
2026-06-03 05:09:34,870 [trainer.py] => No NME accuracy.
2026-06-03 05:09:34,870 [trainer.py] => CNN: {'total': 57.45, '00-39': 64.36, '40-79': 49.21, 'old': 64.36, 'new': 49.21}
2026-06-03 05:09:34,870 [trainer.py] => CNN top1 curve: [71.95, 57.45]
2026-06-03 05:09:34,870 [trainer.py] => CNN top5 curve: [89.11, 80.61]
2026-06-03 05:09:34,870 [trainer.py] => Average Accuracy (CNN): 64.7
2026-06-03 05:09:34,871 [trainer.py] => All params: 86167396
2026-06-03 05:09:34,871 [trainer.py] => Trainable params: 215130
2026-06-03 05:09:34,879 [lae.py] => Learning on 80-120
2026-06-03 05:42:59,105 [lae.py] => Task 2, Epoch 50/50 => Loss 0.185, Train_accy 94.70, Test_accy 51.60
2026-06-03 05:43:28,169 [trainer.py] => No NME accuracy.
2026-06-03 05:43:28,170 [trainer.py] => CNN: {'total': 51.6, '00-39': 59.74, '40-79': 42.52, '80-119': 51.18, 'old': 51.89, 'new': 51.18}
2026-06-03 05:43:28,170 [trainer.py] => CNN top1 curve: [71.95, 57.45, 51.6]
2026-06-03 05:43:28,170 [trainer.py] => CNN top5 curve: [89.11, 80.61, 77.72]
2026-06-03 05:43:28,170 [trainer.py] => Average Accuracy (CNN): 60.33
2026-06-03 05:43:28,172 [trainer.py] => All params: 86198156
2026-06-03 05:43:28,174 [trainer.py] => Trainable params: 245890
2026-06-03 05:43:28,188 [lae.py] => Learning on 120-160
2026-06-03 06:11:22,987 [lae.py] => Task 3, Epoch 50/50 => Loss 0.161, Train_accy 95.47, Test_accy 47.10
2026-06-03 06:12:00,243 [trainer.py] => No NME accuracy.
2026-06-03 06:12:00,244 [trainer.py] => CNN: {'total': 47.1, '00-39': 56.11, '40-79': 40.16, '80-119': 50.66, '120-159': 39.02, 'old': 49.57, 'new': 39.02}
2026-06-03 06:12:00,244 [trainer.py] => CNN top1 curve: [71.95, 57.45, 51.6, 47.1]
2026-06-03 06:12:00,244 [trainer.py] => CNN top5 curve: [89.11, 80.61, 77.72, 73.39]
2026-06-03 06:12:00,244 [trainer.py] => Average Accuracy (CNN): 57.02
2026-06-03 06:12:00,245 [trainer.py] => All params: 86228916
2026-06-03 06:12:00,245 [trainer.py] => Trainable params: 276650
2026-06-03 06:12:00,257 [lae.py] => Learning on 160-200
2026-06-03 06:42:18,141 [lae.py] => Task 4, Epoch 50/50 => Loss 0.241, Train_accy 92.99, Test_accy 44.96
2026-06-03 06:42:57,048 [trainer.py] => No NME accuracy.
2026-06-03 06:42:57,048 [trainer.py] => CNN: {'total': 44.96, '00-39': 57.1, '40-79': 42.13, '80-119': 50.13, '120-159': 39.72, '160-199': 33.33, 'old': 47.76, 'new': 33.33}
2026-06-03 06:42:57,048 [trainer.py] => CNN top1 curve: [71.95, 57.45, 51.6, 47.1, 44.96]
2026-06-03 06:42:57,048 [trainer.py] => CNN top5 curve: [89.11, 80.61, 77.72, 73.39, 70.51]
2026-06-03 06:42:57,048 [trainer.py] => Average Accuracy (CNN): 54.61
