2026-06-02 03:51:22,669 [trainer.py] => config: ./configs/lae/lae_ina_B0_Inc5.json
2026-06-02 03:51:22,670 [trainer.py] => prefix:  
2026-06-02 03:51:22,670 [trainer.py] => dataset: imageneta
2026-06-02 03:51:22,670 [trainer.py] => memory_size: 0
2026-06-02 03:51:22,670 [trainer.py] => memory_per_class: 0
2026-06-02 03:51:22,670 [trainer.py] => fixed_memory: False
2026-06-02 03:51:22,670 [trainer.py] => shuffle: True
2026-06-02 03:51:22,670 [trainer.py] => init_cls: 5
2026-06-02 03:51:22,670 [trainer.py] => increment: 5
2026-06-02 03:51:22,670 [trainer.py] => model_name: lae
2026-06-02 03:51:22,670 [trainer.py] => backbone_type: vit_base_patch16_224_in21k_lae
2026-06-02 03:51:22,670 [trainer.py] => device: [device(type='cuda', index=3)]
2026-06-02 03:51:22,670 [trainer.py] => seed: 1994
2026-06-02 03:51:22,670 [trainer.py] => tuned_epoch: 50
2026-06-02 03:51:22,670 [trainer.py] => init_lr: 0.00046875
2026-06-02 03:51:22,670 [trainer.py] => batch_size: 128
2026-06-02 03:51:22,670 [trainer.py] => weight_decay: 0
2026-06-02 03:51:22,670 [trainer.py] => min_lr: 1e-05
2026-06-02 03:51:22,670 [trainer.py] => optimizer: adam
2026-06-02 03:51:22,670 [trainer.py] => scheduler: constant
2026-06-02 03:51:22,670 [trainer.py] => reinit_optimizer: True
2026-06-02 03:51:22,670 [trainer.py] => pretrained: True
2026-06-02 03:51:22,671 [trainer.py] => drop: 0.0
2026-06-02 03:51:22,671 [trainer.py] => drop_path: 0.0
2026-06-02 03:51:22,671 [trainer.py] => ema_decay: 0.9999
2026-06-02 03:51:22,671 [trainer.py] => num_freeze_epochs: 30
2026-06-02 03:51:22,671 [trainer.py] => pet_cls: LoRA
2026-06-02 03:51:22,671 [trainer.py] => pet_length: 10
2026-06-02 03:51:22,671 [trainer.py] => down_sample_dim: 5
2026-06-02 03:51:22,671 [trainer.py] => nb_classes: 200
2026-06-02 03:51:22,671 [trainer.py] => nb_tasks: 40
2026-06-02 03:51:23,506 [data_manager.py] => [85, 41, 23, 28, 70, 87, 134, 151, 51, 159, 178, 119, 50, 117, 73, 95, 86, 147, 63, 22, 79, 175, 40, 155, 174, 54, 132, 72, 124, 157, 93, 26, 196, 74, 44, 15, 169, 122, 88, 171, 184, 6, 18, 145, 48, 197, 64, 172, 126, 96, 11, 55, 193, 66, 128, 21, 77, 113, 140, 116, 141, 133, 120, 29, 115, 14, 103, 127, 114, 19, 9, 38, 33, 195, 81, 35, 69, 181, 47, 129, 112, 168, 198, 71, 101, 188, 68, 90, 158, 163, 52, 8, 185, 59, 154, 92, 56, 183, 32, 136, 65, 45, 46, 173, 189, 108, 102, 144, 0, 107, 187, 100, 98, 192, 43, 161, 104, 75, 150, 166, 121, 60, 160, 3, 143, 153, 62, 142, 61, 110, 194, 97, 25, 177, 179, 17, 49, 31, 94, 111, 16, 53, 91, 58, 135, 83, 2, 12, 13, 165, 42, 36, 186, 105, 1, 7, 149, 170, 27, 24, 78, 167, 137, 138, 118, 10, 139, 164, 20, 57, 123, 199, 89, 130, 82, 162, 176, 148, 109, 125, 67, 106, 37, 146, 131, 180, 156, 39, 5, 84, 4, 190, 152, 191, 30, 76, 80, 34, 99, 182]
2026-06-02 03:51:26,803 [lae.py] => 85,952,266 model total parameters.
2026-06-02 03:51:26,804 [lae.py] => 0 model training parameters.
2026-06-02 03:51:26,805 [trainer.py] => All params: 86105876
2026-06-02 03:51:26,805 [trainer.py] => Trainable params: 0
2026-06-02 03:51:26,806 [lae.py] => Learning on 0-5
2026-06-02 03:56:22,462 [lae.py] => Task 0, Epoch 50/50 => Loss 0.084, Train_accy 97.56, Test_accy 83.33
2026-06-02 03:56:24,797 [trainer.py] => No NME accuracy.
2026-06-02 03:56:24,797 [trainer.py] => CNN: {'total': 83.33, '00-04': 83.33, 'old': 0, 'new': 83.33}
2026-06-02 03:56:24,798 [trainer.py] => CNN top1 curve: [83.33]
2026-06-02 03:56:24,798 [trainer.py] => CNN top5 curve: [100.0]
2026-06-02 03:56:24,798 [trainer.py] => Average Accuracy (CNN): 83.33
2026-06-02 03:56:24,800 [trainer.py] => All params: 86109721
2026-06-02 03:56:24,802 [trainer.py] => Trainable params: 157455
2026-06-02 03:56:24,812 [lae.py] => Learning on 5-10
2026-06-02 04:00:31,548 [lae.py] => Task 1, Epoch 50/50 => Loss 0.037, Train_accy 98.70, Test_accy 70.79
2026-06-02 04:00:34,972 [trainer.py] => No NME accuracy.
2026-06-02 04:00:34,972 [trainer.py] => CNN: {'total': 70.79, '00-04': 75.93, '05-09': 62.86, 'old': 75.93, 'new': 62.86}
2026-06-02 04:00:34,972 [trainer.py] => CNN top1 curve: [83.33, 70.79]
2026-06-02 04:00:34,972 [trainer.py] => CNN top5 curve: [100.0, 93.26]
2026-06-02 04:00:34,973 [trainer.py] => Average Accuracy (CNN): 77.06
2026-06-02 04:00:34,973 [trainer.py] => All params: 86113566
2026-06-02 04:00:34,974 [trainer.py] => Trainable params: 161300
2026-06-02 04:00:34,981 [lae.py] => Learning on 10-15
2026-06-02 04:02:27,987 [lae.py] => Task 2, Epoch 50/50 => Loss 0.036, Train_accy 100.00, Test_accy 61.17
2026-06-02 04:02:31,743 [trainer.py] => No NME accuracy.
2026-06-02 04:02:31,744 [trainer.py] => CNN: {'total': 61.17, '00-04': 64.81, '05-09': 60.0, '10-14': 50.0, 'old': 62.92, 'new': 50.0}
2026-06-02 04:02:31,744 [trainer.py] => CNN top1 curve: [83.33, 70.79, 61.17]
2026-06-02 04:02:31,744 [trainer.py] => CNN top5 curve: [100.0, 93.26, 88.35]
2026-06-02 04:02:31,744 [trainer.py] => Average Accuracy (CNN): 71.76
2026-06-02 04:02:31,745 [trainer.py] => All params: 86117411
2026-06-02 04:02:31,745 [trainer.py] => Trainable params: 165145
2026-06-02 04:02:31,758 [lae.py] => Learning on 15-20
2026-06-02 04:06:46,171 [lae.py] => Task 3, Epoch 50/50 => Loss 0.068, Train_accy 98.62, Test_accy 50.00
2026-06-02 04:06:51,408 [trainer.py] => No NME accuracy.
2026-06-02 04:06:51,409 [trainer.py] => CNN: {'total': 50.0, '00-04': 55.56, '05-09': 57.14, '10-14': 42.86, '15-19': 37.84, 'old': 54.37, 'new': 37.84}
2026-06-02 04:06:51,409 [trainer.py] => CNN top1 curve: [83.33, 70.79, 61.17, 50.0]
2026-06-02 04:06:51,410 [trainer.py] => CNN top5 curve: [100.0, 93.26, 88.35, 79.29]
2026-06-02 04:06:51,410 [trainer.py] => Average Accuracy (CNN): 66.32
2026-06-02 04:06:51,412 [trainer.py] => All params: 86121256
2026-06-02 04:06:51,414 [trainer.py] => Trainable params: 168990
2026-06-02 04:06:51,421 [lae.py] => Learning on 20-25
2026-06-02 04:09:23,393 [lae.py] => Task 4, Epoch 50/50 => Loss 0.121, Train_accy 95.16, Test_accy 47.02
2026-06-02 04:09:28,816 [trainer.py] => No NME accuracy.
2026-06-02 04:09:28,817 [trainer.py] => CNN: {'total': 47.02, '00-04': 59.26, '05-09': 57.14, '10-14': 35.71, '15-19': 35.14, '20-24': 9.09, 'old': 50.0, 'new': 9.09}
2026-06-02 04:09:28,817 [trainer.py] => CNN top1 curve: [83.33, 70.79, 61.17, 50.0, 47.02]
2026-06-02 04:09:28,817 [trainer.py] => CNN top5 curve: [100.0, 93.26, 88.35, 79.29, 72.85]
2026-06-02 04:09:28,817 [trainer.py] => Average Accuracy (CNN): 62.46
2026-06-02 04:09:28,818 [trainer.py] => All params: 86125101
2026-06-02 04:09:28,818 [trainer.py] => Trainable params: 172835
2026-06-02 04:09:28,825 [lae.py] => Learning on 25-30
2026-06-02 04:13:30,253 [lae.py] => Task 5, Epoch 50/50 => Loss 0.062, Train_accy 99.19, Test_accy 37.50
2026-06-02 04:13:36,758 [trainer.py] => No NME accuracy.
2026-06-02 04:13:36,759 [trainer.py] => CNN: {'total': 37.5, '00-04': 53.7, '05-09': 48.57, '10-14': 35.71, '15-19': 37.84, '20-24': 9.09, '25-29': 9.09, 'old': 43.71, 'new': 9.09}
2026-06-02 04:13:36,759 [trainer.py] => CNN top1 curve: [83.33, 70.79, 61.17, 50.0, 47.02, 37.5]
2026-06-02 04:13:36,759 [trainer.py] => CNN top5 curve: [100.0, 93.26, 88.35, 79.29, 72.85, 69.02]
2026-06-02 04:13:36,760 [trainer.py] => Average Accuracy (CNN): 58.3
2026-06-02 04:13:36,762 [trainer.py] => All params: 86128946
2026-06-02 04:13:36,764 [trainer.py] => Trainable params: 176680
2026-06-02 04:13:36,774 [lae.py] => Learning on 30-35
2026-06-02 04:19:50,242 [lae.py] => Task 6, Epoch 50/50 => Loss 0.132, Train_accy 96.10, Test_accy 41.70
2026-06-02 04:19:58,084 [trainer.py] => No NME accuracy.
2026-06-02 04:19:58,084 [trainer.py] => CNN: {'total': 41.7, '00-04': 59.26, '05-09': 48.57, '10-14': 35.71, '15-19': 37.84, '20-24': 9.09, '25-29': 9.09, '30-34': 50.98, 'old': 39.13, 'new': 50.98}
2026-06-02 04:19:58,084 [trainer.py] => CNN top1 curve: [83.33, 70.79, 61.17, 50.0, 47.02, 37.5, 41.7]
2026-06-02 04:19:58,084 [trainer.py] => CNN top5 curve: [100.0, 93.26, 88.35, 79.29, 72.85, 69.02, 71.91]
2026-06-02 04:19:58,084 [trainer.py] => Average Accuracy (CNN): 55.93
2026-06-02 04:19:58,085 [trainer.py] => All params: 86132791
2026-06-02 04:19:58,086 [trainer.py] => Trainable params: 180525
2026-06-02 04:19:58,088 [lae.py] => Learning on 35-40
2026-06-02 04:24:24,383 [lae.py] => Task 7, Epoch 50/50 => Loss 0.097, Train_accy 96.00, Test_accy 39.47
2026-06-02 04:24:33,386 [trainer.py] => No NME accuracy.
2026-06-02 04:24:33,386 [trainer.py] => CNN: {'total': 39.47, '00-04': 59.26, '05-09': 51.43, '10-14': 28.57, '15-19': 37.84, '20-24': 9.09, '25-29': 9.09, '30-34': 49.02, '35-39': 25.81, 'old': 41.28, 'new': 25.81}
2026-06-02 04:24:33,386 [trainer.py] => CNN top1 curve: [83.33, 70.79, 61.17, 50.0, 47.02, 37.5, 41.7, 39.47]
2026-06-02 04:24:33,386 [trainer.py] => CNN top5 curve: [100.0, 93.26, 88.35, 79.29, 72.85, 69.02, 71.91, 69.55]
2026-06-02 04:24:33,386 [trainer.py] => Average Accuracy (CNN): 53.87
2026-06-02 04:24:33,387 [trainer.py] => All params: 86136636
2026-06-02 04:24:33,388 [trainer.py] => Trainable params: 184370
2026-06-02 04:24:33,399 [lae.py] => Learning on 40-45
2026-06-02 04:31:10,338 [lae.py] => Task 8, Epoch 50/50 => Loss 0.153, Train_accy 94.62, Test_accy 34.86
2026-06-02 04:31:21,071 [trainer.py] => No NME accuracy.
2026-06-02 04:31:21,071 [trainer.py] => CNN: {'total': 34.86, '00-04': 53.7, '05-09': 40.0, '10-14': 35.71, '15-19': 35.14, '20-24': 9.09, '25-29': 12.12, '30-34': 45.1, '35-39': 25.81, '40-44': 27.87, 'old': 36.47, 'new': 27.87}
2026-06-02 04:31:21,071 [trainer.py] => CNN top1 curve: [83.33, 70.79, 61.17, 50.0, 47.02, 37.5, 41.7, 39.47, 34.86]
2026-06-02 04:31:21,071 [trainer.py] => CNN top5 curve: [100.0, 93.26, 88.35, 79.29, 72.85, 69.02, 71.91, 69.55, 66.97]
2026-06-02 04:31:21,071 [trainer.py] => Average Accuracy (CNN): 51.76
2026-06-02 04:31:21,072 [trainer.py] => All params: 86140481
2026-06-02 04:31:21,072 [trainer.py] => Trainable params: 188215
2026-06-02 04:31:21,076 [lae.py] => Learning on 45-50
2026-06-02 04:35:25,187 [lae.py] => Task 9, Epoch 50/50 => Loss 0.071, Train_accy 97.67, Test_accy 33.52
2026-06-02 04:35:37,074 [trainer.py] => No NME accuracy.
2026-06-02 04:35:37,074 [trainer.py] => CNN: {'total': 33.52, '00-04': 51.85, '05-09': 37.14, '10-14': 28.57, '15-19': 37.84, '20-24': 9.09, '25-29': 15.15, '30-34': 45.1, '35-39': 19.35, '40-44': 32.79, '45-49': 19.35, 'old': 34.86, 'new': 19.35}
2026-06-02 04:35:37,074 [trainer.py] => CNN top1 curve: [83.33, 70.79, 61.17, 50.0, 47.02, 37.5, 41.7, 39.47, 34.86, 33.52]
2026-06-02 04:35:37,074 [trainer.py] => CNN top5 curve: [100.0, 93.26, 88.35, 79.29, 72.85, 69.02, 71.91, 69.55, 66.97, 63.69]
2026-06-02 04:35:37,074 [trainer.py] => Average Accuracy (CNN): 49.94
2026-06-02 04:35:37,075 [trainer.py] => All params: 86144326
2026-06-02 04:35:37,076 [trainer.py] => Trainable params: 192060
2026-06-02 04:35:37,080 [lae.py] => Learning on 50-55
2026-06-02 04:42:40,504 [lae.py] => Task 10, Epoch 50/50 => Loss 0.112, Train_accy 96.89, Test_accy 34.99
2026-06-02 04:42:54,104 [trainer.py] => No NME accuracy.
2026-06-02 04:42:54,104 [trainer.py] => CNN: {'total': 34.99, '00-04': 51.85, '05-09': 40.0, '10-14': 28.57, '15-19': 40.54, '20-24': 9.09, '25-29': 9.09, '30-34': 39.22, '35-39': 19.35, '40-44': 26.23, '45-49': 19.35, '50-54': 53.85, 'old': 31.56, 'new': 53.85}
2026-06-02 04:42:54,104 [trainer.py] => CNN top1 curve: [83.33, 70.79, 61.17, 50.0, 47.02, 37.5, 41.7, 39.47, 34.86, 33.52, 34.99]
2026-06-02 04:42:54,105 [trainer.py] => CNN top5 curve: [100.0, 93.26, 88.35, 79.29, 72.85, 69.02, 71.91, 69.55, 66.97, 63.69, 64.07]
2026-06-02 04:42:54,105 [trainer.py] => Average Accuracy (CNN): 48.58
2026-06-02 04:42:54,106 [trainer.py] => All params: 86148171
2026-06-02 04:42:54,107 [trainer.py] => Trainable params: 195905
2026-06-02 04:42:54,110 [lae.py] => Learning on 55-60
2026-06-02 04:48:24,992 [lae.py] => Task 11, Epoch 50/50 => Loss 0.085, Train_accy 94.66, Test_accy 27.72
2026-06-02 04:48:39,701 [trainer.py] => No NME accuracy.
2026-06-02 04:48:39,701 [trainer.py] => CNN: {'total': 27.72, '00-04': 51.85, '05-09': 37.14, '10-14': 28.57, '15-19': 40.54, '20-24': 9.09, '25-29': 6.06, '30-34': 15.69, '35-39': 6.45, '40-44': 16.39, '45-49': 12.9, '50-54': 46.15, '55-59': 28.57, 'old': 27.66, 'new': 28.57}
2026-06-02 04:48:39,701 [trainer.py] => CNN top1 curve: [83.33, 70.79, 61.17, 50.0, 47.02, 37.5, 41.7, 39.47, 34.86, 33.52, 34.99, 27.72]
2026-06-02 04:48:39,701 [trainer.py] => CNN top5 curve: [100.0, 93.26, 88.35, 79.29, 72.85, 69.02, 71.91, 69.55, 66.97, 63.69, 64.07, 59.2]
2026-06-02 04:48:39,702 [trainer.py] => Average Accuracy (CNN): 46.84
2026-06-02 04:48:39,702 [trainer.py] => All params: 86152016
2026-06-02 04:48:39,703 [trainer.py] => Trainable params: 199750
2026-06-02 04:48:39,713 [lae.py] => Learning on 60-65
2026-06-02 04:53:52,536 [lae.py] => Task 12, Epoch 50/50 => Loss 0.129, Train_accy 96.36, Test_accy 27.37
2026-06-02 04:54:07,832 [trainer.py] => No NME accuracy.
2026-06-02 04:54:07,832 [trainer.py] => CNN: {'total': 27.37, '00-04': 50.0, '05-09': 40.0, '10-14': 28.57, '15-19': 40.54, '20-24': 9.09, '25-29': 6.06, '30-34': 15.69, '35-39': 12.9, '40-44': 14.75, '45-49': 6.45, '50-54': 52.31, '55-59': 21.43, '60-64': 20.0, 'old': 27.94, 'new': 20.0}
2026-06-02 04:54:07,832 [trainer.py] => CNN top1 curve: [83.33, 70.79, 61.17, 50.0, 47.02, 37.5, 41.7, 39.47, 34.86, 33.52, 34.99, 27.72, 27.37]
2026-06-02 04:54:07,832 [trainer.py] => CNN top5 curve: [100.0, 93.26, 88.35, 79.29, 72.85, 69.02, 71.91, 69.55, 66.97, 63.69, 64.07, 59.2, 57.41]
2026-06-02 04:54:07,832 [trainer.py] => Average Accuracy (CNN): 45.34
2026-06-02 04:54:07,833 [trainer.py] => All params: 86155861
2026-06-02 04:54:07,834 [trainer.py] => Trainable params: 203595
2026-06-02 04:54:07,843 [lae.py] => Learning on 65-70
2026-06-02 05:00:51,669 [lae.py] => Task 13, Epoch 50/50 => Loss 0.146, Train_accy 94.89, Test_accy 26.91
2026-06-02 05:01:08,041 [trainer.py] => No NME accuracy.
2026-06-02 05:01:08,041 [trainer.py] => CNN: {'total': 26.91, '00-04': 51.85, '05-09': 34.29, '10-14': 28.57, '15-19': 45.95, '20-24': 9.09, '25-29': 3.03, '30-34': 23.53, '35-39': 16.13, '40-44': 19.67, '45-49': 12.9, '50-54': 41.54, '55-59': 7.14, '60-64': 8.57, '65-69': 34.21, 'old': 26.34, 'new': 34.21}
2026-06-02 05:01:08,041 [trainer.py] => CNN top1 curve: [83.33, 70.79, 61.17, 50.0, 47.02, 37.5, 41.7, 39.47, 34.86, 33.52, 34.99, 27.72, 27.37, 26.91]
2026-06-02 05:01:08,041 [trainer.py] => CNN top5 curve: [100.0, 93.26, 88.35, 79.29, 72.85, 69.02, 71.91, 69.55, 66.97, 63.69, 64.07, 59.2, 57.41, 59.54]
2026-06-02 05:01:08,041 [trainer.py] => Average Accuracy (CNN): 44.02
2026-06-02 05:01:08,042 [trainer.py] => All params: 86159706
2026-06-02 05:01:08,043 [trainer.py] => Trainable params: 207440
2026-06-02 05:01:08,052 [lae.py] => Learning on 70-75
2026-06-02 05:07:59,445 [lae.py] => Task 14, Epoch 50/50 => Loss 0.115, Train_accy 98.24, Test_accy 25.66
2026-06-02 05:08:17,428 [trainer.py] => No NME accuracy.
2026-06-02 05:08:17,429 [trainer.py] => CNN: {'total': 25.66, '00-04': 51.85, '05-09': 37.14, '10-14': 28.57, '15-19': 29.73, '20-24': 9.09, '25-29': 9.09, '30-34': 19.61, '35-39': 12.9, '40-44': 13.11, '45-49': 9.68, '50-54': 30.77, '55-59': 7.14, '60-64': 17.14, '65-69': 31.58, '70-74': 46.67, 'old': 23.85, 'new': 46.67}
2026-06-02 05:08:17,429 [trainer.py] => CNN top1 curve: [83.33, 70.79, 61.17, 50.0, 47.02, 37.5, 41.7, 39.47, 34.86, 33.52, 34.99, 27.72, 27.37, 26.91, 25.66]
2026-06-02 05:08:17,429 [trainer.py] => CNN top5 curve: [100.0, 93.26, 88.35, 79.29, 72.85, 69.02, 71.91, 69.55, 66.97, 63.69, 64.07, 59.2, 57.41, 59.54, 58.35]
2026-06-02 05:08:17,429 [trainer.py] => Average Accuracy (CNN): 42.8
2026-06-02 05:08:17,430 [trainer.py] => All params: 86163551
2026-06-02 05:08:17,430 [trainer.py] => Trainable params: 211285
2026-06-02 05:08:17,436 [lae.py] => Learning on 75-80
2026-06-02 05:15:21,882 [lae.py] => Task 15, Epoch 50/50 => Loss 0.112, Train_accy 98.28, Test_accy 24.64
2026-06-02 05:15:41,553 [trainer.py] => No NME accuracy.
2026-06-02 05:15:41,554 [trainer.py] => CNN: {'total': 24.64, '00-04': 48.15, '05-09': 31.43, '10-14': 28.57, '15-19': 29.73, '20-24': 9.09, '25-29': 0.0, '30-34': 21.57, '35-39': 9.68, '40-44': 9.84, '45-49': 12.9, '50-54': 30.77, '55-59': 3.57, '60-64': 14.29, '65-69': 36.84, '70-74': 51.11, '75-79': 25.0, 'old': 24.6, 'new': 25.0}
2026-06-02 05:15:41,554 [trainer.py] => CNN top1 curve: [83.33, 70.79, 61.17, 50.0, 47.02, 37.5, 41.7, 39.47, 34.86, 33.52, 34.99, 27.72, 27.37, 26.91, 25.66, 24.64]
2026-06-02 05:15:41,554 [trainer.py] => CNN top5 curve: [100.0, 93.26, 88.35, 79.29, 72.85, 69.02, 71.91, 69.55, 66.97, 63.69, 64.07, 59.2, 57.41, 59.54, 58.35, 56.08]
2026-06-02 05:15:41,554 [trainer.py] => Average Accuracy (CNN): 41.67
2026-06-02 05:15:41,555 [trainer.py] => All params: 86167396
2026-06-02 05:15:41,555 [trainer.py] => Trainable params: 215130
2026-06-02 05:15:41,561 [lae.py] => Learning on 80-85
2026-06-02 05:20:42,011 [lae.py] => Task 16, Epoch 50/50 => Loss 0.321, Train_accy 90.32, Test_accy 24.15
2026-06-02 05:21:01,913 [trainer.py] => No NME accuracy.
2026-06-02 05:21:01,913 [trainer.py] => CNN: {'total': 24.15, '00-04': 51.85, '05-09': 31.43, '10-14': 28.57, '15-19': 37.84, '20-24': 9.09, '25-29': 6.06, '30-34': 17.65, '35-39': 9.68, '40-44': 14.75, '45-49': 9.68, '50-54': 36.92, '55-59': 3.57, '60-64': 11.43, '65-69': 34.21, '70-74': 31.11, '75-79': 22.92, '80-84': 18.18, 'old': 24.47, 'new': 18.18}
2026-06-02 05:21:01,913 [trainer.py] => CNN top1 curve: [83.33, 70.79, 61.17, 50.0, 47.02, 37.5, 41.7, 39.47, 34.86, 33.52, 34.99, 27.72, 27.37, 26.91, 25.66, 24.64, 24.15]
2026-06-02 05:21:01,913 [trainer.py] => CNN top5 curve: [100.0, 93.26, 88.35, 79.29, 72.85, 69.02, 71.91, 69.55, 66.97, 63.69, 64.07, 59.2, 57.41, 59.54, 58.35, 56.08, 51.69]
2026-06-02 05:21:01,913 [trainer.py] => Average Accuracy (CNN): 40.64
2026-06-02 05:21:01,914 [trainer.py] => All params: 86171241
2026-06-02 05:21:01,914 [trainer.py] => Trainable params: 218975
2026-06-02 05:21:01,922 [lae.py] => Learning on 85-90
2026-06-02 05:26:59,761 [lae.py] => Task 17, Epoch 50/50 => Loss 0.169, Train_accy 92.00, Test_accy 24.52
2026-06-02 05:27:21,087 [trainer.py] => No NME accuracy.
2026-06-02 05:27:21,087 [trainer.py] => CNN: {'total': 24.52, '00-04': 46.3, '05-09': 25.71, '10-14': 28.57, '15-19': 37.84, '20-24': 9.09, '25-29': 6.06, '30-34': 23.53, '35-39': 9.68, '40-44': 11.48, '45-49': 9.68, '50-54': 40.0, '55-59': 3.57, '60-64': 17.14, '65-69': 34.21, '70-74': 44.44, '75-79': 20.83, '80-84': 18.18, '85-89': 13.04, 'old': 24.92, 'new': 13.04}
2026-06-02 05:27:21,087 [trainer.py] => CNN top1 curve: [83.33, 70.79, 61.17, 50.0, 47.02, 37.5, 41.7, 39.47, 34.86, 33.52, 34.99, 27.72, 27.37, 26.91, 25.66, 24.64, 24.15, 24.52]
2026-06-02 05:27:21,087 [trainer.py] => CNN top5 curve: [100.0, 93.26, 88.35, 79.29, 72.85, 69.02, 71.91, 69.55, 66.97, 63.69, 64.07, 59.2, 57.41, 59.54, 58.35, 56.08, 51.69, 51.56]
2026-06-02 05:27:21,087 [trainer.py] => Average Accuracy (CNN): 39.74
2026-06-02 05:27:21,088 [trainer.py] => All params: 86175086
2026-06-02 05:27:21,089 [trainer.py] => Trainable params: 222820
2026-06-02 05:27:21,099 [lae.py] => Learning on 90-95
2026-06-02 05:36:45,117 [lae.py] => Task 18, Epoch 50/50 => Loss 0.168, Train_accy 91.19, Test_accy 21.64
2026-06-02 05:37:08,358 [trainer.py] => No NME accuracy.
2026-06-02 05:37:08,358 [trainer.py] => CNN: {'total': 21.64, '00-04': 40.74, '05-09': 31.43, '10-14': 28.57, '15-19': 35.14, '20-24': 9.09, '25-29': 6.06, '30-34': 17.65, '35-39': 9.68, '40-44': 13.11, '45-49': 3.23, '50-54': 41.54, '55-59': 3.57, '60-64': 14.29, '65-69': 26.32, '70-74': 31.11, '75-79': 10.42, '80-84': 15.15, '85-89': 8.7, '90-94': 25.35, 'old': 21.25, 'new': 25.35}
2026-06-02 05:37:08,358 [trainer.py] => CNN top1 curve: [83.33, 70.79, 61.17, 50.0, 47.02, 37.5, 41.7, 39.47, 34.86, 33.52, 34.99, 27.72, 27.37, 26.91, 25.66, 24.64, 24.15, 24.52, 21.64]
2026-06-02 05:37:08,358 [trainer.py] => CNN top5 curve: [100.0, 93.26, 88.35, 79.29, 72.85, 69.02, 71.91, 69.55, 66.97, 63.69, 64.07, 59.2, 57.41, 59.54, 58.35, 56.08, 51.69, 51.56, 49.6]
2026-06-02 05:37:08,358 [trainer.py] => Average Accuracy (CNN): 38.79
2026-06-02 05:37:08,360 [trainer.py] => All params: 86178931
2026-06-02 05:37:08,361 [trainer.py] => Trainable params: 226665
2026-06-02 05:37:08,364 [lae.py] => Learning on 95-100
2026-06-02 05:44:24,727 [lae.py] => Task 19, Epoch 50/50 => Loss 0.061, Train_accy 98.58, Test_accy 20.77
2026-06-02 05:44:49,076 [trainer.py] => No NME accuracy.
2026-06-02 05:44:49,077 [trainer.py] => CNN: {'total': 20.77, '00-04': 42.59, '05-09': 31.43, '10-14': 28.57, '15-19': 40.54, '20-24': 9.09, '25-29': 0.0, '30-34': 13.73, '35-39': 12.9, '40-44': 6.56, '45-49': 12.9, '50-54': 40.0, '55-59': 3.57, '60-64': 8.57, '65-69': 28.95, '70-74': 28.89, '75-79': 10.42, '80-84': 15.15, '85-89': 13.04, '90-94': 22.54, '95-99': 16.13, 'old': 20.97, 'new': 16.13}
2026-06-02 05:44:49,077 [trainer.py] => CNN top1 curve: [83.33, 70.79, 61.17, 50.0, 47.02, 37.5, 41.7, 39.47, 34.86, 33.52, 34.99, 27.72, 27.37, 26.91, 25.66, 24.64, 24.15, 24.52, 21.64, 20.77]
2026-06-02 05:44:49,077 [trainer.py] => CNN top5 curve: [100.0, 93.26, 88.35, 79.29, 72.85, 69.02, 71.91, 69.55, 66.97, 63.69, 64.07, 59.2, 57.41, 59.54, 58.35, 56.08, 51.69, 51.56, 49.6, 48.0]
2026-06-02 05:44:49,078 [trainer.py] => Average Accuracy (CNN): 37.89
2026-06-02 05:44:49,080 [trainer.py] => All params: 86182776
2026-06-02 05:44:49,082 [trainer.py] => Trainable params: 230510
2026-06-02 05:44:49,088 [lae.py] => Learning on 100-105
2026-06-02 05:52:02,770 [lae.py] => Task 20, Epoch 50/50 => Loss 0.327, Train_accy 85.83, Test_accy 20.60
2026-06-02 05:52:27,629 [trainer.py] => No NME accuracy.
2026-06-02 05:52:27,630 [trainer.py] => CNN: {'total': 20.6, '00-04': 42.59, '05-09': 31.43, '10-14': 28.57, '15-19': 35.14, '20-24': 9.09, '25-29': 6.06, '30-34': 17.65, '35-39': 12.9, '40-44': 6.56, '45-49': 9.68, '50-54': 38.46, '55-59': 3.57, '60-64': 8.57, '65-69': 34.21, '70-74': 28.89, '75-79': 10.42, '80-84': 24.24, '85-89': 4.35, '90-94': 19.72, '95-99': 25.81, '100-104': 3.23, 'old': 21.29, 'new': 3.23}
2026-06-02 05:52:27,630 [trainer.py] => CNN top1 curve: [83.33, 70.79, 61.17, 50.0, 47.02, 37.5, 41.7, 39.47, 34.86, 33.52, 34.99, 27.72, 27.37, 26.91, 25.66, 24.64, 24.15, 24.52, 21.64, 20.77, 20.6]
2026-06-02 05:52:27,630 [trainer.py] => CNN top5 curve: [100.0, 93.26, 88.35, 79.29, 72.85, 69.02, 71.91, 69.55, 66.97, 63.69, 64.07, 59.2, 57.41, 59.54, 58.35, 56.08, 51.69, 51.56, 49.6, 48.0, 45.78]
2026-06-02 05:52:27,631 [trainer.py] => Average Accuracy (CNN): 37.06
2026-06-02 05:52:27,633 [trainer.py] => All params: 86186621
2026-06-02 05:52:27,635 [trainer.py] => Trainable params: 234355
2026-06-02 05:52:27,648 [lae.py] => Learning on 105-110
2026-06-02 05:59:54,981 [lae.py] => Task 21, Epoch 50/50 => Loss 0.404, Train_accy 86.15, Test_accy 18.64
2026-06-02 06:00:21,407 [trainer.py] => No NME accuracy.
2026-06-02 06:00:21,408 [trainer.py] => CNN: {'total': 18.64, '00-04': 42.59, '05-09': 22.86, '10-14': 28.57, '15-19': 32.43, '20-24': 9.09, '25-29': 3.03, '30-34': 17.65, '35-39': 6.45, '40-44': 9.84, '45-49': 6.45, '50-54': 38.46, '55-59': 3.57, '60-64': 14.29, '65-69': 28.95, '70-74': 22.22, '75-79': 12.5, '80-84': 9.09, '85-89': 13.04, '90-94': 14.08, '95-99': 25.81, '100-104': 3.23, '105-109': 16.13, 'old': 18.73, 'new': 16.13}
2026-06-02 06:00:21,408 [trainer.py] => CNN top1 curve: [83.33, 70.79, 61.17, 50.0, 47.02, 37.5, 41.7, 39.47, 34.86, 33.52, 34.99, 27.72, 27.37, 26.91, 25.66, 24.64, 24.15, 24.52, 21.64, 20.77, 20.6, 18.64]
2026-06-02 06:00:21,408 [trainer.py] => CNN top5 curve: [100.0, 93.26, 88.35, 79.29, 72.85, 69.02, 71.91, 69.55, 66.97, 63.69, 64.07, 59.2, 57.41, 59.54, 58.35, 56.08, 51.69, 51.56, 49.6, 48.0, 45.78, 43.61]
2026-06-02 06:00:21,408 [trainer.py] => Average Accuracy (CNN): 36.23
2026-06-02 06:00:21,409 [trainer.py] => All params: 86190466
2026-06-02 06:00:21,410 [trainer.py] => Trainable params: 238200
2026-06-02 06:00:21,415 [lae.py] => Learning on 110-115
2026-06-02 06:08:55,536 [lae.py] => Task 22, Epoch 50/50 => Loss 0.130, Train_accy 95.51, Test_accy 19.73
2026-06-02 06:09:23,404 [trainer.py] => No NME accuracy.
2026-06-02 06:09:23,404 [trainer.py] => CNN: {'total': 19.73, '00-04': 40.74, '05-09': 22.86, '10-14': 28.57, '15-19': 32.43, '20-24': 9.09, '25-29': 3.03, '30-34': 21.57, '35-39': 6.45, '40-44': 9.84, '45-49': 3.23, '50-54': 40.0, '55-59': 3.57, '60-64': 17.14, '65-69': 31.58, '70-74': 22.22, '75-79': 16.67, '80-84': 15.15, '85-89': 8.7, '90-94': 21.13, '95-99': 25.81, '100-104': 3.23, '105-109': 12.9, '110-114': 17.78, 'old': 19.83, 'new': 17.78}
2026-06-02 06:09:23,404 [trainer.py] => CNN top1 curve: [83.33, 70.79, 61.17, 50.0, 47.02, 37.5, 41.7, 39.47, 34.86, 33.52, 34.99, 27.72, 27.37, 26.91, 25.66, 24.64, 24.15, 24.52, 21.64, 20.77, 20.6, 18.64, 19.73]
2026-06-02 06:09:23,404 [trainer.py] => CNN top5 curve: [100.0, 93.26, 88.35, 79.29, 72.85, 69.02, 71.91, 69.55, 66.97, 63.69, 64.07, 59.2, 57.41, 59.54, 58.35, 56.08, 51.69, 51.56, 49.6, 48.0, 45.78, 43.61, 43.99]
2026-06-02 06:09:23,405 [trainer.py] => Average Accuracy (CNN): 35.51
2026-06-02 06:09:23,405 [trainer.py] => All params: 86194311
2026-06-02 06:09:23,406 [trainer.py] => Trainable params: 242045
2026-06-02 06:09:23,416 [lae.py] => Learning on 115-120
2026-06-02 06:16:11,325 [lae.py] => Task 23, Epoch 50/50 => Loss 0.220, Train_accy 94.12, Test_accy 18.40
2026-06-02 06:16:39,500 [trainer.py] => No NME accuracy.
2026-06-02 06:16:39,501 [trainer.py] => CNN: {'total': 18.4, '00-04': 33.33, '05-09': 22.86, '10-14': 28.57, '15-19': 32.43, '20-24': 9.09, '25-29': 3.03, '30-34': 19.61, '35-39': 3.23, '40-44': 9.84, '45-49': 3.23, '50-54': 40.0, '55-59': 3.57, '60-64': 14.29, '65-69': 36.84, '70-74': 31.11, '75-79': 8.33, '80-84': 15.15, '85-89': 8.7, '90-94': 18.31, '95-99': 19.35, '100-104': 3.23, '105-109': 9.68, '110-114': 13.33, '115-119': 20.0, 'old': 18.37, 'new': 20.0}
2026-06-02 06:16:39,501 [trainer.py] => CNN top1 curve: [83.33, 70.79, 61.17, 50.0, 47.02, 37.5, 41.7, 39.47, 34.86, 33.52, 34.99, 27.72, 27.37, 26.91, 25.66, 24.64, 24.15, 24.52, 21.64, 20.77, 20.6, 18.64, 19.73, 18.4]
2026-06-02 06:16:39,501 [trainer.py] => CNN top5 curve: [100.0, 93.26, 88.35, 79.29, 72.85, 69.02, 71.91, 69.55, 66.97, 63.69, 64.07, 59.2, 57.41, 59.54, 58.35, 56.08, 51.69, 51.56, 49.6, 48.0, 45.78, 43.61, 43.99, 42.79]
2026-06-02 06:16:39,501 [trainer.py] => Average Accuracy (CNN): 34.8
2026-06-02 06:16:39,502 [trainer.py] => All params: 86198156
2026-06-02 06:16:39,502 [trainer.py] => Trainable params: 245890
2026-06-02 06:16:39,505 [lae.py] => Learning on 120-125
2026-06-02 06:25:43,160 [lae.py] => Task 24, Epoch 50/50 => Loss 0.109, Train_accy 95.29, Test_accy 19.96
2026-06-02 06:26:12,878 [trainer.py] => No NME accuracy.
2026-06-02 06:26:12,879 [trainer.py] => CNN: {'total': 19.96, '00-04': 38.89, '05-09': 28.57, '10-14': 28.57, '15-19': 35.14, '20-24': 9.09, '25-29': 3.03, '30-34': 17.65, '35-39': 12.9, '40-44': 11.48, '45-49': 3.23, '50-54': 43.08, '55-59': 3.57, '60-64': 8.57, '65-69': 34.21, '70-74': 26.67, '75-79': 8.33, '80-84': 12.12, '85-89': 17.39, '90-94': 32.39, '95-99': 16.13, '100-104': 3.23, '105-109': 9.68, '110-114': 17.78, '115-119': 25.0, '120-124': 10.91, 'old': 20.51, 'new': 10.91}
2026-06-02 06:26:12,879 [trainer.py] => CNN top1 curve: [83.33, 70.79, 61.17, 50.0, 47.02, 37.5, 41.7, 39.47, 34.86, 33.52, 34.99, 27.72, 27.37, 26.91, 25.66, 24.64, 24.15, 24.52, 21.64, 20.77, 20.6, 18.64, 19.73, 18.4, 19.96]
2026-06-02 06:26:12,879 [trainer.py] => CNN top5 curve: [100.0, 93.26, 88.35, 79.29, 72.85, 69.02, 71.91, 69.55, 66.97, 63.69, 64.07, 59.2, 57.41, 59.54, 58.35, 56.08, 51.69, 51.56, 49.6, 48.0, 45.78, 43.61, 43.99, 42.79, 43.99]
2026-06-02 06:26:12,879 [trainer.py] => Average Accuracy (CNN): 34.2
2026-06-02 06:26:12,880 [trainer.py] => All params: 86202001
2026-06-02 06:26:12,881 [trainer.py] => Trainable params: 249735
2026-06-02 06:26:12,891 [lae.py] => Learning on 125-130
2026-06-02 06:34:49,094 [lae.py] => Task 25, Epoch 50/50 => Loss 0.176, Train_accy 94.56, Test_accy 19.06
2026-06-02 06:35:19,965 [trainer.py] => No NME accuracy.
2026-06-02 06:35:19,965 [trainer.py] => CNN: {'total': 19.06, '00-04': 38.89, '05-09': 25.71, '10-14': 28.57, '15-19': 43.24, '20-24': 9.09, '25-29': 3.03, '30-34': 17.65, '35-39': 12.9, '40-44': 14.75, '45-49': 3.23, '50-54': 36.92, '55-59': 3.57, '60-64': 8.57, '65-69': 31.58, '70-74': 33.33, '75-79': 10.42, '80-84': 6.06, '85-89': 13.04, '90-94': 26.76, '95-99': 19.35, '100-104': 3.23, '105-109': 6.45, '110-114': 15.56, '115-119': 20.0, '120-124': 16.36, '125-129': 6.67, 'old': 19.64, 'new': 6.67}
2026-06-02 06:35:19,965 [trainer.py] => CNN top1 curve: [83.33, 70.79, 61.17, 50.0, 47.02, 37.5, 41.7, 39.47, 34.86, 33.52, 34.99, 27.72, 27.37, 26.91, 25.66, 24.64, 24.15, 24.52, 21.64, 20.77, 20.6, 18.64, 19.73, 18.4, 19.96, 19.06]
2026-06-02 06:35:19,965 [trainer.py] => CNN top5 curve: [100.0, 93.26, 88.35, 79.29, 72.85, 69.02, 71.91, 69.55, 66.97, 63.69, 64.07, 59.2, 57.41, 59.54, 58.35, 56.08, 51.69, 51.56, 49.6, 48.0, 45.78, 43.61, 43.99, 42.79, 43.99, 41.62]
2026-06-02 06:35:19,965 [trainer.py] => Average Accuracy (CNN): 33.62
2026-06-02 06:35:19,966 [trainer.py] => All params: 86205846
2026-06-02 06:35:19,967 [trainer.py] => Trainable params: 253580
2026-06-02 06:35:19,976 [lae.py] => Learning on 130-135
2026-06-02 06:42:46,177 [lae.py] => Task 26, Epoch 50/50 => Loss 0.067, Train_accy 97.75, Test_accy 18.83
2026-06-02 06:43:18,129 [trainer.py] => No NME accuracy.
2026-06-02 06:43:18,130 [trainer.py] => CNN: {'total': 18.83, '00-04': 37.04, '05-09': 28.57, '10-14': 28.57, '15-19': 37.84, '20-24': 9.09, '25-29': 3.03, '30-34': 13.73, '35-39': 12.9, '40-44': 11.48, '45-49': 3.23, '50-54': 35.38, '55-59': 3.57, '60-64': 14.29, '65-69': 36.84, '70-74': 31.11, '75-79': 10.42, '80-84': 9.09, '85-89': 17.39, '90-94': 26.76, '95-99': 25.81, '100-104': 3.23, '105-109': 9.68, '110-114': 6.67, '115-119': 20.0, '120-124': 12.73, '125-129': 4.44, '130-134': 34.78, 'old': 18.46, 'new': 34.78}
2026-06-02 06:43:18,130 [trainer.py] => CNN top1 curve: [83.33, 70.79, 61.17, 50.0, 47.02, 37.5, 41.7, 39.47, 34.86, 33.52, 34.99, 27.72, 27.37, 26.91, 25.66, 24.64, 24.15, 24.52, 21.64, 20.77, 20.6, 18.64, 19.73, 18.4, 19.96, 19.06, 18.83]
2026-06-02 06:43:18,130 [trainer.py] => CNN top5 curve: [100.0, 93.26, 88.35, 79.29, 72.85, 69.02, 71.91, 69.55, 66.97, 63.69, 64.07, 59.2, 57.41, 59.54, 58.35, 56.08, 51.69, 51.56, 49.6, 48.0, 45.78, 43.61, 43.99, 42.79, 43.99, 41.62, 40.2]
2026-06-02 06:43:18,130 [trainer.py] => Average Accuracy (CNN): 33.07
2026-06-02 06:43:18,131 [trainer.py] => All params: 86209691
2026-06-02 06:43:18,131 [trainer.py] => Trainable params: 257425
2026-06-02 06:43:18,141 [lae.py] => Learning on 135-140
2026-06-02 06:52:01,123 [lae.py] => Task 27, Epoch 50/50 => Loss 0.271, Train_accy 92.81, Test_accy 17.60
2026-06-02 06:52:29,862 [trainer.py] => No NME accuracy.
2026-06-02 06:52:29,862 [trainer.py] => CNN: {'total': 17.6, '00-04': 37.04, '05-09': 31.43, '10-14': 28.57, '15-19': 32.43, '20-24': 9.09, '25-29': 3.03, '30-34': 9.8, '35-39': 12.9, '40-44': 8.2, '45-49': 3.23, '50-54': 43.08, '55-59': 3.57, '60-64': 11.43, '65-69': 26.32, '70-74': 31.11, '75-79': 8.33, '80-84': 12.12, '85-89': 8.7, '90-94': 29.58, '95-99': 12.9, '100-104': 0.0, '105-109': 9.68, '110-114': 15.56, '115-119': 20.0, '120-124': 5.45, '125-129': 6.67, '130-134': 34.78, '135-139': 3.85, 'old': 17.95, 'new': 3.85}
2026-06-02 06:52:29,862 [trainer.py] => CNN top1 curve: [83.33, 70.79, 61.17, 50.0, 47.02, 37.5, 41.7, 39.47, 34.86, 33.52, 34.99, 27.72, 27.37, 26.91, 25.66, 24.64, 24.15, 24.52, 21.64, 20.77, 20.6, 18.64, 19.73, 18.4, 19.96, 19.06, 18.83, 17.6]
2026-06-02 06:52:29,862 [trainer.py] => CNN top5 curve: [100.0, 93.26, 88.35, 79.29, 72.85, 69.02, 71.91, 69.55, 66.97, 63.69, 64.07, 59.2, 57.41, 59.54, 58.35, 56.08, 51.69, 51.56, 49.6, 48.0, 45.78, 43.61, 43.99, 42.79, 43.99, 41.62, 40.2, 39.87]
2026-06-02 06:52:29,863 [trainer.py] => Average Accuracy (CNN): 32.52
2026-06-02 06:52:29,864 [trainer.py] => All params: 86213536
2026-06-02 06:52:29,865 [trainer.py] => Trainable params: 261270
2026-06-02 06:52:29,871 [lae.py] => Learning on 140-145
2026-06-02 07:02:39,466 [lae.py] => Task 28, Epoch 50/50 => Loss 0.179, Train_accy 94.55, Test_accy 17.96
2026-06-02 07:03:13,957 [trainer.py] => No NME accuracy.
2026-06-02 07:03:13,958 [trainer.py] => CNN: {'total': 17.96, '00-04': 33.33, '05-09': 28.57, '10-14': 21.43, '15-19': 40.54, '20-24': 9.09, '25-29': 3.03, '30-34': 21.57, '35-39': 16.13, '40-44': 9.84, '45-49': 3.23, '50-54': 38.46, '55-59': 3.57, '60-64': 17.14, '65-69': 34.21, '70-74': 33.33, '75-79': 12.5, '80-84': 6.06, '85-89': 17.39, '90-94': 33.8, '95-99': 12.9, '100-104': 0.0, '105-109': 6.45, '110-114': 11.11, '115-119': 20.0, '120-124': 9.09, '125-129': 6.67, '130-134': 26.09, '135-139': 0.0, '140-144': 2.17, 'old': 18.65, 'new': 2.17}
2026-06-02 07:03:13,958 [trainer.py] => CNN top1 curve: [83.33, 70.79, 61.17, 50.0, 47.02, 37.5, 41.7, 39.47, 34.86, 33.52, 34.99, 27.72, 27.37, 26.91, 25.66, 24.64, 24.15, 24.52, 21.64, 20.77, 20.6, 18.64, 19.73, 18.4, 19.96, 19.06, 18.83, 17.6, 17.96]
2026-06-02 07:03:13,958 [trainer.py] => CNN top5 curve: [100.0, 93.26, 88.35, 79.29, 72.85, 69.02, 71.91, 69.55, 66.97, 63.69, 64.07, 59.2, 57.41, 59.54, 58.35, 56.08, 51.69, 51.56, 49.6, 48.0, 45.78, 43.61, 43.99, 42.79, 43.99, 41.62, 40.2, 39.87, 38.29]
2026-06-02 07:03:13,958 [trainer.py] => Average Accuracy (CNN): 32.02
2026-06-02 07:03:13,961 [trainer.py] => All params: 86217381
2026-06-02 07:03:13,962 [trainer.py] => Trainable params: 265115
2026-06-02 07:03:13,966 [lae.py] => Learning on 145-150
2026-06-02 07:13:56,259 [lae.py] => Task 29, Epoch 50/50 => Loss 0.157, Train_accy 95.56, Test_accy 17.48
2026-06-02 07:14:27,436 [trainer.py] => No NME accuracy.
2026-06-02 07:14:27,436 [trainer.py] => CNN: {'total': 17.48, '00-04': 29.63, '05-09': 22.86, '10-14': 21.43, '15-19': 40.54, '20-24': 9.09, '25-29': 6.06, '30-34': 15.69, '35-39': 16.13, '40-44': 8.2, '45-49': 3.23, '50-54': 33.85, '55-59': 0.0, '60-64': 14.29, '65-69': 18.42, '70-74': 31.11, '75-79': 8.33, '80-84': 6.06, '85-89': 17.39, '90-94': 33.8, '95-99': 16.13, '100-104': 3.23, '105-109': 6.45, '110-114': 11.11, '115-119': 20.0, '120-124': 5.45, '125-129': 4.44, '130-134': 26.09, '135-139': 0.0, '140-144': 4.35, '145-149': 47.17, 'old': 16.04, 'new': 47.17}
2026-06-02 07:14:27,436 [trainer.py] => CNN top1 curve: [83.33, 70.79, 61.17, 50.0, 47.02, 37.5, 41.7, 39.47, 34.86, 33.52, 34.99, 27.72, 27.37, 26.91, 25.66, 24.64, 24.15, 24.52, 21.64, 20.77, 20.6, 18.64, 19.73, 18.4, 19.96, 19.06, 18.83, 17.6, 17.96, 17.48]
2026-06-02 07:14:27,436 [trainer.py] => CNN top5 curve: [100.0, 93.26, 88.35, 79.29, 72.85, 69.02, 71.91, 69.55, 66.97, 63.69, 64.07, 59.2, 57.41, 59.54, 58.35, 56.08, 51.69, 51.56, 49.6, 48.0, 45.78, 43.61, 43.99, 42.79, 43.99, 41.62, 40.2, 39.87, 38.29, 38.43]
2026-06-02 07:14:27,436 [trainer.py] => Average Accuracy (CNN): 31.53
2026-06-02 07:14:27,437 [trainer.py] => All params: 86221226
2026-06-02 07:14:27,438 [trainer.py] => Trainable params: 268960
2026-06-02 07:14:27,447 [lae.py] => Learning on 150-155
2026-06-02 07:26:05,243 [lae.py] => Task 30, Epoch 50/50 => Loss 0.108, Train_accy 95.69, Test_accy 16.47
2026-06-02 07:26:42,305 [trainer.py] => No NME accuracy.
2026-06-02 07:26:42,305 [trainer.py] => CNN: {'total': 16.47, '00-04': 31.48, '05-09': 22.86, '10-14': 21.43, '15-19': 35.14, '20-24': 9.09, '25-29': 9.09, '30-34': 13.73, '35-39': 12.9, '40-44': 8.2, '45-49': 3.23, '50-54': 33.85, '55-59': 0.0, '60-64': 8.57, '65-69': 23.68, '70-74': 33.33, '75-79': 8.33, '80-84': 3.03, '85-89': 21.74, '90-94': 35.21, '95-99': 12.9, '100-104': 3.23, '105-109': 6.45, '110-114': 8.89, '115-119': 15.0, '120-124': 3.64, '125-129': 6.67, '130-134': 26.09, '135-139': 3.85, '140-144': 2.17, '145-149': 35.85, '150-154': 12.5, 'old': 16.7, 'new': 12.5}
2026-06-02 07:26:42,305 [trainer.py] => CNN top1 curve: [83.33, 70.79, 61.17, 50.0, 47.02, 37.5, 41.7, 39.47, 34.86, 33.52, 34.99, 27.72, 27.37, 26.91, 25.66, 24.64, 24.15, 24.52, 21.64, 20.77, 20.6, 18.64, 19.73, 18.4, 19.96, 19.06, 18.83, 17.6, 17.96, 17.48, 16.47]
2026-06-02 07:26:42,305 [trainer.py] => CNN top5 curve: [100.0, 93.26, 88.35, 79.29, 72.85, 69.02, 71.91, 69.55, 66.97, 63.69, 64.07, 59.2, 57.41, 59.54, 58.35, 56.08, 51.69, 51.56, 49.6, 48.0, 45.78, 43.61, 43.99, 42.79, 43.99, 41.62, 40.2, 39.87, 38.29, 38.43, 37.23]
2026-06-02 07:26:42,305 [trainer.py] => Average Accuracy (CNN): 31.05
2026-06-02 07:26:42,306 [trainer.py] => All params: 86225071
2026-06-02 07:26:42,307 [trainer.py] => Trainable params: 272805
2026-06-02 07:26:42,317 [lae.py] => Learning on 155-160
2026-06-02 07:38:09,333 [lae.py] => Task 31, Epoch 50/50 => Loss 0.038, Train_accy 99.14, Test_accy 16.27
2026-06-02 07:38:48,140 [trainer.py] => No NME accuracy.
2026-06-02 07:38:48,141 [trainer.py] => CNN: {'total': 16.27, '00-04': 35.19, '05-09': 17.14, '10-14': 21.43, '15-19': 35.14, '20-24': 9.09, '25-29': 0.0, '30-34': 13.73, '35-39': 12.9, '40-44': 8.2, '45-49': 3.23, '50-54': 35.38, '55-59': 0.0, '60-64': 8.57, '65-69': 15.79, '70-74': 26.67, '75-79': 8.33, '80-84': 6.06, '85-89': 17.39, '90-94': 38.03, '95-99': 12.9, '100-104': 3.23, '105-109': 3.23, '110-114': 8.89, '115-119': 20.0, '120-124': 5.45, '125-129': 4.44, '130-134': 17.39, '135-139': 3.85, '140-144': 4.35, '145-149': 33.96, '150-154': 14.06, '155-159': 25.0, 'old': 15.9, 'new': 25.0}
2026-06-02 07:38:48,141 [trainer.py] => CNN top1 curve: [83.33, 70.79, 61.17, 50.0, 47.02, 37.5, 41.7, 39.47, 34.86, 33.52, 34.99, 27.72, 27.37, 26.91, 25.66, 24.64, 24.15, 24.52, 21.64, 20.77, 20.6, 18.64, 19.73, 18.4, 19.96, 19.06, 18.83, 17.6, 17.96, 17.48, 16.47, 16.27]
2026-06-02 07:38:48,141 [trainer.py] => CNN top5 curve: [100.0, 93.26, 88.35, 79.29, 72.85, 69.02, 71.91, 69.55, 66.97, 63.69, 64.07, 59.2, 57.41, 59.54, 58.35, 56.08, 51.69, 51.56, 49.6, 48.0, 45.78, 43.61, 43.99, 42.79, 43.99, 41.62, 40.2, 39.87, 38.29, 38.43, 37.23, 38.23]
2026-06-02 07:38:48,141 [trainer.py] => Average Accuracy (CNN): 30.59
2026-06-02 07:38:48,142 [trainer.py] => All params: 86228916
2026-06-02 07:38:48,142 [trainer.py] => Trainable params: 276650
2026-06-02 07:38:48,151 [lae.py] => Learning on 160-165
2026-06-02 07:48:03,082 [lae.py] => Task 32, Epoch 50/50 => Loss 0.259, Train_accy 89.62, Test_accy 13.16
2026-06-02 07:48:41,935 [trainer.py] => No NME accuracy.
2026-06-02 07:48:41,936 [trainer.py] => CNN: {'total': 13.16, '00-04': 33.33, '05-09': 0.0, '10-14': 21.43, '15-19': 35.14, '20-24': 9.09, '25-29': 3.03, '30-34': 9.8, '35-39': 3.23, '40-44': 9.84, '45-49': 6.45, '50-54': 23.08, '55-59': 0.0, '60-64': 11.43, '65-69': 15.79, '70-74': 24.44, '75-79': 6.25, '80-84': 3.03, '85-89': 21.74, '90-94': 23.94, '95-99': 9.68, '100-104': 3.23, '105-109': 3.23, '110-114': 6.67, '115-119': 15.0, '120-124': 7.27, '125-129': 2.22, '130-134': 8.7, '135-139': 3.85, '140-144': 6.52, '145-149': 26.42, '150-154': 14.06, '155-159': 19.23, '160-164': 11.54, 'old': 13.19, 'new': 11.54}
2026-06-02 07:48:41,936 [trainer.py] => CNN top1 curve: [83.33, 70.79, 61.17, 50.0, 47.02, 37.5, 41.7, 39.47, 34.86, 33.52, 34.99, 27.72, 27.37, 26.91, 25.66, 24.64, 24.15, 24.52, 21.64, 20.77, 20.6, 18.64, 19.73, 18.4, 19.96, 19.06, 18.83, 17.6, 17.96, 17.48, 16.47, 16.27, 13.16]
2026-06-02 07:48:41,936 [trainer.py] => CNN top5 curve: [100.0, 93.26, 88.35, 79.29, 72.85, 69.02, 71.91, 69.55, 66.97, 63.69, 64.07, 59.2, 57.41, 59.54, 58.35, 56.08, 51.69, 51.56, 49.6, 48.0, 45.78, 43.61, 43.99, 42.79, 43.99, 41.62, 40.2, 39.87, 38.29, 38.43, 37.23, 38.23, 34.21]
2026-06-02 07:48:41,937 [trainer.py] => Average Accuracy (CNN): 30.06
2026-06-02 07:48:41,939 [trainer.py] => All params: 86232761
2026-06-02 07:48:41,941 [trainer.py] => Trainable params: 280495
2026-06-02 07:48:41,948 [lae.py] => Learning on 165-170
2026-06-02 08:01:16,264 [lae.py] => Task 33, Epoch 50/50 => Loss 0.149, Train_accy 93.75, Test_accy 15.04
2026-06-02 08:01:57,356 [trainer.py] => No NME accuracy.
2026-06-02 08:01:57,356 [trainer.py] => CNN: {'total': 15.04, '00-04': 37.04, '05-09': 11.43, '10-14': 21.43, '15-19': 35.14, '20-24': 9.09, '25-29': 0.0, '30-34': 7.84, '35-39': 3.23, '40-44': 4.92, '45-49': 9.68, '50-54': 23.08, '55-59': 0.0, '60-64': 8.57, '65-69': 15.79, '70-74': 24.44, '75-79': 6.25, '80-84': 3.03, '85-89': 21.74, '90-94': 28.17, '95-99': 9.68, '100-104': 3.23, '105-109': 3.23, '110-114': 6.67, '115-119': 15.0, '120-124': 5.45, '125-129': 4.44, '130-134': 13.04, '135-139': 3.85, '140-144': 4.35, '145-149': 39.62, '150-154': 14.06, '155-159': 25.0, '160-164': 15.38, '165-169': 29.69, 'old': 14.32, 'new': 29.69}
2026-06-02 08:01:57,356 [trainer.py] => CNN top1 curve: [83.33, 70.79, 61.17, 50.0, 47.02, 37.5, 41.7, 39.47, 34.86, 33.52, 34.99, 27.72, 27.37, 26.91, 25.66, 24.64, 24.15, 24.52, 21.64, 20.77, 20.6, 18.64, 19.73, 18.4, 19.96, 19.06, 18.83, 17.6, 17.96, 17.48, 16.47, 16.27, 13.16, 15.04]
2026-06-02 08:01:57,357 [trainer.py] => CNN top5 curve: [100.0, 93.26, 88.35, 79.29, 72.85, 69.02, 71.91, 69.55, 66.97, 63.69, 64.07, 59.2, 57.41, 59.54, 58.35, 56.08, 51.69, 51.56, 49.6, 48.0, 45.78, 43.61, 43.99, 42.79, 43.99, 41.62, 40.2, 39.87, 38.29, 38.43, 37.23, 38.23, 34.21, 35.84]
2026-06-02 08:01:57,357 [trainer.py] => Average Accuracy (CNN): 29.62
2026-06-02 08:01:57,358 [trainer.py] => All params: 86236606
2026-06-02 08:01:57,358 [trainer.py] => Trainable params: 284340
2026-06-02 08:01:57,367 [lae.py] => Learning on 170-175
2026-06-02 08:12:05,650 [lae.py] => Task 34, Epoch 50/50 => Loss 0.335, Train_accy 84.09, Test_accy 14.42
2026-06-02 08:12:47,759 [trainer.py] => No NME accuracy.
2026-06-02 08:12:47,759 [trainer.py] => CNN: {'total': 14.42, '00-04': 33.33, '05-09': 11.43, '10-14': 21.43, '15-19': 32.43, '20-24': 9.09, '25-29': 0.0, '30-34': 9.8, '35-39': 6.45, '40-44': 8.2, '45-49': 3.23, '50-54': 26.15, '55-59': 0.0, '60-64': 5.71, '65-69': 18.42, '70-74': 24.44, '75-79': 4.17, '80-84': 3.03, '85-89': 21.74, '90-94': 23.94, '95-99': 12.9, '100-104': 3.23, '105-109': 6.45, '110-114': 6.67, '115-119': 15.0, '120-124': 3.64, '125-129': 6.67, '130-134': 26.09, '135-139': 3.85, '140-144': 2.17, '145-149': 41.51, '150-154': 10.94, '155-159': 17.31, '160-164': 19.23, '165-169': 26.56, '170-174': 0.0, 'old': 14.68, 'new': 0.0}
2026-06-02 08:12:47,759 [trainer.py] => CNN top1 curve: [83.33, 70.79, 61.17, 50.0, 47.02, 37.5, 41.7, 39.47, 34.86, 33.52, 34.99, 27.72, 27.37, 26.91, 25.66, 24.64, 24.15, 24.52, 21.64, 20.77, 20.6, 18.64, 19.73, 18.4, 19.96, 19.06, 18.83, 17.6, 17.96, 17.48, 16.47, 16.27, 13.16, 15.04, 14.42]
2026-06-02 08:12:47,759 [trainer.py] => CNN top5 curve: [100.0, 93.26, 88.35, 79.29, 72.85, 69.02, 71.91, 69.55, 66.97, 63.69, 64.07, 59.2, 57.41, 59.54, 58.35, 56.08, 51.69, 51.56, 49.6, 48.0, 45.78, 43.61, 43.99, 42.79, 43.99, 41.62, 40.2, 39.87, 38.29, 38.43, 37.23, 38.23, 34.21, 35.84, 34.28]
2026-06-02 08:12:47,759 [trainer.py] => Average Accuracy (CNN): 29.18
2026-06-02 08:12:47,760 [trainer.py] => All params: 86240451
2026-06-02 08:12:47,761 [trainer.py] => Trainable params: 288185
2026-06-02 08:12:47,769 [lae.py] => Learning on 175-180
2026-06-02 08:22:00,932 [lae.py] => Task 35, Epoch 50/50 => Loss 0.209, Train_accy 91.95, Test_accy 12.88
2026-06-02 08:22:43,251 [trainer.py] => No NME accuracy.
2026-06-02 08:22:43,251 [trainer.py] => CNN: {'total': 12.88, '00-04': 35.19, '05-09': 5.71, '10-14': 21.43, '15-19': 32.43, '20-24': 9.09, '25-29': 0.0, '30-34': 7.84, '35-39': 9.68, '40-44': 4.92, '45-49': 9.68, '50-54': 23.08, '55-59': 0.0, '60-64': 5.71, '65-69': 13.16, '70-74': 20.0, '75-79': 6.25, '80-84': 6.06, '85-89': 17.39, '90-94': 21.13, '95-99': 9.68, '100-104': 0.0, '105-109': 3.23, '110-114': 4.44, '115-119': 15.0, '120-124': 1.82, '125-129': 2.22, '130-134': 21.74, '135-139': 3.85, '140-144': 4.35, '145-149': 37.74, '150-154': 7.81, '155-159': 19.23, '160-164': 19.23, '165-169': 25.0, '170-174': 0.0, '175-179': 4.0, 'old': 13.04, 'new': 4.0}
2026-06-02 08:22:43,252 [trainer.py] => CNN top1 curve: [83.33, 70.79, 61.17, 50.0, 47.02, 37.5, 41.7, 39.47, 34.86, 33.52, 34.99, 27.72, 27.37, 26.91, 25.66, 24.64, 24.15, 24.52, 21.64, 20.77, 20.6, 18.64, 19.73, 18.4, 19.96, 19.06, 18.83, 17.6, 17.96, 17.48, 16.47, 16.27, 13.16, 15.04, 14.42, 12.88]
2026-06-02 08:22:43,252 [trainer.py] => CNN top5 curve: [100.0, 93.26, 88.35, 79.29, 72.85, 69.02, 71.91, 69.55, 66.97, 63.69, 64.07, 59.2, 57.41, 59.54, 58.35, 56.08, 51.69, 51.56, 49.6, 48.0, 45.78, 43.61, 43.99, 42.79, 43.99, 41.62, 40.2, 39.87, 38.29, 38.43, 37.23, 38.23, 34.21, 35.84, 34.28, 32.81]
2026-06-02 08:22:43,252 [trainer.py] => Average Accuracy (CNN): 28.73
2026-06-02 08:22:43,254 [trainer.py] => All params: 86244296
2026-06-02 08:22:43,256 [trainer.py] => Trainable params: 292030
2026-06-02 08:22:43,262 [lae.py] => Learning on 180-185
2026-06-02 08:31:44,400 [lae.py] => Task 36, Epoch 50/50 => Loss 0.103, Train_accy 98.61, Test_accy 12.11
2026-06-02 08:32:27,619 [trainer.py] => No NME accuracy.
2026-06-02 08:32:27,619 [trainer.py] => CNN: {'total': 12.11, '00-04': 37.04, '05-09': 8.57, '10-14': 21.43, '15-19': 29.73, '20-24': 9.09, '25-29': 0.0, '30-34': 1.96, '35-39': 9.68, '40-44': 4.92, '45-49': 3.23, '50-54': 20.0, '55-59': 0.0, '60-64': 5.71, '65-69': 15.79, '70-74': 15.56, '75-79': 6.25, '80-84': 6.06, '85-89': 8.7, '90-94': 26.76, '95-99': 9.68, '100-104': 0.0, '105-109': 3.23, '110-114': 4.44, '115-119': 15.0, '120-124': 1.82, '125-129': 4.44, '130-134': 26.09, '135-139': 3.85, '140-144': 0.0, '145-149': 28.3, '150-154': 10.94, '155-159': 19.23, '160-164': 19.23, '165-169': 20.31, '170-174': 0.0, '175-179': 4.0, '180-184': 13.04, 'old': 12.1, 'new': 13.04}
2026-06-02 08:32:27,620 [trainer.py] => CNN top1 curve: [83.33, 70.79, 61.17, 50.0, 47.02, 37.5, 41.7, 39.47, 34.86, 33.52, 34.99, 27.72, 27.37, 26.91, 25.66, 24.64, 24.15, 24.52, 21.64, 20.77, 20.6, 18.64, 19.73, 18.4, 19.96, 19.06, 18.83, 17.6, 17.96, 17.48, 16.47, 16.27, 13.16, 15.04, 14.42, 12.88, 12.11]
2026-06-02 08:32:27,620 [trainer.py] => CNN top5 curve: [100.0, 93.26, 88.35, 79.29, 72.85, 69.02, 71.91, 69.55, 66.97, 63.69, 64.07, 59.2, 57.41, 59.54, 58.35, 56.08, 51.69, 51.56, 49.6, 48.0, 45.78, 43.61, 43.99, 42.79, 43.99, 41.62, 40.2, 39.87, 38.29, 38.43, 37.23, 38.23, 34.21, 35.84, 34.28, 32.81, 31.3]
2026-06-02 08:32:27,620 [trainer.py] => Average Accuracy (CNN): 28.28
2026-06-02 08:32:27,621 [trainer.py] => All params: 86248141
2026-06-02 08:32:27,623 [trainer.py] => Trainable params: 295875
2026-06-02 08:32:27,629 [lae.py] => Learning on 185-190
2026-06-02 08:42:50,560 [lae.py] => Task 37, Epoch 50/50 => Loss 0.132, Train_accy 96.06, Test_accy 11.97
2026-06-02 08:43:34,557 [trainer.py] => No NME accuracy.
2026-06-02 08:43:34,557 [trainer.py] => CNN: {'total': 11.97, '00-04': 33.33, '05-09': 14.29, '10-14': 21.43, '15-19': 21.62, '20-24': 9.09, '25-29': 0.0, '30-34': 5.88, '35-39': 6.45, '40-44': 6.56, '45-49': 9.68, '50-54': 16.92, '55-59': 0.0, '60-64': 5.71, '65-69': 18.42, '70-74': 15.56, '75-79': 6.25, '80-84': 9.09, '85-89': 8.7, '90-94': 21.13, '95-99': 6.45, '100-104': 0.0, '105-109': 6.45, '110-114': 4.44, '115-119': 15.0, '120-124': 3.64, '125-129': 4.44, '130-134': 26.09, '135-139': 3.85, '140-144': 0.0, '145-149': 33.96, '150-154': 4.69, '155-159': 17.31, '160-164': 11.54, '165-169': 20.31, '170-174': 0.0, '175-179': 4.0, '180-184': 13.04, '185-189': 23.53, 'old': 11.69, 'new': 23.53}
2026-06-02 08:43:34,557 [trainer.py] => CNN top1 curve: [83.33, 70.79, 61.17, 50.0, 47.02, 37.5, 41.7, 39.47, 34.86, 33.52, 34.99, 27.72, 27.37, 26.91, 25.66, 24.64, 24.15, 24.52, 21.64, 20.77, 20.6, 18.64, 19.73, 18.4, 19.96, 19.06, 18.83, 17.6, 17.96, 17.48, 16.47, 16.27, 13.16, 15.04, 14.42, 12.88, 12.11, 11.97]
2026-06-02 08:43:34,557 [trainer.py] => CNN top5 curve: [100.0, 93.26, 88.35, 79.29, 72.85, 69.02, 71.91, 69.55, 66.97, 63.69, 64.07, 59.2, 57.41, 59.54, 58.35, 56.08, 51.69, 51.56, 49.6, 48.0, 45.78, 43.61, 43.99, 42.79, 43.99, 41.62, 40.2, 39.87, 38.29, 38.43, 37.23, 38.23, 34.21, 35.84, 34.28, 32.81, 31.3, 31.53]
2026-06-02 08:43:34,558 [trainer.py] => Average Accuracy (CNN): 27.85
2026-06-02 08:43:34,558 [trainer.py] => All params: 86251986
2026-06-02 08:43:34,559 [trainer.py] => Trainable params: 299720
2026-06-02 08:43:34,570 [lae.py] => Learning on 190-195
2026-06-02 08:55:18,627 [lae.py] => Task 38, Epoch 50/50 => Loss 0.041, Train_accy 98.91, Test_accy 13.34
2026-06-02 08:56:02,865 [trainer.py] => No NME accuracy.
2026-06-02 08:56:02,865 [trainer.py] => CNN: {'total': 13.34, '00-04': 31.48, '05-09': 17.14, '10-14': 21.43, '15-19': 29.73, '20-24': 9.09, '25-29': 0.0, '30-34': 7.84, '35-39': 6.45, '40-44': 8.2, '45-49': 6.45, '50-54': 26.15, '55-59': 0.0, '60-64': 5.71, '65-69': 18.42, '70-74': 20.0, '75-79': 8.33, '80-84': 6.06, '85-89': 13.04, '90-94': 29.58, '95-99': 6.45, '100-104': 0.0, '105-109': 6.45, '110-114': 4.44, '115-119': 15.0, '120-124': 3.64, '125-129': 6.67, '130-134': 13.04, '135-139': 3.85, '140-144': 2.17, '145-149': 32.08, '150-154': 7.81, '155-159': 15.38, '160-164': 15.38, '165-169': 18.75, '170-174': 0.0, '175-179': 12.0, '180-184': 8.7, '185-189': 29.41, '190-194': 11.11, 'old': 13.41, 'new': 11.11}
2026-06-02 08:56:02,865 [trainer.py] => CNN top1 curve: [83.33, 70.79, 61.17, 50.0, 47.02, 37.5, 41.7, 39.47, 34.86, 33.52, 34.99, 27.72, 27.37, 26.91, 25.66, 24.64, 24.15, 24.52, 21.64, 20.77, 20.6, 18.64, 19.73, 18.4, 19.96, 19.06, 18.83, 17.6, 17.96, 17.48, 16.47, 16.27, 13.16, 15.04, 14.42, 12.88, 12.11, 11.97, 13.34]
2026-06-02 08:56:02,865 [trainer.py] => CNN top5 curve: [100.0, 93.26, 88.35, 79.29, 72.85, 69.02, 71.91, 69.55, 66.97, 63.69, 64.07, 59.2, 57.41, 59.54, 58.35, 56.08, 51.69, 51.56, 49.6, 48.0, 45.78, 43.61, 43.99, 42.79, 43.99, 41.62, 40.2, 39.87, 38.29, 38.43, 37.23, 38.23, 34.21, 35.84, 34.28, 32.81, 31.3, 31.53, 32.65]
2026-06-02 08:56:02,865 [trainer.py] => Average Accuracy (CNN): 27.48
2026-06-02 08:56:02,866 [trainer.py] => All params: 86255831
2026-06-02 08:56:02,867 [trainer.py] => Trainable params: 303565
2026-06-02 08:56:02,876 [lae.py] => Learning on 195-200
2026-06-02 09:05:08,296 [lae.py] => Task 39, Epoch 50/50 => Loss 0.118, Train_accy 96.08, Test_accy 12.64
2026-06-02 09:05:54,766 [trainer.py] => No NME accuracy.
2026-06-02 09:05:54,766 [trainer.py] => CNN: {'total': 12.64, '00-04': 25.93, '05-09': 11.43, '10-14': 21.43, '15-19': 27.03, '20-24': 9.09, '25-29': 0.0, '30-34': 5.88, '35-39': 9.68, '40-44': 4.92, '45-49': 6.45, '50-54': 21.54, '55-59': 0.0, '60-64': 8.57, '65-69': 21.05, '70-74': 17.78, '75-79': 8.33, '80-84': 6.06, '85-89': 17.39, '90-94': 28.17, '95-99': 6.45, '100-104': 0.0, '105-109': 6.45, '110-114': 6.67, '115-119': 10.0, '120-124': 1.82, '125-129': 4.44, '130-134': 17.39, '135-139': 3.85, '140-144': 0.0, '145-149': 33.96, '150-154': 7.81, '155-159': 21.15, '160-164': 23.08, '165-169': 15.62, '170-174': 0.0, '175-179': 4.0, '180-184': 8.7, '185-189': 32.35, '190-194': 11.11, '195-199': 0.0, 'old': 12.74, 'new': 0.0}
2026-06-02 09:05:54,766 [trainer.py] => CNN top1 curve: [83.33, 70.79, 61.17, 50.0, 47.02, 37.5, 41.7, 39.47, 34.86, 33.52, 34.99, 27.72, 27.37, 26.91, 25.66, 24.64, 24.15, 24.52, 21.64, 20.77, 20.6, 18.64, 19.73, 18.4, 19.96, 19.06, 18.83, 17.6, 17.96, 17.48, 16.47, 16.27, 13.16, 15.04, 14.42, 12.88, 12.11, 11.97, 13.34, 12.64]
2026-06-02 09:05:54,766 [trainer.py] => CNN top5 curve: [100.0, 93.26, 88.35, 79.29, 72.85, 69.02, 71.91, 69.55, 66.97, 63.69, 64.07, 59.2, 57.41, 59.54, 58.35, 56.08, 51.69, 51.56, 49.6, 48.0, 45.78, 43.61, 43.99, 42.79, 43.99, 41.62, 40.2, 39.87, 38.29, 38.43, 37.23, 38.23, 34.21, 35.84, 34.28, 32.81, 31.3, 31.53, 32.65, 31.73]
2026-06-02 09:05:54,766 [trainer.py] => Average Accuracy (CNN): 27.11
