2026-06-03 15:57:35,743 [trainer.py] => config: ./configs/lae/lae_ina_B100_Inc5.json
2026-06-03 15:57:35,744 [trainer.py] => prefix:  
2026-06-03 15:57:35,744 [trainer.py] => dataset: imageneta
2026-06-03 15:57:35,744 [trainer.py] => memory_size: 0
2026-06-03 15:57:35,744 [trainer.py] => memory_per_class: 0
2026-06-03 15:57:35,744 [trainer.py] => fixed_memory: False
2026-06-03 15:57:35,744 [trainer.py] => shuffle: True
2026-06-03 15:57:35,744 [trainer.py] => init_cls: 100
2026-06-03 15:57:35,744 [trainer.py] => increment: 5
2026-06-03 15:57:35,744 [trainer.py] => model_name: lae
2026-06-03 15:57:35,744 [trainer.py] => backbone_type: vit_base_patch16_224_in21k_lae
2026-06-03 15:57:35,744 [trainer.py] => device: [device(type='cuda', index=3)]
2026-06-03 15:57:35,744 [trainer.py] => seed: 1993
2026-06-03 15:57:35,744 [trainer.py] => tuned_epoch: 50
2026-06-03 15:57:35,744 [trainer.py] => init_lr: 0.00046875
2026-06-03 15:57:35,744 [trainer.py] => batch_size: 128
2026-06-03 15:57:35,744 [trainer.py] => weight_decay: 0
2026-06-03 15:57:35,744 [trainer.py] => min_lr: 1e-05
2026-06-03 15:57:35,744 [trainer.py] => optimizer: adam
2026-06-03 15:57:35,744 [trainer.py] => scheduler: constant
2026-06-03 15:57:35,744 [trainer.py] => reinit_optimizer: True
2026-06-03 15:57:35,744 [trainer.py] => pretrained: True
2026-06-03 15:57:35,744 [trainer.py] => drop: 0.0
2026-06-03 15:57:35,745 [trainer.py] => drop_path: 0.0
2026-06-03 15:57:35,745 [trainer.py] => ema_decay: 0.9999
2026-06-03 15:57:35,745 [trainer.py] => num_freeze_epochs: 30
2026-06-03 15:57:35,745 [trainer.py] => pet_cls: LoRA
2026-06-03 15:57:35,745 [trainer.py] => pet_length: 10
2026-06-03 15:57:35,745 [trainer.py] => down_sample_dim: 5
2026-06-03 15:57:35,745 [trainer.py] => nb_classes: 200
2026-06-03 15:57:35,745 [trainer.py] => nb_tasks: 21
2026-06-03 15:57:36,499 [data_manager.py] => [168, 136, 51, 9, 183, 101, 171, 99, 42, 159, 191, 70, 16, 188, 27, 10, 175, 26, 68, 187, 98, 6, 85, 35, 112, 43, 100, 0, 103, 181, 88, 59, 4, 2, 116, 174, 94, 80, 106, 1, 147, 17, 141, 131, 72, 23, 173, 54, 197, 118, 87, 32, 79, 104, 91, 19, 135, 107, 178, 36, 11, 199, 142, 8, 122, 3, 28, 57, 153, 172, 190, 56, 49, 44, 97, 62, 151, 169, 194, 55, 192, 12, 189, 78, 66, 180, 15, 137, 109, 134, 92, 119, 126, 52, 170, 40, 148, 65, 144, 64, 138, 45, 77, 89, 154, 90, 71, 193, 74, 30, 113, 143, 96, 84, 67, 50, 186, 156, 69, 21, 18, 111, 108, 58, 125, 157, 150, 110, 182, 129, 166, 83, 81, 60, 13, 165, 14, 176, 63, 117, 5, 22, 145, 121, 38, 41, 82, 127, 114, 20, 31, 53, 37, 163, 196, 130, 152, 162, 86, 76, 24, 34, 184, 149, 33, 128, 198, 155, 146, 167, 139, 120, 140, 102, 47, 25, 158, 123, 46, 164, 61, 7, 115, 75, 133, 160, 105, 132, 179, 124, 48, 73, 93, 39, 95, 195, 29, 177, 185, 161]
2026-06-03 15:57:39,884 [lae.py] => 85,952,266 model total parameters.
2026-06-03 15:57:39,884 [lae.py] => 0 model training parameters.
2026-06-03 15:57:39,885 [trainer.py] => All params: 86105876
2026-06-03 15:57:39,886 [trainer.py] => Trainable params: 0
2026-06-03 15:57:39,886 [lae.py] => Learning on 0-100
2026-06-03 17:04:25,337 [lae.py] => Task 0, Epoch 50/50 => Loss 0.228, Train_accy 93.89, Test_accy 62.78
2026-06-03 17:04:51,737 [trainer.py] => No NME accuracy.
2026-06-03 17:04:51,737 [trainer.py] => CNN: {'total': 62.78, '00-99': 62.78, 'old': 0, 'new': 62.78}
2026-06-03 17:04:51,737 [trainer.py] => CNN top1 curve: [62.78]
2026-06-03 17:04:51,737 [trainer.py] => CNN top5 curve: [83.0]
2026-06-03 17:04:51,737 [trainer.py] => Average Accuracy (CNN): 62.78
2026-06-03 17:04:51,738 [trainer.py] => All params: 86182776
2026-06-03 17:04:51,739 [trainer.py] => Trainable params: 230510
2026-06-03 17:04:51,748 [lae.py] => Learning on 100-105
2026-06-03 17:12:04,455 [lae.py] => Task 1, Epoch 50/50 => Loss 0.125, Train_accy 96.08, Test_accy 61.16
2026-06-03 17:12:31,565 [trainer.py] => No NME accuracy.
2026-06-03 17:12:31,566 [trainer.py] => CNN: {'total': 61.16, '00-99': 62.9, '100-104': 0.0, 'old': 62.9, 'new': 0.0}
2026-06-03 17:12:31,566 [trainer.py] => CNN top1 curve: [62.78, 61.16]
2026-06-03 17:12:31,566 [trainer.py] => CNN top5 curve: [83.0, 81.27]
2026-06-03 17:12:31,566 [trainer.py] => Average Accuracy (CNN): 61.97
2026-06-03 17:12:31,569 [trainer.py] => All params: 86186621
2026-06-03 17:12:31,571 [trainer.py] => Trainable params: 234355
2026-06-03 17:12:31,578 [lae.py] => Learning on 105-110
2026-06-03 17:20:57,617 [lae.py] => Task 2, Epoch 50/50 => Loss 0.094, Train_accy 95.80, Test_accy 58.71
2026-06-03 17:21:27,607 [trainer.py] => No NME accuracy.
2026-06-03 17:21:27,607 [trainer.py] => CNN: {'total': 58.71, '00-99': 62.43, '100-104': 4.17, '105-109': 8.33, 'old': 60.81, 'new': 8.33}
2026-06-03 17:21:27,607 [trainer.py] => CNN top1 curve: [62.78, 61.16, 58.71]
2026-06-03 17:21:27,607 [trainer.py] => CNN top5 curve: [83.0, 81.27, 79.13]
2026-06-03 17:21:27,608 [trainer.py] => Average Accuracy (CNN): 60.88
2026-06-03 17:21:27,608 [trainer.py] => All params: 86190466
2026-06-03 17:21:27,609 [trainer.py] => Trainable params: 238200
2026-06-03 17:21:27,613 [lae.py] => Learning on 110-115
2026-06-03 17:28:04,993 [lae.py] => Task 3, Epoch 50/50 => Loss 0.215, Train_accy 93.55, Test_accy 56.51
2026-06-03 17:28:34,082 [trainer.py] => No NME accuracy.
2026-06-03 17:28:34,083 [trainer.py] => CNN: {'total': 56.51, '00-99': 61.47, '100-104': 4.17, '105-109': 8.33, '110-114': 0.0, 'old': 57.82, 'new': 0.0}
2026-06-03 17:28:34,083 [trainer.py] => CNN top1 curve: [62.78, 61.16, 58.71, 56.51]
2026-06-03 17:28:34,083 [trainer.py] => CNN top5 curve: [83.0, 81.27, 79.13, 77.33]
2026-06-03 17:28:34,083 [trainer.py] => Average Accuracy (CNN): 59.79
2026-06-03 17:28:34,084 [trainer.py] => All params: 86194311
2026-06-03 17:28:34,085 [trainer.py] => Trainable params: 242045
2026-06-03 17:28:34,087 [lae.py] => Learning on 115-120
2026-06-03 17:38:08,084 [lae.py] => Task 4, Epoch 50/50 => Loss 0.103, Train_accy 96.76, Test_accy 54.46
2026-06-03 17:38:38,481 [trainer.py] => No NME accuracy.
2026-06-03 17:38:38,482 [trainer.py] => CNN: {'total': 54.46, '00-99': 61.71, '100-104': 4.17, '105-109': 11.11, '110-114': 0.0, '115-119': 13.21, 'old': 56.83, 'new': 13.21}
2026-06-03 17:38:38,482 [trainer.py] => CNN top1 curve: [62.78, 61.16, 58.71, 56.51, 54.46]
2026-06-03 17:38:38,483 [trainer.py] => CNN top5 curve: [83.0, 81.27, 79.13, 77.33, 75.49]
2026-06-03 17:38:38,483 [trainer.py] => Average Accuracy (CNN): 58.72
2026-06-03 17:38:38,485 [trainer.py] => All params: 86198156
2026-06-03 17:38:38,487 [trainer.py] => Trainable params: 245890
2026-06-03 17:38:38,495 [lae.py] => Learning on 120-125
2026-06-03 17:47:37,019 [lae.py] => Task 5, Epoch 50/50 => Loss 0.181, Train_accy 94.37, Test_accy 53.05
2026-06-03 17:48:09,048 [trainer.py] => No NME accuracy.
2026-06-03 17:48:09,049 [trainer.py] => CNN: {'total': 53.05, '00-99': 62.66, '100-104': 0.0, '105-109': 8.33, '110-114': 0.0, '115-119': 16.98, '120-124': 0.0, 'old': 55.28, 'new': 0.0}
2026-06-03 17:48:09,049 [trainer.py] => CNN top1 curve: [62.78, 61.16, 58.71, 56.51, 54.46, 53.05]
2026-06-03 17:48:09,049 [trainer.py] => CNN top5 curve: [83.0, 81.27, 79.13, 77.33, 75.49, 73.52]
2026-06-03 17:48:09,049 [trainer.py] => Average Accuracy (CNN): 57.78
2026-06-03 17:48:09,050 [trainer.py] => All params: 86202001
2026-06-03 17:48:09,051 [trainer.py] => Trainable params: 249735
2026-06-03 17:48:09,057 [lae.py] => Learning on 125-130
2026-06-03 17:55:57,889 [lae.py] => Task 6, Epoch 50/50 => Loss 0.135, Train_accy 95.45, Test_accy 50.43
2026-06-03 17:56:30,109 [trainer.py] => No NME accuracy.
2026-06-03 17:56:30,110 [trainer.py] => CNN: {'total': 50.43, '00-99': 60.64, '100-104': 0.0, '105-109': 8.33, '110-114': 0.0, '115-119': 16.98, '120-124': 0.0, '125-129': 0.0, 'old': 51.38, 'new': 0.0}
2026-06-03 17:56:30,110 [trainer.py] => CNN top1 curve: [62.78, 61.16, 58.71, 56.51, 54.46, 53.05, 50.43]
2026-06-03 17:56:30,110 [trainer.py] => CNN top5 curve: [83.0, 81.27, 79.13, 77.33, 75.49, 73.52, 71.59]
2026-06-03 17:56:30,110 [trainer.py] => Average Accuracy (CNN): 56.73
2026-06-03 17:56:30,112 [trainer.py] => All params: 86205846
2026-06-03 17:56:30,114 [trainer.py] => Trainable params: 253580
2026-06-03 17:56:30,121 [lae.py] => Learning on 130-135
2026-06-03 18:06:15,182 [lae.py] => Task 7, Epoch 50/50 => Loss 0.073, Train_accy 98.24, Test_accy 49.26
2026-06-03 18:06:48,277 [trainer.py] => No NME accuracy.
2026-06-03 18:06:48,278 [trainer.py] => CNN: {'total': 49.26, '00-99': 61.59, '100-104': 4.17, '105-109': 8.33, '110-114': 0.0, '115-119': 13.21, '120-124': 0.0, '125-129': 0.0, '130-134': 10.2, 'old': 51.11, 'new': 10.2}
2026-06-03 18:06:48,278 [trainer.py] => CNN top1 curve: [62.78, 61.16, 58.71, 56.51, 54.46, 53.05, 50.43, 49.26]
2026-06-03 18:06:48,278 [trainer.py] => CNN top5 curve: [83.0, 81.27, 79.13, 77.33, 75.49, 73.52, 71.59, 70.2]
2026-06-03 18:06:48,278 [trainer.py] => Average Accuracy (CNN): 55.8
2026-06-03 18:06:48,279 [trainer.py] => All params: 86209691
2026-06-03 18:06:48,280 [trainer.py] => Trainable params: 257425
2026-06-03 18:06:48,292 [lae.py] => Learning on 135-140
2026-06-03 18:16:20,706 [lae.py] => Task 8, Epoch 50/50 => Loss 0.046, Train_accy 96.40, Test_accy 48.62
2026-06-03 18:16:55,588 [trainer.py] => No NME accuracy.
2026-06-03 18:16:55,589 [trainer.py] => CNN: {'total': 48.62, '00-99': 62.31, '100-104': 4.17, '105-109': 11.11, '110-114': 0.0, '115-119': 15.09, '120-124': 2.44, '125-129': 0.0, '130-134': 6.12, '135-139': 10.81, 'old': 49.91, 'new': 10.81}
2026-06-03 18:16:55,589 [trainer.py] => CNN top1 curve: [62.78, 61.16, 58.71, 56.51, 54.46, 53.05, 50.43, 49.26, 48.62]
2026-06-03 18:16:55,589 [trainer.py] => CNN top5 curve: [83.0, 81.27, 79.13, 77.33, 75.49, 73.52, 71.59, 70.2, 69.76]
2026-06-03 18:16:55,589 [trainer.py] => Average Accuracy (CNN): 55.0
2026-06-03 18:16:55,592 [trainer.py] => All params: 86213536
2026-06-03 18:16:55,594 [trainer.py] => Trainable params: 261270
2026-06-03 18:16:55,607 [lae.py] => Learning on 140-145
2026-06-03 18:26:11,544 [lae.py] => Task 9, Epoch 50/50 => Loss 0.155, Train_accy 91.82, Test_accy 47.51
2026-06-03 18:26:47,825 [trainer.py] => No NME accuracy.
2026-06-03 18:26:47,825 [trainer.py] => CNN: {'total': 47.51, '00-99': 62.31, '100-104': 8.33, '105-109': 8.33, '110-114': 0.0, '115-119': 13.21, '120-124': 2.44, '125-129': 0.0, '130-134': 10.2, '135-139': 10.81, '140-144': 17.78, 'old': 48.71, 'new': 17.78}
2026-06-03 18:26:47,825 [trainer.py] => CNN top1 curve: [62.78, 61.16, 58.71, 56.51, 54.46, 53.05, 50.43, 49.26, 48.62, 47.51]
2026-06-03 18:26:47,825 [trainer.py] => CNN top5 curve: [83.0, 81.27, 79.13, 77.33, 75.49, 73.52, 71.59, 70.2, 69.76, 68.44]
2026-06-03 18:26:47,825 [trainer.py] => Average Accuracy (CNN): 54.25
2026-06-03 18:26:47,826 [trainer.py] => All params: 86217381
2026-06-03 18:26:47,827 [trainer.py] => Trainable params: 265115
2026-06-03 18:26:47,839 [lae.py] => Learning on 145-150
2026-06-03 18:37:07,052 [lae.py] => Task 10, Epoch 50/50 => Loss 0.088, Train_accy 97.63, Test_accy 46.03
2026-06-03 18:37:44,346 [trainer.py] => No NME accuracy.
2026-06-03 18:37:44,346 [trainer.py] => CNN: {'total': 46.03, '00-99': 61.71, '100-104': 8.33, '105-109': 11.11, '110-114': 0.0, '115-119': 13.21, '120-124': 0.0, '125-129': 0.0, '130-134': 10.2, '135-139': 16.22, '140-144': 13.33, '145-149': 6.45, 'old': 47.08, 'new': 6.45}
2026-06-03 18:37:44,347 [trainer.py] => CNN top1 curve: [62.78, 61.16, 58.71, 56.51, 54.46, 53.05, 50.43, 49.26, 48.62, 47.51, 46.03]
2026-06-03 18:37:44,347 [trainer.py] => CNN top5 curve: [83.0, 81.27, 79.13, 77.33, 75.49, 73.52, 71.59, 70.2, 69.76, 68.44, 67.0]
2026-06-03 18:37:44,347 [trainer.py] => Average Accuracy (CNN): 53.5
2026-06-03 18:37:44,348 [trainer.py] => All params: 86221226
2026-06-03 18:37:44,348 [trainer.py] => Trainable params: 268960
2026-06-03 18:37:44,359 [lae.py] => Learning on 150-155
2026-06-03 18:47:19,264 [lae.py] => Task 11, Epoch 50/50 => Loss 0.082, Train_accy 97.46, Test_accy 43.22
2026-06-03 18:47:56,783 [trainer.py] => No NME accuracy.
2026-06-03 18:47:56,783 [trainer.py] => CNN: {'total': 43.22, '00-99': 59.81, '100-104': 8.33, '105-109': 11.11, '110-114': 0.0, '115-119': 11.32, '120-124': 0.0, '125-129': 0.0, '130-134': 8.16, '135-139': 10.81, '140-144': 15.56, '145-149': 3.23, '150-154': 2.94, 'old': 44.36, 'new': 2.94}
2026-06-03 18:47:56,783 [trainer.py] => CNN top1 curve: [62.78, 61.16, 58.71, 56.51, 54.46, 53.05, 50.43, 49.26, 48.62, 47.51, 46.03, 43.22]
2026-06-03 18:47:56,783 [trainer.py] => CNN top5 curve: [83.0, 81.27, 79.13, 77.33, 75.49, 73.52, 71.59, 70.2, 69.76, 68.44, 67.0, 64.99]
2026-06-03 18:47:56,783 [trainer.py] => Average Accuracy (CNN): 52.64
2026-06-03 18:47:56,784 [trainer.py] => All params: 86225071
2026-06-03 18:47:56,785 [trainer.py] => Trainable params: 272805
2026-06-03 18:47:56,793 [lae.py] => Learning on 155-160
2026-06-03 18:56:46,343 [lae.py] => Task 12, Epoch 50/50 => Loss 0.062, Train_accy 98.82, Test_accy 43.19
2026-06-03 18:57:27,066 [trainer.py] => No NME accuracy.
2026-06-03 18:57:27,080 [trainer.py] => CNN: {'total': 43.19, '00-99': 60.17, '100-104': 8.33, '105-109': 11.11, '110-114': 0.0, '115-119': 15.09, '120-124': 0.0, '125-129': 0.0, '130-134': 8.16, '135-139': 16.22, '140-144': 17.78, '145-149': 0.0, '150-154': 2.94, '155-159': 0.0, 'old': 43.79, 'new': 0.0}
2026-06-03 18:57:27,080 [trainer.py] => CNN top1 curve: [62.78, 61.16, 58.71, 56.51, 54.46, 53.05, 50.43, 49.26, 48.62, 47.51, 46.03, 43.22, 43.19]
2026-06-03 18:57:27,080 [trainer.py] => CNN top5 curve: [83.0, 81.27, 79.13, 77.33, 75.49, 73.52, 71.59, 70.2, 69.76, 68.44, 67.0, 64.99, 63.62]
2026-06-03 18:57:27,080 [trainer.py] => Average Accuracy (CNN): 51.92
2026-06-03 18:57:27,081 [trainer.py] => All params: 86228916
2026-06-03 18:57:27,082 [trainer.py] => Trainable params: 276650
2026-06-03 18:57:27,084 [lae.py] => Learning on 160-165
2026-06-03 19:09:06,033 [lae.py] => Task 13, Epoch 50/50 => Loss 0.184, Train_accy 94.55, Test_accy 42.38
2026-06-03 19:09:46,956 [trainer.py] => No NME accuracy.
2026-06-03 19:09:46,956 [trainer.py] => CNN: {'total': 42.38, '00-99': 61.24, '100-104': 8.33, '105-109': 11.11, '110-114': 0.0, '115-119': 13.21, '120-124': 0.0, '125-129': 0.0, '130-134': 8.16, '135-139': 21.62, '140-144': 20.0, '145-149': 0.0, '150-154': 5.88, '155-159': 0.0, '160-164': 0.0, 'old': 44.15, 'new': 0.0}
2026-06-03 19:09:46,956 [trainer.py] => CNN top1 curve: [62.78, 61.16, 58.71, 56.51, 54.46, 53.05, 50.43, 49.26, 48.62, 47.51, 46.03, 43.22, 43.19, 42.38]
2026-06-03 19:09:46,956 [trainer.py] => CNN top5 curve: [83.0, 81.27, 79.13, 77.33, 75.49, 73.52, 71.59, 70.2, 69.76, 68.44, 67.0, 64.99, 63.62, 62.69]
2026-06-03 19:09:46,956 [trainer.py] => Average Accuracy (CNN): 51.24
2026-06-03 19:09:46,957 [trainer.py] => All params: 86232761
2026-06-03 19:09:46,957 [trainer.py] => Trainable params: 280495
2026-06-03 19:09:46,967 [lae.py] => Learning on 165-170
2026-06-03 19:20:02,812 [lae.py] => Task 14, Epoch 50/50 => Loss 1.015, Train_accy 80.30, Test_accy 40.36
2026-06-03 19:20:43,431 [trainer.py] => No NME accuracy.
2026-06-03 19:20:43,431 [trainer.py] => CNN: {'total': 40.36, '00-99': 59.81, '100-104': 12.5, '105-109': 11.11, '110-114': 0.0, '115-119': 9.43, '120-124': 2.44, '125-129': 0.0, '130-134': 4.08, '135-139': 18.92, '140-144': 20.0, '145-149': 0.0, '150-154': 2.94, '155-159': 5.88, '160-164': 1.92, '165-169': 3.03, 'old': 41.31, 'new': 3.03}
2026-06-03 19:20:43,431 [trainer.py] => CNN top1 curve: [62.78, 61.16, 58.71, 56.51, 54.46, 53.05, 50.43, 49.26, 48.62, 47.51, 46.03, 43.22, 43.19, 42.38, 40.36]
2026-06-03 19:20:43,431 [trainer.py] => CNN top5 curve: [83.0, 81.27, 79.13, 77.33, 75.49, 73.52, 71.59, 70.2, 69.76, 68.44, 67.0, 64.99, 63.62, 62.69, 60.84]
2026-06-03 19:20:43,432 [trainer.py] => Average Accuracy (CNN): 50.51
2026-06-03 19:20:43,433 [trainer.py] => All params: 86236606
2026-06-03 19:20:43,433 [trainer.py] => Trainable params: 284340
2026-06-03 19:20:43,441 [lae.py] => Learning on 170-175
2026-06-03 19:30:13,217 [lae.py] => Task 15, Epoch 50/50 => Loss 0.074, Train_accy 97.73, Test_accy 38.81
2026-06-03 19:30:55,333 [trainer.py] => No NME accuracy.
2026-06-03 19:30:55,333 [trainer.py] => CNN: {'total': 38.81, '00-99': 59.1, '100-104': 8.33, '105-109': 8.33, '110-114': 0.0, '115-119': 9.43, '120-124': 0.0, '125-129': 0.0, '130-134': 6.12, '135-139': 18.92, '140-144': 13.33, '145-149': 0.0, '150-154': 2.94, '155-159': 0.0, '160-164': 3.85, '165-169': 3.03, '170-174': 0.0, 'old': 39.53, 'new': 0.0}
2026-06-03 19:30:55,334 [trainer.py] => CNN top1 curve: [62.78, 61.16, 58.71, 56.51, 54.46, 53.05, 50.43, 49.26, 48.62, 47.51, 46.03, 43.22, 43.19, 42.38, 40.36, 38.81]
2026-06-03 19:30:55,334 [trainer.py] => CNN top5 curve: [83.0, 81.27, 79.13, 77.33, 75.49, 73.52, 71.59, 70.2, 69.76, 68.44, 67.0, 64.99, 63.62, 62.69, 60.84, 59.94]
2026-06-03 19:30:55,334 [trainer.py] => Average Accuracy (CNN): 49.78
2026-06-03 19:30:55,337 [trainer.py] => All params: 86240451
2026-06-03 19:30:55,339 [trainer.py] => Trainable params: 288185
2026-06-03 19:30:55,346 [lae.py] => Learning on 175-180
2026-06-03 19:41:54,777 [lae.py] => Task 16, Epoch 50/50 => Loss 0.159, Train_accy 97.99, Test_accy 37.49
2026-06-03 19:42:39,217 [trainer.py] => No NME accuracy.
2026-06-03 19:42:39,230 [trainer.py] => CNN: {'total': 37.49, '00-99': 58.62, '100-104': 8.33, '105-109': 8.33, '110-114': 0.0, '115-119': 9.43, '120-124': 0.0, '125-129': 0.0, '130-134': 2.04, '135-139': 18.92, '140-144': 13.33, '145-149': 0.0, '150-154': 5.88, '155-159': 0.0, '160-164': 1.92, '165-169': 3.03, '170-174': 4.0, '175-179': 2.7, 'old': 38.44, 'new': 2.7}
2026-06-03 19:42:39,230 [trainer.py] => CNN top1 curve: [62.78, 61.16, 58.71, 56.51, 54.46, 53.05, 50.43, 49.26, 48.62, 47.51, 46.03, 43.22, 43.19, 42.38, 40.36, 38.81, 37.49]
2026-06-03 19:42:39,230 [trainer.py] => CNN top5 curve: [83.0, 81.27, 79.13, 77.33, 75.49, 73.52, 71.59, 70.2, 69.76, 68.44, 67.0, 64.99, 63.62, 62.69, 60.84, 59.94, 57.56]
2026-06-03 19:42:39,231 [trainer.py] => Average Accuracy (CNN): 49.06
2026-06-03 19:42:39,233 [trainer.py] => All params: 86244296
2026-06-03 19:42:39,235 [trainer.py] => Trainable params: 292030
2026-06-03 19:42:39,249 [lae.py] => Learning on 180-185
2026-06-03 19:53:11,747 [lae.py] => Task 17, Epoch 50/50 => Loss 0.112, Train_accy 94.26, Test_accy 36.99
2026-06-03 19:53:55,692 [trainer.py] => No NME accuracy.
2026-06-03 19:53:55,710 [trainer.py] => CNN: {'total': 36.99, '00-99': 58.62, '100-104': 8.33, '105-109': 8.33, '110-114': 0.0, '115-119': 7.55, '120-124': 0.0, '125-129': 0.0, '130-134': 2.04, '135-139': 24.32, '140-144': 15.56, '145-149': 0.0, '150-154': 2.94, '155-159': 11.76, '160-164': 0.0, '165-169': 3.03, '170-174': 4.0, '175-179': 2.7, '180-184': 3.7, 'old': 37.63, 'new': 3.7}
2026-06-03 19:53:55,710 [trainer.py] => CNN top1 curve: [62.78, 61.16, 58.71, 56.51, 54.46, 53.05, 50.43, 49.26, 48.62, 47.51, 46.03, 43.22, 43.19, 42.38, 40.36, 38.81, 37.49, 36.99]
2026-06-03 19:53:55,710 [trainer.py] => CNN top5 curve: [83.0, 81.27, 79.13, 77.33, 75.49, 73.52, 71.59, 70.2, 69.76, 68.44, 67.0, 64.99, 63.62, 62.69, 60.84, 59.94, 57.56, 56.26]
2026-06-03 19:53:55,710 [trainer.py] => Average Accuracy (CNN): 48.39
2026-06-03 19:53:55,711 [trainer.py] => All params: 86248141
2026-06-03 19:53:55,712 [trainer.py] => Trainable params: 295875
2026-06-03 19:53:55,716 [lae.py] => Learning on 185-190
2026-06-03 20:03:18,170 [lae.py] => Task 18, Epoch 50/50 => Loss 0.122, Train_accy 97.01, Test_accy 36.75
2026-06-03 20:04:02,424 [trainer.py] => No NME accuracy.
2026-06-03 20:04:02,425 [trainer.py] => CNN: {'total': 36.75, '00-99': 59.22, '100-104': 4.17, '105-109': 8.33, '110-114': 0.0, '115-119': 5.66, '120-124': 0.0, '125-129': 0.0, '130-134': 2.04, '135-139': 24.32, '140-144': 13.33, '145-149': 0.0, '150-154': 2.94, '155-159': 5.88, '160-164': 0.0, '165-169': 3.03, '170-174': 0.0, '175-179': 0.0, '180-184': 3.7, '185-189': 16.67, 'old': 36.92, 'new': 16.67}
2026-06-03 20:04:02,425 [trainer.py] => CNN top1 curve: [62.78, 61.16, 58.71, 56.51, 54.46, 53.05, 50.43, 49.26, 48.62, 47.51, 46.03, 43.22, 43.19, 42.38, 40.36, 38.81, 37.49, 36.99, 36.75]
2026-06-03 20:04:02,425 [trainer.py] => CNN top5 curve: [83.0, 81.27, 79.13, 77.33, 75.49, 73.52, 71.59, 70.2, 69.76, 68.44, 67.0, 64.99, 63.62, 62.69, 60.84, 59.94, 57.56, 56.26, 55.44]
2026-06-03 20:04:02,425 [trainer.py] => Average Accuracy (CNN): 47.77
2026-06-03 20:04:02,428 [trainer.py] => All params: 86251986
2026-06-03 20:04:02,430 [trainer.py] => Trainable params: 299720
2026-06-03 20:04:02,435 [lae.py] => Learning on 190-195
2026-06-03 20:15:53,134 [lae.py] => Task 19, Epoch 50/50 => Loss 0.101, Train_accy 94.74, Test_accy 35.89
2026-06-03 20:16:38,502 [trainer.py] => No NME accuracy.
2026-06-03 20:16:38,518 [trainer.py] => CNN: {'total': 35.89, '00-99': 58.86, '100-104': 8.33, '105-109': 8.33, '110-114': 0.0, '115-119': 5.66, '120-124': 0.0, '125-129': 0.0, '130-134': 2.04, '135-139': 21.62, '140-144': 13.33, '145-149': 3.23, '150-154': 2.94, '155-159': 0.0, '160-164': 1.92, '165-169': 3.03, '170-174': 0.0, '175-179': 0.0, '180-184': 0.0, '185-189': 16.67, '190-194': 10.81, 'old': 36.54, 'new': 10.81}
2026-06-03 20:16:38,518 [trainer.py] => CNN top1 curve: [62.78, 61.16, 58.71, 56.51, 54.46, 53.05, 50.43, 49.26, 48.62, 47.51, 46.03, 43.22, 43.19, 42.38, 40.36, 38.81, 37.49, 36.99, 36.75, 35.89]
2026-06-03 20:16:38,518 [trainer.py] => CNN top5 curve: [83.0, 81.27, 79.13, 77.33, 75.49, 73.52, 71.59, 70.2, 69.76, 68.44, 67.0, 64.99, 63.62, 62.69, 60.84, 59.94, 57.56, 56.26, 55.44, 56.36]
2026-06-03 20:16:38,518 [trainer.py] => Average Accuracy (CNN): 47.18
2026-06-03 20:16:38,519 [trainer.py] => All params: 86255831
2026-06-03 20:16:38,520 [trainer.py] => Trainable params: 303565
2026-06-03 20:16:38,529 [lae.py] => Learning on 195-200
2026-06-03 20:28:23,680 [lae.py] => Task 20, Epoch 50/50 => Loss 0.087, Train_accy 97.01, Test_accy 34.56
2026-06-03 20:29:11,575 [trainer.py] => No NME accuracy.
2026-06-03 20:29:11,576 [trainer.py] => CNN: {'total': 34.56, '00-99': 58.03, '100-104': 8.33, '105-109': 11.11, '110-114': 0.0, '115-119': 7.55, '120-124': 0.0, '125-129': 0.0, '130-134': 10.2, '135-139': 10.81, '140-144': 8.89, '145-149': 0.0, '150-154': 2.94, '155-159': 0.0, '160-164': 1.92, '165-169': 3.03, '170-174': 0.0, '175-179': 2.7, '180-184': 0.0, '185-189': 8.33, '190-194': 10.81, '195-199': 10.42, 'old': 35.35, 'new': 10.42}
2026-06-03 20:29:11,576 [trainer.py] => CNN top1 curve: [62.78, 61.16, 58.71, 56.51, 54.46, 53.05, 50.43, 49.26, 48.62, 47.51, 46.03, 43.22, 43.19, 42.38, 40.36, 38.81, 37.49, 36.99, 36.75, 35.89, 34.56]
2026-06-03 20:29:11,576 [trainer.py] => CNN top5 curve: [83.0, 81.27, 79.13, 77.33, 75.49, 73.52, 71.59, 70.2, 69.76, 68.44, 67.0, 64.99, 63.62, 62.69, 60.84, 59.94, 57.56, 56.26, 55.44, 56.36, 54.58]
2026-06-03 20:29:11,576 [trainer.py] => Average Accuracy (CNN): 46.58
