2026-05-31 20:23:16,669 [trainer.py] => config: ./configs/lae/lae_inr_B100_Inc20.json
2026-05-31 20:23:16,669 [trainer.py] => prefix:  
2026-05-31 20:23:16,669 [trainer.py] => dataset: imagenetr
2026-05-31 20:23:16,669 [trainer.py] => memory_size: 0
2026-05-31 20:23:16,670 [trainer.py] => memory_per_class: 0
2026-05-31 20:23:16,670 [trainer.py] => fixed_memory: False
2026-05-31 20:23:16,670 [trainer.py] => shuffle: True
2026-05-31 20:23:16,670 [trainer.py] => init_cls: 100
2026-05-31 20:23:16,670 [trainer.py] => increment: 20
2026-05-31 20:23:16,670 [trainer.py] => model_name: lae
2026-05-31 20:23:16,671 [trainer.py] => backbone_type: vit_base_patch16_224_in21k_lae
2026-05-31 20:23:16,671 [trainer.py] => device: [device(type='cuda', index=3)]
2026-05-31 20:23:16,671 [trainer.py] => seed: 1993
2026-05-31 20:23:16,671 [trainer.py] => tuned_epoch: 50
2026-05-31 20:23:16,671 [trainer.py] => init_lr: 0.00046875
2026-05-31 20:23:16,671 [trainer.py] => batch_size: 128
2026-05-31 20:23:16,672 [trainer.py] => weight_decay: 0
2026-05-31 20:23:16,672 [trainer.py] => min_lr: 1e-05
2026-05-31 20:23:16,672 [trainer.py] => optimizer: adam
2026-05-31 20:23:16,672 [trainer.py] => scheduler: constant
2026-05-31 20:23:16,672 [trainer.py] => reinit_optimizer: True
2026-05-31 20:23:16,672 [trainer.py] => pretrained: True
2026-05-31 20:23:16,673 [trainer.py] => drop: 0.0
2026-05-31 20:23:16,673 [trainer.py] => drop_path: 0.0
2026-05-31 20:23:16,673 [trainer.py] => ema_decay: 0.9999
2026-05-31 20:23:16,673 [trainer.py] => num_freeze_epochs: 30
2026-05-31 20:23:16,673 [trainer.py] => pet_cls: LoRA
2026-05-31 20:23:16,673 [trainer.py] => pet_length: 10
2026-05-31 20:23:16,673 [trainer.py] => down_sample_dim: 5
2026-05-31 20:23:16,674 [trainer.py] => nb_classes: 200
2026-05-31 20:23:16,674 [trainer.py] => nb_tasks: 6
2026-05-31 20:23:17,718 [data_manager.py] => [168, 136, 51, 9, 183, 101, 171, 99, 42, 159, 191, 70, 16, 188, 27, 10, 175, 26, 68, 187, 98, 6, 85, 35, 112, 43, 100, 0, 103, 181, 88, 59, 4, 2, 116, 174, 94, 80, 106, 1, 147, 17, 141, 131, 72, 23, 173, 54, 197, 118, 87, 32, 79, 104, 91, 19, 135, 107, 178, 36, 11, 199, 142, 8, 122, 3, 28, 57, 153, 172, 190, 56, 49, 44, 97, 62, 151, 169, 194, 55, 192, 12, 189, 78, 66, 180, 15, 137, 109, 134, 92, 119, 126, 52, 170, 40, 148, 65, 144, 64, 138, 45, 77, 89, 154, 90, 71, 193, 74, 30, 113, 143, 96, 84, 67, 50, 186, 156, 69, 21, 18, 111, 108, 58, 125, 157, 150, 110, 182, 129, 166, 83, 81, 60, 13, 165, 14, 176, 63, 117, 5, 22, 145, 121, 38, 41, 82, 127, 114, 20, 31, 53, 37, 163, 196, 130, 152, 162, 86, 76, 24, 34, 184, 149, 33, 128, 198, 155, 146, 167, 139, 120, 140, 102, 47, 25, 158, 123, 46, 164, 61, 7, 115, 75, 133, 160, 105, 132, 179, 124, 48, 73, 93, 39, 95, 195, 29, 177, 185, 161]
2026-05-31 20:23:21,138 [lae.py] => 85,952,266 model total parameters.
2026-05-31 20:23:21,139 [lae.py] => 0 model training parameters.
2026-05-31 20:23:21,139 [trainer.py] => All params: 86105876
2026-05-31 20:23:21,140 [trainer.py] => Trainable params: 0
2026-05-31 20:23:21,141 [lae.py] => Learning on 0-100
2026-06-01 00:28:01,577 [lae.py] => Task 0, Epoch 50/50 => Loss 0.430, Train_accy 88.88, Test_accy 77.29
2026-06-01 00:29:34,219 [trainer.py] => No NME accuracy.
2026-06-01 00:29:34,249 [trainer.py] => CNN: {'total': 77.29, '00-99': 77.29, 'old': 0, 'new': 77.29}
2026-06-01 00:29:34,249 [trainer.py] => CNN top1 curve: [77.29]
2026-06-01 00:29:34,249 [trainer.py] => CNN top5 curve: [89.45]
2026-06-01 00:29:34,249 [trainer.py] => Average Accuracy (CNN): 77.29
2026-06-01 00:29:34,250 [trainer.py] => All params: 86182776
2026-06-01 00:29:34,251 [trainer.py] => Trainable params: 230510
2026-06-01 00:29:34,264 [lae.py] => Learning on 100-120
2026-06-01 01:40:15,313 [lae.py] => Task 1, Epoch 50/50 => Loss 0.187, Train_accy 94.56, Test_accy 73.99
2026-06-01 01:42:07,154 [trainer.py] => No NME accuracy.
2026-06-01 01:42:07,190 [trainer.py] => CNN: {'total': 73.99, '00-99': 76.98, '100-119': 60.45, 'old': 76.98, 'new': 60.45}
2026-06-01 01:42:07,190 [trainer.py] => CNN top1 curve: [77.29, 73.99]
2026-06-01 01:42:07,190 [trainer.py] => CNN top5 curve: [89.45, 88.56]
2026-06-01 01:42:07,190 [trainer.py] => Average Accuracy (CNN): 75.64
2026-06-01 01:42:07,192 [trainer.py] => All params: 86198156
2026-06-01 01:42:07,194 [trainer.py] => Trainable params: 245890
2026-06-01 01:42:07,200 [lae.py] => Learning on 120-140
2026-06-01 02:45:13,923 [lae.py] => Task 2, Epoch 50/50 => Loss 0.187, Train_accy 94.26, Test_accy 71.67
2026-06-01 02:47:23,545 [trainer.py] => No NME accuracy.
2026-06-01 02:47:23,576 [trainer.py] => CNN: {'total': 71.67, '00-99': 77.29, '100-119': 60.76, '120-139': 54.83, 'old': 74.29, 'new': 54.83}
2026-06-01 02:47:23,577 [trainer.py] => CNN top1 curve: [77.29, 73.99, 71.67]
2026-06-01 02:47:23,577 [trainer.py] => CNN top5 curve: [89.45, 88.56, 87.47]
2026-06-01 02:47:23,577 [trainer.py] => Average Accuracy (CNN): 74.32
2026-06-01 02:47:23,579 [trainer.py] => All params: 86213536
2026-06-01 02:47:23,582 [trainer.py] => Trainable params: 261270
2026-06-01 02:47:23,592 [lae.py] => Learning on 140-160
2026-06-01 04:07:31,940 [lae.py] => Task 3, Epoch 50/50 => Loss 0.208, Train_accy 93.86, Test_accy 70.18
2026-06-01 04:10:01,438 [trainer.py] => No NME accuracy.
2026-06-01 04:10:01,471 [trainer.py] => CNN: {'total': 70.18, '00-99': 77.86, '100-119': 58.79, '120-139': 54.48, '140-159': 61.32, 'old': 71.71, 'new': 61.32}
2026-06-01 04:10:01,471 [trainer.py] => CNN top1 curve: [77.29, 73.99, 71.67, 70.18]
2026-06-01 04:10:01,471 [trainer.py] => CNN top5 curve: [89.45, 88.56, 87.47, 87.11]
2026-06-01 04:10:01,471 [trainer.py] => Average Accuracy (CNN): 73.28
2026-06-01 04:10:01,472 [trainer.py] => All params: 86228916
2026-06-01 04:10:01,473 [trainer.py] => Trainable params: 276650
2026-06-01 04:10:01,477 [lae.py] => Learning on 160-180
2026-06-01 05:16:16,039 [lae.py] => Task 4, Epoch 50/50 => Loss 0.281, Train_accy 92.51, Test_accy 68.27
2026-06-01 05:18:58,593 [trainer.py] => No NME accuracy.
2026-06-01 05:18:58,632 [trainer.py] => CNN: {'total': 68.27, '00-99': 77.45, '100-119': 58.79, '120-139': 54.31, '140-159': 61.18, '160-179': 51.46, 'old': 69.9, 'new': 51.46}
2026-06-01 05:18:58,633 [trainer.py] => CNN top1 curve: [77.29, 73.99, 71.67, 70.18, 68.27]
2026-06-01 05:18:58,633 [trainer.py] => CNN top5 curve: [89.45, 88.56, 87.47, 87.11, 85.56]
2026-06-01 05:18:58,633 [trainer.py] => Average Accuracy (CNN): 72.28
2026-06-01 05:18:58,635 [trainer.py] => All params: 86244296
2026-06-01 05:18:58,637 [trainer.py] => Trainable params: 292030
2026-06-01 05:18:58,648 [lae.py] => Learning on 180-200
2026-06-01 06:33:39,672 [lae.py] => Task 5, Epoch 50/50 => Loss 0.204, Train_accy 93.92, Test_accy 66.65
2026-06-01 06:36:42,950 [trainer.py] => No NME accuracy.
2026-06-01 06:36:42,978 [trainer.py] => CNN: {'total': 66.65, '00-99': 77.76, '100-119': 58.48, '120-139': 55.01, '140-159': 61.59, '160-179': 49.79, '180-199': 50.43, 'old': 68.38, 'new': 50.43}
2026-06-01 06:36:42,978 [trainer.py] => CNN top1 curve: [77.29, 73.99, 71.67, 70.18, 68.27, 66.65]
2026-06-01 06:36:42,978 [trainer.py] => CNN top5 curve: [89.45, 88.56, 87.47, 87.11, 85.56, 85.22]
2026-06-01 06:36:42,978 [trainer.py] => Average Accuracy (CNN): 71.34
