2026-06-23 23:46:22,596 [trainer.py] => config: ./configs/lae/lae_omn_B150_Inc10.json
2026-06-23 23:46:22,597 [trainer.py] => prefix:  
2026-06-23 23:46:22,597 [trainer.py] => dataset: omnibenchmark
2026-06-23 23:46:22,597 [trainer.py] => memory_size: 0
2026-06-23 23:46:22,597 [trainer.py] => memory_per_class: 0
2026-06-23 23:46:22,597 [trainer.py] => fixed_memory: False
2026-06-23 23:46:22,597 [trainer.py] => shuffle: True
2026-06-23 23:46:22,597 [trainer.py] => init_cls: 150
2026-06-23 23:46:22,597 [trainer.py] => increment: 10
2026-06-23 23:46:22,597 [trainer.py] => model_name: lae
2026-06-23 23:46:22,597 [trainer.py] => backbone_type: vit_base_patch16_224_in21k_lae
2026-06-23 23:46:22,597 [trainer.py] => device: [device(type='cuda', index=3)]
2026-06-23 23:46:22,597 [trainer.py] => seed: 1994
2026-06-23 23:46:22,597 [trainer.py] => tuned_epoch: 50
2026-06-23 23:46:22,597 [trainer.py] => init_lr: 0.00046875
2026-06-23 23:46:22,597 [trainer.py] => batch_size: 128
2026-06-23 23:46:22,597 [trainer.py] => weight_decay: 0
2026-06-23 23:46:22,597 [trainer.py] => min_lr: 1e-05
2026-06-23 23:46:22,597 [trainer.py] => optimizer: adam
2026-06-23 23:46:22,598 [trainer.py] => scheduler: constant
2026-06-23 23:46:22,598 [trainer.py] => reinit_optimizer: True
2026-06-23 23:46:22,598 [trainer.py] => pretrained: True
2026-06-23 23:46:22,598 [trainer.py] => drop: 0.0
2026-06-23 23:46:22,598 [trainer.py] => drop_path: 0.0
2026-06-23 23:46:22,598 [trainer.py] => ema_decay: 0.9999
2026-06-23 23:46:22,598 [trainer.py] => num_freeze_epochs: 30
2026-06-23 23:46:22,598 [trainer.py] => pet_cls: LoRA
2026-06-23 23:46:22,598 [trainer.py] => pet_length: 10
2026-06-23 23:46:22,598 [trainer.py] => down_sample_dim: 5
2026-06-23 23:46:22,598 [trainer.py] => nb_classes: 300
2026-06-23 23:46:22,598 [trainer.py] => nb_tasks: 16
2026-06-23 23:46:23,429 [data_manager.py] => [79, 231, 55, 293, 15, 281, 208, 119, 12, 11, 254, 126, 287, 215, 152, 278, 284, 140, 95, 72, 207, 232, 289, 171, 178, 189, 63, 86, 41, 159, 87, 103, 22, 80, 274, 73, 263, 122, 23, 28, 114, 273, 220, 185, 4, 70, 156, 286, 56, 115, 240, 268, 296, 174, 204, 113, 81, 221, 6, 101, 135, 224, 64, 269, 190, 244, 182, 181, 219, 198, 163, 150, 134, 210, 206, 202, 147, 234, 197, 222, 66, 144, 51, 24, 44, 209, 175, 195, 264, 205, 90, 21, 138, 52, 151, 124, 100, 121, 83, 132, 169, 285, 225, 27, 214, 236, 213, 162, 153, 271, 98, 233, 275, 299, 127, 29, 246, 50, 45, 280, 116, 242, 145, 165, 26, 149, 20, 186, 48, 129, 40, 2, 18, 241, 112, 200, 75, 85, 249, 68, 54, 59, 230, 228, 74, 253, 194, 77, 217, 227, 14, 8, 211, 297, 19, 226, 88, 96, 106, 9, 255, 38, 33, 176, 93, 35, 109, 69, 216, 92, 183, 47, 99, 39, 108, 160, 282, 199, 71, 201, 196, 120, 133, 270, 243, 250, 247, 288, 118, 136, 283, 187, 1, 184, 117, 130, 237, 32, 102, 177, 65, 173, 46, 267, 290, 128, 239, 0, 107, 167, 261, 43, 170, 104, 298, 262, 248, 60, 256, 78, 3, 58, 265, 62, 259, 61, 218, 157, 110, 143, 141, 252, 295, 97, 25, 291, 245, 125, 272, 17, 49, 161, 31, 155, 166, 251, 179, 94, 111, 142, 192, 229, 172, 16, 53, 168, 188, 158, 91, 258, 13, 10, 42, 36, 238, 105, 154, 257, 7, 277, 294, 279, 137, 266, 139, 292, 164, 276, 57, 123, 89, 82, 148, 67, 37, 146, 193, 131, 180, 5, 84, 260, 235, 223, 191, 30, 212, 76, 203, 34]
2026-06-23 23:46:28,589 [lae.py] => 85,952,266 model total parameters.
2026-06-23 23:46:28,590 [lae.py] => 0 model training parameters.
2026-06-23 23:46:28,591 [trainer.py] => All params: 86105876
2026-06-23 23:46:28,591 [trainer.py] => Trainable params: 0
2026-06-23 23:46:28,592 [lae.py] => Learning on 0-150
2026-06-24 06:49:42,075 [lae.py] => Task 0, Epoch 50/50 => Loss 0.303, Train_accy 90.96, Test_accy 87.43
2026-06-24 06:50:29,619 [trainer.py] => No NME accuracy.
2026-06-24 06:50:29,619 [trainer.py] => CNN: {'total': 87.43, '00-149': 87.43, 'old': 0, 'new': 87.43}
2026-06-24 06:50:29,619 [trainer.py] => CNN top1 curve: [87.43]
2026-06-24 06:50:29,620 [trainer.py] => CNN top5 curve: [97.33]
2026-06-24 06:50:29,620 [trainer.py] => Average Accuracy (CNN): 87.43
2026-06-24 06:50:29,621 [trainer.py] => All params: 86221226
2026-06-24 06:50:29,621 [trainer.py] => Trainable params: 268960
2026-06-24 06:50:29,625 [lae.py] => Learning on 150-160
2026-06-24 07:28:05,053 [lae.py] => Task 1, Epoch 50/50 => Loss 0.047, Train_accy 98.52, Test_accy 83.58
2026-06-24 07:28:55,134 [trainer.py] => No NME accuracy.
2026-06-24 07:28:55,134 [trainer.py] => CNN: {'total': 83.58, '00-149': 86.93, '150-159': 33.5, 'old': 86.93, 'new': 33.5}
2026-06-24 07:28:55,134 [trainer.py] => CNN top1 curve: [87.43, 83.58]
2026-06-24 07:28:55,134 [trainer.py] => CNN top5 curve: [97.33, 96.52]
2026-06-24 07:28:55,134 [trainer.py] => Average Accuracy (CNN): 85.5
2026-06-24 07:28:55,135 [trainer.py] => All params: 86228916
2026-06-24 07:28:55,136 [trainer.py] => Trainable params: 276650
2026-06-24 07:28:55,138 [lae.py] => Learning on 160-170
2026-06-24 08:06:27,400 [lae.py] => Task 2, Epoch 50/50 => Loss 0.051, Train_accy 98.17, Test_accy 78.66
2026-06-24 08:07:06,670 [trainer.py] => No NME accuracy.
2026-06-24 08:07:06,671 [trainer.py] => CNN: {'total': 78.66, '00-149': 86.33, '150-159': 34.0, '160-169': 8.5, 'old': 83.05, 'new': 8.5}
2026-06-24 08:07:06,671 [trainer.py] => CNN top1 curve: [87.43, 83.58, 78.66]
2026-06-24 08:07:06,671 [trainer.py] => CNN top5 curve: [97.33, 96.52, 94.55]
2026-06-24 08:07:06,671 [trainer.py] => Average Accuracy (CNN): 83.22
2026-06-24 08:07:06,672 [trainer.py] => All params: 86236606
2026-06-24 08:07:06,673 [trainer.py] => Trainable params: 284340
2026-06-24 08:07:06,676 [lae.py] => Learning on 170-180
2026-06-24 08:44:45,615 [lae.py] => Task 3, Epoch 50/50 => Loss 0.040, Train_accy 98.41, Test_accy 75.58
2026-06-24 08:45:44,674 [trainer.py] => No NME accuracy.
2026-06-24 08:45:44,705 [trainer.py] => CNN: {'total': 75.58, '00-149': 86.3, '150-159': 32.0, '160-169': 9.0, '170-179': 25.5, 'old': 78.54, 'new': 25.5}
2026-06-24 08:45:44,706 [trainer.py] => CNN top1 curve: [87.43, 83.58, 78.66, 75.58]
2026-06-24 08:45:44,706 [trainer.py] => CNN top5 curve: [97.33, 96.52, 94.55, 93.1]
2026-06-24 08:45:44,706 [trainer.py] => Average Accuracy (CNN): 81.31
2026-06-24 08:45:44,709 [trainer.py] => All params: 86244296
2026-06-24 08:45:44,711 [trainer.py] => Trainable params: 292030
2026-06-24 08:45:44,720 [lae.py] => Learning on 180-190
2026-06-24 09:25:07,410 [lae.py] => Task 4, Epoch 50/50 => Loss 0.056, Train_accy 97.80, Test_accy 72.63
2026-06-24 09:26:06,961 [trainer.py] => No NME accuracy.
2026-06-24 09:26:06,962 [trainer.py] => CNN: {'total': 72.63, '00-149': 85.83, '150-159': 31.5, '160-169': 8.5, '170-179': 29.5, '180-189': 23.5, 'old': 75.36, 'new': 23.5}
2026-06-24 09:26:06,962 [trainer.py] => CNN top1 curve: [87.43, 83.58, 78.66, 75.58, 72.63]
2026-06-24 09:26:06,962 [trainer.py] => CNN top5 curve: [97.33, 96.52, 94.55, 93.1, 92.67]
2026-06-24 09:26:06,962 [trainer.py] => Average Accuracy (CNN): 79.58
2026-06-24 09:26:06,963 [trainer.py] => All params: 86251986
2026-06-24 09:26:06,964 [trainer.py] => Trainable params: 299720
2026-06-24 09:26:06,968 [lae.py] => Learning on 190-200
2026-06-24 10:04:23,082 [lae.py] => Task 5, Epoch 50/50 => Loss 0.039, Train_accy 98.57, Test_accy 70.14
2026-06-24 10:05:28,363 [trainer.py] => No NME accuracy.
2026-06-24 10:05:28,389 [trainer.py] => CNN: {'total': 70.14, '00-149': 86.03, '150-159': 32.5, '160-169': 8.0, '170-179': 28.5, '180-189': 23.5, '190-199': 20.5, 'old': 72.76, 'new': 20.5}
2026-06-24 10:05:28,389 [trainer.py] => CNN top1 curve: [87.43, 83.58, 78.66, 75.58, 72.63, 70.14]
2026-06-24 10:05:28,389 [trainer.py] => CNN top5 curve: [97.33, 96.52, 94.55, 93.1, 92.67, 91.51]
2026-06-24 10:05:28,389 [trainer.py] => Average Accuracy (CNN): 78.0
2026-06-24 10:05:28,390 [trainer.py] => All params: 86259676
2026-06-24 10:05:28,391 [trainer.py] => Trainable params: 307410
2026-06-24 10:05:28,395 [lae.py] => Learning on 200-210
2026-06-24 10:45:26,917 [lae.py] => Task 6, Epoch 50/50 => Loss 0.053, Train_accy 98.19, Test_accy 67.29
2026-06-24 10:46:31,070 [trainer.py] => No NME accuracy.
2026-06-24 10:46:31,098 [trainer.py] => CNN: {'total': 67.29, '00-149': 86.03, '150-159': 33.5, '160-169': 9.5, '170-179': 25.0, '180-189': 24.0, '190-199': 21.0, '200-209': 10.5, 'old': 70.14, 'new': 10.5}
2026-06-24 10:46:31,098 [trainer.py] => CNN top1 curve: [87.43, 83.58, 78.66, 75.58, 72.63, 70.14, 67.29]
2026-06-24 10:46:31,098 [trainer.py] => CNN top5 curve: [97.33, 96.52, 94.55, 93.1, 92.67, 91.51, 90.17]
2026-06-24 10:46:31,098 [trainer.py] => Average Accuracy (CNN): 76.47
2026-06-24 10:46:31,099 [trainer.py] => All params: 86267366
2026-06-24 10:46:31,100 [trainer.py] => Trainable params: 315100
2026-06-24 10:46:31,107 [lae.py] => Learning on 210-220
2026-06-24 11:29:25,696 [lae.py] => Task 7, Epoch 50/50 => Loss 0.073, Train_accy 97.41, Test_accy 64.62
2026-06-24 11:30:32,985 [trainer.py] => No NME accuracy.
2026-06-24 11:30:32,985 [trainer.py] => CNN: {'total': 64.62, '00-149': 85.56, '150-159': 34.5, '160-169': 8.5, '170-179': 25.5, '180-189': 23.5, '190-199': 19.5, '200-209': 11.5, '210-219': 16.0, 'old': 66.94, 'new': 16.0}
2026-06-24 11:30:32,985 [trainer.py] => CNN top1 curve: [87.43, 83.58, 78.66, 75.58, 72.63, 70.14, 67.29, 64.62]
2026-06-24 11:30:32,985 [trainer.py] => CNN top5 curve: [97.33, 96.52, 94.55, 93.1, 92.67, 91.51, 90.17, 88.37]
2026-06-24 11:30:32,985 [trainer.py] => Average Accuracy (CNN): 74.99
2026-06-24 11:30:32,986 [trainer.py] => All params: 86275056
2026-06-24 11:30:32,987 [trainer.py] => Trainable params: 322790
2026-06-24 11:30:32,994 [lae.py] => Learning on 220-230
2026-06-24 12:12:28,105 [lae.py] => Task 8, Epoch 50/50 => Loss 0.064, Train_accy 97.54, Test_accy 62.06
2026-06-24 12:13:40,547 [trainer.py] => No NME accuracy.
2026-06-24 12:13:40,567 [trainer.py] => CNN: {'total': 62.06, '00-149': 85.56, '150-159': 32.5, '160-169': 8.5, '170-179': 24.5, '180-189': 21.5, '190-199': 17.0, '200-209': 10.0, '210-219': 16.0, '220-229': 14.57, 'old': 64.21, 'new': 14.57}
2026-06-24 12:13:40,567 [trainer.py] => CNN top1 curve: [87.43, 83.58, 78.66, 75.58, 72.63, 70.14, 67.29, 64.62, 62.06]
2026-06-24 12:13:40,567 [trainer.py] => CNN top5 curve: [97.33, 96.52, 94.55, 93.1, 92.67, 91.51, 90.17, 88.37, 86.73]
2026-06-24 12:13:40,567 [trainer.py] => Average Accuracy (CNN): 73.55
2026-06-24 12:13:40,568 [trainer.py] => All params: 86282746
2026-06-24 12:13:40,569 [trainer.py] => Trainable params: 330480
2026-06-24 12:13:40,574 [lae.py] => Learning on 230-240
2026-06-24 12:57:53,446 [lae.py] => Task 9, Epoch 50/50 => Loss 0.083, Train_accy 97.21, Test_accy 59.49
2026-06-24 12:58:57,069 [trainer.py] => No NME accuracy.
2026-06-24 12:58:57,083 [trainer.py] => CNN: {'total': 59.49, '00-149': 85.29, '150-159': 31.0, '160-169': 9.0, '170-179': 23.0, '180-189': 22.0, '190-199': 17.0, '200-209': 9.5, '210-219': 14.5, '220-229': 15.08, '230-239': 7.58, 'old': 61.73, 'new': 7.58}
2026-06-24 12:58:57,083 [trainer.py] => CNN top1 curve: [87.43, 83.58, 78.66, 75.58, 72.63, 70.14, 67.29, 64.62, 62.06, 59.49]
2026-06-24 12:58:57,083 [trainer.py] => CNN top5 curve: [97.33, 96.52, 94.55, 93.1, 92.67, 91.51, 90.17, 88.37, 86.73, 86.03]
2026-06-24 12:58:57,084 [trainer.py] => Average Accuracy (CNN): 72.15
2026-06-24 12:58:57,085 [trainer.py] => All params: 86290436
2026-06-24 12:58:57,085 [trainer.py] => Trainable params: 338170
2026-06-24 12:58:57,088 [lae.py] => Learning on 240-250
2026-06-24 13:41:03,016 [lae.py] => Task 10, Epoch 50/50 => Loss 0.035, Train_accy 98.71, Test_accy 57.83
2026-06-24 13:42:24,931 [trainer.py] => No NME accuracy.
2026-06-24 13:42:24,946 [trainer.py] => CNN: {'total': 57.83, '00-149': 85.29, '150-159': 30.0, '160-169': 8.0, '170-179': 23.0, '180-189': 24.0, '190-199': 18.0, '200-209': 7.0, '210-219': 14.0, '220-229': 13.57, '230-239': 6.06, '240-249': 23.0, 'old': 59.28, 'new': 23.0}
2026-06-24 13:42:24,946 [trainer.py] => CNN top1 curve: [87.43, 83.58, 78.66, 75.58, 72.63, 70.14, 67.29, 64.62, 62.06, 59.49, 57.83]
2026-06-24 13:42:24,946 [trainer.py] => CNN top5 curve: [97.33, 96.52, 94.55, 93.1, 92.67, 91.51, 90.17, 88.37, 86.73, 86.03, 84.89]
2026-06-24 13:42:24,947 [trainer.py] => Average Accuracy (CNN): 70.85
2026-06-24 13:42:24,948 [trainer.py] => All params: 86298126
2026-06-24 13:42:24,948 [trainer.py] => Trainable params: 345860
2026-06-24 13:42:24,955 [lae.py] => Learning on 250-260
2026-06-24 14:25:53,565 [lae.py] => Task 11, Epoch 50/50 => Loss 0.048, Train_accy 98.13, Test_accy 56.46
2026-06-24 14:27:01,064 [trainer.py] => No NME accuracy.
2026-06-24 14:27:01,095 [trainer.py] => CNN: {'total': 56.46, '00-149': 85.26, '150-159': 29.5, '160-169': 8.0, '170-179': 23.5, '180-189': 19.5, '190-199': 18.5, '200-209': 8.5, '210-219': 15.0, '220-229': 12.56, '230-239': 7.07, '240-249': 24.0, '250-259': 23.12, 'old': 57.79, 'new': 23.12}
2026-06-24 14:27:01,095 [trainer.py] => CNN top1 curve: [87.43, 83.58, 78.66, 75.58, 72.63, 70.14, 67.29, 64.62, 62.06, 59.49, 57.83, 56.46]
2026-06-24 14:27:01,095 [trainer.py] => CNN top5 curve: [97.33, 96.52, 94.55, 93.1, 92.67, 91.51, 90.17, 88.37, 86.73, 86.03, 84.89, 83.5]
2026-06-24 14:27:01,095 [trainer.py] => Average Accuracy (CNN): 69.65
2026-06-24 14:27:01,096 [trainer.py] => All params: 86305816
2026-06-24 14:27:01,097 [trainer.py] => Trainable params: 353550
2026-06-24 14:27:01,100 [lae.py] => Learning on 260-270
2026-06-24 15:13:20,466 [lae.py] => Task 12, Epoch 50/50 => Loss 0.070, Train_accy 97.59, Test_accy 55.43
2026-06-24 15:14:48,788 [trainer.py] => No NME accuracy.
2026-06-24 15:14:48,806 [trainer.py] => CNN: {'total': 55.43, '00-149': 84.69, '150-159': 31.5, '160-169': 8.5, '170-179': 23.0, '180-189': 21.0, '190-199': 19.0, '200-209': 9.5, '210-219': 15.0, '220-229': 14.57, '230-239': 7.58, '240-249': 24.0, '250-259': 21.61, '260-269': 31.16, 'old': 56.36, 'new': 31.16}
2026-06-24 15:14:48,806 [trainer.py] => CNN top1 curve: [87.43, 83.58, 78.66, 75.58, 72.63, 70.14, 67.29, 64.62, 62.06, 59.49, 57.83, 56.46, 55.43]
2026-06-24 15:14:48,806 [trainer.py] => CNN top5 curve: [97.33, 96.52, 94.55, 93.1, 92.67, 91.51, 90.17, 88.37, 86.73, 86.03, 84.89, 83.5, 83.07]
2026-06-24 15:14:48,806 [trainer.py] => Average Accuracy (CNN): 68.55
2026-06-24 15:14:48,807 [trainer.py] => All params: 86313506
2026-06-24 15:14:48,808 [trainer.py] => Trainable params: 361240
2026-06-24 15:14:48,811 [lae.py] => Learning on 270-280
2026-06-24 16:00:55,994 [lae.py] => Task 13, Epoch 50/50 => Loss 0.053, Train_accy 98.12, Test_accy 53.88
2026-06-24 16:02:08,279 [trainer.py] => No NME accuracy.
2026-06-24 16:02:08,314 [trainer.py] => CNN: {'total': 53.88, '00-149': 84.96, '150-159': 29.5, '160-169': 7.5, '170-179': 22.0, '180-189': 20.5, '190-199': 16.0, '200-209': 10.5, '210-219': 14.5, '220-229': 12.06, '230-239': 6.57, '240-249': 24.0, '250-259': 22.11, '260-269': 29.15, '270-279': 19.7, 'old': 55.13, 'new': 19.7}
2026-06-24 16:02:08,315 [trainer.py] => CNN top1 curve: [87.43, 83.58, 78.66, 75.58, 72.63, 70.14, 67.29, 64.62, 62.06, 59.49, 57.83, 56.46, 55.43, 53.88]
2026-06-24 16:02:08,315 [trainer.py] => CNN top5 curve: [97.33, 96.52, 94.55, 93.1, 92.67, 91.51, 90.17, 88.37, 86.73, 86.03, 84.89, 83.5, 83.07, 81.97]
2026-06-24 16:02:08,315 [trainer.py] => Average Accuracy (CNN): 67.51
2026-06-24 16:02:08,316 [trainer.py] => All params: 86321196
2026-06-24 16:02:08,316 [trainer.py] => Trainable params: 368930
2026-06-24 16:02:08,319 [lae.py] => Learning on 280-290
2026-06-24 16:50:16,891 [lae.py] => Task 14, Epoch 50/50 => Loss 0.054, Train_accy 98.09, Test_accy 52.01
2026-06-24 16:51:43,048 [trainer.py] => No NME accuracy.
2026-06-24 16:51:43,074 [trainer.py] => CNN: {'total': 52.01, '00-149': 84.49, '150-159': 30.0, '160-169': 6.5, '170-179': 22.5, '180-189': 20.5, '190-199': 16.0, '200-209': 10.0, '210-219': 13.0, '220-229': 11.06, '230-239': 7.07, '240-249': 25.5, '250-259': 22.11, '260-269': 28.14, '270-279': 19.7, '280-289': 9.0, 'old': 53.55, 'new': 9.0}
2026-06-24 16:51:43,075 [trainer.py] => CNN top1 curve: [87.43, 83.58, 78.66, 75.58, 72.63, 70.14, 67.29, 64.62, 62.06, 59.49, 57.83, 56.46, 55.43, 53.88, 52.01]
2026-06-24 16:51:43,075 [trainer.py] => CNN top5 curve: [97.33, 96.52, 94.55, 93.1, 92.67, 91.51, 90.17, 88.37, 86.73, 86.03, 84.89, 83.5, 83.07, 81.97, 80.67]
2026-06-24 16:51:43,075 [trainer.py] => Average Accuracy (CNN): 66.47
2026-06-24 16:51:43,076 [trainer.py] => All params: 86328886
2026-06-24 16:51:43,076 [trainer.py] => Trainable params: 376620
2026-06-24 16:51:43,080 [lae.py] => Learning on 290-300
2026-06-24 17:38:00,154 [lae.py] => Task 15, Epoch 50/50 => Loss 0.056, Train_accy 98.06, Test_accy 50.36
2026-06-24 17:39:34,893 [trainer.py] => No NME accuracy.
2026-06-24 17:39:34,926 [trainer.py] => CNN: {'total': 50.36, '00-149': 84.22, '150-159': 29.0, '160-169': 8.0, '170-179': 22.5, '180-189': 22.0, '190-199': 16.0, '200-209': 8.5, '210-219': 14.5, '220-229': 11.56, '230-239': 7.07, '240-249': 24.5, '250-259': 21.61, '260-269': 23.62, '270-279': 18.18, '280-289': 9.0, '290-299': 11.5, 'old': 51.7, 'new': 11.5}
2026-06-24 17:39:34,926 [trainer.py] => CNN top1 curve: [87.43, 83.58, 78.66, 75.58, 72.63, 70.14, 67.29, 64.62, 62.06, 59.49, 57.83, 56.46, 55.43, 53.88, 52.01, 50.36]
2026-06-24 17:39:34,926 [trainer.py] => CNN top5 curve: [97.33, 96.52, 94.55, 93.1, 92.67, 91.51, 90.17, 88.37, 86.73, 86.03, 84.89, 83.5, 83.07, 81.97, 80.67, 79.63]
2026-06-24 17:39:34,926 [trainer.py] => Average Accuracy (CNN): 65.47
