2026-05-21 21:58:47,725 [trainer.py] => config: ./configs/ease/ease_inr_B0_Inc10.json
2026-05-21 21:58:47,725 [trainer.py] => prefix:  
2026-05-21 21:58:47,725 [trainer.py] => dataset: imagenetr
2026-05-21 21:58:47,725 [trainer.py] => memory_size: 0
2026-05-21 21:58:47,725 [trainer.py] => memory_per_class: 0
2026-05-21 21:58:47,726 [trainer.py] => fixed_memory: False
2026-05-21 21:58:47,726 [trainer.py] => shuffle: True
2026-05-21 21:58:47,726 [trainer.py] => init_cls: 10
2026-05-21 21:58:47,726 [trainer.py] => increment: 10
2026-05-21 21:58:47,726 [trainer.py] => model_name: ease
2026-05-21 21:58:47,726 [trainer.py] => backbone_type: vit_base_patch16_224_in21k_ease
2026-05-21 21:58:47,726 [trainer.py] => device: [device(type='cuda', index=2)]
2026-05-21 21:58:47,726 [trainer.py] => seed: 1993
2026-05-21 21:58:47,727 [trainer.py] => init_epochs: 20
2026-05-21 21:58:47,727 [trainer.py] => init_lr: 0.05
2026-05-21 21:58:47,727 [trainer.py] => later_epochs: 20
2026-05-21 21:58:47,727 [trainer.py] => later_lr: 0.05
2026-05-21 21:58:47,727 [trainer.py] => batch_size: 16
2026-05-21 21:58:47,727 [trainer.py] => weight_decay: 0.005
2026-05-21 21:58:47,727 [trainer.py] => min_lr: 0
2026-05-21 21:58:47,727 [trainer.py] => optimizer: sgd
2026-05-21 21:58:47,727 [trainer.py] => scheduler: cosine
2026-05-21 21:58:47,728 [trainer.py] => pretrained: True
2026-05-21 21:58:47,728 [trainer.py] => vpt_type: Deep
2026-05-21 21:58:47,728 [trainer.py] => prompt_token_num: 5
2026-05-21 21:58:47,728 [trainer.py] => ffn_num: 16
2026-05-21 21:58:47,728 [trainer.py] => use_diagonal: False
2026-05-21 21:58:47,728 [trainer.py] => recalc_sim: True
2026-05-21 21:58:47,728 [trainer.py] => alpha: 0.1
2026-05-21 21:58:47,728 [trainer.py] => use_init_ptm: False
2026-05-21 21:58:47,728 [trainer.py] => beta: 0
2026-05-21 21:58:47,728 [trainer.py] => use_old_data: False
2026-05-21 21:58:47,729 [trainer.py] => use_reweight: True
2026-05-21 21:58:47,729 [trainer.py] => moni_adam: False
2026-05-21 21:58:47,729 [trainer.py] => adapter_num: -1
2026-05-21 21:58:47,729 [trainer.py] => nb_classes: 200
2026-05-21 21:58:47,729 [trainer.py] => nb_tasks: 20
2026-05-21 21:58:48,688 [data_manager.py] => [168, 136, 51, 9, 183, 101, 171, 99, 42, 159, 191, 70, 16, 188, 27, 10, 175, 26, 68, 187, 98, 6, 85, 35, 112, 43, 100, 0, 103, 181, 88, 59, 4, 2, 116, 174, 94, 80, 106, 1, 147, 17, 141, 131, 72, 23, 173, 54, 197, 118, 87, 32, 79, 104, 91, 19, 135, 107, 178, 36, 11, 199, 142, 8, 122, 3, 28, 57, 153, 172, 190, 56, 49, 44, 97, 62, 151, 169, 194, 55, 192, 12, 189, 78, 66, 180, 15, 137, 109, 134, 92, 119, 126, 52, 170, 40, 148, 65, 144, 64, 138, 45, 77, 89, 154, 90, 71, 193, 74, 30, 113, 143, 96, 84, 67, 50, 186, 156, 69, 21, 18, 111, 108, 58, 125, 157, 150, 110, 182, 129, 166, 83, 81, 60, 13, 165, 14, 176, 63, 117, 5, 22, 145, 121, 38, 41, 82, 127, 114, 20, 31, 53, 37, 163, 196, 130, 152, 162, 86, 76, 24, 34, 184, 149, 33, 128, 198, 155, 146, 167, 139, 120, 140, 102, 47, 25, 158, 123, 46, 164, 61, 7, 115, 75, 133, 160, 105, 132, 179, 124, 48, 73, 93, 39, 95, 195, 29, 177, 185, 161]
2026-05-21 21:58:56,907 [trainer.py] => All params: 86102976
2026-05-21 21:58:56,908 [trainer.py] => Trainable params: 304320
2026-05-21 21:58:56,926 [ease.py] => Learning on 0-10
2026-05-21 22:07:31,806 [ease.py] => Task 0, Epoch 20/20 => Loss 0.282, Train_accy 92.86
2026-05-21 22:07:52,106 [ease.py] => Task correct: 100.0
2026-05-21 22:07:52,144 [ease.py] => Task acc: 94.6372239747634
2026-05-21 22:07:52,378 [trainer.py] => No NME accuracy.
2026-05-21 22:07:52,379 [trainer.py] => CNN: {'total': 94.64, '00-09': 94.64, 'old': 0, 'new': 94.64}
2026-05-21 22:07:52,379 [trainer.py] => CNN top1 curve: [94.64]
2026-05-21 22:07:52,379 [trainer.py] => CNN top5 curve: [99.68]
2026-05-21 22:07:52,380 [trainer.py] => Average Accuracy (CNN): 94.64
2026-05-21 22:07:52,382 [trainer.py] => All params: 86118338
2026-05-21 22:07:52,384 [trainer.py] => Trainable params: 304320
2026-05-21 22:07:52,399 [ease.py] => Learning on 10-20
2026-05-21 22:17:38,912 [ease.py] => Task 1, Epoch 20/20 => Loss 0.288, Train_accy 91.62
2026-05-21 22:18:31,220 [ease.py] => Task correct: 95.355587808418
2026-05-21 22:18:31,297 [ease.py] => Task acc: 94.62989840348331
2026-05-21 22:18:31,548 [trainer.py] => No NME accuracy.
2026-05-21 22:18:31,550 [trainer.py] => CNN: {'total': 91.29, '00-09': 88.01, '10-19': 94.09, 'old': 88.01, 'new': 94.09}
2026-05-21 22:18:31,550 [trainer.py] => CNN top1 curve: [94.64, 91.29]
2026-05-21 22:18:31,550 [trainer.py] => CNN top5 curve: [99.68, 98.84]
2026-05-21 22:18:31,551 [trainer.py] => Average Accuracy (CNN): 92.96
2026-05-21 22:18:31,554 [trainer.py] => All params: 86141378
2026-05-21 22:18:31,556 [trainer.py] => Trainable params: 304320
2026-05-21 22:18:31,575 [ease.py] => Learning on 20-30
2026-05-21 22:25:47,355 [ease.py] => Task 2, Epoch 20/20 => Loss 0.315, Train_accy 91.00
2026-05-21 22:26:47,028 [ease.py] => Task correct: 90.79878665318503
2026-05-21 22:26:47,036 [ease.py] => Task acc: 95.14661274014156
2026-05-21 22:26:47,213 [trainer.py] => No NME accuracy.
2026-05-21 22:26:47,213 [trainer.py] => CNN: {'total': 87.97, '00-09': 82.65, '10-19': 91.67, '20-29': 89.0, 'old': 87.52, 'new': 89.0}
2026-05-21 22:26:47,213 [trainer.py] => CNN top1 curve: [94.64, 91.29, 87.97]
2026-05-21 22:26:47,213 [trainer.py] => CNN top5 curve: [99.68, 98.84, 97.88]
2026-05-21 22:26:47,214 [trainer.py] => Average Accuracy (CNN): 91.3
2026-05-21 22:26:47,214 [trainer.py] => All params: 86179778
2026-05-21 22:26:47,215 [trainer.py] => Trainable params: 304320
2026-05-21 22:26:47,226 [ease.py] => Learning on 30-40
2026-05-21 22:34:59,680 [ease.py] => Task 3, Epoch 20/20 => Loss 0.290, Train_accy 92.09
2026-05-21 22:36:48,025 [ease.py] => Task correct: 89.17486752460258
2026-05-21 22:36:48,074 [ease.py] => Task acc: 95.30658591975777
2026-05-21 22:36:48,278 [trainer.py] => No NME accuracy.
2026-05-21 22:36:48,279 [trainer.py] => CNN: {'total': 86.83, '00-09': 82.33, '10-19': 91.4, '20-29': 86.0, '30-39': 86.75, 'old': 86.86, 'new': 86.75}
2026-05-21 22:36:48,279 [trainer.py] => CNN top1 curve: [94.64, 91.29, 87.97, 86.83]
2026-05-21 22:36:48,279 [trainer.py] => CNN top5 curve: [99.68, 98.84, 97.88, 97.58]
2026-05-21 22:36:48,280 [trainer.py] => Average Accuracy (CNN): 90.18
2026-05-21 22:36:48,281 [trainer.py] => All params: 86233538
2026-05-21 22:36:48,282 [trainer.py] => Trainable params: 304320
2026-05-21 22:36:48,293 [ease.py] => Learning on 40-50
2026-05-21 22:44:07,180 [ease.py] => Task 4, Epoch 20/20 => Loss 0.381, Train_accy 89.37
2026-05-21 22:46:21,038 [ease.py] => Task correct: 87.92359827479976
2026-05-21 22:46:21,059 [ease.py] => Task acc: 94.76278496611214
2026-05-21 22:46:21,312 [trainer.py] => No NME accuracy.
2026-05-21 22:46:21,313 [trainer.py] => CNN: {'total': 85.4, '00-09': 81.39, '10-19': 90.32, '20-29': 85.33, '30-39': 85.84, '40-49': 83.11, 'old': 85.92, 'new': 83.11}
2026-05-21 22:46:21,313 [trainer.py] => CNN top1 curve: [94.64, 91.29, 87.97, 86.83, 85.4]
2026-05-21 22:46:21,313 [trainer.py] => CNN top5 curve: [99.68, 98.84, 97.88, 97.58, 96.86]
2026-05-21 22:46:21,314 [trainer.py] => Average Accuracy (CNN): 89.23
2026-05-21 22:46:21,317 [trainer.py] => All params: 86302658
2026-05-21 22:46:21,319 [trainer.py] => Trainable params: 304320
2026-05-21 22:46:21,342 [ease.py] => Learning on 50-60
2026-05-21 22:53:46,618 [ease.py] => Task 5, Epoch 20/20 => Loss 0.333, Train_accy 91.14
2026-05-21 22:56:16,137 [ease.py] => Task correct: 85.98858329008821
2026-05-21 22:56:16,182 [ease.py] => Task acc: 94.65490399584847
2026-05-21 22:56:16,198 [trainer.py] => No NME accuracy.
2026-05-21 22:56:16,198 [trainer.py] => CNN: {'total': 83.86, '00-09': 80.44, '10-19': 88.98, '20-29': 85.0, '30-39': 84.64, '40-49': 81.13, '50-59': 81.91, 'old': 84.23, 'new': 81.91}
2026-05-21 22:56:16,198 [trainer.py] => CNN top1 curve: [94.64, 91.29, 87.97, 86.83, 85.4, 83.86]
2026-05-21 22:56:16,198 [trainer.py] => CNN top5 curve: [99.68, 98.84, 97.88, 97.58, 96.86, 96.42]
2026-05-21 22:56:16,198 [trainer.py] => Average Accuracy (CNN): 88.33
2026-05-21 22:56:16,199 [trainer.py] => All params: 86387138
2026-05-21 22:56:16,200 [trainer.py] => Trainable params: 304320
2026-05-21 22:56:16,204 [ease.py] => Learning on 60-70
2026-05-21 23:03:47,875 [ease.py] => Task 6, Epoch 20/20 => Loss 0.378, Train_accy 89.65
2026-05-21 23:07:36,454 [ease.py] => Task correct: 84.58426966292134
2026-05-21 23:07:36,488 [ease.py] => Task acc: 94.24719101123596
2026-05-21 23:07:36,731 [trainer.py] => No NME accuracy.
2026-05-21 23:07:36,731 [trainer.py] => CNN: {'total': 82.65, '00-09': 79.5, '10-19': 88.98, '20-29': 84.0, '30-39': 84.04, '40-49': 80.79, '50-59': 81.25, '60-69': 78.52, 'old': 83.29, 'new': 78.52}
2026-05-21 23:07:36,731 [trainer.py] => CNN top1 curve: [94.64, 91.29, 87.97, 86.83, 85.4, 83.86, 82.65]
2026-05-21 23:07:36,731 [trainer.py] => CNN top5 curve: [99.68, 98.84, 97.88, 97.58, 96.86, 96.42, 95.51]
2026-05-21 23:07:36,732 [trainer.py] => Average Accuracy (CNN): 87.52
2026-05-21 23:07:36,733 [trainer.py] => All params: 86486978
2026-05-21 23:07:36,733 [trainer.py] => Trainable params: 304320
2026-05-21 23:07:36,746 [ease.py] => Learning on 70-80
2026-05-21 23:14:54,094 [ease.py] => Task 7, Epoch 20/20 => Loss 0.278, Train_accy 93.36
2026-05-21 23:19:19,845 [ease.py] => Task correct: 83.98718975180144
2026-05-21 23:19:19,860 [ease.py] => Task acc: 94.23538831064852
2026-05-21 23:19:20,115 [trainer.py] => No NME accuracy.
2026-05-21 23:19:20,116 [trainer.py] => CNN: {'total': 82.19, '00-09': 76.97, '10-19': 88.44, '20-29': 84.0, '30-39': 83.43, '40-49': 79.47, '50-59': 80.92, '60-69': 77.52, '70-79': 85.71, 'old': 81.75, 'new': 85.71}
2026-05-21 23:19:20,116 [trainer.py] => CNN top1 curve: [94.64, 91.29, 87.97, 86.83, 85.4, 83.86, 82.65, 82.19]
2026-05-21 23:19:20,116 [trainer.py] => CNN top5 curve: [99.68, 98.84, 97.88, 97.58, 96.86, 96.42, 95.51, 95.04]
2026-05-21 23:19:20,116 [trainer.py] => Average Accuracy (CNN): 86.85
2026-05-21 23:19:20,118 [trainer.py] => All params: 86602178
2026-05-21 23:19:20,119 [trainer.py] => Trainable params: 304320
2026-05-21 23:19:20,149 [ease.py] => Learning on 80-90
2026-05-21 23:27:42,108 [ease.py] => Task 8, Epoch 20/20 => Loss 0.321, Train_accy 91.03
2026-05-21 23:33:27,267 [ease.py] => Task correct: 82.08689458689459
2026-05-21 23:33:27,291 [ease.py] => Task acc: 93.94586894586895
2026-05-21 23:33:27,537 [trainer.py] => No NME accuracy.
2026-05-21 23:33:27,537 [trainer.py] => CNN: {'total': 80.52, '00-09': 76.34, '10-19': 86.29, '20-29': 82.33, '30-39': 81.63, '40-49': 77.48, '50-59': 79.93, '60-69': 75.5, '70-79': 83.88, '80-89': 80.32, 'old': 80.54, 'new': 80.32}
2026-05-21 23:33:27,538 [trainer.py] => CNN top1 curve: [94.64, 91.29, 87.97, 86.83, 85.4, 83.86, 82.65, 82.19, 80.52]
2026-05-21 23:33:27,538 [trainer.py] => CNN top5 curve: [99.68, 98.84, 97.88, 97.58, 96.86, 96.42, 95.51, 95.04, 94.05]
2026-05-21 23:33:27,538 [trainer.py] => Average Accuracy (CNN): 86.15
2026-05-21 23:33:27,540 [trainer.py] => All params: 86732738
2026-05-21 23:33:27,542 [trainer.py] => Trainable params: 304320
2026-05-21 23:33:27,567 [ease.py] => Learning on 90-100
2026-05-21 23:38:43,344 [ease.py] => Task 9, Epoch 20/20 => Loss 0.327, Train_accy 91.17
2026-05-21 23:44:27,783 [ease.py] => Task correct: 80.93802345058627
2026-05-21 23:44:27,832 [ease.py] => Task acc: 93.96984924623115
2026-05-21 23:44:27,960 [trainer.py] => No NME accuracy.
2026-05-21 23:44:27,961 [trainer.py] => CNN: {'total': 79.43, '00-09': 76.34, '10-19': 85.75, '20-29': 82.33, '30-39': 81.02, '40-49': 75.83, '50-59': 79.61, '60-69': 74.83, '70-79': 82.05, '80-89': 80.0, '90-99': 72.32, 'old': 79.88, 'new': 72.32}
2026-05-21 23:44:27,961 [trainer.py] => CNN top1 curve: [94.64, 91.29, 87.97, 86.83, 85.4, 83.86, 82.65, 82.19, 80.52, 79.43]
2026-05-21 23:44:27,961 [trainer.py] => CNN top5 curve: [99.68, 98.84, 97.88, 97.58, 96.86, 96.42, 95.51, 95.04, 94.05, 93.84]
2026-05-21 23:44:27,961 [trainer.py] => Average Accuracy (CNN): 85.48
2026-05-21 23:44:27,962 [trainer.py] => All params: 86878658
2026-05-21 23:44:27,964 [trainer.py] => Trainable params: 304320
2026-05-21 23:44:27,988 [ease.py] => Learning on 100-110
2026-05-21 23:52:06,874 [ease.py] => Task 10, Epoch 20/20 => Loss 0.302, Train_accy 91.11
2026-05-21 23:58:49,081 [ease.py] => Task correct: 80.26919547262159
2026-05-21 23:58:49,112 [ease.py] => Task acc: 93.8819210767819
2026-05-21 23:58:49,266 [trainer.py] => No NME accuracy.
2026-05-21 23:58:49,267 [trainer.py] => CNN: {'total': 78.62, '00-09': 75.39, '10-19': 85.22, '20-29': 82.33, '30-39': 80.42, '40-49': 74.83, '50-59': 78.29, '60-69': 73.49, '70-79': 79.85, '80-89': 79.68, '90-99': 72.32, '100-109': 78.87, 'old': 78.59, 'new': 78.87}
2026-05-21 23:58:49,267 [trainer.py] => CNN top1 curve: [94.64, 91.29, 87.97, 86.83, 85.4, 83.86, 82.65, 82.19, 80.52, 79.43, 78.62]
2026-05-21 23:58:49,267 [trainer.py] => CNN top5 curve: [99.68, 98.84, 97.88, 97.58, 96.86, 96.42, 95.51, 95.04, 94.05, 93.84, 93.51]
2026-05-21 23:58:49,267 [trainer.py] => Average Accuracy (CNN): 84.85
2026-05-21 23:58:49,268 [trainer.py] => All params: 87039938
2026-05-21 23:58:49,269 [trainer.py] => Trainable params: 304320
2026-05-21 23:58:49,285 [ease.py] => Learning on 110-120
2026-05-22 00:05:22,167 [ease.py] => Task 11, Epoch 20/20 => Loss 0.304, Train_accy 91.57
2026-05-22 00:13:18,797 [ease.py] => Task correct: 79.2318244170096
2026-05-22 00:13:18,843 [ease.py] => Task acc: 94.15637860082305
2026-05-22 00:13:19,073 [trainer.py] => No NME accuracy.
2026-05-22 00:13:19,075 [trainer.py] => CNN: {'total': 77.94, '00-09': 74.76, '10-19': 81.99, '20-29': 80.0, '30-39': 79.52, '40-49': 74.17, '50-59': 77.96, '60-69': 72.15, '70-79': 78.39, '80-89': 78.71, '90-99': 70.06, '100-109': 76.76, '110-119': 84.84, 'old': 77.15, 'new': 84.84}
2026-05-22 00:13:19,075 [trainer.py] => CNN top1 curve: [94.64, 91.29, 87.97, 86.83, 85.4, 83.86, 82.65, 82.19, 80.52, 79.43, 78.62, 77.94]
2026-05-22 00:13:19,075 [trainer.py] => CNN top5 curve: [99.68, 98.84, 97.88, 97.58, 96.86, 96.42, 95.51, 95.04, 94.05, 93.84, 93.51, 92.92]
2026-05-22 00:13:19,076 [trainer.py] => Average Accuracy (CNN): 84.28
2026-05-22 00:13:19,078 [trainer.py] => All params: 87216578
2026-05-22 00:13:19,080 [trainer.py] => Trainable params: 304320
2026-05-22 00:13:19,117 [ease.py] => Learning on 120-130
2026-05-22 00:20:00,780 [ease.py] => Task 12, Epoch 20/20 => Loss 0.288, Train_accy 93.08
2026-05-22 00:29:54,140 [ease.py] => Task correct: 78.39632277834525
2026-05-22 00:29:54,167 [ease.py] => Task acc: 94.0755873340143
2026-05-22 00:29:54,299 [trainer.py] => No NME accuracy.
2026-05-22 00:29:54,300 [trainer.py] => CNN: {'total': 77.09, '00-09': 74.13, '10-19': 81.18, '20-29': 78.67, '30-39': 79.22, '40-49': 73.51, '50-59': 77.63, '60-69': 72.15, '70-79': 78.02, '80-89': 78.71, '90-99': 68.93, '100-109': 76.76, '110-119': 84.84, '120-129': 71.59, 'old': 77.5, 'new': 71.59}
2026-05-22 00:29:54,300 [trainer.py] => CNN top1 curve: [94.64, 91.29, 87.97, 86.83, 85.4, 83.86, 82.65, 82.19, 80.52, 79.43, 78.62, 77.94, 77.09]
2026-05-22 00:29:54,300 [trainer.py] => CNN top5 curve: [99.68, 98.84, 97.88, 97.58, 96.86, 96.42, 95.51, 95.04, 94.05, 93.84, 93.51, 92.92, 92.44]
2026-05-22 00:29:54,300 [trainer.py] => Average Accuracy (CNN): 83.73
2026-05-22 00:29:54,301 [trainer.py] => All params: 87408578
2026-05-22 00:29:54,302 [trainer.py] => Trainable params: 304320
2026-05-22 00:29:54,328 [ease.py] => Learning on 130-140
2026-05-22 00:36:20,822 [ease.py] => Task 13, Epoch 20/20 => Loss 0.298, Train_accy 90.92
2026-05-22 00:47:49,210 [ease.py] => Task correct: 78.14428096820123
2026-05-22 00:47:49,260 [ease.py] => Task acc: 94.06739439962031
2026-05-22 00:47:49,387 [trainer.py] => No NME accuracy.
2026-05-22 00:47:49,387 [trainer.py] => CNN: {'total': 76.96, '00-09': 73.82, '10-19': 81.18, '20-29': 78.33, '30-39': 78.92, '40-49': 73.18, '50-59': 77.3, '60-69': 71.81, '70-79': 76.92, '80-89': 77.74, '90-99': 68.36, '100-109': 76.41, '110-119': 84.84, '120-129': 69.74, '130-139': 81.54, 'old': 76.61, 'new': 81.54}
2026-05-22 00:47:49,387 [trainer.py] => CNN top1 curve: [94.64, 91.29, 87.97, 86.83, 85.4, 83.86, 82.65, 82.19, 80.52, 79.43, 78.62, 77.94, 77.09, 76.96]
2026-05-22 00:47:49,388 [trainer.py] => CNN top5 curve: [99.68, 98.84, 97.88, 97.58, 96.86, 96.42, 95.51, 95.04, 94.05, 93.84, 93.51, 92.92, 92.44, 92.17]
2026-05-22 00:47:49,388 [trainer.py] => Average Accuracy (CNN): 83.24
2026-05-22 00:47:49,390 [trainer.py] => All params: 87615938
2026-05-22 00:47:49,391 [trainer.py] => Trainable params: 304320
2026-05-22 00:47:49,418 [ease.py] => Learning on 140-150
2026-05-22 00:57:14,368 [ease.py] => Task 14, Epoch 20/20 => Loss 0.264, Train_accy 93.43
2026-05-22 01:08:39,759 [ease.py] => Task correct: 77.34119187950229
2026-05-22 01:08:39,806 [ease.py] => Task acc: 94.34621261733245
2026-05-22 01:08:39,997 [trainer.py] => No NME accuracy.
2026-05-22 01:08:39,998 [trainer.py] => CNN: {'total': 76.29, '00-09': 70.98, '10-19': 80.91, '20-29': 78.0, '30-39': 78.61, '40-49': 72.85, '50-59': 76.32, '60-69': 70.47, '70-79': 76.56, '80-89': 77.1, '90-99': 66.67, '100-109': 73.94, '110-119': 84.04, '120-129': 69.0, '130-139': 81.21, '140-149': 79.29, 'old': 76.03, 'new': 79.29}
2026-05-22 01:08:39,998 [trainer.py] => CNN top1 curve: [94.64, 91.29, 87.97, 86.83, 85.4, 83.86, 82.65, 82.19, 80.52, 79.43, 78.62, 77.94, 77.09, 76.96, 76.29]
2026-05-22 01:08:39,998 [trainer.py] => CNN top5 curve: [99.68, 98.84, 97.88, 97.58, 96.86, 96.42, 95.51, 95.04, 94.05, 93.84, 93.51, 92.92, 92.44, 92.17, 92.12]
2026-05-22 01:08:39,999 [trainer.py] => Average Accuracy (CNN): 82.78
2026-05-22 01:08:40,001 [trainer.py] => All params: 87838658
2026-05-22 01:08:40,003 [trainer.py] => Trainable params: 304320
2026-05-22 01:08:40,050 [ease.py] => Learning on 150-160
2026-05-22 01:17:46,679 [ease.py] => Task 15, Epoch 20/20 => Loss 0.323, Train_accy 91.29
2026-05-22 01:33:07,640 [ease.py] => Task correct: 76.7550070807202
2026-05-22 01:33:07,678 [ease.py] => Task acc: 94.25450131499089
2026-05-22 01:33:07,925 [trainer.py] => No NME accuracy.
2026-05-22 01:33:07,925 [trainer.py] => CNN: {'total': 75.86, '00-09': 70.35, '10-19': 79.84, '20-29': 78.0, '30-39': 78.61, '40-49': 72.85, '50-59': 75.99, '60-69': 70.13, '70-79': 76.19, '80-89': 77.1, '90-99': 66.1, '100-109': 73.94, '110-119': 83.78, '120-129': 68.63, '130-139': 80.87, '140-149': 78.47, '150-159': 74.86, 'old': 75.94, 'new': 74.86}
2026-05-22 01:33:07,925 [trainer.py] => CNN top1 curve: [94.64, 91.29, 87.97, 86.83, 85.4, 83.86, 82.65, 82.19, 80.52, 79.43, 78.62, 77.94, 77.09, 76.96, 76.29, 75.86]
2026-05-22 01:33:07,925 [trainer.py] => CNN top5 curve: [99.68, 98.84, 97.88, 97.58, 96.86, 96.42, 95.51, 95.04, 94.05, 93.84, 93.51, 92.92, 92.44, 92.17, 92.12, 91.62]
2026-05-22 01:33:07,926 [trainer.py] => Average Accuracy (CNN): 82.35
2026-05-22 01:33:07,927 [trainer.py] => All params: 88076738
2026-05-22 01:33:07,928 [trainer.py] => Trainable params: 304320
2026-05-22 01:33:07,984 [ease.py] => Learning on 160-170
2026-05-22 01:39:06,310 [ease.py] => Task 16, Epoch 20/20 => Loss 0.459, Train_accy 87.12
2026-05-22 01:54:03,796 [ease.py] => Task correct: 75.70075391455634
2026-05-22 01:54:03,816 [ease.py] => Task acc: 93.96868354919776
2026-05-22 01:54:04,055 [trainer.py] => No NME accuracy.
2026-05-22 01:54:04,056 [trainer.py] => CNN: {'total': 74.85, '00-09': 70.66, '10-19': 79.3, '20-29': 77.67, '30-39': 78.61, '40-49': 70.86, '50-59': 75.66, '60-69': 69.8, '70-79': 75.46, '80-89': 75.48, '90-99': 64.97, '100-109': 73.94, '110-119': 83.78, '120-129': 68.63, '130-139': 80.87, '140-149': 77.93, '150-159': 74.31, '160-169': 63.04, 'old': 75.4, 'new': 63.04}
2026-05-22 01:54:04,056 [trainer.py] => CNN top1 curve: [94.64, 91.29, 87.97, 86.83, 85.4, 83.86, 82.65, 82.19, 80.52, 79.43, 78.62, 77.94, 77.09, 76.96, 76.29, 75.86, 74.85]
2026-05-22 01:54:04,056 [trainer.py] => CNN top5 curve: [99.68, 98.84, 97.88, 97.58, 96.86, 96.42, 95.51, 95.04, 94.05, 93.84, 93.51, 92.92, 92.44, 92.17, 92.12, 91.62, 90.95]
2026-05-22 01:54:04,057 [trainer.py] => Average Accuracy (CNN): 81.91
2026-05-22 01:54:04,059 [trainer.py] => All params: 88330178
2026-05-22 01:54:04,061 [trainer.py] => Trainable params: 304320
2026-05-22 01:54:04,116 [ease.py] => Learning on 170-180
2026-05-22 02:00:33,861 [ease.py] => Task 17, Epoch 20/20 => Loss 0.277, Train_accy 92.35
2026-05-22 02:16:00,115 [ease.py] => Task correct: 75.70558937465412
2026-05-22 02:16:00,140 [ease.py] => Task acc: 93.96790260099613
2026-05-22 02:16:00,400 [trainer.py] => No NME accuracy.
2026-05-22 02:16:00,400 [trainer.py] => CNN: {'total': 74.91, '00-09': 70.98, '10-19': 79.3, '20-29': 77.67, '30-39': 78.61, '40-49': 70.86, '50-59': 75.66, '60-69': 69.8, '70-79': 75.09, '80-89': 75.48, '90-99': 62.71, '100-109': 73.59, '110-119': 83.78, '120-129': 68.27, '130-139': 80.87, '140-149': 77.66, '150-159': 73.76, '160-169': 63.04, '170-179': 79.84, 'old': 74.68, 'new': 79.84}
2026-05-22 02:16:00,401 [trainer.py] => CNN top1 curve: [94.64, 91.29, 87.97, 86.83, 85.4, 83.86, 82.65, 82.19, 80.52, 79.43, 78.62, 77.94, 77.09, 76.96, 76.29, 75.86, 74.85, 74.91]
2026-05-22 02:16:00,401 [trainer.py] => CNN top5 curve: [99.68, 98.84, 97.88, 97.58, 96.86, 96.42, 95.51, 95.04, 94.05, 93.84, 93.51, 92.92, 92.44, 92.17, 92.12, 91.62, 90.95, 90.74]
2026-05-22 02:16:00,401 [trainer.py] => Average Accuracy (CNN): 81.52
2026-05-22 02:16:00,403 [trainer.py] => All params: 88598978
2026-05-22 02:16:00,404 [trainer.py] => Trainable params: 304320
2026-05-22 02:16:00,451 [ease.py] => Learning on 180-190
2026-05-22 02:23:37,412 [ease.py] => Task 18, Epoch 20/20 => Loss 0.333, Train_accy 90.89
2026-05-22 02:42:07,722 [ease.py] => Task correct: 75.10909408273696
2026-05-22 02:42:07,746 [ease.py] => Task acc: 94.01291673939606
2026-05-22 02:42:07,897 [trainer.py] => No NME accuracy.
2026-05-22 02:42:07,897 [trainer.py] => CNN: {'total': 74.41, '00-09': 70.66, '10-19': 79.3, '20-29': 75.67, '30-39': 77.71, '40-49': 70.53, '50-59': 73.36, '60-69': 69.13, '70-79': 73.99, '80-89': 74.19, '90-99': 62.15, '100-109': 72.89, '110-119': 83.24, '120-129': 66.79, '130-139': 80.87, '140-149': 77.38, '150-159': 73.76, '160-169': 62.61, '170-179': 78.63, '180-189': 78.9, 'old': 74.16, 'new': 78.9}
2026-05-22 02:42:07,897 [trainer.py] => CNN top1 curve: [94.64, 91.29, 87.97, 86.83, 85.4, 83.86, 82.65, 82.19, 80.52, 79.43, 78.62, 77.94, 77.09, 76.96, 76.29, 75.86, 74.85, 74.91, 74.41]
2026-05-22 02:42:07,897 [trainer.py] => CNN top5 curve: [99.68, 98.84, 97.88, 97.58, 96.86, 96.42, 95.51, 95.04, 94.05, 93.84, 93.51, 92.92, 92.44, 92.17, 92.12, 91.62, 90.95, 90.74, 90.43]
2026-05-22 02:42:07,898 [trainer.py] => Average Accuracy (CNN): 81.14
2026-05-22 02:42:07,899 [trainer.py] => All params: 88883138
2026-05-22 02:42:07,899 [trainer.py] => Trainable params: 304320
2026-05-22 02:42:07,925 [ease.py] => Learning on 190-200
2026-05-22 02:48:26,311 [ease.py] => Task 19, Epoch 20/20 => Loss 0.261, Train_accy 93.17
2026-05-22 03:09:28,805 [ease.py] => Task correct: 74.68333333333334
2026-05-22 03:09:28,850 [ease.py] => Task acc: 94.13333333333334
2026-05-22 03:09:28,893 [trainer.py] => No NME accuracy.
2026-05-22 03:09:28,894 [trainer.py] => CNN: {'total': 74.08, '00-09': 70.66, '10-19': 79.03, '20-29': 76.0, '30-39': 77.11, '40-49': 69.87, '50-59': 73.03, '60-69': 69.13, '70-79': 73.99, '80-89': 73.55, '90-99': 61.02, '100-109': 70.77, '110-119': 82.18, '120-129': 66.05, '130-139': 80.2, '140-149': 76.84, '150-159': 73.48, '160-169': 62.61, '170-179': 78.23, '180-189': 78.57, '190-199': 77.49, 'old': 73.92, 'new': 77.49}
2026-05-22 03:09:28,894 [trainer.py] => CNN top1 curve: [94.64, 91.29, 87.97, 86.83, 85.4, 83.86, 82.65, 82.19, 80.52, 79.43, 78.62, 77.94, 77.09, 76.96, 76.29, 75.86, 74.85, 74.91, 74.41, 74.08]
2026-05-22 03:09:28,894 [trainer.py] => CNN top5 curve: [99.68, 98.84, 97.88, 97.58, 96.86, 96.42, 95.51, 95.04, 94.05, 93.84, 93.51, 92.92, 92.44, 92.17, 92.12, 91.62, 90.95, 90.74, 90.43, 90.27]
2026-05-22 03:09:28,895 [trainer.py] => Average Accuracy (CNN): 80.79
