2026-05-23 11:39:57,466 [trainer.py] => config: configs/inflora/inflora_cifar_B0_Inc5.json
2026-05-23 11:39:57,467 [trainer.py] => prefix: reproduce
2026-05-23 11:39:57,467 [trainer.py] => dataset: cifar224
2026-05-23 11:39:57,467 [trainer.py] => data_path: /public/home/hanlida/Dr.1/Dataset
2026-05-23 11:39:57,467 [trainer.py] => memory_size: 0
2026-05-23 11:39:57,467 [trainer.py] => memory_per_class: 0
2026-05-23 11:39:57,468 [trainer.py] => fixed_memory: True
2026-05-23 11:39:57,468 [trainer.py] => shuffle: True
2026-05-23 11:39:57,468 [trainer.py] => init_cls: 5
2026-05-23 11:39:57,468 [trainer.py] => increment: 5
2026-05-23 11:39:57,468 [trainer.py] => model_name: inflora
2026-05-23 11:39:57,468 [trainer.py] => net_type: sip
2026-05-23 11:39:57,468 [trainer.py] => embd_dim: 768
2026-05-23 11:39:57,468 [trainer.py] => num_heads: 12
2026-05-23 11:39:57,468 [trainer.py] => total_sessions: 20
2026-05-23 11:39:57,468 [trainer.py] => seed: 1993
2026-05-23 11:39:57,468 [trainer.py] => device: [device(type='cuda', index=2)]
2026-05-23 11:39:57,468 [trainer.py] => EPSILON: 1e-08
2026-05-23 11:39:57,468 [trainer.py] => init_epoch: 20
2026-05-23 11:39:57,468 [trainer.py] => optim: adam
2026-05-23 11:39:57,468 [trainer.py] => init_lr: 0.0005
2026-05-23 11:39:57,469 [trainer.py] => init_lr_decay: 0.1
2026-05-23 11:39:57,469 [trainer.py] => init_weight_decay: 0.0
2026-05-23 11:39:57,469 [trainer.py] => epochs: 20
2026-05-23 11:39:57,469 [trainer.py] => lrate: 0.0005
2026-05-23 11:39:57,469 [trainer.py] => lrate_decay: 0.1
2026-05-23 11:39:57,469 [trainer.py] => batch_size: 128
2026-05-23 11:39:57,469 [trainer.py] => weight_decay: 0.0
2026-05-23 11:39:57,469 [trainer.py] => rank: 10
2026-05-23 11:39:57,469 [trainer.py] => lamb: 0.95
2026-05-23 11:39:57,469 [trainer.py] => lame: 1.0
2026-05-23 11:39:57,469 [trainer.py] => num_workers: 16
2026-05-23 11:39:57,469 [trainer.py] => backbone_type: vit_base_patch16_224_in21k_inflora
2026-05-23 11:39:57,469 [trainer.py] => pretrained: True
2026-05-23 11:39:57,469 [trainer.py] => nb_classes: 100
2026-05-23 11:39:57,469 [trainer.py] => nb_tasks: 20
2026-05-23 11:40:00,938 [data_manager.py] => [68, 56, 78, 8, 23, 84, 90, 65, 74, 76, 40, 89, 3, 92, 55, 9, 26, 80, 43, 38, 58, 70, 77, 1, 85, 19, 17, 50, 28, 53, 13, 81, 45, 82, 6, 59, 83, 16, 15, 44, 91, 41, 72, 60, 79, 52, 20, 10, 31, 54, 37, 95, 14, 71, 96, 98, 97, 2, 64, 66, 42, 22, 35, 86, 24, 34, 87, 21, 99, 0, 88, 27, 18, 94, 11, 12, 47, 25, 30, 46, 62, 69, 36, 61, 7, 63, 75, 5, 32, 4, 51, 48, 73, 93, 39, 67, 29, 49, 57, 33]
2026-05-23 11:40:29,476 [trainer.py] => All params: 98083784
2026-05-23 11:40:29,531 [trainer.py] => Trainable params: 98083784
2026-05-23 11:40:29,531 [inflora.py] => Learning on 0-5
2026-05-23 12:20:56,781 [inflora.py] => Task 0, Epoch 20/20 => Loss 0.082, Train_accy 96.88
2026-05-23 12:22:58,815 [inflora.py] => Exemplar size: 0
2026-05-23 12:22:58,858 [trainer.py] => No NME accuracy.
2026-05-23 12:22:58,859 [trainer.py] => CNN: {'total': 100.0, '00-04': 100.0, 'old': 0, 'new': 100.0}
2026-05-23 12:22:58,859 [trainer.py] => CNN top1 curve: [100.0]
2026-05-23 12:22:58,859 [trainer.py] => CNN top5 curve: [100.0]
2026-05-23 12:22:58,859 [trainer.py] => Average Accuracy (CNN): 100.0
2026-05-23 12:22:58,864 [trainer.py] => All params: 98083784
2026-05-23 12:22:58,868 [trainer.py] => Trainable params: 188165
2026-05-23 12:22:58,868 [inflora.py] => Learning on 5-10
2026-05-23 13:02:59,682 [inflora.py] => Task 1, Epoch 20/20 => Loss 0.105, Train_accy 96.48
2026-05-23 13:05:32,956 [inflora.py] => Exemplar size: 0
2026-05-23 13:05:32,971 [trainer.py] => No NME accuracy.
2026-05-23 13:05:32,971 [trainer.py] => CNN: {'total': 98.7, '00-04': 99.6, '05-09': 97.8, 'old': 99.6, 'new': 97.8}
2026-05-23 13:05:32,972 [trainer.py] => CNN top1 curve: [100.0, 98.7]
2026-05-23 13:05:32,972 [trainer.py] => CNN top5 curve: [100.0, 98.7]
2026-05-23 13:05:32,972 [trainer.py] => Average Accuracy (CNN): 99.35
2026-05-23 13:05:32,980 [trainer.py] => All params: 98083784
2026-05-23 13:05:32,986 [trainer.py] => Trainable params: 2069815
2026-05-23 13:05:32,987 [inflora.py] => Learning on 10-15
2026-05-23 13:45:47,680 [inflora.py] => Task 2, Epoch 20/20 => Loss 0.120, Train_accy 95.56
2026-05-23 13:48:16,036 [inflora.py] => Exemplar size: 0
2026-05-23 13:48:16,080 [trainer.py] => No NME accuracy.
2026-05-23 13:48:16,081 [trainer.py] => CNN: {'total': 96.87, '00-04': 98.8, '05-09': 95.4, '10-14': 96.4, 'old': 97.1, 'new': 96.4}
2026-05-23 13:48:16,081 [trainer.py] => CNN top1 curve: [100.0, 98.7, 96.87]
2026-05-23 13:48:16,081 [trainer.py] => CNN top5 curve: [100.0, 98.7, 96.87]
2026-05-23 13:48:16,082 [trainer.py] => Average Accuracy (CNN): 98.52
2026-05-23 13:48:16,086 [trainer.py] => All params: 98083784
2026-05-23 13:48:16,089 [trainer.py] => Trainable params: 188165
2026-05-23 13:48:16,089 [inflora.py] => Learning on 15-20
2026-05-23 14:28:44,784 [inflora.py] => Task 3, Epoch 20/20 => Loss 0.111, Train_accy 96.16
2026-05-23 14:31:29,560 [inflora.py] => Exemplar size: 0
2026-05-23 14:31:29,586 [trainer.py] => No NME accuracy.
2026-05-23 14:31:29,586 [trainer.py] => CNN: {'total': 96.05, '00-04': 99.0, '05-09': 93.2, '10-14': 95.4, '15-19': 96.6, 'old': 95.87, 'new': 96.6}
2026-05-23 14:31:29,586 [trainer.py] => CNN top1 curve: [100.0, 98.7, 96.87, 96.05]
2026-05-23 14:31:29,586 [trainer.py] => CNN top5 curve: [100.0, 98.7, 96.87, 96.05]
2026-05-23 14:31:29,587 [trainer.py] => Average Accuracy (CNN): 97.9
2026-05-23 14:31:29,594 [trainer.py] => All params: 98083784
2026-05-23 14:31:29,601 [trainer.py] => Trainable params: 188165
2026-05-23 14:31:29,601 [inflora.py] => Learning on 20-25
2026-05-23 15:11:48,907 [inflora.py] => Task 4, Epoch 20/20 => Loss 0.063, Train_accy 97.44
2026-05-23 15:14:38,699 [inflora.py] => Exemplar size: 0
2026-05-23 15:14:38,725 [trainer.py] => No NME accuracy.
2026-05-23 15:14:38,725 [trainer.py] => CNN: {'total': 95.28, '00-04': 98.4, '05-09': 93.8, '10-14': 95.0, '15-19': 95.4, '20-24': 93.8, 'old': 95.65, 'new': 93.8}
2026-05-23 15:14:38,725 [trainer.py] => CNN top1 curve: [100.0, 98.7, 96.87, 96.05, 95.28]
2026-05-23 15:14:38,725 [trainer.py] => CNN top5 curve: [100.0, 98.7, 96.87, 96.05, 95.28]
2026-05-23 15:14:38,726 [trainer.py] => Average Accuracy (CNN): 97.38
2026-05-23 15:14:38,729 [trainer.py] => All params: 98083784
2026-05-23 15:14:38,733 [trainer.py] => Trainable params: 188165
2026-05-23 15:14:38,733 [inflora.py] => Learning on 25-30
2026-05-23 15:54:50,872 [inflora.py] => Task 5, Epoch 20/20 => Loss 0.067, Train_accy 97.60
2026-05-23 15:57:54,321 [inflora.py] => Exemplar size: 0
2026-05-23 15:57:54,351 [trainer.py] => No NME accuracy.
2026-05-23 15:57:54,352 [trainer.py] => CNN: {'total': 94.1, '00-04': 97.6, '05-09': 90.6, '10-14': 92.4, '15-19': 94.6, '20-24': 93.4, '25-29': 96.0, 'old': 93.72, 'new': 96.0}
2026-05-23 15:57:54,352 [trainer.py] => CNN top1 curve: [100.0, 98.7, 96.87, 96.05, 95.28, 94.1]
2026-05-23 15:57:54,352 [trainer.py] => CNN top5 curve: [100.0, 98.7, 96.87, 96.05, 95.28, 94.1]
2026-05-23 15:57:54,352 [trainer.py] => Average Accuracy (CNN): 96.83
2026-05-23 15:57:54,360 [trainer.py] => All params: 98083784
2026-05-23 15:57:54,369 [trainer.py] => Trainable params: 188165
2026-05-23 15:57:54,369 [inflora.py] => Learning on 30-35
2026-05-23 16:38:44,920 [inflora.py] => Task 6, Epoch 20/20 => Loss 0.146, Train_accy 94.48
2026-05-23 16:41:56,558 [inflora.py] => Exemplar size: 0
2026-05-23 16:41:56,580 [trainer.py] => No NME accuracy.
2026-05-23 16:41:56,581 [trainer.py] => CNN: {'total': 92.54, '00-04': 96.6, '05-09': 91.8, '10-14': 92.2, '15-19': 94.0, '20-24': 91.4, '25-29': 94.8, '30-34': 87.0, 'old': 93.47, 'new': 87.0}
2026-05-23 16:41:56,581 [trainer.py] => CNN top1 curve: [100.0, 98.7, 96.87, 96.05, 95.28, 94.1, 92.54]
2026-05-23 16:41:56,581 [trainer.py] => CNN top5 curve: [100.0, 98.7, 96.87, 96.05, 95.28, 94.1, 92.54]
2026-05-23 16:41:56,582 [trainer.py] => Average Accuracy (CNN): 96.22
2026-05-23 16:41:56,592 [trainer.py] => All params: 98083784
2026-05-23 16:41:56,600 [trainer.py] => Trainable params: 188165
2026-05-23 16:41:56,600 [inflora.py] => Learning on 35-40
2026-05-23 17:22:36,237 [inflora.py] => Task 7, Epoch 20/20 => Loss 0.078, Train_accy 97.48
2026-05-23 17:26:01,072 [inflora.py] => Exemplar size: 0
2026-05-23 17:26:01,080 [trainer.py] => No NME accuracy.
2026-05-23 17:26:01,080 [trainer.py] => CNN: {'total': 92.25, '00-04': 94.6, '05-09': 91.2, '10-14': 91.0, '15-19': 94.0, '20-24': 90.6, '25-29': 92.8, '30-34': 88.0, '35-39': 95.8, 'old': 91.74, 'new': 95.8}
2026-05-23 17:26:01,081 [trainer.py] => CNN top1 curve: [100.0, 98.7, 96.87, 96.05, 95.28, 94.1, 92.54, 92.25]
2026-05-23 17:26:01,081 [trainer.py] => CNN top5 curve: [100.0, 98.7, 96.87, 96.05, 95.28, 94.1, 92.54, 92.25]
2026-05-23 17:26:01,081 [trainer.py] => Average Accuracy (CNN): 95.72
2026-05-23 17:26:01,088 [trainer.py] => All params: 98083784
2026-05-23 17:26:01,094 [trainer.py] => Trainable params: 188165
2026-05-23 17:26:01,094 [inflora.py] => Learning on 40-45
2026-05-23 18:06:27,544 [inflora.py] => Task 8, Epoch 20/20 => Loss 0.102, Train_accy 96.44
2026-05-23 18:10:02,739 [inflora.py] => Exemplar size: 0
2026-05-23 18:10:02,760 [trainer.py] => No NME accuracy.
2026-05-23 18:10:02,761 [trainer.py] => CNN: {'total': 91.38, '00-04': 91.4, '05-09': 89.8, '10-14': 89.4, '15-19': 94.4, '20-24': 92.0, '25-29': 92.2, '30-34': 86.6, '35-39': 94.4, '40-44': 92.2, 'old': 91.28, 'new': 92.2}
2026-05-23 18:10:02,761 [trainer.py] => CNN top1 curve: [100.0, 98.7, 96.87, 96.05, 95.28, 94.1, 92.54, 92.25, 91.38]
2026-05-23 18:10:02,761 [trainer.py] => CNN top5 curve: [100.0, 98.7, 96.87, 96.05, 95.28, 94.1, 92.54, 92.25, 91.38]
2026-05-23 18:10:02,761 [trainer.py] => Average Accuracy (CNN): 95.24
2026-05-23 18:10:02,767 [trainer.py] => All params: 98083784
2026-05-23 18:10:02,772 [trainer.py] => Trainable params: 188165
2026-05-23 18:10:02,772 [inflora.py] => Learning on 45-50
2026-05-23 18:50:29,739 [inflora.py] => Task 9, Epoch 20/20 => Loss 0.042, Train_accy 98.40
2026-05-23 18:54:06,335 [inflora.py] => Exemplar size: 0
2026-05-23 18:54:06,338 [trainer.py] => No NME accuracy.
2026-05-23 18:54:06,338 [trainer.py] => CNN: {'total': 89.5, '00-04': 91.2, '05-09': 88.8, '10-14': 87.6, '15-19': 94.8, '20-24': 91.2, '25-29': 92.0, '30-34': 86.2, '35-39': 92.8, '40-44': 91.6, '45-49': 78.8, 'old': 90.69, 'new': 78.8}
2026-05-23 18:54:06,338 [trainer.py] => CNN top1 curve: [100.0, 98.7, 96.87, 96.05, 95.28, 94.1, 92.54, 92.25, 91.38, 89.5]
2026-05-23 18:54:06,339 [trainer.py] => CNN top5 curve: [100.0, 98.7, 96.87, 96.05, 95.28, 94.1, 92.54, 92.25, 91.38, 89.5]
2026-05-23 18:54:06,339 [trainer.py] => Average Accuracy (CNN): 94.67
2026-05-23 18:54:06,344 [trainer.py] => All params: 98083784
2026-05-23 18:54:06,349 [trainer.py] => Trainable params: 188165
2026-05-23 18:54:06,350 [inflora.py] => Learning on 50-55
2026-05-23 19:33:48,701 [inflora.py] => Task 10, Epoch 20/20 => Loss 0.062, Train_accy 97.64
2026-05-23 19:37:24,008 [inflora.py] => Exemplar size: 0
2026-05-23 19:37:24,011 [trainer.py] => No NME accuracy.
2026-05-23 19:37:24,012 [trainer.py] => CNN: {'total': 88.16, '00-04': 86.8, '05-09': 90.4, '10-14': 87.0, '15-19': 94.2, '20-24': 90.8, '25-29': 90.2, '30-34': 85.8, '35-39': 92.2, '40-44': 89.8, '45-49': 76.4, '50-54': 86.2, 'old': 88.36, 'new': 86.2}
2026-05-23 19:37:24,012 [trainer.py] => CNN top1 curve: [100.0, 98.7, 96.87, 96.05, 95.28, 94.1, 92.54, 92.25, 91.38, 89.5, 88.16]
2026-05-23 19:37:24,012 [trainer.py] => CNN top5 curve: [100.0, 98.7, 96.87, 96.05, 95.28, 94.1, 92.54, 92.25, 91.38, 89.5, 88.16]
2026-05-23 19:37:24,012 [trainer.py] => Average Accuracy (CNN): 94.08
2026-05-23 19:37:24,017 [trainer.py] => All params: 98083784
2026-05-23 19:37:24,021 [trainer.py] => Trainable params: 188165
2026-05-23 19:37:24,021 [inflora.py] => Learning on 55-60
2026-05-23 20:15:52,863 [inflora.py] => Task 11, Epoch 20/20 => Loss 0.165, Train_accy 94.16
2026-05-23 20:19:37,542 [inflora.py] => Exemplar size: 0
2026-05-23 20:19:37,562 [trainer.py] => No NME accuracy.
2026-05-23 20:19:37,562 [trainer.py] => CNN: {'total': 88.33, '00-04': 88.2, '05-09': 88.8, '10-14': 88.0, '15-19': 94.4, '20-24': 88.8, '25-29': 90.4, '30-34': 83.2, '35-39': 92.6, '40-44': 89.6, '45-49': 78.4, '50-54': 84.2, '55-59': 93.4, 'old': 87.87, 'new': 93.4}
2026-05-23 20:19:37,562 [trainer.py] => CNN top1 curve: [100.0, 98.7, 96.87, 96.05, 95.28, 94.1, 92.54, 92.25, 91.38, 89.5, 88.16, 88.33]
2026-05-23 20:19:37,563 [trainer.py] => CNN top5 curve: [100.0, 98.7, 96.87, 96.05, 95.28, 94.1, 92.54, 92.25, 91.38, 89.5, 88.16, 88.33]
2026-05-23 20:19:37,563 [trainer.py] => Average Accuracy (CNN): 93.6
2026-05-23 20:19:37,571 [trainer.py] => All params: 98083784
2026-05-23 20:19:37,579 [trainer.py] => Trainable params: 188165
2026-05-23 20:19:37,580 [inflora.py] => Learning on 60-65
2026-05-23 20:58:02,578 [inflora.py] => Task 12, Epoch 20/20 => Loss 0.084, Train_accy 97.08
2026-05-23 21:01:59,830 [inflora.py] => Exemplar size: 0
2026-05-23 21:01:59,850 [trainer.py] => No NME accuracy.
2026-05-23 21:01:59,851 [trainer.py] => CNN: {'total': 88.2, '00-04': 87.6, '05-09': 88.6, '10-14': 86.8, '15-19': 92.8, '20-24': 89.8, '25-29': 90.4, '30-34': 83.4, '35-39': 93.2, '40-44': 88.8, '45-49': 78.2, '50-54': 83.8, '55-59': 87.8, '60-64': 95.4, 'old': 87.6, 'new': 95.4}
2026-05-23 21:01:59,852 [trainer.py] => CNN top1 curve: [100.0, 98.7, 96.87, 96.05, 95.28, 94.1, 92.54, 92.25, 91.38, 89.5, 88.16, 88.33, 88.2]
2026-05-23 21:01:59,852 [trainer.py] => CNN top5 curve: [100.0, 98.7, 96.87, 96.05, 95.28, 94.1, 92.54, 92.25, 91.38, 89.5, 88.16, 88.33, 88.2]
2026-05-23 21:01:59,853 [trainer.py] => Average Accuracy (CNN): 93.18
2026-05-23 21:01:59,865 [trainer.py] => All params: 98083784
2026-05-23 21:01:59,876 [trainer.py] => Trainable params: 188165
2026-05-23 21:01:59,876 [inflora.py] => Learning on 65-70
2026-05-23 21:40:31,185 [inflora.py] => Task 13, Epoch 20/20 => Loss 0.064, Train_accy 97.72
2026-05-23 21:44:52,403 [inflora.py] => Exemplar size: 0
2026-05-23 21:44:52,420 [trainer.py] => No NME accuracy.
2026-05-23 21:44:52,420 [trainer.py] => CNN: {'total': 88.27, '00-04': 87.4, '05-09': 89.0, '10-14': 86.0, '15-19': 92.6, '20-24': 89.8, '25-29': 89.4, '30-34': 84.2, '35-39': 92.0, '40-44': 87.2, '45-49': 78.8, '50-54': 83.6, '55-59': 87.0, '60-64': 93.4, '65-69': 95.4, 'old': 87.72, 'new': 95.4}
2026-05-23 21:44:52,420 [trainer.py] => CNN top1 curve: [100.0, 98.7, 96.87, 96.05, 95.28, 94.1, 92.54, 92.25, 91.38, 89.5, 88.16, 88.33, 88.2, 88.27]
2026-05-23 21:44:52,420 [trainer.py] => CNN top5 curve: [100.0, 98.7, 96.87, 96.05, 95.28, 94.1, 92.54, 92.25, 91.38, 89.5, 88.16, 88.33, 88.2, 88.27]
2026-05-23 21:44:52,421 [trainer.py] => Average Accuracy (CNN): 92.83
2026-05-23 21:44:52,425 [trainer.py] => All params: 98083784
2026-05-23 21:44:52,429 [trainer.py] => Trainable params: 188165
2026-05-23 21:44:52,429 [inflora.py] => Learning on 70-75
2026-05-23 22:25:59,894 [inflora.py] => Task 14, Epoch 20/20 => Loss 0.080, Train_accy 97.08
2026-05-23 22:30:00,188 [inflora.py] => Exemplar size: 0
2026-05-23 22:30:00,205 [trainer.py] => No NME accuracy.
2026-05-23 22:30:00,205 [trainer.py] => CNN: {'total': 85.88, '00-04': 87.0, '05-09': 88.0, '10-14': 84.4, '15-19': 90.8, '20-24': 87.4, '25-29': 89.4, '30-34': 81.4, '35-39': 91.2, '40-44': 86.2, '45-49': 78.2, '50-54': 80.2, '55-59': 83.4, '60-64': 93.8, '65-69': 93.4, '70-74': 73.4, 'old': 86.77, 'new': 73.4}
2026-05-23 22:30:00,205 [trainer.py] => CNN top1 curve: [100.0, 98.7, 96.87, 96.05, 95.28, 94.1, 92.54, 92.25, 91.38, 89.5, 88.16, 88.33, 88.2, 88.27, 85.88]
2026-05-23 22:30:00,205 [trainer.py] => CNN top5 curve: [100.0, 98.7, 96.87, 96.05, 95.28, 94.1, 92.54, 92.25, 91.38, 89.5, 88.16, 88.33, 88.2, 88.27, 85.88]
2026-05-23 22:30:00,206 [trainer.py] => Average Accuracy (CNN): 92.37
2026-05-23 22:30:00,209 [trainer.py] => All params: 98083784
2026-05-23 22:30:00,213 [trainer.py] => Trainable params: 188165
2026-05-23 22:30:00,213 [inflora.py] => Learning on 75-80
2026-05-23 23:10:25,481 [inflora.py] => Task 15, Epoch 20/20 => Loss 0.066, Train_accy 97.60
2026-05-23 23:14:55,775 [inflora.py] => Exemplar size: 0
2026-05-23 23:14:55,790 [trainer.py] => No NME accuracy.
2026-05-23 23:14:55,790 [trainer.py] => CNN: {'total': 84.81, '00-04': 87.2, '05-09': 89.8, '10-14': 85.6, '15-19': 92.0, '20-24': 87.6, '25-29': 86.8, '30-34': 79.6, '35-39': 88.6, '40-44': 86.4, '45-49': 78.6, '50-54': 78.8, '55-59': 85.6, '60-64': 92.2, '65-69': 93.0, '70-74': 72.6, '75-79': 72.6, 'old': 85.63, 'new': 72.6}
2026-05-23 23:14:55,791 [trainer.py] => CNN top1 curve: [100.0, 98.7, 96.87, 96.05, 95.28, 94.1, 92.54, 92.25, 91.38, 89.5, 88.16, 88.33, 88.2, 88.27, 85.88, 84.81]
2026-05-23 23:14:55,791 [trainer.py] => CNN top5 curve: [100.0, 98.7, 96.87, 96.05, 95.28, 94.1, 92.54, 92.25, 91.38, 89.5, 88.16, 88.33, 88.2, 88.27, 85.88, 84.81]
2026-05-23 23:14:55,792 [trainer.py] => Average Accuracy (CNN): 91.89
2026-05-23 23:14:55,796 [trainer.py] => All params: 98083784
2026-05-23 23:14:55,799 [trainer.py] => Trainable params: 188165
2026-05-23 23:14:55,799 [inflora.py] => Learning on 80-85
2026-05-23 23:56:24,243 [inflora.py] => Task 16, Epoch 20/20 => Loss 0.048, Train_accy 98.44
2026-05-24 00:01:10,835 [inflora.py] => Exemplar size: 0
2026-05-24 00:01:10,837 [trainer.py] => No NME accuracy.
2026-05-24 00:01:10,838 [trainer.py] => CNN: {'total': 84.69, '00-04': 87.8, '05-09': 88.4, '10-14': 84.0, '15-19': 91.6, '20-24': 89.6, '25-29': 87.6, '30-34': 78.6, '35-39': 90.0, '40-44': 86.8, '45-49': 75.6, '50-54': 77.2, '55-59': 86.0, '60-64': 90.8, '65-69': 93.8, '70-74': 72.6, '75-79': 71.6, '80-84': 87.8, 'old': 84.5, 'new': 87.8}
2026-05-24 00:01:10,838 [trainer.py] => CNN top1 curve: [100.0, 98.7, 96.87, 96.05, 95.28, 94.1, 92.54, 92.25, 91.38, 89.5, 88.16, 88.33, 88.2, 88.27, 85.88, 84.81, 84.69]
2026-05-24 00:01:10,838 [trainer.py] => CNN top5 curve: [100.0, 98.7, 96.87, 96.05, 95.28, 94.1, 92.54, 92.25, 91.38, 89.5, 88.16, 88.33, 88.2, 88.27, 85.88, 84.81, 84.69]
2026-05-24 00:01:10,838 [trainer.py] => Average Accuracy (CNN): 91.47
2026-05-24 00:01:10,842 [trainer.py] => All params: 98083784
2026-05-24 00:01:10,845 [trainer.py] => Trainable params: 188165
2026-05-24 00:01:10,845 [inflora.py] => Learning on 85-90
2026-05-24 00:42:43,407 [inflora.py] => Task 17, Epoch 20/20 => Loss 0.154, Train_accy 94.48
2026-05-24 00:47:27,621 [inflora.py] => Exemplar size: 0
2026-05-24 00:47:27,639 [trainer.py] => No NME accuracy.
2026-05-24 00:47:27,639 [trainer.py] => CNN: {'total': 84.44, '00-04': 88.2, '05-09': 90.0, '10-14': 87.2, '15-19': 91.2, '20-24': 91.2, '25-29': 85.0, '30-34': 79.0, '35-39': 87.6, '40-44': 84.2, '45-49': 75.4, '50-54': 76.4, '55-59': 89.0, '60-64': 91.0, '65-69': 94.0, '70-74': 73.4, '75-79': 67.0, '80-84': 85.6, '85-89': 84.6, 'old': 84.44, 'new': 84.6}
2026-05-24 00:47:27,639 [trainer.py] => CNN top1 curve: [100.0, 98.7, 96.87, 96.05, 95.28, 94.1, 92.54, 92.25, 91.38, 89.5, 88.16, 88.33, 88.2, 88.27, 85.88, 84.81, 84.69, 84.44]
2026-05-24 00:47:27,639 [trainer.py] => CNN top5 curve: [100.0, 98.7, 96.87, 96.05, 95.28, 94.1, 92.54, 92.25, 91.38, 89.5, 88.16, 88.33, 88.2, 88.27, 85.88, 84.81, 84.69, 84.44]
2026-05-24 00:47:27,640 [trainer.py] => Average Accuracy (CNN): 91.08
2026-05-24 00:47:27,644 [trainer.py] => All params: 98083784
2026-05-24 00:47:27,647 [trainer.py] => Trainable params: 188165
2026-05-24 00:47:27,647 [inflora.py] => Learning on 90-95
2026-05-24 01:28:17,036 [inflora.py] => Task 18, Epoch 20/20 => Loss 0.082, Train_accy 97.36
2026-05-24 01:33:13,556 [inflora.py] => Exemplar size: 0
2026-05-24 01:33:13,590 [trainer.py] => No NME accuracy.
2026-05-24 01:33:13,590 [trainer.py] => CNN: {'total': 83.69, '00-04': 88.2, '05-09': 89.8, '10-14': 86.4, '15-19': 91.2, '20-24': 91.0, '25-29': 84.2, '30-34': 78.8, '35-39': 89.2, '40-44': 85.8, '45-49': 74.4, '50-54': 74.4, '55-59': 87.0, '60-64': 90.0, '65-69': 93.8, '70-74': 71.6, '75-79': 64.8, '80-84': 85.8, '85-89': 80.4, '90-94': 83.4, 'old': 83.71, 'new': 83.4}
2026-05-24 01:33:13,590 [trainer.py] => CNN top1 curve: [100.0, 98.7, 96.87, 96.05, 95.28, 94.1, 92.54, 92.25, 91.38, 89.5, 88.16, 88.33, 88.2, 88.27, 85.88, 84.81, 84.69, 84.44, 83.69]
2026-05-24 01:33:13,590 [trainer.py] => CNN top5 curve: [100.0, 98.7, 96.87, 96.05, 95.28, 94.1, 92.54, 92.25, 91.38, 89.5, 88.16, 88.33, 88.2, 88.27, 85.88, 84.81, 84.69, 84.44, 83.69]
2026-05-24 01:33:13,591 [trainer.py] => Average Accuracy (CNN): 90.69
2026-05-24 01:33:13,597 [trainer.py] => All params: 98083784
2026-05-24 01:33:13,604 [trainer.py] => Trainable params: 188165
2026-05-24 01:33:13,604 [inflora.py] => Learning on 95-100
2026-05-24 02:12:27,604 [inflora.py] => Task 19, Epoch 20/20 => Loss 0.109, Train_accy 95.84
2026-05-24 02:17:38,017 [inflora.py] => Exemplar size: 0
2026-05-24 02:17:38,017 [trainer.py] => No NME accuracy.
2026-05-24 02:17:38,017 [trainer.py] => CNN: {'total': 83.1, '00-04': 85.6, '05-09': 90.0, '10-14': 85.0, '15-19': 91.4, '20-24': 93.4, '25-29': 81.4, '30-34': 75.8, '35-39': 88.2, '40-44': 84.6, '45-49': 73.0, '50-54': 74.2, '55-59': 87.6, '60-64': 88.4, '65-69': 94.4, '70-74': 70.8, '75-79': 65.0, '80-84': 85.2, '85-89': 80.6, '90-94': 83.6, '95-99': 83.8, 'old': 83.06, 'new': 83.8}
2026-05-24 02:17:38,017 [trainer.py] => CNN top1 curve: [100.0, 98.7, 96.87, 96.05, 95.28, 94.1, 92.54, 92.25, 91.38, 89.5, 88.16, 88.33, 88.2, 88.27, 85.88, 84.81, 84.69, 84.44, 83.69, 83.1]
2026-05-24 02:17:38,017 [trainer.py] => CNN top5 curve: [100.0, 98.7, 96.87, 96.05, 95.28, 94.1, 92.54, 92.25, 91.38, 89.5, 88.16, 88.33, 88.2, 88.27, 85.88, 84.81, 84.69, 84.44, 83.69, 83.1]
2026-05-24 02:17:38,017 [trainer.py] => Average Accuracy (CNN): 90.31
