2026-05-09 14:53:50,545 [trainer.py] => config: configs/inflora/inflora_cub_B0_Inc20.json
2026-05-09 14:53:50,565 [trainer.py] => prefix: reproduce
2026-05-09 14:53:50,565 [trainer.py] => dataset: cub
2026-05-09 14:53:50,565 [trainer.py] => data_path: data/
2026-05-09 14:53:50,565 [trainer.py] => memory_size: 0
2026-05-09 14:53:50,565 [trainer.py] => memory_per_class: 0
2026-05-09 14:53:50,565 [trainer.py] => fixed_memory: True
2026-05-09 14:53:50,565 [trainer.py] => shuffle: True
2026-05-09 14:53:50,565 [trainer.py] => init_cls: 20
2026-05-09 14:53:50,565 [trainer.py] => increment: 20
2026-05-09 14:53:50,565 [trainer.py] => model_name: inflora
2026-05-09 14:53:50,565 [trainer.py] => net_type: sip
2026-05-09 14:53:50,565 [trainer.py] => embd_dim: 768
2026-05-09 14:53:50,565 [trainer.py] => num_heads: 12
2026-05-09 14:53:50,565 [trainer.py] => total_sessions: 10
2026-05-09 14:53:50,565 [trainer.py] => seed: 42
2026-05-09 14:53:50,565 [trainer.py] => device: [device(type='cuda', index=1)]
2026-05-09 14:53:50,565 [trainer.py] => EPSILON: 1e-08
2026-05-09 14:53:50,565 [trainer.py] => init_epoch: 2
2026-05-09 14:53:50,565 [trainer.py] => optim: adam
2026-05-09 14:53:50,565 [trainer.py] => init_lr: 0.0005
2026-05-09 14:53:50,565 [trainer.py] => init_lr_decay: 0.1
2026-05-09 14:53:50,565 [trainer.py] => init_weight_decay: 0.0
2026-05-09 14:53:50,565 [trainer.py] => epochs: 2
2026-05-09 14:53:50,566 [trainer.py] => lrate: 0.0005
2026-05-09 14:53:50,566 [trainer.py] => lrate_decay: 0.1
2026-05-09 14:53:50,566 [trainer.py] => batch_size: 128
2026-05-09 14:53:50,566 [trainer.py] => weight_decay: 0.0
2026-05-09 14:53:50,566 [trainer.py] => rank: 10
2026-05-09 14:53:50,566 [trainer.py] => lamb: 0.95
2026-05-09 14:53:50,566 [trainer.py] => lame: 1.0
2026-05-09 14:53:50,566 [trainer.py] => num_workers: 16
2026-05-09 14:53:50,566 [trainer.py] => backbone_type: vit_base_patch16_224_in21k_inflora
2026-05-09 14:53:50,566 [trainer.py] => pretrained: True
2026-05-09 14:53:51,312 [data_manager.py] => [95, 15, 30, 158, 128, 115, 69, 170, 174, 45, 66, 182, 165, 78, 186, 177, 56, 152, 82, 68, 124, 16, 148, 93, 65, 60, 84, 67, 125, 132, 9, 18, 55, 75, 150, 104, 135, 137, 164, 76, 79, 197, 38, 24, 122, 195, 29, 19, 143, 86, 114, 173, 5, 126, 117, 73, 140, 98, 172, 96, 169, 97, 31, 12, 35, 119, 42, 189, 90, 136, 51, 127, 162, 41, 118, 113, 26, 139, 100, 111, 2, 77, 46, 187, 191, 85, 161, 36, 190, 61, 22, 141, 101, 33, 11, 194, 159, 6, 27, 120, 4, 32, 142, 145, 109, 144, 10, 62, 112, 146, 166, 0, 198, 153, 70, 123, 64, 44, 163, 28, 40, 108, 155, 156, 25, 23, 184, 147, 81, 39, 168, 47, 94, 154, 43, 138, 3, 105, 53, 133, 180, 178, 185, 49, 80, 34, 7, 110, 91, 83, 176, 181, 89, 8, 13, 59, 171, 131, 17, 72, 175, 134, 167, 183, 63, 54, 107, 50, 196, 58, 48, 88, 21, 57, 160, 192, 129, 37, 157, 193, 1, 52, 149, 130, 151, 103, 99, 116, 87, 74, 121, 199, 20, 188, 71, 106, 14, 92, 179, 102]
2026-05-09 14:54:21,460 [trainer.py] => All params: 94551184
2026-05-09 14:54:21,462 [trainer.py] => Trainable params: 94551184
2026-05-09 14:54:21,462 [inflora.py] => Learning on 0-20
2026-05-09 14:58:46,834 [inflora.py] => Task 0, Epoch 2/2 => Loss 0.941, Train_accy 79.75
2026-05-09 14:59:23,977 [inflora.py] => Exemplar size: 0
2026-05-09 14:59:23,977 [trainer.py] => No NME accuracy.
2026-05-09 14:59:23,977 [trainer.py] => CNN: {'total': 93.16, '00-19': 93.16, 'old': 0, 'new': 93.16}
2026-05-09 14:59:23,977 [trainer.py] => CNN top1 curve: [93.16]
2026-05-09 14:59:23,977 [trainer.py] => CNN top5 curve: [93.16]
2026-05-09 14:59:23,978 [trainer.py] => Average Accuracy (CNN): 93.16
2026-05-09 14:59:23,979 [trainer.py] => All params: 94551184
2026-05-09 14:59:23,981 [trainer.py] => Trainable params: 199700
2026-05-09 14:59:23,981 [inflora.py] => Learning on 20-40
2026-05-09 15:03:40,409 [inflora.py] => Task 1, Epoch 2/2 => Loss 0.675, Train_accy 85.73
2026-05-09 15:04:29,386 [inflora.py] => Exemplar size: 0
2026-05-09 15:04:29,387 [trainer.py] => No NME accuracy.
2026-05-09 15:04:29,387 [trainer.py] => CNN: {'total': 86.74, '00-19': 79.91, '20-39': 93.36, 'old': 79.91, 'new': 93.36}
2026-05-09 15:04:29,387 [trainer.py] => CNN top1 curve: [93.16, 86.74]
2026-05-09 15:04:29,387 [trainer.py] => CNN top5 curve: [93.16, 86.74]
2026-05-09 15:04:29,387 [trainer.py] => Average Accuracy (CNN): 89.95
2026-05-09 15:04:29,391 [trainer.py] => All params: 94551184
2026-05-09 15:04:29,395 [trainer.py] => Trainable params: 199700
2026-05-09 15:04:29,395 [inflora.py] => Learning on 40-60
2026-05-09 15:08:47,184 [inflora.py] => Task 2, Epoch 2/2 => Loss 0.894, Train_accy 74.76
2026-05-09 15:09:41,679 [inflora.py] => Exemplar size: 0
2026-05-09 15:09:41,679 [trainer.py] => No NME accuracy.
2026-05-09 15:09:41,679 [trainer.py] => CNN: {'total': 78.96, '00-19': 68.8, '20-39': 94.61, '40-59': 72.6, 'old': 81.89, 'new': 72.6}
2026-05-09 15:09:41,680 [trainer.py] => CNN top1 curve: [93.16, 86.74, 78.96]
2026-05-09 15:09:41,680 [trainer.py] => CNN top5 curve: [93.16, 86.74, 78.96]
2026-05-09 15:09:41,680 [trainer.py] => Average Accuracy (CNN): 86.29
2026-05-09 15:09:41,682 [trainer.py] => All params: 94551184
2026-05-09 15:09:41,684 [trainer.py] => Trainable params: 199700
2026-05-09 15:09:41,684 [inflora.py] => Learning on 60-80
2026-05-09 15:13:57,556 [inflora.py] => Task 3, Epoch 2/2 => Loss 0.766, Train_accy 83.99
2026-05-09 15:14:56,690 [inflora.py] => Exemplar size: 0
2026-05-09 15:14:56,690 [trainer.py] => No NME accuracy.
2026-05-09 15:14:56,690 [trainer.py] => CNN: {'total': 72.97, '00-19': 66.24, '20-39': 88.8, '40-59': 68.49, '60-79': 67.77, 'old': 74.78, 'new': 67.77}
2026-05-09 15:14:56,690 [trainer.py] => CNN top1 curve: [93.16, 86.74, 78.96, 72.97]
2026-05-09 15:14:56,690 [trainer.py] => CNN top5 curve: [93.16, 86.74, 78.96, 72.97]
2026-05-09 15:14:56,690 [trainer.py] => Average Accuracy (CNN): 82.96
2026-05-09 15:14:56,693 [trainer.py] => All params: 94551184
2026-05-09 15:14:56,695 [trainer.py] => Trainable params: 199700
2026-05-09 15:14:56,695 [inflora.py] => Learning on 80-100
2026-05-09 15:19:13,286 [inflora.py] => Task 4, Epoch 2/2 => Loss 0.835, Train_accy 77.25
2026-05-09 15:20:07,804 [inflora.py] => Exemplar size: 0
2026-05-09 15:20:07,805 [trainer.py] => No NME accuracy.
2026-05-09 15:20:07,805 [trainer.py] => CNN: {'total': 70.14, '00-19': 60.26, '20-39': 84.65, '40-59': 66.21, '60-79': 66.53, '80-99': 72.46, 'old': 69.55, 'new': 72.46}
2026-05-09 15:20:07,805 [trainer.py] => CNN top1 curve: [93.16, 86.74, 78.96, 72.97, 70.14]
2026-05-09 15:20:07,806 [trainer.py] => CNN top5 curve: [93.16, 86.74, 78.96, 72.97, 70.14]
2026-05-09 15:20:07,806 [trainer.py] => Average Accuracy (CNN): 80.39
2026-05-09 15:20:07,813 [trainer.py] => All params: 94551184
2026-05-09 15:20:07,819 [trainer.py] => Trainable params: 199700
2026-05-09 15:20:07,819 [inflora.py] => Learning on 100-120
2026-05-09 15:24:26,522 [inflora.py] => Task 5, Epoch 2/2 => Loss 0.873, Train_accy 73.12
2026-05-09 15:25:35,917 [inflora.py] => Exemplar size: 0
2026-05-09 15:25:35,931 [trainer.py] => No NME accuracy.
2026-05-09 15:25:35,931 [trainer.py] => CNN: {'total': 63.89, '00-19': 59.83, '20-39': 80.5, '40-59': 65.3, '60-79': 61.98, '80-99': 69.49, '100-119': 45.69, 'old': 67.49, 'new': 45.69}
2026-05-09 15:25:35,932 [trainer.py] => CNN top1 curve: [93.16, 86.74, 78.96, 72.97, 70.14, 63.89]
2026-05-09 15:25:35,932 [trainer.py] => CNN top5 curve: [93.16, 86.74, 78.96, 72.97, 70.14, 63.89]
2026-05-09 15:25:35,932 [trainer.py] => Average Accuracy (CNN): 77.64
2026-05-09 15:25:35,937 [trainer.py] => All params: 94551184
2026-05-09 15:25:35,941 [trainer.py] => Trainable params: 199700
2026-05-09 15:25:35,941 [inflora.py] => Learning on 120-140
2026-05-09 15:30:16,594 [inflora.py] => Task 6, Epoch 2/2 => Loss 0.743, Train_accy 82.70
2026-05-09 15:31:18,756 [inflora.py] => Exemplar size: 0
2026-05-09 15:31:18,757 [trainer.py] => No NME accuracy.
2026-05-09 15:31:18,757 [trainer.py] => CNN: {'total': 61.1, '00-19': 60.26, '20-39': 78.42, '40-59': 62.1, '60-79': 52.48, '80-99': 67.8, '100-119': 43.53, '120-139': 62.71, 'old': 60.83, 'new': 62.71}
2026-05-09 15:31:18,757 [trainer.py] => CNN top1 curve: [93.16, 86.74, 78.96, 72.97, 70.14, 63.89, 61.1]
2026-05-09 15:31:18,757 [trainer.py] => CNN top5 curve: [93.16, 86.74, 78.96, 72.97, 70.14, 63.89, 61.1]
2026-05-09 15:31:18,758 [trainer.py] => Average Accuracy (CNN): 75.28
2026-05-09 15:31:18,764 [trainer.py] => All params: 94551184
2026-05-09 15:31:18,769 [trainer.py] => Trainable params: 199700
2026-05-09 15:31:18,770 [inflora.py] => Learning on 140-160
2026-05-09 15:35:43,502 [inflora.py] => Task 7, Epoch 2/2 => Loss 0.672, Train_accy 83.30
2026-05-09 15:36:47,929 [inflora.py] => Exemplar size: 0
2026-05-09 15:36:47,929 [trainer.py] => No NME accuracy.
2026-05-09 15:36:47,930 [trainer.py] => CNN: {'total': 57.46, '00-19': 56.41, '20-39': 75.1, '40-59': 58.9, '60-79': 52.89, '80-99': 64.41, '100-119': 38.36, '120-139': 50.85, '140-159': 62.86, 'old': 56.77, 'new': 62.86}
2026-05-09 15:36:47,930 [trainer.py] => CNN top1 curve: [93.16, 86.74, 78.96, 72.97, 70.14, 63.89, 61.1, 57.46]
2026-05-09 15:36:47,930 [trainer.py] => CNN top5 curve: [93.16, 86.74, 78.96, 72.97, 70.14, 63.89, 61.1, 57.46]
2026-05-09 15:36:47,930 [trainer.py] => Average Accuracy (CNN): 73.05
2026-05-09 15:36:47,937 [trainer.py] => All params: 94551184
2026-05-09 15:36:47,942 [trainer.py] => Trainable params: 199700
2026-05-09 15:36:47,942 [inflora.py] => Learning on 160-180
2026-05-09 15:41:15,290 [inflora.py] => Task 8, Epoch 2/2 => Loss 0.744, Train_accy 80.92
2026-05-09 15:42:18,546 [inflora.py] => Exemplar size: 0
2026-05-09 15:42:18,547 [trainer.py] => No NME accuracy.
2026-05-09 15:42:18,547 [trainer.py] => CNN: {'total': 54.6, '00-19': 50.85, '20-39': 69.71, '40-59': 57.53, '60-79': 50.83, '80-99': 66.1, '100-119': 38.36, '120-139': 52.54, '140-159': 55.71, '160-179': 49.58, 'old': 55.24, 'new': 49.58}
2026-05-09 15:42:18,547 [trainer.py] => CNN top1 curve: [93.16, 86.74, 78.96, 72.97, 70.14, 63.89, 61.1, 57.46, 54.6]
2026-05-09 15:42:18,547 [trainer.py] => CNN top5 curve: [93.16, 86.74, 78.96, 72.97, 70.14, 63.89, 61.1, 57.46, 54.6]
2026-05-09 15:42:18,547 [trainer.py] => Average Accuracy (CNN): 71.0
2026-05-09 15:42:18,549 [trainer.py] => All params: 94551184
2026-05-09 15:42:18,552 [trainer.py] => Trainable params: 199700
2026-05-09 15:42:18,552 [inflora.py] => Learning on 180-200
2026-05-09 15:46:33,165 [inflora.py] => Task 9, Epoch 2/2 => Loss 0.684, Train_accy 86.35
2026-05-09 15:47:43,057 [inflora.py] => Exemplar size: 0
2026-05-09 15:47:43,057 [trainer.py] => No NME accuracy.
2026-05-09 15:47:43,058 [trainer.py] => CNN: {'total': 51.65, '00-19': 46.15, '20-39': 67.22, '40-59': 54.34, '60-79': 46.69, '80-99': 58.05, '100-119': 31.47, '120-139': 47.46, '140-159': 50.0, '160-179': 50.84, '180-199': 62.22, 'old': 50.29, 'new': 62.22}
2026-05-09 15:47:43,058 [trainer.py] => CNN top1 curve: [93.16, 86.74, 78.96, 72.97, 70.14, 63.89, 61.1, 57.46, 54.6, 51.65]
2026-05-09 15:47:43,058 [trainer.py] => CNN top5 curve: [93.16, 86.74, 78.96, 72.97, 70.14, 63.89, 61.1, 57.46, 54.6, 51.65]
2026-05-09 15:47:43,058 [trainer.py] => Average Accuracy (CNN): 69.07
2026-05-09 15:47:43,059 [trainer.py] => ================================================================================
2026-05-09 15:47:43,059 [trainer.py] => Finished cub_init20_inc20: vit_base_patch16_224_in21k_inflora  seed=42 
2026-05-09 15:47:43,059 [trainer.py] => Last Accuracy: 51.65
2026-05-09 15:47:43,059 [trainer.py] => Average Accuracy (CNN): 69.07
2026-05-09 15:47:43,060 [trainer.py] => PD: 41.51
2026-05-09 15:47:43,060 [trainer.py] => Accuracy Matrix (CNN):
2026-05-09 15:47:43,063 [trainer.py] => [[93.16 79.91 68.8  66.24 60.26 59.83 60.26 56.41 50.85 46.15]
 [ 0.   93.36 94.61 88.8  84.65 80.5  78.42 75.1  69.71 67.22]
 [ 0.    0.   72.6  68.49 66.21 65.3  62.1  58.9  57.53 54.34]
 [ 0.    0.    0.   67.77 66.53 61.98 52.48 52.89 50.83 46.69]
 [ 0.    0.    0.    0.   72.46 69.49 67.8  64.41 66.1  58.05]
 [ 0.    0.    0.    0.    0.   45.69 43.53 38.36 38.36 31.47]
 [ 0.    0.    0.    0.    0.    0.   62.71 50.85 52.54 47.46]
 [ 0.    0.    0.    0.    0.    0.    0.   62.86 55.71 50.  ]
 [ 0.    0.    0.    0.    0.    0.    0.    0.   49.58 50.84]
 [ 0.    0.    0.    0.    0.    0.    0.    0.    0.   62.22]]
2026-05-09 15:47:43,063 [trainer.py] => Forgetting (CNN): 18.94222222222222
2026-05-09 15:47:43,063 [trainer.py] => ================================================================================
