2026-05-08 21:20:09,196 [trainer.py] => config: configs/inflora/inflora_cub_B0_Inc5.json
2026-05-08 21:20:09,196 [trainer.py] => prefix: reproduce
2026-05-08 21:20:09,196 [trainer.py] => dataset: cub
2026-05-08 21:20:09,197 [trainer.py] => data_path: data/
2026-05-08 21:20:09,197 [trainer.py] => memory_size: 0
2026-05-08 21:20:09,197 [trainer.py] => memory_per_class: 0
2026-05-08 21:20:09,197 [trainer.py] => fixed_memory: True
2026-05-08 21:20:09,197 [trainer.py] => shuffle: True
2026-05-08 21:20:09,197 [trainer.py] => init_cls: 5
2026-05-08 21:20:09,198 [trainer.py] => increment: 5
2026-05-08 21:20:09,198 [trainer.py] => model_name: inflora
2026-05-08 21:20:09,198 [trainer.py] => net_type: sip
2026-05-08 21:20:09,198 [trainer.py] => embd_dim: 768
2026-05-08 21:20:09,198 [trainer.py] => num_heads: 12
2026-05-08 21:20:09,198 [trainer.py] => total_sessions: 40
2026-05-08 21:20:09,198 [trainer.py] => seed: 1993
2026-05-08 21:20:09,199 [trainer.py] => device: [device(type='cuda', index=3)]
2026-05-08 21:20:09,199 [trainer.py] => EPSILON: 1e-08
2026-05-08 21:20:09,199 [trainer.py] => init_epoch: 20
2026-05-08 21:20:09,199 [trainer.py] => optim: adam
2026-05-08 21:20:09,199 [trainer.py] => init_lr: 0.0005
2026-05-08 21:20:09,199 [trainer.py] => init_lr_decay: 0.1
2026-05-08 21:20:09,199 [trainer.py] => init_weight_decay: 0.0
2026-05-08 21:20:09,200 [trainer.py] => epochs: 20
2026-05-08 21:20:09,200 [trainer.py] => lrate: 0.0005
2026-05-08 21:20:09,200 [trainer.py] => lrate_decay: 0.1
2026-05-08 21:20:09,200 [trainer.py] => batch_size: 128
2026-05-08 21:20:09,200 [trainer.py] => weight_decay: 0.0
2026-05-08 21:20:09,200 [trainer.py] => rank: 10
2026-05-08 21:20:09,200 [trainer.py] => lamb: 0.95
2026-05-08 21:20:09,201 [trainer.py] => lame: 1.0
2026-05-08 21:20:09,201 [trainer.py] => num_workers: 16
2026-05-08 21:20:09,201 [trainer.py] => backbone_type: vit_base_patch16_224_in21k_inflora
2026-05-08 21:20:09,201 [trainer.py] => pretrained: True
2026-05-08 21:20:09,201 [trainer.py] => nb_classes: 200
2026-05-08 21:20:09,201 [trainer.py] => nb_tasks: 40
2026-05-08 21:20:10,080 [data_manager.py] => [168, 136, 51, 9, 183, 101, 171, 99, 42, 159, 191, 70, 16, 188, 27, 10, 175, 26, 68, 187, 98, 6, 85, 35, 112, 43, 100, 0, 103, 181, 88, 59, 4, 2, 116, 174, 94, 80, 106, 1, 147, 17, 141, 131, 72, 23, 173, 54, 197, 118, 87, 32, 79, 104, 91, 19, 135, 107, 178, 36, 11, 199, 142, 8, 122, 3, 28, 57, 153, 172, 190, 56, 49, 44, 97, 62, 151, 169, 194, 55, 192, 12, 189, 78, 66, 180, 15, 137, 109, 134, 92, 119, 126, 52, 170, 40, 148, 65, 144, 64, 138, 45, 77, 89, 154, 90, 71, 193, 74, 30, 113, 143, 96, 84, 67, 50, 186, 156, 69, 21, 18, 111, 108, 58, 125, 157, 150, 110, 182, 129, 166, 83, 81, 60, 13, 165, 14, 176, 63, 117, 5, 22, 145, 121, 38, 41, 82, 127, 114, 20, 31, 53, 37, 163, 196, 130, 152, 162, 86, 76, 24, 34, 184, 149, 33, 128, 198, 155, 146, 167, 139, 120, 140, 102, 47, 25, 158, 123, 46, 164, 61, 7, 115, 75, 133, 160, 105, 132, 179, 124, 48, 73, 93, 39, 95, 195, 29, 177, 185, 161]
2026-05-08 21:20:35,450 [trainer.py] => All params: 105610384
2026-05-08 21:20:35,456 [trainer.py] => Trainable params: 105610384
2026-05-08 21:20:35,456 [inflora.py] => Learning on 0-5
2026-05-08 21:26:55,966 [inflora.py] => Task 0, Epoch 20/20 => Loss 0.041, Train_accy 98.37
2026-05-08 21:27:10,869 [inflora.py] => Exemplar size: 0
2026-05-08 21:27:10,870 [trainer.py] => No NME accuracy.
2026-05-08 21:27:10,870 [trainer.py] => CNN: {'total': 100.0, '00-04': 100.0, 'old': 0, 'new': 100.0}
2026-05-08 21:27:10,870 [trainer.py] => CNN top1 curve: [100.0]
2026-05-08 21:27:10,870 [trainer.py] => CNN top5 curve: [100.0]
2026-05-08 21:27:10,870 [trainer.py] => Average Accuracy (CNN): 100.0
2026-05-08 21:27:10,877 [trainer.py] => All params: 105610384
2026-05-08 21:27:10,883 [trainer.py] => Trainable params: 188165
2026-05-08 21:27:10,883 [inflora.py] => Learning on 5-10
2026-05-08 21:33:00,876 [inflora.py] => Task 1, Epoch 20/20 => Loss 0.168, Train_accy 93.56
2026-05-08 21:33:24,574 [inflora.py] => Exemplar size: 0
2026-05-08 21:33:24,574 [trainer.py] => No NME accuracy.
2026-05-08 21:33:24,575 [trainer.py] => CNN: {'total': 98.31, '00-04': 100.0, '05-09': 96.92, 'old': 100.0, 'new': 96.92}
2026-05-08 21:33:24,575 [trainer.py] => CNN top1 curve: [100.0, 98.31]
2026-05-08 21:33:24,575 [trainer.py] => CNN top5 curve: [100.0, 98.31]
2026-05-08 21:33:24,575 [trainer.py] => Average Accuracy (CNN): 99.16
2026-05-08 21:33:24,595 [trainer.py] => All params: 105610384
2026-05-08 21:33:24,612 [trainer.py] => Trainable params: 2069815
2026-05-08 21:33:24,612 [inflora.py] => Learning on 10-15
2026-05-08 21:39:11,700 [inflora.py] => Task 2, Epoch 20/20 => Loss 0.056, Train_accy 97.88
2026-05-08 21:39:34,679 [inflora.py] => Exemplar size: 0
2026-05-08 21:39:34,680 [trainer.py] => No NME accuracy.
2026-05-08 21:39:34,680 [trainer.py] => CNN: {'total': 99.44, '00-04': 100.0, '05-09': 98.46, '10-14': 100.0, 'old': 99.15, 'new': 100.0}
2026-05-08 21:39:34,680 [trainer.py] => CNN top1 curve: [100.0, 98.31, 99.44]
2026-05-08 21:39:34,680 [trainer.py] => CNN top5 curve: [100.0, 98.31, 99.44]
2026-05-08 21:39:34,680 [trainer.py] => Average Accuracy (CNN): 99.25
2026-05-08 21:39:34,696 [trainer.py] => All params: 105610384
2026-05-08 21:39:34,709 [trainer.py] => Trainable params: 2069815
2026-05-08 21:39:34,709 [inflora.py] => Learning on 15-20
2026-05-08 21:45:20,877 [inflora.py] => Task 3, Epoch 20/20 => Loss 0.137, Train_accy 95.67
2026-05-08 21:45:42,244 [inflora.py] => Exemplar size: 0
2026-05-08 21:45:42,245 [trainer.py] => No NME accuracy.
2026-05-08 21:45:42,245 [trainer.py] => CNN: {'total': 92.31, '00-04': 86.79, '05-09': 95.38, '10-14': 93.33, '15-19': 92.75, 'old': 92.13, 'new': 92.75}
2026-05-08 21:45:42,245 [trainer.py] => CNN top1 curve: [100.0, 98.31, 99.44, 92.31]
2026-05-08 21:45:42,245 [trainer.py] => CNN top5 curve: [100.0, 98.31, 99.44, 92.31]
2026-05-08 21:45:42,245 [trainer.py] => Average Accuracy (CNN): 97.52
2026-05-08 21:45:42,251 [trainer.py] => All params: 105610384
2026-05-08 21:45:42,257 [trainer.py] => Trainable params: 2069815
2026-05-08 21:45:42,257 [inflora.py] => Learning on 20-25
2026-05-08 21:51:35,362 [inflora.py] => Task 4, Epoch 20/20 => Loss 0.076, Train_accy 97.17
2026-05-08 21:51:58,967 [inflora.py] => Exemplar size: 0
2026-05-08 21:51:58,968 [trainer.py] => No NME accuracy.
2026-05-08 21:51:58,968 [trainer.py] => CNN: {'total': 90.11, '00-04': 81.13, '05-09': 93.85, '10-14': 96.67, '15-19': 89.86, '20-24': 86.11, 'old': 90.69, 'new': 86.11}
2026-05-08 21:51:58,968 [trainer.py] => CNN top1 curve: [100.0, 98.31, 99.44, 92.31, 90.11]
2026-05-08 21:51:58,968 [trainer.py] => CNN top5 curve: [100.0, 98.31, 99.44, 92.31, 90.11]
2026-05-08 21:51:58,969 [trainer.py] => Average Accuracy (CNN): 96.03
2026-05-08 21:51:58,991 [trainer.py] => All params: 105610384
2026-05-08 21:51:59,008 [trainer.py] => Trainable params: 188165
2026-05-08 21:51:59,009 [inflora.py] => Learning on 25-30
2026-05-08 21:57:49,753 [inflora.py] => Task 5, Epoch 20/20 => Loss 0.035, Train_accy 99.13
2026-05-08 21:58:12,143 [inflora.py] => Exemplar size: 0
2026-05-08 21:58:12,143 [trainer.py] => No NME accuracy.
2026-05-08 21:58:12,144 [trainer.py] => CNN: {'total': 85.17, '00-04': 77.36, '05-09': 84.62, '10-14': 96.67, '15-19': 89.86, '20-24': 80.56, '25-29': 78.69, 'old': 86.57, 'new': 78.69}
2026-05-08 21:58:12,144 [trainer.py] => CNN top1 curve: [100.0, 98.31, 99.44, 92.31, 90.11, 85.17]
2026-05-08 21:58:12,144 [trainer.py] => CNN top5 curve: [100.0, 98.31, 99.44, 92.31, 90.11, 85.17]
2026-05-08 21:58:12,144 [trainer.py] => Average Accuracy (CNN): 94.22
2026-05-08 21:58:12,151 [trainer.py] => All params: 105610384
2026-05-08 21:58:12,158 [trainer.py] => Trainable params: 188165
2026-05-08 21:58:12,158 [inflora.py] => Learning on 30-35
2026-05-08 22:03:59,761 [inflora.py] => Task 6, Epoch 20/20 => Loss 0.050, Train_accy 98.21
2026-05-08 22:04:23,818 [inflora.py] => Exemplar size: 0
2026-05-08 22:04:23,819 [trainer.py] => No NME accuracy.
2026-05-08 22:04:23,819 [trainer.py] => CNN: {'total': 83.79, '00-04': 79.25, '05-09': 87.69, '10-14': 95.0, '15-19': 91.3, '20-24': 75.0, '25-29': 75.41, '30-34': 77.19, 'old': 84.88, 'new': 77.19}
2026-05-08 22:04:23,819 [trainer.py] => CNN top1 curve: [100.0, 98.31, 99.44, 92.31, 90.11, 85.17, 83.79]
2026-05-08 22:04:23,819 [trainer.py] => CNN top5 curve: [100.0, 98.31, 99.44, 92.31, 90.11, 85.17, 83.79]
2026-05-08 22:04:23,820 [trainer.py] => Average Accuracy (CNN): 92.73
2026-05-08 22:04:23,840 [trainer.py] => All params: 105610384
2026-05-08 22:04:23,858 [trainer.py] => Trainable params: 188165
2026-05-08 22:04:23,858 [inflora.py] => Learning on 35-40
2026-05-08 22:10:17,536 [inflora.py] => Task 7, Epoch 20/20 => Loss 0.090, Train_accy 97.56
2026-05-08 22:10:42,038 [inflora.py] => Exemplar size: 0
2026-05-08 22:10:42,039 [trainer.py] => No NME accuracy.
2026-05-08 22:10:42,039 [trainer.py] => CNN: {'total': 79.74, '00-04': 73.58, '05-09': 83.08, '10-14': 93.33, '15-19': 89.86, '20-24': 69.44, '25-29': 70.49, '30-34': 73.68, '35-39': 77.36, 'old': 80.05, 'new': 77.36}
2026-05-08 22:10:42,039 [trainer.py] => CNN top1 curve: [100.0, 98.31, 99.44, 92.31, 90.11, 85.17, 83.79, 79.74]
2026-05-08 22:10:42,039 [trainer.py] => CNN top5 curve: [100.0, 98.31, 99.44, 92.31, 90.11, 85.17, 83.79, 79.74]
2026-05-08 22:10:42,039 [trainer.py] => Average Accuracy (CNN): 91.11
2026-05-08 22:10:42,053 [trainer.py] => All params: 105610384
2026-05-08 22:10:42,067 [trainer.py] => Trainable params: 188165
2026-05-08 22:10:42,067 [inflora.py] => Learning on 40-45
2026-05-08 22:16:32,601 [inflora.py] => Task 8, Epoch 20/20 => Loss 0.116, Train_accy 95.28
2026-05-08 22:16:57,190 [inflora.py] => Exemplar size: 0
2026-05-08 22:16:57,191 [trainer.py] => No NME accuracy.
2026-05-08 22:16:57,191 [trainer.py] => CNN: {'total': 80.04, '00-04': 75.47, '05-09': 84.62, '10-14': 95.0, '15-19': 89.86, '20-24': 61.11, '25-29': 72.13, '30-34': 64.91, '35-39': 75.47, '40-44': 92.31, 'old': 78.63, 'new': 92.31}
2026-05-08 22:16:57,191 [trainer.py] => CNN top1 curve: [100.0, 98.31, 99.44, 92.31, 90.11, 85.17, 83.79, 79.74, 80.04]
2026-05-08 22:16:57,191 [trainer.py] => CNN top5 curve: [100.0, 98.31, 99.44, 92.31, 90.11, 85.17, 83.79, 79.74, 80.04]
2026-05-08 22:16:57,191 [trainer.py] => Average Accuracy (CNN): 89.88
2026-05-08 22:16:57,200 [trainer.py] => All params: 105610384
2026-05-08 22:16:57,208 [trainer.py] => Trainable params: 188165
2026-05-08 22:16:57,208 [inflora.py] => Learning on 45-50
2026-05-08 22:22:51,964 [inflora.py] => Task 9, Epoch 20/20 => Loss 0.075, Train_accy 97.46
2026-05-08 22:23:18,371 [inflora.py] => Exemplar size: 0
2026-05-08 22:23:18,371 [trainer.py] => No NME accuracy.
2026-05-08 22:23:18,371 [trainer.py] => CNN: {'total': 78.25, '00-04': 75.47, '05-09': 78.46, '10-14': 93.33, '15-19': 88.41, '20-24': 69.44, '25-29': 68.85, '30-34': 59.65, '35-39': 75.47, '40-44': 76.92, '45-49': 90.91, 'old': 76.88, 'new': 90.91}
2026-05-08 22:23:18,372 [trainer.py] => CNN top1 curve: [100.0, 98.31, 99.44, 92.31, 90.11, 85.17, 83.79, 79.74, 80.04, 78.25]
2026-05-08 22:23:18,372 [trainer.py] => CNN top5 curve: [100.0, 98.31, 99.44, 92.31, 90.11, 85.17, 83.79, 79.74, 80.04, 78.25]
2026-05-08 22:23:18,372 [trainer.py] => Average Accuracy (CNN): 88.72
2026-05-08 22:23:18,387 [trainer.py] => All params: 105610384
2026-05-08 22:23:18,398 [trainer.py] => Trainable params: 188165
2026-05-08 22:23:18,399 [inflora.py] => Learning on 50-55
2026-05-08 22:29:19,389 [inflora.py] => Task 10, Epoch 20/20 => Loss 0.127, Train_accy 94.94
2026-05-08 22:29:54,851 [inflora.py] => Exemplar size: 0
2026-05-08 22:29:54,851 [trainer.py] => No NME accuracy.
2026-05-08 22:29:54,851 [trainer.py] => CNN: {'total': 77.29, '00-04': 75.47, '05-09': 80.0, '10-14': 91.67, '15-19': 86.96, '20-24': 66.67, '25-29': 68.85, '30-34': 61.4, '35-39': 67.92, '40-44': 71.15, '45-49': 89.09, '50-54': 84.31, 'old': 76.65, 'new': 84.31}
2026-05-08 22:29:54,851 [trainer.py] => CNN top1 curve: [100.0, 98.31, 99.44, 92.31, 90.11, 85.17, 83.79, 79.74, 80.04, 78.25, 77.29]
2026-05-08 22:29:54,851 [trainer.py] => CNN top5 curve: [100.0, 98.31, 99.44, 92.31, 90.11, 85.17, 83.79, 79.74, 80.04, 78.25, 77.29]
2026-05-08 22:29:54,851 [trainer.py] => Average Accuracy (CNN): 87.68
2026-05-08 22:29:54,858 [trainer.py] => All params: 105610384
2026-05-08 22:29:54,864 [trainer.py] => Trainable params: 188165
2026-05-08 22:29:54,865 [inflora.py] => Learning on 55-60
2026-05-08 22:36:15,035 [inflora.py] => Task 11, Epoch 20/20 => Loss 0.063, Train_accy 97.89
2026-05-08 22:36:46,029 [inflora.py] => Exemplar size: 0
2026-05-08 22:36:46,029 [trainer.py] => No NME accuracy.
2026-05-08 22:36:46,030 [trainer.py] => CNN: {'total': 75.74, '00-04': 73.58, '05-09': 69.23, '10-14': 93.33, '15-19': 82.61, '20-24': 66.67, '25-29': 68.85, '30-34': 59.65, '35-39': 75.47, '40-44': 75.0, '45-49': 89.09, '50-54': 80.39, '55-59': 71.67, 'old': 76.14, 'new': 71.67}
2026-05-08 22:36:46,030 [trainer.py] => CNN top1 curve: [100.0, 98.31, 99.44, 92.31, 90.11, 85.17, 83.79, 79.74, 80.04, 78.25, 77.29, 75.74]
2026-05-08 22:36:46,030 [trainer.py] => CNN top5 curve: [100.0, 98.31, 99.44, 92.31, 90.11, 85.17, 83.79, 79.74, 80.04, 78.25, 77.29, 75.74]
2026-05-08 22:36:46,031 [trainer.py] => Average Accuracy (CNN): 86.68
2026-05-08 22:36:46,052 [trainer.py] => All params: 105610384
2026-05-08 22:36:46,069 [trainer.py] => Trainable params: 188165
2026-05-08 22:36:46,069 [inflora.py] => Learning on 60-65
2026-05-08 22:42:57,334 [inflora.py] => Task 12, Epoch 20/20 => Loss 0.055, Train_accy 98.33
2026-05-08 22:43:24,254 [inflora.py] => Exemplar size: 0
2026-05-08 22:43:24,255 [trainer.py] => No NME accuracy.
2026-05-08 22:43:24,255 [trainer.py] => CNN: {'total': 74.97, '00-04': 75.47, '05-09': 63.08, '10-14': 96.67, '15-19': 75.36, '20-24': 61.11, '25-29': 70.49, '30-34': 64.91, '35-39': 75.47, '40-44': 69.23, '45-49': 81.82, '50-54': 82.35, '55-59': 70.0, '60-64': 85.45, 'old': 74.11, 'new': 85.45}
2026-05-08 22:43:24,255 [trainer.py] => CNN top1 curve: [100.0, 98.31, 99.44, 92.31, 90.11, 85.17, 83.79, 79.74, 80.04, 78.25, 77.29, 75.74, 74.97]
2026-05-08 22:43:24,255 [trainer.py] => CNN top5 curve: [100.0, 98.31, 99.44, 92.31, 90.11, 85.17, 83.79, 79.74, 80.04, 78.25, 77.29, 75.74, 74.97]
2026-05-08 22:43:24,255 [trainer.py] => Average Accuracy (CNN): 85.78
2026-05-08 22:43:24,263 [trainer.py] => All params: 105610384
2026-05-08 22:43:24,270 [trainer.py] => Trainable params: 188165
2026-05-08 22:43:24,270 [inflora.py] => Learning on 65-70
2026-05-08 22:49:32,993 [inflora.py] => Task 13, Epoch 20/20 => Loss 0.091, Train_accy 97.17
2026-05-08 22:50:07,913 [inflora.py] => Exemplar size: 0
2026-05-08 22:50:07,913 [trainer.py] => No NME accuracy.
2026-05-08 22:50:07,914 [trainer.py] => CNN: {'total': 73.91, '00-04': 77.36, '05-09': 61.54, '10-14': 93.33, '15-19': 78.26, '20-24': 63.89, '25-29': 77.05, '30-34': 63.16, '35-39': 71.7, '40-44': 65.38, '45-49': 80.0, '50-54': 78.43, '55-59': 66.67, '60-64': 83.64, '65-69': 70.59, 'old': 74.14, 'new': 70.59}
2026-05-08 22:50:07,914 [trainer.py] => CNN top1 curve: [100.0, 98.31, 99.44, 92.31, 90.11, 85.17, 83.79, 79.74, 80.04, 78.25, 77.29, 75.74, 74.97, 73.91]
2026-05-08 22:50:07,914 [trainer.py] => CNN top5 curve: [100.0, 98.31, 99.44, 92.31, 90.11, 85.17, 83.79, 79.74, 80.04, 78.25, 77.29, 75.74, 74.97, 73.91]
2026-05-08 22:50:07,914 [trainer.py] => Average Accuracy (CNN): 84.93
2026-05-08 22:50:07,936 [trainer.py] => All params: 105610384
2026-05-08 22:50:07,953 [trainer.py] => Trainable params: 188165
2026-05-08 22:50:07,953 [inflora.py] => Learning on 70-75
2026-05-08 22:56:15,612 [inflora.py] => Task 14, Epoch 20/20 => Loss 0.049, Train_accy 98.26
2026-05-08 22:56:48,102 [inflora.py] => Exemplar size: 0
2026-05-08 22:56:48,103 [trainer.py] => No NME accuracy.
2026-05-08 22:56:48,103 [trainer.py] => CNN: {'total': 75.0, '00-04': 77.36, '05-09': 67.69, '10-14': 98.33, '15-19': 78.26, '20-24': 63.89, '25-29': 81.97, '30-34': 56.14, '35-39': 71.7, '40-44': 69.23, '45-49': 85.45, '50-54': 80.39, '55-59': 65.0, '60-64': 80.0, '65-69': 72.55, '70-74': 72.86, 'old': 75.19, 'new': 72.86}
2026-05-08 22:56:48,103 [trainer.py] => CNN top1 curve: [100.0, 98.31, 99.44, 92.31, 90.11, 85.17, 83.79, 79.74, 80.04, 78.25, 77.29, 75.74, 74.97, 73.91, 75.0]
2026-05-08 22:56:48,104 [trainer.py] => CNN top5 curve: [100.0, 98.31, 99.44, 92.31, 90.11, 85.17, 83.79, 79.74, 80.04, 78.25, 77.29, 75.74, 74.97, 73.91, 75.0]
2026-05-08 22:56:48,104 [trainer.py] => Average Accuracy (CNN): 84.27
2026-05-08 22:56:48,123 [trainer.py] => All params: 105610384
2026-05-08 22:56:48,139 [trainer.py] => Trainable params: 188165
2026-05-08 22:56:48,139 [inflora.py] => Learning on 75-80
2026-05-08 23:02:51,798 [inflora.py] => Task 15, Epoch 20/20 => Loss 0.090, Train_accy 96.51
2026-05-08 23:03:22,500 [inflora.py] => Exemplar size: 0
2026-05-08 23:03:22,501 [trainer.py] => No NME accuracy.
2026-05-08 23:03:22,501 [trainer.py] => CNN: {'total': 74.21, '00-04': 77.36, '05-09': 69.23, '10-14': 90.0, '15-19': 78.26, '20-24': 69.44, '25-29': 81.97, '30-34': 42.11, '35-39': 64.15, '40-44': 69.23, '45-49': 87.27, '50-54': 72.55, '55-59': 60.0, '60-64': 85.45, '65-69': 68.63, '70-74': 71.43, '75-79': 92.96, 'old': 72.64, 'new': 92.96}
2026-05-08 23:03:22,502 [trainer.py] => CNN top1 curve: [100.0, 98.31, 99.44, 92.31, 90.11, 85.17, 83.79, 79.74, 80.04, 78.25, 77.29, 75.74, 74.97, 73.91, 75.0, 74.21]
2026-05-08 23:03:22,502 [trainer.py] => CNN top5 curve: [100.0, 98.31, 99.44, 92.31, 90.11, 85.17, 83.79, 79.74, 80.04, 78.25, 77.29, 75.74, 74.97, 73.91, 75.0, 74.21]
2026-05-08 23:03:22,502 [trainer.py] => Average Accuracy (CNN): 83.64
2026-05-08 23:03:22,523 [trainer.py] => All params: 105610384
2026-05-08 23:03:22,541 [trainer.py] => Trainable params: 188165
2026-05-08 23:03:22,541 [inflora.py] => Learning on 80-85
2026-05-08 23:09:26,209 [inflora.py] => Task 16, Epoch 20/20 => Loss 0.095, Train_accy 97.45
2026-05-08 23:10:04,548 [inflora.py] => Exemplar size: 0
2026-05-08 23:10:04,549 [trainer.py] => No NME accuracy.
2026-05-08 23:10:04,549 [trainer.py] => CNN: {'total': 70.37, '00-04': 73.58, '05-09': 67.69, '10-14': 83.33, '15-19': 72.46, '20-24': 63.89, '25-29': 75.41, '30-34': 47.37, '35-39': 62.26, '40-44': 73.08, '45-49': 87.27, '50-54': 66.67, '55-59': 56.67, '60-64': 78.18, '65-69': 54.9, '70-74': 68.57, '75-79': 90.14, '80-84': 66.67, 'old': 70.62, 'new': 66.67}
2026-05-08 23:10:04,549 [trainer.py] => CNN top1 curve: [100.0, 98.31, 99.44, 92.31, 90.11, 85.17, 83.79, 79.74, 80.04, 78.25, 77.29, 75.74, 74.97, 73.91, 75.0, 74.21, 70.37]
2026-05-08 23:10:04,549 [trainer.py] => CNN top5 curve: [100.0, 98.31, 99.44, 92.31, 90.11, 85.17, 83.79, 79.74, 80.04, 78.25, 77.29, 75.74, 74.97, 73.91, 75.0, 74.21, 70.37]
2026-05-08 23:10:04,549 [trainer.py] => Average Accuracy (CNN): 82.86
2026-05-08 23:10:04,564 [trainer.py] => All params: 105610384
2026-05-08 23:10:04,576 [trainer.py] => Trainable params: 188165
2026-05-08 23:10:04,576 [inflora.py] => Learning on 85-90
2026-05-08 23:16:27,552 [inflora.py] => Task 17, Epoch 20/20 => Loss 0.128, Train_accy 95.58
2026-05-08 23:17:00,853 [inflora.py] => Exemplar size: 0
2026-05-08 23:17:00,853 [trainer.py] => No NME accuracy.
2026-05-08 23:17:00,854 [trainer.py] => CNN: {'total': 68.44, '00-04': 73.58, '05-09': 64.62, '10-14': 83.33, '15-19': 69.57, '20-24': 63.89, '25-29': 73.77, '30-34': 49.12, '35-39': 54.72, '40-44': 73.08, '45-49': 81.82, '50-54': 66.67, '55-59': 55.0, '60-64': 78.18, '65-69': 50.98, '70-74': 70.0, '75-79': 85.92, '80-84': 69.84, '85-89': 61.43, 'old': 68.94, 'new': 61.43}
2026-05-08 23:17:00,854 [trainer.py] => CNN top1 curve: [100.0, 98.31, 99.44, 92.31, 90.11, 85.17, 83.79, 79.74, 80.04, 78.25, 77.29, 75.74, 74.97, 73.91, 75.0, 74.21, 70.37, 68.44]
2026-05-08 23:17:00,854 [trainer.py] => CNN top5 curve: [100.0, 98.31, 99.44, 92.31, 90.11, 85.17, 83.79, 79.74, 80.04, 78.25, 77.29, 75.74, 74.97, 73.91, 75.0, 74.21, 70.37, 68.44]
2026-05-08 23:17:00,854 [trainer.py] => Average Accuracy (CNN): 82.06
2026-05-08 23:17:00,874 [trainer.py] => All params: 105610384
2026-05-08 23:17:00,891 [trainer.py] => Trainable params: 188165
2026-05-08 23:17:00,891 [inflora.py] => Learning on 90-95
2026-05-08 23:22:57,192 [inflora.py] => Task 18, Epoch 20/20 => Loss 0.125, Train_accy 95.93
2026-05-08 23:23:34,620 [inflora.py] => Exemplar size: 0
2026-05-08 23:23:34,620 [trainer.py] => No NME accuracy.
2026-05-08 23:23:34,621 [trainer.py] => CNN: {'total': 68.44, '00-04': 71.7, '05-09': 64.62, '10-14': 83.33, '15-19': 71.01, '20-24': 66.67, '25-29': 75.41, '30-34': 47.37, '35-39': 66.04, '40-44': 71.15, '45-49': 81.82, '50-54': 62.75, '55-59': 55.0, '60-64': 76.36, '65-69': 50.98, '70-74': 65.71, '75-79': 92.96, '80-84': 66.67, '85-89': 61.43, '90-94': 64.56, 'old': 68.73, 'new': 64.56}
2026-05-08 23:23:34,621 [trainer.py] => CNN top1 curve: [100.0, 98.31, 99.44, 92.31, 90.11, 85.17, 83.79, 79.74, 80.04, 78.25, 77.29, 75.74, 74.97, 73.91, 75.0, 74.21, 70.37, 68.44, 68.44]
2026-05-08 23:23:34,621 [trainer.py] => CNN top5 curve: [100.0, 98.31, 99.44, 92.31, 90.11, 85.17, 83.79, 79.74, 80.04, 78.25, 77.29, 75.74, 74.97, 73.91, 75.0, 74.21, 70.37, 68.44, 68.44]
2026-05-08 23:23:34,621 [trainer.py] => Average Accuracy (CNN): 81.34
2026-05-08 23:23:34,638 [trainer.py] => All params: 105610384
2026-05-08 23:23:34,651 [trainer.py] => Trainable params: 188165
2026-05-08 23:23:34,652 [inflora.py] => Learning on 95-100
2026-05-08 23:29:42,587 [inflora.py] => Task 19, Epoch 20/20 => Loss 0.231, Train_accy 91.38
2026-05-08 23:30:18,376 [inflora.py] => Exemplar size: 0
2026-05-08 23:30:18,376 [trainer.py] => No NME accuracy.
2026-05-08 23:30:18,376 [trainer.py] => CNN: {'total': 66.58, '00-04': 73.58, '05-09': 66.15, '10-14': 85.0, '15-19': 71.01, '20-24': 58.33, '25-29': 75.41, '30-34': 49.12, '35-39': 58.49, '40-44': 75.0, '45-49': 81.82, '50-54': 58.82, '55-59': 55.0, '60-64': 70.91, '65-69': 54.9, '70-74': 64.29, '75-79': 81.69, '80-84': 60.32, '85-89': 62.86, '90-94': 59.49, '95-99': 64.91, 'old': 66.67, 'new': 64.91}
2026-05-08 23:30:18,376 [trainer.py] => CNN top1 curve: [100.0, 98.31, 99.44, 92.31, 90.11, 85.17, 83.79, 79.74, 80.04, 78.25, 77.29, 75.74, 74.97, 73.91, 75.0, 74.21, 70.37, 68.44, 68.44, 66.58]
2026-05-08 23:30:18,377 [trainer.py] => CNN top5 curve: [100.0, 98.31, 99.44, 92.31, 90.11, 85.17, 83.79, 79.74, 80.04, 78.25, 77.29, 75.74, 74.97, 73.91, 75.0, 74.21, 70.37, 68.44, 68.44, 66.58]
2026-05-08 23:30:18,377 [trainer.py] => Average Accuracy (CNN): 80.61
2026-05-08 23:30:18,392 [trainer.py] => All params: 105610384
2026-05-08 23:30:18,403 [trainer.py] => Trainable params: 188165
2026-05-08 23:30:18,404 [inflora.py] => Learning on 100-105
2026-05-08 23:36:33,499 [inflora.py] => Task 20, Epoch 20/20 => Loss 0.044, Train_accy 98.78
2026-05-08 23:37:11,833 [inflora.py] => Exemplar size: 0
2026-05-08 23:37:11,834 [trainer.py] => No NME accuracy.
2026-05-08 23:37:11,834 [trainer.py] => CNN: {'total': 64.41, '00-04': 73.58, '05-09': 67.69, '10-14': 78.33, '15-19': 71.01, '20-24': 61.11, '25-29': 85.25, '30-34': 43.86, '35-39': 56.6, '40-44': 73.08, '45-49': 80.0, '50-54': 62.75, '55-59': 43.33, '60-64': 70.91, '65-69': 41.18, '70-74': 55.71, '75-79': 70.42, '80-84': 55.56, '85-89': 54.29, '90-94': 60.76, '95-99': 52.63, '100-104': 96.3, 'old': 62.96, 'new': 96.3}
2026-05-08 23:37:11,834 [trainer.py] => CNN top1 curve: [100.0, 98.31, 99.44, 92.31, 90.11, 85.17, 83.79, 79.74, 80.04, 78.25, 77.29, 75.74, 74.97, 73.91, 75.0, 74.21, 70.37, 68.44, 68.44, 66.58, 64.41]
2026-05-08 23:37:11,835 [trainer.py] => CNN top5 curve: [100.0, 98.31, 99.44, 92.31, 90.11, 85.17, 83.79, 79.74, 80.04, 78.25, 77.29, 75.74, 74.97, 73.91, 75.0, 74.21, 70.37, 68.44, 68.44, 66.58, 64.41]
2026-05-08 23:37:11,835 [trainer.py] => Average Accuracy (CNN): 79.83
2026-05-08 23:37:11,854 [trainer.py] => All params: 105610384
2026-05-08 23:37:11,871 [trainer.py] => Trainable params: 188165
2026-05-08 23:37:11,872 [inflora.py] => Learning on 105-110
2026-05-08 23:43:12,717 [inflora.py] => Task 21, Epoch 20/20 => Loss 0.071, Train_accy 97.46
2026-05-08 23:43:52,779 [inflora.py] => Exemplar size: 0
2026-05-08 23:43:52,780 [trainer.py] => No NME accuracy.
2026-05-08 23:43:52,780 [trainer.py] => CNN: {'total': 62.24, '00-04': 73.58, '05-09': 64.62, '10-14': 78.33, '15-19': 72.46, '20-24': 63.89, '25-29': 91.8, '30-34': 31.58, '35-39': 52.83, '40-44': 65.38, '45-49': 85.45, '50-54': 52.94, '55-59': 35.0, '60-64': 67.27, '65-69': 29.41, '70-74': 51.43, '75-79': 64.79, '80-84': 50.79, '85-89': 57.14, '90-94': 65.82, '95-99': 56.14, '100-104': 96.3, '105-109': 60.66, 'old': 62.32, 'new': 60.66}
2026-05-08 23:43:52,781 [trainer.py] => CNN top1 curve: [100.0, 98.31, 99.44, 92.31, 90.11, 85.17, 83.79, 79.74, 80.04, 78.25, 77.29, 75.74, 74.97, 73.91, 75.0, 74.21, 70.37, 68.44, 68.44, 66.58, 64.41, 62.24]
2026-05-08 23:43:52,781 [trainer.py] => CNN top5 curve: [100.0, 98.31, 99.44, 92.31, 90.11, 85.17, 83.79, 79.74, 80.04, 78.25, 77.29, 75.74, 74.97, 73.91, 75.0, 74.21, 70.37, 68.44, 68.44, 66.58, 64.41, 62.24]
2026-05-08 23:43:52,781 [trainer.py] => Average Accuracy (CNN): 79.03
2026-05-08 23:43:52,801 [trainer.py] => All params: 105610384
2026-05-08 23:43:52,819 [trainer.py] => Trainable params: 188165
2026-05-08 23:43:52,819 [inflora.py] => Learning on 110-115
2026-05-08 23:50:06,282 [inflora.py] => Task 22, Epoch 20/20 => Loss 0.117, Train_accy 95.74
2026-05-08 23:50:40,725 [inflora.py] => Exemplar size: 0
2026-05-08 23:50:40,725 [trainer.py] => No NME accuracy.
2026-05-08 23:50:40,726 [trainer.py] => CNN: {'total': 62.03, '00-04': 73.58, '05-09': 64.62, '10-14': 78.33, '15-19': 76.81, '20-24': 63.89, '25-29': 81.97, '30-34': 35.09, '35-39': 56.6, '40-44': 69.23, '45-49': 87.27, '50-54': 52.94, '55-59': 40.0, '60-64': 72.73, '65-69': 25.49, '70-74': 54.29, '75-79': 63.38, '80-84': 50.79, '85-89': 54.29, '90-94': 60.76, '95-99': 50.88, '100-104': 98.15, '105-109': 60.66, '110-114': 56.25, 'old': 62.32, 'new': 56.25}
2026-05-08 23:50:40,726 [trainer.py] => CNN top1 curve: [100.0, 98.31, 99.44, 92.31, 90.11, 85.17, 83.79, 79.74, 80.04, 78.25, 77.29, 75.74, 74.97, 73.91, 75.0, 74.21, 70.37, 68.44, 68.44, 66.58, 64.41, 62.24, 62.03]
2026-05-08 23:50:40,726 [trainer.py] => CNN top5 curve: [100.0, 98.31, 99.44, 92.31, 90.11, 85.17, 83.79, 79.74, 80.04, 78.25, 77.29, 75.74, 74.97, 73.91, 75.0, 74.21, 70.37, 68.44, 68.44, 66.58, 64.41, 62.24, 62.03]
2026-05-08 23:50:40,727 [trainer.py] => Average Accuracy (CNN): 78.3
2026-05-08 23:50:40,746 [trainer.py] => All params: 105610384
2026-05-08 23:50:40,763 [trainer.py] => Trainable params: 188165
2026-05-08 23:50:40,763 [inflora.py] => Learning on 115-120
2026-05-08 23:57:06,919 [inflora.py] => Task 23, Epoch 20/20 => Loss 0.037, Train_accy 98.73
2026-05-08 23:57:46,364 [inflora.py] => Exemplar size: 0
2026-05-08 23:57:46,364 [trainer.py] => No NME accuracy.
2026-05-08 23:57:46,365 [trainer.py] => CNN: {'total': 61.37, '00-04': 69.81, '05-09': 58.46, '10-14': 75.0, '15-19': 73.91, '20-24': 61.11, '25-29': 88.52, '30-34': 36.84, '35-39': 60.38, '40-44': 73.08, '45-49': 87.27, '50-54': 54.9, '55-59': 38.33, '60-64': 70.91, '65-69': 29.41, '70-74': 35.71, '75-79': 63.38, '80-84': 58.73, '85-89': 55.71, '90-94': 60.76, '95-99': 52.63, '100-104': 98.15, '105-109': 63.93, '110-114': 45.31, '115-119': 67.35, 'old': 61.16, 'new': 67.35}
2026-05-08 23:57:46,365 [trainer.py] => CNN top1 curve: [100.0, 98.31, 99.44, 92.31, 90.11, 85.17, 83.79, 79.74, 80.04, 78.25, 77.29, 75.74, 74.97, 73.91, 75.0, 74.21, 70.37, 68.44, 68.44, 66.58, 64.41, 62.24, 62.03, 61.37]
2026-05-08 23:57:46,365 [trainer.py] => CNN top5 curve: [100.0, 98.31, 99.44, 92.31, 90.11, 85.17, 83.79, 79.74, 80.04, 78.25, 77.29, 75.74, 74.97, 73.91, 75.0, 74.21, 70.37, 68.44, 68.44, 66.58, 64.41, 62.24, 62.03, 61.37]
2026-05-08 23:57:46,365 [trainer.py] => Average Accuracy (CNN): 77.59
2026-05-08 23:57:46,372 [trainer.py] => All params: 105610384
2026-05-08 23:57:46,379 [trainer.py] => Trainable params: 188165
2026-05-08 23:57:46,379 [inflora.py] => Learning on 120-125
2026-05-09 00:03:55,985 [inflora.py] => Task 24, Epoch 20/20 => Loss 0.066, Train_accy 97.59
2026-05-09 00:04:38,070 [inflora.py] => Exemplar size: 0
2026-05-09 00:04:38,071 [trainer.py] => No NME accuracy.
2026-05-09 00:04:38,071 [trainer.py] => CNN: {'total': 59.8, '00-04': 66.04, '05-09': 58.46, '10-14': 71.67, '15-19': 73.91, '20-24': 61.11, '25-29': 81.97, '30-34': 28.07, '35-39': 56.6, '40-44': 73.08, '45-49': 83.64, '50-54': 49.02, '55-59': 31.67, '60-64': 70.91, '65-69': 23.53, '70-74': 38.57, '75-79': 57.75, '80-84': 69.84, '85-89': 52.86, '90-94': 56.96, '95-99': 47.37, '100-104': 94.44, '105-109': 65.57, '110-114': 46.88, '115-119': 69.39, '120-124': 73.47, 'old': 59.32, 'new': 73.47}
2026-05-09 00:04:38,071 [trainer.py] => CNN top1 curve: [100.0, 98.31, 99.44, 92.31, 90.11, 85.17, 83.79, 79.74, 80.04, 78.25, 77.29, 75.74, 74.97, 73.91, 75.0, 74.21, 70.37, 68.44, 68.44, 66.58, 64.41, 62.24, 62.03, 61.37, 59.8]
2026-05-09 00:04:38,072 [trainer.py] => CNN top5 curve: [100.0, 98.31, 99.44, 92.31, 90.11, 85.17, 83.79, 79.74, 80.04, 78.25, 77.29, 75.74, 74.97, 73.91, 75.0, 74.21, 70.37, 68.44, 68.44, 66.58, 64.41, 62.24, 62.03, 61.37, 59.8]
2026-05-09 00:04:38,072 [trainer.py] => Average Accuracy (CNN): 76.88
2026-05-09 00:04:38,092 [trainer.py] => All params: 105610384
2026-05-09 00:04:38,109 [trainer.py] => Trainable params: 188165
2026-05-09 00:04:38,109 [inflora.py] => Learning on 125-130
2026-05-09 00:10:45,117 [inflora.py] => Task 25, Epoch 20/20 => Loss 0.123, Train_accy 95.71
2026-05-09 00:11:21,097 [inflora.py] => Exemplar size: 0
2026-05-09 00:11:21,097 [trainer.py] => No NME accuracy.
2026-05-09 00:11:21,098 [trainer.py] => CNN: {'total': 58.31, '00-04': 71.7, '05-09': 67.69, '10-14': 71.67, '15-19': 72.46, '20-24': 63.89, '25-29': 80.33, '30-34': 42.11, '35-39': 60.38, '40-44': 71.15, '45-49': 76.36, '50-54': 41.18, '55-59': 30.0, '60-64': 69.09, '65-69': 21.57, '70-74': 45.71, '75-79': 66.2, '80-84': 61.9, '85-89': 55.71, '90-94': 48.1, '95-99': 47.37, '100-104': 96.3, '105-109': 65.57, '110-114': 34.38, '115-119': 55.1, '120-124': 69.39, '125-129': 36.21, 'old': 59.18, 'new': 36.21}
2026-05-09 00:11:21,098 [trainer.py] => CNN top1 curve: [100.0, 98.31, 99.44, 92.31, 90.11, 85.17, 83.79, 79.74, 80.04, 78.25, 77.29, 75.74, 74.97, 73.91, 75.0, 74.21, 70.37, 68.44, 68.44, 66.58, 64.41, 62.24, 62.03, 61.37, 59.8, 58.31]
2026-05-09 00:11:21,098 [trainer.py] => CNN top5 curve: [100.0, 98.31, 99.44, 92.31, 90.11, 85.17, 83.79, 79.74, 80.04, 78.25, 77.29, 75.74, 74.97, 73.91, 75.0, 74.21, 70.37, 68.44, 68.44, 66.58, 64.41, 62.24, 62.03, 61.37, 59.8, 58.31]
2026-05-09 00:11:21,098 [trainer.py] => Average Accuracy (CNN): 76.16
2026-05-09 00:11:21,116 [trainer.py] => All params: 105610384
2026-05-09 00:11:21,131 [trainer.py] => Trainable params: 188165
2026-05-09 00:11:21,131 [inflora.py] => Learning on 130-135
2026-05-09 00:17:14,883 [inflora.py] => Task 26, Epoch 20/20 => Loss 0.099, Train_accy 95.71
2026-05-09 00:18:04,069 [inflora.py] => Exemplar size: 0
2026-05-09 00:18:04,070 [trainer.py] => No NME accuracy.
2026-05-09 00:18:04,070 [trainer.py] => CNN: {'total': 57.55, '00-04': 71.7, '05-09': 63.08, '10-14': 70.0, '15-19': 63.77, '20-24': 61.11, '25-29': 77.05, '30-34': 49.12, '35-39': 56.6, '40-44': 69.23, '45-49': 74.55, '50-54': 41.18, '55-59': 41.67, '60-64': 72.73, '65-69': 29.41, '70-74': 55.71, '75-79': 64.79, '80-84': 63.49, '85-89': 57.14, '90-94': 50.63, '95-99': 49.12, '100-104': 96.3, '105-109': 67.21, '110-114': 32.81, '115-119': 46.94, '120-124': 63.27, '125-129': 27.59, '130-134': 40.0, 'old': 58.24, 'new': 40.0}
2026-05-09 00:18:04,070 [trainer.py] => CNN top1 curve: [100.0, 98.31, 99.44, 92.31, 90.11, 85.17, 83.79, 79.74, 80.04, 78.25, 77.29, 75.74, 74.97, 73.91, 75.0, 74.21, 70.37, 68.44, 68.44, 66.58, 64.41, 62.24, 62.03, 61.37, 59.8, 58.31, 57.55]
2026-05-09 00:18:04,071 [trainer.py] => CNN top5 curve: [100.0, 98.31, 99.44, 92.31, 90.11, 85.17, 83.79, 79.74, 80.04, 78.25, 77.29, 75.74, 74.97, 73.91, 75.0, 74.21, 70.37, 68.44, 68.44, 66.58, 64.41, 62.24, 62.03, 61.37, 59.8, 58.31, 57.55]
2026-05-09 00:18:04,071 [trainer.py] => Average Accuracy (CNN): 75.47
2026-05-09 00:18:04,090 [trainer.py] => All params: 105610384
2026-05-09 00:18:04,107 [trainer.py] => Trainable params: 188165
2026-05-09 00:18:04,107 [inflora.py] => Learning on 135-140
2026-05-09 00:24:04,266 [inflora.py] => Task 27, Epoch 20/20 => Loss 0.085, Train_accy 96.65
2026-05-09 00:24:43,687 [inflora.py] => Exemplar size: 0
2026-05-09 00:24:43,687 [trainer.py] => No NME accuracy.
2026-05-09 00:24:43,688 [trainer.py] => CNN: {'total': 57.4, '00-04': 71.7, '05-09': 67.69, '10-14': 71.67, '15-19': 63.77, '20-24': 61.11, '25-29': 80.33, '30-34': 49.12, '35-39': 54.72, '40-44': 69.23, '45-49': 72.73, '50-54': 39.22, '55-59': 35.0, '60-64': 76.36, '65-69': 31.37, '70-74': 55.71, '75-79': 60.56, '80-84': 68.25, '85-89': 60.0, '90-94': 55.7, '95-99': 47.37, '100-104': 96.3, '105-109': 62.3, '110-114': 31.25, '115-119': 48.98, '120-124': 69.39, '125-129': 25.86, '130-134': 38.33, '135-139': 44.83, 'old': 57.86, 'new': 44.83}
2026-05-09 00:24:43,688 [trainer.py] => CNN top1 curve: [100.0, 98.31, 99.44, 92.31, 90.11, 85.17, 83.79, 79.74, 80.04, 78.25, 77.29, 75.74, 74.97, 73.91, 75.0, 74.21, 70.37, 68.44, 68.44, 66.58, 64.41, 62.24, 62.03, 61.37, 59.8, 58.31, 57.55, 57.4]
2026-05-09 00:24:43,688 [trainer.py] => CNN top5 curve: [100.0, 98.31, 99.44, 92.31, 90.11, 85.17, 83.79, 79.74, 80.04, 78.25, 77.29, 75.74, 74.97, 73.91, 75.0, 74.21, 70.37, 68.44, 68.44, 66.58, 64.41, 62.24, 62.03, 61.37, 59.8, 58.31, 57.55, 57.4]
2026-05-09 00:24:43,689 [trainer.py] => Average Accuracy (CNN): 74.83
2026-05-09 00:24:43,708 [trainer.py] => All params: 105610384
2026-05-09 00:24:43,725 [trainer.py] => Trainable params: 188165
2026-05-09 00:24:43,725 [inflora.py] => Learning on 140-145
2026-05-09 00:30:31,501 [inflora.py] => Task 28, Epoch 20/20 => Loss 0.090, Train_accy 96.85
2026-05-09 00:31:12,715 [inflora.py] => Exemplar size: 0
2026-05-09 00:31:12,716 [trainer.py] => No NME accuracy.
2026-05-09 00:31:12,716 [trainer.py] => CNN: {'total': 55.54, '00-04': 71.7, '05-09': 64.62, '10-14': 71.67, '15-19': 68.12, '20-24': 61.11, '25-29': 80.33, '30-34': 43.86, '35-39': 56.6, '40-44': 63.46, '45-49': 72.73, '50-54': 37.25, '55-59': 18.33, '60-64': 72.73, '65-69': 25.49, '70-74': 55.71, '75-79': 54.93, '80-84': 65.08, '85-89': 58.57, '90-94': 53.16, '95-99': 47.37, '100-104': 96.3, '105-109': 62.3, '110-114': 34.38, '115-119': 44.9, '120-124': 69.39, '125-129': 22.41, '130-134': 36.67, '135-139': 37.93, '140-144': 64.91, 'old': 55.21, 'new': 64.91}
2026-05-09 00:31:12,717 [trainer.py] => CNN top1 curve: [100.0, 98.31, 99.44, 92.31, 90.11, 85.17, 83.79, 79.74, 80.04, 78.25, 77.29, 75.74, 74.97, 73.91, 75.0, 74.21, 70.37, 68.44, 68.44, 66.58, 64.41, 62.24, 62.03, 61.37, 59.8, 58.31, 57.55, 57.4, 55.54]
2026-05-09 00:31:12,717 [trainer.py] => CNN top5 curve: [100.0, 98.31, 99.44, 92.31, 90.11, 85.17, 83.79, 79.74, 80.04, 78.25, 77.29, 75.74, 74.97, 73.91, 75.0, 74.21, 70.37, 68.44, 68.44, 66.58, 64.41, 62.24, 62.03, 61.37, 59.8, 58.31, 57.55, 57.4, 55.54]
2026-05-09 00:31:12,717 [trainer.py] => Average Accuracy (CNN): 74.16
2026-05-09 00:31:12,738 [trainer.py] => All params: 105610384
2026-05-09 00:31:12,755 [trainer.py] => Trainable params: 188165
2026-05-09 00:31:12,755 [inflora.py] => Learning on 145-150
2026-05-09 00:36:59,655 [inflora.py] => Task 29, Epoch 20/20 => Loss 0.141, Train_accy 95.22
2026-05-09 00:37:42,320 [inflora.py] => Exemplar size: 0
2026-05-09 00:37:42,321 [trainer.py] => No NME accuracy.
2026-05-09 00:37:42,321 [trainer.py] => CNN: {'total': 57.78, '00-04': 71.7, '05-09': 72.31, '10-14': 73.33, '15-19': 66.67, '20-24': 61.11, '25-29': 75.41, '30-34': 49.12, '35-39': 58.49, '40-44': 69.23, '45-49': 76.36, '50-54': 37.25, '55-59': 28.33, '60-64': 72.73, '65-69': 27.45, '70-74': 55.71, '75-79': 53.52, '80-84': 77.78, '85-89': 61.43, '90-94': 59.49, '95-99': 47.37, '100-104': 96.3, '105-109': 65.57, '110-114': 34.38, '115-119': 42.86, '120-124': 71.43, '125-129': 25.86, '130-134': 36.67, '135-139': 43.1, '140-144': 59.65, '145-149': 60.87, 'old': 57.66, 'new': 60.87}
2026-05-09 00:37:42,321 [trainer.py] => CNN top1 curve: [100.0, 98.31, 99.44, 92.31, 90.11, 85.17, 83.79, 79.74, 80.04, 78.25, 77.29, 75.74, 74.97, 73.91, 75.0, 74.21, 70.37, 68.44, 68.44, 66.58, 64.41, 62.24, 62.03, 61.37, 59.8, 58.31, 57.55, 57.4, 55.54, 57.78]
2026-05-09 00:37:42,321 [trainer.py] => CNN top5 curve: [100.0, 98.31, 99.44, 92.31, 90.11, 85.17, 83.79, 79.74, 80.04, 78.25, 77.29, 75.74, 74.97, 73.91, 75.0, 74.21, 70.37, 68.44, 68.44, 66.58, 64.41, 62.24, 62.03, 61.37, 59.8, 58.31, 57.55, 57.4, 55.54, 57.78]
2026-05-09 00:37:42,322 [trainer.py] => Average Accuracy (CNN): 73.62
2026-05-09 00:37:42,340 [trainer.py] => All params: 105610384
2026-05-09 00:37:42,355 [trainer.py] => Trainable params: 188165
2026-05-09 00:37:42,355 [inflora.py] => Learning on 150-155
2026-05-09 00:43:40,684 [inflora.py] => Task 30, Epoch 20/20 => Loss 0.096, Train_accy 96.14
2026-05-09 00:44:23,881 [inflora.py] => Exemplar size: 0
2026-05-09 00:44:23,881 [trainer.py] => No NME accuracy.
2026-05-09 00:44:23,881 [trainer.py] => CNN: {'total': 57.47, '00-04': 73.58, '05-09': 63.08, '10-14': 75.0, '15-19': 62.32, '20-24': 61.11, '25-29': 73.77, '30-34': 47.37, '35-39': 58.49, '40-44': 71.15, '45-49': 76.36, '50-54': 47.06, '55-59': 26.67, '60-64': 72.73, '65-69': 27.45, '70-74': 50.0, '75-79': 57.75, '80-84': 71.43, '85-89': 61.43, '90-94': 59.49, '95-99': 49.12, '100-104': 96.3, '105-109': 60.66, '110-114': 31.25, '115-119': 48.98, '120-124': 67.35, '125-129': 32.76, '130-134': 40.0, '135-139': 41.38, '140-144': 54.39, '145-149': 57.97, '150-154': 68.33, 'old': 57.1, 'new': 68.33}
2026-05-09 00:44:23,881 [trainer.py] => CNN top1 curve: [100.0, 98.31, 99.44, 92.31, 90.11, 85.17, 83.79, 79.74, 80.04, 78.25, 77.29, 75.74, 74.97, 73.91, 75.0, 74.21, 70.37, 68.44, 68.44, 66.58, 64.41, 62.24, 62.03, 61.37, 59.8, 58.31, 57.55, 57.4, 55.54, 57.78, 57.47]
2026-05-09 00:44:23,882 [trainer.py] => CNN top5 curve: [100.0, 98.31, 99.44, 92.31, 90.11, 85.17, 83.79, 79.74, 80.04, 78.25, 77.29, 75.74, 74.97, 73.91, 75.0, 74.21, 70.37, 68.44, 68.44, 66.58, 64.41, 62.24, 62.03, 61.37, 59.8, 58.31, 57.55, 57.4, 55.54, 57.78, 57.47]
2026-05-09 00:44:23,882 [trainer.py] => Average Accuracy (CNN): 73.1
2026-05-09 00:44:23,893 [trainer.py] => All params: 105610384
2026-05-09 00:44:23,900 [trainer.py] => Trainable params: 188165
2026-05-09 00:44:23,900 [inflora.py] => Learning on 155-160
2026-05-09 00:50:12,338 [inflora.py] => Task 31, Epoch 20/20 => Loss 0.068, Train_accy 97.02
2026-05-09 00:51:00,117 [inflora.py] => Exemplar size: 0
2026-05-09 00:51:00,118 [trainer.py] => No NME accuracy.
2026-05-09 00:51:00,118 [trainer.py] => CNN: {'total': 57.01, '00-04': 73.58, '05-09': 69.23, '10-14': 68.33, '15-19': 57.97, '20-24': 61.11, '25-29': 70.49, '30-34': 49.12, '35-39': 52.83, '40-44': 71.15, '45-49': 74.55, '50-54': 39.22, '55-59': 43.33, '60-64': 70.91, '65-69': 31.37, '70-74': 60.0, '75-79': 57.75, '80-84': 68.25, '85-89': 64.29, '90-94': 51.9, '95-99': 49.12, '100-104': 85.19, '105-109': 57.38, '110-114': 25.0, '115-119': 46.94, '120-124': 65.31, '125-129': 36.21, '130-134': 41.67, '135-139': 36.21, '140-144': 50.88, '145-149': 60.87, '150-154': 70.0, '155-159': 64.06, 'old': 56.76, 'new': 64.06}
2026-05-09 00:51:00,118 [trainer.py] => CNN top1 curve: [100.0, 98.31, 99.44, 92.31, 90.11, 85.17, 83.79, 79.74, 80.04, 78.25, 77.29, 75.74, 74.97, 73.91, 75.0, 74.21, 70.37, 68.44, 68.44, 66.58, 64.41, 62.24, 62.03, 61.37, 59.8, 58.31, 57.55, 57.4, 55.54, 57.78, 57.47, 57.01]
2026-05-09 00:51:00,118 [trainer.py] => CNN top5 curve: [100.0, 98.31, 99.44, 92.31, 90.11, 85.17, 83.79, 79.74, 80.04, 78.25, 77.29, 75.74, 74.97, 73.91, 75.0, 74.21, 70.37, 68.44, 68.44, 66.58, 64.41, 62.24, 62.03, 61.37, 59.8, 58.31, 57.55, 57.4, 55.54, 57.78, 57.47, 57.01]
2026-05-09 00:51:00,118 [trainer.py] => Average Accuracy (CNN): 72.59
2026-05-09 00:51:00,127 [trainer.py] => All params: 105610384
2026-05-09 00:51:00,135 [trainer.py] => Trainable params: 188165
2026-05-09 00:51:00,135 [inflora.py] => Learning on 160-165
2026-05-09 00:56:46,768 [inflora.py] => Task 32, Epoch 20/20 => Loss 0.104, Train_accy 96.41
2026-05-09 00:57:28,962 [inflora.py] => Exemplar size: 0
2026-05-09 00:57:28,963 [trainer.py] => No NME accuracy.
2026-05-09 00:57:28,963 [trainer.py] => CNN: {'total': 58.67, '00-04': 73.58, '05-09': 76.92, '10-14': 78.33, '15-19': 68.12, '20-24': 61.11, '25-29': 70.49, '30-34': 50.88, '35-39': 58.49, '40-44': 69.23, '45-49': 72.73, '50-54': 47.06, '55-59': 31.67, '60-64': 74.55, '65-69': 31.37, '70-74': 55.71, '75-79': 63.38, '80-84': 69.84, '85-89': 62.86, '90-94': 51.9, '95-99': 49.12, '100-104': 92.59, '105-109': 52.46, '110-114': 26.56, '115-119': 44.9, '120-124': 65.31, '125-129': 39.66, '130-134': 45.0, '135-139': 36.21, '140-144': 52.63, '145-149': 60.87, '150-154': 65.0, '155-159': 56.25, '160-164': 76.32, 'old': 57.96, 'new': 76.32}
2026-05-09 00:57:28,964 [trainer.py] => CNN top1 curve: [100.0, 98.31, 99.44, 92.31, 90.11, 85.17, 83.79, 79.74, 80.04, 78.25, 77.29, 75.74, 74.97, 73.91, 75.0, 74.21, 70.37, 68.44, 68.44, 66.58, 64.41, 62.24, 62.03, 61.37, 59.8, 58.31, 57.55, 57.4, 55.54, 57.78, 57.47, 57.01, 58.67]
2026-05-09 00:57:28,964 [trainer.py] => CNN top5 curve: [100.0, 98.31, 99.44, 92.31, 90.11, 85.17, 83.79, 79.74, 80.04, 78.25, 77.29, 75.74, 74.97, 73.91, 75.0, 74.21, 70.37, 68.44, 68.44, 66.58, 64.41, 62.24, 62.03, 61.37, 59.8, 58.31, 57.55, 57.4, 55.54, 57.78, 57.47, 57.01, 58.67]
2026-05-09 00:57:28,964 [trainer.py] => Average Accuracy (CNN): 72.17
2026-05-09 00:57:28,984 [trainer.py] => All params: 105610384
2026-05-09 00:57:29,001 [trainer.py] => Trainable params: 188165
2026-05-09 00:57:29,001 [inflora.py] => Learning on 165-170
2026-05-09 01:03:26,585 [inflora.py] => Task 33, Epoch 20/20 => Loss 0.121, Train_accy 94.61
2026-05-09 01:04:07,122 [inflora.py] => Exemplar size: 0
2026-05-09 01:04:07,123 [trainer.py] => No NME accuracy.
2026-05-09 01:04:07,123 [trainer.py] => CNN: {'total': 58.02, '00-04': 73.58, '05-09': 70.77, '10-14': 81.67, '15-19': 60.87, '20-24': 61.11, '25-29': 68.85, '30-34': 49.12, '35-39': 58.49, '40-44': 75.0, '45-49': 72.73, '50-54': 39.22, '55-59': 35.0, '60-64': 72.73, '65-69': 25.49, '70-74': 54.29, '75-79': 56.34, '80-84': 66.67, '85-89': 70.0, '90-94': 53.16, '95-99': 49.12, '100-104': 79.63, '105-109': 50.82, '110-114': 34.38, '115-119': 46.94, '120-124': 63.27, '125-129': 32.76, '130-134': 46.67, '135-139': 41.38, '140-144': 49.12, '145-149': 63.77, '150-154': 63.33, '155-159': 68.75, '160-164': 77.63, '165-169': 51.72, 'old': 58.21, 'new': 51.72}
2026-05-09 01:04:07,124 [trainer.py] => CNN top1 curve: [100.0, 98.31, 99.44, 92.31, 90.11, 85.17, 83.79, 79.74, 80.04, 78.25, 77.29, 75.74, 74.97, 73.91, 75.0, 74.21, 70.37, 68.44, 68.44, 66.58, 64.41, 62.24, 62.03, 61.37, 59.8, 58.31, 57.55, 57.4, 55.54, 57.78, 57.47, 57.01, 58.67, 58.02]
2026-05-09 01:04:07,124 [trainer.py] => CNN top5 curve: [100.0, 98.31, 99.44, 92.31, 90.11, 85.17, 83.79, 79.74, 80.04, 78.25, 77.29, 75.74, 74.97, 73.91, 75.0, 74.21, 70.37, 68.44, 68.44, 66.58, 64.41, 62.24, 62.03, 61.37, 59.8, 58.31, 57.55, 57.4, 55.54, 57.78, 57.47, 57.01, 58.67, 58.02]
2026-05-09 01:04:07,124 [trainer.py] => Average Accuracy (CNN): 71.76
2026-05-09 01:04:07,143 [trainer.py] => All params: 105610384
2026-05-09 01:04:07,159 [trainer.py] => Trainable params: 188165
2026-05-09 01:04:07,159 [inflora.py] => Learning on 170-175
2026-05-09 01:10:09,569 [inflora.py] => Task 34, Epoch 20/20 => Loss 0.062, Train_accy 98.40
2026-05-09 01:10:52,115 [inflora.py] => Exemplar size: 0
2026-05-09 01:10:52,115 [trainer.py] => No NME accuracy.
2026-05-09 01:10:52,115 [trainer.py] => CNN: {'total': 58.8, '00-04': 73.58, '05-09': 72.31, '10-14': 80.0, '15-19': 62.32, '20-24': 61.11, '25-29': 68.85, '30-34': 47.37, '35-39': 60.38, '40-44': 76.92, '45-49': 74.55, '50-54': 41.18, '55-59': 35.0, '60-64': 63.64, '65-69': 23.53, '70-74': 52.86, '75-79': 54.93, '80-84': 65.08, '85-89': 70.0, '90-94': 53.16, '95-99': 49.12, '100-104': 75.93, '105-109': 49.18, '110-114': 34.38, '115-119': 53.06, '120-124': 61.22, '125-129': 34.48, '130-134': 45.0, '135-139': 48.28, '140-144': 52.63, '145-149': 62.32, '150-154': 68.33, '155-159': 73.44, '160-164': 80.26, '165-169': 55.17, '170-174': 72.92, 'old': 58.47, 'new': 72.92}
2026-05-09 01:10:52,116 [trainer.py] => CNN top1 curve: [100.0, 98.31, 99.44, 92.31, 90.11, 85.17, 83.79, 79.74, 80.04, 78.25, 77.29, 75.74, 74.97, 73.91, 75.0, 74.21, 70.37, 68.44, 68.44, 66.58, 64.41, 62.24, 62.03, 61.37, 59.8, 58.31, 57.55, 57.4, 55.54, 57.78, 57.47, 57.01, 58.67, 58.02, 58.8]
2026-05-09 01:10:52,116 [trainer.py] => CNN top5 curve: [100.0, 98.31, 99.44, 92.31, 90.11, 85.17, 83.79, 79.74, 80.04, 78.25, 77.29, 75.74, 74.97, 73.91, 75.0, 74.21, 70.37, 68.44, 68.44, 66.58, 64.41, 62.24, 62.03, 61.37, 59.8, 58.31, 57.55, 57.4, 55.54, 57.78, 57.47, 57.01, 58.67, 58.02, 58.8]
2026-05-09 01:10:52,116 [trainer.py] => Average Accuracy (CNN): 71.39
2026-05-09 01:10:52,124 [trainer.py] => All params: 105610384
2026-05-09 01:10:52,132 [trainer.py] => Trainable params: 188165
2026-05-09 01:10:52,132 [inflora.py] => Learning on 175-180
2026-05-09 01:16:50,126 [inflora.py] => Task 35, Epoch 20/20 => Loss 0.087, Train_accy 96.72
2026-05-09 01:17:34,502 [inflora.py] => Exemplar size: 0
2026-05-09 01:17:34,502 [trainer.py] => No NME accuracy.
2026-05-09 01:17:34,502 [trainer.py] => CNN: {'total': 56.44, '00-04': 73.58, '05-09': 69.23, '10-14': 85.0, '15-19': 62.32, '20-24': 61.11, '25-29': 70.49, '30-34': 49.12, '35-39': 47.17, '40-44': 73.08, '45-49': 65.45, '50-54': 39.22, '55-59': 30.0, '60-64': 52.73, '65-69': 25.49, '70-74': 48.57, '75-79': 50.7, '80-84': 66.67, '85-89': 68.57, '90-94': 53.16, '95-99': 47.37, '100-104': 66.67, '105-109': 44.26, '110-114': 32.81, '115-119': 55.1, '120-124': 53.06, '125-129': 31.03, '130-134': 46.67, '135-139': 48.28, '140-144': 54.39, '145-149': 57.97, '150-154': 66.67, '155-159': 79.69, '160-164': 75.0, '165-169': 51.72, '170-174': 68.75, '175-179': 52.73, 'old': 56.54, 'new': 52.73}
2026-05-09 01:17:34,502 [trainer.py] => CNN top1 curve: [100.0, 98.31, 99.44, 92.31, 90.11, 85.17, 83.79, 79.74, 80.04, 78.25, 77.29, 75.74, 74.97, 73.91, 75.0, 74.21, 70.37, 68.44, 68.44, 66.58, 64.41, 62.24, 62.03, 61.37, 59.8, 58.31, 57.55, 57.4, 55.54, 57.78, 57.47, 57.01, 58.67, 58.02, 58.8, 56.44]
2026-05-09 01:17:34,502 [trainer.py] => CNN top5 curve: [100.0, 98.31, 99.44, 92.31, 90.11, 85.17, 83.79, 79.74, 80.04, 78.25, 77.29, 75.74, 74.97, 73.91, 75.0, 74.21, 70.37, 68.44, 68.44, 66.58, 64.41, 62.24, 62.03, 61.37, 59.8, 58.31, 57.55, 57.4, 55.54, 57.78, 57.47, 57.01, 58.67, 58.02, 58.8, 56.44]
2026-05-09 01:17:34,502 [trainer.py] => Average Accuracy (CNN): 70.97
2026-05-09 01:17:34,512 [trainer.py] => All params: 105610384
2026-05-09 01:17:34,520 [trainer.py] => Trainable params: 188165
2026-05-09 01:17:34,521 [inflora.py] => Learning on 180-185
2026-05-09 01:23:23,076 [inflora.py] => Task 36, Epoch 20/20 => Loss 0.087, Train_accy 96.43
2026-05-09 01:24:05,557 [inflora.py] => Exemplar size: 0
2026-05-09 01:24:05,558 [trainer.py] => No NME accuracy.
2026-05-09 01:24:05,558 [trainer.py] => CNN: {'total': 55.66, '00-04': 71.7, '05-09': 70.77, '10-14': 83.33, '15-19': 62.32, '20-24': 61.11, '25-29': 75.41, '30-34': 38.6, '35-39': 50.94, '40-44': 73.08, '45-49': 65.45, '50-54': 37.25, '55-59': 30.0, '60-64': 47.27, '65-69': 29.41, '70-74': 47.14, '75-79': 52.11, '80-84': 68.25, '85-89': 68.57, '90-94': 50.63, '95-99': 45.61, '100-104': 66.67, '105-109': 45.9, '110-114': 25.0, '115-119': 57.14, '120-124': 48.98, '125-129': 34.48, '130-134': 38.33, '135-139': 44.83, '140-144': 50.88, '145-149': 57.97, '150-154': 63.33, '155-159': 78.12, '160-164': 73.68, '165-169': 46.55, '170-174': 70.83, '175-179': 49.09, '180-184': 70.31, 'old': 55.22, 'new': 70.31}
2026-05-09 01:24:05,559 [trainer.py] => CNN top1 curve: [100.0, 98.31, 99.44, 92.31, 90.11, 85.17, 83.79, 79.74, 80.04, 78.25, 77.29, 75.74, 74.97, 73.91, 75.0, 74.21, 70.37, 68.44, 68.44, 66.58, 64.41, 62.24, 62.03, 61.37, 59.8, 58.31, 57.55, 57.4, 55.54, 57.78, 57.47, 57.01, 58.67, 58.02, 58.8, 56.44, 55.66]
2026-05-09 01:24:05,559 [trainer.py] => CNN top5 curve: [100.0, 98.31, 99.44, 92.31, 90.11, 85.17, 83.79, 79.74, 80.04, 78.25, 77.29, 75.74, 74.97, 73.91, 75.0, 74.21, 70.37, 68.44, 68.44, 66.58, 64.41, 62.24, 62.03, 61.37, 59.8, 58.31, 57.55, 57.4, 55.54, 57.78, 57.47, 57.01, 58.67, 58.02, 58.8, 56.44, 55.66]
2026-05-09 01:24:05,559 [trainer.py] => Average Accuracy (CNN): 70.56
2026-05-09 01:24:05,579 [trainer.py] => All params: 105610384
2026-05-09 01:24:05,597 [trainer.py] => Trainable params: 188165
2026-05-09 01:24:05,597 [inflora.py] => Learning on 185-190
2026-05-09 01:30:06,969 [inflora.py] => Task 37, Epoch 20/20 => Loss 0.127, Train_accy 93.94
2026-05-09 01:30:54,080 [inflora.py] => Exemplar size: 0
2026-05-09 01:30:54,080 [trainer.py] => No NME accuracy.
2026-05-09 01:30:54,080 [trainer.py] => CNN: {'total': 55.75, '00-04': 71.7, '05-09': 69.23, '10-14': 81.67, '15-19': 63.77, '20-24': 61.11, '25-29': 75.41, '30-34': 36.84, '35-39': 49.06, '40-44': 75.0, '45-49': 63.64, '50-54': 35.29, '55-59': 30.0, '60-64': 50.91, '65-69': 27.45, '70-74': 48.57, '75-79': 52.11, '80-84': 65.08, '85-89': 67.14, '90-94': 53.16, '95-99': 47.37, '100-104': 68.52, '105-109': 47.54, '110-114': 25.0, '115-119': 53.06, '120-124': 48.98, '125-129': 31.03, '130-134': 40.0, '135-139': 37.93, '140-144': 57.89, '145-149': 57.97, '150-154': 63.33, '155-159': 78.12, '160-164': 75.0, '165-169': 53.45, '170-174': 70.83, '175-179': 50.91, '180-184': 73.44, '185-189': 51.47, 'old': 55.89, 'new': 51.47}
2026-05-09 01:30:54,081 [trainer.py] => CNN top1 curve: [100.0, 98.31, 99.44, 92.31, 90.11, 85.17, 83.79, 79.74, 80.04, 78.25, 77.29, 75.74, 74.97, 73.91, 75.0, 74.21, 70.37, 68.44, 68.44, 66.58, 64.41, 62.24, 62.03, 61.37, 59.8, 58.31, 57.55, 57.4, 55.54, 57.78, 57.47, 57.01, 58.67, 58.02, 58.8, 56.44, 55.66, 55.75]
2026-05-09 01:30:54,081 [trainer.py] => CNN top5 curve: [100.0, 98.31, 99.44, 92.31, 90.11, 85.17, 83.79, 79.74, 80.04, 78.25, 77.29, 75.74, 74.97, 73.91, 75.0, 74.21, 70.37, 68.44, 68.44, 66.58, 64.41, 62.24, 62.03, 61.37, 59.8, 58.31, 57.55, 57.4, 55.54, 57.78, 57.47, 57.01, 58.67, 58.02, 58.8, 56.44, 55.66, 55.75]
2026-05-09 01:30:54,081 [trainer.py] => Average Accuracy (CNN): 70.17
2026-05-09 01:30:54,089 [trainer.py] => All params: 105610384
2026-05-09 01:30:54,097 [trainer.py] => Trainable params: 188165
2026-05-09 01:30:54,097 [inflora.py] => Learning on 190-195
2026-05-09 01:36:50,043 [inflora.py] => Task 38, Epoch 20/20 => Loss 0.075, Train_accy 97.11
2026-05-09 01:37:39,046 [inflora.py] => Exemplar size: 0
2026-05-09 01:37:39,046 [trainer.py] => No NME accuracy.
2026-05-09 01:37:39,046 [trainer.py] => CNN: {'total': 54.36, '00-04': 71.7, '05-09': 64.62, '10-14': 78.33, '15-19': 65.22, '20-24': 61.11, '25-29': 73.77, '30-34': 38.6, '35-39': 47.17, '40-44': 73.08, '45-49': 61.82, '50-54': 31.37, '55-59': 21.67, '60-64': 45.45, '65-69': 27.45, '70-74': 42.86, '75-79': 52.11, '80-84': 65.08, '85-89': 68.57, '90-94': 51.9, '95-99': 47.37, '100-104': 64.81, '105-109': 40.98, '110-114': 20.31, '115-119': 57.14, '120-124': 51.02, '125-129': 27.59, '130-134': 38.33, '135-139': 37.93, '140-144': 50.88, '145-149': 56.52, '150-154': 68.33, '155-159': 79.69, '160-164': 76.32, '165-169': 50.0, '170-174': 70.83, '175-179': 45.45, '180-184': 73.44, '185-189': 50.0, '190-194': 62.07, 'old': 54.16, 'new': 62.07}
2026-05-09 01:37:39,047 [trainer.py] => CNN top1 curve: [100.0, 98.31, 99.44, 92.31, 90.11, 85.17, 83.79, 79.74, 80.04, 78.25, 77.29, 75.74, 74.97, 73.91, 75.0, 74.21, 70.37, 68.44, 68.44, 66.58, 64.41, 62.24, 62.03, 61.37, 59.8, 58.31, 57.55, 57.4, 55.54, 57.78, 57.47, 57.01, 58.67, 58.02, 58.8, 56.44, 55.66, 55.75, 54.36]
2026-05-09 01:37:39,047 [trainer.py] => CNN top5 curve: [100.0, 98.31, 99.44, 92.31, 90.11, 85.17, 83.79, 79.74, 80.04, 78.25, 77.29, 75.74, 74.97, 73.91, 75.0, 74.21, 70.37, 68.44, 68.44, 66.58, 64.41, 62.24, 62.03, 61.37, 59.8, 58.31, 57.55, 57.4, 55.54, 57.78, 57.47, 57.01, 58.67, 58.02, 58.8, 56.44, 55.66, 55.75, 54.36]
2026-05-09 01:37:39,047 [trainer.py] => Average Accuracy (CNN): 69.76
2026-05-09 01:37:39,054 [trainer.py] => All params: 105610384
2026-05-09 01:37:39,062 [trainer.py] => Trainable params: 188165
2026-05-09 01:37:39,062 [inflora.py] => Learning on 195-200
2026-05-09 01:43:44,283 [inflora.py] => Task 39, Epoch 20/20 => Loss 0.137, Train_accy 95.69
2026-05-09 01:44:36,472 [inflora.py] => Exemplar size: 0
2026-05-09 01:44:36,473 [trainer.py] => No NME accuracy.
2026-05-09 01:44:36,473 [trainer.py] => CNN: {'total': 53.18, '00-04': 71.7, '05-09': 67.69, '10-14': 75.0, '15-19': 60.87, '20-24': 58.33, '25-29': 75.41, '30-34': 35.09, '35-39': 47.17, '40-44': 71.15, '45-49': 60.0, '50-54': 27.45, '55-59': 23.33, '60-64': 41.82, '65-69': 29.41, '70-74': 40.0, '75-79': 50.7, '80-84': 61.9, '85-89': 64.29, '90-94': 53.16, '95-99': 47.37, '100-104': 68.52, '105-109': 39.34, '110-114': 23.44, '115-119': 59.18, '120-124': 48.98, '125-129': 27.59, '130-134': 33.33, '135-139': 43.1, '140-144': 50.88, '145-149': 57.97, '150-154': 68.33, '155-159': 78.12, '160-164': 76.32, '165-169': 46.55, '170-174': 70.83, '175-179': 49.09, '180-184': 75.0, '185-189': 47.06, '190-194': 62.07, '195-199': 20.0, 'old': 53.75, 'new': 20.0}
2026-05-09 01:44:36,474 [trainer.py] => CNN top1 curve: [100.0, 98.31, 99.44, 92.31, 90.11, 85.17, 83.79, 79.74, 80.04, 78.25, 77.29, 75.74, 74.97, 73.91, 75.0, 74.21, 70.37, 68.44, 68.44, 66.58, 64.41, 62.24, 62.03, 61.37, 59.8, 58.31, 57.55, 57.4, 55.54, 57.78, 57.47, 57.01, 58.67, 58.02, 58.8, 56.44, 55.66, 55.75, 54.36, 53.18]
2026-05-09 01:44:36,474 [trainer.py] => CNN top5 curve: [100.0, 98.31, 99.44, 92.31, 90.11, 85.17, 83.79, 79.74, 80.04, 78.25, 77.29, 75.74, 74.97, 73.91, 75.0, 74.21, 70.37, 68.44, 68.44, 66.58, 64.41, 62.24, 62.03, 61.37, 59.8, 58.31, 57.55, 57.4, 55.54, 57.78, 57.47, 57.01, 58.67, 58.02, 58.8, 56.44, 55.66, 55.75, 54.36, 53.18]
2026-05-09 01:44:36,474 [trainer.py] => Average Accuracy (CNN): 69.35
2026-05-09 01:44:36,474 [trainer.py] => ================================================================================
2026-05-09 01:44:36,474 [trainer.py] => Finished cub_init5_inc5: vit_base_patch16_224_in21k_inflora  seed=1993 
2026-05-09 01:44:36,475 [trainer.py] => Last Accuracy: 53.18
2026-05-09 01:44:36,475 [trainer.py] => Average Accuracy (CNN): 69.35
2026-05-09 01:44:36,475 [trainer.py] => PD: 46.82
2026-05-09 01:44:36,476 [trainer.py] => Accuracy Matrix (CNN):
2026-05-09 01:44:36,477 [trainer.py] => [[100.   100.   100.   ...  71.7   71.7   71.7 ]
 [  0.    96.92  98.46 ...  69.23  64.62  67.69]
 [  0.     0.   100.   ...  81.67  78.33  75.  ]
 ...
 [  0.     0.     0.   ...  51.47  50.    47.06]
 [  0.     0.     0.   ...   0.    62.07  62.07]
 [  0.     0.     0.   ...   0.     0.    20.  ]]
2026-05-09 01:44:36,478 [trainer.py] => Forgetting (CNN): 20.634102564102566
2026-05-09 01:44:36,478 [trainer.py] => ================================================================================
