2026-05-30 13:20:35,931 [trainer.py] => config: configs/inflora/inflora_inr_B0_Inc20.json
2026-05-30 13:20:35,931 [trainer.py] => prefix: reproduce
2026-05-30 13:20:35,932 [trainer.py] => dataset: ImageNet_R
2026-05-30 13:20:35,932 [trainer.py] => data_path: /home/team/zhaohongwei/Dataset/imagenet-r
2026-05-30 13:20:35,932 [trainer.py] => memory_size: 0
2026-05-30 13:20:35,932 [trainer.py] => memory_per_class: 0
2026-05-30 13:20:35,932 [trainer.py] => fixed_memory: True
2026-05-30 13:20:35,932 [trainer.py] => shuffle: True
2026-05-30 13:20:35,932 [trainer.py] => init_cls: 20
2026-05-30 13:20:35,932 [trainer.py] => increment: 20
2026-05-30 13:20:35,932 [trainer.py] => model_name: inflora
2026-05-30 13:20:35,932 [trainer.py] => net_type: sip
2026-05-30 13:20:35,932 [trainer.py] => embd_dim: 768
2026-05-30 13:20:35,932 [trainer.py] => num_heads: 12
2026-05-30 13:20:35,932 [trainer.py] => total_sessions: 10
2026-05-30 13:20:35,932 [trainer.py] => seed: 1994
2026-05-30 13:20:35,932 [trainer.py] => device: [device(type='cuda', index=6)]
2026-05-30 13:20:35,932 [trainer.py] => EPSILON: 1e-08
2026-05-30 13:20:35,932 [trainer.py] => init_epoch: 50
2026-05-30 13:20:35,932 [trainer.py] => optim: adam
2026-05-30 13:20:35,932 [trainer.py] => init_lr: 0.0005
2026-05-30 13:20:35,932 [trainer.py] => init_lr_decay: 0.1
2026-05-30 13:20:35,932 [trainer.py] => init_weight_decay: 0.0
2026-05-30 13:20:35,932 [trainer.py] => epochs: 50
2026-05-30 13:20:35,932 [trainer.py] => lrate: 0.0005
2026-05-30 13:20:35,932 [trainer.py] => lrate_decay: 0.1
2026-05-30 13:20:35,933 [trainer.py] => batch_size: 128
2026-05-30 13:20:35,933 [trainer.py] => weight_decay: 0.0
2026-05-30 13:20:35,933 [trainer.py] => rank: 10
2026-05-30 13:20:35,933 [trainer.py] => lamb: 0.98
2026-05-30 13:20:35,933 [trainer.py] => lame: 1.0
2026-05-30 13:20:35,933 [trainer.py] => num_workers: 16
2026-05-30 13:20:35,933 [trainer.py] => backbone_type: vit_base_patch16_224_in21k_inflora
2026-05-30 13:20:35,933 [trainer.py] => pretrained: True
2026-05-30 13:20:35,933 [trainer.py] => nb_classes: 200
2026-05-30 13:20:35,933 [trainer.py] => nb_tasks: 10
2026-05-30 13:20:36,020 [data_manager.py] => [85, 41, 23, 28, 70, 87, 134, 151, 51, 159, 178, 119, 50, 117, 73, 95, 86, 147, 63, 22, 79, 175, 40, 155, 174, 54, 132, 72, 124, 157, 93, 26, 196, 74, 44, 15, 169, 122, 88, 171, 184, 6, 18, 145, 48, 197, 64, 172, 126, 96, 11, 55, 193, 66, 128, 21, 77, 113, 140, 116, 141, 133, 120, 29, 115, 14, 103, 127, 114, 19, 9, 38, 33, 195, 81, 35, 69, 181, 47, 129, 112, 168, 198, 71, 101, 188, 68, 90, 158, 163, 52, 8, 185, 59, 154, 92, 56, 183, 32, 136, 65, 45, 46, 173, 189, 108, 102, 144, 0, 107, 187, 100, 98, 192, 43, 161, 104, 75, 150, 166, 121, 60, 160, 3, 143, 153, 62, 142, 61, 110, 194, 97, 25, 177, 179, 17, 49, 31, 94, 111, 16, 53, 91, 58, 135, 83, 2, 12, 13, 165, 42, 36, 186, 105, 1, 7, 149, 170, 27, 24, 78, 167, 137, 138, 118, 10, 139, 164, 20, 57, 123, 199, 89, 130, 82, 162, 176, 148, 109, 125, 67, 106, 37, 146, 131, 180, 156, 39, 5, 84, 4, 190, 152, 191, 30, 76, 80, 34, 99, 182]
2026-05-30 13:20:39,122 [trainer.py] => All params: 94551184
2026-05-30 13:20:39,124 [trainer.py] => Trainable params: 94551184
2026-05-30 13:20:39,124 [inflora.py] => Learning on 0-20
2026-05-30 13:53:35,704 [inflora.py] => Task 0, Epoch 50/50 => Loss 0.186, Train_accy 94.39
2026-05-30 13:54:25,017 [trainer.py] => Timing Task 0 => Train 2019.18s, Epochs 50, Train 40.3837s/epoch, Inference 6.71s, Images 682, Inference 9.8359ms/image
2026-05-30 13:54:25,017 [inflora.py] => Exemplar size: 0
2026-05-30 13:54:25,017 [trainer.py] => No NME accuracy.
2026-05-30 13:54:25,018 [trainer.py] => CNN: {'total': 93.11, '00-19': 93.11, 'old': 0, 'new': 93.11}
2026-05-30 13:54:25,018 [trainer.py] => CNN top1 curve: [93.11]
2026-05-30 13:54:25,018 [trainer.py] => CNN top5 curve: [93.11]
2026-05-30 13:54:25,018 [trainer.py] => Average Accuracy (CNN): 93.11
2026-05-30 13:54:25,021 [trainer.py] => All params: 94551184
2026-05-30 13:54:25,024 [trainer.py] => Trainable params: 199700
2026-05-30 13:54:25,024 [inflora.py] => Learning on 20-40
2026-05-30 14:23:06,358 [inflora.py] => Task 1, Epoch 50/50 => Loss 0.167, Train_accy 95.26
2026-05-30 14:24:01,779 [trainer.py] => Timing Task 1 => Train 1766.08s, Epochs 50, Train 35.3216s/epoch, Inference 10.67s, Images 1291, Inference 8.2673ms/image
2026-05-30 14:24:01,780 [inflora.py] => Exemplar size: 0
2026-05-30 14:24:01,780 [trainer.py] => No NME accuracy.
2026-05-30 14:24:01,780 [trainer.py] => CNN: {'total': 89.23, '00-19': 89.3, '20-39': 89.16, 'old': 89.3, 'new': 89.16}
2026-05-30 14:24:01,781 [trainer.py] => CNN top1 curve: [93.11, 89.23]
2026-05-30 14:24:01,781 [trainer.py] => CNN top5 curve: [93.11, 89.23]
2026-05-30 14:24:01,781 [trainer.py] => Average Accuracy (CNN): 91.17
2026-05-30 14:24:01,786 [trainer.py] => All params: 94551184
2026-05-30 14:24:01,790 [trainer.py] => Trainable params: 199700
2026-05-30 14:24:01,790 [inflora.py] => Learning on 40-60
2026-05-30 14:53:49,930 [inflora.py] => Task 2, Epoch 50/50 => Loss 0.169, Train_accy 95.33
2026-05-30 14:54:48,920 [trainer.py] => Timing Task 2 => Train 1833.41s, Epochs 50, Train 36.6683s/epoch, Inference 13.72s, Images 1894, Inference 7.2424ms/image
2026-05-30 14:54:48,921 [inflora.py] => Exemplar size: 0
2026-05-30 14:54:48,921 [trainer.py] => No NME accuracy.
2026-05-30 14:54:48,921 [trainer.py] => CNN: {'total': 85.43, '00-19': 86.8, '20-39': 85.88, '40-59': 83.42, 'old': 86.37, 'new': 83.42}
2026-05-30 14:54:48,921 [trainer.py] => CNN top1 curve: [93.11, 89.23, 85.43]
2026-05-30 14:54:48,921 [trainer.py] => CNN top5 curve: [93.11, 89.23, 85.43]
2026-05-30 14:54:48,921 [trainer.py] => Average Accuracy (CNN): 89.26
2026-05-30 14:54:48,925 [trainer.py] => All params: 94551184
2026-05-30 14:54:48,928 [trainer.py] => Trainable params: 199700
2026-05-30 14:54:48,929 [inflora.py] => Learning on 60-80
2026-05-30 15:19:21,871 [inflora.py] => Task 3, Epoch 50/50 => Loss 0.191, Train_accy 94.51
2026-05-30 15:20:17,817 [trainer.py] => Timing Task 3 => Train 1510.74s, Epochs 50, Train 30.2147s/epoch, Inference 18.15s, Images 2391, Inference 7.5921ms/image
2026-05-30 15:20:17,817 [inflora.py] => Exemplar size: 0
2026-05-30 15:20:17,817 [trainer.py] => No NME accuracy.
2026-05-30 15:20:17,817 [trainer.py] => CNN: {'total': 82.85, '00-19': 85.48, '20-39': 84.24, '40-59': 80.76, '60-79': 80.08, 'old': 83.58, 'new': 80.08}
2026-05-30 15:20:17,817 [trainer.py] => CNN top1 curve: [93.11, 89.23, 85.43, 82.85]
2026-05-30 15:20:17,817 [trainer.py] => CNN top5 curve: [93.11, 89.23, 85.43, 82.85]
2026-05-30 15:20:17,818 [trainer.py] => Average Accuracy (CNN): 87.66
2026-05-30 15:20:17,822 [trainer.py] => All params: 94551184
2026-05-30 15:20:17,824 [trainer.py] => Trainable params: 199700
2026-05-30 15:20:17,824 [inflora.py] => Learning on 80-100
2026-05-30 15:48:02,987 [inflora.py] => Task 4, Epoch 50/50 => Loss 0.143, Train_accy 95.42
2026-05-30 15:49:06,396 [trainer.py] => Timing Task 4 => Train 1707.18s, Epochs 50, Train 34.1436s/epoch, Inference 21.39s, Images 2915, Inference 7.3379ms/image
2026-05-30 15:49:06,396 [inflora.py] => Exemplar size: 0
2026-05-30 15:49:06,396 [trainer.py] => No NME accuracy.
2026-05-30 15:49:06,396 [trainer.py] => CNN: {'total': 81.17, '00-19': 82.84, '20-39': 82.76, '40-59': 76.78, '60-79': 79.68, '80-99': 83.59, 'old': 80.64, 'new': 83.59}
2026-05-30 15:49:06,396 [trainer.py] => CNN top1 curve: [93.11, 89.23, 85.43, 82.85, 81.17]
2026-05-30 15:49:06,397 [trainer.py] => CNN top5 curve: [93.11, 89.23, 85.43, 82.85, 81.17]
2026-05-30 15:49:06,397 [trainer.py] => Average Accuracy (CNN): 86.36
2026-05-30 15:49:06,399 [trainer.py] => All params: 94551184
2026-05-30 15:49:06,401 [trainer.py] => Trainable params: 199700
2026-05-30 15:49:06,401 [inflora.py] => Learning on 100-120
2026-05-30 16:18:44,897 [inflora.py] => Task 5, Epoch 50/50 => Loss 0.194, Train_accy 94.22
2026-05-30 16:19:55,003 [trainer.py] => Timing Task 5 => Train 1823.60s, Epochs 50, Train 36.4720s/epoch, Inference 25.00s, Images 3510, Inference 7.1236ms/image
2026-05-30 16:19:55,003 [inflora.py] => Exemplar size: 0
2026-05-30 16:19:55,003 [trainer.py] => No NME accuracy.
2026-05-30 16:19:55,003 [trainer.py] => CNN: {'total': 79.52, '00-19': 82.7, '20-39': 81.77, '40-59': 76.12, '60-79': 76.26, '80-99': 82.44, '100-119': 77.14, 'old': 80.0, 'new': 77.14}
2026-05-30 16:19:55,003 [trainer.py] => CNN top1 curve: [93.11, 89.23, 85.43, 82.85, 81.17, 79.52]
2026-05-30 16:19:55,004 [trainer.py] => CNN top5 curve: [93.11, 89.23, 85.43, 82.85, 81.17, 79.52]
2026-05-30 16:19:55,004 [trainer.py] => Average Accuracy (CNN): 85.22
2026-05-30 16:19:55,007 [trainer.py] => All params: 94551184
2026-05-30 16:19:55,010 [trainer.py] => Trainable params: 199700
2026-05-30 16:19:55,010 [inflora.py] => Learning on 120-140
2026-05-30 16:48:02,175 [inflora.py] => Task 6, Epoch 50/50 => Loss 0.174, Train_accy 95.47
2026-05-30 16:49:09,895 [trainer.py] => Timing Task 6 => Train 1726.54s, Epochs 50, Train 34.5308s/epoch, Inference 28.35s, Images 4096, Inference 6.9202ms/image
2026-05-30 16:49:09,895 [inflora.py] => Exemplar size: 0
2026-05-30 16:49:09,895 [trainer.py] => No NME accuracy.
2026-05-30 16:49:09,895 [trainer.py] => CNN: {'total': 78.52, '00-19': 81.23, '20-39': 80.46, '40-59': 76.29, '60-79': 78.27, '80-99': 81.49, '100-119': 74.96, '120-139': 76.79, 'old': 78.8, 'new': 76.79}
2026-05-30 16:49:09,895 [trainer.py] => CNN top1 curve: [93.11, 89.23, 85.43, 82.85, 81.17, 79.52, 78.52]
2026-05-30 16:49:09,895 [trainer.py] => CNN top5 curve: [93.11, 89.23, 85.43, 82.85, 81.17, 79.52, 78.52]
2026-05-30 16:49:09,895 [trainer.py] => Average Accuracy (CNN): 84.26
2026-05-30 16:49:09,898 [trainer.py] => All params: 94551184
2026-05-30 16:49:09,900 [trainer.py] => Trainable params: 199700
2026-05-30 16:49:09,901 [inflora.py] => Learning on 140-160
2026-05-30 17:20:57,142 [inflora.py] => Task 7, Epoch 50/50 => Loss 0.174, Train_accy 95.00
2026-05-30 17:22:17,701 [trainer.py] => Timing Task 7 => Train 1954.11s, Epochs 50, Train 39.0823s/epoch, Inference 33.69s, Images 4796, Inference 7.0241ms/image
2026-05-30 17:22:17,701 [inflora.py] => Exemplar size: 0
2026-05-30 17:22:17,701 [trainer.py] => No NME accuracy.
2026-05-30 17:22:17,701 [trainer.py] => CNN: {'total': 77.48, '00-19': 80.06, '20-39': 78.16, '40-59': 76.45, '60-79': 76.66, '80-99': 79.77, '100-119': 72.61, '120-139': 76.79, '140-159': 78.86, 'old': 77.25, 'new': 78.86}
2026-05-30 17:22:17,702 [trainer.py] => CNN top1 curve: [93.11, 89.23, 85.43, 82.85, 81.17, 79.52, 78.52, 77.48]
2026-05-30 17:22:17,702 [trainer.py] => CNN top5 curve: [93.11, 89.23, 85.43, 82.85, 81.17, 79.52, 78.52, 77.48]
2026-05-30 17:22:17,702 [trainer.py] => Average Accuracy (CNN): 83.41
2026-05-30 17:22:17,705 [trainer.py] => All params: 94551184
2026-05-30 17:22:17,708 [trainer.py] => Trainable params: 199700
2026-05-30 17:22:17,708 [inflora.py] => Learning on 160-180
2026-05-30 17:52:21,659 [inflora.py] => Task 8, Epoch 50/50 => Loss 0.193, Train_accy 94.52
2026-05-30 17:53:40,753 [trainer.py] => Timing Task 8 => Train 1847.07s, Epochs 50, Train 36.9414s/epoch, Inference 35.97s, Images 5391, Inference 6.6729ms/image
2026-05-30 17:53:40,753 [inflora.py] => Exemplar size: 0
2026-05-30 17:53:40,753 [trainer.py] => No NME accuracy.
2026-05-30 17:53:40,753 [trainer.py] => CNN: {'total': 75.4, '00-19': 78.3, '20-39': 77.83, '40-59': 75.95, '60-79': 75.86, '80-99': 78.82, '100-119': 70.59, '120-139': 75.09, '140-159': 76.86, '160-179': 69.08, 'old': 76.19, 'new': 69.08}
2026-05-30 17:53:40,753 [trainer.py] => CNN top1 curve: [93.11, 89.23, 85.43, 82.85, 81.17, 79.52, 78.52, 77.48, 75.4]
2026-05-30 17:53:40,753 [trainer.py] => CNN top5 curve: [93.11, 89.23, 85.43, 82.85, 81.17, 79.52, 78.52, 77.48, 75.4]
2026-05-30 17:53:40,753 [trainer.py] => Average Accuracy (CNN): 82.52
2026-05-30 17:53:40,755 [trainer.py] => All params: 94551184
2026-05-30 17:53:40,757 [trainer.py] => Trainable params: 199700
2026-05-30 17:53:40,757 [inflora.py] => Learning on 180-200
2026-05-30 18:23:21,179 [inflora.py] => Task 9, Epoch 50/50 => Loss 0.185, Train_accy 94.35
2026-05-30 18:24:48,242 [trainer.py] => Timing Task 9 => Train 1825.48s, Epochs 50, Train 36.5095s/epoch, Inference 42.01s, Images 6000, Inference 7.0015ms/image
2026-05-30 18:24:48,242 [inflora.py] => Exemplar size: 0
2026-05-30 18:24:48,242 [trainer.py] => No NME accuracy.
2026-05-30 18:24:48,242 [trainer.py] => CNN: {'total': 75.68, '00-19': 78.59, '20-39': 77.83, '40-59': 74.96, '60-79': 74.04, '80-99': 78.44, '100-119': 71.76, '120-139': 75.09, '140-159': 76.29, '160-179': 69.08, '180-199': 80.13, 'old': 75.18, 'new': 80.13}
2026-05-30 18:24:48,242 [trainer.py] => CNN top1 curve: [93.11, 89.23, 85.43, 82.85, 81.17, 79.52, 78.52, 77.48, 75.4, 75.68]
2026-05-30 18:24:48,242 [trainer.py] => CNN top5 curve: [93.11, 89.23, 85.43, 82.85, 81.17, 79.52, 78.52, 77.48, 75.4, 75.68]
2026-05-30 18:24:48,243 [trainer.py] => Average Accuracy (CNN): 81.84
2026-05-30 18:24:48,243 [trainer.py] => Total Train Time: 18013.39s
2026-05-30 18:24:48,243 [trainer.py] => Total Inference Time: 235.66s
2026-05-30 18:24:48,243 [trainer.py] => Average Training Time per Epoch per Incremental Task: 36.0268s
2026-05-30 18:24:48,243 [trainer.py] => Average Inference Time: 7.1486ms/image
2026-05-30 18:24:48,243 [trainer.py] => Mean Task Inference Time: 7.5018ms/image
