2026-05-28 22:27:49,932 [trainer.py] => config: configs/inflora/inflora_inr_B0_Inc5.json
2026-05-28 22:27:49,932 [trainer.py] => prefix: reproduce
2026-05-28 22:27:49,932 [trainer.py] => dataset: ImageNet_R
2026-05-28 22:27:49,932 [trainer.py] => data_path: /home/team/zhaohongwei/Dataset/imagenet-r
2026-05-28 22:27:49,932 [trainer.py] => memory_size: 0
2026-05-28 22:27:49,932 [trainer.py] => memory_per_class: 0
2026-05-28 22:27:49,932 [trainer.py] => fixed_memory: True
2026-05-28 22:27:49,932 [trainer.py] => shuffle: True
2026-05-28 22:27:49,932 [trainer.py] => init_cls: 5
2026-05-28 22:27:49,932 [trainer.py] => increment: 5
2026-05-28 22:27:49,932 [trainer.py] => model_name: inflora
2026-05-28 22:27:49,932 [trainer.py] => net_type: sip
2026-05-28 22:27:49,932 [trainer.py] => embd_dim: 768
2026-05-28 22:27:49,932 [trainer.py] => num_heads: 12
2026-05-28 22:27:49,933 [trainer.py] => total_sessions: 40
2026-05-28 22:27:49,933 [trainer.py] => seed: 1993
2026-05-28 22:27:49,933 [trainer.py] => device: [device(type='cuda', index=6)]
2026-05-28 22:27:49,933 [trainer.py] => EPSILON: 1e-08
2026-05-28 22:27:49,933 [trainer.py] => init_epoch: 50
2026-05-28 22:27:49,933 [trainer.py] => optim: adam
2026-05-28 22:27:49,933 [trainer.py] => init_lr: 0.0005
2026-05-28 22:27:49,933 [trainer.py] => init_lr_decay: 0.1
2026-05-28 22:27:49,933 [trainer.py] => init_weight_decay: 0.0
2026-05-28 22:27:49,933 [trainer.py] => epochs: 50
2026-05-28 22:27:49,933 [trainer.py] => lrate: 0.0005
2026-05-28 22:27:49,933 [trainer.py] => lrate_decay: 0.1
2026-05-28 22:27:49,933 [trainer.py] => batch_size: 128
2026-05-28 22:27:49,933 [trainer.py] => weight_decay: 0.0
2026-05-28 22:27:49,933 [trainer.py] => rank: 10
2026-05-28 22:27:49,933 [trainer.py] => lamb: 0.98
2026-05-28 22:27:49,933 [trainer.py] => lame: 1.0
2026-05-28 22:27:49,933 [trainer.py] => num_workers: 16
2026-05-28 22:27:49,933 [trainer.py] => backbone_type: vit_base_patch16_224_in21k_inflora
2026-05-28 22:27:49,933 [trainer.py] => pretrained: True
2026-05-28 22:27:49,933 [trainer.py] => nb_classes: 200
2026-05-28 22:27:49,933 [trainer.py] => nb_tasks: 40
2026-05-28 22:27:50,037 [data_manager.py] => [168, 136, 51, 9, 183, 101, 171, 99, 42, 159, 191, 70, 16, 188, 27, 10, 175, 26, 68, 187, 98, 6, 85, 35, 112, 43, 100, 0, 103, 181, 88, 59, 4, 2, 116, 174, 94, 80, 106, 1, 147, 17, 141, 131, 72, 23, 173, 54, 197, 118, 87, 32, 79, 104, 91, 19, 135, 107, 178, 36, 11, 199, 142, 8, 122, 3, 28, 57, 153, 172, 190, 56, 49, 44, 97, 62, 151, 169, 194, 55, 192, 12, 189, 78, 66, 180, 15, 137, 109, 134, 92, 119, 126, 52, 170, 40, 148, 65, 144, 64, 138, 45, 77, 89, 154, 90, 71, 193, 74, 30, 113, 143, 96, 84, 67, 50, 186, 156, 69, 21, 18, 111, 108, 58, 125, 157, 150, 110, 182, 129, 166, 83, 81, 60, 13, 165, 14, 176, 63, 117, 5, 22, 145, 121, 38, 41, 82, 127, 114, 20, 31, 53, 37, 163, 196, 130, 152, 162, 86, 76, 24, 34, 184, 149, 33, 128, 198, 155, 146, 167, 139, 120, 140, 102, 47, 25, 158, 123, 46, 164, 61, 7, 115, 75, 133, 160, 105, 132, 179, 124, 48, 73, 93, 39, 95, 195, 29, 177, 185, 161]
2026-05-28 22:27:52,376 [trainer.py] => All params: 105610384
2026-05-28 22:27:52,383 [trainer.py] => Trainable params: 105610384
2026-05-28 22:27:52,384 [inflora.py] => Learning on 0-5
2026-05-28 22:36:54,124 [inflora.py] => Task 0, Epoch 50/50 => Loss 0.058, Train_accy 98.34
2026-05-28 22:37:13,741 [trainer.py] => Timing Task 0 => Train 557.95s, Epochs 50, Train 11.1590s/epoch, Inference 3.41s, Images 145, Inference 23.4912ms/image
2026-05-28 22:37:13,741 [inflora.py] => Exemplar size: 0
2026-05-28 22:37:13,741 [trainer.py] => No NME accuracy.
2026-05-28 22:37:13,741 [trainer.py] => CNN: {'total': 100.0, '00-04': 100.0, 'old': 0, 'new': 100.0}
2026-05-28 22:37:13,741 [trainer.py] => CNN top1 curve: [100.0]
2026-05-28 22:37:13,741 [trainer.py] => CNN top5 curve: [100.0]
2026-05-28 22:37:13,741 [trainer.py] => Average Accuracy (CNN): 100.0
2026-05-28 22:37:13,753 [trainer.py] => All params: 105610384
2026-05-28 22:37:13,767 [trainer.py] => Trainable params: 188165
2026-05-28 22:37:13,767 [inflora.py] => Learning on 5-10
2026-05-28 22:47:13,689 [inflora.py] => Task 1, Epoch 50/50 => Loss 0.082, Train_accy 97.24
2026-05-28 22:47:39,508 [trainer.py] => Timing Task 1 => Train 621.05s, Epochs 50, Train 12.4210s/epoch, Inference 4.69s, Images 317, Inference 14.7960ms/image
2026-05-28 22:47:39,509 [inflora.py] => Exemplar size: 0
2026-05-28 22:47:39,509 [trainer.py] => No NME accuracy.
2026-05-28 22:47:39,509 [trainer.py] => CNN: {'total': 89.27, '00-04': 93.1, '05-09': 86.05, 'old': 93.1, 'new': 86.05}
2026-05-28 22:47:39,509 [trainer.py] => CNN top1 curve: [100.0, 89.27]
2026-05-28 22:47:39,509 [trainer.py] => CNN top5 curve: [100.0, 89.27]
2026-05-28 22:47:39,509 [trainer.py] => Average Accuracy (CNN): 94.64
2026-05-28 22:47:39,521 [trainer.py] => All params: 105610384
2026-05-28 22:47:39,529 [trainer.py] => Trainable params: 2069815
2026-05-28 22:47:39,529 [inflora.py] => Learning on 10-15
2026-05-28 23:00:20,144 [inflora.py] => Task 2, Epoch 50/50 => Loss 0.066, Train_accy 98.37
2026-05-28 23:00:49,570 [trainer.py] => Timing Task 2 => Train 783.80s, Epochs 50, Train 15.6760s/epoch, Inference 6.24s, Images 564, Inference 11.0649ms/image
2026-05-28 23:00:49,571 [inflora.py] => Exemplar size: 0
2026-05-28 23:00:49,571 [trainer.py] => No NME accuracy.
2026-05-28 23:00:49,571 [trainer.py] => CNN: {'total': 85.64, '00-04': 91.03, '05-09': 84.88, '10-14': 83.0, 'old': 87.7, 'new': 83.0}
2026-05-28 23:00:49,571 [trainer.py] => CNN top1 curve: [100.0, 89.27, 85.64]
2026-05-28 23:00:49,571 [trainer.py] => CNN top5 curve: [100.0, 89.27, 85.64]
2026-05-28 23:00:49,571 [trainer.py] => Average Accuracy (CNN): 91.64
2026-05-28 23:00:49,584 [trainer.py] => All params: 105610384
2026-05-28 23:00:49,592 [trainer.py] => Trainable params: 2069815
2026-05-28 23:00:49,592 [inflora.py] => Learning on 15-20
2026-05-28 23:09:44,809 [inflora.py] => Task 3, Epoch 50/50 => Loss 0.059, Train_accy 98.16
2026-05-28 23:10:09,986 [trainer.py] => Timing Task 3 => Train 553.71s, Epochs 50, Train 11.0743s/epoch, Inference 6.68s, Images 689, Inference 9.6945ms/image
2026-05-28 23:10:09,986 [inflora.py] => Exemplar size: 0
2026-05-28 23:10:09,987 [trainer.py] => No NME accuracy.
2026-05-28 23:10:09,987 [trainer.py] => CNN: {'total': 85.78, '00-04': 88.28, '05-09': 86.05, '10-14': 83.81, '15-19': 86.4, 'old': 85.64, 'new': 86.4}
2026-05-28 23:10:09,987 [trainer.py] => CNN top1 curve: [100.0, 89.27, 85.64, 85.78]
2026-05-28 23:10:09,987 [trainer.py] => CNN top5 curve: [100.0, 89.27, 85.64, 85.78]
2026-05-28 23:10:09,987 [trainer.py] => Average Accuracy (CNN): 90.17
2026-05-28 23:10:09,996 [trainer.py] => All params: 105610384
2026-05-28 23:10:10,005 [trainer.py] => Trainable params: 2069815
2026-05-28 23:10:10,005 [inflora.py] => Learning on 20-25
2026-05-28 23:18:57,416 [inflora.py] => Task 4, Epoch 50/50 => Loss 0.079, Train_accy 97.80
2026-05-28 23:19:21,980 [trainer.py] => Timing Task 4 => Train 544.25s, Epochs 50, Train 10.8849s/epoch, Inference 7.73s, Images 831, Inference 9.2992ms/image
2026-05-28 23:19:21,980 [inflora.py] => Exemplar size: 0
2026-05-28 23:19:21,981 [trainer.py] => No NME accuracy.
2026-05-28 23:19:21,981 [trainer.py] => CNN: {'total': 85.56, '00-04': 90.34, '05-09': 83.14, '10-14': 85.43, '15-19': 83.2, '20-24': 85.92, 'old': 85.49, 'new': 85.92}
2026-05-28 23:19:21,981 [trainer.py] => CNN top1 curve: [100.0, 89.27, 85.64, 85.78, 85.56]
2026-05-28 23:19:21,981 [trainer.py] => CNN top5 curve: [100.0, 89.27, 85.64, 85.78, 85.56]
2026-05-28 23:19:21,981 [trainer.py] => Average Accuracy (CNN): 89.25
2026-05-28 23:19:21,993 [trainer.py] => All params: 105610384
2026-05-28 23:19:22,000 [trainer.py] => Trainable params: 188165
2026-05-28 23:19:22,000 [inflora.py] => Learning on 25-30
2026-05-28 23:28:42,377 [inflora.py] => Task 5, Epoch 50/50 => Loss 0.095, Train_accy 96.98
2026-05-28 23:29:08,334 [trainer.py] => Timing Task 5 => Train 577.54s, Epochs 50, Train 11.5508s/epoch, Inference 8.79s, Images 989, Inference 8.8923ms/image
2026-05-28 23:29:08,334 [inflora.py] => Exemplar size: 0
2026-05-28 23:29:08,334 [trainer.py] => No NME accuracy.
2026-05-28 23:29:08,334 [trainer.py] => CNN: {'total': 84.02, '00-04': 88.28, '05-09': 81.4, '10-14': 83.4, '15-19': 82.4, '20-24': 83.8, '25-29': 85.44, 'old': 83.75, 'new': 85.44}
2026-05-28 23:29:08,334 [trainer.py] => CNN top1 curve: [100.0, 89.27, 85.64, 85.78, 85.56, 84.02]
2026-05-28 23:29:08,334 [trainer.py] => CNN top5 curve: [100.0, 89.27, 85.64, 85.78, 85.56, 84.02]
2026-05-28 23:29:08,334 [trainer.py] => Average Accuracy (CNN): 88.38
2026-05-28 23:29:08,345 [trainer.py] => All params: 105610384
2026-05-28 23:29:08,353 [trainer.py] => Trainable params: 188165
2026-05-28 23:29:08,354 [inflora.py] => Learning on 30-35
2026-05-28 23:38:54,801 [inflora.py] => Task 6, Epoch 50/50 => Loss 0.064, Train_accy 97.89
2026-05-28 23:39:24,164 [trainer.py] => Timing Task 6 => Train 605.87s, Epochs 50, Train 12.1174s/epoch, Inference 9.94s, Images 1140, Inference 8.7211ms/image
2026-05-28 23:39:24,164 [inflora.py] => Exemplar size: 0
2026-05-28 23:39:24,164 [trainer.py] => No NME accuracy.
2026-05-28 23:39:24,164 [trainer.py] => CNN: {'total': 83.95, '00-04': 88.97, '05-09': 81.4, '10-14': 83.4, '15-19': 81.6, '20-24': 85.21, '25-29': 84.18, '30-34': 83.44, 'old': 84.02, 'new': 83.44}
2026-05-28 23:39:24,164 [trainer.py] => CNN top1 curve: [100.0, 89.27, 85.64, 85.78, 85.56, 84.02, 83.95]
2026-05-28 23:39:24,164 [trainer.py] => CNN top5 curve: [100.0, 89.27, 85.64, 85.78, 85.56, 84.02, 83.95]
2026-05-28 23:39:24,164 [trainer.py] => Average Accuracy (CNN): 87.75
2026-05-28 23:39:24,173 [trainer.py] => All params: 105610384
2026-05-28 23:39:24,179 [trainer.py] => Trainable params: 188165
2026-05-28 23:39:24,179 [inflora.py] => Learning on 35-40
2026-05-28 23:49:24,755 [inflora.py] => Task 7, Epoch 50/50 => Loss 0.099, Train_accy 96.60
2026-05-28 23:49:56,178 [trainer.py] => Timing Task 7 => Train 620.87s, Epochs 50, Train 12.4173s/epoch, Inference 11.13s, Images 1321, Inference 8.4276ms/image
2026-05-28 23:49:56,179 [inflora.py] => Exemplar size: 0
2026-05-28 23:49:56,179 [trainer.py] => No NME accuracy.
2026-05-28 23:49:56,179 [trainer.py] => CNN: {'total': 82.36, '00-04': 88.28, '05-09': 80.23, '10-14': 80.97, '15-19': 80.8, '20-24': 84.51, '25-29': 82.28, '30-34': 78.81, '35-39': 83.98, 'old': 82.11, 'new': 83.98}
2026-05-28 23:49:56,179 [trainer.py] => CNN top1 curve: [100.0, 89.27, 85.64, 85.78, 85.56, 84.02, 83.95, 82.36]
2026-05-28 23:49:56,179 [trainer.py] => CNN top5 curve: [100.0, 89.27, 85.64, 85.78, 85.56, 84.02, 83.95, 82.36]
2026-05-28 23:49:56,179 [trainer.py] => Average Accuracy (CNN): 87.07
2026-05-28 23:49:56,188 [trainer.py] => All params: 105610384
2026-05-28 23:49:56,197 [trainer.py] => Trainable params: 188165
2026-05-28 23:49:56,197 [inflora.py] => Learning on 40-45
2026-05-28 23:57:50,124 [inflora.py] => Task 8, Epoch 50/50 => Loss 0.096, Train_accy 97.61
2026-05-28 23:58:19,991 [trainer.py] => Timing Task 8 => Train 491.63s, Epochs 50, Train 9.8326s/epoch, Inference 12.16s, Images 1467, Inference 8.2920ms/image
2026-05-28 23:58:19,991 [inflora.py] => Exemplar size: 0
2026-05-28 23:58:19,992 [trainer.py] => No NME accuracy.
2026-05-28 23:58:19,992 [trainer.py] => CNN: {'total': 81.66, '00-04': 88.97, '05-09': 80.81, '10-14': 79.76, '15-19': 78.4, '20-24': 83.1, '25-29': 81.01, '30-34': 80.79, '35-39': 79.56, '40-44': 84.25, 'old': 81.38, 'new': 84.25}
2026-05-28 23:58:19,992 [trainer.py] => CNN top1 curve: [100.0, 89.27, 85.64, 85.78, 85.56, 84.02, 83.95, 82.36, 81.66]
2026-05-28 23:58:19,992 [trainer.py] => CNN top5 curve: [100.0, 89.27, 85.64, 85.78, 85.56, 84.02, 83.95, 82.36, 81.66]
2026-05-28 23:58:19,992 [trainer.py] => Average Accuracy (CNN): 86.47
2026-05-28 23:58:20,003 [trainer.py] => All params: 105610384
2026-05-28 23:58:20,010 [trainer.py] => Trainable params: 188165
2026-05-28 23:58:20,010 [inflora.py] => Learning on 45-50
2026-05-29 00:07:23,257 [inflora.py] => Task 9, Epoch 50/50 => Loss 0.122, Train_accy 95.33
2026-05-29 00:07:56,281 [trainer.py] => Timing Task 9 => Train 563.23s, Epochs 50, Train 11.2646s/epoch, Inference 13.04s, Images 1623, Inference 8.0350ms/image
2026-05-29 00:07:56,281 [inflora.py] => Exemplar size: 0
2026-05-29 00:07:56,282 [trainer.py] => No NME accuracy.
2026-05-29 00:07:56,282 [trainer.py] => CNN: {'total': 80.84, '00-04': 86.9, '05-09': 78.49, '10-14': 79.76, '15-19': 78.4, '20-24': 85.21, '25-29': 81.65, '30-34': 78.81, '35-39': 82.87, '40-44': 78.77, '45-49': 78.21, 'old': 81.12, 'new': 78.21}
2026-05-29 00:07:56,282 [trainer.py] => CNN top1 curve: [100.0, 89.27, 85.64, 85.78, 85.56, 84.02, 83.95, 82.36, 81.66, 80.84]
2026-05-29 00:07:56,282 [trainer.py] => CNN top5 curve: [100.0, 89.27, 85.64, 85.78, 85.56, 84.02, 83.95, 82.36, 81.66, 80.84]
2026-05-29 00:07:56,282 [trainer.py] => Average Accuracy (CNN): 85.91
2026-05-29 00:07:56,289 [trainer.py] => All params: 105610384
2026-05-29 00:07:56,294 [trainer.py] => Trainable params: 188165
2026-05-29 00:07:56,294 [inflora.py] => Learning on 50-55
2026-05-29 00:17:36,301 [inflora.py] => Task 10, Epoch 50/50 => Loss 0.099, Train_accy 95.82
2026-05-29 00:18:09,413 [trainer.py] => Timing Task 10 => Train 598.85s, Epochs 50, Train 11.9771s/epoch, Inference 14.26s, Images 1782, Inference 8.0041ms/image
2026-05-29 00:18:09,413 [inflora.py] => Exemplar size: 0
2026-05-29 00:18:09,413 [trainer.py] => No NME accuracy.
2026-05-29 00:18:09,413 [trainer.py] => CNN: {'total': 80.47, '00-04': 88.97, '05-09': 79.65, '10-14': 79.76, '15-19': 77.6, '20-24': 85.92, '25-29': 79.11, '30-34': 80.79, '35-39': 83.43, '40-44': 76.03, '45-49': 75.64, '50-54': 78.62, 'old': 80.65, 'new': 78.62}
2026-05-29 00:18:09,413 [trainer.py] => CNN top1 curve: [100.0, 89.27, 85.64, 85.78, 85.56, 84.02, 83.95, 82.36, 81.66, 80.84, 80.47]
2026-05-29 00:18:09,414 [trainer.py] => CNN top5 curve: [100.0, 89.27, 85.64, 85.78, 85.56, 84.02, 83.95, 82.36, 81.66, 80.84, 80.47]
2026-05-29 00:18:09,414 [trainer.py] => Average Accuracy (CNN): 85.41
2026-05-29 00:18:09,422 [trainer.py] => All params: 105610384
2026-05-29 00:18:09,428 [trainer.py] => Trainable params: 188165
2026-05-29 00:18:09,428 [inflora.py] => Learning on 55-60
2026-05-29 00:27:12,804 [inflora.py] => Task 11, Epoch 50/50 => Loss 0.113, Train_accy 97.15
2026-05-29 00:27:46,373 [trainer.py] => Timing Task 11 => Train 562.01s, Epochs 50, Train 11.2403s/epoch, Inference 14.93s, Images 1927, Inference 7.7474ms/image
2026-05-29 00:27:46,373 [inflora.py] => Exemplar size: 0
2026-05-29 00:27:46,374 [trainer.py] => No NME accuracy.
2026-05-29 00:27:46,374 [trainer.py] => CNN: {'total': 79.19, '00-04': 88.97, '05-09': 82.56, '10-14': 80.97, '15-19': 76.8, '20-24': 83.1, '25-29': 80.38, '30-34': 78.15, '35-39': 80.66, '40-44': 72.6, '45-49': 75.64, '50-54': 71.7, '55-59': 77.24, 'old': 79.35, 'new': 77.24}
2026-05-29 00:27:46,374 [trainer.py] => CNN top1 curve: [100.0, 89.27, 85.64, 85.78, 85.56, 84.02, 83.95, 82.36, 81.66, 80.84, 80.47, 79.19]
2026-05-29 00:27:46,374 [trainer.py] => CNN top5 curve: [100.0, 89.27, 85.64, 85.78, 85.56, 84.02, 83.95, 82.36, 81.66, 80.84, 80.47, 79.19]
2026-05-29 00:27:46,374 [trainer.py] => Average Accuracy (CNN): 84.9
2026-05-29 00:27:46,389 [trainer.py] => All params: 105610384
2026-05-29 00:27:46,399 [trainer.py] => Trainable params: 188165
2026-05-29 00:27:46,399 [inflora.py] => Learning on 60-65
2026-05-29 00:37:18,524 [inflora.py] => Task 12, Epoch 50/50 => Loss 0.242, Train_accy 95.19
2026-05-29 00:37:55,402 [trainer.py] => Timing Task 12 => Train 592.99s, Epochs 50, Train 11.8598s/epoch, Inference 16.01s, Images 2073, Inference 7.7241ms/image
2026-05-29 00:37:55,403 [inflora.py] => Exemplar size: 0
2026-05-29 00:37:55,403 [trainer.py] => No NME accuracy.
2026-05-29 00:37:55,403 [trainer.py] => CNN: {'total': 77.71, '00-04': 86.9, '05-09': 81.98, '10-14': 80.57, '15-19': 74.4, '20-24': 82.39, '25-29': 76.58, '30-34': 76.82, '35-39': 80.11, '40-44': 73.97, '45-49': 76.92, '50-54': 73.58, '55-59': 75.17, '60-64': 67.81, 'old': 78.46, 'new': 67.81}
2026-05-29 00:37:55,403 [trainer.py] => CNN top1 curve: [100.0, 89.27, 85.64, 85.78, 85.56, 84.02, 83.95, 82.36, 81.66, 80.84, 80.47, 79.19, 77.71]
2026-05-29 00:37:55,403 [trainer.py] => CNN top5 curve: [100.0, 89.27, 85.64, 85.78, 85.56, 84.02, 83.95, 82.36, 81.66, 80.84, 80.47, 79.19, 77.71]
2026-05-29 00:37:55,403 [trainer.py] => Average Accuracy (CNN): 84.34
2026-05-29 00:37:55,413 [trainer.py] => All params: 105610384
2026-05-29 00:37:55,420 [trainer.py] => Trainable params: 188165
2026-05-29 00:37:55,420 [inflora.py] => Learning on 65-70
2026-05-29 00:46:39,116 [inflora.py] => Task 13, Epoch 50/50 => Loss 0.130, Train_accy 94.68
2026-05-29 00:47:14,043 [trainer.py] => Timing Task 13 => Train 541.94s, Epochs 50, Train 10.8388s/epoch, Inference 16.68s, Images 2225, Inference 7.4977ms/image
2026-05-29 00:47:14,043 [inflora.py] => Exemplar size: 0
2026-05-29 00:47:14,043 [trainer.py] => No NME accuracy.
2026-05-29 00:47:14,043 [trainer.py] => CNN: {'total': 77.57, '00-04': 87.59, '05-09': 80.81, '10-14': 80.57, '15-19': 79.2, '20-24': 83.1, '25-29': 75.32, '30-34': 74.17, '35-39': 81.22, '40-44': 75.34, '45-49': 72.44, '50-54': 72.96, '55-59': 75.17, '60-64': 65.75, '65-69': 80.26, 'old': 77.38, 'new': 80.26}
2026-05-29 00:47:14,043 [trainer.py] => CNN top1 curve: [100.0, 89.27, 85.64, 85.78, 85.56, 84.02, 83.95, 82.36, 81.66, 80.84, 80.47, 79.19, 77.71, 77.57]
2026-05-29 00:47:14,043 [trainer.py] => CNN top5 curve: [100.0, 89.27, 85.64, 85.78, 85.56, 84.02, 83.95, 82.36, 81.66, 80.84, 80.47, 79.19, 77.71, 77.57]
2026-05-29 00:47:14,044 [trainer.py] => Average Accuracy (CNN): 83.86
2026-05-29 00:47:14,054 [trainer.py] => All params: 105610384
2026-05-29 00:47:14,061 [trainer.py] => Trainable params: 188165
2026-05-29 00:47:14,061 [inflora.py] => Learning on 70-75
2026-05-29 00:55:17,240 [inflora.py] => Task 14, Epoch 50/50 => Loss 0.092, Train_accy 97.46
2026-05-29 00:55:53,525 [trainer.py] => Timing Task 14 => Train 501.52s, Epochs 50, Train 10.0304s/epoch, Inference 17.94s, Images 2350, Inference 7.6358ms/image
2026-05-29 00:55:53,526 [inflora.py] => Exemplar size: 0
2026-05-29 00:55:53,526 [trainer.py] => No NME accuracy.
2026-05-29 00:55:53,526 [trainer.py] => CNN: {'total': 77.32, '00-04': 87.59, '05-09': 79.07, '10-14': 79.76, '15-19': 76.0, '20-24': 81.69, '25-29': 72.78, '30-34': 79.47, '35-39': 79.01, '40-44': 73.29, '45-49': 73.08, '50-54': 78.62, '55-59': 75.17, '60-64': 62.33, '65-69': 78.95, '70-74': 81.6, 'old': 77.08, 'new': 81.6}
2026-05-29 00:55:53,526 [trainer.py] => CNN top1 curve: [100.0, 89.27, 85.64, 85.78, 85.56, 84.02, 83.95, 82.36, 81.66, 80.84, 80.47, 79.19, 77.71, 77.57, 77.32]
2026-05-29 00:55:53,526 [trainer.py] => CNN top5 curve: [100.0, 89.27, 85.64, 85.78, 85.56, 84.02, 83.95, 82.36, 81.66, 80.84, 80.47, 79.19, 77.71, 77.57, 77.32]
2026-05-29 00:55:53,526 [trainer.py] => Average Accuracy (CNN): 83.42
2026-05-29 00:55:53,536 [trainer.py] => All params: 105610384
2026-05-29 00:55:53,544 [trainer.py] => Trainable params: 188165
2026-05-29 00:55:53,544 [inflora.py] => Learning on 75-80
2026-05-29 01:04:33,292 [inflora.py] => Task 15, Epoch 50/50 => Loss 0.090, Train_accy 96.86
2026-05-29 01:05:10,447 [trainer.py] => Timing Task 15 => Train 538.43s, Epochs 50, Train 10.7686s/epoch, Inference 18.47s, Images 2498, Inference 7.3944ms/image
2026-05-29 01:05:10,448 [inflora.py] => Exemplar size: 0
2026-05-29 01:05:10,448 [trainer.py] => No NME accuracy.
2026-05-29 01:05:10,448 [trainer.py] => CNN: {'total': 76.7, '00-04': 87.59, '05-09': 80.81, '10-14': 78.54, '15-19': 72.0, '20-24': 81.69, '25-29': 73.42, '30-34': 76.16, '35-39': 76.24, '40-44': 71.92, '45-49': 71.15, '50-54': 76.73, '55-59': 75.86, '60-64': 63.01, '65-69': 80.26, '70-74': 80.0, '75-79': 80.41, 'old': 76.47, 'new': 80.41}
2026-05-29 01:05:10,448 [trainer.py] => CNN top1 curve: [100.0, 89.27, 85.64, 85.78, 85.56, 84.02, 83.95, 82.36, 81.66, 80.84, 80.47, 79.19, 77.71, 77.57, 77.32, 76.7]
2026-05-29 01:05:10,448 [trainer.py] => CNN top5 curve: [100.0, 89.27, 85.64, 85.78, 85.56, 84.02, 83.95, 82.36, 81.66, 80.84, 80.47, 79.19, 77.71, 77.57, 77.32, 76.7]
2026-05-29 01:05:10,448 [trainer.py] => Average Accuracy (CNN): 83.0
2026-05-29 01:05:10,460 [trainer.py] => All params: 105610384
2026-05-29 01:05:10,466 [trainer.py] => Trainable params: 188165
2026-05-29 01:05:10,467 [inflora.py] => Learning on 80-85
2026-05-29 01:14:54,027 [inflora.py] => Task 16, Epoch 50/50 => Loss 0.085, Train_accy 96.04
2026-05-29 01:15:33,240 [trainer.py] => Timing Task 16 => Train 603.20s, Epochs 50, Train 12.0640s/epoch, Inference 19.57s, Images 2628, Inference 7.4485ms/image
2026-05-29 01:15:33,240 [inflora.py] => Exemplar size: 0
2026-05-29 01:15:33,240 [trainer.py] => No NME accuracy.
2026-05-29 01:15:33,241 [trainer.py] => CNN: {'total': 75.57, '00-04': 87.59, '05-09': 81.4, '10-14': 79.35, '15-19': 74.4, '20-24': 80.99, '25-29': 74.05, '30-34': 78.81, '35-39': 76.24, '40-44': 72.6, '45-49': 66.03, '50-54': 76.1, '55-59': 72.41, '60-64': 56.85, '65-69': 76.97, '70-74': 80.0, '75-79': 77.7, '80-84': 70.0, 'old': 75.86, 'new': 70.0}
2026-05-29 01:15:33,241 [trainer.py] => CNN top1 curve: [100.0, 89.27, 85.64, 85.78, 85.56, 84.02, 83.95, 82.36, 81.66, 80.84, 80.47, 79.19, 77.71, 77.57, 77.32, 76.7, 75.57]
2026-05-29 01:15:33,241 [trainer.py] => CNN top5 curve: [100.0, 89.27, 85.64, 85.78, 85.56, 84.02, 83.95, 82.36, 81.66, 80.84, 80.47, 79.19, 77.71, 77.57, 77.32, 76.7, 75.57]
2026-05-29 01:15:33,241 [trainer.py] => Average Accuracy (CNN): 82.57
2026-05-29 01:15:33,252 [trainer.py] => All params: 105610384
2026-05-29 01:15:33,259 [trainer.py] => Trainable params: 188165
2026-05-29 01:15:33,259 [inflora.py] => Learning on 85-90
2026-05-29 01:26:28,779 [inflora.py] => Task 17, Epoch 50/50 => Loss 0.168, Train_accy 94.21
2026-05-29 01:27:12,749 [trainer.py] => Timing Task 17 => Train 678.50s, Epochs 50, Train 13.5701s/epoch, Inference 20.98s, Images 2808, Inference 7.4732ms/image
2026-05-29 01:27:12,749 [inflora.py] => Exemplar size: 0
2026-05-29 01:27:12,749 [trainer.py] => No NME accuracy.
2026-05-29 01:27:12,749 [trainer.py] => CNN: {'total': 74.15, '00-04': 90.34, '05-09': 76.74, '10-14': 79.35, '15-19': 73.6, '20-24': 82.39, '25-29': 67.72, '30-34': 74.83, '35-39': 75.69, '40-44': 71.23, '45-49': 65.38, '50-54': 73.58, '55-59': 72.41, '60-64': 58.22, '65-69': 79.61, '70-74': 76.0, '75-79': 75.68, '80-84': 68.46, '85-89': 70.56, 'old': 74.39, 'new': 70.56}
2026-05-29 01:27:12,749 [trainer.py] => CNN top1 curve: [100.0, 89.27, 85.64, 85.78, 85.56, 84.02, 83.95, 82.36, 81.66, 80.84, 80.47, 79.19, 77.71, 77.57, 77.32, 76.7, 75.57, 74.15]
2026-05-29 01:27:12,749 [trainer.py] => CNN top5 curve: [100.0, 89.27, 85.64, 85.78, 85.56, 84.02, 83.95, 82.36, 81.66, 80.84, 80.47, 79.19, 77.71, 77.57, 77.32, 76.7, 75.57, 74.15]
2026-05-29 01:27:12,749 [trainer.py] => Average Accuracy (CNN): 82.1
2026-05-29 01:27:12,759 [trainer.py] => All params: 105610384
2026-05-29 01:27:12,764 [trainer.py] => Trainable params: 188165
2026-05-29 01:27:12,764 [inflora.py] => Learning on 90-95
2026-05-29 01:34:18,031 [inflora.py] => Task 18, Epoch 50/50 => Loss 0.137, Train_accy 94.91
2026-05-29 01:34:55,450 [trainer.py] => Timing Task 18 => Train 440.95s, Epochs 50, Train 8.8189s/epoch, Inference 21.74s, Images 2909, Inference 7.4730ms/image
2026-05-29 01:34:55,450 [inflora.py] => Exemplar size: 0
2026-05-29 01:34:55,450 [trainer.py] => No NME accuracy.
2026-05-29 01:34:55,450 [trainer.py] => CNN: {'total': 72.5, '00-04': 84.83, '05-09': 76.16, '10-14': 77.73, '15-19': 75.2, '20-24': 80.28, '25-29': 68.35, '30-34': 73.51, '35-39': 74.59, '40-44': 69.86, '45-49': 60.9, '50-54': 74.84, '55-59': 73.1, '60-64': 62.33, '65-69': 77.63, '70-74': 72.8, '75-79': 74.32, '80-84': 63.08, '85-89': 68.33, '90-94': 63.37, 'old': 72.83, 'new': 63.37}
2026-05-29 01:34:55,450 [trainer.py] => CNN top1 curve: [100.0, 89.27, 85.64, 85.78, 85.56, 84.02, 83.95, 82.36, 81.66, 80.84, 80.47, 79.19, 77.71, 77.57, 77.32, 76.7, 75.57, 74.15, 72.5]
2026-05-29 01:34:55,451 [trainer.py] => CNN top5 curve: [100.0, 89.27, 85.64, 85.78, 85.56, 84.02, 83.95, 82.36, 81.66, 80.84, 80.47, 79.19, 77.71, 77.57, 77.32, 76.7, 75.57, 74.15, 72.5]
2026-05-29 01:34:55,451 [trainer.py] => Average Accuracy (CNN): 81.59
2026-05-29 01:34:55,460 [trainer.py] => All params: 105610384
2026-05-29 01:34:55,466 [trainer.py] => Trainable params: 188165
2026-05-29 01:34:55,467 [inflora.py] => Learning on 95-100
2026-05-29 01:40:54,361 [inflora.py] => Task 19, Epoch 50/50 => Loss 0.118, Train_accy 96.02
2026-05-29 01:41:29,725 [trainer.py] => Timing Task 19 => Train 372.31s, Epochs 50, Train 7.4461s/epoch, Inference 21.95s, Images 2985, Inference 7.3542ms/image
2026-05-29 01:41:29,726 [inflora.py] => Exemplar size: 0
2026-05-29 01:41:29,726 [trainer.py] => No NME accuracy.
2026-05-29 01:41:29,726 [trainer.py] => CNN: {'total': 71.99, '00-04': 83.45, '05-09': 76.16, '10-14': 77.33, '15-19': 72.8, '20-24': 80.99, '25-29': 67.09, '30-34': 74.83, '35-39': 73.48, '40-44': 67.12, '45-49': 64.1, '50-54': 74.84, '55-59': 71.72, '60-64': 58.9, '65-69': 75.0, '70-74': 76.0, '75-79': 77.7, '80-84': 69.23, '85-89': 65.56, '90-94': 59.41, '95-99': 64.47, 'old': 72.19, 'new': 64.47}
2026-05-29 01:41:29,726 [trainer.py] => CNN top1 curve: [100.0, 89.27, 85.64, 85.78, 85.56, 84.02, 83.95, 82.36, 81.66, 80.84, 80.47, 79.19, 77.71, 77.57, 77.32, 76.7, 75.57, 74.15, 72.5, 71.99]
2026-05-29 01:41:29,726 [trainer.py] => CNN top5 curve: [100.0, 89.27, 85.64, 85.78, 85.56, 84.02, 83.95, 82.36, 81.66, 80.84, 80.47, 79.19, 77.71, 77.57, 77.32, 76.7, 75.57, 74.15, 72.5, 71.99]
2026-05-29 01:41:29,726 [trainer.py] => Average Accuracy (CNN): 81.11
2026-05-29 01:41:29,737 [trainer.py] => All params: 105610384
2026-05-29 01:41:29,747 [trainer.py] => Trainable params: 188165
2026-05-29 01:41:29,748 [inflora.py] => Learning on 100-105
2026-05-29 01:50:37,309 [inflora.py] => Task 20, Epoch 50/50 => Loss 0.075, Train_accy 97.50
2026-05-29 01:51:17,649 [trainer.py] => Timing Task 20 => Train 565.05s, Epochs 50, Train 11.3010s/epoch, Inference 22.85s, Images 3137, Inference 7.2849ms/image
2026-05-29 01:51:17,650 [inflora.py] => Exemplar size: 0
2026-05-29 01:51:17,650 [trainer.py] => No NME accuracy.
2026-05-29 01:51:17,650 [trainer.py] => CNN: {'total': 71.57, '00-04': 85.52, '05-09': 74.42, '10-14': 76.52, '15-19': 72.0, '20-24': 80.28, '25-29': 67.72, '30-34': 76.16, '35-39': 72.38, '40-44': 67.12, '45-49': 64.74, '50-54': 72.33, '55-59': 73.1, '60-64': 60.27, '65-69': 75.66, '70-74': 75.2, '75-79': 72.3, '80-84': 63.08, '85-89': 65.56, '90-94': 60.4, '95-99': 60.53, '100-104': 76.32, 'old': 71.32, 'new': 76.32}
2026-05-29 01:51:17,650 [trainer.py] => CNN top1 curve: [100.0, 89.27, 85.64, 85.78, 85.56, 84.02, 83.95, 82.36, 81.66, 80.84, 80.47, 79.19, 77.71, 77.57, 77.32, 76.7, 75.57, 74.15, 72.5, 71.99, 71.57]
2026-05-29 01:51:17,650 [trainer.py] => CNN top5 curve: [100.0, 89.27, 85.64, 85.78, 85.56, 84.02, 83.95, 82.36, 81.66, 80.84, 80.47, 79.19, 77.71, 77.57, 77.32, 76.7, 75.57, 74.15, 72.5, 71.99, 71.57]
2026-05-29 01:51:17,650 [trainer.py] => Average Accuracy (CNN): 80.66
2026-05-29 01:51:17,661 [trainer.py] => All params: 105610384
2026-05-29 01:51:17,669 [trainer.py] => Trainable params: 188165
2026-05-29 01:51:17,669 [inflora.py] => Learning on 105-110
2026-05-29 02:00:08,660 [inflora.py] => Task 21, Epoch 50/50 => Loss 0.106, Train_accy 96.13
2026-05-29 02:00:49,813 [trainer.py] => Timing Task 21 => Train 548.68s, Epochs 50, Train 10.9735s/epoch, Inference 23.47s, Images 3269, Inference 7.1785ms/image
2026-05-29 02:00:49,813 [inflora.py] => Exemplar size: 0
2026-05-29 02:00:49,813 [trainer.py] => No NME accuracy.
2026-05-29 02:00:49,813 [trainer.py] => CNN: {'total': 71.21, '00-04': 85.52, '05-09': 75.58, '10-14': 76.52, '15-19': 73.6, '20-24': 76.76, '25-29': 69.62, '30-34': 76.82, '35-39': 72.93, '40-44': 67.81, '45-49': 62.18, '50-54': 71.7, '55-59': 69.66, '60-64': 59.59, '65-69': 77.63, '70-74': 72.0, '75-79': 74.32, '80-84': 62.31, '85-89': 65.56, '90-94': 56.44, '95-99': 60.53, '100-104': 73.68, '105-109': 72.73, 'old': 71.15, 'new': 72.73}
2026-05-29 02:00:49,813 [trainer.py] => CNN top1 curve: [100.0, 89.27, 85.64, 85.78, 85.56, 84.02, 83.95, 82.36, 81.66, 80.84, 80.47, 79.19, 77.71, 77.57, 77.32, 76.7, 75.57, 74.15, 72.5, 71.99, 71.57, 71.21]
2026-05-29 02:00:49,814 [trainer.py] => CNN top5 curve: [100.0, 89.27, 85.64, 85.78, 85.56, 84.02, 83.95, 82.36, 81.66, 80.84, 80.47, 79.19, 77.71, 77.57, 77.32, 76.7, 75.57, 74.15, 72.5, 71.99, 71.57, 71.21]
2026-05-29 02:00:49,814 [trainer.py] => Average Accuracy (CNN): 80.23
2026-05-29 02:00:49,824 [trainer.py] => All params: 105610384
2026-05-29 02:00:49,830 [trainer.py] => Trainable params: 188165
2026-05-29 02:00:49,831 [inflora.py] => Learning on 110-115
2026-05-29 02:09:46,095 [inflora.py] => Task 22, Epoch 50/50 => Loss 0.114, Train_accy 96.42
2026-05-29 02:10:29,262 [trainer.py] => Timing Task 22 => Train 554.66s, Epochs 50, Train 11.0931s/epoch, Inference 24.77s, Images 3409, Inference 7.2675ms/image
2026-05-29 02:10:29,262 [inflora.py] => Exemplar size: 0
2026-05-29 02:10:29,262 [trainer.py] => No NME accuracy.
2026-05-29 02:10:29,263 [trainer.py] => CNN: {'total': 71.02, '00-04': 83.45, '05-09': 74.42, '10-14': 76.11, '15-19': 73.6, '20-24': 76.76, '25-29': 68.99, '30-34': 78.81, '35-39': 72.93, '40-44': 66.44, '45-49': 62.82, '50-54': 71.7, '55-59': 69.66, '60-64': 56.85, '65-69': 77.63, '70-74': 73.6, '75-79': 75.68, '80-84': 61.54, '85-89': 67.78, '90-94': 56.44, '95-99': 64.47, '100-104': 73.68, '105-109': 67.42, '110-114': 70.71, 'old': 71.03, 'new': 70.71}
2026-05-29 02:10:29,263 [trainer.py] => CNN top1 curve: [100.0, 89.27, 85.64, 85.78, 85.56, 84.02, 83.95, 82.36, 81.66, 80.84, 80.47, 79.19, 77.71, 77.57, 77.32, 76.7, 75.57, 74.15, 72.5, 71.99, 71.57, 71.21, 71.02]
2026-05-29 02:10:29,263 [trainer.py] => CNN top5 curve: [100.0, 89.27, 85.64, 85.78, 85.56, 84.02, 83.95, 82.36, 81.66, 80.84, 80.47, 79.19, 77.71, 77.57, 77.32, 76.7, 75.57, 74.15, 72.5, 71.99, 71.57, 71.21, 71.02]
2026-05-29 02:10:29,263 [trainer.py] => Average Accuracy (CNN): 79.83
2026-05-29 02:10:29,276 [trainer.py] => All params: 105610384
2026-05-29 02:10:29,283 [trainer.py] => Trainable params: 188165
2026-05-29 02:10:29,283 [inflora.py] => Learning on 115-120
2026-05-29 02:23:11,874 [inflora.py] => Task 23, Epoch 50/50 => Loss 0.199, Train_accy 95.26
2026-05-29 02:24:00,737 [trainer.py] => Timing Task 23 => Train 785.09s, Epochs 50, Train 15.7017s/epoch, Inference 26.37s, Images 3645, Inference 7.2338ms/image
2026-05-29 02:24:00,737 [inflora.py] => Exemplar size: 0
2026-05-29 02:24:00,737 [trainer.py] => No NME accuracy.
2026-05-29 02:24:00,737 [trainer.py] => CNN: {'total': 70.75, '00-04': 78.62, '05-09': 73.26, '10-14': 75.3, '15-19': 71.2, '20-24': 73.94, '25-29': 65.19, '30-34': 81.46, '35-39': 69.61, '40-44': 67.12, '45-49': 59.62, '50-54': 73.58, '55-59': 69.66, '60-64': 58.22, '65-69': 75.0, '70-74': 72.8, '75-79': 71.62, '80-84': 62.31, '85-89': 68.33, '90-94': 56.44, '95-99': 63.16, '100-104': 73.68, '105-109': 67.42, '110-114': 67.14, '115-119': 83.9, 'old': 69.84, 'new': 83.9}
2026-05-29 02:24:00,738 [trainer.py] => CNN top1 curve: [100.0, 89.27, 85.64, 85.78, 85.56, 84.02, 83.95, 82.36, 81.66, 80.84, 80.47, 79.19, 77.71, 77.57, 77.32, 76.7, 75.57, 74.15, 72.5, 71.99, 71.57, 71.21, 71.02, 70.75]
2026-05-29 02:24:00,738 [trainer.py] => CNN top5 curve: [100.0, 89.27, 85.64, 85.78, 85.56, 84.02, 83.95, 82.36, 81.66, 80.84, 80.47, 79.19, 77.71, 77.57, 77.32, 76.7, 75.57, 74.15, 72.5, 71.99, 71.57, 71.21, 71.02, 70.75]
2026-05-29 02:24:00,738 [trainer.py] => Average Accuracy (CNN): 79.45
2026-05-29 02:24:00,749 [trainer.py] => All params: 105610384
2026-05-29 02:24:00,759 [trainer.py] => Trainable params: 188165
2026-05-29 02:24:00,759 [inflora.py] => Learning on 120-125
2026-05-29 02:33:03,267 [inflora.py] => Task 24, Epoch 50/50 => Loss 0.152, Train_accy 95.42
2026-05-29 02:33:49,364 [trainer.py] => Timing Task 24 => Train 561.60s, Epochs 50, Train 11.2321s/epoch, Inference 27.00s, Images 3805, Inference 7.0962ms/image
2026-05-29 02:33:49,364 [inflora.py] => Exemplar size: 0
2026-05-29 02:33:49,364 [trainer.py] => No NME accuracy.
2026-05-29 02:33:49,364 [trainer.py] => CNN: {'total': 70.01, '00-04': 78.62, '05-09': 73.84, '10-14': 74.09, '15-19': 70.4, '20-24': 73.24, '25-29': 64.56, '30-34': 77.48, '35-39': 68.51, '40-44': 67.12, '45-49': 60.9, '50-54': 69.81, '55-59': 70.34, '60-64': 57.53, '65-69': 75.66, '70-74': 71.2, '75-79': 74.32, '80-84': 56.92, '85-89': 65.56, '90-94': 55.45, '95-99': 60.53, '100-104': 73.03, '105-109': 64.39, '110-114': 70.0, '115-119': 83.47, '120-124': 72.5, 'old': 69.9, 'new': 72.5}
2026-05-29 02:33:49,365 [trainer.py] => CNN top1 curve: [100.0, 89.27, 85.64, 85.78, 85.56, 84.02, 83.95, 82.36, 81.66, 80.84, 80.47, 79.19, 77.71, 77.57, 77.32, 76.7, 75.57, 74.15, 72.5, 71.99, 71.57, 71.21, 71.02, 70.75, 70.01]
2026-05-29 02:33:49,365 [trainer.py] => CNN top5 curve: [100.0, 89.27, 85.64, 85.78, 85.56, 84.02, 83.95, 82.36, 81.66, 80.84, 80.47, 79.19, 77.71, 77.57, 77.32, 76.7, 75.57, 74.15, 72.5, 71.99, 71.57, 71.21, 71.02, 70.75, 70.01]
2026-05-29 02:33:49,365 [trainer.py] => Average Accuracy (CNN): 79.07
2026-05-29 02:33:49,374 [trainer.py] => All params: 105610384
2026-05-29 02:33:49,379 [trainer.py] => Trainable params: 188165
2026-05-29 02:33:49,380 [inflora.py] => Learning on 125-130
2026-05-29 02:40:20,534 [inflora.py] => Task 25, Epoch 50/50 => Loss 0.120, Train_accy 96.30
2026-05-29 02:41:04,736 [trainer.py] => Timing Task 25 => Train 407.08s, Epochs 50, Train 8.1416s/epoch, Inference 28.27s, Images 3916, Inference 7.2204ms/image
2026-05-29 02:41:04,736 [inflora.py] => Exemplar size: 0
2026-05-29 02:41:04,736 [trainer.py] => No NME accuracy.
2026-05-29 02:41:04,736 [trainer.py] => CNN: {'total': 69.51, '00-04': 77.93, '05-09': 74.42, '10-14': 74.09, '15-19': 69.6, '20-24': 73.94, '25-29': 67.09, '30-34': 78.15, '35-39': 67.96, '40-44': 67.81, '45-49': 60.9, '50-54': 71.7, '55-59': 68.28, '60-64': 58.22, '65-69': 75.0, '70-74': 72.8, '75-79': 70.95, '80-84': 56.15, '85-89': 64.44, '90-94': 53.47, '95-99': 60.53, '100-104': 71.05, '105-109': 64.39, '110-114': 72.14, '115-119': 85.17, '120-124': 67.5, '125-129': 58.56, 'old': 69.83, 'new': 58.56}
2026-05-29 02:41:04,736 [trainer.py] => CNN top1 curve: [100.0, 89.27, 85.64, 85.78, 85.56, 84.02, 83.95, 82.36, 81.66, 80.84, 80.47, 79.19, 77.71, 77.57, 77.32, 76.7, 75.57, 74.15, 72.5, 71.99, 71.57, 71.21, 71.02, 70.75, 70.01, 69.51]
2026-05-29 02:41:04,736 [trainer.py] => CNN top5 curve: [100.0, 89.27, 85.64, 85.78, 85.56, 84.02, 83.95, 82.36, 81.66, 80.84, 80.47, 79.19, 77.71, 77.57, 77.32, 76.7, 75.57, 74.15, 72.5, 71.99, 71.57, 71.21, 71.02, 70.75, 70.01, 69.51]
2026-05-29 02:41:04,737 [trainer.py] => Average Accuracy (CNN): 78.7
2026-05-29 02:41:04,746 [trainer.py] => All params: 105610384
2026-05-29 02:41:04,753 [trainer.py] => Trainable params: 188165
2026-05-29 02:41:04,753 [inflora.py] => Learning on 130-135
2026-05-29 02:48:32,460 [inflora.py] => Task 26, Epoch 50/50 => Loss 0.099, Train_accy 95.91
2026-05-29 02:49:18,771 [trainer.py] => Timing Task 26 => Train 464.91s, Epochs 50, Train 9.2982s/epoch, Inference 29.11s, Images 4055, Inference 7.1776ms/image
2026-05-29 02:49:18,771 [inflora.py] => Exemplar size: 0
2026-05-29 02:49:18,772 [trainer.py] => No NME accuracy.
2026-05-29 02:49:18,772 [trainer.py] => CNN: {'total': 68.93, '00-04': 77.24, '05-09': 72.67, '10-14': 75.3, '15-19': 70.4, '20-24': 74.65, '25-29': 65.19, '30-34': 78.81, '35-39': 69.61, '40-44': 63.7, '45-49': 60.9, '50-54': 71.07, '55-59': 68.28, '60-64': 58.9, '65-69': 76.32, '70-74': 73.6, '75-79': 72.3, '80-84': 58.46, '85-89': 62.78, '90-94': 55.45, '95-99': 57.89, '100-104': 70.39, '105-109': 64.39, '110-114': 70.71, '115-119': 83.47, '120-124': 69.38, '125-129': 55.86, '130-134': 56.83, 'old': 69.36, 'new': 56.83}
2026-05-29 02:49:18,772 [trainer.py] => CNN top1 curve: [100.0, 89.27, 85.64, 85.78, 85.56, 84.02, 83.95, 82.36, 81.66, 80.84, 80.47, 79.19, 77.71, 77.57, 77.32, 76.7, 75.57, 74.15, 72.5, 71.99, 71.57, 71.21, 71.02, 70.75, 70.01, 69.51, 68.93]
2026-05-29 02:49:18,772 [trainer.py] => CNN top5 curve: [100.0, 89.27, 85.64, 85.78, 85.56, 84.02, 83.95, 82.36, 81.66, 80.84, 80.47, 79.19, 77.71, 77.57, 77.32, 76.7, 75.57, 74.15, 72.5, 71.99, 71.57, 71.21, 71.02, 70.75, 70.01, 69.51, 68.93]
2026-05-29 02:49:18,772 [trainer.py] => Average Accuracy (CNN): 78.34
2026-05-29 02:49:18,783 [trainer.py] => All params: 105610384
2026-05-29 02:49:18,790 [trainer.py] => Trainable params: 188165
2026-05-29 02:49:18,791 [inflora.py] => Learning on 135-140
2026-05-29 02:59:31,505 [inflora.py] => Task 27, Epoch 50/50 => Loss 0.092, Train_accy 97.11
2026-05-29 03:00:22,331 [trainer.py] => Timing Task 27 => Train 633.42s, Epochs 50, Train 12.6683s/epoch, Inference 30.13s, Images 4214, Inference 7.1489ms/image
2026-05-29 03:00:22,331 [inflora.py] => Exemplar size: 0
2026-05-29 03:00:22,332 [trainer.py] => No NME accuracy.
2026-05-29 03:00:22,332 [trainer.py] => CNN: {'total': 68.46, '00-04': 76.55, '05-09': 73.84, '10-14': 75.71, '15-19': 71.2, '20-24': 73.94, '25-29': 65.19, '30-34': 78.81, '35-39': 67.96, '40-44': 63.7, '45-49': 62.18, '50-54': 71.7, '55-59': 68.97, '60-64': 59.59, '65-69': 75.66, '70-74': 74.4, '75-79': 68.92, '80-84': 60.77, '85-89': 65.0, '90-94': 53.47, '95-99': 59.21, '100-104': 69.74, '105-109': 65.15, '110-114': 67.86, '115-119': 82.63, '120-124': 66.88, '125-129': 58.56, '130-134': 57.55, '135-139': 57.23, 'old': 68.9, 'new': 57.23}
2026-05-29 03:00:22,332 [trainer.py] => CNN top1 curve: [100.0, 89.27, 85.64, 85.78, 85.56, 84.02, 83.95, 82.36, 81.66, 80.84, 80.47, 79.19, 77.71, 77.57, 77.32, 76.7, 75.57, 74.15, 72.5, 71.99, 71.57, 71.21, 71.02, 70.75, 70.01, 69.51, 68.93, 68.46]
2026-05-29 03:00:22,332 [trainer.py] => CNN top5 curve: [100.0, 89.27, 85.64, 85.78, 85.56, 84.02, 83.95, 82.36, 81.66, 80.84, 80.47, 79.19, 77.71, 77.57, 77.32, 76.7, 75.57, 74.15, 72.5, 71.99, 71.57, 71.21, 71.02, 70.75, 70.01, 69.51, 68.93, 68.46]
2026-05-29 03:00:22,332 [trainer.py] => Average Accuracy (CNN): 77.99
2026-05-29 03:00:22,340 [trainer.py] => All params: 105610384
2026-05-29 03:00:22,345 [trainer.py] => Trainable params: 188165
2026-05-29 03:00:22,346 [inflora.py] => Learning on 140-145
2026-05-29 03:10:56,174 [inflora.py] => Task 28, Epoch 50/50 => Loss 0.073, Train_accy 97.93
2026-05-29 03:11:48,759 [trainer.py] => Timing Task 28 => Train 654.82s, Epochs 50, Train 13.0964s/epoch, Inference 31.59s, Images 4418, Inference 7.1510ms/image
2026-05-29 03:11:48,759 [inflora.py] => Exemplar size: 0
2026-05-29 03:11:48,760 [trainer.py] => No NME accuracy.
2026-05-29 03:11:48,760 [trainer.py] => CNN: {'total': 67.9, '00-04': 77.24, '05-09': 71.51, '10-14': 74.49, '15-19': 68.8, '20-24': 71.13, '25-29': 67.09, '30-34': 77.48, '35-39': 69.61, '40-44': 64.38, '45-49': 61.54, '50-54': 69.81, '55-59': 69.66, '60-64': 53.42, '65-69': 75.66, '70-74': 73.6, '75-79': 69.59, '80-84': 56.15, '85-89': 64.44, '90-94': 53.47, '95-99': 60.53, '100-104': 67.76, '105-109': 62.88, '110-114': 66.43, '115-119': 82.63, '120-124': 66.25, '125-129': 56.76, '130-134': 58.99, '135-139': 55.97, '140-144': 74.51, 'old': 67.58, 'new': 74.51}
2026-05-29 03:11:48,760 [trainer.py] => CNN top1 curve: [100.0, 89.27, 85.64, 85.78, 85.56, 84.02, 83.95, 82.36, 81.66, 80.84, 80.47, 79.19, 77.71, 77.57, 77.32, 76.7, 75.57, 74.15, 72.5, 71.99, 71.57, 71.21, 71.02, 70.75, 70.01, 69.51, 68.93, 68.46, 67.9]
2026-05-29 03:11:48,760 [trainer.py] => CNN top5 curve: [100.0, 89.27, 85.64, 85.78, 85.56, 84.02, 83.95, 82.36, 81.66, 80.84, 80.47, 79.19, 77.71, 77.57, 77.32, 76.7, 75.57, 74.15, 72.5, 71.99, 71.57, 71.21, 71.02, 70.75, 70.01, 69.51, 68.93, 68.46, 67.9]
2026-05-29 03:11:48,760 [trainer.py] => Average Accuracy (CNN): 77.64
2026-05-29 03:11:48,767 [trainer.py] => All params: 105610384
2026-05-29 03:11:48,774 [trainer.py] => Trainable params: 188165
2026-05-29 03:11:48,774 [inflora.py] => Learning on 145-150
2026-05-29 03:21:58,112 [inflora.py] => Task 29, Epoch 50/50 => Loss 0.064, Train_accy 97.97
2026-05-29 03:22:51,520 [trainer.py] => Timing Task 29 => Train 629.92s, Epochs 50, Train 12.5985s/epoch, Inference 32.82s, Images 4581, Inference 7.1651ms/image
2026-05-29 03:22:51,521 [inflora.py] => Exemplar size: 0
2026-05-29 03:22:51,521 [trainer.py] => No NME accuracy.
2026-05-29 03:22:51,521 [trainer.py] => CNN: {'total': 67.69, '00-04': 77.24, '05-09': 69.19, '10-14': 74.09, '15-19': 69.6, '20-24': 71.13, '25-29': 65.82, '30-34': 76.16, '35-39': 71.27, '40-44': 63.7, '45-49': 65.38, '50-54': 71.07, '55-59': 67.59, '60-64': 53.42, '65-69': 73.68, '70-74': 73.6, '75-79': 70.95, '80-84': 56.15, '85-89': 63.89, '90-94': 53.47, '95-99': 56.58, '100-104': 67.11, '105-109': 64.39, '110-114': 66.43, '115-119': 80.93, '120-124': 64.38, '125-129': 58.56, '130-134': 58.27, '135-139': 55.35, '140-144': 72.55, '145-149': 71.78, 'old': 67.54, 'new': 71.78}
2026-05-29 03:22:51,521 [trainer.py] => CNN top1 curve: [100.0, 89.27, 85.64, 85.78, 85.56, 84.02, 83.95, 82.36, 81.66, 80.84, 80.47, 79.19, 77.71, 77.57, 77.32, 76.7, 75.57, 74.15, 72.5, 71.99, 71.57, 71.21, 71.02, 70.75, 70.01, 69.51, 68.93, 68.46, 67.9, 67.69]
2026-05-29 03:22:51,521 [trainer.py] => CNN top5 curve: [100.0, 89.27, 85.64, 85.78, 85.56, 84.02, 83.95, 82.36, 81.66, 80.84, 80.47, 79.19, 77.71, 77.57, 77.32, 76.7, 75.57, 74.15, 72.5, 71.99, 71.57, 71.21, 71.02, 70.75, 70.01, 69.51, 68.93, 68.46, 67.9, 67.69]
2026-05-29 03:22:51,521 [trainer.py] => Average Accuracy (CNN): 77.31
2026-05-29 03:22:51,530 [trainer.py] => All params: 105610384
2026-05-29 03:22:51,535 [trainer.py] => Trainable params: 188165
2026-05-29 03:22:51,536 [inflora.py] => Learning on 150-155
2026-05-29 03:34:16,140 [inflora.py] => Task 30, Epoch 50/50 => Loss 0.104, Train_accy 96.20
2026-05-29 03:35:11,610 [trainer.py] => Timing Task 30 => Train 706.61s, Epochs 50, Train 14.1322s/epoch, Inference 33.46s, Images 4770, Inference 7.0156ms/image
2026-05-29 03:35:11,610 [inflora.py] => Exemplar size: 0
2026-05-29 03:35:11,610 [trainer.py] => No NME accuracy.
2026-05-29 03:35:11,610 [trainer.py] => CNN: {'total': 67.23, '00-04': 77.93, '05-09': 68.6, '10-14': 77.33, '15-19': 64.8, '20-24': 71.83, '25-29': 65.82, '30-34': 74.83, '35-39': 67.96, '40-44': 65.75, '45-49': 64.74, '50-54': 74.21, '55-59': 66.9, '60-64': 58.9, '65-69': 73.68, '70-74': 73.6, '75-79': 68.24, '80-84': 53.85, '85-89': 62.22, '90-94': 50.5, '95-99': 55.26, '100-104': 65.79, '105-109': 63.64, '110-114': 67.14, '115-119': 78.81, '120-124': 65.62, '125-129': 54.95, '130-134': 57.55, '135-139': 59.75, '140-144': 71.57, '145-149': 66.26, '150-154': 66.14, 'old': 67.28, 'new': 66.14}
2026-05-29 03:35:11,610 [trainer.py] => CNN top1 curve: [100.0, 89.27, 85.64, 85.78, 85.56, 84.02, 83.95, 82.36, 81.66, 80.84, 80.47, 79.19, 77.71, 77.57, 77.32, 76.7, 75.57, 74.15, 72.5, 71.99, 71.57, 71.21, 71.02, 70.75, 70.01, 69.51, 68.93, 68.46, 67.9, 67.69, 67.23]
2026-05-29 03:35:11,610 [trainer.py] => CNN top5 curve: [100.0, 89.27, 85.64, 85.78, 85.56, 84.02, 83.95, 82.36, 81.66, 80.84, 80.47, 79.19, 77.71, 77.57, 77.32, 76.7, 75.57, 74.15, 72.5, 71.99, 71.57, 71.21, 71.02, 70.75, 70.01, 69.51, 68.93, 68.46, 67.9, 67.69, 67.23]
2026-05-29 03:35:11,611 [trainer.py] => Average Accuracy (CNN): 76.98
2026-05-29 03:35:11,622 [trainer.py] => All params: 105610384
2026-05-29 03:35:11,636 [trainer.py] => Trainable params: 188165
2026-05-29 03:35:11,636 [inflora.py] => Learning on 155-160
2026-05-29 03:44:28,570 [inflora.py] => Task 31, Epoch 50/50 => Loss 0.126, Train_accy 95.58
2026-05-29 03:45:23,247 [trainer.py] => Timing Task 31 => Train 576.38s, Epochs 50, Train 11.5276s/epoch, Inference 35.23s, Images 4943, Inference 7.1276ms/image
2026-05-29 03:45:23,248 [inflora.py] => Exemplar size: 0
2026-05-29 03:45:23,248 [trainer.py] => No NME accuracy.
2026-05-29 03:45:23,248 [trainer.py] => CNN: {'total': 66.7, '00-04': 79.31, '05-09': 70.35, '10-14': 76.92, '15-19': 69.6, '20-24': 70.42, '25-29': 66.46, '30-34': 75.5, '35-39': 67.4, '40-44': 65.07, '45-49': 64.74, '50-54': 72.33, '55-59': 66.21, '60-64': 56.16, '65-69': 73.68, '70-74': 73.6, '75-79': 70.27, '80-84': 59.23, '85-89': 63.33, '90-94': 49.5, '95-99': 53.95, '100-104': 65.79, '105-109': 60.61, '110-114': 67.14, '115-119': 77.54, '120-124': 65.0, '125-129': 54.05, '130-134': 58.27, '135-139': 55.97, '140-144': 72.55, '145-149': 65.64, '150-154': 64.02, '155-159': 56.07, 'old': 67.09, 'new': 56.07}
2026-05-29 03:45:23,248 [trainer.py] => CNN top1 curve: [100.0, 89.27, 85.64, 85.78, 85.56, 84.02, 83.95, 82.36, 81.66, 80.84, 80.47, 79.19, 77.71, 77.57, 77.32, 76.7, 75.57, 74.15, 72.5, 71.99, 71.57, 71.21, 71.02, 70.75, 70.01, 69.51, 68.93, 68.46, 67.9, 67.69, 67.23, 66.7]
2026-05-29 03:45:23,248 [trainer.py] => CNN top5 curve: [100.0, 89.27, 85.64, 85.78, 85.56, 84.02, 83.95, 82.36, 81.66, 80.84, 80.47, 79.19, 77.71, 77.57, 77.32, 76.7, 75.57, 74.15, 72.5, 71.99, 71.57, 71.21, 71.02, 70.75, 70.01, 69.51, 68.93, 68.46, 67.9, 67.69, 67.23, 66.7]
2026-05-29 03:45:23,249 [trainer.py] => Average Accuracy (CNN): 76.66
2026-05-29 03:45:23,259 [trainer.py] => All params: 105610384
2026-05-29 03:45:23,266 [trainer.py] => Trainable params: 188165
2026-05-29 03:45:23,266 [inflora.py] => Learning on 160-165
2026-05-29 03:52:21,420 [inflora.py] => Task 32, Epoch 50/50 => Loss 0.164, Train_accy 93.40
2026-05-29 03:53:14,359 [trainer.py] => Timing Task 32 => Train 435.87s, Epochs 50, Train 8.7175s/epoch, Inference 35.22s, Images 5044, Inference 6.9825ms/image
2026-05-29 03:53:14,359 [inflora.py] => Exemplar size: 0
2026-05-29 03:53:14,359 [trainer.py] => No NME accuracy.
2026-05-29 03:53:14,359 [trainer.py] => CNN: {'total': 66.55, '00-04': 78.62, '05-09': 69.19, '10-14': 76.52, '15-19': 67.2, '20-24': 71.83, '25-29': 66.46, '30-34': 76.82, '35-39': 67.96, '40-44': 64.38, '45-49': 64.74, '50-54': 74.21, '55-59': 66.21, '60-64': 56.85, '65-69': 73.68, '70-74': 73.6, '75-79': 68.92, '80-84': 60.77, '85-89': 64.44, '90-94': 49.5, '95-99': 55.26, '100-104': 65.79, '105-109': 62.12, '110-114': 66.43, '115-119': 78.39, '120-124': 64.38, '125-129': 54.95, '130-134': 58.27, '135-139': 55.35, '140-144': 72.55, '145-149': 66.87, '150-154': 65.61, '155-159': 54.91, '160-164': 50.5, 'old': 66.88, 'new': 50.5}
2026-05-29 03:53:14,359 [trainer.py] => CNN top1 curve: [100.0, 89.27, 85.64, 85.78, 85.56, 84.02, 83.95, 82.36, 81.66, 80.84, 80.47, 79.19, 77.71, 77.57, 77.32, 76.7, 75.57, 74.15, 72.5, 71.99, 71.57, 71.21, 71.02, 70.75, 70.01, 69.51, 68.93, 68.46, 67.9, 67.69, 67.23, 66.7, 66.55]
2026-05-29 03:53:14,359 [trainer.py] => CNN top5 curve: [100.0, 89.27, 85.64, 85.78, 85.56, 84.02, 83.95, 82.36, 81.66, 80.84, 80.47, 79.19, 77.71, 77.57, 77.32, 76.7, 75.57, 74.15, 72.5, 71.99, 71.57, 71.21, 71.02, 70.75, 70.01, 69.51, 68.93, 68.46, 67.9, 67.69, 67.23, 66.7, 66.55]
2026-05-29 03:53:14,360 [trainer.py] => Average Accuracy (CNN): 76.36
2026-05-29 03:53:14,369 [trainer.py] => All params: 105610384
2026-05-29 03:53:14,378 [trainer.py] => Trainable params: 188165
2026-05-29 03:53:14,378 [inflora.py] => Learning on 165-170
2026-05-29 04:02:13,544 [inflora.py] => Task 33, Epoch 50/50 => Loss 0.186, Train_accy 94.53
2026-05-29 04:03:08,587 [trainer.py] => Timing Task 33 => Train 557.94s, Epochs 50, Train 11.1587s/epoch, Inference 36.27s, Images 5173, Inference 7.0118ms/image
2026-05-29 04:03:08,587 [inflora.py] => Exemplar size: 0
2026-05-29 04:03:08,587 [trainer.py] => No NME accuracy.
2026-05-29 04:03:08,587 [trainer.py] => CNN: {'total': 65.96, '00-04': 77.24, '05-09': 72.67, '10-14': 76.11, '15-19': 66.4, '20-24': 74.65, '25-29': 67.72, '30-34': 78.15, '35-39': 66.3, '40-44': 62.33, '45-49': 63.46, '50-54': 74.84, '55-59': 65.52, '60-64': 58.9, '65-69': 72.37, '70-74': 74.4, '75-79': 69.59, '80-84': 59.23, '85-89': 64.44, '90-94': 50.5, '95-99': 52.63, '100-104': 65.13, '105-109': 60.61, '110-114': 66.43, '115-119': 77.54, '120-124': 65.0, '125-129': 54.05, '130-134': 55.4, '135-139': 54.72, '140-144': 71.57, '145-149': 68.1, '150-154': 62.96, '155-159': 55.49, '160-164': 48.51, '165-169': 53.49, 'old': 66.28, 'new': 53.49}
2026-05-29 04:03:08,587 [trainer.py] => CNN top1 curve: [100.0, 89.27, 85.64, 85.78, 85.56, 84.02, 83.95, 82.36, 81.66, 80.84, 80.47, 79.19, 77.71, 77.57, 77.32, 76.7, 75.57, 74.15, 72.5, 71.99, 71.57, 71.21, 71.02, 70.75, 70.01, 69.51, 68.93, 68.46, 67.9, 67.69, 67.23, 66.7, 66.55, 65.96]
2026-05-29 04:03:08,587 [trainer.py] => CNN top5 curve: [100.0, 89.27, 85.64, 85.78, 85.56, 84.02, 83.95, 82.36, 81.66, 80.84, 80.47, 79.19, 77.71, 77.57, 77.32, 76.7, 75.57, 74.15, 72.5, 71.99, 71.57, 71.21, 71.02, 70.75, 70.01, 69.51, 68.93, 68.46, 67.9, 67.69, 67.23, 66.7, 66.55, 65.96]
2026-05-29 04:03:08,588 [trainer.py] => Average Accuracy (CNN): 76.05
2026-05-29 04:03:08,598 [trainer.py] => All params: 105610384
2026-05-29 04:03:08,609 [trainer.py] => Trainable params: 188165
2026-05-29 04:03:08,610 [inflora.py] => Learning on 170-175
2026-05-29 04:10:45,238 [inflora.py] => Task 34, Epoch 50/50 => Loss 0.101, Train_accy 97.19
2026-05-29 04:11:38,502 [trainer.py] => Timing Task 34 => Train 472.65s, Epochs 50, Train 9.4530s/epoch, Inference 37.24s, Images 5304, Inference 7.0215ms/image
2026-05-29 04:11:38,503 [inflora.py] => Exemplar size: 0
2026-05-29 04:11:38,503 [trainer.py] => No NME accuracy.
2026-05-29 04:11:38,503 [trainer.py] => CNN: {'total': 66.27, '00-04': 76.55, '05-09': 72.09, '10-14': 76.11, '15-19': 66.4, '20-24': 75.35, '25-29': 67.72, '30-34': 78.15, '35-39': 65.75, '40-44': 63.01, '45-49': 65.38, '50-54': 72.96, '55-59': 66.9, '60-64': 59.59, '65-69': 71.05, '70-74': 75.2, '75-79': 70.27, '80-84': 58.46, '85-89': 64.44, '90-94': 51.49, '95-99': 52.63, '100-104': 64.47, '105-109': 61.36, '110-114': 67.14, '115-119': 78.39, '120-124': 65.62, '125-129': 54.95, '130-134': 56.12, '135-139': 54.72, '140-144': 71.57, '145-149': 68.1, '150-154': 65.08, '155-159': 55.49, '160-164': 48.51, '165-169': 52.71, '170-174': 70.23, 'old': 66.17, 'new': 70.23}
2026-05-29 04:11:38,503 [trainer.py] => CNN top1 curve: [100.0, 89.27, 85.64, 85.78, 85.56, 84.02, 83.95, 82.36, 81.66, 80.84, 80.47, 79.19, 77.71, 77.57, 77.32, 76.7, 75.57, 74.15, 72.5, 71.99, 71.57, 71.21, 71.02, 70.75, 70.01, 69.51, 68.93, 68.46, 67.9, 67.69, 67.23, 66.7, 66.55, 65.96, 66.27]
2026-05-29 04:11:38,503 [trainer.py] => CNN top5 curve: [100.0, 89.27, 85.64, 85.78, 85.56, 84.02, 83.95, 82.36, 81.66, 80.84, 80.47, 79.19, 77.71, 77.57, 77.32, 76.7, 75.57, 74.15, 72.5, 71.99, 71.57, 71.21, 71.02, 70.75, 70.01, 69.51, 68.93, 68.46, 67.9, 67.69, 67.23, 66.7, 66.55, 65.96, 66.27]
2026-05-29 04:11:38,503 [trainer.py] => Average Accuracy (CNN): 75.77
2026-05-29 04:11:38,512 [trainer.py] => All params: 105610384
2026-05-29 04:11:38,521 [trainer.py] => Trainable params: 188165
2026-05-29 04:11:38,521 [inflora.py] => Learning on 175-180
2026-05-29 04:19:35,023 [inflora.py] => Task 35, Epoch 50/50 => Loss 0.127, Train_accy 95.93
2026-05-29 04:20:29,949 [trainer.py] => Timing Task 35 => Train 493.58s, Epochs 50, Train 9.8716s/epoch, Inference 37.85s, Images 5421, Inference 6.9816ms/image
2026-05-29 04:20:29,950 [inflora.py] => Exemplar size: 0
2026-05-29 04:20:29,950 [trainer.py] => No NME accuracy.
2026-05-29 04:20:29,950 [trainer.py] => CNN: {'total': 66.13, '00-04': 78.62, '05-09': 72.67, '10-14': 76.11, '15-19': 66.4, '20-24': 71.83, '25-29': 67.72, '30-34': 77.48, '35-39': 69.06, '40-44': 64.38, '45-49': 63.46, '50-54': 72.96, '55-59': 66.9, '60-64': 60.27, '65-69': 71.71, '70-74': 72.8, '75-79': 70.95, '80-84': 61.54, '85-89': 63.89, '90-94': 50.5, '95-99': 55.26, '100-104': 64.47, '105-109': 61.36, '110-114': 67.14, '115-119': 79.24, '120-124': 63.75, '125-129': 51.35, '130-134': 56.83, '135-139': 54.72, '140-144': 72.55, '145-149': 66.87, '150-154': 64.02, '155-159': 54.91, '160-164': 48.51, '165-169': 57.36, '170-174': 67.18, '175-179': 58.12, 'old': 66.31, 'new': 58.12}
2026-05-29 04:20:29,950 [trainer.py] => CNN top1 curve: [100.0, 89.27, 85.64, 85.78, 85.56, 84.02, 83.95, 82.36, 81.66, 80.84, 80.47, 79.19, 77.71, 77.57, 77.32, 76.7, 75.57, 74.15, 72.5, 71.99, 71.57, 71.21, 71.02, 70.75, 70.01, 69.51, 68.93, 68.46, 67.9, 67.69, 67.23, 66.7, 66.55, 65.96, 66.27, 66.13]
2026-05-29 04:20:29,950 [trainer.py] => CNN top5 curve: [100.0, 89.27, 85.64, 85.78, 85.56, 84.02, 83.95, 82.36, 81.66, 80.84, 80.47, 79.19, 77.71, 77.57, 77.32, 76.7, 75.57, 74.15, 72.5, 71.99, 71.57, 71.21, 71.02, 70.75, 70.01, 69.51, 68.93, 68.46, 67.9, 67.69, 67.23, 66.7, 66.55, 65.96, 66.27, 66.13]
2026-05-29 04:20:29,951 [trainer.py] => Average Accuracy (CNN): 75.5
2026-05-29 04:20:29,961 [trainer.py] => All params: 105610384
2026-05-29 04:20:29,968 [trainer.py] => Trainable params: 188165
2026-05-29 04:20:29,969 [inflora.py] => Learning on 180-185
2026-05-29 04:29:08,085 [inflora.py] => Task 36, Epoch 50/50 => Loss 0.144, Train_accy 94.76
2026-05-29 04:30:05,171 [trainer.py] => Timing Task 36 => Train 535.86s, Epochs 50, Train 10.7171s/epoch, Inference 39.35s, Images 5566, Inference 7.0691ms/image
2026-05-29 04:30:05,171 [inflora.py] => Exemplar size: 0
2026-05-29 04:30:05,172 [trainer.py] => No NME accuracy.
2026-05-29 04:30:05,172 [trainer.py] => CNN: {'total': 65.85, '00-04': 79.31, '05-09': 70.93, '10-14': 76.11, '15-19': 69.6, '20-24': 71.83, '25-29': 66.46, '30-34': 76.82, '35-39': 66.85, '40-44': 64.38, '45-49': 66.67, '50-54': 74.21, '55-59': 67.59, '60-64': 58.22, '65-69': 72.37, '70-74': 73.6, '75-79': 70.95, '80-84': 60.0, '85-89': 63.33, '90-94': 51.49, '95-99': 51.32, '100-104': 63.82, '105-109': 61.36, '110-114': 66.43, '115-119': 78.81, '120-124': 64.38, '125-129': 52.25, '130-134': 57.55, '135-139': 54.72, '140-144': 73.04, '145-149': 68.1, '150-154': 64.55, '155-159': 53.76, '160-164': 48.51, '165-169': 57.36, '170-174': 67.18, '175-179': 56.41, '180-184': 57.24, 'old': 66.08, 'new': 57.24}
2026-05-29 04:30:05,172 [trainer.py] => CNN top1 curve: [100.0, 89.27, 85.64, 85.78, 85.56, 84.02, 83.95, 82.36, 81.66, 80.84, 80.47, 79.19, 77.71, 77.57, 77.32, 76.7, 75.57, 74.15, 72.5, 71.99, 71.57, 71.21, 71.02, 70.75, 70.01, 69.51, 68.93, 68.46, 67.9, 67.69, 67.23, 66.7, 66.55, 65.96, 66.27, 66.13, 65.85]
2026-05-29 04:30:05,172 [trainer.py] => CNN top5 curve: [100.0, 89.27, 85.64, 85.78, 85.56, 84.02, 83.95, 82.36, 81.66, 80.84, 80.47, 79.19, 77.71, 77.57, 77.32, 76.7, 75.57, 74.15, 72.5, 71.99, 71.57, 71.21, 71.02, 70.75, 70.01, 69.51, 68.93, 68.46, 67.9, 67.69, 67.23, 66.7, 66.55, 65.96, 66.27, 66.13, 65.85]
2026-05-29 04:30:05,172 [trainer.py] => Average Accuracy (CNN): 75.24
2026-05-29 04:30:05,188 [trainer.py] => All params: 105610384
2026-05-29 04:30:05,197 [trainer.py] => Trainable params: 188165
2026-05-29 04:30:05,197 [inflora.py] => Learning on 185-190
2026-05-29 04:39:00,549 [inflora.py] => Task 37, Epoch 50/50 => Loss 0.116, Train_accy 95.93
2026-05-29 04:39:58,153 [trainer.py] => Timing Task 37 => Train 553.06s, Epochs 50, Train 11.0613s/epoch, Inference 39.89s, Images 5729, Inference 6.9631ms/image
2026-05-29 04:39:58,153 [inflora.py] => Exemplar size: 0
2026-05-29 04:39:58,153 [trainer.py] => No NME accuracy.
2026-05-29 04:39:58,153 [trainer.py] => CNN: {'total': 64.99, '00-04': 77.24, '05-09': 69.77, '10-14': 74.9, '15-19': 68.0, '20-24': 71.83, '25-29': 65.82, '30-34': 76.82, '35-39': 68.51, '40-44': 64.38, '45-49': 66.03, '50-54': 71.7, '55-59': 67.59, '60-64': 58.9, '65-69': 72.37, '70-74': 74.4, '75-79': 69.59, '80-84': 59.23, '85-89': 62.78, '90-94': 51.49, '95-99': 51.32, '100-104': 65.13, '105-109': 62.88, '110-114': 65.71, '115-119': 79.66, '120-124': 63.12, '125-129': 53.15, '130-134': 57.55, '135-139': 54.72, '140-144': 73.04, '145-149': 67.48, '150-154': 65.08, '155-159': 53.18, '160-164': 48.51, '165-169': 55.04, '170-174': 65.65, '175-179': 56.41, '180-184': 54.48, '185-189': 48.47, 'old': 65.47, 'new': 48.47}
2026-05-29 04:39:58,153 [trainer.py] => CNN top1 curve: [100.0, 89.27, 85.64, 85.78, 85.56, 84.02, 83.95, 82.36, 81.66, 80.84, 80.47, 79.19, 77.71, 77.57, 77.32, 76.7, 75.57, 74.15, 72.5, 71.99, 71.57, 71.21, 71.02, 70.75, 70.01, 69.51, 68.93, 68.46, 67.9, 67.69, 67.23, 66.7, 66.55, 65.96, 66.27, 66.13, 65.85, 64.99]
2026-05-29 04:39:58,153 [trainer.py] => CNN top5 curve: [100.0, 89.27, 85.64, 85.78, 85.56, 84.02, 83.95, 82.36, 81.66, 80.84, 80.47, 79.19, 77.71, 77.57, 77.32, 76.7, 75.57, 74.15, 72.5, 71.99, 71.57, 71.21, 71.02, 70.75, 70.01, 69.51, 68.93, 68.46, 67.9, 67.69, 67.23, 66.7, 66.55, 65.96, 66.27, 66.13, 65.85, 64.99]
2026-05-29 04:39:58,153 [trainer.py] => Average Accuracy (CNN): 74.97
2026-05-29 04:39:58,162 [trainer.py] => All params: 105610384
2026-05-29 04:39:58,168 [trainer.py] => Trainable params: 188165
2026-05-29 04:39:58,168 [inflora.py] => Learning on 190-195
2026-05-29 04:49:07,989 [inflora.py] => Task 38, Epoch 50/50 => Loss 0.118, Train_accy 95.48
2026-05-29 04:50:07,673 [trainer.py] => Timing Task 38 => Train 567.96s, Epochs 50, Train 11.3592s/epoch, Inference 41.55s, Images 5883, Inference 7.0620ms/image
2026-05-29 04:50:07,673 [inflora.py] => Exemplar size: 0
2026-05-29 04:50:07,673 [trainer.py] => No NME accuracy.
2026-05-29 04:50:07,674 [trainer.py] => CNN: {'total': 64.07, '00-04': 77.24, '05-09': 70.93, '10-14': 74.09, '15-19': 66.4, '20-24': 71.83, '25-29': 65.82, '30-34': 76.82, '35-39': 68.51, '40-44': 64.38, '45-49': 64.1, '50-54': 72.96, '55-59': 70.34, '60-64': 58.9, '65-69': 73.03, '70-74': 70.4, '75-79': 68.24, '80-84': 58.46, '85-89': 62.78, '90-94': 51.49, '95-99': 52.63, '100-104': 66.45, '105-109': 62.88, '110-114': 65.0, '115-119': 79.24, '120-124': 62.5, '125-129': 53.15, '130-134': 54.68, '135-139': 55.35, '140-144': 73.04, '145-149': 65.64, '150-154': 64.02, '155-159': 51.45, '160-164': 48.51, '165-169': 52.71, '170-174': 69.47, '175-179': 54.7, '180-184': 57.93, '185-189': 47.85, '190-194': 38.31, 'old': 64.76, 'new': 38.31}
2026-05-29 04:50:07,674 [trainer.py] => CNN top1 curve: [100.0, 89.27, 85.64, 85.78, 85.56, 84.02, 83.95, 82.36, 81.66, 80.84, 80.47, 79.19, 77.71, 77.57, 77.32, 76.7, 75.57, 74.15, 72.5, 71.99, 71.57, 71.21, 71.02, 70.75, 70.01, 69.51, 68.93, 68.46, 67.9, 67.69, 67.23, 66.7, 66.55, 65.96, 66.27, 66.13, 65.85, 64.99, 64.07]
2026-05-29 04:50:07,674 [trainer.py] => CNN top5 curve: [100.0, 89.27, 85.64, 85.78, 85.56, 84.02, 83.95, 82.36, 81.66, 80.84, 80.47, 79.19, 77.71, 77.57, 77.32, 76.7, 75.57, 74.15, 72.5, 71.99, 71.57, 71.21, 71.02, 70.75, 70.01, 69.51, 68.93, 68.46, 67.9, 67.69, 67.23, 66.7, 66.55, 65.96, 66.27, 66.13, 65.85, 64.99, 64.07]
2026-05-29 04:50:07,674 [trainer.py] => Average Accuracy (CNN): 74.69
2026-05-29 04:50:07,681 [trainer.py] => All params: 105610384
2026-05-29 04:50:07,687 [trainer.py] => Trainable params: 188165
2026-05-29 04:50:07,687 [inflora.py] => Learning on 195-200
2026-05-29 04:58:28,497 [inflora.py] => Task 39, Epoch 50/50 => Loss 0.066, Train_accy 97.92
2026-05-29 04:59:31,044 [trainer.py] => Timing Task 39 => Train 521.05s, Epochs 50, Train 10.4211s/epoch, Inference 42.30s, Images 6000, Inference 7.0505ms/image
2026-05-29 04:59:31,045 [inflora.py] => Exemplar size: 0
2026-05-29 04:59:31,045 [trainer.py] => No NME accuracy.
2026-05-29 04:59:31,045 [trainer.py] => CNN: {'total': 64.05, '00-04': 76.55, '05-09': 71.51, '10-14': 74.49, '15-19': 66.4, '20-24': 71.83, '25-29': 65.82, '30-34': 77.48, '35-39': 67.96, '40-44': 63.7, '45-49': 62.82, '50-54': 72.33, '55-59': 68.28, '60-64': 59.59, '65-69': 73.68, '70-74': 69.6, '75-79': 68.92, '80-84': 58.46, '85-89': 61.11, '90-94': 49.5, '95-99': 50.0, '100-104': 65.13, '105-109': 61.36, '110-114': 64.29, '115-119': 78.39, '120-124': 63.12, '125-129': 50.45, '130-134': 55.4, '135-139': 55.35, '140-144': 73.53, '145-149': 66.26, '150-154': 64.02, '155-159': 52.6, '160-164': 48.51, '165-169': 51.94, '170-174': 68.7, '175-179': 55.56, '180-184': 57.93, '185-189': 48.47, '190-194': 38.31, '195-199': 76.07, 'old': 63.81, 'new': 76.07}
2026-05-29 04:59:31,045 [trainer.py] => CNN top1 curve: [100.0, 89.27, 85.64, 85.78, 85.56, 84.02, 83.95, 82.36, 81.66, 80.84, 80.47, 79.19, 77.71, 77.57, 77.32, 76.7, 75.57, 74.15, 72.5, 71.99, 71.57, 71.21, 71.02, 70.75, 70.01, 69.51, 68.93, 68.46, 67.9, 67.69, 67.23, 66.7, 66.55, 65.96, 66.27, 66.13, 65.85, 64.99, 64.07, 64.05]
2026-05-29 04:59:31,045 [trainer.py] => CNN top5 curve: [100.0, 89.27, 85.64, 85.78, 85.56, 84.02, 83.95, 82.36, 81.66, 80.84, 80.47, 79.19, 77.71, 77.57, 77.32, 76.7, 75.57, 74.15, 72.5, 71.99, 71.57, 71.21, 71.02, 70.75, 70.01, 69.51, 68.93, 68.46, 67.9, 67.69, 67.23, 66.7, 66.55, 65.96, 66.27, 66.13, 65.85, 64.99, 64.07, 64.05]
2026-05-29 04:59:31,045 [trainer.py] => Average Accuracy (CNN): 74.43
2026-05-29 04:59:31,046 [trainer.py] => Total Train Time: 22576.79s
2026-05-29 04:59:31,046 [trainer.py] => Total Inference Time: 921.12s
2026-05-29 04:59:31,046 [trainer.py] => Average Training Time per Epoch per Incremental Task: 11.2884s
2026-05-29 04:59:31,046 [trainer.py] => Average Inference Time: 7.3365ms/image
2026-05-29 04:59:31,046 [trainer.py] => Mean Task Inference Time: 8.2169ms/image
