2026-06-02 17:23:40,496 [trainer.py] => config: ./configs/cllora/cllora_cub_B100_Inc20.json
2026-06-02 17:23:40,496 [trainer.py] => prefix:  
2026-06-02 17:23:40,496 [trainer.py] => dataset: cub
2026-06-02 17:23:40,496 [trainer.py] => memory_size: 0
2026-06-02 17:23:40,496 [trainer.py] => memory_per_class: 0
2026-06-02 17:23:40,496 [trainer.py] => fixed_memory: False
2026-06-02 17:23:40,496 [trainer.py] => shuffle: True
2026-06-02 17:23:40,496 [trainer.py] => init_cls: 100
2026-06-02 17:23:40,496 [trainer.py] => increment: 20
2026-06-02 17:23:40,496 [trainer.py] => model_name: cllora
2026-06-02 17:23:40,496 [trainer.py] => backbone_type: vit_base_patch16_224_in21k_cllora
2026-06-02 17:23:40,497 [trainer.py] => device: [device(type='cuda', index=5)]
2026-06-02 17:23:40,497 [trainer.py] => seed: 0
2026-06-02 17:23:40,497 [trainer.py] => init_epochs: 20
2026-06-02 17:23:40,497 [trainer.py] => init_lr: 0.008
2026-06-02 17:23:40,497 [trainer.py] => later_epochs: 20
2026-06-02 17:23:40,497 [trainer.py] => later_lr: 0.008
2026-06-02 17:23:40,497 [trainer.py] => batch_size: 32
2026-06-02 17:23:40,497 [trainer.py] => weight_decay: 0.0005
2026-06-02 17:23:40,497 [trainer.py] => min_lr: 0
2026-06-02 17:23:40,497 [trainer.py] => optimizer: sgd
2026-06-02 17:23:40,497 [trainer.py] => scheduler: cosine
2026-06-02 17:23:40,497 [trainer.py] => pretrained: True
2026-06-02 17:23:40,497 [trainer.py] => vpt_type: Deep
2026-06-02 17:23:40,497 [trainer.py] => prompt_token_num: 5
2026-06-02 17:23:40,497 [trainer.py] => ffn_num: 10
2026-06-02 17:23:40,497 [trainer.py] => use_diagonal: False
2026-06-02 17:23:40,497 [trainer.py] => recalc_sim: True
2026-06-02 17:23:40,497 [trainer.py] => alpha: 0.0
2026-06-02 17:23:40,497 [trainer.py] => use_init_ptm: False
2026-06-02 17:23:40,497 [trainer.py] => beta: 0
2026-06-02 17:23:40,497 [trainer.py] => use_old_data: False
2026-06-02 17:23:40,497 [trainer.py] => use_reweight: True
2026-06-02 17:23:40,497 [trainer.py] => moni_adam: False
2026-06-02 17:23:40,497 [trainer.py] => adapter_num: -1
2026-06-02 17:23:40,497 [trainer.py] => msa_adapt: True
2026-06-02 17:23:40,497 [trainer.py] => use_distillation: True
2026-06-02 17:23:40,497 [trainer.py] => use_block_weight: True
2026-06-02 17:23:40,497 [trainer.py] => msa: [1, 0, 1]
2026-06-02 17:23:40,497 [trainer.py] => general_pos: [0, 1, 2, 3, 4, 5]
2026-06-02 17:23:40,497 [trainer.py] => specfic_pos: [6, 7, 8, 9, 10, 11]
2026-06-02 17:23:40,537 [data_manager.py] => [18, 170, 107, 98, 177, 182, 5, 146, 12, 152, 61, 125, 180, 154, 80, 7, 33, 130, 37, 74, 183, 145, 45, 159, 60, 123, 179, 185, 122, 44, 16, 55, 150, 111, 22, 189, 129, 4, 83, 106, 134, 66, 26, 113, 168, 63, 8, 75, 118, 143, 71, 124, 184, 97, 149, 24, 30, 160, 40, 56, 131, 96, 181, 19, 153, 92, 54, 163, 51, 86, 139, 90, 137, 101, 144, 89, 109, 14, 27, 141, 187, 46, 138, 195, 108, 62, 2, 59, 136, 197, 43, 10, 194, 73, 196, 178, 175, 126, 93, 112, 158, 191, 50, 0, 94, 110, 95, 64, 167, 41, 69, 49, 48, 85, 13, 161, 23, 186, 135, 20, 15, 78, 104, 52, 100, 76, 3, 116, 164, 198, 6, 68, 84, 121, 155, 171, 156, 91, 199, 11, 119, 102, 35, 57, 65, 1, 120, 162, 42, 105, 132, 173, 17, 38, 133, 53, 157, 128, 34, 28, 114, 151, 31, 166, 127, 176, 32, 142, 169, 147, 29, 99, 82, 79, 115, 148, 193, 72, 77, 25, 165, 81, 188, 174, 190, 39, 58, 140, 88, 70, 87, 36, 21, 9, 103, 67, 192, 117, 47, 172]
2026-06-02 17:23:44,522 [trainer.py] => All params: 86167314
2026-06-02 17:23:44,522 [trainer.py] => Trainable params: 276498
2026-06-02 17:23:44,532 [cllora.py] => Learning on 0-100
2026-06-02 17:33:49,713 [cllora.py] => Task 0, Epoch 20/20 => Loss 0.428, Train_accy 89.88
2026-06-02 17:34:09,047 [cllora.py] => Task correct: 93.19727891156462
2026-06-02 17:34:09,047 [cllora.py] => Task acc: 97.53401360544218
2026-06-02 17:34:09,049 [trainer.py] => Timing Task 0 => Train 620.39s, Epochs 20, Train 31.0193s/epoch, Inference 4.14s, Images 1176, Inference 3.5213ms/image
2026-06-02 17:34:09,076 [trainer.py] => No NME accuracy.
2026-06-02 17:34:09,076 [trainer.py] => CNN: {'total': 92.26, '00-99': 92.26, 'old': 0, 'new': 92.26}
2026-06-02 17:34:09,076 [trainer.py] => CNN top1 curve: [92.26]
2026-06-02 17:34:09,077 [trainer.py] => CNN top5 curve: [99.15]
2026-06-02 17:34:09,077 [trainer.py] => Average Accuracy (CNN): 92.26
2026-06-02 17:34:09,078 [trainer.py] => All params: 86766375
2026-06-02 17:34:09,079 [trainer.py] => Trainable params: 276498
2026-06-02 17:34:09,082 [cllora.py] => Learning on 100-120
2026-06-02 17:37:41,051 [cllora.py] => Task 1, Epoch 20/20 => Loss 0.311, Train_accy 93.01
2026-06-02 17:37:56,618 [cllora.py] => Task correct: 87.81183178902351
2026-06-02 17:37:56,619 [cllora.py] => Task acc: 96.65003563791875
2026-06-02 17:37:56,622 [trainer.py] => Timing Task 1 => Train 218.68s, Epochs 20, Train 10.9340s/epoch, Inference 8.86s, Images 1403, Inference 6.3170ms/image
2026-06-02 17:37:56,648 [trainer.py] => No NME accuracy.
2026-06-02 17:37:56,648 [trainer.py] => CNN: {'total': 85.96, '00-99': 85.03, '100-119': 90.75, 'old': 85.03, 'new': 90.75}
2026-06-02 17:37:56,648 [trainer.py] => CNN top1 curve: [92.26, 85.96]
2026-06-02 17:37:56,648 [trainer.py] => CNN top5 curve: [99.15, 99.14]
2026-06-02 17:37:56,648 [trainer.py] => Average Accuracy (CNN): 89.11
2026-06-02 17:37:56,650 [trainer.py] => All params: 87273256
2026-06-02 17:37:56,651 [trainer.py] => Trainable params: 276498
2026-06-02 17:37:56,656 [cllora.py] => Learning on 120-140
2026-06-02 17:41:19,152 [cllora.py] => Task 2, Epoch 20/20 => Loss 0.278, Train_accy 94.32
2026-06-02 17:41:43,683 [cllora.py] => Task correct: 84.31253785584494
2026-06-02 17:41:43,684 [cllora.py] => Task acc: 96.72925499697153
2026-06-02 17:41:43,687 [trainer.py] => Timing Task 2 => Train 212.26s, Epochs 20, Train 10.6132s/epoch, Inference 14.77s, Images 1651, Inference 8.9474ms/image
2026-06-02 17:41:43,718 [trainer.py] => No NME accuracy.
2026-06-02 17:41:43,719 [trainer.py] => CNN: {'total': 83.22, '00-99': 78.49, '100-119': 91.19, '120-139': 98.39, 'old': 80.54, 'new': 98.39}
2026-06-02 17:41:43,719 [trainer.py] => CNN top1 curve: [92.26, 85.96, 83.22]
2026-06-02 17:41:43,719 [trainer.py] => CNN top5 curve: [99.15, 99.14, 98.67]
2026-06-02 17:41:43,719 [trainer.py] => Average Accuracy (CNN): 87.15
2026-06-02 17:41:43,720 [trainer.py] => All params: 87810857
2026-06-02 17:41:43,721 [trainer.py] => Trainable params: 276498
2026-06-02 17:41:43,727 [cllora.py] => Learning on 140-160
2026-06-02 17:45:13,131 [cllora.py] => Task 3, Epoch 20/20 => Loss 0.318, Train_accy 92.00
2026-06-02 17:45:49,649 [cllora.py] => Task correct: 81.72157279489905
2026-06-02 17:45:49,650 [cllora.py] => Task acc: 96.28055260361317
2026-06-02 17:45:49,654 [trainer.py] => Timing Task 3 => Train 223.33s, Epochs 20, Train 11.1667s/epoch, Inference 22.60s, Images 1882, Inference 12.0075ms/image
2026-06-02 17:45:49,725 [trainer.py] => No NME accuracy.
2026-06-02 17:45:49,725 [trainer.py] => CNN: {'total': 80.29, '00-99': 72.96, '100-119': 87.22, '120-139': 97.58, '140-159': 92.21, 'old': 78.62, 'new': 92.21}
2026-06-02 17:45:49,725 [trainer.py] => CNN top1 curve: [92.26, 85.96, 83.22, 80.29]
2026-06-02 17:45:49,725 [trainer.py] => CNN top5 curve: [99.15, 99.14, 98.67, 98.41]
2026-06-02 17:45:49,725 [trainer.py] => Average Accuracy (CNN): 85.43
2026-06-02 17:45:49,728 [trainer.py] => All params: 88379178
2026-06-02 17:45:49,729 [trainer.py] => Trainable params: 276498
2026-06-02 17:45:49,740 [cllora.py] => Learning on 160-180
2026-06-02 17:49:23,671 [cllora.py] => Task 4, Epoch 20/20 => Loss 0.275, Train_accy 93.37
2026-06-02 17:50:12,022 [cllora.py] => Task correct: 76.04903347477605
2026-06-02 17:50:12,022 [cllora.py] => Task acc: 96.13389910419613
2026-06-02 17:50:12,026 [trainer.py] => Timing Task 4 => Train 230.96s, Epochs 20, Train 11.5481s/epoch, Inference 31.33s, Images 2121, Inference 14.7733ms/image
2026-06-02 17:50:12,056 [trainer.py] => No NME accuracy.
2026-06-02 17:50:12,056 [trainer.py] => CNN: {'total': 74.59, '00-99': 62.84, '100-119': 85.02, '120-139': 91.13, '140-159': 92.64, '160-179': 87.87, 'old': 72.9, 'new': 87.87}
2026-06-02 17:50:12,056 [trainer.py] => CNN top1 curve: [92.26, 85.96, 83.22, 80.29, 74.59]
2026-06-02 17:50:12,056 [trainer.py] => CNN top5 curve: [99.15, 99.14, 98.67, 98.41, 97.74]
2026-06-02 17:50:12,056 [trainer.py] => Average Accuracy (CNN): 83.26
2026-06-02 17:50:12,058 [trainer.py] => All params: 88978219
2026-06-02 17:50:12,060 [trainer.py] => Trainable params: 276498
2026-06-02 17:50:12,070 [cllora.py] => Learning on 180-200
2026-06-02 17:53:43,097 [cllora.py] => Task 5, Epoch 20/20 => Loss 0.228, Train_accy 95.29
2026-06-02 17:54:44,129 [cllora.py] => Task correct: 71.2468193384224
2026-06-02 17:54:44,129 [cllora.py] => Task acc: 95.97116200169636
2026-06-02 17:54:44,134 [trainer.py] => Timing Task 5 => Train 231.23s, Epochs 20, Train 11.5615s/epoch, Inference 40.84s, Images 2358, Inference 17.3210ms/image
2026-06-02 17:54:44,168 [trainer.py] => No NME accuracy.
2026-06-02 17:54:44,168 [trainer.py] => CNN: {'total': 70.1, '00-99': 56.21, '100-119': 79.74, '120-139': 74.6, '140-159': 83.55, '160-179': 86.19, '180-199': 95.78, 'old': 67.23, 'new': 95.78}
2026-06-02 17:54:44,168 [trainer.py] => CNN top1 curve: [92.26, 85.96, 83.22, 80.29, 74.59, 70.1]
2026-06-02 17:54:44,168 [trainer.py] => CNN top5 curve: [99.15, 99.14, 98.67, 98.41, 97.74, 97.2]
2026-06-02 17:54:44,168 [trainer.py] => Average Accuracy (CNN): 81.07
