2026-06-07 03:02:21,137 [trainer.py] => config: ./configs/cllora/cllora_ina_B100_Inc5.json
2026-06-07 03:02:21,138 [trainer.py] => prefix:  
2026-06-07 03:02:21,138 [trainer.py] => dataset: imageneta
2026-06-07 03:02:21,138 [trainer.py] => memory_size: 0
2026-06-07 03:02:21,138 [trainer.py] => memory_per_class: 0
2026-06-07 03:02:21,138 [trainer.py] => fixed_memory: False
2026-06-07 03:02:21,138 [trainer.py] => shuffle: True
2026-06-07 03:02:21,138 [trainer.py] => init_cls: 100
2026-06-07 03:02:21,138 [trainer.py] => increment: 5
2026-06-07 03:02:21,138 [trainer.py] => model_name: cllora
2026-06-07 03:02:21,138 [trainer.py] => backbone_type: vit_base_patch16_224_in21k_cllora
2026-06-07 03:02:21,138 [trainer.py] => device: [device(type='cuda', index=5)]
2026-06-07 03:02:21,138 [trainer.py] => seed: 1993
2026-06-07 03:02:21,138 [trainer.py] => init_epochs: 25
2026-06-07 03:02:21,138 [trainer.py] => init_lr: 0.05
2026-06-07 03:02:21,138 [trainer.py] => later_epochs: 25
2026-06-07 03:02:21,138 [trainer.py] => later_lr: 0.05
2026-06-07 03:02:21,138 [trainer.py] => batch_size: 32
2026-06-07 03:02:21,138 [trainer.py] => weight_decay: 0.005
2026-06-07 03:02:21,138 [trainer.py] => min_lr: 0
2026-06-07 03:02:21,138 [trainer.py] => optimizer: sgd
2026-06-07 03:02:21,138 [trainer.py] => scheduler: cosine
2026-06-07 03:02:21,138 [trainer.py] => pretrained: True
2026-06-07 03:02:21,138 [trainer.py] => vpt_type: Deep
2026-06-07 03:02:21,138 [trainer.py] => prompt_token_num: 5
2026-06-07 03:02:21,138 [trainer.py] => ffn_num: 10
2026-06-07 03:02:21,139 [trainer.py] => use_diagonal: False
2026-06-07 03:02:21,139 [trainer.py] => recalc_sim: True
2026-06-07 03:02:21,139 [trainer.py] => alpha: 0.0
2026-06-07 03:02:21,139 [trainer.py] => use_init_ptm: False
2026-06-07 03:02:21,139 [trainer.py] => beta: 0
2026-06-07 03:02:21,139 [trainer.py] => use_old_data: False
2026-06-07 03:02:21,139 [trainer.py] => use_reweight: True
2026-06-07 03:02:21,139 [trainer.py] => moni_adam: False
2026-06-07 03:02:21,139 [trainer.py] => adapter_num: -1
2026-06-07 03:02:21,139 [trainer.py] => msa_adapt: True
2026-06-07 03:02:21,139 [trainer.py] => use_distillation: True
2026-06-07 03:02:21,139 [trainer.py] => use_block_weight: True
2026-06-07 03:02:21,139 [trainer.py] => msa: [1, 0, 1]
2026-06-07 03:02:21,139 [trainer.py] => general_pos: [0, 1, 2, 3, 4, 5]
2026-06-07 03:02:21,139 [trainer.py] => specfic_pos: [6, 7, 8, 9, 10, 11]
2026-06-07 03:02:21,139 [trainer.py] => nb_classes: 200
2026-06-07 03:02:21,139 [trainer.py] => nb_tasks: 21
2026-06-07 03:02:21,193 [data_manager.py] => [168, 136, 51, 9, 183, 101, 171, 99, 42, 159, 191, 70, 16, 188, 27, 10, 175, 26, 68, 187, 98, 6, 85, 35, 112, 43, 100, 0, 103, 181, 88, 59, 4, 2, 116, 174, 94, 80, 106, 1, 147, 17, 141, 131, 72, 23, 173, 54, 197, 118, 87, 32, 79, 104, 91, 19, 135, 107, 178, 36, 11, 199, 142, 8, 122, 3, 28, 57, 153, 172, 190, 56, 49, 44, 97, 62, 151, 169, 194, 55, 192, 12, 189, 78, 66, 180, 15, 137, 109, 134, 92, 119, 126, 52, 170, 40, 148, 65, 144, 64, 138, 45, 77, 89, 154, 90, 71, 193, 74, 30, 113, 143, 96, 84, 67, 50, 186, 156, 69, 21, 18, 111, 108, 58, 125, 157, 150, 110, 182, 129, 166, 83, 81, 60, 13, 165, 14, 176, 63, 117, 5, 22, 145, 121, 38, 41, 82, 127, 114, 20, 31, 53, 37, 163, 196, 130, 152, 162, 86, 76, 24, 34, 184, 149, 33, 128, 198, 155, 146, 167, 139, 120, 140, 102, 47, 25, 158, 123, 46, 164, 61, 7, 115, 75, 133, 160, 105, 132, 179, 124, 48, 73, 93, 39, 95, 195, 29, 177, 185, 161]
2026-06-07 03:02:42,184 [trainer.py] => All params: 86167314
2026-06-07 03:02:42,185 [trainer.py] => Trainable params: 276498
2026-06-07 03:02:42,217 [cllora.py] => Learning on 0-100
2026-06-07 03:12:28,025 [cllora.py] => Task 0, Epoch 25/25 => Loss 0.575, Train_accy 87.75
2026-06-07 03:12:52,157 [cllora.py] => Task correct: 77.64565992865636
2026-06-07 03:12:52,158 [cllora.py] => Task acc: 94.17360285374554
2026-06-07 03:12:52,159 [trainer.py] => Timing Task 0 => Train 605.64s, Epochs 25, Train 24.2257s/epoch, Inference 4.33s, Images 841, Inference 5.1434ms/image
2026-06-07 03:12:52,942 [trainer.py] => No NME accuracy.
2026-06-07 03:12:52,942 [trainer.py] => CNN: {'total': 77.41, '00-99': 77.41, 'old': 0, 'new': 77.41}
2026-06-07 03:12:52,942 [trainer.py] => CNN top1 curve: [77.41]
2026-06-07 03:12:52,942 [trainer.py] => CNN top5 curve: [92.27]
2026-06-07 03:12:52,942 [trainer.py] => Average Accuracy (CNN): 77.41
2026-06-07 03:12:52,944 [trainer.py] => All params: 86766375
2026-06-07 03:12:52,946 [trainer.py] => Trainable params: 276498
2026-06-07 03:12:52,950 [cllora.py] => Learning on 100-105
2026-06-07 03:13:48,419 [cllora.py] => Task 1, Epoch 25/25 => Loss 0.146, Train_accy 97.06
2026-06-07 03:13:59,252 [cllora.py] => Task correct: 73.8728323699422
2026-06-07 03:13:59,252 [cllora.py] => Task acc: 93.75722543352602
2026-06-07 03:13:59,253 [trainer.py] => Timing Task 1 => Train 59.37s, Epochs 25, Train 2.3746s/epoch, Inference 6.94s, Images 865, Inference 8.0248ms/image
2026-06-07 03:13:59,807 [trainer.py] => No NME accuracy.
2026-06-07 03:13:59,807 [trainer.py] => CNN: {'total': 73.29, '00-99': 73.01, '100-104': 83.33, 'old': 73.01, 'new': 83.33}
2026-06-07 03:13:59,807 [trainer.py] => CNN top1 curve: [77.41, 73.29]
2026-06-07 03:13:59,807 [trainer.py] => CNN top5 curve: [92.27, 91.68]
2026-06-07 03:13:59,808 [trainer.py] => Average Accuracy (CNN): 75.35
2026-06-07 03:13:59,809 [trainer.py] => All params: 87227176
2026-06-07 03:13:59,810 [trainer.py] => Trainable params: 276498
2026-06-07 03:13:59,831 [cllora.py] => Learning on 105-110
2026-06-07 03:15:04,878 [cllora.py] => Task 2, Epoch 25/25 => Loss 0.099, Train_accy 97.90
2026-06-07 03:15:20,711 [cllora.py] => Task correct: 67.36958934517203
2026-06-07 03:15:20,711 [cllora.py] => Task acc: 93.34073251942286
2026-06-07 03:15:20,712 [trainer.py] => Timing Task 2 => Train 71.03s, Epochs 25, Train 2.8412s/epoch, Inference 9.87s, Images 901, Inference 10.9579ms/image
2026-06-07 03:15:21,269 [trainer.py] => No NME accuracy.
2026-06-07 03:15:21,270 [trainer.py] => CNN: {'total': 67.15, '00-99': 66.23, '100-104': 75.0, '105-109': 83.33, 'old': 66.47, 'new': 83.33}
2026-06-07 03:15:21,270 [trainer.py] => CNN top1 curve: [77.41, 73.29, 67.15]
2026-06-07 03:15:21,270 [trainer.py] => CNN top5 curve: [92.27, 91.68, 90.46]
2026-06-07 03:15:21,270 [trainer.py] => Average Accuracy (CNN): 72.62
2026-06-07 03:15:21,272 [trainer.py] => All params: 87695657
2026-06-07 03:15:21,273 [trainer.py] => Trainable params: 276498
2026-06-07 03:15:21,291 [cllora.py] => Learning on 110-115
2026-06-07 03:16:01,740 [cllora.py] => Task 3, Epoch 25/25 => Loss 0.803, Train_accy 75.81
2026-06-07 03:16:19,052 [cllora.py] => Task correct: 64.8590021691974
2026-06-07 03:16:19,052 [cllora.py] => Task acc: 93.60086767895879
2026-06-07 03:16:19,054 [trainer.py] => Timing Task 3 => Train 46.28s, Epochs 25, Train 1.8513s/epoch, Inference 11.50s, Images 922, Inference 12.4694ms/image
2026-06-07 03:16:19,494 [trainer.py] => No NME accuracy.
2026-06-07 03:16:19,494 [trainer.py] => CNN: {'total': 64.75, '00-99': 64.92, '100-104': 75.0, '105-109': 86.11, '110-114': 9.52, 'old': 66.04, 'new': 9.52}
2026-06-07 03:16:19,495 [trainer.py] => CNN top1 curve: [77.41, 73.29, 67.15, 64.75]
2026-06-07 03:16:19,495 [trainer.py] => CNN top5 curve: [92.27, 91.68, 90.46, 89.15]
2026-06-07 03:16:19,495 [trainer.py] => Average Accuracy (CNN): 70.65
2026-06-07 03:16:19,497 [trainer.py] => All params: 88171818
2026-06-07 03:16:19,499 [trainer.py] => Trainable params: 276498
2026-06-07 03:16:19,530 [cllora.py] => Learning on 115-120
2026-06-07 03:17:41,001 [cllora.py] => Task 4, Epoch 25/25 => Loss 0.103, Train_accy 96.76
2026-06-07 03:18:07,522 [cllora.py] => Task correct: 62.05128205128205
2026-06-07 03:18:07,522 [cllora.py] => Task acc: 94.05128205128206
2026-06-07 03:18:07,530 [trainer.py] => Timing Task 4 => Train 92.53s, Epochs 25, Train 3.7010s/epoch, Inference 15.51s, Images 975, Inference 15.9027ms/image
2026-06-07 03:18:08,077 [trainer.py] => No NME accuracy.
2026-06-07 03:18:08,077 [trainer.py] => CNN: {'total': 61.95, '00-99': 60.4, '100-104': 75.0, '105-109': 72.22, '110-114': 14.29, '115-119': 92.45, 'old': 60.2, 'new': 92.45}
2026-06-07 03:18:08,077 [trainer.py] => CNN top1 curve: [77.41, 73.29, 67.15, 64.75, 61.95]
2026-06-07 03:18:08,077 [trainer.py] => CNN top5 curve: [92.27, 91.68, 90.46, 89.15, 86.26]
2026-06-07 03:18:08,077 [trainer.py] => Average Accuracy (CNN): 68.91
2026-06-07 03:18:08,080 [trainer.py] => All params: 88655659
2026-06-07 03:18:08,081 [trainer.py] => Trainable params: 276498
2026-06-07 03:18:08,108 [cllora.py] => Learning on 120-125
2026-06-07 03:19:10,500 [cllora.py] => Task 5, Epoch 25/25 => Loss 0.138, Train_accy 98.59
2026-06-07 03:19:40,593 [cllora.py] => Task correct: 58.267716535433074
2026-06-07 03:19:40,593 [cllora.py] => Task acc: 93.60236220472441
2026-06-07 03:19:40,594 [trainer.py] => Timing Task 5 => Train 74.09s, Epochs 25, Train 2.9637s/epoch, Inference 18.42s, Images 1016, Inference 18.1294ms/image
2026-06-07 03:19:41,069 [trainer.py] => No NME accuracy.
2026-06-07 03:19:41,069 [trainer.py] => CNN: {'total': 58.07, '00-99': 55.17, '100-104': 70.83, '105-109': 66.67, '110-114': 4.76, '115-119': 90.57, '120-124': 87.8, 'old': 56.82, 'new': 87.8}
2026-06-07 03:19:41,070 [trainer.py] => CNN top1 curve: [77.41, 73.29, 67.15, 64.75, 61.95, 58.07]
2026-06-07 03:19:41,070 [trainer.py] => CNN top5 curve: [92.27, 91.68, 90.46, 89.15, 86.26, 85.63]
2026-06-07 03:19:41,070 [trainer.py] => Average Accuracy (CNN): 67.1
2026-06-07 03:19:41,076 [trainer.py] => All params: 89147180
2026-06-07 03:19:41,078 [trainer.py] => Trainable params: 276498
2026-06-07 03:19:41,091 [cllora.py] => Learning on 125-130
2026-06-07 03:20:29,887 [cllora.py] => Task 6, Epoch 25/25 => Loss 0.415, Train_accy 94.32
2026-06-07 03:21:03,992 [cllora.py] => Task correct: 55.36231884057971
2026-06-07 03:21:03,993 [cllora.py] => Task acc: 92.85024154589372
2026-06-07 03:21:03,994 [trainer.py] => Timing Task 6 => Train 61.42s, Epochs 25, Train 2.4569s/epoch, Inference 21.49s, Images 1035, Inference 20.7663ms/image
2026-06-07 03:21:04,472 [trainer.py] => No NME accuracy.
2026-06-07 03:21:04,472 [trainer.py] => CNN: {'total': 55.17, '00-99': 52.44, '100-104': 75.0, '105-109': 63.89, '110-114': 14.29, '115-119': 90.57, '120-124': 80.49, '125-129': 26.32, 'old': 55.71, 'new': 26.32}
2026-06-07 03:21:04,472 [trainer.py] => CNN top1 curve: [77.41, 73.29, 67.15, 64.75, 61.95, 58.07, 55.17]
2026-06-07 03:21:04,472 [trainer.py] => CNN top5 curve: [92.27, 91.68, 90.46, 89.15, 86.26, 85.63, 83.29]
2026-06-07 03:21:04,473 [trainer.py] => Average Accuracy (CNN): 65.4
2026-06-07 03:21:04,476 [trainer.py] => All params: 89646381
2026-06-07 03:21:04,479 [trainer.py] => Trainable params: 276498
2026-06-07 03:21:04,496 [cllora.py] => Learning on 130-135
2026-06-07 03:22:15,843 [cllora.py] => Task 7, Epoch 25/25 => Loss 0.125, Train_accy 97.06
2026-06-07 03:22:58,430 [cllora.py] => Task correct: 50.7380073800738
2026-06-07 03:22:58,430 [cllora.py] => Task acc: 93.17343173431735
2026-06-07 03:22:58,432 [trainer.py] => Timing Task 7 => Train 88.46s, Epochs 25, Train 3.5382s/epoch, Inference 25.50s, Images 1084, Inference 23.5219ms/image
2026-06-07 03:22:59,008 [trainer.py] => No NME accuracy.
2026-06-07 03:22:59,008 [trainer.py] => CNN: {'total': 50.55, '00-99': 46.49, '100-104': 62.5, '105-109': 61.11, '110-114': 9.52, '115-119': 86.79, '120-124': 75.61, '125-129': 21.05, '130-134': 75.51, 'old': 49.37, 'new': 75.51}
2026-06-07 03:22:59,008 [trainer.py] => CNN top1 curve: [77.41, 73.29, 67.15, 64.75, 61.95, 58.07, 55.17, 50.55]
2026-06-07 03:22:59,008 [trainer.py] => CNN top5 curve: [92.27, 91.68, 90.46, 89.15, 86.26, 85.63, 83.29, 80.44]
2026-06-07 03:22:59,008 [trainer.py] => Average Accuracy (CNN): 63.54
2026-06-07 03:22:59,012 [trainer.py] => All params: 90153262
2026-06-07 03:22:59,027 [trainer.py] => Trainable params: 276498
2026-06-07 03:22:59,064 [cllora.py] => Learning on 135-140
2026-06-07 03:24:03,360 [cllora.py] => Task 8, Epoch 25/25 => Loss 0.081, Train_accy 98.56
2026-06-07 03:24:52,478 [cllora.py] => Task correct: 49.866190900981266
2026-06-07 03:24:52,478 [cllora.py] => Task acc: 93.13113291703836
2026-06-07 03:24:52,480 [trainer.py] => Timing Task 8 => Train 83.64s, Epochs 25, Train 3.3458s/epoch, Inference 29.81s, Images 1121, Inference 26.5912ms/image
2026-06-07 03:24:53,023 [trainer.py] => No NME accuracy.
2026-06-07 03:24:53,023 [trainer.py] => CNN: {'total': 49.69, '00-99': 45.3, '100-104': 58.33, '105-109': 52.78, '110-114': 4.76, '115-119': 83.02, '120-124': 73.17, '125-129': 5.26, '130-134': 73.47, '135-139': 83.78, 'old': 48.52, 'new': 83.78}
2026-06-07 03:24:53,023 [trainer.py] => CNN top1 curve: [77.41, 73.29, 67.15, 64.75, 61.95, 58.07, 55.17, 50.55, 49.69]
2026-06-07 03:24:53,023 [trainer.py] => CNN top5 curve: [92.27, 91.68, 90.46, 89.15, 86.26, 85.63, 83.29, 80.44, 79.75]
2026-06-07 03:24:53,023 [trainer.py] => Average Accuracy (CNN): 62.0
2026-06-07 03:24:53,039 [trainer.py] => All params: 90667823
2026-06-07 03:24:53,042 [trainer.py] => Trainable params: 276498
2026-06-07 03:24:53,087 [cllora.py] => Learning on 140-145
2026-06-07 03:26:03,245 [cllora.py] => Task 9, Epoch 25/25 => Loss 0.125, Train_accy 97.48
2026-06-07 03:26:58,302 [cllora.py] => Task correct: 55.14579759862779
2026-06-07 03:26:58,302 [cllora.py] => Task acc: 93.39622641509433
2026-06-07 03:26:58,304 [trainer.py] => Timing Task 9 => Train 91.14s, Epochs 25, Train 3.6457s/epoch, Inference 34.12s, Images 1166, Inference 29.2622ms/image
2026-06-07 03:26:58,884 [trainer.py] => No NME accuracy.
2026-06-07 03:26:58,884 [trainer.py] => CNN: {'total': 54.97, '00-99': 50.42, '100-104': 66.67, '105-109': 69.44, '110-114': 4.76, '115-119': 88.68, '120-124': 68.29, '125-129': 0.0, '130-134': 67.35, '135-139': 81.08, '140-144': 82.22, 'old': 53.88, 'new': 82.22}
2026-06-07 03:26:58,884 [trainer.py] => CNN top1 curve: [77.41, 73.29, 67.15, 64.75, 61.95, 58.07, 55.17, 50.55, 49.69, 54.97]
2026-06-07 03:26:58,884 [trainer.py] => CNN top5 curve: [92.27, 91.68, 90.46, 89.15, 86.26, 85.63, 83.29, 80.44, 79.75, 82.08]
2026-06-07 03:26:58,885 [trainer.py] => Average Accuracy (CNN): 61.3
2026-06-07 03:26:58,889 [trainer.py] => All params: 91190064
2026-06-07 03:26:58,898 [trainer.py] => Trainable params: 276498
2026-06-07 03:26:58,921 [cllora.py] => Learning on 145-150
2026-06-07 03:28:12,037 [cllora.py] => Task 10, Epoch 25/25 => Loss 0.137, Train_accy 98.22
2026-06-07 03:29:13,657 [cllora.py] => Task correct: 45.6140350877193
2026-06-07 03:29:13,657 [cllora.py] => Task acc: 93.31662489557226
2026-06-07 03:29:13,659 [trainer.py] => Timing Task 10 => Train 95.75s, Epochs 25, Train 3.8299s/epoch, Inference 39.01s, Images 1197, Inference 32.5931ms/image
2026-06-07 03:29:14,210 [trainer.py] => No NME accuracy.
2026-06-07 03:29:14,210 [trainer.py] => CNN: {'total': 45.45, '00-99': 38.53, '100-104': 45.83, '105-109': 58.33, '110-114': 4.76, '115-119': 84.91, '120-124': 63.41, '125-129': 15.79, '130-134': 69.39, '135-139': 83.78, '140-144': 64.44, '145-149': 61.29, 'old': 45.03, 'new': 61.29}
2026-06-07 03:29:14,210 [trainer.py] => CNN top1 curve: [77.41, 73.29, 67.15, 64.75, 61.95, 58.07, 55.17, 50.55, 49.69, 54.97, 45.45]
2026-06-07 03:29:14,210 [trainer.py] => CNN top5 curve: [92.27, 91.68, 90.46, 89.15, 86.26, 85.63, 83.29, 80.44, 79.75, 82.08, 77.11]
2026-06-07 03:29:14,210 [trainer.py] => Average Accuracy (CNN): 59.86
2026-06-07 03:29:14,214 [trainer.py] => All params: 91719985
2026-06-07 03:29:14,239 [trainer.py] => Trainable params: 276498
2026-06-07 03:29:14,284 [cllora.py] => Learning on 150-155
2026-06-07 03:30:11,218 [cllora.py] => Task 11, Epoch 25/25 => Loss 0.135, Train_accy 95.76
2026-06-07 03:31:15,978 [cllora.py] => Task correct: 40.942323314378555
2026-06-07 03:31:15,978 [cllora.py] => Task acc: 93.25751421608449
2026-06-07 03:31:15,980 [trainer.py] => Timing Task 11 => Train 79.10s, Epochs 25, Train 3.1639s/epoch, Inference 42.64s, Images 1231, Inference 34.6408ms/image
2026-06-07 03:31:16,512 [trainer.py] => No NME accuracy.
2026-06-07 03:31:16,515 [trainer.py] => CNN: {'total': 40.78, '00-99': 32.1, '100-104': 50.0, '105-109': 50.0, '110-114': 4.76, '115-119': 84.91, '120-124': 60.98, '125-129': 10.53, '130-134': 73.47, '135-139': 83.78, '140-144': 57.78, '145-149': 61.29, '150-154': 50.0, 'old': 40.52, 'new': 50.0}
2026-06-07 03:31:16,515 [trainer.py] => CNN top1 curve: [77.41, 73.29, 67.15, 64.75, 61.95, 58.07, 55.17, 50.55, 49.69, 54.97, 45.45, 40.78]
2026-06-07 03:31:16,515 [trainer.py] => CNN top5 curve: [92.27, 91.68, 90.46, 89.15, 86.26, 85.63, 83.29, 80.44, 79.75, 82.08, 77.11, 75.22]
2026-06-07 03:31:16,515 [trainer.py] => Average Accuracy (CNN): 58.27
2026-06-07 03:31:16,527 [trainer.py] => All params: 92257586
2026-06-07 03:31:16,531 [trainer.py] => Trainable params: 276498
2026-06-07 03:31:16,579 [cllora.py] => Learning on 155-160
2026-06-07 03:32:05,753 [cllora.py] => Task 12, Epoch 25/25 => Loss 0.212, Train_accy 98.82
2026-06-07 03:33:15,635 [cllora.py] => Task correct: 45.43269230769231
2026-06-07 03:33:15,635 [cllora.py] => Task acc: 93.50961538461539
2026-06-07 03:33:15,637 [trainer.py] => Timing Task 12 => Train 72.73s, Epochs 25, Train 2.9094s/epoch, Inference 46.37s, Images 1248, Inference 37.1575ms/image
2026-06-07 03:33:16,200 [trainer.py] => No NME accuracy.
2026-06-07 03:33:16,200 [trainer.py] => CNN: {'total': 45.19, '00-99': 39.36, '100-104': 45.83, '105-109': 44.44, '110-114': 4.76, '115-119': 79.25, '120-124': 56.1, '125-129': 15.79, '130-134': 73.47, '135-139': 78.38, '140-144': 57.78, '145-149': 61.29, '150-154': 55.88, '155-159': 47.06, 'old': 45.17, 'new': 47.06}
2026-06-07 03:33:16,200 [trainer.py] => CNN top1 curve: [77.41, 73.29, 67.15, 64.75, 61.95, 58.07, 55.17, 50.55, 49.69, 54.97, 45.45, 40.78, 45.19]
2026-06-07 03:33:16,200 [trainer.py] => CNN top5 curve: [92.27, 91.68, 90.46, 89.15, 86.26, 85.63, 83.29, 80.44, 79.75, 82.08, 77.11, 75.22, 75.64]
2026-06-07 03:33:16,200 [trainer.py] => Average Accuracy (CNN): 57.26
2026-06-07 03:33:16,205 [trainer.py] => All params: 92802867
2026-06-07 03:33:16,217 [trainer.py] => Trainable params: 276498
2026-06-07 03:33:16,249 [cllora.py] => Learning on 160-165
2026-06-07 03:34:37,935 [cllora.py] => Task 13, Epoch 25/25 => Loss 0.165, Train_accy 94.55
2026-06-07 03:36:01,718 [cllora.py] => Task correct: 42.38461538461539
2026-06-07 03:36:01,718 [cllora.py] => Task acc: 93.38461538461539
2026-06-07 03:36:01,720 [trainer.py] => Timing Task 13 => Train 113.25s, Epochs 25, Train 4.5300s/epoch, Inference 52.25s, Images 1300, Inference 40.1937ms/image
2026-06-07 03:36:02,228 [trainer.py] => No NME accuracy.
2026-06-07 03:36:02,228 [trainer.py] => CNN: {'total': 42.31, '00-99': 33.06, '100-104': 50.0, '105-109': 47.22, '110-114': 4.76, '115-119': 79.25, '120-124': 58.54, '125-129': 5.26, '130-134': 73.47, '135-139': 81.08, '140-144': 48.89, '145-149': 61.29, '150-154': 55.88, '155-159': 41.18, '160-164': 80.77, 'old': 40.71, 'new': 80.77}
2026-06-07 03:36:02,228 [trainer.py] => CNN top1 curve: [77.41, 73.29, 67.15, 64.75, 61.95, 58.07, 55.17, 50.55, 49.69, 54.97, 45.45, 40.78, 45.19, 42.31]
2026-06-07 03:36:02,229 [trainer.py] => CNN top5 curve: [92.27, 91.68, 90.46, 89.15, 86.26, 85.63, 83.29, 80.44, 79.75, 82.08, 77.11, 75.22, 75.64, 74.38]
2026-06-07 03:36:02,229 [trainer.py] => Average Accuracy (CNN): 56.2
2026-06-07 03:36:02,234 [trainer.py] => All params: 93355828
2026-06-07 03:36:02,249 [trainer.py] => Trainable params: 276498
2026-06-07 03:36:02,280 [cllora.py] => Learning on 165-170
2026-06-07 03:36:59,599 [cllora.py] => Task 14, Epoch 25/25 => Loss 0.165, Train_accy 97.73
2026-06-07 03:38:22,809 [cllora.py] => Task correct: 39.38484621155289
2026-06-07 03:38:22,810 [cllora.py] => Task acc: 93.17329332333084
2026-06-07 03:38:22,811 [trainer.py] => Timing Task 14 => Train 83.61s, Epochs 25, Train 3.3445s/epoch, Inference 56.95s, Images 1333, Inference 42.7241ms/image
2026-06-07 03:38:23,304 [trainer.py] => No NME accuracy.
2026-06-07 03:38:23,304 [trainer.py] => CNN: {'total': 39.23, '00-99': 29.37, '100-104': 37.5, '105-109': 41.67, '110-114': 4.76, '115-119': 83.02, '120-124': 60.98, '125-129': 5.26, '130-134': 69.39, '135-139': 72.97, '140-144': 53.33, '145-149': 54.84, '150-154': 47.06, '155-159': 52.94, '160-164': 71.15, '165-169': 51.52, 'old': 38.92, 'new': 51.52}
2026-06-07 03:38:23,304 [trainer.py] => CNN top1 curve: [77.41, 73.29, 67.15, 64.75, 61.95, 58.07, 55.17, 50.55, 49.69, 54.97, 45.45, 40.78, 45.19, 42.31, 39.23]
2026-06-07 03:38:23,304 [trainer.py] => CNN top5 curve: [92.27, 91.68, 90.46, 89.15, 86.26, 85.63, 83.29, 80.44, 79.75, 82.08, 77.11, 75.22, 75.64, 74.38, 73.82]
2026-06-07 03:38:23,304 [trainer.py] => Average Accuracy (CNN): 55.06
2026-06-07 03:38:23,310 [trainer.py] => All params: 93916469
2026-06-07 03:38:23,321 [trainer.py] => Trainable params: 276498
2026-06-07 03:38:23,374 [cllora.py] => Learning on 170-175
2026-06-07 03:39:09,908 [cllora.py] => Task 15, Epoch 25/25 => Loss 0.191, Train_accy 95.45
2026-06-07 03:40:36,915 [cllora.py] => Task correct: 29.30780559646539
2026-06-07 03:40:36,916 [cllora.py] => Task acc: 92.48895434462445
2026-06-07 03:40:36,918 [trainer.py] => Timing Task 15 => Train 72.00s, Epochs 25, Train 2.8801s/epoch, Inference 61.60s, Images 1358, Inference 45.3572ms/image
2026-06-07 03:40:37,377 [trainer.py] => No NME accuracy.
2026-06-07 03:40:37,377 [trainer.py] => CNN: {'total': 29.16, '00-99': 17.24, '100-104': 25.0, '105-109': 22.22, '110-114': 0.0, '115-119': 60.38, '120-124': 56.1, '125-129': 5.26, '130-134': 71.43, '135-139': 70.27, '140-144': 35.56, '145-149': 54.84, '150-154': 44.12, '155-159': 52.94, '160-164': 67.31, '165-169': 45.45, '170-174': 52.0, 'old': 28.73, 'new': 52.0}
2026-06-07 03:40:37,377 [trainer.py] => CNN top1 curve: [77.41, 73.29, 67.15, 64.75, 61.95, 58.07, 55.17, 50.55, 49.69, 54.97, 45.45, 40.78, 45.19, 42.31, 39.23, 29.16]
2026-06-07 03:40:37,377 [trainer.py] => CNN top5 curve: [92.27, 91.68, 90.46, 89.15, 86.26, 85.63, 83.29, 80.44, 79.75, 82.08, 77.11, 75.22, 75.64, 74.38, 73.82, 67.23]
2026-06-07 03:40:37,377 [trainer.py] => Average Accuracy (CNN): 53.44
2026-06-07 03:40:37,384 [trainer.py] => All params: 94484790
2026-06-07 03:40:37,403 [trainer.py] => Trainable params: 276498
2026-06-07 03:40:37,449 [cllora.py] => Learning on 175-180
2026-06-07 03:41:39,808 [cllora.py] => Task 16, Epoch 25/25 => Loss 0.118, Train_accy 98.66
2026-06-07 03:43:17,030 [cllora.py] => Task correct: 34.193548387096776
2026-06-07 03:43:17,030 [cllora.py] => Task acc: 92.97491039426524
2026-06-07 03:43:17,038 [trainer.py] => Timing Task 16 => Train 92.09s, Epochs 25, Train 3.6837s/epoch, Inference 67.54s, Images 1395, Inference 48.4186ms/image
2026-06-07 03:43:17,520 [trainer.py] => No NME accuracy.
2026-06-07 03:43:17,520 [trainer.py] => CNN: {'total': 34.12, '00-99': 25.68, '100-104': 16.67, '105-109': 38.89, '110-114': 0.0, '115-119': 69.81, '120-124': 39.02, '125-129': 0.0, '130-134': 65.31, '135-139': 64.86, '140-144': 40.0, '145-149': 54.84, '150-154': 38.24, '155-159': 41.18, '160-164': 69.23, '165-169': 24.24, '170-174': 32.0, '175-179': 70.27, 'old': 33.14, 'new': 70.27}
2026-06-07 03:43:17,520 [trainer.py] => CNN top1 curve: [77.41, 73.29, 67.15, 64.75, 61.95, 58.07, 55.17, 50.55, 49.69, 54.97, 45.45, 40.78, 45.19, 42.31, 39.23, 29.16, 34.12]
2026-06-07 03:43:17,520 [trainer.py] => CNN top5 curve: [92.27, 91.68, 90.46, 89.15, 86.26, 85.63, 83.29, 80.44, 79.75, 82.08, 77.11, 75.22, 75.64, 74.38, 73.82, 67.23, 70.54]
2026-06-07 03:43:17,520 [trainer.py] => Average Accuracy (CNN): 52.31
2026-06-07 03:43:17,545 [trainer.py] => All params: 95060791
2026-06-07 03:43:17,550 [trainer.py] => Trainable params: 276498
2026-06-07 03:43:17,635 [cllora.py] => Learning on 180-185
2026-06-07 03:44:13,151 [cllora.py] => Task 17, Epoch 25/25 => Loss 0.128, Train_accy 96.72
2026-06-07 03:45:58,008 [cllora.py] => Task correct: 29.39521800281294
2026-06-07 03:45:58,008 [cllora.py] => Task acc: 92.0534458509142
2026-06-07 03:45:58,010 [trainer.py] => Timing Task 17 => Train 87.90s, Epochs 25, Train 3.5160s/epoch, Inference 72.56s, Images 1422, Inference 51.0263ms/image
2026-06-07 03:45:58,518 [trainer.py] => No NME accuracy.
2026-06-07 03:45:58,518 [trainer.py] => CNN: {'total': 29.18, '00-99': 18.31, '100-104': 12.5, '105-109': 11.11, '110-114': 0.0, '115-119': 64.15, '120-124': 43.9, '125-129': 0.0, '130-134': 67.35, '135-139': 67.57, '140-144': 40.0, '145-149': 54.84, '150-154': 38.24, '155-159': 35.29, '160-164': 67.31, '165-169': 27.27, '170-174': 40.0, '175-179': 64.86, '180-184': 44.44, 'old': 28.89, 'new': 44.44}
2026-06-07 03:45:58,518 [trainer.py] => CNN top1 curve: [77.41, 73.29, 67.15, 64.75, 61.95, 58.07, 55.17, 50.55, 49.69, 54.97, 45.45, 40.78, 45.19, 42.31, 39.23, 29.16, 34.12, 29.18]
2026-06-07 03:45:58,518 [trainer.py] => CNN top5 curve: [92.27, 91.68, 90.46, 89.15, 86.26, 85.63, 83.29, 80.44, 79.75, 82.08, 77.11, 75.22, 75.64, 74.38, 73.82, 67.23, 70.54, 66.6]
2026-06-07 03:45:58,518 [trainer.py] => Average Accuracy (CNN): 51.02
2026-06-07 03:45:58,525 [trainer.py] => All params: 95644472
2026-06-07 03:45:58,542 [trainer.py] => Trainable params: 276498
2026-06-07 03:45:58,623 [cllora.py] => Learning on 185-190
2026-06-07 03:46:42,005 [cllora.py] => Task 18, Epoch 25/25 => Loss 0.522, Train_accy 88.06
2026-06-07 03:48:29,211 [cllora.py] => Task correct: 26.778242677824267
2026-06-07 03:48:29,211 [cllora.py] => Task acc: 92.05020920502092
2026-06-07 03:48:29,213 [trainer.py] => Timing Task 18 => Train 73.36s, Epochs 25, Train 2.9344s/epoch, Inference 77.31s, Images 1434, Inference 53.9120ms/image
2026-06-07 03:48:29,645 [trainer.py] => No NME accuracy.
2026-06-07 03:48:29,645 [trainer.py] => CNN: {'total': 26.64, '00-99': 16.41, '100-104': 12.5, '105-109': 8.33, '110-114': 0.0, '115-119': 58.49, '120-124': 41.46, '125-129': 5.26, '130-134': 55.1, '135-139': 72.97, '140-144': 37.78, '145-149': 54.84, '150-154': 41.18, '155-159': 35.29, '160-164': 57.69, '165-169': 27.27, '170-174': 44.0, '175-179': 54.05, '180-184': 40.74, '185-189': 0.0, 'old': 26.86, 'new': 0.0}
2026-06-07 03:48:29,646 [trainer.py] => CNN top1 curve: [77.41, 73.29, 67.15, 64.75, 61.95, 58.07, 55.17, 50.55, 49.69, 54.97, 45.45, 40.78, 45.19, 42.31, 39.23, 29.16, 34.12, 29.18, 26.64]
2026-06-07 03:48:29,646 [trainer.py] => CNN top5 curve: [92.27, 91.68, 90.46, 89.15, 86.26, 85.63, 83.29, 80.44, 79.75, 82.08, 77.11, 75.22, 75.64, 74.38, 73.82, 67.23, 70.54, 66.6, 63.32]
2026-06-07 03:48:29,646 [trainer.py] => Average Accuracy (CNN): 49.74
2026-06-07 03:48:29,659 [trainer.py] => All params: 96235833
2026-06-07 03:48:29,664 [trainer.py] => Trainable params: 276498
2026-06-07 03:48:29,752 [cllora.py] => Learning on 190-195
2026-06-07 03:49:37,594 [cllora.py] => Task 19, Epoch 25/25 => Loss 0.104, Train_accy 98.25
2026-06-07 03:51:38,888 [cllora.py] => Task correct: 28.687967369136643
2026-06-07 03:51:38,889 [cllora.py] => Task acc: 92.31815091774303
2026-06-07 03:51:38,891 [trainer.py] => Timing Task 19 => Train 105.69s, Epochs 25, Train 4.2277s/epoch, Inference 83.53s, Images 1471, Inference 56.7865ms/image
2026-06-07 03:51:39,416 [trainer.py] => No NME accuracy.
2026-06-07 03:51:39,416 [trainer.py] => CNN: {'total': 28.55, '00-99': 18.55, '100-104': 8.33, '105-109': 22.22, '110-114': 0.0, '115-119': 60.38, '120-124': 36.59, '125-129': 5.26, '130-134': 55.1, '135-139': 67.57, '140-144': 40.0, '145-149': 51.61, '150-154': 26.47, '155-159': 35.29, '160-164': 59.62, '165-169': 24.24, '170-174': 40.0, '175-179': 56.76, '180-184': 33.33, '185-189': 0.0, '190-194': 70.27, 'old': 27.48, 'new': 70.27}
2026-06-07 03:51:39,416 [trainer.py] => CNN top1 curve: [77.41, 73.29, 67.15, 64.75, 61.95, 58.07, 55.17, 50.55, 49.69, 54.97, 45.45, 40.78, 45.19, 42.31, 39.23, 29.16, 34.12, 29.18, 26.64, 28.55]
2026-06-07 03:51:39,416 [trainer.py] => CNN top5 curve: [92.27, 91.68, 90.46, 89.15, 86.26, 85.63, 83.29, 80.44, 79.75, 82.08, 77.11, 75.22, 75.64, 74.38, 73.82, 67.23, 70.54, 66.6, 63.32, 63.83]
2026-06-07 03:51:39,416 [trainer.py] => Average Accuracy (CNN): 48.68
2026-06-07 03:51:39,423 [trainer.py] => All params: 96834874
2026-06-07 03:51:39,429 [trainer.py] => Trainable params: 276498
2026-06-07 03:51:39,473 [cllora.py] => Learning on 195-200
2026-06-07 03:52:46,862 [cllora.py] => Task 20, Epoch 25/25 => Loss 0.083, Train_accy 98.80
2026-06-07 03:54:56,062 [cllora.py] => Task correct: 22.448979591836736
2026-06-07 03:54:56,063 [cllora.py] => Task acc: 91.83673469387755
2026-06-07 03:54:56,065 [trainer.py] => Timing Task 20 => Train 105.89s, Epochs 25, Train 4.2354s/epoch, Inference 90.75s, Images 1519, Inference 59.7428ms/image
2026-06-07 03:54:56,610 [trainer.py] => No NME accuracy.
2026-06-07 03:54:56,610 [trainer.py] => CNN: {'total': 22.32, '00-99': 9.27, '100-104': 12.5, '105-109': 11.11, '110-114': 0.0, '115-119': 35.85, '120-124': 14.63, '125-129': 5.26, '130-134': 53.06, '135-139': 62.16, '140-144': 31.11, '145-149': 48.39, '150-154': 17.65, '155-159': 47.06, '160-164': 65.38, '165-169': 30.3, '170-174': 40.0, '175-179': 59.46, '180-184': 18.52, '185-189': 0.0, '190-194': 64.86, '195-199': 64.58, 'old': 20.94, 'new': 64.58}
2026-06-07 03:54:56,610 [trainer.py] => CNN top1 curve: [77.41, 73.29, 67.15, 64.75, 61.95, 58.07, 55.17, 50.55, 49.69, 54.97, 45.45, 40.78, 45.19, 42.31, 39.23, 29.16, 34.12, 29.18, 26.64, 28.55, 22.32]
2026-06-07 03:54:56,610 [trainer.py] => CNN top5 curve: [92.27, 91.68, 90.46, 89.15, 86.26, 85.63, 83.29, 80.44, 79.75, 82.08, 77.11, 75.22, 75.64, 74.38, 73.82, 67.23, 70.54, 66.6, 63.32, 63.83, 59.25]
2026-06-07 03:54:56,610 [trainer.py] => Average Accuracy (CNN): 47.43
