2026-06-12 03:08:56,430 [trainer.py] => config: ./configs/cllora/cllora_omni_B0_Inc20.json
2026-06-12 03:08:56,430 [trainer.py] => prefix:  
2026-06-12 03:08:56,430 [trainer.py] => dataset: omnibenchmark
2026-06-12 03:08:56,430 [trainer.py] => memory_size: 0
2026-06-12 03:08:56,430 [trainer.py] => memory_per_class: 0
2026-06-12 03:08:56,430 [trainer.py] => fixed_memory: False
2026-06-12 03:08:56,430 [trainer.py] => shuffle: True
2026-06-12 03:08:56,430 [trainer.py] => init_cls: 20
2026-06-12 03:08:56,430 [trainer.py] => increment: 20
2026-06-12 03:08:56,430 [trainer.py] => model_name: cllora
2026-06-12 03:08:56,430 [trainer.py] => backbone_type: vit_base_patch16_224_in21k_cllora
2026-06-12 03:08:56,430 [trainer.py] => device: [device(type='cuda', index=5)]
2026-06-12 03:08:56,430 [trainer.py] => seed: 1994
2026-06-12 03:08:56,430 [trainer.py] => init_epochs: 20
2026-06-12 03:08:56,431 [trainer.py] => init_lr: 0.01
2026-06-12 03:08:56,431 [trainer.py] => later_epochs: 20
2026-06-12 03:08:56,431 [trainer.py] => later_lr: 0.01
2026-06-12 03:08:56,431 [trainer.py] => batch_size: 16
2026-06-12 03:08:56,431 [trainer.py] => weight_decay: 0.0005
2026-06-12 03:08:56,431 [trainer.py] => min_lr: 0
2026-06-12 03:08:56,431 [trainer.py] => optimizer: sgd
2026-06-12 03:08:56,431 [trainer.py] => scheduler: cosine
2026-06-12 03:08:56,431 [trainer.py] => pretrained: True
2026-06-12 03:08:56,431 [trainer.py] => vpt_type: Deep
2026-06-12 03:08:56,431 [trainer.py] => prompt_token_num: 5
2026-06-12 03:08:56,431 [trainer.py] => ffn_num: 10
2026-06-12 03:08:56,431 [trainer.py] => use_diagonal: False
2026-06-12 03:08:56,431 [trainer.py] => recalc_sim: True
2026-06-12 03:08:56,431 [trainer.py] => alpha: 0.0
2026-06-12 03:08:56,431 [trainer.py] => use_init_ptm: False
2026-06-12 03:08:56,431 [trainer.py] => beta: 0
2026-06-12 03:08:56,431 [trainer.py] => use_old_data: False
2026-06-12 03:08:56,431 [trainer.py] => use_reweight: True
2026-06-12 03:08:56,431 [trainer.py] => moni_adam: False
2026-06-12 03:08:56,431 [trainer.py] => adapter_num: -1
2026-06-12 03:08:56,431 [trainer.py] => msa_adapt: True
2026-06-12 03:08:56,431 [trainer.py] => use_distillation: True
2026-06-12 03:08:56,431 [trainer.py] => use_block_weight: True
2026-06-12 03:08:56,431 [trainer.py] => msa: [1, 0, 1]
2026-06-12 03:08:56,431 [trainer.py] => general_pos: [0, 1, 2, 3, 4, 5]
2026-06-12 03:08:56,431 [trainer.py] => specfic_pos: [6, 7, 8, 9, 10, 11]
2026-06-12 03:08:56,432 [trainer.py] => nb_classes: 300
2026-06-12 03:08:56,432 [trainer.py] => nb_tasks: 15
2026-06-12 03:08:56,714 [data_manager.py] => [79, 231, 55, 293, 15, 281, 208, 119, 12, 11, 254, 126, 287, 215, 152, 278, 284, 140, 95, 72, 207, 232, 289, 171, 178, 189, 63, 86, 41, 159, 87, 103, 22, 80, 274, 73, 263, 122, 23, 28, 114, 273, 220, 185, 4, 70, 156, 286, 56, 115, 240, 268, 296, 174, 204, 113, 81, 221, 6, 101, 135, 224, 64, 269, 190, 244, 182, 181, 219, 198, 163, 150, 134, 210, 206, 202, 147, 234, 197, 222, 66, 144, 51, 24, 44, 209, 175, 195, 264, 205, 90, 21, 138, 52, 151, 124, 100, 121, 83, 132, 169, 285, 225, 27, 214, 236, 213, 162, 153, 271, 98, 233, 275, 299, 127, 29, 246, 50, 45, 280, 116, 242, 145, 165, 26, 149, 20, 186, 48, 129, 40, 2, 18, 241, 112, 200, 75, 85, 249, 68, 54, 59, 230, 228, 74, 253, 194, 77, 217, 227, 14, 8, 211, 297, 19, 226, 88, 96, 106, 9, 255, 38, 33, 176, 93, 35, 109, 69, 216, 92, 183, 47, 99, 39, 108, 160, 282, 199, 71, 201, 196, 120, 133, 270, 243, 250, 247, 288, 118, 136, 283, 187, 1, 184, 117, 130, 237, 32, 102, 177, 65, 173, 46, 267, 290, 128, 239, 0, 107, 167, 261, 43, 170, 104, 298, 262, 248, 60, 256, 78, 3, 58, 265, 62, 259, 61, 218, 157, 110, 143, 141, 252, 295, 97, 25, 291, 245, 125, 272, 17, 49, 161, 31, 155, 166, 251, 179, 94, 111, 142, 192, 229, 172, 16, 53, 168, 188, 158, 91, 258, 13, 10, 42, 36, 238, 105, 154, 257, 7, 277, 294, 279, 137, 266, 139, 292, 164, 276, 57, 123, 89, 82, 148, 67, 37, 146, 193, 131, 180, 5, 84, 260, 235, 223, 191, 30, 212, 76, 203, 34]
2026-06-12 03:08:59,549 [trainer.py] => All params: 86167314
2026-06-12 03:08:59,549 [trainer.py] => Trainable params: 276498
2026-06-12 03:08:59,551 [cllora.py] => Learning on 0-20
2026-06-12 03:22:11,121 [cllora.py] => Task 0, Epoch 20/20 => Loss 0.193, Train_accy 93.31
2026-06-12 03:22:32,263 [cllora.py] => Task correct: 100.0
2026-06-12 03:22:32,263 [cllora.py] => Task acc: 93.5
2026-06-12 03:22:32,264 [trainer.py] => Timing Task 0 => Train 811.01s, Epochs 20, Train 40.5504s/epoch, Inference 1.71s, Images 400, Inference 4.2648ms/image
2026-06-12 03:22:32,299 [trainer.py] => No NME accuracy.
2026-06-12 03:22:32,299 [trainer.py] => CNN: {'total': 93.5, '00-19': 93.5, 'old': 0, 'new': 93.5}
2026-06-12 03:22:32,299 [trainer.py] => CNN top1 curve: [93.5]
2026-06-12 03:22:32,299 [trainer.py] => CNN top5 curve: [100.0]
2026-06-12 03:22:32,299 [trainer.py] => Average Accuracy (CNN): 93.5
2026-06-12 03:22:32,300 [trainer.py] => All params: 86582055
2026-06-12 03:22:32,301 [trainer.py] => Trainable params: 276498
2026-06-12 03:22:32,303 [cllora.py] => Learning on 20-40
2026-06-12 03:44:54,764 [cllora.py] => Task 1, Epoch 20/20 => Loss 0.081, Train_accy 97.42
2026-06-12 03:45:39,859 [cllora.py] => Task correct: 88.48560700876095
2026-06-12 03:45:39,860 [cllora.py] => Task acc: 95.36921151439299
2026-06-12 03:45:39,863 [trainer.py] => Timing Task 1 => Train 1382.21s, Epochs 20, Train 69.1103s/epoch, Inference 5.36s, Images 799, Inference 6.7026ms/image
2026-06-12 03:45:39,904 [trainer.py] => No NME accuracy.
2026-06-12 03:45:39,904 [trainer.py] => CNN: {'total': 86.73, '00-19': 77.5, '20-39': 95.99, 'old': 77.5, 'new': 95.99}
2026-06-12 03:45:39,904 [trainer.py] => CNN top1 curve: [93.5, 86.73]
2026-06-12 03:45:39,904 [trainer.py] => CNN top5 curve: [100.0, 99.5]
2026-06-12 03:45:39,904 [trainer.py] => Average Accuracy (CNN): 90.12
2026-06-12 03:45:39,906 [trainer.py] => All params: 87027496
2026-06-12 03:45:39,907 [trainer.py] => Trainable params: 276498
2026-06-12 03:45:39,910 [cllora.py] => Learning on 40-60
2026-06-12 04:08:51,451 [cllora.py] => Task 2, Epoch 20/20 => Loss 0.070, Train_accy 97.82
2026-06-12 04:10:03,389 [cllora.py] => Task correct: 83.56964136780651
2026-06-12 04:10:03,390 [cllora.py] => Task acc: 96.49708090075063
2026-06-12 04:10:03,394 [trainer.py] => Timing Task 2 => Train 1452.12s, Epochs 20, Train 72.6058s/epoch, Inference 11.37s, Images 1199, Inference 9.4834ms/image
2026-06-12 04:10:03,431 [trainer.py] => No NME accuracy.
2026-06-12 04:10:03,431 [trainer.py] => CNN: {'total': 82.82, '00-19': 71.0, '20-39': 80.7, '40-59': 96.75, 'old': 75.84, 'new': 96.75}
2026-06-12 04:10:03,431 [trainer.py] => CNN top1 curve: [93.5, 86.73, 82.82]
2026-06-12 04:10:03,431 [trainer.py] => CNN top5 curve: [100.0, 99.5, 99.42]
2026-06-12 04:10:03,431 [trainer.py] => Average Accuracy (CNN): 87.68
2026-06-12 04:10:03,433 [trainer.py] => All params: 87503657
2026-06-12 04:10:03,434 [trainer.py] => Trainable params: 276498
2026-06-12 04:10:03,438 [cllora.py] => Learning on 60-80
2026-06-12 04:33:11,834 [cllora.py] => Task 3, Epoch 20/20 => Loss 0.070, Train_accy 97.97
2026-06-12 04:34:52,445 [cllora.py] => Task correct: 81.28911138923655
2026-06-12 04:34:52,445 [cllora.py] => Task acc: 97.12140175219024
2026-06-12 04:34:52,448 [trainer.py] => Timing Task 3 => Train 1469.32s, Epochs 20, Train 73.4660s/epoch, Inference 19.69s, Images 1598, Inference 12.3232ms/image
2026-06-12 04:34:52,481 [trainer.py] => No NME accuracy.
2026-06-12 04:34:52,481 [trainer.py] => CNN: {'total': 80.98, '00-19': 70.0, '20-39': 74.44, '40-59': 93.0, '60-79': 86.47, 'old': 79.15, 'new': 86.47}
2026-06-12 04:34:52,481 [trainer.py] => CNN top1 curve: [93.5, 86.73, 82.82, 80.98]
2026-06-12 04:34:52,481 [trainer.py] => CNN top5 curve: [100.0, 99.5, 99.42, 99.12]
2026-06-12 04:34:52,481 [trainer.py] => Average Accuracy (CNN): 86.01
2026-06-12 04:34:52,483 [trainer.py] => All params: 88010538
2026-06-12 04:34:52,485 [trainer.py] => Trainable params: 276498
2026-06-12 04:34:52,490 [cllora.py] => Learning on 80-100
2026-06-12 04:57:48,739 [cllora.py] => Task 4, Epoch 20/20 => Loss 0.089, Train_accy 97.21
2026-06-12 04:59:58,772 [cllora.py] => Task correct: 78.41762643965949
2026-06-12 04:59:58,772 [cllora.py] => Task acc: 97.19579369053581
2026-06-12 04:59:58,774 [trainer.py] => Timing Task 4 => Train 1475.96s, Epochs 20, Train 73.7979s/epoch, Inference 30.33s, Images 1997, Inference 15.1883ms/image
2026-06-12 04:59:58,815 [trainer.py] => No NME accuracy.
2026-06-12 04:59:58,815 [trainer.py] => CNN: {'total': 78.22, '00-19': 69.5, '20-39': 72.18, '40-59': 92.75, '60-79': 81.95, '80-99': 74.69, 'old': 79.1, 'new': 74.69}
2026-06-12 04:59:58,815 [trainer.py] => CNN top1 curve: [93.5, 86.73, 82.82, 80.98, 78.22]
2026-06-12 04:59:58,815 [trainer.py] => CNN top5 curve: [100.0, 99.5, 99.42, 99.12, 98.3]
2026-06-12 04:59:58,815 [trainer.py] => Average Accuracy (CNN): 84.45
2026-06-12 04:59:58,818 [trainer.py] => All params: 88548139
2026-06-12 04:59:58,820 [trainer.py] => Trainable params: 276498
2026-06-12 04:59:58,826 [cllora.py] => Learning on 100-120
2026-06-12 05:21:49,770 [cllora.py] => Task 5, Epoch 20/20 => Loss 0.105, Train_accy 97.10
2026-06-12 05:24:28,872 [cllora.py] => Task correct: 77.66179540709813
2026-06-12 05:24:28,872 [cllora.py] => Task acc: 97.49478079331942
2026-06-12 05:24:28,875 [trainer.py] => Timing Task 5 => Train 1426.32s, Epochs 20, Train 71.3158s/epoch, Inference 43.74s, Images 2395, Inference 18.2627ms/image
2026-06-12 05:24:28,902 [trainer.py] => No NME accuracy.
2026-06-12 05:24:28,902 [trainer.py] => CNN: {'total': 77.54, '00-19': 69.25, '20-39': 68.67, '40-59': 90.25, '60-79': 83.71, '80-99': 72.43, '100-119': 80.9, 'old': 76.87, 'new': 80.9}
2026-06-12 05:24:28,902 [trainer.py] => CNN top1 curve: [93.5, 86.73, 82.82, 80.98, 78.22, 77.54]
2026-06-12 05:24:28,903 [trainer.py] => CNN top5 curve: [100.0, 99.5, 99.42, 99.12, 98.3, 96.83]
2026-06-12 05:24:28,903 [trainer.py] => Average Accuracy (CNN): 83.3
2026-06-12 05:24:28,906 [trainer.py] => All params: 89116460
2026-06-12 05:24:28,908 [trainer.py] => Trainable params: 276498
2026-06-12 05:24:28,920 [cllora.py] => Learning on 120-140
2026-06-12 05:47:17,121 [cllora.py] => Task 6, Epoch 20/20 => Loss 0.079, Train_accy 97.67
2026-06-12 05:50:35,486 [cllora.py] => Task correct: 77.14899713467048
2026-06-12 05:50:35,487 [cllora.py] => Task acc: 97.38538681948424
2026-06-12 05:50:35,492 [trainer.py] => Timing Task 6 => Train 1507.74s, Epochs 20, Train 75.3868s/epoch, Inference 58.85s, Images 2792, Inference 21.0772ms/image
2026-06-12 05:50:35,549 [trainer.py] => No NME accuracy.
2026-06-12 05:50:35,549 [trainer.py] => CNN: {'total': 76.97, '00-19': 68.75, '20-39': 68.42, '40-59': 88.0, '60-79': 80.45, '80-99': 71.68, '100-119': 78.39, '120-139': 83.12, 'old': 75.95, 'new': 83.12}
2026-06-12 05:50:35,549 [trainer.py] => CNN top1 curve: [93.5, 86.73, 82.82, 80.98, 78.22, 77.54, 76.97]
2026-06-12 05:50:35,549 [trainer.py] => CNN top5 curve: [100.0, 99.5, 99.42, 99.12, 98.3, 96.83, 95.09]
2026-06-12 05:50:35,549 [trainer.py] => Average Accuracy (CNN): 82.39
2026-06-12 05:50:35,552 [trainer.py] => All params: 89715501
2026-06-12 05:50:35,554 [trainer.py] => Trainable params: 276498
2026-06-12 05:50:35,563 [cllora.py] => Learning on 140-160
2026-06-12 06:13:51,214 [cllora.py] => Task 7, Epoch 20/20 => Loss 0.101, Train_accy 96.95
2026-06-12 06:17:50,103 [cllora.py] => Task correct: 75.12531328320802
2026-06-12 06:17:50,104 [cllora.py] => Task acc: 97.39974937343358
2026-06-12 06:17:50,110 [trainer.py] => Timing Task 7 => Train 1557.86s, Epochs 20, Train 77.8929s/epoch, Inference 76.70s, Images 3192, Inference 24.0282ms/image
2026-06-12 06:17:50,143 [trainer.py] => No NME accuracy.
2026-06-12 06:17:50,143 [trainer.py] => CNN: {'total': 74.91, '00-19': 68.0, '20-39': 69.42, '40-59': 88.5, '60-79': 79.45, '80-99': 72.43, '100-119': 75.63, '120-139': 80.1, '140-159': 65.75, 'old': 76.22, 'new': 65.75}
2026-06-12 06:17:50,143 [trainer.py] => CNN top1 curve: [93.5, 86.73, 82.82, 80.98, 78.22, 77.54, 76.97, 74.91]
2026-06-12 06:17:50,143 [trainer.py] => CNN top5 curve: [100.0, 99.5, 99.42, 99.12, 98.3, 96.83, 95.09, 93.83]
2026-06-12 06:17:50,143 [trainer.py] => Average Accuracy (CNN): 81.46
2026-06-12 06:17:50,147 [trainer.py] => All params: 90345262
2026-06-12 06:17:50,149 [trainer.py] => Trainable params: 276498
2026-06-12 06:17:50,160 [cllora.py] => Learning on 160-180
2026-06-12 06:40:23,631 [cllora.py] => Task 8, Epoch 20/20 => Loss 0.130, Train_accy 95.74
2026-06-12 06:44:58,980 [cllora.py] => Task correct: 72.60579064587974
2026-06-12 06:44:58,980 [cllora.py] => Task acc: 97.04899777282851
2026-06-12 06:44:58,988 [trainer.py] => Timing Task 8 => Train 1531.73s, Epochs 20, Train 76.5863s/epoch, Inference 97.11s, Images 3592, Inference 27.0357ms/image
2026-06-12 06:44:59,020 [trainer.py] => No NME accuracy.
2026-06-12 06:44:59,020 [trainer.py] => CNN: {'total': 72.13, '00-19': 67.75, '20-39': 71.18, '40-59': 89.5, '60-79': 76.94, '80-99': 74.19, '100-119': 73.62, '120-139': 76.83, '140-159': 61.25, '160-179': 58.0, 'old': 73.9, 'new': 58.0}
2026-06-12 06:44:59,020 [trainer.py] => CNN top1 curve: [93.5, 86.73, 82.82, 80.98, 78.22, 77.54, 76.97, 74.91, 72.13]
2026-06-12 06:44:59,020 [trainer.py] => CNN top5 curve: [100.0, 99.5, 99.42, 99.12, 98.3, 96.83, 95.09, 93.83, 92.26]
2026-06-12 06:44:59,020 [trainer.py] => Average Accuracy (CNN): 80.42
2026-06-12 06:44:59,023 [trainer.py] => All params: 91005743
2026-06-12 06:44:59,026 [trainer.py] => Trainable params: 276498
2026-06-12 06:44:59,040 [cllora.py] => Learning on 180-200
2026-06-12 07:07:01,443 [cllora.py] => Task 9, Epoch 20/20 => Loss 0.095, Train_accy 97.18
2026-06-12 07:12:13,464 [cllora.py] => Task correct: 71.8937875751503
2026-06-12 07:12:13,465 [cllora.py] => Task acc: 97.0691382765531
2026-06-12 07:12:13,471 [trainer.py] => Timing Task 9 => Train 1514.89s, Epochs 20, Train 75.7446s/epoch, Inference 119.55s, Images 3992, Inference 29.9483ms/image
2026-06-12 07:12:13,499 [trainer.py] => No NME accuracy.
2026-06-12 07:12:13,499 [trainer.py] => CNN: {'total': 71.74, '00-19': 67.25, '20-39': 66.17, '40-59': 79.25, '60-79': 80.95, '80-99': 70.68, '100-119': 76.88, '120-139': 78.34, '140-159': 59.5, '160-179': 50.0, '180-199': 88.5, 'old': 69.88, 'new': 88.5}
2026-06-12 07:12:13,500 [trainer.py] => CNN top1 curve: [93.5, 86.73, 82.82, 80.98, 78.22, 77.54, 76.97, 74.91, 72.13, 71.74]
2026-06-12 07:12:13,500 [trainer.py] => CNN top5 curve: [100.0, 99.5, 99.42, 99.12, 98.3, 96.83, 95.09, 93.83, 92.26, 90.86]
2026-06-12 07:12:13,500 [trainer.py] => Average Accuracy (CNN): 79.55
2026-06-12 07:12:13,503 [trainer.py] => All params: 91696944
2026-06-12 07:12:13,505 [trainer.py] => Trainable params: 276498
2026-06-12 07:12:13,522 [cllora.py] => Learning on 200-220
2026-06-12 07:34:20,572 [cllora.py] => Task 10, Epoch 20/20 => Loss 0.114, Train_accy 96.40
2026-06-12 07:40:17,783 [cllora.py] => Task correct: 70.92440801457195
2026-06-12 07:40:17,783 [cllora.py] => Task acc: 97.19945355191257
2026-06-12 07:40:17,788 [trainer.py] => Timing Task 10 => Train 1539.74s, Epochs 20, Train 76.9872s/epoch, Inference 144.54s, Images 4392, Inference 32.9095ms/image
2026-06-12 07:40:17,825 [trainer.py] => No NME accuracy.
2026-06-12 07:40:17,825 [trainer.py] => CNN: {'total': 70.81, '00-19': 65.0, '20-39': 68.17, '40-59': 81.75, '60-79': 78.95, '80-99': 71.68, '100-119': 73.37, '120-139': 78.34, '140-159': 60.0, '160-179': 52.0, '180-199': 87.25, '200-219': 62.5, 'old': 71.64, 'new': 62.5}
2026-06-12 07:40:17,825 [trainer.py] => CNN top1 curve: [93.5, 86.73, 82.82, 80.98, 78.22, 77.54, 76.97, 74.91, 72.13, 71.74, 70.81]
2026-06-12 07:40:17,825 [trainer.py] => CNN top5 curve: [100.0, 99.5, 99.42, 99.12, 98.3, 96.83, 95.09, 93.83, 92.26, 90.86, 90.69]
2026-06-12 07:40:17,825 [trainer.py] => Average Accuracy (CNN): 78.76
2026-06-12 07:40:17,829 [trainer.py] => All params: 92418865
2026-06-12 07:40:17,832 [trainer.py] => Trainable params: 276498
2026-06-12 07:40:17,850 [cllora.py] => Learning on 220-240
2026-06-12 08:02:57,407 [cllora.py] => Task 11, Epoch 20/20 => Loss 0.132, Train_accy 95.87
2026-06-12 08:09:47,253 [cllora.py] => Task correct: 68.86615159741073
2026-06-12 08:09:47,254 [cllora.py] => Task acc: 96.99310920860304
2026-06-12 08:09:47,257 [trainer.py] => Timing Task 11 => Train 1597.67s, Epochs 20, Train 79.8834s/epoch, Inference 171.76s, Images 4789, Inference 35.8650ms/image
2026-06-12 08:09:47,277 [trainer.py] => No NME accuracy.
2026-06-12 08:09:47,277 [trainer.py] => CNN: {'total': 68.66, '00-19': 62.5, '20-39': 70.68, '40-59': 83.75, '60-79': 76.44, '80-99': 72.18, '100-119': 73.37, '120-139': 77.08, '140-159': 57.25, '160-179': 50.25, '180-199': 83.25, '200-219': 58.75, '220-239': 58.44, 'old': 69.58, 'new': 58.44}
2026-06-12 08:09:47,277 [trainer.py] => CNN top1 curve: [93.5, 86.73, 82.82, 80.98, 78.22, 77.54, 76.97, 74.91, 72.13, 71.74, 70.81, 68.66]
2026-06-12 08:09:47,277 [trainer.py] => CNN top5 curve: [100.0, 99.5, 99.42, 99.12, 98.3, 96.83, 95.09, 93.83, 92.26, 90.86, 90.69, 90.39]
2026-06-12 08:09:47,278 [trainer.py] => Average Accuracy (CNN): 77.92
2026-06-12 08:09:47,281 [trainer.py] => All params: 93171506
2026-06-12 08:09:47,283 [trainer.py] => Trainable params: 276498
2026-06-12 08:09:47,315 [cllora.py] => Learning on 240-260
2026-06-12 08:32:08,356 [cllora.py] => Task 12, Epoch 20/20 => Loss 0.091, Train_accy 97.11
2026-06-12 08:39:42,923 [cllora.py] => Task correct: 68.6006168080185
2026-06-12 08:39:42,924 [cllora.py] => Task acc: 97.03161141094834
2026-06-12 08:39:42,933 [trainer.py] => Timing Task 12 => Train 1594.12s, Epochs 20, Train 79.7058s/epoch, Inference 201.53s, Images 5188, Inference 38.8463ms/image
2026-06-12 08:39:42,965 [trainer.py] => No NME accuracy.
2026-06-12 08:39:42,966 [trainer.py] => CNN: {'total': 68.37, '00-19': 63.75, '20-39': 71.93, '40-59': 86.0, '60-79': 74.19, '80-99': 72.93, '100-119': 71.11, '120-139': 74.31, '140-159': 58.5, '160-179': 51.0, '180-199': 82.0, '200-219': 59.0, '220-239': 56.42, '240-259': 67.67, 'old': 68.43, 'new': 67.67}
2026-06-12 08:39:42,966 [trainer.py] => CNN top1 curve: [93.5, 86.73, 82.82, 80.98, 78.22, 77.54, 76.97, 74.91, 72.13, 71.74, 70.81, 68.66, 68.37]
2026-06-12 08:39:42,966 [trainer.py] => CNN top5 curve: [100.0, 99.5, 99.42, 99.12, 98.3, 96.83, 95.09, 93.83, 92.26, 90.86, 90.69, 90.39, 89.23]
2026-06-12 08:39:42,966 [trainer.py] => Average Accuracy (CNN): 77.18
2026-06-12 08:39:42,970 [trainer.py] => All params: 93954867
2026-06-12 08:39:42,973 [trainer.py] => Trainable params: 276498
2026-06-12 08:39:42,997 [cllora.py] => Learning on 260-280
2026-06-12 09:03:11,882 [cllora.py] => Task 13, Epoch 20/20 => Loss 0.123, Train_accy 96.28
2026-06-12 09:11:50,934 [cllora.py] => Task correct: 68.32587287376903
2026-06-12 09:11:50,934 [cllora.py] => Task acc: 97.00984780662489
2026-06-12 09:11:50,944 [trainer.py] => Timing Task 13 => Train 1694.51s, Epochs 20, Train 84.7257s/epoch, Inference 233.46s, Images 5585, Inference 41.8006ms/image
2026-06-12 09:11:50,984 [trainer.py] => No NME accuracy.
2026-06-12 09:11:50,984 [trainer.py] => CNN: {'total': 68.06, '00-19': 61.75, '20-39': 69.67, '40-59': 84.5, '60-79': 73.43, '80-99': 72.68, '100-119': 72.11, '120-139': 75.82, '140-159': 57.75, '160-179': 50.25, '180-199': 82.25, '200-219': 59.25, '220-239': 55.92, '240-259': 66.42, '260-279': 71.03, 'old': 67.83, 'new': 71.03}
2026-06-12 09:11:50,984 [trainer.py] => CNN top1 curve: [93.5, 86.73, 82.82, 80.98, 78.22, 77.54, 76.97, 74.91, 72.13, 71.74, 70.81, 68.66, 68.37, 68.06]
2026-06-12 09:11:50,984 [trainer.py] => CNN top5 curve: [100.0, 99.5, 99.42, 99.12, 98.3, 96.83, 95.09, 93.83, 92.26, 90.86, 90.69, 90.39, 89.23, 88.95]
2026-06-12 09:11:50,984 [trainer.py] => Average Accuracy (CNN): 76.53
2026-06-12 09:11:50,989 [trainer.py] => All params: 94768948
2026-06-12 09:11:50,992 [trainer.py] => Trainable params: 276498
2026-06-12 09:11:51,019 [cllora.py] => Learning on 280-300
2026-06-12 09:35:07,272 [cllora.py] => Task 14, Epoch 20/20 => Loss 0.136, Train_accy 95.81
2026-06-12 09:44:37,732 [cllora.py] => Task correct: 65.91478696741855
2026-06-12 09:44:37,733 [cllora.py] => Task acc: 96.87552213868004
2026-06-12 09:44:37,742 [trainer.py] => Timing Task 14 => Train 1698.81s, Epochs 20, Train 84.9405s/epoch, Inference 267.94s, Images 5985, Inference 44.7684ms/image
2026-06-12 09:44:37,771 [trainer.py] => No NME accuracy.
2026-06-12 09:44:37,771 [trainer.py] => CNN: {'total': 65.83, '00-19': 64.25, '20-39': 71.93, '40-59': 86.75, '60-79': 69.42, '80-99': 71.43, '100-119': 70.6, '120-139': 73.05, '140-159': 54.25, '160-179': 49.0, '180-199': 79.25, '200-219': 56.0, '220-239': 53.65, '240-259': 65.91, '260-279': 68.77, '280-299': 53.25, 'old': 66.73, 'new': 53.25}
2026-06-12 09:44:37,771 [trainer.py] => CNN top1 curve: [93.5, 86.73, 82.82, 80.98, 78.22, 77.54, 76.97, 74.91, 72.13, 71.74, 70.81, 68.66, 68.37, 68.06, 65.83]
2026-06-12 09:44:37,771 [trainer.py] => CNN top5 curve: [100.0, 99.5, 99.42, 99.12, 98.3, 96.83, 95.09, 93.83, 92.26, 90.86, 90.69, 90.39, 89.23, 88.95, 87.84]
2026-06-12 09:44:37,772 [trainer.py] => Average Accuracy (CNN): 75.82
