2026-05-28 15:19:45,413 [trainer.py] => config: ./configs/cllora/cllora_vtab_B0_Inc10.json
2026-05-28 15:19:45,413 [trainer.py] => prefix:  
2026-05-28 15:19:45,413 [trainer.py] => dataset: vtab
2026-05-28 15:19:45,413 [trainer.py] => memory_size: 0
2026-05-28 15:19:45,413 [trainer.py] => memory_per_class: 0
2026-05-28 15:19:45,413 [trainer.py] => fixed_memory: False
2026-05-28 15:19:45,414 [trainer.py] => shuffle: True
2026-05-28 15:19:45,414 [trainer.py] => init_cls: 10
2026-05-28 15:19:45,414 [trainer.py] => increment: 10
2026-05-28 15:19:45,414 [trainer.py] => model_name: cllora
2026-05-28 15:19:45,414 [trainer.py] => backbone_type: vit_base_patch16_224_in21k_cllora
2026-05-28 15:19:45,414 [trainer.py] => device: [device(type='cuda', index=1)]
2026-05-28 15:19:45,414 [trainer.py] => seed: 1993
2026-05-28 15:19:45,414 [trainer.py] => init_epochs: 45
2026-05-28 15:19:45,414 [trainer.py] => init_lr: 0.03
2026-05-28 15:19:45,414 [trainer.py] => later_epochs: 45
2026-05-28 15:19:45,414 [trainer.py] => later_lr: 0.03
2026-05-28 15:19:45,414 [trainer.py] => batch_size: 32
2026-05-28 15:19:45,414 [trainer.py] => weight_decay: 0.0001
2026-05-28 15:19:45,414 [trainer.py] => min_lr: 0
2026-05-28 15:19:45,415 [trainer.py] => optimizer: sgd
2026-05-28 15:19:45,415 [trainer.py] => scheduler: cosine
2026-05-28 15:19:45,415 [trainer.py] => pretrained: True
2026-05-28 15:19:45,415 [trainer.py] => vpt_type: Deep
2026-05-28 15:19:45,415 [trainer.py] => prompt_token_num: 5
2026-05-28 15:19:45,415 [trainer.py] => ffn_num: 10
2026-05-28 15:19:45,415 [trainer.py] => use_diagonal: False
2026-05-28 15:19:45,415 [trainer.py] => recalc_sim: True
2026-05-28 15:19:45,415 [trainer.py] => alpha: 0.0
2026-05-28 15:19:45,415 [trainer.py] => use_init_ptm: False
2026-05-28 15:19:45,415 [trainer.py] => beta: 0
2026-05-28 15:19:45,415 [trainer.py] => use_old_data: False
2026-05-28 15:19:45,415 [trainer.py] => use_reweight: True
2026-05-28 15:19:45,415 [trainer.py] => moni_adam: False
2026-05-28 15:19:45,415 [trainer.py] => adapter_num: -1
2026-05-28 15:19:45,416 [trainer.py] => msa_adapt: True
2026-05-28 15:19:45,416 [trainer.py] => use_distillation: True
2026-05-28 15:19:45,416 [trainer.py] => use_block_weight: True
2026-05-28 15:19:45,416 [trainer.py] => msa: [1, 0, 1]
2026-05-28 15:19:45,416 [trainer.py] => general_pos: [0, 1, 2, 3, 4, 5]
2026-05-28 15:19:45,416 [trainer.py] => specfic_pos: [6, 7, 8, 9, 10, 11]
2026-05-28 15:19:45,449 [data_manager.py] => [43, 41, 23, 14, 13, 40, 42, 22, 16, 45, 17, 10, 27, 46, 35, 8, 2, 34, 1, 37, 21, 0, 18, 36, 38, 24, 12, 6, 15, 20, 25, 48, 30, 19, 44, 26, 7, 28, 11, 5, 32, 4, 9, 47, 39, 31, 3, 29, 49, 33]
2026-05-28 15:19:51,297 [trainer.py] => All params: 86167314
2026-05-28 15:19:51,298 [trainer.py] => Trainable params: 276498
2026-05-28 15:19:51,306 [cllora.py] => Learning on 0-10
2026-05-28 15:21:10,679 [cllora.py] => Task 0, Epoch 45/45 => Loss 0.087, Train_accy 98.14
2026-05-28 15:21:15,783 [cllora.py] => Task correct: 100.0
2026-05-28 15:21:15,783 [cllora.py] => Task acc: 99.51573849878935
2026-05-28 15:21:15,785 [trainer.py] => Timing Task 0 => Train 80.54s, Epochs 45, Train 1.7897s/epoch, Inference 3.95s, Images 826, Inference 4.7798ms/image
2026-05-28 15:21:15,836 [trainer.py] => No NME accuracy.
2026-05-28 15:21:15,836 [trainer.py] => CNN: {'total': 99.52, '00-09': 99.52, 'old': 0, 'new': 99.52}
2026-05-28 15:21:15,836 [trainer.py] => CNN top1 curve: [99.52]
2026-05-28 15:21:15,836 [trainer.py] => CNN top5 curve: [100.0]
2026-05-28 15:21:15,836 [trainer.py] => Average Accuracy (CNN): 99.52
2026-05-28 15:21:15,837 [trainer.py] => All params: 86559015
2026-05-28 15:21:15,838 [trainer.py] => Trainable params: 276498
2026-05-28 15:21:15,840 [cllora.py] => Learning on 10-20
2026-05-28 15:25:45,122 [cllora.py] => Task 1, Epoch 45/45 => Loss 0.036, Train_accy 98.55
2026-05-28 15:26:10,770 [cllora.py] => Task correct: 99.26238145416228
2026-05-28 15:26:10,770 [cllora.py] => Task acc: 99.40288022479804
2026-05-28 15:26:10,772 [trainer.py] => Timing Task 1 => Train 273.55s, Epochs 45, Train 6.0789s/epoch, Inference 21.38s, Images 2847, Inference 7.5113ms/image
2026-05-28 15:26:10,948 [trainer.py] => No NME accuracy.
2026-05-28 15:26:10,948 [trainer.py] => CNN: {'total': 98.84, '00-09': 99.03, '10-19': 98.76, 'old': 99.03, 'new': 98.76}
2026-05-28 15:26:10,948 [trainer.py] => CNN top1 curve: [99.52, 98.84]
2026-05-28 15:26:10,948 [trainer.py] => CNN top5 curve: [100.0, 99.96]
2026-05-28 15:26:10,948 [trainer.py] => Average Accuracy (CNN): 99.18
2026-05-28 15:26:10,949 [trainer.py] => All params: 86966056
2026-05-28 15:26:10,951 [trainer.py] => Trainable params: 276498
2026-05-28 15:26:10,953 [cllora.py] => Learning on 20-30
2026-05-28 15:30:18,955 [cllora.py] => Task 2, Epoch 45/45 => Loss 0.041, Train_accy 98.63
2026-05-28 15:31:11,493 [cllora.py] => Task correct: 86.76339285714286
2026-05-28 15:31:11,494 [cllora.py] => Task acc: 98.25892857142857
2026-05-28 15:31:11,498 [trainer.py] => Timing Task 2 => Train 253.56s, Epochs 45, Train 5.6346s/epoch, Inference 46.99s, Images 4480, Inference 10.4885ms/image
2026-05-28 15:31:11,888 [trainer.py] => No NME accuracy.
2026-05-28 15:31:11,888 [trainer.py] => CNN: {'total': 86.09, '00-09': 96.13, '10-19': 74.96, '20-29': 94.79, 'old': 81.1, 'new': 94.79}
2026-05-28 15:31:11,888 [trainer.py] => CNN top1 curve: [99.52, 98.84, 86.09]
2026-05-28 15:31:11,888 [trainer.py] => CNN top5 curve: [100.0, 99.96, 99.49]
2026-05-28 15:31:11,888 [trainer.py] => Average Accuracy (CNN): 94.82
2026-05-28 15:31:11,890 [trainer.py] => All params: 87388457
2026-05-28 15:31:11,891 [trainer.py] => Trainable params: 276498
2026-05-28 15:31:11,894 [cllora.py] => Learning on 30-40
2026-05-28 15:34:23,681 [cllora.py] => Task 3, Epoch 45/45 => Loss 0.032, Train_accy 99.01
2026-05-28 15:35:49,948 [cllora.py] => Task correct: 83.87434554973822
2026-05-28 15:35:49,948 [cllora.py] => Task acc: 98.2024432809773
2026-05-28 15:35:49,951 [trainer.py] => Timing Task 3 => Train 198.08s, Epochs 45, Train 4.4017s/epoch, Inference 79.98s, Images 5730, Inference 13.9584ms/image
2026-05-28 15:35:50,073 [trainer.py] => No NME accuracy.
2026-05-28 15:35:50,074 [trainer.py] => CNN: {'total': 83.53, '00-09': 91.16, '10-19': 69.27, '20-29': 88.55, '30-39': 94.96, 'old': 80.33, 'new': 94.96}
2026-05-28 15:35:50,074 [trainer.py] => CNN top1 curve: [99.52, 98.84, 86.09, 83.53]
2026-05-28 15:35:50,074 [trainer.py] => CNN top5 curve: [100.0, 99.96, 99.49, 98.73]
2026-05-28 15:35:50,074 [trainer.py] => Average Accuracy (CNN): 92.0
2026-05-28 15:35:50,076 [trainer.py] => All params: 87826218
2026-05-28 15:35:50,078 [trainer.py] => Trainable params: 276498
2026-05-28 15:35:50,081 [cllora.py] => Learning on 40-50
2026-05-28 15:42:45,720 [cllora.py] => Task 4, Epoch 45/45 => Loss 0.047, Train_accy 99.10
2026-05-28 15:46:50,308 [cllora.py] => Task correct: 80.58939552152222
2026-05-28 15:46:50,309 [cllora.py] => Task acc: 98.60772711451445
2026-05-28 15:46:50,315 [trainer.py] => Timing Task 4 => Train 432.85s, Epochs 45, Train 9.6189s/epoch, Inference 227.38s, Images 8619, Inference 26.3818ms/image
2026-05-28 15:46:50,349 [trainer.py] => No NME accuracy.
2026-05-28 15:46:50,349 [trainer.py] => CNN: {'total': 80.29, '00-09': 88.98, '10-19': 61.75, '20-29': 85.61, '30-39': 87.44, '40-49': 84.67, 'old': 78.08, 'new': 84.67}
2026-05-28 15:46:50,349 [trainer.py] => CNN top1 curve: [99.52, 98.84, 86.09, 83.53, 80.29]
2026-05-28 15:46:50,349 [trainer.py] => CNN top5 curve: [100.0, 99.96, 99.49, 98.73, 98.71]
2026-05-28 15:46:50,349 [trainer.py] => Average Accuracy (CNN): 89.65
2026-05-28 15:46:50,349 [trainer.py] => Total Train Time: 1238.58s
2026-05-28 15:46:50,349 [trainer.py] => Total Inference Time: 379.69s
2026-05-28 15:46:50,349 [trainer.py] => Average Training Time per Epoch per Incremental Task: 5.5048s
2026-05-28 15:46:50,349 [trainer.py] => Average Inference Time: 16.8735ms/image
2026-05-28 15:46:50,350 [trainer.py] => Mean Task Inference Time: 12.6240ms/image
