2026-06-11 05:53:35,252 [trainer.py] => config: ./configs/coda_prompt/coda_prompt_inr_B100_Inc5.json
2026-06-11 05:53:35,253 [trainer.py] => prefix:  
2026-06-11 05:53:35,253 [trainer.py] => dataset: imagenetr
2026-06-11 05:53:35,253 [trainer.py] => memory_size: 0
2026-06-11 05:53:35,253 [trainer.py] => memory_per_class: 0
2026-06-11 05:53:35,253 [trainer.py] => fixed_memory: False
2026-06-11 05:53:35,253 [trainer.py] => shuffle: True
2026-06-11 05:53:35,253 [trainer.py] => init_cls: 100
2026-06-11 05:53:35,253 [trainer.py] => increment: 5
2026-06-11 05:53:35,253 [trainer.py] => model_name: coda_prompt
2026-06-11 05:53:35,253 [trainer.py] => backbone_type: vit_base_patch16_224_in21k_coda_prompt
2026-06-11 05:53:35,253 [trainer.py] => device: [device(type='cuda', index=3)]
2026-06-11 05:53:35,253 [trainer.py] => seed: 42
2026-06-11 05:53:35,254 [trainer.py] => tuned_epoch: 20
2026-06-11 05:53:35,254 [trainer.py] => init_lr: 0.001
2026-06-11 05:53:35,254 [trainer.py] => batch_size: 128
2026-06-11 05:53:35,254 [trainer.py] => weight_decay: 0
2026-06-11 05:53:35,254 [trainer.py] => min_lr: 1e-05
2026-06-11 05:53:35,254 [trainer.py] => optimizer: adam
2026-06-11 05:53:35,254 [trainer.py] => scheduler: cosine
2026-06-11 05:53:35,254 [trainer.py] => reinit_optimizer: True
2026-06-11 05:53:35,254 [trainer.py] => pretrained: True
2026-06-11 05:53:35,254 [trainer.py] => drop: 0.0
2026-06-11 05:53:35,254 [trainer.py] => drop_path: 0.0
2026-06-11 05:53:35,254 [trainer.py] => prompt_param: [100, 8.0, 0.0]
2026-06-11 05:53:36,036 [data_manager.py] => [95, 15, 30, 158, 128, 115, 69, 170, 174, 45, 66, 182, 165, 78, 186, 177, 56, 152, 82, 68, 124, 16, 148, 93, 65, 60, 84, 67, 125, 132, 9, 18, 55, 75, 150, 104, 135, 137, 164, 76, 79, 197, 38, 24, 122, 195, 29, 19, 143, 86, 114, 173, 5, 126, 117, 73, 140, 98, 172, 96, 169, 97, 31, 12, 35, 119, 42, 189, 90, 136, 51, 127, 162, 41, 118, 113, 26, 139, 100, 111, 2, 77, 46, 187, 191, 85, 161, 36, 190, 61, 22, 141, 101, 33, 11, 194, 159, 6, 27, 120, 4, 32, 142, 145, 109, 144, 10, 62, 112, 146, 166, 0, 198, 153, 70, 123, 64, 44, 163, 28, 40, 108, 155, 156, 25, 23, 184, 147, 81, 39, 168, 47, 94, 154, 43, 138, 3, 105, 53, 133, 180, 178, 185, 49, 80, 34, 7, 110, 91, 83, 176, 181, 89, 8, 13, 59, 171, 131, 17, 72, 175, 134, 167, 183, 63, 54, 107, 50, 196, 58, 48, 88, 21, 57, 160, 192, 129, 37, 157, 193, 1, 52, 149, 130, 151, 103, 99, 116, 87, 74, 121, 199, 20, 188, 71, 106, 14, 92, 179, 102]
2026-06-11 05:53:58,425 [coda_prompt.py] => 89,792,456 total parameters.
2026-06-11 05:53:58,444 [coda_prompt.py] => 3,993,800 fc and prompt training parameters.
2026-06-11 05:53:58,445 [trainer.py] => All params: 89792456
2026-06-11 05:53:58,445 [trainer.py] => Trainable params: 89792456
2026-06-11 05:53:58,445 [coda_prompt.py] => Learning on 0-100
2026-06-11 10:14:23,391 [coda_prompt.py] => Task 0, Epoch 20/20 => Loss 0.412, Train_accy 89.93, Test_accy 78.51
2026-06-11 10:16:00,517 [trainer.py] => No NME accuracy.
2026-06-11 10:16:00,549 [trainer.py] => CNN: {'total': 78.51, '00-99': 78.51, 'old': 0, 'new': 78.51}
2026-06-11 10:16:00,550 [trainer.py] => CNN top1 curve: [78.51]
2026-06-11 10:16:00,550 [trainer.py] => CNN top5 curve: [91.16]
2026-06-11 10:16:00,550 [trainer.py] => Average Accuracy (CNN): 78.51
2026-06-11 10:16:00,550 [trainer.py] => All params: 89792456
2026-06-11 10:16:00,551 [trainer.py] => Trainable params: 89792456
2026-06-11 10:16:03,722 [coda_prompt.py] => Learning on 100-105
2026-06-11 10:33:35,181 [coda_prompt.py] => Task 1, Epoch 20/20 => Loss 0.098, Train_accy 95.74, Test_accy 77.12
2026-06-11 10:35:17,463 [trainer.py] => No NME accuracy.
2026-06-11 10:35:17,463 [trainer.py] => CNN: {'total': 77.12, '00-99': 78.48, '100-104': 36.7, 'old': 78.48, 'new': 36.7}
2026-06-11 10:35:17,463 [trainer.py] => CNN top1 curve: [78.51, 77.12]
2026-06-11 10:35:17,463 [trainer.py] => CNN top5 curve: [91.16, 90.7]
2026-06-11 10:35:17,464 [trainer.py] => Average Accuracy (CNN): 77.82
2026-06-11 10:35:17,464 [trainer.py] => All params: 89792456
2026-06-11 10:35:17,465 [trainer.py] => Trainable params: 89792456
2026-06-11 10:35:21,508 [coda_prompt.py] => Learning on 105-110
2026-06-11 10:52:40,891 [coda_prompt.py] => Task 2, Epoch 20/20 => Loss 0.105, Train_accy 96.55, Test_accy 76.00
2026-06-11 10:54:21,942 [trainer.py] => No NME accuracy.
2026-06-11 10:54:21,942 [trainer.py] => CNN: {'total': 76.0, '00-99': 78.51, '100-104': 37.61, '105-109': 42.24, 'old': 77.18, 'new': 42.24}
2026-06-11 10:54:21,942 [trainer.py] => CNN top1 curve: [78.51, 77.12, 76.0]
2026-06-11 10:54:21,942 [trainer.py] => CNN top5 curve: [91.16, 90.7, 90.23]
2026-06-11 10:54:21,942 [trainer.py] => Average Accuracy (CNN): 77.21
2026-06-11 10:54:21,943 [trainer.py] => All params: 89792456
2026-06-11 10:54:21,943 [trainer.py] => Trainable params: 89792456
2026-06-11 10:54:29,484 [coda_prompt.py] => Learning on 110-115
2026-06-11 11:15:48,432 [coda_prompt.py] => Task 3, Epoch 20/20 => Loss 0.063, Train_accy 98.69, Test_accy 75.30
2026-06-11 11:17:37,586 [trainer.py] => No NME accuracy.
2026-06-11 11:17:37,621 [trainer.py] => CNN: {'total': 75.3, '00-99': 78.66, '100-104': 36.7, '105-109': 42.24, '110-114': 58.33, 'old': 76.12, 'new': 58.33}
2026-06-11 11:17:37,621 [trainer.py] => CNN top1 curve: [78.51, 77.12, 76.0, 75.3]
2026-06-11 11:17:37,622 [trainer.py] => CNN top5 curve: [91.16, 90.7, 90.23, 89.94]
2026-06-11 11:17:37,622 [trainer.py] => Average Accuracy (CNN): 76.73
2026-06-11 11:17:37,622 [trainer.py] => All params: 89792456
2026-06-11 11:17:37,623 [trainer.py] => Trainable params: 89792456
2026-06-11 11:17:48,990 [coda_prompt.py] => Learning on 115-120
2026-06-11 11:37:31,469 [coda_prompt.py] => Task 4, Epoch 20/20 => Loss 0.075, Train_accy 97.11, Test_accy 74.15
2026-06-11 11:39:25,903 [trainer.py] => No NME accuracy.
2026-06-11 11:39:25,903 [trainer.py] => CNN: {'total': 74.15, '00-99': 78.73, '100-104': 37.61, '105-109': 42.24, '110-114': 58.33, '115-119': 42.55, 'old': 75.38, 'new': 42.55}
2026-06-11 11:39:25,903 [trainer.py] => CNN top1 curve: [78.51, 77.12, 76.0, 75.3, 74.15]
2026-06-11 11:39:25,903 [trainer.py] => CNN top5 curve: [91.16, 90.7, 90.23, 89.94, 89.78]
2026-06-11 11:39:25,903 [trainer.py] => Average Accuracy (CNN): 76.22
2026-06-11 11:39:25,904 [trainer.py] => All params: 89792456
2026-06-11 11:39:25,905 [trainer.py] => Trainable params: 89792456
2026-06-11 11:39:40,248 [coda_prompt.py] => Learning on 120-125
2026-06-11 11:59:11,098 [coda_prompt.py] => Task 5, Epoch 20/20 => Loss 0.144, Train_accy 95.33, Test_accy 73.10
2026-06-11 12:01:08,301 [trainer.py] => No NME accuracy.
2026-06-11 12:01:08,317 [trainer.py] => CNN: {'total': 73.1, '00-99': 78.6, '100-104': 37.61, '105-109': 42.24, '110-114': 58.33, '115-119': 41.84, '120-124': 47.41, 'old': 74.02, 'new': 47.41}
2026-06-11 12:01:08,317 [trainer.py] => CNN top1 curve: [78.51, 77.12, 76.0, 75.3, 74.15, 73.1]
2026-06-11 12:01:08,318 [trainer.py] => CNN top5 curve: [91.16, 90.7, 90.23, 89.94, 89.78, 89.03]
2026-06-11 12:01:08,318 [trainer.py] => Average Accuracy (CNN): 75.7
2026-06-11 12:01:08,318 [trainer.py] => All params: 89792456
2026-06-11 12:01:08,319 [trainer.py] => Trainable params: 89792456
2026-06-11 12:01:25,703 [coda_prompt.py] => Learning on 125-130
2026-06-11 12:18:00,157 [coda_prompt.py] => Task 6, Epoch 20/20 => Loss 0.099, Train_accy 96.75, Test_accy 71.96
2026-06-11 12:20:01,027 [trainer.py] => No NME accuracy.
2026-06-11 12:20:01,038 [trainer.py] => CNN: {'total': 71.96, '00-99': 78.57, '100-104': 37.61, '105-109': 42.24, '110-114': 57.74, '115-119': 41.84, '120-124': 47.41, '125-129': 30.39, 'old': 73.05, 'new': 30.39}
2026-06-11 12:20:01,038 [trainer.py] => CNN top1 curve: [78.51, 77.12, 76.0, 75.3, 74.15, 73.1, 71.96]
2026-06-11 12:20:01,039 [trainer.py] => CNN top5 curve: [91.16, 90.7, 90.23, 89.94, 89.78, 89.03, 88.39]
2026-06-11 12:20:01,039 [trainer.py] => Average Accuracy (CNN): 75.16
2026-06-11 12:20:01,039 [trainer.py] => All params: 89792456
2026-06-11 12:20:01,040 [trainer.py] => Trainable params: 89792456
2026-06-11 12:20:21,298 [coda_prompt.py] => Learning on 130-135
2026-06-11 12:38:16,444 [coda_prompt.py] => Task 7, Epoch 20/20 => Loss 0.096, Train_accy 97.21, Test_accy 70.76
2026-06-11 12:40:20,513 [trainer.py] => No NME accuracy.
2026-06-11 12:40:20,533 [trainer.py] => CNN: {'total': 70.76, '00-99': 78.42, '100-104': 38.53, '105-109': 42.24, '110-114': 56.55, '115-119': 41.84, '120-124': 47.41, '125-129': 30.39, '130-134': 35.29, 'old': 71.81, 'new': 35.29}
2026-06-11 12:40:20,534 [trainer.py] => CNN top1 curve: [78.51, 77.12, 76.0, 75.3, 74.15, 73.1, 71.96, 70.76]
2026-06-11 12:40:20,534 [trainer.py] => CNN top5 curve: [91.16, 90.7, 90.23, 89.94, 89.78, 89.03, 88.39, 88.14]
2026-06-11 12:40:20,534 [trainer.py] => Average Accuracy (CNN): 74.61
2026-06-11 12:40:20,534 [trainer.py] => All params: 89792456
2026-06-11 12:40:20,535 [trainer.py] => Trainable params: 89792456
2026-06-11 12:40:42,809 [coda_prompt.py] => Learning on 135-140
2026-06-11 13:00:13,327 [coda_prompt.py] => Task 8, Epoch 20/20 => Loss 0.150, Train_accy 93.85, Test_accy 68.96
2026-06-11 13:02:20,564 [trainer.py] => No NME accuracy.
2026-06-11 13:02:20,600 [trainer.py] => CNN: {'total': 68.96, '00-99': 78.39, '100-104': 38.53, '105-109': 42.24, '110-114': 57.14, '115-119': 43.26, '120-124': 47.41, '125-129': 30.39, '130-134': 35.29, '135-139': 20.89, 'old': 70.81, 'new': 20.89}
2026-06-11 13:02:20,600 [trainer.py] => CNN top1 curve: [78.51, 77.12, 76.0, 75.3, 74.15, 73.1, 71.96, 70.76, 68.96]
2026-06-11 13:02:20,600 [trainer.py] => CNN top5 curve: [91.16, 90.7, 90.23, 89.94, 89.78, 89.03, 88.39, 88.14, 87.51]
2026-06-11 13:02:20,600 [trainer.py] => Average Accuracy (CNN): 73.98
2026-06-11 13:02:20,601 [trainer.py] => All params: 89792456
2026-06-11 13:02:20,602 [trainer.py] => Trainable params: 89792456
2026-06-11 13:02:46,113 [coda_prompt.py] => Learning on 140-145
2026-06-11 13:26:42,373 [coda_prompt.py] => Task 9, Epoch 20/20 => Loss 0.102, Train_accy 96.83, Test_accy 68.03
2026-06-11 13:28:56,055 [trainer.py] => No NME accuracy.
2026-06-11 13:28:56,076 [trainer.py] => CNN: {'total': 68.03, '00-99': 78.39, '100-104': 37.61, '105-109': 42.24, '110-114': 57.14, '115-119': 43.26, '120-124': 46.67, '125-129': 30.39, '130-134': 34.45, '135-139': 20.89, '140-144': 45.0, 'old': 68.89, 'new': 45.0}
2026-06-11 13:28:56,076 [trainer.py] => CNN top1 curve: [78.51, 77.12, 76.0, 75.3, 74.15, 73.1, 71.96, 70.76, 68.96, 68.03]
2026-06-11 13:28:56,076 [trainer.py] => CNN top5 curve: [91.16, 90.7, 90.23, 89.94, 89.78, 89.03, 88.39, 88.14, 87.51, 87.1]
2026-06-11 13:28:56,077 [trainer.py] => Average Accuracy (CNN): 73.39
2026-06-11 13:28:56,077 [trainer.py] => All params: 89792456
2026-06-11 13:28:56,078 [trainer.py] => Trainable params: 89792456
2026-06-11 13:29:24,386 [coda_prompt.py] => Learning on 145-150
2026-06-11 13:48:18,252 [coda_prompt.py] => Task 10, Epoch 20/20 => Loss 0.093, Train_accy 97.60, Test_accy 67.03
2026-06-11 13:50:36,660 [trainer.py] => No NME accuracy.
2026-06-11 13:50:36,702 [trainer.py] => CNN: {'total': 67.03, '00-99': 78.32, '100-104': 38.53, '105-109': 42.24, '110-114': 57.14, '115-119': 43.26, '120-124': 47.41, '125-129': 30.39, '130-134': 34.45, '135-139': 20.89, '140-144': 45.62, '145-149': 28.21, 'old': 68.05, 'new': 28.21}
2026-06-11 13:50:36,702 [trainer.py] => CNN top1 curve: [78.51, 77.12, 76.0, 75.3, 74.15, 73.1, 71.96, 70.76, 68.96, 68.03, 67.03]
2026-06-11 13:50:36,702 [trainer.py] => CNN top5 curve: [91.16, 90.7, 90.23, 89.94, 89.78, 89.03, 88.39, 88.14, 87.51, 87.1, 86.64]
2026-06-11 13:50:36,702 [trainer.py] => Average Accuracy (CNN): 72.81
2026-06-11 13:50:36,703 [trainer.py] => All params: 89792456
2026-06-11 13:50:36,703 [trainer.py] => Trainable params: 89792456
2026-06-11 13:51:06,392 [coda_prompt.py] => Learning on 150-155
2026-06-11 14:13:56,767 [coda_prompt.py] => Task 11, Epoch 20/20 => Loss 0.083, Train_accy 97.70, Test_accy 66.53
2026-06-11 14:16:18,865 [trainer.py] => No NME accuracy.
2026-06-11 14:16:18,904 [trainer.py] => CNN: {'total': 66.53, '00-99': 78.42, '100-104': 35.78, '105-109': 42.24, '110-114': 57.14, '115-119': 42.55, '120-124': 47.41, '125-129': 30.39, '130-134': 35.29, '135-139': 20.89, '140-144': 45.62, '145-149': 28.21, '150-154': 50.69, 'old': 67.03, 'new': 50.69}
2026-06-11 14:16:18,904 [trainer.py] => CNN top1 curve: [78.51, 77.12, 76.0, 75.3, 74.15, 73.1, 71.96, 70.76, 68.96, 68.03, 67.03, 66.53]
2026-06-11 14:16:18,904 [trainer.py] => CNN top5 curve: [91.16, 90.7, 90.23, 89.94, 89.78, 89.03, 88.39, 88.14, 87.51, 87.1, 86.64, 86.37]
2026-06-11 14:16:18,904 [trainer.py] => Average Accuracy (CNN): 72.29
2026-06-11 14:16:18,904 [trainer.py] => All params: 89792456
2026-06-11 14:16:18,905 [trainer.py] => Trainable params: 89792456
2026-06-11 14:16:53,271 [coda_prompt.py] => Learning on 155-160
2026-06-11 14:39:33,811 [coda_prompt.py] => Task 12, Epoch 20/20 => Loss 0.135, Train_accy 95.72, Test_accy 66.28
2026-06-11 14:42:00,208 [trainer.py] => No NME accuracy.
2026-06-11 14:42:00,252 [trainer.py] => CNN: {'total': 66.28, '00-99': 78.39, '100-104': 35.78, '105-109': 42.24, '110-114': 56.55, '115-119': 43.26, '120-124': 47.41, '125-129': 31.37, '130-134': 35.29, '135-139': 20.89, '140-144': 45.62, '145-149': 27.35, '150-154': 50.69, '155-159': 59.49, 'old': 66.51, 'new': 59.49}
2026-06-11 14:42:00,252 [trainer.py] => CNN top1 curve: [78.51, 77.12, 76.0, 75.3, 74.15, 73.1, 71.96, 70.76, 68.96, 68.03, 67.03, 66.53, 66.28]
2026-06-11 14:42:00,252 [trainer.py] => CNN top5 curve: [91.16, 90.7, 90.23, 89.94, 89.78, 89.03, 88.39, 88.14, 87.51, 87.1, 86.64, 86.37, 86.26]
2026-06-11 14:42:00,252 [trainer.py] => Average Accuracy (CNN): 71.83
2026-06-11 14:42:00,253 [trainer.py] => All params: 89792456
2026-06-11 14:42:00,254 [trainer.py] => Trainable params: 89792456
2026-06-11 14:42:36,706 [coda_prompt.py] => Learning on 160-165
2026-06-11 15:09:33,265 [coda_prompt.py] => Task 13, Epoch 20/20 => Loss 0.127, Train_accy 95.71, Test_accy 65.47
2026-06-11 15:12:04,552 [trainer.py] => No NME accuracy.
2026-06-11 15:12:04,562 [trainer.py] => CNN: {'total': 65.47, '00-99': 78.57, '100-104': 34.86, '105-109': 43.1, '110-114': 57.14, '115-119': 43.26, '120-124': 47.41, '125-129': 32.35, '130-134': 36.13, '135-139': 21.52, '140-144': 45.62, '145-149': 27.35, '150-154': 50.0, '155-159': 58.23, '160-164': 40.22, 'old': 66.43, 'new': 40.22}
2026-06-11 15:12:04,562 [trainer.py] => CNN top1 curve: [78.51, 77.12, 76.0, 75.3, 74.15, 73.1, 71.96, 70.76, 68.96, 68.03, 67.03, 66.53, 66.28, 65.47]
2026-06-11 15:12:04,562 [trainer.py] => CNN top5 curve: [91.16, 90.7, 90.23, 89.94, 89.78, 89.03, 88.39, 88.14, 87.51, 87.1, 86.64, 86.37, 86.26, 86.05]
2026-06-11 15:12:04,562 [trainer.py] => Average Accuracy (CNN): 71.37
2026-06-11 15:12:04,563 [trainer.py] => All params: 89792456
2026-06-11 15:12:04,563 [trainer.py] => Trainable params: 89792456
2026-06-11 15:12:42,751 [coda_prompt.py] => Learning on 165-170
2026-06-11 15:32:56,869 [coda_prompt.py] => Task 14, Epoch 20/20 => Loss 0.090, Train_accy 97.00, Test_accy 64.76
2026-06-11 15:35:33,862 [trainer.py] => No NME accuracy.
2026-06-11 15:35:33,898 [trainer.py] => CNN: {'total': 64.76, '00-99': 78.54, '100-104': 33.94, '105-109': 43.1, '110-114': 57.14, '115-119': 42.55, '120-124': 46.67, '125-129': 31.37, '130-134': 35.29, '135-139': 20.89, '140-144': 45.0, '145-149': 26.5, '150-154': 49.31, '155-159': 60.13, '160-164': 39.67, '165-169': 40.35, 'old': 65.31, 'new': 40.35}
2026-06-11 15:35:33,898 [trainer.py] => CNN top1 curve: [78.51, 77.12, 76.0, 75.3, 74.15, 73.1, 71.96, 70.76, 68.96, 68.03, 67.03, 66.53, 66.28, 65.47, 64.76]
2026-06-11 15:35:33,898 [trainer.py] => CNN top5 curve: [91.16, 90.7, 90.23, 89.94, 89.78, 89.03, 88.39, 88.14, 87.51, 87.1, 86.64, 86.37, 86.26, 86.05, 85.58]
2026-06-11 15:35:33,898 [trainer.py] => Average Accuracy (CNN): 70.93
2026-06-11 15:35:33,899 [trainer.py] => All params: 89792456
2026-06-11 15:35:33,899 [trainer.py] => Trainable params: 89792456
2026-06-11 15:36:15,623 [coda_prompt.py] => Learning on 170-175
2026-06-11 16:03:52,619 [coda_prompt.py] => Task 15, Epoch 20/20 => Loss 0.088, Train_accy 97.40, Test_accy 63.72
2026-06-11 16:06:34,771 [trainer.py] => No NME accuracy.
2026-06-11 16:06:34,797 [trainer.py] => CNN: {'total': 63.72, '00-99': 78.73, '100-104': 33.94, '105-109': 43.97, '110-114': 55.95, '115-119': 43.26, '120-124': 45.19, '125-129': 32.35, '130-134': 34.45, '135-139': 20.89, '140-144': 46.25, '145-149': 24.79, '150-154': 47.92, '155-159': 59.49, '160-164': 39.13, '165-169': 40.35, '170-174': 39.37, 'old': 64.76, 'new': 39.37}
2026-06-11 16:06:34,797 [trainer.py] => CNN top1 curve: [78.51, 77.12, 76.0, 75.3, 74.15, 73.1, 71.96, 70.76, 68.96, 68.03, 67.03, 66.53, 66.28, 65.47, 64.76, 63.72]
2026-06-11 16:06:34,797 [trainer.py] => CNN top5 curve: [91.16, 90.7, 90.23, 89.94, 89.78, 89.03, 88.39, 88.14, 87.51, 87.1, 86.64, 86.37, 86.26, 86.05, 85.58, 85.56]
2026-06-11 16:06:34,797 [trainer.py] => Average Accuracy (CNN): 70.48
2026-06-11 16:06:34,798 [trainer.py] => All params: 89792456
2026-06-11 16:06:34,799 [trainer.py] => Trainable params: 89792456
2026-06-11 16:07:22,230 [coda_prompt.py] => Learning on 175-180
2026-06-11 16:27:04,367 [coda_prompt.py] => Task 16, Epoch 20/20 => Loss 0.115, Train_accy 94.79, Test_accy 62.97
2026-06-11 16:29:48,039 [trainer.py] => No NME accuracy.
2026-06-11 16:29:48,068 [trainer.py] => CNN: {'total': 62.97, '00-99': 78.76, '100-104': 33.03, '105-109': 43.1, '110-114': 55.95, '115-119': 42.55, '120-124': 45.19, '125-129': 32.35, '130-134': 34.45, '135-139': 20.25, '140-144': 46.25, '145-149': 24.79, '150-154': 47.92, '155-159': 58.23, '160-164': 39.13, '165-169': 40.35, '170-174': 39.37, '175-179': 26.04, 'old': 63.62, 'new': 26.04}
2026-06-11 16:29:48,068 [trainer.py] => CNN top1 curve: [78.51, 77.12, 76.0, 75.3, 74.15, 73.1, 71.96, 70.76, 68.96, 68.03, 67.03, 66.53, 66.28, 65.47, 64.76, 63.72, 62.97]
2026-06-11 16:29:48,068 [trainer.py] => CNN top5 curve: [91.16, 90.7, 90.23, 89.94, 89.78, 89.03, 88.39, 88.14, 87.51, 87.1, 86.64, 86.37, 86.26, 86.05, 85.58, 85.56, 85.14]
2026-06-11 16:29:48,068 [trainer.py] => Average Accuracy (CNN): 70.04
2026-06-11 16:29:48,069 [trainer.py] => All params: 89792456
2026-06-11 16:29:48,070 [trainer.py] => Trainable params: 89792456
2026-06-11 16:30:34,587 [coda_prompt.py] => Learning on 180-185
2026-06-11 16:51:17,407 [coda_prompt.py] => Task 17, Epoch 20/20 => Loss 0.091, Train_accy 96.06, Test_accy 61.99
2026-06-11 16:54:04,849 [trainer.py] => No NME accuracy.
2026-06-11 16:54:04,882 [trainer.py] => CNN: {'total': 61.99, '00-99': 78.82, '100-104': 33.03, '105-109': 43.1, '110-114': 55.36, '115-119': 42.55, '120-124': 45.19, '125-129': 33.33, '130-134': 34.45, '135-139': 20.89, '140-144': 45.62, '145-149': 24.79, '150-154': 47.92, '155-159': 58.23, '160-164': 38.59, '165-169': 40.35, '170-174': 39.82, '175-179': 26.04, '180-184': 15.25, 'old': 63.0, 'new': 15.25}
2026-06-11 16:54:04,882 [trainer.py] => CNN top1 curve: [78.51, 77.12, 76.0, 75.3, 74.15, 73.1, 71.96, 70.76, 68.96, 68.03, 67.03, 66.53, 66.28, 65.47, 64.76, 63.72, 62.97, 61.99]
2026-06-11 16:54:04,882 [trainer.py] => CNN top5 curve: [91.16, 90.7, 90.23, 89.94, 89.78, 89.03, 88.39, 88.14, 87.51, 87.1, 86.64, 86.37, 86.26, 86.05, 85.58, 85.56, 85.14, 84.68]
2026-06-11 16:54:04,882 [trainer.py] => Average Accuracy (CNN): 69.59
2026-06-11 16:54:04,883 [trainer.py] => All params: 89792456
2026-06-11 16:54:04,884 [trainer.py] => Trainable params: 89792456
2026-06-11 16:54:55,565 [coda_prompt.py] => Learning on 185-190
2026-06-11 17:18:48,058 [coda_prompt.py] => Task 18, Epoch 20/20 => Loss 0.086, Train_accy 97.27, Test_accy 61.41
2026-06-11 17:21:36,590 [trainer.py] => No NME accuracy.
2026-06-11 17:21:36,624 [trainer.py] => CNN: {'total': 61.41, '00-99': 78.85, '100-104': 33.94, '105-109': 43.97, '110-114': 55.36, '115-119': 41.84, '120-124': 45.19, '125-129': 33.33, '130-134': 35.29, '135-139': 20.89, '140-144': 46.25, '145-149': 24.79, '150-154': 47.92, '155-159': 58.86, '160-164': 39.13, '165-169': 41.23, '170-174': 39.37, '175-179': 27.08, '180-184': 15.25, '185-189': 27.97, 'old': 62.12, 'new': 27.97}
2026-06-11 17:21:36,624 [trainer.py] => CNN top1 curve: [78.51, 77.12, 76.0, 75.3, 74.15, 73.1, 71.96, 70.76, 68.96, 68.03, 67.03, 66.53, 66.28, 65.47, 64.76, 63.72, 62.97, 61.99, 61.41]
2026-06-11 17:21:36,625 [trainer.py] => CNN top5 curve: [91.16, 90.7, 90.23, 89.94, 89.78, 89.03, 88.39, 88.14, 87.51, 87.1, 86.64, 86.37, 86.26, 86.05, 85.58, 85.56, 85.14, 84.68, 84.59]
2026-06-11 17:21:36,625 [trainer.py] => Average Accuracy (CNN): 69.16
2026-06-11 17:21:36,626 [trainer.py] => All params: 89792456
2026-06-11 17:21:36,626 [trainer.py] => Trainable params: 89792456
2026-06-11 17:22:28,518 [coda_prompt.py] => Learning on 190-195
2026-06-11 17:49:10,050 [coda_prompt.py] => Task 19, Epoch 20/20 => Loss 0.118, Train_accy 97.27, Test_accy 60.62
2026-06-11 17:52:07,385 [trainer.py] => No NME accuracy.
2026-06-11 17:52:07,421 [trainer.py] => CNN: {'total': 60.62, '00-99': 78.79, '100-104': 33.94, '105-109': 43.97, '110-114': 55.95, '115-119': 42.55, '120-124': 45.19, '125-129': 34.31, '130-134': 36.13, '135-139': 20.89, '140-144': 46.88, '145-149': 24.79, '150-154': 47.92, '155-159': 59.49, '160-164': 39.13, '165-169': 41.23, '170-174': 39.37, '175-179': 27.08, '180-184': 14.41, '185-189': 27.97, '190-194': 33.89, 'old': 61.47, 'new': 33.89}
2026-06-11 17:52:07,422 [trainer.py] => CNN top1 curve: [78.51, 77.12, 76.0, 75.3, 74.15, 73.1, 71.96, 70.76, 68.96, 68.03, 67.03, 66.53, 66.28, 65.47, 64.76, 63.72, 62.97, 61.99, 61.41, 60.62]
2026-06-11 17:52:07,422 [trainer.py] => CNN top5 curve: [91.16, 90.7, 90.23, 89.94, 89.78, 89.03, 88.39, 88.14, 87.51, 87.1, 86.64, 86.37, 86.26, 86.05, 85.58, 85.56, 85.14, 84.68, 84.59, 83.96]
2026-06-11 17:52:07,422 [trainer.py] => Average Accuracy (CNN): 68.73
2026-06-11 17:52:07,422 [trainer.py] => All params: 89792456
2026-06-11 17:52:07,423 [trainer.py] => Trainable params: 89792456
2026-06-11 17:53:02,618 [coda_prompt.py] => Learning on 195-200
2026-06-11 18:14:40,289 [coda_prompt.py] => Task 20, Epoch 20/20 => Loss 0.174, Train_accy 93.78, Test_accy 59.98
2026-06-11 18:17:40,768 [trainer.py] => No NME accuracy.
2026-06-11 18:17:40,795 [trainer.py] => CNN: {'total': 59.98, '00-99': 78.76, '100-104': 33.94, '105-109': 43.97, '110-114': 55.95, '115-119': 43.26, '120-124': 45.19, '125-129': 33.33, '130-134': 36.13, '135-139': 20.89, '140-144': 46.88, '145-149': 24.79, '150-154': 47.22, '155-159': 58.86, '160-164': 39.13, '165-169': 41.23, '170-174': 38.91, '175-179': 27.08, '180-184': 14.41, '185-189': 27.97, '190-194': 33.89, '195-199': 28.7, 'old': 60.56, 'new': 28.7}
2026-06-11 18:17:40,795 [trainer.py] => CNN top1 curve: [78.51, 77.12, 76.0, 75.3, 74.15, 73.1, 71.96, 70.76, 68.96, 68.03, 67.03, 66.53, 66.28, 65.47, 64.76, 63.72, 62.97, 61.99, 61.41, 60.62, 59.98]
2026-06-11 18:17:40,795 [trainer.py] => CNN top5 curve: [91.16, 90.7, 90.23, 89.94, 89.78, 89.03, 88.39, 88.14, 87.51, 87.1, 86.64, 86.37, 86.26, 86.05, 85.58, 85.56, 85.14, 84.68, 84.59, 83.96, 83.58]
2026-06-11 18:17:40,796 [trainer.py] => Average Accuracy (CNN): 68.32
