2026-06-15 18:51:17,850 [trainer.py] => config: ./configs/coda_prompt/coda_prompt_ina_B0_Inc10.json
2026-06-15 18:51:17,850 [trainer.py] => prefix:  
2026-06-15 18:51:17,850 [trainer.py] => dataset: imageneta
2026-06-15 18:51:17,850 [trainer.py] => memory_size: 0
2026-06-15 18:51:17,850 [trainer.py] => memory_per_class: 0
2026-06-15 18:51:17,851 [trainer.py] => fixed_memory: False
2026-06-15 18:51:17,851 [trainer.py] => shuffle: True
2026-06-15 18:51:17,851 [trainer.py] => init_cls: 10
2026-06-15 18:51:17,851 [trainer.py] => increment: 10
2026-06-15 18:51:17,851 [trainer.py] => model_name: coda_prompt
2026-06-15 18:51:17,851 [trainer.py] => backbone_type: vit_base_patch16_224_in21k_coda_prompt
2026-06-15 18:51:17,851 [trainer.py] => device: [device(type='cuda', index=3)]
2026-06-15 18:51:17,851 [trainer.py] => seed: 1993
2026-06-15 18:51:17,851 [trainer.py] => tuned_epoch: 20
2026-06-15 18:51:17,852 [trainer.py] => init_lr: 0.001
2026-06-15 18:51:17,852 [trainer.py] => batch_size: 128
2026-06-15 18:51:17,853 [trainer.py] => weight_decay: 0
2026-06-15 18:51:17,853 [trainer.py] => min_lr: 1e-05
2026-06-15 18:51:17,853 [trainer.py] => optimizer: adam
2026-06-15 18:51:17,853 [trainer.py] => scheduler: cosine
2026-06-15 18:51:17,853 [trainer.py] => reinit_optimizer: True
2026-06-15 18:51:17,854 [trainer.py] => pretrained: True
2026-06-15 18:51:17,854 [trainer.py] => drop: 0.0
2026-06-15 18:51:17,854 [trainer.py] => drop_path: 0.0
2026-06-15 18:51:17,854 [trainer.py] => prompt_param: [100, 8.0, 0.0]
2026-06-15 18:51:17,854 [trainer.py] => nb_classes: 200
2026-06-15 18:51:17,854 [trainer.py] => nb_tasks: 20
2026-06-15 18:51:18,674 [data_manager.py] => [168, 136, 51, 9, 183, 101, 171, 99, 42, 159, 191, 70, 16, 188, 27, 10, 175, 26, 68, 187, 98, 6, 85, 35, 112, 43, 100, 0, 103, 181, 88, 59, 4, 2, 116, 174, 94, 80, 106, 1, 147, 17, 141, 131, 72, 23, 173, 54, 197, 118, 87, 32, 79, 104, 91, 19, 135, 107, 178, 36, 11, 199, 142, 8, 122, 3, 28, 57, 153, 172, 190, 56, 49, 44, 97, 62, 151, 169, 194, 55, 192, 12, 189, 78, 66, 180, 15, 137, 109, 134, 92, 119, 126, 52, 170, 40, 148, 65, 144, 64, 138, 45, 77, 89, 154, 90, 71, 193, 74, 30, 113, 143, 96, 84, 67, 50, 186, 156, 69, 21, 18, 111, 108, 58, 125, 157, 150, 110, 182, 129, 166, 83, 81, 60, 13, 165, 14, 176, 63, 117, 5, 22, 145, 121, 38, 41, 82, 127, 114, 20, 31, 53, 37, 163, 196, 130, 152, 162, 86, 76, 24, 34, 184, 149, 33, 128, 198, 155, 146, 167, 139, 120, 140, 102, 47, 25, 158, 123, 46, 164, 61, 7, 115, 75, 133, 160, 105, 132, 179, 124, 48, 73, 93, 39, 95, 195, 29, 177, 185, 161]
2026-06-15 18:51:22,793 [coda_prompt.py] => 89,792,456 total parameters.
2026-06-15 18:51:22,800 [coda_prompt.py] => 3,993,800 fc and prompt training parameters.
2026-06-15 18:51:22,801 [trainer.py] => All params: 89792456
2026-06-15 18:51:22,802 [trainer.py] => Trainable params: 89792456
2026-06-15 18:51:22,802 [coda_prompt.py] => Learning on 0-10
2026-06-15 18:56:38,708 [coda_prompt.py] => Task 0, Epoch 20/20 => Loss 0.243, Train_accy 94.68, Test_accy 76.62
2026-06-15 18:56:41,550 [trainer.py] => No NME accuracy.
2026-06-15 18:56:41,551 [trainer.py] => CNN: {'total': 76.62, '00-09': 76.62, 'old': 0, 'new': 76.62}
2026-06-15 18:56:41,552 [trainer.py] => CNN top1 curve: [76.62]
2026-06-15 18:56:41,552 [trainer.py] => CNN top5 curve: [93.51]
2026-06-15 18:56:41,552 [trainer.py] => Average Accuracy (CNN): 76.62
2026-06-15 18:56:41,554 [trainer.py] => All params: 89792456
2026-06-15 18:56:41,556 [trainer.py] => Trainable params: 89792456
2026-06-15 18:56:45,286 [coda_prompt.py] => Learning on 10-20
2026-06-15 19:03:23,400 [coda_prompt.py] => Task 1, Epoch 20/20 => Loss 0.179, Train_accy 94.31, Test_accy 67.43
2026-06-15 19:03:28,360 [trainer.py] => No NME accuracy.
2026-06-15 19:03:28,362 [trainer.py] => CNN: {'total': 67.43, '00-09': 49.35, '10-19': 81.63, 'old': 49.35, 'new': 81.63}
2026-06-15 19:03:28,362 [trainer.py] => CNN top1 curve: [76.62, 67.43]
2026-06-15 19:03:28,362 [trainer.py] => CNN top5 curve: [93.51, 89.71]
2026-06-15 19:03:28,362 [trainer.py] => Average Accuracy (CNN): 72.03
2026-06-15 19:03:28,363 [trainer.py] => All params: 89792456
2026-06-15 19:03:28,363 [trainer.py] => Trainable params: 89792456
2026-06-15 19:03:33,814 [coda_prompt.py] => Learning on 20-30
2026-06-15 19:09:57,600 [coda_prompt.py] => Task 2, Epoch 20/20 => Loss 0.288, Train_accy 93.11, Test_accy 62.41
2026-06-15 19:10:06,825 [trainer.py] => No NME accuracy.
2026-06-15 19:10:06,826 [trainer.py] => CNN: {'total': 62.41, '00-09': 42.86, '10-19': 73.47, '20-29': 66.67, 'old': 60.0, 'new': 66.67}
2026-06-15 19:10:06,826 [trainer.py] => CNN top1 curve: [76.62, 67.43, 62.41]
2026-06-15 19:10:06,826 [trainer.py] => CNN top5 curve: [93.51, 89.71, 89.78]
2026-06-15 19:10:06,827 [trainer.py] => Average Accuracy (CNN): 68.82
2026-06-15 19:10:06,827 [trainer.py] => All params: 89792456
2026-06-15 19:10:06,828 [trainer.py] => Trainable params: 89792456
2026-06-15 19:10:15,314 [coda_prompt.py] => Learning on 30-40
2026-06-15 19:17:21,949 [coda_prompt.py] => Task 3, Epoch 20/20 => Loss 0.276, Train_accy 89.58, Test_accy 61.67
2026-06-15 19:17:31,056 [trainer.py] => No NME accuracy.
2026-06-15 19:17:31,058 [trainer.py] => CNN: {'total': 61.67, '00-09': 42.86, '10-19': 72.45, '20-29': 64.65, '30-39': 62.79, 'old': 61.31, 'new': 62.79}
2026-06-15 19:17:31,058 [trainer.py] => CNN top1 curve: [76.62, 67.43, 62.41, 61.67]
2026-06-15 19:17:31,059 [trainer.py] => CNN top5 curve: [93.51, 89.71, 89.78, 86.94]
2026-06-15 19:17:31,060 [trainer.py] => Average Accuracy (CNN): 67.03
2026-06-15 19:17:31,062 [trainer.py] => All params: 89792456
2026-06-15 19:17:31,064 [trainer.py] => Trainable params: 89792456
2026-06-15 19:17:42,906 [coda_prompt.py] => Learning on 40-50
2026-06-15 19:22:35,860 [coda_prompt.py] => Task 4, Epoch 20/20 => Loss 0.297, Train_accy 93.36, Test_accy 56.84
2026-06-15 19:22:46,426 [trainer.py] => No NME accuracy.
2026-06-15 19:22:46,428 [trainer.py] => CNN: {'total': 56.84, '00-09': 41.56, '10-19': 69.39, '20-29': 62.63, '30-39': 58.14, '40-49': 45.31, 'old': 58.89, 'new': 45.31}
2026-06-15 19:22:46,428 [trainer.py] => CNN top1 curve: [76.62, 67.43, 62.41, 61.67, 56.84]
2026-06-15 19:22:46,428 [trainer.py] => CNN top5 curve: [93.51, 89.71, 89.78, 86.94, 84.91]
2026-06-15 19:22:46,429 [trainer.py] => Average Accuracy (CNN): 64.99
2026-06-15 19:22:46,431 [trainer.py] => All params: 89792456
2026-06-15 19:22:46,433 [trainer.py] => Trainable params: 89792456
2026-06-15 19:23:00,548 [coda_prompt.py] => Learning on 50-60
2026-06-15 19:27:29,229 [coda_prompt.py] => Task 5, Epoch 20/20 => Loss 0.189, Train_accy 97.08, Test_accy 54.83
2026-06-15 19:27:40,625 [trainer.py] => No NME accuracy.
2026-06-15 19:27:40,626 [trainer.py] => CNN: {'total': 54.83, '00-09': 41.56, '10-19': 67.35, '20-29': 60.61, '30-39': 58.14, '40-49': 45.31, '50-59': 46.15, 'old': 55.9, 'new': 46.15}
2026-06-15 19:27:40,626 [trainer.py] => CNN top1 curve: [76.62, 67.43, 62.41, 61.67, 56.84, 54.83]
2026-06-15 19:27:40,626 [trainer.py] => CNN top5 curve: [93.51, 89.71, 89.78, 86.94, 84.91, 82.98]
2026-06-15 19:27:40,626 [trainer.py] => Average Accuracy (CNN): 63.3
2026-06-15 19:27:40,627 [trainer.py] => All params: 89792456
2026-06-15 19:27:40,627 [trainer.py] => Trainable params: 89792456
2026-06-15 19:27:58,778 [coda_prompt.py] => Learning on 60-70
2026-06-15 19:36:03,027 [coda_prompt.py] => Task 6, Epoch 20/20 => Loss 0.177, Train_accy 95.41, Test_accy 53.65
2026-06-15 19:36:17,507 [trainer.py] => No NME accuracy.
2026-06-15 19:36:17,530 [trainer.py] => CNN: {'total': 53.65, '00-09': 40.26, '10-19': 65.31, '20-29': 56.57, '30-39': 48.84, '40-49': 39.06, '50-59': 42.31, '60-69': 65.87, 'old': 50.42, 'new': 65.87}
2026-06-15 19:36:17,531 [trainer.py] => CNN top1 curve: [76.62, 67.43, 62.41, 61.67, 56.84, 54.83, 53.65]
2026-06-15 19:36:17,531 [trainer.py] => CNN top5 curve: [93.51, 89.71, 89.78, 86.94, 84.91, 82.98, 81.73]
2026-06-15 19:36:17,531 [trainer.py] => Average Accuracy (CNN): 61.92
2026-06-15 19:36:17,533 [trainer.py] => All params: 89792456
2026-06-15 19:36:17,534 [trainer.py] => Trainable params: 89792456
2026-06-15 19:36:37,382 [coda_prompt.py] => Learning on 70-80
2026-06-15 19:42:54,125 [coda_prompt.py] => Task 7, Epoch 20/20 => Loss 0.221, Train_accy 93.39, Test_accy 51.86
2026-06-15 19:43:08,807 [trainer.py] => No NME accuracy.
2026-06-15 19:43:08,808 [trainer.py] => CNN: {'total': 51.86, '00-09': 37.66, '10-19': 61.22, '20-29': 52.53, '30-39': 47.67, '40-49': 35.94, '50-59': 44.23, '60-69': 64.29, '70-79': 55.21, 'old': 51.33, 'new': 55.21}
2026-06-15 19:43:08,808 [trainer.py] => CNN top1 curve: [76.62, 67.43, 62.41, 61.67, 56.84, 54.83, 53.65, 51.86]
2026-06-15 19:43:08,808 [trainer.py] => CNN top5 curve: [93.51, 89.71, 89.78, 86.94, 84.91, 82.98, 81.73, 80.23]
2026-06-15 19:43:08,808 [trainer.py] => Average Accuracy (CNN): 60.66
2026-06-15 19:43:08,810 [trainer.py] => All params: 89792456
2026-06-15 19:43:08,811 [trainer.py] => Trainable params: 89792456
2026-06-15 19:43:29,884 [coda_prompt.py] => Learning on 80-90
2026-06-15 19:49:00,536 [coda_prompt.py] => Task 8, Epoch 20/20 => Loss 0.147, Train_accy 97.92, Test_accy 49.29
2026-06-15 19:49:16,842 [trainer.py] => No NME accuracy.
2026-06-15 19:49:16,872 [trainer.py] => CNN: {'total': 49.29, '00-09': 35.06, '10-19': 57.14, '20-29': 52.53, '30-39': 43.02, '40-49': 32.81, '50-59': 44.23, '60-69': 58.73, '70-79': 54.17, '80-89': 51.85, 'old': 49.0, 'new': 51.85}
2026-06-15 19:49:16,873 [trainer.py] => CNN top1 curve: [76.62, 67.43, 62.41, 61.67, 56.84, 54.83, 53.65, 51.86, 49.29]
2026-06-15 19:49:16,873 [trainer.py] => CNN top5 curve: [93.51, 89.71, 89.78, 86.94, 84.91, 82.98, 81.73, 80.23, 77.66]
2026-06-15 19:49:16,873 [trainer.py] => Average Accuracy (CNN): 59.4
2026-06-15 19:49:16,874 [trainer.py] => All params: 89792456
2026-06-15 19:49:16,874 [trainer.py] => Trainable params: 89792456
2026-06-15 19:49:37,710 [coda_prompt.py] => Learning on 90-100
2026-06-15 19:54:23,024 [coda_prompt.py] => Task 9, Epoch 20/20 => Loss 0.238, Train_accy 94.89, Test_accy 47.09
2026-06-15 19:54:42,092 [trainer.py] => No NME accuracy.
2026-06-15 19:54:42,126 [trainer.py] => CNN: {'total': 47.09, '00-09': 31.17, '10-19': 56.12, '20-29': 52.53, '30-39': 43.02, '40-49': 31.25, '50-59': 44.23, '60-69': 58.73, '70-79': 53.12, '80-89': 51.85, '90-99': 29.03, 'old': 48.52, 'new': 29.03}
2026-06-15 19:54:42,127 [trainer.py] => CNN top1 curve: [76.62, 67.43, 62.41, 61.67, 56.84, 54.83, 53.65, 51.86, 49.29, 47.09]
2026-06-15 19:54:42,127 [trainer.py] => CNN top5 curve: [93.51, 89.71, 89.78, 86.94, 84.91, 82.98, 81.73, 80.23, 77.66, 75.15]
2026-06-15 19:54:42,128 [trainer.py] => Average Accuracy (CNN): 58.17
2026-06-15 19:54:42,130 [trainer.py] => All params: 89792456
2026-06-15 19:54:42,132 [trainer.py] => Trainable params: 89792456
2026-06-15 19:55:02,976 [coda_prompt.py] => Learning on 100-110
2026-06-15 20:00:11,019 [coda_prompt.py] => Task 10, Epoch 20/20 => Loss 0.195, Train_accy 94.69, Test_accy 45.62
2026-06-15 20:00:32,444 [trainer.py] => No NME accuracy.
2026-06-15 20:00:32,479 [trainer.py] => CNN: {'total': 45.62, '00-09': 31.17, '10-19': 55.1, '20-29': 51.52, '30-39': 43.02, '40-49': 28.12, '50-59': 42.31, '60-69': 58.73, '70-79': 51.04, '80-89': 51.85, '90-99': 29.03, '100-109': 36.67, 'old': 46.25, 'new': 36.67}
2026-06-15 20:00:32,479 [trainer.py] => CNN top1 curve: [76.62, 67.43, 62.41, 61.67, 56.84, 54.83, 53.65, 51.86, 49.29, 47.09, 45.62]
2026-06-15 20:00:32,479 [trainer.py] => CNN top5 curve: [93.51, 89.71, 89.78, 86.94, 84.91, 82.98, 81.73, 80.23, 77.66, 75.15, 73.92]
2026-06-15 20:00:32,479 [trainer.py] => Average Accuracy (CNN): 57.03
2026-06-15 20:00:32,480 [trainer.py] => All params: 89792456
2026-06-15 20:00:32,481 [trainer.py] => Trainable params: 89792456
2026-06-15 20:01:03,318 [coda_prompt.py] => Learning on 110-120
2026-06-15 20:07:12,514 [coda_prompt.py] => Task 11, Epoch 20/20 => Loss 0.160, Train_accy 96.04, Test_accy 44.62
2026-06-15 20:07:35,574 [trainer.py] => No NME accuracy.
2026-06-15 20:07:35,602 [trainer.py] => CNN: {'total': 44.62, '00-09': 29.87, '10-19': 54.08, '20-29': 51.52, '30-39': 41.86, '40-49': 26.56, '50-59': 38.46, '60-69': 57.94, '70-79': 50.0, '80-89': 51.85, '90-99': 27.42, '100-109': 35.0, '110-119': 45.95, 'old': 44.51, 'new': 45.95}
2026-06-15 20:07:35,602 [trainer.py] => CNN top1 curve: [76.62, 67.43, 62.41, 61.67, 56.84, 54.83, 53.65, 51.86, 49.29, 47.09, 45.62, 44.62]
2026-06-15 20:07:35,602 [trainer.py] => CNN top5 curve: [93.51, 89.71, 89.78, 86.94, 84.91, 82.98, 81.73, 80.23, 77.66, 75.15, 73.92, 73.23]
2026-06-15 20:07:35,602 [trainer.py] => Average Accuracy (CNN): 55.99
2026-06-15 20:07:35,603 [trainer.py] => All params: 89792456
2026-06-15 20:07:35,603 [trainer.py] => Trainable params: 89792456
2026-06-15 20:08:06,821 [coda_prompt.py] => Learning on 120-130
2026-06-15 20:13:16,180 [coda_prompt.py] => Task 12, Epoch 20/20 => Loss 0.266, Train_accy 95.22, Test_accy 43.09
2026-06-15 20:13:39,120 [trainer.py] => No NME accuracy.
2026-06-15 20:13:39,146 [trainer.py] => CNN: {'total': 43.09, '00-09': 28.57, '10-19': 53.06, '20-29': 51.52, '30-39': 41.86, '40-49': 25.0, '50-59': 38.46, '60-69': 57.94, '70-79': 51.04, '80-89': 51.85, '90-99': 24.19, '100-109': 35.0, '110-119': 45.95, '120-129': 25.0, 'old': 44.21, 'new': 25.0}
2026-06-15 20:13:39,146 [trainer.py] => CNN top1 curve: [76.62, 67.43, 62.41, 61.67, 56.84, 54.83, 53.65, 51.86, 49.29, 47.09, 45.62, 44.62, 43.09]
2026-06-15 20:13:39,146 [trainer.py] => CNN top5 curve: [93.51, 89.71, 89.78, 86.94, 84.91, 82.98, 81.73, 80.23, 77.66, 75.15, 73.92, 73.23, 71.5]
2026-06-15 20:13:39,147 [trainer.py] => Average Accuracy (CNN): 55.0
2026-06-15 20:13:39,148 [trainer.py] => All params: 89792456
2026-06-15 20:13:39,149 [trainer.py] => Trainable params: 89792456
2026-06-15 20:14:15,203 [coda_prompt.py] => Learning on 130-140
2026-06-15 20:21:08,215 [coda_prompt.py] => Task 13, Epoch 20/20 => Loss 0.229, Train_accy 93.85, Test_accy 42.19
2026-06-15 20:21:33,828 [trainer.py] => No NME accuracy.
2026-06-15 20:21:33,873 [trainer.py] => CNN: {'total': 42.19, '00-09': 28.57, '10-19': 52.04, '20-29': 50.51, '30-39': 41.86, '40-49': 25.0, '50-59': 38.46, '60-69': 54.76, '70-79': 50.0, '80-89': 51.85, '90-99': 22.58, '100-109': 35.0, '110-119': 45.95, '120-129': 23.33, '130-139': 41.86, 'old': 42.22, 'new': 41.86}
2026-06-15 20:21:33,874 [trainer.py] => CNN top1 curve: [76.62, 67.43, 62.41, 61.67, 56.84, 54.83, 53.65, 51.86, 49.29, 47.09, 45.62, 44.62, 43.09, 42.19]
2026-06-15 20:21:33,874 [trainer.py] => CNN top5 curve: [93.51, 89.71, 89.78, 86.94, 84.91, 82.98, 81.73, 80.23, 77.66, 75.15, 73.92, 73.23, 71.5, 70.21]
2026-06-15 20:21:33,874 [trainer.py] => Average Accuracy (CNN): 54.09
2026-06-15 20:21:33,875 [trainer.py] => All params: 89792456
2026-06-15 20:21:33,875 [trainer.py] => Trainable params: 89792456
2026-06-15 20:22:10,573 [coda_prompt.py] => Learning on 140-150
2026-06-15 20:29:04,944 [coda_prompt.py] => Task 14, Epoch 20/20 => Loss 0.181, Train_accy 97.26, Test_accy 42.02
2026-06-15 20:29:30,567 [trainer.py] => No NME accuracy.
2026-06-15 20:29:30,602 [trainer.py] => CNN: {'total': 42.02, '00-09': 27.27, '10-19': 51.02, '20-29': 50.51, '30-39': 43.02, '40-49': 25.0, '50-59': 36.54, '60-69': 54.76, '70-79': 50.0, '80-89': 53.09, '90-99': 22.58, '100-109': 35.0, '110-119': 44.59, '120-129': 23.33, '130-139': 41.86, '140-149': 42.11, 'old': 42.02, 'new': 42.11}
2026-06-15 20:29:30,603 [trainer.py] => CNN top1 curve: [76.62, 67.43, 62.41, 61.67, 56.84, 54.83, 53.65, 51.86, 49.29, 47.09, 45.62, 44.62, 43.09, 42.19, 42.02]
2026-06-15 20:29:30,603 [trainer.py] => CNN top5 curve: [93.51, 89.71, 89.78, 86.94, 84.91, 82.98, 81.73, 80.23, 77.66, 75.15, 73.92, 73.23, 71.5, 70.21, 69.01]
2026-06-15 20:29:30,604 [trainer.py] => Average Accuracy (CNN): 53.28
2026-06-15 20:29:30,606 [trainer.py] => All params: 89792456
2026-06-15 20:29:30,607 [trainer.py] => Trainable params: 89792456
2026-06-15 20:30:11,579 [coda_prompt.py] => Learning on 150-160
2026-06-15 20:35:18,736 [coda_prompt.py] => Task 15, Epoch 20/20 => Loss 0.212, Train_accy 95.57, Test_accy 41.11
2026-06-15 20:35:46,256 [trainer.py] => No NME accuracy.
2026-06-15 20:35:46,270 [trainer.py] => CNN: {'total': 41.11, '00-09': 24.68, '10-19': 50.0, '20-29': 50.51, '30-39': 43.02, '40-49': 25.0, '50-59': 34.62, '60-69': 54.76, '70-79': 50.0, '80-89': 51.85, '90-99': 22.58, '100-109': 35.0, '110-119': 43.24, '120-129': 21.67, '130-139': 41.86, '140-149': 42.11, '150-159': 33.33, 'old': 41.44, 'new': 33.33}
2026-06-15 20:35:46,270 [trainer.py] => CNN top1 curve: [76.62, 67.43, 62.41, 61.67, 56.84, 54.83, 53.65, 51.86, 49.29, 47.09, 45.62, 44.62, 43.09, 42.19, 42.02, 41.11]
2026-06-15 20:35:46,270 [trainer.py] => CNN top5 curve: [93.51, 89.71, 89.78, 86.94, 84.91, 82.98, 81.73, 80.23, 77.66, 75.15, 73.92, 73.23, 71.5, 70.21, 69.01, 67.55]
2026-06-15 20:35:46,270 [trainer.py] => Average Accuracy (CNN): 52.52
2026-06-15 20:35:46,271 [trainer.py] => All params: 89792456
2026-06-15 20:35:46,272 [trainer.py] => Trainable params: 89792456
2026-06-15 20:36:25,038 [coda_prompt.py] => Learning on 160-170
2026-06-15 20:43:43,944 [coda_prompt.py] => Task 16, Epoch 20/20 => Loss 0.270, Train_accy 94.01, Test_accy 39.83
2026-06-15 20:44:11,524 [trainer.py] => No NME accuracy.
2026-06-15 20:44:11,538 [trainer.py] => CNN: {'total': 39.83, '00-09': 24.68, '10-19': 50.0, '20-29': 47.47, '30-39': 43.02, '40-49': 21.88, '50-59': 34.62, '60-69': 53.97, '70-79': 48.96, '80-89': 51.85, '90-99': 20.97, '100-109': 35.0, '110-119': 43.24, '120-129': 20.0, '130-139': 41.86, '140-149': 42.11, '150-159': 33.33, '160-169': 31.76, 'old': 40.38, 'new': 31.76}
2026-06-15 20:44:11,538 [trainer.py] => CNN top1 curve: [76.62, 67.43, 62.41, 61.67, 56.84, 54.83, 53.65, 51.86, 49.29, 47.09, 45.62, 44.62, 43.09, 42.19, 42.02, 41.11, 39.83]
2026-06-15 20:44:11,538 [trainer.py] => CNN top5 curve: [93.51, 89.71, 89.78, 86.94, 84.91, 82.98, 81.73, 80.23, 77.66, 75.15, 73.92, 73.23, 71.5, 70.21, 69.01, 67.55, 66.54]
2026-06-15 20:44:11,539 [trainer.py] => Average Accuracy (CNN): 51.77
2026-06-15 20:44:11,541 [trainer.py] => All params: 89792456
2026-06-15 20:44:11,542 [trainer.py] => Trainable params: 89792456
2026-06-15 20:44:58,176 [coda_prompt.py] => Learning on 170-180
2026-06-15 20:50:59,741 [coda_prompt.py] => Task 17, Epoch 20/20 => Loss 0.244, Train_accy 95.78, Test_accy 39.14
2026-06-15 20:51:30,697 [trainer.py] => No NME accuracy.
2026-06-15 20:51:30,726 [trainer.py] => CNN: {'total': 39.14, '00-09': 23.38, '10-19': 50.0, '20-29': 47.47, '30-39': 43.02, '40-49': 21.88, '50-59': 34.62, '60-69': 54.76, '70-79': 45.83, '80-89': 49.38, '90-99': 19.35, '100-109': 35.0, '110-119': 44.59, '120-129': 20.0, '130-139': 41.86, '140-149': 42.11, '150-159': 33.33, '160-169': 31.76, '170-179': 32.26, 'old': 39.46, 'new': 32.26}
2026-06-15 20:51:30,727 [trainer.py] => CNN top1 curve: [76.62, 67.43, 62.41, 61.67, 56.84, 54.83, 53.65, 51.86, 49.29, 47.09, 45.62, 44.62, 43.09, 42.19, 42.02, 41.11, 39.83, 39.14]
2026-06-15 20:51:30,727 [trainer.py] => CNN top5 curve: [93.51, 89.71, 89.78, 86.94, 84.91, 82.98, 81.73, 80.23, 77.66, 75.15, 73.92, 73.23, 71.5, 70.21, 69.01, 67.55, 66.54, 65.3]
2026-06-15 20:51:30,728 [trainer.py] => Average Accuracy (CNN): 51.07
2026-06-15 20:51:30,729 [trainer.py] => All params: 89792456
2026-06-15 20:51:30,730 [trainer.py] => Trainable params: 89792456
2026-06-15 20:52:18,090 [coda_prompt.py] => Learning on 180-190
2026-06-15 20:57:39,293 [coda_prompt.py] => Task 18, Epoch 20/20 => Loss 0.229, Train_accy 95.24, Test_accy 38.28
2026-06-15 20:58:10,168 [trainer.py] => No NME accuracy.
2026-06-15 20:58:10,189 [trainer.py] => CNN: {'total': 38.28, '00-09': 23.38, '10-19': 50.0, '20-29': 46.46, '30-39': 43.02, '40-49': 20.31, '50-59': 34.62, '60-69': 54.76, '70-79': 45.83, '80-89': 49.38, '90-99': 19.35, '100-109': 33.33, '110-119': 44.59, '120-129': 20.0, '130-139': 41.86, '140-149': 42.11, '150-159': 33.33, '160-169': 30.59, '170-179': 32.26, '180-189': 17.95, 'old': 38.85, 'new': 17.95}
2026-06-15 20:58:10,189 [trainer.py] => CNN top1 curve: [76.62, 67.43, 62.41, 61.67, 56.84, 54.83, 53.65, 51.86, 49.29, 47.09, 45.62, 44.62, 43.09, 42.19, 42.02, 41.11, 39.83, 39.14, 38.28]
2026-06-15 20:58:10,189 [trainer.py] => CNN top5 curve: [93.51, 89.71, 89.78, 86.94, 84.91, 82.98, 81.73, 80.23, 77.66, 75.15, 73.92, 73.23, 71.5, 70.21, 69.01, 67.55, 66.54, 65.3, 64.71]
2026-06-15 20:58:10,189 [trainer.py] => Average Accuracy (CNN): 50.4
2026-06-15 20:58:10,190 [trainer.py] => All params: 89792456
2026-06-15 20:58:10,190 [trainer.py] => Trainable params: 89792456
2026-06-15 20:59:02,542 [coda_prompt.py] => Learning on 190-200
2026-06-15 21:06:40,394 [coda_prompt.py] => Task 19, Epoch 20/20 => Loss 0.170, Train_accy 94.97, Test_accy 38.05
2026-06-15 21:07:14,365 [trainer.py] => No NME accuracy.
2026-06-15 21:07:14,392 [trainer.py] => CNN: {'total': 38.05, '00-09': 23.38, '10-19': 50.0, '20-29': 46.46, '30-39': 41.86, '40-49': 18.75, '50-59': 34.62, '60-69': 54.76, '70-79': 46.88, '80-89': 49.38, '90-99': 14.52, '100-109': 33.33, '110-119': 44.59, '120-129': 20.0, '130-139': 40.7, '140-149': 39.47, '150-159': 33.33, '160-169': 29.41, '170-179': 30.65, '180-189': 17.95, '190-199': 44.71, 'old': 37.66, 'new': 44.71}
2026-06-15 21:07:14,392 [trainer.py] => CNN top1 curve: [76.62, 67.43, 62.41, 61.67, 56.84, 54.83, 53.65, 51.86, 49.29, 47.09, 45.62, 44.62, 43.09, 42.19, 42.02, 41.11, 39.83, 39.14, 38.28, 38.05]
2026-06-15 21:07:14,392 [trainer.py] => CNN top5 curve: [93.51, 89.71, 89.78, 86.94, 84.91, 82.98, 81.73, 80.23, 77.66, 75.15, 73.92, 73.23, 71.5, 70.21, 69.01, 67.55, 66.54, 65.3, 64.71, 63.73]
2026-06-15 21:07:14,393 [trainer.py] => Average Accuracy (CNN): 49.78
