2026-06-14 21:24:01,449 [trainer.py] => config: ./configs/coda_prompt/coda_prompt_inr_B100_Inc20.json
2026-06-14 21:24:01,449 [trainer.py] => prefix:  
2026-06-14 21:24:01,449 [trainer.py] => dataset: imagenetr
2026-06-14 21:24:01,449 [trainer.py] => memory_size: 0
2026-06-14 21:24:01,449 [trainer.py] => memory_per_class: 0
2026-06-14 21:24:01,449 [trainer.py] => fixed_memory: False
2026-06-14 21:24:01,449 [trainer.py] => shuffle: True
2026-06-14 21:24:01,449 [trainer.py] => init_cls: 100
2026-06-14 21:24:01,449 [trainer.py] => increment: 20
2026-06-14 21:24:01,449 [trainer.py] => model_name: coda_prompt
2026-06-14 21:24:01,449 [trainer.py] => backbone_type: vit_base_patch16_224_in21k_coda_prompt
2026-06-14 21:24:01,449 [trainer.py] => device: [device(type='cuda', index=3)]
2026-06-14 21:24:01,449 [trainer.py] => seed: 1994
2026-06-14 21:24:01,449 [trainer.py] => tuned_epoch: 20
2026-06-14 21:24:01,449 [trainer.py] => init_lr: 0.001
2026-06-14 21:24:01,450 [trainer.py] => batch_size: 128
2026-06-14 21:24:01,450 [trainer.py] => weight_decay: 0
2026-06-14 21:24:01,450 [trainer.py] => min_lr: 1e-05
2026-06-14 21:24:01,450 [trainer.py] => optimizer: adam
2026-06-14 21:24:01,450 [trainer.py] => scheduler: cosine
2026-06-14 21:24:01,450 [trainer.py] => reinit_optimizer: True
2026-06-14 21:24:01,450 [trainer.py] => pretrained: True
2026-06-14 21:24:01,450 [trainer.py] => drop: 0.0
2026-06-14 21:24:01,450 [trainer.py] => drop_path: 0.0
2026-06-14 21:24:01,450 [trainer.py] => prompt_param: [100, 8.0, 0.0]
2026-06-14 21:24:01,450 [trainer.py] => nb_classes: 200
2026-06-14 21:24:01,450 [trainer.py] => nb_tasks: 6
2026-06-14 21:24:02,390 [data_manager.py] => [85, 41, 23, 28, 70, 87, 134, 151, 51, 159, 178, 119, 50, 117, 73, 95, 86, 147, 63, 22, 79, 175, 40, 155, 174, 54, 132, 72, 124, 157, 93, 26, 196, 74, 44, 15, 169, 122, 88, 171, 184, 6, 18, 145, 48, 197, 64, 172, 126, 96, 11, 55, 193, 66, 128, 21, 77, 113, 140, 116, 141, 133, 120, 29, 115, 14, 103, 127, 114, 19, 9, 38, 33, 195, 81, 35, 69, 181, 47, 129, 112, 168, 198, 71, 101, 188, 68, 90, 158, 163, 52, 8, 185, 59, 154, 92, 56, 183, 32, 136, 65, 45, 46, 173, 189, 108, 102, 144, 0, 107, 187, 100, 98, 192, 43, 161, 104, 75, 150, 166, 121, 60, 160, 3, 143, 153, 62, 142, 61, 110, 194, 97, 25, 177, 179, 17, 49, 31, 94, 111, 16, 53, 91, 58, 135, 83, 2, 12, 13, 165, 42, 36, 186, 105, 1, 7, 149, 170, 27, 24, 78, 167, 137, 138, 118, 10, 139, 164, 20, 57, 123, 199, 89, 130, 82, 162, 176, 148, 109, 125, 67, 106, 37, 146, 131, 180, 156, 39, 5, 84, 4, 190, 152, 191, 30, 76, 80, 34, 99, 182]
2026-06-14 21:24:05,904 [coda_prompt.py] => 89,792,456 total parameters.
2026-06-14 21:24:05,904 [coda_prompt.py] => 3,993,800 fc and prompt training parameters.
2026-06-14 21:24:05,905 [trainer.py] => All params: 89792456
2026-06-14 21:24:05,905 [trainer.py] => Trainable params: 89792456
2026-06-14 21:24:05,905 [coda_prompt.py] => Learning on 0-100
2026-06-15 01:34:19,540 [coda_prompt.py] => Task 0, Epoch 20/20 => Loss 0.350, Train_accy 91.19, Test_accy 81.06
2026-06-15 01:35:48,862 [trainer.py] => No NME accuracy.
2026-06-15 01:35:48,862 [trainer.py] => CNN: {'total': 81.06, '00-99': 81.06, 'old': 0, 'new': 81.06}
2026-06-15 01:35:48,862 [trainer.py] => CNN top1 curve: [81.06]
2026-06-15 01:35:48,862 [trainer.py] => CNN top5 curve: [92.59]
2026-06-15 01:35:48,862 [trainer.py] => Average Accuracy (CNN): 81.06
2026-06-15 01:35:48,863 [trainer.py] => All params: 89792456
2026-06-15 01:35:48,864 [trainer.py] => Trainable params: 89792456
2026-06-15 01:36:52,569 [coda_prompt.py] => Learning on 100-120
2026-06-15 02:34:14,781 [coda_prompt.py] => Task 1, Epoch 20/20 => Loss 0.222, Train_accy 94.26, Test_accy 77.64
2026-06-15 02:36:02,432 [trainer.py] => No NME accuracy.
2026-06-15 02:36:02,433 [trainer.py] => CNN: {'total': 77.64, '00-99': 81.27, '100-119': 59.83, 'old': 81.27, 'new': 59.83}
2026-06-15 02:36:02,433 [trainer.py] => CNN top1 curve: [81.06, 77.64]
2026-06-15 02:36:02,433 [trainer.py] => CNN top5 curve: [92.59, 91.48]
2026-06-15 02:36:02,434 [trainer.py] => Average Accuracy (CNN): 79.35
2026-06-15 02:36:02,436 [trainer.py] => All params: 89792456
2026-06-15 02:36:02,438 [trainer.py] => Trainable params: 89792456
2026-06-15 02:37:50,311 [coda_prompt.py] => Learning on 120-140
2026-06-15 03:33:25,234 [coda_prompt.py] => Task 2, Epoch 20/20 => Loss 0.177, Train_accy 94.68, Test_accy 76.17
2026-06-15 03:35:26,140 [trainer.py] => No NME accuracy.
2026-06-15 03:35:26,141 [trainer.py] => CNN: {'total': 76.17, '00-99': 81.51, '100-119': 60.17, '120-139': 65.87, 'old': 77.89, 'new': 65.87}
2026-06-15 03:35:26,141 [trainer.py] => CNN top1 curve: [81.06, 77.64, 76.17]
2026-06-15 03:35:26,141 [trainer.py] => CNN top5 curve: [92.59, 91.48, 90.84]
2026-06-15 03:35:26,142 [trainer.py] => Average Accuracy (CNN): 78.29
2026-06-15 03:35:26,142 [trainer.py] => All params: 89792456
2026-06-15 03:35:26,143 [trainer.py] => Trainable params: 89792456
2026-06-15 03:37:50,383 [coda_prompt.py] => Learning on 140-160
2026-06-15 04:41:16,893 [coda_prompt.py] => Task 3, Epoch 20/20 => Loss 0.194, Train_accy 94.23, Test_accy 73.71
2026-06-15 04:43:43,435 [trainer.py] => No NME accuracy.
2026-06-15 04:43:43,436 [trainer.py] => CNN: {'total': 73.71, '00-99': 81.58, '100-119': 58.82, '120-139': 66.04, '140-159': 60.0, 'old': 76.05, 'new': 60.0}
2026-06-15 04:43:43,436 [trainer.py] => CNN top1 curve: [81.06, 77.64, 76.17, 73.71]
2026-06-15 04:43:43,436 [trainer.py] => CNN top5 curve: [92.59, 91.48, 90.84, 90.22]
2026-06-15 04:43:43,436 [trainer.py] => Average Accuracy (CNN): 77.14
2026-06-15 04:43:43,437 [trainer.py] => All params: 89792456
2026-06-15 04:43:43,437 [trainer.py] => Trainable params: 89792456
2026-06-15 04:46:58,684 [coda_prompt.py] => Learning on 160-180
2026-06-15 05:48:18,985 [coda_prompt.py] => Task 4, Epoch 20/20 => Loss 0.252, Train_accy 93.29, Test_accy 71.60
2026-06-15 05:51:04,153 [trainer.py] => No NME accuracy.
2026-06-15 05:51:04,154 [trainer.py] => CNN: {'total': 71.6, '00-99': 80.89, '100-119': 57.98, '120-139': 65.02, '140-159': 60.0, '160-179': 59.83, 'old': 73.06, 'new': 59.83}
2026-06-15 05:51:04,154 [trainer.py] => CNN top1 curve: [81.06, 77.64, 76.17, 73.71, 71.6]
2026-06-15 05:51:04,154 [trainer.py] => CNN top5 curve: [92.59, 91.48, 90.84, 90.22, 89.09]
2026-06-15 05:51:04,154 [trainer.py] => Average Accuracy (CNN): 76.04
2026-06-15 05:51:04,155 [trainer.py] => All params: 89792456
2026-06-15 05:51:04,155 [trainer.py] => Trainable params: 89792456
2026-06-15 05:55:03,430 [coda_prompt.py] => Learning on 180-200
2026-06-15 06:56:47,210 [coda_prompt.py] => Task 5, Epoch 20/20 => Loss 0.187, Train_accy 94.89, Test_accy 70.72
2026-06-15 06:59:48,097 [trainer.py] => No NME accuracy.
2026-06-15 06:59:48,098 [trainer.py] => CNN: {'total': 70.72, '00-99': 80.72, '100-119': 58.66, '120-139': 63.99, '140-159': 58.86, '160-179': 60.0, '180-199': 65.19, 'old': 71.34, 'new': 65.19}
2026-06-15 06:59:48,098 [trainer.py] => CNN top1 curve: [81.06, 77.64, 76.17, 73.71, 71.6, 70.72]
2026-06-15 06:59:48,098 [trainer.py] => CNN top5 curve: [92.59, 91.48, 90.84, 90.22, 89.09, 89.25]
2026-06-15 06:59:48,098 [trainer.py] => Average Accuracy (CNN): 75.15
