2026-06-07 11:44:20,206 [trainer.py] => config: ./configs/coda_prompt/coda_prompt_inr_B0_Inc10.json
2026-06-07 11:44:20,225 [trainer.py] => prefix:  
2026-06-07 11:44:20,226 [trainer.py] => dataset: imagenetr
2026-06-07 11:44:20,226 [trainer.py] => memory_size: 0
2026-06-07 11:44:20,226 [trainer.py] => memory_per_class: 0
2026-06-07 11:44:20,226 [trainer.py] => fixed_memory: False
2026-06-07 11:44:20,226 [trainer.py] => shuffle: True
2026-06-07 11:44:20,226 [trainer.py] => init_cls: 10
2026-06-07 11:44:20,226 [trainer.py] => increment: 10
2026-06-07 11:44:20,226 [trainer.py] => model_name: coda_prompt
2026-06-07 11:44:20,226 [trainer.py] => backbone_type: vit_base_patch16_224_in21k_coda_prompt
2026-06-07 11:44:20,226 [trainer.py] => device: [device(type='cuda', index=3)]
2026-06-07 11:44:20,226 [trainer.py] => seed: 42
2026-06-07 11:44:20,226 [trainer.py] => tuned_epoch: 20
2026-06-07 11:44:20,227 [trainer.py] => init_lr: 0.001
2026-06-07 11:44:20,227 [trainer.py] => batch_size: 128
2026-06-07 11:44:20,227 [trainer.py] => weight_decay: 0
2026-06-07 11:44:20,227 [trainer.py] => min_lr: 1e-05
2026-06-07 11:44:20,227 [trainer.py] => optimizer: adam
2026-06-07 11:44:20,227 [trainer.py] => scheduler: cosine
2026-06-07 11:44:20,227 [trainer.py] => reinit_optimizer: True
2026-06-07 11:44:20,227 [trainer.py] => pretrained: True
2026-06-07 11:44:20,227 [trainer.py] => drop: 0.0
2026-06-07 11:44:20,227 [trainer.py] => drop_path: 0.0
2026-06-07 11:44:20,227 [trainer.py] => prompt_param: [100, 8.0, 0.0]
2026-06-07 11:44:21,233 [data_manager.py] => [95, 15, 30, 158, 128, 115, 69, 170, 174, 45, 66, 182, 165, 78, 186, 177, 56, 152, 82, 68, 124, 16, 148, 93, 65, 60, 84, 67, 125, 132, 9, 18, 55, 75, 150, 104, 135, 137, 164, 76, 79, 197, 38, 24, 122, 195, 29, 19, 143, 86, 114, 173, 5, 126, 117, 73, 140, 98, 172, 96, 169, 97, 31, 12, 35, 119, 42, 189, 90, 136, 51, 127, 162, 41, 118, 113, 26, 139, 100, 111, 2, 77, 46, 187, 191, 85, 161, 36, 190, 61, 22, 141, 101, 33, 11, 194, 159, 6, 27, 120, 4, 32, 142, 145, 109, 144, 10, 62, 112, 146, 166, 0, 198, 153, 70, 123, 64, 44, 163, 28, 40, 108, 155, 156, 25, 23, 184, 147, 81, 39, 168, 47, 94, 154, 43, 138, 3, 105, 53, 133, 180, 178, 185, 49, 80, 34, 7, 110, 91, 83, 176, 181, 89, 8, 13, 59, 171, 131, 17, 72, 175, 134, 167, 183, 63, 54, 107, 50, 196, 58, 48, 88, 21, 57, 160, 192, 129, 37, 157, 193, 1, 52, 149, 130, 151, 103, 99, 116, 87, 74, 121, 199, 20, 188, 71, 106, 14, 92, 179, 102]
2026-06-07 11:44:37,268 [coda_prompt.py] => 89,792,456 total parameters.
2026-06-07 11:44:37,268 [coda_prompt.py] => 3,993,800 fc and prompt training parameters.
2026-06-07 11:44:37,269 [trainer.py] => All params: 89792456
2026-06-07 11:44:37,269 [trainer.py] => Trainable params: 89792456
2026-06-07 11:44:37,269 [coda_prompt.py] => Learning on 0-10
2026-06-07 12:07:41,702 [coda_prompt.py] => Task 0, Epoch 20/20 => Loss 0.209, Train_accy 93.33, Test_accy 86.81
2026-06-07 12:07:51,705 [trainer.py] => No NME accuracy.
2026-06-07 12:07:51,706 [trainer.py] => CNN: {'total': 86.81, '00-09': 86.81, 'old': 0, 'new': 86.81}
2026-06-07 12:07:51,706 [trainer.py] => CNN top1 curve: [86.81]
2026-06-07 12:07:51,706 [trainer.py] => CNN top5 curve: [98.96]
2026-06-07 12:07:51,707 [trainer.py] => Average Accuracy (CNN): 86.81
2026-06-07 12:07:51,709 [trainer.py] => All params: 89792456
2026-06-07 12:07:51,710 [trainer.py] => Trainable params: 89792456
2026-06-07 12:07:57,650 [coda_prompt.py] => Learning on 10-20
2026-06-07 12:39:12,368 [coda_prompt.py] => Task 1, Epoch 20/20 => Loss 0.193, Train_accy 94.96, Test_accy 79.35
2026-06-07 12:39:32,315 [trainer.py] => No NME accuracy.
2026-06-07 12:39:32,315 [trainer.py] => CNN: {'total': 79.35, '00-09': 83.68, '10-19': 75.84, 'old': 83.68, 'new': 75.84}
2026-06-07 12:39:32,315 [trainer.py] => CNN top1 curve: [86.81, 79.35]
2026-06-07 12:39:32,315 [trainer.py] => CNN top5 curve: [98.96, 95.5]
2026-06-07 12:39:32,315 [trainer.py] => Average Accuracy (CNN): 83.08
2026-06-07 12:39:32,316 [trainer.py] => All params: 89792456
2026-06-07 12:39:32,317 [trainer.py] => Trainable params: 89792456
2026-06-07 12:39:42,466 [coda_prompt.py] => Learning on 20-30
2026-06-07 13:02:15,457 [coda_prompt.py] => Task 2, Epoch 20/20 => Loss 0.205, Train_accy 94.11, Test_accy 73.89
2026-06-07 13:02:43,049 [trainer.py] => No NME accuracy.
2026-06-07 13:02:43,065 [trainer.py] => CNN: {'total': 73.89, '00-09': 83.68, '10-19': 71.91, '20-29': 65.62, 'old': 77.17, 'new': 65.62}
2026-06-07 13:02:43,065 [trainer.py] => CNN top1 curve: [86.81, 79.35, 73.89]
2026-06-07 13:02:43,066 [trainer.py] => CNN top5 curve: [98.96, 95.5, 92.0]
2026-06-07 13:02:43,066 [trainer.py] => Average Accuracy (CNN): 80.02
2026-06-07 13:02:43,068 [trainer.py] => All params: 89792456
2026-06-07 13:02:43,070 [trainer.py] => Trainable params: 89792456
2026-06-07 13:02:57,392 [coda_prompt.py] => Learning on 30-40
2026-06-07 13:34:40,976 [coda_prompt.py] => Task 3, Epoch 20/20 => Loss 0.227, Train_accy 92.01, Test_accy 71.85
2026-06-07 13:35:18,820 [trainer.py] => No NME accuracy.
2026-06-07 13:35:18,820 [trainer.py] => CNN: {'total': 71.85, '00-09': 84.03, '10-19': 71.07, '20-29': 65.23, '30-39': 67.51, 'old': 73.56, 'new': 67.51}
2026-06-07 13:35:18,820 [trainer.py] => CNN top1 curve: [86.81, 79.35, 73.89, 71.85]
2026-06-07 13:35:18,820 [trainer.py] => CNN top5 curve: [98.96, 95.5, 92.0, 91.39]
2026-06-07 13:35:18,820 [trainer.py] => Average Accuracy (CNN): 77.97
2026-06-07 13:35:18,821 [trainer.py] => All params: 89792456
2026-06-07 13:35:18,822 [trainer.py] => Trainable params: 89792456
2026-06-07 13:35:37,586 [coda_prompt.py] => Learning on 40-50
2026-06-07 14:02:23,084 [coda_prompt.py] => Task 4, Epoch 20/20 => Loss 0.173, Train_accy 95.11, Test_accy 73.00
2026-06-07 14:03:12,264 [trainer.py] => No NME accuracy.
2026-06-07 14:03:12,265 [trainer.py] => CNN: {'total': 73.0, '00-09': 83.68, '10-19': 71.35, '20-29': 64.84, '30-39': 67.8, '40-49': 77.5, 'old': 71.85, 'new': 77.5}
2026-06-07 14:03:12,265 [trainer.py] => CNN top1 curve: [86.81, 79.35, 73.89, 71.85, 73.0]
2026-06-07 14:03:12,265 [trainer.py] => CNN top5 curve: [98.96, 95.5, 92.0, 91.39, 90.09]
2026-06-07 14:03:12,265 [trainer.py] => Average Accuracy (CNN): 76.98
2026-06-07 14:03:12,266 [trainer.py] => All params: 89792456
2026-06-07 14:03:12,266 [trainer.py] => Trainable params: 89792456
2026-06-07 14:03:34,779 [coda_prompt.py] => Learning on 50-60
2026-06-07 14:31:12,167 [coda_prompt.py] => Task 5, Epoch 20/20 => Loss 0.216, Train_accy 93.31, Test_accy 70.97
2026-06-07 14:32:09,477 [trainer.py] => No NME accuracy.
2026-06-07 14:32:09,506 [trainer.py] => CNN: {'total': 70.97, '00-09': 82.64, '10-19': 69.94, '20-29': 63.28, '30-39': 66.38, '40-49': 74.69, '50-59': 69.11, 'old': 71.35, 'new': 69.11}
2026-06-07 14:32:09,506 [trainer.py] => CNN top1 curve: [86.81, 79.35, 73.89, 71.85, 73.0, 70.97]
2026-06-07 14:32:09,507 [trainer.py] => CNN top5 curve: [98.96, 95.5, 92.0, 91.39, 90.09, 88.88]
2026-06-07 14:32:09,507 [trainer.py] => Average Accuracy (CNN): 75.98
2026-06-07 14:32:09,507 [trainer.py] => All params: 89792456
2026-06-07 14:32:09,508 [trainer.py] => Trainable params: 89792456
2026-06-07 14:32:36,686 [coda_prompt.py] => Learning on 60-70
2026-06-07 15:04:42,254 [coda_prompt.py] => Task 6, Epoch 20/20 => Loss 0.124, Train_accy 96.30, Test_accy 70.72
2026-06-07 15:05:49,477 [trainer.py] => No NME accuracy.
2026-06-07 15:05:49,477 [trainer.py] => CNN: {'total': 70.72, '00-09': 81.25, '10-19': 69.1, '20-29': 63.67, '30-39': 67.8, '40-49': 74.69, '50-59': 66.56, '60-69': 72.06, 'old': 70.5, 'new': 72.06}
2026-06-07 15:05:49,477 [trainer.py] => CNN top1 curve: [86.81, 79.35, 73.89, 71.85, 73.0, 70.97, 70.72]
2026-06-07 15:05:49,477 [trainer.py] => CNN top5 curve: [98.96, 95.5, 92.0, 91.39, 90.09, 88.88, 88.38]
2026-06-07 15:05:49,477 [trainer.py] => Average Accuracy (CNN): 75.23
2026-06-07 15:05:49,478 [trainer.py] => All params: 89792456
2026-06-07 15:05:49,479 [trainer.py] => Trainable params: 89792456
2026-06-07 15:06:20,741 [coda_prompt.py] => Learning on 70-80
2026-06-07 15:36:35,739 [coda_prompt.py] => Task 7, Epoch 20/20 => Loss 0.180, Train_accy 95.45, Test_accy 70.86
2026-06-07 15:37:52,009 [trainer.py] => No NME accuracy.
2026-06-07 15:37:52,009 [trainer.py] => CNN: {'total': 70.86, '00-09': 81.25, '10-19': 69.1, '20-29': 62.11, '30-39': 66.67, '40-49': 74.69, '50-59': 66.24, '60-69': 70.79, '70-79': 76.14, 'old': 70.13, 'new': 76.14}
2026-06-07 15:37:52,010 [trainer.py] => CNN top1 curve: [86.81, 79.35, 73.89, 71.85, 73.0, 70.97, 70.72, 70.86]
2026-06-07 15:37:52,010 [trainer.py] => CNN top5 curve: [98.96, 95.5, 92.0, 91.39, 90.09, 88.88, 88.38, 87.29]
2026-06-07 15:37:52,010 [trainer.py] => Average Accuracy (CNN): 74.68
2026-06-07 15:37:52,010 [trainer.py] => All params: 89792456
2026-06-07 15:37:52,011 [trainer.py] => Trainable params: 89792456
2026-06-07 15:38:27,364 [coda_prompt.py] => Learning on 80-90
2026-06-07 16:09:32,182 [coda_prompt.py] => Task 8, Epoch 20/20 => Loss 0.160, Train_accy 95.71, Test_accy 70.39
2026-06-07 16:10:57,455 [trainer.py] => No NME accuracy.
2026-06-07 16:10:57,455 [trainer.py] => CNN: {'total': 70.39, '00-09': 78.12, '10-19': 66.29, '20-29': 60.55, '30-39': 66.67, '40-49': 73.75, '50-59': 63.69, '60-69': 70.48, '70-79': 75.82, '80-89': 78.57, 'old': 69.43, 'new': 78.57}
2026-06-07 16:10:57,455 [trainer.py] => CNN top1 curve: [86.81, 79.35, 73.89, 71.85, 73.0, 70.97, 70.72, 70.86, 70.39]
2026-06-07 16:10:57,455 [trainer.py] => CNN top5 curve: [98.96, 95.5, 92.0, 91.39, 90.09, 88.88, 88.38, 87.29, 87.09]
2026-06-07 16:10:57,455 [trainer.py] => Average Accuracy (CNN): 74.2
2026-06-07 16:10:57,456 [trainer.py] => All params: 89792456
2026-06-07 16:10:57,456 [trainer.py] => Trainable params: 89792456
2026-06-07 16:11:37,053 [coda_prompt.py] => Learning on 90-100
2026-06-07 16:50:29,733 [coda_prompt.py] => Task 9, Epoch 20/20 => Loss 0.153, Train_accy 95.57, Test_accy 69.82
2026-06-07 16:52:07,078 [trainer.py] => No NME accuracy.
2026-06-07 16:52:07,078 [trainer.py] => CNN: {'total': 69.82, '00-09': 77.08, '10-19': 67.42, '20-29': 61.33, '30-39': 66.95, '40-49': 73.44, '50-59': 62.1, '60-69': 69.84, '70-79': 75.49, '80-89': 79.59, '90-99': 66.59, 'old': 70.32, 'new': 66.59}
2026-06-07 16:52:07,078 [trainer.py] => CNN top1 curve: [86.81, 79.35, 73.89, 71.85, 73.0, 70.97, 70.72, 70.86, 70.39, 69.82]
2026-06-07 16:52:07,078 [trainer.py] => CNN top5 curve: [98.96, 95.5, 92.0, 91.39, 90.09, 88.88, 88.38, 87.29, 87.09, 86.24]
2026-06-07 16:52:07,079 [trainer.py] => Average Accuracy (CNN): 73.77
2026-06-07 16:52:07,079 [trainer.py] => All params: 89792456
2026-06-07 16:52:07,080 [trainer.py] => Trainable params: 89792456
2026-06-07 16:52:50,128 [coda_prompt.py] => Learning on 100-110
2026-06-07 17:20:33,319 [coda_prompt.py] => Task 10, Epoch 20/20 => Loss 0.123, Train_accy 96.63, Test_accy 69.21
2026-06-07 17:22:18,856 [trainer.py] => No NME accuracy.
2026-06-07 17:22:18,856 [trainer.py] => CNN: {'total': 69.21, '00-09': 76.74, '10-19': 66.57, '20-29': 60.16, '30-39': 65.54, '40-49': 72.5, '50-59': 61.78, '60-69': 69.21, '70-79': 74.84, '80-89': 78.57, '90-99': 65.89, '100-109': 72.0, 'old': 69.02, 'new': 72.0}
2026-06-07 17:22:18,856 [trainer.py] => CNN top1 curve: [86.81, 79.35, 73.89, 71.85, 73.0, 70.97, 70.72, 70.86, 70.39, 69.82, 69.21]
2026-06-07 17:22:18,856 [trainer.py] => CNN top5 curve: [98.96, 95.5, 92.0, 91.39, 90.09, 88.88, 88.38, 87.29, 87.09, 86.24, 86.07]
2026-06-07 17:22:18,856 [trainer.py] => Average Accuracy (CNN): 73.35
2026-06-07 17:22:18,857 [trainer.py] => All params: 89792456
2026-06-07 17:22:18,858 [trainer.py] => Trainable params: 89792456
2026-06-07 17:23:06,734 [coda_prompt.py] => Learning on 110-120
2026-06-07 17:56:51,586 [coda_prompt.py] => Task 11, Epoch 20/20 => Loss 0.133, Train_accy 96.07, Test_accy 69.06
2026-06-07 17:58:41,267 [trainer.py] => No NME accuracy.
2026-06-07 17:58:41,267 [trainer.py] => CNN: {'total': 69.06, '00-09': 77.43, '10-19': 65.17, '20-29': 59.38, '30-39': 64.12, '40-49': 71.56, '50-59': 61.15, '60-69': 67.62, '70-79': 73.53, '80-89': 79.93, '90-99': 65.66, '100-109': 72.44, '110-119': 73.79, 'old': 68.63, 'new': 73.79}
2026-06-07 17:58:41,267 [trainer.py] => CNN top1 curve: [86.81, 79.35, 73.89, 71.85, 73.0, 70.97, 70.72, 70.86, 70.39, 69.82, 69.21, 69.06]
2026-06-07 17:58:41,267 [trainer.py] => CNN top5 curve: [98.96, 95.5, 92.0, 91.39, 90.09, 88.88, 88.38, 87.29, 87.09, 86.24, 86.07, 86.36]
2026-06-07 17:58:41,267 [trainer.py] => Average Accuracy (CNN): 72.99
2026-06-07 17:58:41,268 [trainer.py] => All params: 89792456
2026-06-07 17:58:41,269 [trainer.py] => Trainable params: 89792456
2026-06-07 17:59:29,690 [coda_prompt.py] => Learning on 120-130
2026-06-07 18:27:18,159 [coda_prompt.py] => Task 12, Epoch 20/20 => Loss 0.207, Train_accy 94.15, Test_accy 68.24
2026-06-07 18:29:18,863 [trainer.py] => No NME accuracy.
2026-06-07 18:29:18,864 [trainer.py] => CNN: {'total': 68.24, '00-09': 77.08, '10-19': 63.2, '20-29': 58.59, '30-39': 64.41, '40-49': 70.31, '50-59': 60.51, '60-69': 66.98, '70-79': 72.22, '80-89': 79.59, '90-99': 64.97, '100-109': 70.67, '110-119': 73.46, '120-129': 67.93, 'old': 68.26, 'new': 67.93}
2026-06-07 18:29:18,864 [trainer.py] => CNN top1 curve: [86.81, 79.35, 73.89, 71.85, 73.0, 70.97, 70.72, 70.86, 70.39, 69.82, 69.21, 69.06, 68.24]
2026-06-07 18:29:18,864 [trainer.py] => CNN top5 curve: [98.96, 95.5, 92.0, 91.39, 90.09, 88.88, 88.38, 87.29, 87.09, 86.24, 86.07, 86.36, 85.24]
2026-06-07 18:29:18,864 [trainer.py] => Average Accuracy (CNN): 72.63
2026-06-07 18:29:18,865 [trainer.py] => All params: 89792456
2026-06-07 18:29:18,865 [trainer.py] => Trainable params: 89792456
2026-06-07 18:30:14,493 [coda_prompt.py] => Learning on 130-140
2026-06-07 18:59:01,527 [coda_prompt.py] => Task 13, Epoch 20/20 => Loss 0.148, Train_accy 94.83, Test_accy 67.96
2026-06-07 19:01:10,750 [trainer.py] => No NME accuracy.
2026-06-07 19:01:10,750 [trainer.py] => CNN: {'total': 67.96, '00-09': 76.39, '10-19': 63.48, '20-29': 59.38, '30-39': 62.71, '40-49': 71.88, '50-59': 60.19, '60-69': 66.03, '70-79': 71.57, '80-89': 77.89, '90-99': 64.73, '100-109': 69.33, '110-119': 73.14, '120-129': 69.2, '130-139': 68.59, 'old': 67.92, 'new': 68.59}
2026-06-07 19:01:10,750 [trainer.py] => CNN top1 curve: [86.81, 79.35, 73.89, 71.85, 73.0, 70.97, 70.72, 70.86, 70.39, 69.82, 69.21, 69.06, 68.24, 67.96]
2026-06-07 19:01:10,750 [trainer.py] => CNN top5 curve: [98.96, 95.5, 92.0, 91.39, 90.09, 88.88, 88.38, 87.29, 87.09, 86.24, 86.07, 86.36, 85.24, 85.36]
2026-06-07 19:01:10,750 [trainer.py] => Average Accuracy (CNN): 72.3
2026-06-07 19:01:10,751 [trainer.py] => All params: 89792456
2026-06-07 19:01:10,751 [trainer.py] => Trainable params: 89792456
2026-06-07 19:02:10,564 [coda_prompt.py] => Learning on 140-150
2026-06-07 19:35:40,672 [coda_prompt.py] => Task 14, Epoch 20/20 => Loss 0.130, Train_accy 96.37, Test_accy 67.71
2026-06-07 19:37:57,160 [trainer.py] => No NME accuracy.
2026-06-07 19:37:57,160 [trainer.py] => CNN: {'total': 67.71, '00-09': 76.39, '10-19': 62.92, '20-29': 58.2, '30-39': 63.28, '40-49': 72.19, '50-59': 59.55, '60-69': 65.71, '70-79': 70.92, '80-89': 77.89, '90-99': 64.97, '100-109': 70.67, '110-119': 73.79, '120-129': 68.35, '130-139': 68.59, '140-149': 64.98, 'old': 67.89, 'new': 64.98}
2026-06-07 19:37:57,160 [trainer.py] => CNN top1 curve: [86.81, 79.35, 73.89, 71.85, 73.0, 70.97, 70.72, 70.86, 70.39, 69.82, 69.21, 69.06, 68.24, 67.96, 67.71]
2026-06-07 19:37:57,160 [trainer.py] => CNN top5 curve: [98.96, 95.5, 92.0, 91.39, 90.09, 88.88, 88.38, 87.29, 87.09, 86.24, 86.07, 86.36, 85.24, 85.36, 85.0]
2026-06-07 19:37:57,160 [trainer.py] => Average Accuracy (CNN): 71.99
2026-06-07 19:37:57,161 [trainer.py] => All params: 89792456
2026-06-07 19:37:57,161 [trainer.py] => Trainable params: 89792456
2026-06-07 19:39:01,901 [coda_prompt.py] => Learning on 150-160
2026-06-07 20:14:42,589 [coda_prompt.py] => Task 15, Epoch 20/20 => Loss 0.169, Train_accy 94.76, Test_accy 67.95
2026-06-07 20:17:09,267 [trainer.py] => No NME accuracy.
2026-06-07 20:17:09,268 [trainer.py] => CNN: {'total': 67.95, '00-09': 76.74, '10-19': 62.92, '20-29': 57.03, '30-39': 63.28, '40-49': 70.62, '50-59': 60.19, '60-69': 65.08, '70-79': 70.26, '80-89': 78.57, '90-99': 65.2, '100-109': 70.22, '110-119': 73.14, '120-129': 67.51, '130-139': 67.87, '140-149': 64.98, '150-159': 75.83, 'old': 67.43, 'new': 75.83}
2026-06-07 20:17:09,268 [trainer.py] => CNN top1 curve: [86.81, 79.35, 73.89, 71.85, 73.0, 70.97, 70.72, 70.86, 70.39, 69.82, 69.21, 69.06, 68.24, 67.96, 67.71, 67.95]
2026-06-07 20:17:09,269 [trainer.py] => CNN top5 curve: [98.96, 95.5, 92.0, 91.39, 90.09, 88.88, 88.38, 87.29, 87.09, 86.24, 86.07, 86.36, 85.24, 85.36, 85.0, 85.27]
2026-06-07 20:17:09,269 [trainer.py] => Average Accuracy (CNN): 71.74
2026-06-07 20:17:09,271 [trainer.py] => All params: 89792456
2026-06-07 20:17:09,273 [trainer.py] => Trainable params: 89792456
2026-06-07 20:18:18,209 [coda_prompt.py] => Learning on 160-170
2026-06-07 20:54:57,168 [coda_prompt.py] => Task 16, Epoch 20/20 => Loss 0.185, Train_accy 92.98, Test_accy 67.73
2026-06-07 20:57:33,798 [trainer.py] => No NME accuracy.
2026-06-07 20:57:33,799 [trainer.py] => CNN: {'total': 67.73, '00-09': 75.69, '10-19': 61.52, '20-29': 55.86, '30-39': 63.84, '40-49': 70.31, '50-59': 59.24, '60-69': 65.4, '70-79': 70.26, '80-89': 78.57, '90-99': 64.97, '100-109': 70.67, '110-119': 72.49, '120-129': 67.09, '130-139': 68.95, '140-149': 63.9, '150-159': 75.83, '160-169': 69.13, 'old': 67.64, 'new': 69.13}
2026-06-07 20:57:33,799 [trainer.py] => CNN top1 curve: [86.81, 79.35, 73.89, 71.85, 73.0, 70.97, 70.72, 70.86, 70.39, 69.82, 69.21, 69.06, 68.24, 67.96, 67.71, 67.95, 67.73]
2026-06-07 20:57:33,799 [trainer.py] => CNN top5 curve: [98.96, 95.5, 92.0, 91.39, 90.09, 88.88, 88.38, 87.29, 87.09, 86.24, 86.07, 86.36, 85.24, 85.36, 85.0, 85.27, 84.78]
2026-06-07 20:57:33,799 [trainer.py] => Average Accuracy (CNN): 71.5
2026-06-07 20:57:33,800 [trainer.py] => All params: 89792456
2026-06-07 20:57:33,800 [trainer.py] => Trainable params: 89792456
2026-06-07 20:58:44,561 [coda_prompt.py] => Learning on 170-180
2026-06-07 21:34:47,956 [coda_prompt.py] => Task 17, Epoch 20/20 => Loss 0.116, Train_accy 96.37, Test_accy 67.24
2026-06-07 21:37:34,370 [trainer.py] => No NME accuracy.
2026-06-07 21:37:34,400 [trainer.py] => CNN: {'total': 67.24, '00-09': 76.04, '10-19': 62.36, '20-29': 56.64, '30-39': 63.56, '40-49': 69.69, '50-59': 58.92, '60-69': 65.08, '70-79': 69.93, '80-89': 77.55, '90-99': 63.57, '100-109': 69.33, '110-119': 71.84, '120-129': 66.24, '130-139': 69.31, '140-149': 64.98, '150-159': 75.83, '160-169': 69.13, '170-179': 63.09, 'old': 67.49, 'new': 63.09}
2026-06-07 21:37:34,400 [trainer.py] => CNN top1 curve: [86.81, 79.35, 73.89, 71.85, 73.0, 70.97, 70.72, 70.86, 70.39, 69.82, 69.21, 69.06, 68.24, 67.96, 67.71, 67.95, 67.73, 67.24]
2026-06-07 21:37:34,400 [trainer.py] => CNN top5 curve: [98.96, 95.5, 92.0, 91.39, 90.09, 88.88, 88.38, 87.29, 87.09, 86.24, 86.07, 86.36, 85.24, 85.36, 85.0, 85.27, 84.78, 84.75]
2026-06-07 21:37:34,400 [trainer.py] => Average Accuracy (CNN): 71.26
2026-06-07 21:37:34,401 [trainer.py] => All params: 89792456
2026-06-07 21:37:34,401 [trainer.py] => Trainable params: 89792456
2026-06-07 21:38:52,090 [coda_prompt.py] => Learning on 180-190
2026-06-07 22:11:22,835 [coda_prompt.py] => Task 18, Epoch 20/20 => Loss 0.129, Train_accy 96.26, Test_accy 66.67
2026-06-07 22:14:14,880 [trainer.py] => No NME accuracy.
2026-06-07 22:14:14,916 [trainer.py] => CNN: {'total': 66.67, '00-09': 75.69, '10-19': 62.64, '20-29': 57.03, '30-39': 62.99, '40-49': 69.38, '50-59': 58.6, '60-69': 65.08, '70-79': 69.61, '80-89': 76.19, '90-99': 63.57, '100-109': 69.78, '110-119': 71.52, '120-129': 65.4, '130-139': 69.68, '140-149': 64.62, '150-159': 75.83, '160-169': 68.46, '170-179': 62.78, '180-189': 58.9, 'old': 67.0, 'new': 58.9}
2026-06-07 22:14:14,916 [trainer.py] => CNN top1 curve: [86.81, 79.35, 73.89, 71.85, 73.0, 70.97, 70.72, 70.86, 70.39, 69.82, 69.21, 69.06, 68.24, 67.96, 67.71, 67.95, 67.73, 67.24, 66.67]
2026-06-07 22:14:14,916 [trainer.py] => CNN top5 curve: [98.96, 95.5, 92.0, 91.39, 90.09, 88.88, 88.38, 87.29, 87.09, 86.24, 86.07, 86.36, 85.24, 85.36, 85.0, 85.27, 84.78, 84.75, 84.47]
2026-06-07 22:14:14,916 [trainer.py] => Average Accuracy (CNN): 71.02
2026-06-07 22:14:14,917 [trainer.py] => All params: 89792456
2026-06-07 22:14:14,918 [trainer.py] => Trainable params: 89792456
2026-06-07 22:15:35,521 [coda_prompt.py] => Learning on 190-200
2026-06-07 22:51:25,033 [coda_prompt.py] => Task 19, Epoch 20/20 => Loss 0.154, Train_accy 95.66, Test_accy 65.87
2026-06-07 22:54:27,344 [trainer.py] => No NME accuracy.
2026-06-07 22:54:27,378 [trainer.py] => CNN: {'total': 65.87, '00-09': 74.31, '10-19': 60.96, '20-29': 56.25, '30-39': 62.71, '40-49': 70.31, '50-59': 59.55, '60-69': 64.44, '70-79': 68.95, '80-89': 76.53, '90-99': 63.34, '100-109': 70.67, '110-119': 72.17, '120-129': 66.24, '130-139': 69.68, '140-149': 65.7, '150-159': 74.83, '160-169': 67.45, '170-179': 61.83, '180-189': 58.05, '190-199': 54.51, 'old': 66.44, 'new': 54.51}
2026-06-07 22:54:27,379 [trainer.py] => CNN top1 curve: [86.81, 79.35, 73.89, 71.85, 73.0, 70.97, 70.72, 70.86, 70.39, 69.82, 69.21, 69.06, 68.24, 67.96, 67.71, 67.95, 67.73, 67.24, 66.67, 65.87]
2026-06-07 22:54:27,379 [trainer.py] => CNN top5 curve: [98.96, 95.5, 92.0, 91.39, 90.09, 88.88, 88.38, 87.29, 87.09, 86.24, 86.07, 86.36, 85.24, 85.36, 85.0, 85.27, 84.78, 84.75, 84.47, 84.03]
2026-06-07 22:54:27,379 [trainer.py] => Average Accuracy (CNN): 70.77
