2026-06-22 16:26:27,272 [trainer.py] => config: ./configs/coda_prompt/coda_prompt_omn_B0_Inc20.json
2026-06-22 16:26:27,272 [trainer.py] => prefix:  
2026-06-22 16:26:27,272 [trainer.py] => dataset: omnibenchmark
2026-06-22 16:26:27,272 [trainer.py] => memory_size: 0
2026-06-22 16:26:27,272 [trainer.py] => memory_per_class: 0
2026-06-22 16:26:27,272 [trainer.py] => fixed_memory: False
2026-06-22 16:26:27,272 [trainer.py] => shuffle: True
2026-06-22 16:26:27,272 [trainer.py] => init_cls: 20
2026-06-22 16:26:27,272 [trainer.py] => increment: 20
2026-06-22 16:26:27,272 [trainer.py] => model_name: coda_prompt
2026-06-22 16:26:27,272 [trainer.py] => backbone_type: vit_base_patch16_224_in21k_coda_prompt
2026-06-22 16:26:27,272 [trainer.py] => device: [device(type='cuda', index=3)]
2026-06-22 16:26:27,272 [trainer.py] => seed: 1993
2026-06-22 16:26:27,272 [trainer.py] => tuned_epoch: 20
2026-06-22 16:26:27,272 [trainer.py] => init_lr: 0.001
2026-06-22 16:26:27,273 [trainer.py] => batch_size: 128
2026-06-22 16:26:27,273 [trainer.py] => weight_decay: 0
2026-06-22 16:26:27,273 [trainer.py] => min_lr: 1e-05
2026-06-22 16:26:27,273 [trainer.py] => optimizer: adam
2026-06-22 16:26:27,273 [trainer.py] => scheduler: cosine
2026-06-22 16:26:27,273 [trainer.py] => reinit_optimizer: True
2026-06-22 16:26:27,273 [trainer.py] => pretrained: True
2026-06-22 16:26:27,273 [trainer.py] => drop: 0.0
2026-06-22 16:26:27,273 [trainer.py] => drop_path: 0.0
2026-06-22 16:26:27,273 [trainer.py] => prompt_param: [100, 8.0, 0.0]
2026-06-22 16:26:27,273 [trainer.py] => nb_classes: 300
2026-06-22 16:26:27,273 [trainer.py] => nb_tasks: 15
2026-06-22 16:26:28,856 [data_manager.py] => [169, 221, 146, 296, 92, 229, 49, 70, 126, 77, 243, 57, 120, 223, 27, 217, 154, 8, 101, 182, 54, 50, 97, 162, 28, 193, 79, 6, 151, 0, 173, 187, 44, 277, 157, 16, 257, 122, 35, 9, 171, 176, 134, 4, 87, 255, 112, 153, 246, 286, 147, 186, 107, 98, 10, 7, 266, 214, 36, 165, 139, 254, 103, 269, 59, 23, 298, 39, 73, 208, 135, 299, 102, 20, 12, 268, 11, 209, 161, 210, 74, 42, 56, 99, 235, 133, 159, 189, 145, 238, 215, 241, 138, 195, 233, 279, 88, 199, 64, 280, 26, 203, 17, 245, 174, 236, 137, 252, 80, 68, 181, 150, 118, 94, 75, 2, 109, 119, 232, 15, 69, 184, 201, 261, 55, 287, 273, 66, 175, 32, 142, 136, 116, 76, 179, 1, 91, 248, 275, 240, 290, 170, 132, 106, 265, 270, 85, 19, 284, 43, 259, 293, 228, 200, 104, 227, 51, 224, 163, 297, 216, 260, 93, 46, 100, 272, 105, 72, 131, 3, 156, 256, 249, 48, 113, 82, 172, 213, 62, 53, 271, 168, 253, 226, 183, 180, 276, 283, 78, 61, 143, 278, 30, 141, 196, 264, 231, 52, 222, 40, 125, 219, 65, 166, 192, 289, 45, 205, 89, 267, 90, 71, 167, 262, 281, 212, 96, 84, 127, 67, 294, 178, 288, 197, 21, 18, 111, 108, 58, 230, 188, 31, 110, 291, 129, 24, 204, 83, 81, 251, 60, 13, 128, 14, 86, 63, 117, 198, 274, 5, 22, 144, 258, 121, 38, 207, 148, 292, 41, 234, 237, 114, 202, 37, 149, 206, 155, 29, 130, 177, 194, 152, 34, 33, 239, 160, 140, 47, 244, 25, 282, 158, 211, 123, 190, 218, 164, 247, 263, 191, 220, 115, 242, 250, 124, 295, 95, 285, 225, 185]
2026-06-22 16:26:32,867 [coda_prompt.py] => 89,869,356 total parameters.
2026-06-22 16:26:32,868 [coda_prompt.py] => 4,070,700 fc and prompt training parameters.
2026-06-22 16:26:32,868 [trainer.py] => All params: 89869356
2026-06-22 16:26:32,869 [trainer.py] => Trainable params: 89869356
2026-06-22 16:26:32,869 [coda_prompt.py] => Learning on 0-20
2026-06-22 17:27:04,824 [coda_prompt.py] => Task 0, Epoch 20/20 => Loss 0.082, Train_accy 97.27, Test_accy 96.75
2026-06-22 17:27:12,555 [trainer.py] => No NME accuracy.
2026-06-22 17:27:12,555 [trainer.py] => CNN: {'total': 96.75, '00-19': 96.75, 'old': 0, 'new': 96.75}
2026-06-22 17:27:12,556 [trainer.py] => CNN top1 curve: [96.75]
2026-06-22 17:27:12,556 [trainer.py] => CNN top5 curve: [100.0]
2026-06-22 17:27:12,556 [trainer.py] => Average Accuracy (CNN): 96.75
2026-06-22 17:27:12,556 [trainer.py] => All params: 89869356
2026-06-22 17:27:12,557 [trainer.py] => Trainable params: 89869356
2026-06-22 17:27:16,084 [coda_prompt.py] => Learning on 20-40
2026-06-22 18:29:07,840 [coda_prompt.py] => Task 1, Epoch 20/20 => Loss 0.083, Train_accy 97.23, Test_accy 89.62
2026-06-22 18:29:21,727 [trainer.py] => No NME accuracy.
2026-06-22 18:29:21,728 [trainer.py] => CNN: {'total': 89.62, '00-19': 96.5, '20-39': 82.75, 'old': 96.5, 'new': 82.75}
2026-06-22 18:29:21,728 [trainer.py] => CNN top1 curve: [96.75, 89.62]
2026-06-22 18:29:21,728 [trainer.py] => CNN top5 curve: [100.0, 99.75]
2026-06-22 18:29:21,728 [trainer.py] => Average Accuracy (CNN): 93.18
2026-06-22 18:29:21,729 [trainer.py] => All params: 89869356
2026-06-22 18:29:21,731 [trainer.py] => Trainable params: 89869356
2026-06-22 18:29:27,834 [coda_prompt.py] => Learning on 40-60
2026-06-22 19:32:16,501 [coda_prompt.py] => Task 2, Epoch 20/20 => Loss 0.077, Train_accy 97.55, Test_accy 84.82
2026-06-22 19:32:32,741 [trainer.py] => No NME accuracy.
2026-06-22 19:32:32,742 [trainer.py] => CNN: {'total': 84.82, '00-19': 88.0, '20-39': 79.25, '40-59': 87.22, 'old': 83.62, 'new': 87.22}
2026-06-22 19:32:32,742 [trainer.py] => CNN top1 curve: [96.75, 89.62, 84.82]
2026-06-22 19:32:32,742 [trainer.py] => CNN top5 curve: [100.0, 99.75, 98.92]
2026-06-22 19:32:32,742 [trainer.py] => Average Accuracy (CNN): 90.4
2026-06-22 19:32:32,744 [trainer.py] => All params: 89869356
2026-06-22 19:32:32,745 [trainer.py] => Trainable params: 89869356
2026-06-22 19:32:36,194 [coda_prompt.py] => Learning on 60-80
2026-06-22 20:34:16,265 [coda_prompt.py] => Task 3, Epoch 20/20 => Loss 0.074, Train_accy 97.54, Test_accy 82.61
2026-06-22 20:34:41,760 [trainer.py] => No NME accuracy.
2026-06-22 20:34:41,760 [trainer.py] => CNN: {'total': 82.61, '00-19': 87.5, '20-39': 77.5, '40-59': 85.21, '60-79': 80.25, 'old': 83.4, 'new': 80.25}
2026-06-22 20:34:41,760 [trainer.py] => CNN top1 curve: [96.75, 89.62, 84.82, 82.61]
2026-06-22 20:34:41,760 [trainer.py] => CNN top5 curve: [100.0, 99.75, 98.92, 98.37]
2026-06-22 20:34:41,760 [trainer.py] => Average Accuracy (CNN): 88.45
2026-06-22 20:34:41,761 [trainer.py] => All params: 89869356
2026-06-22 20:34:41,761 [trainer.py] => Trainable params: 89869356
2026-06-22 20:34:51,425 [coda_prompt.py] => Learning on 80-100
2026-06-22 21:36:14,043 [coda_prompt.py] => Task 4, Epoch 20/20 => Loss 0.109, Train_accy 96.16, Test_accy 80.67
2026-06-22 21:36:45,403 [trainer.py] => No NME accuracy.
2026-06-22 21:36:45,403 [trainer.py] => CNN: {'total': 80.67, '00-19': 86.5, '20-39': 77.25, '40-59': 85.46, '60-79': 79.5, '80-99': 74.62, 'old': 82.18, 'new': 74.62}
2026-06-22 21:36:45,404 [trainer.py] => CNN top1 curve: [96.75, 89.62, 84.82, 82.61, 80.67]
2026-06-22 21:36:45,404 [trainer.py] => CNN top5 curve: [100.0, 99.75, 98.92, 98.37, 97.55]
2026-06-22 21:36:45,404 [trainer.py] => Average Accuracy (CNN): 86.89
2026-06-22 21:36:45,405 [trainer.py] => All params: 89869356
2026-06-22 21:36:45,405 [trainer.py] => Trainable params: 89869356
2026-06-22 21:36:59,029 [coda_prompt.py] => Learning on 100-120
2026-06-22 22:41:22,047 [coda_prompt.py] => Task 5, Epoch 20/20 => Loss 0.120, Train_accy 95.94, Test_accy 78.83
2026-06-22 22:41:59,041 [trainer.py] => No NME accuracy.
2026-06-22 22:41:59,041 [trainer.py] => CNN: {'total': 78.83, '00-19': 85.75, '20-39': 76.5, '40-59': 81.7, '60-79': 78.5, '80-99': 74.62, '100-119': 75.88, 'old': 79.42, 'new': 75.88}
2026-06-22 22:41:59,041 [trainer.py] => CNN top1 curve: [96.75, 89.62, 84.82, 82.61, 80.67, 78.83]
2026-06-22 22:41:59,041 [trainer.py] => CNN top5 curve: [100.0, 99.75, 98.92, 98.37, 97.55, 96.49]
2026-06-22 22:41:59,041 [trainer.py] => Average Accuracy (CNN): 85.55
2026-06-22 22:41:59,042 [trainer.py] => All params: 89869356
2026-06-22 22:41:59,042 [trainer.py] => Trainable params: 89869356
2026-06-22 22:42:15,137 [coda_prompt.py] => Learning on 120-140
2026-06-22 23:47:12,072 [coda_prompt.py] => Task 6, Epoch 20/20 => Loss 0.086, Train_accy 96.96, Test_accy 77.32
2026-06-22 23:47:55,551 [trainer.py] => No NME accuracy.
2026-06-22 23:47:55,551 [trainer.py] => CNN: {'total': 77.32, '00-19': 85.5, '20-39': 75.5, '40-59': 80.95, '60-79': 75.75, '80-99': 73.62, '100-119': 72.86, '120-139': 77.0, 'old': 77.37, 'new': 77.0}
2026-06-22 23:47:55,551 [trainer.py] => CNN top1 curve: [96.75, 89.62, 84.82, 82.61, 80.67, 78.83, 77.32]
2026-06-22 23:47:55,551 [trainer.py] => CNN top5 curve: [100.0, 99.75, 98.92, 98.37, 97.55, 96.49, 95.53]
2026-06-22 23:47:55,551 [trainer.py] => Average Accuracy (CNN): 84.37
2026-06-22 23:47:55,552 [trainer.py] => All params: 89869356
2026-06-22 23:47:55,553 [trainer.py] => Trainable params: 89869356
2026-06-22 23:48:14,156 [coda_prompt.py] => Learning on 140-160
2026-06-23 00:53:58,876 [coda_prompt.py] => Task 7, Epoch 20/20 => Loss 0.102, Train_accy 96.67, Test_accy 75.38
2026-06-23 00:54:48,640 [trainer.py] => No NME accuracy.
2026-06-23 00:54:48,640 [trainer.py] => CNN: {'total': 75.38, '00-19': 81.5, '20-39': 74.5, '40-59': 76.44, '60-79': 75.0, '80-99': 72.61, '100-119': 67.34, '120-139': 77.5, '140-159': 78.14, 'old': 74.99, 'new': 78.14}
2026-06-23 00:54:48,640 [trainer.py] => CNN top1 curve: [96.75, 89.62, 84.82, 82.61, 80.67, 78.83, 77.32, 75.38]
2026-06-23 00:54:48,640 [trainer.py] => CNN top5 curve: [100.0, 99.75, 98.92, 98.37, 97.55, 96.49, 95.53, 94.24]
2026-06-23 00:54:48,641 [trainer.py] => Average Accuracy (CNN): 83.25
2026-06-23 00:54:48,641 [trainer.py] => All params: 89869356
2026-06-23 00:54:48,642 [trainer.py] => Trainable params: 89869356
2026-06-23 00:55:09,826 [coda_prompt.py] => Learning on 160-180
2026-06-23 01:58:48,321 [coda_prompt.py] => Task 8, Epoch 20/20 => Loss 0.089, Train_accy 97.33, Test_accy 72.38
2026-06-23 01:59:44,565 [trainer.py] => No NME accuracy.
2026-06-23 01:59:44,565 [trainer.py] => CNN: {'total': 72.38, '00-19': 80.5, '20-39': 73.5, '40-59': 75.69, '60-79': 71.5, '80-99': 72.36, '100-119': 66.08, '120-139': 77.5, '140-159': 75.63, '160-179': 58.65, 'old': 74.1, 'new': 58.65}
2026-06-23 01:59:44,565 [trainer.py] => CNN top1 curve: [96.75, 89.62, 84.82, 82.61, 80.67, 78.83, 77.32, 75.38, 72.38]
2026-06-23 01:59:44,565 [trainer.py] => CNN top5 curve: [100.0, 99.75, 98.92, 98.37, 97.55, 96.49, 95.53, 94.24, 92.73]
2026-06-23 01:59:44,565 [trainer.py] => Average Accuracy (CNN): 82.04
2026-06-23 01:59:44,566 [trainer.py] => All params: 89869356
2026-06-23 01:59:44,567 [trainer.py] => Trainable params: 89869356
2026-06-23 02:00:06,716 [coda_prompt.py] => Learning on 180-200
2026-06-23 03:03:14,825 [coda_prompt.py] => Task 9, Epoch 20/20 => Loss 0.062, Train_accy 97.82, Test_accy 72.06
2026-06-23 03:04:16,219 [trainer.py] => No NME accuracy.
2026-06-23 03:04:16,224 [trainer.py] => CNN: {'total': 72.06, '00-19': 79.75, '20-39': 72.5, '40-59': 75.19, '60-79': 70.75, '80-99': 70.85, '100-119': 65.33, '120-139': 76.75, '140-159': 72.86, '160-179': 57.14, '180-199': 79.4, 'old': 71.24, 'new': 79.4}
2026-06-23 03:04:16,224 [trainer.py] => CNN top1 curve: [96.75, 89.62, 84.82, 82.61, 80.67, 78.83, 77.32, 75.38, 72.38, 72.06]
2026-06-23 03:04:16,224 [trainer.py] => CNN top5 curve: [100.0, 99.75, 98.92, 98.37, 97.55, 96.49, 95.53, 94.24, 92.73, 92.28]
2026-06-23 03:04:16,224 [trainer.py] => Average Accuracy (CNN): 81.04
2026-06-23 03:04:16,225 [trainer.py] => All params: 89869356
2026-06-23 03:04:16,225 [trainer.py] => Trainable params: 89869356
2026-06-23 03:04:41,435 [coda_prompt.py] => Learning on 200-220
2026-06-23 04:12:28,946 [coda_prompt.py] => Task 10, Epoch 20/20 => Loss 0.294, Train_accy 90.02, Test_accy 69.36
2026-06-23 04:13:35,895 [trainer.py] => No NME accuracy.
2026-06-23 04:13:35,895 [trainer.py] => CNN: {'total': 69.36, '00-19': 80.0, '20-39': 70.75, '40-59': 74.19, '60-79': 71.5, '80-99': 70.6, '100-119': 64.07, '120-139': 76.0, '140-159': 72.61, '160-179': 56.64, '180-199': 77.39, '200-219': 49.12, 'old': 71.38, 'new': 49.12}
2026-06-23 04:13:35,895 [trainer.py] => CNN top1 curve: [96.75, 89.62, 84.82, 82.61, 80.67, 78.83, 77.32, 75.38, 72.38, 72.06, 69.36]
2026-06-23 04:13:35,896 [trainer.py] => CNN top5 curve: [100.0, 99.75, 98.92, 98.37, 97.55, 96.49, 95.53, 94.24, 92.73, 92.28, 89.91]
2026-06-23 04:13:35,896 [trainer.py] => Average Accuracy (CNN): 79.98
2026-06-23 04:13:35,896 [trainer.py] => All params: 89869356
2026-06-23 04:13:35,897 [trainer.py] => Trainable params: 89869356
2026-06-23 04:14:00,128 [coda_prompt.py] => Learning on 220-240
2026-06-23 05:20:38,428 [coda_prompt.py] => Task 11, Epoch 20/20 => Loss 0.052, Train_accy 98.13, Test_accy 68.86
2026-06-23 05:21:52,394 [trainer.py] => No NME accuracy.
2026-06-23 05:21:52,415 [trainer.py] => CNN: {'total': 68.86, '00-19': 79.5, '20-39': 70.0, '40-59': 73.18, '60-79': 71.25, '80-99': 70.6, '100-119': 60.3, '120-139': 73.25, '140-159': 71.11, '160-179': 55.14, '180-199': 77.14, '200-219': 48.37, '220-239': 76.44, 'old': 68.17, 'new': 76.44}
2026-06-23 05:21:52,415 [trainer.py] => CNN top1 curve: [96.75, 89.62, 84.82, 82.61, 80.67, 78.83, 77.32, 75.38, 72.38, 72.06, 69.36, 68.86]
2026-06-23 05:21:52,415 [trainer.py] => CNN top5 curve: [100.0, 99.75, 98.92, 98.37, 97.55, 96.49, 95.53, 94.24, 92.73, 92.28, 89.91, 89.33]
2026-06-23 05:21:52,416 [trainer.py] => Average Accuracy (CNN): 79.06
2026-06-23 05:21:52,418 [trainer.py] => All params: 89869356
2026-06-23 05:21:52,419 [trainer.py] => Trainable params: 89869356
2026-06-23 05:22:18,095 [coda_prompt.py] => Learning on 240-260
2026-06-23 06:29:12,808 [coda_prompt.py] => Task 12, Epoch 20/20 => Loss 0.090, Train_accy 96.97, Test_accy 67.57
2026-06-23 06:30:32,853 [trainer.py] => No NME accuracy.
2026-06-23 06:30:32,854 [trainer.py] => CNN: {'total': 67.57, '00-19': 79.25, '20-39': 70.0, '40-59': 71.68, '60-79': 70.0, '80-99': 69.35, '100-119': 57.79, '120-139': 69.5, '140-159': 69.85, '160-179': 54.14, '180-199': 75.63, '200-219': 46.62, '220-239': 74.69, '240-259': 69.92, 'old': 67.38, 'new': 69.92}
2026-06-23 06:30:32,854 [trainer.py] => CNN top1 curve: [96.75, 89.62, 84.82, 82.61, 80.67, 78.83, 77.32, 75.38, 72.38, 72.06, 69.36, 68.86, 67.57]
2026-06-23 06:30:32,854 [trainer.py] => CNN top5 curve: [100.0, 99.75, 98.92, 98.37, 97.55, 96.49, 95.53, 94.24, 92.73, 92.28, 89.91, 89.33, 89.71]
2026-06-23 06:30:32,854 [trainer.py] => Average Accuracy (CNN): 78.17
2026-06-23 06:30:32,855 [trainer.py] => All params: 89869356
2026-06-23 06:30:32,855 [trainer.py] => Trainable params: 89869356
2026-06-23 06:30:54,530 [coda_prompt.py] => Learning on 260-280
2026-06-23 07:34:55,096 [coda_prompt.py] => Task 13, Epoch 20/20 => Loss 0.037, Train_accy 98.76, Test_accy 67.58
2026-06-23 07:36:19,071 [trainer.py] => No NME accuracy.
2026-06-23 07:36:19,071 [trainer.py] => CNN: {'total': 67.58, '00-19': 78.25, '20-39': 69.0, '40-59': 71.18, '60-79': 70.0, '80-99': 69.35, '100-119': 57.29, '120-139': 69.25, '140-159': 67.84, '160-179': 52.13, '180-199': 74.12, '200-219': 45.36, '220-239': 73.43, '240-259': 69.92, '260-279': 78.95, 'old': 66.71, 'new': 78.95}
2026-06-23 07:36:19,071 [trainer.py] => CNN top1 curve: [96.75, 89.62, 84.82, 82.61, 80.67, 78.83, 77.32, 75.38, 72.38, 72.06, 69.36, 68.86, 67.57, 67.58]
2026-06-23 07:36:19,071 [trainer.py] => CNN top5 curve: [100.0, 99.75, 98.92, 98.37, 97.55, 96.49, 95.53, 94.24, 92.73, 92.28, 89.91, 89.33, 89.71, 89.4]
2026-06-23 07:36:19,071 [trainer.py] => Average Accuracy (CNN): 77.41
2026-06-23 07:36:19,072 [trainer.py] => All params: 89869356
2026-06-23 07:36:19,073 [trainer.py] => Trainable params: 89869356
2026-06-23 07:36:50,383 [coda_prompt.py] => Learning on 280-300
2026-06-23 08:42:47,939 [coda_prompt.py] => Task 14, Epoch 20/20 => Loss 0.076, Train_accy 97.35, Test_accy 67.87
2026-06-23 08:43:59,237 [trainer.py] => No NME accuracy.
2026-06-23 08:43:59,238 [trainer.py] => CNN: {'total': 67.87, '00-19': 78.25, '20-39': 69.75, '40-59': 70.68, '60-79': 70.25, '80-99': 69.6, '100-119': 57.29, '120-139': 69.0, '140-159': 68.59, '160-179': 51.63, '180-199': 73.37, '200-219': 44.86, '220-239': 73.43, '240-259': 70.43, '260-279': 77.69, '280-299': 73.18, 'old': 67.49, 'new': 73.18}
2026-06-23 08:43:59,238 [trainer.py] => CNN top1 curve: [96.75, 89.62, 84.82, 82.61, 80.67, 78.83, 77.32, 75.38, 72.38, 72.06, 69.36, 68.86, 67.57, 67.58, 67.87]
2026-06-23 08:43:59,238 [trainer.py] => CNN top5 curve: [100.0, 99.75, 98.92, 98.37, 97.55, 96.49, 95.53, 94.24, 92.73, 92.28, 89.91, 89.33, 89.71, 89.4, 89.22]
2026-06-23 08:43:59,238 [trainer.py] => Average Accuracy (CNN): 76.78
