2026-06-24 00:59:15,264 [trainer.py] => config: ./configs/coda_prompt/coda_prompt_omn_B0_Inc30.json
2026-06-24 00:59:15,265 [trainer.py] => prefix:  
2026-06-24 00:59:15,265 [trainer.py] => dataset: omnibenchmark
2026-06-24 00:59:15,265 [trainer.py] => memory_size: 0
2026-06-24 00:59:15,265 [trainer.py] => memory_per_class: 0
2026-06-24 00:59:15,265 [trainer.py] => fixed_memory: False
2026-06-24 00:59:15,265 [trainer.py] => shuffle: True
2026-06-24 00:59:15,265 [trainer.py] => init_cls: 30
2026-06-24 00:59:15,265 [trainer.py] => increment: 30
2026-06-24 00:59:15,266 [trainer.py] => model_name: coda_prompt
2026-06-24 00:59:15,266 [trainer.py] => backbone_type: vit_base_patch16_224_in21k_coda_prompt
2026-06-24 00:59:15,266 [trainer.py] => device: [device(type='cuda', index=3)]
2026-06-24 00:59:15,266 [trainer.py] => seed: 42
2026-06-24 00:59:15,266 [trainer.py] => tuned_epoch: 20
2026-06-24 00:59:15,266 [trainer.py] => init_lr: 0.001
2026-06-24 00:59:15,266 [trainer.py] => batch_size: 128
2026-06-24 00:59:15,266 [trainer.py] => weight_decay: 0
2026-06-24 00:59:15,266 [trainer.py] => min_lr: 1e-05
2026-06-24 00:59:15,266 [trainer.py] => optimizer: adam
2026-06-24 00:59:15,266 [trainer.py] => scheduler: cosine
2026-06-24 00:59:15,267 [trainer.py] => reinit_optimizer: True
2026-06-24 00:59:15,267 [trainer.py] => pretrained: True
2026-06-24 00:59:15,267 [trainer.py] => drop: 0.0
2026-06-24 00:59:15,267 [trainer.py] => drop_path: 0.0
2026-06-24 00:59:15,267 [trainer.py] => prompt_param: [100, 8.0, 0.0]
2026-06-24 00:59:16,907 [data_manager.py] => [203, 266, 152, 9, 233, 226, 196, 109, 5, 175, 237, 57, 218, 45, 182, 221, 289, 211, 148, 165, 78, 113, 249, 250, 104, 42, 281, 295, 157, 238, 17, 164, 33, 24, 215, 119, 7, 90, 46, 73, 93, 76, 286, 60, 77, 63, 234, 229, 111, 231, 180, 144, 239, 75, 297, 278, 97, 92, 192, 25, 232, 59, 6, 185, 173, 30, 22, 256, 56, 186, 108, 126, 230, 193, 129, 282, 82, 84, 66, 288, 163, 154, 19, 124, 79, 114, 118, 72, 15, 10, 194, 101, 68, 224, 37, 16, 179, 147, 274, 67, 228, 69, 31, 183, 265, 225, 140, 18, 181, 96, 132, 262, 86, 248, 245, 116, 146, 292, 197, 206, 55, 172, 184, 167, 139, 253, 38, 125, 195, 283, 137, 112, 168, 117, 277, 271, 155, 176, 178, 2, 115, 143, 177, 120, 210, 260, 127, 74, 29, 83, 269, 107, 223, 158, 280, 246, 222, 65, 198, 85, 213, 159, 12, 35, 28, 142, 284, 254, 170, 51, 95, 208, 247, 41, 89, 244, 136, 26, 293, 141, 200, 0, 268, 272, 100, 259, 255, 171, 98, 36, 61, 150, 236, 202, 242, 11, 296, 267, 27, 219, 4, 122, 32, 204, 162, 209, 285, 138, 62, 135, 128, 290, 8, 70, 264, 64, 44, 279, 156, 40, 123, 275, 216, 153, 23, 261, 110, 81, 207, 212, 39, 240, 291, 258, 199, 14, 47, 94, 263, 227, 273, 201, 161, 43, 217, 145, 190, 220, 251, 3, 105, 53, 133, 1, 131, 103, 49, 80, 205, 34, 91, 52, 241, 13, 88, 166, 294, 134, 287, 243, 54, 50, 174, 189, 298, 187, 169, 58, 48, 235, 252, 21, 160, 276, 191, 257, 149, 130, 151, 99, 87, 214, 121, 299, 20, 188, 71, 106, 270, 102]
2026-06-24 00:59:38,509 [coda_prompt.py] => 89,869,356 total parameters.
2026-06-24 00:59:38,516 [coda_prompt.py] => 4,070,700 fc and prompt training parameters.
2026-06-24 00:59:38,517 [trainer.py] => All params: 89869356
2026-06-24 00:59:38,517 [trainer.py] => Trainable params: 89869356
2026-06-24 00:59:38,517 [coda_prompt.py] => Learning on 0-30
2026-06-24 02:31:33,788 [coda_prompt.py] => Task 0, Epoch 20/20 => Loss 0.104, Train_accy 96.80, Test_accy 95.98
2026-06-24 02:31:42,163 [trainer.py] => No NME accuracy.
2026-06-24 02:31:42,163 [trainer.py] => CNN: {'total': 95.98, '00-29': 95.98, 'old': 0, 'new': 95.98}
2026-06-24 02:31:42,163 [trainer.py] => CNN top1 curve: [95.98]
2026-06-24 02:31:42,163 [trainer.py] => CNN top5 curve: [99.83]
2026-06-24 02:31:42,164 [trainer.py] => Average Accuracy (CNN): 95.98
2026-06-24 02:31:42,164 [trainer.py] => All params: 89869356
2026-06-24 02:31:42,165 [trainer.py] => Trainable params: 89869356
2026-06-24 02:31:44,058 [coda_prompt.py] => Learning on 30-60
2026-06-24 04:03:04,747 [coda_prompt.py] => Task 1, Epoch 20/20 => Loss 0.156, Train_accy 95.22, Test_accy 83.19
2026-06-24 04:03:24,515 [trainer.py] => No NME accuracy.
2026-06-24 04:03:24,515 [trainer.py] => CNN: {'total': 83.19, '00-29': 91.62, '30-59': 74.79, 'old': 91.62, 'new': 74.79}
2026-06-24 04:03:24,516 [trainer.py] => CNN top1 curve: [95.98, 83.19]
2026-06-24 04:03:24,516 [trainer.py] => CNN top5 curve: [99.83, 99.25]
2026-06-24 04:03:24,516 [trainer.py] => Average Accuracy (CNN): 89.58
2026-06-24 04:03:24,516 [trainer.py] => All params: 89869356
2026-06-24 04:03:24,517 [trainer.py] => Trainable params: 89869356
2026-06-24 04:03:40,961 [coda_prompt.py] => Learning on 60-90
2026-06-24 05:35:23,931 [coda_prompt.py] => Task 2, Epoch 20/20 => Loss 0.119, Train_accy 96.06, Test_accy 81.96
2026-06-24 05:35:47,834 [trainer.py] => No NME accuracy.
2026-06-24 05:35:47,835 [trainer.py] => CNN: {'total': 81.96, '00-29': 89.95, '30-59': 73.79, '60-89': 82.17, 'old': 81.86, 'new': 82.17}
2026-06-24 05:35:47,835 [trainer.py] => CNN top1 curve: [95.98, 83.19, 81.96]
2026-06-24 05:35:47,835 [trainer.py] => CNN top5 curve: [99.83, 99.25, 97.66]
2026-06-24 05:35:47,835 [trainer.py] => Average Accuracy (CNN): 87.04
2026-06-24 05:35:47,836 [trainer.py] => All params: 89869356
2026-06-24 05:35:47,837 [trainer.py] => Trainable params: 89869356
2026-06-24 05:35:56,503 [coda_prompt.py] => Learning on 90-120
2026-06-24 07:15:47,054 [coda_prompt.py] => Task 3, Epoch 20/20 => Loss 0.092, Train_accy 97.05, Test_accy 78.44
2026-06-24 07:16:23,250 [trainer.py] => No NME accuracy.
2026-06-24 07:16:23,272 [trainer.py] => CNN: {'total': 78.44, '00-29': 88.11, '30-59': 71.62, '60-89': 80.0, '90-119': 74.04, 'old': 79.9, 'new': 74.04}
2026-06-24 07:16:23,272 [trainer.py] => CNN top1 curve: [95.98, 83.19, 81.96, 78.44]
2026-06-24 07:16:23,272 [trainer.py] => CNN top5 curve: [99.83, 99.25, 97.66, 96.57]
2026-06-24 07:16:23,272 [trainer.py] => Average Accuracy (CNN): 84.89
2026-06-24 07:16:23,273 [trainer.py] => All params: 89869356
2026-06-24 07:16:23,273 [trainer.py] => Trainable params: 89869356
2026-06-24 07:16:36,321 [coda_prompt.py] => Learning on 120-150
2026-06-24 08:41:58,630 [coda_prompt.py] => Task 4, Epoch 20/20 => Loss 0.060, Train_accy 98.06, Test_accy 77.49
2026-06-24 08:42:45,613 [trainer.py] => No NME accuracy.
2026-06-24 08:42:45,624 [trainer.py] => CNN: {'total': 77.49, '00-29': 84.25, '30-59': 68.95, '60-89': 79.0, '90-119': 73.87, '120-149': 81.41, 'old': 76.51, 'new': 81.41}
2026-06-24 08:42:45,625 [trainer.py] => CNN top1 curve: [95.98, 83.19, 81.96, 78.44, 77.49]
2026-06-24 08:42:45,625 [trainer.py] => CNN top5 curve: [99.83, 99.25, 97.66, 96.57, 95.72]
2026-06-24 08:42:45,625 [trainer.py] => Average Accuracy (CNN): 83.41
2026-06-24 08:42:45,627 [trainer.py] => All params: 89869356
2026-06-24 08:42:45,628 [trainer.py] => Trainable params: 89869356
2026-06-24 08:43:18,509 [coda_prompt.py] => Learning on 150-180
2026-06-24 10:16:06,698 [coda_prompt.py] => Task 5, Epoch 20/20 => Loss 0.136, Train_accy 95.40, Test_accy 75.20
2026-06-24 10:17:01,447 [trainer.py] => No NME accuracy.
2026-06-24 10:17:01,465 [trainer.py] => CNN: {'total': 75.2, '00-29': 83.92, '30-59': 68.78, '60-89': 75.83, '90-119': 70.35, '120-149': 79.4, '150-179': 72.95, 'old': 75.65, 'new': 72.95}
2026-06-24 10:17:01,465 [trainer.py] => CNN top1 curve: [95.98, 83.19, 81.96, 78.44, 77.49, 75.2]
2026-06-24 10:17:01,465 [trainer.py] => CNN top5 curve: [99.83, 99.25, 97.66, 96.57, 95.72, 94.9]
2026-06-24 10:17:01,466 [trainer.py] => Average Accuracy (CNN): 82.04
2026-06-24 10:17:01,466 [trainer.py] => All params: 89869356
2026-06-24 10:17:01,467 [trainer.py] => Trainable params: 89869356
2026-06-24 10:17:37,554 [coda_prompt.py] => Learning on 180-210
2026-06-24 11:52:28,925 [coda_prompt.py] => Task 6, Epoch 20/20 => Loss 0.093, Train_accy 97.19, Test_accy 74.37
2026-06-24 11:53:38,098 [trainer.py] => No NME accuracy.
2026-06-24 11:53:38,113 [trainer.py] => CNN: {'total': 74.37, '00-29': 83.75, '30-59': 64.27, '60-89': 72.5, '90-119': 70.18, '120-149': 76.21, '150-179': 72.45, '180-209': 81.27, 'old': 73.22, 'new': 81.27}
2026-06-24 11:53:38,113 [trainer.py] => CNN top1 curve: [95.98, 83.19, 81.96, 78.44, 77.49, 75.2, 74.37]
2026-06-24 11:53:38,113 [trainer.py] => CNN top5 curve: [99.83, 99.25, 97.66, 96.57, 95.72, 94.9, 94.32]
2026-06-24 11:53:38,113 [trainer.py] => Average Accuracy (CNN): 80.95
2026-06-24 11:53:38,114 [trainer.py] => All params: 89869356
2026-06-24 11:53:38,114 [trainer.py] => Trainable params: 89869356
2026-06-24 11:54:20,924 [coda_prompt.py] => Learning on 210-240
2026-06-24 13:30:56,937 [coda_prompt.py] => Task 7, Epoch 20/20 => Loss 0.128, Train_accy 95.83, Test_accy 72.06
2026-06-24 13:32:13,712 [trainer.py] => No NME accuracy.
2026-06-24 13:32:13,749 [trainer.py] => CNN: {'total': 72.06, '00-29': 82.08, '30-59': 63.44, '60-89': 72.83, '90-119': 68.68, '120-149': 71.69, '150-179': 71.12, '180-209': 79.77, '210-239': 66.94, 'old': 72.8, 'new': 66.94}
2026-06-24 13:32:13,749 [trainer.py] => CNN top1 curve: [95.98, 83.19, 81.96, 78.44, 77.49, 75.2, 74.37, 72.06]
2026-06-24 13:32:13,749 [trainer.py] => CNN top5 curve: [99.83, 99.25, 97.66, 96.57, 95.72, 94.9, 94.32, 93.46]
2026-06-24 13:32:13,750 [trainer.py] => Average Accuracy (CNN): 79.84
2026-06-24 13:32:13,750 [trainer.py] => All params: 89869356
2026-06-24 13:32:13,751 [trainer.py] => Trainable params: 89869356
2026-06-24 13:33:06,230 [coda_prompt.py] => Learning on 240-270
2026-06-24 15:10:28,703 [coda_prompt.py] => Task 8, Epoch 20/20 => Loss 0.116, Train_accy 96.17, Test_accy 69.84
2026-06-24 15:11:54,951 [trainer.py] => No NME accuracy.
2026-06-24 15:11:54,965 [trainer.py] => CNN: {'total': 69.84, '00-29': 83.08, '30-59': 64.11, '60-89': 72.33, '90-119': 64.66, '120-149': 69.68, '150-179': 68.95, '180-209': 76.59, '210-239': 65.78, '240-269': 63.44, 'old': 70.64, 'new': 63.44}
2026-06-24 15:11:54,965 [trainer.py] => CNN top1 curve: [95.98, 83.19, 81.96, 78.44, 77.49, 75.2, 74.37, 72.06, 69.84]
2026-06-24 15:11:54,965 [trainer.py] => CNN top5 curve: [99.83, 99.25, 97.66, 96.57, 95.72, 94.9, 94.32, 93.46, 92.61]
2026-06-24 15:11:54,965 [trainer.py] => Average Accuracy (CNN): 78.73
2026-06-24 15:11:54,966 [trainer.py] => All params: 89869356
2026-06-24 15:11:54,966 [trainer.py] => Trainable params: 89869356
2026-06-24 15:12:55,168 [coda_prompt.py] => Learning on 270-300
2026-06-24 16:49:31,843 [coda_prompt.py] => Task 9, Epoch 20/20 => Loss 0.114, Train_accy 96.24, Test_accy 69.02
2026-06-24 16:51:06,818 [trainer.py] => No NME accuracy.
2026-06-24 16:51:06,849 [trainer.py] => CNN: {'total': 69.02, '00-29': 83.08, '30-59': 64.27, '60-89': 73.17, '90-119': 62.81, '120-149': 69.01, '150-179': 67.78, '180-209': 75.08, '210-239': 63.77, '240-269': 60.93, '270-299': 70.33, 'old': 68.88, 'new': 70.33}
2026-06-24 16:51:06,849 [trainer.py] => CNN top1 curve: [95.98, 83.19, 81.96, 78.44, 77.49, 75.2, 74.37, 72.06, 69.84, 69.02]
2026-06-24 16:51:06,849 [trainer.py] => CNN top5 curve: [99.83, 99.25, 97.66, 96.57, 95.72, 94.9, 94.32, 93.46, 92.61, 92.23]
2026-06-24 16:51:06,849 [trainer.py] => Average Accuracy (CNN): 77.76
