2026-06-29 07:45:05,420 [trainer.py] => config: ./configs/coda_prompt/coda_prompt_omn_B150_Inc30.json
2026-06-29 07:45:05,421 [trainer.py] => prefix:  
2026-06-29 07:45:05,421 [trainer.py] => dataset: omnibenchmark
2026-06-29 07:45:05,421 [trainer.py] => memory_size: 0
2026-06-29 07:45:05,421 [trainer.py] => memory_per_class: 0
2026-06-29 07:45:05,421 [trainer.py] => fixed_memory: False
2026-06-29 07:45:05,421 [trainer.py] => shuffle: True
2026-06-29 07:45:05,421 [trainer.py] => init_cls: 150
2026-06-29 07:45:05,421 [trainer.py] => increment: 30
2026-06-29 07:45:05,421 [trainer.py] => model_name: coda_prompt
2026-06-29 07:45:05,421 [trainer.py] => backbone_type: vit_base_patch16_224_in21k_coda_prompt
2026-06-29 07:45:05,421 [trainer.py] => device: [device(type='cuda', index=3)]
2026-06-29 07:45:05,422 [trainer.py] => seed: 42
2026-06-29 07:45:05,422 [trainer.py] => tuned_epoch: 20
2026-06-29 07:45:05,422 [trainer.py] => init_lr: 0.001
2026-06-29 07:45:05,422 [trainer.py] => batch_size: 128
2026-06-29 07:45:05,422 [trainer.py] => weight_decay: 0
2026-06-29 07:45:05,422 [trainer.py] => min_lr: 1e-05
2026-06-29 07:45:05,422 [trainer.py] => optimizer: adam
2026-06-29 07:45:05,422 [trainer.py] => scheduler: cosine
2026-06-29 07:45:05,422 [trainer.py] => reinit_optimizer: True
2026-06-29 07:45:05,422 [trainer.py] => pretrained: True
2026-06-29 07:45:05,422 [trainer.py] => drop: 0.0
2026-06-29 07:45:05,422 [trainer.py] => drop_path: 0.0
2026-06-29 07:45:05,422 [trainer.py] => prompt_param: [100, 8.0, 0.0]
2026-06-29 07:45:07,014 [data_manager.py] => [203, 266, 152, 9, 233, 226, 196, 109, 5, 175, 237, 57, 218, 45, 182, 221, 289, 211, 148, 165, 78, 113, 249, 250, 104, 42, 281, 295, 157, 238, 17, 164, 33, 24, 215, 119, 7, 90, 46, 73, 93, 76, 286, 60, 77, 63, 234, 229, 111, 231, 180, 144, 239, 75, 297, 278, 97, 92, 192, 25, 232, 59, 6, 185, 173, 30, 22, 256, 56, 186, 108, 126, 230, 193, 129, 282, 82, 84, 66, 288, 163, 154, 19, 124, 79, 114, 118, 72, 15, 10, 194, 101, 68, 224, 37, 16, 179, 147, 274, 67, 228, 69, 31, 183, 265, 225, 140, 18, 181, 96, 132, 262, 86, 248, 245, 116, 146, 292, 197, 206, 55, 172, 184, 167, 139, 253, 38, 125, 195, 283, 137, 112, 168, 117, 277, 271, 155, 176, 178, 2, 115, 143, 177, 120, 210, 260, 127, 74, 29, 83, 269, 107, 223, 158, 280, 246, 222, 65, 198, 85, 213, 159, 12, 35, 28, 142, 284, 254, 170, 51, 95, 208, 247, 41, 89, 244, 136, 26, 293, 141, 200, 0, 268, 272, 100, 259, 255, 171, 98, 36, 61, 150, 236, 202, 242, 11, 296, 267, 27, 219, 4, 122, 32, 204, 162, 209, 285, 138, 62, 135, 128, 290, 8, 70, 264, 64, 44, 279, 156, 40, 123, 275, 216, 153, 23, 261, 110, 81, 207, 212, 39, 240, 291, 258, 199, 14, 47, 94, 263, 227, 273, 201, 161, 43, 217, 145, 190, 220, 251, 3, 105, 53, 133, 1, 131, 103, 49, 80, 205, 34, 91, 52, 241, 13, 88, 166, 294, 134, 287, 243, 54, 50, 174, 189, 298, 187, 169, 58, 48, 235, 252, 21, 160, 276, 191, 257, 149, 130, 151, 99, 87, 214, 121, 299, 20, 188, 71, 106, 270, 102]
2026-06-29 07:45:24,119 [coda_prompt.py] => 89,869,356 total parameters.
2026-06-29 07:45:24,120 [coda_prompt.py] => 4,070,700 fc and prompt training parameters.
2026-06-29 07:45:24,120 [trainer.py] => All params: 89869356
2026-06-29 07:45:24,121 [trainer.py] => Trainable params: 89869356
2026-06-29 07:45:24,121 [coda_prompt.py] => Learning on 0-150
2026-06-29 12:51:06,733 [coda_prompt.py] => Task 0, Epoch 20/20 => Loss 0.310, Train_accy 90.78, Test_accy 87.53
2026-06-29 12:51:39,654 [trainer.py] => No NME accuracy.
2026-06-29 12:51:39,654 [trainer.py] => CNN: {'total': 87.53, '00-149': 87.53, 'old': 0, 'new': 87.53}
2026-06-29 12:51:39,655 [trainer.py] => CNN top1 curve: [87.53]
2026-06-29 12:51:39,655 [trainer.py] => CNN top5 curve: [97.86]
2026-06-29 12:51:39,655 [trainer.py] => Average Accuracy (CNN): 87.53
2026-06-29 12:51:39,655 [trainer.py] => All params: 89869356
2026-06-29 12:51:39,656 [trainer.py] => Trainable params: 89869356
2026-06-29 12:51:51,813 [coda_prompt.py] => Learning on 150-180
2026-06-29 13:57:47,862 [coda_prompt.py] => Task 1, Epoch 20/20 => Loss 0.129, Train_accy 95.67, Test_accy 80.86
2026-06-29 13:58:26,904 [trainer.py] => No NME accuracy.
2026-06-29 13:58:26,904 [trainer.py] => CNN: {'total': 80.86, '00-149': 86.82, '150-179': 51.09, 'old': 86.82, 'new': 51.09}
2026-06-29 13:58:26,904 [trainer.py] => CNN top1 curve: [87.53, 80.86]
2026-06-29 13:58:26,904 [trainer.py] => CNN top5 curve: [97.86, 95.9]
2026-06-29 13:58:26,904 [trainer.py] => Average Accuracy (CNN): 84.2
2026-06-29 13:58:26,905 [trainer.py] => All params: 89869356
2026-06-29 13:58:26,906 [trainer.py] => Trainable params: 89869356
2026-06-29 13:58:32,713 [coda_prompt.py] => Learning on 180-210
2026-06-29 14:59:50,154 [coda_prompt.py] => Task 2, Epoch 20/20 => Loss 0.084, Train_accy 97.45, Test_accy 74.99
2026-06-29 15:00:34,093 [trainer.py] => No NME accuracy.
2026-06-29 15:00:34,094 [trainer.py] => CNN: {'total': 74.99, '00-149': 86.25, '150-179': 51.59, '180-209': 42.14, 'old': 80.47, 'new': 42.14}
2026-06-29 15:00:34,094 [trainer.py] => CNN top1 curve: [87.53, 80.86, 74.99]
2026-06-29 15:00:34,094 [trainer.py] => CNN top5 curve: [97.86, 95.9, 95.06]
2026-06-29 15:00:34,094 [trainer.py] => Average Accuracy (CNN): 81.13
2026-06-29 15:00:34,094 [trainer.py] => All params: 89869356
2026-06-29 15:00:34,095 [trainer.py] => Trainable params: 89869356
2026-06-29 15:00:51,035 [coda_prompt.py] => Learning on 210-240
2026-06-29 16:04:27,320 [coda_prompt.py] => Task 3, Epoch 20/20 => Loss 0.131, Train_accy 95.80, Test_accy 69.22
2026-06-29 16:05:17,461 [trainer.py] => No NME accuracy.
2026-06-29 16:05:17,461 [trainer.py] => CNN: {'total': 69.22, '00-149': 86.29, '150-179': 50.75, '180-209': 40.97, '210-239': 30.72, 'old': 74.73, 'new': 30.72}
2026-06-29 16:05:17,461 [trainer.py] => CNN top1 curve: [87.53, 80.86, 74.99, 69.22]
2026-06-29 16:05:17,461 [trainer.py] => CNN top5 curve: [97.86, 95.9, 95.06, 93.63]
2026-06-29 16:05:17,461 [trainer.py] => Average Accuracy (CNN): 78.15
2026-06-29 16:05:17,462 [trainer.py] => All params: 89869356
2026-06-29 16:05:17,463 [trainer.py] => Trainable params: 89869356
2026-06-29 16:05:49,116 [coda_prompt.py] => Learning on 240-270
2026-06-29 17:10:14,620 [coda_prompt.py] => Task 4, Epoch 20/20 => Loss 0.106, Train_accy 96.67, Test_accy 65.40
2026-06-29 17:11:12,075 [trainer.py] => No NME accuracy.
2026-06-29 17:11:12,075 [trainer.py] => CNN: {'total': 65.4, '00-149': 86.25, '150-179': 49.58, '180-209': 40.97, '210-239': 30.55, '240-269': 36.39, 'old': 69.03, 'new': 36.39}
2026-06-29 17:11:12,075 [trainer.py] => CNN top1 curve: [87.53, 80.86, 74.99, 69.22, 65.4]
2026-06-29 17:11:12,075 [trainer.py] => CNN top5 curve: [97.86, 95.9, 95.06, 93.63, 92.11]
2026-06-29 17:11:12,075 [trainer.py] => Average Accuracy (CNN): 75.6
2026-06-29 17:11:12,076 [trainer.py] => All params: 89869356
2026-06-29 17:11:12,077 [trainer.py] => Trainable params: 89869356
2026-06-29 17:11:41,724 [coda_prompt.py] => Learning on 270-300
2026-06-29 18:17:10,052 [coda_prompt.py] => Task 5, Epoch 20/20 => Loss 0.116, Train_accy 96.11, Test_accy 63.29
2026-06-29 18:18:14,117 [trainer.py] => No NME accuracy.
2026-06-29 18:18:14,117 [trainer.py] => CNN: {'total': 63.29, '00-149': 86.32, '150-179': 48.75, '180-209': 39.63, '210-239': 29.88, '240-269': 37.06, '270-299': 46.17, 'old': 65.2, 'new': 46.17}
2026-06-29 18:18:14,117 [trainer.py] => CNN top1 curve: [87.53, 80.86, 74.99, 69.22, 65.4, 63.29]
2026-06-29 18:18:14,117 [trainer.py] => CNN top5 curve: [97.86, 95.9, 95.06, 93.63, 92.11, 91.31]
2026-06-29 18:18:14,117 [trainer.py] => Average Accuracy (CNN): 73.55
