2026-06-02 13:22:20,034 [trainer.py] => config: ./configs/coda_prompt/coda_prompt_cub_B0_Inc10.json
2026-06-02 13:22:20,034 [trainer.py] => prefix:  
2026-06-02 13:22:20,034 [trainer.py] => dataset: cub
2026-06-02 13:22:20,034 [trainer.py] => memory_size: 0
2026-06-02 13:22:20,034 [trainer.py] => memory_per_class: 0
2026-06-02 13:22:20,034 [trainer.py] => fixed_memory: False
2026-06-02 13:22:20,035 [trainer.py] => shuffle: True
2026-06-02 13:22:20,035 [trainer.py] => init_cls: 10
2026-06-02 13:22:20,035 [trainer.py] => increment: 10
2026-06-02 13:22:20,035 [trainer.py] => model_name: coda_prompt
2026-06-02 13:22:20,035 [trainer.py] => backbone_type: vit_base_patch16_224_in21k_coda_prompt
2026-06-02 13:22:20,035 [trainer.py] => device: [device(type='cuda', index=3)]
2026-06-02 13:22:20,035 [trainer.py] => seed: 42
2026-06-02 13:22:20,035 [trainer.py] => tuned_epoch: 20
2026-06-02 13:22:20,035 [trainer.py] => init_lr: 0.001
2026-06-02 13:22:20,035 [trainer.py] => batch_size: 128
2026-06-02 13:22:20,035 [trainer.py] => weight_decay: 0
2026-06-02 13:22:20,035 [trainer.py] => min_lr: 1e-05
2026-06-02 13:22:20,035 [trainer.py] => optimizer: adam
2026-06-02 13:22:20,035 [trainer.py] => scheduler: cosine
2026-06-02 13:22:20,035 [trainer.py] => reinit_optimizer: True
2026-06-02 13:22:20,035 [trainer.py] => pretrained: True
2026-06-02 13:22:20,035 [trainer.py] => drop: 0.0
2026-06-02 13:22:20,035 [trainer.py] => drop_path: 0.0
2026-06-02 13:22:20,035 [trainer.py] => prompt_param: [100, 8.0, 0.0]
2026-06-02 13:22:21,019 [data_manager.py] => [95, 15, 30, 158, 128, 115, 69, 170, 174, 45, 66, 182, 165, 78, 186, 177, 56, 152, 82, 68, 124, 16, 148, 93, 65, 60, 84, 67, 125, 132, 9, 18, 55, 75, 150, 104, 135, 137, 164, 76, 79, 197, 38, 24, 122, 195, 29, 19, 143, 86, 114, 173, 5, 126, 117, 73, 140, 98, 172, 96, 169, 97, 31, 12, 35, 119, 42, 189, 90, 136, 51, 127, 162, 41, 118, 113, 26, 139, 100, 111, 2, 77, 46, 187, 191, 85, 161, 36, 190, 61, 22, 141, 101, 33, 11, 194, 159, 6, 27, 120, 4, 32, 142, 145, 109, 144, 10, 62, 112, 146, 166, 0, 198, 153, 70, 123, 64, 44, 163, 28, 40, 108, 155, 156, 25, 23, 184, 147, 81, 39, 168, 47, 94, 154, 43, 138, 3, 105, 53, 133, 180, 178, 185, 49, 80, 34, 7, 110, 91, 83, 176, 181, 89, 8, 13, 59, 171, 131, 17, 72, 175, 134, 167, 183, 63, 54, 107, 50, 196, 58, 48, 88, 21, 57, 160, 192, 129, 37, 157, 193, 1, 52, 149, 130, 151, 103, 99, 116, 87, 74, 121, 199, 20, 188, 71, 106, 14, 92, 179, 102]
2026-06-02 13:22:26,466 [coda_prompt.py] => 89,792,456 total parameters.
2026-06-02 13:22:26,467 [coda_prompt.py] => 3,993,800 fc and prompt training parameters.
2026-06-02 13:22:26,467 [trainer.py] => All params: 89792456
2026-06-02 13:22:26,468 [trainer.py] => Trainable params: 89792456
2026-06-02 13:22:26,468 [coda_prompt.py] => Learning on 0-10
2026-06-02 13:32:33,226 [coda_prompt.py] => Task 0, Epoch 20/20 => Loss 0.098, Train_accy 95.77, Test_accy 96.00
2026-06-02 13:32:37,978 [trainer.py] => No NME accuracy.
2026-06-02 13:32:37,978 [trainer.py] => CNN: {'total': 96.0, '00-09': 96.0, 'old': 0, 'new': 96.0}
2026-06-02 13:32:37,978 [trainer.py] => CNN top1 curve: [96.0]
2026-06-02 13:32:37,978 [trainer.py] => CNN top5 curve: [100.0]
2026-06-02 13:32:37,978 [trainer.py] => Average Accuracy (CNN): 96.0
2026-06-02 13:32:37,979 [trainer.py] => All params: 89792456
2026-06-02 13:32:37,979 [trainer.py] => Trainable params: 89792456
2026-06-02 13:32:43,978 [coda_prompt.py] => Learning on 10-20
2026-06-02 13:42:59,992 [coda_prompt.py] => Task 1, Epoch 20/20 => Loss 0.139, Train_accy 95.79, Test_accy 94.87
2026-06-02 13:43:08,029 [trainer.py] => No NME accuracy.
2026-06-02 13:43:08,030 [trainer.py] => CNN: {'total': 94.87, '00-09': 95.2, '10-19': 94.5, 'old': 95.2, 'new': 94.5}
2026-06-02 13:43:08,030 [trainer.py] => CNN top1 curve: [96.0, 94.87]
2026-06-02 13:43:08,030 [trainer.py] => CNN top5 curve: [100.0, 99.15]
2026-06-02 13:43:08,030 [trainer.py] => Average Accuracy (CNN): 95.44
2026-06-02 13:43:08,031 [trainer.py] => All params: 89792456
2026-06-02 13:43:08,031 [trainer.py] => Trainable params: 89792456
2026-06-02 13:43:17,653 [coda_prompt.py] => Learning on 20-30
2026-06-02 13:53:43,093 [coda_prompt.py] => Task 2, Epoch 20/20 => Loss 0.092, Train_accy 97.41, Test_accy 89.32
2026-06-02 13:53:55,003 [trainer.py] => No NME accuracy.
2026-06-02 13:53:55,004 [trainer.py] => CNN: {'total': 89.32, '00-09': 92.8, '10-19': 82.57, '20-29': 91.6, 'old': 88.03, 'new': 91.6}
2026-06-02 13:53:55,004 [trainer.py] => CNN top1 curve: [96.0, 94.87, 89.32]
2026-06-02 13:53:55,004 [trainer.py] => CNN top5 curve: [100.0, 99.15, 99.45]
2026-06-02 13:53:55,004 [trainer.py] => Average Accuracy (CNN): 93.4
2026-06-02 13:53:55,005 [trainer.py] => All params: 89792456
2026-06-02 13:53:55,005 [trainer.py] => Trainable params: 89792456
2026-06-02 13:54:08,769 [coda_prompt.py] => Learning on 30-40
2026-06-02 14:04:53,063 [coda_prompt.py] => Task 3, Epoch 20/20 => Loss 0.130, Train_accy 96.38, Test_accy 90.95
2026-06-02 14:05:08,206 [trainer.py] => No NME accuracy.
2026-06-02 14:05:08,206 [trainer.py] => CNN: {'total': 90.95, '00-09': 90.4, '10-19': 81.65, '20-29': 91.6, '30-39': 100.0, 'old': 88.22, 'new': 100.0}
2026-06-02 14:05:08,206 [trainer.py] => CNN top1 curve: [96.0, 94.87, 89.32, 90.95]
2026-06-02 14:05:08,206 [trainer.py] => CNN top5 curve: [100.0, 99.15, 99.45, 99.37]
2026-06-02 14:05:08,206 [trainer.py] => Average Accuracy (CNN): 92.78
2026-06-02 14:05:08,207 [trainer.py] => All params: 89792456
2026-06-02 14:05:08,207 [trainer.py] => Trainable params: 89792456
2026-06-02 14:05:26,412 [coda_prompt.py] => Learning on 40-50
2026-06-02 14:16:50,635 [coda_prompt.py] => Task 4, Epoch 20/20 => Loss 0.117, Train_accy 96.94, Test_accy 90.89
2026-06-02 14:17:08,388 [trainer.py] => No NME accuracy.
2026-06-02 14:17:08,388 [trainer.py] => CNN: {'total': 90.89, '00-09': 90.4, '10-19': 80.73, '20-29': 89.31, '30-39': 100.0, '40-49': 94.39, 'old': 90.11, 'new': 94.39}
2026-06-02 14:17:08,388 [trainer.py] => CNN top1 curve: [96.0, 94.87, 89.32, 90.95, 90.89]
2026-06-02 14:17:08,388 [trainer.py] => CNN top5 curve: [100.0, 99.15, 99.45, 99.37, 99.31]
2026-06-02 14:17:08,388 [trainer.py] => Average Accuracy (CNN): 92.41
2026-06-02 14:17:08,389 [trainer.py] => All params: 89792456
2026-06-02 14:17:08,390 [trainer.py] => Trainable params: 89792456
2026-06-02 14:17:30,712 [coda_prompt.py] => Learning on 50-60
2026-06-02 14:28:38,578 [coda_prompt.py] => Task 5, Epoch 20/20 => Loss 0.112, Train_accy 96.13, Test_accy 86.46
2026-06-02 14:29:00,305 [trainer.py] => No NME accuracy.
2026-06-02 14:29:00,305 [trainer.py] => CNN: {'total': 86.46, '00-09': 90.4, '10-19': 79.82, '20-29': 88.55, '30-39': 100.0, '40-49': 88.79, '50-59': 70.54, 'old': 89.52, 'new': 70.54}
2026-06-02 14:29:00,305 [trainer.py] => CNN top1 curve: [96.0, 94.87, 89.32, 90.95, 90.89, 86.46]
2026-06-02 14:29:00,305 [trainer.py] => CNN top5 curve: [100.0, 99.15, 99.45, 99.37, 99.31, 98.85]
2026-06-02 14:29:00,305 [trainer.py] => Average Accuracy (CNN): 91.42
2026-06-02 14:29:00,306 [trainer.py] => All params: 89792456
2026-06-02 14:29:00,306 [trainer.py] => Trainable params: 89792456
2026-06-02 14:29:26,504 [coda_prompt.py] => Learning on 60-70
2026-06-02 14:40:53,036 [coda_prompt.py] => Task 6, Epoch 20/20 => Loss 0.066, Train_accy 98.08, Test_accy 84.79
2026-06-02 14:41:18,689 [trainer.py] => No NME accuracy.
2026-06-02 14:41:18,689 [trainer.py] => CNN: {'total': 84.79, '00-09': 86.4, '10-19': 77.98, '20-29': 87.02, '30-39': 98.18, '40-49': 88.79, '50-59': 71.43, '60-69': 83.47, 'old': 85.01, 'new': 83.47}
2026-06-02 14:41:18,689 [trainer.py] => CNN top1 curve: [96.0, 94.87, 89.32, 90.95, 90.89, 86.46, 84.79]
2026-06-02 14:41:18,689 [trainer.py] => CNN top5 curve: [100.0, 99.15, 99.45, 99.37, 99.31, 98.85, 98.77]
2026-06-02 14:41:18,689 [trainer.py] => Average Accuracy (CNN): 90.47
2026-06-02 14:41:18,690 [trainer.py] => All params: 89792456
2026-06-02 14:41:18,690 [trainer.py] => Trainable params: 89792456
2026-06-02 14:41:49,274 [coda_prompt.py] => Learning on 70-80
2026-06-02 14:53:29,697 [coda_prompt.py] => Task 7, Epoch 20/20 => Loss 0.097, Train_accy 97.22, Test_accy 84.40
2026-06-02 14:53:58,541 [trainer.py] => No NME accuracy.
2026-06-02 14:53:58,541 [trainer.py] => CNN: {'total': 84.4, '00-09': 84.8, '10-19': 79.82, '20-29': 86.26, '30-39': 98.18, '40-49': 87.85, '50-59': 70.54, '60-69': 83.47, '70-79': 84.3, 'old': 84.42, 'new': 84.3}
2026-06-02 14:53:58,541 [trainer.py] => CNN top1 curve: [96.0, 94.87, 89.32, 90.95, 90.89, 86.46, 84.79, 84.4]
2026-06-02 14:53:58,541 [trainer.py] => CNN top5 curve: [100.0, 99.15, 99.45, 99.37, 99.31, 98.85, 98.77, 98.4]
2026-06-02 14:53:58,541 [trainer.py] => Average Accuracy (CNN): 89.71
2026-06-02 14:53:58,542 [trainer.py] => All params: 89792456
2026-06-02 14:53:58,542 [trainer.py] => Trainable params: 89792456
2026-06-02 14:54:33,869 [coda_prompt.py] => Learning on 80-90
2026-06-02 15:06:32,440 [coda_prompt.py] => Task 8, Epoch 20/20 => Loss 0.090, Train_accy 97.67, Test_accy 83.11
2026-06-02 15:07:03,624 [trainer.py] => No NME accuracy.
2026-06-02 15:07:03,624 [trainer.py] => CNN: {'total': 83.11, '00-09': 84.8, '10-19': 78.9, '20-29': 80.15, '30-39': 98.18, '40-49': 87.85, '50-59': 68.75, '60-69': 77.69, '70-79': 81.82, '80-89': 90.32, 'old': 82.16, 'new': 90.32}
2026-06-02 15:07:03,624 [trainer.py] => CNN top1 curve: [96.0, 94.87, 89.32, 90.95, 90.89, 86.46, 84.79, 84.4, 83.11]
2026-06-02 15:07:03,625 [trainer.py] => CNN top5 curve: [100.0, 99.15, 99.45, 99.37, 99.31, 98.85, 98.77, 98.4, 98.3]
2026-06-02 15:07:03,625 [trainer.py] => Average Accuracy (CNN): 88.98
2026-06-02 15:07:03,625 [trainer.py] => All params: 89792456
2026-06-02 15:07:03,626 [trainer.py] => Trainable params: 89792456
2026-06-02 15:07:39,265 [coda_prompt.py] => Learning on 90-100
2026-06-02 15:19:52,852 [coda_prompt.py] => Task 9, Epoch 20/20 => Loss 0.091, Train_accy 97.46, Test_accy 82.68
2026-06-02 15:20:28,644 [trainer.py] => No NME accuracy.
2026-06-02 15:20:28,644 [trainer.py] => CNN: {'total': 82.68, '00-09': 84.8, '10-19': 78.9, '20-29': 80.15, '30-39': 98.18, '40-49': 82.24, '50-59': 66.07, '60-69': 77.69, '70-79': 81.82, '80-89': 90.32, '90-99': 86.61, 'old': 82.26, 'new': 86.61}
2026-06-02 15:20:28,644 [trainer.py] => CNN top1 curve: [96.0, 94.87, 89.32, 90.95, 90.89, 86.46, 84.79, 84.4, 83.11, 82.68]
2026-06-02 15:20:28,644 [trainer.py] => CNN top5 curve: [100.0, 99.15, 99.45, 99.37, 99.31, 98.85, 98.77, 98.4, 98.3, 98.46]
2026-06-02 15:20:28,645 [trainer.py] => Average Accuracy (CNN): 88.35
2026-06-02 15:20:28,645 [trainer.py] => All params: 89792456
2026-06-02 15:20:28,646 [trainer.py] => Trainable params: 89792456
2026-06-02 15:21:11,650 [coda_prompt.py] => Learning on 100-110
2026-06-02 15:33:31,928 [coda_prompt.py] => Task 10, Epoch 20/20 => Loss 0.241, Train_accy 91.20, Test_accy 78.66
2026-06-02 15:34:11,127 [trainer.py] => No NME accuracy.
2026-06-02 15:34:11,127 [trainer.py] => CNN: {'total': 78.66, '00-09': 85.6, '10-19': 78.9, '20-29': 79.39, '30-39': 98.18, '40-49': 81.31, '50-59': 66.96, '60-69': 72.73, '70-79': 82.64, '80-89': 89.52, '90-99': 83.04, '100-109': 43.93, 'old': 81.83, 'new': 43.93}
2026-06-02 15:34:11,127 [trainer.py] => CNN top1 curve: [96.0, 94.87, 89.32, 90.95, 90.89, 86.46, 84.79, 84.4, 83.11, 82.68, 78.66]
2026-06-02 15:34:11,127 [trainer.py] => CNN top5 curve: [100.0, 99.15, 99.45, 99.37, 99.31, 98.85, 98.77, 98.4, 98.3, 98.46, 97.11]
2026-06-02 15:34:11,127 [trainer.py] => Average Accuracy (CNN): 87.47
2026-06-02 15:34:11,128 [trainer.py] => All params: 89792456
2026-06-02 15:34:11,128 [trainer.py] => Trainable params: 89792456
2026-06-02 15:34:58,065 [coda_prompt.py] => Learning on 110-120
2026-06-02 15:47:29,528 [coda_prompt.py] => Task 11, Epoch 20/20 => Loss 0.095, Train_accy 96.55, Test_accy 76.57
2026-06-02 15:48:12,158 [trainer.py] => No NME accuracy.
2026-06-02 15:48:12,158 [trainer.py] => CNN: {'total': 76.57, '00-09': 84.0, '10-19': 77.98, '20-29': 78.63, '30-39': 98.18, '40-49': 78.5, '50-59': 66.96, '60-69': 72.73, '70-79': 82.64, '80-89': 89.52, '90-99': 80.36, '100-109': 43.93, '110-119': 63.2, 'old': 77.87, 'new': 63.2}
2026-06-02 15:48:12,158 [trainer.py] => CNN top1 curve: [96.0, 94.87, 89.32, 90.95, 90.89, 86.46, 84.79, 84.4, 83.11, 82.68, 78.66, 76.57]
2026-06-02 15:48:12,158 [trainer.py] => CNN top5 curve: [100.0, 99.15, 99.45, 99.37, 99.31, 98.85, 98.77, 98.4, 98.3, 98.46, 97.11, 96.87]
2026-06-02 15:48:12,159 [trainer.py] => Average Accuracy (CNN): 86.56
2026-06-02 15:48:12,159 [trainer.py] => All params: 89792456
2026-06-02 15:48:12,160 [trainer.py] => Trainable params: 89792456
2026-06-02 15:49:02,971 [coda_prompt.py] => Learning on 120-130
2026-06-02 16:02:03,179 [coda_prompt.py] => Task 12, Epoch 20/20 => Loss 0.113, Train_accy 96.85, Test_accy 75.31
2026-06-02 16:02:50,582 [trainer.py] => No NME accuracy.
2026-06-02 16:02:50,583 [trainer.py] => CNN: {'total': 75.31, '00-09': 83.2, '10-19': 76.15, '20-29': 77.86, '30-39': 98.18, '40-49': 71.96, '50-59': 66.96, '60-69': 71.9, '70-79': 78.51, '80-89': 89.52, '90-99': 75.89, '100-109': 41.12, '110-119': 62.4, '120-129': 82.61, 'old': 74.72, 'new': 82.61}
2026-06-02 16:02:50,583 [trainer.py] => CNN top1 curve: [96.0, 94.87, 89.32, 90.95, 90.89, 86.46, 84.79, 84.4, 83.11, 82.68, 78.66, 76.57, 75.31]
2026-06-02 16:02:50,583 [trainer.py] => CNN top5 curve: [100.0, 99.15, 99.45, 99.37, 99.31, 98.85, 98.77, 98.4, 98.3, 98.46, 97.11, 96.87, 96.64]
2026-06-02 16:02:50,583 [trainer.py] => Average Accuracy (CNN): 85.69
2026-06-02 16:02:50,584 [trainer.py] => All params: 89792456
2026-06-02 16:02:50,584 [trainer.py] => Trainable params: 89792456
2026-06-02 16:03:46,606 [coda_prompt.py] => Learning on 130-140
2026-06-02 16:16:59,806 [coda_prompt.py] => Task 13, Epoch 20/20 => Loss 0.108, Train_accy 96.23, Test_accy 75.00
2026-06-02 16:17:50,433 [trainer.py] => No NME accuracy.
2026-06-02 16:17:50,433 [trainer.py] => CNN: {'total': 75.0, '00-09': 83.2, '10-19': 74.31, '20-29': 77.86, '30-39': 98.18, '40-49': 71.96, '50-59': 66.96, '60-69': 69.42, '70-79': 72.73, '80-89': 89.52, '90-99': 75.0, '100-109': 42.06, '110-119': 61.6, '120-129': 83.48, '130-139': 80.99, 'old': 74.52, 'new': 80.99}
2026-06-02 16:17:50,434 [trainer.py] => CNN top1 curve: [96.0, 94.87, 89.32, 90.95, 90.89, 86.46, 84.79, 84.4, 83.11, 82.68, 78.66, 76.57, 75.31, 75.0]
2026-06-02 16:17:50,434 [trainer.py] => CNN top5 curve: [100.0, 99.15, 99.45, 99.37, 99.31, 98.85, 98.77, 98.4, 98.3, 98.46, 97.11, 96.87, 96.64, 96.52]
2026-06-02 16:17:50,434 [trainer.py] => Average Accuracy (CNN): 84.93
2026-06-02 16:17:50,436 [trainer.py] => All params: 89792456
2026-06-02 16:17:50,437 [trainer.py] => Trainable params: 89792456
2026-06-02 16:18:47,810 [coda_prompt.py] => Learning on 140-150
2026-06-02 16:32:00,642 [coda_prompt.py] => Task 14, Epoch 20/20 => Loss 0.074, Train_accy 97.48, Test_accy 74.63
2026-06-02 16:32:50,432 [trainer.py] => No NME accuracy.
2026-06-02 16:32:50,433 [trainer.py] => CNN: {'total': 74.63, '00-09': 83.2, '10-19': 73.39, '20-29': 77.1, '30-39': 97.27, '40-49': 71.96, '50-59': 66.96, '60-69': 69.42, '70-79': 70.25, '80-89': 89.52, '90-99': 75.0, '100-109': 42.06, '110-119': 61.6, '120-129': 82.61, '130-139': 81.82, '140-149': 74.51, 'old': 74.63, 'new': 74.51}
2026-06-02 16:32:50,433 [trainer.py] => CNN top1 curve: [96.0, 94.87, 89.32, 90.95, 90.89, 86.46, 84.79, 84.4, 83.11, 82.68, 78.66, 76.57, 75.31, 75.0, 74.63]
2026-06-02 16:32:50,433 [trainer.py] => CNN top5 curve: [100.0, 99.15, 99.45, 99.37, 99.31, 98.85, 98.77, 98.4, 98.3, 98.46, 97.11, 96.87, 96.64, 96.52, 96.27]
2026-06-02 16:32:50,433 [trainer.py] => Average Accuracy (CNN): 84.24
2026-06-02 16:32:50,435 [trainer.py] => All params: 89792456
2026-06-02 16:32:50,436 [trainer.py] => Trainable params: 89792456
2026-06-02 16:33:51,695 [coda_prompt.py] => Learning on 150-160
2026-06-02 16:47:22,492 [coda_prompt.py] => Task 15, Epoch 20/20 => Loss 0.096, Train_accy 97.47, Test_accy 73.41
2026-06-02 16:48:17,716 [trainer.py] => No NME accuracy.
2026-06-02 16:48:17,716 [trainer.py] => CNN: {'total': 73.41, '00-09': 81.6, '10-19': 73.39, '20-29': 75.57, '30-39': 97.27, '40-49': 71.96, '50-59': 66.96, '60-69': 68.6, '70-79': 69.42, '80-89': 86.29, '90-99': 75.0, '100-109': 39.25, '110-119': 62.4, '120-129': 78.26, '130-139': 77.69, '140-149': 74.51, '150-159': 74.07, 'old': 73.36, 'new': 74.07}
2026-06-02 16:48:17,716 [trainer.py] => CNN top1 curve: [96.0, 94.87, 89.32, 90.95, 90.89, 86.46, 84.79, 84.4, 83.11, 82.68, 78.66, 76.57, 75.31, 75.0, 74.63, 73.41]
2026-06-02 16:48:17,716 [trainer.py] => CNN top5 curve: [100.0, 99.15, 99.45, 99.37, 99.31, 98.85, 98.77, 98.4, 98.3, 98.46, 97.11, 96.87, 96.64, 96.52, 96.27, 95.95]
2026-06-02 16:48:17,716 [trainer.py] => Average Accuracy (CNN): 83.57
2026-06-02 16:48:17,717 [trainer.py] => All params: 89792456
2026-06-02 16:48:17,718 [trainer.py] => Trainable params: 89792456
2026-06-02 16:49:24,154 [coda_prompt.py] => Learning on 160-170
2026-06-02 17:03:08,888 [coda_prompt.py] => Task 16, Epoch 20/20 => Loss 0.131, Train_accy 93.92, Test_accy 71.69
2026-06-02 17:04:07,948 [trainer.py] => No NME accuracy.
2026-06-02 17:04:07,949 [trainer.py] => CNN: {'total': 71.69, '00-09': 80.8, '10-19': 67.89, '20-29': 75.57, '30-39': 97.27, '40-49': 71.96, '50-59': 66.96, '60-69': 69.42, '70-79': 69.42, '80-89': 86.29, '90-99': 75.0, '100-109': 39.25, '110-119': 61.6, '120-129': 78.26, '130-139': 77.69, '140-149': 60.78, '150-159': 72.22, '160-169': 64.46, 'old': 72.16, 'new': 64.46}
2026-06-02 17:04:07,949 [trainer.py] => CNN top1 curve: [96.0, 94.87, 89.32, 90.95, 90.89, 86.46, 84.79, 84.4, 83.11, 82.68, 78.66, 76.57, 75.31, 75.0, 74.63, 73.41, 71.69]
2026-06-02 17:04:07,949 [trainer.py] => CNN top5 curve: [100.0, 99.15, 99.45, 99.37, 99.31, 98.85, 98.77, 98.4, 98.3, 98.46, 97.11, 96.87, 96.64, 96.52, 96.27, 95.95, 95.94]
2026-06-02 17:04:07,949 [trainer.py] => Average Accuracy (CNN): 82.87
2026-06-02 17:04:07,950 [trainer.py] => All params: 89792456
2026-06-02 17:04:07,951 [trainer.py] => Trainable params: 89792456
2026-06-02 17:05:18,641 [coda_prompt.py] => Learning on 170-180
2026-06-02 17:19:22,551 [coda_prompt.py] => Task 17, Epoch 20/20 => Loss 0.081, Train_accy 97.27, Test_accy 69.97
2026-06-02 17:20:25,735 [trainer.py] => No NME accuracy.
2026-06-02 17:20:25,735 [trainer.py] => CNN: {'total': 69.97, '00-09': 80.8, '10-19': 67.89, '20-29': 75.57, '30-39': 94.55, '40-49': 72.9, '50-59': 66.07, '60-69': 65.29, '70-79': 69.42, '80-89': 86.29, '90-99': 74.11, '100-109': 39.25, '110-119': 62.4, '120-129': 78.26, '130-139': 77.69, '140-149': 61.76, '150-159': 70.37, '160-169': 64.46, '170-179': 48.72, 'old': 71.23, 'new': 48.72}
2026-06-02 17:20:25,735 [trainer.py] => CNN top1 curve: [96.0, 94.87, 89.32, 90.95, 90.89, 86.46, 84.79, 84.4, 83.11, 82.68, 78.66, 76.57, 75.31, 75.0, 74.63, 73.41, 71.69, 69.97]
2026-06-02 17:20:25,736 [trainer.py] => CNN top5 curve: [100.0, 99.15, 99.45, 99.37, 99.31, 98.85, 98.77, 98.4, 98.3, 98.46, 97.11, 96.87, 96.64, 96.52, 96.27, 95.95, 95.94, 95.55]
2026-06-02 17:20:25,736 [trainer.py] => Average Accuracy (CNN): 82.15
2026-06-02 17:20:25,736 [trainer.py] => All params: 89792456
2026-06-02 17:20:25,737 [trainer.py] => Trainable params: 89792456
2026-06-02 17:21:41,819 [coda_prompt.py] => Learning on 180-190
2026-06-02 17:35:31,774 [coda_prompt.py] => Task 18, Epoch 20/20 => Loss 0.106, Train_accy 96.04, Test_accy 69.96
2026-06-02 17:36:38,807 [trainer.py] => No NME accuracy.
2026-06-02 17:36:38,808 [trainer.py] => CNN: {'total': 69.96, '00-09': 80.0, '10-19': 66.06, '20-29': 76.34, '30-39': 94.55, '40-49': 72.9, '50-59': 66.96, '60-69': 66.12, '70-79': 68.6, '80-89': 86.29, '90-99': 71.43, '100-109': 39.25, '110-119': 63.2, '120-129': 75.65, '130-139': 76.03, '140-149': 60.78, '150-159': 72.22, '160-169': 64.46, '170-179': 48.72, '180-189': 74.65, 'old': 69.64, 'new': 74.65}
2026-06-02 17:36:38,808 [trainer.py] => CNN top1 curve: [96.0, 94.87, 89.32, 90.95, 90.89, 86.46, 84.79, 84.4, 83.11, 82.68, 78.66, 76.57, 75.31, 75.0, 74.63, 73.41, 71.69, 69.97, 69.96]
2026-06-02 17:36:38,808 [trainer.py] => CNN top5 curve: [100.0, 99.15, 99.45, 99.37, 99.31, 98.85, 98.77, 98.4, 98.3, 98.46, 97.11, 96.87, 96.64, 96.52, 96.27, 95.95, 95.94, 95.55, 95.43]
2026-06-02 17:36:38,808 [trainer.py] => Average Accuracy (CNN): 81.51
2026-06-02 17:36:38,809 [trainer.py] => All params: 89792456
2026-06-02 17:36:38,810 [trainer.py] => Trainable params: 89792456
2026-06-02 17:37:58,526 [coda_prompt.py] => Learning on 190-200
2026-06-02 17:52:24,294 [coda_prompt.py] => Task 19, Epoch 20/20 => Loss 0.093, Train_accy 97.23, Test_accy 70.36
2026-06-02 17:53:35,840 [trainer.py] => No NME accuracy.
2026-06-02 17:53:35,840 [trainer.py] => CNN: {'total': 70.36, '00-09': 80.0, '10-19': 66.06, '20-29': 76.34, '30-39': 94.55, '40-49': 72.9, '50-59': 66.96, '60-69': 66.12, '70-79': 69.42, '80-89': 86.29, '90-99': 72.32, '100-109': 39.25, '110-119': 56.0, '120-129': 74.78, '130-139': 76.03, '140-149': 60.78, '150-159': 70.37, '160-169': 61.98, '170-179': 47.86, '180-189': 74.65, '190-199': 88.28, 'old': 69.33, 'new': 88.28}
2026-06-02 17:53:35,840 [trainer.py] => CNN top1 curve: [96.0, 94.87, 89.32, 90.95, 90.89, 86.46, 84.79, 84.4, 83.11, 82.68, 78.66, 76.57, 75.31, 75.0, 74.63, 73.41, 71.69, 69.97, 69.96, 70.36]
2026-06-02 17:53:35,840 [trainer.py] => CNN top5 curve: [100.0, 99.15, 99.45, 99.37, 99.31, 98.85, 98.77, 98.4, 98.3, 98.46, 97.11, 96.87, 96.64, 96.52, 96.27, 95.95, 95.94, 95.55, 95.43, 95.38]
2026-06-02 17:53:35,840 [trainer.py] => Average Accuracy (CNN): 80.95
