2026-06-16 21:23:34,026 [trainer.py] => config: ./configs/coda_prompt/coda_prompt_ina_B100_Inc10.json
2026-06-16 21:23:34,026 [trainer.py] => prefix:  
2026-06-16 21:23:34,027 [trainer.py] => dataset: imageneta
2026-06-16 21:23:34,027 [trainer.py] => memory_size: 0
2026-06-16 21:23:34,027 [trainer.py] => memory_per_class: 0
2026-06-16 21:23:34,027 [trainer.py] => fixed_memory: False
2026-06-16 21:23:34,027 [trainer.py] => shuffle: True
2026-06-16 21:23:34,027 [trainer.py] => init_cls: 100
2026-06-16 21:23:34,027 [trainer.py] => increment: 10
2026-06-16 21:23:34,027 [trainer.py] => model_name: coda_prompt
2026-06-16 21:23:34,027 [trainer.py] => backbone_type: vit_base_patch16_224_in21k_coda_prompt
2026-06-16 21:23:34,027 [trainer.py] => device: [device(type='cuda', index=3)]
2026-06-16 21:23:34,027 [trainer.py] => seed: 1994
2026-06-16 21:23:34,027 [trainer.py] => tuned_epoch: 20
2026-06-16 21:23:34,027 [trainer.py] => init_lr: 0.001
2026-06-16 21:23:34,027 [trainer.py] => batch_size: 128
2026-06-16 21:23:34,027 [trainer.py] => weight_decay: 0
2026-06-16 21:23:34,027 [trainer.py] => min_lr: 1e-05
2026-06-16 21:23:34,027 [trainer.py] => optimizer: adam
2026-06-16 21:23:34,028 [trainer.py] => scheduler: cosine
2026-06-16 21:23:34,028 [trainer.py] => reinit_optimizer: True
2026-06-16 21:23:34,028 [trainer.py] => pretrained: True
2026-06-16 21:23:34,028 [trainer.py] => drop: 0.0
2026-06-16 21:23:34,028 [trainer.py] => drop_path: 0.0
2026-06-16 21:23:34,028 [trainer.py] => prompt_param: [100, 8.0, 0.0]
2026-06-16 21:23:34,028 [trainer.py] => nb_classes: 200
2026-06-16 21:23:34,028 [trainer.py] => nb_tasks: 11
2026-06-16 21:23:34,742 [data_manager.py] => [85, 41, 23, 28, 70, 87, 134, 151, 51, 159, 178, 119, 50, 117, 73, 95, 86, 147, 63, 22, 79, 175, 40, 155, 174, 54, 132, 72, 124, 157, 93, 26, 196, 74, 44, 15, 169, 122, 88, 171, 184, 6, 18, 145, 48, 197, 64, 172, 126, 96, 11, 55, 193, 66, 128, 21, 77, 113, 140, 116, 141, 133, 120, 29, 115, 14, 103, 127, 114, 19, 9, 38, 33, 195, 81, 35, 69, 181, 47, 129, 112, 168, 198, 71, 101, 188, 68, 90, 158, 163, 52, 8, 185, 59, 154, 92, 56, 183, 32, 136, 65, 45, 46, 173, 189, 108, 102, 144, 0, 107, 187, 100, 98, 192, 43, 161, 104, 75, 150, 166, 121, 60, 160, 3, 143, 153, 62, 142, 61, 110, 194, 97, 25, 177, 179, 17, 49, 31, 94, 111, 16, 53, 91, 58, 135, 83, 2, 12, 13, 165, 42, 36, 186, 105, 1, 7, 149, 170, 27, 24, 78, 167, 137, 138, 118, 10, 139, 164, 20, 57, 123, 199, 89, 130, 82, 162, 176, 148, 109, 125, 67, 106, 37, 146, 131, 180, 156, 39, 5, 84, 4, 190, 152, 191, 30, 76, 80, 34, 99, 182]
2026-06-16 21:23:38,639 [coda_prompt.py] => 89,792,456 total parameters.
2026-06-16 21:23:38,640 [coda_prompt.py] => 3,993,800 fc and prompt training parameters.
2026-06-16 21:23:38,640 [trainer.py] => All params: 89792456
2026-06-16 21:23:38,640 [trainer.py] => Trainable params: 89792456
2026-06-16 21:23:38,641 [coda_prompt.py] => Learning on 0-100
2026-06-16 22:06:05,794 [coda_prompt.py] => Task 0, Epoch 20/20 => Loss 0.284, Train_accy 92.78, Test_accy 60.65
2026-06-16 22:06:23,157 [trainer.py] => No NME accuracy.
2026-06-16 22:06:23,157 [trainer.py] => CNN: {'total': 60.65, '00-99': 60.65, 'old': 0, 'new': 60.65}
2026-06-16 22:06:23,157 [trainer.py] => CNN top1 curve: [60.65]
2026-06-16 22:06:23,157 [trainer.py] => CNN top5 curve: [82.71]
2026-06-16 22:06:23,157 [trainer.py] => Average Accuracy (CNN): 60.65
2026-06-16 22:06:23,158 [trainer.py] => All params: 89792456
2026-06-16 22:06:23,159 [trainer.py] => Trainable params: 89792456
2026-06-16 22:06:35,477 [coda_prompt.py] => Learning on 100-110
2026-06-16 22:11:46,371 [coda_prompt.py] => Task 1, Epoch 20/20 => Loss 0.501, Train_accy 88.33, Test_accy 56.39
2026-06-16 22:12:04,209 [trainer.py] => No NME accuracy.
2026-06-16 22:12:04,209 [trainer.py] => CNN: {'total': 56.39, '00-99': 60.65, '100-109': 3.23, 'old': 60.65, 'new': 3.23}
2026-06-16 22:12:04,209 [trainer.py] => CNN top1 curve: [60.65, 56.39]
2026-06-16 22:12:04,209 [trainer.py] => CNN top5 curve: [82.71, 79.45]
2026-06-16 22:12:04,210 [trainer.py] => Average Accuracy (CNN): 58.52
2026-06-16 22:12:04,210 [trainer.py] => All params: 89792456
2026-06-16 22:12:04,211 [trainer.py] => Trainable params: 89792456
2026-06-16 22:12:25,060 [coda_prompt.py] => Learning on 110-120
2026-06-16 22:17:45,990 [coda_prompt.py] => Task 2, Epoch 20/20 => Loss 0.223, Train_accy 92.02, Test_accy 53.33
2026-06-16 22:18:05,687 [trainer.py] => No NME accuracy.
2026-06-16 22:18:05,687 [trainer.py] => CNN: {'total': 53.33, '00-99': 60.65, '100-109': 3.23, '110-119': 13.85, 'old': 56.39, 'new': 13.85}
2026-06-16 22:18:05,687 [trainer.py] => CNN top1 curve: [60.65, 56.39, 53.33]
2026-06-16 22:18:05,687 [trainer.py] => CNN top5 curve: [82.71, 79.45, 76.94]
2026-06-16 22:18:05,687 [trainer.py] => Average Accuracy (CNN): 56.79
2026-06-16 22:18:05,688 [trainer.py] => All params: 89792456
2026-06-16 22:18:05,689 [trainer.py] => Trainable params: 89792456
2026-06-16 22:18:35,046 [coda_prompt.py] => Learning on 120-130
2026-06-16 22:25:05,952 [coda_prompt.py] => Task 3, Epoch 20/20 => Loss 0.184, Train_accy 94.08, Test_accy 50.70
2026-06-16 22:25:27,531 [trainer.py] => No NME accuracy.
2026-06-16 22:25:27,531 [trainer.py] => CNN: {'total': 50.7, '00-99': 60.9, '100-109': 3.23, '110-119': 16.92, '120-129': 23.0, 'old': 53.77, 'new': 23.0}
2026-06-16 22:25:27,531 [trainer.py] => CNN top1 curve: [60.65, 56.39, 53.33, 50.7]
2026-06-16 22:25:27,531 [trainer.py] => CNN top5 curve: [82.71, 79.45, 76.94, 75.05]
2026-06-16 22:25:27,531 [trainer.py] => Average Accuracy (CNN): 55.27
2026-06-16 22:25:27,532 [trainer.py] => All params: 89792456
2026-06-16 22:25:27,532 [trainer.py] => Trainable params: 89792456
2026-06-16 22:26:05,586 [coda_prompt.py] => Learning on 130-140
2026-06-16 22:31:08,386 [coda_prompt.py] => Task 4, Epoch 20/20 => Loss 0.233, Train_accy 93.42, Test_accy 49.48
2026-06-16 22:31:30,518 [trainer.py] => No NME accuracy.
2026-06-16 22:31:30,519 [trainer.py] => CNN: {'total': 49.48, '00-99': 60.9, '100-109': 3.23, '110-119': 16.92, '120-129': 24.0, '130-139': 22.45, 'old': 50.8, 'new': 22.45}
2026-06-16 22:31:30,519 [trainer.py] => CNN top1 curve: [60.65, 56.39, 53.33, 50.7, 49.48]
2026-06-16 22:31:30,520 [trainer.py] => CNN top5 curve: [82.71, 79.45, 76.94, 75.05, 73.55]
2026-06-16 22:31:30,520 [trainer.py] => Average Accuracy (CNN): 54.11
2026-06-16 22:31:30,522 [trainer.py] => All params: 89792456
2026-06-16 22:31:30,524 [trainer.py] => Trainable params: 89792456
2026-06-16 22:32:06,494 [coda_prompt.py] => Learning on 140-150
2026-06-16 22:40:07,019 [coda_prompt.py] => Task 5, Epoch 20/20 => Loss 0.202, Train_accy 92.97, Test_accy 47.48
2026-06-16 22:40:31,656 [trainer.py] => No NME accuracy.
2026-06-16 22:40:31,657 [trainer.py] => CNN: {'total': 47.48, '00-99': 60.9, '100-109': 3.23, '110-119': 16.92, '120-129': 23.0, '130-139': 22.45, '140-149': 27.27, 'old': 49.38, 'new': 27.27}
2026-06-16 22:40:31,657 [trainer.py] => CNN top1 curve: [60.65, 56.39, 53.33, 50.7, 49.48, 47.48]
2026-06-16 22:40:31,657 [trainer.py] => CNN top5 curve: [82.71, 79.45, 76.94, 75.05, 73.55, 72.26]
2026-06-16 22:40:31,657 [trainer.py] => Average Accuracy (CNN): 53.0
2026-06-16 22:40:31,658 [trainer.py] => All params: 89792456
2026-06-16 22:40:31,659 [trainer.py] => Trainable params: 89792456
2026-06-16 22:41:26,517 [coda_prompt.py] => Learning on 150-160
2026-06-16 22:50:22,636 [coda_prompt.py] => Task 6, Epoch 20/20 => Loss 0.136, Train_accy 95.49, Test_accy 46.29
2026-06-16 22:50:52,181 [trainer.py] => No NME accuracy.
2026-06-16 22:50:52,181 [trainer.py] => CNN: {'total': 46.29, '00-99': 60.65, '100-109': 4.84, '110-119': 15.38, '120-129': 22.0, '130-139': 22.45, '140-149': 26.26, '150-159': 37.93, 'old': 47.13, 'new': 37.93}
2026-06-16 22:50:52,181 [trainer.py] => CNN top1 curve: [60.65, 56.39, 53.33, 50.7, 49.48, 47.48, 46.29]
2026-06-16 22:50:52,181 [trainer.py] => CNN top5 curve: [82.71, 79.45, 76.94, 75.05, 73.55, 72.26, 72.59]
2026-06-16 22:50:52,182 [trainer.py] => Average Accuracy (CNN): 52.05
2026-06-16 22:50:52,182 [trainer.py] => All params: 89792456
2026-06-16 22:50:52,183 [trainer.py] => Trainable params: 89792456
2026-06-16 22:51:54,940 [coda_prompt.py] => Learning on 160-170
2026-06-16 22:59:26,723 [coda_prompt.py] => Task 7, Epoch 20/20 => Loss 0.161, Train_accy 95.77, Test_accy 44.99
2026-06-16 22:59:54,569 [trainer.py] => No NME accuracy.
2026-06-16 22:59:54,569 [trainer.py] => CNN: {'total': 44.99, '00-99': 60.77, '100-109': 4.84, '110-119': 16.92, '120-129': 20.0, '130-139': 22.45, '140-149': 26.26, '150-159': 37.93, '160-169': 26.67, 'old': 46.29, 'new': 26.67}
2026-06-16 22:59:54,569 [trainer.py] => CNN top1 curve: [60.65, 56.39, 53.33, 50.7, 49.48, 47.48, 46.29, 44.99]
2026-06-16 22:59:54,570 [trainer.py] => CNN top5 curve: [82.71, 79.45, 76.94, 75.05, 73.55, 72.26, 72.59, 71.68]
2026-06-16 22:59:54,570 [trainer.py] => Average Accuracy (CNN): 51.16
2026-06-16 22:59:54,571 [trainer.py] => All params: 89792456
2026-06-16 22:59:54,572 [trainer.py] => Trainable params: 89792456
2026-06-16 23:01:03,284 [coda_prompt.py] => Learning on 170-180
2026-06-16 23:06:25,560 [coda_prompt.py] => Task 8, Epoch 20/20 => Loss 0.226, Train_accy 93.61, Test_accy 43.56
2026-06-16 23:06:55,394 [trainer.py] => No NME accuracy.
2026-06-16 23:06:55,394 [trainer.py] => CNN: {'total': 43.56, '00-99': 60.39, '100-109': 4.84, '110-119': 15.38, '120-129': 19.0, '130-139': 22.45, '140-149': 26.26, '150-159': 37.93, '160-169': 26.67, '170-179': 14.29, 'old': 44.62, 'new': 14.29}
2026-06-16 23:06:55,394 [trainer.py] => CNN top1 curve: [60.65, 56.39, 53.33, 50.7, 49.48, 47.48, 46.29, 44.99, 43.56]
2026-06-16 23:06:55,394 [trainer.py] => CNN top5 curve: [82.71, 79.45, 76.94, 75.05, 73.55, 72.26, 72.59, 71.68, 70.39]
2026-06-16 23:06:55,394 [trainer.py] => Average Accuracy (CNN): 50.32
2026-06-16 23:06:55,395 [trainer.py] => All params: 89792456
2026-06-16 23:06:55,396 [trainer.py] => Trainable params: 89792456
2026-06-16 23:08:16,396 [coda_prompt.py] => Learning on 180-190
2026-06-16 23:13:14,525 [coda_prompt.py] => Task 9, Epoch 20/20 => Loss 0.200, Train_accy 95.48, Test_accy 42.34
2026-06-16 23:13:44,416 [trainer.py] => No NME accuracy.
2026-06-16 23:13:44,416 [trainer.py] => CNN: {'total': 42.34, '00-99': 60.26, '100-109': 4.84, '110-119': 13.85, '120-129': 19.0, '130-139': 22.45, '140-149': 26.26, '150-159': 37.93, '160-169': 27.78, '170-179': 14.29, '180-189': 14.04, 'old': 43.49, 'new': 14.04}
2026-06-16 23:13:44,416 [trainer.py] => CNN top1 curve: [60.65, 56.39, 53.33, 50.7, 49.48, 47.48, 46.29, 44.99, 43.56, 42.34]
2026-06-16 23:13:44,416 [trainer.py] => CNN top5 curve: [82.71, 79.45, 76.94, 75.05, 73.55, 72.26, 72.59, 71.68, 70.39, 68.95]
2026-06-16 23:13:44,416 [trainer.py] => Average Accuracy (CNN): 49.52
2026-06-16 23:13:44,417 [trainer.py] => All params: 89792456
2026-06-16 23:13:44,418 [trainer.py] => Trainable params: 89792456
2026-06-16 23:14:59,360 [coda_prompt.py] => Learning on 190-200
2026-06-16 23:20:29,759 [coda_prompt.py] => Task 10, Epoch 20/20 => Loss 0.065, Train_accy 99.15, Test_accy 41.80
2026-06-16 23:21:00,372 [trainer.py] => No NME accuracy.
2026-06-16 23:21:00,372 [trainer.py] => CNN: {'total': 41.8, '00-99': 60.26, '100-109': 4.84, '110-119': 12.31, '120-129': 19.0, '130-139': 22.45, '140-149': 26.26, '150-159': 37.07, '160-169': 27.78, '170-179': 14.29, '180-189': 14.04, '190-199': 31.58, 'old': 42.2, 'new': 31.58}
2026-06-16 23:21:00,372 [trainer.py] => CNN top1 curve: [60.65, 56.39, 53.33, 50.7, 49.48, 47.48, 46.29, 44.99, 43.56, 42.34, 41.8]
2026-06-16 23:21:00,372 [trainer.py] => CNN top5 curve: [82.71, 79.45, 76.94, 75.05, 73.55, 72.26, 72.59, 71.68, 70.39, 68.95, 68.8]
2026-06-16 23:21:00,372 [trainer.py] => Average Accuracy (CNN): 48.82
