2026-06-15 21:07:14,428 [trainer.py] => config: ./configs/coda_prompt/coda_prompt_ina_B0_Inc10.json
2026-06-15 21:07:14,429 [trainer.py] => prefix:  
2026-06-15 21:07:14,429 [trainer.py] => dataset: imageneta
2026-06-15 21:07:14,429 [trainer.py] => memory_size: 0
2026-06-15 21:07:14,429 [trainer.py] => memory_per_class: 0
2026-06-15 21:07:14,429 [trainer.py] => fixed_memory: False
2026-06-15 21:07:14,430 [trainer.py] => shuffle: True
2026-06-15 21:07:14,430 [trainer.py] => init_cls: 10
2026-06-15 21:07:14,430 [trainer.py] => increment: 10
2026-06-15 21:07:14,430 [trainer.py] => model_name: coda_prompt
2026-06-15 21:07:14,430 [trainer.py] => backbone_type: vit_base_patch16_224_in21k_coda_prompt
2026-06-15 21:07:14,431 [trainer.py] => device: [device(type='cuda', index=3)]
2026-06-15 21:07:14,431 [trainer.py] => seed: 1994
2026-06-15 21:07:14,431 [trainer.py] => tuned_epoch: 20
2026-06-15 21:07:14,431 [trainer.py] => init_lr: 0.001
2026-06-15 21:07:14,431 [trainer.py] => batch_size: 128
2026-06-15 21:07:14,431 [trainer.py] => weight_decay: 0
2026-06-15 21:07:14,432 [trainer.py] => min_lr: 1e-05
2026-06-15 21:07:14,432 [trainer.py] => optimizer: adam
2026-06-15 21:07:14,432 [trainer.py] => scheduler: cosine
2026-06-15 21:07:14,432 [trainer.py] => reinit_optimizer: True
2026-06-15 21:07:14,432 [trainer.py] => pretrained: True
2026-06-15 21:07:14,432 [trainer.py] => drop: 0.0
2026-06-15 21:07:14,433 [trainer.py] => drop_path: 0.0
2026-06-15 21:07:14,433 [trainer.py] => prompt_param: [100, 8.0, 0.0]
2026-06-15 21:07:14,433 [trainer.py] => nb_classes: 200
2026-06-15 21:07:14,433 [trainer.py] => nb_tasks: 20
2026-06-15 21:07:15,142 [data_manager.py] => [85, 41, 23, 28, 70, 87, 134, 151, 51, 159, 178, 119, 50, 117, 73, 95, 86, 147, 63, 22, 79, 175, 40, 155, 174, 54, 132, 72, 124, 157, 93, 26, 196, 74, 44, 15, 169, 122, 88, 171, 184, 6, 18, 145, 48, 197, 64, 172, 126, 96, 11, 55, 193, 66, 128, 21, 77, 113, 140, 116, 141, 133, 120, 29, 115, 14, 103, 127, 114, 19, 9, 38, 33, 195, 81, 35, 69, 181, 47, 129, 112, 168, 198, 71, 101, 188, 68, 90, 158, 163, 52, 8, 185, 59, 154, 92, 56, 183, 32, 136, 65, 45, 46, 173, 189, 108, 102, 144, 0, 107, 187, 100, 98, 192, 43, 161, 104, 75, 150, 166, 121, 60, 160, 3, 143, 153, 62, 142, 61, 110, 194, 97, 25, 177, 179, 17, 49, 31, 94, 111, 16, 53, 91, 58, 135, 83, 2, 12, 13, 165, 42, 36, 186, 105, 1, 7, 149, 170, 27, 24, 78, 167, 137, 138, 118, 10, 139, 164, 20, 57, 123, 199, 89, 130, 82, 162, 176, 148, 109, 125, 67, 106, 37, 146, 131, 180, 156, 39, 5, 84, 4, 190, 152, 191, 30, 76, 80, 34, 99, 182]
2026-06-15 21:07:19,384 [coda_prompt.py] => 89,792,456 total parameters.
2026-06-15 21:07:19,384 [coda_prompt.py] => 3,993,800 fc and prompt training parameters.
2026-06-15 21:07:19,385 [trainer.py] => All params: 89792456
2026-06-15 21:07:19,385 [trainer.py] => Trainable params: 89792456
2026-06-15 21:07:19,385 [coda_prompt.py] => Learning on 0-10
2026-06-15 21:13:24,977 [coda_prompt.py] => Task 0, Epoch 20/20 => Loss 0.160, Train_accy 97.21, Test_accy 85.39
2026-06-15 21:13:27,805 [trainer.py] => No NME accuracy.
2026-06-15 21:13:27,806 [trainer.py] => CNN: {'total': 85.39, '00-09': 85.39, 'old': 0, 'new': 85.39}
2026-06-15 21:13:27,806 [trainer.py] => CNN top1 curve: [85.39]
2026-06-15 21:13:27,806 [trainer.py] => CNN top5 curve: [97.75]
2026-06-15 21:13:27,806 [trainer.py] => Average Accuracy (CNN): 85.39
2026-06-15 21:13:27,807 [trainer.py] => All params: 89792456
2026-06-15 21:13:27,807 [trainer.py] => Trainable params: 89792456
2026-06-15 21:13:31,564 [coda_prompt.py] => Learning on 10-20
2026-06-15 21:16:46,518 [coda_prompt.py] => Task 1, Epoch 20/20 => Loss 0.190, Train_accy 95.26, Test_accy 70.00
2026-06-15 21:16:50,516 [trainer.py] => No NME accuracy.
2026-06-15 21:16:50,516 [trainer.py] => CNN: {'total': 70.0, '00-09': 73.03, '10-19': 64.71, 'old': 73.03, 'new': 64.71}
2026-06-15 21:16:50,516 [trainer.py] => CNN top1 curve: [85.39, 70.0]
2026-06-15 21:16:50,516 [trainer.py] => CNN top5 curve: [97.75, 90.71]
2026-06-15 21:16:50,517 [trainer.py] => Average Accuracy (CNN): 77.69
2026-06-15 21:16:50,517 [trainer.py] => All params: 89792456
2026-06-15 21:16:50,518 [trainer.py] => Trainable params: 89792456
2026-06-15 21:16:57,015 [coda_prompt.py] => Learning on 20-30
2026-06-15 21:20:24,077 [coda_prompt.py] => Task 2, Epoch 20/20 => Loss 0.161, Train_accy 98.39, Test_accy 63.04
2026-06-15 21:20:29,447 [trainer.py] => No NME accuracy.
2026-06-15 21:20:29,449 [trainer.py] => CNN: {'total': 63.04, '00-09': 68.54, '10-19': 62.75, '20-29': 52.27, 'old': 66.43, 'new': 52.27}
2026-06-15 21:20:29,449 [trainer.py] => CNN top1 curve: [85.39, 70.0, 63.04]
2026-06-15 21:20:29,450 [trainer.py] => CNN top5 curve: [97.75, 90.71, 86.41]
2026-06-15 21:20:29,450 [trainer.py] => Average Accuracy (CNN): 72.81
2026-06-15 21:20:29,452 [trainer.py] => All params: 89792456
2026-06-15 21:20:29,454 [trainer.py] => Trainable params: 89792456
2026-06-15 21:20:38,545 [coda_prompt.py] => Learning on 30-40
2026-06-15 21:26:52,510 [coda_prompt.py] => Task 3, Epoch 20/20 => Loss 0.190, Train_accy 95.51, Test_accy 62.03
2026-06-15 21:27:01,008 [trainer.py] => No NME accuracy.
2026-06-15 21:27:01,027 [trainer.py] => CNN: {'total': 62.03, '00-09': 64.04, '10-19': 60.78, '20-29': 52.27, '30-39': 65.85, 'old': 60.33, 'new': 65.85}
2026-06-15 21:27:01,027 [trainer.py] => CNN top1 curve: [85.39, 70.0, 63.04, 62.03]
2026-06-15 21:27:01,027 [trainer.py] => CNN top5 curve: [97.75, 90.71, 86.41, 84.96]
2026-06-15 21:27:01,028 [trainer.py] => Average Accuracy (CNN): 70.11
2026-06-15 21:27:01,030 [trainer.py] => All params: 89792456
2026-06-15 21:27:01,031 [trainer.py] => Trainable params: 89792456
2026-06-15 21:27:12,690 [coda_prompt.py] => Learning on 40-50
2026-06-15 21:32:47,662 [coda_prompt.py] => Task 4, Epoch 20/20 => Loss 0.229, Train_accy 95.15, Test_accy 56.98
2026-06-15 21:32:58,367 [trainer.py] => No NME accuracy.
2026-06-15 21:32:58,369 [trainer.py] => CNN: {'total': 56.98, '00-09': 59.55, '10-19': 56.86, '20-29': 45.45, '30-39': 60.98, '40-49': 56.52, 'old': 57.14, 'new': 56.52}
2026-06-15 21:32:58,369 [trainer.py] => CNN top1 curve: [85.39, 70.0, 63.04, 62.03, 56.98]
2026-06-15 21:32:58,369 [trainer.py] => CNN top5 curve: [97.75, 90.71, 86.41, 84.96, 83.8]
2026-06-15 21:32:58,369 [trainer.py] => Average Accuracy (CNN): 67.49
2026-06-15 21:32:58,371 [trainer.py] => All params: 89792456
2026-06-15 21:32:58,372 [trainer.py] => Trainable params: 89792456
2026-06-15 21:33:12,659 [coda_prompt.py] => Learning on 50-60
2026-06-15 21:39:40,266 [coda_prompt.py] => Task 5, Epoch 20/20 => Loss 0.302, Train_accy 92.70, Test_accy 54.77
2026-06-15 21:39:52,344 [trainer.py] => No NME accuracy.
2026-06-15 21:39:52,346 [trainer.py] => CNN: {'total': 54.77, '00-09': 59.55, '10-19': 50.98, '20-29': 34.09, '30-39': 54.88, '40-49': 51.09, '50-59': 65.59, 'old': 51.96, 'new': 65.59}
2026-06-15 21:39:52,346 [trainer.py] => CNN top1 curve: [85.39, 70.0, 63.04, 62.03, 56.98, 54.77]
2026-06-15 21:39:52,346 [trainer.py] => CNN top5 curve: [97.75, 90.71, 86.41, 84.96, 83.8, 83.15]
2026-06-15 21:39:52,348 [trainer.py] => Average Accuracy (CNN): 65.37
2026-06-15 21:39:52,349 [trainer.py] => All params: 89792456
2026-06-15 21:39:52,350 [trainer.py] => Trainable params: 89792456
2026-06-15 21:40:09,369 [coda_prompt.py] => Learning on 60-70
2026-06-15 21:45:36,594 [coda_prompt.py] => Task 6, Epoch 20/20 => Loss 0.209, Train_accy 95.80, Test_accy 51.91
2026-06-15 21:45:49,703 [trainer.py] => No NME accuracy.
2026-06-15 21:45:49,705 [trainer.py] => CNN: {'total': 51.91, '00-09': 52.81, '10-19': 49.02, '20-29': 31.82, '30-39': 51.22, '40-49': 45.65, '50-59': 63.44, '60-69': 58.9, 'old': 50.78, 'new': 58.9}
2026-06-15 21:45:49,705 [trainer.py] => CNN top1 curve: [85.39, 70.0, 63.04, 62.03, 56.98, 54.77, 51.91]
2026-06-15 21:45:49,705 [trainer.py] => CNN top5 curve: [97.75, 90.71, 86.41, 84.96, 83.8, 83.15, 80.15]
2026-06-15 21:45:49,705 [trainer.py] => Average Accuracy (CNN): 63.45
2026-06-15 21:45:49,706 [trainer.py] => All params: 89792456
2026-06-15 21:45:49,707 [trainer.py] => Trainable params: 89792456
2026-06-15 21:46:09,533 [coda_prompt.py] => Learning on 70-80
2026-06-15 21:52:38,087 [coda_prompt.py] => Task 7, Epoch 20/20 => Loss 0.340, Train_accy 90.99, Test_accy 50.24
2026-06-15 21:52:51,798 [trainer.py] => No NME accuracy.
2026-06-15 21:52:51,798 [trainer.py] => CNN: {'total': 50.24, '00-09': 52.81, '10-19': 49.02, '20-29': 29.55, '30-39': 51.22, '40-49': 45.65, '50-59': 62.37, '60-69': 58.9, '70-79': 43.01, 'old': 51.53, 'new': 43.01}
2026-06-15 21:52:51,798 [trainer.py] => CNN top1 curve: [85.39, 70.0, 63.04, 62.03, 56.98, 54.77, 51.91, 50.24]
2026-06-15 21:52:51,798 [trainer.py] => CNN top5 curve: [97.75, 90.71, 86.41, 84.96, 83.8, 83.15, 80.15, 78.28]
2026-06-15 21:52:51,798 [trainer.py] => Average Accuracy (CNN): 61.8
2026-06-15 21:52:51,799 [trainer.py] => All params: 89792456
2026-06-15 21:52:51,800 [trainer.py] => Trainable params: 89792456
2026-06-15 21:53:14,186 [coda_prompt.py] => Learning on 80-90
2026-06-15 21:56:53,876 [coda_prompt.py] => Task 8, Epoch 20/20 => Loss 0.369, Train_accy 91.98, Test_accy 46.95
2026-06-15 21:57:10,620 [trainer.py] => No NME accuracy.
2026-06-15 21:57:10,645 [trainer.py] => CNN: {'total': 46.95, '00-09': 52.81, '10-19': 49.02, '20-29': 27.27, '30-39': 50.0, '40-49': 45.65, '50-59': 62.37, '60-69': 58.9, '70-79': 40.86, '80-89': 17.86, 'old': 49.59, 'new': 17.86}
2026-06-15 21:57:10,645 [trainer.py] => CNN top1 curve: [85.39, 70.0, 63.04, 62.03, 56.98, 54.77, 51.91, 50.24, 46.95]
2026-06-15 21:57:10,645 [trainer.py] => CNN top5 curve: [97.75, 90.71, 86.41, 84.96, 83.8, 83.15, 80.15, 78.28, 75.33]
2026-06-15 21:57:10,646 [trainer.py] => Average Accuracy (CNN): 60.15
2026-06-15 21:57:10,647 [trainer.py] => All params: 89792456
2026-06-15 21:57:10,648 [trainer.py] => Trainable params: 89792456
2026-06-15 21:57:34,458 [coda_prompt.py] => Learning on 90-100
2026-06-15 22:05:01,901 [coda_prompt.py] => Task 9, Epoch 20/20 => Loss 0.224, Train_accy 94.53, Test_accy 47.35
2026-06-15 22:05:20,449 [trainer.py] => No NME accuracy.
2026-06-15 22:05:20,470 [trainer.py] => CNN: {'total': 47.35, '00-09': 51.69, '10-19': 49.02, '20-29': 27.27, '30-39': 51.22, '40-49': 43.48, '50-59': 62.37, '60-69': 57.53, '70-79': 35.48, '80-89': 17.86, '90-99': 57.84, 'old': 45.77, 'new': 57.84}
2026-06-15 22:05:20,470 [trainer.py] => CNN top1 curve: [85.39, 70.0, 63.04, 62.03, 56.98, 54.77, 51.91, 50.24, 46.95, 47.35]
2026-06-15 22:05:20,470 [trainer.py] => CNN top5 curve: [97.75, 90.71, 86.41, 84.96, 83.8, 83.15, 80.15, 78.28, 75.33, 75.48]
2026-06-15 22:05:20,470 [trainer.py] => Average Accuracy (CNN): 58.87
2026-06-15 22:05:20,471 [trainer.py] => All params: 89792456
2026-06-15 22:05:20,472 [trainer.py] => Trainable params: 89792456
2026-06-15 22:05:46,396 [coda_prompt.py] => Learning on 100-110
2026-06-15 22:11:20,850 [coda_prompt.py] => Task 10, Epoch 20/20 => Loss 0.755, Train_accy 86.77, Test_accy 44.68
2026-06-15 22:11:39,551 [trainer.py] => No NME accuracy.
2026-06-15 22:11:39,578 [trainer.py] => CNN: {'total': 44.68, '00-09': 51.69, '10-19': 49.02, '20-29': 27.27, '30-39': 50.0, '40-49': 43.48, '50-59': 62.37, '60-69': 57.53, '70-79': 35.48, '80-89': 17.86, '90-99': 56.86, '100-109': 14.52, 'old': 47.1, 'new': 14.52}
2026-06-15 22:11:39,578 [trainer.py] => CNN top1 curve: [85.39, 70.0, 63.04, 62.03, 56.98, 54.77, 51.91, 50.24, 46.95, 47.35, 44.68]
2026-06-15 22:11:39,578 [trainer.py] => CNN top5 curve: [97.75, 90.71, 86.41, 84.96, 83.8, 83.15, 80.15, 78.28, 75.33, 75.48, 72.88]
2026-06-15 22:11:39,579 [trainer.py] => Average Accuracy (CNN): 57.58
2026-06-15 22:11:39,581 [trainer.py] => All params: 89792456
2026-06-15 22:11:39,583 [trainer.py] => Trainable params: 89792456
2026-06-15 22:12:08,426 [coda_prompt.py] => Learning on 110-120
2026-06-15 22:18:04,548 [coda_prompt.py] => Task 11, Epoch 20/20 => Loss 0.451, Train_accy 90.11, Test_accy 44.12
2026-06-15 22:18:25,942 [trainer.py] => No NME accuracy.
2026-06-15 22:18:25,982 [trainer.py] => CNN: {'total': 44.12, '00-09': 51.69, '10-19': 49.02, '20-29': 27.27, '30-39': 50.0, '40-49': 43.48, '50-59': 62.37, '60-69': 56.16, '70-79': 35.48, '80-89': 17.86, '90-99': 55.88, '100-109': 12.9, '110-119': 41.54, 'old': 44.32, 'new': 41.54}
2026-06-15 22:18:25,982 [trainer.py] => CNN top1 curve: [85.39, 70.0, 63.04, 62.03, 56.98, 54.77, 51.91, 50.24, 46.95, 47.35, 44.68, 44.12]
2026-06-15 22:18:25,982 [trainer.py] => CNN top5 curve: [97.75, 90.71, 86.41, 84.96, 83.8, 83.15, 80.15, 78.28, 75.33, 75.48, 72.88, 71.51]
2026-06-15 22:18:25,983 [trainer.py] => Average Accuracy (CNN): 56.46
2026-06-15 22:18:25,984 [trainer.py] => All params: 89792456
2026-06-15 22:18:25,986 [trainer.py] => Trainable params: 89792456
2026-06-15 22:18:56,505 [coda_prompt.py] => Learning on 120-130
2026-06-15 22:26:01,979 [coda_prompt.py] => Task 12, Epoch 20/20 => Loss 0.276, Train_accy 92.31, Test_accy 42.02
2026-06-15 22:26:25,160 [trainer.py] => No NME accuracy.
2026-06-15 22:26:25,188 [trainer.py] => CNN: {'total': 42.02, '00-09': 50.56, '10-19': 49.02, '20-29': 25.0, '30-39': 50.0, '40-49': 41.3, '50-59': 62.37, '60-69': 56.16, '70-79': 35.48, '80-89': 14.29, '90-99': 56.86, '100-109': 12.9, '110-119': 41.54, '120-129': 28.0, 'old': 43.57, 'new': 28.0}
2026-06-15 22:26:25,189 [trainer.py] => CNN top1 curve: [85.39, 70.0, 63.04, 62.03, 56.98, 54.77, 51.91, 50.24, 46.95, 47.35, 44.68, 44.12, 42.02]
2026-06-15 22:26:25,189 [trainer.py] => CNN top5 curve: [97.75, 90.71, 86.41, 84.96, 83.8, 83.15, 80.15, 78.28, 75.33, 75.48, 72.88, 71.51, 69.96]
2026-06-15 22:26:25,189 [trainer.py] => Average Accuracy (CNN): 55.34
2026-06-15 22:26:25,191 [trainer.py] => All params: 89792456
2026-06-15 22:26:25,193 [trainer.py] => Trainable params: 89792456
2026-06-15 22:26:59,293 [coda_prompt.py] => Learning on 130-140
2026-06-15 22:32:18,819 [coda_prompt.py] => Task 13, Epoch 20/20 => Loss 0.222, Train_accy 96.49, Test_accy 41.10
2026-06-15 22:32:42,057 [trainer.py] => No NME accuracy.
2026-06-15 22:32:42,087 [trainer.py] => CNN: {'total': 41.1, '00-09': 49.44, '10-19': 49.02, '20-29': 25.0, '30-39': 50.0, '40-49': 40.22, '50-59': 62.37, '60-69': 54.79, '70-79': 34.41, '80-89': 14.29, '90-99': 56.86, '100-109': 11.29, '110-119': 40.0, '120-129': 28.0, '130-139': 34.69, 'old': 41.42, 'new': 34.69}
2026-06-15 22:32:42,087 [trainer.py] => CNN top1 curve: [85.39, 70.0, 63.04, 62.03, 56.98, 54.77, 51.91, 50.24, 46.95, 47.35, 44.68, 44.12, 42.02, 41.1]
2026-06-15 22:32:42,087 [trainer.py] => CNN top5 curve: [97.75, 90.71, 86.41, 84.96, 83.8, 83.15, 80.15, 78.28, 75.33, 75.48, 72.88, 71.51, 69.96, 68.79]
2026-06-15 22:32:42,088 [trainer.py] => Average Accuracy (CNN): 54.33
2026-06-15 22:32:42,090 [trainer.py] => All params: 89792456
2026-06-15 22:32:42,092 [trainer.py] => Trainable params: 89792456
2026-06-15 22:33:20,470 [coda_prompt.py] => Learning on 140-150
2026-06-15 22:41:38,177 [coda_prompt.py] => Task 14, Epoch 20/20 => Loss 0.233, Train_accy 93.91, Test_accy 39.57
2026-06-15 22:42:02,948 [trainer.py] => No NME accuracy.
2026-06-15 22:42:02,948 [trainer.py] => CNN: {'total': 39.57, '00-09': 47.19, '10-19': 49.02, '20-29': 22.73, '30-39': 48.78, '40-49': 40.22, '50-59': 61.29, '60-69': 53.42, '70-79': 34.41, '80-89': 14.29, '90-99': 53.92, '100-109': 9.68, '110-119': 40.0, '120-129': 25.0, '130-139': 34.69, '140-149': 36.36, 'old': 39.87, 'new': 36.36}
2026-06-15 22:42:02,948 [trainer.py] => CNN top1 curve: [85.39, 70.0, 63.04, 62.03, 56.98, 54.77, 51.91, 50.24, 46.95, 47.35, 44.68, 44.12, 42.02, 41.1, 39.57]
2026-06-15 22:42:02,948 [trainer.py] => CNN top5 curve: [97.75, 90.71, 86.41, 84.96, 83.8, 83.15, 80.15, 78.28, 75.33, 75.48, 72.88, 71.51, 69.96, 68.79, 67.39]
2026-06-15 22:42:02,948 [trainer.py] => Average Accuracy (CNN): 53.34
2026-06-15 22:42:02,949 [trainer.py] => All params: 89792456
2026-06-15 22:42:02,950 [trainer.py] => Trainable params: 89792456
2026-06-15 22:42:44,876 [coda_prompt.py] => Learning on 150-160
2026-06-15 22:52:05,225 [coda_prompt.py] => Task 15, Epoch 20/20 => Loss 0.193, Train_accy 93.85, Test_accy 40.05
2026-06-15 22:52:33,041 [trainer.py] => No NME accuracy.
2026-06-15 22:52:33,067 [trainer.py] => CNN: {'total': 40.05, '00-09': 40.45, '10-19': 49.02, '20-29': 22.73, '30-39': 51.22, '40-49': 36.96, '50-59': 61.29, '60-69': 50.68, '70-79': 31.18, '80-89': 14.29, '90-99': 51.96, '100-109': 11.29, '110-119': 38.46, '120-129': 27.0, '130-139': 32.65, '140-149': 38.38, '150-159': 54.31, 'old': 38.61, 'new': 54.31}
2026-06-15 22:52:33,067 [trainer.py] => CNN top1 curve: [85.39, 70.0, 63.04, 62.03, 56.98, 54.77, 51.91, 50.24, 46.95, 47.35, 44.68, 44.12, 42.02, 41.1, 39.57, 40.05]
2026-06-15 22:52:33,067 [trainer.py] => CNN top5 curve: [97.75, 90.71, 86.41, 84.96, 83.8, 83.15, 80.15, 78.28, 75.33, 75.48, 72.88, 71.51, 69.96, 68.79, 67.39, 67.06]
2026-06-15 22:52:33,067 [trainer.py] => Average Accuracy (CNN): 52.51
2026-06-15 22:52:33,068 [trainer.py] => All params: 89792456
2026-06-15 22:52:33,068 [trainer.py] => Trainable params: 89792456
2026-06-15 22:53:16,320 [coda_prompt.py] => Learning on 160-170
2026-06-15 23:01:01,390 [coda_prompt.py] => Task 16, Epoch 20/20 => Loss 0.194, Train_accy 94.71, Test_accy 38.86
2026-06-15 23:01:32,044 [trainer.py] => No NME accuracy.
2026-06-15 23:01:32,072 [trainer.py] => CNN: {'total': 38.86, '00-09': 40.45, '10-19': 49.02, '20-29': 20.45, '30-39': 51.22, '40-49': 36.96, '50-59': 54.84, '60-69': 50.68, '70-79': 29.03, '80-89': 14.29, '90-99': 51.96, '100-109': 11.29, '110-119': 35.38, '120-129': 26.0, '130-139': 32.65, '140-149': 36.36, '150-159': 54.31, '160-169': 37.78, 'old': 38.94, 'new': 37.78}
2026-06-15 23:01:32,072 [trainer.py] => CNN top1 curve: [85.39, 70.0, 63.04, 62.03, 56.98, 54.77, 51.91, 50.24, 46.95, 47.35, 44.68, 44.12, 42.02, 41.1, 39.57, 40.05, 38.86]
2026-06-15 23:01:32,073 [trainer.py] => CNN top5 curve: [97.75, 90.71, 86.41, 84.96, 83.8, 83.15, 80.15, 78.28, 75.33, 75.48, 72.88, 71.51, 69.96, 68.79, 67.39, 67.06, 65.93]
2026-06-15 23:01:32,073 [trainer.py] => Average Accuracy (CNN): 51.71
2026-06-15 23:01:32,075 [trainer.py] => All params: 89792456
2026-06-15 23:01:32,077 [trainer.py] => Trainable params: 89792456
2026-06-15 23:02:18,702 [coda_prompt.py] => Learning on 170-180
2026-06-15 23:08:07,350 [coda_prompt.py] => Task 17, Epoch 20/20 => Loss 0.252, Train_accy 96.35, Test_accy 37.65
2026-06-15 23:08:38,690 [trainer.py] => No NME accuracy.
2026-06-15 23:08:38,732 [trainer.py] => CNN: {'total': 37.65, '00-09': 40.45, '10-19': 49.02, '20-29': 18.18, '30-39': 52.44, '40-49': 36.96, '50-59': 53.76, '60-69': 49.32, '70-79': 29.03, '80-89': 14.29, '90-99': 51.96, '100-109': 11.29, '110-119': 33.85, '120-129': 26.0, '130-139': 32.65, '140-149': 37.37, '150-159': 54.31, '160-169': 37.78, '170-179': 8.16, 'old': 38.72, 'new': 8.16}
2026-06-15 23:08:38,733 [trainer.py] => CNN top1 curve: [85.39, 70.0, 63.04, 62.03, 56.98, 54.77, 51.91, 50.24, 46.95, 47.35, 44.68, 44.12, 42.02, 41.1, 39.57, 40.05, 38.86, 37.65]
2026-06-15 23:08:38,733 [trainer.py] => CNN top5 curve: [97.75, 90.71, 86.41, 84.96, 83.8, 83.15, 80.15, 78.28, 75.33, 75.48, 72.88, 71.51, 69.96, 68.79, 67.39, 67.06, 65.93, 64.7]
2026-06-15 23:08:38,733 [trainer.py] => Average Accuracy (CNN): 50.93
2026-06-15 23:08:38,735 [trainer.py] => All params: 89792456
2026-06-15 23:08:38,736 [trainer.py] => Trainable params: 89792456
2026-06-15 23:09:26,312 [coda_prompt.py] => Learning on 180-190
2026-06-15 23:14:56,816 [coda_prompt.py] => Task 18, Epoch 20/20 => Loss 0.265, Train_accy 91.96, Test_accy 36.32
2026-06-15 23:15:28,098 [trainer.py] => No NME accuracy.
2026-06-15 23:15:28,149 [trainer.py] => CNN: {'total': 36.32, '00-09': 40.45, '10-19': 47.06, '20-29': 15.91, '30-39': 51.22, '40-49': 36.96, '50-59': 53.76, '60-69': 49.32, '70-79': 27.96, '80-89': 14.29, '90-99': 51.96, '100-109': 11.29, '110-119': 32.31, '120-129': 25.0, '130-139': 32.65, '140-149': 36.36, '150-159': 54.31, '160-169': 36.67, '170-179': 8.16, '180-189': 17.54, 'old': 37.08, 'new': 17.54}
2026-06-15 23:15:28,150 [trainer.py] => CNN top1 curve: [85.39, 70.0, 63.04, 62.03, 56.98, 54.77, 51.91, 50.24, 46.95, 47.35, 44.68, 44.12, 42.02, 41.1, 39.57, 40.05, 38.86, 37.65, 36.32]
2026-06-15 23:15:28,150 [trainer.py] => CNN top5 curve: [97.75, 90.71, 86.41, 84.96, 83.8, 83.15, 80.15, 78.28, 75.33, 75.48, 72.88, 71.51, 69.96, 68.79, 67.39, 67.06, 65.93, 64.7, 63.47]
2026-06-15 23:15:28,151 [trainer.py] => Average Accuracy (CNN): 50.16
2026-06-15 23:15:28,153 [trainer.py] => All params: 89792456
2026-06-15 23:15:28,155 [trainer.py] => Trainable params: 89792456
2026-06-15 23:16:19,891 [coda_prompt.py] => Learning on 190-200
2026-06-15 23:22:21,851 [coda_prompt.py] => Task 19, Epoch 20/20 => Loss 0.117, Train_accy 98.29, Test_accy 36.47
2026-06-15 23:22:53,747 [trainer.py] => No NME accuracy.
2026-06-15 23:22:53,771 [trainer.py] => CNN: {'total': 36.47, '00-09': 40.45, '10-19': 47.06, '20-29': 15.91, '30-39': 51.22, '40-49': 36.96, '50-59': 54.84, '60-69': 49.32, '70-79': 27.96, '80-89': 14.29, '90-99': 50.0, '100-109': 11.29, '110-119': 32.31, '120-129': 25.0, '130-139': 32.65, '140-149': 36.36, '150-159': 54.31, '160-169': 36.67, '170-179': 8.16, '180-189': 17.54, '190-199': 42.11, 'old': 36.25, 'new': 42.11}
2026-06-15 23:22:53,772 [trainer.py] => CNN top1 curve: [85.39, 70.0, 63.04, 62.03, 56.98, 54.77, 51.91, 50.24, 46.95, 47.35, 44.68, 44.12, 42.02, 41.1, 39.57, 40.05, 38.86, 37.65, 36.32, 36.47]
2026-06-15 23:22:53,772 [trainer.py] => CNN top5 curve: [97.75, 90.71, 86.41, 84.96, 83.8, 83.15, 80.15, 78.28, 75.33, 75.48, 72.88, 71.51, 69.96, 68.79, 67.39, 67.06, 65.93, 64.7, 63.47, 63.53]
2026-06-15 23:22:53,772 [trainer.py] => Average Accuracy (CNN): 49.48
