2026-06-15 10:45:29,913 [trainer.py] => config: ./configs/coda_prompt/coda_prompt_ina_B0_Inc5.json
2026-06-15 10:45:29,914 [trainer.py] => prefix:  
2026-06-15 10:45:29,914 [trainer.py] => dataset: imageneta
2026-06-15 10:45:29,914 [trainer.py] => memory_size: 0
2026-06-15 10:45:29,914 [trainer.py] => memory_per_class: 0
2026-06-15 10:45:29,914 [trainer.py] => fixed_memory: False
2026-06-15 10:45:29,914 [trainer.py] => shuffle: True
2026-06-15 10:45:29,915 [trainer.py] => init_cls: 5
2026-06-15 10:45:29,915 [trainer.py] => increment: 5
2026-06-15 10:45:29,915 [trainer.py] => model_name: coda_prompt
2026-06-15 10:45:29,915 [trainer.py] => backbone_type: vit_base_patch16_224_in21k_coda_prompt
2026-06-15 10:45:29,915 [trainer.py] => device: [device(type='cuda', index=3)]
2026-06-15 10:45:29,915 [trainer.py] => seed: 1993
2026-06-15 10:45:29,916 [trainer.py] => tuned_epoch: 20
2026-06-15 10:45:29,916 [trainer.py] => init_lr: 0.001
2026-06-15 10:45:29,916 [trainer.py] => batch_size: 128
2026-06-15 10:45:29,916 [trainer.py] => weight_decay: 0
2026-06-15 10:45:29,916 [trainer.py] => min_lr: 1e-05
2026-06-15 10:45:29,916 [trainer.py] => optimizer: adam
2026-06-15 10:45:29,916 [trainer.py] => scheduler: cosine
2026-06-15 10:45:29,917 [trainer.py] => reinit_optimizer: True
2026-06-15 10:45:29,917 [trainer.py] => pretrained: True
2026-06-15 10:45:29,917 [trainer.py] => drop: 0.0
2026-06-15 10:45:29,917 [trainer.py] => drop_path: 0.0
2026-06-15 10:45:29,917 [trainer.py] => prompt_param: [100, 8.0, 0.0]
2026-06-15 10:45:29,917 [trainer.py] => nb_classes: 200
2026-06-15 10:45:29,918 [trainer.py] => nb_tasks: 40
2026-06-15 10:45:30,620 [data_manager.py] => [168, 136, 51, 9, 183, 101, 171, 99, 42, 159, 191, 70, 16, 188, 27, 10, 175, 26, 68, 187, 98, 6, 85, 35, 112, 43, 100, 0, 103, 181, 88, 59, 4, 2, 116, 174, 94, 80, 106, 1, 147, 17, 141, 131, 72, 23, 173, 54, 197, 118, 87, 32, 79, 104, 91, 19, 135, 107, 178, 36, 11, 199, 142, 8, 122, 3, 28, 57, 153, 172, 190, 56, 49, 44, 97, 62, 151, 169, 194, 55, 192, 12, 189, 78, 66, 180, 15, 137, 109, 134, 92, 119, 126, 52, 170, 40, 148, 65, 144, 64, 138, 45, 77, 89, 154, 90, 71, 193, 74, 30, 113, 143, 96, 84, 67, 50, 186, 156, 69, 21, 18, 111, 108, 58, 125, 157, 150, 110, 182, 129, 166, 83, 81, 60, 13, 165, 14, 176, 63, 117, 5, 22, 145, 121, 38, 41, 82, 127, 114, 20, 31, 53, 37, 163, 196, 130, 152, 162, 86, 76, 24, 34, 184, 149, 33, 128, 198, 155, 146, 167, 139, 120, 140, 102, 47, 25, 158, 123, 46, 164, 61, 7, 115, 75, 133, 160, 105, 132, 179, 124, 48, 73, 93, 39, 95, 195, 29, 177, 185, 161]
2026-06-15 10:45:34,659 [coda_prompt.py] => 89,792,456 total parameters.
2026-06-15 10:45:34,659 [coda_prompt.py] => 3,993,800 fc and prompt training parameters.
2026-06-15 10:45:34,660 [trainer.py] => All params: 89792456
2026-06-15 10:45:34,660 [trainer.py] => Trainable params: 89792456
2026-06-15 10:45:34,660 [coda_prompt.py] => Learning on 0-5
2026-06-15 10:49:41,085 [coda_prompt.py] => Task 0, Epoch 20/20 => Loss 0.156, Train_accy 97.06, Test_accy 88.24
2026-06-15 10:49:42,649 [trainer.py] => No NME accuracy.
2026-06-15 10:49:42,650 [trainer.py] => CNN: {'total': 88.24, '00-04': 88.24, 'old': 0, 'new': 88.24}
2026-06-15 10:49:42,650 [trainer.py] => CNN top1 curve: [88.24]
2026-06-15 10:49:42,650 [trainer.py] => CNN top5 curve: [100.0]
2026-06-15 10:49:42,650 [trainer.py] => Average Accuracy (CNN): 88.24
2026-06-15 10:49:42,653 [trainer.py] => All params: 89792456
2026-06-15 10:49:42,654 [trainer.py] => Trainable params: 89792456
2026-06-15 10:49:43,519 [coda_prompt.py] => Learning on 5-10
2026-06-15 10:52:59,206 [coda_prompt.py] => Task 1, Epoch 20/20 => Loss 0.586, Train_accy 82.44, Test_accy 61.04
2026-06-15 10:53:02,396 [trainer.py] => No NME accuracy.
2026-06-15 10:53:02,397 [trainer.py] => CNN: {'total': 61.04, '00-04': 79.41, '05-09': 46.51, 'old': 79.41, 'new': 46.51}
2026-06-15 10:53:02,397 [trainer.py] => CNN top1 curve: [88.24, 61.04]
2026-06-15 10:53:02,397 [trainer.py] => CNN top5 curve: [100.0, 89.61]
2026-06-15 10:53:02,397 [trainer.py] => Average Accuracy (CNN): 74.64
2026-06-15 10:53:02,398 [trainer.py] => All params: 89792456
2026-06-15 10:53:02,398 [trainer.py] => Trainable params: 89792456
2026-06-15 10:53:03,938 [coda_prompt.py] => Learning on 10-15
2026-06-15 10:57:54,105 [coda_prompt.py] => Task 2, Epoch 20/20 => Loss 0.112, Train_accy 99.50, Test_accy 54.07
2026-06-15 10:57:59,327 [trainer.py] => No NME accuracy.
2026-06-15 10:57:59,328 [trainer.py] => CNN: {'total': 54.07, '00-04': 38.24, '05-09': 25.58, '10-14': 84.48, 'old': 31.17, 'new': 84.48}
2026-06-15 10:57:59,328 [trainer.py] => CNN top1 curve: [88.24, 61.04, 54.07]
2026-06-15 10:57:59,328 [trainer.py] => CNN top5 curve: [100.0, 89.61, 84.44]
2026-06-15 10:57:59,328 [trainer.py] => Average Accuracy (CNN): 67.78
2026-06-15 10:57:59,329 [trainer.py] => All params: 89792456
2026-06-15 10:57:59,330 [trainer.py] => Trainable params: 89792456
2026-06-15 10:58:01,560 [coda_prompt.py] => Learning on 15-20
2026-06-15 11:02:56,368 [coda_prompt.py] => Task 3, Epoch 20/20 => Loss 0.121, Train_accy 97.55, Test_accy 50.86
2026-06-15 11:03:02,335 [trainer.py] => No NME accuracy.
2026-06-15 11:03:02,335 [trainer.py] => CNN: {'total': 50.86, '00-04': 35.29, '05-09': 25.58, '10-14': 75.86, '15-19': 55.0, 'old': 49.63, 'new': 55.0}
2026-06-15 11:03:02,335 [trainer.py] => CNN top1 curve: [88.24, 61.04, 54.07, 50.86]
2026-06-15 11:03:02,335 [trainer.py] => CNN top5 curve: [100.0, 89.61, 84.44, 84.57]
2026-06-15 11:03:02,336 [trainer.py] => Average Accuracy (CNN): 63.55
2026-06-15 11:03:02,336 [trainer.py] => All params: 89792456
2026-06-15 11:03:02,337 [trainer.py] => Trainable params: 89792456
2026-06-15 11:03:04,693 [coda_prompt.py] => Learning on 20-25
2026-06-15 11:07:22,686 [coda_prompt.py] => Task 4, Epoch 20/20 => Loss 0.286, Train_accy 91.04, Test_accy 45.73
2026-06-15 11:07:29,564 [trainer.py] => No NME accuracy.
2026-06-15 11:07:29,565 [trainer.py] => CNN: {'total': 45.73, '00-04': 32.35, '05-09': 25.58, '10-14': 74.14, '15-19': 52.5, '20-24': 35.59, 'old': 49.14, 'new': 35.59}
2026-06-15 11:07:29,565 [trainer.py] => CNN top1 curve: [88.24, 61.04, 54.07, 50.86, 45.73]
2026-06-15 11:07:29,565 [trainer.py] => CNN top5 curve: [100.0, 89.61, 84.44, 84.57, 80.34]
2026-06-15 11:07:29,565 [trainer.py] => Average Accuracy (CNN): 59.99
2026-06-15 11:07:29,566 [trainer.py] => All params: 89792456
2026-06-15 11:07:29,566 [trainer.py] => Trainable params: 89792456
2026-06-15 11:07:32,492 [coda_prompt.py] => Learning on 25-30
2026-06-15 11:11:16,164 [coda_prompt.py] => Task 5, Epoch 20/20 => Loss 0.156, Train_accy 96.30, Test_accy 46.35
2026-06-15 11:11:24,239 [trainer.py] => No NME accuracy.
2026-06-15 11:11:24,240 [trainer.py] => CNN: {'total': 46.35, '00-04': 32.35, '05-09': 20.93, '10-14': 68.97, '15-19': 47.5, '20-24': 27.12, '25-29': 80.0, 'old': 40.6, 'new': 80.0}
2026-06-15 11:11:24,240 [trainer.py] => CNN top1 curve: [88.24, 61.04, 54.07, 50.86, 45.73, 46.35]
2026-06-15 11:11:24,240 [trainer.py] => CNN top5 curve: [100.0, 89.61, 84.44, 84.57, 80.34, 80.66]
2026-06-15 11:11:24,240 [trainer.py] => Average Accuracy (CNN): 57.72
2026-06-15 11:11:24,242 [trainer.py] => All params: 89792456
2026-06-15 11:11:24,244 [trainer.py] => Trainable params: 89792456
2026-06-15 11:11:27,726 [coda_prompt.py] => Learning on 30-35
2026-06-15 11:16:10,112 [coda_prompt.py] => Task 6, Epoch 20/20 => Loss 0.306, Train_accy 90.41, Test_accy 45.94
2026-06-15 11:16:19,314 [trainer.py] => No NME accuracy.
2026-06-15 11:16:19,315 [trainer.py] => CNN: {'total': 45.94, '00-04': 29.41, '05-09': 20.93, '10-14': 67.24, '15-19': 47.5, '20-24': 27.12, '25-29': 80.0, '30-34': 47.83, 'old': 45.62, 'new': 47.83}
2026-06-15 11:16:19,315 [trainer.py] => CNN top1 curve: [88.24, 61.04, 54.07, 50.86, 45.73, 46.35, 45.94]
2026-06-15 11:16:19,315 [trainer.py] => CNN top5 curve: [100.0, 89.61, 84.44, 84.57, 80.34, 80.66, 77.81]
2026-06-15 11:16:19,315 [trainer.py] => Average Accuracy (CNN): 56.03
2026-06-15 11:16:19,316 [trainer.py] => All params: 89792456
2026-06-15 11:16:19,316 [trainer.py] => Trainable params: 89792456
2026-06-15 11:16:22,581 [coda_prompt.py] => Learning on 35-40
2026-06-15 11:20:31,882 [coda_prompt.py] => Task 7, Epoch 20/20 => Loss 0.199, Train_accy 94.57, Test_accy 46.39
2026-06-15 11:20:42,139 [trainer.py] => No NME accuracy.
2026-06-15 11:20:42,139 [trainer.py] => CNN: {'total': 46.39, '00-04': 29.41, '05-09': 18.6, '10-14': 65.52, '15-19': 47.5, '20-24': 25.42, '25-29': 80.0, '30-34': 43.48, '35-39': 62.5, 'old': 44.38, 'new': 62.5}
2026-06-15 11:20:42,139 [trainer.py] => CNN top1 curve: [88.24, 61.04, 54.07, 50.86, 45.73, 46.35, 45.94, 46.39]
2026-06-15 11:20:42,139 [trainer.py] => CNN top5 curve: [100.0, 89.61, 84.44, 84.57, 80.34, 80.66, 77.81, 76.67]
2026-06-15 11:20:42,139 [trainer.py] => Average Accuracy (CNN): 54.83
2026-06-15 11:20:42,140 [trainer.py] => All params: 89792456
2026-06-15 11:20:42,140 [trainer.py] => Trainable params: 89792456
2026-06-15 11:20:46,715 [coda_prompt.py] => Learning on 40-45
2026-06-15 11:23:39,315 [coda_prompt.py] => Task 8, Epoch 20/20 => Loss 0.284, Train_accy 93.69, Test_accy 44.74
2026-06-15 11:23:50,136 [trainer.py] => No NME accuracy.
2026-06-15 11:23:50,137 [trainer.py] => CNN: {'total': 44.74, '00-04': 29.41, '05-09': 18.6, '10-14': 62.07, '15-19': 47.5, '20-24': 25.42, '25-29': 75.0, '30-34': 43.48, '35-39': 62.5, '40-44': 35.0, 'old': 45.28, 'new': 35.0}
2026-06-15 11:23:50,137 [trainer.py] => CNN top1 curve: [88.24, 61.04, 54.07, 50.86, 45.73, 46.35, 45.94, 46.39, 44.74]
2026-06-15 11:23:50,137 [trainer.py] => CNN top5 curve: [100.0, 89.61, 84.44, 84.57, 80.34, 80.66, 77.81, 76.67, 75.79]
2026-06-15 11:23:50,137 [trainer.py] => Average Accuracy (CNN): 53.71
2026-06-15 11:23:50,138 [trainer.py] => All params: 89792456
2026-06-15 11:23:50,140 [trainer.py] => Trainable params: 89792456
2026-06-15 11:23:55,292 [coda_prompt.py] => Learning on 45-50
2026-06-15 11:27:47,769 [coda_prompt.py] => Task 9, Epoch 20/20 => Loss 0.152, Train_accy 96.25, Test_accy 44.10
2026-06-15 11:27:59,622 [trainer.py] => No NME accuracy.
2026-06-15 11:27:59,622 [trainer.py] => CNN: {'total': 44.1, '00-04': 29.41, '05-09': 18.6, '10-14': 62.07, '15-19': 47.5, '20-24': 23.73, '25-29': 75.0, '30-34': 41.3, '35-39': 62.5, '40-44': 35.0, '45-49': 43.18, 'old': 44.21, 'new': 43.18}
2026-06-15 11:27:59,622 [trainer.py] => CNN top1 curve: [88.24, 61.04, 54.07, 50.86, 45.73, 46.35, 45.94, 46.39, 44.74, 44.1]
2026-06-15 11:27:59,622 [trainer.py] => CNN top5 curve: [100.0, 89.61, 84.44, 84.57, 80.34, 80.66, 77.81, 76.67, 75.79, 74.53]
2026-06-15 11:27:59,622 [trainer.py] => Average Accuracy (CNN): 52.75
2026-06-15 11:27:59,623 [trainer.py] => All params: 89792456
2026-06-15 11:27:59,624 [trainer.py] => Trainable params: 89792456
2026-06-15 11:28:04,985 [coda_prompt.py] => Learning on 50-55
2026-06-15 11:31:08,505 [coda_prompt.py] => Task 10, Epoch 20/20 => Loss 0.167, Train_accy 95.65, Test_accy 43.50
2026-06-15 11:31:20,988 [trainer.py] => No NME accuracy.
2026-06-15 11:31:20,988 [trainer.py] => CNN: {'total': 43.5, '00-04': 29.41, '05-09': 18.6, '10-14': 62.07, '15-19': 47.5, '20-24': 23.73, '25-29': 72.5, '30-34': 39.13, '35-39': 62.5, '40-44': 35.0, '45-49': 40.91, '50-54': 45.45, 'old': 43.4, 'new': 45.45}
2026-06-15 11:31:20,988 [trainer.py] => CNN top1 curve: [88.24, 61.04, 54.07, 50.86, 45.73, 46.35, 45.94, 46.39, 44.74, 44.1, 43.5]
2026-06-15 11:31:20,988 [trainer.py] => CNN top5 curve: [100.0, 89.61, 84.44, 84.57, 80.34, 80.66, 77.81, 76.67, 75.79, 74.53, 73.32]
2026-06-15 11:31:20,988 [trainer.py] => Average Accuracy (CNN): 51.91
2026-06-15 11:31:20,989 [trainer.py] => All params: 89792456
2026-06-15 11:31:20,989 [trainer.py] => Trainable params: 89792456
2026-06-15 11:31:27,260 [coda_prompt.py] => Learning on 55-60
2026-06-15 11:34:45,789 [coda_prompt.py] => Task 11, Epoch 20/20 => Loss 0.294, Train_accy 92.80, Test_accy 42.65
2026-06-15 11:34:58,941 [trainer.py] => No NME accuracy.
2026-06-15 11:34:58,942 [trainer.py] => CNN: {'total': 42.65, '00-04': 29.41, '05-09': 18.6, '10-14': 62.07, '15-19': 47.5, '20-24': 23.73, '25-29': 72.5, '30-34': 39.13, '35-39': 62.5, '40-44': 35.0, '45-49': 40.91, '50-54': 45.45, '55-59': 30.0, 'old': 43.5, 'new': 30.0}
2026-06-15 11:34:58,942 [trainer.py] => CNN top1 curve: [88.24, 61.04, 54.07, 50.86, 45.73, 46.35, 45.94, 46.39, 44.74, 44.1, 43.5, 42.65]
2026-06-15 11:34:58,942 [trainer.py] => CNN top5 curve: [100.0, 89.61, 84.44, 84.57, 80.34, 80.66, 77.81, 76.67, 75.79, 74.53, 73.32, 71.22]
2026-06-15 11:34:58,942 [trainer.py] => Average Accuracy (CNN): 51.13
2026-06-15 11:34:58,943 [trainer.py] => All params: 89792456
2026-06-15 11:34:58,943 [trainer.py] => Trainable params: 89792456
2026-06-15 11:35:05,705 [coda_prompt.py] => Learning on 60-65
2026-06-15 11:39:31,551 [coda_prompt.py] => Task 12, Epoch 20/20 => Loss 0.186, Train_accy 96.13, Test_accy 41.29
2026-06-15 11:39:46,142 [trainer.py] => No NME accuracy.
2026-06-15 11:39:46,143 [trainer.py] => CNN: {'total': 41.29, '00-04': 29.41, '05-09': 16.28, '10-14': 62.07, '15-19': 45.0, '20-24': 23.73, '25-29': 72.5, '30-34': 39.13, '35-39': 62.5, '40-44': 35.0, '45-49': 40.91, '50-54': 45.45, '55-59': 30.0, '60-64': 32.69, 'old': 42.23, 'new': 32.69}
2026-06-15 11:39:46,143 [trainer.py] => CNN top1 curve: [88.24, 61.04, 54.07, 50.86, 45.73, 46.35, 45.94, 46.39, 44.74, 44.1, 43.5, 42.65, 41.29]
2026-06-15 11:39:46,143 [trainer.py] => CNN top5 curve: [100.0, 89.61, 84.44, 84.57, 80.34, 80.66, 77.81, 76.67, 75.79, 74.53, 73.32, 71.22, 70.64]
2026-06-15 11:39:46,144 [trainer.py] => Average Accuracy (CNN): 50.38
2026-06-15 11:39:46,146 [trainer.py] => All params: 89792456
2026-06-15 11:39:46,147 [trainer.py] => Trainable params: 89792456
2026-06-15 11:39:53,512 [coda_prompt.py] => Learning on 65-70
2026-06-15 11:45:40,874 [coda_prompt.py] => Task 13, Epoch 20/20 => Loss 0.146, Train_accy 96.47, Test_accy 41.36
2026-06-15 11:45:57,015 [trainer.py] => No NME accuracy.
2026-06-15 11:45:57,016 [trainer.py] => CNN: {'total': 41.36, '00-04': 29.41, '05-09': 13.95, '10-14': 62.07, '15-19': 42.5, '20-24': 23.73, '25-29': 72.5, '30-34': 36.96, '35-39': 57.5, '40-44': 35.0, '45-49': 29.55, '50-54': 45.45, '55-59': 30.0, '60-64': 32.69, '65-69': 55.41, 'old': 39.39, 'new': 55.41}
2026-06-15 11:45:57,016 [trainer.py] => CNN top1 curve: [88.24, 61.04, 54.07, 50.86, 45.73, 46.35, 45.94, 46.39, 44.74, 44.1, 43.5, 42.65, 41.29, 41.36]
2026-06-15 11:45:57,016 [trainer.py] => CNN top5 curve: [100.0, 89.61, 84.44, 84.57, 80.34, 80.66, 77.81, 76.67, 75.79, 74.53, 73.32, 71.22, 70.64, 70.76]
2026-06-15 11:45:57,016 [trainer.py] => Average Accuracy (CNN): 49.73
2026-06-15 11:45:57,016 [trainer.py] => All params: 89792456
2026-06-15 11:45:57,017 [trainer.py] => Trainable params: 89792456
2026-06-15 11:46:04,977 [coda_prompt.py] => Learning on 70-75
2026-06-15 11:50:38,143 [coda_prompt.py] => Task 14, Epoch 20/20 => Loss 0.182, Train_accy 94.79, Test_accy 41.69
2026-06-15 11:50:54,921 [trainer.py] => No NME accuracy.
2026-06-15 11:50:54,922 [trainer.py] => CNN: {'total': 41.69, '00-04': 26.47, '05-09': 13.95, '10-14': 62.07, '15-19': 40.0, '20-24': 23.73, '25-29': 67.5, '30-34': 36.96, '35-39': 57.5, '40-44': 35.0, '45-49': 25.0, '50-54': 40.91, '55-59': 30.0, '60-64': 32.69, '65-69': 55.41, '70-74': 60.42, 'old': 40.2, 'new': 60.42}
2026-06-15 11:50:54,922 [trainer.py] => CNN top1 curve: [88.24, 61.04, 54.07, 50.86, 45.73, 46.35, 45.94, 46.39, 44.74, 44.1, 43.5, 42.65, 41.29, 41.36, 41.69]
2026-06-15 11:50:54,923 [trainer.py] => CNN top5 curve: [100.0, 89.61, 84.44, 84.57, 80.34, 80.66, 77.81, 76.67, 75.79, 74.53, 73.32, 71.22, 70.64, 70.76, 70.62]
2026-06-15 11:50:54,923 [trainer.py] => Average Accuracy (CNN): 49.2
2026-06-15 11:50:54,925 [trainer.py] => All params: 89792456
2026-06-15 11:50:54,927 [trainer.py] => Trainable params: 89792456
2026-06-15 11:51:02,960 [coda_prompt.py] => Learning on 75-80
2026-06-15 11:55:19,573 [coda_prompt.py] => Task 15, Epoch 20/20 => Loss 0.221, Train_accy 96.15, Test_accy 41.26
2026-06-15 11:55:38,406 [trainer.py] => No NME accuracy.
2026-06-15 11:55:38,407 [trainer.py] => CNN: {'total': 41.26, '00-04': 26.47, '05-09': 13.95, '10-14': 62.07, '15-19': 40.0, '20-24': 23.73, '25-29': 67.5, '30-34': 36.96, '35-39': 57.5, '40-44': 35.0, '45-49': 22.73, '50-54': 40.91, '55-59': 30.0, '60-64': 32.69, '65-69': 54.05, '70-74': 60.42, '75-79': 39.58, 'old': 41.38, 'new': 39.58}
2026-06-15 11:55:38,407 [trainer.py] => CNN top1 curve: [88.24, 61.04, 54.07, 50.86, 45.73, 46.35, 45.94, 46.39, 44.74, 44.1, 43.5, 42.65, 41.29, 41.36, 41.69, 41.26]
2026-06-15 11:55:38,407 [trainer.py] => CNN top5 curve: [100.0, 89.61, 84.44, 84.57, 80.34, 80.66, 77.81, 76.67, 75.79, 74.53, 73.32, 71.22, 70.64, 70.76, 70.62, 69.77]
2026-06-15 11:55:38,407 [trainer.py] => Average Accuracy (CNN): 48.7
2026-06-15 11:55:38,409 [trainer.py] => All params: 89792456
2026-06-15 11:55:38,410 [trainer.py] => Trainable params: 89792456
2026-06-15 11:55:47,425 [coda_prompt.py] => Learning on 80-85
2026-06-15 12:00:56,869 [coda_prompt.py] => Task 16, Epoch 20/20 => Loss 0.122, Train_accy 97.04, Test_accy 40.93
2026-06-15 12:01:17,321 [trainer.py] => No NME accuracy.
2026-06-15 12:01:17,322 [trainer.py] => CNN: {'total': 40.93, '00-04': 26.47, '05-09': 13.95, '10-14': 58.62, '15-19': 37.5, '20-24': 20.34, '25-29': 67.5, '30-34': 34.78, '35-39': 57.5, '40-44': 35.0, '45-49': 20.45, '50-54': 40.91, '55-59': 30.0, '60-64': 32.69, '65-69': 50.0, '70-74': 58.33, '75-79': 39.58, '80-84': 56.14, 'old': 39.68, 'new': 56.14}
2026-06-15 12:01:17,322 [trainer.py] => CNN top1 curve: [88.24, 61.04, 54.07, 50.86, 45.73, 46.35, 45.94, 46.39, 44.74, 44.1, 43.5, 42.65, 41.29, 41.36, 41.69, 41.26, 40.93]
2026-06-15 12:01:17,322 [trainer.py] => CNN top5 curve: [100.0, 89.61, 84.44, 84.57, 80.34, 80.66, 77.81, 76.67, 75.79, 74.53, 73.32, 71.22, 70.64, 70.76, 70.62, 69.77, 69.01]
2026-06-15 12:01:17,322 [trainer.py] => Average Accuracy (CNN): 48.24
2026-06-15 12:01:17,324 [trainer.py] => All params: 89792456
2026-06-15 12:01:17,326 [trainer.py] => Trainable params: 89792456
2026-06-15 12:01:26,968 [coda_prompt.py] => Learning on 85-90
2026-06-15 12:04:35,098 [coda_prompt.py] => Task 17, Epoch 20/20 => Loss 0.123, Train_accy 97.67, Test_accy 40.18
2026-06-15 12:04:56,077 [trainer.py] => No NME accuracy.
2026-06-15 12:04:56,078 [trainer.py] => CNN: {'total': 40.18, '00-04': 26.47, '05-09': 13.95, '10-14': 56.9, '15-19': 37.5, '20-24': 20.34, '25-29': 67.5, '30-34': 34.78, '35-39': 57.5, '40-44': 35.0, '45-49': 18.18, '50-54': 40.91, '55-59': 26.67, '60-64': 32.69, '65-69': 50.0, '70-74': 56.25, '75-79': 39.58, '80-84': 56.14, '85-89': 33.33, 'old': 40.4, 'new': 33.33}
2026-06-15 12:04:56,078 [trainer.py] => CNN top1 curve: [88.24, 61.04, 54.07, 50.86, 45.73, 46.35, 45.94, 46.39, 44.74, 44.1, 43.5, 42.65, 41.29, 41.36, 41.69, 41.26, 40.93, 40.18]
2026-06-15 12:04:56,078 [trainer.py] => CNN top5 curve: [100.0, 89.61, 84.44, 84.57, 80.34, 80.66, 77.81, 76.67, 75.79, 74.53, 73.32, 71.22, 70.64, 70.76, 70.62, 69.77, 69.01, 67.14]
2026-06-15 12:04:56,078 [trainer.py] => Average Accuracy (CNN): 47.8
2026-06-15 12:04:56,079 [trainer.py] => All params: 89792456
2026-06-15 12:04:56,079 [trainer.py] => Trainable params: 89792456
2026-06-15 12:05:06,267 [coda_prompt.py] => Learning on 90-95
2026-06-15 12:08:36,516 [coda_prompt.py] => Task 18, Epoch 20/20 => Loss 0.125, Train_accy 98.10, Test_accy 38.93
2026-06-15 12:08:58,268 [trainer.py] => No NME accuracy.
2026-06-15 12:08:58,269 [trainer.py] => CNN: {'total': 38.93, '00-04': 23.53, '05-09': 13.95, '10-14': 55.17, '15-19': 37.5, '20-24': 20.34, '25-29': 65.0, '30-34': 34.78, '35-39': 57.5, '40-44': 35.0, '45-49': 18.18, '50-54': 40.91, '55-59': 26.67, '60-64': 32.69, '65-69': 48.65, '70-74': 56.25, '75-79': 39.58, '80-84': 56.14, '85-89': 29.17, '90-94': 20.0, 'old': 39.54, 'new': 20.0}
2026-06-15 12:08:58,269 [trainer.py] => CNN top1 curve: [88.24, 61.04, 54.07, 50.86, 45.73, 46.35, 45.94, 46.39, 44.74, 44.1, 43.5, 42.65, 41.29, 41.36, 41.69, 41.26, 40.93, 40.18, 38.93]
2026-06-15 12:08:58,269 [trainer.py] => CNN top5 curve: [100.0, 89.61, 84.44, 84.57, 80.34, 80.66, 77.81, 76.67, 75.79, 74.53, 73.32, 71.22, 70.64, 70.76, 70.62, 69.77, 69.01, 67.14, 66.17]
2026-06-15 12:08:58,269 [trainer.py] => Average Accuracy (CNN): 47.33
2026-06-15 12:08:58,270 [trainer.py] => All params: 89792456
2026-06-15 12:08:58,271 [trainer.py] => Trainable params: 89792456
2026-06-15 12:09:08,973 [coda_prompt.py] => Learning on 95-100
2026-06-15 12:13:13,144 [coda_prompt.py] => Task 19, Epoch 20/20 => Loss 0.423, Train_accy 82.31, Test_accy 36.98
2026-06-15 12:13:35,782 [trainer.py] => No NME accuracy.
2026-06-15 12:13:35,783 [trainer.py] => CNN: {'total': 36.98, '00-04': 20.59, '05-09': 13.95, '10-14': 55.17, '15-19': 37.5, '20-24': 20.34, '25-29': 65.0, '30-34': 34.78, '35-39': 57.5, '40-44': 35.0, '45-49': 18.18, '50-54': 40.91, '55-59': 26.67, '60-64': 32.69, '65-69': 48.65, '70-74': 56.25, '75-79': 39.58, '80-84': 56.14, '85-89': 25.0, '90-94': 20.0, '95-99': 0.0, 'old': 38.68, 'new': 0.0}
2026-06-15 12:13:35,783 [trainer.py] => CNN top1 curve: [88.24, 61.04, 54.07, 50.86, 45.73, 46.35, 45.94, 46.39, 44.74, 44.1, 43.5, 42.65, 41.29, 41.36, 41.69, 41.26, 40.93, 40.18, 38.93, 36.98]
2026-06-15 12:13:35,783 [trainer.py] => CNN top5 curve: [100.0, 89.61, 84.44, 84.57, 80.34, 80.66, 77.81, 76.67, 75.79, 74.53, 73.32, 71.22, 70.64, 70.76, 70.62, 69.77, 69.01, 67.14, 66.17, 63.61]
2026-06-15 12:13:35,783 [trainer.py] => Average Accuracy (CNN): 46.81
2026-06-15 12:13:35,785 [trainer.py] => All params: 89792456
2026-06-15 12:13:35,787 [trainer.py] => Trainable params: 89792456
2026-06-15 12:13:47,066 [coda_prompt.py] => Learning on 100-105
2026-06-15 12:17:25,548 [coda_prompt.py] => Task 20, Epoch 20/20 => Loss 0.267, Train_accy 95.10, Test_accy 36.30
2026-06-15 12:17:48,780 [trainer.py] => No NME accuracy.
2026-06-15 12:17:48,780 [trainer.py] => CNN: {'total': 36.3, '00-04': 20.59, '05-09': 13.95, '10-14': 55.17, '15-19': 37.5, '20-24': 20.34, '25-29': 65.0, '30-34': 34.78, '35-39': 55.0, '40-44': 35.0, '45-49': 18.18, '50-54': 36.36, '55-59': 26.67, '60-64': 32.69, '65-69': 48.65, '70-74': 56.25, '75-79': 39.58, '80-84': 56.14, '85-89': 25.0, '90-94': 20.0, '95-99': 0.0, '100-104': 20.83, 'old': 36.74, 'new': 20.83}
2026-06-15 12:17:48,780 [trainer.py] => CNN top1 curve: [88.24, 61.04, 54.07, 50.86, 45.73, 46.35, 45.94, 46.39, 44.74, 44.1, 43.5, 42.65, 41.29, 41.36, 41.69, 41.26, 40.93, 40.18, 38.93, 36.98, 36.3]
2026-06-15 12:17:48,780 [trainer.py] => CNN top5 curve: [100.0, 89.61, 84.44, 84.57, 80.34, 80.66, 77.81, 76.67, 75.79, 74.53, 73.32, 71.22, 70.64, 70.76, 70.62, 69.77, 69.01, 67.14, 66.17, 63.61, 63.01]
2026-06-15 12:17:48,780 [trainer.py] => Average Accuracy (CNN): 46.31
2026-06-15 12:17:48,781 [trainer.py] => All params: 89792456
2026-06-15 12:17:48,782 [trainer.py] => Trainable params: 89792456
2026-06-15 12:18:00,630 [coda_prompt.py] => Learning on 105-110
2026-06-15 12:22:25,083 [coda_prompt.py] => Task 21, Epoch 20/20 => Loss 0.126, Train_accy 96.50, Test_accy 35.63
2026-06-15 12:22:49,314 [trainer.py] => No NME accuracy.
2026-06-15 12:22:49,316 [trainer.py] => CNN: {'total': 35.63, '00-04': 20.59, '05-09': 13.95, '10-14': 55.17, '15-19': 37.5, '20-24': 20.34, '25-29': 65.0, '30-34': 32.61, '35-39': 55.0, '40-44': 35.0, '45-49': 18.18, '50-54': 36.36, '55-59': 26.67, '60-64': 32.69, '65-69': 48.65, '70-74': 56.25, '75-79': 39.58, '80-84': 56.14, '85-89': 29.17, '90-94': 20.0, '95-99': 0.0, '100-104': 20.83, '105-109': 19.44, 'old': 36.3, 'new': 19.44}
2026-06-15 12:22:49,316 [trainer.py] => CNN top1 curve: [88.24, 61.04, 54.07, 50.86, 45.73, 46.35, 45.94, 46.39, 44.74, 44.1, 43.5, 42.65, 41.29, 41.36, 41.69, 41.26, 40.93, 40.18, 38.93, 36.98, 36.3, 35.63]
2026-06-15 12:22:49,316 [trainer.py] => CNN top5 curve: [100.0, 89.61, 84.44, 84.57, 80.34, 80.66, 77.81, 76.67, 75.79, 74.53, 73.32, 71.22, 70.64, 70.76, 70.62, 69.77, 69.01, 67.14, 66.17, 63.61, 63.01, 62.71]
2026-06-15 12:22:49,316 [trainer.py] => Average Accuracy (CNN): 45.83
2026-06-15 12:22:49,317 [trainer.py] => All params: 89792456
2026-06-15 12:22:49,317 [trainer.py] => Trainable params: 89792456
2026-06-15 12:23:01,717 [coda_prompt.py] => Learning on 110-115
2026-06-15 12:25:57,713 [coda_prompt.py] => Task 22, Epoch 20/20 => Loss 0.144, Train_accy 100.00, Test_accy 35.25
2026-06-15 12:26:22,620 [trainer.py] => No NME accuracy.
2026-06-15 12:26:22,621 [trainer.py] => CNN: {'total': 35.25, '00-04': 20.59, '05-09': 13.95, '10-14': 55.17, '15-19': 37.5, '20-24': 20.34, '25-29': 65.0, '30-34': 32.61, '35-39': 55.0, '40-44': 35.0, '45-49': 18.18, '50-54': 36.36, '55-59': 26.67, '60-64': 32.69, '65-69': 48.65, '70-74': 56.25, '75-79': 39.58, '80-84': 56.14, '85-89': 29.17, '90-94': 20.0, '95-99': 0.0, '100-104': 20.83, '105-109': 19.44, '110-114': 19.05, 'old': 35.63, 'new': 19.05}
2026-06-15 12:26:22,621 [trainer.py] => CNN top1 curve: [88.24, 61.04, 54.07, 50.86, 45.73, 46.35, 45.94, 46.39, 44.74, 44.1, 43.5, 42.65, 41.29, 41.36, 41.69, 41.26, 40.93, 40.18, 38.93, 36.98, 36.3, 35.63, 35.25]
2026-06-15 12:26:22,622 [trainer.py] => CNN top5 curve: [100.0, 89.61, 84.44, 84.57, 80.34, 80.66, 77.81, 76.67, 75.79, 74.53, 73.32, 71.22, 70.64, 70.76, 70.62, 69.77, 69.01, 67.14, 66.17, 63.61, 63.01, 62.71, 61.82]
2026-06-15 12:26:22,622 [trainer.py] => Average Accuracy (CNN): 45.37
2026-06-15 12:26:22,624 [trainer.py] => All params: 89792456
2026-06-15 12:26:22,626 [trainer.py] => Trainable params: 89792456
2026-06-15 12:26:35,563 [coda_prompt.py] => Learning on 115-120
2026-06-15 12:32:21,776 [coda_prompt.py] => Task 23, Epoch 20/20 => Loss 0.141, Train_accy 96.30, Test_accy 35.28
2026-06-15 12:32:47,833 [trainer.py] => No NME accuracy.
2026-06-15 12:32:47,833 [trainer.py] => CNN: {'total': 35.28, '00-04': 20.59, '05-09': 9.3, '10-14': 55.17, '15-19': 37.5, '20-24': 20.34, '25-29': 65.0, '30-34': 32.61, '35-39': 52.5, '40-44': 35.0, '45-49': 18.18, '50-54': 36.36, '55-59': 23.33, '60-64': 28.85, '65-69': 43.24, '70-74': 52.08, '75-79': 33.33, '80-84': 56.14, '85-89': 29.17, '90-94': 16.0, '95-99': 0.0, '100-104': 16.67, '105-109': 19.44, '110-114': 19.05, '115-119': 67.92, 'old': 33.41, 'new': 67.92}
2026-06-15 12:32:47,833 [trainer.py] => CNN top1 curve: [88.24, 61.04, 54.07, 50.86, 45.73, 46.35, 45.94, 46.39, 44.74, 44.1, 43.5, 42.65, 41.29, 41.36, 41.69, 41.26, 40.93, 40.18, 38.93, 36.98, 36.3, 35.63, 35.25, 35.28]
2026-06-15 12:32:47,833 [trainer.py] => CNN top5 curve: [100.0, 89.61, 84.44, 84.57, 80.34, 80.66, 77.81, 76.67, 75.79, 74.53, 73.32, 71.22, 70.64, 70.76, 70.62, 69.77, 69.01, 67.14, 66.17, 63.61, 63.01, 62.71, 61.82, 62.26]
2026-06-15 12:32:47,833 [trainer.py] => Average Accuracy (CNN): 44.95
2026-06-15 12:32:47,834 [trainer.py] => All params: 89792456
2026-06-15 12:32:47,835 [trainer.py] => Trainable params: 89792456
2026-06-15 12:33:01,333 [coda_prompt.py] => Learning on 120-125
2026-06-15 12:37:35,301 [coda_prompt.py] => Task 24, Epoch 20/20 => Loss 0.250, Train_accy 95.77, Test_accy 34.35
2026-06-15 12:38:02,336 [trainer.py] => No NME accuracy.
2026-06-15 12:38:02,336 [trainer.py] => CNN: {'total': 34.35, '00-04': 20.59, '05-09': 9.3, '10-14': 55.17, '15-19': 37.5, '20-24': 20.34, '25-29': 65.0, '30-34': 32.61, '35-39': 52.5, '40-44': 35.0, '45-49': 18.18, '50-54': 36.36, '55-59': 23.33, '60-64': 28.85, '65-69': 43.24, '70-74': 52.08, '75-79': 33.33, '80-84': 56.14, '85-89': 25.0, '90-94': 16.0, '95-99': 0.0, '100-104': 16.67, '105-109': 19.44, '110-114': 19.05, '115-119': 67.92, '120-124': 14.63, 'old': 35.18, 'new': 14.63}
2026-06-15 12:38:02,337 [trainer.py] => CNN top1 curve: [88.24, 61.04, 54.07, 50.86, 45.73, 46.35, 45.94, 46.39, 44.74, 44.1, 43.5, 42.65, 41.29, 41.36, 41.69, 41.26, 40.93, 40.18, 38.93, 36.98, 36.3, 35.63, 35.25, 35.28, 34.35]
2026-06-15 12:38:02,337 [trainer.py] => CNN top5 curve: [100.0, 89.61, 84.44, 84.57, 80.34, 80.66, 77.81, 76.67, 75.79, 74.53, 73.32, 71.22, 70.64, 70.76, 70.62, 69.77, 69.01, 67.14, 66.17, 63.61, 63.01, 62.71, 61.82, 62.26, 61.42]
2026-06-15 12:38:02,337 [trainer.py] => Average Accuracy (CNN): 44.52
2026-06-15 12:38:02,337 [trainer.py] => All params: 89792456
2026-06-15 12:38:02,338 [trainer.py] => Trainable params: 89792456
2026-06-15 12:38:16,424 [coda_prompt.py] => Learning on 125-130
2026-06-15 12:41:52,665 [coda_prompt.py] => Task 25, Epoch 20/20 => Loss 0.269, Train_accy 93.18, Test_accy 33.62
2026-06-15 12:42:20,260 [trainer.py] => No NME accuracy.
2026-06-15 12:42:20,261 [trainer.py] => CNN: {'total': 33.62, '00-04': 20.59, '05-09': 9.3, '10-14': 55.17, '15-19': 37.5, '20-24': 18.64, '25-29': 65.0, '30-34': 32.61, '35-39': 52.5, '40-44': 35.0, '45-49': 18.18, '50-54': 36.36, '55-59': 23.33, '60-64': 26.92, '65-69': 43.24, '70-74': 52.08, '75-79': 33.33, '80-84': 52.63, '85-89': 25.0, '90-94': 16.0, '95-99': 0.0, '100-104': 16.67, '105-109': 19.44, '110-114': 19.05, '115-119': 67.92, '120-124': 14.63, '125-129': 15.79, 'old': 33.96, 'new': 15.79}
2026-06-15 12:42:20,261 [trainer.py] => CNN top1 curve: [88.24, 61.04, 54.07, 50.86, 45.73, 46.35, 45.94, 46.39, 44.74, 44.1, 43.5, 42.65, 41.29, 41.36, 41.69, 41.26, 40.93, 40.18, 38.93, 36.98, 36.3, 35.63, 35.25, 35.28, 34.35, 33.62]
2026-06-15 12:42:20,261 [trainer.py] => CNN top5 curve: [100.0, 89.61, 84.44, 84.57, 80.34, 80.66, 77.81, 76.67, 75.79, 74.53, 73.32, 71.22, 70.64, 70.76, 70.62, 69.77, 69.01, 67.14, 66.17, 63.61, 63.01, 62.71, 61.82, 62.26, 61.42, 60.1]
2026-06-15 12:42:20,261 [trainer.py] => Average Accuracy (CNN): 44.1
2026-06-15 12:42:20,262 [trainer.py] => All params: 89792456
2026-06-15 12:42:20,262 [trainer.py] => Trainable params: 89792456
2026-06-15 12:42:35,285 [coda_prompt.py] => Learning on 130-135
2026-06-15 12:47:48,102 [coda_prompt.py] => Task 26, Epoch 20/20 => Loss 0.185, Train_accy 95.29, Test_accy 32.75
2026-06-15 12:48:17,096 [trainer.py] => No NME accuracy.
2026-06-15 12:48:17,096 [trainer.py] => CNN: {'total': 32.75, '00-04': 20.59, '05-09': 9.3, '10-14': 55.17, '15-19': 37.5, '20-24': 18.64, '25-29': 65.0, '30-34': 32.61, '35-39': 52.5, '40-44': 35.0, '45-49': 18.18, '50-54': 36.36, '55-59': 23.33, '60-64': 26.92, '65-69': 43.24, '70-74': 52.08, '75-79': 33.33, '80-84': 52.63, '85-89': 25.0, '90-94': 12.0, '95-99': 0.0, '100-104': 16.67, '105-109': 19.44, '110-114': 19.05, '115-119': 67.92, '120-124': 14.63, '125-129': 15.79, '130-134': 16.33, 'old': 33.53, 'new': 16.33}
2026-06-15 12:48:17,097 [trainer.py] => CNN top1 curve: [88.24, 61.04, 54.07, 50.86, 45.73, 46.35, 45.94, 46.39, 44.74, 44.1, 43.5, 42.65, 41.29, 41.36, 41.69, 41.26, 40.93, 40.18, 38.93, 36.98, 36.3, 35.63, 35.25, 35.28, 34.35, 33.62, 32.75]
2026-06-15 12:48:17,097 [trainer.py] => CNN top5 curve: [100.0, 89.61, 84.44, 84.57, 80.34, 80.66, 77.81, 76.67, 75.79, 74.53, 73.32, 71.22, 70.64, 70.76, 70.62, 69.77, 69.01, 67.14, 66.17, 63.61, 63.01, 62.71, 61.82, 62.26, 61.42, 60.1, 59.32]
2026-06-15 12:48:17,097 [trainer.py] => Average Accuracy (CNN): 43.68
2026-06-15 12:48:17,099 [trainer.py] => All params: 89792456
2026-06-15 12:48:17,101 [trainer.py] => Trainable params: 89792456
2026-06-15 12:48:32,255 [coda_prompt.py] => Learning on 135-140
2026-06-15 12:53:13,677 [coda_prompt.py] => Task 27, Epoch 20/20 => Loss 0.132, Train_accy 95.68, Test_accy 32.92
2026-06-15 12:53:43,559 [trainer.py] => No NME accuracy.
2026-06-15 12:53:43,559 [trainer.py] => CNN: {'total': 32.92, '00-04': 20.59, '05-09': 6.98, '10-14': 53.45, '15-19': 37.5, '20-24': 18.64, '25-29': 65.0, '30-34': 32.61, '35-39': 52.5, '40-44': 30.0, '45-49': 15.91, '50-54': 36.36, '55-59': 23.33, '60-64': 26.92, '65-69': 41.89, '70-74': 52.08, '75-79': 31.25, '80-84': 52.63, '85-89': 25.0, '90-94': 12.0, '95-99': 0.0, '100-104': 16.67, '105-109': 19.44, '110-114': 19.05, '115-119': 67.92, '120-124': 14.63, '125-129': 15.79, '130-134': 16.33, '135-139': 54.05, 'old': 32.2, 'new': 54.05}
2026-06-15 12:53:43,559 [trainer.py] => CNN top1 curve: [88.24, 61.04, 54.07, 50.86, 45.73, 46.35, 45.94, 46.39, 44.74, 44.1, 43.5, 42.65, 41.29, 41.36, 41.69, 41.26, 40.93, 40.18, 38.93, 36.98, 36.3, 35.63, 35.25, 35.28, 34.35, 33.62, 32.75, 32.92]
2026-06-15 12:53:43,559 [trainer.py] => CNN top5 curve: [100.0, 89.61, 84.44, 84.57, 80.34, 80.66, 77.81, 76.67, 75.79, 74.53, 73.32, 71.22, 70.64, 70.76, 70.62, 69.77, 69.01, 67.14, 66.17, 63.61, 63.01, 62.71, 61.82, 62.26, 61.42, 60.1, 59.32, 59.5]
2026-06-15 12:53:43,559 [trainer.py] => Average Accuracy (CNN): 43.3
2026-06-15 12:53:43,560 [trainer.py] => All params: 89792456
2026-06-15 12:53:43,561 [trainer.py] => Trainable params: 89792456
2026-06-15 12:54:00,051 [coda_prompt.py] => Learning on 140-145
2026-06-15 12:59:07,374 [coda_prompt.py] => Task 28, Epoch 20/20 => Loss 0.249, Train_accy 93.71, Test_accy 32.59
2026-06-15 12:59:38,148 [trainer.py] => No NME accuracy.
2026-06-15 12:59:38,148 [trainer.py] => CNN: {'total': 32.59, '00-04': 20.59, '05-09': 6.98, '10-14': 53.45, '15-19': 37.5, '20-24': 18.64, '25-29': 65.0, '30-34': 32.61, '35-39': 52.5, '40-44': 30.0, '45-49': 15.91, '50-54': 36.36, '55-59': 23.33, '60-64': 26.92, '65-69': 41.89, '70-74': 52.08, '75-79': 31.25, '80-84': 52.63, '85-89': 25.0, '90-94': 12.0, '95-99': 0.0, '100-104': 16.67, '105-109': 19.44, '110-114': 19.05, '115-119': 67.92, '120-124': 14.63, '125-129': 15.79, '130-134': 16.33, '135-139': 54.05, '140-144': 24.44, 'old': 32.92, 'new': 24.44}
2026-06-15 12:59:38,149 [trainer.py] => CNN top1 curve: [88.24, 61.04, 54.07, 50.86, 45.73, 46.35, 45.94, 46.39, 44.74, 44.1, 43.5, 42.65, 41.29, 41.36, 41.69, 41.26, 40.93, 40.18, 38.93, 36.98, 36.3, 35.63, 35.25, 35.28, 34.35, 33.62, 32.75, 32.92, 32.59]
2026-06-15 12:59:38,149 [trainer.py] => CNN top5 curve: [100.0, 89.61, 84.44, 84.57, 80.34, 80.66, 77.81, 76.67, 75.79, 74.53, 73.32, 71.22, 70.64, 70.76, 70.62, 69.77, 69.01, 67.14, 66.17, 63.61, 63.01, 62.71, 61.82, 62.26, 61.42, 60.1, 59.32, 59.5, 58.75]
2026-06-15 12:59:38,149 [trainer.py] => Average Accuracy (CNN): 42.93
2026-06-15 12:59:38,150 [trainer.py] => All params: 89792456
2026-06-15 12:59:38,150 [trainer.py] => Trainable params: 89792456
2026-06-15 12:59:54,447 [coda_prompt.py] => Learning on 145-150
2026-06-15 13:05:15,488 [coda_prompt.py] => Task 29, Epoch 20/20 => Loss 0.162, Train_accy 97.63, Test_accy 31.66
2026-06-15 13:05:46,960 [trainer.py] => No NME accuracy.
2026-06-15 13:05:46,960 [trainer.py] => CNN: {'total': 31.66, '00-04': 20.59, '05-09': 6.98, '10-14': 53.45, '15-19': 37.5, '20-24': 18.64, '25-29': 65.0, '30-34': 32.61, '35-39': 52.5, '40-44': 30.0, '45-49': 13.64, '50-54': 36.36, '55-59': 16.67, '60-64': 28.85, '65-69': 39.19, '70-74': 52.08, '75-79': 31.25, '80-84': 50.88, '85-89': 25.0, '90-94': 12.0, '95-99': 0.0, '100-104': 16.67, '105-109': 19.44, '110-114': 19.05, '115-119': 64.15, '120-124': 14.63, '125-129': 15.79, '130-134': 16.33, '135-139': 54.05, '140-144': 22.22, '145-149': 22.58, 'old': 31.9, 'new': 22.58}
2026-06-15 13:05:46,960 [trainer.py] => CNN top1 curve: [88.24, 61.04, 54.07, 50.86, 45.73, 46.35, 45.94, 46.39, 44.74, 44.1, 43.5, 42.65, 41.29, 41.36, 41.69, 41.26, 40.93, 40.18, 38.93, 36.98, 36.3, 35.63, 35.25, 35.28, 34.35, 33.62, 32.75, 32.92, 32.59, 31.66]
2026-06-15 13:05:46,960 [trainer.py] => CNN top5 curve: [100.0, 89.61, 84.44, 84.57, 80.34, 80.66, 77.81, 76.67, 75.79, 74.53, 73.32, 71.22, 70.64, 70.76, 70.62, 69.77, 69.01, 67.14, 66.17, 63.61, 63.01, 62.71, 61.82, 62.26, 61.42, 60.1, 59.32, 59.5, 58.75, 57.98]
2026-06-15 13:05:46,960 [trainer.py] => Average Accuracy (CNN): 42.55
2026-06-15 13:05:46,961 [trainer.py] => All params: 89792456
2026-06-15 13:05:46,962 [trainer.py] => Trainable params: 89792456
2026-06-15 13:06:04,056 [coda_prompt.py] => Learning on 150-155
2026-06-15 13:10:33,632 [coda_prompt.py] => Task 30, Epoch 20/20 => Loss 0.226, Train_accy 95.76, Test_accy 31.11
2026-06-15 13:11:06,167 [trainer.py] => No NME accuracy.
2026-06-15 13:11:06,167 [trainer.py] => CNN: {'total': 31.11, '00-04': 17.65, '05-09': 6.98, '10-14': 53.45, '15-19': 37.5, '20-24': 16.95, '25-29': 65.0, '30-34': 32.61, '35-39': 52.5, '40-44': 30.0, '45-49': 13.64, '50-54': 36.36, '55-59': 16.67, '60-64': 30.77, '65-69': 39.19, '70-74': 50.0, '75-79': 31.25, '80-84': 50.88, '85-89': 25.0, '90-94': 12.0, '95-99': 0.0, '100-104': 16.67, '105-109': 19.44, '110-114': 19.05, '115-119': 64.15, '120-124': 14.63, '125-129': 15.79, '130-134': 16.33, '135-139': 54.05, '140-144': 22.22, '145-149': 22.58, '150-154': 17.65, 'old': 31.5, 'new': 17.65}
2026-06-15 13:11:06,167 [trainer.py] => CNN top1 curve: [88.24, 61.04, 54.07, 50.86, 45.73, 46.35, 45.94, 46.39, 44.74, 44.1, 43.5, 42.65, 41.29, 41.36, 41.69, 41.26, 40.93, 40.18, 38.93, 36.98, 36.3, 35.63, 35.25, 35.28, 34.35, 33.62, 32.75, 32.92, 32.59, 31.66, 31.11]
2026-06-15 13:11:06,167 [trainer.py] => CNN top5 curve: [100.0, 89.61, 84.44, 84.57, 80.34, 80.66, 77.81, 76.67, 75.79, 74.53, 73.32, 71.22, 70.64, 70.76, 70.62, 69.77, 69.01, 67.14, 66.17, 63.61, 63.01, 62.71, 61.82, 62.26, 61.42, 60.1, 59.32, 59.5, 58.75, 57.98, 56.78]
2026-06-15 13:11:06,167 [trainer.py] => Average Accuracy (CNN): 42.18
2026-06-15 13:11:06,168 [trainer.py] => All params: 89792456
2026-06-15 13:11:06,169 [trainer.py] => Trainable params: 89792456
2026-06-15 13:11:23,507 [coda_prompt.py] => Learning on 155-160
2026-06-15 13:15:16,784 [coda_prompt.py] => Task 31, Epoch 20/20 => Loss 0.276, Train_accy 90.59, Test_accy 31.01
2026-06-15 13:15:50,158 [trainer.py] => No NME accuracy.
2026-06-15 13:15:50,159 [trainer.py] => CNN: {'total': 31.01, '00-04': 17.65, '05-09': 6.98, '10-14': 51.72, '15-19': 37.5, '20-24': 16.95, '25-29': 65.0, '30-34': 32.61, '35-39': 52.5, '40-44': 30.0, '45-49': 13.64, '50-54': 36.36, '55-59': 16.67, '60-64': 28.85, '65-69': 39.19, '70-74': 50.0, '75-79': 31.25, '80-84': 50.88, '85-89': 25.0, '90-94': 12.0, '95-99': 0.0, '100-104': 16.67, '105-109': 19.44, '110-114': 19.05, '115-119': 64.15, '120-124': 14.63, '125-129': 15.79, '130-134': 16.33, '135-139': 54.05, '140-144': 22.22, '145-149': 22.58, '150-154': 17.65, '155-159': 35.29, 'old': 30.95, 'new': 35.29}
2026-06-15 13:15:50,159 [trainer.py] => CNN top1 curve: [88.24, 61.04, 54.07, 50.86, 45.73, 46.35, 45.94, 46.39, 44.74, 44.1, 43.5, 42.65, 41.29, 41.36, 41.69, 41.26, 40.93, 40.18, 38.93, 36.98, 36.3, 35.63, 35.25, 35.28, 34.35, 33.62, 32.75, 32.92, 32.59, 31.66, 31.11, 31.01]
2026-06-15 13:15:50,159 [trainer.py] => CNN top5 curve: [100.0, 89.61, 84.44, 84.57, 80.34, 80.66, 77.81, 76.67, 75.79, 74.53, 73.32, 71.22, 70.64, 70.76, 70.62, 69.77, 69.01, 67.14, 66.17, 63.61, 63.01, 62.71, 61.82, 62.26, 61.42, 60.1, 59.32, 59.5, 58.75, 57.98, 56.78, 56.65]
2026-06-15 13:15:50,159 [trainer.py] => Average Accuracy (CNN): 41.83
2026-06-15 13:15:50,160 [trainer.py] => All params: 89792456
2026-06-15 13:15:50,160 [trainer.py] => Trainable params: 89792456
2026-06-15 13:16:07,549 [coda_prompt.py] => Learning on 160-165
2026-06-15 13:22:11,801 [coda_prompt.py] => Task 32, Epoch 20/20 => Loss 0.299, Train_accy 90.59, Test_accy 30.62
2026-06-15 13:22:42,337 [trainer.py] => No NME accuracy.
2026-06-15 13:22:42,338 [trainer.py] => CNN: {'total': 30.62, '00-04': 17.65, '05-09': 6.98, '10-14': 51.72, '15-19': 37.5, '20-24': 16.95, '25-29': 60.0, '30-34': 32.61, '35-39': 52.5, '40-44': 30.0, '45-49': 13.64, '50-54': 36.36, '55-59': 16.67, '60-64': 26.92, '65-69': 39.19, '70-74': 50.0, '75-79': 31.25, '80-84': 50.88, '85-89': 25.0, '90-94': 12.0, '95-99': 0.0, '100-104': 16.67, '105-109': 19.44, '110-114': 19.05, '115-119': 64.15, '120-124': 14.63, '125-129': 15.79, '130-134': 16.33, '135-139': 54.05, '140-144': 22.22, '145-149': 22.58, '150-154': 17.65, '155-159': 35.29, '160-164': 26.92, 'old': 30.77, 'new': 26.92}
2026-06-15 13:22:42,339 [trainer.py] => CNN top1 curve: [88.24, 61.04, 54.07, 50.86, 45.73, 46.35, 45.94, 46.39, 44.74, 44.1, 43.5, 42.65, 41.29, 41.36, 41.69, 41.26, 40.93, 40.18, 38.93, 36.98, 36.3, 35.63, 35.25, 35.28, 34.35, 33.62, 32.75, 32.92, 32.59, 31.66, 31.11, 31.01, 30.62]
2026-06-15 13:22:42,339 [trainer.py] => CNN top5 curve: [100.0, 89.61, 84.44, 84.57, 80.34, 80.66, 77.81, 76.67, 75.79, 74.53, 73.32, 71.22, 70.64, 70.76, 70.62, 69.77, 69.01, 67.14, 66.17, 63.61, 63.01, 62.71, 61.82, 62.26, 61.42, 60.1, 59.32, 59.5, 58.75, 57.98, 56.78, 56.65, 55.46]
2026-06-15 13:22:42,339 [trainer.py] => Average Accuracy (CNN): 41.49
2026-06-15 13:22:42,341 [trainer.py] => All params: 89792456
2026-06-15 13:22:42,343 [trainer.py] => Trainable params: 89792456
2026-06-15 13:22:57,909 [coda_prompt.py] => Learning on 165-170
2026-06-15 13:27:19,712 [coda_prompt.py] => Task 33, Epoch 20/20 => Loss 0.429, Train_accy 84.85, Test_accy 29.93
2026-06-15 13:27:47,518 [trainer.py] => No NME accuracy.
2026-06-15 13:27:47,518 [trainer.py] => CNN: {'total': 29.93, '00-04': 17.65, '05-09': 6.98, '10-14': 51.72, '15-19': 37.5, '20-24': 16.95, '25-29': 60.0, '30-34': 32.61, '35-39': 52.5, '40-44': 30.0, '45-49': 13.64, '50-54': 36.36, '55-59': 16.67, '60-64': 26.92, '65-69': 37.84, '70-74': 50.0, '75-79': 31.25, '80-84': 50.88, '85-89': 20.83, '90-94': 12.0, '95-99': 0.0, '100-104': 16.67, '105-109': 19.44, '110-114': 19.05, '115-119': 64.15, '120-124': 14.63, '125-129': 15.79, '130-134': 16.33, '135-139': 54.05, '140-144': 22.22, '145-149': 22.58, '150-154': 17.65, '155-159': 41.18, '160-164': 26.92, '165-169': 6.06, 'old': 30.54, 'new': 6.06}
2026-06-15 13:27:47,518 [trainer.py] => CNN top1 curve: [88.24, 61.04, 54.07, 50.86, 45.73, 46.35, 45.94, 46.39, 44.74, 44.1, 43.5, 42.65, 41.29, 41.36, 41.69, 41.26, 40.93, 40.18, 38.93, 36.98, 36.3, 35.63, 35.25, 35.28, 34.35, 33.62, 32.75, 32.92, 32.59, 31.66, 31.11, 31.01, 30.62, 29.93]
2026-06-15 13:27:47,518 [trainer.py] => CNN top5 curve: [100.0, 89.61, 84.44, 84.57, 80.34, 80.66, 77.81, 76.67, 75.79, 74.53, 73.32, 71.22, 70.64, 70.76, 70.62, 69.77, 69.01, 67.14, 66.17, 63.61, 63.01, 62.71, 61.82, 62.26, 61.42, 60.1, 59.32, 59.5, 58.75, 57.98, 56.78, 56.65, 55.46, 54.01]
2026-06-15 13:27:47,518 [trainer.py] => Average Accuracy (CNN): 41.15
2026-06-15 13:27:47,519 [trainer.py] => All params: 89792456
2026-06-15 13:27:47,520 [trainer.py] => Trainable params: 89792456
2026-06-15 13:28:01,997 [coda_prompt.py] => Learning on 170-175
2026-06-15 13:31:27,666 [coda_prompt.py] => Task 34, Epoch 20/20 => Loss 0.232, Train_accy 93.18, Test_accy 29.23
2026-06-15 13:31:56,254 [trainer.py] => No NME accuracy.
2026-06-15 13:31:56,254 [trainer.py] => CNN: {'total': 29.23, '00-04': 17.65, '05-09': 6.98, '10-14': 50.0, '15-19': 37.5, '20-24': 15.25, '25-29': 57.5, '30-34': 32.61, '35-39': 52.5, '40-44': 30.0, '45-49': 13.64, '50-54': 36.36, '55-59': 16.67, '60-64': 26.92, '65-69': 37.84, '70-74': 47.92, '75-79': 31.25, '80-84': 49.12, '85-89': 20.83, '90-94': 12.0, '95-99': 0.0, '100-104': 8.33, '105-109': 19.44, '110-114': 19.05, '115-119': 64.15, '120-124': 14.63, '125-129': 10.53, '130-134': 16.33, '135-139': 51.35, '140-144': 22.22, '145-149': 22.58, '150-154': 17.65, '155-159': 41.18, '160-164': 25.0, '165-169': 6.06, '170-174': 32.0, 'old': 29.18, 'new': 32.0}
2026-06-15 13:31:56,254 [trainer.py] => CNN top1 curve: [88.24, 61.04, 54.07, 50.86, 45.73, 46.35, 45.94, 46.39, 44.74, 44.1, 43.5, 42.65, 41.29, 41.36, 41.69, 41.26, 40.93, 40.18, 38.93, 36.98, 36.3, 35.63, 35.25, 35.28, 34.35, 33.62, 32.75, 32.92, 32.59, 31.66, 31.11, 31.01, 30.62, 29.93, 29.23]
2026-06-15 13:31:56,254 [trainer.py] => CNN top5 curve: [100.0, 89.61, 84.44, 84.57, 80.34, 80.66, 77.81, 76.67, 75.79, 74.53, 73.32, 71.22, 70.64, 70.76, 70.62, 69.77, 69.01, 67.14, 66.17, 63.61, 63.01, 62.71, 61.82, 62.26, 61.42, 60.1, 59.32, 59.5, 58.75, 57.98, 56.78, 56.65, 55.46, 54.01, 53.17]
2026-06-15 13:31:56,254 [trainer.py] => Average Accuracy (CNN): 40.81
2026-06-15 13:31:56,255 [trainer.py] => All params: 89792456
2026-06-15 13:31:56,256 [trainer.py] => Trainable params: 89792456
2026-06-15 13:32:10,902 [coda_prompt.py] => Learning on 175-180
2026-06-15 13:36:33,570 [coda_prompt.py] => Task 35, Epoch 20/20 => Loss 0.189, Train_accy 95.30, Test_accy 28.67
2026-06-15 13:37:03,020 [trainer.py] => No NME accuracy.
2026-06-15 13:37:03,020 [trainer.py] => CNN: {'total': 28.67, '00-04': 17.65, '05-09': 6.98, '10-14': 50.0, '15-19': 37.5, '20-24': 15.25, '25-29': 57.5, '30-34': 32.61, '35-39': 52.5, '40-44': 30.0, '45-49': 13.64, '50-54': 36.36, '55-59': 16.67, '60-64': 26.92, '65-69': 37.84, '70-74': 47.92, '75-79': 31.25, '80-84': 49.12, '85-89': 20.83, '90-94': 12.0, '95-99': 0.0, '100-104': 8.33, '105-109': 19.44, '110-114': 19.05, '115-119': 64.15, '120-124': 14.63, '125-129': 10.53, '130-134': 16.33, '135-139': 51.35, '140-144': 22.22, '145-149': 22.58, '150-154': 17.65, '155-159': 35.29, '160-164': 25.0, '165-169': 6.06, '170-174': 32.0, '175-179': 10.81, 'old': 29.16, 'new': 10.81}
2026-06-15 13:37:03,020 [trainer.py] => CNN top1 curve: [88.24, 61.04, 54.07, 50.86, 45.73, 46.35, 45.94, 46.39, 44.74, 44.1, 43.5, 42.65, 41.29, 41.36, 41.69, 41.26, 40.93, 40.18, 38.93, 36.98, 36.3, 35.63, 35.25, 35.28, 34.35, 33.62, 32.75, 32.92, 32.59, 31.66, 31.11, 31.01, 30.62, 29.93, 29.23, 28.67]
2026-06-15 13:37:03,020 [trainer.py] => CNN top5 curve: [100.0, 89.61, 84.44, 84.57, 80.34, 80.66, 77.81, 76.67, 75.79, 74.53, 73.32, 71.22, 70.64, 70.76, 70.62, 69.77, 69.01, 67.14, 66.17, 63.61, 63.01, 62.71, 61.82, 62.26, 61.42, 60.1, 59.32, 59.5, 58.75, 57.98, 56.78, 56.65, 55.46, 54.01, 53.17, 52.62]
2026-06-15 13:37:03,021 [trainer.py] => Average Accuracy (CNN): 40.48
2026-06-15 13:37:03,021 [trainer.py] => All params: 89792456
2026-06-15 13:37:03,022 [trainer.py] => Trainable params: 89792456
2026-06-15 13:37:17,883 [coda_prompt.py] => Learning on 180-185
2026-06-15 13:41:18,214 [coda_prompt.py] => Task 36, Epoch 20/20 => Loss 0.230, Train_accy 94.26, Test_accy 28.34
2026-06-15 13:41:48,395 [trainer.py] => No NME accuracy.
2026-06-15 13:41:48,396 [trainer.py] => CNN: {'total': 28.34, '00-04': 17.65, '05-09': 6.98, '10-14': 50.0, '15-19': 37.5, '20-24': 15.25, '25-29': 57.5, '30-34': 32.61, '35-39': 52.5, '40-44': 30.0, '45-49': 13.64, '50-54': 36.36, '55-59': 16.67, '60-64': 26.92, '65-69': 37.84, '70-74': 47.92, '75-79': 31.25, '80-84': 49.12, '85-89': 20.83, '90-94': 12.0, '95-99': 0.0, '100-104': 8.33, '105-109': 19.44, '110-114': 19.05, '115-119': 64.15, '120-124': 14.63, '125-129': 10.53, '130-134': 16.33, '135-139': 51.35, '140-144': 22.22, '145-149': 22.58, '150-154': 17.65, '155-159': 35.29, '160-164': 25.0, '165-169': 6.06, '170-174': 32.0, '175-179': 10.81, '180-184': 11.11, 'old': 28.67, 'new': 11.11}
2026-06-15 13:41:48,396 [trainer.py] => CNN top1 curve: [88.24, 61.04, 54.07, 50.86, 45.73, 46.35, 45.94, 46.39, 44.74, 44.1, 43.5, 42.65, 41.29, 41.36, 41.69, 41.26, 40.93, 40.18, 38.93, 36.98, 36.3, 35.63, 35.25, 35.28, 34.35, 33.62, 32.75, 32.92, 32.59, 31.66, 31.11, 31.01, 30.62, 29.93, 29.23, 28.67, 28.34]
2026-06-15 13:41:48,396 [trainer.py] => CNN top5 curve: [100.0, 89.61, 84.44, 84.57, 80.34, 80.66, 77.81, 76.67, 75.79, 74.53, 73.32, 71.22, 70.64, 70.76, 70.62, 69.77, 69.01, 67.14, 66.17, 63.61, 63.01, 62.71, 61.82, 62.26, 61.42, 60.1, 59.32, 59.5, 58.75, 57.98, 56.78, 56.65, 55.46, 54.01, 53.17, 52.62, 52.18]
2026-06-15 13:41:48,396 [trainer.py] => Average Accuracy (CNN): 40.15
2026-06-15 13:41:48,397 [trainer.py] => All params: 89792456
2026-06-15 13:41:48,397 [trainer.py] => Trainable params: 89792456
2026-06-15 13:42:03,455 [coda_prompt.py] => Learning on 185-190
2026-06-15 13:45:14,889 [coda_prompt.py] => Task 37, Epoch 20/20 => Loss 0.284, Train_accy 94.03, Test_accy 28.10
2026-06-15 13:45:45,443 [trainer.py] => No NME accuracy.
2026-06-15 13:45:45,444 [trainer.py] => CNN: {'total': 28.1, '00-04': 17.65, '05-09': 6.98, '10-14': 50.0, '15-19': 37.5, '20-24': 15.25, '25-29': 57.5, '30-34': 32.61, '35-39': 52.5, '40-44': 30.0, '45-49': 13.64, '50-54': 36.36, '55-59': 16.67, '60-64': 26.92, '65-69': 37.84, '70-74': 47.92, '75-79': 31.25, '80-84': 49.12, '85-89': 20.83, '90-94': 12.0, '95-99': 0.0, '100-104': 8.33, '105-109': 19.44, '110-114': 19.05, '115-119': 64.15, '120-124': 14.63, '125-129': 10.53, '130-134': 16.33, '135-139': 48.65, '140-144': 24.44, '145-149': 22.58, '150-154': 17.65, '155-159': 35.29, '160-164': 25.0, '165-169': 6.06, '170-174': 32.0, '175-179': 10.81, '180-184': 11.11, '185-189': 0.0, 'old': 28.34, 'new': 0.0}
2026-06-15 13:45:45,444 [trainer.py] => CNN top1 curve: [88.24, 61.04, 54.07, 50.86, 45.73, 46.35, 45.94, 46.39, 44.74, 44.1, 43.5, 42.65, 41.29, 41.36, 41.69, 41.26, 40.93, 40.18, 38.93, 36.98, 36.3, 35.63, 35.25, 35.28, 34.35, 33.62, 32.75, 32.92, 32.59, 31.66, 31.11, 31.01, 30.62, 29.93, 29.23, 28.67, 28.34, 28.1]
2026-06-15 13:45:45,444 [trainer.py] => CNN top5 curve: [100.0, 89.61, 84.44, 84.57, 80.34, 80.66, 77.81, 76.67, 75.79, 74.53, 73.32, 71.22, 70.64, 70.76, 70.62, 69.77, 69.01, 67.14, 66.17, 63.61, 63.01, 62.71, 61.82, 62.26, 61.42, 60.1, 59.32, 59.5, 58.75, 57.98, 56.78, 56.65, 55.46, 54.01, 53.17, 52.62, 52.18, 51.67]
2026-06-15 13:45:45,444 [trainer.py] => Average Accuracy (CNN): 39.83
2026-06-15 13:45:45,445 [trainer.py] => All params: 89792456
2026-06-15 13:45:45,446 [trainer.py] => Trainable params: 89792456
2026-06-15 13:46:01,525 [coda_prompt.py] => Learning on 190-195
2026-06-15 13:50:47,298 [coda_prompt.py] => Task 38, Epoch 20/20 => Loss 0.108, Train_accy 98.83, Test_accy 28.14
2026-06-15 13:51:18,621 [trainer.py] => No NME accuracy.
2026-06-15 13:51:18,622 [trainer.py] => CNN: {'total': 28.14, '00-04': 17.65, '05-09': 6.98, '10-14': 50.0, '15-19': 37.5, '20-24': 15.25, '25-29': 57.5, '30-34': 32.61, '35-39': 52.5, '40-44': 30.0, '45-49': 13.64, '50-54': 36.36, '55-59': 16.67, '60-64': 26.92, '65-69': 37.84, '70-74': 47.92, '75-79': 31.25, '80-84': 49.12, '85-89': 20.83, '90-94': 12.0, '95-99': 0.0, '100-104': 8.33, '105-109': 19.44, '110-114': 19.05, '115-119': 64.15, '120-124': 14.63, '125-129': 10.53, '130-134': 16.33, '135-139': 45.95, '140-144': 22.22, '145-149': 22.58, '150-154': 14.71, '155-159': 35.29, '160-164': 25.0, '165-169': 6.06, '170-174': 32.0, '175-179': 10.81, '180-184': 11.11, '185-189': 0.0, '190-194': 37.84, 'old': 27.89, 'new': 37.84}
2026-06-15 13:51:18,622 [trainer.py] => CNN top1 curve: [88.24, 61.04, 54.07, 50.86, 45.73, 46.35, 45.94, 46.39, 44.74, 44.1, 43.5, 42.65, 41.29, 41.36, 41.69, 41.26, 40.93, 40.18, 38.93, 36.98, 36.3, 35.63, 35.25, 35.28, 34.35, 33.62, 32.75, 32.92, 32.59, 31.66, 31.11, 31.01, 30.62, 29.93, 29.23, 28.67, 28.34, 28.1, 28.14]
2026-06-15 13:51:18,622 [trainer.py] => CNN top5 curve: [100.0, 89.61, 84.44, 84.57, 80.34, 80.66, 77.81, 76.67, 75.79, 74.53, 73.32, 71.22, 70.64, 70.76, 70.62, 69.77, 69.01, 67.14, 66.17, 63.61, 63.01, 62.71, 61.82, 62.26, 61.42, 60.1, 59.32, 59.5, 58.75, 57.98, 56.78, 56.65, 55.46, 54.01, 53.17, 52.62, 52.18, 51.67, 51.33]
2026-06-15 13:51:18,623 [trainer.py] => Average Accuracy (CNN): 39.53
2026-06-15 13:51:18,623 [trainer.py] => All params: 89792456
2026-06-15 13:51:18,624 [trainer.py] => Trainable params: 89792456
2026-06-15 13:51:35,319 [coda_prompt.py] => Learning on 195-200
2026-06-15 13:56:16,458 [coda_prompt.py] => Task 39, Epoch 20/20 => Loss 0.202, Train_accy 94.01, Test_accy 28.18
2026-06-15 13:56:47,534 [trainer.py] => No NME accuracy.
2026-06-15 13:56:47,534 [trainer.py] => CNN: {'total': 28.18, '00-04': 17.65, '05-09': 6.98, '10-14': 48.28, '15-19': 37.5, '20-24': 15.25, '25-29': 57.5, '30-34': 32.61, '35-39': 52.5, '40-44': 25.0, '45-49': 13.64, '50-54': 36.36, '55-59': 16.67, '60-64': 26.92, '65-69': 37.84, '70-74': 47.92, '75-79': 29.17, '80-84': 49.12, '85-89': 20.83, '90-94': 12.0, '95-99': 0.0, '100-104': 8.33, '105-109': 19.44, '110-114': 19.05, '115-119': 64.15, '120-124': 12.2, '125-129': 10.53, '130-134': 16.33, '135-139': 43.24, '140-144': 22.22, '145-149': 22.58, '150-154': 14.71, '155-159': 35.29, '160-164': 23.08, '165-169': 6.06, '170-174': 32.0, '175-179': 8.11, '180-184': 11.11, '185-189': 0.0, '190-194': 37.84, '195-199': 43.75, 'old': 27.67, 'new': 43.75}
2026-06-15 13:56:47,534 [trainer.py] => CNN top1 curve: [88.24, 61.04, 54.07, 50.86, 45.73, 46.35, 45.94, 46.39, 44.74, 44.1, 43.5, 42.65, 41.29, 41.36, 41.69, 41.26, 40.93, 40.18, 38.93, 36.98, 36.3, 35.63, 35.25, 35.28, 34.35, 33.62, 32.75, 32.92, 32.59, 31.66, 31.11, 31.01, 30.62, 29.93, 29.23, 28.67, 28.34, 28.1, 28.14, 28.18]
2026-06-15 13:56:47,534 [trainer.py] => CNN top5 curve: [100.0, 89.61, 84.44, 84.57, 80.34, 80.66, 77.81, 76.67, 75.79, 74.53, 73.32, 71.22, 70.64, 70.76, 70.62, 69.77, 69.01, 67.14, 66.17, 63.61, 63.01, 62.71, 61.82, 62.26, 61.42, 60.1, 59.32, 59.5, 58.75, 57.98, 56.78, 56.65, 55.46, 54.01, 53.17, 52.62, 52.18, 51.67, 51.33, 51.35]
2026-06-15 13:56:47,535 [trainer.py] => Average Accuracy (CNN): 39.25
