2026-05-18 23:53:31,995 [trainer.py] => config: ./configs/der/der_cub_B0_Inc40.json
2026-05-18 23:53:32,011 [trainer.py] => prefix: reproduce
2026-05-18 23:53:32,011 [trainer.py] => dataset: cub
2026-05-18 23:53:32,012 [trainer.py] => memory_size: 4000
2026-05-18 23:53:32,012 [trainer.py] => memory_per_class: 20
2026-05-18 23:53:32,012 [trainer.py] => fixed_memory: True
2026-05-18 23:53:32,012 [trainer.py] => shuffle: True
2026-05-18 23:53:32,012 [trainer.py] => init_cls: 40
2026-05-18 23:53:32,012 [trainer.py] => increment: 40
2026-05-18 23:53:32,013 [trainer.py] => model_name: der
2026-05-18 23:53:32,013 [trainer.py] => backbone_type: vit_base_patch16_224_in21k
2026-05-18 23:53:32,013 [trainer.py] => device: [device(type='cuda', index=3)]
2026-05-18 23:53:32,013 [trainer.py] => seed: 42
2026-05-18 23:53:32,013 [trainer.py] => init_epoch: 20
2026-05-18 23:53:32,014 [trainer.py] => init_lr: 0.001
2026-05-18 23:53:32,014 [trainer.py] => init_milestones: [60, 120, 170]
2026-05-18 23:53:32,014 [trainer.py] => init_lr_decay: 0.1
2026-05-18 23:53:32,014 [trainer.py] => init_weight_decay: 0.0005
2026-05-18 23:53:32,014 [trainer.py] => epochs: 20
2026-05-18 23:53:32,014 [trainer.py] => lrate: 0.001
2026-05-18 23:53:32,015 [trainer.py] => milestones: [80, 120, 150]
2026-05-18 23:53:32,015 [trainer.py] => lrate_decay: 0.1
2026-05-18 23:53:32,015 [trainer.py] => batch_size: 48
2026-05-18 23:53:32,015 [trainer.py] => weight_decay: 0.0002
2026-05-18 23:53:32,015 [trainer.py] => T: 2
2026-05-18 23:53:32,788 [data_manager.py] => [95, 15, 30, 158, 128, 115, 69, 170, 174, 45, 66, 182, 165, 78, 186, 177, 56, 152, 82, 68, 124, 16, 148, 93, 65, 60, 84, 67, 125, 132, 9, 18, 55, 75, 150, 104, 135, 137, 164, 76, 79, 197, 38, 24, 122, 195, 29, 19, 143, 86, 114, 173, 5, 126, 117, 73, 140, 98, 172, 96, 169, 97, 31, 12, 35, 119, 42, 189, 90, 136, 51, 127, 162, 41, 118, 113, 26, 139, 100, 111, 2, 77, 46, 187, 191, 85, 161, 36, 190, 61, 22, 141, 101, 33, 11, 194, 159, 6, 27, 120, 4, 32, 142, 145, 109, 144, 10, 62, 112, 146, 166, 0, 198, 153, 70, 123, 64, 44, 163, 28, 40, 108, 155, 156, 25, 23, 184, 147, 81, 39, 168, 47, 94, 154, 43, 138, 3, 105, 53, 133, 180, 178, 185, 49, 80, 34, 7, 110, 91, 83, 176, 181, 89, 8, 13, 59, 171, 131, 17, 72, 175, 134, 167, 183, 63, 54, 107, 50, 196, 58, 48, 88, 21, 57, 160, 192, 129, 37, 157, 193, 1, 52, 149, 130, 151, 103, 99, 116, 87, 74, 121, 199, 20, 188, 71, 106, 14, 92, 179, 102]
2026-05-18 23:54:27,103 [trainer.py] => All params: 0
2026-05-18 23:54:27,104 [trainer.py] => Trainable params: 0
2026-05-18 23:54:33,314 [der.py] => Learning on 0-40
2026-05-18 23:54:33,314 [der.py] => All params: 85860945
2026-05-18 23:54:33,315 [der.py] => Trainable params: 85860945
2026-05-19 00:02:33,413 [der.py] => Task 0, Epoch 20/20 => Loss 0.231, Train_accy 93.46
2026-05-19 00:02:33,438 [base.py] => Constructing exemplars for new classes...(20 per classes)
2026-05-19 00:06:00,061 [der.py] => Exemplar size: 800
2026-05-19 00:06:00,087 [trainer.py] => CNN: {'total': 95.37, '00-39': 95.37, 'old': 0, 'new': 95.37}
2026-05-19 00:06:00,088 [trainer.py] => NME: {'total': 95.37, '00-39': 95.37, 'old': 0, 'new': 95.37}
2026-05-19 00:06:00,088 [trainer.py] => CNN top1 curve: [95.37]
2026-05-19 00:06:00,088 [trainer.py] => CNN top5 curve: [99.37]
2026-05-19 00:06:00,088 [trainer.py] => NME top1 curve: [95.37]
2026-05-19 00:06:00,089 [trainer.py] => NME top5 curve: [99.37]
2026-05-19 00:06:00,089 [trainer.py] => Average Accuracy (CNN): 95.37
2026-05-19 00:06:00,089 [trainer.py] => Average Accuracy (NME): 95.37
2026-05-19 00:06:00,092 [trainer.py] => All params: 85860945
2026-05-19 00:06:00,094 [trainer.py] => Trainable params: 85860945
2026-05-19 00:06:05,605 [der.py] => Learning on 40-80
2026-05-19 00:06:05,608 [der.py] => All params: 171751801
2026-05-19 00:06:05,609 [der.py] => Trainable params: 85953145
2026-05-19 00:21:44,392 [der.py] => Task 1, Epoch 20/20 => Loss 0.566, Loss_clf 0.291, Loss_aux 0.275, Train_accy 92.46
2026-05-19 00:21:44,406 [base.py] => Constructing exemplars for new classes...(20 per classes)
2026-05-19 00:26:34,294 [der.py] => Exemplar size: 1600
2026-05-19 00:26:34,319 [trainer.py] => CNN: {'total': 89.74, '00-39': 90.53, '40-79': 88.94, 'old': 90.53, 'new': 88.94}
2026-05-19 00:26:34,319 [trainer.py] => NME: {'total': 91.77, '00-39': 93.68, '40-79': 89.8, 'old': 93.68, 'new': 89.8}
2026-05-19 00:26:34,319 [trainer.py] => CNN top1 curve: [95.37, 89.74]
2026-05-19 00:26:34,320 [trainer.py] => CNN top5 curve: [99.37, 98.4]
2026-05-19 00:26:34,320 [trainer.py] => NME top1 curve: [95.37, 91.77]
2026-05-19 00:26:34,320 [trainer.py] => NME top5 curve: [99.37, 98.5]
2026-05-19 00:26:34,320 [trainer.py] => Average Accuracy (CNN): 92.56
2026-05-19 00:26:34,320 [trainer.py] => Average Accuracy (NME): 93.57
2026-05-19 00:26:34,322 [trainer.py] => All params: 171751801
2026-05-19 00:26:34,324 [trainer.py] => Trainable params: 85953145
2026-05-19 00:26:43,450 [der.py] => Learning on 80-120
2026-05-19 00:26:43,452 [der.py] => All params: 257704097
2026-05-19 00:26:43,454 [der.py] => Trainable params: 86106785
2026-05-19 00:47:41,894 [der.py] => Task 2, Epoch 20/20 => Loss 0.528, Loss_clf 0.303, Loss_aux 0.225, Train_accy 92.14
2026-05-19 00:47:41,903 [base.py] => Constructing exemplars for new classes...(20 per classes)
2026-05-19 00:54:31,673 [der.py] => Exemplar size: 2400
2026-05-19 00:54:31,704 [trainer.py] => CNN: {'total': 86.75, '00-39': 88.84, '40-79': 79.83, '80-119': 91.45, 'old': 84.4, 'new': 91.45}
2026-05-19 00:54:31,704 [trainer.py] => NME: {'total': 87.46, '00-39': 90.95, '40-79': 84.6, '80-119': 86.75, 'old': 87.82, 'new': 86.75}
2026-05-19 00:54:31,704 [trainer.py] => CNN top1 curve: [95.37, 89.74, 86.75]
2026-05-19 00:54:31,704 [trainer.py] => CNN top5 curve: [99.37, 98.4, 97.22]
2026-05-19 00:54:31,705 [trainer.py] => NME top1 curve: [95.37, 91.77, 87.46]
2026-05-19 00:54:31,705 [trainer.py] => NME top5 curve: [99.37, 98.5, 98.5]
2026-05-19 00:54:31,706 [trainer.py] => Average Accuracy (CNN): 90.62
2026-05-19 00:54:31,706 [trainer.py] => Average Accuracy (NME): 91.53
2026-05-19 00:54:31,711 [trainer.py] => All params: 257704097
2026-05-19 00:54:31,716 [trainer.py] => Trainable params: 86106785
2026-05-19 00:54:37,792 [der.py] => Learning on 120-160
2026-05-19 00:54:37,798 [der.py] => All params: 343717833
2026-05-19 00:54:37,800 [der.py] => Trainable params: 86321865
2026-05-19 01:28:43,488 [der.py] => Task 3, Epoch 20/20 => Loss 0.476, Loss_clf 0.299, Loss_aux 0.178, Train_accy 92.36
2026-05-19 01:28:43,502 [base.py] => Constructing exemplars for new classes...(20 per classes)
2026-05-19 01:40:02,393 [der.py] => Exemplar size: 3200
2026-05-19 01:40:02,430 [trainer.py] => CNN: {'total': 86.32, '00-39': 86.32, '40-79': 78.74, '80-119': 86.32, '120-159': 94.17, 'old': 83.83, 'new': 94.17}
2026-05-19 01:40:02,430 [trainer.py] => NME: {'total': 87.51, '00-39': 90.95, '40-79': 81.78, '80-119': 85.26, '120-159': 92.15, 'old': 86.04, 'new': 92.15}
2026-05-19 01:40:02,431 [trainer.py] => CNN top1 curve: [95.37, 89.74, 86.75, 86.32]
2026-05-19 01:40:02,431 [trainer.py] => CNN top5 curve: [99.37, 98.4, 97.22, 97.14]
2026-05-19 01:40:02,431 [trainer.py] => NME top1 curve: [95.37, 91.77, 87.46, 87.51]
2026-05-19 01:40:02,431 [trainer.py] => NME top5 curve: [99.37, 98.5, 98.5, 98.27]
2026-05-19 01:40:02,432 [trainer.py] => Average Accuracy (CNN): 89.54
2026-05-19 01:40:02,432 [trainer.py] => Average Accuracy (NME): 90.53
2026-05-19 01:40:02,440 [trainer.py] => All params: 343717833
2026-05-19 01:40:02,447 [trainer.py] => Trainable params: 86321865
2026-05-19 01:40:08,649 [der.py] => Learning on 160-200
2026-05-19 01:40:08,658 [der.py] => All params: 429793009
2026-05-19 01:40:08,662 [der.py] => Trainable params: 86598385
2026-05-19 02:23:14,151 [der.py] => Task 4, Epoch 20/20 => Loss 0.538, Loss_clf 0.347, Loss_aux 0.191, Train_accy 91.41
2026-05-19 02:23:14,167 [base.py] => Constructing exemplars for new classes...(20 per classes)
2026-05-19 02:35:09,512 [der.py] => Exemplar size: 4000
2026-05-19 02:35:09,535 [trainer.py] => CNN: {'total': 84.56, '00-39': 84.0, '40-79': 75.7, '80-119': 81.2, '120-159': 88.79, '160-199': 92.52, 'old': 82.38, 'new': 92.52}
2026-05-19 02:35:09,535 [trainer.py] => NME: {'total': 85.79, '00-39': 89.26, '40-79': 80.04, '80-119': 82.69, '120-159': 88.79, '160-199': 87.99, 'old': 85.19, 'new': 87.99}
2026-05-19 02:35:09,535 [trainer.py] => CNN top1 curve: [95.37, 89.74, 86.75, 86.32, 84.56]
2026-05-19 02:35:09,535 [trainer.py] => CNN top5 curve: [99.37, 98.4, 97.22, 97.14, 96.18]
2026-05-19 02:35:09,535 [trainer.py] => NME top1 curve: [95.37, 91.77, 87.46, 87.51, 85.79]
2026-05-19 02:35:09,536 [trainer.py] => NME top5 curve: [99.37, 98.5, 98.5, 98.27, 97.37]
2026-05-19 02:35:09,536 [trainer.py] => Average Accuracy (CNN): 88.55
2026-05-19 02:35:09,536 [trainer.py] => Average Accuracy (NME): 89.58
