2026-05-17 17:15:46,522 [trainer.py] => config: ./configs/der/der_cub_B0_Inc10.json
2026-05-17 17:15:46,523 [trainer.py] => prefix: reproduce
2026-05-17 17:15:46,523 [trainer.py] => dataset: cub
2026-05-17 17:15:46,523 [trainer.py] => memory_size: 4000
2026-05-17 17:15:46,523 [trainer.py] => memory_per_class: 20
2026-05-17 17:15:46,523 [trainer.py] => fixed_memory: True
2026-05-17 17:15:46,523 [trainer.py] => shuffle: True
2026-05-17 17:15:46,524 [trainer.py] => init_cls: 10
2026-05-17 17:15:46,524 [trainer.py] => increment: 10
2026-05-17 17:15:46,524 [trainer.py] => model_name: der
2026-05-17 17:15:46,524 [trainer.py] => backbone_type: vit_base_patch16_224_in21k
2026-05-17 17:15:46,524 [trainer.py] => device: [device(type='cuda', index=3)]
2026-05-17 17:15:46,525 [trainer.py] => seed: 1994
2026-05-17 17:15:46,525 [trainer.py] => init_epoch: 20
2026-05-17 17:15:46,525 [trainer.py] => init_lr: 0.001
2026-05-17 17:15:46,525 [trainer.py] => init_milestones: [60, 120, 170]
2026-05-17 17:15:46,525 [trainer.py] => init_lr_decay: 0.1
2026-05-17 17:15:46,525 [trainer.py] => init_weight_decay: 0.0005
2026-05-17 17:15:46,526 [trainer.py] => epochs: 20
2026-05-17 17:15:46,526 [trainer.py] => lrate: 0.001
2026-05-17 17:15:46,526 [trainer.py] => milestones: [80, 120, 150]
2026-05-17 17:15:46,526 [trainer.py] => lrate_decay: 0.1
2026-05-17 17:15:46,526 [trainer.py] => batch_size: 48
2026-05-17 17:15:46,527 [trainer.py] => weight_decay: 0.0002
2026-05-17 17:15:46,527 [trainer.py] => T: 2
2026-05-17 17:15:46,527 [trainer.py] => nb_classes: 200
2026-05-17 17:15:46,527 [trainer.py] => nb_tasks: 20
2026-05-17 17:15:47,280 [data_manager.py] => [85, 41, 23, 28, 70, 87, 134, 151, 51, 159, 178, 119, 50, 117, 73, 95, 86, 147, 63, 22, 79, 175, 40, 155, 174, 54, 132, 72, 124, 157, 93, 26, 196, 74, 44, 15, 169, 122, 88, 171, 184, 6, 18, 145, 48, 197, 64, 172, 126, 96, 11, 55, 193, 66, 128, 21, 77, 113, 140, 116, 141, 133, 120, 29, 115, 14, 103, 127, 114, 19, 9, 38, 33, 195, 81, 35, 69, 181, 47, 129, 112, 168, 198, 71, 101, 188, 68, 90, 158, 163, 52, 8, 185, 59, 154, 92, 56, 183, 32, 136, 65, 45, 46, 173, 189, 108, 102, 144, 0, 107, 187, 100, 98, 192, 43, 161, 104, 75, 150, 166, 121, 60, 160, 3, 143, 153, 62, 142, 61, 110, 194, 97, 25, 177, 179, 17, 49, 31, 94, 111, 16, 53, 91, 58, 135, 83, 2, 12, 13, 165, 42, 36, 186, 105, 1, 7, 149, 170, 27, 24, 78, 167, 137, 138, 118, 10, 139, 164, 20, 57, 123, 199, 89, 130, 82, 162, 176, 148, 109, 125, 67, 106, 37, 146, 131, 180, 156, 39, 5, 84, 4, 190, 152, 191, 30, 76, 80, 34, 99, 182]
2026-05-17 17:15:47,370 [trainer.py] => All params: 0
2026-05-17 17:15:47,371 [trainer.py] => Trainable params: 0
2026-05-17 17:15:52,438 [der.py] => Learning on 0-10
2026-05-17 17:15:52,440 [der.py] => All params: 85814805
2026-05-17 17:15:52,441 [der.py] => Trainable params: 85814805
2026-05-17 17:17:42,794 [der.py] => Task 0, Epoch 20/20 => Loss 0.099, Train_accy 96.78
2026-05-17 17:17:42,812 [base.py] => Constructing exemplars for new classes...(20 per classes)
2026-05-17 17:18:13,377 [der.py] => Exemplar size: 200
2026-05-17 17:18:13,386 [trainer.py] => CNN: {'total': 98.39, '00-09': 98.39, 'old': 0, 'new': 98.39}
2026-05-17 17:18:13,387 [trainer.py] => NME: {'total': 98.39, '00-09': 98.39, 'old': 0, 'new': 98.39}
2026-05-17 17:18:13,387 [trainer.py] => CNN top1 curve: [98.39]
2026-05-17 17:18:13,387 [trainer.py] => CNN top5 curve: [100.0]
2026-05-17 17:18:13,387 [trainer.py] => NME top1 curve: [98.39]
2026-05-17 17:18:13,387 [trainer.py] => NME top5 curve: [100.0]
2026-05-17 17:18:13,388 [trainer.py] => Average Accuracy (CNN): 98.39
2026-05-17 17:18:13,388 [trainer.py] => Average Accuracy (NME): 98.39
2026-05-17 17:18:13,390 [trainer.py] => All params: 85814805
2026-05-17 17:18:13,392 [trainer.py] => Trainable params: 85814805
2026-05-17 17:18:17,324 [der.py] => Learning on 10-20
2026-05-17 17:18:17,326 [der.py] => All params: 171636511
2026-05-17 17:18:17,327 [der.py] => Trainable params: 85837855
2026-05-17 17:21:16,580 [der.py] => Task 1, Epoch 20/20 => Loss 0.262, Loss_clf 0.132, Loss_aux 0.130, Train_accy 96.48
2026-05-17 17:21:16,585 [base.py] => Constructing exemplars for new classes...(20 per classes)
2026-05-17 17:21:55,316 [der.py] => Exemplar size: 400
2026-05-17 17:21:55,346 [trainer.py] => CNN: {'total': 95.02, '00-09': 92.74, '10-19': 97.44, 'old': 92.74, 'new': 97.44}
2026-05-17 17:21:55,346 [trainer.py] => NME: {'total': 95.85, '00-09': 94.35, '10-19': 97.44, 'old': 94.35, 'new': 97.44}
2026-05-17 17:21:55,347 [trainer.py] => CNN top1 curve: [98.39, 95.02]
2026-05-17 17:21:55,347 [trainer.py] => CNN top5 curve: [100.0, 100.0]
2026-05-17 17:21:55,347 [trainer.py] => NME top1 curve: [98.39, 95.85]
2026-05-17 17:21:55,347 [trainer.py] => NME top5 curve: [100.0, 100.0]
2026-05-17 17:21:55,348 [trainer.py] => Average Accuracy (CNN): 96.7
2026-05-17 17:21:55,348 [trainer.py] => Average Accuracy (NME): 97.12
2026-05-17 17:21:55,352 [trainer.py] => All params: 171636511
2026-05-17 17:21:55,356 [trainer.py] => Trainable params: 85837855
2026-05-17 17:21:59,589 [der.py] => Learning on 20-30
2026-05-17 17:21:59,592 [der.py] => All params: 257473577
2026-05-17 17:21:59,593 [der.py] => Trainable params: 85876265
2026-05-17 17:26:28,463 [der.py] => Task 2, Epoch 20/20 => Loss 0.361, Loss_clf 0.201, Loss_aux 0.160, Train_accy 93.29
2026-05-17 17:26:28,470 [base.py] => Constructing exemplars for new classes...(20 per classes)
2026-05-17 17:27:29,396 [der.py] => Exemplar size: 600
2026-05-17 17:27:29,430 [trainer.py] => CNN: {'total': 96.12, '00-09': 96.77, '10-19': 95.73, '20-29': 95.83, 'old': 96.27, 'new': 95.83}
2026-05-17 17:27:29,430 [trainer.py] => NME: {'total': 95.01, '00-09': 94.35, '10-19': 95.73, '20-29': 95.0, 'old': 95.02, 'new': 95.0}
2026-05-17 17:27:29,430 [trainer.py] => CNN top1 curve: [98.39, 95.02, 96.12]
2026-05-17 17:27:29,430 [trainer.py] => CNN top5 curve: [100.0, 100.0, 99.17]
2026-05-17 17:27:29,430 [trainer.py] => NME top1 curve: [98.39, 95.85, 95.01]
2026-05-17 17:27:29,430 [trainer.py] => NME top5 curve: [100.0, 100.0, 99.72]
2026-05-17 17:27:29,430 [trainer.py] => Average Accuracy (CNN): 96.51
2026-05-17 17:27:29,431 [trainer.py] => Average Accuracy (NME): 96.42
2026-05-17 17:27:29,434 [trainer.py] => All params: 257473577
2026-05-17 17:27:29,436 [trainer.py] => Trainable params: 85876265
2026-05-17 17:27:34,336 [der.py] => Learning on 30-40
2026-05-17 17:27:34,339 [der.py] => All params: 343326003
2026-05-17 17:27:34,341 [der.py] => Trainable params: 85930035
2026-05-17 17:34:01,878 [der.py] => Task 3, Epoch 20/20 => Loss 0.338, Loss_clf 0.201, Loss_aux 0.137, Train_accy 93.90
2026-05-17 17:34:01,893 [base.py] => Constructing exemplars for new classes...(20 per classes)
2026-05-17 17:35:31,158 [der.py] => Exemplar size: 800
2026-05-17 17:35:31,201 [trainer.py] => CNN: {'total': 94.49, '00-09': 88.71, '10-19': 96.58, '20-29': 95.83, '30-39': 96.9, 'old': 93.63, 'new': 96.9}
2026-05-17 17:35:31,201 [trainer.py] => NME: {'total': 94.49, '00-09': 91.13, '10-19': 95.73, '20-29': 95.0, '30-39': 96.12, 'old': 93.91, 'new': 96.12}
2026-05-17 17:35:31,202 [trainer.py] => CNN top1 curve: [98.39, 95.02, 96.12, 94.49]
2026-05-17 17:35:31,202 [trainer.py] => CNN top5 curve: [100.0, 100.0, 99.17, 99.39]
2026-05-17 17:35:31,202 [trainer.py] => NME top1 curve: [98.39, 95.85, 95.01, 94.49]
2026-05-17 17:35:31,202 [trainer.py] => NME top5 curve: [100.0, 100.0, 99.72, 99.8]
2026-05-17 17:35:31,202 [trainer.py] => Average Accuracy (CNN): 96.0
2026-05-17 17:35:31,202 [trainer.py] => Average Accuracy (NME): 95.94
2026-05-17 17:35:31,205 [trainer.py] => All params: 343326003
2026-05-17 17:35:31,207 [trainer.py] => Trainable params: 85930035
2026-05-17 17:35:35,546 [der.py] => Learning on 40-50
2026-05-17 17:35:35,555 [der.py] => All params: 429193789
2026-05-17 17:35:35,557 [der.py] => Trainable params: 85999165
2026-05-17 17:44:19,783 [der.py] => Task 4, Epoch 20/20 => Loss 0.315, Loss_clf 0.207, Loss_aux 0.108, Train_accy 94.34
2026-05-17 17:44:19,831 [base.py] => Constructing exemplars for new classes...(20 per classes)
2026-05-17 17:46:10,817 [der.py] => Exemplar size: 1000
2026-05-17 17:46:10,860 [trainer.py] => CNN: {'total': 94.17, '00-09': 94.35, '10-19': 92.31, '20-29': 95.83, '30-39': 92.25, '40-49': 96.36, 'old': 93.67, 'new': 96.36}
2026-05-17 17:46:10,860 [trainer.py] => NME: {'total': 94.83, '00-09': 91.94, '10-19': 94.87, '20-29': 95.83, '30-39': 96.12, '40-49': 95.45, 'old': 94.69, 'new': 95.45}
2026-05-17 17:46:10,860 [trainer.py] => CNN top1 curve: [98.39, 95.02, 96.12, 94.49, 94.17]
2026-05-17 17:46:10,860 [trainer.py] => CNN top5 curve: [100.0, 100.0, 99.17, 99.39, 98.83]
2026-05-17 17:46:10,860 [trainer.py] => NME top1 curve: [98.39, 95.85, 95.01, 94.49, 94.83]
2026-05-17 17:46:10,860 [trainer.py] => NME top5 curve: [100.0, 100.0, 99.72, 99.8, 99.33]
2026-05-17 17:46:10,861 [trainer.py] => Average Accuracy (CNN): 95.64
2026-05-17 17:46:10,861 [trainer.py] => Average Accuracy (NME): 95.71
2026-05-17 17:46:10,864 [trainer.py] => All params: 429193789
2026-05-17 17:46:10,867 [trainer.py] => Trainable params: 85999165
2026-05-17 17:46:14,981 [der.py] => Learning on 50-60
2026-05-17 17:46:14,986 [der.py] => All params: 515076935
2026-05-17 17:46:14,989 [der.py] => Trainable params: 86083655
2026-05-17 17:57:35,303 [der.py] => Task 5, Epoch 20/20 => Loss 0.311, Loss_clf 0.218, Loss_aux 0.093, Train_accy 94.19
2026-05-17 17:57:35,316 [base.py] => Constructing exemplars for new classes...(20 per classes)
2026-05-17 17:59:53,802 [der.py] => Exemplar size: 1200
2026-05-17 17:59:53,822 [trainer.py] => CNN: {'total': 93.22, '00-09': 93.55, '10-19': 92.31, '20-29': 94.17, '30-39': 91.47, '40-49': 91.82, '50-59': 96.3, 'old': 92.67, 'new': 96.3}
2026-05-17 17:59:53,823 [trainer.py] => NME: {'total': 93.36, '00-09': 91.13, '10-19': 93.16, '20-29': 95.0, '30-39': 93.8, '40-49': 90.91, '50-59': 96.3, 'old': 92.83, 'new': 96.3}
2026-05-17 17:59:53,823 [trainer.py] => CNN top1 curve: [98.39, 95.02, 96.12, 94.49, 94.17, 93.22]
2026-05-17 17:59:53,823 [trainer.py] => CNN top5 curve: [100.0, 100.0, 99.17, 99.39, 98.83, 98.73]
2026-05-17 17:59:53,823 [trainer.py] => NME top1 curve: [98.39, 95.85, 95.01, 94.49, 94.83, 93.36]
2026-05-17 17:59:53,823 [trainer.py] => NME top5 curve: [100.0, 100.0, 99.72, 99.8, 99.33, 98.87]
2026-05-17 17:59:53,823 [trainer.py] => Average Accuracy (CNN): 95.24
2026-05-17 17:59:53,823 [trainer.py] => Average Accuracy (NME): 95.32
2026-05-17 17:59:53,828 [trainer.py] => All params: 515076935
2026-05-17 17:59:53,832 [trainer.py] => Trainable params: 86083655
2026-05-17 17:59:58,809 [der.py] => Learning on 60-70
2026-05-17 17:59:58,816 [der.py] => All params: 600975441
2026-05-17 17:59:58,819 [der.py] => Trainable params: 86183505
2026-05-17 18:14:14,245 [der.py] => Task 6, Epoch 20/20 => Loss 0.340, Loss_clf 0.230, Loss_aux 0.110, Train_accy 93.43
2026-05-17 18:14:14,260 [base.py] => Constructing exemplars for new classes...(20 per classes)
2026-05-17 18:16:55,991 [der.py] => Exemplar size: 1400
2026-05-17 18:16:56,024 [trainer.py] => CNN: {'total': 88.3, '00-09': 86.29, '10-19': 87.18, '20-29': 92.5, '30-39': 85.27, '40-49': 89.09, '50-59': 87.96, '60-69': 90.08, 'old': 87.99, 'new': 90.08}
2026-05-17 18:16:56,024 [trainer.py] => NME: {'total': 91.07, '00-09': 90.32, '10-19': 91.45, '20-29': 95.0, '30-39': 90.7, '40-49': 91.82, '50-59': 92.59, '60-69': 85.95, 'old': 91.95, 'new': 85.95}
2026-05-17 18:16:56,024 [trainer.py] => CNN top1 curve: [98.39, 95.02, 96.12, 94.49, 94.17, 93.22, 88.3]
2026-05-17 18:16:56,024 [trainer.py] => CNN top5 curve: [100.0, 100.0, 99.17, 99.39, 98.83, 98.73, 97.95]
2026-05-17 18:16:56,024 [trainer.py] => NME top1 curve: [98.39, 95.85, 95.01, 94.49, 94.83, 93.36, 91.07]
2026-05-17 18:16:56,024 [trainer.py] => NME top5 curve: [100.0, 100.0, 99.72, 99.8, 99.33, 98.87, 99.03]
2026-05-17 18:16:56,024 [trainer.py] => Average Accuracy (CNN): 94.24
2026-05-17 18:16:56,024 [trainer.py] => Average Accuracy (NME): 94.71
2026-05-17 18:16:56,029 [trainer.py] => All params: 600975441
2026-05-17 18:16:56,034 [trainer.py] => Trainable params: 86183505
2026-05-17 18:16:59,822 [der.py] => Learning on 70-80
2026-05-17 18:16:59,830 [der.py] => All params: 686889307
2026-05-17 18:16:59,834 [der.py] => Trainable params: 86298715
2026-05-17 18:34:47,348 [der.py] => Task 7, Epoch 20/20 => Loss 0.346, Loss_clf 0.255, Loss_aux 0.091, Train_accy 93.33
2026-05-17 18:34:47,360 [base.py] => Constructing exemplars for new classes...(20 per classes)
2026-05-17 18:37:55,978 [der.py] => Exemplar size: 1600
2026-05-17 18:37:56,007 [trainer.py] => CNN: {'total': 89.11, '00-09': 89.52, '10-19': 85.47, '20-29': 89.17, '30-39': 87.6, '40-49': 88.18, '50-59': 89.81, '60-69': 85.12, '70-79': 99.07, 'old': 87.82, 'new': 99.07}
2026-05-17 18:37:56,008 [trainer.py] => NME: {'total': 90.72, '00-09': 90.32, '10-19': 90.6, '20-29': 94.17, '30-39': 89.15, '40-49': 90.0, '50-59': 92.59, '60-69': 85.12, '70-79': 94.44, 'old': 90.23, 'new': 94.44}
2026-05-17 18:37:56,008 [trainer.py] => CNN top1 curve: [98.39, 95.02, 96.12, 94.49, 94.17, 93.22, 88.3, 89.11]
2026-05-17 18:37:56,008 [trainer.py] => CNN top5 curve: [100.0, 100.0, 99.17, 99.39, 98.83, 98.73, 97.95, 97.87]
2026-05-17 18:37:56,008 [trainer.py] => NME top1 curve: [98.39, 95.85, 95.01, 94.49, 94.83, 93.36, 91.07, 90.72]
2026-05-17 18:37:56,008 [trainer.py] => NME top5 curve: [100.0, 100.0, 99.72, 99.8, 99.33, 98.87, 99.03, 98.61]
2026-05-17 18:37:56,008 [trainer.py] => Average Accuracy (CNN): 93.6
2026-05-17 18:37:56,008 [trainer.py] => Average Accuracy (NME): 94.22
2026-05-17 18:37:56,016 [trainer.py] => All params: 686889307
2026-05-17 18:37:56,023 [trainer.py] => Trainable params: 86298715
2026-05-17 18:38:00,068 [der.py] => Learning on 80-90
2026-05-17 18:38:00,077 [der.py] => All params: 772818533
2026-05-17 18:38:00,081 [der.py] => Trainable params: 86429285
2026-05-17 18:59:24,845 [der.py] => Task 8, Epoch 20/20 => Loss 0.337, Loss_clf 0.256, Loss_aux 0.082, Train_accy 93.05
2026-05-17 18:59:24,862 [base.py] => Constructing exemplars for new classes...(20 per classes)
2026-05-17 19:03:09,355 [der.py] => Exemplar size: 1800
2026-05-17 19:03:09,384 [trainer.py] => CNN: {'total': 88.55, '00-09': 82.26, '10-19': 85.47, '20-29': 90.0, '30-39': 88.37, '40-49': 88.18, '50-59': 87.96, '60-69': 84.3, '70-79': 94.44, '80-89': 98.04, 'old': 87.51, 'new': 98.04}
2026-05-17 19:03:09,384 [trainer.py] => NME: {'total': 90.66, '00-09': 87.1, '10-19': 90.6, '20-29': 95.0, '30-39': 90.7, '40-49': 89.09, '50-59': 91.67, '60-69': 85.12, '70-79': 93.52, '80-89': 94.12, 'old': 90.29, 'new': 94.12}
2026-05-17 19:03:09,384 [trainer.py] => CNN top1 curve: [98.39, 95.02, 96.12, 94.49, 94.17, 93.22, 88.3, 89.11, 88.55]
2026-05-17 19:03:09,384 [trainer.py] => CNN top5 curve: [100.0, 100.0, 99.17, 99.39, 98.83, 98.73, 97.95, 97.87, 97.88]
2026-05-17 19:03:09,384 [trainer.py] => NME top1 curve: [98.39, 95.85, 95.01, 94.49, 94.83, 93.36, 91.07, 90.72, 90.66]
2026-05-17 19:03:09,384 [trainer.py] => NME top5 curve: [100.0, 100.0, 99.72, 99.8, 99.33, 98.87, 99.03, 98.61, 98.46]
2026-05-17 19:03:09,385 [trainer.py] => Average Accuracy (CNN): 93.04
2026-05-17 19:03:09,385 [trainer.py] => Average Accuracy (NME): 93.82
2026-05-17 19:03:09,390 [trainer.py] => All params: 772818533
2026-05-17 19:03:09,395 [trainer.py] => Trainable params: 86429285
2026-05-17 19:03:14,135 [der.py] => Learning on 90-100
2026-05-17 19:03:14,145 [der.py] => All params: 858763119
2026-05-17 19:03:14,149 [der.py] => Trainable params: 86575215
2026-05-17 19:28:35,674 [der.py] => Task 9, Epoch 20/20 => Loss 0.336, Loss_clf 0.258, Loss_aux 0.078, Train_accy 92.90
2026-05-17 19:28:35,690 [base.py] => Constructing exemplars for new classes...(20 per classes)
2026-05-17 19:33:03,740 [der.py] => Exemplar size: 2000
2026-05-17 19:33:03,760 [trainer.py] => CNN: {'total': 87.69, '00-09': 79.03, '10-19': 82.91, '20-29': 91.67, '30-39': 84.5, '40-49': 86.36, '50-59': 87.96, '60-69': 82.64, '70-79': 92.59, '80-89': 97.06, '90-99': 94.78, 'old': 86.91, 'new': 94.78}
2026-05-17 19:33:03,761 [trainer.py] => NME: {'total': 90.21, '00-09': 85.48, '10-19': 88.89, '20-29': 95.0, '30-39': 87.6, '40-49': 87.27, '50-59': 91.67, '60-69': 85.95, '70-79': 92.59, '80-89': 94.12, '90-99': 94.78, 'old': 89.7, 'new': 94.78}
2026-05-17 19:33:03,761 [trainer.py] => CNN top1 curve: [98.39, 95.02, 96.12, 94.49, 94.17, 93.22, 88.3, 89.11, 88.55, 87.69]
2026-05-17 19:33:03,761 [trainer.py] => CNN top5 curve: [100.0, 100.0, 99.17, 99.39, 98.83, 98.73, 97.95, 97.87, 97.88, 97.66]
2026-05-17 19:33:03,761 [trainer.py] => NME top1 curve: [98.39, 95.85, 95.01, 94.49, 94.83, 93.36, 91.07, 90.72, 90.66, 90.21]
2026-05-17 19:33:03,761 [trainer.py] => NME top5 curve: [100.0, 100.0, 99.72, 99.8, 99.33, 98.87, 99.03, 98.61, 98.46, 98.27]
2026-05-17 19:33:03,761 [trainer.py] => Average Accuracy (CNN): 92.51
2026-05-17 19:33:03,761 [trainer.py] => Average Accuracy (NME): 93.46
2026-05-17 19:33:03,766 [trainer.py] => All params: 858763119
2026-05-17 19:33:03,771 [trainer.py] => Trainable params: 86575215
2026-05-17 19:33:08,203 [der.py] => Learning on 100-110
2026-05-17 19:33:08,213 [der.py] => All params: 944723065
2026-05-17 19:33:08,218 [der.py] => Trainable params: 86736505
2026-05-17 20:02:57,257 [der.py] => Task 10, Epoch 20/20 => Loss 0.276, Loss_clf 0.201, Loss_aux 0.075, Train_accy 94.51
2026-05-17 20:02:57,271 [base.py] => Constructing exemplars for new classes...(20 per classes)
2026-05-17 20:07:51,244 [der.py] => Exemplar size: 2200
2026-05-17 20:07:51,279 [trainer.py] => CNN: {'total': 87.36, '00-09': 79.84, '10-19': 86.32, '20-29': 90.83, '30-39': 87.6, '40-49': 82.73, '50-59': 87.04, '60-69': 81.82, '70-79': 90.74, '80-89': 91.18, '90-99': 90.43, '100-109': 93.33, 'old': 86.74, 'new': 93.33}
2026-05-17 20:07:51,280 [trainer.py] => NME: {'total': 89.09, '00-09': 85.48, '10-19': 88.89, '20-29': 95.0, '30-39': 85.27, '40-49': 83.64, '50-59': 91.67, '60-69': 85.12, '70-79': 89.81, '80-89': 91.18, '90-99': 92.17, '100-109': 92.5, 'old': 88.73, 'new': 92.5}
2026-05-17 20:07:51,280 [trainer.py] => CNN top1 curve: [98.39, 95.02, 96.12, 94.49, 94.17, 93.22, 88.3, 89.11, 88.55, 87.69, 87.36]
2026-05-17 20:07:51,280 [trainer.py] => CNN top5 curve: [100.0, 100.0, 99.17, 99.39, 98.83, 98.73, 97.95, 97.87, 97.88, 97.66, 96.94]
2026-05-17 20:07:51,280 [trainer.py] => NME top1 curve: [98.39, 95.85, 95.01, 94.49, 94.83, 93.36, 91.07, 90.72, 90.66, 90.21, 89.09]
2026-05-17 20:07:51,281 [trainer.py] => NME top5 curve: [100.0, 100.0, 99.72, 99.8, 99.33, 98.87, 99.03, 98.61, 98.46, 98.27, 97.72]
2026-05-17 20:07:51,281 [trainer.py] => Average Accuracy (CNN): 92.04
2026-05-17 20:07:51,281 [trainer.py] => Average Accuracy (NME): 93.06
2026-05-17 20:07:51,302 [trainer.py] => All params: 944723065
2026-05-17 20:07:51,318 [trainer.py] => Trainable params: 86736505
2026-05-17 20:07:55,423 [der.py] => Learning on 110-120
2026-05-17 20:07:55,434 [der.py] => All params: 1030698371
2026-05-17 20:07:55,439 [der.py] => Trainable params: 86913155
2026-05-17 20:42:09,973 [der.py] => Task 11, Epoch 20/20 => Loss 0.266, Loss_clf 0.198, Loss_aux 0.069, Train_accy 94.65
2026-05-17 20:42:09,983 [base.py] => Constructing exemplars for new classes...(20 per classes)
2026-05-17 20:47:38,603 [der.py] => Exemplar size: 2400
2026-05-17 20:47:38,641 [trainer.py] => CNN: {'total': 87.82, '00-09': 77.42, '10-19': 88.89, '20-29': 93.33, '30-39': 86.82, '40-49': 85.45, '50-59': 86.11, '60-69': 83.47, '70-79': 88.89, '80-89': 88.24, '90-99': 86.09, '100-109': 93.33, '110-119': 96.49, 'old': 87.05, 'new': 96.49}
2026-05-17 20:47:38,642 [trainer.py] => NME: {'total': 88.98, '00-09': 83.06, '10-19': 88.03, '20-29': 95.0, '30-39': 85.27, '40-49': 84.55, '50-59': 89.81, '60-69': 84.3, '70-79': 89.81, '80-89': 90.2, '90-99': 92.17, '100-109': 91.67, '110-119': 94.74, 'old': 88.46, 'new': 94.74}
2026-05-17 20:47:38,642 [trainer.py] => CNN top1 curve: [98.39, 95.02, 96.12, 94.49, 94.17, 93.22, 88.3, 89.11, 88.55, 87.69, 87.36, 87.82]
2026-05-17 20:47:38,642 [trainer.py] => CNN top5 curve: [100.0, 100.0, 99.17, 99.39, 98.83, 98.73, 97.95, 97.87, 97.88, 97.66, 96.94, 97.19]
2026-05-17 20:47:38,642 [trainer.py] => NME top1 curve: [98.39, 95.85, 95.01, 94.49, 94.83, 93.36, 91.07, 90.72, 90.66, 90.21, 89.09, 88.98]
2026-05-17 20:47:38,643 [trainer.py] => NME top5 curve: [100.0, 100.0, 99.72, 99.8, 99.33, 98.87, 99.03, 98.61, 98.46, 98.27, 97.72, 97.84]
2026-05-17 20:47:38,643 [trainer.py] => Average Accuracy (CNN): 91.69
2026-05-17 20:47:38,643 [trainer.py] => Average Accuracy (NME): 92.72
2026-05-17 20:47:38,665 [trainer.py] => All params: 1030698371
2026-05-17 20:47:38,685 [trainer.py] => Trainable params: 86913155
2026-05-17 20:47:43,023 [der.py] => Learning on 120-130
2026-05-17 20:47:43,036 [der.py] => All params: 1116689037
2026-05-17 20:47:43,042 [der.py] => Trainable params: 87105165
2026-05-17 21:28:02,198 [der.py] => Task 12, Epoch 20/20 => Loss 0.314, Loss_clf 0.238, Loss_aux 0.076, Train_accy 93.80
2026-05-17 21:28:02,415 [base.py] => Constructing exemplars for new classes...(20 per classes)
2026-05-17 21:36:19,959 [der.py] => Exemplar size: 2600
2026-05-17 21:36:19,993 [trainer.py] => CNN: {'total': 86.4, '00-09': 79.03, '10-19': 84.62, '20-29': 92.5, '30-39': 87.6, '40-49': 73.64, '50-59': 79.63, '60-69': 83.47, '70-79': 87.04, '80-89': 90.2, '90-99': 88.7, '100-109': 89.17, '110-119': 97.37, '120-129': 89.76, 'old': 86.1, 'new': 89.76}
2026-05-17 21:36:19,993 [trainer.py] => NME: {'total': 88.51, '00-09': 82.26, '10-19': 88.03, '20-29': 94.17, '30-39': 86.05, '40-49': 82.73, '50-59': 88.89, '60-69': 85.12, '70-79': 89.81, '80-89': 90.2, '90-99': 92.17, '100-109': 90.0, '110-119': 94.74, '120-129': 87.4, 'old': 88.62, 'new': 87.4}
2026-05-17 21:36:19,993 [trainer.py] => CNN top1 curve: [98.39, 95.02, 96.12, 94.49, 94.17, 93.22, 88.3, 89.11, 88.55, 87.69, 87.36, 87.82, 86.4]
2026-05-17 21:36:19,994 [trainer.py] => CNN top5 curve: [100.0, 100.0, 99.17, 99.39, 98.83, 98.73, 97.95, 97.87, 97.88, 97.66, 96.94, 97.19, 96.83]
2026-05-17 21:36:19,994 [trainer.py] => NME top1 curve: [98.39, 95.85, 95.01, 94.49, 94.83, 93.36, 91.07, 90.72, 90.66, 90.21, 89.09, 88.98, 88.51]
2026-05-17 21:36:19,994 [trainer.py] => NME top5 curve: [100.0, 100.0, 99.72, 99.8, 99.33, 98.87, 99.03, 98.61, 98.46, 98.27, 97.72, 97.84, 97.82]
2026-05-17 21:36:19,994 [trainer.py] => Average Accuracy (CNN): 91.28
2026-05-17 21:36:19,995 [trainer.py] => Average Accuracy (NME): 92.4
2026-05-17 21:36:20,017 [trainer.py] => All params: 1116689037
2026-05-17 21:36:20,037 [trainer.py] => Trainable params: 87105165
2026-05-17 21:36:26,166 [der.py] => Learning on 130-140
2026-05-17 21:36:26,183 [der.py] => All params: 1202695063
2026-05-17 21:36:26,191 [der.py] => Trainable params: 87312535
2026-05-17 22:23:23,226 [der.py] => Task 13, Epoch 20/20 => Loss 0.292, Loss_clf 0.231, Loss_aux 0.061, Train_accy 93.99
2026-05-17 22:23:23,250 [base.py] => Constructing exemplars for new classes...(20 per classes)
2026-05-17 22:32:35,939 [der.py] => Exemplar size: 2800
2026-05-17 22:32:35,959 [trainer.py] => CNN: {'total': 86.05, '00-09': 79.84, '10-19': 87.18, '20-29': 93.33, '30-39': 83.72, '40-49': 78.18, '50-59': 78.7, '60-69': 80.17, '70-79': 86.11, '80-89': 90.2, '90-99': 88.7, '100-109': 93.33, '110-119': 95.61, '120-129': 84.25, '130-139': 85.83, 'old': 86.07, 'new': 85.83}
2026-05-17 22:32:35,959 [trainer.py] => NME: {'total': 87.03, '00-09': 82.26, '10-19': 83.76, '20-29': 94.17, '30-39': 86.05, '40-49': 80.91, '50-59': 87.96, '60-69': 85.12, '70-79': 88.89, '80-89': 90.2, '90-99': 92.17, '100-109': 89.17, '110-119': 93.86, '120-129': 85.83, '130-139': 79.53, 'old': 87.66, 'new': 79.53}
2026-05-17 22:32:35,959 [trainer.py] => CNN top1 curve: [98.39, 95.02, 96.12, 94.49, 94.17, 93.22, 88.3, 89.11, 88.55, 87.69, 87.36, 87.82, 86.4, 86.05]
2026-05-17 22:32:35,959 [trainer.py] => CNN top5 curve: [100.0, 100.0, 99.17, 99.39, 98.83, 98.73, 97.95, 97.87, 97.88, 97.66, 96.94, 97.19, 96.83, 96.89]
2026-05-17 22:32:35,959 [trainer.py] => NME top1 curve: [98.39, 95.85, 95.01, 94.49, 94.83, 93.36, 91.07, 90.72, 90.66, 90.21, 89.09, 88.98, 88.51, 87.03]
2026-05-17 22:32:35,959 [trainer.py] => NME top5 curve: [100.0, 100.0, 99.72, 99.8, 99.33, 98.87, 99.03, 98.61, 98.46, 98.27, 97.72, 97.84, 97.82, 97.75]
2026-05-17 22:32:35,960 [trainer.py] => Average Accuracy (CNN): 90.91
2026-05-17 22:32:35,960 [trainer.py] => Average Accuracy (NME): 92.01
2026-05-17 22:32:35,968 [trainer.py] => All params: 1202695063
2026-05-17 22:32:35,975 [trainer.py] => Trainable params: 87312535
2026-05-17 22:32:41,251 [der.py] => Learning on 140-150
2026-05-17 22:32:41,287 [der.py] => All params: 1288716449
2026-05-17 22:32:41,296 [der.py] => Trainable params: 87535265
2026-05-17 23:25:50,652 [der.py] => Task 14, Epoch 20/20 => Loss 0.305, Loss_clf 0.240, Loss_aux 0.065, Train_accy 93.56
2026-05-17 23:25:50,686 [base.py] => Constructing exemplars for new classes...(20 per classes)
2026-05-17 23:36:06,204 [der.py] => Exemplar size: 3000
2026-05-17 23:36:06,239 [trainer.py] => CNN: {'total': 86.52, '00-09': 82.26, '10-19': 82.05, '20-29': 94.17, '30-39': 86.82, '40-49': 80.91, '50-59': 85.19, '60-69': 80.99, '70-79': 87.96, '80-89': 89.22, '90-99': 86.96, '100-109': 86.67, '110-119': 91.23, '120-129': 84.25, '130-139': 88.19, '140-149': 91.74, 'old': 86.18, 'new': 91.74}
2026-05-17 23:36:06,240 [trainer.py] => NME: {'total': 87.09, '00-09': 82.26, '10-19': 82.91, '20-29': 94.17, '30-39': 86.82, '40-49': 82.73, '50-59': 87.04, '60-69': 84.3, '70-79': 87.96, '80-89': 91.18, '90-99': 91.3, '100-109': 88.33, '110-119': 94.74, '120-129': 85.04, '130-139': 81.89, '140-149': 87.16, 'old': 87.09, 'new': 87.16}
2026-05-17 23:36:06,240 [trainer.py] => CNN top1 curve: [98.39, 95.02, 96.12, 94.49, 94.17, 93.22, 88.3, 89.11, 88.55, 87.69, 87.36, 87.82, 86.4, 86.05, 86.52]
2026-05-17 23:36:06,240 [trainer.py] => CNN top5 curve: [100.0, 100.0, 99.17, 99.39, 98.83, 98.73, 97.95, 97.87, 97.88, 97.66, 96.94, 97.19, 96.83, 96.89, 96.74]
2026-05-17 23:36:06,240 [trainer.py] => NME top1 curve: [98.39, 95.85, 95.01, 94.49, 94.83, 93.36, 91.07, 90.72, 90.66, 90.21, 89.09, 88.98, 88.51, 87.03, 87.09]
2026-05-17 23:36:06,240 [trainer.py] => NME top5 curve: [100.0, 100.0, 99.72, 99.8, 99.33, 98.87, 99.03, 98.61, 98.46, 98.27, 97.72, 97.84, 97.82, 97.75, 97.6]
2026-05-17 23:36:06,241 [trainer.py] => Average Accuracy (CNN): 90.61
2026-05-17 23:36:06,241 [trainer.py] => Average Accuracy (NME): 91.69
2026-05-17 23:36:06,254 [trainer.py] => All params: 1288716449
2026-05-17 23:36:06,266 [trainer.py] => Trainable params: 87535265
2026-05-17 23:36:11,840 [der.py] => Learning on 150-160
2026-05-17 23:36:11,856 [der.py] => All params: 1374753195
2026-05-17 23:36:11,864 [der.py] => Trainable params: 87773355
2026-05-18 00:34:47,656 [der.py] => Task 15, Epoch 20/20 => Loss 0.279, Loss_clf 0.228, Loss_aux 0.051, Train_accy 94.25
2026-05-18 00:34:47,670 [base.py] => Constructing exemplars for new classes...(20 per classes)
2026-05-18 00:45:41,239 [der.py] => Exemplar size: 3200
2026-05-18 00:45:41,270 [trainer.py] => CNN: {'total': 84.35, '00-09': 76.61, '10-19': 76.92, '20-29': 94.17, '30-39': 82.17, '40-49': 81.82, '50-59': 76.85, '60-69': 83.47, '70-79': 84.26, '80-89': 86.27, '90-99': 84.35, '100-109': 83.33, '110-119': 92.11, '120-129': 78.74, '130-139': 88.19, '140-149': 92.66, '150-159': 88.06, 'old': 84.07, 'new': 88.06}
2026-05-18 00:45:41,270 [trainer.py] => NME: {'total': 85.68, '00-09': 80.65, '10-19': 79.49, '20-29': 94.17, '30-39': 85.27, '40-49': 80.91, '50-59': 87.04, '60-69': 84.3, '70-79': 83.33, '80-89': 91.18, '90-99': 91.3, '100-109': 88.33, '110-119': 94.74, '120-129': 86.61, '130-139': 81.1, '140-149': 85.32, '150-159': 79.1, 'old': 86.18, 'new': 79.1}
2026-05-18 00:45:41,271 [trainer.py] => CNN top1 curve: [98.39, 95.02, 96.12, 94.49, 94.17, 93.22, 88.3, 89.11, 88.55, 87.69, 87.36, 87.82, 86.4, 86.05, 86.52, 84.35]
2026-05-18 00:45:41,271 [trainer.py] => CNN top5 curve: [100.0, 100.0, 99.17, 99.39, 98.83, 98.73, 97.95, 97.87, 97.88, 97.66, 96.94, 97.19, 96.83, 96.89, 96.74, 96.6]
2026-05-18 00:45:41,271 [trainer.py] => NME top1 curve: [98.39, 95.85, 95.01, 94.49, 94.83, 93.36, 91.07, 90.72, 90.66, 90.21, 89.09, 88.98, 88.51, 87.03, 87.09, 85.68]
2026-05-18 00:45:41,271 [trainer.py] => NME top5 curve: [100.0, 100.0, 99.72, 99.8, 99.33, 98.87, 99.03, 98.61, 98.46, 98.27, 97.72, 97.84, 97.82, 97.75, 97.6, 97.67]
2026-05-18 00:45:41,272 [trainer.py] => Average Accuracy (CNN): 90.22
2026-05-18 00:45:41,272 [trainer.py] => Average Accuracy (NME): 91.31
2026-05-18 00:45:41,300 [trainer.py] => All params: 1374753195
2026-05-18 00:45:41,325 [trainer.py] => Trainable params: 87773355
2026-05-18 00:45:47,190 [der.py] => Learning on 160-170
2026-05-18 00:45:47,213 [der.py] => All params: 1460805301
2026-05-18 00:45:47,223 [der.py] => Trainable params: 88026805
2026-05-18 01:51:37,080 [der.py] => Task 16, Epoch 20/20 => Loss 0.263, Loss_clf 0.202, Loss_aux 0.061, Train_accy 94.78
2026-05-18 01:51:37,091 [base.py] => Constructing exemplars for new classes...(20 per classes)
2026-05-18 02:03:30,738 [der.py] => Exemplar size: 3400
2026-05-18 02:03:30,764 [trainer.py] => CNN: {'total': 84.0, '00-09': 75.81, '10-19': 73.5, '20-29': 93.33, '30-39': 85.27, '40-49': 80.91, '50-59': 78.7, '60-69': 78.51, '70-79': 85.19, '80-89': 89.22, '90-99': 82.61, '100-109': 85.83, '110-119': 82.46, '120-129': 81.1, '130-139': 89.76, '140-149': 90.83, '150-159': 81.34, '160-169': 94.21, 'old': 83.34, 'new': 94.21}
2026-05-18 02:03:30,764 [trainer.py] => NME: {'total': 85.49, '00-09': 79.84, '10-19': 78.63, '20-29': 94.17, '30-39': 84.5, '40-49': 80.0, '50-59': 87.96, '60-69': 80.99, '70-79': 81.48, '80-89': 91.18, '90-99': 90.43, '100-109': 88.33, '110-119': 94.74, '120-129': 85.83, '130-139': 81.1, '140-149': 86.24, '150-159': 79.1, '160-169': 90.91, 'old': 85.15, 'new': 90.91}
2026-05-18 02:03:30,764 [trainer.py] => CNN top1 curve: [98.39, 95.02, 96.12, 94.49, 94.17, 93.22, 88.3, 89.11, 88.55, 87.69, 87.36, 87.82, 86.4, 86.05, 86.52, 84.35, 84.0]
2026-05-18 02:03:30,764 [trainer.py] => CNN top5 curve: [100.0, 100.0, 99.17, 99.39, 98.83, 98.73, 97.95, 97.87, 97.88, 97.66, 96.94, 97.19, 96.83, 96.89, 96.74, 96.6, 96.41]
2026-05-18 02:03:30,764 [trainer.py] => NME top1 curve: [98.39, 95.85, 95.01, 94.49, 94.83, 93.36, 91.07, 90.72, 90.66, 90.21, 89.09, 88.98, 88.51, 87.03, 87.09, 85.68, 85.49]
2026-05-18 02:03:30,764 [trainer.py] => NME top5 curve: [100.0, 100.0, 99.72, 99.8, 99.33, 98.87, 99.03, 98.61, 98.46, 98.27, 97.72, 97.84, 97.82, 97.75, 97.6, 97.67, 97.86]
2026-05-18 02:03:30,765 [trainer.py] => Average Accuracy (CNN): 89.86
2026-05-18 02:03:30,765 [trainer.py] => Average Accuracy (NME): 90.97
2026-05-18 02:03:30,774 [trainer.py] => All params: 1460805301
2026-05-18 02:03:30,783 [trainer.py] => Trainable params: 88026805
2026-05-18 02:03:36,060 [der.py] => Learning on 170-180
2026-05-18 02:03:36,120 [der.py] => All params: 1546872767
2026-05-18 02:03:36,131 [der.py] => Trainable params: 88295615
2026-05-18 03:16:24,310 [der.py] => Task 17, Epoch 20/20 => Loss 0.237, Loss_clf 0.189, Loss_aux 0.047, Train_accy 95.71
2026-05-18 03:16:24,321 [base.py] => Constructing exemplars for new classes...(20 per classes)
2026-05-18 03:29:30,191 [der.py] => Exemplar size: 3600
2026-05-18 03:29:30,235 [trainer.py] => CNN: {'total': 83.66, '00-09': 77.42, '10-19': 70.94, '20-29': 88.33, '30-39': 86.82, '40-49': 75.45, '50-59': 75.0, '60-69': 71.9, '70-79': 85.19, '80-89': 88.24, '90-99': 85.22, '100-109': 79.17, '110-119': 90.35, '120-129': 81.1, '130-139': 89.76, '140-149': 88.99, '150-159': 85.82, '160-169': 91.74, '170-179': 93.55, 'old': 83.05, 'new': 93.55}
2026-05-18 03:29:30,235 [trainer.py] => NME: {'total': 85.96, '00-09': 79.84, '10-19': 79.49, '20-29': 94.17, '30-39': 84.5, '40-49': 80.0, '50-59': 87.96, '60-69': 82.64, '70-79': 80.56, '80-89': 90.2, '90-99': 90.43, '100-109': 88.33, '110-119': 94.74, '120-129': 85.04, '130-139': 81.1, '140-149': 86.24, '150-159': 79.85, '160-169': 90.91, '170-179': 92.74, 'old': 85.54, 'new': 92.74}
2026-05-18 03:29:30,235 [trainer.py] => CNN top1 curve: [98.39, 95.02, 96.12, 94.49, 94.17, 93.22, 88.3, 89.11, 88.55, 87.69, 87.36, 87.82, 86.4, 86.05, 86.52, 84.35, 84.0, 83.66]
2026-05-18 03:29:30,236 [trainer.py] => CNN top5 curve: [100.0, 100.0, 99.17, 99.39, 98.83, 98.73, 97.95, 97.87, 97.88, 97.66, 96.94, 97.19, 96.83, 96.89, 96.74, 96.6, 96.41, 96.2]
2026-05-18 03:29:30,236 [trainer.py] => NME top1 curve: [98.39, 95.85, 95.01, 94.49, 94.83, 93.36, 91.07, 90.72, 90.66, 90.21, 89.09, 88.98, 88.51, 87.03, 87.09, 85.68, 85.49, 85.96]
2026-05-18 03:29:30,236 [trainer.py] => NME top5 curve: [100.0, 100.0, 99.72, 99.8, 99.33, 98.87, 99.03, 98.61, 98.46, 98.27, 97.72, 97.84, 97.82, 97.75, 97.6, 97.67, 97.86, 97.89]
2026-05-18 03:29:30,237 [trainer.py] => Average Accuracy (CNN): 89.51
2026-05-18 03:29:30,237 [trainer.py] => Average Accuracy (NME): 90.69
2026-05-18 03:29:30,268 [trainer.py] => All params: 1546872767
2026-05-18 03:29:30,295 [trainer.py] => Trainable params: 88295615
2026-05-18 03:29:36,297 [der.py] => Learning on 180-190
2026-05-18 03:29:36,373 [der.py] => All params: 1632955593
2026-05-18 03:29:36,386 [der.py] => Trainable params: 88579785
2026-05-18 04:49:25,268 [der.py] => Task 18, Epoch 20/20 => Loss 0.267, Loss_clf 0.206, Loss_aux 0.061, Train_accy 94.52
2026-05-18 04:49:25,294 [base.py] => Constructing exemplars for new classes...(20 per classes)
2026-05-18 05:05:30,412 [der.py] => Exemplar size: 3800
2026-05-18 05:05:30,455 [trainer.py] => CNN: {'total': 83.74, '00-09': 72.58, '10-19': 74.36, '20-29': 90.0, '30-39': 86.05, '40-49': 74.55, '50-59': 78.7, '60-69': 74.38, '70-79': 83.33, '80-89': 82.35, '90-99': 86.09, '100-109': 80.83, '110-119': 90.35, '120-129': 79.53, '130-139': 86.61, '140-149': 90.83, '150-159': 83.58, '160-169': 88.43, '170-179': 95.97, '180-189': 92.66, 'old': 83.29, 'new': 92.66}
2026-05-18 05:05:30,455 [trainer.py] => NME: {'total': 85.35, '00-09': 78.23, '10-19': 78.63, '20-29': 94.17, '30-39': 85.27, '40-49': 81.82, '50-59': 87.04, '60-69': 82.64, '70-79': 80.56, '80-89': 88.24, '90-99': 90.43, '100-109': 87.5, '110-119': 93.86, '120-129': 85.04, '130-139': 81.1, '140-149': 86.24, '150-159': 81.34, '160-169': 91.74, '170-179': 91.94, '180-189': 76.15, 'old': 85.82, 'new': 76.15}
2026-05-18 05:05:30,456 [trainer.py] => CNN top1 curve: [98.39, 95.02, 96.12, 94.49, 94.17, 93.22, 88.3, 89.11, 88.55, 87.69, 87.36, 87.82, 86.4, 86.05, 86.52, 84.35, 84.0, 83.66, 83.74]
2026-05-18 05:05:30,456 [trainer.py] => CNN top5 curve: [100.0, 100.0, 99.17, 99.39, 98.83, 98.73, 97.95, 97.87, 97.88, 97.66, 96.94, 97.19, 96.83, 96.89, 96.74, 96.6, 96.41, 96.2, 95.98]
2026-05-18 05:05:30,456 [trainer.py] => NME top1 curve: [98.39, 95.85, 95.01, 94.49, 94.83, 93.36, 91.07, 90.72, 90.66, 90.21, 89.09, 88.98, 88.51, 87.03, 87.09, 85.68, 85.49, 85.96, 85.35]
2026-05-18 05:05:30,456 [trainer.py] => NME top5 curve: [100.0, 100.0, 99.72, 99.8, 99.33, 98.87, 99.03, 98.61, 98.46, 98.27, 97.72, 97.84, 97.82, 97.75, 97.6, 97.67, 97.86, 97.89, 97.68]
2026-05-18 05:05:30,456 [trainer.py] => Average Accuracy (CNN): 89.21
2026-05-18 05:05:30,457 [trainer.py] => Average Accuracy (NME): 90.41
2026-05-18 05:05:30,482 [trainer.py] => All params: 1632955593
2026-05-18 05:05:30,505 [trainer.py] => Trainable params: 88579785
2026-05-18 05:05:35,031 [der.py] => Learning on 190-200
2026-05-18 05:05:35,055 [der.py] => All params: 1719053779
2026-05-18 05:05:35,065 [der.py] => Trainable params: 88879315
2026-05-18 06:33:26,684 [der.py] => Task 19, Epoch 20/20 => Loss 0.285, Loss_clf 0.223, Loss_aux 0.062, Train_accy 94.21
2026-05-18 06:33:26,707 [base.py] => Constructing exemplars for new classes...(20 per classes)
2026-05-18 06:49:17,528 [der.py] => Exemplar size: 4000
2026-05-18 06:49:17,569 [trainer.py] => CNN: {'total': 84.31, '00-09': 73.39, '10-19': 76.07, '20-29': 93.33, '30-39': 86.82, '40-49': 75.45, '50-59': 76.85, '60-69': 84.3, '70-79': 80.56, '80-89': 84.31, '90-99': 77.39, '100-109': 84.17, '110-119': 84.21, '120-129': 82.68, '130-139': 86.61, '140-149': 88.99, '150-159': 83.58, '160-169': 90.91, '170-179': 93.55, '180-189': 83.49, '190-199': 97.48, 'old': 83.61, 'new': 97.48}
2026-05-18 06:49:17,570 [trainer.py] => NME: {'total': 85.37, '00-09': 78.23, '10-19': 77.78, '20-29': 94.17, '30-39': 84.5, '40-49': 81.82, '50-59': 87.04, '60-69': 81.82, '70-79': 80.56, '80-89': 88.24, '90-99': 86.09, '100-109': 87.5, '110-119': 92.98, '120-129': 84.25, '130-139': 80.31, '140-149': 86.24, '150-159': 81.34, '160-169': 91.74, '170-179': 91.94, '180-189': 77.06, '190-199': 94.12, 'old': 84.9, 'new': 94.12}
2026-05-18 06:49:17,570 [trainer.py] => CNN top1 curve: [98.39, 95.02, 96.12, 94.49, 94.17, 93.22, 88.3, 89.11, 88.55, 87.69, 87.36, 87.82, 86.4, 86.05, 86.52, 84.35, 84.0, 83.66, 83.74, 84.31]
2026-05-18 06:49:17,570 [trainer.py] => CNN top5 curve: [100.0, 100.0, 99.17, 99.39, 98.83, 98.73, 97.95, 97.87, 97.88, 97.66, 96.94, 97.19, 96.83, 96.89, 96.74, 96.6, 96.41, 96.2, 95.98, 96.4]
2026-05-18 06:49:17,570 [trainer.py] => NME top1 curve: [98.39, 95.85, 95.01, 94.49, 94.83, 93.36, 91.07, 90.72, 90.66, 90.21, 89.09, 88.98, 88.51, 87.03, 87.09, 85.68, 85.49, 85.96, 85.35, 85.37]
2026-05-18 06:49:17,571 [trainer.py] => NME top5 curve: [100.0, 100.0, 99.72, 99.8, 99.33, 98.87, 99.03, 98.61, 98.46, 98.27, 97.72, 97.84, 97.82, 97.75, 97.6, 97.67, 97.86, 97.89, 97.68, 97.67]
2026-05-18 06:49:17,571 [trainer.py] => Average Accuracy (CNN): 88.96
2026-05-18 06:49:17,572 [trainer.py] => Average Accuracy (NME): 90.16
