2026-06-07 08:25:05,885 [trainer.py] => config: ./configs/cllora/cllora_ina_B100_Inc20.json
2026-06-07 08:25:05,885 [trainer.py] => prefix:  
2026-06-07 08:25:05,885 [trainer.py] => dataset: imageneta
2026-06-07 08:25:05,885 [trainer.py] => memory_size: 0
2026-06-07 08:25:05,885 [trainer.py] => memory_per_class: 0
2026-06-07 08:25:05,885 [trainer.py] => fixed_memory: False
2026-06-07 08:25:05,885 [trainer.py] => shuffle: True
2026-06-07 08:25:05,885 [trainer.py] => init_cls: 100
2026-06-07 08:25:05,885 [trainer.py] => increment: 20
2026-06-07 08:25:05,885 [trainer.py] => model_name: cllora
2026-06-07 08:25:05,885 [trainer.py] => backbone_type: vit_base_patch16_224_in21k_cllora
2026-06-07 08:25:05,885 [trainer.py] => device: [device(type='cuda', index=5)]
2026-06-07 08:25:05,885 [trainer.py] => seed: 1994
2026-06-07 08:25:05,885 [trainer.py] => init_epochs: 25
2026-06-07 08:25:05,885 [trainer.py] => init_lr: 0.05
2026-06-07 08:25:05,886 [trainer.py] => later_epochs: 25
2026-06-07 08:25:05,886 [trainer.py] => later_lr: 0.05
2026-06-07 08:25:05,886 [trainer.py] => batch_size: 32
2026-06-07 08:25:05,886 [trainer.py] => weight_decay: 0.005
2026-06-07 08:25:05,886 [trainer.py] => min_lr: 0
2026-06-07 08:25:05,886 [trainer.py] => optimizer: sgd
2026-06-07 08:25:05,886 [trainer.py] => scheduler: cosine
2026-06-07 08:25:05,886 [trainer.py] => pretrained: True
2026-06-07 08:25:05,886 [trainer.py] => vpt_type: Deep
2026-06-07 08:25:05,886 [trainer.py] => prompt_token_num: 5
2026-06-07 08:25:05,886 [trainer.py] => ffn_num: 10
2026-06-07 08:25:05,886 [trainer.py] => use_diagonal: False
2026-06-07 08:25:05,886 [trainer.py] => recalc_sim: True
2026-06-07 08:25:05,886 [trainer.py] => alpha: 0.0
2026-06-07 08:25:05,886 [trainer.py] => use_init_ptm: False
2026-06-07 08:25:05,886 [trainer.py] => beta: 0
2026-06-07 08:25:05,886 [trainer.py] => use_old_data: False
2026-06-07 08:25:05,886 [trainer.py] => use_reweight: True
2026-06-07 08:25:05,886 [trainer.py] => moni_adam: False
2026-06-07 08:25:05,886 [trainer.py] => adapter_num: -1
2026-06-07 08:25:05,886 [trainer.py] => msa_adapt: True
2026-06-07 08:25:05,886 [trainer.py] => use_distillation: True
2026-06-07 08:25:05,886 [trainer.py] => use_block_weight: True
2026-06-07 08:25:05,886 [trainer.py] => msa: [1, 0, 1]
2026-06-07 08:25:05,886 [trainer.py] => general_pos: [0, 1, 2, 3, 4, 5]
2026-06-07 08:25:05,886 [trainer.py] => specfic_pos: [6, 7, 8, 9, 10, 11]
2026-06-07 08:25:05,886 [trainer.py] => nb_classes: 200
2026-06-07 08:25:05,886 [trainer.py] => nb_tasks: 6
2026-06-07 08:25:05,933 [data_manager.py] => [85, 41, 23, 28, 70, 87, 134, 151, 51, 159, 178, 119, 50, 117, 73, 95, 86, 147, 63, 22, 79, 175, 40, 155, 174, 54, 132, 72, 124, 157, 93, 26, 196, 74, 44, 15, 169, 122, 88, 171, 184, 6, 18, 145, 48, 197, 64, 172, 126, 96, 11, 55, 193, 66, 128, 21, 77, 113, 140, 116, 141, 133, 120, 29, 115, 14, 103, 127, 114, 19, 9, 38, 33, 195, 81, 35, 69, 181, 47, 129, 112, 168, 198, 71, 101, 188, 68, 90, 158, 163, 52, 8, 185, 59, 154, 92, 56, 183, 32, 136, 65, 45, 46, 173, 189, 108, 102, 144, 0, 107, 187, 100, 98, 192, 43, 161, 104, 75, 150, 166, 121, 60, 160, 3, 143, 153, 62, 142, 61, 110, 194, 97, 25, 177, 179, 17, 49, 31, 94, 111, 16, 53, 91, 58, 135, 83, 2, 12, 13, 165, 42, 36, 186, 105, 1, 7, 149, 170, 27, 24, 78, 167, 137, 138, 118, 10, 139, 164, 20, 57, 123, 199, 89, 130, 82, 162, 176, 148, 109, 125, 67, 106, 37, 146, 131, 180, 156, 39, 5, 84, 4, 190, 152, 191, 30, 76, 80, 34, 99, 182]
2026-06-07 08:25:26,080 [trainer.py] => All params: 86167314
2026-06-07 08:25:26,081 [trainer.py] => Trainable params: 276498
2026-06-07 08:25:26,094 [cllora.py] => Learning on 0-100
2026-06-07 08:34:11,157 [cllora.py] => Task 0, Epoch 25/25 => Loss 0.591, Train_accy 87.56
2026-06-07 08:34:30,837 [cllora.py] => Task correct: 80.7741935483871
2026-06-07 08:34:30,837 [cllora.py] => Task acc: 86.19354838709677
2026-06-07 08:34:30,838 [trainer.py] => Timing Task 0 => Train 540.82s, Epochs 25, Train 21.6329s/epoch, Inference 3.93s, Images 775, Inference 5.0768ms/image
2026-06-07 08:34:31,358 [trainer.py] => No NME accuracy.
2026-06-07 08:34:31,358 [trainer.py] => CNN: {'total': 76.39, '00-99': 76.39, 'old': 0, 'new': 76.39}
2026-06-07 08:34:31,358 [trainer.py] => CNN top1 curve: [76.39]
2026-06-07 08:34:31,358 [trainer.py] => CNN top5 curve: [91.48]
2026-06-07 08:34:31,358 [trainer.py] => Average Accuracy (CNN): 76.39
2026-06-07 08:34:31,360 [trainer.py] => All params: 86766375
2026-06-07 08:34:31,361 [trainer.py] => Trainable params: 276498
2026-06-07 08:34:31,403 [cllora.py] => Learning on 100-120
2026-06-07 08:37:11,404 [cllora.py] => Task 1, Epoch 25/25 => Loss 0.261, Train_accy 94.04
2026-06-07 08:37:25,043 [cllora.py] => Task correct: 71.06430155210643
2026-06-07 08:37:25,043 [cllora.py] => Task acc: 85.14412416851441
2026-06-07 08:37:25,045 [trainer.py] => Timing Task 1 => Train 167.41s, Epochs 25, Train 6.6962s/epoch, Inference 6.28s, Images 902, Inference 6.9601ms/image
2026-06-07 08:37:25,526 [trainer.py] => No NME accuracy.
2026-06-07 08:37:25,526 [trainer.py] => CNN: {'total': 66.96, '00-99': 66.71, '100-119': 68.5, 'old': 66.71, 'new': 68.5}
2026-06-07 08:37:25,526 [trainer.py] => CNN top1 curve: [76.39, 66.96]
2026-06-07 08:37:25,526 [trainer.py] => CNN top5 curve: [91.48, 88.14]
2026-06-07 08:37:25,526 [trainer.py] => Average Accuracy (CNN): 71.68
2026-06-07 08:37:25,528 [trainer.py] => All params: 87273256
2026-06-07 08:37:25,529 [trainer.py] => Trainable params: 276498
2026-06-07 08:37:25,541 [cllora.py] => Learning on 120-140
2026-06-07 08:40:18,456 [cllora.py] => Task 2, Epoch 25/25 => Loss 0.263, Train_accy 95.41
2026-06-07 08:40:40,247 [cllora.py] => Task correct: 67.74500475737393
2026-06-07 08:40:40,247 [cllora.py] => Task acc: 83.82492863939106
2026-06-07 08:40:40,248 [trainer.py] => Timing Task 2 => Train 184.49s, Epochs 25, Train 7.3798s/epoch, Inference 10.23s, Images 1051, Inference 9.7293ms/image
2026-06-07 08:40:40,824 [trainer.py] => No NME accuracy.
2026-06-07 08:40:40,825 [trainer.py] => CNN: {'total': 63.46, '00-99': 61.29, '100-119': 62.99, '120-139': 75.17, 'old': 61.53, 'new': 75.17}
2026-06-07 08:40:40,825 [trainer.py] => CNN top1 curve: [76.39, 66.96, 63.46]
2026-06-07 08:40:40,825 [trainer.py] => CNN top5 curve: [91.48, 88.14, 87.06]
2026-06-07 08:40:40,825 [trainer.py] => Average Accuracy (CNN): 68.94
2026-06-07 08:40:40,827 [trainer.py] => All params: 87810857
2026-06-07 08:40:40,828 [trainer.py] => Trainable params: 276498
2026-06-07 08:40:40,848 [cllora.py] => Learning on 140-160
2026-06-07 08:45:21,926 [cllora.py] => Task 3, Epoch 25/25 => Loss 0.300, Train_accy 92.02
2026-06-07 08:46:05,073 [cllora.py] => Task correct: 64.53396524486571
2026-06-07 08:46:05,074 [cllora.py] => Task acc: 85.22906793048973
2026-06-07 08:46:05,093 [trainer.py] => Timing Task 3 => Train 307.53s, Epochs 25, Train 12.3014s/epoch, Inference 16.73s, Images 1266, Inference 13.2152ms/image
2026-06-07 08:46:05,842 [trainer.py] => No NME accuracy.
2026-06-07 08:46:05,842 [trainer.py] => CNN: {'total': 60.98, '00-99': 54.58, '100-119': 60.63, '120-139': 67.11, '140-159': 80.0, 'old': 57.09, 'new': 80.0}
2026-06-07 08:46:05,842 [trainer.py] => CNN top1 curve: [76.39, 66.96, 63.46, 60.98]
2026-06-07 08:46:05,842 [trainer.py] => CNN top5 curve: [91.48, 88.14, 87.06, 86.41]
2026-06-07 08:46:05,842 [trainer.py] => Average Accuracy (CNN): 66.95
2026-06-07 08:46:05,845 [trainer.py] => All params: 88379178
2026-06-07 08:46:05,846 [trainer.py] => Trainable params: 276498
2026-06-07 08:46:05,863 [cllora.py] => Learning on 160-180
2026-06-07 08:49:20,856 [cllora.py] => Task 4, Epoch 25/25 => Loss 0.230, Train_accy 95.64
2026-06-07 08:50:10,793 [cllora.py] => Task correct: 60.78291814946619
2026-06-07 08:50:10,794 [cllora.py] => Task acc: 84.34163701067615
2026-06-07 08:50:10,795 [trainer.py] => Timing Task 4 => Train 222.22s, Epochs 25, Train 8.8887s/epoch, Inference 22.73s, Images 1405, Inference 16.1780ms/image
2026-06-07 08:50:11,659 [trainer.py] => No NME accuracy.
2026-06-07 08:50:11,659 [trainer.py] => CNN: {'total': 57.65, '00-99': 49.94, '100-119': 61.42, '120-139': 67.11, '140-159': 76.74, '160-179': 57.55, 'old': 57.66, 'new': 57.55}
2026-06-07 08:50:11,659 [trainer.py] => CNN top1 curve: [76.39, 66.96, 63.46, 60.98, 57.65]
2026-06-07 08:50:11,659 [trainer.py] => CNN top5 curve: [91.48, 88.14, 87.06, 86.41, 84.56]
2026-06-07 08:50:11,659 [trainer.py] => Average Accuracy (CNN): 65.09
2026-06-07 08:50:11,662 [trainer.py] => All params: 88978219
2026-06-07 08:50:11,664 [trainer.py] => Trainable params: 276498
2026-06-07 08:50:11,677 [cllora.py] => Learning on 180-200
2026-06-07 08:52:43,989 [cllora.py] => Task 5, Epoch 25/25 => Loss 0.228, Train_accy 96.30
2026-06-07 08:53:40,308 [cllora.py] => Task correct: 58.196181698485844
2026-06-07 08:53:40,308 [cllora.py] => Task acc: 84.8584595128374
2026-06-07 08:53:40,316 [trainer.py] => Timing Task 5 => Train 179.36s, Epochs 25, Train 7.1746s/epoch, Inference 29.29s, Images 1519, Inference 19.2811ms/image
2026-06-07 08:53:41,037 [trainer.py] => No NME accuracy.
2026-06-07 08:53:41,037 [trainer.py] => CNN: {'total': 55.56, '00-99': 48.13, '100-119': 59.06, '120-139': 67.79, '140-159': 73.95, '160-179': 61.15, '180-199': 44.74, 'old': 56.44, 'new': 44.74}
2026-06-07 08:53:41,037 [trainer.py] => CNN top1 curve: [76.39, 66.96, 63.46, 60.98, 57.65, 55.56]
2026-06-07 08:53:41,037 [trainer.py] => CNN top5 curve: [91.48, 88.14, 87.06, 86.41, 84.56, 83.67]
2026-06-07 08:53:41,037 [trainer.py] => Average Accuracy (CNN): 63.5
