2026-06-03 19:02:08,116 [trainer.py] => config: ./configs/cllora/cllora_inr_B0_Inc10.json
2026-06-03 19:02:08,116 [trainer.py] => prefix:  
2026-06-03 19:02:08,116 [trainer.py] => dataset: imagenetr
2026-06-03 19:02:08,116 [trainer.py] => memory_size: 0
2026-06-03 19:02:08,116 [trainer.py] => memory_per_class: 0
2026-06-03 19:02:08,116 [trainer.py] => fixed_memory: False
2026-06-03 19:02:08,116 [trainer.py] => shuffle: True
2026-06-03 19:02:08,116 [trainer.py] => init_cls: 10
2026-06-03 19:02:08,116 [trainer.py] => increment: 10
2026-06-03 19:02:08,116 [trainer.py] => model_name: cllora
2026-06-03 19:02:08,116 [trainer.py] => backbone_type: vit_base_patch16_224_cllora
2026-06-03 19:02:08,117 [trainer.py] => device: [device(type='cuda', index=5)]
2026-06-03 19:02:08,117 [trainer.py] => seed: 1993
2026-06-03 19:02:08,117 [trainer.py] => init_epochs: 20
2026-06-03 19:02:08,117 [trainer.py] => init_lr: 0.05
2026-06-03 19:02:08,117 [trainer.py] => later_epochs: 20
2026-06-03 19:02:08,117 [trainer.py] => later_lr: 0.05
2026-06-03 19:02:08,117 [trainer.py] => batch_size: 32
2026-06-03 19:02:08,117 [trainer.py] => weight_decay: 0.0005
2026-06-03 19:02:08,117 [trainer.py] => min_lr: 0
2026-06-03 19:02:08,117 [trainer.py] => optimizer: sgd
2026-06-03 19:02:08,117 [trainer.py] => scheduler: cosine
2026-06-03 19:02:08,117 [trainer.py] => pretrained: True
2026-06-03 19:02:08,117 [trainer.py] => vpt_type: Deep
2026-06-03 19:02:08,117 [trainer.py] => prompt_token_num: 5
2026-06-03 19:02:08,117 [trainer.py] => ffn_num: 10
2026-06-03 19:02:08,117 [trainer.py] => use_diagonal: False
2026-06-03 19:02:08,117 [trainer.py] => recalc_sim: True
2026-06-03 19:02:08,117 [trainer.py] => alpha: 0.0
2026-06-03 19:02:08,117 [trainer.py] => use_init_ptm: False
2026-06-03 19:02:08,117 [trainer.py] => beta: 0
2026-06-03 19:02:08,117 [trainer.py] => use_old_data: False
2026-06-03 19:02:08,117 [trainer.py] => use_reweight: True
2026-06-03 19:02:08,117 [trainer.py] => moni_adam: False
2026-06-03 19:02:08,117 [trainer.py] => adapter_num: -1
2026-06-03 19:02:08,117 [trainer.py] => msa_adapt: True
2026-06-03 19:02:08,117 [trainer.py] => use_distillation: True
2026-06-03 19:02:08,117 [trainer.py] => use_block_weight: True
2026-06-03 19:02:08,117 [trainer.py] => msa: [1, 0, 1]
2026-06-03 19:02:08,117 [trainer.py] => general_pos: [0, 1, 2, 3, 4, 5]
2026-06-03 19:02:08,117 [trainer.py] => specfic_pos: [6, 7, 8, 9, 10, 11]
2026-06-03 19:02:08,117 [trainer.py] => nb_classes: 200
2026-06-03 19:02:08,117 [trainer.py] => nb_tasks: 20
2026-06-03 19:02:08,199 [data_manager.py] => [168, 136, 51, 9, 183, 101, 171, 99, 42, 159, 191, 70, 16, 188, 27, 10, 175, 26, 68, 187, 98, 6, 85, 35, 112, 43, 100, 0, 103, 181, 88, 59, 4, 2, 116, 174, 94, 80, 106, 1, 147, 17, 141, 131, 72, 23, 173, 54, 197, 118, 87, 32, 79, 104, 91, 19, 135, 107, 178, 36, 11, 199, 142, 8, 122, 3, 28, 57, 153, 172, 190, 56, 49, 44, 97, 62, 151, 169, 194, 55, 192, 12, 189, 78, 66, 180, 15, 137, 109, 134, 92, 119, 126, 52, 170, 40, 148, 65, 144, 64, 138, 45, 77, 89, 154, 90, 71, 193, 74, 30, 113, 143, 96, 84, 67, 50, 186, 156, 69, 21, 18, 111, 108, 58, 125, 157, 150, 110, 182, 129, 166, 83, 81, 60, 13, 165, 14, 176, 63, 117, 5, 22, 145, 121, 38, 41, 82, 127, 114, 20, 31, 53, 37, 163, 196, 130, 152, 162, 86, 76, 24, 34, 184, 149, 33, 128, 198, 155, 146, 167, 139, 120, 140, 102, 47, 25, 158, 123, 46, 164, 61, 7, 115, 75, 133, 160, 105, 132, 179, 124, 48, 73, 93, 39, 95, 195, 29, 177, 185, 161]
2026-06-03 19:02:10,724 [trainer.py] => All params: 86167314
2026-06-03 19:02:10,725 [trainer.py] => Trainable params: 276498
2026-06-03 19:02:10,726 [cllora.py] => Learning on 0-10
2026-06-03 19:05:01,628 [cllora.py] => Task 0, Epoch 20/20 => Loss 0.148, Train_accy 95.81
2026-06-03 19:05:07,516 [cllora.py] => Task correct: 100.0
2026-06-03 19:05:07,516 [cllora.py] => Task acc: 96.52996845425868
2026-06-03 19:05:07,518 [trainer.py] => Timing Task 0 => Train 175.35s, Epochs 20, Train 8.7674s/epoch, Inference 1.44s, Images 317, Inference 4.5563ms/image
2026-06-03 19:05:07,550 [trainer.py] => No NME accuracy.
2026-06-03 19:05:07,550 [trainer.py] => CNN: {'total': 96.53, '00-09': 96.53, 'old': 0, 'new': 96.53}
2026-06-03 19:05:07,550 [trainer.py] => CNN top1 curve: [96.53]
2026-06-03 19:05:07,550 [trainer.py] => CNN top5 curve: [99.68]
2026-06-03 19:05:07,550 [trainer.py] => Average Accuracy (CNN): 96.53
2026-06-03 19:05:07,552 [trainer.py] => All params: 86559015
2026-06-03 19:05:07,553 [trainer.py] => Trainable params: 276498
2026-06-03 19:05:07,554 [cllora.py] => Learning on 10-20
2026-06-03 19:10:34,117 [cllora.py] => Task 1, Epoch 20/20 => Loss 0.131, Train_accy 95.97
2026-06-03 19:10:48,865 [cllora.py] => Task correct: 97.24238026124819
2026-06-03 19:10:48,866 [cllora.py] => Task acc: 96.5166908563135
2026-06-03 19:10:48,869 [trainer.py] => Timing Task 1 => Train 336.79s, Epochs 20, Train 16.8393s/epoch, Inference 4.53s, Images 689, Inference 6.5752ms/image
2026-06-03 19:10:48,903 [trainer.py] => No NME accuracy.
2026-06-03 19:10:48,903 [trainer.py] => CNN: {'total': 94.92, '00-09': 93.69, '10-19': 95.97, 'old': 93.69, 'new': 95.97}
2026-06-03 19:10:48,903 [trainer.py] => CNN top1 curve: [96.53, 94.92]
2026-06-03 19:10:48,903 [trainer.py] => CNN top5 curve: [99.68, 99.13]
2026-06-03 19:10:48,903 [trainer.py] => Average Accuracy (CNN): 95.72
2026-06-03 19:10:48,904 [trainer.py] => All params: 86966056
2026-06-03 19:10:48,906 [trainer.py] => Trainable params: 276498
2026-06-03 19:10:48,908 [cllora.py] => Learning on 20-30
2026-06-03 19:15:14,520 [cllora.py] => Task 2, Epoch 20/20 => Loss 0.138, Train_accy 95.42
2026-06-03 19:15:36,374 [cllora.py] => Task correct: 93.42770475227502
2026-06-03 19:15:36,375 [cllora.py] => Task acc: 96.76440849342771
2026-06-03 19:15:36,376 [trainer.py] => Timing Task 2 => Train 278.40s, Epochs 20, Train 13.9199s/epoch, Inference 9.07s, Images 989, Inference 9.1741ms/image
2026-06-03 19:15:36,462 [trainer.py] => No NME accuracy.
2026-06-03 19:15:36,462 [trainer.py] => CNN: {'total': 91.91, '00-09': 92.74, '10-19': 94.09, '20-29': 88.33, 'old': 93.47, 'new': 88.33}
2026-06-03 19:15:36,462 [trainer.py] => CNN top1 curve: [96.53, 94.92, 91.91]
2026-06-03 19:15:36,463 [trainer.py] => CNN top5 curve: [99.68, 99.13, 98.58]
2026-06-03 19:15:36,463 [trainer.py] => Average Accuracy (CNN): 94.45
2026-06-03 19:15:36,464 [trainer.py] => All params: 87388457
2026-06-03 19:15:36,465 [trainer.py] => Trainable params: 276498
2026-06-03 19:15:36,468 [cllora.py] => Learning on 30-40
2026-06-03 19:20:30,408 [cllora.py] => Task 3, Epoch 20/20 => Loss 0.158, Train_accy 95.00
2026-06-03 19:21:05,138 [cllora.py] => Task correct: 91.67297501892506
2026-06-03 19:21:05,138 [cllora.py] => Task acc: 96.06358819076458
2026-06-03 19:21:05,142 [trainer.py] => Timing Task 3 => Train 312.90s, Epochs 20, Train 15.6452s/epoch, Inference 15.77s, Images 1321, Inference 11.9402ms/image
2026-06-03 19:21:05,177 [trainer.py] => No NME accuracy.
2026-06-03 19:21:05,177 [trainer.py] => CNN: {'total': 90.16, '00-09': 91.8, '10-19': 92.74, '20-29': 86.33, '30-39': 89.16, 'old': 90.5, 'new': 89.16}
2026-06-03 19:21:05,177 [trainer.py] => CNN top1 curve: [96.53, 94.92, 91.91, 90.16]
2026-06-03 19:21:05,177 [trainer.py] => CNN top5 curve: [99.68, 99.13, 98.58, 97.96]
2026-06-03 19:21:05,177 [trainer.py] => Average Accuracy (CNN): 93.38
2026-06-03 19:21:05,179 [trainer.py] => All params: 87826218
2026-06-03 19:21:05,181 [trainer.py] => Trainable params: 276498
2026-06-03 19:21:05,184 [cllora.py] => Learning on 40-50
2026-06-03 19:25:06,958 [cllora.py] => Task 4, Epoch 20/20 => Loss 0.156, Train_accy 95.46
2026-06-03 19:25:50,018 [cllora.py] => Task correct: 89.77202711028959
2026-06-03 19:25:50,019 [cllora.py] => Task acc: 95.68699938385706
2026-06-03 19:25:50,022 [trainer.py] => Timing Task 4 => Train 261.12s, Epochs 20, Train 13.0560s/epoch, Inference 23.72s, Images 1623, Inference 14.6156ms/image
2026-06-03 19:25:50,056 [trainer.py] => No NME accuracy.
2026-06-03 19:25:50,056 [trainer.py] => CNN: {'total': 88.23, '00-09': 89.59, '10-19': 91.67, '20-29': 83.67, '30-39': 85.84, '40-49': 89.74, 'old': 87.89, 'new': 89.74}
2026-06-03 19:25:50,056 [trainer.py] => CNN top1 curve: [96.53, 94.92, 91.91, 90.16, 88.23]
2026-06-03 19:25:50,056 [trainer.py] => CNN top5 curve: [99.68, 99.13, 98.58, 97.96, 97.1]
2026-06-03 19:25:50,056 [trainer.py] => Average Accuracy (CNN): 92.35
2026-06-03 19:25:50,059 [trainer.py] => All params: 88279339
2026-06-03 19:25:50,061 [trainer.py] => Trainable params: 276498
2026-06-03 19:25:50,065 [cllora.py] => Learning on 50-60
2026-06-03 19:30:21,695 [cllora.py] => Task 5, Epoch 20/20 => Loss 0.133, Train_accy 95.41
2026-06-03 19:31:22,102 [cllora.py] => Task correct: 88.89465490399584
2026-06-03 19:31:22,103 [cllora.py] => Task acc: 95.8484691229891
2026-06-03 19:31:22,107 [trainer.py] => Timing Task 5 => Train 298.29s, Epochs 20, Train 14.9143s/epoch, Inference 33.76s, Images 1927, Inference 17.5190ms/image
2026-06-03 19:31:22,146 [trainer.py] => No NME accuracy.
2026-06-03 19:31:22,146 [trainer.py] => CNN: {'total': 87.39, '00-09': 91.48, '10-19': 89.25, '20-29': 82.0, '30-39': 85.84, '40-49': 89.74, '50-59': 85.53, 'old': 87.74, 'new': 85.53}
2026-06-03 19:31:22,146 [trainer.py] => CNN top1 curve: [96.53, 94.92, 91.91, 90.16, 88.23, 87.39]
2026-06-03 19:31:22,146 [trainer.py] => CNN top5 curve: [99.68, 99.13, 98.58, 97.96, 97.1, 96.68]
2026-06-03 19:31:22,147 [trainer.py] => Average Accuracy (CNN): 91.52
2026-06-03 19:31:22,149 [trainer.py] => All params: 88747820
2026-06-03 19:31:22,151 [trainer.py] => Trainable params: 276498
2026-06-03 19:31:22,156 [cllora.py] => Learning on 60-70
2026-06-03 19:35:48,036 [cllora.py] => Task 6, Epoch 20/20 => Loss 0.187, Train_accy 94.54
2026-06-03 19:37:03,422 [cllora.py] => Task correct: 88.76404494382022
2026-06-03 19:37:03,423 [cllora.py] => Task acc: 95.73033707865169
2026-06-03 19:37:03,428 [trainer.py] => Timing Task 6 => Train 296.17s, Epochs 20, Train 14.8083s/epoch, Inference 45.11s, Images 2225, Inference 20.2739ms/image
2026-06-03 19:37:03,461 [trainer.py] => No NME accuracy.
2026-06-03 19:37:03,461 [trainer.py] => CNN: {'total': 87.37, '00-09': 91.17, '10-19': 89.78, '20-29': 83.67, '30-39': 84.64, '40-49': 90.07, '50-59': 86.51, '60-69': 85.23, 'old': 87.7, 'new': 85.23}
2026-06-03 19:37:03,461 [trainer.py] => CNN top1 curve: [96.53, 94.92, 91.91, 90.16, 88.23, 87.39, 87.37]
2026-06-03 19:37:03,461 [trainer.py] => CNN top5 curve: [99.68, 99.13, 98.58, 97.96, 97.1, 96.68, 95.91]
2026-06-03 19:37:03,461 [trainer.py] => Average Accuracy (CNN): 90.93
2026-06-03 19:37:03,464 [trainer.py] => All params: 89231661
2026-06-03 19:37:03,466 [trainer.py] => Trainable params: 276498
2026-06-03 19:37:03,471 [cllora.py] => Learning on 70-80
2026-06-03 19:41:02,046 [cllora.py] => Task 7, Epoch 20/20 => Loss 0.135, Train_accy 95.76
2026-06-03 19:42:30,708 [cllora.py] => Task correct: 86.98959167333867
2026-06-03 19:42:30,709 [cllora.py] => Task acc: 96.07686148919136
2026-06-03 19:42:30,714 [trainer.py] => Timing Task 7 => Train 270.26s, Epochs 20, Train 13.5132s/epoch, Inference 56.98s, Images 2498, Inference 22.8117ms/image
2026-06-03 19:42:30,746 [trainer.py] => No NME accuracy.
2026-06-03 19:42:30,747 [trainer.py] => CNN: {'total': 86.07, '00-09': 89.91, '10-19': 90.05, '20-29': 81.33, '30-39': 85.84, '40-49': 86.09, '50-59': 82.24, '60-69': 84.56, '70-79': 87.55, 'old': 85.89, 'new': 87.55}
2026-06-03 19:42:30,747 [trainer.py] => CNN top1 curve: [96.53, 94.92, 91.91, 90.16, 88.23, 87.39, 87.37, 86.07]
2026-06-03 19:42:30,747 [trainer.py] => CNN top5 curve: [99.68, 99.13, 98.58, 97.96, 97.1, 96.68, 95.91, 96.12]
2026-06-03 19:42:30,747 [trainer.py] => Average Accuracy (CNN): 90.32
2026-06-03 19:42:30,750 [trainer.py] => All params: 89730862
2026-06-03 19:42:30,752 [trainer.py] => Trainable params: 276498
2026-06-03 19:42:30,758 [cllora.py] => Learning on 80-90
2026-06-03 19:47:37,400 [cllora.py] => Task 8, Epoch 20/20 => Loss 0.148, Train_accy 95.76
2026-06-03 19:49:33,466 [cllora.py] => Task correct: 84.75783475783476
2026-06-03 19:49:33,467 [cllora.py] => Task acc: 95.54843304843305
2026-06-03 19:49:33,472 [trainer.py] => Timing Task 8 => Train 350.29s, Epochs 20, Train 17.5143s/epoch, Inference 72.43s, Images 2808, Inference 25.7952ms/image
2026-06-03 19:49:33,505 [trainer.py] => No NME accuracy.
2026-06-03 19:49:33,506 [trainer.py] => CNN: {'total': 83.76, '00-09': 88.96, '10-19': 88.71, '20-29': 79.67, '30-39': 81.33, '40-49': 83.44, '50-59': 80.59, '60-69': 81.54, '70-79': 84.98, '80-89': 83.55, 'old': 83.79, 'new': 83.55}
2026-06-03 19:49:33,506 [trainer.py] => CNN top1 curve: [96.53, 94.92, 91.91, 90.16, 88.23, 87.39, 87.37, 86.07, 83.76]
2026-06-03 19:49:33,506 [trainer.py] => CNN top5 curve: [99.68, 99.13, 98.58, 97.96, 97.1, 96.68, 95.91, 96.12, 95.76]
2026-06-03 19:49:33,506 [trainer.py] => Average Accuracy (CNN): 89.59
2026-06-03 19:49:33,509 [trainer.py] => All params: 90245423
2026-06-03 19:49:33,512 [trainer.py] => Trainable params: 276498
2026-06-03 19:49:33,519 [cllora.py] => Learning on 90-100
2026-06-03 19:52:22,617 [cllora.py] => Task 9, Epoch 20/20 => Loss 0.150, Train_accy 95.65
2026-06-03 19:54:17,342 [cllora.py] => Task correct: 84.18760469011725
2026-06-03 19:54:17,343 [cllora.py] => Task acc: 95.37688442211055
2026-06-03 19:54:17,345 [trainer.py] => Timing Task 9 => Train 198.11s, Epochs 20, Train 9.9057s/epoch, Inference 85.72s, Images 2985, Inference 28.7168ms/image
2026-06-03 19:54:17,380 [trainer.py] => No NME accuracy.
2026-06-03 19:54:17,380 [trainer.py] => CNN: {'total': 83.22, '00-09': 88.96, '10-19': 88.98, '20-29': 79.0, '30-39': 81.33, '40-49': 83.77, '50-59': 80.92, '60-69': 81.54, '70-79': 85.35, '80-89': 82.58, '90-99': 75.14, 'old': 83.73, 'new': 75.14}
2026-06-03 19:54:17,380 [trainer.py] => CNN top1 curve: [96.53, 94.92, 91.91, 90.16, 88.23, 87.39, 87.37, 86.07, 83.76, 83.22]
2026-06-03 19:54:17,380 [trainer.py] => CNN top5 curve: [99.68, 99.13, 98.58, 97.96, 97.1, 96.68, 95.91, 96.12, 95.76, 94.94]
2026-06-03 19:54:17,381 [trainer.py] => Average Accuracy (CNN): 88.96
2026-06-03 19:54:17,384 [trainer.py] => All params: 90775344
2026-06-03 19:54:17,387 [trainer.py] => Trainable params: 276498
2026-06-03 19:54:17,396 [cllora.py] => Learning on 100-110
2026-06-03 19:58:34,784 [cllora.py] => Task 10, Epoch 20/20 => Loss 0.136, Train_accy 96.07
2026-06-03 20:01:04,927 [cllora.py] => Task correct: 83.72591006423983
2026-06-03 20:01:04,928 [cllora.py] => Task acc: 95.4726215968186
2026-06-03 20:01:04,933 [trainer.py] => Timing Task 10 => Train 304.00s, Epochs 20, Train 15.2000s/epoch, Inference 103.55s, Images 3269, Inference 31.6752ms/image
2026-06-03 20:01:05,085 [trainer.py] => No NME accuracy.
2026-06-03 20:01:05,086 [trainer.py] => CNN: {'total': 82.78, '00-09': 88.01, '10-19': 87.37, '20-29': 80.67, '30-39': 81.02, '40-49': 80.79, '50-59': 79.28, '60-69': 81.88, '70-79': 82.42, '80-89': 83.55, '90-99': 77.97, '100-109': 84.51, 'old': 82.61, 'new': 84.51}
2026-06-03 20:01:05,086 [trainer.py] => CNN top1 curve: [96.53, 94.92, 91.91, 90.16, 88.23, 87.39, 87.37, 86.07, 83.76, 83.22, 82.78]
2026-06-03 20:01:05,086 [trainer.py] => CNN top5 curve: [99.68, 99.13, 98.58, 97.96, 97.1, 96.68, 95.91, 96.12, 95.76, 94.94, 94.68]
2026-06-03 20:01:05,086 [trainer.py] => Average Accuracy (CNN): 88.39
2026-06-03 20:01:05,089 [trainer.py] => All params: 91320625
2026-06-03 20:01:05,093 [trainer.py] => Trainable params: 276498
2026-06-03 20:01:05,107 [cllora.py] => Learning on 110-120
2026-06-03 20:06:30,708 [cllora.py] => Task 11, Epoch 20/20 => Loss 0.143, Train_accy 95.92
2026-06-03 20:09:40,275 [cllora.py] => Task correct: 83.2647462277092
2026-06-03 20:09:40,275 [cllora.py] => Task acc: 96.18655692729767
2026-06-03 20:09:40,278 [trainer.py] => Timing Task 11 => Train 388.48s, Epochs 20, Train 19.4241s/epoch, Inference 126.70s, Images 3645, Inference 34.7607ms/image
2026-06-03 20:09:40,304 [trainer.py] => No NME accuracy.
2026-06-03 20:09:40,305 [trainer.py] => CNN: {'total': 82.61, '00-09': 87.38, '10-19': 86.83, '20-29': 78.67, '30-39': 81.63, '40-49': 80.46, '50-59': 79.93, '60-69': 80.54, '70-79': 78.02, '80-89': 80.97, '90-99': 77.97, '100-109': 83.8, '110-119': 89.89, 'old': 81.77, 'new': 89.89}
2026-06-03 20:09:40,305 [trainer.py] => CNN top1 curve: [96.53, 94.92, 91.91, 90.16, 88.23, 87.39, 87.37, 86.07, 83.76, 83.22, 82.78, 82.61]
2026-06-03 20:09:40,305 [trainer.py] => CNN top5 curve: [99.68, 99.13, 98.58, 97.96, 97.1, 96.68, 95.91, 96.12, 95.76, 94.94, 94.68, 94.81]
2026-06-03 20:09:40,305 [trainer.py] => Average Accuracy (CNN): 87.91
2026-06-03 20:09:40,309 [trainer.py] => All params: 91881266
2026-06-03 20:09:40,312 [trainer.py] => Trainable params: 276498
2026-06-03 20:09:40,323 [cllora.py] => Learning on 120-130
2026-06-03 20:13:15,346 [cllora.py] => Task 12, Epoch 20/20 => Loss 0.150, Train_accy 95.35
2026-06-03 20:16:29,673 [cllora.py] => Task correct: 82.073544433095
2026-06-03 20:16:29,674 [cllora.py] => Task acc: 95.83758937691522
2026-06-03 20:16:29,681 [trainer.py] => Timing Task 12 => Train 261.71s, Epochs 20, Train 13.0857s/epoch, Inference 147.65s, Images 3916, Inference 37.7055ms/image
2026-06-03 20:16:29,712 [trainer.py] => No NME accuracy.
2026-06-03 20:16:29,712 [trainer.py] => CNN: {'total': 81.33, '00-09': 87.38, '10-19': 84.14, '20-29': 76.33, '30-39': 80.12, '40-49': 80.79, '50-59': 82.24, '60-69': 80.2, '70-79': 79.49, '80-89': 79.35, '90-99': 72.32, '100-109': 81.34, '110-119': 86.7, '120-129': 80.81, 'old': 81.37, 'new': 80.81}
2026-06-03 20:16:29,712 [trainer.py] => CNN top1 curve: [96.53, 94.92, 91.91, 90.16, 88.23, 87.39, 87.37, 86.07, 83.76, 83.22, 82.78, 82.61, 81.33]
2026-06-03 20:16:29,712 [trainer.py] => CNN top5 curve: [99.68, 99.13, 98.58, 97.96, 97.1, 96.68, 95.91, 96.12, 95.76, 94.94, 94.68, 94.81, 94.33]
2026-06-03 20:16:29,713 [trainer.py] => Average Accuracy (CNN): 87.41
2026-06-03 20:16:29,716 [trainer.py] => All params: 92457267
2026-06-03 20:16:29,719 [trainer.py] => Trainable params: 276498
2026-06-03 20:16:29,732 [cllora.py] => Learning on 130-140
2026-06-03 20:20:45,615 [cllora.py] => Task 13, Epoch 20/20 => Loss 0.129, Train_accy 95.76
2026-06-03 20:24:34,087 [cllora.py] => Task correct: 81.79876601803512
2026-06-03 20:24:34,088 [cllora.py] => Task acc: 95.58614143331751
2026-06-03 20:24:34,094 [trainer.py] => Timing Task 13 => Train 313.29s, Epochs 20, Train 15.6644s/epoch, Inference 171.09s, Images 4214, Inference 40.5998ms/image
2026-06-03 20:24:34,142 [trainer.py] => No NME accuracy.
2026-06-03 20:24:34,142 [trainer.py] => CNN: {'total': 81.11, '00-09': 86.75, '10-19': 84.41, '20-29': 76.0, '30-39': 81.33, '40-49': 80.46, '50-59': 78.95, '60-69': 78.52, '70-79': 79.49, '80-89': 80.97, '90-99': 73.45, '100-109': 82.04, '110-119': 85.9, '120-129': 78.23, '130-139': 83.22, 'old': 80.95, 'new': 83.22}
2026-06-03 20:24:34,142 [trainer.py] => CNN top1 curve: [96.53, 94.92, 91.91, 90.16, 88.23, 87.39, 87.37, 86.07, 83.76, 83.22, 82.78, 82.61, 81.33, 81.11]
2026-06-03 20:24:34,142 [trainer.py] => CNN top5 curve: [99.68, 99.13, 98.58, 97.96, 97.1, 96.68, 95.91, 96.12, 95.76, 94.94, 94.68, 94.81, 94.33, 94.07]
2026-06-03 20:24:34,142 [trainer.py] => Average Accuracy (CNN): 86.96
2026-06-03 20:24:34,147 [trainer.py] => All params: 93048628
2026-06-03 20:24:34,151 [trainer.py] => Trainable params: 276498
2026-06-03 20:24:34,167 [cllora.py] => Learning on 140-150
2026-06-03 20:29:45,036 [cllora.py] => Task 14, Epoch 20/20 => Loss 0.131, Train_accy 96.18
2026-06-03 20:34:18,328 [cllora.py] => Task correct: 81.33595284872298
2026-06-03 20:34:18,329 [cllora.py] => Task acc: 95.78694608164156
2026-06-03 20:34:18,336 [trainer.py] => Timing Task 14 => Train 383.95s, Epochs 20, Train 19.1977s/epoch, Inference 200.23s, Images 4581, Inference 43.7091ms/image
2026-06-03 20:34:18,373 [trainer.py] => No NME accuracy.
2026-06-03 20:34:18,374 [trainer.py] => CNN: {'total': 80.7, '00-09': 84.86, '10-19': 83.87, '20-29': 75.67, '30-39': 81.33, '40-49': 79.47, '50-59': 80.92, '60-69': 76.51, '70-79': 79.49, '80-89': 79.03, '90-99': 71.75, '100-109': 81.69, '110-119': 84.84, '120-129': 78.23, '130-139': 81.21, '140-149': 84.74, 'old': 80.35, 'new': 84.74}
2026-06-03 20:34:18,374 [trainer.py] => CNN top1 curve: [96.53, 94.92, 91.91, 90.16, 88.23, 87.39, 87.37, 86.07, 83.76, 83.22, 82.78, 82.61, 81.33, 81.11, 80.7]
2026-06-03 20:34:18,374 [trainer.py] => CNN top5 curve: [99.68, 99.13, 98.58, 97.96, 97.1, 96.68, 95.91, 96.12, 95.76, 94.94, 94.68, 94.81, 94.33, 94.07, 93.87]
2026-06-03 20:34:18,374 [trainer.py] => Average Accuracy (CNN): 86.54
2026-06-03 20:34:18,378 [trainer.py] => All params: 93655349
2026-06-03 20:34:18,381 [trainer.py] => Trainable params: 276498
2026-06-03 20:34:18,396 [cllora.py] => Learning on 150-160
2026-06-03 20:39:25,210 [cllora.py] => Task 15, Epoch 20/20 => Loss 0.132, Train_accy 96.07
2026-06-03 20:44:27,669 [cllora.py] => Task correct: 81.205745498685
2026-06-03 20:44:27,670 [cllora.py] => Task acc: 95.6099534695529
2026-06-03 20:44:27,678 [trainer.py] => Timing Task 15 => Train 384.10s, Epochs 20, Train 19.2049s/epoch, Inference 225.20s, Images 4943, Inference 45.5592ms/image
2026-06-03 20:44:27,728 [trainer.py] => No NME accuracy.
2026-06-03 20:44:27,728 [trainer.py] => CNN: {'total': 80.58, '00-09': 82.97, '10-19': 84.68, '20-29': 76.33, '30-39': 79.52, '40-49': 78.48, '50-59': 79.93, '60-69': 77.18, '70-79': 79.12, '80-89': 80.97, '90-99': 74.01, '100-109': 79.93, '110-119': 83.51, '120-129': 76.01, '130-139': 80.87, '140-149': 82.02, '150-159': 87.02, 'old': 80.07, 'new': 87.02}
2026-06-03 20:44:27,728 [trainer.py] => CNN top1 curve: [96.53, 94.92, 91.91, 90.16, 88.23, 87.39, 87.37, 86.07, 83.76, 83.22, 82.78, 82.61, 81.33, 81.11, 80.7, 80.58]
2026-06-03 20:44:27,728 [trainer.py] => CNN top5 curve: [99.68, 99.13, 98.58, 97.96, 97.1, 96.68, 95.91, 96.12, 95.76, 94.94, 94.68, 94.81, 94.33, 94.07, 93.87, 93.32]
2026-06-03 20:44:27,728 [trainer.py] => Average Accuracy (CNN): 86.17
2026-06-03 20:44:27,733 [trainer.py] => All params: 94277430
2026-06-03 20:44:27,738 [trainer.py] => Trainable params: 276498
2026-06-03 20:44:27,761 [cllora.py] => Learning on 160-170
2026-06-03 20:48:07,731 [cllora.py] => Task 16, Epoch 20/20 => Loss 0.199, Train_accy 94.47
2026-06-03 20:53:22,658 [cllora.py] => Task correct: 79.77962497583607
2026-06-03 20:53:22,658 [cllora.py] => Task acc: 95.92112893872027
2026-06-03 20:53:22,662 [trainer.py] => Timing Task 16 => Train 281.73s, Epochs 20, Train 14.0865s/epoch, Inference 253.19s, Images 5173, Inference 48.9455ms/image
2026-06-03 20:53:22,777 [trainer.py] => No NME accuracy.
2026-06-03 20:53:22,777 [trainer.py] => CNN: {'total': 79.37, '00-09': 82.97, '10-19': 83.6, '20-29': 76.67, '30-39': 78.61, '40-49': 77.48, '50-59': 78.29, '60-69': 77.18, '70-79': 77.66, '80-89': 80.0, '90-99': 71.19, '100-109': 79.58, '110-119': 82.98, '120-129': 77.12, '130-139': 79.87, '140-149': 81.47, '150-159': 85.08, '160-169': 70.0, 'old': 79.81, 'new': 70.0}
2026-06-03 20:53:22,777 [trainer.py] => CNN top1 curve: [96.53, 94.92, 91.91, 90.16, 88.23, 87.39, 87.37, 86.07, 83.76, 83.22, 82.78, 82.61, 81.33, 81.11, 80.7, 80.58, 79.37]
2026-06-03 20:53:22,777 [trainer.py] => CNN top5 curve: [99.68, 99.13, 98.58, 97.96, 97.1, 96.68, 95.91, 96.12, 95.76, 94.94, 94.68, 94.81, 94.33, 94.07, 93.87, 93.32, 93.08]
2026-06-03 20:53:22,777 [trainer.py] => Average Accuracy (CNN): 85.77
2026-06-03 20:53:22,784 [trainer.py] => All params: 94914871
2026-06-03 20:53:22,791 [trainer.py] => Trainable params: 276498
2026-06-03 20:53:22,818 [cllora.py] => Learning on 170-180
2026-06-03 20:56:55,173 [cllora.py] => Task 17, Epoch 20/20 => Loss 0.129, Train_accy 96.12
2026-06-03 21:02:35,413 [cllora.py] => Task correct: 79.7269876406567
2026-06-03 21:02:35,414 [cllora.py] => Task acc: 95.83102748570374
2026-06-03 21:02:35,418 [trainer.py] => Timing Task 17 => Train 276.45s, Epochs 20, Train 13.8223s/epoch, Inference 276.18s, Images 5421, Inference 50.9467ms/image
2026-06-03 21:02:35,440 [trainer.py] => No NME accuracy.
2026-06-03 21:02:35,440 [trainer.py] => CNN: {'total': 79.32, '00-09': 82.97, '10-19': 82.53, '20-29': 75.67, '30-39': 79.52, '40-49': 78.48, '50-59': 76.97, '60-69': 77.85, '70-79': 75.09, '80-89': 79.68, '90-99': 69.49, '100-109': 77.11, '110-119': 86.44, '120-129': 75.28, '130-139': 79.53, '140-149': 81.47, '150-159': 85.08, '160-169': 66.96, '170-179': 86.69, 'old': 78.97, 'new': 86.69}
2026-06-03 21:02:35,441 [trainer.py] => CNN top1 curve: [96.53, 94.92, 91.91, 90.16, 88.23, 87.39, 87.37, 86.07, 83.76, 83.22, 82.78, 82.61, 81.33, 81.11, 80.7, 80.58, 79.37, 79.32]
2026-06-03 21:02:35,441 [trainer.py] => CNN top5 curve: [99.68, 99.13, 98.58, 97.96, 97.1, 96.68, 95.91, 96.12, 95.76, 94.94, 94.68, 94.81, 94.33, 94.07, 93.87, 93.32, 93.08, 93.08]
2026-06-03 21:02:35,441 [trainer.py] => Average Accuracy (CNN): 85.41
2026-06-03 21:02:35,446 [trainer.py] => All params: 95567672
2026-06-03 21:02:35,451 [trainer.py] => Trainable params: 276498
2026-06-03 21:02:35,472 [cllora.py] => Learning on 180-190
2026-06-03 21:06:45,073 [cllora.py] => Task 18, Epoch 20/20 => Loss 0.129, Train_accy 96.06
2026-06-03 21:13:14,553 [cllora.py] => Task correct: 79.14121138069471
2026-06-03 21:13:14,554 [cllora.py] => Task acc: 95.56641647757026
2026-06-03 21:13:14,563 [trainer.py] => Timing Task 18 => Train 326.41s, Epochs 20, Train 16.3206s/epoch, Inference 312.70s, Images 5729, Inference 54.5818ms/image
2026-06-03 21:13:14,598 [trainer.py] => No NME accuracy.
2026-06-03 21:13:14,598 [trainer.py] => CNN: {'total': 78.79, '00-09': 82.33, '10-19': 81.45, '20-29': 74.67, '30-39': 79.22, '40-49': 77.81, '50-59': 78.62, '60-69': 75.17, '70-79': 75.46, '80-89': 76.13, '90-99': 70.06, '100-109': 77.11, '110-119': 82.71, '120-129': 74.54, '130-139': 80.87, '140-149': 81.74, '150-159': 85.08, '160-169': 66.09, '170-179': 84.68, '180-189': 83.12, 'old': 78.55, 'new': 83.12}
2026-06-03 21:13:14,598 [trainer.py] => CNN top1 curve: [96.53, 94.92, 91.91, 90.16, 88.23, 87.39, 87.37, 86.07, 83.76, 83.22, 82.78, 82.61, 81.33, 81.11, 80.7, 80.58, 79.37, 79.32, 78.79]
2026-06-03 21:13:14,598 [trainer.py] => CNN top5 curve: [99.68, 99.13, 98.58, 97.96, 97.1, 96.68, 95.91, 96.12, 95.76, 94.94, 94.68, 94.81, 94.33, 94.07, 93.87, 93.32, 93.08, 93.08, 92.84]
2026-06-03 21:13:14,598 [trainer.py] => Average Accuracy (CNN): 85.06
2026-06-03 21:13:14,604 [trainer.py] => All params: 96235833
2026-06-03 21:13:14,609 [trainer.py] => Trainable params: 276498
2026-06-03 21:13:14,631 [cllora.py] => Learning on 190-200
2026-06-03 21:17:23,962 [cllora.py] => Task 19, Epoch 20/20 => Loss 0.121, Train_accy 96.19
2026-06-03 21:24:33,881 [cllora.py] => Task correct: 78.96666666666667
2026-06-03 21:24:33,882 [cllora.py] => Task acc: 95.91666666666667
2026-06-03 21:24:33,890 [trainer.py] => Timing Task 19 => Train 332.68s, Epochs 20, Train 16.6338s/epoch, Inference 346.61s, Images 6000, Inference 57.7676ms/image
2026-06-03 21:24:33,925 [trainer.py] => No NME accuracy.
2026-06-03 21:24:33,926 [trainer.py] => CNN: {'total': 78.62, '00-09': 83.91, '10-19': 80.91, '20-29': 75.67, '30-39': 77.41, '40-49': 78.48, '50-59': 74.67, '60-69': 76.17, '70-79': 73.99, '80-89': 79.35, '90-99': 70.06, '100-109': 77.46, '110-119': 81.65, '120-129': 76.75, '130-139': 79.53, '140-149': 80.93, '150-159': 81.77, '160-169': 64.78, '170-179': 84.68, '180-189': 82.79, '190-199': 82.66, 'old': 78.43, 'new': 82.66}
2026-06-03 21:24:33,926 [trainer.py] => CNN top1 curve: [96.53, 94.92, 91.91, 90.16, 88.23, 87.39, 87.37, 86.07, 83.76, 83.22, 82.78, 82.61, 81.33, 81.11, 80.7, 80.58, 79.37, 79.32, 78.79, 78.62]
2026-06-03 21:24:33,926 [trainer.py] => CNN top5 curve: [99.68, 99.13, 98.58, 97.96, 97.1, 96.68, 95.91, 96.12, 95.76, 94.94, 94.68, 94.81, 94.33, 94.07, 93.87, 93.32, 93.08, 93.08, 92.84, 92.7]
2026-06-03 21:24:33,926 [trainer.py] => Average Accuracy (CNN): 84.74
