2026-06-04 06:29:46,746 [trainer.py] => config: ./configs/cllora/cllora_inr_B0_Inc40.json
2026-06-04 06:29:46,746 [trainer.py] => prefix:  
2026-06-04 06:29:46,746 [trainer.py] => dataset: imagenetr
2026-06-04 06:29:46,747 [trainer.py] => memory_size: 0
2026-06-04 06:29:46,747 [trainer.py] => memory_per_class: 0
2026-06-04 06:29:46,747 [trainer.py] => fixed_memory: False
2026-06-04 06:29:46,747 [trainer.py] => shuffle: True
2026-06-04 06:29:46,747 [trainer.py] => init_cls: 40
2026-06-04 06:29:46,747 [trainer.py] => increment: 40
2026-06-04 06:29:46,747 [trainer.py] => model_name: cllora
2026-06-04 06:29:46,747 [trainer.py] => backbone_type: vit_base_patch16_224_cllora
2026-06-04 06:29:46,747 [trainer.py] => device: [device(type='cuda', index=5)]
2026-06-04 06:29:46,747 [trainer.py] => seed: 0
2026-06-04 06:29:46,747 [trainer.py] => init_epochs: 20
2026-06-04 06:29:46,747 [trainer.py] => init_lr: 0.05
2026-06-04 06:29:46,747 [trainer.py] => later_epochs: 20
2026-06-04 06:29:46,747 [trainer.py] => later_lr: 0.05
2026-06-04 06:29:46,747 [trainer.py] => batch_size: 32
2026-06-04 06:29:46,747 [trainer.py] => weight_decay: 0.0005
2026-06-04 06:29:46,747 [trainer.py] => min_lr: 0
2026-06-04 06:29:46,747 [trainer.py] => optimizer: sgd
2026-06-04 06:29:46,747 [trainer.py] => scheduler: cosine
2026-06-04 06:29:46,748 [trainer.py] => pretrained: True
2026-06-04 06:29:46,748 [trainer.py] => vpt_type: Deep
2026-06-04 06:29:46,748 [trainer.py] => prompt_token_num: 5
2026-06-04 06:29:46,748 [trainer.py] => ffn_num: 10
2026-06-04 06:29:46,748 [trainer.py] => use_diagonal: False
2026-06-04 06:29:46,748 [trainer.py] => recalc_sim: True
2026-06-04 06:29:46,748 [trainer.py] => alpha: 0.0
2026-06-04 06:29:46,748 [trainer.py] => use_init_ptm: False
2026-06-04 06:29:46,748 [trainer.py] => beta: 0
2026-06-04 06:29:46,748 [trainer.py] => use_old_data: False
2026-06-04 06:29:46,748 [trainer.py] => use_reweight: True
2026-06-04 06:29:46,748 [trainer.py] => moni_adam: False
2026-06-04 06:29:46,748 [trainer.py] => adapter_num: -1
2026-06-04 06:29:46,748 [trainer.py] => msa_adapt: True
2026-06-04 06:29:46,748 [trainer.py] => use_distillation: True
2026-06-04 06:29:46,748 [trainer.py] => use_block_weight: True
2026-06-04 06:29:46,748 [trainer.py] => msa: [1, 0, 1]
2026-06-04 06:29:46,748 [trainer.py] => general_pos: [0, 1, 2, 3, 4, 5]
2026-06-04 06:29:46,748 [trainer.py] => specfic_pos: [6, 7, 8, 9, 10, 11]
2026-06-04 06:29:46,836 [data_manager.py] => [18, 170, 107, 98, 177, 182, 5, 146, 12, 152, 61, 125, 180, 154, 80, 7, 33, 130, 37, 74, 183, 145, 45, 159, 60, 123, 179, 185, 122, 44, 16, 55, 150, 111, 22, 189, 129, 4, 83, 106, 134, 66, 26, 113, 168, 63, 8, 75, 118, 143, 71, 124, 184, 97, 149, 24, 30, 160, 40, 56, 131, 96, 181, 19, 153, 92, 54, 163, 51, 86, 139, 90, 137, 101, 144, 89, 109, 14, 27, 141, 187, 46, 138, 195, 108, 62, 2, 59, 136, 197, 43, 10, 194, 73, 196, 178, 175, 126, 93, 112, 158, 191, 50, 0, 94, 110, 95, 64, 167, 41, 69, 49, 48, 85, 13, 161, 23, 186, 135, 20, 15, 78, 104, 52, 100, 76, 3, 116, 164, 198, 6, 68, 84, 121, 155, 171, 156, 91, 199, 11, 119, 102, 35, 57, 65, 1, 120, 162, 42, 105, 132, 173, 17, 38, 133, 53, 157, 128, 34, 28, 114, 151, 31, 166, 127, 176, 32, 142, 169, 147, 29, 99, 82, 79, 115, 148, 193, 72, 77, 25, 165, 81, 188, 174, 190, 39, 58, 140, 88, 70, 87, 36, 21, 9, 103, 67, 192, 117, 47, 172]
2026-06-04 06:29:50,642 [trainer.py] => All params: 86167314
2026-06-04 06:29:50,643 [trainer.py] => Trainable params: 276498
2026-06-04 06:29:50,650 [cllora.py] => Learning on 0-40
2026-06-04 06:39:51,781 [cllora.py] => Task 0, Epoch 20/20 => Loss 0.270, Train_accy 92.73
2026-06-04 06:40:10,960 [cllora.py] => Task correct: 100.0
2026-06-04 06:40:10,961 [cllora.py] => Task acc: 92.81437125748504
2026-06-04 06:40:10,962 [trainer.py] => Timing Task 0 => Train 616.25s, Epochs 20, Train 30.8123s/epoch, Inference 4.07s, Images 1169, Inference 3.4837ms/image
2026-06-04 06:40:10,989 [trainer.py] => No NME accuracy.
2026-06-04 06:40:10,989 [trainer.py] => CNN: {'total': 92.81, '00-39': 92.81, 'old': 0, 'new': 92.81}
2026-06-04 06:40:10,990 [trainer.py] => CNN top1 curve: [92.81]
2026-06-04 06:40:10,990 [trainer.py] => CNN top5 curve: [97.95]
2026-06-04 06:40:10,990 [trainer.py] => Average Accuracy (CNN): 92.81
2026-06-04 06:40:10,991 [trainer.py] => All params: 86628135
2026-06-04 06:40:10,992 [trainer.py] => Trainable params: 276498
2026-06-04 06:40:10,995 [cllora.py] => Learning on 40-80
2026-06-04 06:58:35,323 [cllora.py] => Task 1, Epoch 20/20 => Loss 0.323, Train_accy 91.87
2026-06-04 06:59:22,959 [cllora.py] => Task correct: 93.24654190398698
2026-06-04 06:59:22,960 [cllora.py] => Task acc: 91.57851912123678
2026-06-04 06:59:22,964 [trainer.py] => Timing Task 1 => Train 1136.92s, Epochs 20, Train 56.8462s/epoch, Inference 15.05s, Images 2458, Inference 6.1224ms/image
2026-06-04 06:59:22,994 [trainer.py] => No NME accuracy.
2026-06-04 06:59:22,994 [trainer.py] => CNN: {'total': 87.71, '00-39': 89.65, '40-79': 85.96, 'old': 89.65, 'new': 85.96}
2026-06-04 06:59:22,994 [trainer.py] => CNN top1 curve: [92.81, 87.71]
2026-06-04 06:59:22,994 [trainer.py] => CNN top5 curve: [97.95, 96.66]
2026-06-04 06:59:22,994 [trainer.py] => Average Accuracy (CNN): 90.26
2026-06-04 06:59:22,995 [trainer.py] => All params: 87150376
2026-06-04 06:59:22,996 [trainer.py] => Trainable params: 276498
2026-06-04 06:59:23,001 [cllora.py] => Learning on 80-120
2026-06-04 07:15:50,760 [cllora.py] => Task 2, Epoch 20/20 => Loss 0.303, Train_accy 92.29
2026-06-04 07:17:06,898 [cllora.py] => Task correct: 89.34221482098252
2026-06-04 07:17:06,899 [cllora.py] => Task acc: 91.3405495420483
2026-06-04 07:17:06,901 [trainer.py] => Timing Task 2 => Train 1032.07s, Epochs 20, Train 51.6037s/epoch, Inference 31.83s, Images 3603, Inference 8.8347ms/image
2026-06-04 07:17:06,924 [trainer.py] => No NME accuracy.
2026-06-04 07:17:06,924 [trainer.py] => CNN: {'total': 85.07, '00-39': 87.94, '40-79': 84.72, '80-119': 82.53, 'old': 86.25, 'new': 82.53}
2026-06-04 07:17:06,924 [trainer.py] => CNN top1 curve: [92.81, 87.71, 85.07]
2026-06-04 07:17:06,924 [trainer.py] => CNN top5 curve: [97.95, 96.66, 95.45]
2026-06-04 07:17:06,924 [trainer.py] => Average Accuracy (CNN): 88.53
2026-06-04 07:17:06,925 [trainer.py] => All params: 87734057
2026-06-04 07:17:06,926 [trainer.py] => Trainable params: 276498
2026-06-04 07:17:06,932 [cllora.py] => Learning on 120-160
2026-06-04 07:33:58,773 [cllora.py] => Task 3, Epoch 20/20 => Loss 0.299, Train_accy 92.47
2026-06-04 07:35:55,007 [cllora.py] => Task correct: 85.88112617309697
2026-06-04 07:35:55,008 [cllora.py] => Task acc: 91.6162669447341
2026-06-04 07:35:55,010 [trainer.py] => Timing Task 3 => Train 1072.38s, Epochs 20, Train 53.6189s/epoch, Inference 55.71s, Images 4795, Inference 11.6176ms/image
2026-06-04 07:35:55,035 [trainer.py] => No NME accuracy.
2026-06-04 07:35:55,035 [trainer.py] => CNN: {'total': 82.61, '00-39': 85.63, '40-79': 82.0, '80-119': 80.26, '120-159': 82.55, 'old': 82.63, 'new': 82.55}
2026-06-04 07:35:55,035 [trainer.py] => CNN top1 curve: [92.81, 87.71, 85.07, 82.61]
2026-06-04 07:35:55,035 [trainer.py] => CNN top5 curve: [97.95, 96.66, 95.45, 94.43]
2026-06-04 07:35:55,036 [trainer.py] => Average Accuracy (CNN): 87.05
2026-06-04 07:35:55,039 [trainer.py] => All params: 88379178
2026-06-04 07:35:55,041 [trainer.py] => Trainable params: 276498
2026-06-04 07:35:55,050 [cllora.py] => Learning on 160-200
2026-06-04 07:52:42,646 [cllora.py] => Task 4, Epoch 20/20 => Loss 0.266, Train_accy 93.32
2026-06-04 07:55:23,675 [cllora.py] => Task correct: 84.43333333333334
2026-06-04 07:55:23,675 [cllora.py] => Task acc: 92.21666666666667
2026-06-04 07:55:23,681 [trainer.py] => Timing Task 4 => Train 1081.91s, Epochs 20, Train 54.0957s/epoch, Inference 86.73s, Images 6000, Inference 14.4544ms/image
2026-06-04 07:55:23,710 [trainer.py] => No NME accuracy.
2026-06-04 07:55:23,710 [trainer.py] => CNN: {'total': 81.68, '00-39': 84.26, '40-79': 79.75, '80-119': 77.55, '120-159': 79.7, '160-199': 87.14, 'old': 80.31, 'new': 87.14}
2026-06-04 07:55:23,710 [trainer.py] => CNN top1 curve: [92.81, 87.71, 85.07, 82.61, 81.68]
2026-06-04 07:55:23,710 [trainer.py] => CNN top5 curve: [97.95, 96.66, 95.45, 94.43, 94.18]
2026-06-04 07:55:23,710 [trainer.py] => Average Accuracy (CNN): 85.98
