2026-05-15 07:22:57,652 [trainer.py] => config: ./configs/foster/foster_cifar_B0_Inc20.json
2026-05-15 07:22:57,652 [trainer.py] => prefix: cil
2026-05-15 07:22:57,652 [trainer.py] => dataset: cifar224
2026-05-15 07:22:57,652 [trainer.py] => memory_size: 2000
2026-05-15 07:22:57,652 [trainer.py] => memory_per_class: 20
2026-05-15 07:22:57,652 [trainer.py] => fixed_memory: False
2026-05-15 07:22:57,652 [trainer.py] => shuffle: True
2026-05-15 07:22:57,652 [trainer.py] => init_cls: 20
2026-05-15 07:22:57,652 [trainer.py] => increment: 20
2026-05-15 07:22:57,652 [trainer.py] => model_name: foster
2026-05-15 07:22:57,652 [trainer.py] => backbone_type: vit_base_patch16_224_in21k
2026-05-15 07:22:57,652 [trainer.py] => device: [device(type='cuda', index=2)]
2026-05-15 07:22:57,653 [trainer.py] => seed: 1994
2026-05-15 07:22:57,653 [trainer.py] => beta1: 0.96
2026-05-15 07:22:57,653 [trainer.py] => beta2: 0.97
2026-05-15 07:22:57,653 [trainer.py] => oofc: ft
2026-05-15 07:22:57,653 [trainer.py] => is_teacher_wa: False
2026-05-15 07:22:57,653 [trainer.py] => is_student_wa: False
2026-05-15 07:22:57,653 [trainer.py] => lambda_okd: 1
2026-05-15 07:22:57,653 [trainer.py] => wa_value: 1
2026-05-15 07:22:57,653 [trainer.py] => init_epochs: 20
2026-05-15 07:22:57,653 [trainer.py] => init_lr: 0.001
2026-05-15 07:22:57,653 [trainer.py] => init_weight_decay: 0.0005
2026-05-15 07:22:57,653 [trainer.py] => boosting_epochs: 20
2026-05-15 07:22:57,653 [trainer.py] => compression_epochs: 20
2026-05-15 07:22:57,653 [trainer.py] => lr: 0.001
2026-05-15 07:22:57,653 [trainer.py] => batch_size: 48
2026-05-15 07:22:57,653 [trainer.py] => weight_decay: 0.0005
2026-05-15 07:22:57,653 [trainer.py] => num_workers: 8
2026-05-15 07:22:57,653 [trainer.py] => T: 2
2026-05-15 07:22:57,653 [trainer.py] => nb_classes: 100
2026-05-15 07:22:57,653 [trainer.py] => nb_tasks: 5
2026-05-15 07:22:58,924 [data_manager.py] => [72, 6, 33, 96, 60, 94, 29, 40, 45, 66, 51, 8, 78, 49, 70, 22, 53, 82, 87, 23, 15, 89, 43, 35, 32, 25, 44, 86, 68, 83, 17, 55, 31, 85, 38, 61, 0, 16, 92, 59, 56, 19, 74, 12, 13, 88, 64, 42, 71, 46, 97, 58, 50, 41, 26, 1, 7, 69, 21, 27, 95, 14, 99, 9, 81, 10, 73, 11, 91, 36, 77, 57, 79, 47, 2, 98, 48, 20, 67, 37, 18, 65, 3, 52, 28, 39, 5, 93, 4, 62, 24, 63, 30, 84, 76, 90, 80, 75, 34, 54]
2026-05-15 07:22:59,048 [trainer.py] => All params: 0
2026-05-15 07:22:59,048 [trainer.py] => Trainable params: 0
2026-05-15 07:23:02,097 [foster.py] => Learning on 0-20
2026-05-15 07:23:02,098 [foster.py] => All params: 85829416
2026-05-15 07:23:02,098 [foster.py] => Trainable params: 85829416
2026-05-15 08:38:19,573 [foster.py] => Task 0, Epoch 20/20 => Loss 0.161, Train_accy 94.96
2026-05-15 08:38:19,574 [base.py] => Reducing exemplars...(100 per classes)
2026-05-15 08:38:19,574 [base.py] => Constructing exemplars...(100 per classes)
2026-05-15 08:40:32,489 [foster.py] => Exemplar size: 2000
2026-05-15 08:40:32,489 [trainer.py] => CNN: {'total': 97.45, '00-19': 97.45, 'old': 0, 'new': 97.45}
2026-05-15 08:40:32,490 [trainer.py] => NME: {'total': 97.25, '00-19': 97.25, 'old': 0, 'new': 97.25}
2026-05-15 08:40:32,490 [trainer.py] => CNN top1 curve: [97.45]
2026-05-15 08:40:32,490 [trainer.py] => CNN top5 curve: [100.0]
2026-05-15 08:40:32,490 [trainer.py] => NME top1 curve: [97.25]
2026-05-15 08:40:32,490 [trainer.py] => NME top5 curve: [99.95]
2026-05-15 08:40:32,490 [trainer.py] => Average Accuracy (CNN): 97.45
2026-05-15 08:40:32,490 [trainer.py] => Average Accuracy (NME): 97.25
2026-05-15 08:40:32,491 [trainer.py] => All params: 85829416
2026-05-15 08:40:32,491 [trainer.py] => Trainable params: 85829416
2026-05-15 08:40:35,663 [foster.py] => Learning on 20-40
2026-05-15 08:40:35,664 [foster.py] => All params: 171704932
2026-05-15 08:40:35,665 [foster.py] => Trainable params: 85890896
2026-05-15 08:40:36,204 [foster.py] => per cls weights : [1.00850692 1.00850692 1.00850692 1.00850692 1.00850692 1.00850692
 1.00850692 1.00850692 1.00850692 1.00850692 1.00850692 1.00850692
 1.00850692 1.00850692 1.00850692 1.00850692 1.00850692 1.00850692
 1.00850692 1.00850692 0.99149308 0.99149308 0.99149308 0.99149308
 0.99149308 0.99149308 0.99149308 0.99149308 0.99149308 0.99149308
 0.99149308 0.99149308 0.99149308 0.99149308 0.99149308 0.99149308
 0.99149308 0.99149308 0.99149308 0.99149308]
2026-05-15 10:43:19,714 [foster.py] => Task 1, Epoch 20/20 => Loss 1.932, Loss_clf 0.228, Loss_fe 0.220, Loss_kd 0.742, Train_accy 93.42
2026-05-15 10:43:19,735 [foster.py] => do not weight align teacher!
2026-05-15 10:43:19,737 [foster.py] => per cls weights : [1.02435533 1.02435533 1.02435533 1.02435533 1.02435533 1.02435533
 1.02435533 1.02435533 1.02435533 1.02435533 1.02435533 1.02435533
 1.02435533 1.02435533 1.02435533 1.02435533 1.02435533 1.02435533
 1.02435533 1.02435533 0.97564467 0.97564467 0.97564467 0.97564467
 0.97564467 0.97564467 0.97564467 0.97564467 0.97564467 0.97564467
 0.97564467 0.97564467 0.97564467 0.97564467 0.97564467 0.97564467
 0.97564467 0.97564467 0.97564467 0.97564467]
2026-05-15 13:13:01,895 [foster.py] => SNet: Task 1, Epoch 20/20 => Loss 0.679,  Train_accy 92.31
2026-05-15 13:13:01,908 [foster.py] => do not weight align student!
2026-05-15 13:13:34,239 [foster.py] => darknet eval: 
2026-05-15 13:13:34,240 [foster.py] => CNN top1 curve: 95.6
2026-05-15 13:13:34,240 [foster.py] => CNN top5 curve: 99.58
2026-05-15 13:13:34,243 [base.py] => Reducing exemplars...(50 per classes)
2026-05-15 13:13:57,817 [base.py] => Constructing exemplars...(50 per classes)
2026-05-15 13:19:06,300 [foster.py] => Exemplar size: 2000
2026-05-15 13:19:06,301 [trainer.py] => CNN: {'total': 95.02, '00-19': 92.55, '20-39': 97.5, 'old': 92.55, 'new': 97.5}
2026-05-15 13:19:06,301 [trainer.py] => NME: {'total': 95.6, '00-19': 94.55, '20-39': 96.65, 'old': 94.55, 'new': 96.65}
2026-05-15 13:19:06,301 [trainer.py] => CNN top1 curve: [97.45, 95.02]
2026-05-15 13:19:06,301 [trainer.py] => CNN top5 curve: [100.0, 99.62]
2026-05-15 13:19:06,301 [trainer.py] => NME top1 curve: [97.25, 95.6]
2026-05-15 13:19:06,301 [trainer.py] => NME top5 curve: [99.95, 99.75]
2026-05-15 13:19:06,301 [trainer.py] => Average Accuracy (CNN): 96.24
2026-05-15 13:19:06,301 [trainer.py] => Average Accuracy (NME): 96.42
2026-05-15 13:19:06,302 [trainer.py] => All params: 171704932
2026-05-15 13:19:06,303 [trainer.py] => Trainable params: 85890896
2026-05-15 13:19:09,401 [foster.py] => Learning on 40-60
2026-05-15 13:19:09,403 [foster.py] => All params: 171766432
2026-05-15 13:19:09,404 [foster.py] => Trainable params: 85937016
2026-05-15 13:19:09,956 [foster.py] => per cls weights : [1.04525457 1.04525457 1.04525457 1.04525457 1.04525457 1.04525457
 1.04525457 1.04525457 1.04525457 1.04525457 1.04525457 1.04525457
 1.04525457 1.04525457 1.04525457 1.04525457 1.04525457 1.04525457
 1.04525457 1.04525457 1.04525457 1.04525457 1.04525457 1.04525457
 1.04525457 1.04525457 1.04525457 1.04525457 1.04525457 1.04525457
 1.04525457 1.04525457 1.04525457 1.04525457 1.04525457 1.04525457
 1.04525457 1.04525457 1.04525457 1.04525457 0.90949085 0.90949085
 0.90949085 0.90949085 0.90949085 0.90949085 0.90949085 0.90949085
 0.90949085 0.90949085 0.90949085 0.90949085 0.90949085 0.90949085
 0.90949085 0.90949085 0.90949085 0.90949085 0.90949085 0.90949085]
2026-05-15 15:27:02,654 [foster.py] => Task 2, Epoch 20/20 => Loss 2.270, Loss_clf 0.274, Loss_fe 0.264, Loss_kd 1.155, Train_accy 92.18
2026-05-15 15:27:02,672 [foster.py] => do not weight align teacher!
2026-05-15 15:27:02,679 [foster.py] => per cls weights : [1.07838623 1.07838623 1.07838623 1.07838623 1.07838623 1.07838623
 1.07838623 1.07838623 1.07838623 1.07838623 1.07838623 1.07838623
 1.07838623 1.07838623 1.07838623 1.07838623 1.07838623 1.07838623
 1.07838623 1.07838623 1.07838623 1.07838623 1.07838623 1.07838623
 1.07838623 1.07838623 1.07838623 1.07838623 1.07838623 1.07838623
 1.07838623 1.07838623 1.07838623 1.07838623 1.07838623 1.07838623
 1.07838623 1.07838623 1.07838623 1.07838623 0.84322753 0.84322753
 0.84322753 0.84322753 0.84322753 0.84322753 0.84322753 0.84322753
 0.84322753 0.84322753 0.84322753 0.84322753 0.84322753 0.84322753
 0.84322753 0.84322753 0.84322753 0.84322753 0.84322753 0.84322753]
2026-05-15 18:04:33,505 [foster.py] => SNet: Task 2, Epoch 20/20 => Loss 0.881,  Train_accy 90.58
2026-05-15 18:04:33,520 [foster.py] => do not weight align student!
2026-05-15 18:05:23,313 [foster.py] => darknet eval: 
2026-05-15 18:05:23,340 [foster.py] => CNN top1 curve: 94.53
2026-05-15 18:05:23,340 [foster.py] => CNN top5 curve: 99.28
2026-05-15 18:05:23,343 [base.py] => Reducing exemplars...(33 per classes)
2026-05-15 18:05:59,209 [base.py] => Constructing exemplars...(33 per classes)
2026-05-15 18:12:06,349 [foster.py] => Exemplar size: 1980
2026-05-15 18:12:06,387 [trainer.py] => CNN: {'total': 94.1, '00-19': 91.35, '20-39': 95.5, '40-59': 95.45, 'old': 93.42, 'new': 95.45}
2026-05-15 18:12:06,388 [trainer.py] => NME: {'total': 94.08, '00-19': 93.4, '20-39': 95.1, '40-59': 93.75, 'old': 94.25, 'new': 93.75}
2026-05-15 18:12:06,388 [trainer.py] => CNN top1 curve: [97.45, 95.02, 94.1]
2026-05-15 18:12:06,388 [trainer.py] => CNN top5 curve: [100.0, 99.62, 99.12]
2026-05-15 18:12:06,388 [trainer.py] => NME top1 curve: [97.25, 95.6, 94.08]
2026-05-15 18:12:06,388 [trainer.py] => NME top5 curve: [99.95, 99.75, 99.35]
2026-05-15 18:12:06,389 [trainer.py] => Average Accuracy (CNN): 95.52
2026-05-15 18:12:06,389 [trainer.py] => Average Accuracy (NME): 95.64
2026-05-15 18:12:06,393 [trainer.py] => All params: 171766432
2026-05-15 18:12:06,396 [trainer.py] => Trainable params: 85937016
2026-05-15 18:12:09,863 [foster.py] => Learning on 60-80
2026-05-15 18:12:09,864 [foster.py] => All params: 171827932
2026-05-15 18:12:09,865 [foster.py] => Trainable params: 85983136
2026-05-15 18:12:10,424 [foster.py] => per cls weights : [1.06951484 1.06951484 1.06951484 1.06951484 1.06951484 1.06951484
 1.06951484 1.06951484 1.06951484 1.06951484 1.06951484 1.06951484
 1.06951484 1.06951484 1.06951484 1.06951484 1.06951484 1.06951484
 1.06951484 1.06951484 1.06951484 1.06951484 1.06951484 1.06951484
 1.06951484 1.06951484 1.06951484 1.06951484 1.06951484 1.06951484
 1.06951484 1.06951484 1.06951484 1.06951484 1.06951484 1.06951484
 1.06951484 1.06951484 1.06951484 1.06951484 1.06951484 1.06951484
 1.06951484 1.06951484 1.06951484 1.06951484 1.06951484 1.06951484
 1.06951484 1.06951484 1.06951484 1.06951484 1.06951484 1.06951484
 1.06951484 1.06951484 1.06951484 1.06951484 1.06951484 1.06951484
 0.79145549 0.79145549 0.79145549 0.79145549 0.79145549 0.79145549
 0.79145549 0.79145549 0.79145549 0.79145549 0.79145549 0.79145549
 0.79145549 0.79145549 0.79145549 0.79145549 0.79145549 0.79145549
 0.79145549 0.79145549]
2026-05-15 20:22:49,918 [foster.py] => Task 3, Epoch 20/20 => Loss 2.158, Loss_clf 0.258, Loss_fe 0.240, Loss_kd 1.245, Train_accy 88.36
2026-05-15 20:22:49,930 [foster.py] => do not weight align teacher!
2026-05-15 20:22:49,937 [foster.py] => per cls weights : [1.10071193 1.10071193 1.10071193 1.10071193 1.10071193 1.10071193
 1.10071193 1.10071193 1.10071193 1.10071193 1.10071193 1.10071193
 1.10071193 1.10071193 1.10071193 1.10071193 1.10071193 1.10071193
 1.10071193 1.10071193 1.10071193 1.10071193 1.10071193 1.10071193
 1.10071193 1.10071193 1.10071193 1.10071193 1.10071193 1.10071193
 1.10071193 1.10071193 1.10071193 1.10071193 1.10071193 1.10071193
 1.10071193 1.10071193 1.10071193 1.10071193 1.10071193 1.10071193
 1.10071193 1.10071193 1.10071193 1.10071193 1.10071193 1.10071193
 1.10071193 1.10071193 1.10071193 1.10071193 1.10071193 1.10071193
 1.10071193 1.10071193 1.10071193 1.10071193 1.10071193 1.10071193
 0.69786421 0.69786421 0.69786421 0.69786421 0.69786421 0.69786421
 0.69786421 0.69786421 0.69786421 0.69786421 0.69786421 0.69786421
 0.69786421 0.69786421 0.69786421 0.69786421 0.69786421 0.69786421
 0.69786421 0.69786421]
2026-05-15 22:59:12,529 [foster.py] => SNet: Task 3, Epoch 20/20 => Loss 1.212,  Train_accy 82.68
2026-05-15 22:59:12,544 [foster.py] => do not weight align student!
2026-05-15 23:00:17,077 [foster.py] => darknet eval: 
2026-05-15 23:00:17,101 [foster.py] => CNN top1 curve: 91.94
2026-05-15 23:00:17,101 [foster.py] => CNN top5 curve: 99.28
2026-05-15 23:00:17,104 [base.py] => Reducing exemplars...(25 per classes)
2026-05-15 23:01:03,380 [base.py] => Constructing exemplars...(25 per classes)
2026-05-15 23:08:10,479 [foster.py] => Exemplar size: 2000
2026-05-15 23:08:10,505 [trainer.py] => CNN: {'total': 91.81, '00-19': 90.15, '20-39': 92.65, '40-59': 94.5, '60-79': 89.95, 'old': 92.43, 'new': 89.95}
2026-05-15 23:08:10,505 [trainer.py] => NME: {'total': 91.6, '00-19': 90.25, '20-39': 90.7, '40-59': 91.7, '60-79': 93.75, 'old': 90.88, 'new': 93.75}
2026-05-15 23:08:10,505 [trainer.py] => CNN top1 curve: [97.45, 95.02, 94.1, 91.81]
2026-05-15 23:08:10,505 [trainer.py] => CNN top5 curve: [100.0, 99.62, 99.12, 99.16]
2026-05-15 23:08:10,506 [trainer.py] => NME top1 curve: [97.25, 95.6, 94.08, 91.6]
2026-05-15 23:08:10,506 [trainer.py] => NME top5 curve: [99.95, 99.75, 99.35, 99.44]
2026-05-15 23:08:10,506 [trainer.py] => Average Accuracy (CNN): 94.6
2026-05-15 23:08:10,506 [trainer.py] => Average Accuracy (NME): 94.63
2026-05-15 23:08:10,507 [trainer.py] => All params: 171827932
2026-05-15 23:08:10,508 [trainer.py] => Trainable params: 85983136
2026-05-15 23:08:13,700 [foster.py] => Learning on 80-100
2026-05-15 23:08:13,702 [foster.py] => All params: 171889432
2026-05-15 23:08:13,703 [foster.py] => Trainable params: 86029256
2026-05-15 23:08:14,131 [foster.py] => per cls weights : [1.07767835 1.07767835 1.07767835 1.07767835 1.07767835 1.07767835
 1.07767835 1.07767835 1.07767835 1.07767835 1.07767835 1.07767835
 1.07767835 1.07767835 1.07767835 1.07767835 1.07767835 1.07767835
 1.07767835 1.07767835 1.07767835 1.07767835 1.07767835 1.07767835
 1.07767835 1.07767835 1.07767835 1.07767835 1.07767835 1.07767835
 1.07767835 1.07767835 1.07767835 1.07767835 1.07767835 1.07767835
 1.07767835 1.07767835 1.07767835 1.07767835 1.07767835 1.07767835
 1.07767835 1.07767835 1.07767835 1.07767835 1.07767835 1.07767835
 1.07767835 1.07767835 1.07767835 1.07767835 1.07767835 1.07767835
 1.07767835 1.07767835 1.07767835 1.07767835 1.07767835 1.07767835
 1.07767835 1.07767835 1.07767835 1.07767835 1.07767835 1.07767835
 1.07767835 1.07767835 1.07767835 1.07767835 1.07767835 1.07767835
 1.07767835 1.07767835 1.07767835 1.07767835 1.07767835 1.07767835
 1.07767835 1.07767835 0.68928661 0.68928661 0.68928661 0.68928661
 0.68928661 0.68928661 0.68928661 0.68928661 0.68928661 0.68928661
 0.68928661 0.68928661 0.68928661 0.68928661 0.68928661 0.68928661
 0.68928661 0.68928661 0.68928661 0.68928661]
2026-05-16 01:20:30,469 [foster.py] => Task 4, Epoch 20/20 => Loss 2.577, Loss_clf 0.273, Loss_fe 0.255, Loss_kd 1.639, Train_accy 81.52
2026-05-16 01:20:30,503 [foster.py] => do not weight align teacher!
2026-05-16 01:20:30,510 [foster.py] => per cls weights : [1.10301613 1.10301613 1.10301613 1.10301613 1.10301613 1.10301613
 1.10301613 1.10301613 1.10301613 1.10301613 1.10301613 1.10301613
 1.10301613 1.10301613 1.10301613 1.10301613 1.10301613 1.10301613
 1.10301613 1.10301613 1.10301613 1.10301613 1.10301613 1.10301613
 1.10301613 1.10301613 1.10301613 1.10301613 1.10301613 1.10301613
 1.10301613 1.10301613 1.10301613 1.10301613 1.10301613 1.10301613
 1.10301613 1.10301613 1.10301613 1.10301613 1.10301613 1.10301613
 1.10301613 1.10301613 1.10301613 1.10301613 1.10301613 1.10301613
 1.10301613 1.10301613 1.10301613 1.10301613 1.10301613 1.10301613
 1.10301613 1.10301613 1.10301613 1.10301613 1.10301613 1.10301613
 1.10301613 1.10301613 1.10301613 1.10301613 1.10301613 1.10301613
 1.10301613 1.10301613 1.10301613 1.10301613 1.10301613 1.10301613
 1.10301613 1.10301613 1.10301613 1.10301613 1.10301613 1.10301613
 1.10301613 1.10301613 0.5879355  0.5879355  0.5879355  0.5879355
 0.5879355  0.5879355  0.5879355  0.5879355  0.5879355  0.5879355
 0.5879355  0.5879355  0.5879355  0.5879355  0.5879355  0.5879355
 0.5879355  0.5879355  0.5879355  0.5879355 ]
2026-05-16 03:56:48,902 [foster.py] => SNet: Task 4, Epoch 20/20 => Loss 1.652,  Train_accy 70.16
2026-05-16 03:56:48,921 [foster.py] => do not weight align student!
2026-05-16 03:58:11,587 [foster.py] => darknet eval: 
2026-05-16 03:58:11,627 [foster.py] => CNN top1 curve: 88.69
2026-05-16 03:58:11,627 [foster.py] => CNN top5 curve: 99.07
2026-05-16 03:58:11,628 [base.py] => Reducing exemplars...(20 per classes)
2026-05-16 03:59:04,125 [base.py] => Constructing exemplars...(20 per classes)
2026-05-16 04:07:09,842 [foster.py] => Exemplar size: 2000
2026-05-16 04:07:09,871 [trainer.py] => CNN: {'total': 89.63, '00-19': 89.9, '20-39': 91.95, '40-59': 93.95, '60-79': 90.2, '80-99': 82.15, 'old': 91.5, 'new': 82.15}
2026-05-16 04:07:09,871 [trainer.py] => NME: {'total': 90.39, '00-19': 89.8, '20-39': 89.65, '40-59': 90.35, '60-79': 88.3, '80-99': 93.85, 'old': 89.52, 'new': 93.85}
2026-05-16 04:07:09,872 [trainer.py] => CNN top1 curve: [97.45, 95.02, 94.1, 91.81, 89.63]
2026-05-16 04:07:09,872 [trainer.py] => CNN top5 curve: [100.0, 99.62, 99.12, 99.16, 98.95]
2026-05-16 04:07:09,872 [trainer.py] => NME top1 curve: [97.25, 95.6, 94.08, 91.6, 90.39]
2026-05-16 04:07:09,872 [trainer.py] => NME top5 curve: [99.95, 99.75, 99.35, 99.44, 99.14]
2026-05-16 04:07:09,873 [trainer.py] => Average Accuracy (CNN): 93.6
2026-05-16 04:07:09,873 [trainer.py] => Average Accuracy (NME): 93.78
2026-05-16 04:07:09,873 [trainer.py] => ================================================================================
2026-05-16 04:07:09,873 [trainer.py] => Finished cifar224_init20_inc20: vit_base_patch16_224_in21k  seed=1994 
2026-05-16 04:07:09,874 [trainer.py] => Last Accuracy: 89.63
2026-05-16 04:07:09,874 [trainer.py] => Average Accuracy (CNN): 93.6
2026-05-16 04:07:09,874 [trainer.py] => PD: 7.82
2026-05-16 04:07:09,875 [trainer.py] => Accuracy Matrix (CNN):
2026-05-16 04:07:09,876 [trainer.py] => [[97.45 92.55 91.35 90.15 89.9 ]
 [ 0.   97.5  95.5  92.65 91.95]
 [ 0.    0.   95.45 94.5  93.95]
 [ 0.    0.    0.   89.95 90.2 ]
 [ 0.    0.    0.    0.   82.15]]
2026-05-16 04:07:09,876 [trainer.py] => Forgetting (CNN): 3.6499999999999986
2026-05-16 04:07:09,877 [trainer.py] => Accuracy Matrix (NME):
2026-05-16 04:07:09,878 [trainer.py] => [[97.25 94.55 93.4  90.25 89.8 ]
 [ 0.   96.65 95.1  90.7  89.65]
 [ 0.    0.   93.75 91.7  90.35]
 [ 0.    0.    0.   93.75 88.3 ]
 [ 0.    0.    0.    0.   93.85]]
2026-05-16 04:07:09,878 [trainer.py] => Forgetting (NME): 5.825000000000003
2026-05-16 04:07:09,878 [trainer.py] => ================================================================================
