2026-05-21 13:25:21,370 [trainer.py] => config: ./configs/foster/foster_omn_B0_Inc30.json
2026-05-21 13:25:21,370 [trainer.py] => prefix: cil
2026-05-21 13:25:21,371 [trainer.py] => dataset: omnibenchmark
2026-05-21 13:25:21,371 [trainer.py] => memory_size: 6000
2026-05-21 13:25:21,371 [trainer.py] => memory_per_class: 20
2026-05-21 13:25:21,371 [trainer.py] => fixed_memory: True
2026-05-21 13:25:21,371 [trainer.py] => shuffle: True
2026-05-21 13:25:21,371 [trainer.py] => init_cls: 30
2026-05-21 13:25:21,372 [trainer.py] => increment: 30
2026-05-21 13:25:21,372 [trainer.py] => model_name: foster
2026-05-21 13:25:21,372 [trainer.py] => backbone_type: vit_base_patch16_224_in21k
2026-05-21 13:25:21,372 [trainer.py] => device: [device(type='cuda', index=2)]
2026-05-21 13:25:21,372 [trainer.py] => seed: 1994
2026-05-21 13:25:21,372 [trainer.py] => beta1: 0.96
2026-05-21 13:25:21,372 [trainer.py] => beta2: 0.97
2026-05-21 13:25:21,373 [trainer.py] => oofc: ft
2026-05-21 13:25:21,373 [trainer.py] => is_teacher_wa: False
2026-05-21 13:25:21,373 [trainer.py] => is_student_wa: False
2026-05-21 13:25:21,373 [trainer.py] => lambda_okd: 1
2026-05-21 13:25:21,373 [trainer.py] => wa_value: 1
2026-05-21 13:25:21,373 [trainer.py] => init_epochs: 20
2026-05-21 13:25:21,374 [trainer.py] => init_lr: 0.001
2026-05-21 13:25:21,374 [trainer.py] => init_weight_decay: 0.0005
2026-05-21 13:25:21,374 [trainer.py] => boosting_epochs: 20
2026-05-21 13:25:21,374 [trainer.py] => compression_epochs: 20
2026-05-21 13:25:21,374 [trainer.py] => lr: 0.001
2026-05-21 13:25:21,374 [trainer.py] => batch_size: 48
2026-05-21 13:25:21,374 [trainer.py] => weight_decay: 0.0005
2026-05-21 13:25:21,375 [trainer.py] => num_workers: 8
2026-05-21 13:25:21,375 [trainer.py] => T: 2
2026-05-21 13:25:21,375 [trainer.py] => nb_classes: 300
2026-05-21 13:25:21,375 [trainer.py] => nb_tasks: 10
2026-05-21 13:25:22,823 [data_manager.py] => [79, 231, 55, 293, 15, 281, 208, 119, 12, 11, 254, 126, 287, 215, 152, 278, 284, 140, 95, 72, 207, 232, 289, 171, 178, 189, 63, 86, 41, 159, 87, 103, 22, 80, 274, 73, 263, 122, 23, 28, 114, 273, 220, 185, 4, 70, 156, 286, 56, 115, 240, 268, 296, 174, 204, 113, 81, 221, 6, 101, 135, 224, 64, 269, 190, 244, 182, 181, 219, 198, 163, 150, 134, 210, 206, 202, 147, 234, 197, 222, 66, 144, 51, 24, 44, 209, 175, 195, 264, 205, 90, 21, 138, 52, 151, 124, 100, 121, 83, 132, 169, 285, 225, 27, 214, 236, 213, 162, 153, 271, 98, 233, 275, 299, 127, 29, 246, 50, 45, 280, 116, 242, 145, 165, 26, 149, 20, 186, 48, 129, 40, 2, 18, 241, 112, 200, 75, 85, 249, 68, 54, 59, 230, 228, 74, 253, 194, 77, 217, 227, 14, 8, 211, 297, 19, 226, 88, 96, 106, 9, 255, 38, 33, 176, 93, 35, 109, 69, 216, 92, 183, 47, 99, 39, 108, 160, 282, 199, 71, 201, 196, 120, 133, 270, 243, 250, 247, 288, 118, 136, 283, 187, 1, 184, 117, 130, 237, 32, 102, 177, 65, 173, 46, 267, 290, 128, 239, 0, 107, 167, 261, 43, 170, 104, 298, 262, 248, 60, 256, 78, 3, 58, 265, 62, 259, 61, 218, 157, 110, 143, 141, 252, 295, 97, 25, 291, 245, 125, 272, 17, 49, 161, 31, 155, 166, 251, 179, 94, 111, 142, 192, 229, 172, 16, 53, 168, 188, 158, 91, 258, 13, 10, 42, 36, 238, 105, 154, 257, 7, 277, 294, 279, 137, 266, 139, 292, 164, 276, 57, 123, 89, 82, 148, 67, 37, 146, 193, 131, 180, 5, 84, 260, 235, 223, 191, 30, 212, 76, 203, 34]
2026-05-21 13:25:23,238 [trainer.py] => All params: 0
2026-05-21 13:25:23,239 [trainer.py] => Trainable params: 0
2026-05-21 13:25:27,439 [foster.py] => Learning on 0-30
2026-05-21 13:25:27,440 [foster.py] => All params: 85844796
2026-05-21 13:25:27,440 [foster.py] => Trainable params: 85844796
2026-05-21 14:23:54,127 [foster.py] => Task 0, Epoch 20/20 => Loss 0.108, Train_accy 96.17
2026-05-21 14:23:54,147 [base.py] => Constructing exemplars for new classes...(20 per classes)
2026-05-21 14:26:30,776 [foster.py] => Exemplar size: 600
2026-05-21 14:26:30,806 [trainer.py] => CNN: {'total': 95.67, '00-29': 95.67, 'old': 0, 'new': 95.67}
2026-05-21 14:26:30,806 [trainer.py] => NME: {'total': 95.67, '00-29': 95.67, 'old': 0, 'new': 95.67}
2026-05-21 14:26:30,806 [trainer.py] => CNN top1 curve: [95.67]
2026-05-21 14:26:30,806 [trainer.py] => CNN top5 curve: [100.0]
2026-05-21 14:26:30,806 [trainer.py] => NME top1 curve: [95.67]
2026-05-21 14:26:30,806 [trainer.py] => NME top5 curve: [100.0]
2026-05-21 14:26:30,806 [trainer.py] => Average Accuracy (CNN): 95.67
2026-05-21 14:26:30,806 [trainer.py] => Average Accuracy (NME): 95.67
2026-05-21 14:26:30,807 [trainer.py] => All params: 85844796
2026-05-21 14:26:30,808 [trainer.py] => Trainable params: 85844796
2026-05-21 14:26:34,280 [foster.py] => Learning on 30-60
2026-05-21 14:26:34,281 [foster.py] => All params: 171758742
2026-05-21 14:26:34,282 [foster.py] => Trainable params: 85937016
2026-05-21 14:26:34,492 [foster.py] => per cls weights : [1.28369905 1.28369905 1.28369905 1.28369905 1.28369905 1.28369905
 1.28369905 1.28369905 1.28369905 1.28369905 1.28369905 1.28369905
 1.28369905 1.28369905 1.28369905 1.28369905 1.28369905 1.28369905
 1.28369905 1.28369905 1.28369905 1.28369905 1.28369905 1.28369905
 1.28369905 1.28369905 1.28369905 1.28369905 1.28369905 1.28369905
 0.71630095 0.71630095 0.71630095 0.71630095 0.71630095 0.71630095
 0.71630095 0.71630095 0.71630095 0.71630095 0.71630095 0.71630095
 0.71630095 0.71630095 0.71630095 0.71630095 0.71630095 0.71630095
 0.71630095 0.71630095 0.71630095 0.71630095 0.71630095 0.71630095
 0.71630095 0.71630095 0.71630095 0.71630095 0.71630095 0.71630095]
2026-05-21 15:55:35,216 [foster.py] => Task 1, Epoch 20/20 => Loss 1.749, Loss_clf 0.110, Loss_fe 0.108, Loss_kd 0.766, Train_accy 81.19
2026-05-21 15:55:35,224 [foster.py] => do not weight align teacher!
2026-05-21 15:55:35,226 [foster.py] => per cls weights : [1.37343238 1.37343238 1.37343238 1.37343238 1.37343238 1.37343238
 1.37343238 1.37343238 1.37343238 1.37343238 1.37343238 1.37343238
 1.37343238 1.37343238 1.37343238 1.37343238 1.37343238 1.37343238
 1.37343238 1.37343238 1.37343238 1.37343238 1.37343238 1.37343238
 1.37343238 1.37343238 1.37343238 1.37343238 1.37343238 1.37343238
 0.62656762 0.62656762 0.62656762 0.62656762 0.62656762 0.62656762
 0.62656762 0.62656762 0.62656762 0.62656762 0.62656762 0.62656762
 0.62656762 0.62656762 0.62656762 0.62656762 0.62656762 0.62656762
 0.62656762 0.62656762 0.62656762 0.62656762 0.62656762 0.62656762
 0.62656762 0.62656762 0.62656762 0.62656762 0.62656762 0.62656762]
2026-05-21 17:27:22,568 [foster.py] => SNet: Task 1, Epoch 20/20 => Loss 0.989,  Train_accy 72.91
2026-05-21 17:27:22,587 [foster.py] => do not weight align student!
2026-05-21 17:27:36,748 [foster.py] => darknet eval: 
2026-05-21 17:27:36,750 [foster.py] => CNN top1 curve: 86.07
2026-05-21 17:27:36,750 [foster.py] => CNN top5 curve: 99.33
2026-05-21 17:27:36,754 [base.py] => Constructing exemplars for new classes...(20 per classes)
2026-05-21 17:34:27,225 [foster.py] => Exemplar size: 1200
2026-05-21 17:34:27,261 [trainer.py] => CNN: {'total': 87.99, '00-29': 94.67, '30-59': 81.3, 'old': 94.67, 'new': 81.3}
2026-05-21 17:34:27,262 [trainer.py] => NME: {'total': 90.99, '00-29': 88.17, '30-59': 93.82, 'old': 88.17, 'new': 93.82}
2026-05-21 17:34:27,262 [trainer.py] => CNN top1 curve: [95.67, 87.99]
2026-05-21 17:34:27,262 [trainer.py] => CNN top5 curve: [100.0, 99.25]
2026-05-21 17:34:27,262 [trainer.py] => NME top1 curve: [95.67, 90.99]
2026-05-21 17:34:27,262 [trainer.py] => NME top5 curve: [100.0, 99.25]
2026-05-21 17:34:27,262 [trainer.py] => Average Accuracy (CNN): 91.83
2026-05-21 17:34:27,262 [trainer.py] => Average Accuracy (NME): 93.33
2026-05-21 17:34:27,264 [trainer.py] => All params: 171758742
2026-05-21 17:34:27,265 [trainer.py] => Trainable params: 85937016
2026-05-21 17:34:33,740 [foster.py] => Learning on 60-90
2026-05-21 17:34:33,742 [foster.py] => All params: 171850992
2026-05-21 17:34:33,743 [foster.py] => Trainable params: 86006196
2026-05-21 17:34:33,854 [foster.py] => per cls weights : [1.17279236 1.17279236 1.17279236 1.17279236 1.17279236 1.17279236
 1.17279236 1.17279236 1.17279236 1.17279236 1.17279236 1.17279236
 1.17279236 1.17279236 1.17279236 1.17279236 1.17279236 1.17279236
 1.17279236 1.17279236 1.17279236 1.17279236 1.17279236 1.17279236
 1.17279236 1.17279236 1.17279236 1.17279236 1.17279236 1.17279236
 1.17279236 1.17279236 1.17279236 1.17279236 1.17279236 1.17279236
 1.17279236 1.17279236 1.17279236 1.17279236 1.17279236 1.17279236
 1.17279236 1.17279236 1.17279236 1.17279236 1.17279236 1.17279236
 1.17279236 1.17279236 1.17279236 1.17279236 1.17279236 1.17279236
 1.17279236 1.17279236 1.17279236 1.17279236 1.17279236 1.17279236
 0.65441528 0.65441528 0.65441528 0.65441528 0.65441528 0.65441528
 0.65441528 0.65441528 0.65441528 0.65441528 0.65441528 0.65441528
 0.65441528 0.65441528 0.65441528 0.65441528 0.65441528 0.65441528
 0.65441528 0.65441528 0.65441528 0.65441528 0.65441528 0.65441528
 0.65441528 0.65441528 0.65441528 0.65441528 0.65441528 0.65441528]
2026-05-21 18:55:02,119 [foster.py] => Task 2, Epoch 20/20 => Loss 1.929, Loss_clf 0.141, Loss_fe 0.131, Loss_kd 1.105, Train_accy 71.02
2026-05-21 18:55:02,137 [foster.py] => do not weight align teacher!
2026-05-21 18:55:02,144 [foster.py] => per cls weights : [1.2213961  1.2213961  1.2213961  1.2213961  1.2213961  1.2213961
 1.2213961  1.2213961  1.2213961  1.2213961  1.2213961  1.2213961
 1.2213961  1.2213961  1.2213961  1.2213961  1.2213961  1.2213961
 1.2213961  1.2213961  1.2213961  1.2213961  1.2213961  1.2213961
 1.2213961  1.2213961  1.2213961  1.2213961  1.2213961  1.2213961
 1.2213961  1.2213961  1.2213961  1.2213961  1.2213961  1.2213961
 1.2213961  1.2213961  1.2213961  1.2213961  1.2213961  1.2213961
 1.2213961  1.2213961  1.2213961  1.2213961  1.2213961  1.2213961
 1.2213961  1.2213961  1.2213961  1.2213961  1.2213961  1.2213961
 1.2213961  1.2213961  1.2213961  1.2213961  1.2213961  1.2213961
 0.55720781 0.55720781 0.55720781 0.55720781 0.55720781 0.55720781
 0.55720781 0.55720781 0.55720781 0.55720781 0.55720781 0.55720781
 0.55720781 0.55720781 0.55720781 0.55720781 0.55720781 0.55720781
 0.55720781 0.55720781 0.55720781 0.55720781 0.55720781 0.55720781
 0.55720781 0.55720781 0.55720781 0.55720781 0.55720781 0.55720781]
2026-05-21 20:40:11,508 [foster.py] => SNet: Task 2, Epoch 20/20 => Loss 1.281,  Train_accy 60.49
2026-05-21 20:40:11,527 [foster.py] => do not weight align student!
2026-05-21 20:40:30,995 [foster.py] => darknet eval: 
2026-05-21 20:40:31,010 [foster.py] => CNN top1 curve: 80.2
2026-05-21 20:40:31,011 [foster.py] => CNN top5 curve: 98.94
2026-05-21 20:40:31,015 [base.py] => Constructing exemplars for new classes...(20 per classes)
2026-05-21 20:47:32,614 [foster.py] => Exemplar size: 1800
2026-05-21 20:47:32,662 [trainer.py] => CNN: {'total': 82.81, '00-29': 92.83, '30-59': 85.48, '60-89': 70.12, 'old': 89.16, 'new': 70.12}
2026-05-21 20:47:32,663 [trainer.py] => NME: {'total': 89.21, '00-29': 86.17, '30-59': 87.15, '60-89': 94.32, 'old': 86.66, 'new': 94.32}
2026-05-21 20:47:32,663 [trainer.py] => CNN top1 curve: [95.67, 87.99, 82.81]
2026-05-21 20:47:32,663 [trainer.py] => CNN top5 curve: [100.0, 99.25, 99.17]
2026-05-21 20:47:32,663 [trainer.py] => NME top1 curve: [95.67, 90.99, 89.21]
2026-05-21 20:47:32,663 [trainer.py] => NME top5 curve: [100.0, 99.25, 99.0]
2026-05-21 20:47:32,663 [trainer.py] => Average Accuracy (CNN): 88.82
2026-05-21 20:47:32,663 [trainer.py] => Average Accuracy (NME): 91.96
2026-05-21 20:47:32,665 [trainer.py] => All params: 171850992
2026-05-21 20:47:32,666 [trainer.py] => Trainable params: 86006196
2026-05-21 20:47:40,862 [foster.py] => Learning on 90-120
2026-05-21 20:47:40,873 [foster.py] => All params: 171943242
2026-05-21 20:47:40,874 [foster.py] => Trainable params: 86075376
2026-05-21 20:47:40,931 [foster.py] => per cls weights : [1.12422786 1.12422786 1.12422786 1.12422786 1.12422786 1.12422786
 1.12422786 1.12422786 1.12422786 1.12422786 1.12422786 1.12422786
 1.12422786 1.12422786 1.12422786 1.12422786 1.12422786 1.12422786
 1.12422786 1.12422786 1.12422786 1.12422786 1.12422786 1.12422786
 1.12422786 1.12422786 1.12422786 1.12422786 1.12422786 1.12422786
 1.12422786 1.12422786 1.12422786 1.12422786 1.12422786 1.12422786
 1.12422786 1.12422786 1.12422786 1.12422786 1.12422786 1.12422786
 1.12422786 1.12422786 1.12422786 1.12422786 1.12422786 1.12422786
 1.12422786 1.12422786 1.12422786 1.12422786 1.12422786 1.12422786
 1.12422786 1.12422786 1.12422786 1.12422786 1.12422786 1.12422786
 1.12422786 1.12422786 1.12422786 1.12422786 1.12422786 1.12422786
 1.12422786 1.12422786 1.12422786 1.12422786 1.12422786 1.12422786
 1.12422786 1.12422786 1.12422786 1.12422786 1.12422786 1.12422786
 1.12422786 1.12422786 1.12422786 1.12422786 1.12422786 1.12422786
 1.12422786 1.12422786 1.12422786 1.12422786 1.12422786 1.12422786
 0.62731641 0.62731641 0.62731641 0.62731641 0.62731641 0.62731641
 0.62731641 0.62731641 0.62731641 0.62731641 0.62731641 0.62731641
 0.62731641 0.62731641 0.62731641 0.62731641 0.62731641 0.62731641
 0.62731641 0.62731641 0.62731641 0.62731641 0.62731641 0.62731641
 0.62731641 0.62731641 0.62731641 0.62731641 0.62731641 0.62731641]
2026-05-21 22:18:44,955 [foster.py] => Task 3, Epoch 20/20 => Loss 2.290, Loss_clf 0.177, Loss_fe 0.163, Loss_kd 1.462, Train_accy 68.31
2026-05-21 22:18:44,969 [foster.py] => do not weight align teacher!
2026-05-21 22:18:44,974 [foster.py] => per cls weights : [1.15733854 1.15733854 1.15733854 1.15733854 1.15733854 1.15733854
 1.15733854 1.15733854 1.15733854 1.15733854 1.15733854 1.15733854
 1.15733854 1.15733854 1.15733854 1.15733854 1.15733854 1.15733854
 1.15733854 1.15733854 1.15733854 1.15733854 1.15733854 1.15733854
 1.15733854 1.15733854 1.15733854 1.15733854 1.15733854 1.15733854
 1.15733854 1.15733854 1.15733854 1.15733854 1.15733854 1.15733854
 1.15733854 1.15733854 1.15733854 1.15733854 1.15733854 1.15733854
 1.15733854 1.15733854 1.15733854 1.15733854 1.15733854 1.15733854
 1.15733854 1.15733854 1.15733854 1.15733854 1.15733854 1.15733854
 1.15733854 1.15733854 1.15733854 1.15733854 1.15733854 1.15733854
 1.15733854 1.15733854 1.15733854 1.15733854 1.15733854 1.15733854
 1.15733854 1.15733854 1.15733854 1.15733854 1.15733854 1.15733854
 1.15733854 1.15733854 1.15733854 1.15733854 1.15733854 1.15733854
 1.15733854 1.15733854 1.15733854 1.15733854 1.15733854 1.15733854
 1.15733854 1.15733854 1.15733854 1.15733854 1.15733854 1.15733854
 0.52798439 0.52798439 0.52798439 0.52798439 0.52798439 0.52798439
 0.52798439 0.52798439 0.52798439 0.52798439 0.52798439 0.52798439
 0.52798439 0.52798439 0.52798439 0.52798439 0.52798439 0.52798439
 0.52798439 0.52798439 0.52798439 0.52798439 0.52798439 0.52798439
 0.52798439 0.52798439 0.52798439 0.52798439 0.52798439 0.52798439]
2026-05-22 00:01:20,218 [foster.py] => SNet: Task 3, Epoch 20/20 => Loss 1.665,  Train_accy 55.65
2026-05-22 00:01:20,222 [foster.py] => do not weight align student!
2026-05-22 00:01:41,585 [foster.py] => darknet eval: 
2026-05-22 00:01:41,586 [foster.py] => CNN top1 curve: 78.75
2026-05-22 00:01:41,586 [foster.py] => CNN top5 curve: 97.95
2026-05-22 00:01:41,587 [base.py] => Constructing exemplars for new classes...(20 per classes)
2026-05-22 00:10:54,742 [foster.py] => Exemplar size: 2400
2026-05-22 00:10:54,768 [trainer.py] => CNN: {'total': 81.04, '00-29': 90.67, '30-59': 88.15, '60-89': 80.8, '90-119': 64.49, 'old': 86.54, 'new': 64.49}
2026-05-22 00:10:54,769 [trainer.py] => NME: {'total': 86.56, '00-29': 82.33, '30-59': 85.81, '60-89': 87.98, '90-119': 90.12, 'old': 85.37, 'new': 90.12}
2026-05-22 00:10:54,769 [trainer.py] => CNN top1 curve: [95.67, 87.99, 82.81, 81.04]
2026-05-22 00:10:54,769 [trainer.py] => CNN top5 curve: [100.0, 99.25, 99.17, 98.12]
2026-05-22 00:10:54,769 [trainer.py] => NME top1 curve: [95.67, 90.99, 89.21, 86.56]
2026-05-22 00:10:54,769 [trainer.py] => NME top5 curve: [100.0, 99.25, 99.0, 98.12]
2026-05-22 00:10:54,770 [trainer.py] => Average Accuracy (CNN): 86.88
2026-05-22 00:10:54,771 [trainer.py] => Average Accuracy (NME): 90.61
2026-05-22 00:10:54,775 [trainer.py] => All params: 171943242
2026-05-22 00:10:54,779 [trainer.py] => Trainable params: 86075376
2026-05-22 00:11:00,190 [foster.py] => Learning on 120-150
2026-05-22 00:11:00,192 [foster.py] => All params: 172035492
2026-05-22 00:11:00,193 [foster.py] => Trainable params: 86144556
2026-05-22 00:11:00,635 [foster.py] => per cls weights : [1.09697294 1.09697294 1.09697294 1.09697294 1.09697294 1.09697294
 1.09697294 1.09697294 1.09697294 1.09697294 1.09697294 1.09697294
 1.09697294 1.09697294 1.09697294 1.09697294 1.09697294 1.09697294
 1.09697294 1.09697294 1.09697294 1.09697294 1.09697294 1.09697294
 1.09697294 1.09697294 1.09697294 1.09697294 1.09697294 1.09697294
 1.09697294 1.09697294 1.09697294 1.09697294 1.09697294 1.09697294
 1.09697294 1.09697294 1.09697294 1.09697294 1.09697294 1.09697294
 1.09697294 1.09697294 1.09697294 1.09697294 1.09697294 1.09697294
 1.09697294 1.09697294 1.09697294 1.09697294 1.09697294 1.09697294
 1.09697294 1.09697294 1.09697294 1.09697294 1.09697294 1.09697294
 1.09697294 1.09697294 1.09697294 1.09697294 1.09697294 1.09697294
 1.09697294 1.09697294 1.09697294 1.09697294 1.09697294 1.09697294
 1.09697294 1.09697294 1.09697294 1.09697294 1.09697294 1.09697294
 1.09697294 1.09697294 1.09697294 1.09697294 1.09697294 1.09697294
 1.09697294 1.09697294 1.09697294 1.09697294 1.09697294 1.09697294
 1.09697294 1.09697294 1.09697294 1.09697294 1.09697294 1.09697294
 1.09697294 1.09697294 1.09697294 1.09697294 1.09697294 1.09697294
 1.09697294 1.09697294 1.09697294 1.09697294 1.09697294 1.09697294
 1.09697294 1.09697294 1.09697294 1.09697294 1.09697294 1.09697294
 1.09697294 1.09697294 1.09697294 1.09697294 1.09697294 1.09697294
 0.61210823 0.61210823 0.61210823 0.61210823 0.61210823 0.61210823
 0.61210823 0.61210823 0.61210823 0.61210823 0.61210823 0.61210823
 0.61210823 0.61210823 0.61210823 0.61210823 0.61210823 0.61210823
 0.61210823 0.61210823 0.61210823 0.61210823 0.61210823 0.61210823
 0.61210823 0.61210823 0.61210823 0.61210823 0.61210823 0.61210823]
2026-05-22 01:44:26,605 [foster.py] => Task 4, Epoch 20/20 => Loss 2.361, Loss_clf 0.187, Loss_fe 0.173, Loss_kd 1.601, Train_accy 60.65
2026-05-22 01:44:26,704 [foster.py] => do not weight align teacher!
2026-05-22 01:44:26,711 [foster.py] => per cls weights : [1.1220308 1.1220308 1.1220308 1.1220308 1.1220308 1.1220308 1.1220308
 1.1220308 1.1220308 1.1220308 1.1220308 1.1220308 1.1220308 1.1220308
 1.1220308 1.1220308 1.1220308 1.1220308 1.1220308 1.1220308 1.1220308
 1.1220308 1.1220308 1.1220308 1.1220308 1.1220308 1.1220308 1.1220308
 1.1220308 1.1220308 1.1220308 1.1220308 1.1220308 1.1220308 1.1220308
 1.1220308 1.1220308 1.1220308 1.1220308 1.1220308 1.1220308 1.1220308
 1.1220308 1.1220308 1.1220308 1.1220308 1.1220308 1.1220308 1.1220308
 1.1220308 1.1220308 1.1220308 1.1220308 1.1220308 1.1220308 1.1220308
 1.1220308 1.1220308 1.1220308 1.1220308 1.1220308 1.1220308 1.1220308
 1.1220308 1.1220308 1.1220308 1.1220308 1.1220308 1.1220308 1.1220308
 1.1220308 1.1220308 1.1220308 1.1220308 1.1220308 1.1220308 1.1220308
 1.1220308 1.1220308 1.1220308 1.1220308 1.1220308 1.1220308 1.1220308
 1.1220308 1.1220308 1.1220308 1.1220308 1.1220308 1.1220308 1.1220308
 1.1220308 1.1220308 1.1220308 1.1220308 1.1220308 1.1220308 1.1220308
 1.1220308 1.1220308 1.1220308 1.1220308 1.1220308 1.1220308 1.1220308
 1.1220308 1.1220308 1.1220308 1.1220308 1.1220308 1.1220308 1.1220308
 1.1220308 1.1220308 1.1220308 1.1220308 1.1220308 1.1220308 1.1220308
 1.1220308 0.5118768 0.5118768 0.5118768 0.5118768 0.5118768 0.5118768
 0.5118768 0.5118768 0.5118768 0.5118768 0.5118768 0.5118768 0.5118768
 0.5118768 0.5118768 0.5118768 0.5118768 0.5118768 0.5118768 0.5118768
 0.5118768 0.5118768 0.5118768 0.5118768 0.5118768 0.5118768 0.5118768
 0.5118768 0.5118768 0.5118768]
2026-05-22 03:41:24,573 [foster.py] => SNet: Task 4, Epoch 20/20 => Loss 1.831,  Train_accy 47.79
2026-05-22 03:41:24,605 [foster.py] => do not weight align student!
2026-05-22 03:41:49,711 [foster.py] => darknet eval: 
2026-05-22 03:41:49,725 [foster.py] => CNN top1 curve: 75.94
2026-05-22 03:41:49,726 [foster.py] => CNN top5 curve: 96.12
2026-05-22 03:41:49,729 [base.py] => Constructing exemplars for new classes...(20 per classes)
2026-05-22 03:51:02,748 [foster.py] => Exemplar size: 3000
2026-05-22 03:51:02,781 [trainer.py] => CNN: {'total': 78.68, '00-29': 88.17, '30-59': 88.81, '60-89': 86.64, '90-119': 74.54, '120-149': 55.11, 'old': 84.55, 'new': 55.11}
2026-05-22 03:51:02,781 [trainer.py] => NME: {'total': 84.46, '00-29': 82.33, '30-59': 82.8, '60-89': 85.64, '90-119': 83.58, '120-149': 87.94, 'old': 83.59, 'new': 87.94}
2026-05-22 03:51:02,781 [trainer.py] => CNN top1 curve: [95.67, 87.99, 82.81, 81.04, 78.68]
2026-05-22 03:51:02,781 [trainer.py] => CNN top5 curve: [100.0, 99.25, 99.17, 98.12, 97.26]
2026-05-22 03:51:02,781 [trainer.py] => NME top1 curve: [95.67, 90.99, 89.21, 86.56, 84.46]
2026-05-22 03:51:02,781 [trainer.py] => NME top5 curve: [100.0, 99.25, 99.0, 98.12, 97.29]
2026-05-22 03:51:02,782 [trainer.py] => Average Accuracy (CNN): 85.24
2026-05-22 03:51:02,782 [trainer.py] => Average Accuracy (NME): 89.38
2026-05-22 03:51:02,783 [trainer.py] => All params: 172035492
2026-05-22 03:51:02,784 [trainer.py] => Trainable params: 86144556
2026-05-22 03:51:07,896 [foster.py] => Learning on 150-180
2026-05-22 03:51:07,899 [foster.py] => All params: 172127742
2026-05-22 03:51:07,900 [foster.py] => Trainable params: 86213736
2026-05-22 03:51:08,358 [foster.py] => per cls weights : [1.07952548 1.07952548 1.07952548 1.07952548 1.07952548 1.07952548
 1.07952548 1.07952548 1.07952548 1.07952548 1.07952548 1.07952548
 1.07952548 1.07952548 1.07952548 1.07952548 1.07952548 1.07952548
 1.07952548 1.07952548 1.07952548 1.07952548 1.07952548 1.07952548
 1.07952548 1.07952548 1.07952548 1.07952548 1.07952548 1.07952548
 1.07952548 1.07952548 1.07952548 1.07952548 1.07952548 1.07952548
 1.07952548 1.07952548 1.07952548 1.07952548 1.07952548 1.07952548
 1.07952548 1.07952548 1.07952548 1.07952548 1.07952548 1.07952548
 1.07952548 1.07952548 1.07952548 1.07952548 1.07952548 1.07952548
 1.07952548 1.07952548 1.07952548 1.07952548 1.07952548 1.07952548
 1.07952548 1.07952548 1.07952548 1.07952548 1.07952548 1.07952548
 1.07952548 1.07952548 1.07952548 1.07952548 1.07952548 1.07952548
 1.07952548 1.07952548 1.07952548 1.07952548 1.07952548 1.07952548
 1.07952548 1.07952548 1.07952548 1.07952548 1.07952548 1.07952548
 1.07952548 1.07952548 1.07952548 1.07952548 1.07952548 1.07952548
 1.07952548 1.07952548 1.07952548 1.07952548 1.07952548 1.07952548
 1.07952548 1.07952548 1.07952548 1.07952548 1.07952548 1.07952548
 1.07952548 1.07952548 1.07952548 1.07952548 1.07952548 1.07952548
 1.07952548 1.07952548 1.07952548 1.07952548 1.07952548 1.07952548
 1.07952548 1.07952548 1.07952548 1.07952548 1.07952548 1.07952548
 1.07952548 1.07952548 1.07952548 1.07952548 1.07952548 1.07952548
 1.07952548 1.07952548 1.07952548 1.07952548 1.07952548 1.07952548
 1.07952548 1.07952548 1.07952548 1.07952548 1.07952548 1.07952548
 1.07952548 1.07952548 1.07952548 1.07952548 1.07952548 1.07952548
 1.07952548 1.07952548 1.07952548 1.07952548 1.07952548 1.07952548
 0.60237259 0.60237259 0.60237259 0.60237259 0.60237259 0.60237259
 0.60237259 0.60237259 0.60237259 0.60237259 0.60237259 0.60237259
 0.60237259 0.60237259 0.60237259 0.60237259 0.60237259 0.60237259
 0.60237259 0.60237259 0.60237259 0.60237259 0.60237259 0.60237259
 0.60237259 0.60237259 0.60237259 0.60237259 0.60237259 0.60237259]
2026-05-22 05:28:52,454 [foster.py] => Task 5, Epoch 20/20 => Loss 2.450, Loss_clf 0.213, Loss_fe 0.189, Loss_kd 1.706, Train_accy 51.65
2026-05-22 05:28:52,461 [foster.py] => do not weight align teacher!
2026-05-22 05:28:52,467 [foster.py] => per cls weights : [1.09966529 1.09966529 1.09966529 1.09966529 1.09966529 1.09966529
 1.09966529 1.09966529 1.09966529 1.09966529 1.09966529 1.09966529
 1.09966529 1.09966529 1.09966529 1.09966529 1.09966529 1.09966529
 1.09966529 1.09966529 1.09966529 1.09966529 1.09966529 1.09966529
 1.09966529 1.09966529 1.09966529 1.09966529 1.09966529 1.09966529
 1.09966529 1.09966529 1.09966529 1.09966529 1.09966529 1.09966529
 1.09966529 1.09966529 1.09966529 1.09966529 1.09966529 1.09966529
 1.09966529 1.09966529 1.09966529 1.09966529 1.09966529 1.09966529
 1.09966529 1.09966529 1.09966529 1.09966529 1.09966529 1.09966529
 1.09966529 1.09966529 1.09966529 1.09966529 1.09966529 1.09966529
 1.09966529 1.09966529 1.09966529 1.09966529 1.09966529 1.09966529
 1.09966529 1.09966529 1.09966529 1.09966529 1.09966529 1.09966529
 1.09966529 1.09966529 1.09966529 1.09966529 1.09966529 1.09966529
 1.09966529 1.09966529 1.09966529 1.09966529 1.09966529 1.09966529
 1.09966529 1.09966529 1.09966529 1.09966529 1.09966529 1.09966529
 1.09966529 1.09966529 1.09966529 1.09966529 1.09966529 1.09966529
 1.09966529 1.09966529 1.09966529 1.09966529 1.09966529 1.09966529
 1.09966529 1.09966529 1.09966529 1.09966529 1.09966529 1.09966529
 1.09966529 1.09966529 1.09966529 1.09966529 1.09966529 1.09966529
 1.09966529 1.09966529 1.09966529 1.09966529 1.09966529 1.09966529
 1.09966529 1.09966529 1.09966529 1.09966529 1.09966529 1.09966529
 1.09966529 1.09966529 1.09966529 1.09966529 1.09966529 1.09966529
 1.09966529 1.09966529 1.09966529 1.09966529 1.09966529 1.09966529
 1.09966529 1.09966529 1.09966529 1.09966529 1.09966529 1.09966529
 1.09966529 1.09966529 1.09966529 1.09966529 1.09966529 1.09966529
 0.50167353 0.50167353 0.50167353 0.50167353 0.50167353 0.50167353
 0.50167353 0.50167353 0.50167353 0.50167353 0.50167353 0.50167353
 0.50167353 0.50167353 0.50167353 0.50167353 0.50167353 0.50167353
 0.50167353 0.50167353 0.50167353 0.50167353 0.50167353 0.50167353
 0.50167353 0.50167353 0.50167353 0.50167353 0.50167353 0.50167353]
2026-05-22 07:31:23,166 [foster.py] => SNet: Task 5, Epoch 20/20 => Loss 1.886,  Train_accy 42.20
2026-05-22 07:31:23,174 [foster.py] => do not weight align student!
2026-05-22 07:31:52,712 [foster.py] => darknet eval: 
2026-05-22 07:31:52,724 [foster.py] => CNN top1 curve: 73.94
2026-05-22 07:31:52,725 [foster.py] => CNN top5 curve: 94.96
2026-05-22 07:31:52,728 [base.py] => Constructing exemplars for new classes...(20 per classes)
2026-05-22 07:44:08,058 [foster.py] => Exemplar size: 3600
2026-05-22 07:44:08,118 [trainer.py] => CNN: {'total': 75.45, '00-29': 87.0, '30-59': 88.81, '60-89': 86.98, '90-119': 80.57, '120-149': 70.02, '150-179': 39.33, 'old': 82.69, 'new': 39.33}
2026-05-22 07:44:08,119 [trainer.py] => NME: {'total': 81.43, '00-29': 78.33, '30-59': 82.97, '60-89': 84.14, '90-119': 81.41, '120-149': 77.39, '150-179': 84.33, 'old': 80.85, 'new': 84.33}
2026-05-22 07:44:08,119 [trainer.py] => CNN top1 curve: [95.67, 87.99, 82.81, 81.04, 78.68, 75.45]
2026-05-22 07:44:08,119 [trainer.py] => CNN top5 curve: [100.0, 99.25, 99.17, 98.12, 97.26, 95.74]
2026-05-22 07:44:08,119 [trainer.py] => NME top1 curve: [95.67, 90.99, 89.21, 86.56, 84.46, 81.43]
2026-05-22 07:44:08,119 [trainer.py] => NME top5 curve: [100.0, 99.25, 99.0, 98.12, 97.29, 96.3]
2026-05-22 07:44:08,119 [trainer.py] => Average Accuracy (CNN): 83.61
2026-05-22 07:44:08,119 [trainer.py] => Average Accuracy (NME): 88.05
2026-05-22 07:44:08,121 [trainer.py] => All params: 172127742
2026-05-22 07:44:08,122 [trainer.py] => Trainable params: 86213736
2026-05-22 07:44:14,235 [foster.py] => Learning on 180-210
2026-05-22 07:44:14,237 [foster.py] => All params: 172219992
2026-05-22 07:44:14,238 [foster.py] => Trainable params: 86282916
2026-05-22 07:44:14,440 [foster.py] => per cls weights : [1.06739899 1.06739899 1.06739899 1.06739899 1.06739899 1.06739899
 1.06739899 1.06739899 1.06739899 1.06739899 1.06739899 1.06739899
 1.06739899 1.06739899 1.06739899 1.06739899 1.06739899 1.06739899
 1.06739899 1.06739899 1.06739899 1.06739899 1.06739899 1.06739899
 1.06739899 1.06739899 1.06739899 1.06739899 1.06739899 1.06739899
 1.06739899 1.06739899 1.06739899 1.06739899 1.06739899 1.06739899
 1.06739899 1.06739899 1.06739899 1.06739899 1.06739899 1.06739899
 1.06739899 1.06739899 1.06739899 1.06739899 1.06739899 1.06739899
 1.06739899 1.06739899 1.06739899 1.06739899 1.06739899 1.06739899
 1.06739899 1.06739899 1.06739899 1.06739899 1.06739899 1.06739899
 1.06739899 1.06739899 1.06739899 1.06739899 1.06739899 1.06739899
 1.06739899 1.06739899 1.06739899 1.06739899 1.06739899 1.06739899
 1.06739899 1.06739899 1.06739899 1.06739899 1.06739899 1.06739899
 1.06739899 1.06739899 1.06739899 1.06739899 1.06739899 1.06739899
 1.06739899 1.06739899 1.06739899 1.06739899 1.06739899 1.06739899
 1.06739899 1.06739899 1.06739899 1.06739899 1.06739899 1.06739899
 1.06739899 1.06739899 1.06739899 1.06739899 1.06739899 1.06739899
 1.06739899 1.06739899 1.06739899 1.06739899 1.06739899 1.06739899
 1.06739899 1.06739899 1.06739899 1.06739899 1.06739899 1.06739899
 1.06739899 1.06739899 1.06739899 1.06739899 1.06739899 1.06739899
 1.06739899 1.06739899 1.06739899 1.06739899 1.06739899 1.06739899
 1.06739899 1.06739899 1.06739899 1.06739899 1.06739899 1.06739899
 1.06739899 1.06739899 1.06739899 1.06739899 1.06739899 1.06739899
 1.06739899 1.06739899 1.06739899 1.06739899 1.06739899 1.06739899
 1.06739899 1.06739899 1.06739899 1.06739899 1.06739899 1.06739899
 1.06739899 1.06739899 1.06739899 1.06739899 1.06739899 1.06739899
 1.06739899 1.06739899 1.06739899 1.06739899 1.06739899 1.06739899
 1.06739899 1.06739899 1.06739899 1.06739899 1.06739899 1.06739899
 1.06739899 1.06739899 1.06739899 1.06739899 1.06739899 1.06739899
 1.06739899 1.06739899 1.06739899 1.06739899 1.06739899 1.06739899
 0.59560604 0.59560604 0.59560604 0.59560604 0.59560604 0.59560604
 0.59560604 0.59560604 0.59560604 0.59560604 0.59560604 0.59560604
 0.59560604 0.59560604 0.59560604 0.59560604 0.59560604 0.59560604
 0.59560604 0.59560604 0.59560604 0.59560604 0.59560604 0.59560604
 0.59560604 0.59560604 0.59560604 0.59560604 0.59560604 0.59560604]
2026-05-22 09:25:19,801 [foster.py] => Task 6, Epoch 20/20 => Loss 2.666, Loss_clf 0.220, Loss_fe 0.196, Loss_kd 1.928, Train_accy 64.45
2026-05-22 09:25:19,811 [foster.py] => do not weight align teacher!
2026-05-22 09:25:19,816 [foster.py] => per cls weights : [1.08422816 1.08422816 1.08422816 1.08422816 1.08422816 1.08422816
 1.08422816 1.08422816 1.08422816 1.08422816 1.08422816 1.08422816
 1.08422816 1.08422816 1.08422816 1.08422816 1.08422816 1.08422816
 1.08422816 1.08422816 1.08422816 1.08422816 1.08422816 1.08422816
 1.08422816 1.08422816 1.08422816 1.08422816 1.08422816 1.08422816
 1.08422816 1.08422816 1.08422816 1.08422816 1.08422816 1.08422816
 1.08422816 1.08422816 1.08422816 1.08422816 1.08422816 1.08422816
 1.08422816 1.08422816 1.08422816 1.08422816 1.08422816 1.08422816
 1.08422816 1.08422816 1.08422816 1.08422816 1.08422816 1.08422816
 1.08422816 1.08422816 1.08422816 1.08422816 1.08422816 1.08422816
 1.08422816 1.08422816 1.08422816 1.08422816 1.08422816 1.08422816
 1.08422816 1.08422816 1.08422816 1.08422816 1.08422816 1.08422816
 1.08422816 1.08422816 1.08422816 1.08422816 1.08422816 1.08422816
 1.08422816 1.08422816 1.08422816 1.08422816 1.08422816 1.08422816
 1.08422816 1.08422816 1.08422816 1.08422816 1.08422816 1.08422816
 1.08422816 1.08422816 1.08422816 1.08422816 1.08422816 1.08422816
 1.08422816 1.08422816 1.08422816 1.08422816 1.08422816 1.08422816
 1.08422816 1.08422816 1.08422816 1.08422816 1.08422816 1.08422816
 1.08422816 1.08422816 1.08422816 1.08422816 1.08422816 1.08422816
 1.08422816 1.08422816 1.08422816 1.08422816 1.08422816 1.08422816
 1.08422816 1.08422816 1.08422816 1.08422816 1.08422816 1.08422816
 1.08422816 1.08422816 1.08422816 1.08422816 1.08422816 1.08422816
 1.08422816 1.08422816 1.08422816 1.08422816 1.08422816 1.08422816
 1.08422816 1.08422816 1.08422816 1.08422816 1.08422816 1.08422816
 1.08422816 1.08422816 1.08422816 1.08422816 1.08422816 1.08422816
 1.08422816 1.08422816 1.08422816 1.08422816 1.08422816 1.08422816
 1.08422816 1.08422816 1.08422816 1.08422816 1.08422816 1.08422816
 1.08422816 1.08422816 1.08422816 1.08422816 1.08422816 1.08422816
 1.08422816 1.08422816 1.08422816 1.08422816 1.08422816 1.08422816
 1.08422816 1.08422816 1.08422816 1.08422816 1.08422816 1.08422816
 0.49463102 0.49463102 0.49463102 0.49463102 0.49463102 0.49463102
 0.49463102 0.49463102 0.49463102 0.49463102 0.49463102 0.49463102
 0.49463102 0.49463102 0.49463102 0.49463102 0.49463102 0.49463102
 0.49463102 0.49463102 0.49463102 0.49463102 0.49463102 0.49463102
 0.49463102 0.49463102 0.49463102 0.49463102 0.49463102 0.49463102]
2026-05-22 11:32:04,577 [foster.py] => SNet: Task 6, Epoch 20/20 => Loss 2.074,  Train_accy 52.21
2026-05-22 11:32:04,645 [foster.py] => do not weight align student!
2026-05-22 11:32:34,262 [foster.py] => darknet eval: 
2026-05-22 11:32:34,318 [foster.py] => CNN top1 curve: 75.24
2026-05-22 11:32:34,318 [foster.py] => CNN top5 curve: 95.59
2026-05-22 11:32:34,321 [base.py] => Constructing exemplars for new classes...(20 per classes)
2026-05-22 11:44:59,717 [foster.py] => Exemplar size: 4200
2026-05-22 11:44:59,741 [trainer.py] => CNN: {'total': 76.84, '00-29': 86.5, '30-59': 87.31, '60-89': 86.81, '90-119': 82.91, '120-149': 75.88, '150-179': 64.33, '180-209': 54.17, 'old': 80.62, 'new': 54.17}
2026-05-22 11:44:59,742 [trainer.py] => NME: {'total': 80.44, '00-29': 78.83, '30-59': 78.96, '60-89': 85.14, '90-119': 81.24, '120-149': 75.54, '150-179': 74.67, '180-209': 88.67, 'old': 79.06, 'new': 88.67}
2026-05-22 11:44:59,742 [trainer.py] => CNN top1 curve: [95.67, 87.99, 82.81, 81.04, 78.68, 75.45, 76.84]
2026-05-22 11:44:59,742 [trainer.py] => CNN top5 curve: [100.0, 99.25, 99.17, 98.12, 97.26, 95.74, 96.02]
2026-05-22 11:44:59,742 [trainer.py] => NME top1 curve: [95.67, 90.99, 89.21, 86.56, 84.46, 81.43, 80.44]
2026-05-22 11:44:59,742 [trainer.py] => NME top5 curve: [100.0, 99.25, 99.0, 98.12, 97.29, 96.3, 95.75]
2026-05-22 11:44:59,742 [trainer.py] => Average Accuracy (CNN): 82.64
2026-05-22 11:44:59,742 [trainer.py] => Average Accuracy (NME): 86.97
2026-05-22 11:44:59,744 [trainer.py] => All params: 172219992
2026-05-22 11:44:59,745 [trainer.py] => Trainable params: 86282916
2026-05-22 11:45:04,701 [foster.py] => Learning on 210-240
2026-05-22 11:45:04,703 [foster.py] => All params: 172312242
2026-05-22 11:45:04,704 [foster.py] => Trainable params: 86352096
2026-05-22 11:45:04,885 [foster.py] => per cls weights : [1.05848142 1.05848142 1.05848142 1.05848142 1.05848142 1.05848142
 1.05848142 1.05848142 1.05848142 1.05848142 1.05848142 1.05848142
 1.05848142 1.05848142 1.05848142 1.05848142 1.05848142 1.05848142
 1.05848142 1.05848142 1.05848142 1.05848142 1.05848142 1.05848142
 1.05848142 1.05848142 1.05848142 1.05848142 1.05848142 1.05848142
 1.05848142 1.05848142 1.05848142 1.05848142 1.05848142 1.05848142
 1.05848142 1.05848142 1.05848142 1.05848142 1.05848142 1.05848142
 1.05848142 1.05848142 1.05848142 1.05848142 1.05848142 1.05848142
 1.05848142 1.05848142 1.05848142 1.05848142 1.05848142 1.05848142
 1.05848142 1.05848142 1.05848142 1.05848142 1.05848142 1.05848142
 1.05848142 1.05848142 1.05848142 1.05848142 1.05848142 1.05848142
 1.05848142 1.05848142 1.05848142 1.05848142 1.05848142 1.05848142
 1.05848142 1.05848142 1.05848142 1.05848142 1.05848142 1.05848142
 1.05848142 1.05848142 1.05848142 1.05848142 1.05848142 1.05848142
 1.05848142 1.05848142 1.05848142 1.05848142 1.05848142 1.05848142
 1.05848142 1.05848142 1.05848142 1.05848142 1.05848142 1.05848142
 1.05848142 1.05848142 1.05848142 1.05848142 1.05848142 1.05848142
 1.05848142 1.05848142 1.05848142 1.05848142 1.05848142 1.05848142
 1.05848142 1.05848142 1.05848142 1.05848142 1.05848142 1.05848142
 1.05848142 1.05848142 1.05848142 1.05848142 1.05848142 1.05848142
 1.05848142 1.05848142 1.05848142 1.05848142 1.05848142 1.05848142
 1.05848142 1.05848142 1.05848142 1.05848142 1.05848142 1.05848142
 1.05848142 1.05848142 1.05848142 1.05848142 1.05848142 1.05848142
 1.05848142 1.05848142 1.05848142 1.05848142 1.05848142 1.05848142
 1.05848142 1.05848142 1.05848142 1.05848142 1.05848142 1.05848142
 1.05848142 1.05848142 1.05848142 1.05848142 1.05848142 1.05848142
 1.05848142 1.05848142 1.05848142 1.05848142 1.05848142 1.05848142
 1.05848142 1.05848142 1.05848142 1.05848142 1.05848142 1.05848142
 1.05848142 1.05848142 1.05848142 1.05848142 1.05848142 1.05848142
 1.05848142 1.05848142 1.05848142 1.05848142 1.05848142 1.05848142
 1.05848142 1.05848142 1.05848142 1.05848142 1.05848142 1.05848142
 1.05848142 1.05848142 1.05848142 1.05848142 1.05848142 1.05848142
 1.05848142 1.05848142 1.05848142 1.05848142 1.05848142 1.05848142
 1.05848142 1.05848142 1.05848142 1.05848142 1.05848142 1.05848142
 1.05848142 1.05848142 1.05848142 1.05848142 1.05848142 1.05848142
 0.59063006 0.59063006 0.59063006 0.59063006 0.59063006 0.59063006
 0.59063006 0.59063006 0.59063006 0.59063006 0.59063006 0.59063006
 0.59063006 0.59063006 0.59063006 0.59063006 0.59063006 0.59063006
 0.59063006 0.59063006 0.59063006 0.59063006 0.59063006 0.59063006
 0.59063006 0.59063006 0.59063006 0.59063006 0.59063006 0.59063006]
2026-05-22 13:34:21,255 [foster.py] => Task 7, Epoch 20/20 => Loss 2.694, Loss_clf 0.247, Loss_fe 0.227, Loss_kd 1.942, Train_accy 53.07
2026-05-22 13:34:21,268 [foster.py] => do not weight align teacher!
2026-05-22 13:34:21,283 [foster.py] => per cls weights : [1.07293178 1.07293178 1.07293178 1.07293178 1.07293178 1.07293178
 1.07293178 1.07293178 1.07293178 1.07293178 1.07293178 1.07293178
 1.07293178 1.07293178 1.07293178 1.07293178 1.07293178 1.07293178
 1.07293178 1.07293178 1.07293178 1.07293178 1.07293178 1.07293178
 1.07293178 1.07293178 1.07293178 1.07293178 1.07293178 1.07293178
 1.07293178 1.07293178 1.07293178 1.07293178 1.07293178 1.07293178
 1.07293178 1.07293178 1.07293178 1.07293178 1.07293178 1.07293178
 1.07293178 1.07293178 1.07293178 1.07293178 1.07293178 1.07293178
 1.07293178 1.07293178 1.07293178 1.07293178 1.07293178 1.07293178
 1.07293178 1.07293178 1.07293178 1.07293178 1.07293178 1.07293178
 1.07293178 1.07293178 1.07293178 1.07293178 1.07293178 1.07293178
 1.07293178 1.07293178 1.07293178 1.07293178 1.07293178 1.07293178
 1.07293178 1.07293178 1.07293178 1.07293178 1.07293178 1.07293178
 1.07293178 1.07293178 1.07293178 1.07293178 1.07293178 1.07293178
 1.07293178 1.07293178 1.07293178 1.07293178 1.07293178 1.07293178
 1.07293178 1.07293178 1.07293178 1.07293178 1.07293178 1.07293178
 1.07293178 1.07293178 1.07293178 1.07293178 1.07293178 1.07293178
 1.07293178 1.07293178 1.07293178 1.07293178 1.07293178 1.07293178
 1.07293178 1.07293178 1.07293178 1.07293178 1.07293178 1.07293178
 1.07293178 1.07293178 1.07293178 1.07293178 1.07293178 1.07293178
 1.07293178 1.07293178 1.07293178 1.07293178 1.07293178 1.07293178
 1.07293178 1.07293178 1.07293178 1.07293178 1.07293178 1.07293178
 1.07293178 1.07293178 1.07293178 1.07293178 1.07293178 1.07293178
 1.07293178 1.07293178 1.07293178 1.07293178 1.07293178 1.07293178
 1.07293178 1.07293178 1.07293178 1.07293178 1.07293178 1.07293178
 1.07293178 1.07293178 1.07293178 1.07293178 1.07293178 1.07293178
 1.07293178 1.07293178 1.07293178 1.07293178 1.07293178 1.07293178
 1.07293178 1.07293178 1.07293178 1.07293178 1.07293178 1.07293178
 1.07293178 1.07293178 1.07293178 1.07293178 1.07293178 1.07293178
 1.07293178 1.07293178 1.07293178 1.07293178 1.07293178 1.07293178
 1.07293178 1.07293178 1.07293178 1.07293178 1.07293178 1.07293178
 1.07293178 1.07293178 1.07293178 1.07293178 1.07293178 1.07293178
 1.07293178 1.07293178 1.07293178 1.07293178 1.07293178 1.07293178
 1.07293178 1.07293178 1.07293178 1.07293178 1.07293178 1.07293178
 1.07293178 1.07293178 1.07293178 1.07293178 1.07293178 1.07293178
 0.48947755 0.48947755 0.48947755 0.48947755 0.48947755 0.48947755
 0.48947755 0.48947755 0.48947755 0.48947755 0.48947755 0.48947755
 0.48947755 0.48947755 0.48947755 0.48947755 0.48947755 0.48947755
 0.48947755 0.48947755 0.48947755 0.48947755 0.48947755 0.48947755
 0.48947755 0.48947755 0.48947755 0.48947755 0.48947755 0.48947755]
2026-05-22 15:43:16,462 [foster.py] => SNet: Task 7, Epoch 20/20 => Loss 2.056,  Train_accy 44.66
2026-05-22 15:43:16,490 [foster.py] => do not weight align student!
2026-05-22 15:43:59,986 [foster.py] => darknet eval: 
2026-05-22 15:43:59,987 [foster.py] => CNN top1 curve: 73.5
2026-05-22 15:43:59,987 [foster.py] => CNN top5 curve: 93.86
2026-05-22 15:43:59,990 [base.py] => Constructing exemplars for new classes...(20 per classes)
2026-05-22 15:59:04,602 [foster.py] => Exemplar size: 4800
2026-05-22 15:59:04,619 [trainer.py] => CNN: {'total': 74.44, '00-29': 84.17, '30-59': 85.98, '60-89': 86.14, '90-119': 82.58, '120-149': 78.06, '150-179': 74.67, '180-209': 69.33, '210-239': 34.51, 'old': 80.13, 'new': 34.51}
2026-05-22 15:59:04,620 [trainer.py] => NME: {'total': 78.24, '00-29': 78.67, '30-59': 77.3, '60-89': 83.47, '90-119': 80.4, '120-149': 72.03, '150-179': 72.5, '180-209': 79.33, '210-239': 82.24, 'old': 77.67, 'new': 82.24}
2026-05-22 15:59:04,620 [trainer.py] => CNN top1 curve: [95.67, 87.99, 82.81, 81.04, 78.68, 75.45, 76.84, 74.44]
2026-05-22 15:59:04,620 [trainer.py] => CNN top5 curve: [100.0, 99.25, 99.17, 98.12, 97.26, 95.74, 96.02, 95.01]
2026-05-22 15:59:04,620 [trainer.py] => NME top1 curve: [95.67, 90.99, 89.21, 86.56, 84.46, 81.43, 80.44, 78.24]
2026-05-22 15:59:04,621 [trainer.py] => NME top5 curve: [100.0, 99.25, 99.0, 98.12, 97.29, 96.3, 95.75, 95.24]
2026-05-22 15:59:04,621 [trainer.py] => Average Accuracy (CNN): 81.62
2026-05-22 15:59:04,621 [trainer.py] => Average Accuracy (NME): 85.88
2026-05-22 15:59:04,626 [trainer.py] => All params: 172312242
2026-05-22 15:59:04,629 [trainer.py] => Trainable params: 86352096
2026-05-22 15:59:09,352 [foster.py] => Learning on 240-270
2026-05-22 15:59:09,355 [foster.py] => All params: 172404492
2026-05-22 15:59:09,356 [foster.py] => Trainable params: 86421276
2026-05-22 15:59:09,834 [foster.py] => per cls weights : [1.05164788 1.05164788 1.05164788 1.05164788 1.05164788 1.05164788
 1.05164788 1.05164788 1.05164788 1.05164788 1.05164788 1.05164788
 1.05164788 1.05164788 1.05164788 1.05164788 1.05164788 1.05164788
 1.05164788 1.05164788 1.05164788 1.05164788 1.05164788 1.05164788
 1.05164788 1.05164788 1.05164788 1.05164788 1.05164788 1.05164788
 1.05164788 1.05164788 1.05164788 1.05164788 1.05164788 1.05164788
 1.05164788 1.05164788 1.05164788 1.05164788 1.05164788 1.05164788
 1.05164788 1.05164788 1.05164788 1.05164788 1.05164788 1.05164788
 1.05164788 1.05164788 1.05164788 1.05164788 1.05164788 1.05164788
 1.05164788 1.05164788 1.05164788 1.05164788 1.05164788 1.05164788
 1.05164788 1.05164788 1.05164788 1.05164788 1.05164788 1.05164788
 1.05164788 1.05164788 1.05164788 1.05164788 1.05164788 1.05164788
 1.05164788 1.05164788 1.05164788 1.05164788 1.05164788 1.05164788
 1.05164788 1.05164788 1.05164788 1.05164788 1.05164788 1.05164788
 1.05164788 1.05164788 1.05164788 1.05164788 1.05164788 1.05164788
 1.05164788 1.05164788 1.05164788 1.05164788 1.05164788 1.05164788
 1.05164788 1.05164788 1.05164788 1.05164788 1.05164788 1.05164788
 1.05164788 1.05164788 1.05164788 1.05164788 1.05164788 1.05164788
 1.05164788 1.05164788 1.05164788 1.05164788 1.05164788 1.05164788
 1.05164788 1.05164788 1.05164788 1.05164788 1.05164788 1.05164788
 1.05164788 1.05164788 1.05164788 1.05164788 1.05164788 1.05164788
 1.05164788 1.05164788 1.05164788 1.05164788 1.05164788 1.05164788
 1.05164788 1.05164788 1.05164788 1.05164788 1.05164788 1.05164788
 1.05164788 1.05164788 1.05164788 1.05164788 1.05164788 1.05164788
 1.05164788 1.05164788 1.05164788 1.05164788 1.05164788 1.05164788
 1.05164788 1.05164788 1.05164788 1.05164788 1.05164788 1.05164788
 1.05164788 1.05164788 1.05164788 1.05164788 1.05164788 1.05164788
 1.05164788 1.05164788 1.05164788 1.05164788 1.05164788 1.05164788
 1.05164788 1.05164788 1.05164788 1.05164788 1.05164788 1.05164788
 1.05164788 1.05164788 1.05164788 1.05164788 1.05164788 1.05164788
 1.05164788 1.05164788 1.05164788 1.05164788 1.05164788 1.05164788
 1.05164788 1.05164788 1.05164788 1.05164788 1.05164788 1.05164788
 1.05164788 1.05164788 1.05164788 1.05164788 1.05164788 1.05164788
 1.05164788 1.05164788 1.05164788 1.05164788 1.05164788 1.05164788
 1.05164788 1.05164788 1.05164788 1.05164788 1.05164788 1.05164788
 1.05164788 1.05164788 1.05164788 1.05164788 1.05164788 1.05164788
 1.05164788 1.05164788 1.05164788 1.05164788 1.05164788 1.05164788
 1.05164788 1.05164788 1.05164788 1.05164788 1.05164788 1.05164788
 1.05164788 1.05164788 1.05164788 1.05164788 1.05164788 1.05164788
 1.05164788 1.05164788 1.05164788 1.05164788 1.05164788 1.05164788
 0.58681696 0.58681696 0.58681696 0.58681696 0.58681696 0.58681696
 0.58681696 0.58681696 0.58681696 0.58681696 0.58681696 0.58681696
 0.58681696 0.58681696 0.58681696 0.58681696 0.58681696 0.58681696
 0.58681696 0.58681696 0.58681696 0.58681696 0.58681696 0.58681696
 0.58681696 0.58681696 0.58681696 0.58681696 0.58681696 0.58681696]
2026-05-22 18:01:44,113 [foster.py] => Task 8, Epoch 20/20 => Loss 2.951, Loss_clf 0.239, Loss_fe 0.214, Loss_kd 2.221, Train_accy 67.02
2026-05-22 18:01:44,133 [foster.py] => do not weight align teacher!
2026-05-22 18:01:44,142 [foster.py] => per cls weights : [1.06430713 1.06430713 1.06430713 1.06430713 1.06430713 1.06430713
 1.06430713 1.06430713 1.06430713 1.06430713 1.06430713 1.06430713
 1.06430713 1.06430713 1.06430713 1.06430713 1.06430713 1.06430713
 1.06430713 1.06430713 1.06430713 1.06430713 1.06430713 1.06430713
 1.06430713 1.06430713 1.06430713 1.06430713 1.06430713 1.06430713
 1.06430713 1.06430713 1.06430713 1.06430713 1.06430713 1.06430713
 1.06430713 1.06430713 1.06430713 1.06430713 1.06430713 1.06430713
 1.06430713 1.06430713 1.06430713 1.06430713 1.06430713 1.06430713
 1.06430713 1.06430713 1.06430713 1.06430713 1.06430713 1.06430713
 1.06430713 1.06430713 1.06430713 1.06430713 1.06430713 1.06430713
 1.06430713 1.06430713 1.06430713 1.06430713 1.06430713 1.06430713
 1.06430713 1.06430713 1.06430713 1.06430713 1.06430713 1.06430713
 1.06430713 1.06430713 1.06430713 1.06430713 1.06430713 1.06430713
 1.06430713 1.06430713 1.06430713 1.06430713 1.06430713 1.06430713
 1.06430713 1.06430713 1.06430713 1.06430713 1.06430713 1.06430713
 1.06430713 1.06430713 1.06430713 1.06430713 1.06430713 1.06430713
 1.06430713 1.06430713 1.06430713 1.06430713 1.06430713 1.06430713
 1.06430713 1.06430713 1.06430713 1.06430713 1.06430713 1.06430713
 1.06430713 1.06430713 1.06430713 1.06430713 1.06430713 1.06430713
 1.06430713 1.06430713 1.06430713 1.06430713 1.06430713 1.06430713
 1.06430713 1.06430713 1.06430713 1.06430713 1.06430713 1.06430713
 1.06430713 1.06430713 1.06430713 1.06430713 1.06430713 1.06430713
 1.06430713 1.06430713 1.06430713 1.06430713 1.06430713 1.06430713
 1.06430713 1.06430713 1.06430713 1.06430713 1.06430713 1.06430713
 1.06430713 1.06430713 1.06430713 1.06430713 1.06430713 1.06430713
 1.06430713 1.06430713 1.06430713 1.06430713 1.06430713 1.06430713
 1.06430713 1.06430713 1.06430713 1.06430713 1.06430713 1.06430713
 1.06430713 1.06430713 1.06430713 1.06430713 1.06430713 1.06430713
 1.06430713 1.06430713 1.06430713 1.06430713 1.06430713 1.06430713
 1.06430713 1.06430713 1.06430713 1.06430713 1.06430713 1.06430713
 1.06430713 1.06430713 1.06430713 1.06430713 1.06430713 1.06430713
 1.06430713 1.06430713 1.06430713 1.06430713 1.06430713 1.06430713
 1.06430713 1.06430713 1.06430713 1.06430713 1.06430713 1.06430713
 1.06430713 1.06430713 1.06430713 1.06430713 1.06430713 1.06430713
 1.06430713 1.06430713 1.06430713 1.06430713 1.06430713 1.06430713
 1.06430713 1.06430713 1.06430713 1.06430713 1.06430713 1.06430713
 1.06430713 1.06430713 1.06430713 1.06430713 1.06430713 1.06430713
 1.06430713 1.06430713 1.06430713 1.06430713 1.06430713 1.06430713
 1.06430713 1.06430713 1.06430713 1.06430713 1.06430713 1.06430713
 1.06430713 1.06430713 1.06430713 1.06430713 1.06430713 1.06430713
 0.48554293 0.48554293 0.48554293 0.48554293 0.48554293 0.48554293
 0.48554293 0.48554293 0.48554293 0.48554293 0.48554293 0.48554293
 0.48554293 0.48554293 0.48554293 0.48554293 0.48554293 0.48554293
 0.48554293 0.48554293 0.48554293 0.48554293 0.48554293 0.48554293
 0.48554293 0.48554293 0.48554293 0.48554293 0.48554293 0.48554293]
