2026-08-01 19:12:27,463 [trainer.py] => prefix: reproduce
2026-08-01 19:12:27,463 [trainer.py] => dataset: imagenet_r
2026-08-01 19:12:27,463 [trainer.py] => data_path: /home/team/zhaohongwei/Dataset/imagenet-r
2026-08-01 19:12:27,463 [trainer.py] => memory_size: 0
2026-08-01 19:12:27,464 [trainer.py] => memory_per_class: 0
2026-08-01 19:12:27,464 [trainer.py] => fixed_memory: True
2026-08-01 19:12:27,464 [trainer.py] => shuffle: True
2026-08-01 19:12:27,464 [trainer.py] => init_cls: 40
2026-08-01 19:12:27,464 [trainer.py] => increment: 40
2026-08-01 19:12:27,464 [trainer.py] => model_name: bilora
2026-08-01 19:12:27,464 [trainer.py] => backbone_type: vit_base_patch16_224_in21k_bilora
2026-08-01 19:12:27,464 [trainer.py] => net_type: sip
2026-08-01 19:12:27,464 [trainer.py] => embd_dim: 768
2026-08-01 19:12:27,464 [trainer.py] => num_heads: 12
2026-08-01 19:12:27,464 [trainer.py] => total_sessions: 5
2026-08-01 19:12:27,464 [trainer.py] => device: [device(type='cuda', index=2)]
2026-08-01 19:12:27,464 [trainer.py] => seed: 0
2026-08-01 19:12:27,464 [trainer.py] => EPSILON: 1e-08
2026-08-01 19:12:27,464 [trainer.py] => init_epoch: 50
2026-08-01 19:12:27,464 [trainer.py] => optim: adam
2026-08-01 19:12:27,464 [trainer.py] => init_lr: 0.0005
2026-08-01 19:12:27,464 [trainer.py] => init_lr_decay: 0.1
2026-08-01 19:12:27,464 [trainer.py] => init_weight_decay: 0.0
2026-08-01 19:12:27,464 [trainer.py] => epochs: 50
2026-08-01 19:12:27,464 [trainer.py] => lrate: 0.0005
2026-08-01 19:12:27,464 [trainer.py] => lrate_decay: 0.1
2026-08-01 19:12:27,464 [trainer.py] => batch_size: 128
2026-08-01 19:12:27,464 [trainer.py] => weight_decay: 0.0
2026-08-01 19:12:27,464 [trainer.py] => rank: 10
2026-08-01 19:12:27,464 [trainer.py] => lamb: 0.98
2026-08-01 19:12:27,464 [trainer.py] => lame: 1.0
2026-08-01 19:12:27,464 [trainer.py] => num_workers: 16
2026-08-01 19:12:27,550 [data_manager.py] => [18, 170, 107, 98, 177, 182, 5, 146, 12, 152, 61, 125, 180, 154, 80, 7, 33, 130, 37, 74, 183, 145, 45, 159, 60, 123, 179, 185, 122, 44, 16, 55, 150, 111, 22, 189, 129, 4, 83, 106, 134, 66, 26, 113, 168, 63, 8, 75, 118, 143, 71, 124, 184, 97, 149, 24, 30, 160, 40, 56, 131, 96, 181, 19, 153, 92, 54, 163, 51, 86, 139, 90, 137, 101, 144, 89, 109, 14, 27, 141, 187, 46, 138, 195, 108, 62, 2, 59, 136, 197, 43, 10, 194, 73, 196, 178, 175, 126, 93, 112, 158, 191, 50, 0, 94, 110, 95, 64, 167, 41, 69, 49, 48, 85, 13, 161, 23, 186, 135, 20, 15, 78, 104, 52, 100, 76, 3, 116, 164, 198, 6, 68, 84, 121, 155, 171, 156, 91, 199, 11, 119, 102, 35, 57, 65, 1, 120, 162, 42, 105, 132, 173, 17, 38, 133, 53, 157, 128, 34, 28, 114, 151, 31, 166, 127, 176, 32, 142, 169, 147, 29, 99, 82, 79, 115, 148, 193, 72, 77, 25, 165, 81, 188, 174, 190, 39, 58, 140, 88, 70, 87, 36, 21, 9, 103, 67, 192, 117, 47, 172]
2026-08-01 19:12:31,889 [trainer.py] => All params: 109865251
2026-08-01 19:12:31,892 [trainer.py] => Trainable params: 109865251
2026-08-01 19:12:31,892 [bilora.py] => Learning on 0-40
