2026-08-01 19:02:56,605 [trainer.py] => prefix: reproduce
2026-08-01 19:02:56,605 [trainer.py] => dataset: omnibenchmark
2026-08-01 19:02:56,605 [trainer.py] => data_path: /home/team/zhaohongwei/Dataset/omnibenchmark
2026-08-01 19:02:56,605 [trainer.py] => memory_size: 0
2026-08-01 19:02:56,605 [trainer.py] => memory_per_class: 0
2026-08-01 19:02:56,605 [trainer.py] => fixed_memory: True
2026-08-01 19:02:56,605 [trainer.py] => shuffle: True
2026-08-01 19:02:56,605 [trainer.py] => init_cls: 30
2026-08-01 19:02:56,605 [trainer.py] => increment: 30
2026-08-01 19:02:56,605 [trainer.py] => model_name: bilora
2026-08-01 19:02:56,605 [trainer.py] => backbone_type: vit_base_patch16_224_in21k_bilora
2026-08-01 19:02:56,605 [trainer.py] => net_type: sip
2026-08-01 19:02:56,605 [trainer.py] => embd_dim: 768
2026-08-01 19:02:56,605 [trainer.py] => num_heads: 12
2026-08-01 19:02:56,605 [trainer.py] => total_sessions: 10
2026-08-01 19:02:56,605 [trainer.py] => device: [device(type='cuda', index=6)]
2026-08-01 19:02:56,605 [trainer.py] => seed: 0
2026-08-01 19:02:56,605 [trainer.py] => EPSILON: 1e-08
2026-08-01 19:02:56,605 [trainer.py] => init_epoch: 50
2026-08-01 19:02:56,605 [trainer.py] => optim: adam
2026-08-01 19:02:56,605 [trainer.py] => init_lr: 0.0005
2026-08-01 19:02:56,605 [trainer.py] => init_lr_decay: 0.1
2026-08-01 19:02:56,606 [trainer.py] => init_weight_decay: 0.0
2026-08-01 19:02:56,606 [trainer.py] => epochs: 50
2026-08-01 19:02:56,606 [trainer.py] => lrate: 0.0005
2026-08-01 19:02:56,606 [trainer.py] => lrate_decay: 0.1
2026-08-01 19:02:56,606 [trainer.py] => batch_size: 128
2026-08-01 19:02:56,606 [trainer.py] => weight_decay: 0.0
2026-08-01 19:02:56,606 [trainer.py] => rank: 10
2026-08-01 19:02:56,606 [trainer.py] => lamb: 0.98
2026-08-01 19:02:56,606 [trainer.py] => lame: 1.0
2026-08-01 19:02:56,606 [trainer.py] => num_workers: 16
2026-08-01 19:02:56,885 [data_manager.py] => [208, 188, 12, 221, 239, 136, 230, 206, 52, 108, 290, 15, 184, 248, 22, 74, 270, 90, 229, 164, 190, 103, 124, 129, 222, 116, 194, 286, 234, 295, 92, 66, 8, 122, 219, 150, 176, 182, 299, 5, 223, 89, 81, 34, 55, 139, 236, 64, 7, 45, 73, 213, 173, 106, 59, 253, 168, 26, 284, 153, 134, 145, 63, 293, 285, 224, 252, 111, 20, 46, 156, 228, 273, 27, 144, 259, 37, 97, 191, 135, 118, 160, 264, 214, 238, 76, 212, 225, 255, 237, 282, 44, 272, 189, 152, 158, 101, 54, 181, 18, 281, 250, 126, 171, 71, 227, 245, 205, 288, 215, 154, 159, 33, 83, 249, 60, 167, 280, 110, 21, 29, 146, 16, 56, 75, 109, 175, 201, 161, 4, 96, 166, 61, 67, 137, 198, 262, 279, 40, 268, 13, 107, 220, 3, 157, 125, 24, 30, 77, 291, 210, 19, 254, 241, 266, 80, 51, 2, 235, 104, 179, 86, 10, 199, 58, 41, 14, 155, 50, 292, 233, 123, 200, 62, 187, 226, 130, 209, 260, 43, 114, 138, 294, 218, 149, 112, 247, 98, 217, 93, 216, 162, 36, 178, 113, 0, 94, 275, 95, 296, 261, 240, 69, 49, 48, 85, 297, 141, 207, 23, 246, 148, 143, 78, 180, 100, 204, 131, 267, 298, 196, 6, 68, 203, 84, 170, 121, 140, 256, 274, 142, 257, 91, 82, 283, 11, 119, 102, 35, 57, 169, 231, 65, 1, 120, 269, 186, 42, 105, 132, 79, 17, 263, 232, 38, 133, 53, 258, 128, 28, 183, 163, 151, 244, 202, 31, 32, 127, 185, 278, 271, 147, 276, 177, 99, 197, 243, 115, 265, 72, 25, 165, 287, 174, 289, 39, 193, 88, 70, 87, 242, 277, 211, 9, 195, 251, 192, 117, 47, 172]
2026-08-01 19:03:01,793 [trainer.py] => All params: 112222251
2026-08-01 19:03:01,796 [trainer.py] => Trainable params: 112222251
2026-08-01 19:03:01,796 [bilora.py] => Learning on 0-30
