2026-07-30 04:17:31,328 [trainer.py] => prefix: reproduce
2026-07-30 04:17:31,328 [trainer.py] => dataset: vtab
2026-07-30 04:17:31,328 [trainer.py] => data_path: /home/team/zhaohongwei/Dataset/vtab
2026-07-30 04:17:31,328 [trainer.py] => memory_size: 0
2026-07-30 04:17:31,328 [trainer.py] => memory_per_class: 0
2026-07-30 04:17:31,328 [trainer.py] => fixed_memory: True
2026-07-30 04:17:31,328 [trainer.py] => shuffle: True
2026-07-30 04:17:31,328 [trainer.py] => init_cls: 10
2026-07-30 04:17:31,328 [trainer.py] => increment: 10
2026-07-30 04:17:31,329 [trainer.py] => model_name: bilora
2026-07-30 04:17:31,329 [trainer.py] => backbone_type: vit_base_patch16_224_in21k_bilora
2026-07-30 04:17:31,329 [trainer.py] => net_type: sip
2026-07-30 04:17:31,329 [trainer.py] => embd_dim: 768
2026-07-30 04:17:31,329 [trainer.py] => num_heads: 12
2026-07-30 04:17:31,329 [trainer.py] => total_sessions: 5
2026-07-30 04:17:31,329 [trainer.py] => device: [device(type='cuda', index=2)]
2026-07-30 04:17:31,329 [trainer.py] => seed: 0
2026-07-30 04:17:31,329 [trainer.py] => EPSILON: 1e-08
2026-07-30 04:17:31,329 [trainer.py] => init_epoch: 50
2026-07-30 04:17:31,329 [trainer.py] => optim: adam
2026-07-30 04:17:31,329 [trainer.py] => init_lr: 0.0005
2026-07-30 04:17:31,329 [trainer.py] => init_lr_decay: 0.1
2026-07-30 04:17:31,329 [trainer.py] => init_weight_decay: 0.0
2026-07-30 04:17:31,329 [trainer.py] => epochs: 50
2026-07-30 04:17:31,329 [trainer.py] => lrate: 0.0005
2026-07-30 04:17:31,329 [trainer.py] => lrate_decay: 0.1
2026-07-30 04:17:31,329 [trainer.py] => batch_size: 128
2026-07-30 04:17:31,329 [trainer.py] => weight_decay: 0.0
2026-07-30 04:17:31,329 [trainer.py] => rank: 10
2026-07-30 04:17:31,329 [trainer.py] => lamb: 0.98
2026-07-30 04:17:31,329 [trainer.py] => lame: 1.0
2026-07-30 04:17:31,329 [trainer.py] => num_workers: 16
2026-07-30 04:17:31,359 [data_manager.py] => [28, 11, 10, 41, 2, 27, 38, 31, 22, 4, 33, 35, 26, 34, 18, 7, 14, 45, 48, 29, 15, 30, 32, 16, 42, 20, 43, 8, 13, 25, 5, 17, 40, 49, 1, 12, 37, 24, 6, 23, 36, 21, 19, 9, 39, 46, 3, 0, 47, 44]
2026-07-30 04:17:34,784 [trainer.py] => All params: 109634551
2026-07-30 04:17:34,788 [trainer.py] => Trainable params: 109634551
2026-07-30 04:17:34,788 [bilora.py] => Learning on 0-10
2026-07-30 04:22:18,515 [bilora.py] => Task 0, Epoch 50/50 => Loss 0.261, Train_accy 97.69
2026-07-30 04:22:33,038 [trainer.py] => Timing Task 0 => Train 287.22s, Epochs 50, Train 5.7444s/epoch, Inference 11.03s, Images 1718, Inference 6.4199ms/image
2026-07-30 04:22:33,039 [bilora.py] => Exemplar size: 0
2026-07-30 04:22:33,039 [trainer.py] => No NME accuracy.
2026-07-30 04:22:33,039 [trainer.py] => CNN: {'total': 96.8, '00-09': 96.8, 'old': 0, 'new': 96.8}
2026-07-30 04:22:33,039 [trainer.py] => CNN top1 curve: [96.8]
2026-07-30 04:22:33,039 [trainer.py] => CNN top1 with task curve: [96.8]
2026-07-30 04:22:33,039 [trainer.py] => CNN top1 task curve: [1.0]
2026-07-30 04:22:33,039 [trainer.py] => CNN top5 curve: [100.0]
2026-07-30 04:22:33,039 [trainer.py] => Average Accuracy (CNN): 96.8
2026-07-30 04:22:33,041 [trainer.py] => All params: 109634551
2026-07-30 04:22:33,043 [trainer.py] => Trainable params: 79690
2026-07-30 04:22:33,043 [bilora.py] => Learning on 10-20
2026-07-30 04:27:33,505 [bilora.py] => Task 1, Epoch 50/50 => Loss 0.084, Train_accy 96.82
2026-07-30 04:27:59,561 [trainer.py] => Timing Task 1 => Train 304.24s, Epochs 50, Train 6.0848s/epoch, Inference 22.28s, Images 3636, Inference 6.1270ms/image
2026-07-30 04:27:59,561 [bilora.py] => Exemplar size: 0
2026-07-30 04:27:59,562 [trainer.py] => No NME accuracy.
2026-07-30 04:27:59,562 [trainer.py] => CNN: {'total': 79.95, '00-09': 87.43, '10-19': 73.25, 'old': 87.43, 'new': 73.25}
2026-07-30 04:27:59,562 [trainer.py] => CNN top1 curve: [96.8, 79.95]
2026-07-30 04:27:59,562 [trainer.py] => CNN top1 with task curve: [96.8, 96.15]
2026-07-30 04:27:59,562 [trainer.py] => CNN top1 task curve: [1.0, 0.8146]
2026-07-30 04:27:59,562 [trainer.py] => CNN top5 curve: [100.0, 99.64]
2026-07-30 04:27:59,562 [trainer.py] => Average Accuracy (CNN): 88.38
2026-07-30 04:27:59,566 [trainer.py] => All params: 109634551
2026-07-30 04:27:59,570 [trainer.py] => Trainable params: 79690
2026-07-30 04:27:59,570 [bilora.py] => Learning on 20-30
2026-07-30 04:33:10,464 [bilora.py] => Task 2, Epoch 50/50 => Loss 0.032, Train_accy 99.21
2026-07-30 04:33:49,538 [trainer.py] => Timing Task 2 => Train 314.88s, Epochs 50, Train 6.2977s/epoch, Inference 35.08s, Images 5362, Inference 6.5430ms/image
2026-07-30 04:33:49,539 [bilora.py] => Exemplar size: 0
2026-07-30 04:33:49,539 [trainer.py] => No NME accuracy.
2026-07-30 04:33:49,539 [trainer.py] => CNN: {'total': 78.05, '00-09': 83.47, '10-19': 67.21, '20-29': 84.7, 'old': 74.89, 'new': 84.7}
2026-07-30 04:33:49,540 [trainer.py] => CNN top1 curve: [96.8, 79.95, 78.05]
2026-07-30 04:33:49,540 [trainer.py] => CNN top1 with task curve: [96.8, 96.15, 96.74]
2026-07-30 04:33:49,540 [trainer.py] => CNN top1 task curve: [1.0, 0.8146, 0.7935]
2026-07-30 04:33:49,540 [trainer.py] => CNN top5 curve: [100.0, 99.64, 99.33]
2026-07-30 04:33:49,540 [trainer.py] => Average Accuracy (CNN): 84.93
2026-07-30 04:33:49,545 [trainer.py] => All params: 109634551
2026-07-30 04:33:49,548 [trainer.py] => Trainable params: 79690
2026-07-30 04:33:49,548 [bilora.py] => Learning on 30-40
2026-07-30 04:38:30,528 [bilora.py] => Task 3, Epoch 50/50 => Loss 0.063, Train_accy 99.01
2026-07-30 04:39:21,328 [trainer.py] => Timing Task 3 => Train 284.92s, Epochs 50, Train 5.6983s/epoch, Inference 46.86s, Images 6877, Inference 6.8144ms/image
2026-07-30 04:39:21,328 [bilora.py] => Exemplar size: 0
2026-07-30 04:39:21,328 [trainer.py] => No NME accuracy.
2026-07-30 04:39:21,328 [trainer.py] => CNN: {'total': 76.46, '00-09': 80.5, '10-19': 63.97, '20-29': 81.17, '30-39': 82.31, 'old': 74.8, 'new': 82.31}
2026-07-30 04:39:21,328 [trainer.py] => CNN top1 curve: [96.8, 79.95, 78.05, 76.46]
2026-07-30 04:39:21,328 [trainer.py] => CNN top1 with task curve: [96.8, 96.15, 96.74, 97.11]
2026-07-30 04:39:21,328 [trainer.py] => CNN top1 task curve: [1.0, 0.8146, 0.7935, 0.7745]
2026-07-30 04:39:21,328 [trainer.py] => CNN top5 curve: [100.0, 99.64, 99.33, 98.63]
2026-07-30 04:39:21,328 [trainer.py] => Average Accuracy (CNN): 82.82
2026-07-30 04:39:21,331 [trainer.py] => All params: 109634551
2026-07-30 04:39:21,333 [trainer.py] => Trainable params: 79690
2026-07-30 04:39:21,333 [bilora.py] => Learning on 40-50
2026-07-30 04:44:30,006 [bilora.py] => Task 4, Epoch 50/50 => Loss 0.033, Train_accy 99.14
2026-07-30 04:45:36,639 [trainer.py] => Timing Task 4 => Train 312.75s, Epochs 50, Train 6.2551s/epoch, Inference 62.55s, Images 8619, Inference 7.2575ms/image
2026-07-30 04:45:36,640 [bilora.py] => Exemplar size: 0
2026-07-30 04:45:36,640 [trainer.py] => No NME accuracy.
2026-07-30 04:45:36,640 [trainer.py] => CNN: {'total': 71.54, '00-09': 65.72, '10-19': 62.1, '20-29': 79.2, '30-39': 82.18, '40-49': 70.84, 'old': 71.72, 'new': 70.84}
2026-07-30 04:45:36,640 [trainer.py] => CNN top1 curve: [96.8, 79.95, 78.05, 76.46, 71.54]
2026-07-30 04:45:36,640 [trainer.py] => CNN top1 with task curve: [96.8, 96.15, 96.74, 97.11, 97.34]
2026-07-30 04:45:36,641 [trainer.py] => CNN top1 task curve: [1.0, 0.8146, 0.7935, 0.7745, 0.7217]
2026-07-30 04:45:36,641 [trainer.py] => CNN top5 curve: [100.0, 99.64, 99.33, 98.63, 98.13]
2026-07-30 04:45:36,641 [trainer.py] => Average Accuracy (CNN): 80.56
