2026-05-11 20:10:37,498 [trainer.py] => config: ./configs/l2p/l2p_cub_B0_Inc10.json
2026-05-11 20:10:37,499 [trainer.py] => prefix:  
2026-05-11 20:10:37,499 [trainer.py] => dataset: cub
2026-05-11 20:10:37,499 [trainer.py] => memory_size: 0
2026-05-11 20:10:37,499 [trainer.py] => memory_per_class: 0
2026-05-11 20:10:37,499 [trainer.py] => fixed_memory: False
2026-05-11 20:10:37,499 [trainer.py] => shuffle: True
2026-05-11 20:10:37,500 [trainer.py] => init_cls: 10
2026-05-11 20:10:37,500 [trainer.py] => increment: 10
2026-05-11 20:10:37,500 [trainer.py] => model_name: l2p
2026-05-11 20:10:37,500 [trainer.py] => backbone_type: vit_base_patch16_224_in21k_l2p
2026-05-11 20:10:37,500 [trainer.py] => get_original_backbone: True
2026-05-11 20:10:37,500 [trainer.py] => device: [device(type='cuda', index=2)]
2026-05-11 20:10:37,500 [trainer.py] => seed: 42
2026-05-11 20:10:37,501 [trainer.py] => tuned_epoch: 20
2026-05-11 20:10:37,501 [trainer.py] => init_lr: 0.001875
2026-05-11 20:10:37,501 [trainer.py] => batch_size: 48
2026-05-11 20:10:37,501 [trainer.py] => weight_decay: 0
2026-05-11 20:10:37,501 [trainer.py] => min_lr: 1e-05
2026-05-11 20:10:37,501 [trainer.py] => optimizer: adam
2026-05-11 20:10:37,501 [trainer.py] => scheduler: constant
2026-05-11 20:10:37,501 [trainer.py] => reinit_optimizer: True
2026-05-11 20:10:37,502 [trainer.py] => global_pool: token
2026-05-11 20:10:37,502 [trainer.py] => head_type: prompt
2026-05-11 20:10:37,502 [trainer.py] => freeze: ['blocks', 'patch_embed', 'cls_token', 'norm', 'pos_embed']
2026-05-11 20:10:37,502 [trainer.py] => pretrained: True
2026-05-11 20:10:37,502 [trainer.py] => drop: 0.0
2026-05-11 20:10:37,502 [trainer.py] => drop_path: 0.0
2026-05-11 20:10:37,502 [trainer.py] => prompt_pool: True
2026-05-11 20:10:37,503 [trainer.py] => size: 10
2026-05-11 20:10:37,503 [trainer.py] => length: 5
2026-05-11 20:10:37,503 [trainer.py] => top_k: 5
2026-05-11 20:10:37,503 [trainer.py] => initializer: uniform
2026-05-11 20:10:37,503 [trainer.py] => prompt_key: True
2026-05-11 20:10:37,503 [trainer.py] => prompt_key_init: uniform
2026-05-11 20:10:37,503 [trainer.py] => use_prompt_mask: False
2026-05-11 20:10:37,503 [trainer.py] => shared_prompt_pool: False
2026-05-11 20:10:37,504 [trainer.py] => shared_prompt_key: False
2026-05-11 20:10:37,504 [trainer.py] => batchwise_prompt: True
2026-05-11 20:10:37,504 [trainer.py] => embedding_key: cls
2026-05-11 20:10:37,504 [trainer.py] => predefined_key: 
2026-05-11 20:10:37,504 [trainer.py] => pull_constraint: True
2026-05-11 20:10:37,504 [trainer.py] => pull_constraint_coeff: 0.1
2026-05-11 20:10:38,872 [data_manager.py] => [95, 15, 30, 158, 128, 115, 69, 170, 174, 45, 66, 182, 165, 78, 186, 177, 56, 152, 82, 68, 124, 16, 148, 93, 65, 60, 84, 67, 125, 132, 9, 18, 55, 75, 150, 104, 135, 137, 164, 76, 79, 197, 38, 24, 122, 195, 29, 19, 143, 86, 114, 173, 5, 126, 117, 73, 140, 98, 172, 96, 169, 97, 31, 12, 35, 119, 42, 189, 90, 136, 51, 127, 162, 41, 118, 113, 26, 139, 100, 111, 2, 77, 46, 187, 191, 85, 161, 36, 190, 61, 22, 141, 101, 33, 11, 194, 159, 6, 27, 120, 4, 32, 142, 145, 109, 144, 10, 62, 112, 146, 166, 0, 198, 153, 70, 123, 64, 44, 163, 28, 40, 108, 155, 156, 25, 23, 184, 147, 81, 39, 168, 47, 94, 154, 43, 138, 3, 105, 53, 133, 180, 178, 185, 49, 80, 34, 7, 110, 91, 83, 176, 181, 89, 8, 13, 59, 171, 131, 17, 72, 175, 134, 167, 183, 63, 54, 107, 50, 196, 58, 48, 88, 21, 57, 160, 192, 129, 37, 157, 193, 1, 52, 149, 130, 151, 103, 99, 116, 87, 74, 121, 199, 20, 188, 71, 106, 14, 92, 179, 102]
2026-05-11 20:10:56,780 [vit_l2p.py] => Resized position embedding: torch.Size([1, 197, 768]) to torch.Size([1, 222, 768])
2026-05-11 20:10:56,799 [vit_l2p.py] => Position embedding grid-size from [14, 14] to (14, 14)
2026-05-11 20:11:01,259 [l2p.py] => 86,017,736 model total parameters.
2026-05-11 20:11:01,260 [l2p.py] => 199,880 model training parameters.
2026-05-11 20:11:01,260 [l2p.py] => prompt.prompt: 38400
2026-05-11 20:11:01,260 [l2p.py] => prompt.prompt_key: 7680
2026-05-11 20:11:01,260 [l2p.py] => head.weight: 153600
2026-05-11 20:11:01,261 [l2p.py] => head.bias: 200
2026-05-11 20:11:01,261 [trainer.py] => All params: 171970192
2026-05-11 20:11:01,262 [trainer.py] => Trainable params: 199880
2026-05-11 20:11:01,262 [l2p.py] => Learning on 0-10
2026-05-11 20:15:54,662 [l2p.py] => Task 0, Epoch 20/20 => Loss 0.059, Train_accy 94.29, Test_accy 95.20
2026-05-11 20:15:57,395 [trainer.py] => No NME accuracy.
2026-05-11 20:15:57,396 [trainer.py] => CNN: {'total': 95.2, '00-09': 95.2, 'old': 0, 'new': 95.2}
2026-05-11 20:15:57,396 [trainer.py] => CNN top1 curve: [95.2]
2026-05-11 20:15:57,396 [trainer.py] => CNN top5 curve: [100.0]
2026-05-11 20:15:57,396 [trainer.py] => Average Accuracy (CNN): 95.2
2026-05-11 20:15:57,397 [trainer.py] => All params: 171970192
2026-05-11 20:15:57,398 [trainer.py] => Trainable params: 199880
2026-05-11 20:15:57,398 [l2p.py] => Learning on 10-20
2026-05-11 20:20:57,912 [l2p.py] => Task 1, Epoch 20/20 => Loss -0.045, Train_accy 95.16, Test_accy 91.88
2026-05-11 20:21:02,571 [trainer.py] => No NME accuracy.
2026-05-11 20:21:02,571 [trainer.py] => CNN: {'total': 91.88, '00-09': 93.6, '10-19': 89.91, 'old': 93.6, 'new': 89.91}
2026-05-11 20:21:02,571 [trainer.py] => CNN top1 curve: [95.2, 91.88]
2026-05-11 20:21:02,571 [trainer.py] => CNN top5 curve: [100.0, 99.15]
2026-05-11 20:21:02,571 [trainer.py] => Average Accuracy (CNN): 93.54
2026-05-11 20:21:02,572 [trainer.py] => All params: 171970192
2026-05-11 20:21:02,573 [trainer.py] => Trainable params: 199880
2026-05-11 20:21:02,573 [l2p.py] => Learning on 20-30
2026-05-11 20:26:02,815 [l2p.py] => Task 2, Epoch 20/20 => Loss -0.125, Train_accy 96.33, Test_accy 88.49
2026-05-11 20:26:09,719 [trainer.py] => No NME accuracy.
2026-05-11 20:26:09,720 [trainer.py] => CNN: {'total': 88.49, '00-09': 93.6, '10-19': 79.82, '20-29': 90.84, 'old': 87.18, 'new': 90.84}
2026-05-11 20:26:09,720 [trainer.py] => CNN top1 curve: [95.2, 91.88, 88.49]
2026-05-11 20:26:09,720 [trainer.py] => CNN top5 curve: [100.0, 99.15, 99.45]
2026-05-11 20:26:09,721 [trainer.py] => Average Accuracy (CNN): 91.86
2026-05-11 20:26:09,724 [trainer.py] => All params: 171970192
2026-05-11 20:26:09,727 [trainer.py] => Trainable params: 199880
2026-05-11 20:26:09,728 [l2p.py] => Learning on 30-40
2026-05-11 20:30:47,940 [l2p.py] => Task 3, Epoch 20/20 => Loss -0.086, Train_accy 95.31, Test_accy 88.00
2026-05-11 20:30:56,680 [trainer.py] => No NME accuracy.
2026-05-11 20:30:56,681 [trainer.py] => CNN: {'total': 88.0, '00-09': 88.8, '10-19': 77.98, '20-29': 91.6, '30-39': 92.73, 'old': 86.58, 'new': 92.73}
2026-05-11 20:30:56,681 [trainer.py] => CNN top1 curve: [95.2, 91.88, 88.49, 88.0]
2026-05-11 20:30:56,682 [trainer.py] => CNN top5 curve: [100.0, 99.15, 99.45, 99.58]
2026-05-11 20:30:56,682 [trainer.py] => Average Accuracy (CNN): 90.89
2026-05-11 20:30:56,685 [trainer.py] => All params: 171970192
2026-05-11 20:30:56,689 [trainer.py] => Trainable params: 199880
2026-05-11 20:30:56,689 [l2p.py] => Learning on 40-50
2026-05-11 20:36:27,807 [l2p.py] => Task 4, Epoch 20/20 => Loss -0.153, Train_accy 97.14, Test_accy 85.74
2026-05-11 20:36:38,540 [trainer.py] => No NME accuracy.
2026-05-11 20:36:38,541 [trainer.py] => CNN: {'total': 85.74, '00-09': 87.2, '10-19': 68.81, '20-29': 83.21, '30-39': 94.55, '40-49': 95.33, 'old': 83.58, 'new': 95.33}
2026-05-11 20:36:38,541 [trainer.py] => CNN top1 curve: [95.2, 91.88, 88.49, 88.0, 85.74]
2026-05-11 20:36:38,541 [trainer.py] => CNN top5 curve: [100.0, 99.15, 99.45, 99.58, 99.31]
2026-05-11 20:36:38,541 [trainer.py] => Average Accuracy (CNN): 89.86
2026-05-11 20:36:38,543 [trainer.py] => All params: 171970192
2026-05-11 20:36:38,544 [trainer.py] => Trainable params: 199880
2026-05-11 20:36:38,544 [l2p.py] => Learning on 50-60
2026-05-11 20:42:03,246 [l2p.py] => Task 5, Epoch 20/20 => Loss -0.164, Train_accy 96.56, Test_accy 82.13
2026-05-11 20:42:16,058 [trainer.py] => No NME accuracy.
2026-05-11 20:42:16,080 [trainer.py] => CNN: {'total': 82.13, '00-09': 84.0, '10-19': 69.72, '20-29': 83.97, '30-39': 95.45, '40-49': 89.72, '50-59': 69.64, 'old': 84.54, 'new': 69.64}
2026-05-11 20:42:16,080 [trainer.py] => CNN top1 curve: [95.2, 91.88, 88.49, 88.0, 85.74, 82.13]
2026-05-11 20:42:16,080 [trainer.py] => CNN top5 curve: [100.0, 99.15, 99.45, 99.58, 99.31, 98.41]
2026-05-11 20:42:16,080 [trainer.py] => Average Accuracy (CNN): 88.57
2026-05-11 20:42:16,082 [trainer.py] => All params: 171970192
2026-05-11 20:42:16,083 [trainer.py] => Trainable params: 199880
2026-05-11 20:42:16,083 [l2p.py] => Learning on 60-70
2026-05-11 20:47:52,637 [l2p.py] => Task 6, Epoch 20/20 => Loss -0.191, Train_accy 97.01, Test_accy 80.49
2026-05-11 20:48:07,375 [trainer.py] => No NME accuracy.
2026-05-11 20:48:07,375 [trainer.py] => CNN: {'total': 80.49, '00-09': 80.0, '10-19': 68.81, '20-29': 82.44, '30-39': 90.0, '40-49': 88.79, '50-59': 71.43, '60-69': 81.82, 'old': 80.26, 'new': 81.82}
2026-05-11 20:48:07,375 [trainer.py] => CNN top1 curve: [95.2, 91.88, 88.49, 88.0, 85.74, 82.13, 80.49]
2026-05-11 20:48:07,375 [trainer.py] => CNN top5 curve: [100.0, 99.15, 99.45, 99.58, 99.31, 98.41, 98.16]
2026-05-11 20:48:07,375 [trainer.py] => Average Accuracy (CNN): 87.42
2026-05-11 20:48:07,376 [trainer.py] => All params: 171970192
2026-05-11 20:48:07,377 [trainer.py] => Trainable params: 199880
2026-05-11 20:48:07,377 [l2p.py] => Learning on 70-80
2026-05-11 20:53:49,955 [l2p.py] => Task 7, Epoch 20/20 => Loss -0.187, Train_accy 97.65, Test_accy 79.17
2026-05-11 20:54:06,845 [trainer.py] => No NME accuracy.
2026-05-11 20:54:06,846 [trainer.py] => CNN: {'total': 79.17, '00-09': 69.6, '10-19': 67.89, '20-29': 81.68, '30-39': 90.0, '40-49': 88.79, '50-59': 66.96, '60-69': 80.17, '70-79': 88.43, 'old': 77.79, 'new': 88.43}
2026-05-11 20:54:06,846 [trainer.py] => CNN top1 curve: [95.2, 91.88, 88.49, 88.0, 85.74, 82.13, 80.49, 79.17]
2026-05-11 20:54:06,846 [trainer.py] => CNN top5 curve: [100.0, 99.15, 99.45, 99.58, 99.31, 98.41, 98.16, 97.76]
2026-05-11 20:54:06,846 [trainer.py] => Average Accuracy (CNN): 86.39
2026-05-11 20:54:06,849 [trainer.py] => All params: 171970192
2026-05-11 20:54:06,851 [trainer.py] => Trainable params: 199880
2026-05-11 20:54:06,851 [l2p.py] => Learning on 80-90
2026-05-11 21:00:01,085 [l2p.py] => Task 8, Epoch 20/20 => Loss -0.147, Train_accy 95.76, Test_accy 77.74
2026-05-11 21:00:19,746 [trainer.py] => No NME accuracy.
2026-05-11 21:00:19,746 [trainer.py] => CNN: {'total': 77.74, '00-09': 68.8, '10-19': 67.89, '20-29': 73.28, '30-39': 89.09, '40-49': 85.05, '50-59': 62.5, '60-69': 77.69, '70-79': 89.26, '80-89': 86.29, 'old': 76.6, 'new': 86.29}
2026-05-11 21:00:19,747 [trainer.py] => CNN top1 curve: [95.2, 91.88, 88.49, 88.0, 85.74, 82.13, 80.49, 79.17, 77.74]
2026-05-11 21:00:19,747 [trainer.py] => CNN top5 curve: [100.0, 99.15, 99.45, 99.58, 99.31, 98.41, 98.16, 97.76, 98.02]
2026-05-11 21:00:19,747 [trainer.py] => Average Accuracy (CNN): 85.43
2026-05-11 21:00:19,749 [trainer.py] => All params: 171970192
2026-05-11 21:00:19,751 [trainer.py] => Trainable params: 199880
2026-05-11 21:00:19,751 [l2p.py] => Learning on 90-100
2026-05-11 21:06:21,843 [l2p.py] => Task 9, Epoch 20/20 => Loss -0.191, Train_accy 97.04, Test_accy 77.22
2026-05-11 21:06:42,883 [trainer.py] => No NME accuracy.
2026-05-11 21:06:42,883 [trainer.py] => CNN: {'total': 77.22, '00-09': 67.2, '10-19': 66.06, '20-29': 73.28, '30-39': 89.09, '40-49': 75.7, '50-59': 62.5, '60-69': 76.03, '70-79': 88.43, '80-89': 85.48, '90-99': 88.39, 'old': 76.04, 'new': 88.39}
2026-05-11 21:06:42,883 [trainer.py] => CNN top1 curve: [95.2, 91.88, 88.49, 88.0, 85.74, 82.13, 80.49, 79.17, 77.74, 77.22]
2026-05-11 21:06:42,883 [trainer.py] => CNN top5 curve: [100.0, 99.15, 99.45, 99.58, 99.31, 98.41, 98.16, 97.76, 98.02, 97.78]
2026-05-11 21:06:42,883 [trainer.py] => Average Accuracy (CNN): 84.61
2026-05-11 21:06:42,885 [trainer.py] => All params: 171970192
2026-05-11 21:06:42,885 [trainer.py] => Trainable params: 199880
2026-05-11 21:06:42,886 [l2p.py] => Learning on 100-110
2026-05-11 21:12:43,014 [l2p.py] => Task 10, Epoch 20/20 => Loss -0.083, Train_accy 92.92, Test_accy 73.03
2026-05-11 21:13:04,939 [trainer.py] => No NME accuracy.
2026-05-11 21:13:04,957 [trainer.py] => CNN: {'total': 73.03, '00-09': 58.4, '10-19': 66.97, '20-29': 74.05, '30-39': 88.18, '40-49': 71.96, '50-59': 61.61, '60-69': 72.73, '70-79': 88.43, '80-89': 84.68, '90-99': 87.5, '100-109': 46.73, 'old': 75.43, 'new': 46.73}
2026-05-11 21:13:04,957 [trainer.py] => CNN top1 curve: [95.2, 91.88, 88.49, 88.0, 85.74, 82.13, 80.49, 79.17, 77.74, 77.22, 73.03]
2026-05-11 21:13:04,957 [trainer.py] => CNN top5 curve: [100.0, 99.15, 99.45, 99.58, 99.31, 98.41, 98.16, 97.76, 98.02, 97.78, 96.25]
2026-05-11 21:13:04,957 [trainer.py] => Average Accuracy (CNN): 83.55
2026-05-11 21:13:04,959 [trainer.py] => All params: 171970192
2026-05-11 21:13:04,960 [trainer.py] => Trainable params: 199880
2026-05-11 21:13:04,960 [l2p.py] => Learning on 110-120
2026-05-11 21:19:20,211 [l2p.py] => Task 11, Epoch 20/20 => Loss -0.175, Train_accy 96.98, Test_accy 72.79
2026-05-11 21:19:45,274 [trainer.py] => No NME accuracy.
2026-05-11 21:19:45,275 [trainer.py] => CNN: {'total': 72.79, '00-09': 57.6, '10-19': 66.97, '20-29': 73.28, '30-39': 90.0, '40-49': 67.29, '50-59': 60.71, '60-69': 74.38, '70-79': 89.26, '80-89': 83.06, '90-99': 85.71, '100-109': 47.66, '110-119': 75.2, 'old': 72.56, 'new': 75.2}
2026-05-11 21:19:45,275 [trainer.py] => CNN top1 curve: [95.2, 91.88, 88.49, 88.0, 85.74, 82.13, 80.49, 79.17, 77.74, 77.22, 73.03, 72.79]
2026-05-11 21:19:45,275 [trainer.py] => CNN top5 curve: [100.0, 99.15, 99.45, 99.58, 99.31, 98.41, 98.16, 97.76, 98.02, 97.78, 96.25, 96.08]
2026-05-11 21:19:45,276 [trainer.py] => Average Accuracy (CNN): 82.66
2026-05-11 21:19:45,279 [trainer.py] => All params: 171970192
2026-05-11 21:19:45,283 [trainer.py] => Trainable params: 199880
2026-05-11 21:19:45,283 [l2p.py] => Learning on 120-130
2026-05-11 21:26:13,834 [l2p.py] => Task 12, Epoch 20/20 => Loss -0.150, Train_accy 95.80, Test_accy 70.51
2026-05-11 21:26:40,452 [trainer.py] => No NME accuracy.
2026-05-11 21:26:40,452 [trainer.py] => CNN: {'total': 70.51, '00-09': 56.8, '10-19': 52.29, '20-29': 70.99, '30-39': 90.0, '40-49': 58.88, '50-59': 61.61, '60-69': 74.38, '70-79': 89.26, '80-89': 80.65, '90-99': 83.93, '100-109': 47.66, '110-119': 76.0, '120-129': 70.43, 'old': 70.51, 'new': 70.43}
2026-05-11 21:26:40,452 [trainer.py] => CNN top1 curve: [95.2, 91.88, 88.49, 88.0, 85.74, 82.13, 80.49, 79.17, 77.74, 77.22, 73.03, 72.79, 70.51]
2026-05-11 21:26:40,452 [trainer.py] => CNN top5 curve: [100.0, 99.15, 99.45, 99.58, 99.31, 98.41, 98.16, 97.76, 98.02, 97.78, 96.25, 96.08, 96.18]
2026-05-11 21:26:40,452 [trainer.py] => Average Accuracy (CNN): 81.72
2026-05-11 21:26:40,454 [trainer.py] => All params: 171970192
2026-05-11 21:26:40,456 [trainer.py] => Trainable params: 199880
2026-05-11 21:26:40,456 [l2p.py] => Learning on 130-140
2026-05-11 21:33:18,779 [l2p.py] => Task 13, Epoch 20/20 => Loss -0.200, Train_accy 97.91, Test_accy 70.98
2026-05-11 21:33:47,887 [trainer.py] => No NME accuracy.
2026-05-11 21:33:47,888 [trainer.py] => CNN: {'total': 70.98, '00-09': 56.8, '10-19': 52.29, '20-29': 72.52, '30-39': 89.09, '40-49': 60.75, '50-59': 62.5, '60-69': 75.21, '70-79': 87.6, '80-89': 79.03, '90-99': 83.93, '100-109': 47.66, '110-119': 76.0, '120-129': 68.7, '130-139': 77.69, 'old': 70.44, 'new': 77.69}
2026-05-11 21:33:47,888 [trainer.py] => CNN top1 curve: [95.2, 91.88, 88.49, 88.0, 85.74, 82.13, 80.49, 79.17, 77.74, 77.22, 73.03, 72.79, 70.51, 70.98]
2026-05-11 21:33:47,889 [trainer.py] => CNN top5 curve: [100.0, 99.15, 99.45, 99.58, 99.31, 98.41, 98.16, 97.76, 98.02, 97.78, 96.25, 96.08, 96.18, 96.4]
2026-05-11 21:33:47,889 [trainer.py] => Average Accuracy (CNN): 80.96
2026-05-11 21:33:47,892 [trainer.py] => All params: 171970192
2026-05-11 21:33:47,896 [trainer.py] => Trainable params: 199880
2026-05-11 21:33:47,896 [l2p.py] => Learning on 140-150
2026-05-11 21:40:32,012 [l2p.py] => Task 14, Epoch 20/20 => Loss -0.168, Train_accy 97.48, Test_accy 70.90
2026-05-11 21:41:02,276 [trainer.py] => No NME accuracy.
2026-05-11 21:41:02,276 [trainer.py] => CNN: {'total': 70.9, '00-09': 56.0, '10-19': 50.46, '20-29': 73.28, '30-39': 88.18, '40-49': 62.62, '50-59': 61.61, '60-69': 75.21, '70-79': 80.17, '80-89': 77.42, '90-99': 84.82, '100-109': 46.73, '110-119': 76.0, '120-129': 67.83, '130-139': 79.34, '140-149': 81.37, 'old': 70.24, 'new': 81.37}
2026-05-11 21:41:02,276 [trainer.py] => CNN top1 curve: [95.2, 91.88, 88.49, 88.0, 85.74, 82.13, 80.49, 79.17, 77.74, 77.22, 73.03, 72.79, 70.51, 70.98, 70.9]
2026-05-11 21:41:02,277 [trainer.py] => CNN top5 curve: [100.0, 99.15, 99.45, 99.58, 99.31, 98.41, 98.16, 97.76, 98.02, 97.78, 96.25, 96.08, 96.18, 96.4, 96.04]
2026-05-11 21:41:02,277 [trainer.py] => Average Accuracy (CNN): 80.28
2026-05-11 21:41:02,278 [trainer.py] => All params: 171970192
2026-05-11 21:41:02,279 [trainer.py] => Trainable params: 199880
2026-05-11 21:41:02,279 [l2p.py] => Learning on 150-160
2026-05-11 21:47:55,647 [l2p.py] => Task 15, Epoch 20/20 => Loss -0.180, Train_accy 97.05, Test_accy 68.59
2026-05-11 21:48:28,399 [trainer.py] => No NME accuracy.
2026-05-11 21:48:28,399 [trainer.py] => CNN: {'total': 68.59, '00-09': 49.6, '10-19': 50.46, '20-29': 70.99, '30-39': 89.09, '40-49': 58.88, '50-59': 58.93, '60-69': 75.21, '70-79': 73.55, '80-89': 72.58, '90-99': 83.93, '100-109': 40.19, '110-119': 70.4, '120-129': 66.96, '130-139': 73.55, '140-149': 81.37, '150-159': 81.48, 'old': 67.8, 'new': 81.48}
2026-05-11 21:48:28,400 [trainer.py] => CNN top1 curve: [95.2, 91.88, 88.49, 88.0, 85.74, 82.13, 80.49, 79.17, 77.74, 77.22, 73.03, 72.79, 70.51, 70.98, 70.9, 68.59]
2026-05-11 21:48:28,400 [trainer.py] => CNN top5 curve: [100.0, 99.15, 99.45, 99.58, 99.31, 98.41, 98.16, 97.76, 98.02, 97.78, 96.25, 96.08, 96.18, 96.4, 96.04, 95.95]
2026-05-11 21:48:28,400 [trainer.py] => Average Accuracy (CNN): 79.55
2026-05-11 21:48:28,404 [trainer.py] => All params: 171970192
2026-05-11 21:48:28,407 [trainer.py] => Trainable params: 199880
2026-05-11 21:48:28,407 [l2p.py] => Learning on 160-170
2026-05-11 21:55:29,998 [l2p.py] => Task 16, Epoch 20/20 => Loss -0.181, Train_accy 97.48, Test_accy 67.78
2026-05-11 21:56:05,885 [trainer.py] => No NME accuracy.
2026-05-11 21:56:05,912 [trainer.py] => CNN: {'total': 67.78, '00-09': 50.4, '10-19': 48.62, '20-29': 72.52, '30-39': 88.18, '40-49': 54.21, '50-59': 59.82, '60-69': 76.03, '70-79': 74.38, '80-89': 71.77, '90-99': 83.04, '100-109': 41.12, '110-119': 70.4, '120-129': 66.96, '130-139': 72.73, '140-149': 76.47, '150-159': 82.41, '160-169': 61.98, 'old': 68.16, 'new': 61.98}
2026-05-11 21:56:05,912 [trainer.py] => CNN top1 curve: [95.2, 91.88, 88.49, 88.0, 85.74, 82.13, 80.49, 79.17, 77.74, 77.22, 73.03, 72.79, 70.51, 70.98, 70.9, 68.59, 67.78]
2026-05-11 21:56:05,912 [trainer.py] => CNN top5 curve: [100.0, 99.15, 99.45, 99.58, 99.31, 98.41, 98.16, 97.76, 98.02, 97.78, 96.25, 96.08, 96.18, 96.4, 96.04, 95.95, 95.89]
2026-05-11 21:56:05,913 [trainer.py] => Average Accuracy (CNN): 78.86
2026-05-11 21:56:05,914 [trainer.py] => All params: 171970192
2026-05-11 21:56:05,916 [trainer.py] => Trainable params: 199880
2026-05-11 21:56:05,916 [l2p.py] => Learning on 170-180
2026-05-11 22:03:13,387 [l2p.py] => Task 17, Epoch 20/20 => Loss -0.193, Train_accy 97.69, Test_accy 67.10
2026-05-11 22:03:51,271 [trainer.py] => No NME accuracy.
2026-05-11 22:03:51,301 [trainer.py] => CNN: {'total': 67.1, '00-09': 47.2, '10-19': 47.71, '20-29': 69.47, '30-39': 86.36, '40-49': 54.21, '50-59': 53.57, '60-69': 75.21, '70-79': 74.38, '80-89': 73.39, '90-99': 81.25, '100-109': 42.06, '110-119': 69.6, '120-129': 66.96, '130-139': 75.21, '140-149': 75.49, '150-159': 82.41, '160-169': 59.5, '170-179': 72.65, 'old': 66.77, 'new': 72.65}
2026-05-11 22:03:51,301 [trainer.py] => CNN top1 curve: [95.2, 91.88, 88.49, 88.0, 85.74, 82.13, 80.49, 79.17, 77.74, 77.22, 73.03, 72.79, 70.51, 70.98, 70.9, 68.59, 67.78, 67.1]
2026-05-11 22:03:51,301 [trainer.py] => CNN top5 curve: [100.0, 99.15, 99.45, 99.58, 99.31, 98.41, 98.16, 97.76, 98.02, 97.78, 96.25, 96.08, 96.18, 96.4, 96.04, 95.95, 95.89, 95.5]
2026-05-11 22:03:51,301 [trainer.py] => Average Accuracy (CNN): 78.21
2026-05-11 22:03:51,302 [trainer.py] => All params: 171970192
2026-05-11 22:03:51,303 [trainer.py] => Trainable params: 199880
2026-05-11 22:03:51,304 [l2p.py] => Learning on 180-190
2026-05-11 22:10:58,073 [l2p.py] => Task 18, Epoch 20/20 => Loss -0.173, Train_accy 96.92, Test_accy 67.17
2026-05-11 22:11:38,235 [trainer.py] => No NME accuracy.
2026-05-11 22:11:38,236 [trainer.py] => CNN: {'total': 67.17, '00-09': 48.0, '10-19': 49.54, '20-29': 70.23, '30-39': 86.36, '40-49': 56.07, '50-59': 57.14, '60-69': 74.38, '70-79': 72.73, '80-89': 70.97, '90-99': 81.25, '100-109': 42.06, '110-119': 68.0, '120-129': 66.96, '130-139': 76.86, '140-149': 73.53, '150-159': 81.48, '160-169': 56.2, '170-179': 71.79, '180-189': 71.13, 'old': 66.91, 'new': 71.13}
2026-05-11 22:11:38,236 [trainer.py] => CNN top1 curve: [95.2, 91.88, 88.49, 88.0, 85.74, 82.13, 80.49, 79.17, 77.74, 77.22, 73.03, 72.79, 70.51, 70.98, 70.9, 68.59, 67.78, 67.1, 67.17]
2026-05-11 22:11:38,236 [trainer.py] => CNN top5 curve: [100.0, 99.15, 99.45, 99.58, 99.31, 98.41, 98.16, 97.76, 98.02, 97.78, 96.25, 96.08, 96.18, 96.4, 96.04, 95.95, 95.89, 95.5, 94.8]
2026-05-11 22:11:38,236 [trainer.py] => Average Accuracy (CNN): 77.63
2026-05-11 22:11:38,238 [trainer.py] => All params: 171970192
2026-05-11 22:11:38,240 [trainer.py] => Trainable params: 199880
2026-05-11 22:11:38,240 [l2p.py] => Learning on 190-200
2026-05-11 22:19:03,054 [l2p.py] => Task 19, Epoch 20/20 => Loss -0.156, Train_accy 96.59, Test_accy 65.27
2026-05-11 22:19:45,529 [trainer.py] => No NME accuracy.
2026-05-11 22:19:45,566 [trainer.py] => CNN: {'total': 65.27, '00-09': 40.8, '10-19': 45.87, '20-29': 69.47, '30-39': 87.27, '40-49': 53.27, '50-59': 57.14, '60-69': 71.07, '70-79': 73.55, '80-89': 50.81, '90-99': 77.68, '100-109': 42.06, '110-119': 63.2, '120-129': 66.96, '130-139': 74.38, '140-149': 73.53, '150-159': 74.07, '160-169': 46.28, '170-179': 72.65, '180-189': 71.13, '190-199': 91.41, 'old': 63.77, 'new': 91.41}
2026-05-11 22:19:45,566 [trainer.py] => CNN top1 curve: [95.2, 91.88, 88.49, 88.0, 85.74, 82.13, 80.49, 79.17, 77.74, 77.22, 73.03, 72.79, 70.51, 70.98, 70.9, 68.59, 67.78, 67.1, 67.17, 65.27]
2026-05-11 22:19:45,566 [trainer.py] => CNN top5 curve: [100.0, 99.15, 99.45, 99.58, 99.31, 98.41, 98.16, 97.76, 98.02, 97.78, 96.25, 96.08, 96.18, 96.4, 96.04, 95.95, 95.89, 95.5, 94.8, 94.91]
2026-05-11 22:19:45,566 [trainer.py] => Average Accuracy (CNN): 77.01
2026-05-11 22:19:45,566 [trainer.py] => ================================================================================
2026-05-11 22:19:45,566 [trainer.py] => Finished cub_init10_inc10: vit_base_patch16_224_in21k_l2p  seed=42 
2026-05-11 22:19:45,567 [trainer.py] => Last Accuracy: 65.27
2026-05-11 22:19:45,567 [trainer.py] => Average Accuracy (CNN): 77.01
2026-05-11 22:19:45,567 [trainer.py] => PD: 29.93
2026-05-11 22:19:45,567 [trainer.py] => Accuracy Matrix (CNN):
2026-05-11 22:19:45,569 [trainer.py] => [[95.2  93.6  93.6  88.8  87.2  84.   80.   69.6  68.8  67.2  58.4  57.6
  56.8  56.8  56.   49.6  50.4  47.2  48.   40.8 ]
 [ 0.   89.91 79.82 77.98 68.81 69.72 68.81 67.89 67.89 66.06 66.97 66.97
  52.29 52.29 50.46 50.46 48.62 47.71 49.54 45.87]
 [ 0.    0.   90.84 91.6  83.21 83.97 82.44 81.68 73.28 73.28 74.05 73.28
  70.99 72.52 73.28 70.99 72.52 69.47 70.23 69.47]
 [ 0.    0.    0.   92.73 94.55 95.45 90.   90.   89.09 89.09 88.18 90.
  90.   89.09 88.18 89.09 88.18 86.36 86.36 87.27]
 [ 0.    0.    0.    0.   95.33 89.72 88.79 88.79 85.05 75.7  71.96 67.29
  58.88 60.75 62.62 58.88 54.21 54.21 56.07 53.27]
 [ 0.    0.    0.    0.    0.   69.64 71.43 66.96 62.5  62.5  61.61 60.71
  61.61 62.5  61.61 58.93 59.82 53.57 57.14 57.14]
 [ 0.    0.    0.    0.    0.    0.   81.82 80.17 77.69 76.03 72.73 74.38
  74.38 75.21 75.21 75.21 76.03 75.21 74.38 71.07]
 [ 0.    0.    0.    0.    0.    0.    0.   88.43 89.26 88.43 88.43 89.26
  89.26 87.6  80.17 73.55 74.38 74.38 72.73 73.55]
 [ 0.    0.    0.    0.    0.    0.    0.    0.   86.29 85.48 84.68 83.06
  80.65 79.03 77.42 72.58 71.77 73.39 70.97 50.81]
 [ 0.    0.    0.    0.    0.    0.    0.    0.    0.   88.39 87.5  85.71
  83.93 83.93 84.82 83.93 83.04 81.25 81.25 77.68]
 [ 0.    0.    0.    0.    0.    0.    0.    0.    0.    0.   46.73 47.66
  47.66 47.66 46.73 40.19 41.12 42.06 42.06 42.06]
 [ 0.    0.    0.    0.    0.    0.    0.    0.    0.    0.    0.   75.2
  76.   76.   76.   70.4  70.4  69.6  68.   63.2 ]
 [ 0.    0.    0.    0.    0.    0.    0.    0.    0.    0.    0.    0.
  70.43 68.7  67.83 66.96 66.96 66.96 66.96 66.96]
 [ 0.    0.    0.    0.    0.    0.    0.    0.    0.    0.    0.    0.
   0.   77.69 79.34 73.55 72.73 75.21 76.86 74.38]
 [ 0.    0.    0.    0.    0.    0.    0.    0.    0.    0.    0.    0.
   0.    0.   81.37 81.37 76.47 75.49 73.53 73.53]
 [ 0.    0.    0.    0.    0.    0.    0.    0.    0.    0.    0.    0.
   0.    0.    0.   81.48 82.41 82.41 81.48 74.07]
 [ 0.    0.    0.    0.    0.    0.    0.    0.    0.    0.    0.    0.
   0.    0.    0.    0.   61.98 59.5  56.2  46.28]
 [ 0.    0.    0.    0.    0.    0.    0.    0.    0.    0.    0.    0.
   0.    0.    0.    0.    0.   72.65 71.79 72.65]
 [ 0.    0.    0.    0.    0.    0.    0.    0.    0.    0.    0.    0.
   0.    0.    0.    0.    0.    0.   71.13 71.13]
 [ 0.    0.    0.    0.    0.    0.    0.    0.    0.    0.    0.    0.
   0.    0.    0.    0.    0.    0.    0.   91.41]]
2026-05-11 22:19:45,570 [trainer.py] => Forgetting (CNN): 16.65578947368421
2026-05-11 22:19:45,570 [trainer.py] => ================================================================================
