2026-05-31 20:10:06,935 [trainer.py] => config: ./configs/l2p/l2p_ina_B100_Inc5.json
2026-05-31 20:10:06,936 [trainer.py] => prefix:  
2026-05-31 20:10:06,936 [trainer.py] => dataset: imageneta
2026-05-31 20:10:06,936 [trainer.py] => memory_size: 0
2026-05-31 20:10:06,936 [trainer.py] => memory_per_class: 0
2026-05-31 20:10:06,936 [trainer.py] => fixed_memory: False
2026-05-31 20:10:06,936 [trainer.py] => shuffle: True
2026-05-31 20:10:06,936 [trainer.py] => init_cls: 100
2026-05-31 20:10:06,936 [trainer.py] => increment: 5
2026-05-31 20:10:06,936 [trainer.py] => model_name: l2p
2026-05-31 20:10:06,936 [trainer.py] => backbone_type: vit_base_patch16_224_in21k_l2p
2026-05-31 20:10:06,936 [trainer.py] => get_original_backbone: True
2026-05-31 20:10:06,936 [trainer.py] => device: [device(type='cuda', index=2)]
2026-05-31 20:10:06,936 [trainer.py] => seed: 42
2026-05-31 20:10:06,936 [trainer.py] => tuned_epoch: 20
2026-05-31 20:10:06,936 [trainer.py] => init_lr: 0.001875
2026-05-31 20:10:06,936 [trainer.py] => batch_size: 48
2026-05-31 20:10:06,936 [trainer.py] => weight_decay: 0
2026-05-31 20:10:06,936 [trainer.py] => min_lr: 1e-05
2026-05-31 20:10:06,937 [trainer.py] => optimizer: adam
2026-05-31 20:10:06,937 [trainer.py] => scheduler: constant
2026-05-31 20:10:06,937 [trainer.py] => reinit_optimizer: True
2026-05-31 20:10:06,937 [trainer.py] => global_pool: token
2026-05-31 20:10:06,937 [trainer.py] => head_type: prompt
2026-05-31 20:10:06,937 [trainer.py] => freeze: ['blocks', 'patch_embed', 'cls_token', 'norm', 'pos_embed']
2026-05-31 20:10:06,937 [trainer.py] => pretrained: True
2026-05-31 20:10:06,937 [trainer.py] => drop: 0.0
2026-05-31 20:10:06,937 [trainer.py] => drop_path: 0.0
2026-05-31 20:10:06,937 [trainer.py] => prompt_pool: True
2026-05-31 20:10:06,937 [trainer.py] => size: 10
2026-05-31 20:10:06,937 [trainer.py] => length: 5
2026-05-31 20:10:06,937 [trainer.py] => top_k: 5
2026-05-31 20:10:06,937 [trainer.py] => initializer: uniform
2026-05-31 20:10:06,937 [trainer.py] => prompt_key: True
2026-05-31 20:10:06,937 [trainer.py] => prompt_key_init: uniform
2026-05-31 20:10:06,937 [trainer.py] => use_prompt_mask: False
2026-05-31 20:10:06,937 [trainer.py] => shared_prompt_pool: False
2026-05-31 20:10:06,937 [trainer.py] => shared_prompt_key: False
2026-05-31 20:10:06,937 [trainer.py] => batchwise_prompt: True
2026-05-31 20:10:06,937 [trainer.py] => embedding_key: cls
2026-05-31 20:10:06,937 [trainer.py] => predefined_key: 
2026-05-31 20:10:06,938 [trainer.py] => pull_constraint: True
2026-05-31 20:10:06,938 [trainer.py] => pull_constraint_coeff: 0.1
2026-05-31 20:10:06,968 [data_manager.py] => [95, 15, 30, 158, 128, 115, 69, 170, 174, 45, 66, 182, 165, 78, 186, 177, 56, 152, 82, 68, 124, 16, 148, 93, 65, 60, 84, 67, 125, 132, 9, 18, 55, 75, 150, 104, 135, 137, 164, 76, 79, 197, 38, 24, 122, 195, 29, 19, 143, 86, 114, 173, 5, 126, 117, 73, 140, 98, 172, 96, 169, 97, 31, 12, 35, 119, 42, 189, 90, 136, 51, 127, 162, 41, 118, 113, 26, 139, 100, 111, 2, 77, 46, 187, 191, 85, 161, 36, 190, 61, 22, 141, 101, 33, 11, 194, 159, 6, 27, 120, 4, 32, 142, 145, 109, 144, 10, 62, 112, 146, 166, 0, 198, 153, 70, 123, 64, 44, 163, 28, 40, 108, 155, 156, 25, 23, 184, 147, 81, 39, 168, 47, 94, 154, 43, 138, 3, 105, 53, 133, 180, 178, 185, 49, 80, 34, 7, 110, 91, 83, 176, 181, 89, 8, 13, 59, 171, 131, 17, 72, 175, 134, 167, 183, 63, 54, 107, 50, 196, 58, 48, 88, 21, 57, 160, 192, 129, 37, 157, 193, 1, 52, 149, 130, 151, 103, 99, 116, 87, 74, 121, 199, 20, 188, 71, 106, 14, 92, 179, 102]
2026-05-31 20:10:09,625 [vit_l2p.py] => Resized position embedding: torch.Size([1, 197, 768]) to torch.Size([1, 222, 768])
2026-05-31 20:10:09,625 [vit_l2p.py] => Position embedding grid-size from [14, 14] to (14, 14)
2026-05-31 20:10:12,452 [l2p.py] => 86,017,736 model total parameters.
2026-05-31 20:10:12,452 [l2p.py] => 199,880 model training parameters.
2026-05-31 20:10:12,452 [l2p.py] => prompt.prompt: 38400
2026-05-31 20:10:12,452 [l2p.py] => prompt.prompt_key: 7680
2026-05-31 20:10:12,453 [l2p.py] => head.weight: 153600
2026-05-31 20:10:12,453 [l2p.py] => head.bias: 200
2026-05-31 20:10:12,454 [trainer.py] => All params: 171970192
2026-05-31 20:10:12,454 [trainer.py] => Trainable params: 199880
2026-05-31 20:10:12,705 [l2p.py] => Learning on 0-100
2026-05-31 20:22:24,220 [l2p.py] => Task 0, Epoch 20/20 => Loss 0.208, Train_accy 89.55, Test_accy 58.36
2026-05-31 20:22:30,803 [trainer.py] => Timing Task 0 => Train 731.52s, Epochs 20, Train 36.5758s/epoch, Inference 6.58s, Images 754, Inference 8.7289ms/image
2026-05-31 20:22:30,804 [trainer.py] => No NME accuracy.
2026-05-31 20:22:30,804 [trainer.py] => CNN: {'total': 58.36, '00-99': 58.36, 'old': 0, 'new': 58.36}
2026-05-31 20:22:30,804 [trainer.py] => CNN top1 curve: [58.36]
2026-05-31 20:22:30,804 [trainer.py] => CNN top5 curve: [81.3]
2026-05-31 20:22:30,804 [trainer.py] => Average Accuracy (CNN): 58.36
2026-05-31 20:22:30,807 [trainer.py] => All params: 171970192
2026-05-31 20:22:30,809 [trainer.py] => Trainable params: 199880
2026-05-31 20:22:30,809 [l2p.py] => Learning on 100-105
2026-05-31 20:23:36,436 [l2p.py] => Task 1, Epoch 20/20 => Loss -0.201, Train_accy 100.00, Test_accy 56.67
2026-05-31 20:23:42,759 [trainer.py] => Timing Task 1 => Train 65.63s, Epochs 20, Train 3.2814s/epoch, Inference 6.32s, Images 787, Inference 8.0329ms/image
2026-05-31 20:23:42,760 [trainer.py] => No NME accuracy.
2026-05-31 20:23:42,760 [trainer.py] => CNN: {'total': 56.67, '00-99': 58.75, '100-104': 9.09, 'old': 58.75, 'new': 9.09}
2026-05-31 20:23:42,760 [trainer.py] => CNN top1 curve: [58.36, 56.67]
2026-05-31 20:23:42,760 [trainer.py] => CNN top5 curve: [81.3, 79.67]
2026-05-31 20:23:42,760 [trainer.py] => Average Accuracy (CNN): 57.52
2026-05-31 20:23:42,763 [trainer.py] => All params: 171970192
2026-05-31 20:23:42,765 [trainer.py] => Trainable params: 199880
2026-05-31 20:23:42,765 [l2p.py] => Learning on 105-110
2026-05-31 20:25:06,152 [l2p.py] => Task 2, Epoch 20/20 => Loss -0.170, Train_accy 99.01, Test_accy 54.04
2026-05-31 20:25:12,814 [trainer.py] => Timing Task 2 => Train 83.39s, Epochs 20, Train 4.1694s/epoch, Inference 6.66s, Images 842, Inference 7.9106ms/image
2026-05-31 20:25:12,815 [trainer.py] => No NME accuracy.
2026-05-31 20:25:12,815 [trainer.py] => CNN: {'total': 54.04, '00-99': 59.02, '100-104': 6.06, '105-109': 14.55, 'old': 56.8, 'new': 14.55}
2026-05-31 20:25:12,815 [trainer.py] => CNN top1 curve: [58.36, 56.67, 54.04]
2026-05-31 20:25:12,815 [trainer.py] => CNN top5 curve: [81.3, 79.67, 78.38]
2026-05-31 20:25:12,815 [trainer.py] => Average Accuracy (CNN): 56.36
2026-05-31 20:25:12,816 [trainer.py] => All params: 171970192
2026-05-31 20:25:12,818 [trainer.py] => Trainable params: 199880
2026-05-31 20:25:12,818 [l2p.py] => Learning on 110-115
2026-05-31 20:26:18,528 [l2p.py] => Task 3, Epoch 20/20 => Loss -0.160, Train_accy 100.00, Test_accy 52.40
2026-05-31 20:26:25,528 [trainer.py] => Timing Task 3 => Train 65.71s, Epochs 20, Train 3.2856s/epoch, Inference 7.00s, Images 874, Inference 8.0063ms/image
2026-05-31 20:26:25,528 [trainer.py] => No NME accuracy.
2026-05-31 20:26:25,528 [trainer.py] => CNN: {'total': 52.4, '00-99': 59.28, '100-104': 6.06, '105-109': 14.55, '110-114': 3.12, 'old': 54.28, 'new': 3.12}
2026-05-31 20:26:25,528 [trainer.py] => CNN top1 curve: [58.36, 56.67, 54.04, 52.4]
2026-05-31 20:26:25,528 [trainer.py] => CNN top5 curve: [81.3, 79.67, 78.38, 77.69]
2026-05-31 20:26:25,528 [trainer.py] => Average Accuracy (CNN): 55.37
2026-05-31 20:26:25,530 [trainer.py] => All params: 171970192
2026-05-31 20:26:25,532 [trainer.py] => Trainable params: 199880
2026-05-31 20:26:25,532 [l2p.py] => Learning on 115-120
2026-05-31 20:28:11,166 [l2p.py] => Task 4, Epoch 20/20 => Loss -0.100, Train_accy 96.03, Test_accy 49.36
2026-05-31 20:28:18,897 [trainer.py] => Timing Task 4 => Train 105.64s, Epochs 20, Train 5.2818s/epoch, Inference 7.73s, Images 938, Inference 8.2403ms/image
2026-05-31 20:28:18,897 [trainer.py] => No NME accuracy.
2026-05-31 20:28:18,898 [trainer.py] => CNN: {'total': 49.36, '00-99': 59.02, '100-104': 6.06, '105-109': 14.55, '110-114': 3.12, '115-119': 10.94, 'old': 52.17, 'new': 10.94}
2026-05-31 20:28:18,898 [trainer.py] => CNN top1 curve: [58.36, 56.67, 54.04, 52.4, 49.36]
2026-05-31 20:28:18,898 [trainer.py] => CNN top5 curve: [81.3, 79.67, 78.38, 77.69, 76.97]
2026-05-31 20:28:18,898 [trainer.py] => Average Accuracy (CNN): 54.17
2026-05-31 20:28:18,901 [trainer.py] => All params: 171970192
2026-05-31 20:28:18,903 [trainer.py] => Trainable params: 199880
2026-05-31 20:28:18,903 [l2p.py] => Learning on 120-125
2026-05-31 20:29:15,569 [l2p.py] => Task 5, Epoch 20/20 => Loss -0.155, Train_accy 100.00, Test_accy 48.60
2026-05-31 20:29:23,118 [trainer.py] => Timing Task 5 => Train 56.67s, Epochs 20, Train 2.8333s/epoch, Inference 7.55s, Images 961, Inference 7.8545ms/image
2026-05-31 20:29:23,119 [trainer.py] => No NME accuracy.
2026-05-31 20:29:23,119 [trainer.py] => CNN: {'total': 48.6, '00-99': 58.75, '100-104': 6.06, '105-109': 12.73, '110-114': 3.12, '115-119': 10.94, '120-124': 30.43, 'old': 49.04, 'new': 30.43}
2026-05-31 20:29:23,119 [trainer.py] => CNN top1 curve: [58.36, 56.67, 54.04, 52.4, 49.36, 48.6]
2026-05-31 20:29:23,119 [trainer.py] => CNN top5 curve: [81.3, 79.67, 78.38, 77.69, 76.97, 76.59]
2026-05-31 20:29:23,119 [trainer.py] => Average Accuracy (CNN): 53.24
2026-05-31 20:29:23,120 [trainer.py] => All params: 171970192
2026-05-31 20:29:23,121 [trainer.py] => Trainable params: 199880
2026-05-31 20:29:23,121 [l2p.py] => Learning on 125-130
2026-05-31 20:30:43,599 [l2p.py] => Task 6, Epoch 20/20 => Loss -0.150, Train_accy 99.38, Test_accy 46.63
2026-05-31 20:30:51,848 [trainer.py] => Timing Task 6 => Train 80.48s, Epochs 20, Train 4.0240s/epoch, Inference 8.25s, Images 1010, Inference 8.1653ms/image
2026-05-31 20:30:51,848 [trainer.py] => No NME accuracy.
2026-05-31 20:30:51,848 [trainer.py] => CNN: {'total': 46.63, '00-99': 58.62, '100-104': 3.03, '105-109': 12.73, '110-114': 3.12, '115-119': 10.94, '120-124': 26.09, '125-129': 14.29, 'old': 48.28, 'new': 14.29}
2026-05-31 20:30:51,848 [trainer.py] => CNN top1 curve: [58.36, 56.67, 54.04, 52.4, 49.36, 48.6, 46.63]
2026-05-31 20:30:51,848 [trainer.py] => CNN top5 curve: [81.3, 79.67, 78.38, 77.69, 76.97, 76.59, 75.25]
2026-05-31 20:30:51,849 [trainer.py] => Average Accuracy (CNN): 52.29
2026-05-31 20:30:51,850 [trainer.py] => All params: 171970192
2026-05-31 20:30:51,852 [trainer.py] => Trainable params: 199880
2026-05-31 20:30:51,852 [l2p.py] => Learning on 130-135
2026-05-31 20:32:16,477 [l2p.py] => Task 7, Epoch 20/20 => Loss -0.142, Train_accy 99.42, Test_accy 46.31
2026-05-31 20:32:24,270 [trainer.py] => Timing Task 7 => Train 84.63s, Epochs 20, Train 4.2313s/epoch, Inference 7.79s, Images 1058, Inference 7.3642ms/image
2026-05-31 20:32:24,270 [trainer.py] => No NME accuracy.
2026-05-31 20:32:24,270 [trainer.py] => CNN: {'total': 46.31, '00-99': 59.02, '100-104': 3.03, '105-109': 14.55, '110-114': 3.12, '115-119': 12.5, '120-124': 26.09, '125-129': 12.24, '130-134': 31.25, 'old': 47.03, 'new': 31.25}
2026-05-31 20:32:24,270 [trainer.py] => CNN top1 curve: [58.36, 56.67, 54.04, 52.4, 49.36, 48.6, 46.63, 46.31]
2026-05-31 20:32:24,271 [trainer.py] => CNN top5 curve: [81.3, 79.67, 78.38, 77.69, 76.97, 76.59, 75.25, 74.39]
2026-05-31 20:32:24,271 [trainer.py] => Average Accuracy (CNN): 51.55
2026-05-31 20:32:24,272 [trainer.py] => All params: 171970192
2026-05-31 20:32:24,274 [trainer.py] => Trainable params: 199880
2026-05-31 20:32:24,274 [l2p.py] => Learning on 135-140
2026-05-31 20:33:45,116 [l2p.py] => Task 8, Epoch 20/20 => Loss -0.075, Train_accy 97.65, Test_accy 45.24
2026-05-31 20:33:53,813 [trainer.py] => Timing Task 8 => Train 80.84s, Epochs 20, Train 4.0422s/epoch, Inference 8.70s, Images 1103, Inference 7.8838ms/image
2026-05-31 20:33:53,814 [trainer.py] => No NME accuracy.
2026-05-31 20:33:53,814 [trainer.py] => CNN: {'total': 45.24, '00-99': 59.15, '100-104': 3.03, '105-109': 14.55, '110-114': 3.12, '115-119': 14.06, '120-124': 26.09, '125-129': 12.24, '130-134': 31.25, '135-139': 15.56, 'old': 46.5, 'new': 15.56}
2026-05-31 20:33:53,814 [trainer.py] => CNN top1 curve: [58.36, 56.67, 54.04, 52.4, 49.36, 48.6, 46.63, 46.31, 45.24]
2026-05-31 20:33:53,814 [trainer.py] => CNN top5 curve: [81.3, 79.67, 78.38, 77.69, 76.97, 76.59, 75.25, 74.39, 73.53]
2026-05-31 20:33:53,814 [trainer.py] => Average Accuracy (CNN): 50.85
2026-05-31 20:33:53,815 [trainer.py] => All params: 171970192
2026-05-31 20:33:53,816 [trainer.py] => Trainable params: 199880
2026-05-31 20:33:53,816 [l2p.py] => Learning on 140-145
2026-05-31 20:34:56,774 [l2p.py] => Task 9, Epoch 20/20 => Loss -0.123, Train_accy 98.85, Test_accy 44.27
2026-05-31 20:35:05,411 [trainer.py] => Timing Task 9 => Train 62.96s, Epochs 20, Train 3.1480s/epoch, Inference 8.63s, Images 1125, Inference 7.6746ms/image
2026-05-31 20:35:05,411 [trainer.py] => No NME accuracy.
2026-05-31 20:35:05,411 [trainer.py] => CNN: {'total': 44.27, '00-99': 58.89, '100-104': 3.03, '105-109': 14.55, '110-114': 3.12, '115-119': 14.06, '120-124': 26.09, '125-129': 12.24, '130-134': 29.17, '135-139': 15.56, '140-144': 9.09, 'old': 44.97, 'new': 9.09}
2026-05-31 20:35:05,412 [trainer.py] => CNN top1 curve: [58.36, 56.67, 54.04, 52.4, 49.36, 48.6, 46.63, 46.31, 45.24, 44.27]
2026-05-31 20:35:05,412 [trainer.py] => CNN top5 curve: [81.3, 79.67, 78.38, 77.69, 76.97, 76.59, 75.25, 74.39, 73.53, 72.53]
2026-05-31 20:35:05,412 [trainer.py] => Average Accuracy (CNN): 50.19
2026-05-31 20:35:05,414 [trainer.py] => All params: 171970192
2026-05-31 20:35:05,415 [trainer.py] => Trainable params: 199880
2026-05-31 20:35:05,415 [l2p.py] => Learning on 145-150
2026-05-31 20:36:16,407 [l2p.py] => Task 10, Epoch 20/20 => Loss -0.121, Train_accy 96.49, Test_accy 43.77
2026-05-31 20:36:25,360 [trainer.py] => Timing Task 10 => Train 70.99s, Epochs 20, Train 3.5497s/epoch, Inference 8.95s, Images 1140, Inference 7.8518ms/image
2026-05-31 20:36:25,360 [trainer.py] => No NME accuracy.
2026-05-31 20:36:25,360 [trainer.py] => CNN: {'total': 43.77, '00-99': 58.22, '100-104': 3.03, '105-109': 16.36, '110-114': 3.12, '115-119': 14.06, '120-124': 26.09, '125-129': 12.24, '130-134': 31.25, '135-139': 15.56, '140-144': 9.09, '145-149': 26.67, 'old': 44.0, 'new': 26.67}
2026-05-31 20:36:25,360 [trainer.py] => CNN top1 curve: [58.36, 56.67, 54.04, 52.4, 49.36, 48.6, 46.63, 46.31, 45.24, 44.27, 43.77]
2026-05-31 20:36:25,360 [trainer.py] => CNN top5 curve: [81.3, 79.67, 78.38, 77.69, 76.97, 76.59, 75.25, 74.39, 73.53, 72.53, 71.75]
2026-05-31 20:36:25,360 [trainer.py] => Average Accuracy (CNN): 49.6
2026-05-31 20:36:25,362 [trainer.py] => All params: 171970192
2026-05-31 20:36:25,363 [trainer.py] => Trainable params: 199880
2026-05-31 20:36:25,363 [l2p.py] => Learning on 150-155
2026-05-31 20:37:57,323 [l2p.py] => Task 11, Epoch 20/20 => Loss -0.028, Train_accy 92.75, Test_accy 42.92
2026-05-31 20:38:06,636 [trainer.py] => Timing Task 11 => Train 91.96s, Epochs 20, Train 4.5981s/epoch, Inference 9.31s, Images 1193, Inference 7.8050ms/image
2026-05-31 20:38:06,637 [trainer.py] => No NME accuracy.
2026-05-31 20:38:06,637 [trainer.py] => CNN: {'total': 42.92, '00-99': 58.89, '100-104': 3.03, '105-109': 16.36, '110-114': 3.12, '115-119': 14.06, '120-124': 34.78, '125-129': 14.29, '130-134': 33.33, '135-139': 15.56, '140-144': 4.55, '145-149': 26.67, '150-154': 9.43, 'old': 44.47, 'new': 9.43}
2026-05-31 20:38:06,637 [trainer.py] => CNN top1 curve: [58.36, 56.67, 54.04, 52.4, 49.36, 48.6, 46.63, 46.31, 45.24, 44.27, 43.77, 42.92]
2026-05-31 20:38:06,637 [trainer.py] => CNN top5 curve: [81.3, 79.67, 78.38, 77.69, 76.97, 76.59, 75.25, 74.39, 73.53, 72.53, 71.75, 70.58]
2026-05-31 20:38:06,637 [trainer.py] => Average Accuracy (CNN): 49.05
2026-05-31 20:38:06,639 [trainer.py] => All params: 171970192
2026-05-31 20:38:06,641 [trainer.py] => Trainable params: 199880
2026-05-31 20:38:06,642 [l2p.py] => Learning on 155-160
2026-05-31 20:39:26,604 [l2p.py] => Task 12, Epoch 20/20 => Loss -0.099, Train_accy 97.12, Test_accy 42.12
2026-05-31 20:39:36,141 [trainer.py] => Timing Task 12 => Train 79.96s, Epochs 20, Train 3.9982s/epoch, Inference 9.54s, Images 1225, Inference 7.7848ms/image
2026-05-31 20:39:36,141 [trainer.py] => No NME accuracy.
2026-05-31 20:39:36,141 [trainer.py] => CNN: {'total': 42.12, '00-99': 58.62, '100-104': 3.03, '105-109': 16.36, '110-114': 3.12, '115-119': 14.06, '120-124': 34.78, '125-129': 14.29, '130-134': 33.33, '135-139': 15.56, '140-144': 4.55, '145-149': 26.67, '150-154': 7.55, '155-159': 21.88, 'old': 42.67, 'new': 21.88}
2026-05-31 20:39:36,142 [trainer.py] => CNN top1 curve: [58.36, 56.67, 54.04, 52.4, 49.36, 48.6, 46.63, 46.31, 45.24, 44.27, 43.77, 42.92, 42.12]
2026-05-31 20:39:36,142 [trainer.py] => CNN top5 curve: [81.3, 79.67, 78.38, 77.69, 76.97, 76.59, 75.25, 74.39, 73.53, 72.53, 71.75, 70.58, 69.88]
2026-05-31 20:39:36,142 [trainer.py] => Average Accuracy (CNN): 48.51
2026-05-31 20:39:36,143 [trainer.py] => All params: 171970192
2026-05-31 20:39:36,144 [trainer.py] => Trainable params: 199880
2026-05-31 20:39:36,144 [l2p.py] => Learning on 160-165
2026-05-31 20:40:45,883 [l2p.py] => Task 13, Epoch 20/20 => Loss -0.106, Train_accy 99.05, Test_accy 41.41
2026-05-31 20:40:54,974 [trainer.py] => Timing Task 13 => Train 69.74s, Epochs 20, Train 3.4871s/epoch, Inference 9.09s, Images 1251, Inference 7.2643ms/image
2026-05-31 20:40:54,974 [trainer.py] => No NME accuracy.
2026-05-31 20:40:54,974 [trainer.py] => CNN: {'total': 41.41, '00-99': 58.36, '100-104': 3.03, '105-109': 14.55, '110-114': 6.25, '115-119': 12.5, '120-124': 34.78, '125-129': 12.24, '130-134': 33.33, '135-139': 17.78, '140-144': 4.55, '145-149': 26.67, '150-154': 5.66, '155-159': 21.88, '160-164': 23.08, 'old': 41.8, 'new': 23.08}
2026-05-31 20:40:54,974 [trainer.py] => CNN top1 curve: [58.36, 56.67, 54.04, 52.4, 49.36, 48.6, 46.63, 46.31, 45.24, 44.27, 43.77, 42.92, 42.12, 41.41]
2026-05-31 20:40:54,974 [trainer.py] => CNN top5 curve: [81.3, 79.67, 78.38, 77.69, 76.97, 76.59, 75.25, 74.39, 73.53, 72.53, 71.75, 70.58, 69.88, 68.59]
2026-05-31 20:40:54,974 [trainer.py] => Average Accuracy (CNN): 48.01
2026-05-31 20:40:54,976 [trainer.py] => All params: 171970192
2026-05-31 20:40:54,978 [trainer.py] => Trainable params: 199880
2026-05-31 20:40:54,979 [l2p.py] => Learning on 165-170
2026-05-31 20:42:16,870 [l2p.py] => Task 14, Epoch 20/20 => Loss -0.113, Train_accy 97.92, Test_accy 40.51
2026-05-31 20:42:26,760 [trainer.py] => Timing Task 14 => Train 81.89s, Epochs 20, Train 4.0947s/epoch, Inference 9.89s, Images 1286, Inference 7.6888ms/image
2026-05-31 20:42:26,761 [trainer.py] => No NME accuracy.
2026-05-31 20:42:26,761 [trainer.py] => CNN: {'total': 40.51, '00-99': 58.36, '100-104': 3.03, '105-109': 14.55, '110-114': 6.25, '115-119': 14.06, '120-124': 30.43, '125-129': 12.24, '130-134': 33.33, '135-139': 13.33, '140-144': 9.09, '145-149': 33.33, '150-154': 7.55, '155-159': 21.88, '160-164': 23.08, '165-169': 5.71, 'old': 41.49, 'new': 5.71}
2026-05-31 20:42:26,761 [trainer.py] => CNN top1 curve: [58.36, 56.67, 54.04, 52.4, 49.36, 48.6, 46.63, 46.31, 45.24, 44.27, 43.77, 42.92, 42.12, 41.41, 40.51]
2026-05-31 20:42:26,761 [trainer.py] => CNN top5 curve: [81.3, 79.67, 78.38, 77.69, 76.97, 76.59, 75.25, 74.39, 73.53, 72.53, 71.75, 70.58, 69.88, 68.59, 67.88]
2026-05-31 20:42:26,761 [trainer.py] => Average Accuracy (CNN): 47.51
2026-05-31 20:42:26,763 [trainer.py] => All params: 171970192
2026-05-31 20:42:26,764 [trainer.py] => Trainable params: 199880
2026-05-31 20:42:26,765 [l2p.py] => Learning on 170-175
2026-05-31 20:44:17,524 [l2p.py] => Task 15, Epoch 20/20 => Loss -0.114, Train_accy 96.93, Test_accy 39.72
2026-05-31 20:44:27,583 [trainer.py] => Timing Task 15 => Train 110.76s, Epochs 20, Train 5.5380s/epoch, Inference 10.06s, Images 1347, Inference 7.4666ms/image
2026-05-31 20:44:27,583 [trainer.py] => No NME accuracy.
2026-05-31 20:44:27,583 [trainer.py] => CNN: {'total': 39.72, '00-99': 58.62, '100-104': 0.0, '105-109': 14.55, '110-114': 6.25, '115-119': 12.5, '120-124': 30.43, '125-129': 12.24, '130-134': 33.33, '135-139': 20.0, '140-144': 4.55, '145-149': 33.33, '150-154': 7.55, '155-159': 21.88, '160-164': 23.08, '165-169': 5.71, '170-174': 19.67, 'old': 40.67, 'new': 19.67}
2026-05-31 20:44:27,583 [trainer.py] => CNN top1 curve: [58.36, 56.67, 54.04, 52.4, 49.36, 48.6, 46.63, 46.31, 45.24, 44.27, 43.77, 42.92, 42.12, 41.41, 40.51, 39.72]
2026-05-31 20:44:27,583 [trainer.py] => CNN top5 curve: [81.3, 79.67, 78.38, 77.69, 76.97, 76.59, 75.25, 74.39, 73.53, 72.53, 71.75, 70.58, 69.88, 68.59, 67.88, 67.93]
2026-05-31 20:44:27,583 [trainer.py] => Average Accuracy (CNN): 47.02
2026-05-31 20:44:27,584 [trainer.py] => All params: 171970192
2026-05-31 20:44:27,585 [trainer.py] => Trainable params: 199880
2026-05-31 20:44:27,585 [l2p.py] => Learning on 175-180
2026-05-31 20:45:37,098 [l2p.py] => Task 16, Epoch 20/20 => Loss -0.125, Train_accy 98.92, Test_accy 38.80
2026-05-31 20:45:47,291 [trainer.py] => Timing Task 16 => Train 69.51s, Epochs 20, Train 3.4757s/epoch, Inference 10.19s, Images 1379, Inference 7.3910ms/image
2026-05-31 20:45:47,292 [trainer.py] => No NME accuracy.
2026-05-31 20:45:47,292 [trainer.py] => CNN: {'total': 38.8, '00-99': 58.62, '100-104': 0.0, '105-109': 14.55, '110-114': 6.25, '115-119': 12.5, '120-124': 30.43, '125-129': 12.24, '130-134': 33.33, '135-139': 20.0, '140-144': 4.55, '145-149': 26.67, '150-154': 7.55, '155-159': 21.88, '160-164': 23.08, '165-169': 5.71, '170-174': 18.03, '175-179': 6.25, 'old': 39.57, 'new': 6.25}
2026-05-31 20:45:47,292 [trainer.py] => CNN top1 curve: [58.36, 56.67, 54.04, 52.4, 49.36, 48.6, 46.63, 46.31, 45.24, 44.27, 43.77, 42.92, 42.12, 41.41, 40.51, 39.72, 38.8]
2026-05-31 20:45:47,292 [trainer.py] => CNN top5 curve: [81.3, 79.67, 78.38, 77.69, 76.97, 76.59, 75.25, 74.39, 73.53, 72.53, 71.75, 70.58, 69.88, 68.59, 67.88, 67.93, 67.01]
2026-05-31 20:45:47,292 [trainer.py] => Average Accuracy (CNN): 46.54
2026-05-31 20:45:47,293 [trainer.py] => All params: 171970192
2026-05-31 20:45:47,295 [trainer.py] => Trainable params: 199880
2026-05-31 20:45:47,295 [l2p.py] => Learning on 180-185
2026-05-31 20:47:26,210 [l2p.py] => Task 17, Epoch 20/20 => Loss -0.149, Train_accy 98.54, Test_accy 37.28
2026-05-31 20:47:37,162 [trainer.py] => Timing Task 17 => Train 98.92s, Epochs 20, Train 4.9458s/epoch, Inference 10.95s, Images 1435, Inference 7.6315ms/image
2026-05-31 20:47:37,163 [trainer.py] => No NME accuracy.
2026-05-31 20:47:37,163 [trainer.py] => CNN: {'total': 37.28, '00-99': 59.02, '100-104': 0.0, '105-109': 14.55, '110-114': 6.25, '115-119': 12.5, '120-124': 30.43, '125-129': 12.24, '130-134': 31.25, '135-139': 17.78, '140-144': 4.55, '145-149': 26.67, '150-154': 5.66, '155-159': 21.88, '160-164': 23.08, '165-169': 5.71, '170-174': 18.03, '175-179': 6.25, '180-184': 0.0, 'old': 38.8, 'new': 0.0}
2026-05-31 20:47:37,163 [trainer.py] => CNN top1 curve: [58.36, 56.67, 54.04, 52.4, 49.36, 48.6, 46.63, 46.31, 45.24, 44.27, 43.77, 42.92, 42.12, 41.41, 40.51, 39.72, 38.8, 37.28]
2026-05-31 20:47:37,163 [trainer.py] => CNN top5 curve: [81.3, 79.67, 78.38, 77.69, 76.97, 76.59, 75.25, 74.39, 73.53, 72.53, 71.75, 70.58, 69.88, 68.59, 67.88, 67.93, 67.01, 66.27]
2026-05-31 20:47:37,163 [trainer.py] => Average Accuracy (CNN): 46.02
2026-05-31 20:47:37,165 [trainer.py] => All params: 171970192
2026-05-31 20:47:37,167 [trainer.py] => Trainable params: 199880
2026-05-31 20:47:37,167 [l2p.py] => Learning on 185-190
2026-05-31 20:48:50,915 [l2p.py] => Task 18, Epoch 20/20 => Loss -0.131, Train_accy 97.83, Test_accy 37.24
2026-05-31 20:49:01,437 [trainer.py] => Timing Task 18 => Train 73.75s, Epochs 20, Train 3.6874s/epoch, Inference 10.52s, Images 1458, Inference 7.2159ms/image
2026-05-31 20:49:01,437 [trainer.py] => No NME accuracy.
2026-05-31 20:49:01,437 [trainer.py] => CNN: {'total': 37.24, '00-99': 59.68, '100-104': 0.0, '105-109': 14.55, '110-114': 6.25, '115-119': 12.5, '120-124': 30.43, '125-129': 12.24, '130-134': 33.33, '135-139': 17.78, '140-144': 4.55, '145-149': 26.67, '150-154': 5.66, '155-159': 25.0, '160-164': 23.08, '165-169': 5.71, '170-174': 18.03, '175-179': 6.25, '180-184': 0.0, '185-189': 4.35, 'old': 37.77, 'new': 4.35}
2026-05-31 20:49:01,437 [trainer.py] => CNN top1 curve: [58.36, 56.67, 54.04, 52.4, 49.36, 48.6, 46.63, 46.31, 45.24, 44.27, 43.77, 42.92, 42.12, 41.41, 40.51, 39.72, 38.8, 37.28, 37.24]
2026-05-31 20:49:01,437 [trainer.py] => CNN top5 curve: [81.3, 79.67, 78.38, 77.69, 76.97, 76.59, 75.25, 74.39, 73.53, 72.53, 71.75, 70.58, 69.88, 68.59, 67.88, 67.93, 67.01, 66.27, 65.23]
2026-05-31 20:49:01,437 [trainer.py] => Average Accuracy (CNN): 45.56
2026-05-31 20:49:01,439 [trainer.py] => All params: 171970192
2026-05-31 20:49:01,441 [trainer.py] => Trainable params: 199880
2026-05-31 20:49:01,441 [l2p.py] => Learning on 190-195
2026-05-31 20:50:32,258 [l2p.py] => Task 19, Epoch 20/20 => Loss -0.152, Train_accy 98.00, Test_accy 36.42
2026-05-31 20:50:43,807 [trainer.py] => Timing Task 19 => Train 90.82s, Epochs 20, Train 4.5410s/epoch, Inference 11.55s, Images 1491, Inference 7.7438ms/image
2026-05-31 20:50:43,808 [trainer.py] => No NME accuracy.
2026-05-31 20:50:43,808 [trainer.py] => CNN: {'total': 36.42, '00-99': 59.81, '100-104': 0.0, '105-109': 14.55, '110-114': 6.25, '115-119': 12.5, '120-124': 26.09, '125-129': 12.24, '130-134': 33.33, '135-139': 15.56, '140-144': 0.0, '145-149': 26.67, '150-154': 5.66, '155-159': 25.0, '160-164': 15.38, '165-169': 5.71, '170-174': 18.03, '175-179': 6.25, '180-184': 0.0, '185-189': 4.35, '190-194': 12.12, 'old': 36.97, 'new': 12.12}
2026-05-31 20:50:43,808 [trainer.py] => CNN top1 curve: [58.36, 56.67, 54.04, 52.4, 49.36, 48.6, 46.63, 46.31, 45.24, 44.27, 43.77, 42.92, 42.12, 41.41, 40.51, 39.72, 38.8, 37.28, 37.24, 36.42]
2026-05-31 20:50:43,808 [trainer.py] => CNN top5 curve: [81.3, 79.67, 78.38, 77.69, 76.97, 76.59, 75.25, 74.39, 73.53, 72.53, 71.75, 70.58, 69.88, 68.59, 67.88, 67.93, 67.01, 66.27, 65.23, 65.33]
2026-05-31 20:50:43,808 [trainer.py] => Average Accuracy (CNN): 45.1
2026-05-31 20:50:43,811 [trainer.py] => All params: 171970192
2026-05-31 20:50:43,814 [trainer.py] => Trainable params: 199880
2026-05-31 20:50:43,814 [l2p.py] => Learning on 195-200
2026-05-31 20:52:04,228 [l2p.py] => Task 20, Epoch 20/20 => Loss -0.119, Train_accy 97.17, Test_accy 36.14
2026-05-31 20:52:16,042 [trainer.py] => Timing Task 20 => Train 80.42s, Epochs 20, Train 4.0208s/epoch, Inference 11.81s, Images 1519, Inference 7.7762ms/image
2026-05-31 20:52:16,042 [trainer.py] => No NME accuracy.
2026-05-31 20:52:16,042 [trainer.py] => CNN: {'total': 36.14, '00-99': 59.68, '100-104': 0.0, '105-109': 14.55, '110-114': 6.25, '115-119': 14.06, '120-124': 26.09, '125-129': 12.24, '130-134': 35.42, '135-139': 15.56, '140-144': 4.55, '145-149': 26.67, '150-154': 7.55, '155-159': 25.0, '160-164': 15.38, '165-169': 5.71, '170-174': 18.03, '175-179': 6.25, '180-184': 0.0, '185-189': 4.35, '190-194': 12.12, '195-199': 10.71, 'old': 36.62, 'new': 10.71}
2026-05-31 20:52:16,042 [trainer.py] => CNN top1 curve: [58.36, 56.67, 54.04, 52.4, 49.36, 48.6, 46.63, 46.31, 45.24, 44.27, 43.77, 42.92, 42.12, 41.41, 40.51, 39.72, 38.8, 37.28, 37.24, 36.42, 36.14]
2026-05-31 20:52:16,042 [trainer.py] => CNN top5 curve: [81.3, 79.67, 78.38, 77.69, 76.97, 76.59, 75.25, 74.39, 73.53, 72.53, 71.75, 70.58, 69.88, 68.59, 67.88, 67.93, 67.01, 66.27, 65.23, 65.33, 64.91]
2026-05-31 20:52:16,043 [trainer.py] => Average Accuracy (CNN): 44.68
