2026-05-31 18:10:27,259 [trainer.py] => config: ./configs/l2p/l2p_ina_B0_Inc5.json
2026-05-31 18:10:27,259 [trainer.py] => prefix:  
2026-05-31 18:10:27,259 [trainer.py] => dataset: imageneta
2026-05-31 18:10:27,259 [trainer.py] => memory_size: 0
2026-05-31 18:10:27,259 [trainer.py] => memory_per_class: 0
2026-05-31 18:10:27,259 [trainer.py] => fixed_memory: False
2026-05-31 18:10:27,259 [trainer.py] => shuffle: True
2026-05-31 18:10:27,259 [trainer.py] => init_cls: 5
2026-05-31 18:10:27,259 [trainer.py] => increment: 5
2026-05-31 18:10:27,259 [trainer.py] => model_name: l2p
2026-05-31 18:10:27,259 [trainer.py] => backbone_type: vit_base_patch16_224_in21k_l2p
2026-05-31 18:10:27,259 [trainer.py] => get_original_backbone: True
2026-05-31 18:10:27,259 [trainer.py] => device: [device(type='cuda', index=2)]
2026-05-31 18:10:27,259 [trainer.py] => seed: 1993
2026-05-31 18:10:27,259 [trainer.py] => tuned_epoch: 20
2026-05-31 18:10:27,260 [trainer.py] => init_lr: 0.001875
2026-05-31 18:10:27,260 [trainer.py] => batch_size: 48
2026-05-31 18:10:27,260 [trainer.py] => weight_decay: 0
2026-05-31 18:10:27,260 [trainer.py] => min_lr: 1e-05
2026-05-31 18:10:27,260 [trainer.py] => optimizer: adam
2026-05-31 18:10:27,260 [trainer.py] => scheduler: constant
2026-05-31 18:10:27,260 [trainer.py] => reinit_optimizer: True
2026-05-31 18:10:27,260 [trainer.py] => global_pool: token
2026-05-31 18:10:27,260 [trainer.py] => head_type: prompt
2026-05-31 18:10:27,260 [trainer.py] => freeze: ['blocks', 'patch_embed', 'cls_token', 'norm', 'pos_embed']
2026-05-31 18:10:27,260 [trainer.py] => pretrained: True
2026-05-31 18:10:27,260 [trainer.py] => drop: 0.0
2026-05-31 18:10:27,260 [trainer.py] => drop_path: 0.0
2026-05-31 18:10:27,260 [trainer.py] => prompt_pool: True
2026-05-31 18:10:27,260 [trainer.py] => size: 10
2026-05-31 18:10:27,260 [trainer.py] => length: 5
2026-05-31 18:10:27,260 [trainer.py] => top_k: 5
2026-05-31 18:10:27,260 [trainer.py] => initializer: uniform
2026-05-31 18:10:27,260 [trainer.py] => prompt_key: True
2026-05-31 18:10:27,260 [trainer.py] => prompt_key_init: uniform
2026-05-31 18:10:27,260 [trainer.py] => use_prompt_mask: False
2026-05-31 18:10:27,260 [trainer.py] => shared_prompt_pool: False
2026-05-31 18:10:27,260 [trainer.py] => shared_prompt_key: False
2026-05-31 18:10:27,260 [trainer.py] => batchwise_prompt: True
2026-05-31 18:10:27,260 [trainer.py] => embedding_key: cls
2026-05-31 18:10:27,260 [trainer.py] => predefined_key: 
2026-05-31 18:10:27,260 [trainer.py] => pull_constraint: True
2026-05-31 18:10:27,260 [trainer.py] => pull_constraint_coeff: 0.1
2026-05-31 18:10:27,260 [trainer.py] => nb_classes: 200
2026-05-31 18:10:27,260 [trainer.py] => nb_tasks: 40
2026-05-31 18:10:27,287 [data_manager.py] => [168, 136, 51, 9, 183, 101, 171, 99, 42, 159, 191, 70, 16, 188, 27, 10, 175, 26, 68, 187, 98, 6, 85, 35, 112, 43, 100, 0, 103, 181, 88, 59, 4, 2, 116, 174, 94, 80, 106, 1, 147, 17, 141, 131, 72, 23, 173, 54, 197, 118, 87, 32, 79, 104, 91, 19, 135, 107, 178, 36, 11, 199, 142, 8, 122, 3, 28, 57, 153, 172, 190, 56, 49, 44, 97, 62, 151, 169, 194, 55, 192, 12, 189, 78, 66, 180, 15, 137, 109, 134, 92, 119, 126, 52, 170, 40, 148, 65, 144, 64, 138, 45, 77, 89, 154, 90, 71, 193, 74, 30, 113, 143, 96, 84, 67, 50, 186, 156, 69, 21, 18, 111, 108, 58, 125, 157, 150, 110, 182, 129, 166, 83, 81, 60, 13, 165, 14, 176, 63, 117, 5, 22, 145, 121, 38, 41, 82, 127, 114, 20, 31, 53, 37, 163, 196, 130, 152, 162, 86, 76, 24, 34, 184, 149, 33, 128, 198, 155, 146, 167, 139, 120, 140, 102, 47, 25, 158, 123, 46, 164, 61, 7, 115, 75, 133, 160, 105, 132, 179, 124, 48, 73, 93, 39, 95, 195, 29, 177, 185, 161]
2026-05-31 18:10:28,681 [vit_l2p.py] => Resized position embedding: torch.Size([1, 197, 768]) to torch.Size([1, 222, 768])
2026-05-31 18:10:28,682 [vit_l2p.py] => Position embedding grid-size from [14, 14] to (14, 14)
2026-05-31 18:10:30,837 [l2p.py] => 86,017,736 model total parameters.
2026-05-31 18:10:30,837 [l2p.py] => 199,880 model training parameters.
2026-05-31 18:10:30,837 [l2p.py] => prompt.prompt: 38400
2026-05-31 18:10:30,837 [l2p.py] => prompt.prompt_key: 7680
2026-05-31 18:10:30,838 [l2p.py] => head.weight: 153600
2026-05-31 18:10:30,838 [l2p.py] => head.bias: 200
2026-05-31 18:10:30,839 [trainer.py] => All params: 171970192
2026-05-31 18:10:30,839 [trainer.py] => Trainable params: 199880
2026-05-31 18:10:30,840 [l2p.py] => Learning on 0-5
2026-05-31 18:11:43,451 [l2p.py] => Task 0, Epoch 20/20 => Loss 0.113, Train_accy 97.65, Test_accy 79.41
2026-05-31 18:11:44,369 [trainer.py] => Timing Task 0 => Train 72.61s, Epochs 20, Train 3.6307s/epoch, Inference 0.92s, Images 34, Inference 26.9256ms/image
2026-05-31 18:11:44,369 [trainer.py] => No NME accuracy.
2026-05-31 18:11:44,369 [trainer.py] => CNN: {'total': 79.41, '00-04': 79.41, 'old': 0, 'new': 79.41}
2026-05-31 18:11:44,369 [trainer.py] => CNN top1 curve: [79.41]
2026-05-31 18:11:44,369 [trainer.py] => CNN top5 curve: [100.0]
2026-05-31 18:11:44,370 [trainer.py] => Average Accuracy (CNN): 79.41
2026-05-31 18:11:44,372 [trainer.py] => All params: 171970192
2026-05-31 18:11:44,374 [trainer.py] => Trainable params: 199880
2026-05-31 18:11:44,374 [l2p.py] => Learning on 5-10
2026-05-31 18:12:45,368 [l2p.py] => Task 1, Epoch 20/20 => Loss 0.068, Train_accy 96.95, Test_accy 64.94
2026-05-31 18:12:46,779 [trainer.py] => Timing Task 1 => Train 61.00s, Epochs 20, Train 3.0498s/epoch, Inference 1.41s, Images 77, Inference 18.2862ms/image
2026-05-31 18:12:46,779 [trainer.py] => No NME accuracy.
2026-05-31 18:12:46,779 [trainer.py] => CNN: {'total': 64.94, '00-04': 70.59, '05-09': 60.47, 'old': 70.59, 'new': 60.47}
2026-05-31 18:12:46,779 [trainer.py] => CNN top1 curve: [79.41, 64.94]
2026-05-31 18:12:46,779 [trainer.py] => CNN top5 curve: [100.0, 92.21]
2026-05-31 18:12:46,780 [trainer.py] => Average Accuracy (CNN): 72.18
2026-05-31 18:12:46,783 [trainer.py] => All params: 171970192
2026-05-31 18:12:46,785 [trainer.py] => Trainable params: 199880
2026-05-31 18:12:46,785 [l2p.py] => Learning on 10-15
2026-05-31 18:14:13,141 [l2p.py] => Task 2, Epoch 20/20 => Loss 0.021, Train_accy 96.50, Test_accy 52.59
2026-05-31 18:14:15,168 [trainer.py] => Timing Task 2 => Train 86.36s, Epochs 20, Train 4.3179s/epoch, Inference 2.02s, Images 135, Inference 14.9983ms/image
2026-05-31 18:14:15,168 [trainer.py] => No NME accuracy.
2026-05-31 18:14:15,168 [trainer.py] => CNN: {'total': 52.59, '00-04': 67.65, '05-09': 41.86, '10-14': 51.72, 'old': 53.25, 'new': 51.72}
2026-05-31 18:14:15,168 [trainer.py] => CNN top1 curve: [79.41, 64.94, 52.59]
2026-05-31 18:14:15,168 [trainer.py] => CNN top5 curve: [100.0, 92.21, 91.85]
2026-05-31 18:14:15,168 [trainer.py] => Average Accuracy (CNN): 65.65
2026-05-31 18:14:15,170 [trainer.py] => All params: 171970192
2026-05-31 18:14:15,171 [trainer.py] => Trainable params: 199880
2026-05-31 18:14:15,171 [l2p.py] => Learning on 15-20
2026-05-31 18:15:43,906 [l2p.py] => Task 3, Epoch 20/20 => Loss -0.038, Train_accy 98.04, Test_accy 53.14
2026-05-31 18:15:46,408 [trainer.py] => Timing Task 3 => Train 88.74s, Epochs 20, Train 4.4368s/epoch, Inference 2.50s, Images 175, Inference 14.2898ms/image
2026-05-31 18:15:46,409 [trainer.py] => No NME accuracy.
2026-05-31 18:15:46,409 [trainer.py] => CNN: {'total': 53.14, '00-04': 67.65, '05-09': 44.19, '10-14': 51.72, '15-19': 52.5, 'old': 53.33, 'new': 52.5}
2026-05-31 18:15:46,409 [trainer.py] => CNN top1 curve: [79.41, 64.94, 52.59, 53.14]
2026-05-31 18:15:46,409 [trainer.py] => CNN top5 curve: [100.0, 92.21, 91.85, 90.86]
2026-05-31 18:15:46,409 [trainer.py] => Average Accuracy (CNN): 62.52
2026-05-31 18:15:46,413 [trainer.py] => All params: 171970192
2026-05-31 18:15:46,415 [trainer.py] => Trainable params: 199880
2026-05-31 18:15:46,415 [l2p.py] => Learning on 20-25
2026-05-31 18:17:17,607 [l2p.py] => Task 4, Epoch 20/20 => Loss 0.064, Train_accy 93.53, Test_accy 46.58
2026-05-31 18:17:20,754 [trainer.py] => Timing Task 4 => Train 91.19s, Epochs 20, Train 4.5597s/epoch, Inference 3.14s, Images 234, Inference 13.4372ms/image
2026-05-31 18:17:20,754 [trainer.py] => No NME accuracy.
2026-05-31 18:17:20,754 [trainer.py] => CNN: {'total': 46.58, '00-04': 67.65, '05-09': 41.86, '10-14': 50.0, '15-19': 52.5, '20-24': 30.51, 'old': 52.0, 'new': 30.51}
2026-05-31 18:17:20,755 [trainer.py] => CNN top1 curve: [79.41, 64.94, 52.59, 53.14, 46.58]
2026-05-31 18:17:20,755 [trainer.py] => CNN top5 curve: [100.0, 92.21, 91.85, 90.86, 84.62]
2026-05-31 18:17:20,755 [trainer.py] => Average Accuracy (CNN): 59.33
2026-05-31 18:17:20,758 [trainer.py] => All params: 171970192
2026-05-31 18:17:20,760 [trainer.py] => Trainable params: 199880
2026-05-31 18:17:20,760 [l2p.py] => Learning on 25-30
2026-05-31 18:18:42,112 [l2p.py] => Task 5, Epoch 20/20 => Loss 0.016, Train_accy 95.06, Test_accy 46.35
2026-05-31 18:18:45,783 [trainer.py] => Timing Task 5 => Train 81.35s, Epochs 20, Train 4.0677s/epoch, Inference 3.67s, Images 274, Inference 13.3882ms/image
2026-05-31 18:18:45,783 [trainer.py] => No NME accuracy.
2026-05-31 18:18:45,783 [trainer.py] => CNN: {'total': 46.35, '00-04': 67.65, '05-09': 41.86, '10-14': 50.0, '15-19': 52.5, '20-24': 30.51, '25-29': 45.0, 'old': 46.58, 'new': 45.0}
2026-05-31 18:18:45,783 [trainer.py] => CNN top1 curve: [79.41, 64.94, 52.59, 53.14, 46.58, 46.35]
2026-05-31 18:18:45,784 [trainer.py] => CNN top5 curve: [100.0, 92.21, 91.85, 90.86, 84.62, 82.85]
2026-05-31 18:18:45,784 [trainer.py] => Average Accuracy (CNN): 57.17
2026-05-31 18:18:45,787 [trainer.py] => All params: 171970192
2026-05-31 18:18:45,789 [trainer.py] => Trainable params: 199880
2026-05-31 18:18:45,789 [l2p.py] => Learning on 30-35
2026-05-31 18:20:25,802 [l2p.py] => Task 6, Epoch 20/20 => Loss -0.034, Train_accy 95.89, Test_accy 44.38
2026-05-31 18:20:29,940 [trainer.py] => Timing Task 6 => Train 100.02s, Epochs 20, Train 5.0008s/epoch, Inference 4.14s, Images 320, Inference 12.9224ms/image
2026-05-31 18:20:29,940 [trainer.py] => No NME accuracy.
2026-05-31 18:20:29,941 [trainer.py] => CNN: {'total': 44.38, '00-04': 64.71, '05-09': 41.86, '10-14': 43.1, '15-19': 55.0, '20-24': 28.81, '25-29': 42.5, '30-34': 45.65, 'old': 44.16, 'new': 45.65}
2026-05-31 18:20:29,941 [trainer.py] => CNN top1 curve: [79.41, 64.94, 52.59, 53.14, 46.58, 46.35, 44.38]
2026-05-31 18:20:29,941 [trainer.py] => CNN top5 curve: [100.0, 92.21, 91.85, 90.86, 84.62, 82.85, 82.5]
2026-05-31 18:20:29,941 [trainer.py] => Average Accuracy (CNN): 55.34
2026-05-31 18:20:29,943 [trainer.py] => All params: 171970192
2026-05-31 18:20:29,945 [trainer.py] => Trainable params: 199880
2026-05-31 18:20:29,946 [l2p.py] => Learning on 35-40
2026-05-31 18:22:01,377 [l2p.py] => Task 7, Epoch 20/20 => Loss -0.139, Train_accy 100.00, Test_accy 41.67
2026-05-31 18:22:05,862 [trainer.py] => Timing Task 7 => Train 91.43s, Epochs 20, Train 4.5716s/epoch, Inference 4.48s, Images 360, Inference 12.4536ms/image
2026-05-31 18:22:05,862 [trainer.py] => No NME accuracy.
2026-05-31 18:22:05,862 [trainer.py] => CNN: {'total': 41.67, '00-04': 55.88, '05-09': 32.56, '10-14': 43.1, '15-19': 45.0, '20-24': 23.73, '25-29': 47.5, '30-34': 26.09, '35-39': 72.5, 'old': 37.81, 'new': 72.5}
2026-05-31 18:22:05,862 [trainer.py] => CNN top1 curve: [79.41, 64.94, 52.59, 53.14, 46.58, 46.35, 44.38, 41.67]
2026-05-31 18:22:05,862 [trainer.py] => CNN top5 curve: [100.0, 92.21, 91.85, 90.86, 84.62, 82.85, 82.5, 78.89]
2026-05-31 18:22:05,862 [trainer.py] => Average Accuracy (CNN): 53.63
2026-05-31 18:22:05,864 [trainer.py] => All params: 171970192
2026-05-31 18:22:05,865 [trainer.py] => Trainable params: 199880
2026-05-31 18:22:05,865 [l2p.py] => Learning on 40-45
2026-05-31 18:23:12,059 [l2p.py] => Task 8, Epoch 20/20 => Loss -0.049, Train_accy 96.40, Test_accy 42.11
2026-05-31 18:23:16,791 [trainer.py] => Timing Task 8 => Train 66.20s, Epochs 20, Train 3.3098s/epoch, Inference 4.73s, Images 380, Inference 12.4487ms/image
2026-05-31 18:23:16,792 [trainer.py] => No NME accuracy.
2026-05-31 18:23:16,792 [trainer.py] => CNN: {'total': 42.11, '00-04': 55.88, '05-09': 27.91, '10-14': 43.1, '15-19': 47.5, '20-24': 22.03, '25-29': 50.0, '30-34': 28.26, '35-39': 72.5, '40-44': 50.0, 'old': 41.67, 'new': 50.0}
2026-05-31 18:23:16,793 [trainer.py] => CNN top1 curve: [79.41, 64.94, 52.59, 53.14, 46.58, 46.35, 44.38, 41.67, 42.11]
2026-05-31 18:23:16,793 [trainer.py] => CNN top5 curve: [100.0, 92.21, 91.85, 90.86, 84.62, 82.85, 82.5, 78.89, 78.68]
2026-05-31 18:23:16,793 [trainer.py] => Average Accuracy (CNN): 52.35
2026-05-31 18:23:16,797 [trainer.py] => All params: 171970192
2026-05-31 18:23:16,800 [trainer.py] => Trainable params: 199880
2026-05-31 18:23:16,800 [l2p.py] => Learning on 45-50
2026-05-31 18:24:42,999 [l2p.py] => Task 9, Epoch 20/20 => Loss -0.158, Train_accy 100.00, Test_accy 41.98
2026-05-31 18:24:48,234 [trainer.py] => Timing Task 9 => Train 86.20s, Epochs 20, Train 4.3100s/epoch, Inference 5.23s, Images 424, Inference 12.3399ms/image
2026-05-31 18:24:48,234 [trainer.py] => No NME accuracy.
2026-05-31 18:24:48,235 [trainer.py] => CNN: {'total': 41.98, '00-04': 52.94, '05-09': 27.91, '10-14': 44.83, '15-19': 47.5, '20-24': 20.34, '25-29': 50.0, '30-34': 26.09, '35-39': 70.0, '40-44': 45.0, '45-49': 50.0, 'old': 41.05, 'new': 50.0}
2026-05-31 18:24:48,235 [trainer.py] => CNN top1 curve: [79.41, 64.94, 52.59, 53.14, 46.58, 46.35, 44.38, 41.67, 42.11, 41.98]
2026-05-31 18:24:48,235 [trainer.py] => CNN top5 curve: [100.0, 92.21, 91.85, 90.86, 84.62, 82.85, 82.5, 78.89, 78.68, 78.3]
2026-05-31 18:24:48,235 [trainer.py] => Average Accuracy (CNN): 51.32
2026-05-31 18:24:48,237 [trainer.py] => All params: 171970192
2026-05-31 18:24:48,239 [trainer.py] => Trainable params: 199880
2026-05-31 18:24:48,239 [l2p.py] => Learning on 50-55
2026-05-31 18:25:59,178 [l2p.py] => Task 10, Epoch 20/20 => Loss -0.172, Train_accy 99.13, Test_accy 40.36
2026-05-31 18:26:04,716 [trainer.py] => Timing Task 10 => Train 70.94s, Epochs 20, Train 3.5470s/epoch, Inference 5.54s, Images 446, Inference 12.4149ms/image
2026-05-31 18:26:04,716 [trainer.py] => No NME accuracy.
2026-05-31 18:26:04,716 [trainer.py] => CNN: {'total': 40.36, '00-04': 55.88, '05-09': 20.93, '10-14': 41.38, '15-19': 47.5, '20-24': 18.64, '25-29': 47.5, '30-34': 26.09, '35-39': 67.5, '40-44': 35.0, '45-49': 50.0, '50-54': 50.0, 'old': 39.86, 'new': 50.0}
2026-05-31 18:26:04,716 [trainer.py] => CNN top1 curve: [79.41, 64.94, 52.59, 53.14, 46.58, 46.35, 44.38, 41.67, 42.11, 41.98, 40.36]
2026-05-31 18:26:04,716 [trainer.py] => CNN top5 curve: [100.0, 92.21, 91.85, 90.86, 84.62, 82.85, 82.5, 78.89, 78.68, 78.3, 76.91]
2026-05-31 18:26:04,716 [trainer.py] => Average Accuracy (CNN): 50.32
2026-05-31 18:26:04,717 [trainer.py] => All params: 171970192
2026-05-31 18:26:04,718 [trainer.py] => Trainable params: 199880
2026-05-31 18:26:04,719 [l2p.py] => Learning on 55-60
2026-05-31 18:27:20,458 [l2p.py] => Task 11, Epoch 20/20 => Loss -0.108, Train_accy 96.80, Test_accy 39.29
2026-05-31 18:27:26,149 [trainer.py] => Timing Task 11 => Train 75.74s, Epochs 20, Train 3.7871s/epoch, Inference 5.69s, Images 476, Inference 11.9495ms/image
2026-05-31 18:27:26,149 [trainer.py] => No NME accuracy.
2026-05-31 18:27:26,149 [trainer.py] => CNN: {'total': 39.29, '00-04': 52.94, '05-09': 20.93, '10-14': 39.66, '15-19': 47.5, '20-24': 16.95, '25-29': 45.0, '30-34': 26.09, '35-39': 67.5, '40-44': 35.0, '45-49': 52.27, '50-54': 50.0, '55-59': 33.33, 'old': 39.69, 'new': 33.33}
2026-05-31 18:27:26,149 [trainer.py] => CNN top1 curve: [79.41, 64.94, 52.59, 53.14, 46.58, 46.35, 44.38, 41.67, 42.11, 41.98, 40.36, 39.29]
2026-05-31 18:27:26,149 [trainer.py] => CNN top5 curve: [100.0, 92.21, 91.85, 90.86, 84.62, 82.85, 82.5, 78.89, 78.68, 78.3, 76.91, 74.79]
2026-05-31 18:27:26,149 [trainer.py] => Average Accuracy (CNN): 49.4
2026-05-31 18:27:26,150 [trainer.py] => All params: 171970192
2026-05-31 18:27:26,151 [trainer.py] => Trainable params: 199880
2026-05-31 18:27:26,151 [l2p.py] => Learning on 60-65
2026-05-31 18:29:03,484 [l2p.py] => Task 12, Epoch 20/20 => Loss -0.084, Train_accy 96.69, Test_accy 38.83
2026-05-31 18:29:09,807 [trainer.py] => Timing Task 12 => Train 97.33s, Epochs 20, Train 4.8667s/epoch, Inference 6.32s, Images 528, Inference 11.9718ms/image
2026-05-31 18:29:09,807 [trainer.py] => No NME accuracy.
2026-05-31 18:29:09,808 [trainer.py] => CNN: {'total': 38.83, '00-04': 55.88, '05-09': 20.93, '10-14': 41.38, '15-19': 47.5, '20-24': 16.95, '25-29': 45.0, '30-34': 26.09, '35-39': 67.5, '40-44': 40.0, '45-49': 52.27, '50-54': 50.0, '55-59': 33.33, '60-64': 28.85, 'old': 39.92, 'new': 28.85}
2026-05-31 18:29:09,808 [trainer.py] => CNN top1 curve: [79.41, 64.94, 52.59, 53.14, 46.58, 46.35, 44.38, 41.67, 42.11, 41.98, 40.36, 39.29, 38.83]
2026-05-31 18:29:09,808 [trainer.py] => CNN top5 curve: [100.0, 92.21, 91.85, 90.86, 84.62, 82.85, 82.5, 78.89, 78.68, 78.3, 76.91, 74.79, 73.86]
2026-05-31 18:29:09,808 [trainer.py] => Average Accuracy (CNN): 48.59
2026-05-31 18:29:09,811 [trainer.py] => All params: 171970192
2026-05-31 18:29:09,813 [trainer.py] => Trainable params: 199880
2026-05-31 18:29:09,813 [l2p.py] => Learning on 65-70
2026-05-31 18:31:14,925 [l2p.py] => Task 13, Epoch 20/20 => Loss -0.155, Train_accy 98.82, Test_accy 37.54
2026-05-31 18:31:22,126 [trainer.py] => Timing Task 13 => Train 125.11s, Epochs 20, Train 6.2557s/epoch, Inference 7.20s, Images 602, Inference 11.9577ms/image
2026-05-31 18:31:22,127 [trainer.py] => No NME accuracy.
2026-05-31 18:31:22,127 [trainer.py] => CNN: {'total': 37.54, '00-04': 55.88, '05-09': 18.6, '10-14': 43.1, '15-19': 47.5, '20-24': 18.64, '25-29': 47.5, '30-34': 23.91, '35-39': 55.0, '40-44': 30.0, '45-49': 40.91, '50-54': 50.0, '55-59': 36.67, '60-64': 28.85, '65-69': 41.89, 'old': 36.93, 'new': 41.89}
2026-05-31 18:31:22,127 [trainer.py] => CNN top1 curve: [79.41, 64.94, 52.59, 53.14, 46.58, 46.35, 44.38, 41.67, 42.11, 41.98, 40.36, 39.29, 38.83, 37.54]
2026-05-31 18:31:22,127 [trainer.py] => CNN top5 curve: [100.0, 92.21, 91.85, 90.86, 84.62, 82.85, 82.5, 78.89, 78.68, 78.3, 76.91, 74.79, 73.86, 75.25]
2026-05-31 18:31:22,127 [trainer.py] => Average Accuracy (CNN): 47.8
2026-05-31 18:31:22,130 [trainer.py] => All params: 171970192
2026-05-31 18:31:22,132 [trainer.py] => Trainable params: 199880
2026-05-31 18:31:22,132 [l2p.py] => Learning on 70-75
2026-05-31 18:33:07,592 [l2p.py] => Task 14, Epoch 20/20 => Loss -0.126, Train_accy 98.44, Test_accy 37.38
2026-05-31 18:33:14,329 [trainer.py] => Timing Task 14 => Train 105.46s, Epochs 20, Train 5.2731s/epoch, Inference 6.73s, Images 650, Inference 10.3597ms/image
2026-05-31 18:33:14,329 [trainer.py] => No NME accuracy.
2026-05-31 18:33:14,329 [trainer.py] => CNN: {'total': 37.38, '00-04': 55.88, '05-09': 18.6, '10-14': 37.93, '15-19': 45.0, '20-24': 16.95, '25-29': 42.5, '30-34': 23.91, '35-39': 55.0, '40-44': 30.0, '45-49': 43.18, '50-54': 50.0, '55-59': 36.67, '60-64': 25.0, '65-69': 40.54, '70-74': 54.17, 'old': 36.05, 'new': 54.17}
2026-05-31 18:33:14,330 [trainer.py] => CNN top1 curve: [79.41, 64.94, 52.59, 53.14, 46.58, 46.35, 44.38, 41.67, 42.11, 41.98, 40.36, 39.29, 38.83, 37.54, 37.38]
2026-05-31 18:33:14,330 [trainer.py] => CNN top5 curve: [100.0, 92.21, 91.85, 90.86, 84.62, 82.85, 82.5, 78.89, 78.68, 78.3, 76.91, 74.79, 73.86, 75.25, 73.69]
2026-05-31 18:33:14,330 [trainer.py] => Average Accuracy (CNN): 47.1
2026-05-31 18:33:14,333 [trainer.py] => All params: 171970192
2026-05-31 18:33:14,335 [trainer.py] => Trainable params: 199880
2026-05-31 18:33:14,335 [l2p.py] => Learning on 75-80
2026-05-31 18:34:50,966 [l2p.py] => Task 15, Epoch 20/20 => Loss -0.093, Train_accy 97.44, Test_accy 36.68
2026-05-31 18:34:59,214 [trainer.py] => Timing Task 15 => Train 96.63s, Epochs 20, Train 4.8317s/epoch, Inference 8.24s, Images 698, Inference 11.8115ms/image
2026-05-31 18:34:59,214 [trainer.py] => No NME accuracy.
2026-05-31 18:34:59,214 [trainer.py] => CNN: {'total': 36.68, '00-04': 55.88, '05-09': 18.6, '10-14': 36.21, '15-19': 45.0, '20-24': 15.25, '25-29': 42.5, '30-34': 23.91, '35-39': 55.0, '40-44': 30.0, '45-49': 43.18, '50-54': 50.0, '55-59': 36.67, '60-64': 25.0, '65-69': 41.89, '70-74': 54.17, '75-79': 29.17, 'old': 37.23, 'new': 29.17}
2026-05-31 18:34:59,215 [trainer.py] => CNN top1 curve: [79.41, 64.94, 52.59, 53.14, 46.58, 46.35, 44.38, 41.67, 42.11, 41.98, 40.36, 39.29, 38.83, 37.54, 37.38, 36.68]
2026-05-31 18:34:59,215 [trainer.py] => CNN top5 curve: [100.0, 92.21, 91.85, 90.86, 84.62, 82.85, 82.5, 78.89, 78.68, 78.3, 76.91, 74.79, 73.86, 75.25, 73.69, 72.06]
2026-05-31 18:34:59,215 [trainer.py] => Average Accuracy (CNN): 46.45
2026-05-31 18:34:59,218 [trainer.py] => All params: 171970192
2026-05-31 18:34:59,220 [trainer.py] => Trainable params: 199880
2026-05-31 18:34:59,220 [l2p.py] => Learning on 80-85
2026-05-31 18:36:53,606 [l2p.py] => Task 16, Epoch 20/20 => Loss -0.157, Train_accy 98.52, Test_accy 36.95
2026-05-31 18:37:02,394 [trainer.py] => Timing Task 16 => Train 114.39s, Epochs 20, Train 5.7194s/epoch, Inference 8.79s, Images 755, Inference 11.6368ms/image
2026-05-31 18:37:02,394 [trainer.py] => No NME accuracy.
2026-05-31 18:37:02,394 [trainer.py] => CNN: {'total': 36.95, '00-04': 58.82, '05-09': 18.6, '10-14': 37.93, '15-19': 42.5, '20-24': 16.95, '25-29': 45.0, '30-34': 23.91, '35-39': 55.0, '40-44': 30.0, '45-49': 43.18, '50-54': 50.0, '55-59': 36.67, '60-64': 25.0, '65-69': 44.59, '70-74': 52.08, '75-79': 31.25, '80-84': 31.58, 'old': 37.39, 'new': 31.58}
2026-05-31 18:37:02,394 [trainer.py] => CNN top1 curve: [79.41, 64.94, 52.59, 53.14, 46.58, 46.35, 44.38, 41.67, 42.11, 41.98, 40.36, 39.29, 38.83, 37.54, 37.38, 36.68, 36.95]
2026-05-31 18:37:02,394 [trainer.py] => CNN top5 curve: [100.0, 92.21, 91.85, 90.86, 84.62, 82.85, 82.5, 78.89, 78.68, 78.3, 76.91, 74.79, 73.86, 75.25, 73.69, 72.06, 70.86]
2026-05-31 18:37:02,395 [trainer.py] => Average Accuracy (CNN): 45.89
2026-05-31 18:37:02,397 [trainer.py] => All params: 171970192
2026-05-31 18:37:02,399 [trainer.py] => Trainable params: 199880
2026-05-31 18:37:02,400 [l2p.py] => Learning on 85-90
2026-05-31 18:38:19,092 [l2p.py] => Task 17, Epoch 20/20 => Loss -0.163, Train_accy 100.00, Test_accy 35.69
2026-05-31 18:38:28,065 [trainer.py] => Timing Task 17 => Train 76.70s, Epochs 20, Train 3.8348s/epoch, Inference 8.97s, Images 779, Inference 11.5146ms/image
2026-05-31 18:38:28,065 [trainer.py] => No NME accuracy.
2026-05-31 18:38:28,065 [trainer.py] => CNN: {'total': 35.69, '00-04': 55.88, '05-09': 16.28, '10-14': 37.93, '15-19': 42.5, '20-24': 15.25, '25-29': 42.5, '30-34': 23.91, '35-39': 52.5, '40-44': 30.0, '45-49': 43.18, '50-54': 50.0, '55-59': 36.67, '60-64': 25.0, '65-69': 41.89, '70-74': 52.08, '75-79': 33.33, '80-84': 33.33, '85-89': 16.67, 'old': 36.29, 'new': 16.67}
2026-05-31 18:38:28,066 [trainer.py] => CNN top1 curve: [79.41, 64.94, 52.59, 53.14, 46.58, 46.35, 44.38, 41.67, 42.11, 41.98, 40.36, 39.29, 38.83, 37.54, 37.38, 36.68, 36.95, 35.69]
2026-05-31 18:38:28,066 [trainer.py] => CNN top5 curve: [100.0, 92.21, 91.85, 90.86, 84.62, 82.85, 82.5, 78.89, 78.68, 78.3, 76.91, 74.79, 73.86, 75.25, 73.69, 72.06, 70.86, 70.6]
2026-05-31 18:38:28,066 [trainer.py] => Average Accuracy (CNN): 45.33
2026-05-31 18:38:28,069 [trainer.py] => All params: 171970192
2026-05-31 18:38:28,072 [trainer.py] => Trainable params: 199880
2026-05-31 18:38:28,072 [l2p.py] => Learning on 90-95
2026-05-31 18:39:51,544 [l2p.py] => Task 18, Epoch 20/20 => Loss -0.179, Train_accy 100.00, Test_accy 34.95
2026-05-31 18:39:59,719 [trainer.py] => Timing Task 18 => Train 83.47s, Epochs 20, Train 4.1737s/epoch, Inference 8.17s, Images 804, Inference 10.1647ms/image
2026-05-31 18:39:59,719 [trainer.py] => No NME accuracy.
2026-05-31 18:39:59,719 [trainer.py] => CNN: {'total': 34.95, '00-04': 55.88, '05-09': 18.6, '10-14': 36.21, '15-19': 45.0, '20-24': 13.56, '25-29': 42.5, '30-34': 26.09, '35-39': 52.5, '40-44': 30.0, '45-49': 43.18, '50-54': 50.0, '55-59': 36.67, '60-64': 23.08, '65-69': 41.89, '70-74': 45.83, '75-79': 27.08, '80-84': 35.09, '85-89': 20.83, '90-94': 28.0, 'old': 35.17, 'new': 28.0}
2026-05-31 18:39:59,720 [trainer.py] => CNN top1 curve: [79.41, 64.94, 52.59, 53.14, 46.58, 46.35, 44.38, 41.67, 42.11, 41.98, 40.36, 39.29, 38.83, 37.54, 37.38, 36.68, 36.95, 35.69, 34.95]
2026-05-31 18:39:59,720 [trainer.py] => CNN top5 curve: [100.0, 92.21, 91.85, 90.86, 84.62, 82.85, 82.5, 78.89, 78.68, 78.3, 76.91, 74.79, 73.86, 75.25, 73.69, 72.06, 70.86, 70.6, 69.03]
2026-05-31 18:39:59,720 [trainer.py] => Average Accuracy (CNN): 44.78
2026-05-31 18:39:59,722 [trainer.py] => All params: 171970192
2026-05-31 18:39:59,724 [trainer.py] => Trainable params: 199880
2026-05-31 18:39:59,724 [l2p.py] => Learning on 95-100
2026-05-31 18:41:33,909 [l2p.py] => Task 19, Epoch 20/20 => Loss -0.054, Train_accy 97.69, Test_accy 34.24
2026-05-31 18:41:43,665 [trainer.py] => Timing Task 19 => Train 94.19s, Epochs 20, Train 4.7093s/epoch, Inference 9.75s, Images 841, Inference 11.5976ms/image
2026-05-31 18:41:43,666 [trainer.py] => No NME accuracy.
2026-05-31 18:41:43,666 [trainer.py] => CNN: {'total': 34.24, '00-04': 58.82, '05-09': 18.6, '10-14': 43.1, '15-19': 45.0, '20-24': 13.56, '25-29': 47.5, '30-34': 26.09, '35-39': 55.0, '40-44': 30.0, '45-49': 40.91, '50-54': 50.0, '55-59': 36.67, '60-64': 25.0, '65-69': 41.89, '70-74': 45.83, '75-79': 27.08, '80-84': 31.58, '85-89': 20.83, '90-94': 28.0, '95-99': 2.7, 'old': 35.7, 'new': 2.7}
2026-05-31 18:41:43,666 [trainer.py] => CNN top1 curve: [79.41, 64.94, 52.59, 53.14, 46.58, 46.35, 44.38, 41.67, 42.11, 41.98, 40.36, 39.29, 38.83, 37.54, 37.38, 36.68, 36.95, 35.69, 34.95, 34.24]
2026-05-31 18:41:43,666 [trainer.py] => CNN top5 curve: [100.0, 92.21, 91.85, 90.86, 84.62, 82.85, 82.5, 78.89, 78.68, 78.3, 76.91, 74.79, 73.86, 75.25, 73.69, 72.06, 70.86, 70.6, 69.03, 68.01]
2026-05-31 18:41:43,667 [trainer.py] => Average Accuracy (CNN): 44.25
2026-05-31 18:41:43,670 [trainer.py] => All params: 171970192
2026-05-31 18:41:43,672 [trainer.py] => Trainable params: 199880
2026-05-31 18:41:43,672 [l2p.py] => Learning on 100-105
2026-05-31 18:43:08,788 [l2p.py] => Task 20, Epoch 20/20 => Loss 0.002, Train_accy 96.08, Test_accy 33.76
2026-05-31 18:43:17,681 [trainer.py] => Timing Task 20 => Train 85.12s, Epochs 20, Train 4.2559s/epoch, Inference 8.89s, Images 865, Inference 10.2773ms/image
2026-05-31 18:43:17,681 [trainer.py] => No NME accuracy.
2026-05-31 18:43:17,681 [trainer.py] => CNN: {'total': 33.76, '00-04': 58.82, '05-09': 18.6, '10-14': 39.66, '15-19': 45.0, '20-24': 15.25, '25-29': 47.5, '30-34': 23.91, '35-39': 57.5, '40-44': 30.0, '45-49': 40.91, '50-54': 45.45, '55-59': 36.67, '60-64': 25.0, '65-69': 41.89, '70-74': 43.75, '75-79': 27.08, '80-84': 35.09, '85-89': 20.83, '90-94': 28.0, '95-99': 2.7, '100-104': 20.83, 'old': 34.13, 'new': 20.83}
2026-05-31 18:43:17,682 [trainer.py] => CNN top1 curve: [79.41, 64.94, 52.59, 53.14, 46.58, 46.35, 44.38, 41.67, 42.11, 41.98, 40.36, 39.29, 38.83, 37.54, 37.38, 36.68, 36.95, 35.69, 34.95, 34.24, 33.76]
2026-05-31 18:43:17,682 [trainer.py] => CNN top5 curve: [100.0, 92.21, 91.85, 90.86, 84.62, 82.85, 82.5, 78.89, 78.68, 78.3, 76.91, 74.79, 73.86, 75.25, 73.69, 72.06, 70.86, 70.6, 69.03, 68.01, 67.86]
2026-05-31 18:43:17,682 [trainer.py] => Average Accuracy (CNN): 43.75
2026-05-31 18:43:17,685 [trainer.py] => All params: 171970192
2026-05-31 18:43:17,688 [trainer.py] => Trainable params: 199880
2026-05-31 18:43:17,688 [l2p.py] => Learning on 105-110
2026-05-31 18:44:58,492 [l2p.py] => Task 21, Epoch 20/20 => Loss -0.166, Train_accy 100.00, Test_accy 33.52
2026-05-31 18:45:08,934 [trainer.py] => Timing Task 21 => Train 100.81s, Epochs 20, Train 5.0403s/epoch, Inference 10.44s, Images 901, Inference 11.5866ms/image
2026-05-31 18:45:08,934 [trainer.py] => No NME accuracy.
2026-05-31 18:45:08,934 [trainer.py] => CNN: {'total': 33.52, '00-04': 55.88, '05-09': 16.28, '10-14': 39.66, '15-19': 47.5, '20-24': 15.25, '25-29': 47.5, '30-34': 23.91, '35-39': 55.0, '40-44': 25.0, '45-49': 36.36, '50-54': 40.91, '55-59': 36.67, '60-64': 21.15, '65-69': 44.59, '70-74': 47.92, '75-79': 27.08, '80-84': 31.58, '85-89': 12.5, '90-94': 28.0, '95-99': 5.41, '100-104': 25.0, '105-109': 44.44, 'old': 33.06, 'new': 44.44}
2026-05-31 18:45:08,935 [trainer.py] => CNN top1 curve: [79.41, 64.94, 52.59, 53.14, 46.58, 46.35, 44.38, 41.67, 42.11, 41.98, 40.36, 39.29, 38.83, 37.54, 37.38, 36.68, 36.95, 35.69, 34.95, 34.24, 33.76, 33.52]
2026-05-31 18:45:08,935 [trainer.py] => CNN top5 curve: [100.0, 92.21, 91.85, 90.86, 84.62, 82.85, 82.5, 78.89, 78.68, 78.3, 76.91, 74.79, 73.86, 75.25, 73.69, 72.06, 70.86, 70.6, 69.03, 68.01, 67.86, 67.81]
2026-05-31 18:45:08,935 [trainer.py] => Average Accuracy (CNN): 43.29
2026-05-31 18:45:08,937 [trainer.py] => All params: 171970192
2026-05-31 18:45:08,939 [trainer.py] => Trainable params: 199880
2026-05-31 18:45:08,939 [l2p.py] => Learning on 110-115
2026-05-31 18:46:23,903 [l2p.py] => Task 22, Epoch 20/20 => Loss -0.101, Train_accy 96.77, Test_accy 33.19
2026-05-31 18:46:34,599 [trainer.py] => Timing Task 22 => Train 74.97s, Epochs 20, Train 3.7483s/epoch, Inference 10.69s, Images 922, Inference 11.5983ms/image
2026-05-31 18:46:34,599 [trainer.py] => No NME accuracy.
2026-05-31 18:46:34,600 [trainer.py] => CNN: {'total': 33.19, '00-04': 55.88, '05-09': 16.28, '10-14': 39.66, '15-19': 45.0, '20-24': 13.56, '25-29': 50.0, '30-34': 23.91, '35-39': 57.5, '40-44': 25.0, '45-49': 36.36, '50-54': 40.91, '55-59': 36.67, '60-64': 21.15, '65-69': 44.59, '70-74': 45.83, '75-79': 27.08, '80-84': 33.33, '85-89': 12.5, '90-94': 28.0, '95-99': 8.11, '100-104': 20.83, '105-109': 44.44, '110-114': 19.05, 'old': 33.52, 'new': 19.05}
2026-05-31 18:46:34,600 [trainer.py] => CNN top1 curve: [79.41, 64.94, 52.59, 53.14, 46.58, 46.35, 44.38, 41.67, 42.11, 41.98, 40.36, 39.29, 38.83, 37.54, 37.38, 36.68, 36.95, 35.69, 34.95, 34.24, 33.76, 33.52, 33.19]
2026-05-31 18:46:34,600 [trainer.py] => CNN top5 curve: [100.0, 92.21, 91.85, 90.86, 84.62, 82.85, 82.5, 78.89, 78.68, 78.3, 76.91, 74.79, 73.86, 75.25, 73.69, 72.06, 70.86, 70.6, 69.03, 68.01, 67.86, 67.81, 67.79]
2026-05-31 18:46:34,600 [trainer.py] => Average Accuracy (CNN): 42.85
2026-05-31 18:46:34,601 [trainer.py] => All params: 171970192
2026-05-31 18:46:34,602 [trainer.py] => Trainable params: 199880
2026-05-31 18:46:34,602 [l2p.py] => Learning on 115-120
2026-05-31 18:48:42,155 [l2p.py] => Task 23, Epoch 20/20 => Loss -0.140, Train_accy 98.15, Test_accy 34.15
2026-05-31 18:48:53,441 [trainer.py] => Timing Task 23 => Train 127.56s, Epochs 20, Train 6.3778s/epoch, Inference 11.28s, Images 975, Inference 11.5724ms/image
2026-05-31 18:48:53,442 [trainer.py] => No NME accuracy.
2026-05-31 18:48:53,442 [trainer.py] => CNN: {'total': 34.15, '00-04': 55.88, '05-09': 18.6, '10-14': 37.93, '15-19': 45.0, '20-24': 13.56, '25-29': 50.0, '30-34': 23.91, '35-39': 57.5, '40-44': 25.0, '45-49': 40.91, '50-54': 36.36, '55-59': 36.67, '60-64': 23.08, '65-69': 45.95, '70-74': 43.75, '75-79': 25.0, '80-84': 36.84, '85-89': 12.5, '90-94': 28.0, '95-99': 5.41, '100-104': 20.83, '105-109': 44.44, '110-114': 19.05, '115-119': 47.17, 'old': 33.41, 'new': 47.17}
2026-05-31 18:48:53,442 [trainer.py] => CNN top1 curve: [79.41, 64.94, 52.59, 53.14, 46.58, 46.35, 44.38, 41.67, 42.11, 41.98, 40.36, 39.29, 38.83, 37.54, 37.38, 36.68, 36.95, 35.69, 34.95, 34.24, 33.76, 33.52, 33.19, 34.15]
2026-05-31 18:48:53,442 [trainer.py] => CNN top5 curve: [100.0, 92.21, 91.85, 90.86, 84.62, 82.85, 82.5, 78.89, 78.68, 78.3, 76.91, 74.79, 73.86, 75.25, 73.69, 72.06, 70.86, 70.6, 69.03, 68.01, 67.86, 67.81, 67.79, 67.38]
2026-05-31 18:48:53,443 [trainer.py] => Average Accuracy (CNN): 42.49
2026-05-31 18:48:53,445 [trainer.py] => All params: 171970192
2026-05-31 18:48:53,447 [trainer.py] => Trainable params: 199880
2026-05-31 18:48:53,447 [l2p.py] => Learning on 120-125
2026-05-31 18:50:37,311 [l2p.py] => Task 24, Epoch 20/20 => Loss -0.101, Train_accy 96.48, Test_accy 33.37
2026-05-31 18:50:48,899 [trainer.py] => Timing Task 24 => Train 103.87s, Epochs 20, Train 5.1933s/epoch, Inference 11.59s, Images 1016, Inference 11.4028ms/image
2026-05-31 18:50:48,899 [trainer.py] => No NME accuracy.
2026-05-31 18:50:48,899 [trainer.py] => CNN: {'total': 33.37, '00-04': 55.88, '05-09': 18.6, '10-14': 34.48, '15-19': 47.5, '20-24': 15.25, '25-29': 50.0, '30-34': 23.91, '35-39': 57.5, '40-44': 20.0, '45-49': 38.64, '50-54': 36.36, '55-59': 36.67, '60-64': 19.23, '65-69': 44.59, '70-74': 43.75, '75-79': 27.08, '80-84': 36.84, '85-89': 12.5, '90-94': 28.0, '95-99': 5.41, '100-104': 20.83, '105-109': 44.44, '110-114': 19.05, '115-119': 45.28, '120-124': 26.83, 'old': 33.64, 'new': 26.83}
2026-05-31 18:50:48,900 [trainer.py] => CNN top1 curve: [79.41, 64.94, 52.59, 53.14, 46.58, 46.35, 44.38, 41.67, 42.11, 41.98, 40.36, 39.29, 38.83, 37.54, 37.38, 36.68, 36.95, 35.69, 34.95, 34.24, 33.76, 33.52, 33.19, 34.15, 33.37]
2026-05-31 18:50:48,900 [trainer.py] => CNN top5 curve: [100.0, 92.21, 91.85, 90.86, 84.62, 82.85, 82.5, 78.89, 78.68, 78.3, 76.91, 74.79, 73.86, 75.25, 73.69, 72.06, 70.86, 70.6, 69.03, 68.01, 67.86, 67.81, 67.79, 67.38, 67.52]
2026-05-31 18:50:48,900 [trainer.py] => Average Accuracy (CNN): 42.12
2026-05-31 18:50:48,903 [trainer.py] => All params: 171970192
2026-05-31 18:50:48,906 [trainer.py] => Trainable params: 199880
2026-05-31 18:50:48,906 [l2p.py] => Learning on 125-130
2026-05-31 18:52:16,349 [l2p.py] => Task 25, Epoch 20/20 => Loss -0.126, Train_accy 100.00, Test_accy 32.27
2026-05-31 18:52:26,872 [trainer.py] => Timing Task 25 => Train 87.45s, Epochs 20, Train 4.3723s/epoch, Inference 10.52s, Images 1035, Inference 10.1640ms/image
2026-05-31 18:52:26,872 [trainer.py] => No NME accuracy.
2026-05-31 18:52:26,873 [trainer.py] => CNN: {'total': 32.27, '00-04': 55.88, '05-09': 16.28, '10-14': 34.48, '15-19': 47.5, '20-24': 13.56, '25-29': 47.5, '30-34': 23.91, '35-39': 57.5, '40-44': 20.0, '45-49': 40.91, '50-54': 36.36, '55-59': 33.33, '60-64': 19.23, '65-69': 43.24, '70-74': 41.67, '75-79': 22.92, '80-84': 36.84, '85-89': 16.67, '90-94': 28.0, '95-99': 5.41, '100-104': 20.83, '105-109': 44.44, '110-114': 19.05, '115-119': 43.4, '120-124': 24.39, '125-129': 15.79, 'old': 32.58, 'new': 15.79}
2026-05-31 18:52:26,873 [trainer.py] => CNN top1 curve: [79.41, 64.94, 52.59, 53.14, 46.58, 46.35, 44.38, 41.67, 42.11, 41.98, 40.36, 39.29, 38.83, 37.54, 37.38, 36.68, 36.95, 35.69, 34.95, 34.24, 33.76, 33.52, 33.19, 34.15, 33.37, 32.27]
2026-05-31 18:52:26,873 [trainer.py] => CNN top5 curve: [100.0, 92.21, 91.85, 90.86, 84.62, 82.85, 82.5, 78.89, 78.68, 78.3, 76.91, 74.79, 73.86, 75.25, 73.69, 72.06, 70.86, 70.6, 69.03, 68.01, 67.86, 67.81, 67.79, 67.38, 67.52, 66.09]
2026-05-31 18:52:26,873 [trainer.py] => Average Accuracy (CNN): 41.74
2026-05-31 18:52:26,875 [trainer.py] => All params: 171970192
2026-05-31 18:52:26,877 [trainer.py] => Trainable params: 199880
2026-05-31 18:52:26,877 [l2p.py] => Learning on 130-135
2026-05-31 18:54:10,092 [l2p.py] => Task 26, Epoch 20/20 => Loss -0.113, Train_accy 99.41, Test_accy 32.20
2026-05-31 18:54:20,192 [trainer.py] => Timing Task 26 => Train 103.22s, Epochs 20, Train 5.1609s/epoch, Inference 10.10s, Images 1084, Inference 9.3147ms/image
2026-05-31 18:54:20,192 [trainer.py] => No NME accuracy.
2026-05-31 18:54:20,193 [trainer.py] => CNN: {'total': 32.2, '00-04': 50.0, '05-09': 16.28, '10-14': 34.48, '15-19': 42.5, '20-24': 15.25, '25-29': 50.0, '30-34': 23.91, '35-39': 57.5, '40-44': 25.0, '45-49': 38.64, '50-54': 36.36, '55-59': 36.67, '60-64': 21.15, '65-69': 39.19, '70-74': 41.67, '75-79': 22.92, '80-84': 36.84, '85-89': 16.67, '90-94': 28.0, '95-99': 8.11, '100-104': 25.0, '105-109': 44.44, '110-114': 19.05, '115-119': 49.06, '120-124': 26.83, '125-129': 21.05, '130-134': 22.45, 'old': 32.66, 'new': 22.45}
2026-05-31 18:54:20,193 [trainer.py] => CNN top1 curve: [79.41, 64.94, 52.59, 53.14, 46.58, 46.35, 44.38, 41.67, 42.11, 41.98, 40.36, 39.29, 38.83, 37.54, 37.38, 36.68, 36.95, 35.69, 34.95, 34.24, 33.76, 33.52, 33.19, 34.15, 33.37, 32.27, 32.2]
2026-05-31 18:54:20,193 [trainer.py] => CNN top5 curve: [100.0, 92.21, 91.85, 90.86, 84.62, 82.85, 82.5, 78.89, 78.68, 78.3, 76.91, 74.79, 73.86, 75.25, 73.69, 72.06, 70.86, 70.6, 69.03, 68.01, 67.86, 67.81, 67.79, 67.38, 67.52, 66.09, 65.5]
2026-05-31 18:54:20,193 [trainer.py] => Average Accuracy (CNN): 41.39
2026-05-31 18:54:20,196 [trainer.py] => All params: 171970192
2026-05-31 18:54:20,198 [trainer.py] => Trainable params: 199880
2026-05-31 18:54:20,198 [l2p.py] => Learning on 135-140
2026-05-31 18:55:50,577 [l2p.py] => Task 27, Epoch 20/20 => Loss -0.147, Train_accy 97.84, Test_accy 31.49
2026-05-31 18:56:00,745 [trainer.py] => Timing Task 27 => Train 90.38s, Epochs 20, Train 4.5190s/epoch, Inference 10.17s, Images 1121, Inference 9.0696ms/image
2026-05-31 18:56:00,745 [trainer.py] => No NME accuracy.
2026-05-31 18:56:00,745 [trainer.py] => CNN: {'total': 31.49, '00-04': 50.0, '05-09': 11.63, '10-14': 27.59, '15-19': 40.0, '20-24': 13.56, '25-29': 45.0, '30-34': 23.91, '35-39': 57.5, '40-44': 25.0, '45-49': 38.64, '50-54': 36.36, '55-59': 36.67, '60-64': 21.15, '65-69': 39.19, '70-74': 37.5, '75-79': 22.92, '80-84': 38.6, '85-89': 8.33, '90-94': 28.0, '95-99': 8.11, '100-104': 25.0, '105-109': 41.67, '110-114': 19.05, '115-119': 45.28, '120-124': 26.83, '125-129': 15.79, '130-134': 16.33, '135-139': 64.86, 'old': 30.35, 'new': 64.86}
2026-05-31 18:56:00,746 [trainer.py] => CNN top1 curve: [79.41, 64.94, 52.59, 53.14, 46.58, 46.35, 44.38, 41.67, 42.11, 41.98, 40.36, 39.29, 38.83, 37.54, 37.38, 36.68, 36.95, 35.69, 34.95, 34.24, 33.76, 33.52, 33.19, 34.15, 33.37, 32.27, 32.2, 31.49]
2026-05-31 18:56:00,746 [trainer.py] => CNN top5 curve: [100.0, 92.21, 91.85, 90.86, 84.62, 82.85, 82.5, 78.89, 78.68, 78.3, 76.91, 74.79, 73.86, 75.25, 73.69, 72.06, 70.86, 70.6, 69.03, 68.01, 67.86, 67.81, 67.79, 67.38, 67.52, 66.09, 65.5, 65.57]
2026-05-31 18:56:00,746 [trainer.py] => Average Accuracy (CNN): 41.04
2026-05-31 18:56:00,747 [trainer.py] => All params: 171970192
2026-05-31 18:56:00,748 [trainer.py] => Trainable params: 199880
2026-05-31 18:56:00,748 [l2p.py] => Learning on 140-145
2026-05-31 18:57:38,289 [l2p.py] => Task 28, Epoch 20/20 => Loss -0.141, Train_accy 96.23, Test_accy 32.08
2026-05-31 18:57:48,844 [trainer.py] => Timing Task 28 => Train 97.54s, Epochs 20, Train 4.8771s/epoch, Inference 10.55s, Images 1166, Inference 9.0509ms/image
2026-05-31 18:57:48,845 [trainer.py] => No NME accuracy.
2026-05-31 18:57:48,845 [trainer.py] => CNN: {'total': 32.08, '00-04': 50.0, '05-09': 11.63, '10-14': 29.31, '15-19': 35.0, '20-24': 11.86, '25-29': 42.5, '30-34': 21.74, '35-39': 57.5, '40-44': 20.0, '45-49': 38.64, '50-54': 36.36, '55-59': 40.0, '60-64': 23.08, '65-69': 36.49, '70-74': 37.5, '75-79': 22.92, '80-84': 38.6, '85-89': 8.33, '90-94': 28.0, '95-99': 8.11, '100-104': 20.83, '105-109': 44.44, '110-114': 19.05, '115-119': 47.17, '120-124': 29.27, '125-129': 15.79, '130-134': 24.49, '135-139': 64.86, '140-144': 44.44, 'old': 31.58, 'new': 44.44}
2026-05-31 18:57:48,845 [trainer.py] => CNN top1 curve: [79.41, 64.94, 52.59, 53.14, 46.58, 46.35, 44.38, 41.67, 42.11, 41.98, 40.36, 39.29, 38.83, 37.54, 37.38, 36.68, 36.95, 35.69, 34.95, 34.24, 33.76, 33.52, 33.19, 34.15, 33.37, 32.27, 32.2, 31.49, 32.08]
2026-05-31 18:57:48,845 [trainer.py] => CNN top5 curve: [100.0, 92.21, 91.85, 90.86, 84.62, 82.85, 82.5, 78.89, 78.68, 78.3, 76.91, 74.79, 73.86, 75.25, 73.69, 72.06, 70.86, 70.6, 69.03, 68.01, 67.86, 67.81, 67.79, 67.38, 67.52, 66.09, 65.5, 65.57, 65.69]
2026-05-31 18:57:48,845 [trainer.py] => Average Accuracy (CNN): 40.73
2026-05-31 18:57:48,849 [trainer.py] => All params: 171970192
2026-05-31 18:57:48,851 [trainer.py] => Trainable params: 199880
2026-05-31 18:57:48,851 [l2p.py] => Learning on 145-150
2026-05-31 18:59:28,687 [l2p.py] => Task 29, Epoch 20/20 => Loss -0.127, Train_accy 98.82, Test_accy 31.41
2026-05-31 18:59:39,362 [trainer.py] => Timing Task 29 => Train 99.84s, Epochs 20, Train 4.9918s/epoch, Inference 10.67s, Images 1197, Inference 8.9173ms/image
2026-05-31 18:59:39,362 [trainer.py] => No NME accuracy.
2026-05-31 18:59:39,362 [trainer.py] => CNN: {'total': 31.41, '00-04': 50.0, '05-09': 11.63, '10-14': 27.59, '15-19': 35.0, '20-24': 11.86, '25-29': 42.5, '30-34': 21.74, '35-39': 57.5, '40-44': 20.0, '45-49': 38.64, '50-54': 36.36, '55-59': 33.33, '60-64': 23.08, '65-69': 36.49, '70-74': 37.5, '75-79': 22.92, '80-84': 38.6, '85-89': 8.33, '90-94': 28.0, '95-99': 8.11, '100-104': 20.83, '105-109': 44.44, '110-114': 19.05, '115-119': 45.28, '120-124': 29.27, '125-129': 15.79, '130-134': 24.49, '135-139': 64.86, '140-144': 44.44, '145-149': 19.35, 'old': 31.73, 'new': 19.35}
2026-05-31 18:59:39,362 [trainer.py] => CNN top1 curve: [79.41, 64.94, 52.59, 53.14, 46.58, 46.35, 44.38, 41.67, 42.11, 41.98, 40.36, 39.29, 38.83, 37.54, 37.38, 36.68, 36.95, 35.69, 34.95, 34.24, 33.76, 33.52, 33.19, 34.15, 33.37, 32.27, 32.2, 31.49, 32.08, 31.41]
2026-05-31 18:59:39,363 [trainer.py] => CNN top5 curve: [100.0, 92.21, 91.85, 90.86, 84.62, 82.85, 82.5, 78.89, 78.68, 78.3, 76.91, 74.79, 73.86, 75.25, 73.69, 72.06, 70.86, 70.6, 69.03, 68.01, 67.86, 67.81, 67.79, 67.38, 67.52, 66.09, 65.5, 65.57, 65.69, 64.83]
2026-05-31 18:59:39,363 [trainer.py] => Average Accuracy (CNN): 40.42
2026-05-31 18:59:39,365 [trainer.py] => All params: 171970192
2026-05-31 18:59:39,367 [trainer.py] => Trainable params: 199880
2026-05-31 18:59:39,367 [l2p.py] => Learning on 150-155
2026-05-31 19:01:05,111 [l2p.py] => Task 30, Epoch 20/20 => Loss -0.082, Train_accy 96.61, Test_accy 30.71
2026-05-31 19:01:16,195 [trainer.py] => Timing Task 30 => Train 85.75s, Epochs 20, Train 4.2873s/epoch, Inference 11.08s, Images 1231, Inference 9.0024ms/image
2026-05-31 19:01:16,196 [trainer.py] => No NME accuracy.
2026-05-31 19:01:16,196 [trainer.py] => CNN: {'total': 30.71, '00-04': 47.06, '05-09': 13.95, '10-14': 27.59, '15-19': 35.0, '20-24': 11.86, '25-29': 42.5, '30-34': 21.74, '35-39': 57.5, '40-44': 20.0, '45-49': 40.91, '50-54': 36.36, '55-59': 33.33, '60-64': 21.15, '65-69': 39.19, '70-74': 39.58, '75-79': 22.92, '80-84': 38.6, '85-89': 8.33, '90-94': 28.0, '95-99': 5.41, '100-104': 20.83, '105-109': 41.67, '110-114': 14.29, '115-119': 45.28, '120-124': 29.27, '125-129': 10.53, '130-134': 22.45, '135-139': 62.16, '140-144': 44.44, '145-149': 19.35, '150-154': 14.71, 'old': 31.16, 'new': 14.71}
2026-05-31 19:01:16,196 [trainer.py] => CNN top1 curve: [79.41, 64.94, 52.59, 53.14, 46.58, 46.35, 44.38, 41.67, 42.11, 41.98, 40.36, 39.29, 38.83, 37.54, 37.38, 36.68, 36.95, 35.69, 34.95, 34.24, 33.76, 33.52, 33.19, 34.15, 33.37, 32.27, 32.2, 31.49, 32.08, 31.41, 30.71]
2026-05-31 19:01:16,196 [trainer.py] => CNN top5 curve: [100.0, 92.21, 91.85, 90.86, 84.62, 82.85, 82.5, 78.89, 78.68, 78.3, 76.91, 74.79, 73.86, 75.25, 73.69, 72.06, 70.86, 70.6, 69.03, 68.01, 67.86, 67.81, 67.79, 67.38, 67.52, 66.09, 65.5, 65.57, 65.69, 64.83, 63.61]
2026-05-31 19:01:16,196 [trainer.py] => Average Accuracy (CNN): 40.1
2026-05-31 19:01:16,198 [trainer.py] => All params: 171970192
2026-05-31 19:01:16,199 [trainer.py] => Trainable params: 199880
2026-05-31 19:01:16,199 [l2p.py] => Learning on 155-160
2026-05-31 19:02:33,384 [l2p.py] => Task 31, Epoch 20/20 => Loss -0.127, Train_accy 97.65, Test_accy 30.77
2026-05-31 19:02:44,429 [trainer.py] => Timing Task 31 => Train 77.19s, Epochs 20, Train 3.8593s/epoch, Inference 11.04s, Images 1248, Inference 8.8496ms/image
2026-05-31 19:02:44,430 [trainer.py] => No NME accuracy.
2026-05-31 19:02:44,430 [trainer.py] => CNN: {'total': 30.77, '00-04': 50.0, '05-09': 13.95, '10-14': 27.59, '15-19': 35.0, '20-24': 11.86, '25-29': 42.5, '30-34': 21.74, '35-39': 57.5, '40-44': 20.0, '45-49': 38.64, '50-54': 36.36, '55-59': 30.0, '60-64': 21.15, '65-69': 39.19, '70-74': 39.58, '75-79': 22.92, '80-84': 36.84, '85-89': 8.33, '90-94': 28.0, '95-99': 8.11, '100-104': 20.83, '105-109': 38.89, '110-114': 14.29, '115-119': 47.17, '120-124': 31.71, '125-129': 10.53, '130-134': 22.45, '135-139': 62.16, '140-144': 42.22, '145-149': 19.35, '150-154': 14.71, '155-159': 41.18, 'old': 30.63, 'new': 41.18}
2026-05-31 19:02:44,430 [trainer.py] => CNN top1 curve: [79.41, 64.94, 52.59, 53.14, 46.58, 46.35, 44.38, 41.67, 42.11, 41.98, 40.36, 39.29, 38.83, 37.54, 37.38, 36.68, 36.95, 35.69, 34.95, 34.24, 33.76, 33.52, 33.19, 34.15, 33.37, 32.27, 32.2, 31.49, 32.08, 31.41, 30.71, 30.77]
2026-05-31 19:02:44,430 [trainer.py] => CNN top5 curve: [100.0, 92.21, 91.85, 90.86, 84.62, 82.85, 82.5, 78.89, 78.68, 78.3, 76.91, 74.79, 73.86, 75.25, 73.69, 72.06, 70.86, 70.6, 69.03, 68.01, 67.86, 67.81, 67.79, 67.38, 67.52, 66.09, 65.5, 65.57, 65.69, 64.83, 63.61, 63.86]
2026-05-31 19:02:44,430 [trainer.py] => Average Accuracy (CNN): 39.81
2026-05-31 19:02:44,433 [trainer.py] => All params: 171970192
2026-05-31 19:02:44,435 [trainer.py] => Trainable params: 199880
2026-05-31 19:02:44,435 [l2p.py] => Learning on 160-165
2026-05-31 19:04:31,966 [l2p.py] => Task 32, Epoch 20/20 => Loss -0.010, Train_accy 93.07, Test_accy 30.62
2026-05-31 19:04:43,133 [trainer.py] => Timing Task 32 => Train 107.53s, Epochs 20, Train 5.3766s/epoch, Inference 11.17s, Images 1300, Inference 8.5890ms/image
2026-05-31 19:04:43,133 [trainer.py] => No NME accuracy.
2026-05-31 19:04:43,133 [trainer.py] => CNN: {'total': 30.62, '00-04': 47.06, '05-09': 13.95, '10-14': 27.59, '15-19': 35.0, '20-24': 13.56, '25-29': 45.0, '30-34': 23.91, '35-39': 57.5, '40-44': 20.0, '45-49': 40.91, '50-54': 40.91, '55-59': 30.0, '60-64': 23.08, '65-69': 40.54, '70-74': 39.58, '75-79': 25.0, '80-84': 36.84, '85-89': 8.33, '90-94': 28.0, '95-99': 8.11, '100-104': 20.83, '105-109': 38.89, '110-114': 19.05, '115-119': 49.06, '120-124': 31.71, '125-129': 15.79, '130-134': 22.45, '135-139': 62.16, '140-144': 42.22, '145-149': 19.35, '150-154': 14.71, '155-159': 41.18, '160-164': 7.69, 'old': 31.57, 'new': 7.69}
2026-05-31 19:04:43,134 [trainer.py] => CNN top1 curve: [79.41, 64.94, 52.59, 53.14, 46.58, 46.35, 44.38, 41.67, 42.11, 41.98, 40.36, 39.29, 38.83, 37.54, 37.38, 36.68, 36.95, 35.69, 34.95, 34.24, 33.76, 33.52, 33.19, 34.15, 33.37, 32.27, 32.2, 31.49, 32.08, 31.41, 30.71, 30.77, 30.62]
2026-05-31 19:04:43,134 [trainer.py] => CNN top5 curve: [100.0, 92.21, 91.85, 90.86, 84.62, 82.85, 82.5, 78.89, 78.68, 78.3, 76.91, 74.79, 73.86, 75.25, 73.69, 72.06, 70.86, 70.6, 69.03, 68.01, 67.86, 67.81, 67.79, 67.38, 67.52, 66.09, 65.5, 65.57, 65.69, 64.83, 63.61, 63.86, 63.31]
2026-05-31 19:04:43,134 [trainer.py] => Average Accuracy (CNN): 39.53
2026-05-31 19:04:43,135 [trainer.py] => All params: 171970192
2026-05-31 19:04:43,136 [trainer.py] => Trainable params: 199880
2026-05-31 19:04:43,136 [l2p.py] => Learning on 165-170
2026-05-31 19:06:13,294 [l2p.py] => Task 33, Epoch 20/20 => Loss -0.080, Train_accy 95.45, Test_accy 30.53
2026-05-31 19:06:24,840 [trainer.py] => Timing Task 33 => Train 90.16s, Epochs 20, Train 4.5079s/epoch, Inference 11.54s, Images 1333, Inference 8.6609ms/image
2026-05-31 19:06:24,840 [trainer.py] => No NME accuracy.
2026-05-31 19:06:24,840 [trainer.py] => CNN: {'total': 30.53, '00-04': 47.06, '05-09': 13.95, '10-14': 27.59, '15-19': 35.0, '20-24': 15.25, '25-29': 45.0, '30-34': 21.74, '35-39': 57.5, '40-44': 20.0, '45-49': 43.18, '50-54': 40.91, '55-59': 30.0, '60-64': 23.08, '65-69': 41.89, '70-74': 39.58, '75-79': 25.0, '80-84': 36.84, '85-89': 8.33, '90-94': 28.0, '95-99': 8.11, '100-104': 20.83, '105-109': 41.67, '110-114': 19.05, '115-119': 50.94, '120-124': 31.71, '125-129': 15.79, '130-134': 24.49, '135-139': 62.16, '140-144': 42.22, '145-149': 19.35, '150-154': 11.76, '155-159': 47.06, '160-164': 7.69, '165-169': 12.12, 'old': 31.0, 'new': 12.12}
2026-05-31 19:06:24,840 [trainer.py] => CNN top1 curve: [79.41, 64.94, 52.59, 53.14, 46.58, 46.35, 44.38, 41.67, 42.11, 41.98, 40.36, 39.29, 38.83, 37.54, 37.38, 36.68, 36.95, 35.69, 34.95, 34.24, 33.76, 33.52, 33.19, 34.15, 33.37, 32.27, 32.2, 31.49, 32.08, 31.41, 30.71, 30.77, 30.62, 30.53]
2026-05-31 19:06:24,840 [trainer.py] => CNN top5 curve: [100.0, 92.21, 91.85, 90.86, 84.62, 82.85, 82.5, 78.89, 78.68, 78.3, 76.91, 74.79, 73.86, 75.25, 73.69, 72.06, 70.86, 70.6, 69.03, 68.01, 67.86, 67.81, 67.79, 67.38, 67.52, 66.09, 65.5, 65.57, 65.69, 64.83, 63.61, 63.86, 63.31, 62.42]
2026-05-31 19:06:24,840 [trainer.py] => Average Accuracy (CNN): 39.27
2026-05-31 19:06:24,842 [trainer.py] => All params: 171970192
2026-05-31 19:06:24,843 [trainer.py] => Trainable params: 199880
2026-05-31 19:06:24,843 [l2p.py] => Learning on 170-175
2026-05-31 19:07:45,451 [l2p.py] => Task 34, Epoch 20/20 => Loss -0.131, Train_accy 98.86, Test_accy 30.34
2026-05-31 19:07:56,915 [trainer.py] => Timing Task 34 => Train 80.61s, Epochs 20, Train 4.0304s/epoch, Inference 11.46s, Images 1358, Inference 8.4412ms/image
2026-05-31 19:07:56,915 [trainer.py] => No NME accuracy.
2026-05-31 19:07:56,915 [trainer.py] => CNN: {'total': 30.34, '00-04': 44.12, '05-09': 16.28, '10-14': 27.59, '15-19': 32.5, '20-24': 15.25, '25-29': 42.5, '30-34': 21.74, '35-39': 55.0, '40-44': 20.0, '45-49': 45.45, '50-54': 45.45, '55-59': 30.0, '60-64': 19.23, '65-69': 41.89, '70-74': 37.5, '75-79': 29.17, '80-84': 35.09, '85-89': 8.33, '90-94': 28.0, '95-99': 8.11, '100-104': 25.0, '105-109': 38.89, '110-114': 19.05, '115-119': 54.72, '120-124': 29.27, '125-129': 15.79, '130-134': 20.41, '135-139': 59.46, '140-144': 42.22, '145-149': 12.9, '150-154': 14.71, '155-159': 47.06, '160-164': 11.54, '165-169': 15.15, '170-174': 32.0, 'old': 30.31, 'new': 32.0}
2026-05-31 19:07:56,915 [trainer.py] => CNN top1 curve: [79.41, 64.94, 52.59, 53.14, 46.58, 46.35, 44.38, 41.67, 42.11, 41.98, 40.36, 39.29, 38.83, 37.54, 37.38, 36.68, 36.95, 35.69, 34.95, 34.24, 33.76, 33.52, 33.19, 34.15, 33.37, 32.27, 32.2, 31.49, 32.08, 31.41, 30.71, 30.77, 30.62, 30.53, 30.34]
2026-05-31 19:07:56,916 [trainer.py] => CNN top5 curve: [100.0, 92.21, 91.85, 90.86, 84.62, 82.85, 82.5, 78.89, 78.68, 78.3, 76.91, 74.79, 73.86, 75.25, 73.69, 72.06, 70.86, 70.6, 69.03, 68.01, 67.86, 67.81, 67.79, 67.38, 67.52, 66.09, 65.5, 65.57, 65.69, 64.83, 63.61, 63.86, 63.31, 62.42, 62.74]
2026-05-31 19:07:56,916 [trainer.py] => Average Accuracy (CNN): 39.01
2026-05-31 19:07:56,917 [trainer.py] => All params: 171970192
2026-05-31 19:07:56,918 [trainer.py] => Trainable params: 199880
2026-05-31 19:07:56,918 [l2p.py] => Learning on 175-180
2026-05-31 19:09:31,595 [l2p.py] => Task 35, Epoch 20/20 => Loss -0.137, Train_accy 97.99, Test_accy 30.97
2026-05-31 19:09:43,531 [trainer.py] => Timing Task 35 => Train 94.68s, Epochs 20, Train 4.7340s/epoch, Inference 11.93s, Images 1395, Inference 8.5543ms/image
2026-05-31 19:09:43,531 [trainer.py] => No NME accuracy.
2026-05-31 19:09:43,531 [trainer.py] => CNN: {'total': 30.97, '00-04': 44.12, '05-09': 16.28, '10-14': 25.86, '15-19': 27.5, '20-24': 15.25, '25-29': 42.5, '30-34': 21.74, '35-39': 55.0, '40-44': 20.0, '45-49': 45.45, '50-54': 40.91, '55-59': 30.0, '60-64': 21.15, '65-69': 47.3, '70-74': 37.5, '75-79': 29.17, '80-84': 35.09, '85-89': 12.5, '90-94': 28.0, '95-99': 8.11, '100-104': 25.0, '105-109': 47.22, '110-114': 19.05, '115-119': 52.83, '120-124': 29.27, '125-129': 15.79, '130-134': 20.41, '135-139': 59.46, '140-144': 44.44, '145-149': 12.9, '150-154': 14.71, '155-159': 47.06, '160-164': 13.46, '165-169': 15.15, '170-174': 28.0, '175-179': 40.54, 'old': 30.71, 'new': 40.54}
2026-05-31 19:09:43,531 [trainer.py] => CNN top1 curve: [79.41, 64.94, 52.59, 53.14, 46.58, 46.35, 44.38, 41.67, 42.11, 41.98, 40.36, 39.29, 38.83, 37.54, 37.38, 36.68, 36.95, 35.69, 34.95, 34.24, 33.76, 33.52, 33.19, 34.15, 33.37, 32.27, 32.2, 31.49, 32.08, 31.41, 30.71, 30.77, 30.62, 30.53, 30.34, 30.97]
2026-05-31 19:09:43,531 [trainer.py] => CNN top5 curve: [100.0, 92.21, 91.85, 90.86, 84.62, 82.85, 82.5, 78.89, 78.68, 78.3, 76.91, 74.79, 73.86, 75.25, 73.69, 72.06, 70.86, 70.6, 69.03, 68.01, 67.86, 67.81, 67.79, 67.38, 67.52, 66.09, 65.5, 65.57, 65.69, 64.83, 63.61, 63.86, 63.31, 62.42, 62.74, 62.65]
2026-05-31 19:09:43,532 [trainer.py] => Average Accuracy (CNN): 38.79
2026-05-31 19:09:43,533 [trainer.py] => All params: 171970192
2026-05-31 19:09:43,535 [trainer.py] => Trainable params: 199880
2026-05-31 19:09:43,535 [l2p.py] => Learning on 180-185
2026-05-31 19:11:15,680 [l2p.py] => Task 36, Epoch 20/20 => Loss -0.108, Train_accy 95.90, Test_accy 31.08
2026-05-31 19:11:27,375 [trainer.py] => Timing Task 36 => Train 92.15s, Epochs 20, Train 4.6073s/epoch, Inference 11.69s, Images 1422, Inference 8.2234ms/image
2026-05-31 19:11:27,375 [trainer.py] => No NME accuracy.
2026-05-31 19:11:27,375 [trainer.py] => CNN: {'total': 31.08, '00-04': 44.12, '05-09': 16.28, '10-14': 27.59, '15-19': 25.0, '20-24': 13.56, '25-29': 45.0, '30-34': 21.74, '35-39': 55.0, '40-44': 20.0, '45-49': 45.45, '50-54': 40.91, '55-59': 30.0, '60-64': 21.15, '65-69': 47.3, '70-74': 37.5, '75-79': 27.08, '80-84': 36.84, '85-89': 12.5, '90-94': 28.0, '95-99': 8.11, '100-104': 25.0, '105-109': 44.44, '110-114': 23.81, '115-119': 52.83, '120-124': 29.27, '125-129': 15.79, '130-134': 20.41, '135-139': 59.46, '140-144': 42.22, '145-149': 16.13, '150-154': 14.71, '155-159': 47.06, '160-164': 15.38, '165-169': 18.18, '170-174': 28.0, '175-179': 37.84, '180-184': 33.33, 'old': 31.04, 'new': 33.33}
2026-05-31 19:11:27,375 [trainer.py] => CNN top1 curve: [79.41, 64.94, 52.59, 53.14, 46.58, 46.35, 44.38, 41.67, 42.11, 41.98, 40.36, 39.29, 38.83, 37.54, 37.38, 36.68, 36.95, 35.69, 34.95, 34.24, 33.76, 33.52, 33.19, 34.15, 33.37, 32.27, 32.2, 31.49, 32.08, 31.41, 30.71, 30.77, 30.62, 30.53, 30.34, 30.97, 31.08]
2026-05-31 19:11:27,375 [trainer.py] => CNN top5 curve: [100.0, 92.21, 91.85, 90.86, 84.62, 82.85, 82.5, 78.89, 78.68, 78.3, 76.91, 74.79, 73.86, 75.25, 73.69, 72.06, 70.86, 70.6, 69.03, 68.01, 67.86, 67.81, 67.79, 67.38, 67.52, 66.09, 65.5, 65.57, 65.69, 64.83, 63.61, 63.86, 63.31, 62.42, 62.74, 62.65, 61.95]
2026-05-31 19:11:27,375 [trainer.py] => Average Accuracy (CNN): 38.58
2026-05-31 19:11:27,376 [trainer.py] => All params: 171970192
2026-05-31 19:11:27,377 [trainer.py] => Trainable params: 199880
2026-05-31 19:11:27,377 [l2p.py] => Learning on 185-190
2026-05-31 19:12:45,497 [l2p.py] => Task 37, Epoch 20/20 => Loss -0.119, Train_accy 97.01, Test_accy 29.64
2026-05-31 19:12:57,613 [trainer.py] => Timing Task 37 => Train 78.12s, Epochs 20, Train 3.9060s/epoch, Inference 12.11s, Images 1434, Inference 8.4481ms/image
2026-05-31 19:12:57,613 [trainer.py] => No NME accuracy.
2026-05-31 19:12:57,613 [trainer.py] => CNN: {'total': 29.64, '00-04': 44.12, '05-09': 13.95, '10-14': 25.86, '15-19': 27.5, '20-24': 13.56, '25-29': 42.5, '30-34': 21.74, '35-39': 55.0, '40-44': 15.0, '45-49': 45.45, '50-54': 40.91, '55-59': 30.0, '60-64': 19.23, '65-69': 41.89, '70-74': 41.67, '75-79': 27.08, '80-84': 31.58, '85-89': 12.5, '90-94': 28.0, '95-99': 8.11, '100-104': 25.0, '105-109': 41.67, '110-114': 19.05, '115-119': 49.06, '120-124': 29.27, '125-129': 15.79, '130-134': 20.41, '135-139': 54.05, '140-144': 40.0, '145-149': 12.9, '150-154': 14.71, '155-159': 47.06, '160-164': 13.46, '165-169': 15.15, '170-174': 28.0, '175-179': 37.84, '180-184': 29.63, '185-189': 25.0, 'old': 29.68, 'new': 25.0}
2026-05-31 19:12:57,613 [trainer.py] => CNN top1 curve: [79.41, 64.94, 52.59, 53.14, 46.58, 46.35, 44.38, 41.67, 42.11, 41.98, 40.36, 39.29, 38.83, 37.54, 37.38, 36.68, 36.95, 35.69, 34.95, 34.24, 33.76, 33.52, 33.19, 34.15, 33.37, 32.27, 32.2, 31.49, 32.08, 31.41, 30.71, 30.77, 30.62, 30.53, 30.34, 30.97, 31.08, 29.64]
2026-05-31 19:12:57,613 [trainer.py] => CNN top5 curve: [100.0, 92.21, 91.85, 90.86, 84.62, 82.85, 82.5, 78.89, 78.68, 78.3, 76.91, 74.79, 73.86, 75.25, 73.69, 72.06, 70.86, 70.6, 69.03, 68.01, 67.86, 67.81, 67.79, 67.38, 67.52, 66.09, 65.5, 65.57, 65.69, 64.83, 63.61, 63.86, 63.31, 62.42, 62.74, 62.65, 61.95, 60.95]
2026-05-31 19:12:57,613 [trainer.py] => Average Accuracy (CNN): 38.35
2026-05-31 19:12:57,615 [trainer.py] => All params: 171970192
2026-05-31 19:12:57,616 [trainer.py] => Trainable params: 199880
2026-05-31 19:12:57,616 [l2p.py] => Learning on 190-195
2026-05-31 19:14:39,814 [l2p.py] => Task 38, Epoch 20/20 => Loss -0.154, Train_accy 100.00, Test_accy 29.10
2026-05-31 19:14:52,281 [trainer.py] => Timing Task 38 => Train 102.20s, Epochs 20, Train 5.1100s/epoch, Inference 12.47s, Images 1471, Inference 8.4740ms/image
2026-05-31 19:14:52,281 [trainer.py] => No NME accuracy.
2026-05-31 19:14:52,281 [trainer.py] => CNN: {'total': 29.1, '00-04': 44.12, '05-09': 11.63, '10-14': 25.86, '15-19': 30.0, '20-24': 16.95, '25-29': 40.0, '30-34': 21.74, '35-39': 50.0, '40-44': 15.0, '45-49': 45.45, '50-54': 40.91, '55-59': 30.0, '60-64': 15.38, '65-69': 41.89, '70-74': 43.75, '75-79': 22.92, '80-84': 31.58, '85-89': 12.5, '90-94': 20.0, '95-99': 8.11, '100-104': 25.0, '105-109': 41.67, '110-114': 19.05, '115-119': 45.28, '120-124': 19.51, '125-129': 10.53, '130-134': 20.41, '135-139': 56.76, '140-144': 40.0, '145-149': 19.35, '150-154': 11.76, '155-159': 29.41, '160-164': 13.46, '165-169': 6.06, '170-174': 24.0, '175-179': 35.14, '180-184': 33.33, '185-189': 16.67, '190-194': 59.46, 'old': 28.31, 'new': 59.46}
2026-05-31 19:14:52,281 [trainer.py] => CNN top1 curve: [79.41, 64.94, 52.59, 53.14, 46.58, 46.35, 44.38, 41.67, 42.11, 41.98, 40.36, 39.29, 38.83, 37.54, 37.38, 36.68, 36.95, 35.69, 34.95, 34.24, 33.76, 33.52, 33.19, 34.15, 33.37, 32.27, 32.2, 31.49, 32.08, 31.41, 30.71, 30.77, 30.62, 30.53, 30.34, 30.97, 31.08, 29.64, 29.1]
2026-05-31 19:14:52,281 [trainer.py] => CNN top5 curve: [100.0, 92.21, 91.85, 90.86, 84.62, 82.85, 82.5, 78.89, 78.68, 78.3, 76.91, 74.79, 73.86, 75.25, 73.69, 72.06, 70.86, 70.6, 69.03, 68.01, 67.86, 67.81, 67.79, 67.38, 67.52, 66.09, 65.5, 65.57, 65.69, 64.83, 63.61, 63.86, 63.31, 62.42, 62.74, 62.65, 61.95, 60.95, 60.03]
2026-05-31 19:14:52,281 [trainer.py] => Average Accuracy (CNN): 38.11
2026-05-31 19:14:52,283 [trainer.py] => All params: 171970192
2026-05-31 19:14:52,283 [trainer.py] => Trainable params: 199880
2026-05-31 19:14:52,284 [l2p.py] => Learning on 195-200
2026-05-31 19:16:33,679 [l2p.py] => Task 39, Epoch 20/20 => Loss -0.146, Train_accy 99.40, Test_accy 28.31
2026-05-31 19:16:46,758 [trainer.py] => Timing Task 39 => Train 101.40s, Epochs 20, Train 5.0699s/epoch, Inference 13.08s, Images 1519, Inference 8.6089ms/image
2026-05-31 19:16:46,758 [trainer.py] => No NME accuracy.
2026-05-31 19:16:46,758 [trainer.py] => CNN: {'total': 28.31, '00-04': 38.24, '05-09': 11.63, '10-14': 25.86, '15-19': 32.5, '20-24': 15.25, '25-29': 40.0, '30-34': 21.74, '35-39': 50.0, '40-44': 10.0, '45-49': 45.45, '50-54': 36.36, '55-59': 30.0, '60-64': 13.46, '65-69': 41.89, '70-74': 41.67, '75-79': 22.92, '80-84': 29.82, '85-89': 8.33, '90-94': 20.0, '95-99': 8.11, '100-104': 25.0, '105-109': 38.89, '110-114': 19.05, '115-119': 43.4, '120-124': 21.95, '125-129': 10.53, '130-134': 20.41, '135-139': 54.05, '140-144': 40.0, '145-149': 19.35, '150-154': 11.76, '155-159': 29.41, '160-164': 9.62, '165-169': 6.06, '170-174': 24.0, '175-179': 35.14, '180-184': 25.93, '185-189': 8.33, '190-194': 59.46, '195-199': 35.42, 'old': 28.08, 'new': 35.42}
2026-05-31 19:16:46,759 [trainer.py] => CNN top1 curve: [79.41, 64.94, 52.59, 53.14, 46.58, 46.35, 44.38, 41.67, 42.11, 41.98, 40.36, 39.29, 38.83, 37.54, 37.38, 36.68, 36.95, 35.69, 34.95, 34.24, 33.76, 33.52, 33.19, 34.15, 33.37, 32.27, 32.2, 31.49, 32.08, 31.41, 30.71, 30.77, 30.62, 30.53, 30.34, 30.97, 31.08, 29.64, 29.1, 28.31]
2026-05-31 19:16:46,759 [trainer.py] => CNN top5 curve: [100.0, 92.21, 91.85, 90.86, 84.62, 82.85, 82.5, 78.89, 78.68, 78.3, 76.91, 74.79, 73.86, 75.25, 73.69, 72.06, 70.86, 70.6, 69.03, 68.01, 67.86, 67.81, 67.79, 67.38, 67.52, 66.09, 65.5, 65.57, 65.69, 64.83, 63.61, 63.86, 63.31, 62.42, 62.74, 62.65, 61.95, 60.95, 60.03, 59.12]
2026-05-31 19:16:46,759 [trainer.py] => Average Accuracy (CNN): 37.86
