2026-05-15 03:53:10,181 [trainer.py] => config: ./configs/l2p/l2p_ina_B0_Inc40.json
2026-05-15 03:53:10,181 [trainer.py] => prefix:  
2026-05-15 03:53:10,181 [trainer.py] => dataset: imageneta
2026-05-15 03:53:10,181 [trainer.py] => memory_size: 0
2026-05-15 03:53:10,181 [trainer.py] => memory_per_class: 0
2026-05-15 03:53:10,181 [trainer.py] => fixed_memory: False
2026-05-15 03:53:10,181 [trainer.py] => shuffle: True
2026-05-15 03:53:10,181 [trainer.py] => init_cls: 40
2026-05-15 03:53:10,181 [trainer.py] => increment: 40
2026-05-15 03:53:10,181 [trainer.py] => model_name: l2p
2026-05-15 03:53:10,181 [trainer.py] => backbone_type: vit_base_patch16_224_in21k_l2p
2026-05-15 03:53:10,181 [trainer.py] => get_original_backbone: True
2026-05-15 03:53:10,181 [trainer.py] => device: [device(type='cuda', index=2)]
2026-05-15 03:53:10,181 [trainer.py] => seed: 1994
2026-05-15 03:53:10,181 [trainer.py] => tuned_epoch: 20
2026-05-15 03:53:10,181 [trainer.py] => init_lr: 0.001875
2026-05-15 03:53:10,181 [trainer.py] => batch_size: 48
2026-05-15 03:53:10,182 [trainer.py] => weight_decay: 0
2026-05-15 03:53:10,182 [trainer.py] => min_lr: 1e-05
2026-05-15 03:53:10,182 [trainer.py] => optimizer: adam
2026-05-15 03:53:10,182 [trainer.py] => scheduler: constant
2026-05-15 03:53:10,182 [trainer.py] => reinit_optimizer: True
2026-05-15 03:53:10,182 [trainer.py] => global_pool: token
2026-05-15 03:53:10,182 [trainer.py] => head_type: prompt
2026-05-15 03:53:10,182 [trainer.py] => freeze: ['blocks', 'patch_embed', 'cls_token', 'norm', 'pos_embed']
2026-05-15 03:53:10,182 [trainer.py] => pretrained: True
2026-05-15 03:53:10,182 [trainer.py] => drop: 0.0
2026-05-15 03:53:10,182 [trainer.py] => drop_path: 0.0
2026-05-15 03:53:10,182 [trainer.py] => prompt_pool: True
2026-05-15 03:53:10,182 [trainer.py] => size: 10
2026-05-15 03:53:10,182 [trainer.py] => length: 5
2026-05-15 03:53:10,182 [trainer.py] => top_k: 5
2026-05-15 03:53:10,182 [trainer.py] => initializer: uniform
2026-05-15 03:53:10,182 [trainer.py] => prompt_key: True
2026-05-15 03:53:10,182 [trainer.py] => prompt_key_init: uniform
2026-05-15 03:53:10,182 [trainer.py] => use_prompt_mask: False
2026-05-15 03:53:10,182 [trainer.py] => shared_prompt_pool: False
2026-05-15 03:53:10,183 [trainer.py] => shared_prompt_key: False
2026-05-15 03:53:10,183 [trainer.py] => batchwise_prompt: True
2026-05-15 03:53:10,183 [trainer.py] => embedding_key: cls
2026-05-15 03:53:10,183 [trainer.py] => predefined_key: 
2026-05-15 03:53:10,183 [trainer.py] => pull_constraint: True
2026-05-15 03:53:10,183 [trainer.py] => pull_constraint_coeff: 0.1
2026-05-15 03:53:10,183 [trainer.py] => nb_classes: 200
2026-05-15 03:53:10,183 [trainer.py] => nb_tasks: 5
2026-05-15 03:53:10,662 [data_manager.py] => [85, 41, 23, 28, 70, 87, 134, 151, 51, 159, 178, 119, 50, 117, 73, 95, 86, 147, 63, 22, 79, 175, 40, 155, 174, 54, 132, 72, 124, 157, 93, 26, 196, 74, 44, 15, 169, 122, 88, 171, 184, 6, 18, 145, 48, 197, 64, 172, 126, 96, 11, 55, 193, 66, 128, 21, 77, 113, 140, 116, 141, 133, 120, 29, 115, 14, 103, 127, 114, 19, 9, 38, 33, 195, 81, 35, 69, 181, 47, 129, 112, 168, 198, 71, 101, 188, 68, 90, 158, 163, 52, 8, 185, 59, 154, 92, 56, 183, 32, 136, 65, 45, 46, 173, 189, 108, 102, 144, 0, 107, 187, 100, 98, 192, 43, 161, 104, 75, 150, 166, 121, 60, 160, 3, 143, 153, 62, 142, 61, 110, 194, 97, 25, 177, 179, 17, 49, 31, 94, 111, 16, 53, 91, 58, 135, 83, 2, 12, 13, 165, 42, 36, 186, 105, 1, 7, 149, 170, 27, 24, 78, 167, 137, 138, 118, 10, 139, 164, 20, 57, 123, 199, 89, 130, 82, 162, 176, 148, 109, 125, 67, 106, 37, 146, 131, 180, 156, 39, 5, 84, 4, 190, 152, 191, 30, 76, 80, 34, 99, 182]
2026-05-15 03:53:13,214 [vit_l2p.py] => Resized position embedding: torch.Size([1, 197, 768]) to torch.Size([1, 222, 768])
2026-05-15 03:53:13,214 [vit_l2p.py] => Position embedding grid-size from [14, 14] to (14, 14)
2026-05-15 03:53:16,988 [l2p.py] => 86,017,736 model total parameters.
2026-05-15 03:53:16,989 [l2p.py] => 199,880 model training parameters.
2026-05-15 03:53:16,989 [l2p.py] => prompt.prompt: 38400
2026-05-15 03:53:16,989 [l2p.py] => prompt.prompt_key: 7680
2026-05-15 03:53:16,989 [l2p.py] => head.weight: 153600
2026-05-15 03:53:16,989 [l2p.py] => head.bias: 200
2026-05-15 03:53:16,990 [trainer.py] => All params: 171970192
2026-05-15 03:53:16,991 [trainer.py] => Trainable params: 199880
2026-05-15 03:53:16,991 [l2p.py] => Learning on 0-40
2026-05-15 04:03:07,635 [l2p.py] => Task 0, Epoch 20/20 => Loss 0.175, Train_accy 91.38, Test_accy 66.17
2026-05-15 04:03:12,540 [trainer.py] => No NME accuracy.
2026-05-15 04:03:12,541 [trainer.py] => CNN: {'total': 66.17, '00-39': 66.17, 'old': 0, 'new': 66.17}
2026-05-15 04:03:12,541 [trainer.py] => CNN top1 curve: [66.17]
2026-05-15 04:03:12,541 [trainer.py] => CNN top5 curve: [88.72]
2026-05-15 04:03:12,541 [trainer.py] => Average Accuracy (CNN): 66.17
2026-05-15 04:03:12,545 [trainer.py] => All params: 171970192
2026-05-15 04:03:12,548 [trainer.py] => Trainable params: 199880
2026-05-15 04:03:12,548 [l2p.py] => Learning on 40-80
2026-05-15 04:15:08,707 [l2p.py] => Task 1, Epoch 20/20 => Loss 0.101, Train_accy 91.58, Test_accy 59.97
2026-05-15 04:15:16,790 [trainer.py] => No NME accuracy.
2026-05-15 04:15:16,790 [trainer.py] => CNN: {'total': 59.97, '00-39': 62.41, '40-79': 58.12, 'old': 62.41, 'new': 58.12}
2026-05-15 04:15:16,791 [trainer.py] => CNN top1 curve: [66.17, 59.97]
2026-05-15 04:15:16,791 [trainer.py] => CNN top5 curve: [88.72, 82.33]
2026-05-15 04:15:16,791 [trainer.py] => Average Accuracy (CNN): 63.07
2026-05-15 04:15:16,793 [trainer.py] => All params: 171970192
2026-05-15 04:15:16,795 [trainer.py] => Trainable params: 199880
2026-05-15 04:15:16,795 [l2p.py] => Learning on 80-120
2026-05-15 04:25:50,804 [l2p.py] => Task 2, Epoch 20/20 => Loss 0.001, Train_accy 95.11, Test_accy 52.66
2026-05-15 04:26:04,907 [trainer.py] => No NME accuracy.
2026-05-15 04:26:04,907 [trainer.py] => CNN: {'total': 52.66, '00-39': 52.63, '40-79': 55.27, '80-119': 49.47, 'old': 54.13, 'new': 49.47}
2026-05-15 04:26:04,907 [trainer.py] => CNN top1 curve: [66.17, 59.97, 52.66]
2026-05-15 04:26:04,907 [trainer.py] => CNN top5 curve: [88.72, 82.33, 77.83]
2026-05-15 04:26:04,908 [trainer.py] => Average Accuracy (CNN): 59.6
2026-05-15 04:26:04,909 [trainer.py] => All params: 171970192
2026-05-15 04:26:04,910 [trainer.py] => Trainable params: 199880
2026-05-15 04:26:04,910 [l2p.py] => Learning on 120-160
2026-05-15 04:40:30,756 [l2p.py] => Task 3, Epoch 20/20 => Loss 0.071, Train_accy 93.18, Test_accy 49.68
2026-05-15 04:40:52,286 [trainer.py] => No NME accuracy.
2026-05-15 04:40:52,286 [trainer.py] => CNN: {'total': 49.68, '00-39': 46.99, '40-79': 53.28, '80-119': 47.37, '120-159': 50.0, 'old': 49.56, 'new': 50.0}
2026-05-15 04:40:52,286 [trainer.py] => CNN top1 curve: [66.17, 59.97, 52.66, 49.68]
2026-05-15 04:40:52,286 [trainer.py] => CNN top5 curve: [88.72, 82.33, 77.83, 76.07]
2026-05-15 04:40:52,286 [trainer.py] => Average Accuracy (CNN): 57.12
2026-05-15 04:40:52,288 [trainer.py] => All params: 171970192
2026-05-15 04:40:52,289 [trainer.py] => Trainable params: 199880
2026-05-15 04:40:52,289 [l2p.py] => Learning on 160-200
2026-05-15 04:51:38,322 [l2p.py] => Task 4, Epoch 20/20 => Loss 0.002, Train_accy 95.24, Test_accy 47.27
2026-05-15 04:52:04,462 [trainer.py] => No NME accuracy.
2026-05-15 04:52:04,462 [trainer.py] => CNN: {'total': 47.27, '00-39': 45.11, '40-79': 51.85, '80-119': 47.72, '120-159': 50.55, '160-199': 37.94, 'old': 49.13, 'new': 37.94}
2026-05-15 04:52:04,462 [trainer.py] => CNN top1 curve: [66.17, 59.97, 52.66, 49.68, 47.27]
2026-05-15 04:52:04,462 [trainer.py] => CNN top5 curve: [88.72, 82.33, 77.83, 76.07, 73.73]
2026-05-15 04:52:04,462 [trainer.py] => Average Accuracy (CNN): 55.15
2026-05-15 04:52:04,463 [trainer.py] => ================================================================================
2026-05-15 04:52:04,463 [trainer.py] => Finished imageneta_init40_inc40: vit_base_patch16_224_in21k_l2p  seed=1994 
2026-05-15 04:52:04,463 [trainer.py] => Last Accuracy: 47.27
2026-05-15 04:52:04,463 [trainer.py] => Average Accuracy (CNN): 55.15
2026-05-15 04:52:04,463 [trainer.py] => PD: 18.90
2026-05-15 04:52:04,463 [trainer.py] => Accuracy Matrix (CNN):
2026-05-15 04:52:04,463 [trainer.py] => [[66.17 62.41 52.63 46.99 45.11]
 [ 0.   58.12 55.27 53.28 51.85]
 [ 0.    0.   49.47 47.37 47.72]
 [ 0.    0.    0.   50.   50.55]
 [ 0.    0.    0.    0.   37.94]]
2026-05-15 04:52:04,464 [trainer.py] => Forgetting (CNN): 7.27
2026-05-15 04:52:04,464 [trainer.py] => ================================================================================
