2026-06-02 18:46:35,308 [trainer.py] => config: ./configs/l2p/l2p_omn_B0_Inc10.json
2026-06-02 18:46:35,308 [trainer.py] => prefix:  
2026-06-02 18:46:35,308 [trainer.py] => dataset: omnibenchmark
2026-06-02 18:46:35,308 [trainer.py] => memory_size: 0
2026-06-02 18:46:35,308 [trainer.py] => memory_per_class: 0
2026-06-02 18:46:35,308 [trainer.py] => fixed_memory: False
2026-06-02 18:46:35,308 [trainer.py] => shuffle: True
2026-06-02 18:46:35,308 [trainer.py] => init_cls: 10
2026-06-02 18:46:35,308 [trainer.py] => increment: 10
2026-06-02 18:46:35,309 [trainer.py] => model_name: l2p
2026-06-02 18:46:35,309 [trainer.py] => backbone_type: vit_base_patch16_224_in21k_l2p
2026-06-02 18:46:35,309 [trainer.py] => get_original_backbone: True
2026-06-02 18:46:35,309 [trainer.py] => device: [device(type='cuda', index=2)]
2026-06-02 18:46:35,309 [trainer.py] => seed: 1994
2026-06-02 18:46:35,309 [trainer.py] => tuned_epoch: 20
2026-06-02 18:46:35,309 [trainer.py] => init_lr: 0.001875
2026-06-02 18:46:35,309 [trainer.py] => batch_size: 48
2026-06-02 18:46:35,309 [trainer.py] => weight_decay: 0
2026-06-02 18:46:35,309 [trainer.py] => min_lr: 1e-05
2026-06-02 18:46:35,309 [trainer.py] => optimizer: adam
2026-06-02 18:46:35,309 [trainer.py] => scheduler: constant
2026-06-02 18:46:35,309 [trainer.py] => reinit_optimizer: True
2026-06-02 18:46:35,309 [trainer.py] => global_pool: token
2026-06-02 18:46:35,309 [trainer.py] => head_type: prompt
2026-06-02 18:46:35,309 [trainer.py] => freeze: ['blocks', 'patch_embed', 'cls_token', 'norm', 'pos_embed']
2026-06-02 18:46:35,309 [trainer.py] => pretrained: True
2026-06-02 18:46:35,309 [trainer.py] => drop: 0.0
2026-06-02 18:46:35,309 [trainer.py] => drop_path: 0.0
2026-06-02 18:46:35,309 [trainer.py] => prompt_pool: True
2026-06-02 18:46:35,310 [trainer.py] => size: 10
2026-06-02 18:46:35,310 [trainer.py] => length: 5
2026-06-02 18:46:35,310 [trainer.py] => top_k: 5
2026-06-02 18:46:35,310 [trainer.py] => initializer: uniform
2026-06-02 18:46:35,310 [trainer.py] => prompt_key: True
2026-06-02 18:46:35,310 [trainer.py] => prompt_key_init: uniform
2026-06-02 18:46:35,310 [trainer.py] => use_prompt_mask: False
2026-06-02 18:46:35,310 [trainer.py] => shared_prompt_pool: False
2026-06-02 18:46:35,310 [trainer.py] => shared_prompt_key: False
2026-06-02 18:46:35,310 [trainer.py] => batchwise_prompt: True
2026-06-02 18:46:35,310 [trainer.py] => embedding_key: cls
2026-06-02 18:46:35,310 [trainer.py] => predefined_key: 
2026-06-02 18:46:35,310 [trainer.py] => pull_constraint: True
2026-06-02 18:46:35,310 [trainer.py] => pull_constraint_coeff: 0.1
2026-06-02 18:46:35,310 [trainer.py] => nb_classes: 300
2026-06-02 18:46:35,310 [trainer.py] => nb_tasks: 30
2026-06-02 18:46:35,568 [data_manager.py] => [79, 231, 55, 293, 15, 281, 208, 119, 12, 11, 254, 126, 287, 215, 152, 278, 284, 140, 95, 72, 207, 232, 289, 171, 178, 189, 63, 86, 41, 159, 87, 103, 22, 80, 274, 73, 263, 122, 23, 28, 114, 273, 220, 185, 4, 70, 156, 286, 56, 115, 240, 268, 296, 174, 204, 113, 81, 221, 6, 101, 135, 224, 64, 269, 190, 244, 182, 181, 219, 198, 163, 150, 134, 210, 206, 202, 147, 234, 197, 222, 66, 144, 51, 24, 44, 209, 175, 195, 264, 205, 90, 21, 138, 52, 151, 124, 100, 121, 83, 132, 169, 285, 225, 27, 214, 236, 213, 162, 153, 271, 98, 233, 275, 299, 127, 29, 246, 50, 45, 280, 116, 242, 145, 165, 26, 149, 20, 186, 48, 129, 40, 2, 18, 241, 112, 200, 75, 85, 249, 68, 54, 59, 230, 228, 74, 253, 194, 77, 217, 227, 14, 8, 211, 297, 19, 226, 88, 96, 106, 9, 255, 38, 33, 176, 93, 35, 109, 69, 216, 92, 183, 47, 99, 39, 108, 160, 282, 199, 71, 201, 196, 120, 133, 270, 243, 250, 247, 288, 118, 136, 283, 187, 1, 184, 117, 130, 237, 32, 102, 177, 65, 173, 46, 267, 290, 128, 239, 0, 107, 167, 261, 43, 170, 104, 298, 262, 248, 60, 256, 78, 3, 58, 265, 62, 259, 61, 218, 157, 110, 143, 141, 252, 295, 97, 25, 291, 245, 125, 272, 17, 49, 161, 31, 155, 166, 251, 179, 94, 111, 142, 192, 229, 172, 16, 53, 168, 188, 158, 91, 258, 13, 10, 42, 36, 238, 105, 154, 257, 7, 277, 294, 279, 137, 266, 139, 292, 164, 276, 57, 123, 89, 82, 148, 67, 37, 146, 193, 131, 180, 5, 84, 260, 235, 223, 191, 30, 212, 76, 203, 34]
2026-06-02 18:46:37,599 [vit_l2p.py] => Resized position embedding: torch.Size([1, 197, 768]) to torch.Size([1, 222, 768])
2026-06-02 18:46:37,600 [vit_l2p.py] => Position embedding grid-size from [14, 14] to (14, 14)
2026-06-02 18:46:39,758 [l2p.py] => 86,094,636 model total parameters.
2026-06-02 18:46:39,758 [l2p.py] => 276,780 model training parameters.
2026-06-02 18:46:39,758 [l2p.py] => prompt.prompt: 38400
2026-06-02 18:46:39,758 [l2p.py] => prompt.prompt_key: 7680
2026-06-02 18:46:39,759 [l2p.py] => head.weight: 230400
2026-06-02 18:46:39,759 [l2p.py] => head.bias: 300
2026-06-02 18:46:39,759 [trainer.py] => All params: 172123992
2026-06-02 18:46:39,760 [trainer.py] => Trainable params: 276780
2026-06-02 18:46:39,760 [l2p.py] => Learning on 0-10
2026-06-02 18:59:13,581 [l2p.py] => Task 0, Epoch 20/20 => Loss -0.101, Train_accy 95.31, Test_accy 94.00
2026-06-02 18:59:15,841 [trainer.py] => Timing Task 0 => Train 753.82s, Epochs 20, Train 37.6911s/epoch, Inference 2.26s, Images 200, Inference 11.2903ms/image
2026-06-02 18:59:15,842 [trainer.py] => No NME accuracy.
2026-06-02 18:59:15,842 [trainer.py] => CNN: {'total': 94.0, '00-09': 94.0, 'old': 0, 'new': 94.0}
2026-06-02 18:59:15,842 [trainer.py] => CNN top1 curve: [94.0]
2026-06-02 18:59:15,842 [trainer.py] => CNN top5 curve: [100.0]
2026-06-02 18:59:15,842 [trainer.py] => Average Accuracy (CNN): 94.0
2026-06-02 18:59:15,845 [trainer.py] => All params: 172123992
2026-06-02 18:59:15,846 [trainer.py] => Trainable params: 276780
2026-06-02 18:59:15,846 [l2p.py] => Learning on 10-20
2026-06-02 19:11:53,952 [l2p.py] => Task 1, Epoch 20/20 => Loss -0.121, Train_accy 95.49, Test_accy 86.00
2026-06-02 19:11:58,164 [trainer.py] => Timing Task 1 => Train 758.11s, Epochs 20, Train 37.9054s/epoch, Inference 4.21s, Images 400, Inference 10.5226ms/image
2026-06-02 19:11:58,164 [trainer.py] => No NME accuracy.
2026-06-02 19:11:58,164 [trainer.py] => CNN: {'total': 86.0, '00-09': 92.0, '10-19': 80.0, 'old': 92.0, 'new': 80.0}
2026-06-02 19:11:58,164 [trainer.py] => CNN top1 curve: [94.0, 86.0]
2026-06-02 19:11:58,164 [trainer.py] => CNN top5 curve: [100.0, 99.75]
2026-06-02 19:11:58,165 [trainer.py] => Average Accuracy (CNN): 90.0
2026-06-02 19:11:58,167 [trainer.py] => All params: 172123992
2026-06-02 19:11:58,168 [trainer.py] => Trainable params: 276780
2026-06-02 19:11:58,168 [l2p.py] => Learning on 20-30
2026-06-02 19:24:30,773 [l2p.py] => Task 2, Epoch 20/20 => Loss -0.206, Train_accy 99.34, Test_accy 87.67
2026-06-02 19:24:36,815 [trainer.py] => Timing Task 2 => Train 752.61s, Epochs 20, Train 37.6303s/epoch, Inference 6.04s, Images 600, Inference 10.0667ms/image
2026-06-02 19:24:36,815 [trainer.py] => No NME accuracy.
2026-06-02 19:24:36,815 [trainer.py] => CNN: {'total': 87.67, '00-09': 87.0, '10-19': 77.5, '20-29': 98.5, 'old': 82.25, 'new': 98.5}
2026-06-02 19:24:36,815 [trainer.py] => CNN top1 curve: [94.0, 86.0, 87.67]
2026-06-02 19:24:36,815 [trainer.py] => CNN top5 curve: [100.0, 99.75, 99.83]
2026-06-02 19:24:36,816 [trainer.py] => Average Accuracy (CNN): 89.22
2026-06-02 19:24:36,817 [trainer.py] => All params: 172123992
2026-06-02 19:24:36,819 [trainer.py] => Trainable params: 276780
2026-06-02 19:24:36,819 [l2p.py] => Learning on 30-40
2026-06-02 19:37:54,141 [l2p.py] => Task 3, Epoch 20/20 => Loss -0.121, Train_accy 96.60, Test_accy 81.35
2026-06-02 19:38:01,155 [trainer.py] => Timing Task 3 => Train 797.32s, Epochs 20, Train 39.8661s/epoch, Inference 7.01s, Images 799, Inference 8.7769ms/image
2026-06-02 19:38:01,155 [trainer.py] => No NME accuracy.
2026-06-02 19:38:01,155 [trainer.py] => CNN: {'total': 81.35, '00-09': 73.0, '10-19': 77.5, '20-29': 96.5, '30-39': 78.39, 'old': 82.33, 'new': 78.39}
2026-06-02 19:38:01,156 [trainer.py] => CNN top1 curve: [94.0, 86.0, 87.67, 81.35]
2026-06-02 19:38:01,156 [trainer.py] => CNN top5 curve: [100.0, 99.75, 99.83, 99.0]
2026-06-02 19:38:01,156 [trainer.py] => Average Accuracy (CNN): 87.26
2026-06-02 19:38:01,158 [trainer.py] => All params: 172123992
2026-06-02 19:38:01,160 [trainer.py] => Trainable params: 276780
2026-06-02 19:38:01,160 [l2p.py] => Learning on 40-50
2026-06-02 19:51:03,556 [l2p.py] => Task 4, Epoch 20/20 => Loss -0.184, Train_accy 99.06, Test_accy 80.28
2026-06-02 19:51:12,159 [trainer.py] => Timing Task 4 => Train 782.40s, Epochs 20, Train 39.1199s/epoch, Inference 8.60s, Images 999, Inference 8.6094ms/image
2026-06-02 19:51:12,159 [trainer.py] => No NME accuracy.
2026-06-02 19:51:12,159 [trainer.py] => CNN: {'total': 80.28, '00-09': 66.0, '10-19': 77.0, '20-29': 90.5, '30-39': 73.37, '40-49': 94.5, 'old': 76.72, 'new': 94.5}
2026-06-02 19:51:12,159 [trainer.py] => CNN top1 curve: [94.0, 86.0, 87.67, 81.35, 80.28]
2026-06-02 19:51:12,160 [trainer.py] => CNN top5 curve: [100.0, 99.75, 99.83, 99.0, 97.3]
2026-06-02 19:51:12,160 [trainer.py] => Average Accuracy (CNN): 85.86
2026-06-02 19:51:12,162 [trainer.py] => All params: 172123992
2026-06-02 19:51:12,163 [trainer.py] => Trainable params: 276780
2026-06-02 19:51:12,163 [l2p.py] => Learning on 50-60
2026-06-02 20:04:40,688 [l2p.py] => Task 5, Epoch 20/20 => Loss -0.185, Train_accy 98.46, Test_accy 81.98
2026-06-02 20:04:50,325 [trainer.py] => Timing Task 5 => Train 808.53s, Epochs 20, Train 40.4263s/epoch, Inference 9.63s, Images 1199, Inference 8.0351ms/image
2026-06-02 20:04:50,325 [trainer.py] => No NME accuracy.
2026-06-02 20:04:50,325 [trainer.py] => CNN: {'total': 81.98, '00-09': 66.0, '10-19': 77.0, '20-29': 91.0, '30-39': 72.86, '40-49': 94.0, '50-59': 91.0, 'old': 80.18, 'new': 91.0}
2026-06-02 20:04:50,325 [trainer.py] => CNN top1 curve: [94.0, 86.0, 87.67, 81.35, 80.28, 81.98]
2026-06-02 20:04:50,325 [trainer.py] => CNN top5 curve: [100.0, 99.75, 99.83, 99.0, 97.3, 95.91]
2026-06-02 20:04:50,325 [trainer.py] => Average Accuracy (CNN): 85.21
2026-06-02 20:04:50,326 [trainer.py] => All params: 172123992
2026-06-02 20:04:50,327 [trainer.py] => Trainable params: 276780
2026-06-02 20:04:50,327 [l2p.py] => Learning on 60-70
2026-06-02 20:17:50,122 [l2p.py] => Task 6, Epoch 20/20 => Loss -0.185, Train_accy 98.53, Test_accy 79.18
2026-06-02 20:18:02,414 [trainer.py] => Timing Task 6 => Train 779.80s, Epochs 20, Train 38.9898s/epoch, Inference 12.29s, Images 1398, Inference 8.7919ms/image
2026-06-02 20:18:02,415 [trainer.py] => No NME accuracy.
2026-06-02 20:18:02,415 [trainer.py] => CNN: {'total': 79.18, '00-09': 62.5, '10-19': 76.5, '20-29': 86.0, '30-39': 71.36, '40-49': 92.0, '50-59': 86.0, '60-69': 79.9, 'old': 79.07, 'new': 79.9}
2026-06-02 20:18:02,415 [trainer.py] => CNN top1 curve: [94.0, 86.0, 87.67, 81.35, 80.28, 81.98, 79.18]
2026-06-02 20:18:02,416 [trainer.py] => CNN top5 curve: [100.0, 99.75, 99.83, 99.0, 97.3, 95.91, 94.92]
2026-06-02 20:18:02,416 [trainer.py] => Average Accuracy (CNN): 84.35
2026-06-02 20:18:02,419 [trainer.py] => All params: 172123992
2026-06-02 20:18:02,421 [trainer.py] => Trainable params: 276780
2026-06-02 20:18:02,421 [l2p.py] => Learning on 70-80
2026-06-02 20:31:21,700 [l2p.py] => Task 7, Epoch 20/20 => Loss -0.201, Train_accy 98.94, Test_accy 79.54
2026-06-02 20:31:35,009 [trainer.py] => Timing Task 7 => Train 799.28s, Epochs 20, Train 39.9640s/epoch, Inference 13.31s, Images 1598, Inference 8.3273ms/image
2026-06-02 20:31:35,009 [trainer.py] => No NME accuracy.
2026-06-02 20:31:35,009 [trainer.py] => CNN: {'total': 79.54, '00-09': 62.0, '10-19': 76.0, '20-29': 85.0, '30-39': 70.85, '40-49': 92.5, '50-59': 83.5, '60-69': 79.9, '70-79': 86.5, 'old': 78.54, 'new': 86.5}
2026-06-02 20:31:35,009 [trainer.py] => CNN top1 curve: [94.0, 86.0, 87.67, 81.35, 80.28, 81.98, 79.18, 79.54]
2026-06-02 20:31:35,009 [trainer.py] => CNN top5 curve: [100.0, 99.75, 99.83, 99.0, 97.3, 95.91, 94.92, 95.12]
2026-06-02 20:31:35,009 [trainer.py] => Average Accuracy (CNN): 83.75
2026-06-02 20:31:35,011 [trainer.py] => All params: 172123992
2026-06-02 20:31:35,013 [trainer.py] => Trainable params: 276780
2026-06-02 20:31:35,013 [l2p.py] => Learning on 80-90
2026-06-02 20:44:14,642 [l2p.py] => Task 8, Epoch 20/20 => Loss -0.180, Train_accy 98.36, Test_accy 76.03
2026-06-02 20:44:29,580 [trainer.py] => Timing Task 8 => Train 759.63s, Epochs 20, Train 37.9815s/epoch, Inference 14.94s, Images 1798, Inference 8.3069ms/image
2026-06-02 20:44:29,580 [trainer.py] => No NME accuracy.
2026-06-02 20:44:29,580 [trainer.py] => CNN: {'total': 76.03, '00-09': 56.5, '10-19': 76.0, '20-29': 77.0, '30-39': 70.85, '40-49': 92.5, '50-59': 84.0, '60-69': 74.37, '70-79': 76.5, '80-89': 76.5, 'old': 75.97, 'new': 76.5}
2026-06-02 20:44:29,580 [trainer.py] => CNN top1 curve: [94.0, 86.0, 87.67, 81.35, 80.28, 81.98, 79.18, 79.54, 76.03]
2026-06-02 20:44:29,580 [trainer.py] => CNN top5 curve: [100.0, 99.75, 99.83, 99.0, 97.3, 95.91, 94.92, 95.12, 94.55]
2026-06-02 20:44:29,580 [trainer.py] => Average Accuracy (CNN): 82.89
2026-06-02 20:44:29,582 [trainer.py] => All params: 172123992
2026-06-02 20:44:29,583 [trainer.py] => Trainable params: 276780
2026-06-02 20:44:29,583 [l2p.py] => Learning on 90-100
2026-06-02 20:58:03,156 [l2p.py] => Task 9, Epoch 20/20 => Loss -0.163, Train_accy 97.27, Test_accy 74.51
2026-06-02 20:58:19,778 [trainer.py] => Timing Task 9 => Train 813.57s, Epochs 20, Train 40.6787s/epoch, Inference 16.62s, Images 1997, Inference 8.3230ms/image
2026-06-02 20:58:19,779 [trainer.py] => No NME accuracy.
2026-06-02 20:58:19,779 [trainer.py] => CNN: {'total': 74.51, '00-09': 57.5, '10-19': 74.0, '20-29': 76.0, '30-39': 73.37, '40-49': 92.5, '50-59': 82.5, '60-69': 72.86, '70-79': 77.0, '80-89': 74.5, '90-99': 64.82, 'old': 75.58, 'new': 64.82}
2026-06-02 20:58:19,779 [trainer.py] => CNN top1 curve: [94.0, 86.0, 87.67, 81.35, 80.28, 81.98, 79.18, 79.54, 76.03, 74.51]
2026-06-02 20:58:19,779 [trainer.py] => CNN top5 curve: [100.0, 99.75, 99.83, 99.0, 97.3, 95.91, 94.92, 95.12, 94.55, 93.54]
2026-06-02 20:58:19,779 [trainer.py] => Average Accuracy (CNN): 82.05
2026-06-02 20:58:19,780 [trainer.py] => All params: 172123992
2026-06-02 20:58:19,781 [trainer.py] => Trainable params: 276780
2026-06-02 20:58:19,781 [l2p.py] => Learning on 100-110
2026-06-02 21:10:48,566 [l2p.py] => Task 10, Epoch 20/20 => Loss -0.183, Train_accy 98.84, Test_accy 75.31
2026-06-02 21:11:06,662 [trainer.py] => Timing Task 10 => Train 748.79s, Epochs 20, Train 37.4393s/epoch, Inference 18.09s, Images 2195, Inference 8.2436ms/image
2026-06-02 21:11:06,662 [trainer.py] => No NME accuracy.
2026-06-02 21:11:06,662 [trainer.py] => CNN: {'total': 75.31, '00-09': 58.0, '10-19': 73.5, '20-29': 73.0, '30-39': 73.37, '40-49': 92.0, '50-59': 83.0, '60-69': 71.86, '70-79': 77.0, '80-89': 75.5, '90-99': 64.82, '100-109': 86.36, 'old': 74.21, 'new': 86.36}
2026-06-02 21:11:06,663 [trainer.py] => CNN top1 curve: [94.0, 86.0, 87.67, 81.35, 80.28, 81.98, 79.18, 79.54, 76.03, 74.51, 75.31]
2026-06-02 21:11:06,663 [trainer.py] => CNN top5 curve: [100.0, 99.75, 99.83, 99.0, 97.3, 95.91, 94.92, 95.12, 94.55, 93.54, 93.99]
2026-06-02 21:11:06,663 [trainer.py] => Average Accuracy (CNN): 81.44
2026-06-02 21:11:06,666 [trainer.py] => All params: 172123992
2026-06-02 21:11:06,668 [trainer.py] => Trainable params: 276780
2026-06-02 21:11:06,668 [l2p.py] => Learning on 110-120
2026-06-02 21:23:58,653 [l2p.py] => Task 11, Epoch 20/20 => Loss -0.173, Train_accy 98.01, Test_accy 74.41
2026-06-02 21:24:17,691 [trainer.py] => Timing Task 11 => Train 771.99s, Epochs 20, Train 38.5993s/epoch, Inference 19.04s, Images 2395, Inference 7.9481ms/image
2026-06-02 21:24:17,691 [trainer.py] => No NME accuracy.
2026-06-02 21:24:17,691 [trainer.py] => CNN: {'total': 74.41, '00-09': 60.5, '10-19': 73.5, '20-29': 71.5, '30-39': 73.37, '40-49': 90.5, '50-59': 78.0, '60-69': 71.86, '70-79': 78.0, '80-89': 77.0, '90-99': 63.32, '100-109': 86.87, '110-119': 68.5, 'old': 74.94, 'new': 68.5}
2026-06-02 21:24:17,692 [trainer.py] => CNN top1 curve: [94.0, 86.0, 87.67, 81.35, 80.28, 81.98, 79.18, 79.54, 76.03, 74.51, 75.31, 74.41]
2026-06-02 21:24:17,692 [trainer.py] => CNN top5 curve: [100.0, 99.75, 99.83, 99.0, 97.3, 95.91, 94.92, 95.12, 94.55, 93.54, 93.99, 92.94]
2026-06-02 21:24:17,692 [trainer.py] => Average Accuracy (CNN): 80.85
2026-06-02 21:24:17,694 [trainer.py] => All params: 172123992
2026-06-02 21:24:17,695 [trainer.py] => Trainable params: 276780
2026-06-02 21:24:17,695 [l2p.py] => Learning on 120-130
2026-06-02 21:37:26,773 [l2p.py] => Task 12, Epoch 20/20 => Loss -0.156, Train_accy 98.26, Test_accy 73.48
2026-06-02 21:37:47,405 [trainer.py] => Timing Task 12 => Train 789.08s, Epochs 20, Train 39.4539s/epoch, Inference 20.63s, Images 2594, Inference 7.9529ms/image
2026-06-02 21:37:47,405 [trainer.py] => No NME accuracy.
2026-06-02 21:37:47,405 [trainer.py] => CNN: {'total': 73.48, '00-09': 58.0, '10-19': 74.0, '20-29': 72.0, '30-39': 72.86, '40-49': 89.5, '50-59': 77.0, '60-69': 72.36, '70-79': 69.0, '80-89': 71.0, '90-99': 64.32, '100-109': 86.36, '110-119': 67.5, '120-129': 81.41, 'old': 72.82, 'new': 81.41}
2026-06-02 21:37:47,406 [trainer.py] => CNN top1 curve: [94.0, 86.0, 87.67, 81.35, 80.28, 81.98, 79.18, 79.54, 76.03, 74.51, 75.31, 74.41, 73.48]
2026-06-02 21:37:47,406 [trainer.py] => CNN top5 curve: [100.0, 99.75, 99.83, 99.0, 97.3, 95.91, 94.92, 95.12, 94.55, 93.54, 93.99, 92.94, 93.48]
2026-06-02 21:37:47,406 [trainer.py] => Average Accuracy (CNN): 80.29
2026-06-02 21:37:47,409 [trainer.py] => All params: 172123992
2026-06-02 21:37:47,411 [trainer.py] => Trainable params: 276780
2026-06-02 21:37:47,412 [l2p.py] => Learning on 130-140
2026-06-02 21:51:42,546 [l2p.py] => Task 13, Epoch 20/20 => Loss -0.146, Train_accy 97.30, Test_accy 72.53
2026-06-02 21:52:03,183 [trainer.py] => Timing Task 13 => Train 835.14s, Epochs 20, Train 41.7568s/epoch, Inference 20.63s, Images 2792, Inference 7.3907ms/image
2026-06-02 21:52:03,184 [trainer.py] => No NME accuracy.
2026-06-02 21:52:03,184 [trainer.py] => CNN: {'total': 72.53, '00-09': 55.0, '10-19': 74.5, '20-29': 74.5, '30-39': 73.37, '40-49': 89.0, '50-59': 72.0, '60-69': 72.36, '70-79': 69.5, '80-89': 70.0, '90-99': 64.32, '100-109': 88.38, '110-119': 68.0, '120-129': 81.41, '130-139': 63.13, 'old': 73.25, 'new': 63.13}
2026-06-02 21:52:03,184 [trainer.py] => CNN top1 curve: [94.0, 86.0, 87.67, 81.35, 80.28, 81.98, 79.18, 79.54, 76.03, 74.51, 75.31, 74.41, 73.48, 72.53]
2026-06-02 21:52:03,184 [trainer.py] => CNN top5 curve: [100.0, 99.75, 99.83, 99.0, 97.3, 95.91, 94.92, 95.12, 94.55, 93.54, 93.99, 92.94, 93.48, 92.77]
2026-06-02 21:52:03,184 [trainer.py] => Average Accuracy (CNN): 79.73
2026-06-02 21:52:03,185 [trainer.py] => All params: 172123992
2026-06-02 21:52:03,186 [trainer.py] => Trainable params: 276780
2026-06-02 21:52:03,187 [l2p.py] => Learning on 140-150
2026-06-02 22:05:19,719 [l2p.py] => Task 14, Epoch 20/20 => Loss -0.165, Train_accy 97.39, Test_accy 71.22
2026-06-02 22:05:42,441 [trainer.py] => Timing Task 14 => Train 796.53s, Epochs 20, Train 39.8267s/epoch, Inference 22.72s, Images 2992, Inference 7.5935ms/image
2026-06-02 22:05:42,441 [trainer.py] => No NME accuracy.
2026-06-02 22:05:42,442 [trainer.py] => CNN: {'total': 71.22, '00-09': 54.0, '10-19': 74.0, '20-29': 73.5, '30-39': 73.87, '40-49': 89.5, '50-59': 73.0, '60-69': 68.34, '70-79': 68.0, '80-89': 72.0, '90-99': 66.33, '100-109': 88.38, '110-119': 69.5, '120-129': 80.9, '130-139': 61.62, '140-149': 55.5, 'old': 72.35, 'new': 55.5}
2026-06-02 22:05:42,442 [trainer.py] => CNN top1 curve: [94.0, 86.0, 87.67, 81.35, 80.28, 81.98, 79.18, 79.54, 76.03, 74.51, 75.31, 74.41, 73.48, 72.53, 71.22]
2026-06-02 22:05:42,442 [trainer.py] => CNN top5 curve: [100.0, 99.75, 99.83, 99.0, 97.3, 95.91, 94.92, 95.12, 94.55, 93.54, 93.99, 92.94, 93.48, 92.77, 91.74]
2026-06-02 22:05:42,442 [trainer.py] => Average Accuracy (CNN): 79.17
2026-06-02 22:05:42,445 [trainer.py] => All params: 172123992
2026-06-02 22:05:42,447 [trainer.py] => Trainable params: 276780
2026-06-02 22:05:42,447 [l2p.py] => Learning on 150-160
2026-06-02 22:19:58,126 [l2p.py] => Task 15, Epoch 20/20 => Loss -0.172, Train_accy 97.80, Test_accy 69.89
2026-06-02 22:20:22,633 [trainer.py] => Timing Task 15 => Train 855.68s, Epochs 20, Train 42.7840s/epoch, Inference 24.51s, Images 3192, Inference 7.6773ms/image
2026-06-02 22:20:22,634 [trainer.py] => No NME accuracy.
2026-06-02 22:20:22,634 [trainer.py] => CNN: {'total': 69.89, '00-09': 54.0, '10-19': 73.5, '20-29': 70.0, '30-39': 72.86, '40-49': 83.5, '50-59': 75.5, '60-69': 70.35, '70-79': 68.5, '80-89': 69.5, '90-99': 64.82, '100-109': 80.81, '110-119': 64.0, '120-129': 74.87, '130-139': 62.12, '140-149': 49.0, '150-159': 85.0, 'old': 68.88, 'new': 85.0}
2026-06-02 22:20:22,634 [trainer.py] => CNN top1 curve: [94.0, 86.0, 87.67, 81.35, 80.28, 81.98, 79.18, 79.54, 76.03, 74.51, 75.31, 74.41, 73.48, 72.53, 71.22, 69.89]
2026-06-02 22:20:22,634 [trainer.py] => CNN top5 curve: [100.0, 99.75, 99.83, 99.0, 97.3, 95.91, 94.92, 95.12, 94.55, 93.54, 93.99, 92.94, 93.48, 92.77, 91.74, 91.04]
2026-06-02 22:20:22,634 [trainer.py] => Average Accuracy (CNN): 78.59
2026-06-02 22:20:22,635 [trainer.py] => All params: 172123992
2026-06-02 22:20:22,637 [trainer.py] => Trainable params: 276780
2026-06-02 22:20:22,637 [l2p.py] => Learning on 160-170
2026-06-02 22:34:16,707 [l2p.py] => Task 16, Epoch 20/20 => Loss -0.177, Train_accy 97.30, Test_accy 67.22
2026-06-02 22:34:42,710 [trainer.py] => Timing Task 16 => Train 834.07s, Epochs 20, Train 41.7036s/epoch, Inference 26.00s, Images 3392, Inference 7.6656ms/image
2026-06-02 22:34:42,710 [trainer.py] => No NME accuracy.
2026-06-02 22:34:42,710 [trainer.py] => CNN: {'total': 67.22, '00-09': 52.0, '10-19': 73.0, '20-29': 69.0, '30-39': 72.86, '40-49': 83.5, '50-59': 63.0, '60-69': 64.32, '70-79': 69.0, '80-89': 71.0, '90-99': 64.32, '100-109': 78.28, '110-119': 63.5, '120-129': 75.38, '130-139': 61.62, '140-149': 50.0, '150-159': 82.5, '160-169': 49.5, 'old': 68.33, 'new': 49.5}
2026-06-02 22:34:42,710 [trainer.py] => CNN top1 curve: [94.0, 86.0, 87.67, 81.35, 80.28, 81.98, 79.18, 79.54, 76.03, 74.51, 75.31, 74.41, 73.48, 72.53, 71.22, 69.89, 67.22]
2026-06-02 22:34:42,710 [trainer.py] => CNN top5 curve: [100.0, 99.75, 99.83, 99.0, 97.3, 95.91, 94.92, 95.12, 94.55, 93.54, 93.99, 92.94, 93.48, 92.77, 91.74, 91.04, 90.48]
2026-06-02 22:34:42,710 [trainer.py] => Average Accuracy (CNN): 77.92
2026-06-02 22:34:42,712 [trainer.py] => All params: 172123992
2026-06-02 22:34:42,712 [trainer.py] => Trainable params: 276780
2026-06-02 22:34:42,713 [l2p.py] => Learning on 170-180
2026-06-02 22:48:08,150 [l2p.py] => Task 17, Epoch 20/20 => Loss -0.183, Train_accy 98.41, Test_accy 65.90
2026-06-02 22:48:35,847 [trainer.py] => Timing Task 17 => Train 805.44s, Epochs 20, Train 40.2720s/epoch, Inference 27.69s, Images 3592, Inference 7.7099ms/image
2026-06-02 22:48:35,847 [trainer.py] => No NME accuracy.
2026-06-02 22:48:35,847 [trainer.py] => CNN: {'total': 65.9, '00-09': 51.0, '10-19': 72.5, '20-29': 60.0, '30-39': 72.86, '40-49': 81.5, '50-59': 60.5, '60-69': 61.81, '70-79': 69.0, '80-89': 71.0, '90-99': 63.82, '100-109': 74.75, '110-119': 63.0, '120-129': 74.37, '130-139': 58.08, '140-149': 49.5, '150-159': 84.5, '160-169': 46.5, '170-179': 71.5, 'old': 65.57, 'new': 71.5}
2026-06-02 22:48:35,848 [trainer.py] => CNN top1 curve: [94.0, 86.0, 87.67, 81.35, 80.28, 81.98, 79.18, 79.54, 76.03, 74.51, 75.31, 74.41, 73.48, 72.53, 71.22, 69.89, 67.22, 65.9]
2026-06-02 22:48:35,848 [trainer.py] => CNN top5 curve: [100.0, 99.75, 99.83, 99.0, 97.3, 95.91, 94.92, 95.12, 94.55, 93.54, 93.99, 92.94, 93.48, 92.77, 91.74, 91.04, 90.48, 89.73]
2026-06-02 22:48:35,848 [trainer.py] => Average Accuracy (CNN): 77.25
2026-06-02 22:48:35,850 [trainer.py] => All params: 172123992
2026-06-02 22:48:35,854 [trainer.py] => Trainable params: 276780
2026-06-02 22:48:35,854 [l2p.py] => Learning on 180-190
2026-06-02 23:02:02,184 [l2p.py] => Task 18, Epoch 20/20 => Loss -0.166, Train_accy 98.18, Test_accy 66.59
2026-06-02 23:02:31,386 [trainer.py] => Timing Task 18 => Train 806.33s, Epochs 20, Train 40.3166s/epoch, Inference 29.20s, Images 3792, Inference 7.7005ms/image
2026-06-02 23:02:31,386 [trainer.py] => No NME accuracy.
2026-06-02 23:02:31,386 [trainer.py] => CNN: {'total': 66.59, '00-09': 52.0, '10-19': 72.5, '20-29': 61.5, '30-39': 71.36, '40-49': 81.0, '50-59': 59.0, '60-69': 63.32, '70-79': 69.5, '80-89': 69.0, '90-99': 60.8, '100-109': 76.26, '110-119': 63.5, '120-129': 74.87, '130-139': 58.59, '140-149': 49.5, '150-159': 86.5, '160-169': 43.5, '170-179': 70.5, '180-189': 82.0, 'old': 65.73, 'new': 82.0}
2026-06-02 23:02:31,386 [trainer.py] => CNN top1 curve: [94.0, 86.0, 87.67, 81.35, 80.28, 81.98, 79.18, 79.54, 76.03, 74.51, 75.31, 74.41, 73.48, 72.53, 71.22, 69.89, 67.22, 65.9, 66.59]
2026-06-02 23:02:31,386 [trainer.py] => CNN top5 curve: [100.0, 99.75, 99.83, 99.0, 97.3, 95.91, 94.92, 95.12, 94.55, 93.54, 93.99, 92.94, 93.48, 92.77, 91.74, 91.04, 90.48, 89.73, 89.9]
2026-06-02 23:02:31,386 [trainer.py] => Average Accuracy (CNN): 76.69
2026-06-02 23:02:31,388 [trainer.py] => All params: 172123992
2026-06-02 23:02:31,390 [trainer.py] => Trainable params: 276780
2026-06-02 23:02:31,390 [l2p.py] => Learning on 190-200
2026-06-02 23:16:04,095 [l2p.py] => Task 19, Epoch 20/20 => Loss -0.168, Train_accy 98.67, Test_accy 66.63
2026-06-02 23:16:34,592 [trainer.py] => Timing Task 19 => Train 812.71s, Epochs 20, Train 40.6353s/epoch, Inference 30.50s, Images 3992, Inference 7.6393ms/image
2026-06-02 23:16:34,593 [trainer.py] => No NME accuracy.
2026-06-02 23:16:34,593 [trainer.py] => CNN: {'total': 66.63, '00-09': 53.0, '10-19': 72.0, '20-29': 62.5, '30-39': 69.85, '40-49': 81.5, '50-59': 58.5, '60-69': 63.82, '70-79': 70.0, '80-89': 69.0, '90-99': 62.31, '100-109': 77.27, '110-119': 65.0, '120-129': 76.38, '130-139': 59.6, '140-149': 48.5, '150-159': 84.5, '160-169': 44.5, '170-179': 70.5, '180-189': 79.0, '190-199': 65.0, 'old': 66.72, 'new': 65.0}
2026-06-02 23:16:34,593 [trainer.py] => CNN top1 curve: [94.0, 86.0, 87.67, 81.35, 80.28, 81.98, 79.18, 79.54, 76.03, 74.51, 75.31, 74.41, 73.48, 72.53, 71.22, 69.89, 67.22, 65.9, 66.59, 66.63]
2026-06-02 23:16:34,593 [trainer.py] => CNN top5 curve: [100.0, 99.75, 99.83, 99.0, 97.3, 95.91, 94.92, 95.12, 94.55, 93.54, 93.99, 92.94, 93.48, 92.77, 91.74, 91.04, 90.48, 89.73, 89.9, 89.48]
2026-06-02 23:16:34,593 [trainer.py] => Average Accuracy (CNN): 76.19
2026-06-02 23:16:34,594 [trainer.py] => All params: 172123992
2026-06-02 23:16:34,595 [trainer.py] => Trainable params: 276780
2026-06-02 23:16:34,596 [l2p.py] => Learning on 200-210
2026-06-02 23:29:49,144 [l2p.py] => Task 20, Epoch 20/20 => Loss -0.173, Train_accy 98.23, Test_accy 66.20
2026-06-02 23:30:20,970 [trainer.py] => Timing Task 20 => Train 794.55s, Epochs 20, Train 39.7276s/epoch, Inference 31.82s, Images 4192, Inference 7.5914ms/image
2026-06-02 23:30:20,970 [trainer.py] => No NME accuracy.
2026-06-02 23:30:20,970 [trainer.py] => CNN: {'total': 66.2, '00-09': 52.0, '10-19': 72.0, '20-29': 62.5, '30-39': 70.85, '40-49': 80.0, '50-59': 58.5, '60-69': 63.32, '70-79': 70.5, '80-89': 68.0, '90-99': 62.31, '100-109': 75.76, '110-119': 64.5, '120-129': 75.88, '130-139': 56.57, '140-149': 49.5, '150-159': 84.5, '160-169': 44.0, '170-179': 71.0, '180-189': 80.0, '190-199': 65.5, '200-209': 63.0, 'old': 66.36, 'new': 63.0}
2026-06-02 23:30:20,971 [trainer.py] => CNN top1 curve: [94.0, 86.0, 87.67, 81.35, 80.28, 81.98, 79.18, 79.54, 76.03, 74.51, 75.31, 74.41, 73.48, 72.53, 71.22, 69.89, 67.22, 65.9, 66.59, 66.63, 66.2]
2026-06-02 23:30:20,971 [trainer.py] => CNN top5 curve: [100.0, 99.75, 99.83, 99.0, 97.3, 95.91, 94.92, 95.12, 94.55, 93.54, 93.99, 92.94, 93.48, 92.77, 91.74, 91.04, 90.48, 89.73, 89.9, 89.48, 89.31]
2026-06-02 23:30:20,971 [trainer.py] => Average Accuracy (CNN): 75.71
2026-06-02 23:30:20,972 [trainer.py] => All params: 172123992
2026-06-02 23:30:20,974 [trainer.py] => Trainable params: 276780
2026-06-02 23:30:20,974 [l2p.py] => Learning on 210-220
2026-06-02 23:44:05,978 [l2p.py] => Task 21, Epoch 20/20 => Loss -0.156, Train_accy 97.24, Test_accy 65.64
2026-06-02 23:44:36,792 [trainer.py] => Timing Task 21 => Train 825.01s, Epochs 20, Train 41.2503s/epoch, Inference 30.81s, Images 4392, Inference 7.0153ms/image
2026-06-02 23:44:36,792 [trainer.py] => No NME accuracy.
2026-06-02 23:44:36,792 [trainer.py] => CNN: {'total': 65.64, '00-09': 51.0, '10-19': 68.0, '20-29': 60.5, '30-39': 71.36, '40-49': 81.5, '50-59': 60.5, '60-69': 62.81, '70-79': 67.5, '80-89': 70.0, '90-99': 62.81, '100-109': 76.77, '110-119': 64.5, '120-129': 73.87, '130-139': 57.07, '140-149': 51.0, '150-159': 84.0, '160-169': 44.5, '170-179': 71.5, '180-189': 81.0, '190-199': 65.0, '200-209': 61.0, '210-219': 58.0, 'old': 66.01, 'new': 58.0}
2026-06-02 23:44:36,792 [trainer.py] => CNN top1 curve: [94.0, 86.0, 87.67, 81.35, 80.28, 81.98, 79.18, 79.54, 76.03, 74.51, 75.31, 74.41, 73.48, 72.53, 71.22, 69.89, 67.22, 65.9, 66.59, 66.63, 66.2, 65.64]
2026-06-02 23:44:36,792 [trainer.py] => CNN top5 curve: [100.0, 99.75, 99.83, 99.0, 97.3, 95.91, 94.92, 95.12, 94.55, 93.54, 93.99, 92.94, 93.48, 92.77, 91.74, 91.04, 90.48, 89.73, 89.9, 89.48, 89.31, 88.59]
2026-06-02 23:44:36,792 [trainer.py] => Average Accuracy (CNN): 75.25
2026-06-02 23:44:36,793 [trainer.py] => All params: 172123992
2026-06-02 23:44:36,795 [trainer.py] => Trainable params: 276780
2026-06-02 23:44:36,795 [l2p.py] => Learning on 220-230
2026-06-02 23:58:32,851 [l2p.py] => Task 22, Epoch 20/20 => Loss -0.164, Train_accy 96.87, Test_accy 65.15
2026-06-02 23:59:07,532 [trainer.py] => Timing Task 22 => Train 836.06s, Epochs 20, Train 41.8029s/epoch, Inference 34.68s, Images 4591, Inference 7.5535ms/image
2026-06-02 23:59:07,532 [trainer.py] => No NME accuracy.
2026-06-02 23:59:07,532 [trainer.py] => CNN: {'total': 65.15, '00-09': 51.5, '10-19': 68.0, '20-29': 60.0, '30-39': 71.86, '40-49': 81.0, '50-59': 61.0, '60-69': 63.32, '70-79': 67.0, '80-89': 71.0, '90-99': 62.31, '100-109': 76.26, '110-119': 65.5, '120-129': 69.85, '130-139': 57.58, '140-149': 51.5, '150-159': 82.5, '160-169': 45.0, '170-179': 70.5, '180-189': 80.5, '190-199': 65.5, '200-209': 62.5, '210-219': 58.5, '220-229': 55.78, 'old': 65.57, 'new': 55.78}
2026-06-02 23:59:07,532 [trainer.py] => CNN top1 curve: [94.0, 86.0, 87.67, 81.35, 80.28, 81.98, 79.18, 79.54, 76.03, 74.51, 75.31, 74.41, 73.48, 72.53, 71.22, 69.89, 67.22, 65.9, 66.59, 66.63, 66.2, 65.64, 65.15]
2026-06-02 23:59:07,532 [trainer.py] => CNN top5 curve: [100.0, 99.75, 99.83, 99.0, 97.3, 95.91, 94.92, 95.12, 94.55, 93.54, 93.99, 92.94, 93.48, 92.77, 91.74, 91.04, 90.48, 89.73, 89.9, 89.48, 89.31, 88.59, 88.43]
2026-06-02 23:59:07,533 [trainer.py] => Average Accuracy (CNN): 74.81
2026-06-02 23:59:07,534 [trainer.py] => All params: 172123992
2026-06-02 23:59:07,536 [trainer.py] => Trainable params: 276780
2026-06-02 23:59:07,536 [l2p.py] => Learning on 230-240
2026-06-03 00:13:12,281 [l2p.py] => Task 23, Epoch 20/20 => Loss -0.140, Train_accy 96.81, Test_accy 64.06
2026-06-03 00:13:48,878 [trainer.py] => Timing Task 23 => Train 844.75s, Epochs 20, Train 42.2373s/epoch, Inference 36.60s, Images 4789, Inference 7.6415ms/image
2026-06-03 00:13:48,878 [trainer.py] => No NME accuracy.
2026-06-03 00:13:48,878 [trainer.py] => CNN: {'total': 64.06, '00-09': 51.0, '10-19': 68.0, '20-29': 60.0, '30-39': 70.35, '40-49': 81.0, '50-59': 56.0, '60-69': 63.82, '70-79': 63.0, '80-89': 72.5, '90-99': 62.31, '100-109': 77.78, '110-119': 63.5, '120-129': 71.36, '130-139': 55.56, '140-149': 50.5, '150-159': 82.5, '160-169': 42.5, '170-179': 70.0, '180-189': 80.0, '190-199': 64.5, '200-209': 59.0, '210-219': 57.0, '220-229': 54.27, '230-239': 61.11, 'old': 64.19, 'new': 61.11}
2026-06-03 00:13:48,879 [trainer.py] => CNN top1 curve: [94.0, 86.0, 87.67, 81.35, 80.28, 81.98, 79.18, 79.54, 76.03, 74.51, 75.31, 74.41, 73.48, 72.53, 71.22, 69.89, 67.22, 65.9, 66.59, 66.63, 66.2, 65.64, 65.15, 64.06]
2026-06-03 00:13:48,879 [trainer.py] => CNN top5 curve: [100.0, 99.75, 99.83, 99.0, 97.3, 95.91, 94.92, 95.12, 94.55, 93.54, 93.99, 92.94, 93.48, 92.77, 91.74, 91.04, 90.48, 89.73, 89.9, 89.48, 89.31, 88.59, 88.43, 88.39]
2026-06-03 00:13:48,879 [trainer.py] => Average Accuracy (CNN): 74.37
2026-06-03 00:13:48,881 [trainer.py] => All params: 172123992
2026-06-03 00:13:48,883 [trainer.py] => Trainable params: 276780
2026-06-03 00:13:48,883 [l2p.py] => Learning on 240-250
2026-06-03 00:27:47,044 [l2p.py] => Task 24, Epoch 20/20 => Loss -0.177, Train_accy 98.30, Test_accy 63.90
2026-06-03 00:28:25,315 [trainer.py] => Timing Task 24 => Train 838.16s, Epochs 20, Train 41.9081s/epoch, Inference 38.27s, Images 4989, Inference 7.6707ms/image
2026-06-03 00:28:25,315 [trainer.py] => No NME accuracy.
2026-06-03 00:28:25,316 [trainer.py] => CNN: {'total': 63.9, '00-09': 52.5, '10-19': 68.0, '20-29': 60.0, '30-39': 71.36, '40-49': 81.5, '50-59': 54.5, '60-69': 62.31, '70-79': 64.5, '80-89': 72.0, '90-99': 62.81, '100-109': 77.27, '110-119': 63.5, '120-129': 70.85, '130-139': 53.03, '140-149': 51.0, '150-159': 81.5, '160-169': 43.0, '170-179': 71.0, '180-189': 79.5, '190-199': 65.5, '200-209': 59.5, '210-219': 57.0, '220-229': 55.78, '230-239': 60.1, '240-249': 59.5, 'old': 64.08, 'new': 59.5}
2026-06-03 00:28:25,316 [trainer.py] => CNN top1 curve: [94.0, 86.0, 87.67, 81.35, 80.28, 81.98, 79.18, 79.54, 76.03, 74.51, 75.31, 74.41, 73.48, 72.53, 71.22, 69.89, 67.22, 65.9, 66.59, 66.63, 66.2, 65.64, 65.15, 64.06, 63.9]
2026-06-03 00:28:25,316 [trainer.py] => CNN top5 curve: [100.0, 99.75, 99.83, 99.0, 97.3, 95.91, 94.92, 95.12, 94.55, 93.54, 93.99, 92.94, 93.48, 92.77, 91.74, 91.04, 90.48, 89.73, 89.9, 89.48, 89.31, 88.59, 88.43, 88.39, 88.01]
2026-06-03 00:28:25,316 [trainer.py] => Average Accuracy (CNN): 73.95
2026-06-03 00:28:25,318 [trainer.py] => All params: 172123992
2026-06-03 00:28:25,320 [trainer.py] => Trainable params: 276780
2026-06-03 00:28:25,321 [l2p.py] => Learning on 250-260
2026-06-03 00:42:25,629 [l2p.py] => Task 25, Epoch 20/20 => Loss -0.153, Train_accy 97.52, Test_accy 63.90
2026-06-03 00:43:05,378 [trainer.py] => Timing Task 25 => Train 840.31s, Epochs 20, Train 42.0155s/epoch, Inference 39.75s, Images 5188, Inference 7.6616ms/image
2026-06-03 00:43:05,379 [trainer.py] => No NME accuracy.
2026-06-03 00:43:05,379 [trainer.py] => CNN: {'total': 63.9, '00-09': 51.5, '10-19': 68.5, '20-29': 59.5, '30-39': 70.85, '40-49': 81.5, '50-59': 53.5, '60-69': 64.32, '70-79': 65.5, '80-89': 71.5, '90-99': 63.32, '100-109': 73.74, '110-119': 63.5, '120-129': 68.34, '130-139': 53.03, '140-149': 53.0, '150-159': 82.0, '160-169': 44.0, '170-179': 71.0, '180-189': 80.0, '190-199': 65.5, '200-209': 60.0, '210-219': 56.5, '220-229': 55.78, '230-239': 63.64, '240-249': 60.0, '250-259': 61.31, 'old': 64.0, 'new': 61.31}
2026-06-03 00:43:05,379 [trainer.py] => CNN top1 curve: [94.0, 86.0, 87.67, 81.35, 80.28, 81.98, 79.18, 79.54, 76.03, 74.51, 75.31, 74.41, 73.48, 72.53, 71.22, 69.89, 67.22, 65.9, 66.59, 66.63, 66.2, 65.64, 65.15, 64.06, 63.9, 63.9]
2026-06-03 00:43:05,379 [trainer.py] => CNN top5 curve: [100.0, 99.75, 99.83, 99.0, 97.3, 95.91, 94.92, 95.12, 94.55, 93.54, 93.99, 92.94, 93.48, 92.77, 91.74, 91.04, 90.48, 89.73, 89.9, 89.48, 89.31, 88.59, 88.43, 88.39, 88.01, 87.36]
2026-06-03 00:43:05,379 [trainer.py] => Average Accuracy (CNN): 73.56
2026-06-03 00:43:05,381 [trainer.py] => All params: 172123992
2026-06-03 00:43:05,382 [trainer.py] => Trainable params: 276780
2026-06-03 00:43:05,383 [l2p.py] => Learning on 260-270
2026-06-03 00:58:17,876 [l2p.py] => Task 26, Epoch 20/20 => Loss -0.158, Train_accy 97.24, Test_accy 64.27
2026-06-03 00:58:59,610 [trainer.py] => Timing Task 26 => Train 912.49s, Epochs 20, Train 45.6247s/epoch, Inference 41.73s, Images 5387, Inference 7.7470ms/image
2026-06-03 00:58:59,611 [trainer.py] => No NME accuracy.
2026-06-03 00:58:59,611 [trainer.py] => CNN: {'total': 64.27, '00-09': 53.0, '10-19': 67.5, '20-29': 61.0, '30-39': 68.84, '40-49': 81.5, '50-59': 54.5, '60-69': 65.33, '70-79': 65.0, '80-89': 70.0, '90-99': 62.31, '100-109': 73.74, '110-119': 63.0, '120-129': 67.84, '130-139': 53.03, '140-149': 53.0, '150-159': 83.0, '160-169': 43.5, '170-179': 72.0, '180-189': 79.5, '190-199': 65.0, '200-209': 57.5, '210-219': 56.5, '220-229': 55.78, '230-239': 63.13, '240-249': 59.5, '250-259': 62.31, '260-269': 77.89, 'old': 63.74, 'new': 77.89}
2026-06-03 00:58:59,611 [trainer.py] => CNN top1 curve: [94.0, 86.0, 87.67, 81.35, 80.28, 81.98, 79.18, 79.54, 76.03, 74.51, 75.31, 74.41, 73.48, 72.53, 71.22, 69.89, 67.22, 65.9, 66.59, 66.63, 66.2, 65.64, 65.15, 64.06, 63.9, 63.9, 64.27]
2026-06-03 00:58:59,611 [trainer.py] => CNN top5 curve: [100.0, 99.75, 99.83, 99.0, 97.3, 95.91, 94.92, 95.12, 94.55, 93.54, 93.99, 92.94, 93.48, 92.77, 91.74, 91.04, 90.48, 89.73, 89.9, 89.48, 89.31, 88.59, 88.43, 88.39, 88.01, 87.36, 87.47]
2026-06-03 00:58:59,611 [trainer.py] => Average Accuracy (CNN): 73.22
2026-06-03 00:58:59,614 [trainer.py] => All params: 172123992
2026-06-03 00:58:59,617 [trainer.py] => Trainable params: 276780
2026-06-03 00:58:59,617 [l2p.py] => Learning on 270-280
2026-06-03 01:13:22,506 [l2p.py] => Task 27, Epoch 20/20 => Loss -0.166, Train_accy 97.47, Test_accy 63.69
2026-06-03 01:14:04,379 [trainer.py] => Timing Task 27 => Train 862.89s, Epochs 20, Train 43.1446s/epoch, Inference 41.87s, Images 5585, Inference 7.4969ms/image
2026-06-03 01:14:04,379 [trainer.py] => No NME accuracy.
2026-06-03 01:14:04,379 [trainer.py] => CNN: {'total': 63.69, '00-09': 50.5, '10-19': 65.5, '20-29': 60.0, '30-39': 68.34, '40-49': 81.5, '50-59': 52.5, '60-69': 65.33, '70-79': 65.5, '80-89': 72.0, '90-99': 62.31, '100-109': 73.74, '110-119': 61.0, '120-129': 68.34, '130-139': 52.53, '140-149': 51.0, '150-159': 82.0, '160-169': 44.0, '170-179': 71.0, '180-189': 81.5, '190-199': 65.5, '200-209': 57.0, '210-219': 57.5, '220-229': 48.74, '230-239': 62.63, '240-249': 59.0, '250-259': 61.31, '260-269': 76.88, '270-279': 66.16, 'old': 63.6, 'new': 66.16}
2026-06-03 01:14:04,379 [trainer.py] => CNN top1 curve: [94.0, 86.0, 87.67, 81.35, 80.28, 81.98, 79.18, 79.54, 76.03, 74.51, 75.31, 74.41, 73.48, 72.53, 71.22, 69.89, 67.22, 65.9, 66.59, 66.63, 66.2, 65.64, 65.15, 64.06, 63.9, 63.9, 64.27, 63.69]
2026-06-03 01:14:04,379 [trainer.py] => CNN top5 curve: [100.0, 99.75, 99.83, 99.0, 97.3, 95.91, 94.92, 95.12, 94.55, 93.54, 93.99, 92.94, 93.48, 92.77, 91.74, 91.04, 90.48, 89.73, 89.9, 89.48, 89.31, 88.59, 88.43, 88.39, 88.01, 87.36, 87.47, 86.95]
2026-06-03 01:14:04,379 [trainer.py] => Average Accuracy (CNN): 72.88
2026-06-03 01:14:04,381 [trainer.py] => All params: 172123992
2026-06-03 01:14:04,383 [trainer.py] => Trainable params: 276780
2026-06-03 01:14:04,383 [l2p.py] => Learning on 280-290
2026-06-03 01:29:07,472 [l2p.py] => Task 28, Epoch 20/20 => Loss -0.162, Train_accy 97.21, Test_accy 62.89
2026-06-03 01:29:49,080 [trainer.py] => Timing Task 28 => Train 903.09s, Epochs 20, Train 45.1545s/epoch, Inference 41.61s, Images 5785, Inference 7.1923ms/image
2026-06-03 01:29:49,081 [trainer.py] => No NME accuracy.
2026-06-03 01:29:49,081 [trainer.py] => CNN: {'total': 62.89, '00-09': 50.5, '10-19': 66.0, '20-29': 60.5, '30-39': 68.34, '40-49': 81.5, '50-59': 52.0, '60-69': 58.79, '70-79': 65.5, '80-89': 68.0, '90-99': 62.31, '100-109': 74.75, '110-119': 61.0, '120-129': 67.84, '130-139': 51.01, '140-149': 51.0, '150-159': 79.0, '160-169': 43.5, '170-179': 69.5, '180-189': 79.5, '190-199': 65.5, '200-209': 58.5, '210-219': 54.5, '220-229': 49.25, '230-239': 61.62, '240-249': 60.5, '250-259': 59.8, '260-269': 77.39, '270-279': 66.67, '280-289': 59.5, 'old': 63.01, 'new': 59.5}
2026-06-03 01:29:49,081 [trainer.py] => CNN top1 curve: [94.0, 86.0, 87.67, 81.35, 80.28, 81.98, 79.18, 79.54, 76.03, 74.51, 75.31, 74.41, 73.48, 72.53, 71.22, 69.89, 67.22, 65.9, 66.59, 66.63, 66.2, 65.64, 65.15, 64.06, 63.9, 63.9, 64.27, 63.69, 62.89]
2026-06-03 01:29:49,081 [trainer.py] => CNN top5 curve: [100.0, 99.75, 99.83, 99.0, 97.3, 95.91, 94.92, 95.12, 94.55, 93.54, 93.99, 92.94, 93.48, 92.77, 91.74, 91.04, 90.48, 89.73, 89.9, 89.48, 89.31, 88.59, 88.43, 88.39, 88.01, 87.36, 87.47, 86.95, 86.31]
2026-06-03 01:29:49,081 [trainer.py] => Average Accuracy (CNN): 72.53
2026-06-03 01:29:49,083 [trainer.py] => All params: 172123992
2026-06-03 01:29:49,085 [trainer.py] => Trainable params: 276780
2026-06-03 01:29:49,085 [l2p.py] => Learning on 290-300
2026-06-03 01:44:22,189 [l2p.py] => Task 29, Epoch 20/20 => Loss -0.156, Train_accy 97.72, Test_accy 62.51
2026-06-03 01:45:08,169 [trainer.py] => Timing Task 29 => Train 873.11s, Epochs 20, Train 43.6553s/epoch, Inference 45.98s, Images 5985, Inference 7.6823ms/image
2026-06-03 01:45:08,169 [trainer.py] => No NME accuracy.
2026-06-03 01:45:08,170 [trainer.py] => CNN: {'total': 62.51, '00-09': 49.0, '10-19': 65.5, '20-29': 60.0, '30-39': 67.84, '40-49': 81.5, '50-59': 53.5, '60-69': 57.29, '70-79': 67.0, '80-89': 69.5, '90-99': 64.32, '100-109': 69.19, '110-119': 62.5, '120-129': 67.34, '130-139': 52.02, '140-149': 51.5, '150-159': 78.5, '160-169': 43.5, '170-179': 70.5, '180-189': 80.0, '190-199': 64.0, '200-209': 61.0, '210-219': 55.0, '220-229': 50.75, '230-239': 59.6, '240-249': 58.5, '250-259': 60.8, '260-269': 76.88, '270-279': 65.15, '280-289': 59.5, '290-299': 53.5, 'old': 62.82, 'new': 53.5}
2026-06-03 01:45:08,170 [trainer.py] => CNN top1 curve: [94.0, 86.0, 87.67, 81.35, 80.28, 81.98, 79.18, 79.54, 76.03, 74.51, 75.31, 74.41, 73.48, 72.53, 71.22, 69.89, 67.22, 65.9, 66.59, 66.63, 66.2, 65.64, 65.15, 64.06, 63.9, 63.9, 64.27, 63.69, 62.89, 62.51]
2026-06-03 01:45:08,170 [trainer.py] => CNN top5 curve: [100.0, 99.75, 99.83, 99.0, 97.3, 95.91, 94.92, 95.12, 94.55, 93.54, 93.99, 92.94, 93.48, 92.77, 91.74, 91.04, 90.48, 89.73, 89.9, 89.48, 89.31, 88.59, 88.43, 88.39, 88.01, 87.36, 87.47, 86.95, 86.31, 86.23]
2026-06-03 01:45:08,170 [trainer.py] => Average Accuracy (CNN): 72.2
