2026-06-04 06:15:09,307 [trainer.py] => config: ./configs/l2p/l2p_omn_B150_Inc5.json
2026-06-04 06:15:09,307 [trainer.py] => prefix:  
2026-06-04 06:15:09,307 [trainer.py] => dataset: omnibenchmark
2026-06-04 06:15:09,307 [trainer.py] => memory_size: 0
2026-06-04 06:15:09,307 [trainer.py] => memory_per_class: 0
2026-06-04 06:15:09,307 [trainer.py] => fixed_memory: False
2026-06-04 06:15:09,308 [trainer.py] => shuffle: True
2026-06-04 06:15:09,308 [trainer.py] => init_cls: 150
2026-06-04 06:15:09,308 [trainer.py] => increment: 5
2026-06-04 06:15:09,308 [trainer.py] => model_name: l2p
2026-06-04 06:15:09,308 [trainer.py] => backbone_type: vit_base_patch16_224_in21k_l2p
2026-06-04 06:15:09,308 [trainer.py] => get_original_backbone: True
2026-06-04 06:15:09,308 [trainer.py] => device: [device(type='cuda', index=2)]
2026-06-04 06:15:09,308 [trainer.py] => seed: 1993
2026-06-04 06:15:09,308 [trainer.py] => tuned_epoch: 20
2026-06-04 06:15:09,308 [trainer.py] => init_lr: 0.001875
2026-06-04 06:15:09,308 [trainer.py] => batch_size: 48
2026-06-04 06:15:09,308 [trainer.py] => weight_decay: 0
2026-06-04 06:15:09,308 [trainer.py] => min_lr: 1e-05
2026-06-04 06:15:09,308 [trainer.py] => optimizer: adam
2026-06-04 06:15:09,308 [trainer.py] => scheduler: constant
2026-06-04 06:15:09,308 [trainer.py] => reinit_optimizer: True
2026-06-04 06:15:09,308 [trainer.py] => global_pool: token
2026-06-04 06:15:09,308 [trainer.py] => head_type: prompt
2026-06-04 06:15:09,308 [trainer.py] => freeze: ['blocks', 'patch_embed', 'cls_token', 'norm', 'pos_embed']
2026-06-04 06:15:09,308 [trainer.py] => pretrained: True
2026-06-04 06:15:09,309 [trainer.py] => drop: 0.0
2026-06-04 06:15:09,309 [trainer.py] => drop_path: 0.0
2026-06-04 06:15:09,309 [trainer.py] => prompt_pool: True
2026-06-04 06:15:09,309 [trainer.py] => size: 10
2026-06-04 06:15:09,309 [trainer.py] => length: 5
2026-06-04 06:15:09,309 [trainer.py] => top_k: 5
2026-06-04 06:15:09,309 [trainer.py] => initializer: uniform
2026-06-04 06:15:09,309 [trainer.py] => prompt_key: True
2026-06-04 06:15:09,309 [trainer.py] => prompt_key_init: uniform
2026-06-04 06:15:09,309 [trainer.py] => use_prompt_mask: False
2026-06-04 06:15:09,309 [trainer.py] => shared_prompt_pool: False
2026-06-04 06:15:09,309 [trainer.py] => shared_prompt_key: False
2026-06-04 06:15:09,309 [trainer.py] => batchwise_prompt: True
2026-06-04 06:15:09,309 [trainer.py] => embedding_key: cls
2026-06-04 06:15:09,309 [trainer.py] => predefined_key: 
2026-06-04 06:15:09,309 [trainer.py] => pull_constraint: True
2026-06-04 06:15:09,309 [trainer.py] => pull_constraint_coeff: 0.1
2026-06-04 06:15:09,309 [trainer.py] => nb_classes: 300
2026-06-04 06:15:09,309 [trainer.py] => nb_tasks: 31
2026-06-04 06:15:09,562 [data_manager.py] => [169, 221, 146, 296, 92, 229, 49, 70, 126, 77, 243, 57, 120, 223, 27, 217, 154, 8, 101, 182, 54, 50, 97, 162, 28, 193, 79, 6, 151, 0, 173, 187, 44, 277, 157, 16, 257, 122, 35, 9, 171, 176, 134, 4, 87, 255, 112, 153, 246, 286, 147, 186, 107, 98, 10, 7, 266, 214, 36, 165, 139, 254, 103, 269, 59, 23, 298, 39, 73, 208, 135, 299, 102, 20, 12, 268, 11, 209, 161, 210, 74, 42, 56, 99, 235, 133, 159, 189, 145, 238, 215, 241, 138, 195, 233, 279, 88, 199, 64, 280, 26, 203, 17, 245, 174, 236, 137, 252, 80, 68, 181, 150, 118, 94, 75, 2, 109, 119, 232, 15, 69, 184, 201, 261, 55, 287, 273, 66, 175, 32, 142, 136, 116, 76, 179, 1, 91, 248, 275, 240, 290, 170, 132, 106, 265, 270, 85, 19, 284, 43, 259, 293, 228, 200, 104, 227, 51, 224, 163, 297, 216, 260, 93, 46, 100, 272, 105, 72, 131, 3, 156, 256, 249, 48, 113, 82, 172, 213, 62, 53, 271, 168, 253, 226, 183, 180, 276, 283, 78, 61, 143, 278, 30, 141, 196, 264, 231, 52, 222, 40, 125, 219, 65, 166, 192, 289, 45, 205, 89, 267, 90, 71, 167, 262, 281, 212, 96, 84, 127, 67, 294, 178, 288, 197, 21, 18, 111, 108, 58, 230, 188, 31, 110, 291, 129, 24, 204, 83, 81, 251, 60, 13, 128, 14, 86, 63, 117, 198, 274, 5, 22, 144, 258, 121, 38, 207, 148, 292, 41, 234, 237, 114, 202, 37, 149, 206, 155, 29, 130, 177, 194, 152, 34, 33, 239, 160, 140, 47, 244, 25, 282, 158, 211, 123, 190, 218, 164, 247, 263, 191, 220, 115, 242, 250, 124, 295, 95, 285, 225, 185]
2026-06-04 06:15:11,448 [vit_l2p.py] => Resized position embedding: torch.Size([1, 197, 768]) to torch.Size([1, 222, 768])
2026-06-04 06:15:11,448 [vit_l2p.py] => Position embedding grid-size from [14, 14] to (14, 14)
2026-06-04 06:15:13,763 [l2p.py] => 86,094,636 model total parameters.
2026-06-04 06:15:13,763 [l2p.py] => 276,780 model training parameters.
2026-06-04 06:15:13,763 [l2p.py] => prompt.prompt: 38400
2026-06-04 06:15:13,763 [l2p.py] => prompt.prompt_key: 7680
2026-06-04 06:15:13,764 [l2p.py] => head.weight: 230400
2026-06-04 06:15:13,764 [l2p.py] => head.bias: 300
2026-06-04 06:15:13,765 [trainer.py] => All params: 172123992
2026-06-04 06:15:13,766 [trainer.py] => Trainable params: 276780
2026-06-04 06:15:13,766 [l2p.py] => Learning on 0-150
2026-06-04 09:26:53,040 [l2p.py] => Task 0, Epoch 20/20 => Loss 0.253, Train_accy 86.15, Test_accy 85.37
2026-06-04 09:27:18,056 [trainer.py] => Timing Task 0 => Train 11499.27s, Epochs 20, Train 574.9637s/epoch, Inference 25.02s, Images 2994, Inference 8.3552ms/image
2026-06-04 09:27:18,057 [trainer.py] => No NME accuracy.
2026-06-04 09:27:18,057 [trainer.py] => CNN: {'total': 85.37, '00-149': 85.37, 'old': 0, 'new': 85.37}
2026-06-04 09:27:18,057 [trainer.py] => CNN top1 curve: [85.37]
2026-06-04 09:27:18,057 [trainer.py] => CNN top5 curve: [97.19]
2026-06-04 09:27:18,057 [trainer.py] => Average Accuracy (CNN): 85.37
2026-06-04 09:27:18,058 [trainer.py] => All params: 172123992
2026-06-04 09:27:18,059 [trainer.py] => Trainable params: 276780
2026-06-04 09:27:18,059 [l2p.py] => Learning on 150-155
2026-06-04 09:35:21,889 [l2p.py] => Task 1, Epoch 20/20 => Loss -0.164, Train_accy 97.13, Test_accy 82.09
2026-06-04 09:35:48,169 [trainer.py] => Timing Task 1 => Train 483.83s, Epochs 20, Train 24.1916s/epoch, Inference 26.28s, Images 3093, Inference 8.4958ms/image
2026-06-04 09:35:48,169 [trainer.py] => No NME accuracy.
2026-06-04 09:35:48,169 [trainer.py] => CNN: {'total': 82.09, '00-149': 84.6, '150-154': 6.06, 'old': 84.6, 'new': 6.06}
2026-06-04 09:35:48,169 [trainer.py] => CNN top1 curve: [85.37, 82.09]
2026-06-04 09:35:48,169 [trainer.py] => CNN top5 curve: [97.19, 95.22]
2026-06-04 09:35:48,169 [trainer.py] => Average Accuracy (CNN): 83.73
2026-06-04 09:35:48,170 [trainer.py] => All params: 172123992
2026-06-04 09:35:48,171 [trainer.py] => Trainable params: 276780
2026-06-04 09:35:48,171 [l2p.py] => Learning on 155-160
2026-06-04 09:44:03,843 [l2p.py] => Task 2, Epoch 20/20 => Loss -0.229, Train_accy 99.28, Test_accy 79.08
2026-06-04 09:44:31,011 [trainer.py] => Timing Task 2 => Train 495.68s, Epochs 20, Train 24.7838s/epoch, Inference 27.16s, Images 3193, Inference 8.5076ms/image
2026-06-04 09:44:31,012 [trainer.py] => No NME accuracy.
2026-06-04 09:44:31,012 [trainer.py] => CNN: {'total': 79.08, '00-149': 84.24, '150-154': 3.03, '155-159': 0.0, 'old': 81.64, 'new': 0.0}
2026-06-04 09:44:31,012 [trainer.py] => CNN top1 curve: [85.37, 82.09, 79.08]
2026-06-04 09:44:31,012 [trainer.py] => CNN top5 curve: [97.19, 95.22, 93.39]
2026-06-04 09:44:31,013 [trainer.py] => Average Accuracy (CNN): 82.18
2026-06-04 09:44:31,015 [trainer.py] => All params: 172123992
2026-06-04 09:44:31,018 [trainer.py] => Trainable params: 276780
2026-06-04 09:44:31,018 [l2p.py] => Learning on 160-165
2026-06-04 09:52:45,319 [l2p.py] => Task 3, Epoch 20/20 => Loss -0.236, Train_accy 99.47, Test_accy 75.98
2026-06-04 09:53:13,274 [trainer.py] => Timing Task 3 => Train 494.30s, Epochs 20, Train 24.7151s/epoch, Inference 27.95s, Images 3293, Inference 8.4887ms/image
2026-06-04 09:53:13,274 [trainer.py] => No NME accuracy.
2026-06-04 09:53:13,274 [trainer.py] => CNN: {'total': 75.98, '00-149': 83.43, '150-154': 4.04, '155-159': 0.0, '160-164': 0.0, 'old': 78.36, 'new': 0.0}
2026-06-04 09:53:13,275 [trainer.py] => CNN top1 curve: [85.37, 82.09, 79.08, 75.98]
2026-06-04 09:53:13,275 [trainer.py] => CNN top5 curve: [97.19, 95.22, 93.39, 90.68]
2026-06-04 09:53:13,275 [trainer.py] => Average Accuracy (CNN): 80.63
2026-06-04 09:53:13,276 [trainer.py] => All params: 172123992
2026-06-04 09:53:13,277 [trainer.py] => Trainable params: 276780
2026-06-04 09:53:13,277 [l2p.py] => Learning on 165-170
2026-06-04 10:01:18,726 [l2p.py] => Task 4, Epoch 20/20 => Loss -0.243, Train_accy 100.00, Test_accy 73.20
2026-06-04 10:01:44,924 [trainer.py] => Timing Task 4 => Train 485.45s, Epochs 20, Train 24.2725s/epoch, Inference 26.20s, Images 3392, Inference 7.7230ms/image
2026-06-04 10:01:44,924 [trainer.py] => No NME accuracy.
2026-06-04 10:01:44,924 [trainer.py] => CNN: {'total': 73.2, '00-149': 82.83, '150-154': 3.03, '155-159': 0.0, '160-164': 0.0, '165-169': 0.0, 'old': 75.4, 'new': 0.0}
2026-06-04 10:01:44,924 [trainer.py] => CNN top1 curve: [85.37, 82.09, 79.08, 75.98, 73.2]
2026-06-04 10:01:44,924 [trainer.py] => CNN top5 curve: [97.19, 95.22, 93.39, 90.68, 87.71]
2026-06-04 10:01:44,925 [trainer.py] => Average Accuracy (CNN): 79.14
2026-06-04 10:01:44,927 [trainer.py] => All params: 172123992
2026-06-04 10:01:44,929 [trainer.py] => Trainable params: 276780
2026-06-04 10:01:44,929 [l2p.py] => Learning on 170-175
2026-06-04 10:09:25,269 [l2p.py] => Task 5, Epoch 20/20 => Loss -0.217, Train_accy 99.42, Test_accy 71.22
2026-06-04 10:09:53,936 [trainer.py] => Timing Task 5 => Train 460.34s, Epochs 20, Train 23.0171s/epoch, Inference 28.66s, Images 3492, Inference 8.2086ms/image
2026-06-04 10:09:53,937 [trainer.py] => No NME accuracy.
2026-06-04 10:09:53,937 [trainer.py] => CNN: {'total': 71.22, '00-149': 82.97, '150-154': 3.03, '155-159': 0.0, '160-164': 0.0, '165-169': 0.0, '170-174': 0.0, 'old': 73.32, 'new': 0.0}
2026-06-04 10:09:53,937 [trainer.py] => CNN top1 curve: [85.37, 82.09, 79.08, 75.98, 73.2, 71.22]
2026-06-04 10:09:53,937 [trainer.py] => CNN top5 curve: [97.19, 95.22, 93.39, 90.68, 87.71, 85.4]
2026-06-04 10:09:53,938 [trainer.py] => Average Accuracy (CNN): 77.82
2026-06-04 10:09:53,940 [trainer.py] => All params: 172123992
2026-06-04 10:09:53,942 [trainer.py] => Trainable params: 276780
2026-06-04 10:09:53,942 [l2p.py] => Learning on 175-180
2026-06-04 10:17:57,044 [l2p.py] => Task 6, Epoch 20/20 => Loss -0.233, Train_accy 98.46, Test_accy 69.40
2026-06-04 10:18:25,597 [trainer.py] => Timing Task 6 => Train 483.10s, Epochs 20, Train 24.1551s/epoch, Inference 28.55s, Images 3592, Inference 7.9487ms/image
2026-06-04 10:18:25,597 [trainer.py] => No NME accuracy.
2026-06-04 10:18:25,597 [trainer.py] => CNN: {'total': 69.4, '00-149': 83.2, '150-154': 2.02, '155-159': 0.0, '160-164': 0.0, '165-169': 0.0, '170-174': 0.0, '175-179': 0.0, 'old': 71.39, 'new': 0.0}
2026-06-04 10:18:25,597 [trainer.py] => CNN top1 curve: [85.37, 82.09, 79.08, 75.98, 73.2, 71.22, 69.4]
2026-06-04 10:18:25,597 [trainer.py] => CNN top5 curve: [97.19, 95.22, 93.39, 90.68, 87.71, 85.4, 83.05]
2026-06-04 10:18:25,598 [trainer.py] => Average Accuracy (CNN): 76.62
2026-06-04 10:18:25,600 [trainer.py] => All params: 172123992
2026-06-04 10:18:25,602 [trainer.py] => Trainable params: 276780
2026-06-04 10:18:25,602 [l2p.py] => Learning on 180-185
2026-06-04 10:26:38,875 [l2p.py] => Task 7, Epoch 20/20 => Loss -0.216, Train_accy 99.45, Test_accy 67.40
2026-06-04 10:27:09,148 [trainer.py] => Timing Task 7 => Train 493.28s, Epochs 20, Train 24.6638s/epoch, Inference 30.27s, Images 3690, Inference 8.2033ms/image
2026-06-04 10:27:09,149 [trainer.py] => No NME accuracy.
2026-06-04 10:27:09,149 [trainer.py] => CNN: {'total': 67.4, '00-149': 83.0, '150-154': 2.02, '155-159': 0.0, '160-164': 0.0, '165-169': 0.0, '170-174': 0.0, '175-179': 0.0, '180-184': 0.0, 'old': 69.24, 'new': 0.0}
2026-06-04 10:27:09,149 [trainer.py] => CNN top1 curve: [85.37, 82.09, 79.08, 75.98, 73.2, 71.22, 69.4, 67.4]
2026-06-04 10:27:09,149 [trainer.py] => CNN top5 curve: [97.19, 95.22, 93.39, 90.68, 87.71, 85.4, 83.05, 81.41]
2026-06-04 10:27:09,149 [trainer.py] => Average Accuracy (CNN): 75.47
2026-06-04 10:27:09,151 [trainer.py] => All params: 172123992
2026-06-04 10:27:09,153 [trainer.py] => Trainable params: 276780
2026-06-04 10:27:09,153 [l2p.py] => Learning on 185-190
2026-06-04 10:35:30,444 [l2p.py] => Task 8, Epoch 20/20 => Loss -0.188, Train_accy 98.79, Test_accy 65.54
2026-06-04 10:36:01,921 [trainer.py] => Timing Task 8 => Train 501.29s, Epochs 20, Train 25.0646s/epoch, Inference 31.48s, Images 3790, Inference 8.3049ms/image
2026-06-04 10:36:01,921 [trainer.py] => No NME accuracy.
2026-06-04 10:36:01,921 [trainer.py] => CNN: {'total': 65.54, '00-149': 82.9, '150-154': 2.02, '155-159': 0.0, '160-164': 0.0, '165-169': 0.0, '170-174': 0.0, '175-179': 0.0, '180-184': 0.0, '185-189': 0.0, 'old': 67.32, 'new': 0.0}
2026-06-04 10:36:01,922 [trainer.py] => CNN top1 curve: [85.37, 82.09, 79.08, 75.98, 73.2, 71.22, 69.4, 67.4, 65.54]
2026-06-04 10:36:01,922 [trainer.py] => CNN top5 curve: [97.19, 95.22, 93.39, 90.68, 87.71, 85.4, 83.05, 81.41, 79.1]
2026-06-04 10:36:01,922 [trainer.py] => Average Accuracy (CNN): 74.36
2026-06-04 10:36:01,924 [trainer.py] => All params: 172123992
2026-06-04 10:36:01,926 [trainer.py] => Trainable params: 276780
2026-06-04 10:36:01,926 [l2p.py] => Learning on 190-195
2026-06-04 10:44:05,282 [l2p.py] => Task 9, Epoch 20/20 => Loss -0.221, Train_accy 99.59, Test_accy 63.78
2026-06-04 10:44:34,776 [trainer.py] => Timing Task 9 => Train 483.36s, Epochs 20, Train 24.1678s/epoch, Inference 29.49s, Images 3890, Inference 7.5819ms/image
2026-06-04 10:44:34,776 [trainer.py] => No NME accuracy.
2026-06-04 10:44:34,777 [trainer.py] => CNN: {'total': 63.78, '00-149': 82.8, '150-154': 2.02, '155-159': 0.0, '160-164': 0.0, '165-169': 0.0, '170-174': 0.0, '175-179': 0.0, '180-184': 0.0, '185-189': 0.0, '190-194': 0.0, 'old': 65.46, 'new': 0.0}
2026-06-04 10:44:34,777 [trainer.py] => CNN top1 curve: [85.37, 82.09, 79.08, 75.98, 73.2, 71.22, 69.4, 67.4, 65.54, 63.78]
2026-06-04 10:44:34,777 [trainer.py] => CNN top5 curve: [97.19, 95.22, 93.39, 90.68, 87.71, 85.4, 83.05, 81.41, 79.1, 77.2]
2026-06-04 10:44:34,777 [trainer.py] => Average Accuracy (CNN): 73.31
2026-06-04 10:44:34,778 [trainer.py] => All params: 172123992
2026-06-04 10:44:34,779 [trainer.py] => Trainable params: 276780
2026-06-04 10:44:34,779 [l2p.py] => Learning on 195-200
2026-06-04 10:52:37,510 [l2p.py] => Task 10, Epoch 20/20 => Loss -0.230, Train_accy 99.72, Test_accy 62.16
2026-06-04 10:53:09,324 [trainer.py] => Timing Task 10 => Train 482.73s, Epochs 20, Train 24.1366s/epoch, Inference 31.81s, Images 3990, Inference 7.9731ms/image
2026-06-04 10:53:09,325 [trainer.py] => No NME accuracy.
2026-06-04 10:53:09,325 [trainer.py] => CNN: {'total': 62.16, '00-149': 82.77, '150-154': 2.02, '155-159': 0.0, '160-164': 0.0, '165-169': 0.0, '170-174': 0.0, '175-179': 0.0, '180-184': 0.0, '185-189': 0.0, '190-194': 0.0, '195-199': 0.0, 'old': 63.75, 'new': 0.0}
2026-06-04 10:53:09,325 [trainer.py] => CNN top1 curve: [85.37, 82.09, 79.08, 75.98, 73.2, 71.22, 69.4, 67.4, 65.54, 63.78, 62.16]
2026-06-04 10:53:09,325 [trainer.py] => CNN top5 curve: [97.19, 95.22, 93.39, 90.68, 87.71, 85.4, 83.05, 81.41, 79.1, 77.2, 75.46]
2026-06-04 10:53:09,325 [trainer.py] => Average Accuracy (CNN): 72.29
2026-06-04 10:53:09,328 [trainer.py] => All params: 172123992
2026-06-04 10:53:09,331 [trainer.py] => Trainable params: 276780
2026-06-04 10:53:09,331 [l2p.py] => Learning on 200-205
2026-06-04 11:01:39,314 [l2p.py] => Task 11, Epoch 20/20 => Loss -0.236, Train_accy 99.87, Test_accy 60.65
2026-06-04 11:02:12,394 [trainer.py] => Timing Task 11 => Train 509.98s, Epochs 20, Train 25.4992s/epoch, Inference 33.08s, Images 4089, Inference 8.0896ms/image
2026-06-04 11:02:12,395 [trainer.py] => No NME accuracy.
2026-06-04 11:02:12,395 [trainer.py] => CNN: {'total': 60.65, '00-149': 82.77, '150-154': 2.02, '155-159': 0.0, '160-164': 0.0, '165-169': 0.0, '170-174': 0.0, '175-179': 0.0, '180-184': 0.0, '185-189': 0.0, '190-194': 0.0, '195-199': 0.0, '200-204': 0.0, 'old': 62.16, 'new': 0.0}
2026-06-04 11:02:12,395 [trainer.py] => CNN top1 curve: [85.37, 82.09, 79.08, 75.98, 73.2, 71.22, 69.4, 67.4, 65.54, 63.78, 62.16, 60.65]
2026-06-04 11:02:12,395 [trainer.py] => CNN top5 curve: [97.19, 95.22, 93.39, 90.68, 87.71, 85.4, 83.05, 81.41, 79.1, 77.2, 75.46, 73.81]
2026-06-04 11:02:12,395 [trainer.py] => Average Accuracy (CNN): 71.32
2026-06-04 11:02:12,398 [trainer.py] => All params: 172123992
2026-06-04 11:02:12,400 [trainer.py] => Trainable params: 276780
2026-06-04 11:02:12,400 [l2p.py] => Learning on 205-210
2026-06-04 11:10:49,437 [l2p.py] => Task 12, Epoch 20/20 => Loss -0.212, Train_accy 98.34, Test_accy 59.87
2026-06-04 11:11:23,303 [trainer.py] => Timing Task 12 => Train 517.04s, Epochs 20, Train 25.8519s/epoch, Inference 33.86s, Images 4189, Inference 8.0841ms/image
2026-06-04 11:11:23,303 [trainer.py] => No NME accuracy.
2026-06-04 11:11:23,303 [trainer.py] => CNN: {'total': 59.87, '00-149': 83.67, '150-154': 2.02, '155-159': 0.0, '160-164': 0.0, '165-169': 0.0, '170-174': 0.0, '175-179': 0.0, '180-184': 0.0, '185-189': 0.0, '190-194': 0.0, '195-199': 0.0, '200-204': 0.0, '205-209': 1.0, 'old': 61.31, 'new': 1.0}
2026-06-04 11:11:23,304 [trainer.py] => CNN top1 curve: [85.37, 82.09, 79.08, 75.98, 73.2, 71.22, 69.4, 67.4, 65.54, 63.78, 62.16, 60.65, 59.87]
2026-06-04 11:11:23,304 [trainer.py] => CNN top5 curve: [97.19, 95.22, 93.39, 90.68, 87.71, 85.4, 83.05, 81.41, 79.1, 77.2, 75.46, 73.81, 72.76]
2026-06-04 11:11:23,304 [trainer.py] => Average Accuracy (CNN): 70.44
2026-06-04 11:11:23,305 [trainer.py] => All params: 172123992
2026-06-04 11:11:23,306 [trainer.py] => Trainable params: 276780
2026-06-04 11:11:23,306 [l2p.py] => Learning on 210-215
2026-06-04 11:20:06,872 [l2p.py] => Task 13, Epoch 20/20 => Loss -0.173, Train_accy 96.04, Test_accy 58.82
2026-06-04 11:20:41,078 [trainer.py] => Timing Task 13 => Train 523.57s, Epochs 20, Train 26.1784s/epoch, Inference 34.21s, Images 4289, Inference 7.9752ms/image
2026-06-04 11:20:41,079 [trainer.py] => No NME accuracy.
2026-06-04 11:20:41,079 [trainer.py] => CNN: {'total': 58.82, '00-149': 84.17, '150-154': 2.02, '155-159': 0.0, '160-164': 0.0, '165-169': 0.0, '170-174': 0.0, '175-179': 0.0, '180-184': 0.0, '185-189': 0.0, '190-194': 0.0, '195-199': 0.0, '200-204': 0.0, '205-209': 1.0, '210-214': 0.0, 'old': 60.23, 'new': 0.0}
2026-06-04 11:20:41,079 [trainer.py] => CNN top1 curve: [85.37, 82.09, 79.08, 75.98, 73.2, 71.22, 69.4, 67.4, 65.54, 63.78, 62.16, 60.65, 59.87, 58.82]
2026-06-04 11:20:41,079 [trainer.py] => CNN top5 curve: [97.19, 95.22, 93.39, 90.68, 87.71, 85.4, 83.05, 81.41, 79.1, 77.2, 75.46, 73.81, 72.76, 71.09]
2026-06-04 11:20:41,079 [trainer.py] => Average Accuracy (CNN): 69.61
2026-06-04 11:20:41,080 [trainer.py] => All params: 172123992
2026-06-04 11:20:41,081 [trainer.py] => Trainable params: 276780
2026-06-04 11:20:41,081 [l2p.py] => Learning on 215-220
2026-06-04 11:29:19,779 [l2p.py] => Task 14, Epoch 20/20 => Loss -0.134, Train_accy 93.38, Test_accy 57.83
2026-06-04 11:29:56,094 [trainer.py] => Timing Task 14 => Train 518.70s, Epochs 20, Train 25.9350s/epoch, Inference 36.31s, Images 4389, Inference 8.2735ms/image
2026-06-04 11:29:56,094 [trainer.py] => No NME accuracy.
2026-06-04 11:29:56,095 [trainer.py] => CNN: {'total': 57.83, '00-149': 84.6, '150-154': 3.03, '155-159': 0.0, '160-164': 0.0, '165-169': 0.0, '170-174': 0.0, '175-179': 0.0, '180-184': 1.02, '185-189': 0.0, '190-194': 0.0, '195-199': 0.0, '200-204': 0.0, '205-209': 1.0, '210-214': 0.0, '215-219': 0.0, 'old': 59.17, 'new': 0.0}
2026-06-04 11:29:56,095 [trainer.py] => CNN top1 curve: [85.37, 82.09, 79.08, 75.98, 73.2, 71.22, 69.4, 67.4, 65.54, 63.78, 62.16, 60.65, 59.87, 58.82, 57.83]
2026-06-04 11:29:56,095 [trainer.py] => CNN top5 curve: [97.19, 95.22, 93.39, 90.68, 87.71, 85.4, 83.05, 81.41, 79.1, 77.2, 75.46, 73.81, 72.76, 71.09, 69.81]
2026-06-04 11:29:56,095 [trainer.py] => Average Accuracy (CNN): 68.83
2026-06-04 11:29:56,098 [trainer.py] => All params: 172123992
2026-06-04 11:29:56,100 [trainer.py] => Trainable params: 276780
2026-06-04 11:29:56,100 [l2p.py] => Learning on 220-225
2026-06-04 11:39:05,224 [l2p.py] => Task 15, Epoch 20/20 => Loss -0.229, Train_accy 99.18, Test_accy 56.25
2026-06-04 11:39:41,091 [trainer.py] => Timing Task 15 => Train 549.12s, Epochs 20, Train 27.4562s/epoch, Inference 35.87s, Images 4489, Inference 7.9897ms/image
2026-06-04 11:39:41,091 [trainer.py] => No NME accuracy.
2026-06-04 11:39:41,092 [trainer.py] => CNN: {'total': 56.25, '00-149': 84.24, '150-154': 2.02, '155-159': 0.0, '160-164': 0.0, '165-169': 0.0, '170-174': 0.0, '175-179': 0.0, '180-184': 0.0, '185-189': 0.0, '190-194': 0.0, '195-199': 0.0, '200-204': 0.0, '205-209': 1.0, '210-214': 0.0, '215-219': 0.0, '220-224': 0.0, 'old': 57.53, 'new': 0.0}
2026-06-04 11:39:41,092 [trainer.py] => CNN top1 curve: [85.37, 82.09, 79.08, 75.98, 73.2, 71.22, 69.4, 67.4, 65.54, 63.78, 62.16, 60.65, 59.87, 58.82, 57.83, 56.25]
2026-06-04 11:39:41,092 [trainer.py] => CNN top5 curve: [97.19, 95.22, 93.39, 90.68, 87.71, 85.4, 83.05, 81.41, 79.1, 77.2, 75.46, 73.81, 72.76, 71.09, 69.81, 68.61]
2026-06-04 11:39:41,092 [trainer.py] => Average Accuracy (CNN): 68.04
2026-06-04 11:39:41,094 [trainer.py] => All params: 172123992
2026-06-04 11:39:41,096 [trainer.py] => Trainable params: 276780
2026-06-04 11:39:41,097 [l2p.py] => Learning on 225-230
2026-06-04 11:48:27,256 [l2p.py] => Task 16, Epoch 20/20 => Loss -0.217, Train_accy 99.20, Test_accy 55.17
2026-06-04 11:49:03,883 [trainer.py] => Timing Task 16 => Train 526.16s, Epochs 20, Train 26.3080s/epoch, Inference 36.63s, Images 4588, Inference 7.9829ms/image
2026-06-04 11:49:03,883 [trainer.py] => No NME accuracy.
2026-06-04 11:49:03,883 [trainer.py] => CNN: {'total': 55.17, '00-149': 84.4, '150-154': 2.02, '155-159': 0.0, '160-164': 0.0, '165-169': 0.0, '170-174': 0.0, '175-179': 0.0, '180-184': 1.02, '185-189': 0.0, '190-194': 0.0, '195-199': 0.0, '200-204': 0.0, '205-209': 1.0, '210-214': 0.0, '215-219': 0.0, '220-224': 0.0, '225-229': 0.0, 'old': 56.38, 'new': 0.0}
2026-06-04 11:49:03,884 [trainer.py] => CNN top1 curve: [85.37, 82.09, 79.08, 75.98, 73.2, 71.22, 69.4, 67.4, 65.54, 63.78, 62.16, 60.65, 59.87, 58.82, 57.83, 56.25, 55.17]
2026-06-04 11:49:03,884 [trainer.py] => CNN top5 curve: [97.19, 95.22, 93.39, 90.68, 87.71, 85.4, 83.05, 81.41, 79.1, 77.2, 75.46, 73.81, 72.76, 71.09, 69.81, 68.61, 67.48]
2026-06-04 11:49:03,884 [trainer.py] => Average Accuracy (CNN): 67.28
2026-06-04 11:49:03,886 [trainer.py] => All params: 172123992
2026-06-04 11:49:03,889 [trainer.py] => Trainable params: 276780
2026-06-04 11:49:03,889 [l2p.py] => Learning on 230-235
2026-06-04 11:57:32,919 [l2p.py] => Task 17, Epoch 20/20 => Loss -0.190, Train_accy 98.98, Test_accy 53.73
2026-06-04 11:58:09,993 [trainer.py] => Timing Task 17 => Train 509.03s, Epochs 20, Train 25.4516s/epoch, Inference 37.07s, Images 4688, Inference 7.9079ms/image
2026-06-04 11:58:09,993 [trainer.py] => No NME accuracy.
2026-06-04 11:58:09,994 [trainer.py] => CNN: {'total': 53.73, '00-149': 83.97, '150-154': 3.03, '155-159': 0.0, '160-164': 0.0, '165-169': 0.0, '170-174': 0.0, '175-179': 0.0, '180-184': 1.02, '185-189': 0.0, '190-194': 0.0, '195-199': 0.0, '200-204': 0.0, '205-209': 1.0, '210-214': 0.0, '215-219': 0.0, '220-224': 0.0, '225-229': 0.0, '230-234': 0.0, 'old': 54.9, 'new': 0.0}
2026-06-04 11:58:09,994 [trainer.py] => CNN top1 curve: [85.37, 82.09, 79.08, 75.98, 73.2, 71.22, 69.4, 67.4, 65.54, 63.78, 62.16, 60.65, 59.87, 58.82, 57.83, 56.25, 55.17, 53.73]
2026-06-04 11:58:09,994 [trainer.py] => CNN top5 curve: [97.19, 95.22, 93.39, 90.68, 87.71, 85.4, 83.05, 81.41, 79.1, 77.2, 75.46, 73.81, 72.76, 71.09, 69.81, 68.61, 67.48, 66.04]
2026-06-04 11:58:09,994 [trainer.py] => Average Accuracy (CNN): 66.53
2026-06-04 11:58:09,997 [trainer.py] => All params: 172123992
2026-06-04 11:58:09,999 [trainer.py] => Trainable params: 276780
2026-06-04 11:58:09,999 [l2p.py] => Learning on 235-240
2026-06-04 12:07:27,282 [l2p.py] => Task 18, Epoch 20/20 => Loss -0.250, Train_accy 99.57, Test_accy 52.63
2026-06-04 12:08:05,294 [trainer.py] => Timing Task 18 => Train 557.28s, Epochs 20, Train 27.8642s/epoch, Inference 38.01s, Images 4788, Inference 7.9388ms/image
2026-06-04 12:08:05,295 [trainer.py] => No NME accuracy.
2026-06-04 12:08:05,295 [trainer.py] => CNN: {'total': 52.63, '00-149': 83.97, '150-154': 3.03, '155-159': 0.0, '160-164': 0.0, '165-169': 0.0, '170-174': 0.0, '175-179': 0.0, '180-184': 1.02, '185-189': 0.0, '190-194': 0.0, '195-199': 0.0, '200-204': 0.0, '205-209': 1.0, '210-214': 0.0, '215-219': 0.0, '220-224': 0.0, '225-229': 0.0, '230-234': 0.0, '235-239': 1.0, 'old': 53.73, 'new': 1.0}
2026-06-04 12:08:05,295 [trainer.py] => CNN top1 curve: [85.37, 82.09, 79.08, 75.98, 73.2, 71.22, 69.4, 67.4, 65.54, 63.78, 62.16, 60.65, 59.87, 58.82, 57.83, 56.25, 55.17, 53.73, 52.63]
2026-06-04 12:08:05,295 [trainer.py] => CNN top5 curve: [97.19, 95.22, 93.39, 90.68, 87.71, 85.4, 83.05, 81.41, 79.1, 77.2, 75.46, 73.81, 72.76, 71.09, 69.81, 68.61, 67.48, 66.04, 64.93]
2026-06-04 12:08:05,296 [trainer.py] => Average Accuracy (CNN): 65.8
2026-06-04 12:08:05,298 [trainer.py] => All params: 172123992
2026-06-04 12:08:05,300 [trainer.py] => Trainable params: 276780
2026-06-04 12:08:05,300 [l2p.py] => Learning on 240-245
2026-06-04 12:17:25,668 [l2p.py] => Task 19, Epoch 20/20 => Loss -0.229, Train_accy 98.90, Test_accy 51.66
2026-06-04 12:18:03,710 [trainer.py] => Timing Task 19 => Train 560.37s, Epochs 20, Train 28.0184s/epoch, Inference 38.04s, Images 4888, Inference 7.7826ms/image
2026-06-04 12:18:03,710 [trainer.py] => No NME accuracy.
2026-06-04 12:18:03,710 [trainer.py] => CNN: {'total': 51.66, '00-149': 84.24, '150-154': 2.02, '155-159': 0.0, '160-164': 0.0, '165-169': 0.0, '170-174': 0.0, '175-179': 0.0, '180-184': 0.0, '185-189': 0.0, '190-194': 0.0, '195-199': 0.0, '200-204': 0.0, '205-209': 0.0, '210-214': 0.0, '215-219': 0.0, '220-224': 0.0, '225-229': 0.0, '230-234': 0.0, '235-239': 1.0, '240-244': 0.0, 'old': 52.74, 'new': 0.0}
2026-06-04 12:18:03,710 [trainer.py] => CNN top1 curve: [85.37, 82.09, 79.08, 75.98, 73.2, 71.22, 69.4, 67.4, 65.54, 63.78, 62.16, 60.65, 59.87, 58.82, 57.83, 56.25, 55.17, 53.73, 52.63, 51.66]
2026-06-04 12:18:03,710 [trainer.py] => CNN top5 curve: [97.19, 95.22, 93.39, 90.68, 87.71, 85.4, 83.05, 81.41, 79.1, 77.2, 75.46, 73.81, 72.76, 71.09, 69.81, 68.61, 67.48, 66.04, 64.93, 63.24]
2026-06-04 12:18:03,710 [trainer.py] => Average Accuracy (CNN): 65.09
2026-06-04 12:18:03,712 [trainer.py] => All params: 172123992
2026-06-04 12:18:03,712 [trainer.py] => Trainable params: 276780
2026-06-04 12:18:03,712 [l2p.py] => Learning on 245-250
2026-06-04 12:27:03,637 [l2p.py] => Task 20, Epoch 20/20 => Loss -0.163, Train_accy 96.72, Test_accy 50.56
2026-06-04 12:27:41,505 [trainer.py] => Timing Task 20 => Train 539.93s, Epochs 20, Train 26.9963s/epoch, Inference 37.87s, Images 4988, Inference 7.5916ms/image
2026-06-04 12:27:41,505 [trainer.py] => No NME accuracy.
2026-06-04 12:27:41,505 [trainer.py] => CNN: {'total': 50.56, '00-149': 83.97, '150-154': 3.03, '155-159': 0.0, '160-164': 0.0, '165-169': 0.0, '170-174': 0.0, '175-179': 0.0, '180-184': 1.02, '185-189': 0.0, '190-194': 0.0, '195-199': 0.0, '200-204': 0.0, '205-209': 1.0, '210-214': 0.0, '215-219': 0.0, '220-224': 0.0, '225-229': 2.02, '230-234': 0.0, '235-239': 1.0, '240-244': 0.0, '245-249': 0.0, 'old': 51.6, 'new': 0.0}
2026-06-04 12:27:41,506 [trainer.py] => CNN top1 curve: [85.37, 82.09, 79.08, 75.98, 73.2, 71.22, 69.4, 67.4, 65.54, 63.78, 62.16, 60.65, 59.87, 58.82, 57.83, 56.25, 55.17, 53.73, 52.63, 51.66, 50.56]
2026-06-04 12:27:41,506 [trainer.py] => CNN top5 curve: [97.19, 95.22, 93.39, 90.68, 87.71, 85.4, 83.05, 81.41, 79.1, 77.2, 75.46, 73.81, 72.76, 71.09, 69.81, 68.61, 67.48, 66.04, 64.93, 63.24, 61.87]
2026-06-04 12:27:41,506 [trainer.py] => Average Accuracy (CNN): 64.4
2026-06-04 12:27:41,507 [trainer.py] => All params: 172123992
2026-06-04 12:27:41,508 [trainer.py] => Trainable params: 276780
2026-06-04 12:27:41,508 [l2p.py] => Learning on 250-255
2026-06-04 12:36:03,728 [l2p.py] => Task 21, Epoch 20/20 => Loss -0.221, Train_accy 99.02, Test_accy 49.43
2026-06-04 12:36:42,861 [trainer.py] => Timing Task 21 => Train 502.22s, Epochs 20, Train 25.1111s/epoch, Inference 39.13s, Images 5088, Inference 7.6911ms/image
2026-06-04 12:36:42,862 [trainer.py] => No NME accuracy.
2026-06-04 12:36:42,862 [trainer.py] => CNN: {'total': 49.43, '00-149': 83.8, '150-154': 4.04, '155-159': 0.0, '160-164': 0.0, '165-169': 0.0, '170-174': 0.0, '175-179': 0.0, '180-184': 0.0, '185-189': 0.0, '190-194': 0.0, '195-199': 0.0, '200-204': 0.0, '205-209': 1.0, '210-214': 0.0, '215-219': 0.0, '220-224': 0.0, '225-229': 0.0, '230-234': 0.0, '235-239': 1.0, '240-244': 0.0, '245-249': 0.0, '250-254': 0.0, 'old': 50.42, 'new': 0.0}
2026-06-04 12:36:42,862 [trainer.py] => CNN top1 curve: [85.37, 82.09, 79.08, 75.98, 73.2, 71.22, 69.4, 67.4, 65.54, 63.78, 62.16, 60.65, 59.87, 58.82, 57.83, 56.25, 55.17, 53.73, 52.63, 51.66, 50.56, 49.43]
2026-06-04 12:36:42,862 [trainer.py] => CNN top5 curve: [97.19, 95.22, 93.39, 90.68, 87.71, 85.4, 83.05, 81.41, 79.1, 77.2, 75.46, 73.81, 72.76, 71.09, 69.81, 68.61, 67.48, 66.04, 64.93, 63.24, 61.87, 60.91]
2026-06-04 12:36:42,862 [trainer.py] => Average Accuracy (CNN): 63.72
2026-06-04 12:36:42,863 [trainer.py] => All params: 172123992
2026-06-04 12:36:42,864 [trainer.py] => Trainable params: 276780
2026-06-04 12:36:42,864 [l2p.py] => Learning on 255-260
2026-06-04 12:45:45,971 [l2p.py] => Task 22, Epoch 20/20 => Loss -0.219, Train_accy 98.95, Test_accy 49.03
2026-06-04 12:46:25,811 [trainer.py] => Timing Task 22 => Train 543.11s, Epochs 20, Train 27.1555s/epoch, Inference 39.84s, Images 5187, Inference 7.6803ms/image
2026-06-04 12:46:25,811 [trainer.py] => No NME accuracy.
2026-06-04 12:46:25,811 [trainer.py] => CNN: {'total': 49.03, '00-149': 84.67, '150-154': 5.05, '155-159': 0.0, '160-164': 0.0, '165-169': 0.0, '170-174': 0.0, '175-179': 0.0, '180-184': 0.0, '185-189': 0.0, '190-194': 0.0, '195-199': 0.0, '200-204': 0.0, '205-209': 1.0, '210-214': 0.0, '215-219': 0.0, '220-224': 0.0, '225-229': 1.01, '230-234': 0.0, '235-239': 1.0, '240-244': 0.0, '245-249': 0.0, '250-254': 0.0, '255-259': 0.0, 'old': 49.98, 'new': 0.0}
2026-06-04 12:46:25,811 [trainer.py] => CNN top1 curve: [85.37, 82.09, 79.08, 75.98, 73.2, 71.22, 69.4, 67.4, 65.54, 63.78, 62.16, 60.65, 59.87, 58.82, 57.83, 56.25, 55.17, 53.73, 52.63, 51.66, 50.56, 49.43, 49.03]
2026-06-04 12:46:25,812 [trainer.py] => CNN top5 curve: [97.19, 95.22, 93.39, 90.68, 87.71, 85.4, 83.05, 81.41, 79.1, 77.2, 75.46, 73.81, 72.76, 71.09, 69.81, 68.61, 67.48, 66.04, 64.93, 63.24, 61.87, 60.91, 59.86]
2026-06-04 12:46:25,812 [trainer.py] => Average Accuracy (CNN): 63.08
2026-06-04 12:46:25,813 [trainer.py] => All params: 172123992
2026-06-04 12:46:25,815 [trainer.py] => Trainable params: 276780
2026-06-04 12:46:25,815 [l2p.py] => Learning on 260-265
2026-06-04 12:55:45,388 [l2p.py] => Task 23, Epoch 20/20 => Loss -0.234, Train_accy 99.94, Test_accy 47.89
2026-06-04 12:56:25,913 [trainer.py] => Timing Task 23 => Train 559.58s, Epochs 20, Train 27.9788s/epoch, Inference 40.52s, Images 5287, Inference 7.6645ms/image
2026-06-04 12:56:25,913 [trainer.py] => No NME accuracy.
2026-06-04 12:56:25,914 [trainer.py] => CNN: {'total': 47.89, '00-149': 84.34, '150-154': 4.04, '155-159': 0.0, '160-164': 0.0, '165-169': 0.0, '170-174': 0.0, '175-179': 0.0, '180-184': 0.0, '185-189': 0.0, '190-194': 0.0, '195-199': 0.0, '200-204': 0.0, '205-209': 1.0, '210-214': 0.0, '215-219': 0.0, '220-224': 0.0, '225-229': 0.0, '230-234': 0.0, '235-239': 2.0, '240-244': 0.0, '245-249': 0.0, '250-254': 0.0, '255-259': 0.0, '260-264': 0.0, 'old': 48.81, 'new': 0.0}
2026-06-04 12:56:25,914 [trainer.py] => CNN top1 curve: [85.37, 82.09, 79.08, 75.98, 73.2, 71.22, 69.4, 67.4, 65.54, 63.78, 62.16, 60.65, 59.87, 58.82, 57.83, 56.25, 55.17, 53.73, 52.63, 51.66, 50.56, 49.43, 49.03, 47.89]
2026-06-04 12:56:25,914 [trainer.py] => CNN top5 curve: [97.19, 95.22, 93.39, 90.68, 87.71, 85.4, 83.05, 81.41, 79.1, 77.2, 75.46, 73.81, 72.76, 71.09, 69.81, 68.61, 67.48, 66.04, 64.93, 63.24, 61.87, 60.91, 59.86, 58.6]
2026-06-04 12:56:25,914 [trainer.py] => Average Accuracy (CNN): 62.45
2026-06-04 12:56:25,916 [trainer.py] => All params: 172123992
2026-06-04 12:56:25,919 [trainer.py] => Trainable params: 276780
2026-06-04 12:56:25,919 [l2p.py] => Learning on 265-270
2026-06-04 13:05:24,770 [l2p.py] => Task 24, Epoch 20/20 => Loss -0.221, Train_accy 99.93, Test_accy 46.72
2026-06-04 13:06:06,241 [trainer.py] => Timing Task 24 => Train 538.85s, Epochs 20, Train 26.9427s/epoch, Inference 41.47s, Images 5387, Inference 7.6979ms/image
2026-06-04 13:06:06,241 [trainer.py] => No NME accuracy.
2026-06-04 13:06:06,241 [trainer.py] => CNN: {'total': 46.72, '00-149': 83.9, '150-154': 3.03, '155-159': 0.0, '160-164': 0.0, '165-169': 0.0, '170-174': 0.0, '175-179': 0.0, '180-184': 0.0, '185-189': 0.0, '190-194': 0.0, '195-199': 0.0, '200-204': 0.0, '205-209': 1.0, '210-214': 0.0, '215-219': 0.0, '220-224': 0.0, '225-229': 0.0, '230-234': 0.0, '235-239': 1.0, '240-244': 0.0, '245-249': 0.0, '250-254': 0.0, '255-259': 0.0, '260-264': 0.0, '265-269': 0.0, 'old': 47.61, 'new': 0.0}
2026-06-04 13:06:06,241 [trainer.py] => CNN top1 curve: [85.37, 82.09, 79.08, 75.98, 73.2, 71.22, 69.4, 67.4, 65.54, 63.78, 62.16, 60.65, 59.87, 58.82, 57.83, 56.25, 55.17, 53.73, 52.63, 51.66, 50.56, 49.43, 49.03, 47.89, 46.72]
2026-06-04 13:06:06,241 [trainer.py] => CNN top5 curve: [97.19, 95.22, 93.39, 90.68, 87.71, 85.4, 83.05, 81.41, 79.1, 77.2, 75.46, 73.81, 72.76, 71.09, 69.81, 68.61, 67.48, 66.04, 64.93, 63.24, 61.87, 60.91, 59.86, 58.6, 57.23]
2026-06-04 13:06:06,241 [trainer.py] => Average Accuracy (CNN): 61.82
2026-06-04 13:06:06,243 [trainer.py] => All params: 172123992
2026-06-04 13:06:06,244 [trainer.py] => Trainable params: 276780
2026-06-04 13:06:06,244 [l2p.py] => Learning on 270-275
2026-06-04 13:14:36,626 [l2p.py] => Task 25, Epoch 20/20 => Loss -0.212, Train_accy 99.36, Test_accy 45.67
2026-06-04 13:15:29,096 [trainer.py] => Timing Task 25 => Train 510.38s, Epochs 20, Train 25.5192s/epoch, Inference 52.47s, Images 5487, Inference 9.5623ms/image
2026-06-04 13:15:29,097 [trainer.py] => No NME accuracy.
2026-06-04 13:15:29,097 [trainer.py] => CNN: {'total': 45.67, '00-149': 83.5, '150-154': 3.03, '155-159': 0.0, '160-164': 0.0, '165-169': 0.0, '170-174': 0.0, '175-179': 0.0, '180-184': 0.0, '185-189': 0.0, '190-194': 0.0, '195-199': 0.0, '200-204': 0.0, '205-209': 1.0, '210-214': 0.0, '215-219': 0.0, '220-224': 0.0, '225-229': 1.01, '230-234': 0.0, '235-239': 1.0, '240-244': 0.0, '245-249': 0.0, '250-254': 0.0, '255-259': 0.0, '260-264': 0.0, '265-269': 0.0, '270-274': 0.0, 'old': 46.52, 'new': 0.0}
2026-06-04 13:15:29,097 [trainer.py] => CNN top1 curve: [85.37, 82.09, 79.08, 75.98, 73.2, 71.22, 69.4, 67.4, 65.54, 63.78, 62.16, 60.65, 59.87, 58.82, 57.83, 56.25, 55.17, 53.73, 52.63, 51.66, 50.56, 49.43, 49.03, 47.89, 46.72, 45.67]
2026-06-04 13:15:29,098 [trainer.py] => CNN top5 curve: [97.19, 95.22, 93.39, 90.68, 87.71, 85.4, 83.05, 81.41, 79.1, 77.2, 75.46, 73.81, 72.76, 71.09, 69.81, 68.61, 67.48, 66.04, 64.93, 63.24, 61.87, 60.91, 59.86, 58.6, 57.23, 55.95]
2026-06-04 13:15:29,098 [trainer.py] => Average Accuracy (CNN): 61.2
2026-06-04 13:15:29,101 [trainer.py] => All params: 172123992
2026-06-04 13:15:29,103 [trainer.py] => Trainable params: 276780
2026-06-04 13:15:29,103 [l2p.py] => Learning on 275-280
2026-06-04 13:27:15,713 [l2p.py] => Task 26, Epoch 20/20 => Loss -0.233, Train_accy 99.93, Test_accy 44.68
2026-06-04 13:28:14,810 [trainer.py] => Timing Task 26 => Train 706.61s, Epochs 20, Train 35.3306s/epoch, Inference 59.09s, Images 5586, Inference 10.5790ms/image
2026-06-04 13:28:14,810 [trainer.py] => No NME accuracy.
2026-06-04 13:28:14,810 [trainer.py] => CNN: {'total': 44.68, '00-149': 83.23, '150-154': 3.03, '155-159': 0.0, '160-164': 0.0, '165-169': 0.0, '170-174': 0.0, '175-179': 0.0, '180-184': 0.0, '185-189': 0.0, '190-194': 0.0, '195-199': 0.0, '200-204': 0.0, '205-209': 1.0, '210-214': 0.0, '215-219': 0.0, '220-224': 0.0, '225-229': 0.0, '230-234': 0.0, '235-239': 0.0, '240-244': 0.0, '245-249': 0.0, '250-254': 0.0, '255-259': 0.0, '260-264': 0.0, '265-269': 0.0, '270-274': 0.0, '275-279': 0.0, 'old': 45.49, 'new': 0.0}
2026-06-04 13:28:14,810 [trainer.py] => CNN top1 curve: [85.37, 82.09, 79.08, 75.98, 73.2, 71.22, 69.4, 67.4, 65.54, 63.78, 62.16, 60.65, 59.87, 58.82, 57.83, 56.25, 55.17, 53.73, 52.63, 51.66, 50.56, 49.43, 49.03, 47.89, 46.72, 45.67, 44.68]
2026-06-04 13:28:14,810 [trainer.py] => CNN top5 curve: [97.19, 95.22, 93.39, 90.68, 87.71, 85.4, 83.05, 81.41, 79.1, 77.2, 75.46, 73.81, 72.76, 71.09, 69.81, 68.61, 67.48, 66.04, 64.93, 63.24, 61.87, 60.91, 59.86, 58.6, 57.23, 55.95, 55.01]
2026-06-04 13:28:14,811 [trainer.py] => Average Accuracy (CNN): 60.59
2026-06-04 13:28:14,812 [trainer.py] => All params: 172123992
2026-06-04 13:28:14,813 [trainer.py] => Trainable params: 276780
2026-06-04 13:28:14,813 [l2p.py] => Learning on 280-285
2026-06-04 13:40:10,554 [l2p.py] => Task 27, Epoch 20/20 => Loss -0.227, Train_accy 99.78, Test_accy 44.11
2026-06-04 13:41:12,196 [trainer.py] => Timing Task 27 => Train 715.74s, Epochs 20, Train 35.7871s/epoch, Inference 61.64s, Images 5686, Inference 10.8405ms/image
2026-06-04 13:41:12,196 [trainer.py] => No NME accuracy.
2026-06-04 13:41:12,196 [trainer.py] => CNN: {'total': 44.11, '00-149': 83.67, '150-154': 3.03, '155-159': 0.0, '160-164': 0.0, '165-169': 0.0, '170-174': 0.0, '175-179': 0.0, '180-184': 0.0, '185-189': 0.0, '190-194': 0.0, '195-199': 0.0, '200-204': 0.0, '205-209': 0.0, '210-214': 0.0, '215-219': 0.0, '220-224': 0.0, '225-229': 0.0, '230-234': 0.0, '235-239': 0.0, '240-244': 0.0, '245-249': 0.0, '250-254': 0.0, '255-259': 0.0, '260-264': 0.0, '265-269': 0.0, '270-274': 0.0, '275-279': 0.0, '280-284': 0.0, 'old': 44.9, 'new': 0.0}
2026-06-04 13:41:12,197 [trainer.py] => CNN top1 curve: [85.37, 82.09, 79.08, 75.98, 73.2, 71.22, 69.4, 67.4, 65.54, 63.78, 62.16, 60.65, 59.87, 58.82, 57.83, 56.25, 55.17, 53.73, 52.63, 51.66, 50.56, 49.43, 49.03, 47.89, 46.72, 45.67, 44.68, 44.11]
2026-06-04 13:41:12,197 [trainer.py] => CNN top5 curve: [97.19, 95.22, 93.39, 90.68, 87.71, 85.4, 83.05, 81.41, 79.1, 77.2, 75.46, 73.81, 72.76, 71.09, 69.81, 68.61, 67.48, 66.04, 64.93, 63.24, 61.87, 60.91, 59.86, 58.6, 57.23, 55.95, 55.01, 54.38]
2026-06-04 13:41:12,197 [trainer.py] => Average Accuracy (CNN): 60.0
2026-06-04 13:41:12,199 [trainer.py] => All params: 172123992
2026-06-04 13:41:12,202 [trainer.py] => Trainable params: 276780
2026-06-04 13:41:12,202 [l2p.py] => Learning on 285-290
2026-06-04 13:53:38,268 [l2p.py] => Task 28, Epoch 20/20 => Loss -0.220, Train_accy 99.40, Test_accy 43.36
2026-06-04 13:54:37,548 [trainer.py] => Timing Task 28 => Train 746.07s, Epochs 20, Train 37.3034s/epoch, Inference 59.28s, Images 5786, Inference 10.2452ms/image
2026-06-04 13:54:37,548 [trainer.py] => No NME accuracy.
2026-06-04 13:54:37,548 [trainer.py] => CNN: {'total': 43.36, '00-149': 83.67, '150-154': 3.03, '155-159': 0.0, '160-164': 0.0, '165-169': 0.0, '170-174': 0.0, '175-179': 0.0, '180-184': 0.0, '185-189': 0.0, '190-194': 0.0, '195-199': 0.0, '200-204': 0.0, '205-209': 0.0, '210-214': 0.0, '215-219': 0.0, '220-224': 0.0, '225-229': 1.01, '230-234': 0.0, '235-239': 0.0, '240-244': 0.0, '245-249': 0.0, '250-254': 0.0, '255-259': 0.0, '260-264': 0.0, '265-269': 0.0, '270-274': 0.0, '275-279': 0.0, '280-284': 0.0, '285-289': 0.0, 'old': 44.13, 'new': 0.0}
2026-06-04 13:54:37,549 [trainer.py] => CNN top1 curve: [85.37, 82.09, 79.08, 75.98, 73.2, 71.22, 69.4, 67.4, 65.54, 63.78, 62.16, 60.65, 59.87, 58.82, 57.83, 56.25, 55.17, 53.73, 52.63, 51.66, 50.56, 49.43, 49.03, 47.89, 46.72, 45.67, 44.68, 44.11, 43.36]
2026-06-04 13:54:37,549 [trainer.py] => CNN top5 curve: [97.19, 95.22, 93.39, 90.68, 87.71, 85.4, 83.05, 81.41, 79.1, 77.2, 75.46, 73.81, 72.76, 71.09, 69.81, 68.61, 67.48, 66.04, 64.93, 63.24, 61.87, 60.91, 59.86, 58.6, 57.23, 55.95, 55.01, 54.38, 53.63]
2026-06-04 13:54:37,549 [trainer.py] => Average Accuracy (CNN): 59.42
2026-06-04 13:54:37,550 [trainer.py] => All params: 172123992
2026-06-04 13:54:37,551 [trainer.py] => Trainable params: 276780
2026-06-04 13:54:37,551 [l2p.py] => Learning on 290-295
2026-06-04 14:06:02,397 [l2p.py] => Task 29, Epoch 20/20 => Loss -0.222, Train_accy 99.34, Test_accy 42.69
2026-06-04 14:07:02,980 [trainer.py] => Timing Task 29 => Train 684.85s, Epochs 20, Train 34.2424s/epoch, Inference 60.58s, Images 5886, Inference 10.2924ms/image
2026-06-04 14:07:02,981 [trainer.py] => No NME accuracy.
2026-06-04 14:07:02,981 [trainer.py] => CNN: {'total': 42.69, '00-149': 83.8, '150-154': 3.03, '155-159': 0.0, '160-164': 0.0, '165-169': 0.0, '170-174': 0.0, '175-179': 0.0, '180-184': 0.0, '185-189': 0.0, '190-194': 0.0, '195-199': 0.0, '200-204': 0.0, '205-209': 0.0, '210-214': 0.0, '215-219': 0.0, '220-224': 0.0, '225-229': 1.01, '230-234': 0.0, '235-239': 0.0, '240-244': 0.0, '245-249': 0.0, '250-254': 0.0, '255-259': 0.0, '260-264': 0.0, '265-269': 0.0, '270-274': 0.0, '275-279': 0.0, '280-284': 0.0, '285-289': 0.0, '290-294': 0.0, 'old': 43.43, 'new': 0.0}
2026-06-04 14:07:02,981 [trainer.py] => CNN top1 curve: [85.37, 82.09, 79.08, 75.98, 73.2, 71.22, 69.4, 67.4, 65.54, 63.78, 62.16, 60.65, 59.87, 58.82, 57.83, 56.25, 55.17, 53.73, 52.63, 51.66, 50.56, 49.43, 49.03, 47.89, 46.72, 45.67, 44.68, 44.11, 43.36, 42.69]
2026-06-04 14:07:02,981 [trainer.py] => CNN top5 curve: [97.19, 95.22, 93.39, 90.68, 87.71, 85.4, 83.05, 81.41, 79.1, 77.2, 75.46, 73.81, 72.76, 71.09, 69.81, 68.61, 67.48, 66.04, 64.93, 63.24, 61.87, 60.91, 59.86, 58.6, 57.23, 55.95, 55.01, 54.38, 53.63, 53.06]
2026-06-04 14:07:02,981 [trainer.py] => Average Accuracy (CNN): 58.87
2026-06-04 14:07:02,984 [trainer.py] => All params: 172123992
2026-06-04 14:07:02,986 [trainer.py] => Trainable params: 276780
2026-06-04 14:07:02,986 [l2p.py] => Learning on 295-300
2026-06-04 14:19:39,630 [l2p.py] => Task 30, Epoch 20/20 => Loss -0.223, Train_accy 99.43, Test_accy 42.17
2026-06-04 14:20:41,222 [trainer.py] => Timing Task 30 => Train 756.65s, Epochs 20, Train 37.8323s/epoch, Inference 61.59s, Images 5985, Inference 10.2908ms/image
2026-06-04 14:20:41,222 [trainer.py] => No NME accuracy.
2026-06-04 14:20:41,222 [trainer.py] => CNN: {'total': 42.17, '00-149': 84.1, '150-154': 4.04, '155-159': 0.0, '160-164': 0.0, '165-169': 0.0, '170-174': 0.0, '175-179': 0.0, '180-184': 0.0, '185-189': 0.0, '190-194': 0.0, '195-199': 0.0, '200-204': 0.0, '205-209': 1.0, '210-214': 0.0, '215-219': 0.0, '220-224': 0.0, '225-229': 1.01, '230-234': 0.0, '235-239': 0.0, '240-244': 0.0, '245-249': 0.0, '250-254': 0.0, '255-259': 0.0, '260-264': 0.0, '265-269': 0.0, '270-274': 0.0, '275-279': 0.0, '280-284': 0.0, '285-289': 0.0, '290-294': 0.0, '295-299': 0.0, 'old': 42.88, 'new': 0.0}
2026-06-04 14:20:41,223 [trainer.py] => CNN top1 curve: [85.37, 82.09, 79.08, 75.98, 73.2, 71.22, 69.4, 67.4, 65.54, 63.78, 62.16, 60.65, 59.87, 58.82, 57.83, 56.25, 55.17, 53.73, 52.63, 51.66, 50.56, 49.43, 49.03, 47.89, 46.72, 45.67, 44.68, 44.11, 43.36, 42.69, 42.17]
2026-06-04 14:20:41,223 [trainer.py] => CNN top5 curve: [97.19, 95.22, 93.39, 90.68, 87.71, 85.4, 83.05, 81.41, 79.1, 77.2, 75.46, 73.81, 72.76, 71.09, 69.81, 68.61, 67.48, 66.04, 64.93, 63.24, 61.87, 60.91, 59.86, 58.6, 57.23, 55.95, 55.01, 54.38, 53.63, 53.06, 52.36]
2026-06-04 14:20:41,223 [trainer.py] => Average Accuracy (CNN): 58.33
