2026-05-17 04:15:49,414 [trainer.py] => config: ./configs/l2p/l2p_vtab_B0_Inc10.json
2026-05-17 04:15:49,415 [trainer.py] => prefix:  
2026-05-17 04:15:49,415 [trainer.py] => dataset: vtab
2026-05-17 04:15:49,415 [trainer.py] => memory_size: 0
2026-05-17 04:15:49,415 [trainer.py] => memory_per_class: 0
2026-05-17 04:15:49,415 [trainer.py] => fixed_memory: False
2026-05-17 04:15:49,415 [trainer.py] => shuffle: True
2026-05-17 04:15:49,416 [trainer.py] => init_cls: 10
2026-05-17 04:15:49,416 [trainer.py] => increment: 10
2026-05-17 04:15:49,416 [trainer.py] => model_name: l2p
2026-05-17 04:15:49,416 [trainer.py] => backbone_type: vit_base_patch16_224_in21k_l2p
2026-05-17 04:15:49,416 [trainer.py] => get_original_backbone: True
2026-05-17 04:15:49,416 [trainer.py] => device: [device(type='cuda', index=2)]
2026-05-17 04:15:49,416 [trainer.py] => seed: 1993
2026-05-17 04:15:49,417 [trainer.py] => tuned_epoch: 20
2026-05-17 04:15:49,417 [trainer.py] => init_lr: 0.001875
2026-05-17 04:15:49,417 [trainer.py] => batch_size: 48
2026-05-17 04:15:49,417 [trainer.py] => weight_decay: 0
2026-05-17 04:15:49,417 [trainer.py] => min_lr: 1e-05
2026-05-17 04:15:49,417 [trainer.py] => optimizer: adam
2026-05-17 04:15:49,417 [trainer.py] => scheduler: constant
2026-05-17 04:15:49,417 [trainer.py] => reinit_optimizer: True
2026-05-17 04:15:49,418 [trainer.py] => global_pool: token
2026-05-17 04:15:49,418 [trainer.py] => head_type: prompt
2026-05-17 04:15:49,418 [trainer.py] => freeze: ['blocks', 'patch_embed', 'cls_token', 'norm', 'pos_embed']
2026-05-17 04:15:49,418 [trainer.py] => pretrained: True
2026-05-17 04:15:49,418 [trainer.py] => drop: 0.0
2026-05-17 04:15:49,418 [trainer.py] => drop_path: 0.0
2026-05-17 04:15:49,418 [trainer.py] => prompt_pool: True
2026-05-17 04:15:49,418 [trainer.py] => size: 10
2026-05-17 04:15:49,418 [trainer.py] => length: 5
2026-05-17 04:15:49,419 [trainer.py] => top_k: 5
2026-05-17 04:15:49,419 [trainer.py] => initializer: uniform
2026-05-17 04:15:49,419 [trainer.py] => prompt_key: True
2026-05-17 04:15:49,419 [trainer.py] => prompt_key_init: uniform
2026-05-17 04:15:49,419 [trainer.py] => use_prompt_mask: False
2026-05-17 04:15:49,419 [trainer.py] => shared_prompt_pool: False
2026-05-17 04:15:49,419 [trainer.py] => shared_prompt_key: False
2026-05-17 04:15:49,419 [trainer.py] => batchwise_prompt: True
2026-05-17 04:15:49,420 [trainer.py] => embedding_key: cls
2026-05-17 04:15:49,420 [trainer.py] => predefined_key: 
2026-05-17 04:15:49,420 [trainer.py] => pull_constraint: True
2026-05-17 04:15:49,420 [trainer.py] => pull_constraint_coeff: 0.1
2026-05-17 04:15:49,420 [trainer.py] => nb_classes: 50
2026-05-17 04:15:49,420 [trainer.py] => nb_tasks: 5
2026-05-17 04:15:49,690 [data_manager.py] => [43, 41, 23, 14, 13, 40, 42, 22, 16, 45, 17, 10, 27, 46, 35, 8, 2, 34, 1, 37, 21, 0, 18, 36, 38, 24, 12, 6, 15, 20, 25, 48, 30, 19, 44, 26, 7, 28, 11, 5, 32, 4, 9, 47, 39, 31, 3, 29, 49, 33]
2026-05-17 04:15:53,636 [vit_l2p.py] => Resized position embedding: torch.Size([1, 197, 768]) to torch.Size([1, 222, 768])
2026-05-17 04:15:53,636 [vit_l2p.py] => Position embedding grid-size from [14, 14] to (14, 14)
2026-05-17 04:15:59,871 [l2p.py] => 85,902,386 model total parameters.
2026-05-17 04:15:59,871 [l2p.py] => 84,530 model training parameters.
2026-05-17 04:15:59,871 [l2p.py] => prompt.prompt: 38400
2026-05-17 04:15:59,871 [l2p.py] => prompt.prompt_key: 7680
2026-05-17 04:15:59,872 [l2p.py] => head.weight: 38400
2026-05-17 04:15:59,872 [l2p.py] => head.bias: 50
2026-05-17 04:15:59,873 [trainer.py] => All params: 171739492
2026-05-17 04:15:59,873 [trainer.py] => Trainable params: 84530
2026-05-17 04:15:59,873 [l2p.py] => Learning on 0-10
2026-05-17 04:18:44,263 [l2p.py] => Task 0, Epoch 20/20 => Loss 0.028, Train_accy 96.89, Test_accy 97.94
2026-05-17 04:18:59,563 [trainer.py] => No NME accuracy.
2026-05-17 04:18:59,593 [trainer.py] => CNN: {'total': 97.94, '00-09': 97.94, 'old': 0, 'new': 97.94}
2026-05-17 04:18:59,594 [trainer.py] => CNN top1 curve: [97.94]
2026-05-17 04:18:59,594 [trainer.py] => CNN top5 curve: [99.76]
2026-05-17 04:18:59,595 [trainer.py] => Average Accuracy (CNN): 97.94
2026-05-17 04:18:59,598 [trainer.py] => All params: 171739492
2026-05-17 04:18:59,600 [trainer.py] => Trainable params: 84530
2026-05-17 04:18:59,600 [l2p.py] => Learning on 10-20
2026-05-17 04:26:26,710 [l2p.py] => Task 1, Epoch 20/20 => Loss 0.011, Train_accy 96.86, Test_accy 95.93
2026-05-17 04:27:05,703 [trainer.py] => No NME accuracy.
2026-05-17 04:27:05,723 [trainer.py] => CNN: {'total': 95.93, '00-09': 95.04, '10-19': 96.29, 'old': 95.04, 'new': 96.29}
2026-05-17 04:27:05,724 [trainer.py] => CNN top1 curve: [97.94, 95.93]
2026-05-17 04:27:05,724 [trainer.py] => CNN top5 curve: [99.76, 99.58]
2026-05-17 04:27:05,724 [trainer.py] => Average Accuracy (CNN): 96.94
2026-05-17 04:27:05,728 [trainer.py] => All params: 171739492
2026-05-17 04:27:05,731 [trainer.py] => Trainable params: 84530
2026-05-17 04:27:05,732 [l2p.py] => Learning on 20-30
2026-05-17 04:35:21,537 [l2p.py] => Task 2, Epoch 20/20 => Loss -0.079, Train_accy 97.53, Test_accy 80.47
2026-05-17 04:36:38,345 [trainer.py] => No NME accuracy.
2026-05-17 04:36:38,371 [trainer.py] => CNN: {'total': 80.47, '00-09': 71.07, '10-19': 74.96, '20-29': 92.04, 'old': 73.83, 'new': 92.04}
2026-05-17 04:36:38,372 [trainer.py] => CNN top1 curve: [97.94, 95.93, 80.47]
2026-05-17 04:36:38,372 [trainer.py] => CNN top5 curve: [99.76, 99.58, 98.26]
2026-05-17 04:36:38,372 [trainer.py] => Average Accuracy (CNN): 91.45
2026-05-17 04:36:38,374 [trainer.py] => All params: 171739492
2026-05-17 04:36:38,375 [trainer.py] => Trainable params: 84530
2026-05-17 04:36:38,375 [l2p.py] => Learning on 30-40
2026-05-17 04:46:12,175 [l2p.py] => Task 3, Epoch 20/20 => Loss -0.142, Train_accy 99.34, Test_accy 69.88
2026-05-17 04:47:51,931 [trainer.py] => No NME accuracy.
2026-05-17 04:47:51,953 [trainer.py] => CNN: {'total': 69.88, '00-09': 70.1, '10-19': 61.85, '20-29': 74.34, '30-39': 76.88, 'old': 67.92, 'new': 76.88}
2026-05-17 04:47:51,953 [trainer.py] => CNN top1 curve: [97.94, 95.93, 80.47, 69.88]
2026-05-17 04:47:51,953 [trainer.py] => CNN top5 curve: [99.76, 99.58, 98.26, 96.07]
2026-05-17 04:47:51,953 [trainer.py] => Average Accuracy (CNN): 86.06
2026-05-17 04:47:51,955 [trainer.py] => All params: 171739492
2026-05-17 04:47:51,957 [trainer.py] => Trainable params: 84530
2026-05-17 04:47:51,957 [l2p.py] => Learning on 40-50
2026-05-17 05:03:17,092 [l2p.py] => Task 4, Epoch 20/20 => Loss -0.125, Train_accy 95.66, Test_accy 64.29
2026-05-17 05:05:42,270 [trainer.py] => No NME accuracy.
2026-05-17 05:05:42,291 [trainer.py] => CNN: {'total': 64.29, '00-09': 65.01, '10-19': 37.61, '20-29': 55.42, '30-39': 65.52, '40-49': 87.23, 'old': 52.72, 'new': 87.23}
2026-05-17 05:05:42,292 [trainer.py] => CNN top1 curve: [97.94, 95.93, 80.47, 69.88, 64.29]
2026-05-17 05:05:42,292 [trainer.py] => CNN top5 curve: [99.76, 99.58, 98.26, 96.07, 92.31]
2026-05-17 05:05:42,292 [trainer.py] => Average Accuracy (CNN): 81.7
