2026-05-16 23:16:35,297 [trainer.py] => config: ./configs/l2p/l2p_vtab_B0_Inc5.json
2026-05-16 23:16:35,302 [trainer.py] => prefix:  
2026-05-16 23:16:35,302 [trainer.py] => dataset: vtab
2026-05-16 23:16:35,302 [trainer.py] => memory_size: 0
2026-05-16 23:16:35,302 [trainer.py] => memory_per_class: 0
2026-05-16 23:16:35,302 [trainer.py] => fixed_memory: False
2026-05-16 23:16:35,302 [trainer.py] => shuffle: True
2026-05-16 23:16:35,302 [trainer.py] => init_cls: 5
2026-05-16 23:16:35,302 [trainer.py] => increment: 5
2026-05-16 23:16:35,302 [trainer.py] => model_name: l2p
2026-05-16 23:16:35,302 [trainer.py] => backbone_type: vit_base_patch16_224_in21k_l2p
2026-05-16 23:16:35,302 [trainer.py] => get_original_backbone: True
2026-05-16 23:16:35,302 [trainer.py] => device: [device(type='cuda', index=2)]
2026-05-16 23:16:35,303 [trainer.py] => seed: 42
2026-05-16 23:16:35,303 [trainer.py] => tuned_epoch: 20
2026-05-16 23:16:35,303 [trainer.py] => init_lr: 0.001875
2026-05-16 23:16:35,303 [trainer.py] => batch_size: 48
2026-05-16 23:16:35,303 [trainer.py] => weight_decay: 0
2026-05-16 23:16:35,303 [trainer.py] => min_lr: 1e-05
2026-05-16 23:16:35,303 [trainer.py] => optimizer: adam
2026-05-16 23:16:35,303 [trainer.py] => scheduler: constant
2026-05-16 23:16:35,303 [trainer.py] => reinit_optimizer: True
2026-05-16 23:16:35,303 [trainer.py] => global_pool: token
2026-05-16 23:16:35,303 [trainer.py] => head_type: prompt
2026-05-16 23:16:35,303 [trainer.py] => freeze: ['blocks', 'patch_embed', 'cls_token', 'norm', 'pos_embed']
2026-05-16 23:16:35,303 [trainer.py] => pretrained: True
2026-05-16 23:16:35,303 [trainer.py] => drop: 0.0
2026-05-16 23:16:35,303 [trainer.py] => drop_path: 0.0
2026-05-16 23:16:35,303 [trainer.py] => prompt_pool: True
2026-05-16 23:16:35,304 [trainer.py] => size: 10
2026-05-16 23:16:35,304 [trainer.py] => length: 5
2026-05-16 23:16:35,304 [trainer.py] => top_k: 5
2026-05-16 23:16:35,304 [trainer.py] => initializer: uniform
2026-05-16 23:16:35,304 [trainer.py] => prompt_key: True
2026-05-16 23:16:35,304 [trainer.py] => prompt_key_init: uniform
2026-05-16 23:16:35,304 [trainer.py] => use_prompt_mask: False
2026-05-16 23:16:35,304 [trainer.py] => shared_prompt_pool: False
2026-05-16 23:16:35,304 [trainer.py] => shared_prompt_key: False
2026-05-16 23:16:35,304 [trainer.py] => batchwise_prompt: True
2026-05-16 23:16:35,304 [trainer.py] => embedding_key: cls
2026-05-16 23:16:35,304 [trainer.py] => predefined_key: 
2026-05-16 23:16:35,304 [trainer.py] => pull_constraint: True
2026-05-16 23:16:35,304 [trainer.py] => pull_constraint_coeff: 0.1
2026-05-16 23:16:35,764 [data_manager.py] => [13, 39, 30, 45, 17, 48, 26, 25, 32, 19, 12, 4, 37, 8, 3, 6, 41, 46, 47, 15, 9, 16, 24, 34, 31, 0, 44, 27, 33, 5, 29, 11, 36, 1, 21, 2, 43, 35, 23, 40, 10, 22, 18, 49, 20, 7, 42, 14, 28, 38]
2026-05-16 23:17:00,063 [vit_l2p.py] => Resized position embedding: torch.Size([1, 197, 768]) to torch.Size([1, 222, 768])
2026-05-16 23:17:00,070 [vit_l2p.py] => Position embedding grid-size from [14, 14] to (14, 14)
2026-05-16 23:17:05,835 [l2p.py] => 85,902,386 model total parameters.
2026-05-16 23:17:05,836 [l2p.py] => 84,530 model training parameters.
2026-05-16 23:17:05,836 [l2p.py] => prompt.prompt: 38400
2026-05-16 23:17:05,836 [l2p.py] => prompt.prompt_key: 7680
2026-05-16 23:17:05,836 [l2p.py] => head.weight: 38400
2026-05-16 23:17:05,836 [l2p.py] => head.bias: 50
2026-05-16 23:17:05,837 [trainer.py] => All params: 171739492
2026-05-16 23:17:05,838 [trainer.py] => Trainable params: 84530
2026-05-16 23:17:05,838 [l2p.py] => Learning on 0-5
2026-05-16 23:21:37,373 [l2p.py] => Task 0, Epoch 20/20 => Loss 0.010, Train_accy 96.96, Test_accy 98.15
2026-05-16 23:22:01,553 [trainer.py] => No NME accuracy.
2026-05-16 23:22:01,598 [trainer.py] => CNN: {'total': 98.15, '00-04': 98.15, 'old': 0, 'new': 98.15}
2026-05-16 23:22:01,599 [trainer.py] => CNN top1 curve: [98.15]
2026-05-16 23:22:01,599 [trainer.py] => CNN top5 curve: [100.0]
2026-05-16 23:22:01,599 [trainer.py] => Average Accuracy (CNN): 98.15
2026-05-16 23:22:01,603 [trainer.py] => All params: 171739492
2026-05-16 23:22:01,606 [trainer.py] => Trainable params: 84530
2026-05-16 23:22:01,606 [l2p.py] => Learning on 5-10
2026-05-16 23:26:51,194 [l2p.py] => Task 1, Epoch 20/20 => Loss -0.051, Train_accy 98.10, Test_accy 91.84
2026-05-16 23:27:33,625 [trainer.py] => No NME accuracy.
2026-05-16 23:27:33,655 [trainer.py] => CNN: {'total': 91.84, '00-04': 88.5, '05-09': 96.81, 'old': 88.5, 'new': 96.81}
2026-05-16 23:27:33,655 [trainer.py] => CNN top1 curve: [98.15, 91.84]
2026-05-16 23:27:33,656 [trainer.py] => CNN top5 curve: [100.0, 99.42]
2026-05-16 23:27:33,656 [trainer.py] => Average Accuracy (CNN): 95.0
2026-05-16 23:27:33,659 [trainer.py] => All params: 171739492
2026-05-16 23:27:33,661 [trainer.py] => Trainable params: 84530
2026-05-16 23:27:33,661 [l2p.py] => Learning on 10-15
2026-05-16 23:33:33,898 [l2p.py] => Task 2, Epoch 20/20 => Loss -0.088, Train_accy 99.52, Test_accy 84.08
2026-05-16 23:34:31,621 [trainer.py] => No NME accuracy.
2026-05-16 23:34:31,639 [trainer.py] => CNN: {'total': 84.08, '00-04': 82.72, '05-09': 78.52, '10-14': 91.35, 'old': 81.03, 'new': 91.35}
2026-05-16 23:34:31,639 [trainer.py] => CNN top1 curve: [98.15, 91.84, 84.08]
2026-05-16 23:34:31,640 [trainer.py] => CNN top5 curve: [100.0, 99.42, 97.5]
2026-05-16 23:34:31,640 [trainer.py] => Average Accuracy (CNN): 91.36
2026-05-16 23:34:31,641 [trainer.py] => All params: 171739492
2026-05-16 23:34:31,642 [trainer.py] => Trainable params: 84530
2026-05-16 23:34:31,642 [l2p.py] => Learning on 15-20
2026-05-16 23:39:37,940 [l2p.py] => Task 3, Epoch 20/20 => Loss -0.071, Train_accy 100.00, Test_accy 81.21
2026-05-16 23:40:42,097 [trainer.py] => No NME accuracy.
2026-05-16 23:40:42,118 [trainer.py] => CNN: {'total': 81.21, '00-04': 75.37, '05-09': 78.74, '10-14': 87.45, '15-19': 93.35, 'old': 79.9, 'new': 93.35}
2026-05-16 23:40:42,118 [trainer.py] => CNN top1 curve: [98.15, 91.84, 84.08, 81.21]
2026-05-16 23:40:42,118 [trainer.py] => CNN top5 curve: [100.0, 99.42, 97.5, 96.82]
2026-05-16 23:40:42,119 [trainer.py] => Average Accuracy (CNN): 88.82
2026-05-16 23:40:42,123 [trainer.py] => All params: 171739492
2026-05-16 23:40:42,126 [trainer.py] => Trainable params: 84530
2026-05-16 23:40:42,126 [l2p.py] => Learning on 20-25
2026-05-16 23:49:21,184 [l2p.py] => Task 4, Epoch 20/20 => Loss -0.162, Train_accy 100.00, Test_accy 62.04
2026-05-16 23:50:46,713 [trainer.py] => No NME accuracy.
2026-05-16 23:50:46,749 [trainer.py] => CNN: {'total': 62.04, '00-04': 20.7, '05-09': 56.83, '10-14': 67.51, '15-19': 90.75, '20-24': 96.5, 'old': 49.27, 'new': 96.5}
2026-05-16 23:50:46,749 [trainer.py] => CNN top1 curve: [98.15, 91.84, 84.08, 81.21, 62.04]
2026-05-16 23:50:46,749 [trainer.py] => CNN top5 curve: [100.0, 99.42, 97.5, 96.82, 91.88]
2026-05-16 23:50:46,750 [trainer.py] => Average Accuracy (CNN): 83.46
2026-05-16 23:50:46,754 [trainer.py] => All params: 171739492
2026-05-16 23:50:46,758 [trainer.py] => Trainable params: 84530
2026-05-16 23:50:46,758 [l2p.py] => Learning on 25-30
2026-05-16 23:59:24,822 [l2p.py] => Task 5, Epoch 20/20 => Loss -0.122, Train_accy 98.36, Test_accy 54.20
2026-05-17 00:01:07,915 [trainer.py] => No NME accuracy.
2026-05-17 00:01:07,948 [trainer.py] => CNN: {'total': 54.2, '00-04': 13.43, '05-09': 31.17, '10-14': 57.81, '15-19': 90.46, '20-24': 96.66, '25-29': 58.96, 'old': 53.37, 'new': 58.96}
2026-05-17 00:01:07,949 [trainer.py] => CNN top1 curve: [98.15, 91.84, 84.08, 81.21, 62.04, 54.2]
2026-05-17 00:01:07,949 [trainer.py] => CNN top5 curve: [100.0, 99.42, 97.5, 96.82, 91.88, 87.72]
2026-05-17 00:01:07,949 [trainer.py] => Average Accuracy (CNN): 78.59
2026-05-17 00:01:07,953 [trainer.py] => All params: 171739492
2026-05-17 00:01:07,956 [trainer.py] => Trainable params: 84530
2026-05-17 00:01:07,956 [l2p.py] => Learning on 30-35
2026-05-17 00:10:51,152 [l2p.py] => Task 6, Epoch 20/20 => Loss -0.140, Train_accy 98.37, Test_accy 55.03
2026-05-17 00:12:31,488 [trainer.py] => No NME accuracy.
2026-05-17 00:12:31,538 [trainer.py] => CNN: {'total': 55.03, '00-04': 18.4, '05-09': 39.87, '10-14': 68.67, '15-19': 89.02, '20-24': 96.96, '25-29': 63.82, '30-34': 26.42, 'old': 59.26, 'new': 26.42}
2026-05-17 00:12:31,538 [trainer.py] => CNN top1 curve: [98.15, 91.84, 84.08, 81.21, 62.04, 54.2, 55.03]
2026-05-17 00:12:31,538 [trainer.py] => CNN top5 curve: [100.0, 99.42, 97.5, 96.82, 91.88, 87.72, 92.19]
2026-05-17 00:12:31,538 [trainer.py] => Average Accuracy (CNN): 75.22
2026-05-17 00:12:31,540 [trainer.py] => All params: 171739492
2026-05-17 00:12:31,541 [trainer.py] => Trainable params: 84530
2026-05-17 00:12:31,541 [l2p.py] => Learning on 35-40
2026-05-17 00:22:08,924 [l2p.py] => Task 7, Epoch 20/20 => Loss -0.204, Train_accy 99.21, Test_accy 50.29
2026-05-17 00:23:42,153 [trainer.py] => No NME accuracy.
2026-05-17 00:23:42,188 [trainer.py] => CNN: {'total': 50.29, '00-04': 14.61, '05-09': 28.63, '10-14': 56.54, '15-19': 87.28, '20-24': 94.22, '25-29': 54.33, '30-34': 18.6, '35-39': 66.89, 'old': 48.07, 'new': 66.89}
2026-05-17 00:23:42,188 [trainer.py] => CNN top1 curve: [98.15, 91.84, 84.08, 81.21, 62.04, 54.2, 55.03, 50.29]
2026-05-17 00:23:42,188 [trainer.py] => CNN top5 curve: [100.0, 99.42, 97.5, 96.82, 91.88, 87.72, 92.19, 86.86]
2026-05-17 00:23:42,189 [trainer.py] => Average Accuracy (CNN): 72.1
2026-05-17 00:23:42,190 [trainer.py] => All params: 171739492
2026-05-17 00:23:42,191 [trainer.py] => Trainable params: 84530
2026-05-17 00:23:42,191 [l2p.py] => Learning on 40-45
2026-05-17 00:31:54,590 [l2p.py] => Task 8, Epoch 20/20 => Loss -0.134, Train_accy 100.00, Test_accy 47.52
2026-05-17 00:33:47,851 [trainer.py] => No NME accuracy.
2026-05-17 00:33:47,931 [trainer.py] => CNN: {'total': 47.52, '00-04': 12.54, '05-09': 28.08, '10-14': 50.53, '15-19': 87.28, '20-24': 93.77, '25-29': 52.55, '30-34': 18.96, '35-39': 60.96, '40-44': 35.15, 'old': 48.14, 'new': 35.15}
2026-05-17 00:33:47,931 [trainer.py] => CNN top1 curve: [98.15, 91.84, 84.08, 81.21, 62.04, 54.2, 55.03, 50.29, 47.52]
2026-05-17 00:33:47,932 [trainer.py] => CNN top5 curve: [100.0, 99.42, 97.5, 96.82, 91.88, 87.72, 92.19, 86.86, 84.81]
2026-05-17 00:33:47,932 [trainer.py] => Average Accuracy (CNN): 69.37
2026-05-17 00:33:47,936 [trainer.py] => All params: 171739492
2026-05-17 00:33:47,939 [trainer.py] => Trainable params: 84530
2026-05-17 00:33:47,939 [l2p.py] => Learning on 45-50
2026-05-17 00:45:01,383 [l2p.py] => Task 9, Epoch 20/20 => Loss -0.205, Train_accy 100.00, Test_accy 45.89
2026-05-17 00:47:22,498 [trainer.py] => No NME accuracy.
2026-05-17 00:47:22,557 [trainer.py] => CNN: {'total': 45.89, '00-04': 11.35, '05-09': 26.43, '10-14': 48.42, '15-19': 87.86, '20-24': 90.96, '25-29': 43.65, '30-34': 17.65, '35-39': 52.05, '40-44': 33.79, '45-49': 61.36, 'old': 44.25, 'new': 61.36}
2026-05-17 00:47:22,557 [trainer.py] => CNN top1 curve: [98.15, 91.84, 84.08, 81.21, 62.04, 54.2, 55.03, 50.29, 47.52, 45.89]
2026-05-17 00:47:22,557 [trainer.py] => CNN top5 curve: [100.0, 99.42, 97.5, 96.82, 91.88, 87.72, 92.19, 86.86, 84.81, 84.0]
2026-05-17 00:47:22,557 [trainer.py] => Average Accuracy (CNN): 67.02
