2026-05-17 02:01:12,360 [trainer.py] => config: ./configs/l2p/l2p_vtab_B0_Inc5.json
2026-05-17 02:01:12,360 [trainer.py] => prefix:  
2026-05-17 02:01:12,360 [trainer.py] => dataset: vtab
2026-05-17 02:01:12,360 [trainer.py] => memory_size: 0
2026-05-17 02:01:12,361 [trainer.py] => memory_per_class: 0
2026-05-17 02:01:12,361 [trainer.py] => fixed_memory: False
2026-05-17 02:01:12,361 [trainer.py] => shuffle: True
2026-05-17 02:01:12,361 [trainer.py] => init_cls: 5
2026-05-17 02:01:12,361 [trainer.py] => increment: 5
2026-05-17 02:01:12,361 [trainer.py] => model_name: l2p
2026-05-17 02:01:12,362 [trainer.py] => backbone_type: vit_base_patch16_224_in21k_l2p
2026-05-17 02:01:12,362 [trainer.py] => get_original_backbone: True
2026-05-17 02:01:12,362 [trainer.py] => device: [device(type='cuda', index=2)]
2026-05-17 02:01:12,362 [trainer.py] => seed: 1994
2026-05-17 02:01:12,362 [trainer.py] => tuned_epoch: 20
2026-05-17 02:01:12,363 [trainer.py] => init_lr: 0.001875
2026-05-17 02:01:12,363 [trainer.py] => batch_size: 48
2026-05-17 02:01:12,363 [trainer.py] => weight_decay: 0
2026-05-17 02:01:12,363 [trainer.py] => min_lr: 1e-05
2026-05-17 02:01:12,363 [trainer.py] => optimizer: adam
2026-05-17 02:01:12,363 [trainer.py] => scheduler: constant
2026-05-17 02:01:12,364 [trainer.py] => reinit_optimizer: True
2026-05-17 02:01:12,364 [trainer.py] => global_pool: token
2026-05-17 02:01:12,364 [trainer.py] => head_type: prompt
2026-05-17 02:01:12,364 [trainer.py] => freeze: ['blocks', 'patch_embed', 'cls_token', 'norm', 'pos_embed']
2026-05-17 02:01:12,364 [trainer.py] => pretrained: True
2026-05-17 02:01:12,364 [trainer.py] => drop: 0.0
2026-05-17 02:01:12,365 [trainer.py] => drop_path: 0.0
2026-05-17 02:01:12,365 [trainer.py] => prompt_pool: True
2026-05-17 02:01:12,365 [trainer.py] => size: 10
2026-05-17 02:01:12,365 [trainer.py] => length: 5
2026-05-17 02:01:12,365 [trainer.py] => top_k: 5
2026-05-17 02:01:12,365 [trainer.py] => initializer: uniform
2026-05-17 02:01:12,366 [trainer.py] => prompt_key: True
2026-05-17 02:01:12,366 [trainer.py] => prompt_key_init: uniform
2026-05-17 02:01:12,366 [trainer.py] => use_prompt_mask: False
2026-05-17 02:01:12,366 [trainer.py] => shared_prompt_pool: False
2026-05-17 02:01:12,366 [trainer.py] => shared_prompt_key: False
2026-05-17 02:01:12,366 [trainer.py] => batchwise_prompt: True
2026-05-17 02:01:12,367 [trainer.py] => embedding_key: cls
2026-05-17 02:01:12,367 [trainer.py] => predefined_key: 
2026-05-17 02:01:12,367 [trainer.py] => pull_constraint: True
2026-05-17 02:01:12,367 [trainer.py] => pull_constraint_coeff: 0.1
2026-05-17 02:01:12,367 [trainer.py] => nb_classes: 50
2026-05-17 02:01:12,367 [trainer.py] => nb_tasks: 10
2026-05-17 02:01:12,731 [data_manager.py] => [19, 0, 33, 14, 23, 41, 7, 45, 8, 44, 9, 25, 6, 27, 21, 47, 38, 48, 15, 22, 17, 42, 2, 46, 37, 13, 32, 10, 49, 39, 18, 1, 3, 40, 36, 5, 28, 43, 4, 29, 31, 24, 30, 20, 12, 26, 16, 11, 34, 35]
2026-05-17 02:01:16,312 [vit_l2p.py] => Resized position embedding: torch.Size([1, 197, 768]) to torch.Size([1, 222, 768])
2026-05-17 02:01:16,313 [vit_l2p.py] => Position embedding grid-size from [14, 14] to (14, 14)
2026-05-17 02:01:21,219 [l2p.py] => 85,902,386 model total parameters.
2026-05-17 02:01:21,220 [l2p.py] => 84,530 model training parameters.
2026-05-17 02:01:21,220 [l2p.py] => prompt.prompt: 38400
2026-05-17 02:01:21,220 [l2p.py] => prompt.prompt_key: 7680
2026-05-17 02:01:21,220 [l2p.py] => head.weight: 38400
2026-05-17 02:01:21,220 [l2p.py] => head.bias: 50
2026-05-17 02:01:21,221 [trainer.py] => All params: 171739492
2026-05-17 02:01:21,222 [trainer.py] => Trainable params: 84530
2026-05-17 02:01:21,222 [l2p.py] => Learning on 0-5
2026-05-17 02:04:17,083 [l2p.py] => Task 0, Epoch 20/20 => Loss 0.164, Train_accy 98.97, Test_accy 94.64
2026-05-17 02:04:32,999 [trainer.py] => No NME accuracy.
2026-05-17 02:04:33,003 [trainer.py] => CNN: {'total': 94.64, '00-04': 94.64, 'old': 0, 'new': 94.64}
2026-05-17 02:04:33,004 [trainer.py] => CNN top1 curve: [94.64]
2026-05-17 02:04:33,004 [trainer.py] => CNN top5 curve: [100.0]
2026-05-17 02:04:33,004 [trainer.py] => Average Accuracy (CNN): 94.64
2026-05-17 02:04:33,008 [trainer.py] => All params: 171739492
2026-05-17 02:04:33,011 [trainer.py] => Trainable params: 84530
2026-05-17 02:04:33,012 [l2p.py] => Learning on 5-10
2026-05-17 02:06:49,293 [l2p.py] => Task 1, Epoch 20/20 => Loss 0.009, Train_accy 98.39, Test_accy 88.14
2026-05-17 02:07:10,839 [trainer.py] => No NME accuracy.
2026-05-17 02:07:10,858 [trainer.py] => CNN: {'total': 88.14, '00-04': 88.14, '05-09': 88.15, 'old': 88.14, 'new': 88.15}
2026-05-17 02:07:10,858 [trainer.py] => CNN top1 curve: [94.64, 88.14]
2026-05-17 02:07:10,859 [trainer.py] => CNN top5 curve: [100.0, 98.15]
2026-05-17 02:07:10,859 [trainer.py] => Average Accuracy (CNN): 91.39
2026-05-17 02:07:10,863 [trainer.py] => All params: 171739492
2026-05-17 02:07:10,866 [trainer.py] => Trainable params: 84530
2026-05-17 02:07:10,866 [l2p.py] => Learning on 10-15
2026-05-17 02:10:31,866 [l2p.py] => Task 2, Epoch 20/20 => Loss -0.020, Train_accy 99.18, Test_accy 87.36
2026-05-17 02:11:01,428 [trainer.py] => No NME accuracy.
2026-05-17 02:11:01,438 [trainer.py] => CNN: {'total': 87.36, '00-04': 82.53, '05-09': 88.4, '10-14': 94.26, 'old': 84.52, 'new': 94.26}
2026-05-17 02:11:01,438 [trainer.py] => CNN top1 curve: [94.64, 88.14, 87.36]
2026-05-17 02:11:01,438 [trainer.py] => CNN top5 curve: [100.0, 98.15, 95.65]
2026-05-17 02:11:01,439 [trainer.py] => Average Accuracy (CNN): 90.05
2026-05-17 02:11:01,442 [trainer.py] => All params: 171739492
2026-05-17 02:11:01,445 [trainer.py] => Trainable params: 84530
2026-05-17 02:11:01,445 [l2p.py] => Learning on 15-20
2026-05-17 02:15:36,127 [l2p.py] => Task 3, Epoch 20/20 => Loss -0.092, Train_accy 100.00, Test_accy 72.46
2026-05-17 02:16:07,172 [trainer.py] => No NME accuracy.
2026-05-17 02:16:07,265 [trainer.py] => CNN: {'total': 72.46, '00-04': 52.81, '05-09': 83.7, '10-14': 75.2, '15-19': 84.47, 'old': 66.79, 'new': 84.47}
2026-05-17 02:16:07,265 [trainer.py] => CNN top1 curve: [94.64, 88.14, 87.36, 72.46]
2026-05-17 02:16:07,265 [trainer.py] => CNN top5 curve: [100.0, 98.15, 95.65, 95.46]
2026-05-17 02:16:07,265 [trainer.py] => Average Accuracy (CNN): 85.65
2026-05-17 02:16:07,267 [trainer.py] => All params: 171739492
2026-05-17 02:16:07,268 [trainer.py] => Trainable params: 84530
2026-05-17 02:16:07,268 [l2p.py] => Learning on 20-25
2026-05-17 02:21:02,141 [l2p.py] => Task 4, Epoch 20/20 => Loss -0.085, Train_accy 99.45, Test_accy 63.77
2026-05-17 02:22:01,701 [trainer.py] => No NME accuracy.
2026-05-17 02:22:01,730 [trainer.py] => CNN: {'total': 63.77, '00-04': 37.88, '05-09': 72.35, '10-14': 70.7, '15-19': 42.68, '20-24': 98.5, 'old': 51.56, 'new': 98.5}
2026-05-17 02:22:01,730 [trainer.py] => CNN top1 curve: [94.64, 88.14, 87.36, 72.46, 63.77]
2026-05-17 02:22:01,731 [trainer.py] => CNN top5 curve: [100.0, 98.15, 95.65, 95.46, 96.28]
2026-05-17 02:22:01,731 [trainer.py] => Average Accuracy (CNN): 81.27
2026-05-17 02:22:01,732 [trainer.py] => All params: 171739492
2026-05-17 02:22:01,733 [trainer.py] => Trainable params: 84530
2026-05-17 02:22:01,733 [l2p.py] => Learning on 25-30
2026-05-17 02:29:57,384 [l2p.py] => Task 5, Epoch 20/20 => Loss -0.154, Train_accy 99.63, Test_accy 60.34
2026-05-17 02:31:21,893 [trainer.py] => No NME accuracy.
2026-05-17 02:31:21,925 [trainer.py] => CNN: {'total': 60.34, '00-04': 36.35, '05-09': 60.74, '10-14': 69.67, '15-19': 40.78, '20-24': 60.02, '25-29': 81.73, 'old': 51.39, 'new': 81.73}
2026-05-17 02:31:21,926 [trainer.py] => CNN top1 curve: [94.64, 88.14, 87.36, 72.46, 63.77, 60.34]
2026-05-17 02:31:21,926 [trainer.py] => CNN top5 curve: [100.0, 98.15, 95.65, 95.46, 96.28, 95.08]
2026-05-17 02:31:21,926 [trainer.py] => Average Accuracy (CNN): 77.78
2026-05-17 02:31:21,928 [trainer.py] => All params: 171739492
2026-05-17 02:31:21,929 [trainer.py] => Trainable params: 84530
2026-05-17 02:31:21,930 [l2p.py] => Learning on 30-35
2026-05-17 02:39:29,358 [l2p.py] => Task 6, Epoch 20/20 => Loss -0.145, Train_accy 99.38, Test_accy 57.13
2026-05-17 02:41:07,275 [trainer.py] => No NME accuracy.
2026-05-17 02:41:07,304 [trainer.py] => CNN: {'total': 57.13, '00-04': 37.12, '05-09': 63.46, '10-14': 70.08, '15-19': 40.53, '20-24': 67.97, '25-29': 76.65, '30-34': 40.12, 'old': 60.66, 'new': 40.12}
2026-05-17 02:41:07,304 [trainer.py] => CNN top1 curve: [94.64, 88.14, 87.36, 72.46, 63.77, 60.34, 57.13]
2026-05-17 02:41:07,304 [trainer.py] => CNN top5 curve: [100.0, 98.15, 95.65, 95.46, 96.28, 95.08, 95.01]
2026-05-17 02:41:07,304 [trainer.py] => Average Accuracy (CNN): 74.83
2026-05-17 02:41:07,306 [trainer.py] => All params: 171739492
2026-05-17 02:41:07,307 [trainer.py] => Trainable params: 84530
2026-05-17 02:41:07,307 [l2p.py] => Learning on 35-40
2026-05-17 02:49:28,912 [l2p.py] => Task 7, Epoch 20/20 => Loss -0.096, Train_accy 96.61, Test_accy 56.23
2026-05-17 02:51:14,255 [trainer.py] => No NME accuracy.
2026-05-17 02:51:14,282 [trainer.py] => CNN: {'total': 56.23, '00-04': 36.61, '05-09': 66.67, '10-14': 49.18, '15-19': 41.41, '20-24': 65.44, '25-29': 77.01, '30-34': 41.65, '35-39': 64.55, 'old': 55.59, 'new': 64.55}
2026-05-17 02:51:14,283 [trainer.py] => CNN top1 curve: [94.64, 88.14, 87.36, 72.46, 63.77, 60.34, 57.13, 56.23]
2026-05-17 02:51:14,283 [trainer.py] => CNN top5 curve: [100.0, 98.15, 95.65, 95.46, 96.28, 95.08, 95.01, 93.57]
2026-05-17 02:51:14,283 [trainer.py] => Average Accuracy (CNN): 72.51
2026-05-17 02:51:14,287 [trainer.py] => All params: 171739492
2026-05-17 02:51:14,290 [trainer.py] => Trainable params: 84530
2026-05-17 02:51:14,290 [l2p.py] => Learning on 40-45
2026-05-17 03:01:34,914 [l2p.py] => Task 8, Epoch 20/20 => Loss -0.172, Train_accy 97.99, Test_accy 54.98
2026-05-17 03:03:41,742 [trainer.py] => No NME accuracy.
2026-05-17 03:03:41,783 [trainer.py] => CNN: {'total': 54.98, '00-04': 35.46, '05-09': 61.73, '10-14': 42.01, '15-19': 34.22, '20-24': 55.3, '25-29': 79.01, '30-34': 30.04, '35-39': 59.77, '40-44': 72.22, 'old': 51.1, 'new': 72.22}
2026-05-17 03:03:41,784 [trainer.py] => CNN top1 curve: [94.64, 88.14, 87.36, 72.46, 63.77, 60.34, 57.13, 56.23, 54.98]
2026-05-17 03:03:41,784 [trainer.py] => CNN top5 curve: [100.0, 98.15, 95.65, 95.46, 96.28, 95.08, 95.01, 93.57, 91.21]
2026-05-17 03:03:41,785 [trainer.py] => Average Accuracy (CNN): 70.56
2026-05-17 03:03:41,788 [trainer.py] => All params: 171739492
2026-05-17 03:03:41,792 [trainer.py] => Trainable params: 84530
2026-05-17 03:03:41,792 [l2p.py] => Learning on 45-50
2026-05-17 03:15:31,788 [l2p.py] => Task 9, Epoch 20/20 => Loss -0.215, Train_accy 99.56, Test_accy 44.61
2026-05-17 03:17:51,909 [trainer.py] => No NME accuracy.
2026-05-17 03:17:51,947 [trainer.py] => CNN: {'total': 44.61, '00-04': 33.67, '05-09': 55.8, '10-14': 30.94, '15-19': 33.59, '20-24': 49.65, '25-29': 38.68, '30-34': 29.94, '35-39': 44.77, '40-44': 45.02, '45-49': 79.04, 'old': 39.69, 'new': 79.04}
2026-05-17 03:17:51,947 [trainer.py] => CNN top1 curve: [94.64, 88.14, 87.36, 72.46, 63.77, 60.34, 57.13, 56.23, 54.98, 44.61]
2026-05-17 03:17:51,947 [trainer.py] => CNN top5 curve: [100.0, 98.15, 95.65, 95.46, 96.28, 95.08, 95.01, 93.57, 91.21, 89.55]
2026-05-17 03:17:51,947 [trainer.py] => Average Accuracy (CNN): 67.97
