2026-05-22 14:41:01,165 [trainer.py] => config: ./configs/sdlora/sdlora_cub_B0_Inc20.json
2026-05-22 14:41:01,165 [trainer.py] => prefix: reproduce
2026-05-22 14:41:01,165 [trainer.py] => dataset: cub
2026-05-22 14:41:01,165 [trainer.py] => memory_size: 0
2026-05-22 14:41:01,165 [trainer.py] => memory_per_class: 0
2026-05-22 14:41:01,165 [trainer.py] => fixed_memory: False
2026-05-22 14:41:01,165 [trainer.py] => shuffle: True
2026-05-22 14:41:01,165 [trainer.py] => init_cls: 20
2026-05-22 14:41:01,165 [trainer.py] => increment: 20
2026-05-22 14:41:01,166 [trainer.py] => model_name: sdlora
2026-05-22 14:41:01,166 [trainer.py] => backbone_type: vit_base_patch16_224_in21k_sdlora
2026-05-22 14:41:01,166 [trainer.py] => device: [device(type='cuda', index=3)]
2026-05-22 14:41:01,166 [trainer.py] => optimizer: adam
2026-05-22 14:41:01,166 [trainer.py] => scheduler: constant
2026-05-22 14:41:01,166 [trainer.py] => filepath: ./cub/
2026-05-22 14:41:01,166 [trainer.py] => seed: 1994
2026-05-22 14:41:01,166 [trainer.py] => init_epoch: 20
2026-05-22 14:41:01,166 [trainer.py] => init_lr: 0.01
2026-05-22 14:41:01,166 [trainer.py] => init_milestones: [10000]
2026-05-22 14:41:01,166 [trainer.py] => init_lr_decay: 0
2026-05-22 14:41:01,166 [trainer.py] => init_weight_decay: 0.0005
2026-05-22 14:41:01,166 [trainer.py] => epochs: 20
2026-05-22 14:41:01,166 [trainer.py] => lrate: 0.01
2026-05-22 14:41:01,166 [trainer.py] => milestones: [10000]
2026-05-22 14:41:01,166 [trainer.py] => lrate_decay: 0
2026-05-22 14:41:01,166 [trainer.py] => batch_size: 128
2026-05-22 14:41:01,166 [trainer.py] => weight_decay: 0.0002
2026-05-22 14:41:01,166 [trainer.py] => pretrained: True
2026-05-22 14:41:01,167 [trainer.py] => rank: 10
2026-05-22 14:41:01,167 [trainer.py] => nb_classes: 200
2026-05-22 14:41:01,167 [trainer.py] => nb_tasks: 10
2026-05-22 14:41:01,617 [data_manager.py] => [85, 41, 23, 28, 70, 87, 134, 151, 51, 159, 178, 119, 50, 117, 73, 95, 86, 147, 63, 22, 79, 175, 40, 155, 174, 54, 132, 72, 124, 157, 93, 26, 196, 74, 44, 15, 169, 122, 88, 171, 184, 6, 18, 145, 48, 197, 64, 172, 126, 96, 11, 55, 193, 66, 128, 21, 77, 113, 140, 116, 141, 133, 120, 29, 115, 14, 103, 127, 114, 19, 9, 38, 33, 195, 81, 35, 69, 181, 47, 129, 112, 168, 198, 71, 101, 188, 68, 90, 158, 163, 52, 8, 185, 59, 154, 92, 56, 183, 32, 136, 65, 45, 46, 173, 189, 108, 102, 144, 0, 107, 187, 100, 98, 192, 43, 161, 104, 75, 150, 166, 121, 60, 160, 3, 143, 153, 62, 142, 61, 110, 194, 97, 25, 177, 179, 17, 49, 31, 94, 111, 16, 53, 91, 58, 135, 83, 2, 12, 13, 165, 42, 36, 186, 105, 1, 7, 149, 170, 27, 24, 78, 167, 137, 138, 118, 10, 139, 164, 20, 57, 123, 199, 89, 130, 82, 162, 176, 148, 109, 125, 67, 106, 37, 146, 131, 180, 156, 39, 5, 84, 4, 190, 152, 191, 30, 76, 80, 34, 99, 182]
2026-05-22 14:41:10,916 [trainer.py] => All params: 171965973
2026-05-22 14:41:10,917 [trainer.py] => Trainable params: 368661
2026-05-22 14:41:10,918 [sdlora.py] => Learning on 0-20
2026-05-22 14:52:44,553 [sdlora.py] => Task 0, Epoch 20/20 => Loss 0.105, Train_accy 96.73
2026-05-22 14:52:56,095 [trainer.py] => No NME accuracy.
2026-05-22 14:52:56,116 [trainer.py] => CNN: {'total': 97.93, '00-19': 97.93, 'old': 0, 'new': 97.93}
2026-05-22 14:52:56,116 [trainer.py] => CNN top1 curve: [97.93]
2026-05-22 14:52:56,117 [trainer.py] => CNN top5 curve: [99.59]
2026-05-22 14:52:56,118 [trainer.py] => Average Accuracy (CNN): 97.93
2026-05-22 14:52:56,124 [trainer.py] => All params: 171981353
2026-05-22 14:52:56,129 [trainer.py] => Trainable params: 384041
2026-05-22 14:52:56,140 [sdlora.py] => Learning on 20-40
2026-05-22 15:05:54,212 [sdlora.py] => Task 1, Epoch 20/20 => Loss 0.118, Train_accy 91.11
2026-05-22 15:06:08,662 [trainer.py] => No NME accuracy.
2026-05-22 15:06:08,690 [trainer.py] => CNN: {'total': 96.12, '00-19': 97.93, '20-39': 94.38, 'old': 97.93, 'new': 94.38}
2026-05-22 15:06:08,690 [trainer.py] => CNN top1 curve: [97.93, 96.12]
2026-05-22 15:06:08,690 [trainer.py] => CNN top5 curve: [99.59, 99.59]
2026-05-22 15:06:08,691 [trainer.py] => Average Accuracy (CNN): 97.02
2026-05-22 15:06:08,693 [trainer.py] => All params: 171996733
2026-05-22 15:06:08,694 [trainer.py] => Trainable params: 399421
2026-05-22 15:06:08,696 [sdlora.py] => Learning on 40-60
2026-05-22 15:20:27,489 [sdlora.py] => Task 2, Epoch 20/20 => Loss 0.148, Train_accy 85.80
2026-05-22 15:20:42,784 [trainer.py] => No NME accuracy.
2026-05-22 15:20:42,811 [trainer.py] => CNN: {'total': 92.37, '00-19': 94.19, '20-39': 92.77, '40-59': 89.91, 'old': 93.47, 'new': 89.91}
2026-05-22 15:20:42,811 [trainer.py] => CNN top1 curve: [97.93, 96.12, 92.37]
2026-05-22 15:20:42,812 [trainer.py] => CNN top5 curve: [99.59, 99.59, 98.59]
2026-05-22 15:20:42,812 [trainer.py] => Average Accuracy (CNN): 95.47
2026-05-22 15:20:42,814 [trainer.py] => All params: 172012113
2026-05-22 15:20:42,815 [trainer.py] => Trainable params: 414801
2026-05-22 15:20:42,820 [sdlora.py] => Learning on 60-80
2026-05-22 15:35:48,732 [sdlora.py] => Task 3, Epoch 20/20 => Loss 0.159, Train_accy 68.46
2026-05-22 15:36:07,769 [trainer.py] => No NME accuracy.
2026-05-22 15:36:07,780 [trainer.py] => CNN: {'total': 86.23, '00-19': 92.53, '20-39': 92.37, '40-59': 88.99, '60-79': 70.31, 'old': 91.38, 'new': 70.31}
2026-05-22 15:36:07,780 [trainer.py] => CNN top1 curve: [97.93, 96.12, 92.37, 86.23]
2026-05-22 15:36:07,780 [trainer.py] => CNN top5 curve: [99.59, 99.59, 98.59, 98.19]
2026-05-22 15:36:07,781 [trainer.py] => Average Accuracy (CNN): 93.16
2026-05-22 15:36:07,783 [trainer.py] => All params: 172027493
2026-05-22 15:36:07,785 [trainer.py] => Trainable params: 430181
2026-05-22 15:36:07,792 [sdlora.py] => Learning on 80-100
2026-05-22 15:52:01,977 [sdlora.py] => Task 4, Epoch 20/20 => Loss 0.100, Train_accy 77.09
2026-05-22 15:52:25,779 [trainer.py] => No NME accuracy.
2026-05-22 15:52:25,811 [trainer.py] => CNN: {'total': 84.06, '00-19': 89.21, '20-39': 91.97, '40-59': 87.16, '60-79': 70.74, '80-99': 80.18, 'old': 84.95, 'new': 80.18}
2026-05-22 15:52:25,811 [trainer.py] => CNN top1 curve: [97.93, 96.12, 92.37, 86.23, 84.06]
2026-05-22 15:52:25,811 [trainer.py] => CNN top5 curve: [99.59, 99.59, 98.59, 98.19, 98.09]
2026-05-22 15:52:25,811 [trainer.py] => Average Accuracy (CNN): 91.34
2026-05-22 15:52:25,814 [trainer.py] => All params: 172042873
2026-05-22 15:52:25,816 [trainer.py] => Trainable params: 445561
2026-05-22 15:52:25,820 [sdlora.py] => Learning on 100-120
2026-05-22 16:09:03,924 [sdlora.py] => Task 5, Epoch 20/20 => Loss 0.128, Train_accy 76.12
2026-05-22 16:09:25,527 [trainer.py] => No NME accuracy.
2026-05-22 16:09:25,582 [trainer.py] => CNN: {'total': 82.64, '00-19': 89.21, '20-39': 91.16, '40-59': 82.57, '60-79': 65.94, '80-99': 80.65, '100-119': 85.04, 'old': 82.15, 'new': 85.04}
2026-05-22 16:09:25,582 [trainer.py] => CNN top1 curve: [97.93, 96.12, 92.37, 86.23, 84.06, 82.64]
2026-05-22 16:09:25,582 [trainer.py] => CNN top5 curve: [99.59, 99.59, 98.59, 98.19, 98.09, 97.91]
2026-05-22 16:09:25,583 [trainer.py] => Average Accuracy (CNN): 89.89
2026-05-22 16:09:25,585 [trainer.py] => All params: 172058253
2026-05-22 16:09:25,586 [trainer.py] => Trainable params: 460941
2026-05-22 16:09:25,595 [sdlora.py] => Learning on 120-140
2026-05-22 16:26:03,625 [sdlora.py] => Task 6, Epoch 20/20 => Loss 0.114, Train_accy 67.07
2026-05-22 16:26:28,659 [trainer.py] => No NME accuracy.
2026-05-22 16:26:28,733 [trainer.py] => CNN: {'total': 80.39, '00-19': 89.21, '20-39': 90.76, '40-59': 80.28, '60-79': 68.12, '80-99': 78.8, '100-119': 84.62, '120-139': 70.47, 'old': 82.2, 'new': 70.47}
2026-05-22 16:26:28,734 [trainer.py] => CNN top1 curve: [97.93, 96.12, 92.37, 86.23, 84.06, 82.64, 80.39]
2026-05-22 16:26:28,734 [trainer.py] => CNN top5 curve: [99.59, 99.59, 98.59, 98.19, 98.09, 97.91, 97.93]
2026-05-22 16:26:28,734 [trainer.py] => Average Accuracy (CNN): 88.53
2026-05-22 16:26:28,736 [trainer.py] => All params: 172073633
2026-05-22 16:26:28,739 [trainer.py] => Trainable params: 476321
2026-05-22 16:26:28,746 [sdlora.py] => Learning on 140-160
2026-05-22 16:45:38,246 [sdlora.py] => Task 7, Epoch 20/20 => Loss 0.116, Train_accy 68.66
2026-05-22 16:46:14,386 [trainer.py] => No NME accuracy.
2026-05-22 16:46:14,396 [trainer.py] => CNN: {'total': 78.89, '00-19': 87.14, '20-39': 90.76, '40-59': 82.57, '60-79': 68.12, '80-99': 77.42, '100-119': 82.05, '120-139': 71.26, '140-159': 71.6, 'old': 79.96, 'new': 71.6}
2026-05-22 16:46:14,396 [trainer.py] => CNN top1 curve: [97.93, 96.12, 92.37, 86.23, 84.06, 82.64, 80.39, 78.89]
2026-05-22 16:46:14,397 [trainer.py] => CNN top5 curve: [99.59, 99.59, 98.59, 98.19, 98.09, 97.91, 97.93, 97.77]
2026-05-22 16:46:14,398 [trainer.py] => Average Accuracy (CNN): 87.33
2026-05-22 16:46:14,404 [trainer.py] => All params: 172089013
2026-05-22 16:46:14,408 [trainer.py] => Trainable params: 491701
2026-05-22 16:46:14,420 [sdlora.py] => Learning on 160-180
2026-05-22 17:07:17,463 [sdlora.py] => Task 8, Epoch 20/20 => Loss 0.155, Train_accy 73.73
2026-05-22 17:07:53,686 [trainer.py] => No NME accuracy.
2026-05-22 17:07:53,717 [trainer.py] => CNN: {'total': 78.59, '00-19': 87.14, '20-39': 89.96, '40-59': 81.65, '60-79': 64.63, '80-99': 78.8, '100-119': 80.34, '120-139': 70.87, '140-159': 71.6, '160-179': 82.04, 'old': 78.14, 'new': 82.04}
2026-05-22 17:07:53,717 [trainer.py] => CNN top1 curve: [97.93, 96.12, 92.37, 86.23, 84.06, 82.64, 80.39, 78.89, 78.59]
2026-05-22 17:07:53,717 [trainer.py] => CNN top5 curve: [99.59, 99.59, 98.59, 98.19, 98.09, 97.91, 97.93, 97.77, 97.46]
2026-05-22 17:07:53,717 [trainer.py] => Average Accuracy (CNN): 86.36
2026-05-22 17:07:53,719 [trainer.py] => All params: 172104393
2026-05-22 17:07:53,721 [trainer.py] => Trainable params: 507081
2026-05-22 17:07:53,726 [sdlora.py] => Learning on 180-200
2026-05-22 17:28:40,377 [sdlora.py] => Task 9, Epoch 20/20 => Loss 0.117, Train_accy 67.95
2026-05-22 17:29:23,375 [trainer.py] => No NME accuracy.
2026-05-22 17:29:23,448 [trainer.py] => CNN: {'total': 76.55, '00-19': 85.48, '20-39': 87.95, '40-59': 81.65, '60-79': 61.14, '80-99': 76.5, '100-119': 77.35, '120-139': 70.08, '140-159': 71.6, '160-179': 82.45, '180-199': 70.61, 'old': 77.18, 'new': 70.61}
2026-05-22 17:29:23,449 [trainer.py] => CNN top1 curve: [97.93, 96.12, 92.37, 86.23, 84.06, 82.64, 80.39, 78.89, 78.59, 76.55]
2026-05-22 17:29:23,449 [trainer.py] => CNN top5 curve: [99.59, 99.59, 98.59, 98.19, 98.09, 97.91, 97.93, 97.77, 97.46, 97.41]
2026-05-22 17:29:23,449 [trainer.py] => Average Accuracy (CNN): 85.38
