2026-05-25 09:17:17,747 [trainer.py] => config: ./configs/sdlora/sdlora_inr_B0_Inc20.json
2026-05-25 09:17:17,748 [trainer.py] => prefix: reproduce
2026-05-25 09:17:17,748 [trainer.py] => dataset: imagenetr
2026-05-25 09:17:17,748 [trainer.py] => memory_size: 0
2026-05-25 09:17:17,748 [trainer.py] => memory_per_class: 0
2026-05-25 09:17:17,748 [trainer.py] => fixed_memory: False
2026-05-25 09:17:17,748 [trainer.py] => shuffle: True
2026-05-25 09:17:17,748 [trainer.py] => init_cls: 20
2026-05-25 09:17:17,748 [trainer.py] => increment: 20
2026-05-25 09:17:17,748 [trainer.py] => model_name: sdlora
2026-05-25 09:17:17,748 [trainer.py] => backbone_type: vit_base_patch16_224_in21k_sdlora
2026-05-25 09:17:17,748 [trainer.py] => device: [device(type='cuda', index=0)]
2026-05-25 09:17:17,748 [trainer.py] => optimizer: adam
2026-05-25 09:17:17,749 [trainer.py] => scheduler: constant
2026-05-25 09:17:17,749 [trainer.py] => filepath: ./checkpoints/ImageNetR/
2026-05-25 09:17:17,749 [trainer.py] => seed: 1994
2026-05-25 09:17:17,749 [trainer.py] => init_epoch: 20
2026-05-25 09:17:17,749 [trainer.py] => init_lr: 0.01
2026-05-25 09:17:17,749 [trainer.py] => init_milestones: [10000]
2026-05-25 09:17:17,749 [trainer.py] => init_lr_decay: 0
2026-05-25 09:17:17,749 [trainer.py] => init_weight_decay: 0.0005
2026-05-25 09:17:17,749 [trainer.py] => epochs: 20
2026-05-25 09:17:17,749 [trainer.py] => lrate: 0.01
2026-05-25 09:17:17,749 [trainer.py] => milestones: [10000]
2026-05-25 09:17:17,749 [trainer.py] => lrate_decay: 0
2026-05-25 09:17:17,749 [trainer.py] => batch_size: 128
2026-05-25 09:17:17,749 [trainer.py] => weight_decay: 0.0002
2026-05-25 09:17:17,749 [trainer.py] => pretrained: True
2026-05-25 09:17:17,750 [trainer.py] => rank: 10
2026-05-25 09:17:17,750 [trainer.py] => nb_classes: 200
2026-05-25 09:17:17,750 [trainer.py] => nb_tasks: 10
2026-05-25 09:17:18,614 [data_manager.py] => [85, 41, 23, 28, 70, 87, 134, 151, 51, 159, 178, 119, 50, 117, 73, 95, 86, 147, 63, 22, 79, 175, 40, 155, 174, 54, 132, 72, 124, 157, 93, 26, 196, 74, 44, 15, 169, 122, 88, 171, 184, 6, 18, 145, 48, 197, 64, 172, 126, 96, 11, 55, 193, 66, 128, 21, 77, 113, 140, 116, 141, 133, 120, 29, 115, 14, 103, 127, 114, 19, 9, 38, 33, 195, 81, 35, 69, 181, 47, 129, 112, 168, 198, 71, 101, 188, 68, 90, 158, 163, 52, 8, 185, 59, 154, 92, 56, 183, 32, 136, 65, 45, 46, 173, 189, 108, 102, 144, 0, 107, 187, 100, 98, 192, 43, 161, 104, 75, 150, 166, 121, 60, 160, 3, 143, 153, 62, 142, 61, 110, 194, 97, 25, 177, 179, 17, 49, 31, 94, 111, 16, 53, 91, 58, 135, 83, 2, 12, 13, 165, 42, 36, 186, 105, 1, 7, 149, 170, 27, 24, 78, 167, 137, 138, 118, 10, 139, 164, 20, 57, 123, 199, 89, 130, 82, 162, 176, 148, 109, 125, 67, 106, 37, 146, 131, 180, 156, 39, 5, 84, 4, 190, 152, 191, 30, 76, 80, 34, 99, 182]
2026-05-25 09:17:22,784 [trainer.py] => All params: 171965973
2026-05-25 09:17:22,785 [trainer.py] => Trainable params: 368661
2026-05-25 09:17:22,785 [sdlora.py] => Learning on 0-20
2026-05-25 09:29:15,445 [sdlora.py] => Task 0, Epoch 20/20 => Loss 0.241, Train_accy 92.62
2026-05-25 09:29:21,599 [trainer.py] => No NME accuracy.
2026-05-25 09:29:21,599 [trainer.py] => CNN: {'total': 91.2, '00-19': 91.2, 'old': 0, 'new': 91.2}
2026-05-25 09:29:21,599 [trainer.py] => CNN top1 curve: [91.2]
2026-05-25 09:29:21,599 [trainer.py] => CNN top5 curve: [97.95]
2026-05-25 09:29:21,599 [trainer.py] => Average Accuracy (CNN): 91.2
2026-05-25 09:29:21,601 [trainer.py] => All params: 171981353
2026-05-25 09:29:21,603 [trainer.py] => Trainable params: 384041
2026-05-25 09:29:21,604 [sdlora.py] => Learning on 20-40
2026-05-25 09:40:51,213 [sdlora.py] => Task 1, Epoch 20/20 => Loss 0.205, Train_accy 90.40
2026-05-25 09:41:01,280 [trainer.py] => No NME accuracy.
2026-05-25 09:41:01,281 [trainer.py] => CNN: {'total': 87.14, '00-19': 86.95, '20-39': 87.36, 'old': 86.95, 'new': 87.36}
2026-05-25 09:41:01,281 [trainer.py] => CNN top1 curve: [91.2, 87.14]
2026-05-25 09:41:01,281 [trainer.py] => CNN top5 curve: [97.95, 95.97]
2026-05-25 09:41:01,281 [trainer.py] => Average Accuracy (CNN): 89.17
2026-05-25 09:41:01,285 [trainer.py] => All params: 171996733
2026-05-25 09:41:01,288 [trainer.py] => Trainable params: 399421
2026-05-25 09:41:01,292 [sdlora.py] => Learning on 40-60
2026-05-25 09:53:51,677 [sdlora.py] => Task 2, Epoch 20/20 => Loss 0.199, Train_accy 88.84
2026-05-25 09:54:05,631 [trainer.py] => No NME accuracy.
2026-05-25 09:54:05,632 [trainer.py] => CNN: {'total': 83.79, '00-19': 81.96, '20-39': 83.74, '40-59': 85.9, 'old': 82.8, 'new': 85.9}
2026-05-25 09:54:05,632 [trainer.py] => CNN top1 curve: [91.2, 87.14, 83.79]
2026-05-25 09:54:05,632 [trainer.py] => CNN top5 curve: [97.95, 95.97, 94.83]
2026-05-25 09:54:05,632 [trainer.py] => Average Accuracy (CNN): 87.38
2026-05-25 09:54:05,636 [trainer.py] => All params: 172012113
2026-05-25 09:54:05,638 [trainer.py] => Trainable params: 414801
2026-05-25 09:54:05,641 [sdlora.py] => Learning on 60-80
2026-05-25 10:05:12,449 [sdlora.py] => Task 3, Epoch 20/20 => Loss 0.249, Train_accy 81.56
2026-05-25 10:05:29,934 [trainer.py] => No NME accuracy.
2026-05-25 10:05:29,934 [trainer.py] => CNN: {'total': 81.64, '00-19': 79.47, '20-39': 83.09, '40-59': 84.91, '60-79': 78.87, 'old': 82.37, 'new': 78.87}
2026-05-25 10:05:29,934 [trainer.py] => CNN top1 curve: [91.2, 87.14, 83.79, 81.64]
2026-05-25 10:05:29,935 [trainer.py] => CNN top5 curve: [97.95, 95.97, 94.83, 93.56]
2026-05-25 10:05:29,935 [trainer.py] => Average Accuracy (CNN): 85.94
2026-05-25 10:05:29,940 [trainer.py] => All params: 172027493
2026-05-25 10:05:29,944 [trainer.py] => Trainable params: 430181
2026-05-25 10:05:29,948 [sdlora.py] => Learning on 80-100
2026-05-25 10:19:06,843 [sdlora.py] => Task 4, Epoch 20/20 => Loss 0.174, Train_accy 82.57
2026-05-25 10:19:27,625 [trainer.py] => No NME accuracy.
2026-05-25 10:19:27,625 [trainer.py] => CNN: {'total': 80.55, '00-19': 78.45, '20-39': 81.77, '40-59': 79.93, '60-79': 79.88, '80-99': 83.21, 'old': 79.97, 'new': 83.21}
2026-05-25 10:19:27,625 [trainer.py] => CNN top1 curve: [91.2, 87.14, 83.79, 81.64, 80.55]
2026-05-25 10:19:27,625 [trainer.py] => CNN top5 curve: [97.95, 95.97, 94.83, 93.56, 92.86]
2026-05-25 10:19:27,625 [trainer.py] => Average Accuracy (CNN): 84.86
2026-05-25 10:19:27,627 [trainer.py] => All params: 172042873
2026-05-25 10:19:27,628 [trainer.py] => Trainable params: 445561
2026-05-25 10:19:27,630 [sdlora.py] => Learning on 100-120
2026-05-25 10:34:07,216 [sdlora.py] => Task 5, Epoch 20/20 => Loss 0.260, Train_accy 75.28
2026-05-25 10:34:33,194 [trainer.py] => No NME accuracy.
2026-05-25 10:34:33,194 [trainer.py] => CNN: {'total': 78.55, '00-19': 79.03, '20-39': 79.47, '40-59': 79.1, '60-79': 77.46, '80-99': 82.25, '100-119': 74.12, 'old': 79.45, 'new': 74.12}
2026-05-25 10:34:33,194 [trainer.py] => CNN top1 curve: [91.2, 87.14, 83.79, 81.64, 80.55, 78.55]
2026-05-25 10:34:33,194 [trainer.py] => CNN top5 curve: [97.95, 95.97, 94.83, 93.56, 92.86, 92.39]
2026-05-25 10:34:33,195 [trainer.py] => Average Accuracy (CNN): 83.81
2026-05-25 10:34:33,198 [trainer.py] => All params: 172058253
2026-05-25 10:34:33,200 [trainer.py] => Trainable params: 460941
2026-05-25 10:34:33,204 [sdlora.py] => Learning on 120-140
2026-05-25 10:49:56,219 [sdlora.py] => Task 6, Epoch 20/20 => Loss 0.200, Train_accy 76.03
2026-05-25 10:50:26,649 [trainer.py] => No NME accuracy.
2026-05-25 10:50:26,649 [trainer.py] => CNN: {'total': 77.73, '00-19': 77.71, '20-39': 78.98, '40-59': 77.94, '60-79': 76.86, '80-99': 80.73, '100-119': 74.79, '120-139': 77.3, 'old': 77.81, 'new': 77.3}
2026-05-25 10:50:26,650 [trainer.py] => CNN top1 curve: [91.2, 87.14, 83.79, 81.64, 80.55, 78.55, 77.73]
2026-05-25 10:50:26,650 [trainer.py] => CNN top5 curve: [97.95, 95.97, 94.83, 93.56, 92.86, 92.39, 91.6]
2026-05-25 10:50:26,650 [trainer.py] => Average Accuracy (CNN): 82.94
2026-05-25 10:50:26,655 [trainer.py] => All params: 172073633
2026-05-25 10:50:26,659 [trainer.py] => Trainable params: 476321
2026-05-25 10:50:26,665 [sdlora.py] => Learning on 140-160
2026-05-25 11:08:48,483 [sdlora.py] => Task 7, Epoch 20/20 => Loss 0.204, Train_accy 76.55
2026-05-25 11:09:23,881 [trainer.py] => No NME accuracy.
2026-05-25 11:09:23,881 [trainer.py] => CNN: {'total': 76.02, '00-19': 76.1, '20-39': 76.85, '40-59': 75.79, '60-79': 75.65, '80-99': 78.63, '100-119': 71.26, '120-139': 77.82, '140-159': 76.29, 'old': 75.98, 'new': 76.29}
2026-05-25 11:09:23,881 [trainer.py] => CNN top1 curve: [91.2, 87.14, 83.79, 81.64, 80.55, 78.55, 77.73, 76.02]
2026-05-25 11:09:23,881 [trainer.py] => CNN top5 curve: [97.95, 95.97, 94.83, 93.56, 92.86, 92.39, 91.6, 91.41]
2026-05-25 11:09:23,881 [trainer.py] => Average Accuracy (CNN): 82.08
2026-05-25 11:09:23,883 [trainer.py] => All params: 172089013
2026-05-25 11:09:23,884 [trainer.py] => Trainable params: 491701
2026-05-25 11:09:23,887 [sdlora.py] => Learning on 160-180
2026-05-25 11:27:50,082 [sdlora.py] => Task 8, Epoch 20/20 => Loss 0.240, Train_accy 71.55
2026-05-25 11:28:31,040 [trainer.py] => No NME accuracy.
2026-05-25 11:28:31,041 [trainer.py] => CNN: {'total': 74.59, '00-19': 74.05, '20-39': 77.83, '40-59': 73.8, '60-79': 73.04, '80-99': 78.24, '100-119': 70.92, '120-139': 76.11, '140-159': 74.71, '160-179': 72.77, 'old': 74.81, 'new': 72.77}
2026-05-25 11:28:31,041 [trainer.py] => CNN top1 curve: [91.2, 87.14, 83.79, 81.64, 80.55, 78.55, 77.73, 76.02, 74.59]
2026-05-25 11:28:31,041 [trainer.py] => CNN top5 curve: [97.95, 95.97, 94.83, 93.56, 92.86, 92.39, 91.6, 91.41, 90.47]
2026-05-25 11:28:31,041 [trainer.py] => Average Accuracy (CNN): 81.25
2026-05-25 11:28:31,047 [trainer.py] => All params: 172104393
2026-05-25 11:28:31,051 [trainer.py] => Trainable params: 507081
2026-05-25 11:28:31,057 [sdlora.py] => Learning on 180-200
2026-05-25 11:47:55,653 [sdlora.py] => Task 9, Epoch 20/20 => Loss 0.207, Train_accy 75.24
2026-05-25 11:48:41,555 [trainer.py] => No NME accuracy.
2026-05-25 11:48:41,555 [trainer.py] => CNN: {'total': 74.9, '00-19': 72.87, '20-39': 77.18, '40-59': 73.96, '60-79': 72.23, '80-99': 78.24, '100-119': 70.59, '120-139': 76.62, '140-159': 75.29, '160-179': 72.1, '180-199': 79.97, 'old': 74.33, 'new': 79.97}
2026-05-25 11:48:41,555 [trainer.py] => CNN top1 curve: [91.2, 87.14, 83.79, 81.64, 80.55, 78.55, 77.73, 76.02, 74.59, 74.9]
2026-05-25 11:48:41,555 [trainer.py] => CNN top5 curve: [97.95, 95.97, 94.83, 93.56, 92.86, 92.39, 91.6, 91.41, 90.47, 90.35]
2026-05-25 11:48:41,555 [trainer.py] => Average Accuracy (CNN): 80.61
