2026-06-04 04:43:10,221 [trainer.py] => config: ./configs/dualprompt/dualprompt_cub_B0_Inc40.json
2026-06-04 04:43:10,221 [trainer.py] => prefix:  
2026-06-04 04:43:10,221 [trainer.py] => dataset: cub
2026-06-04 04:43:10,222 [trainer.py] => memory_size: 0
2026-06-04 04:43:10,222 [trainer.py] => memory_per_class: 0
2026-06-04 04:43:10,222 [trainer.py] => fixed_memory: True
2026-06-04 04:43:10,222 [trainer.py] => shuffle: True
2026-06-04 04:43:10,222 [trainer.py] => init_cls: 40
2026-06-04 04:43:10,222 [trainer.py] => increment: 40
2026-06-04 04:43:10,222 [trainer.py] => model_name: dualprompt
2026-06-04 04:43:10,222 [trainer.py] => backbone_type: vit_base_patch16_224_in21k_dualprompt
2026-06-04 04:43:10,222 [trainer.py] => get_original_backbone: True
2026-06-04 04:43:10,222 [trainer.py] => device: [device(type='cuda', index=3)]
2026-06-04 04:43:10,222 [trainer.py] => seed: 1994
2026-06-04 04:43:10,222 [trainer.py] => tuned_epoch: 20
2026-06-04 04:43:10,222 [trainer.py] => init_lr: 0.001
2026-06-04 04:43:10,222 [trainer.py] => batch_size: 48
2026-06-04 04:43:10,222 [trainer.py] => weight_decay: 0
2026-06-04 04:43:10,222 [trainer.py] => min_lr: 1e-05
2026-06-04 04:43:10,222 [trainer.py] => optimizer: adam
2026-06-04 04:43:10,222 [trainer.py] => scheduler: constant
2026-06-04 04:43:10,223 [trainer.py] => reinit_optimizer: True
2026-06-04 04:43:10,223 [trainer.py] => global_pool: token
2026-06-04 04:43:10,223 [trainer.py] => head_type: token
2026-06-04 04:43:10,223 [trainer.py] => freeze: ['blocks', 'patch_embed', 'cls_token', 'norm', 'pos_embed']
2026-06-04 04:43:10,223 [trainer.py] => pretrained: True
2026-06-04 04:43:10,223 [trainer.py] => drop: 0.0
2026-06-04 04:43:10,223 [trainer.py] => drop_path: 0.0
2026-06-04 04:43:10,223 [trainer.py] => use_g_prompt: True
2026-06-04 04:43:10,223 [trainer.py] => g_prompt_length: 5
2026-06-04 04:43:10,223 [trainer.py] => g_prompt_layer_idx: [0, 1]
2026-06-04 04:43:10,223 [trainer.py] => use_prefix_tune_for_g_prompt: True
2026-06-04 04:43:10,223 [trainer.py] => use_e_prompt: True
2026-06-04 04:43:10,223 [trainer.py] => e_prompt_layer_idx: [2, 3, 4]
2026-06-04 04:43:10,223 [trainer.py] => use_prefix_tune_for_e_prompt: True
2026-06-04 04:43:10,223 [trainer.py] => prompt_pool: True
2026-06-04 04:43:10,223 [trainer.py] => size: 10
2026-06-04 04:43:10,223 [trainer.py] => length: 5
2026-06-04 04:43:10,223 [trainer.py] => top_k: 1
2026-06-04 04:43:10,223 [trainer.py] => initializer: uniform
2026-06-04 04:43:10,224 [trainer.py] => prompt_key: True
2026-06-04 04:43:10,224 [trainer.py] => prompt_key_init: uniform
2026-06-04 04:43:10,224 [trainer.py] => use_prompt_mask: True
2026-06-04 04:43:10,224 [trainer.py] => shared_prompt_pool: True
2026-06-04 04:43:10,224 [trainer.py] => shared_prompt_key: False
2026-06-04 04:43:10,224 [trainer.py] => batchwise_prompt: True
2026-06-04 04:43:10,224 [trainer.py] => embedding_key: cls
2026-06-04 04:43:10,224 [trainer.py] => predefined_key: 
2026-06-04 04:43:10,224 [trainer.py] => pull_constraint: True
2026-06-04 04:43:10,224 [trainer.py] => pull_constraint_coeff: 0.1
2026-06-04 04:43:10,224 [trainer.py] => same_key_value: False
2026-06-04 04:43:10,224 [trainer.py] => nb_classes: 200
2026-06-04 04:43:10,224 [trainer.py] => nb_tasks: 5
2026-06-04 04:43:10,924 [data_manager.py] => [85, 41, 23, 28, 70, 87, 134, 151, 51, 159, 178, 119, 50, 117, 73, 95, 86, 147, 63, 22, 79, 175, 40, 155, 174, 54, 132, 72, 124, 157, 93, 26, 196, 74, 44, 15, 169, 122, 88, 171, 184, 6, 18, 145, 48, 197, 64, 172, 126, 96, 11, 55, 193, 66, 128, 21, 77, 113, 140, 116, 141, 133, 120, 29, 115, 14, 103, 127, 114, 19, 9, 38, 33, 195, 81, 35, 69, 181, 47, 129, 112, 168, 198, 71, 101, 188, 68, 90, 158, 163, 52, 8, 185, 59, 154, 92, 56, 183, 32, 136, 65, 45, 46, 173, 189, 108, 102, 144, 0, 107, 187, 100, 98, 192, 43, 161, 104, 75, 150, 166, 121, 60, 160, 3, 143, 153, 62, 142, 61, 110, 194, 97, 25, 177, 179, 17, 49, 31, 94, 111, 16, 53, 91, 58, 135, 83, 2, 12, 13, 165, 42, 36, 186, 105, 1, 7, 149, 170, 27, 24, 78, 167, 137, 138, 118, 10, 139, 164, 20, 57, 123, 199, 89, 130, 82, 162, 176, 148, 109, 125, 67, 106, 37, 146, 131, 180, 156, 39, 5, 84, 4, 190, 152, 191, 30, 76, 80, 34, 99, 182]
2026-06-04 04:43:17,695 [dualprompt.py] => 86,205,896 model total parameters.
2026-06-04 04:43:17,696 [dualprompt.py] => 407,240 model training parameters.
2026-06-04 04:43:17,696 [dualprompt.py] => g_prompt: 15360
2026-06-04 04:43:17,696 [dualprompt.py] => e_prompt.prompt: 230400
2026-06-04 04:43:17,696 [dualprompt.py] => e_prompt.prompt_key: 7680
2026-06-04 04:43:17,696 [dualprompt.py] => head.weight: 153600
2026-06-04 04:43:17,696 [dualprompt.py] => head.bias: 200
2026-06-04 04:43:17,697 [trainer.py] => All params: 172158352
2026-06-04 04:43:17,698 [trainer.py] => Trainable params: 407240
2026-06-04 04:43:17,698 [dualprompt.py] => Learning on 0-40
2026-06-04 05:15:55,233 [dualprompt.py] => Task 0, Epoch 20/20 => Loss 0.126, Train_accy 95.03, Test_accy 97.55
2026-06-04 05:16:12,212 [trainer.py] => No NME accuracy.
2026-06-04 05:16:12,212 [trainer.py] => CNN: {'total': 97.55, '00-39': 97.55, 'old': 0, 'new': 97.55}
2026-06-04 05:16:12,212 [trainer.py] => CNN top1 curve: [97.55]
2026-06-04 05:16:12,212 [trainer.py] => CNN top5 curve: [99.8]
2026-06-04 05:16:12,212 [trainer.py] => Average Accuracy (CNN): 97.55
2026-06-04 05:16:12,214 [trainer.py] => All params: 172158352
2026-06-04 05:16:12,215 [trainer.py] => Trainable params: 407240
2026-06-04 05:16:12,215 [dualprompt.py] => Learning on 40-80
2026-06-04 05:49:33,455 [dualprompt.py] => Task 1, Epoch 20/20 => Loss 0.131, Train_accy 95.20, Test_accy 89.33
2026-06-04 05:50:03,742 [trainer.py] => No NME accuracy.
2026-06-04 05:50:03,743 [trainer.py] => CNN: {'total': 89.33, '00-39': 92.86, '40-79': 85.46, 'old': 92.86, 'new': 85.46}
2026-06-04 05:50:03,743 [trainer.py] => CNN top1 curve: [97.55, 89.33]
2026-06-04 05:50:03,743 [trainer.py] => CNN top5 curve: [99.8, 98.83]
2026-06-04 05:50:03,744 [trainer.py] => Average Accuracy (CNN): 93.44
2026-06-04 05:50:03,747 [trainer.py] => All params: 172158352
2026-06-04 05:50:03,751 [trainer.py] => Trainable params: 407240
2026-06-04 05:50:03,751 [dualprompt.py] => Learning on 80-120
2026-06-04 06:24:19,356 [dualprompt.py] => Task 2, Epoch 20/20 => Loss 0.127, Train_accy 95.27, Test_accy 84.37
2026-06-04 06:25:04,354 [trainer.py] => No NME accuracy.
2026-06-04 06:25:04,355 [trainer.py] => CNN: {'total': 84.37, '00-39': 89.18, '40-79': 78.08, '80-119': 85.37, 'old': 83.88, 'new': 85.37}
2026-06-04 06:25:04,355 [trainer.py] => CNN top1 curve: [97.55, 89.33, 84.37]
2026-06-04 06:25:04,355 [trainer.py] => CNN top5 curve: [99.8, 98.83, 98.41]
2026-06-04 06:25:04,355 [trainer.py] => Average Accuracy (CNN): 90.42
2026-06-04 06:25:04,356 [trainer.py] => All params: 172158352
2026-06-04 06:25:04,358 [trainer.py] => Trainable params: 407240
2026-06-04 06:25:04,358 [dualprompt.py] => Learning on 120-160
2026-06-04 06:59:30,062 [dualprompt.py] => Task 3, Epoch 20/20 => Loss 0.144, Train_accy 95.11, Test_accy 79.20
2026-06-04 07:00:33,398 [trainer.py] => No NME accuracy.
2026-06-04 07:00:33,398 [trainer.py] => CNN: {'total': 79.2, '00-39': 87.35, '40-79': 76.06, '80-119': 82.71, '120-159': 70.82, 'old': 82.2, 'new': 70.82}
2026-06-04 07:00:33,399 [trainer.py] => CNN top1 curve: [97.55, 89.33, 84.37, 79.2]
2026-06-04 07:00:33,399 [trainer.py] => CNN top5 curve: [99.8, 98.83, 98.41, 97.88]
2026-06-04 07:00:33,399 [trainer.py] => Average Accuracy (CNN): 87.61
2026-06-04 07:00:33,401 [trainer.py] => All params: 172158352
2026-06-04 07:00:33,403 [trainer.py] => Trainable params: 407240
2026-06-04 07:00:33,403 [dualprompt.py] => Learning on 160-200
2026-06-04 07:36:46,701 [dualprompt.py] => Task 4, Epoch 20/20 => Loss 0.124, Train_accy 95.32, Test_accy 77.48
2026-06-04 07:38:01,408 [trainer.py] => No NME accuracy.
2026-06-04 07:38:01,446 [trainer.py] => CNN: {'total': 77.48, '00-39': 87.35, '40-79': 73.83, '80-119': 81.82, '120-159': 69.82, '160-199': 74.63, 'old': 78.2, 'new': 74.63}
2026-06-04 07:38:01,446 [trainer.py] => CNN top1 curve: [97.55, 89.33, 84.37, 79.2, 77.48]
2026-06-04 07:38:01,447 [trainer.py] => CNN top5 curve: [99.8, 98.83, 98.41, 97.88, 97.67]
2026-06-04 07:38:01,447 [trainer.py] => Average Accuracy (CNN): 85.59
