2026-06-05 13:26:06,049 [trainer.py] => config: ./configs/dualprompt/dualprompt_cub_B100_Inc20.json
2026-06-05 13:26:06,049 [trainer.py] => prefix:  
2026-06-05 13:26:06,049 [trainer.py] => dataset: cub
2026-06-05 13:26:06,050 [trainer.py] => memory_size: 0
2026-06-05 13:26:06,050 [trainer.py] => memory_per_class: 0
2026-06-05 13:26:06,050 [trainer.py] => fixed_memory: True
2026-06-05 13:26:06,050 [trainer.py] => shuffle: True
2026-06-05 13:26:06,050 [trainer.py] => init_cls: 100
2026-06-05 13:26:06,050 [trainer.py] => increment: 20
2026-06-05 13:26:06,051 [trainer.py] => model_name: dualprompt
2026-06-05 13:26:06,051 [trainer.py] => backbone_type: vit_base_patch16_224_in21k_dualprompt
2026-06-05 13:26:06,051 [trainer.py] => get_original_backbone: True
2026-06-05 13:26:06,051 [trainer.py] => device: [device(type='cuda', index=3)]
2026-06-05 13:26:06,051 [trainer.py] => seed: 1994
2026-06-05 13:26:06,052 [trainer.py] => tuned_epoch: 20
2026-06-05 13:26:06,052 [trainer.py] => init_lr: 0.001
2026-06-05 13:26:06,052 [trainer.py] => batch_size: 48
2026-06-05 13:26:06,052 [trainer.py] => weight_decay: 0
2026-06-05 13:26:06,052 [trainer.py] => min_lr: 1e-05
2026-06-05 13:26:06,052 [trainer.py] => optimizer: adam
2026-06-05 13:26:06,052 [trainer.py] => scheduler: constant
2026-06-05 13:26:06,053 [trainer.py] => reinit_optimizer: True
2026-06-05 13:26:06,053 [trainer.py] => global_pool: token
2026-06-05 13:26:06,053 [trainer.py] => head_type: token
2026-06-05 13:26:06,053 [trainer.py] => freeze: ['blocks', 'patch_embed', 'cls_token', 'norm', 'pos_embed']
2026-06-05 13:26:06,053 [trainer.py] => pretrained: True
2026-06-05 13:26:06,053 [trainer.py] => drop: 0.0
2026-06-05 13:26:06,053 [trainer.py] => drop_path: 0.0
2026-06-05 13:26:06,054 [trainer.py] => use_g_prompt: True
2026-06-05 13:26:06,054 [trainer.py] => g_prompt_length: 5
2026-06-05 13:26:06,054 [trainer.py] => g_prompt_layer_idx: [0, 1]
2026-06-05 13:26:06,054 [trainer.py] => use_prefix_tune_for_g_prompt: True
2026-06-05 13:26:06,054 [trainer.py] => use_e_prompt: True
2026-06-05 13:26:06,054 [trainer.py] => e_prompt_layer_idx: [2, 3, 4]
2026-06-05 13:26:06,055 [trainer.py] => use_prefix_tune_for_e_prompt: True
2026-06-05 13:26:06,055 [trainer.py] => prompt_pool: True
2026-06-05 13:26:06,055 [trainer.py] => size: 10
2026-06-05 13:26:06,055 [trainer.py] => length: 5
2026-06-05 13:26:06,055 [trainer.py] => top_k: 1
2026-06-05 13:26:06,055 [trainer.py] => initializer: uniform
2026-06-05 13:26:06,055 [trainer.py] => prompt_key: True
2026-06-05 13:26:06,056 [trainer.py] => prompt_key_init: uniform
2026-06-05 13:26:06,056 [trainer.py] => use_prompt_mask: True
2026-06-05 13:26:06,056 [trainer.py] => shared_prompt_pool: True
2026-06-05 13:26:06,056 [trainer.py] => shared_prompt_key: False
2026-06-05 13:26:06,056 [trainer.py] => batchwise_prompt: True
2026-06-05 13:26:06,056 [trainer.py] => embedding_key: cls
2026-06-05 13:26:06,056 [trainer.py] => predefined_key: 
2026-06-05 13:26:06,057 [trainer.py] => pull_constraint: True
2026-06-05 13:26:06,057 [trainer.py] => pull_constraint_coeff: 0.1
2026-06-05 13:26:06,057 [trainer.py] => same_key_value: False
2026-06-05 13:26:06,057 [trainer.py] => nb_classes: 200
2026-06-05 13:26:06,057 [trainer.py] => nb_tasks: 6
2026-06-05 13:26:06,610 [data_manager.py] => [85, 41, 23, 28, 70, 87, 134, 151, 51, 159, 178, 119, 50, 117, 73, 95, 86, 147, 63, 22, 79, 175, 40, 155, 174, 54, 132, 72, 124, 157, 93, 26, 196, 74, 44, 15, 169, 122, 88, 171, 184, 6, 18, 145, 48, 197, 64, 172, 126, 96, 11, 55, 193, 66, 128, 21, 77, 113, 140, 116, 141, 133, 120, 29, 115, 14, 103, 127, 114, 19, 9, 38, 33, 195, 81, 35, 69, 181, 47, 129, 112, 168, 198, 71, 101, 188, 68, 90, 158, 163, 52, 8, 185, 59, 154, 92, 56, 183, 32, 136, 65, 45, 46, 173, 189, 108, 102, 144, 0, 107, 187, 100, 98, 192, 43, 161, 104, 75, 150, 166, 121, 60, 160, 3, 143, 153, 62, 142, 61, 110, 194, 97, 25, 177, 179, 17, 49, 31, 94, 111, 16, 53, 91, 58, 135, 83, 2, 12, 13, 165, 42, 36, 186, 105, 1, 7, 149, 170, 27, 24, 78, 167, 137, 138, 118, 10, 139, 164, 20, 57, 123, 199, 89, 130, 82, 162, 176, 148, 109, 125, 67, 106, 37, 146, 131, 180, 156, 39, 5, 84, 4, 190, 152, 191, 30, 76, 80, 34, 99, 182]
2026-06-05 13:26:12,978 [dualprompt.py] => 86,205,896 model total parameters.
2026-06-05 13:26:12,978 [dualprompt.py] => 407,240 model training parameters.
2026-06-05 13:26:12,978 [dualprompt.py] => g_prompt: 15360
2026-06-05 13:26:12,979 [dualprompt.py] => e_prompt.prompt: 230400
2026-06-05 13:26:12,979 [dualprompt.py] => e_prompt.prompt_key: 7680
2026-06-05 13:26:12,979 [dualprompt.py] => head.weight: 153600
2026-06-05 13:26:12,979 [dualprompt.py] => head.bias: 200
2026-06-05 13:26:12,980 [trainer.py] => All params: 172158352
2026-06-05 13:26:12,981 [trainer.py] => Trainable params: 407240
2026-06-05 13:26:12,981 [dualprompt.py] => Learning on 0-100
2026-06-05 14:47:30,294 [dualprompt.py] => Task 0, Epoch 20/20 => Loss 0.206, Train_accy 93.34, Test_accy 90.64
2026-06-05 14:48:08,260 [trainer.py] => No NME accuracy.
2026-06-05 14:48:08,261 [trainer.py] => CNN: {'total': 90.64, '00-99': 90.64, 'old': 0, 'new': 90.64}
2026-06-05 14:48:08,261 [trainer.py] => CNN top1 curve: [90.64]
2026-06-05 14:48:08,261 [trainer.py] => CNN top5 curve: [98.27]
2026-06-05 14:48:08,261 [trainer.py] => Average Accuracy (CNN): 90.64
2026-06-05 14:48:08,263 [trainer.py] => All params: 172158352
2026-06-05 14:48:08,264 [trainer.py] => Trainable params: 407240
2026-06-05 14:48:08,264 [dualprompt.py] => Learning on 100-120
2026-06-05 15:07:11,139 [dualprompt.py] => Task 1, Epoch 20/20 => Loss 0.083, Train_accy 96.68, Test_accy 86.46
2026-06-05 15:07:57,094 [trainer.py] => No NME accuracy.
2026-06-05 15:07:57,094 [trainer.py] => CNN: {'total': 86.46, '00-99': 90.55, '100-119': 66.24, 'old': 90.55, 'new': 66.24}
2026-06-05 15:07:57,095 [trainer.py] => CNN top1 curve: [90.64, 86.46]
2026-06-05 15:07:57,095 [trainer.py] => CNN top5 curve: [98.27, 98.13]
2026-06-05 15:07:57,095 [trainer.py] => Average Accuracy (CNN): 88.55
2026-06-05 15:07:57,099 [trainer.py] => All params: 172158352
2026-06-05 15:07:57,102 [trainer.py] => Trainable params: 407240
2026-06-05 15:07:57,102 [dualprompt.py] => Learning on 120-140
2026-06-05 15:27:28,824 [dualprompt.py] => Task 2, Epoch 20/20 => Loss 0.095, Train_accy 96.41, Test_accy 78.50
2026-06-05 15:28:23,671 [trainer.py] => No NME accuracy.
2026-06-05 15:28:23,672 [trainer.py] => CNN: {'total': 78.5, '00-99': 90.38, '100-119': 66.67, '120-139': 35.43, 'old': 86.38, 'new': 35.43}
2026-06-05 15:28:23,673 [trainer.py] => CNN top1 curve: [90.64, 86.46, 78.5]
2026-06-05 15:28:23,673 [trainer.py] => CNN top5 curve: [98.27, 98.13, 97.93]
2026-06-05 15:28:23,673 [trainer.py] => Average Accuracy (CNN): 85.2
2026-06-05 15:28:23,677 [trainer.py] => All params: 172158352
2026-06-05 15:28:23,680 [trainer.py] => Trainable params: 407240
2026-06-05 15:28:23,681 [dualprompt.py] => Learning on 140-160
2026-06-05 15:48:05,330 [dualprompt.py] => Task 3, Epoch 20/20 => Loss 0.098, Train_accy 96.63, Test_accy 74.16
2026-06-05 15:49:01,879 [trainer.py] => No NME accuracy.
2026-06-05 15:49:01,880 [trainer.py] => CNN: {'total': 74.16, '00-99': 90.12, '100-119': 64.96, '120-139': 35.04, '140-159': 48.15, 'old': 78.01, 'new': 48.15}
2026-06-05 15:49:01,880 [trainer.py] => CNN top1 curve: [90.64, 86.46, 78.5, 74.16]
2026-06-05 15:49:01,880 [trainer.py] => CNN top5 curve: [98.27, 98.13, 97.93, 97.56]
2026-06-05 15:49:01,880 [trainer.py] => Average Accuracy (CNN): 82.44
2026-06-05 15:49:01,881 [trainer.py] => All params: 172158352
2026-06-05 15:49:01,882 [trainer.py] => Trainable params: 407240
2026-06-05 15:49:01,882 [dualprompt.py] => Learning on 160-180
2026-06-05 16:09:54,397 [dualprompt.py] => Task 4, Epoch 20/20 => Loss 0.099, Train_accy 96.31, Test_accy 70.47
2026-06-05 16:10:59,304 [trainer.py] => No NME accuracy.
2026-06-05 16:10:59,304 [trainer.py] => CNN: {'total': 70.47, '00-99': 90.29, '100-119': 64.96, '120-139': 34.65, '140-159': 47.74, '160-179': 42.04, 'old': 74.16, 'new': 42.04}
2026-06-05 16:10:59,304 [trainer.py] => CNN top1 curve: [90.64, 86.46, 78.5, 74.16, 70.47]
2026-06-05 16:10:59,304 [trainer.py] => CNN top5 curve: [98.27, 98.13, 97.93, 97.56, 97.18]
2026-06-05 16:10:59,304 [trainer.py] => Average Accuracy (CNN): 80.05
2026-06-05 16:10:59,306 [trainer.py] => All params: 172158352
2026-06-05 16:10:59,307 [trainer.py] => Trainable params: 407240
2026-06-05 16:10:59,307 [dualprompt.py] => Learning on 180-200
2026-06-05 16:32:05,203 [dualprompt.py] => Task 5, Epoch 20/20 => Loss 0.104, Train_accy 95.61, Test_accy 67.73
2026-06-05 16:33:23,526 [trainer.py] => No NME accuracy.
2026-06-05 16:33:23,526 [trainer.py] => CNN: {'total': 67.73, '00-99': 90.47, '100-119': 64.96, '120-139': 35.04, '140-159': 48.15, '160-179': 42.86, '180-199': 39.47, 'old': 70.75, 'new': 39.47}
2026-06-05 16:33:23,526 [trainer.py] => CNN top1 curve: [90.64, 86.46, 78.5, 74.16, 70.47, 67.73]
2026-06-05 16:33:23,526 [trainer.py] => CNN top5 curve: [98.27, 98.13, 97.93, 97.56, 97.18, 97.12]
2026-06-05 16:33:23,526 [trainer.py] => Average Accuracy (CNN): 77.99
