2026-06-09 18:28:32,095 [trainer.py] => config: ./configs/dualprompt/dualprompt_inr_B0_Inc40.json
2026-06-09 18:28:32,095 [trainer.py] => prefix:  
2026-06-09 18:28:32,095 [trainer.py] => dataset: imagenetr
2026-06-09 18:28:32,096 [trainer.py] => memory_size: 0
2026-06-09 18:28:32,096 [trainer.py] => memory_per_class: 0
2026-06-09 18:28:32,096 [trainer.py] => fixed_memory: False
2026-06-09 18:28:32,096 [trainer.py] => shuffle: True
2026-06-09 18:28:32,096 [trainer.py] => init_cls: 40
2026-06-09 18:28:32,096 [trainer.py] => increment: 40
2026-06-09 18:28:32,096 [trainer.py] => model_name: dualprompt
2026-06-09 18:28:32,096 [trainer.py] => backbone_type: vit_base_patch16_224_in21k_dualprompt
2026-06-09 18:28:32,096 [trainer.py] => get_original_backbone: True
2026-06-09 18:28:32,097 [trainer.py] => device: [device(type='cuda', index=3)]
2026-06-09 18:28:32,097 [trainer.py] => seed: 1993
2026-06-09 18:28:32,097 [trainer.py] => tuned_epoch: 20
2026-06-09 18:28:32,097 [trainer.py] => init_lr: 0.001
2026-06-09 18:28:32,097 [trainer.py] => batch_size: 48
2026-06-09 18:28:32,097 [trainer.py] => weight_decay: 0
2026-06-09 18:28:32,097 [trainer.py] => min_lr: 1e-05
2026-06-09 18:28:32,097 [trainer.py] => optimizer: adam
2026-06-09 18:28:32,097 [trainer.py] => scheduler: constant
2026-06-09 18:28:32,098 [trainer.py] => reinit_optimizer: True
2026-06-09 18:28:32,098 [trainer.py] => global_pool: token
2026-06-09 18:28:32,098 [trainer.py] => head_type: token
2026-06-09 18:28:32,098 [trainer.py] => freeze: ['blocks', 'patch_embed', 'cls_token', 'norm', 'pos_embed']
2026-06-09 18:28:32,098 [trainer.py] => pretrained: True
2026-06-09 18:28:32,098 [trainer.py] => drop: 0.0
2026-06-09 18:28:32,098 [trainer.py] => drop_path: 0.0
2026-06-09 18:28:32,098 [trainer.py] => use_g_prompt: True
2026-06-09 18:28:32,098 [trainer.py] => g_prompt_length: 5
2026-06-09 18:28:32,099 [trainer.py] => g_prompt_layer_idx: [0, 1]
2026-06-09 18:28:32,099 [trainer.py] => use_prefix_tune_for_g_prompt: True
2026-06-09 18:28:32,099 [trainer.py] => use_e_prompt: True
2026-06-09 18:28:32,099 [trainer.py] => e_prompt_layer_idx: [2, 3, 4]
2026-06-09 18:28:32,099 [trainer.py] => use_prefix_tune_for_e_prompt: True
2026-06-09 18:28:32,099 [trainer.py] => prompt_pool: True
2026-06-09 18:28:32,099 [trainer.py] => size: 10
2026-06-09 18:28:32,099 [trainer.py] => length: 5
2026-06-09 18:28:32,099 [trainer.py] => top_k: 1
2026-06-09 18:28:32,100 [trainer.py] => initializer: uniform
2026-06-09 18:28:32,100 [trainer.py] => prompt_key: True
2026-06-09 18:28:32,100 [trainer.py] => prompt_key_init: uniform
2026-06-09 18:28:32,100 [trainer.py] => use_prompt_mask: True
2026-06-09 18:28:32,100 [trainer.py] => shared_prompt_pool: True
2026-06-09 18:28:32,100 [trainer.py] => shared_prompt_key: False
2026-06-09 18:28:32,100 [trainer.py] => batchwise_prompt: True
2026-06-09 18:28:32,100 [trainer.py] => embedding_key: cls
2026-06-09 18:28:32,100 [trainer.py] => predefined_key: 
2026-06-09 18:28:32,100 [trainer.py] => pull_constraint: True
2026-06-09 18:28:32,101 [trainer.py] => pull_constraint_coeff: 0.1
2026-06-09 18:28:32,101 [trainer.py] => same_key_value: False
2026-06-09 18:28:32,101 [trainer.py] => nb_classes: 200
2026-06-09 18:28:32,101 [trainer.py] => nb_tasks: 5
2026-06-09 18:28:33,170 [data_manager.py] => [168, 136, 51, 9, 183, 101, 171, 99, 42, 159, 191, 70, 16, 188, 27, 10, 175, 26, 68, 187, 98, 6, 85, 35, 112, 43, 100, 0, 103, 181, 88, 59, 4, 2, 116, 174, 94, 80, 106, 1, 147, 17, 141, 131, 72, 23, 173, 54, 197, 118, 87, 32, 79, 104, 91, 19, 135, 107, 178, 36, 11, 199, 142, 8, 122, 3, 28, 57, 153, 172, 190, 56, 49, 44, 97, 62, 151, 169, 194, 55, 192, 12, 189, 78, 66, 180, 15, 137, 109, 134, 92, 119, 126, 52, 170, 40, 148, 65, 144, 64, 138, 45, 77, 89, 154, 90, 71, 193, 74, 30, 113, 143, 96, 84, 67, 50, 186, 156, 69, 21, 18, 111, 108, 58, 125, 157, 150, 110, 182, 129, 166, 83, 81, 60, 13, 165, 14, 176, 63, 117, 5, 22, 145, 121, 38, 41, 82, 127, 114, 20, 31, 53, 37, 163, 196, 130, 152, 162, 86, 76, 24, 34, 184, 149, 33, 128, 198, 155, 146, 167, 139, 120, 140, 102, 47, 25, 158, 123, 46, 164, 61, 7, 115, 75, 133, 160, 105, 132, 179, 124, 48, 73, 93, 39, 95, 195, 29, 177, 185, 161]
2026-06-09 18:28:40,649 [dualprompt.py] => 86,205,896 model total parameters.
2026-06-09 18:28:40,649 [dualprompt.py] => 407,240 model training parameters.
2026-06-09 18:28:40,649 [dualprompt.py] => g_prompt: 15360
2026-06-09 18:28:40,650 [dualprompt.py] => e_prompt.prompt: 230400
2026-06-09 18:28:40,650 [dualprompt.py] => e_prompt.prompt_key: 7680
2026-06-09 18:28:40,650 [dualprompt.py] => head.weight: 153600
2026-06-09 18:28:40,650 [dualprompt.py] => head.bias: 200
2026-06-09 18:28:40,651 [trainer.py] => All params: 172158352
2026-06-09 18:28:40,652 [trainer.py] => Trainable params: 407240
2026-06-09 18:28:40,652 [dualprompt.py] => Learning on 0-40
2026-06-09 20:00:23,614 [dualprompt.py] => Task 0, Epoch 20/20 => Loss 0.334, Train_accy 90.05, Test_accy 80.17
2026-06-09 20:01:07,941 [trainer.py] => No NME accuracy.
2026-06-09 20:01:07,968 [trainer.py] => CNN: {'total': 80.17, '00-39': 80.17, 'old': 0, 'new': 80.17}
2026-06-09 20:01:07,968 [trainer.py] => CNN top1 curve: [80.17]
2026-06-09 20:01:07,968 [trainer.py] => CNN top5 curve: [92.96]
2026-06-09 20:01:07,968 [trainer.py] => Average Accuracy (CNN): 80.17
2026-06-09 20:01:07,971 [trainer.py] => All params: 172158352
2026-06-09 20:01:07,973 [trainer.py] => Trainable params: 407240
2026-06-09 20:01:07,974 [dualprompt.py] => Learning on 40-80
2026-06-09 21:23:14,328 [dualprompt.py] => Task 1, Epoch 20/20 => Loss 0.335, Train_accy 90.12, Test_accy 74.94
2026-06-09 21:24:33,951 [trainer.py] => No NME accuracy.
2026-06-09 21:24:33,970 [trainer.py] => CNN: {'total': 74.94, '00-39': 79.49, '40-79': 69.84, 'old': 79.49, 'new': 69.84}
2026-06-09 21:24:33,970 [trainer.py] => CNN top1 curve: [80.17, 74.94]
2026-06-09 21:24:33,970 [trainer.py] => CNN top5 curve: [92.96, 89.19]
2026-06-09 21:24:33,970 [trainer.py] => Average Accuracy (CNN): 77.56
2026-06-09 21:24:33,972 [trainer.py] => All params: 172158352
2026-06-09 21:24:33,973 [trainer.py] => Trainable params: 407240
2026-06-09 21:24:33,973 [dualprompt.py] => Learning on 80-120
2026-06-09 22:53:09,015 [dualprompt.py] => Task 2, Epoch 20/20 => Loss 0.308, Train_accy 90.83, Test_accy 72.24
2026-06-09 22:55:08,320 [trainer.py] => No NME accuracy.
2026-06-09 22:55:08,379 [trainer.py] => CNN: {'total': 72.24, '00-39': 78.35, '40-79': 68.14, '80-119': 69.4, 'old': 73.54, 'new': 69.4}
2026-06-09 22:55:08,379 [trainer.py] => CNN top1 curve: [80.17, 74.94, 72.24]
2026-06-09 22:55:08,380 [trainer.py] => CNN top5 curve: [92.96, 89.19, 87.35]
2026-06-09 22:55:08,380 [trainer.py] => Average Accuracy (CNN): 75.78
2026-06-09 22:55:08,381 [trainer.py] => All params: 172158352
2026-06-09 22:55:08,382 [trainer.py] => Trainable params: 407240
2026-06-09 22:55:08,382 [dualprompt.py] => Learning on 120-160
2026-06-10 00:27:03,637 [dualprompt.py] => Task 3, Epoch 20/20 => Loss 0.305, Train_accy 90.87, Test_accy 71.29
2026-06-10 00:29:21,588 [trainer.py] => No NME accuracy.
2026-06-10 00:29:21,614 [trainer.py] => CNN: {'total': 71.29, '00-39': 76.91, '40-79': 67.97, '80-119': 68.79, '120-159': 70.8, 'old': 71.47, 'new': 70.8}
2026-06-10 00:29:21,614 [trainer.py] => CNN top1 curve: [80.17, 74.94, 72.24, 71.29]
2026-06-10 00:29:21,614 [trainer.py] => CNN top5 curve: [92.96, 89.19, 87.35, 86.75]
2026-06-10 00:29:21,615 [trainer.py] => Average Accuracy (CNN): 74.66
2026-06-10 00:29:21,616 [trainer.py] => All params: 172158352
2026-06-10 00:29:21,617 [trainer.py] => Trainable params: 407240
2026-06-10 00:29:21,617 [dualprompt.py] => Learning on 160-200
2026-06-10 01:51:54,807 [dualprompt.py] => Task 4, Epoch 20/20 => Loss 0.306, Train_accy 90.94, Test_accy 69.43
2026-06-10 01:55:10,575 [trainer.py] => No NME accuracy.
2026-06-10 01:55:10,599 [trainer.py] => CNN: {'total': 69.43, '00-39': 76.53, '40-79': 67.63, '80-119': 67.74, '120-159': 69.95, '160-199': 63.77, 'old': 70.65, 'new': 63.77}
2026-06-10 01:55:10,599 [trainer.py] => CNN top1 curve: [80.17, 74.94, 72.24, 71.29, 69.43]
2026-06-10 01:55:10,599 [trainer.py] => CNN top5 curve: [92.96, 89.19, 87.35, 86.75, 85.55]
2026-06-10 01:55:10,600 [trainer.py] => Average Accuracy (CNN): 73.61
