2026-06-14 20:40:50,314 [trainer.py] => config: ./configs/dualprompt/dualprompt_ina_B0_Inc40.json
2026-06-14 20:40:50,315 [trainer.py] => prefix:  
2026-06-14 20:40:50,315 [trainer.py] => dataset: imageneta
2026-06-14 20:40:50,315 [trainer.py] => memory_size: 0
2026-06-14 20:40:50,315 [trainer.py] => memory_per_class: 0
2026-06-14 20:40:50,315 [trainer.py] => fixed_memory: False
2026-06-14 20:40:50,315 [trainer.py] => shuffle: True
2026-06-14 20:40:50,315 [trainer.py] => init_cls: 40
2026-06-14 20:40:50,315 [trainer.py] => increment: 40
2026-06-14 20:40:50,315 [trainer.py] => model_name: dualprompt
2026-06-14 20:40:50,315 [trainer.py] => backbone_type: vit_base_patch16_224_in21k_dualprompt
2026-06-14 20:40:50,315 [trainer.py] => get_original_backbone: True
2026-06-14 20:40:50,315 [trainer.py] => device: [device(type='cuda', index=3)]
2026-06-14 20:40:50,316 [trainer.py] => seed: 42
2026-06-14 20:40:50,316 [trainer.py] => tuned_epoch: 20
2026-06-14 20:40:50,316 [trainer.py] => init_lr: 0.001
2026-06-14 20:40:50,316 [trainer.py] => batch_size: 48
2026-06-14 20:40:50,316 [trainer.py] => weight_decay: 0
2026-06-14 20:40:50,316 [trainer.py] => min_lr: 1e-05
2026-06-14 20:40:50,316 [trainer.py] => optimizer: adam
2026-06-14 20:40:50,316 [trainer.py] => scheduler: constant
2026-06-14 20:40:50,316 [trainer.py] => reinit_optimizer: True
2026-06-14 20:40:50,316 [trainer.py] => global_pool: token
2026-06-14 20:40:50,316 [trainer.py] => head_type: token
2026-06-14 20:40:50,316 [trainer.py] => freeze: ['blocks', 'patch_embed', 'cls_token', 'norm', 'pos_embed']
2026-06-14 20:40:50,316 [trainer.py] => pretrained: True
2026-06-14 20:40:50,316 [trainer.py] => drop: 0.0
2026-06-14 20:40:50,317 [trainer.py] => drop_path: 0.0
2026-06-14 20:40:50,317 [trainer.py] => use_g_prompt: True
2026-06-14 20:40:50,317 [trainer.py] => g_prompt_length: 5
2026-06-14 20:40:50,317 [trainer.py] => g_prompt_layer_idx: [0, 1]
2026-06-14 20:40:50,317 [trainer.py] => use_prefix_tune_for_g_prompt: True
2026-06-14 20:40:50,317 [trainer.py] => use_e_prompt: True
2026-06-14 20:40:50,317 [trainer.py] => e_prompt_layer_idx: [2, 3, 4]
2026-06-14 20:40:50,317 [trainer.py] => use_prefix_tune_for_e_prompt: True
2026-06-14 20:40:50,317 [trainer.py] => prompt_pool: True
2026-06-14 20:40:50,317 [trainer.py] => size: 10
2026-06-14 20:40:50,317 [trainer.py] => length: 5
2026-06-14 20:40:50,317 [trainer.py] => top_k: 1
2026-06-14 20:40:50,317 [trainer.py] => initializer: uniform
2026-06-14 20:40:50,317 [trainer.py] => prompt_key: True
2026-06-14 20:40:50,318 [trainer.py] => prompt_key_init: uniform
2026-06-14 20:40:50,318 [trainer.py] => use_prompt_mask: True
2026-06-14 20:40:50,318 [trainer.py] => shared_prompt_pool: True
2026-06-14 20:40:50,318 [trainer.py] => shared_prompt_key: False
2026-06-14 20:40:50,318 [trainer.py] => batchwise_prompt: True
2026-06-14 20:40:50,318 [trainer.py] => embedding_key: cls
2026-06-14 20:40:50,318 [trainer.py] => predefined_key: 
2026-06-14 20:40:50,318 [trainer.py] => pull_constraint: True
2026-06-14 20:40:50,318 [trainer.py] => pull_constraint_coeff: 0.1
2026-06-14 20:40:50,318 [trainer.py] => same_key_value: False
2026-06-14 20:40:51,122 [data_manager.py] => [95, 15, 30, 158, 128, 115, 69, 170, 174, 45, 66, 182, 165, 78, 186, 177, 56, 152, 82, 68, 124, 16, 148, 93, 65, 60, 84, 67, 125, 132, 9, 18, 55, 75, 150, 104, 135, 137, 164, 76, 79, 197, 38, 24, 122, 195, 29, 19, 143, 86, 114, 173, 5, 126, 117, 73, 140, 98, 172, 96, 169, 97, 31, 12, 35, 119, 42, 189, 90, 136, 51, 127, 162, 41, 118, 113, 26, 139, 100, 111, 2, 77, 46, 187, 191, 85, 161, 36, 190, 61, 22, 141, 101, 33, 11, 194, 159, 6, 27, 120, 4, 32, 142, 145, 109, 144, 10, 62, 112, 146, 166, 0, 198, 153, 70, 123, 64, 44, 163, 28, 40, 108, 155, 156, 25, 23, 184, 147, 81, 39, 168, 47, 94, 154, 43, 138, 3, 105, 53, 133, 180, 178, 185, 49, 80, 34, 7, 110, 91, 83, 176, 181, 89, 8, 13, 59, 171, 131, 17, 72, 175, 134, 167, 183, 63, 54, 107, 50, 196, 58, 48, 88, 21, 57, 160, 192, 129, 37, 157, 193, 1, 52, 149, 130, 151, 103, 99, 116, 87, 74, 121, 199, 20, 188, 71, 106, 14, 92, 179, 102]
2026-06-14 20:41:09,360 [dualprompt.py] => 86,205,896 model total parameters.
2026-06-14 20:41:09,360 [dualprompt.py] => 407,240 model training parameters.
2026-06-14 20:41:09,360 [dualprompt.py] => g_prompt: 15360
2026-06-14 20:41:09,360 [dualprompt.py] => e_prompt.prompt: 230400
2026-06-14 20:41:09,360 [dualprompt.py] => e_prompt.prompt_key: 7680
2026-06-14 20:41:09,361 [dualprompt.py] => head.weight: 153600
2026-06-14 20:41:09,361 [dualprompt.py] => head.bias: 200
2026-06-14 20:41:09,362 [trainer.py] => All params: 172158352
2026-06-14 20:41:09,363 [trainer.py] => Trainable params: 407240
2026-06-14 20:41:09,363 [dualprompt.py] => Learning on 0-40
2026-06-14 21:02:24,043 [dualprompt.py] => Task 0, Epoch 20/20 => Loss 0.158, Train_accy 95.49, Test_accy 65.02
2026-06-14 21:02:34,739 [trainer.py] => No NME accuracy.
2026-06-14 21:02:34,739 [trainer.py] => CNN: {'total': 65.02, '00-39': 65.02, 'old': 0, 'new': 65.02}
2026-06-14 21:02:34,739 [trainer.py] => CNN top1 curve: [65.02]
2026-06-14 21:02:34,739 [trainer.py] => CNN top5 curve: [88.78]
2026-06-14 21:02:34,740 [trainer.py] => Average Accuracy (CNN): 65.02
2026-06-14 21:02:34,741 [trainer.py] => All params: 172158352
2026-06-14 21:02:34,741 [trainer.py] => Trainable params: 407240
2026-06-14 21:02:34,741 [dualprompt.py] => Learning on 40-80
2026-06-14 21:21:55,125 [dualprompt.py] => Task 1, Epoch 20/20 => Loss 0.137, Train_accy 95.63, Test_accy 54.76
2026-06-14 21:22:14,158 [trainer.py] => No NME accuracy.
2026-06-14 21:22:14,158 [trainer.py] => CNN: {'total': 54.76, '00-39': 59.08, '40-79': 49.61, 'old': 59.08, 'new': 49.61}
2026-06-14 21:22:14,158 [trainer.py] => CNN top1 curve: [65.02, 54.76]
2026-06-14 21:22:14,158 [trainer.py] => CNN top5 curve: [88.78, 79.17]
2026-06-14 21:22:14,158 [trainer.py] => Average Accuracy (CNN): 59.89
2026-06-14 21:22:14,160 [trainer.py] => All params: 172158352
2026-06-14 21:22:14,161 [trainer.py] => Trainable params: 407240
2026-06-14 21:22:14,161 [dualprompt.py] => Learning on 80-120
2026-06-14 21:49:29,803 [dualprompt.py] => Task 2, Epoch 20/20 => Loss 0.141, Train_accy 95.51, Test_accy 51.92
2026-06-14 21:50:01,268 [trainer.py] => No NME accuracy.
2026-06-14 21:50:01,269 [trainer.py] => CNN: {'total': 51.92, '00-39': 56.11, '40-79': 45.67, '80-119': 52.76, 'old': 51.35, 'new': 52.76}
2026-06-14 21:50:01,269 [trainer.py] => CNN top1 curve: [65.02, 54.76, 51.92]
2026-06-14 21:50:01,269 [trainer.py] => CNN top5 curve: [88.78, 79.17, 76.97]
2026-06-14 21:50:01,269 [trainer.py] => Average Accuracy (CNN): 57.23
2026-06-14 21:50:01,270 [trainer.py] => All params: 172158352
2026-06-14 21:50:01,271 [trainer.py] => Trainable params: 407240
2026-06-14 21:50:01,271 [dualprompt.py] => Learning on 120-160
2026-06-14 22:11:27,796 [dualprompt.py] => Task 3, Epoch 20/20 => Loss 0.142, Train_accy 95.29, Test_accy 47.51
2026-06-14 22:12:08,621 [trainer.py] => No NME accuracy.
2026-06-14 22:12:08,621 [trainer.py] => CNN: {'total': 47.51, '00-39': 53.47, '40-79': 44.49, '80-119': 49.34, '120-159': 41.46, 'old': 49.36, 'new': 41.46}
2026-06-14 22:12:08,621 [trainer.py] => CNN top1 curve: [65.02, 54.76, 51.92, 47.51]
2026-06-14 22:12:08,621 [trainer.py] => CNN top5 curve: [88.78, 79.17, 76.97, 73.47]
2026-06-14 22:12:08,621 [trainer.py] => Average Accuracy (CNN): 54.8
2026-06-14 22:12:08,622 [trainer.py] => All params: 172158352
2026-06-14 22:12:08,623 [trainer.py] => Trainable params: 407240
2026-06-14 22:12:08,623 [dualprompt.py] => Learning on 160-200
2026-06-14 22:35:08,486 [dualprompt.py] => Task 4, Epoch 20/20 => Loss 0.186, Train_accy 94.46, Test_accy 44.11
2026-06-14 22:35:58,316 [trainer.py] => No NME accuracy.
2026-06-14 22:35:58,317 [trainer.py] => CNN: {'total': 44.11, '00-39': 51.82, '40-79': 44.09, '80-119': 48.03, '120-159': 42.16, '160-199': 32.99, 'old': 46.78, 'new': 32.99}
2026-06-14 22:35:58,317 [trainer.py] => CNN top1 curve: [65.02, 54.76, 51.92, 47.51, 44.11]
2026-06-14 22:35:58,317 [trainer.py] => CNN top5 curve: [88.78, 79.17, 76.97, 73.47, 70.31]
2026-06-14 22:35:58,317 [trainer.py] => Average Accuracy (CNN): 52.66
