2026-06-12 03:34:25,900 [trainer.py] => config: ./configs/dualprompt/dualprompt_inr_B100_Inc10.json
2026-06-12 03:34:25,900 [trainer.py] => prefix:  
2026-06-12 03:34:25,900 [trainer.py] => dataset: imagenetr
2026-06-12 03:34:25,900 [trainer.py] => memory_size: 0
2026-06-12 03:34:25,900 [trainer.py] => memory_per_class: 0
2026-06-12 03:34:25,900 [trainer.py] => fixed_memory: False
2026-06-12 03:34:25,900 [trainer.py] => shuffle: True
2026-06-12 03:34:25,900 [trainer.py] => init_cls: 100
2026-06-12 03:34:25,900 [trainer.py] => increment: 10
2026-06-12 03:34:25,901 [trainer.py] => model_name: dualprompt
2026-06-12 03:34:25,901 [trainer.py] => backbone_type: vit_base_patch16_224_in21k_dualprompt
2026-06-12 03:34:25,901 [trainer.py] => get_original_backbone: True
2026-06-12 03:34:25,901 [trainer.py] => device: [device(type='cuda', index=3)]
2026-06-12 03:34:25,901 [trainer.py] => seed: 1993
2026-06-12 03:34:25,901 [trainer.py] => tuned_epoch: 20
2026-06-12 03:34:25,901 [trainer.py] => init_lr: 0.001
2026-06-12 03:34:25,901 [trainer.py] => batch_size: 48
2026-06-12 03:34:25,901 [trainer.py] => weight_decay: 0
2026-06-12 03:34:25,901 [trainer.py] => min_lr: 1e-05
2026-06-12 03:34:25,901 [trainer.py] => optimizer: adam
2026-06-12 03:34:25,901 [trainer.py] => scheduler: constant
2026-06-12 03:34:25,901 [trainer.py] => reinit_optimizer: True
2026-06-12 03:34:25,901 [trainer.py] => global_pool: token
2026-06-12 03:34:25,901 [trainer.py] => head_type: token
2026-06-12 03:34:25,902 [trainer.py] => freeze: ['blocks', 'patch_embed', 'cls_token', 'norm', 'pos_embed']
2026-06-12 03:34:25,902 [trainer.py] => pretrained: True
2026-06-12 03:34:25,902 [trainer.py] => drop: 0.0
2026-06-12 03:34:25,902 [trainer.py] => drop_path: 0.0
2026-06-12 03:34:25,902 [trainer.py] => use_g_prompt: True
2026-06-12 03:34:25,902 [trainer.py] => g_prompt_length: 5
2026-06-12 03:34:25,902 [trainer.py] => g_prompt_layer_idx: [0, 1]
2026-06-12 03:34:25,902 [trainer.py] => use_prefix_tune_for_g_prompt: True
2026-06-12 03:34:25,902 [trainer.py] => use_e_prompt: True
2026-06-12 03:34:25,902 [trainer.py] => e_prompt_layer_idx: [2, 3, 4]
2026-06-12 03:34:25,902 [trainer.py] => use_prefix_tune_for_e_prompt: True
2026-06-12 03:34:25,902 [trainer.py] => prompt_pool: True
2026-06-12 03:34:25,902 [trainer.py] => size: 10
2026-06-12 03:34:25,902 [trainer.py] => length: 5
2026-06-12 03:34:25,902 [trainer.py] => top_k: 1
2026-06-12 03:34:25,902 [trainer.py] => initializer: uniform
2026-06-12 03:34:25,902 [trainer.py] => prompt_key: True
2026-06-12 03:34:25,903 [trainer.py] => prompt_key_init: uniform
2026-06-12 03:34:25,903 [trainer.py] => use_prompt_mask: True
2026-06-12 03:34:25,903 [trainer.py] => shared_prompt_pool: True
2026-06-12 03:34:25,903 [trainer.py] => shared_prompt_key: False
2026-06-12 03:34:25,903 [trainer.py] => batchwise_prompt: True
2026-06-12 03:34:25,903 [trainer.py] => embedding_key: cls
2026-06-12 03:34:25,903 [trainer.py] => predefined_key: 
2026-06-12 03:34:25,903 [trainer.py] => pull_constraint: True
2026-06-12 03:34:25,903 [trainer.py] => pull_constraint_coeff: 0.1
2026-06-12 03:34:25,903 [trainer.py] => same_key_value: False
2026-06-12 03:34:25,903 [trainer.py] => nb_classes: 200
2026-06-12 03:34:25,903 [trainer.py] => nb_tasks: 11
2026-06-12 03:34:26,755 [data_manager.py] => [168, 136, 51, 9, 183, 101, 171, 99, 42, 159, 191, 70, 16, 188, 27, 10, 175, 26, 68, 187, 98, 6, 85, 35, 112, 43, 100, 0, 103, 181, 88, 59, 4, 2, 116, 174, 94, 80, 106, 1, 147, 17, 141, 131, 72, 23, 173, 54, 197, 118, 87, 32, 79, 104, 91, 19, 135, 107, 178, 36, 11, 199, 142, 8, 122, 3, 28, 57, 153, 172, 190, 56, 49, 44, 97, 62, 151, 169, 194, 55, 192, 12, 189, 78, 66, 180, 15, 137, 109, 134, 92, 119, 126, 52, 170, 40, 148, 65, 144, 64, 138, 45, 77, 89, 154, 90, 71, 193, 74, 30, 113, 143, 96, 84, 67, 50, 186, 156, 69, 21, 18, 111, 108, 58, 125, 157, 150, 110, 182, 129, 166, 83, 81, 60, 13, 165, 14, 176, 63, 117, 5, 22, 145, 121, 38, 41, 82, 127, 114, 20, 31, 53, 37, 163, 196, 130, 152, 162, 86, 76, 24, 34, 184, 149, 33, 128, 198, 155, 146, 167, 139, 120, 140, 102, 47, 25, 158, 123, 46, 164, 61, 7, 115, 75, 133, 160, 105, 132, 179, 124, 48, 73, 93, 39, 95, 195, 29, 177, 185, 161]
2026-06-12 03:34:35,701 [dualprompt.py] => 86,205,896 model total parameters.
2026-06-12 03:34:35,702 [dualprompt.py] => 407,240 model training parameters.
2026-06-12 03:34:35,702 [dualprompt.py] => g_prompt: 15360
2026-06-12 03:34:35,702 [dualprompt.py] => e_prompt.prompt: 230400
2026-06-12 03:34:35,702 [dualprompt.py] => e_prompt.prompt_key: 7680
2026-06-12 03:34:35,702 [dualprompt.py] => head.weight: 153600
2026-06-12 03:34:35,702 [dualprompt.py] => head.bias: 200
2026-06-12 03:34:35,703 [trainer.py] => All params: 172158352
2026-06-12 03:34:35,704 [trainer.py] => Trainable params: 407240
2026-06-12 03:34:35,704 [dualprompt.py] => Learning on 0-100
2026-06-12 07:01:19,245 [dualprompt.py] => Task 0, Epoch 20/20 => Loss 0.545, Train_accy 85.34, Test_accy 74.47
2026-06-12 07:02:56,583 [trainer.py] => No NME accuracy.
2026-06-12 07:02:56,608 [trainer.py] => CNN: {'total': 74.47, '00-99': 74.47, 'old': 0, 'new': 74.47}
2026-06-12 07:02:56,609 [trainer.py] => CNN top1 curve: [74.47]
2026-06-12 07:02:56,609 [trainer.py] => CNN top5 curve: [88.81]
2026-06-12 07:02:56,609 [trainer.py] => Average Accuracy (CNN): 74.47
2026-06-12 07:02:56,610 [trainer.py] => All params: 172158352
2026-06-12 07:02:56,611 [trainer.py] => Trainable params: 407240
2026-06-12 07:02:56,611 [dualprompt.py] => Learning on 100-110
2026-06-12 07:29:59,035 [dualprompt.py] => Task 1, Epoch 20/20 => Loss 0.117, Train_accy 95.47, Test_accy 71.37
2026-06-12 07:31:46,670 [trainer.py] => No NME accuracy.
2026-06-12 07:31:46,693 [trainer.py] => CNN: {'total': 71.37, '00-99': 75.01, '100-109': 33.1, 'old': 75.01, 'new': 33.1}
2026-06-12 07:31:46,693 [trainer.py] => CNN top1 curve: [74.47, 71.37]
2026-06-12 07:31:46,693 [trainer.py] => CNN top5 curve: [88.81, 87.95]
2026-06-12 07:31:46,694 [trainer.py] => Average Accuracy (CNN): 72.92
2026-06-12 07:31:46,695 [trainer.py] => All params: 172158352
2026-06-12 07:31:46,696 [trainer.py] => Trainable params: 407240
2026-06-12 07:31:46,696 [dualprompt.py] => Learning on 110-120
2026-06-12 08:04:48,783 [dualprompt.py] => Task 2, Epoch 20/20 => Loss 0.146, Train_accy 94.78, Test_accy 67.19
2026-06-12 08:06:52,835 [trainer.py] => No NME accuracy.
2026-06-12 08:06:52,846 [trainer.py] => CNN: {'total': 67.19, '00-99': 74.74, '100-109': 33.8, '110-119': 32.45, 'old': 71.18, 'new': 32.45}
2026-06-12 08:06:52,846 [trainer.py] => CNN top1 curve: [74.47, 71.37, 67.19]
2026-06-12 08:06:52,846 [trainer.py] => CNN top5 curve: [88.81, 87.95, 86.42]
2026-06-12 08:06:52,846 [trainer.py] => Average Accuracy (CNN): 71.01
2026-06-12 08:06:52,847 [trainer.py] => All params: 172158352
2026-06-12 08:06:52,848 [trainer.py] => Trainable params: 407240
2026-06-12 08:06:52,848 [dualprompt.py] => Learning on 120-130
2026-06-12 08:32:19,408 [dualprompt.py] => Task 3, Epoch 20/20 => Loss 0.120, Train_accy 96.38, Test_accy 63.20
2026-06-12 08:34:25,777 [trainer.py] => No NME accuracy.
2026-06-12 08:34:25,787 [trainer.py] => CNN: {'total': 63.2, '00-99': 74.61, '100-109': 33.1, '110-119': 32.18, '120-129': 12.18, 'old': 67.0, 'new': 12.18}
2026-06-12 08:34:25,788 [trainer.py] => CNN top1 curve: [74.47, 71.37, 67.19, 63.2]
2026-06-12 08:34:25,788 [trainer.py] => CNN top5 curve: [88.81, 87.95, 86.42, 84.65]
2026-06-12 08:34:25,788 [trainer.py] => Average Accuracy (CNN): 69.06
2026-06-12 08:34:25,789 [trainer.py] => All params: 172158352
2026-06-12 08:34:25,790 [trainer.py] => Trainable params: 407240
2026-06-12 08:34:25,790 [dualprompt.py] => Learning on 130-140
2026-06-12 09:03:11,037 [dualprompt.py] => Task 4, Epoch 20/20 => Loss 0.116, Train_accy 95.50, Test_accy 60.32
2026-06-12 09:05:33,001 [trainer.py] => No NME accuracy.
2026-06-12 09:05:33,007 [trainer.py] => CNN: {'total': 60.32, '00-99': 74.77, '100-109': 32.39, '110-119': 32.18, '120-129': 11.81, '130-139': 21.81, 'old': 63.25, 'new': 21.81}
2026-06-12 09:05:33,007 [trainer.py] => CNN top1 curve: [74.47, 71.37, 67.19, 63.2, 60.32]
2026-06-12 09:05:33,007 [trainer.py] => CNN top5 curve: [88.81, 87.95, 86.42, 84.65, 83.67]
2026-06-12 09:05:33,008 [trainer.py] => Average Accuracy (CNN): 67.31
2026-06-12 09:05:33,009 [trainer.py] => All params: 172158352
2026-06-12 09:05:33,011 [trainer.py] => Trainable params: 407240
2026-06-12 09:05:33,011 [dualprompt.py] => Learning on 140-150
2026-06-12 09:39:36,427 [dualprompt.py] => Task 5, Epoch 20/20 => Loss 0.107, Train_accy 95.69, Test_accy 57.45
2026-06-12 09:42:01,735 [trainer.py] => No NME accuracy.
2026-06-12 09:42:01,765 [trainer.py] => CNN: {'total': 57.45, '00-99': 74.57, '100-109': 30.99, '110-119': 31.12, '120-129': 11.44, '130-139': 22.82, '140-149': 27.79, 'old': 60.04, 'new': 27.79}
2026-06-12 09:42:01,765 [trainer.py] => CNN top1 curve: [74.47, 71.37, 67.19, 63.2, 60.32, 57.45]
2026-06-12 09:42:01,765 [trainer.py] => CNN top5 curve: [88.81, 87.95, 86.42, 84.65, 83.67, 83.28]
2026-06-12 09:42:01,765 [trainer.py] => Average Accuracy (CNN): 65.67
2026-06-12 09:42:01,767 [trainer.py] => All params: 172158352
2026-06-12 09:42:01,768 [trainer.py] => Trainable params: 407240
2026-06-12 09:42:01,768 [dualprompt.py] => Learning on 150-160
2026-06-12 10:16:50,188 [dualprompt.py] => Task 6, Epoch 20/20 => Loss 0.147, Train_accy 95.00, Test_accy 55.59
2026-06-12 10:19:34,989 [trainer.py] => No NME accuracy.
2026-06-12 10:19:35,008 [trainer.py] => CNN: {'total': 55.59, '00-99': 74.37, '100-109': 32.75, '110-119': 31.12, '120-129': 12.92, '130-139': 23.83, '140-149': 28.34, '150-159': 29.83, 'old': 57.63, 'new': 29.83}
2026-06-12 10:19:35,009 [trainer.py] => CNN top1 curve: [74.47, 71.37, 67.19, 63.2, 60.32, 57.45, 55.59]
2026-06-12 10:19:35,009 [trainer.py] => CNN top5 curve: [88.81, 87.95, 86.42, 84.65, 83.67, 83.28, 82.2]
2026-06-12 10:19:35,009 [trainer.py] => Average Accuracy (CNN): 64.23
2026-06-12 10:19:35,010 [trainer.py] => All params: 172158352
2026-06-12 10:19:35,011 [trainer.py] => Trainable params: 407240
2026-06-12 10:19:35,011 [dualprompt.py] => Learning on 160-170
2026-06-12 10:47:50,552 [dualprompt.py] => Task 7, Epoch 20/20 => Loss 0.192, Train_accy 93.06, Test_accy 53.91
2026-06-12 10:50:26,605 [trainer.py] => No NME accuracy.
2026-06-12 10:50:26,624 [trainer.py] => CNN: {'total': 53.91, '00-99': 74.44, '100-109': 32.39, '110-119': 31.91, '120-129': 11.81, '130-139': 22.48, '140-149': 29.7, '150-159': 30.11, '160-169': 16.52, 'old': 55.65, 'new': 16.52}
2026-06-12 10:50:26,624 [trainer.py] => CNN top1 curve: [74.47, 71.37, 67.19, 63.2, 60.32, 57.45, 55.59, 53.91]
2026-06-12 10:50:26,624 [trainer.py] => CNN top5 curve: [88.81, 87.95, 86.42, 84.65, 83.67, 83.28, 82.2, 80.71]
2026-06-12 10:50:26,624 [trainer.py] => Average Accuracy (CNN): 62.94
2026-06-12 10:50:26,626 [trainer.py] => All params: 172158352
2026-06-12 10:50:26,626 [trainer.py] => Trainable params: 407240
2026-06-12 10:50:26,627 [dualprompt.py] => Learning on 170-180
2026-06-12 11:18:45,481 [dualprompt.py] => Task 8, Epoch 20/20 => Loss 0.134, Train_accy 95.39, Test_accy 52.65
2026-06-12 11:21:38,773 [trainer.py] => No NME accuracy.
2026-06-12 11:21:38,792 [trainer.py] => CNN: {'total': 52.65, '00-99': 74.27, '100-109': 32.39, '110-119': 32.18, '120-129': 12.18, '130-139': 22.82, '140-149': 29.16, '150-159': 30.11, '160-169': 14.78, '170-179': 29.44, 'old': 53.76, 'new': 29.44}
2026-06-12 11:21:38,792 [trainer.py] => CNN top1 curve: [74.47, 71.37, 67.19, 63.2, 60.32, 57.45, 55.59, 53.91, 52.65]
2026-06-12 11:21:38,792 [trainer.py] => CNN top5 curve: [88.81, 87.95, 86.42, 84.65, 83.67, 83.28, 82.2, 80.71, 80.08]
2026-06-12 11:21:38,792 [trainer.py] => Average Accuracy (CNN): 61.79
2026-06-12 11:21:38,793 [trainer.py] => All params: 172158352
2026-06-12 11:21:38,794 [trainer.py] => Trainable params: 407240
2026-06-12 11:21:38,794 [dualprompt.py] => Learning on 180-190
2026-06-12 11:53:25,315 [dualprompt.py] => Task 9, Epoch 20/20 => Loss 0.097, Train_accy 97.02, Test_accy 51.28
2026-06-12 11:56:32,438 [trainer.py] => No NME accuracy.
2026-06-12 11:56:32,486 [trainer.py] => CNN: {'total': 51.28, '00-99': 74.74, '100-109': 32.75, '110-119': 31.65, '120-129': 11.81, '130-139': 23.15, '140-149': 29.97, '150-159': 30.66, '160-169': 18.26, '170-179': 29.84, '180-189': 18.51, 'old': 53.15, 'new': 18.51}
2026-06-12 11:56:32,486 [trainer.py] => CNN top1 curve: [74.47, 71.37, 67.19, 63.2, 60.32, 57.45, 55.59, 53.91, 52.65, 51.28]
2026-06-12 11:56:32,486 [trainer.py] => CNN top5 curve: [88.81, 87.95, 86.42, 84.65, 83.67, 83.28, 82.2, 80.71, 80.08, 79.05]
2026-06-12 11:56:32,486 [trainer.py] => Average Accuracy (CNN): 60.74
2026-06-12 11:56:32,487 [trainer.py] => All params: 172158352
2026-06-12 11:56:32,488 [trainer.py] => Trainable params: 407240
2026-06-12 11:56:32,488 [dualprompt.py] => Learning on 190-200
2026-06-12 12:28:53,311 [dualprompt.py] => Task 10, Epoch 20/20 => Loss 0.061, Train_accy 96.81, Test_accy 49.38
2026-06-12 12:32:10,913 [trainer.py] => No NME accuracy.
2026-06-12 12:32:10,942 [trainer.py] => CNN: {'total': 49.38, '00-99': 74.87, '100-109': 28.52, '110-119': 30.32, '120-129': 9.96, '130-139': 22.48, '140-149': 27.79, '150-159': 28.18, '160-169': 14.35, '170-179': 27.02, '180-189': 17.53, '190-199': 29.89, 'old': 50.31, 'new': 29.89}
2026-06-12 12:32:10,943 [trainer.py] => CNN top1 curve: [74.47, 71.37, 67.19, 63.2, 60.32, 57.45, 55.59, 53.91, 52.65, 51.28, 49.38]
2026-06-12 12:32:10,943 [trainer.py] => CNN top5 curve: [88.81, 87.95, 86.42, 84.65, 83.67, 83.28, 82.2, 80.71, 80.08, 79.05, 78.63]
2026-06-12 12:32:10,943 [trainer.py] => Average Accuracy (CNN): 59.71
