2026-06-06 17:35:34,833 [trainer.py] => config: ./configs/dualprompt/dualprompt_inr_B0_Inc5.json
2026-06-06 17:35:34,833 [trainer.py] => prefix:  
2026-06-06 17:35:34,833 [trainer.py] => dataset: imagenetr
2026-06-06 17:35:34,833 [trainer.py] => memory_size: 0
2026-06-06 17:35:34,833 [trainer.py] => memory_per_class: 0
2026-06-06 17:35:34,833 [trainer.py] => fixed_memory: False
2026-06-06 17:35:34,833 [trainer.py] => shuffle: True
2026-06-06 17:35:34,834 [trainer.py] => init_cls: 5
2026-06-06 17:35:34,834 [trainer.py] => increment: 5
2026-06-06 17:35:34,834 [trainer.py] => model_name: dualprompt
2026-06-06 17:35:34,834 [trainer.py] => backbone_type: vit_base_patch16_224_in21k_dualprompt
2026-06-06 17:35:34,834 [trainer.py] => get_original_backbone: True
2026-06-06 17:35:34,834 [trainer.py] => device: [device(type='cuda', index=3)]
2026-06-06 17:35:34,834 [trainer.py] => seed: 1994
2026-06-06 17:35:34,834 [trainer.py] => tuned_epoch: 20
2026-06-06 17:35:34,834 [trainer.py] => init_lr: 0.001
2026-06-06 17:35:34,834 [trainer.py] => batch_size: 48
2026-06-06 17:35:34,834 [trainer.py] => weight_decay: 0
2026-06-06 17:35:34,834 [trainer.py] => min_lr: 1e-05
2026-06-06 17:35:34,834 [trainer.py] => optimizer: adam
2026-06-06 17:35:34,834 [trainer.py] => scheduler: constant
2026-06-06 17:35:34,834 [trainer.py] => reinit_optimizer: True
2026-06-06 17:35:34,834 [trainer.py] => global_pool: token
2026-06-06 17:35:34,834 [trainer.py] => head_type: token
2026-06-06 17:35:34,834 [trainer.py] => freeze: ['blocks', 'patch_embed', 'cls_token', 'norm', 'pos_embed']
2026-06-06 17:35:34,834 [trainer.py] => pretrained: True
2026-06-06 17:35:34,834 [trainer.py] => drop: 0.0
2026-06-06 17:35:34,834 [trainer.py] => drop_path: 0.0
2026-06-06 17:35:34,834 [trainer.py] => use_g_prompt: True
2026-06-06 17:35:34,834 [trainer.py] => g_prompt_length: 5
2026-06-06 17:35:34,834 [trainer.py] => g_prompt_layer_idx: [0, 1]
2026-06-06 17:35:34,835 [trainer.py] => use_prefix_tune_for_g_prompt: True
2026-06-06 17:35:34,835 [trainer.py] => use_e_prompt: True
2026-06-06 17:35:34,835 [trainer.py] => e_prompt_layer_idx: [2, 3, 4]
2026-06-06 17:35:34,835 [trainer.py] => use_prefix_tune_for_e_prompt: True
2026-06-06 17:35:34,835 [trainer.py] => prompt_pool: True
2026-06-06 17:35:34,835 [trainer.py] => size: 10
2026-06-06 17:35:34,835 [trainer.py] => length: 5
2026-06-06 17:35:34,835 [trainer.py] => top_k: 1
2026-06-06 17:35:34,835 [trainer.py] => initializer: uniform
2026-06-06 17:35:34,835 [trainer.py] => prompt_key: True
2026-06-06 17:35:34,835 [trainer.py] => prompt_key_init: uniform
2026-06-06 17:35:34,835 [trainer.py] => use_prompt_mask: True
2026-06-06 17:35:34,835 [trainer.py] => shared_prompt_pool: True
2026-06-06 17:35:34,835 [trainer.py] => shared_prompt_key: False
2026-06-06 17:35:34,835 [trainer.py] => batchwise_prompt: True
2026-06-06 17:35:34,835 [trainer.py] => embedding_key: cls
2026-06-06 17:35:34,835 [trainer.py] => predefined_key: 
2026-06-06 17:35:34,835 [trainer.py] => pull_constraint: True
2026-06-06 17:35:34,835 [trainer.py] => pull_constraint_coeff: 0.1
2026-06-06 17:35:34,835 [trainer.py] => same_key_value: False
2026-06-06 17:35:34,835 [trainer.py] => nb_classes: 200
2026-06-06 17:35:34,835 [trainer.py] => nb_tasks: 40
2026-06-06 17:35:35,839 [data_manager.py] => [85, 41, 23, 28, 70, 87, 134, 151, 51, 159, 178, 119, 50, 117, 73, 95, 86, 147, 63, 22, 79, 175, 40, 155, 174, 54, 132, 72, 124, 157, 93, 26, 196, 74, 44, 15, 169, 122, 88, 171, 184, 6, 18, 145, 48, 197, 64, 172, 126, 96, 11, 55, 193, 66, 128, 21, 77, 113, 140, 116, 141, 133, 120, 29, 115, 14, 103, 127, 114, 19, 9, 38, 33, 195, 81, 35, 69, 181, 47, 129, 112, 168, 198, 71, 101, 188, 68, 90, 158, 163, 52, 8, 185, 59, 154, 92, 56, 183, 32, 136, 65, 45, 46, 173, 189, 108, 102, 144, 0, 107, 187, 100, 98, 192, 43, 161, 104, 75, 150, 166, 121, 60, 160, 3, 143, 153, 62, 142, 61, 110, 194, 97, 25, 177, 179, 17, 49, 31, 94, 111, 16, 53, 91, 58, 135, 83, 2, 12, 13, 165, 42, 36, 186, 105, 1, 7, 149, 170, 27, 24, 78, 167, 137, 138, 118, 10, 139, 164, 20, 57, 123, 199, 89, 130, 82, 162, 176, 148, 109, 125, 67, 106, 37, 146, 131, 180, 156, 39, 5, 84, 4, 190, 152, 191, 30, 76, 80, 34, 99, 182]
2026-06-06 17:35:42,441 [dualprompt.py] => 86,205,896 model total parameters.
2026-06-06 17:35:42,442 [dualprompt.py] => 407,240 model training parameters.
2026-06-06 17:35:42,442 [dualprompt.py] => g_prompt: 15360
2026-06-06 17:35:42,442 [dualprompt.py] => e_prompt.prompt: 230400
2026-06-06 17:35:42,442 [dualprompt.py] => e_prompt.prompt_key: 7680
2026-06-06 17:35:42,442 [dualprompt.py] => head.weight: 153600
2026-06-06 17:35:42,442 [dualprompt.py] => head.bias: 200
2026-06-06 17:35:42,443 [trainer.py] => All params: 172158352
2026-06-06 17:35:42,444 [trainer.py] => Trainable params: 407240
2026-06-06 17:35:42,444 [dualprompt.py] => Learning on 0-5
2026-06-06 17:47:11,222 [dualprompt.py] => Task 0, Epoch 20/20 => Loss 0.174, Train_accy 94.19, Test_accy 89.94
2026-06-06 17:47:17,003 [trainer.py] => No NME accuracy.
2026-06-06 17:47:17,003 [trainer.py] => CNN: {'total': 89.94, '00-04': 89.94, 'old': 0, 'new': 89.94}
2026-06-06 17:47:17,003 [trainer.py] => CNN top1 curve: [89.94]
2026-06-06 17:47:17,003 [trainer.py] => CNN top5 curve: [100.0]
2026-06-06 17:47:17,003 [trainer.py] => Average Accuracy (CNN): 89.94
2026-06-06 17:47:17,004 [trainer.py] => All params: 172158352
2026-06-06 17:47:17,006 [trainer.py] => Trainable params: 407240
2026-06-06 17:47:17,006 [dualprompt.py] => Learning on 5-10
2026-06-06 18:02:03,528 [dualprompt.py] => Task 1, Epoch 20/20 => Loss 0.130, Train_accy 95.27, Test_accy 83.48
2026-06-06 18:02:15,596 [trainer.py] => No NME accuracy.
2026-06-06 18:02:15,596 [trainer.py] => CNN: {'total': 83.48, '00-04': 82.39, '05-09': 84.41, 'old': 82.39, 'new': 84.41}
2026-06-06 18:02:15,596 [trainer.py] => CNN top1 curve: [89.94, 83.48]
2026-06-06 18:02:15,596 [trainer.py] => CNN top5 curve: [100.0, 97.1]
2026-06-06 18:02:15,597 [trainer.py] => Average Accuracy (CNN): 86.71
2026-06-06 18:02:15,598 [trainer.py] => All params: 172158352
2026-06-06 18:02:15,599 [trainer.py] => Trainable params: 407240
2026-06-06 18:02:15,599 [dualprompt.py] => Learning on 10-15
2026-06-06 18:09:17,266 [dualprompt.py] => Task 2, Epoch 20/20 => Loss 0.089, Train_accy 97.99, Test_accy 78.91
2026-06-06 18:09:32,442 [trainer.py] => No NME accuracy.
2026-06-06 18:09:32,442 [trainer.py] => CNN: {'total': 78.91, '00-04': 79.25, '05-09': 80.65, '10-14': 75.0, 'old': 80.0, 'new': 75.0}
2026-06-06 18:09:32,442 [trainer.py] => CNN top1 curve: [89.94, 83.48, 78.91]
2026-06-06 18:09:32,442 [trainer.py] => CNN top5 curve: [100.0, 97.1, 94.56]
2026-06-06 18:09:32,442 [trainer.py] => Average Accuracy (CNN): 84.11
2026-06-06 18:09:32,444 [trainer.py] => All params: 172158352
2026-06-06 18:09:32,445 [trainer.py] => Trainable params: 407240
2026-06-06 18:09:32,445 [dualprompt.py] => Learning on 15-20
2026-06-06 18:26:50,925 [dualprompt.py] => Task 3, Epoch 20/20 => Loss 0.104, Train_accy 96.37, Test_accy 77.86
2026-06-06 18:27:13,895 [trainer.py] => No NME accuracy.
2026-06-06 18:27:13,895 [trainer.py] => CNN: {'total': 77.86, '00-04': 75.47, '05-09': 78.49, '10-14': 71.88, '15-19': 81.33, 'old': 75.96, 'new': 81.33}
2026-06-06 18:27:13,895 [trainer.py] => CNN top1 curve: [89.94, 83.48, 78.91, 77.86]
2026-06-06 18:27:13,895 [trainer.py] => CNN top5 curve: [100.0, 97.1, 94.56, 94.13]
2026-06-06 18:27:13,895 [trainer.py] => Average Accuracy (CNN): 82.55
2026-06-06 18:27:13,897 [trainer.py] => All params: 172158352
2026-06-06 18:27:13,898 [trainer.py] => Trainable params: 407240
2026-06-06 18:27:13,898 [dualprompt.py] => Learning on 20-25
2026-06-06 18:38:38,764 [dualprompt.py] => Task 4, Epoch 20/20 => Loss 0.076, Train_accy 96.95, Test_accy 76.77
2026-06-06 18:39:06,360 [trainer.py] => No NME accuracy.
2026-06-06 18:39:06,361 [trainer.py] => CNN: {'total': 76.77, '00-04': 69.81, '05-09': 73.66, '10-14': 72.92, '15-19': 78.42, '20-24': 87.58, 'old': 74.34, 'new': 87.58}
2026-06-06 18:39:06,361 [trainer.py] => CNN top1 curve: [89.94, 83.48, 78.91, 77.86, 76.77]
2026-06-06 18:39:06,361 [trainer.py] => CNN top5 curve: [100.0, 97.1, 94.56, 94.13, 93.53]
2026-06-06 18:39:06,362 [trainer.py] => Average Accuracy (CNN): 81.39
2026-06-06 18:39:06,365 [trainer.py] => All params: 172158352
2026-06-06 18:39:06,369 [trainer.py] => Trainable params: 407240
2026-06-06 18:39:06,369 [dualprompt.py] => Learning on 25-30
2026-06-06 18:49:05,193 [dualprompt.py] => Task 5, Epoch 20/20 => Loss 0.080, Train_accy 96.77, Test_accy 74.38
2026-06-06 18:49:37,028 [trainer.py] => No NME accuracy.
2026-06-06 18:49:37,028 [trainer.py] => CNN: {'total': 74.38, '00-04': 70.44, '05-09': 71.51, '10-14': 75.0, '15-19': 76.35, '20-24': 86.93, '25-29': 64.34, 'old': 75.93, 'new': 64.34}
2026-06-06 18:49:37,028 [trainer.py] => CNN top1 curve: [89.94, 83.48, 78.91, 77.86, 76.77, 74.38]
2026-06-06 18:49:37,028 [trainer.py] => CNN top5 curve: [100.0, 97.1, 94.56, 94.13, 93.53, 91.49]
2026-06-06 18:49:37,028 [trainer.py] => Average Accuracy (CNN): 80.22
2026-06-06 18:49:37,030 [trainer.py] => All params: 172158352
2026-06-06 18:49:37,030 [trainer.py] => Trainable params: 407240
2026-06-06 18:49:37,031 [dualprompt.py] => Learning on 30-35
2026-06-06 19:04:25,623 [dualprompt.py] => Task 6, Epoch 20/20 => Loss 0.181, Train_accy 94.25, Test_accy 70.07
2026-06-06 19:05:02,397 [trainer.py] => No NME accuracy.
2026-06-06 19:05:02,398 [trainer.py] => CNN: {'total': 70.07, '00-04': 68.55, '05-09': 70.97, '10-14': 65.62, '15-19': 76.76, '20-24': 87.58, '25-29': 62.79, '30-34': 51.32, 'old': 73.03, 'new': 51.32}
2026-06-06 19:05:02,398 [trainer.py] => CNN top1 curve: [89.94, 83.48, 78.91, 77.86, 76.77, 74.38, 70.07]
2026-06-06 19:05:02,398 [trainer.py] => CNN top5 curve: [100.0, 97.1, 94.56, 94.13, 93.53, 91.49, 89.78]
2026-06-06 19:05:02,398 [trainer.py] => Average Accuracy (CNN): 78.77
2026-06-06 19:05:02,400 [trainer.py] => All params: 172158352
2026-06-06 19:05:02,401 [trainer.py] => Trainable params: 407240
2026-06-06 19:05:02,401 [dualprompt.py] => Learning on 35-40
2026-06-06 19:19:01,557 [dualprompt.py] => Task 7, Epoch 20/20 => Loss 0.092, Train_accy 96.63, Test_accy 70.88
2026-06-06 19:19:44,100 [trainer.py] => No NME accuracy.
2026-06-06 19:19:44,100 [trainer.py] => CNN: {'total': 70.88, '00-04': 68.55, '05-09': 69.89, '10-14': 66.67, '15-19': 76.76, '20-24': 86.93, '25-29': 63.57, '30-34': 50.0, '35-39': 77.71, 'old': 69.8, 'new': 77.71}
2026-06-06 19:19:44,100 [trainer.py] => CNN top1 curve: [89.94, 83.48, 78.91, 77.86, 76.77, 74.38, 70.07, 70.88]
2026-06-06 19:19:44,100 [trainer.py] => CNN top5 curve: [100.0, 97.1, 94.56, 94.13, 93.53, 91.49, 89.78, 89.7]
2026-06-06 19:19:44,101 [trainer.py] => Average Accuracy (CNN): 77.79
2026-06-06 19:19:44,102 [trainer.py] => All params: 172158352
2026-06-06 19:19:44,103 [trainer.py] => Trainable params: 407240
2026-06-06 19:19:44,103 [dualprompt.py] => Learning on 40-45
2026-06-06 19:33:21,406 [dualprompt.py] => Task 8, Epoch 20/20 => Loss 0.066, Train_accy 97.27, Test_accy 70.06
2026-06-06 19:34:08,108 [trainer.py] => No NME accuracy.
2026-06-06 19:34:08,109 [trainer.py] => CNN: {'total': 70.06, '00-04': 67.92, '05-09': 69.35, '10-14': 66.67, '15-19': 76.35, '20-24': 86.27, '25-29': 64.34, '30-34': 49.34, '35-39': 71.43, '40-44': 72.9, 'old': 69.71, 'new': 72.9}
2026-06-06 19:34:08,109 [trainer.py] => CNN top1 curve: [89.94, 83.48, 78.91, 77.86, 76.77, 74.38, 70.07, 70.88, 70.06]
2026-06-06 19:34:08,109 [trainer.py] => CNN top5 curve: [100.0, 97.1, 94.56, 94.13, 93.53, 91.49, 89.78, 89.7, 88.8]
2026-06-06 19:34:08,109 [trainer.py] => Average Accuracy (CNN): 76.93
2026-06-06 19:34:08,110 [trainer.py] => All params: 172158352
2026-06-06 19:34:08,112 [trainer.py] => Trainable params: 407240
2026-06-06 19:34:08,112 [dualprompt.py] => Learning on 45-50
2026-06-06 19:48:38,035 [dualprompt.py] => Task 9, Epoch 20/20 => Loss 0.132, Train_accy 95.66, Test_accy 68.73
2026-06-06 19:49:31,204 [trainer.py] => No NME accuracy.
2026-06-06 19:49:31,204 [trainer.py] => CNN: {'total': 68.73, '00-04': 67.92, '05-09': 68.82, '10-14': 67.71, '15-19': 76.35, '20-24': 86.27, '25-29': 61.24, '30-34': 52.63, '35-39': 70.86, '40-44': 73.55, '45-49': 55.33, 'old': 70.12, 'new': 55.33}
2026-06-06 19:49:31,204 [trainer.py] => CNN top1 curve: [89.94, 83.48, 78.91, 77.86, 76.77, 74.38, 70.07, 70.88, 70.06, 68.73]
2026-06-06 19:49:31,204 [trainer.py] => CNN top5 curve: [100.0, 97.1, 94.56, 94.13, 93.53, 91.49, 89.78, 89.7, 88.8, 87.72]
2026-06-06 19:49:31,204 [trainer.py] => Average Accuracy (CNN): 76.11
2026-06-06 19:49:31,206 [trainer.py] => All params: 172158352
2026-06-06 19:49:31,207 [trainer.py] => Trainable params: 407240
2026-06-06 19:49:31,207 [dualprompt.py] => Learning on 50-55
2026-06-06 20:03:29,841 [dualprompt.py] => Task 10, Epoch 20/20 => Loss 0.119, Train_accy 95.51, Test_accy 67.05
2026-06-06 20:04:26,368 [trainer.py] => No NME accuracy.
2026-06-06 20:04:26,368 [trainer.py] => CNN: {'total': 67.05, '00-04': 66.67, '05-09': 68.28, '10-14': 66.67, '15-19': 77.18, '20-24': 84.97, '25-29': 59.69, '30-34': 51.32, '35-39': 70.29, '40-44': 72.9, '45-49': 56.0, '50-54': 54.01, 'old': 68.17, 'new': 54.01}
2026-06-06 20:04:26,369 [trainer.py] => CNN top1 curve: [89.94, 83.48, 78.91, 77.86, 76.77, 74.38, 70.07, 70.88, 70.06, 68.73, 67.05]
2026-06-06 20:04:26,369 [trainer.py] => CNN top5 curve: [100.0, 97.1, 94.56, 94.13, 93.53, 91.49, 89.78, 89.7, 88.8, 87.72, 86.79]
2026-06-06 20:04:26,369 [trainer.py] => Average Accuracy (CNN): 75.28
2026-06-06 20:04:26,370 [trainer.py] => All params: 172158352
2026-06-06 20:04:26,371 [trainer.py] => Trainable params: 407240
2026-06-06 20:04:26,371 [dualprompt.py] => Learning on 55-60
2026-06-06 20:18:35,178 [dualprompt.py] => Task 11, Epoch 20/20 => Loss 0.035, Train_accy 98.32, Test_accy 66.26
2026-06-06 20:19:36,755 [trainer.py] => No NME accuracy.
2026-06-06 20:19:36,755 [trainer.py] => CNN: {'total': 66.26, '00-04': 66.67, '05-09': 67.74, '10-14': 61.46, '15-19': 78.42, '20-24': 83.66, '25-29': 57.36, '30-34': 51.32, '35-39': 68.57, '40-44': 72.9, '45-49': 57.33, '50-54': 54.01, '55-59': 63.35, 'old': 66.53, 'new': 63.35}
2026-06-06 20:19:36,755 [trainer.py] => CNN top1 curve: [89.94, 83.48, 78.91, 77.86, 76.77, 74.38, 70.07, 70.88, 70.06, 68.73, 67.05, 66.26]
2026-06-06 20:19:36,756 [trainer.py] => CNN top5 curve: [100.0, 97.1, 94.56, 94.13, 93.53, 91.49, 89.78, 89.7, 88.8, 87.72, 86.79, 86.59]
2026-06-06 20:19:36,756 [trainer.py] => Average Accuracy (CNN): 74.53
2026-06-06 20:19:36,757 [trainer.py] => All params: 172158352
2026-06-06 20:19:36,758 [trainer.py] => Trainable params: 407240
2026-06-06 20:19:36,758 [dualprompt.py] => Learning on 60-65
2026-06-06 20:32:28,422 [dualprompt.py] => Task 12, Epoch 20/20 => Loss 0.127, Train_accy 94.13, Test_accy 65.98
2026-06-06 20:33:34,592 [trainer.py] => No NME accuracy.
2026-06-06 20:33:34,593 [trainer.py] => CNN: {'total': 65.98, '00-04': 67.92, '05-09': 67.74, '10-14': 62.5, '15-19': 77.59, '20-24': 82.35, '25-29': 55.04, '30-34': 51.32, '35-39': 68.0, '40-44': 73.55, '45-49': 58.0, '50-54': 54.74, '55-59': 63.35, '60-64': 63.36, 'old': 66.16, 'new': 63.36}
2026-06-06 20:33:34,593 [trainer.py] => CNN top1 curve: [89.94, 83.48, 78.91, 77.86, 76.77, 74.38, 70.07, 70.88, 70.06, 68.73, 67.05, 66.26, 65.98]
2026-06-06 20:33:34,593 [trainer.py] => CNN top5 curve: [100.0, 97.1, 94.56, 94.13, 93.53, 91.49, 89.78, 89.7, 88.8, 87.72, 86.79, 86.59, 85.58]
2026-06-06 20:33:34,593 [trainer.py] => Average Accuracy (CNN): 73.87
2026-06-06 20:33:34,597 [trainer.py] => All params: 172158352
2026-06-06 20:33:34,601 [trainer.py] => Trainable params: 407240
2026-06-06 20:33:34,601 [dualprompt.py] => Learning on 65-70
2026-06-06 20:47:42,482 [dualprompt.py] => Task 13, Epoch 20/20 => Loss 0.048, Train_accy 96.93, Test_accy 65.45
2026-06-06 20:48:52,221 [trainer.py] => No NME accuracy.
2026-06-06 20:48:52,222 [trainer.py] => CNN: {'total': 65.45, '00-04': 66.04, '05-09': 66.67, '10-14': 60.42, '15-19': 78.01, '20-24': 80.39, '25-29': 54.26, '30-34': 50.66, '35-39': 68.0, '40-44': 72.26, '45-49': 58.0, '50-54': 54.01, '55-59': 60.25, '60-64': 64.12, '65-69': 72.07, 'old': 65.09, 'new': 72.07}
2026-06-06 20:48:52,222 [trainer.py] => CNN top1 curve: [89.94, 83.48, 78.91, 77.86, 76.77, 74.38, 70.07, 70.88, 70.06, 68.73, 67.05, 66.26, 65.98, 65.45]
2026-06-06 20:48:52,222 [trainer.py] => CNN top5 curve: [100.0, 97.1, 94.56, 94.13, 93.53, 91.49, 89.78, 89.7, 88.8, 87.72, 86.79, 86.59, 85.58, 85.67]
2026-06-06 20:48:52,222 [trainer.py] => Average Accuracy (CNN): 73.27
2026-06-06 20:48:52,223 [trainer.py] => All params: 172158352
2026-06-06 20:48:52,224 [trainer.py] => Trainable params: 407240
2026-06-06 20:48:52,224 [dualprompt.py] => Learning on 70-75
2026-06-06 21:02:27,578 [dualprompt.py] => Task 14, Epoch 20/20 => Loss 0.119, Train_accy 94.66, Test_accy 63.41
2026-06-06 21:03:41,558 [trainer.py] => No NME accuracy.
2026-06-06 21:03:41,559 [trainer.py] => CNN: {'total': 63.41, '00-04': 66.67, '05-09': 66.13, '10-14': 60.42, '15-19': 77.18, '20-24': 79.08, '25-29': 53.49, '30-34': 46.71, '35-39': 66.29, '40-44': 67.74, '45-49': 56.67, '50-54': 51.09, '55-59': 59.01, '60-64': 64.12, '65-69': 69.37, '70-74': 55.24, 'old': 63.95, 'new': 55.24}
2026-06-06 21:03:41,559 [trainer.py] => CNN top1 curve: [89.94, 83.48, 78.91, 77.86, 76.77, 74.38, 70.07, 70.88, 70.06, 68.73, 67.05, 66.26, 65.98, 65.45, 63.41]
2026-06-06 21:03:41,559 [trainer.py] => CNN top5 curve: [100.0, 97.1, 94.56, 94.13, 93.53, 91.49, 89.78, 89.7, 88.8, 87.72, 86.79, 86.59, 85.58, 85.67, 84.42]
2026-06-06 21:03:41,559 [trainer.py] => Average Accuracy (CNN): 72.62
2026-06-06 21:03:41,560 [trainer.py] => All params: 172158352
2026-06-06 21:03:41,561 [trainer.py] => Trainable params: 407240
2026-06-06 21:03:41,562 [dualprompt.py] => Learning on 75-80
2026-06-06 21:16:18,127 [dualprompt.py] => Task 15, Epoch 20/20 => Loss 0.026, Train_accy 97.68, Test_accy 63.03
2026-06-06 21:17:36,383 [trainer.py] => No NME accuracy.
2026-06-06 21:17:36,384 [trainer.py] => CNN: {'total': 63.03, '00-04': 66.67, '05-09': 67.2, '10-14': 60.42, '15-19': 76.76, '20-24': 81.05, '25-29': 52.71, '30-34': 46.71, '35-39': 66.29, '40-44': 67.74, '45-49': 55.33, '50-54': 51.09, '55-59': 59.01, '60-64': 63.36, '65-69': 72.07, '70-74': 55.24, '75-79': 52.68, 'old': 63.54, 'new': 52.68}
2026-06-06 21:17:36,384 [trainer.py] => CNN top1 curve: [89.94, 83.48, 78.91, 77.86, 76.77, 74.38, 70.07, 70.88, 70.06, 68.73, 67.05, 66.26, 65.98, 65.45, 63.41, 63.03]
2026-06-06 21:17:36,384 [trainer.py] => CNN top5 curve: [100.0, 97.1, 94.56, 94.13, 93.53, 91.49, 89.78, 89.7, 88.8, 87.72, 86.79, 86.59, 85.58, 85.67, 84.42, 84.07]
2026-06-06 21:17:36,384 [trainer.py] => Average Accuracy (CNN): 72.02
2026-06-06 21:17:36,385 [trainer.py] => All params: 172158352
2026-06-06 21:17:36,386 [trainer.py] => Trainable params: 407240
2026-06-06 21:17:36,387 [dualprompt.py] => Learning on 80-85
2026-06-06 21:34:16,781 [dualprompt.py] => Task 16, Epoch 20/20 => Loss 0.127, Train_accy 95.05, Test_accy 62.01
2026-06-06 21:35:40,215 [trainer.py] => No NME accuracy.
2026-06-06 21:35:40,216 [trainer.py] => CNN: {'total': 62.01, '00-04': 66.04, '05-09': 66.67, '10-14': 62.5, '15-19': 75.93, '20-24': 79.74, '25-29': 51.94, '30-34': 46.05, '35-39': 66.29, '40-44': 66.45, '45-49': 55.33, '50-54': 49.64, '55-59': 57.76, '60-64': 62.6, '65-69': 68.47, '70-74': 53.15, '75-79': 52.68, '80-84': 59.24, 'old': 62.19, 'new': 59.24}
2026-06-06 21:35:40,216 [trainer.py] => CNN top1 curve: [89.94, 83.48, 78.91, 77.86, 76.77, 74.38, 70.07, 70.88, 70.06, 68.73, 67.05, 66.26, 65.98, 65.45, 63.41, 63.03, 62.01]
2026-06-06 21:35:40,216 [trainer.py] => CNN top5 curve: [100.0, 97.1, 94.56, 94.13, 93.53, 91.49, 89.78, 89.7, 88.8, 87.72, 86.79, 86.59, 85.58, 85.67, 84.42, 84.07, 83.28]
2026-06-06 21:35:40,216 [trainer.py] => Average Accuracy (CNN): 71.43
2026-06-06 21:35:40,217 [trainer.py] => All params: 172158352
2026-06-06 21:35:40,218 [trainer.py] => Trainable params: 407240
2026-06-06 21:35:40,218 [dualprompt.py] => Learning on 85-90
2026-06-06 21:50:49,320 [dualprompt.py] => Task 17, Epoch 20/20 => Loss 0.064, Train_accy 97.46, Test_accy 61.77
2026-06-06 21:52:18,085 [trainer.py] => No NME accuracy.
2026-06-06 21:52:18,085 [trainer.py] => CNN: {'total': 61.77, '00-04': 64.15, '05-09': 67.2, '10-14': 62.5, '15-19': 74.69, '20-24': 81.05, '25-29': 49.61, '30-34': 46.05, '35-39': 66.29, '40-44': 65.16, '45-49': 54.0, '50-54': 48.91, '55-59': 55.28, '60-64': 62.6, '65-69': 68.47, '70-74': 53.15, '75-79': 51.79, '80-84': 58.6, '85-89': 69.18, 'old': 61.34, 'new': 69.18}
2026-06-06 21:52:18,085 [trainer.py] => CNN top1 curve: [89.94, 83.48, 78.91, 77.86, 76.77, 74.38, 70.07, 70.88, 70.06, 68.73, 67.05, 66.26, 65.98, 65.45, 63.41, 63.03, 62.01, 61.77]
2026-06-06 21:52:18,085 [trainer.py] => CNN top5 curve: [100.0, 97.1, 94.56, 94.13, 93.53, 91.49, 89.78, 89.7, 88.8, 87.72, 86.79, 86.59, 85.58, 85.67, 84.42, 84.07, 83.28, 83.18]
2026-06-06 21:52:18,085 [trainer.py] => Average Accuracy (CNN): 70.89
2026-06-06 21:52:18,086 [trainer.py] => All params: 172158352
2026-06-06 21:52:18,088 [trainer.py] => Trainable params: 407240
2026-06-06 21:52:18,088 [dualprompt.py] => Learning on 90-95
2026-06-06 22:09:14,990 [dualprompt.py] => Task 18, Epoch 20/20 => Loss 0.005, Train_accy 98.25, Test_accy 61.33
2026-06-06 22:10:47,627 [trainer.py] => No NME accuracy.
2026-06-06 22:10:47,627 [trainer.py] => CNN: {'total': 61.33, '00-04': 65.41, '05-09': 65.59, '10-14': 61.46, '15-19': 74.69, '20-24': 80.39, '25-29': 49.61, '30-34': 46.05, '35-39': 65.14, '40-44': 63.23, '45-49': 56.0, '50-54': 47.45, '55-59': 55.9, '60-64': 62.6, '65-69': 70.27, '70-74': 53.85, '75-79': 52.68, '80-84': 57.96, '85-89': 69.18, '90-94': 54.33, 'old': 61.66, 'new': 54.33}
2026-06-06 22:10:47,627 [trainer.py] => CNN top1 curve: [89.94, 83.48, 78.91, 77.86, 76.77, 74.38, 70.07, 70.88, 70.06, 68.73, 67.05, 66.26, 65.98, 65.45, 63.41, 63.03, 62.01, 61.77, 61.33]
2026-06-06 22:10:47,627 [trainer.py] => CNN top5 curve: [100.0, 97.1, 94.56, 94.13, 93.53, 91.49, 89.78, 89.7, 88.8, 87.72, 86.79, 86.59, 85.58, 85.67, 84.42, 84.07, 83.28, 83.18, 83.13]
2026-06-06 22:10:47,627 [trainer.py] => Average Accuracy (CNN): 70.39
2026-06-06 22:10:47,629 [trainer.py] => All params: 172158352
2026-06-06 22:10:47,630 [trainer.py] => Trainable params: 407240
2026-06-06 22:10:47,630 [dualprompt.py] => Learning on 95-100
2026-06-06 22:24:25,706 [dualprompt.py] => Task 19, Epoch 20/20 => Loss 0.022, Train_accy 98.35, Test_accy 61.03
2026-06-06 22:26:00,243 [trainer.py] => No NME accuracy.
2026-06-06 22:26:00,243 [trainer.py] => CNN: {'total': 61.03, '00-04': 64.78, '05-09': 67.2, '10-14': 61.46, '15-19': 75.1, '20-24': 80.39, '25-29': 51.16, '30-34': 44.74, '35-39': 66.29, '40-44': 62.58, '45-49': 56.67, '50-54': 47.45, '55-59': 54.66, '60-64': 61.07, '65-69': 71.17, '70-74': 50.35, '75-79': 51.79, '80-84': 59.87, '85-89': 69.86, '90-94': 55.12, '95-99': 51.06, 'old': 61.36, 'new': 51.06}
2026-06-06 22:26:00,243 [trainer.py] => CNN top1 curve: [89.94, 83.48, 78.91, 77.86, 76.77, 74.38, 70.07, 70.88, 70.06, 68.73, 67.05, 66.26, 65.98, 65.45, 63.41, 63.03, 62.01, 61.77, 61.33, 61.03]
2026-06-06 22:26:00,243 [trainer.py] => CNN top5 curve: [100.0, 97.1, 94.56, 94.13, 93.53, 91.49, 89.78, 89.7, 88.8, 87.72, 86.79, 86.59, 85.58, 85.67, 84.42, 84.07, 83.28, 83.18, 83.13, 82.98]
2026-06-06 22:26:00,243 [trainer.py] => Average Accuracy (CNN): 69.92
2026-06-06 22:26:00,245 [trainer.py] => All params: 172158352
2026-06-06 22:26:00,246 [trainer.py] => Trainable params: 407240
2026-06-06 22:26:00,246 [dualprompt.py] => Learning on 100-105
2026-06-06 22:40:36,034 [dualprompt.py] => Task 20, Epoch 20/20 => Loss 0.169, Train_accy 95.22, Test_accy 59.89
2026-06-06 22:42:14,869 [trainer.py] => No NME accuracy.
2026-06-06 22:42:14,870 [trainer.py] => CNN: {'total': 59.89, '00-04': 64.78, '05-09': 66.13, '10-14': 61.46, '15-19': 74.27, '20-24': 80.39, '25-29': 50.39, '30-34': 43.42, '35-39': 67.43, '40-44': 61.29, '45-49': 56.0, '50-54': 47.45, '55-59': 54.66, '60-64': 63.36, '65-69': 70.27, '70-74': 51.05, '75-79': 53.57, '80-84': 59.24, '85-89': 69.18, '90-94': 53.54, '95-99': 52.13, '100-104': 33.65, 'old': 60.82, 'new': 33.65}
2026-06-06 22:42:14,870 [trainer.py] => CNN top1 curve: [89.94, 83.48, 78.91, 77.86, 76.77, 74.38, 70.07, 70.88, 70.06, 68.73, 67.05, 66.26, 65.98, 65.45, 63.41, 63.03, 62.01, 61.77, 61.33, 61.03, 59.89]
2026-06-06 22:42:14,870 [trainer.py] => CNN top5 curve: [100.0, 97.1, 94.56, 94.13, 93.53, 91.49, 89.78, 89.7, 88.8, 87.72, 86.79, 86.59, 85.58, 85.67, 84.42, 84.07, 83.28, 83.18, 83.13, 82.98, 82.18]
2026-06-06 22:42:14,870 [trainer.py] => Average Accuracy (CNN): 69.44
2026-06-06 22:42:14,871 [trainer.py] => All params: 172158352
2026-06-06 22:42:14,872 [trainer.py] => Trainable params: 407240
2026-06-06 22:42:14,873 [dualprompt.py] => Learning on 105-110
2026-06-06 23:00:05,548 [dualprompt.py] => Task 21, Epoch 20/20 => Loss 0.085, Train_accy 96.04, Test_accy 59.48
2026-06-06 23:01:48,799 [trainer.py] => No NME accuracy.
2026-06-06 23:01:48,800 [trainer.py] => CNN: {'total': 59.48, '00-04': 66.04, '05-09': 65.05, '10-14': 60.42, '15-19': 74.69, '20-24': 79.74, '25-29': 49.61, '30-34': 42.11, '35-39': 65.14, '40-44': 61.29, '45-49': 57.33, '50-54': 46.72, '55-59': 56.52, '60-64': 59.54, '65-69': 71.17, '70-74': 51.05, '75-79': 53.57, '80-84': 58.6, '85-89': 69.18, '90-94': 54.33, '95-99': 54.26, '100-104': 33.65, '105-109': 55.41, 'old': 59.69, 'new': 55.41}
2026-06-06 23:01:48,800 [trainer.py] => CNN top1 curve: [89.94, 83.48, 78.91, 77.86, 76.77, 74.38, 70.07, 70.88, 70.06, 68.73, 67.05, 66.26, 65.98, 65.45, 63.41, 63.03, 62.01, 61.77, 61.33, 61.03, 59.89, 59.48]
2026-06-06 23:01:48,800 [trainer.py] => CNN top5 curve: [100.0, 97.1, 94.56, 94.13, 93.53, 91.49, 89.78, 89.7, 88.8, 87.72, 86.79, 86.59, 85.58, 85.67, 84.42, 84.07, 83.28, 83.18, 83.13, 82.98, 82.18, 81.68]
2026-06-06 23:01:48,800 [trainer.py] => Average Accuracy (CNN): 68.99
2026-06-06 23:01:48,801 [trainer.py] => All params: 172158352
2026-06-06 23:01:48,802 [trainer.py] => Trainable params: 407240
2026-06-06 23:01:48,802 [dualprompt.py] => Learning on 110-115
2026-06-06 23:18:22,722 [dualprompt.py] => Task 22, Epoch 20/20 => Loss 0.076, Train_accy 95.99, Test_accy 59.15
2026-06-06 23:20:09,496 [trainer.py] => No NME accuracy.
2026-06-06 23:20:09,496 [trainer.py] => CNN: {'total': 59.15, '00-04': 64.15, '05-09': 66.13, '10-14': 59.38, '15-19': 76.35, '20-24': 79.74, '25-29': 50.39, '30-34': 43.42, '35-39': 66.86, '40-44': 60.65, '45-49': 57.33, '50-54': 43.8, '55-59': 60.87, '60-64': 58.78, '65-69': 71.17, '70-74': 48.95, '75-79': 54.46, '80-84': 59.24, '85-89': 69.86, '90-94': 55.91, '95-99': 52.13, '100-104': 31.73, '105-109': 55.41, '110-114': 46.27, 'old': 59.7, 'new': 46.27}
2026-06-06 23:20:09,497 [trainer.py] => CNN top1 curve: [89.94, 83.48, 78.91, 77.86, 76.77, 74.38, 70.07, 70.88, 70.06, 68.73, 67.05, 66.26, 65.98, 65.45, 63.41, 63.03, 62.01, 61.77, 61.33, 61.03, 59.89, 59.48, 59.15]
2026-06-06 23:20:09,497 [trainer.py] => CNN top5 curve: [100.0, 97.1, 94.56, 94.13, 93.53, 91.49, 89.78, 89.7, 88.8, 87.72, 86.79, 86.59, 85.58, 85.67, 84.42, 84.07, 83.28, 83.18, 83.13, 82.98, 82.18, 81.68, 81.87]
2026-06-06 23:20:09,497 [trainer.py] => Average Accuracy (CNN): 68.56
2026-06-06 23:20:09,498 [trainer.py] => All params: 172158352
2026-06-06 23:20:09,499 [trainer.py] => Trainable params: 407240
2026-06-06 23:20:09,499 [dualprompt.py] => Learning on 115-120
2026-06-06 23:40:36,962 [dualprompt.py] => Task 23, Epoch 20/20 => Loss 0.049, Train_accy 96.72, Test_accy 58.89
2026-06-06 23:42:31,712 [trainer.py] => No NME accuracy.
2026-06-06 23:42:31,712 [trainer.py] => CNN: {'total': 58.89, '00-04': 65.41, '05-09': 67.74, '10-14': 60.42, '15-19': 77.18, '20-24': 79.74, '25-29': 48.84, '30-34': 43.42, '35-39': 67.43, '40-44': 62.58, '45-49': 56.67, '50-54': 43.07, '55-59': 61.49, '60-64': 58.02, '65-69': 70.27, '70-74': 51.75, '75-79': 51.79, '80-84': 59.24, '85-89': 70.55, '90-94': 55.91, '95-99': 50.0, '100-104': 29.81, '105-109': 53.5, '110-114': 47.01, '115-119': 53.0, 'old': 59.24, 'new': 53.0}
2026-06-06 23:42:31,713 [trainer.py] => CNN top1 curve: [89.94, 83.48, 78.91, 77.86, 76.77, 74.38, 70.07, 70.88, 70.06, 68.73, 67.05, 66.26, 65.98, 65.45, 63.41, 63.03, 62.01, 61.77, 61.33, 61.03, 59.89, 59.48, 59.15, 58.89]
2026-06-06 23:42:31,713 [trainer.py] => CNN top5 curve: [100.0, 97.1, 94.56, 94.13, 93.53, 91.49, 89.78, 89.7, 88.8, 87.72, 86.79, 86.59, 85.58, 85.67, 84.42, 84.07, 83.28, 83.18, 83.13, 82.98, 82.18, 81.68, 81.87, 81.2]
2026-06-06 23:42:31,713 [trainer.py] => Average Accuracy (CNN): 68.16
2026-06-06 23:42:31,714 [trainer.py] => All params: 172158352
2026-06-06 23:42:31,716 [trainer.py] => Trainable params: 407240
2026-06-06 23:42:31,716 [dualprompt.py] => Learning on 120-125
2026-06-06 23:57:16,276 [dualprompt.py] => Task 24, Epoch 20/20 => Loss 0.045, Train_accy 97.21, Test_accy 58.27
2026-06-06 23:59:15,023 [trainer.py] => No NME accuracy.
2026-06-06 23:59:15,024 [trainer.py] => CNN: {'total': 58.27, '00-04': 64.78, '05-09': 66.67, '10-14': 61.46, '15-19': 76.76, '20-24': 78.43, '25-29': 46.51, '30-34': 42.11, '35-39': 67.43, '40-44': 61.94, '45-49': 55.33, '50-54': 41.61, '55-59': 60.25, '60-64': 58.02, '65-69': 70.27, '70-74': 51.05, '75-79': 50.89, '80-84': 58.6, '85-89': 69.86, '90-94': 55.12, '95-99': 50.0, '100-104': 28.85, '105-109': 53.5, '110-114': 46.27, '115-119': 52.5, '120-124': 61.06, 'old': 58.18, 'new': 61.06}
2026-06-06 23:59:15,024 [trainer.py] => CNN top1 curve: [89.94, 83.48, 78.91, 77.86, 76.77, 74.38, 70.07, 70.88, 70.06, 68.73, 67.05, 66.26, 65.98, 65.45, 63.41, 63.03, 62.01, 61.77, 61.33, 61.03, 59.89, 59.48, 59.15, 58.89, 58.27]
2026-06-06 23:59:15,024 [trainer.py] => CNN top5 curve: [100.0, 97.1, 94.56, 94.13, 93.53, 91.49, 89.78, 89.7, 88.8, 87.72, 86.79, 86.59, 85.58, 85.67, 84.42, 84.07, 83.28, 83.18, 83.13, 82.98, 82.18, 81.68, 81.87, 81.2, 80.82]
2026-06-06 23:59:15,024 [trainer.py] => Average Accuracy (CNN): 67.76
2026-06-06 23:59:15,025 [trainer.py] => All params: 172158352
2026-06-06 23:59:15,027 [trainer.py] => Trainable params: 407240
2026-06-06 23:59:15,027 [dualprompt.py] => Learning on 125-130
2026-06-07 00:17:33,923 [dualprompt.py] => Task 25, Epoch 20/20 => Loss 0.051, Train_accy 96.62, Test_accy 57.89
2026-06-07 00:19:35,760 [trainer.py] => No NME accuracy.
2026-06-07 00:19:35,760 [trainer.py] => CNN: {'total': 57.89, '00-04': 64.78, '05-09': 65.59, '10-14': 60.42, '15-19': 77.59, '20-24': 78.43, '25-29': 46.51, '30-34': 42.11, '35-39': 66.86, '40-44': 62.58, '45-49': 53.33, '50-54': 42.34, '55-59': 59.63, '60-64': 56.49, '65-69': 68.47, '70-74': 51.75, '75-79': 49.11, '80-84': 57.96, '85-89': 69.18, '90-94': 54.33, '95-99': 50.0, '100-104': 27.88, '105-109': 52.23, '110-114': 44.03, '115-119': 52.0, '120-124': 59.29, '125-129': 62.94, 'old': 57.69, 'new': 62.94}
2026-06-07 00:19:35,760 [trainer.py] => CNN top1 curve: [89.94, 83.48, 78.91, 77.86, 76.77, 74.38, 70.07, 70.88, 70.06, 68.73, 67.05, 66.26, 65.98, 65.45, 63.41, 63.03, 62.01, 61.77, 61.33, 61.03, 59.89, 59.48, 59.15, 58.89, 58.27, 57.89]
2026-06-07 00:19:35,761 [trainer.py] => CNN top5 curve: [100.0, 97.1, 94.56, 94.13, 93.53, 91.49, 89.78, 89.7, 88.8, 87.72, 86.79, 86.59, 85.58, 85.67, 84.42, 84.07, 83.28, 83.18, 83.13, 82.98, 82.18, 81.68, 81.87, 81.2, 80.82, 80.62]
2026-06-07 00:19:35,761 [trainer.py] => Average Accuracy (CNN): 67.38
2026-06-07 00:19:35,762 [trainer.py] => All params: 172158352
2026-06-07 00:19:35,763 [trainer.py] => Trainable params: 407240
2026-06-07 00:19:35,763 [dualprompt.py] => Learning on 130-135
2026-06-07 00:37:07,248 [dualprompt.py] => Task 26, Epoch 20/20 => Loss 0.084, Train_accy 95.67, Test_accy 57.25
2026-06-07 00:39:14,101 [trainer.py] => No NME accuracy.
2026-06-07 00:39:14,102 [trainer.py] => CNN: {'total': 57.25, '00-04': 64.15, '05-09': 64.52, '10-14': 61.46, '15-19': 76.76, '20-24': 77.78, '25-29': 48.84, '30-34': 43.42, '35-39': 66.86, '40-44': 61.29, '45-49': 52.0, '50-54': 43.8, '55-59': 56.52, '60-64': 58.02, '65-69': 65.77, '70-74': 51.75, '75-79': 47.32, '80-84': 57.96, '85-89': 67.81, '90-94': 55.12, '95-99': 51.06, '100-104': 26.92, '105-109': 52.23, '110-114': 44.03, '115-119': 51.0, '120-124': 58.41, '125-129': 60.84, '130-134': 52.45, 'old': 57.43, 'new': 52.45}
2026-06-07 00:39:14,102 [trainer.py] => CNN top1 curve: [89.94, 83.48, 78.91, 77.86, 76.77, 74.38, 70.07, 70.88, 70.06, 68.73, 67.05, 66.26, 65.98, 65.45, 63.41, 63.03, 62.01, 61.77, 61.33, 61.03, 59.89, 59.48, 59.15, 58.89, 58.27, 57.89, 57.25]
2026-06-07 00:39:14,102 [trainer.py] => CNN top5 curve: [100.0, 97.1, 94.56, 94.13, 93.53, 91.49, 89.78, 89.7, 88.8, 87.72, 86.79, 86.59, 85.58, 85.67, 84.42, 84.07, 83.28, 83.18, 83.13, 82.98, 82.18, 81.68, 81.87, 81.2, 80.82, 80.62, 79.51]
2026-06-07 00:39:14,102 [trainer.py] => Average Accuracy (CNN): 67.01
2026-06-07 00:39:14,103 [trainer.py] => All params: 172158352
2026-06-07 00:39:14,104 [trainer.py] => Trainable params: 407240
2026-06-07 00:39:14,104 [dualprompt.py] => Learning on 135-140
2026-06-07 01:00:49,356 [dualprompt.py] => Task 27, Epoch 20/20 => Loss 0.078, Train_accy 96.04, Test_accy 57.08
2026-06-07 01:03:01,738 [trainer.py] => No NME accuracy.
2026-06-07 01:03:01,738 [trainer.py] => CNN: {'total': 57.08, '00-04': 63.52, '05-09': 67.2, '10-14': 60.42, '15-19': 76.35, '20-24': 77.12, '25-29': 48.06, '30-34': 43.42, '35-39': 67.43, '40-44': 60.0, '45-49': 52.0, '50-54': 43.8, '55-59': 54.66, '60-64': 58.02, '65-69': 65.77, '70-74': 50.35, '75-79': 47.32, '80-84': 57.96, '85-89': 69.18, '90-94': 55.91, '95-99': 52.13, '100-104': 28.85, '105-109': 52.87, '110-114': 42.54, '115-119': 52.0, '120-124': 57.52, '125-129': 60.84, '130-134': 53.85, '135-139': 52.41, 'old': 57.3, 'new': 52.41}
2026-06-07 01:03:01,738 [trainer.py] => CNN top1 curve: [89.94, 83.48, 78.91, 77.86, 76.77, 74.38, 70.07, 70.88, 70.06, 68.73, 67.05, 66.26, 65.98, 65.45, 63.41, 63.03, 62.01, 61.77, 61.33, 61.03, 59.89, 59.48, 59.15, 58.89, 58.27, 57.89, 57.25, 57.08]
2026-06-07 01:03:01,738 [trainer.py] => CNN top5 curve: [100.0, 97.1, 94.56, 94.13, 93.53, 91.49, 89.78, 89.7, 88.8, 87.72, 86.79, 86.59, 85.58, 85.67, 84.42, 84.07, 83.28, 83.18, 83.13, 82.98, 82.18, 81.68, 81.87, 81.2, 80.82, 80.62, 79.51, 79.42]
2026-06-07 01:03:01,738 [trainer.py] => Average Accuracy (CNN): 66.65
2026-06-07 01:03:01,740 [trainer.py] => All params: 172158352
2026-06-07 01:03:01,741 [trainer.py] => Trainable params: 407240
2026-06-07 01:03:01,741 [dualprompt.py] => Learning on 140-145
2026-06-07 01:20:58,038 [dualprompt.py] => Task 28, Epoch 20/20 => Loss 0.041, Train_accy 97.69, Test_accy 56.86
2026-06-07 01:23:17,659 [trainer.py] => No NME accuracy.
2026-06-07 01:23:17,694 [trainer.py] => CNN: {'total': 56.86, '00-04': 63.52, '05-09': 66.67, '10-14': 59.38, '15-19': 76.76, '20-24': 77.78, '25-29': 47.29, '30-34': 42.76, '35-39': 68.57, '40-44': 62.58, '45-49': 52.67, '50-54': 44.53, '55-59': 55.28, '60-64': 57.25, '65-69': 66.67, '70-74': 50.35, '75-79': 47.32, '80-84': 58.6, '85-89': 68.49, '90-94': 54.33, '95-99': 51.06, '100-104': 26.92, '105-109': 52.23, '110-114': 44.03, '115-119': 53.5, '120-124': 57.52, '125-129': 60.14, '130-134': 53.15, '135-139': 54.55, '140-144': 45.27, 'old': 57.28, 'new': 45.27}
2026-06-07 01:23:17,694 [trainer.py] => CNN top1 curve: [89.94, 83.48, 78.91, 77.86, 76.77, 74.38, 70.07, 70.88, 70.06, 68.73, 67.05, 66.26, 65.98, 65.45, 63.41, 63.03, 62.01, 61.77, 61.33, 61.03, 59.89, 59.48, 59.15, 58.89, 58.27, 57.89, 57.25, 57.08, 56.86]
2026-06-07 01:23:17,694 [trainer.py] => CNN top5 curve: [100.0, 97.1, 94.56, 94.13, 93.53, 91.49, 89.78, 89.7, 88.8, 87.72, 86.79, 86.59, 85.58, 85.67, 84.42, 84.07, 83.28, 83.18, 83.13, 82.98, 82.18, 81.68, 81.87, 81.2, 80.82, 80.62, 79.51, 79.42, 79.62]
2026-06-07 01:23:17,695 [trainer.py] => Average Accuracy (CNN): 66.32
2026-06-07 01:23:17,696 [trainer.py] => All params: 172158352
2026-06-07 01:23:17,698 [trainer.py] => Trainable params: 407240
2026-06-07 01:23:17,698 [dualprompt.py] => Learning on 145-150
2026-06-07 01:43:11,992 [dualprompt.py] => Task 29, Epoch 20/20 => Loss 0.052, Train_accy 97.39, Test_accy 56.67
2026-06-07 01:45:35,273 [trainer.py] => No NME accuracy.
2026-06-07 01:45:35,274 [trainer.py] => CNN: {'total': 56.67, '00-04': 62.89, '05-09': 66.67, '10-14': 59.38, '15-19': 76.35, '20-24': 77.78, '25-29': 44.96, '30-34': 43.42, '35-39': 68.57, '40-44': 58.06, '45-49': 52.67, '50-54': 44.53, '55-59': 54.66, '60-64': 54.96, '65-69': 64.86, '70-74': 48.95, '75-79': 48.21, '80-84': 57.96, '85-89': 68.49, '90-94': 55.12, '95-99': 51.06, '100-104': 31.73, '105-109': 53.5, '110-114': 44.03, '115-119': 53.5, '120-124': 55.75, '125-129': 62.24, '130-134': 53.85, '135-139': 51.87, '140-144': 47.3, '145-149': 58.54, 'old': 56.6, 'new': 58.54}
2026-06-07 01:45:35,274 [trainer.py] => CNN top1 curve: [89.94, 83.48, 78.91, 77.86, 76.77, 74.38, 70.07, 70.88, 70.06, 68.73, 67.05, 66.26, 65.98, 65.45, 63.41, 63.03, 62.01, 61.77, 61.33, 61.03, 59.89, 59.48, 59.15, 58.89, 58.27, 57.89, 57.25, 57.08, 56.86, 56.67]
2026-06-07 01:45:35,274 [trainer.py] => CNN top5 curve: [100.0, 97.1, 94.56, 94.13, 93.53, 91.49, 89.78, 89.7, 88.8, 87.72, 86.79, 86.59, 85.58, 85.67, 84.42, 84.07, 83.28, 83.18, 83.13, 82.98, 82.18, 81.68, 81.87, 81.2, 80.82, 80.62, 79.51, 79.42, 79.62, 79.22]
2026-06-07 01:45:35,274 [trainer.py] => Average Accuracy (CNN): 65.99
2026-06-07 01:45:35,277 [trainer.py] => All params: 172158352
2026-06-07 01:45:35,279 [trainer.py] => Trainable params: 407240
2026-06-07 01:45:35,279 [dualprompt.py] => Learning on 150-155
2026-06-07 02:11:30,082 [dualprompt.py] => Task 30, Epoch 20/20 => Loss 0.073, Train_accy 96.08, Test_accy 56.26
2026-06-07 02:13:59,364 [trainer.py] => No NME accuracy.
2026-06-07 02:13:59,364 [trainer.py] => CNN: {'total': 56.26, '00-04': 61.64, '05-09': 67.2, '10-14': 60.42, '15-19': 77.59, '20-24': 76.47, '25-29': 44.96, '30-34': 42.11, '35-39': 69.71, '40-44': 58.71, '45-49': 52.67, '50-54': 45.99, '55-59': 53.42, '60-64': 52.67, '65-69': 63.06, '70-74': 51.05, '75-79': 48.21, '80-84': 57.96, '85-89': 69.18, '90-94': 56.69, '95-99': 51.06, '100-104': 30.77, '105-109': 54.14, '110-114': 42.54, '115-119': 48.5, '120-124': 57.52, '125-129': 64.34, '130-134': 52.45, '135-139': 51.87, '140-144': 47.3, '145-149': 54.88, '150-154': 53.62, 'old': 56.4, 'new': 53.62}
2026-06-07 02:13:59,364 [trainer.py] => CNN top1 curve: [89.94, 83.48, 78.91, 77.86, 76.77, 74.38, 70.07, 70.88, 70.06, 68.73, 67.05, 66.26, 65.98, 65.45, 63.41, 63.03, 62.01, 61.77, 61.33, 61.03, 59.89, 59.48, 59.15, 58.89, 58.27, 57.89, 57.25, 57.08, 56.86, 56.67, 56.26]
2026-06-07 02:13:59,364 [trainer.py] => CNN top5 curve: [100.0, 97.1, 94.56, 94.13, 93.53, 91.49, 89.78, 89.7, 88.8, 87.72, 86.79, 86.59, 85.58, 85.67, 84.42, 84.07, 83.28, 83.18, 83.13, 82.98, 82.18, 81.68, 81.87, 81.2, 80.82, 80.62, 79.51, 79.42, 79.62, 79.22, 79.24]
2026-06-07 02:13:59,364 [trainer.py] => Average Accuracy (CNN): 65.68
2026-06-07 02:13:59,366 [trainer.py] => All params: 172158352
2026-06-07 02:13:59,368 [trainer.py] => Trainable params: 407240
2026-06-07 02:13:59,368 [dualprompt.py] => Learning on 155-160
2026-06-07 02:33:16,902 [dualprompt.py] => Task 31, Epoch 20/20 => Loss 0.043, Train_accy 97.90, Test_accy 55.86
2026-06-07 02:35:52,138 [trainer.py] => No NME accuracy.
2026-06-07 02:35:52,153 [trainer.py] => CNN: {'total': 55.86, '00-04': 62.26, '05-09': 66.13, '10-14': 61.46, '15-19': 77.18, '20-24': 75.16, '25-29': 44.96, '30-34': 40.79, '35-39': 69.71, '40-44': 58.06, '45-49': 52.67, '50-54': 46.72, '55-59': 54.04, '60-64': 52.67, '65-69': 61.26, '70-74': 48.25, '75-79': 48.21, '80-84': 57.96, '85-89': 67.12, '90-94': 56.69, '95-99': 51.06, '100-104': 30.77, '105-109': 53.5, '110-114': 42.54, '115-119': 48.5, '120-124': 60.18, '125-129': 63.64, '130-134': 53.15, '135-139': 51.87, '140-144': 45.95, '145-149': 54.88, '150-154': 53.62, '155-159': 52.29, 'old': 55.98, 'new': 52.29}
2026-06-07 02:35:52,153 [trainer.py] => CNN top1 curve: [89.94, 83.48, 78.91, 77.86, 76.77, 74.38, 70.07, 70.88, 70.06, 68.73, 67.05, 66.26, 65.98, 65.45, 63.41, 63.03, 62.01, 61.77, 61.33, 61.03, 59.89, 59.48, 59.15, 58.89, 58.27, 57.89, 57.25, 57.08, 56.86, 56.67, 56.26, 55.86]
2026-06-07 02:35:52,153 [trainer.py] => CNN top5 curve: [100.0, 97.1, 94.56, 94.13, 93.53, 91.49, 89.78, 89.7, 88.8, 87.72, 86.79, 86.59, 85.58, 85.67, 84.42, 84.07, 83.28, 83.18, 83.13, 82.98, 82.18, 81.68, 81.87, 81.2, 80.82, 80.62, 79.51, 79.42, 79.62, 79.22, 79.24, 78.84]
2026-06-07 02:35:52,154 [trainer.py] => Average Accuracy (CNN): 65.37
2026-06-07 02:35:52,155 [trainer.py] => All params: 172158352
2026-06-07 02:35:52,156 [trainer.py] => Trainable params: 407240
2026-06-07 02:35:52,156 [dualprompt.py] => Learning on 160-165
2026-06-07 02:57:24,600 [dualprompt.py] => Task 32, Epoch 20/20 => Loss 0.149, Train_accy 94.83, Test_accy 55.47
2026-06-07 03:00:02,731 [trainer.py] => No NME accuracy.
2026-06-07 03:00:02,732 [trainer.py] => CNN: {'total': 55.47, '00-04': 62.26, '05-09': 67.2, '10-14': 61.46, '15-19': 77.59, '20-24': 77.12, '25-29': 45.74, '30-34': 42.11, '35-39': 66.86, '40-44': 57.42, '45-49': 52.0, '50-54': 45.26, '55-59': 55.28, '60-64': 51.91, '65-69': 61.26, '70-74': 50.35, '75-79': 47.32, '80-84': 58.6, '85-89': 66.44, '90-94': 56.69, '95-99': 50.0, '100-104': 27.88, '105-109': 53.5, '110-114': 44.03, '115-119': 48.5, '120-124': 59.29, '125-129': 62.94, '130-134': 51.75, '135-139': 51.34, '140-144': 47.3, '145-149': 54.88, '150-154': 54.04, '155-159': 51.63, '160-164': 44.37, 'old': 55.82, 'new': 44.37}
2026-06-07 03:00:02,732 [trainer.py] => CNN top1 curve: [89.94, 83.48, 78.91, 77.86, 76.77, 74.38, 70.07, 70.88, 70.06, 68.73, 67.05, 66.26, 65.98, 65.45, 63.41, 63.03, 62.01, 61.77, 61.33, 61.03, 59.89, 59.48, 59.15, 58.89, 58.27, 57.89, 57.25, 57.08, 56.86, 56.67, 56.26, 55.86, 55.47]
2026-06-07 03:00:02,732 [trainer.py] => CNN top5 curve: [100.0, 97.1, 94.56, 94.13, 93.53, 91.49, 89.78, 89.7, 88.8, 87.72, 86.79, 86.59, 85.58, 85.67, 84.42, 84.07, 83.28, 83.18, 83.13, 82.98, 82.18, 81.68, 81.87, 81.2, 80.82, 80.62, 79.51, 79.42, 79.62, 79.22, 79.24, 78.84, 78.71]
2026-06-07 03:00:02,732 [trainer.py] => Average Accuracy (CNN): 65.07
2026-06-07 03:00:02,734 [trainer.py] => All params: 172158352
2026-06-07 03:00:02,735 [trainer.py] => Trainable params: 407240
2026-06-07 03:00:02,735 [dualprompt.py] => Learning on 165-170
2026-06-07 03:20:08,935 [dualprompt.py] => Task 33, Epoch 20/20 => Loss 0.050, Train_accy 96.99, Test_accy 55.74
2026-06-07 03:22:52,444 [trainer.py] => No NME accuracy.
2026-06-07 03:22:52,444 [trainer.py] => CNN: {'total': 55.74, '00-04': 61.64, '05-09': 67.2, '10-14': 61.46, '15-19': 78.01, '20-24': 76.47, '25-29': 44.96, '30-34': 42.11, '35-39': 68.0, '40-44': 60.0, '45-49': 51.33, '50-54': 44.53, '55-59': 52.17, '60-64': 52.67, '65-69': 60.36, '70-74': 51.05, '75-79': 47.32, '80-84': 56.69, '85-89': 65.07, '90-94': 57.48, '95-99': 50.0, '100-104': 29.81, '105-109': 52.23, '110-114': 42.54, '115-119': 48.0, '120-124': 59.29, '125-129': 63.64, '130-134': 52.45, '135-139': 51.87, '140-144': 46.62, '145-149': 54.88, '150-154': 52.77, '155-159': 52.29, '160-164': 43.71, '165-169': 74.22, 'old': 55.27, 'new': 74.22}
2026-06-07 03:22:52,445 [trainer.py] => CNN top1 curve: [89.94, 83.48, 78.91, 77.86, 76.77, 74.38, 70.07, 70.88, 70.06, 68.73, 67.05, 66.26, 65.98, 65.45, 63.41, 63.03, 62.01, 61.77, 61.33, 61.03, 59.89, 59.48, 59.15, 58.89, 58.27, 57.89, 57.25, 57.08, 56.86, 56.67, 56.26, 55.86, 55.47, 55.74]
2026-06-07 03:22:52,445 [trainer.py] => CNN top5 curve: [100.0, 97.1, 94.56, 94.13, 93.53, 91.49, 89.78, 89.7, 88.8, 87.72, 86.79, 86.59, 85.58, 85.67, 84.42, 84.07, 83.28, 83.18, 83.13, 82.98, 82.18, 81.68, 81.87, 81.2, 80.82, 80.62, 79.51, 79.42, 79.62, 79.22, 79.24, 78.84, 78.71, 78.42]
2026-06-07 03:22:52,445 [trainer.py] => Average Accuracy (CNN): 64.8
2026-06-07 03:22:52,448 [trainer.py] => All params: 172158352
2026-06-07 03:22:52,450 [trainer.py] => Trainable params: 407240
2026-06-07 03:22:52,450 [dualprompt.py] => Learning on 170-175
2026-06-07 03:47:17,832 [dualprompt.py] => Task 34, Epoch 20/20 => Loss 0.084, Train_accy 95.99, Test_accy 55.35
2026-06-07 03:50:03,278 [trainer.py] => No NME accuracy.
2026-06-07 03:50:03,278 [trainer.py] => CNN: {'total': 55.35, '00-04': 62.26, '05-09': 65.05, '10-14': 61.46, '15-19': 78.01, '20-24': 76.47, '25-29': 44.96, '30-34': 40.79, '35-39': 66.29, '40-44': 59.35, '45-49': 50.67, '50-54': 45.99, '55-59': 53.42, '60-64': 52.67, '65-69': 58.56, '70-74': 48.95, '75-79': 46.43, '80-84': 56.69, '85-89': 65.75, '90-94': 57.48, '95-99': 51.06, '100-104': 31.73, '105-109': 52.23, '110-114': 43.28, '115-119': 48.5, '120-124': 60.18, '125-129': 66.43, '130-134': 52.45, '135-139': 50.8, '140-144': 45.27, '145-149': 56.1, '150-154': 53.62, '155-159': 51.63, '160-164': 43.05, '165-169': 74.22, '170-174': 46.2, 'old': 55.68, 'new': 46.2}
2026-06-07 03:50:03,278 [trainer.py] => CNN top1 curve: [89.94, 83.48, 78.91, 77.86, 76.77, 74.38, 70.07, 70.88, 70.06, 68.73, 67.05, 66.26, 65.98, 65.45, 63.41, 63.03, 62.01, 61.77, 61.33, 61.03, 59.89, 59.48, 59.15, 58.89, 58.27, 57.89, 57.25, 57.08, 56.86, 56.67, 56.26, 55.86, 55.47, 55.74, 55.35]
2026-06-07 03:50:03,279 [trainer.py] => CNN top5 curve: [100.0, 97.1, 94.56, 94.13, 93.53, 91.49, 89.78, 89.7, 88.8, 87.72, 86.79, 86.59, 85.58, 85.67, 84.42, 84.07, 83.28, 83.18, 83.13, 82.98, 82.18, 81.68, 81.87, 81.2, 80.82, 80.62, 79.51, 79.42, 79.62, 79.22, 79.24, 78.84, 78.71, 78.42, 77.54]
2026-06-07 03:50:03,279 [trainer.py] => Average Accuracy (CNN): 64.53
2026-06-07 03:50:03,280 [trainer.py] => All params: 172158352
2026-06-07 03:50:03,282 [trainer.py] => Trainable params: 407240
2026-06-07 03:50:03,282 [dualprompt.py] => Learning on 175-180
2026-06-07 04:10:08,730 [dualprompt.py] => Task 35, Epoch 20/20 => Loss 0.087, Train_accy 96.30, Test_accy 54.80
2026-06-07 04:13:02,312 [trainer.py] => No NME accuracy.
2026-06-07 04:13:02,342 [trainer.py] => CNN: {'total': 54.8, '00-04': 62.26, '05-09': 65.05, '10-14': 59.38, '15-19': 77.59, '20-24': 75.16, '25-29': 44.96, '30-34': 42.11, '35-39': 67.43, '40-44': 58.71, '45-49': 50.67, '50-54': 43.8, '55-59': 54.04, '60-64': 51.91, '65-69': 61.26, '70-74': 49.65, '75-79': 47.32, '80-84': 54.78, '85-89': 65.75, '90-94': 57.48, '95-99': 51.06, '100-104': 31.73, '105-109': 52.87, '110-114': 42.54, '115-119': 47.0, '120-124': 59.29, '125-129': 65.73, '130-134': 52.45, '135-139': 50.27, '140-144': 45.95, '145-149': 56.1, '150-154': 52.77, '155-159': 52.29, '160-164': 41.72, '165-169': 72.66, '170-174': 46.74, '175-179': 41.67, 'old': 55.12, 'new': 41.67}
2026-06-07 04:13:02,342 [trainer.py] => CNN top1 curve: [89.94, 83.48, 78.91, 77.86, 76.77, 74.38, 70.07, 70.88, 70.06, 68.73, 67.05, 66.26, 65.98, 65.45, 63.41, 63.03, 62.01, 61.77, 61.33, 61.03, 59.89, 59.48, 59.15, 58.89, 58.27, 57.89, 57.25, 57.08, 56.86, 56.67, 56.26, 55.86, 55.47, 55.74, 55.35, 54.8]
2026-06-07 04:13:02,342 [trainer.py] => CNN top5 curve: [100.0, 97.1, 94.56, 94.13, 93.53, 91.49, 89.78, 89.7, 88.8, 87.72, 86.79, 86.59, 85.58, 85.67, 84.42, 84.07, 83.28, 83.18, 83.13, 82.98, 82.18, 81.68, 81.87, 81.2, 80.82, 80.62, 79.51, 79.42, 79.62, 79.22, 79.24, 78.84, 78.71, 78.42, 77.54, 77.31]
2026-06-07 04:13:02,342 [trainer.py] => Average Accuracy (CNN): 64.26
2026-06-07 04:13:02,344 [trainer.py] => All params: 172158352
2026-06-07 04:13:02,345 [trainer.py] => Trainable params: 407240
2026-06-07 04:13:02,345 [dualprompt.py] => Learning on 180-185
2026-06-07 04:30:26,661 [dualprompt.py] => Task 36, Epoch 20/20 => Loss 0.053, Train_accy 97.78, Test_accy 54.67
2026-06-07 04:33:24,565 [trainer.py] => No NME accuracy.
2026-06-07 04:33:24,580 [trainer.py] => CNN: {'total': 54.67, '00-04': 62.26, '05-09': 65.59, '10-14': 60.42, '15-19': 78.01, '20-24': 76.47, '25-29': 45.74, '30-34': 42.11, '35-39': 68.0, '40-44': 57.42, '45-49': 50.0, '50-54': 43.07, '55-59': 53.42, '60-64': 51.91, '65-69': 61.26, '70-74': 50.35, '75-79': 47.32, '80-84': 54.14, '85-89': 63.7, '90-94': 58.27, '95-99': 50.0, '100-104': 31.73, '105-109': 50.96, '110-114': 41.79, '115-119': 49.0, '120-124': 57.52, '125-129': 65.73, '130-134': 52.45, '135-139': 49.2, '140-144': 45.95, '145-149': 55.49, '150-154': 52.34, '155-159': 53.59, '160-164': 41.06, '165-169': 71.88, '170-174': 46.2, '175-179': 42.42, '180-184': 55.13, 'old': 54.67, 'new': 55.13}
2026-06-07 04:33:24,580 [trainer.py] => CNN top1 curve: [89.94, 83.48, 78.91, 77.86, 76.77, 74.38, 70.07, 70.88, 70.06, 68.73, 67.05, 66.26, 65.98, 65.45, 63.41, 63.03, 62.01, 61.77, 61.33, 61.03, 59.89, 59.48, 59.15, 58.89, 58.27, 57.89, 57.25, 57.08, 56.86, 56.67, 56.26, 55.86, 55.47, 55.74, 55.35, 54.8, 54.67]
2026-06-07 04:33:24,581 [trainer.py] => CNN top5 curve: [100.0, 97.1, 94.56, 94.13, 93.53, 91.49, 89.78, 89.7, 88.8, 87.72, 86.79, 86.59, 85.58, 85.67, 84.42, 84.07, 83.28, 83.18, 83.13, 82.98, 82.18, 81.68, 81.87, 81.2, 80.82, 80.62, 79.51, 79.42, 79.62, 79.22, 79.24, 78.84, 78.71, 78.42, 77.54, 77.31, 77.0]
2026-06-07 04:33:24,581 [trainer.py] => Average Accuracy (CNN): 64.0
2026-06-07 04:33:24,583 [trainer.py] => All params: 172158352
2026-06-07 04:33:24,585 [trainer.py] => Trainable params: 407240
2026-06-07 04:33:24,585 [dualprompt.py] => Learning on 185-190
2026-06-07 04:58:07,009 [dualprompt.py] => Task 37, Epoch 20/20 => Loss 0.060, Train_accy 96.99, Test_accy 55.17
2026-06-07 05:01:09,390 [trainer.py] => No NME accuracy.
2026-06-07 05:01:09,391 [trainer.py] => CNN: {'total': 55.17, '00-04': 62.26, '05-09': 66.13, '10-14': 60.42, '15-19': 78.01, '20-24': 77.78, '25-29': 44.96, '30-34': 42.11, '35-39': 70.29, '40-44': 58.71, '45-49': 50.67, '50-54': 45.99, '55-59': 53.42, '60-64': 52.67, '65-69': 60.36, '70-74': 49.65, '75-79': 44.64, '80-84': 54.78, '85-89': 65.75, '90-94': 57.48, '95-99': 51.06, '100-104': 34.62, '105-109': 50.32, '110-114': 42.54, '115-119': 48.5, '120-124': 59.29, '125-129': 63.64, '130-134': 53.15, '135-139': 50.8, '140-144': 46.62, '145-149': 57.32, '150-154': 51.91, '155-159': 52.29, '160-164': 42.38, '165-169': 72.66, '170-174': 47.28, '175-179': 42.42, '180-184': 53.85, '185-189': 57.44, 'old': 55.09, 'new': 57.44}
2026-06-07 05:01:09,392 [trainer.py] => CNN top1 curve: [89.94, 83.48, 78.91, 77.86, 76.77, 74.38, 70.07, 70.88, 70.06, 68.73, 67.05, 66.26, 65.98, 65.45, 63.41, 63.03, 62.01, 61.77, 61.33, 61.03, 59.89, 59.48, 59.15, 58.89, 58.27, 57.89, 57.25, 57.08, 56.86, 56.67, 56.26, 55.86, 55.47, 55.74, 55.35, 54.8, 54.67, 55.17]
2026-06-07 05:01:09,392 [trainer.py] => CNN top5 curve: [100.0, 97.1, 94.56, 94.13, 93.53, 91.49, 89.78, 89.7, 88.8, 87.72, 86.79, 86.59, 85.58, 85.67, 84.42, 84.07, 83.28, 83.18, 83.13, 82.98, 82.18, 81.68, 81.87, 81.2, 80.82, 80.62, 79.51, 79.42, 79.62, 79.22, 79.24, 78.84, 78.71, 78.42, 77.54, 77.31, 77.0, 77.38]
2026-06-07 05:01:09,392 [trainer.py] => Average Accuracy (CNN): 63.77
2026-06-07 05:01:09,396 [trainer.py] => All params: 172158352
2026-06-07 05:01:09,399 [trainer.py] => Trainable params: 407240
2026-06-07 05:01:09,399 [dualprompt.py] => Learning on 190-195
2026-06-07 05:25:48,925 [dualprompt.py] => Task 38, Epoch 20/20 => Loss 0.099, Train_accy 95.06, Test_accy 54.95
2026-06-07 05:29:00,409 [trainer.py] => No NME accuracy.
2026-06-07 05:29:00,409 [trainer.py] => CNN: {'total': 54.95, '00-04': 62.89, '05-09': 65.59, '10-14': 59.38, '15-19': 77.59, '20-24': 78.43, '25-29': 47.29, '30-34': 40.79, '35-39': 70.86, '40-44': 59.35, '45-49': 48.67, '50-54': 45.99, '55-59': 54.04, '60-64': 51.15, '65-69': 59.46, '70-74': 48.95, '75-79': 42.86, '80-84': 54.78, '85-89': 64.38, '90-94': 58.27, '95-99': 51.06, '100-104': 34.62, '105-109': 49.68, '110-114': 42.54, '115-119': 47.5, '120-124': 60.18, '125-129': 64.34, '130-134': 54.55, '135-139': 50.27, '140-144': 46.62, '145-149': 56.71, '150-154': 52.77, '155-159': 50.33, '160-164': 41.72, '165-169': 73.44, '170-174': 45.65, '175-179': 43.94, '180-184': 53.85, '185-189': 57.44, '190-194': 53.51, 'old': 55.0, 'new': 53.51}
2026-06-07 05:29:00,410 [trainer.py] => CNN top1 curve: [89.94, 83.48, 78.91, 77.86, 76.77, 74.38, 70.07, 70.88, 70.06, 68.73, 67.05, 66.26, 65.98, 65.45, 63.41, 63.03, 62.01, 61.77, 61.33, 61.03, 59.89, 59.48, 59.15, 58.89, 58.27, 57.89, 57.25, 57.08, 56.86, 56.67, 56.26, 55.86, 55.47, 55.74, 55.35, 54.8, 54.67, 55.17, 54.95]
2026-06-07 05:29:00,410 [trainer.py] => CNN top5 curve: [100.0, 97.1, 94.56, 94.13, 93.53, 91.49, 89.78, 89.7, 88.8, 87.72, 86.79, 86.59, 85.58, 85.67, 84.42, 84.07, 83.28, 83.18, 83.13, 82.98, 82.18, 81.68, 81.87, 81.2, 80.82, 80.62, 79.51, 79.42, 79.62, 79.22, 79.24, 78.84, 78.71, 78.42, 77.54, 77.31, 77.0, 77.38, 77.23]
2026-06-07 05:29:00,410 [trainer.py] => Average Accuracy (CNN): 63.54
2026-06-07 05:29:00,411 [trainer.py] => All params: 172158352
2026-06-07 05:29:00,412 [trainer.py] => Trainable params: 407240
2026-06-07 05:29:00,412 [dualprompt.py] => Learning on 195-200
2026-06-07 05:53:06,548 [dualprompt.py] => Task 39, Epoch 20/20 => Loss 0.017, Train_accy 98.46, Test_accy 55.37
2026-06-07 05:56:22,232 [trainer.py] => No NME accuracy.
2026-06-07 05:56:22,233 [trainer.py] => CNN: {'total': 55.37, '00-04': 61.64, '05-09': 66.67, '10-14': 60.42, '15-19': 78.84, '20-24': 77.12, '25-29': 47.29, '30-34': 42.11, '35-39': 71.43, '40-44': 60.0, '45-49': 50.67, '50-54': 45.99, '55-59': 52.8, '60-64': 51.91, '65-69': 59.46, '70-74': 48.95, '75-79': 43.75, '80-84': 55.41, '85-89': 64.38, '90-94': 58.27, '95-99': 50.0, '100-104': 35.58, '105-109': 50.32, '110-114': 44.78, '115-119': 47.5, '120-124': 61.06, '125-129': 65.03, '130-134': 54.55, '135-139': 50.8, '140-144': 47.3, '145-149': 55.49, '150-154': 52.77, '155-159': 50.98, '160-164': 40.4, '165-169': 73.44, '170-174': 46.74, '175-179': 43.18, '180-184': 55.13, '185-189': 57.44, '190-194': 53.51, '195-199': 60.26, 'old': 55.24, 'new': 60.26}
2026-06-07 05:56:22,233 [trainer.py] => CNN top1 curve: [89.94, 83.48, 78.91, 77.86, 76.77, 74.38, 70.07, 70.88, 70.06, 68.73, 67.05, 66.26, 65.98, 65.45, 63.41, 63.03, 62.01, 61.77, 61.33, 61.03, 59.89, 59.48, 59.15, 58.89, 58.27, 57.89, 57.25, 57.08, 56.86, 56.67, 56.26, 55.86, 55.47, 55.74, 55.35, 54.8, 54.67, 55.17, 54.95, 55.37]
2026-06-07 05:56:22,233 [trainer.py] => CNN top5 curve: [100.0, 97.1, 94.56, 94.13, 93.53, 91.49, 89.78, 89.7, 88.8, 87.72, 86.79, 86.59, 85.58, 85.67, 84.42, 84.07, 83.28, 83.18, 83.13, 82.98, 82.18, 81.68, 81.87, 81.2, 80.82, 80.62, 79.51, 79.42, 79.62, 79.22, 79.24, 78.84, 78.71, 78.42, 77.54, 77.31, 77.0, 77.38, 77.23, 77.68]
2026-06-07 05:56:22,233 [trainer.py] => Average Accuracy (CNN): 63.34
