2026-06-15 23:58:10,795 [trainer.py] => config: ./configs/dualprompt/dualprompt_omn_B0_Inc5.json
2026-06-15 23:58:10,795 [trainer.py] => prefix:  
2026-06-15 23:58:10,796 [trainer.py] => dataset: omnibenchmark
2026-06-15 23:58:10,796 [trainer.py] => memory_size: 0
2026-06-15 23:58:10,796 [trainer.py] => memory_per_class: 0
2026-06-15 23:58:10,796 [trainer.py] => fixed_memory: False
2026-06-15 23:58:10,796 [trainer.py] => shuffle: True
2026-06-15 23:58:10,797 [trainer.py] => init_cls: 5
2026-06-15 23:58:10,797 [trainer.py] => increment: 5
2026-06-15 23:58:10,797 [trainer.py] => model_name: dualprompt
2026-06-15 23:58:10,797 [trainer.py] => backbone_type: vit_base_patch16_224_in21k_dualprompt
2026-06-15 23:58:10,797 [trainer.py] => get_original_backbone: True
2026-06-15 23:58:10,797 [trainer.py] => device: [device(type='cuda', index=2)]
2026-06-15 23:58:10,798 [trainer.py] => seed: 1993
2026-06-15 23:58:10,798 [trainer.py] => tuned_epoch: 20
2026-06-15 23:58:10,798 [trainer.py] => init_lr: 0.001
2026-06-15 23:58:10,798 [trainer.py] => batch_size: 48
2026-06-15 23:58:10,798 [trainer.py] => weight_decay: 0
2026-06-15 23:58:10,799 [trainer.py] => min_lr: 1e-05
2026-06-15 23:58:10,799 [trainer.py] => optimizer: adam
2026-06-15 23:58:10,799 [trainer.py] => scheduler: constant
2026-06-15 23:58:10,799 [trainer.py] => reinit_optimizer: True
2026-06-15 23:58:10,799 [trainer.py] => global_pool: token
2026-06-15 23:58:10,799 [trainer.py] => head_type: token
2026-06-15 23:58:10,800 [trainer.py] => freeze: ['blocks', 'patch_embed', 'cls_token', 'norm', 'pos_embed']
2026-06-15 23:58:10,800 [trainer.py] => pretrained: True
2026-06-15 23:58:10,800 [trainer.py] => drop: 0.0
2026-06-15 23:58:10,800 [trainer.py] => drop_path: 0.0
2026-06-15 23:58:10,800 [trainer.py] => use_g_prompt: True
2026-06-15 23:58:10,800 [trainer.py] => g_prompt_length: 5
2026-06-15 23:58:10,801 [trainer.py] => g_prompt_layer_idx: [0, 1]
2026-06-15 23:58:10,801 [trainer.py] => use_prefix_tune_for_g_prompt: True
2026-06-15 23:58:10,801 [trainer.py] => use_e_prompt: True
2026-06-15 23:58:10,801 [trainer.py] => e_prompt_layer_idx: [2, 3, 4]
2026-06-15 23:58:10,801 [trainer.py] => use_prefix_tune_for_e_prompt: True
2026-06-15 23:58:10,801 [trainer.py] => prompt_pool: True
2026-06-15 23:58:10,802 [trainer.py] => size: 10
2026-06-15 23:58:10,802 [trainer.py] => length: 5
2026-06-15 23:58:10,802 [trainer.py] => top_k: 1
2026-06-15 23:58:10,802 [trainer.py] => initializer: uniform
2026-06-15 23:58:10,802 [trainer.py] => prompt_key: True
2026-06-15 23:58:10,802 [trainer.py] => prompt_key_init: uniform
2026-06-15 23:58:10,803 [trainer.py] => use_prompt_mask: True
2026-06-15 23:58:10,803 [trainer.py] => shared_prompt_pool: True
2026-06-15 23:58:10,803 [trainer.py] => shared_prompt_key: False
2026-06-15 23:58:10,803 [trainer.py] => batchwise_prompt: True
2026-06-15 23:58:10,803 [trainer.py] => embedding_key: cls
2026-06-15 23:58:10,803 [trainer.py] => predefined_key: 
2026-06-15 23:58:10,804 [trainer.py] => pull_constraint: True
2026-06-15 23:58:10,804 [trainer.py] => pull_constraint_coeff: 0.1
2026-06-15 23:58:10,804 [trainer.py] => same_key_value: False
2026-06-15 23:58:10,804 [trainer.py] => nb_classes: 300
2026-06-15 23:58:10,804 [trainer.py] => nb_tasks: 60
2026-06-15 23:58:12,825 [data_manager.py] => [169, 221, 146, 296, 92, 229, 49, 70, 126, 77, 243, 57, 120, 223, 27, 217, 154, 8, 101, 182, 54, 50, 97, 162, 28, 193, 79, 6, 151, 0, 173, 187, 44, 277, 157, 16, 257, 122, 35, 9, 171, 176, 134, 4, 87, 255, 112, 153, 246, 286, 147, 186, 107, 98, 10, 7, 266, 214, 36, 165, 139, 254, 103, 269, 59, 23, 298, 39, 73, 208, 135, 299, 102, 20, 12, 268, 11, 209, 161, 210, 74, 42, 56, 99, 235, 133, 159, 189, 145, 238, 215, 241, 138, 195, 233, 279, 88, 199, 64, 280, 26, 203, 17, 245, 174, 236, 137, 252, 80, 68, 181, 150, 118, 94, 75, 2, 109, 119, 232, 15, 69, 184, 201, 261, 55, 287, 273, 66, 175, 32, 142, 136, 116, 76, 179, 1, 91, 248, 275, 240, 290, 170, 132, 106, 265, 270, 85, 19, 284, 43, 259, 293, 228, 200, 104, 227, 51, 224, 163, 297, 216, 260, 93, 46, 100, 272, 105, 72, 131, 3, 156, 256, 249, 48, 113, 82, 172, 213, 62, 53, 271, 168, 253, 226, 183, 180, 276, 283, 78, 61, 143, 278, 30, 141, 196, 264, 231, 52, 222, 40, 125, 219, 65, 166, 192, 289, 45, 205, 89, 267, 90, 71, 167, 262, 281, 212, 96, 84, 127, 67, 294, 178, 288, 197, 21, 18, 111, 108, 58, 230, 188, 31, 110, 291, 129, 24, 204, 83, 81, 251, 60, 13, 128, 14, 86, 63, 117, 198, 274, 5, 22, 144, 258, 121, 38, 207, 148, 292, 41, 234, 237, 114, 202, 37, 149, 206, 155, 29, 130, 177, 194, 152, 34, 33, 239, 160, 140, 47, 244, 25, 282, 158, 211, 123, 190, 218, 164, 247, 263, 191, 220, 115, 242, 250, 124, 295, 95, 285, 225, 185]
2026-06-15 23:58:22,562 [dualprompt.py] => 86,282,796 model total parameters.
2026-06-15 23:58:22,562 [dualprompt.py] => 484,140 model training parameters.
2026-06-15 23:58:22,562 [dualprompt.py] => g_prompt: 15360
2026-06-15 23:58:22,563 [dualprompt.py] => e_prompt.prompt: 230400
2026-06-15 23:58:22,563 [dualprompt.py] => e_prompt.prompt_key: 7680
2026-06-15 23:58:22,563 [dualprompt.py] => head.weight: 230400
2026-06-15 23:58:22,563 [dualprompt.py] => head.bias: 300
2026-06-15 23:58:22,564 [trainer.py] => All params: 172312152
2026-06-15 23:58:22,565 [trainer.py] => Trainable params: 484140
2026-06-15 23:58:22,565 [dualprompt.py] => Learning on 0-5
2026-06-16 00:08:07,896 [dualprompt.py] => Task 0, Epoch 20/20 => Loss -0.019, Train_accy 99.70, Test_accy 100.00
2026-06-16 00:08:09,895 [trainer.py] => No NME accuracy.
2026-06-16 00:08:09,896 [trainer.py] => CNN: {'total': 100.0, '00-04': 100.0, 'old': 0, 'new': 100.0}
2026-06-16 00:08:09,896 [trainer.py] => CNN top1 curve: [100.0]
2026-06-16 00:08:09,896 [trainer.py] => CNN top5 curve: [100.0]
2026-06-16 00:08:09,897 [trainer.py] => Average Accuracy (CNN): 100.0
2026-06-16 00:08:09,899 [trainer.py] => All params: 172312152
2026-06-16 00:08:09,902 [trainer.py] => Trainable params: 484140
2026-06-16 00:08:09,902 [dualprompt.py] => Learning on 5-10
2026-06-16 00:16:43,379 [dualprompt.py] => Task 1, Epoch 20/20 => Loss -0.005, Train_accy 99.50, Test_accy 91.50
2026-06-16 00:16:46,807 [trainer.py] => No NME accuracy.
2026-06-16 00:16:46,808 [trainer.py] => CNN: {'total': 91.5, '00-04': 99.0, '05-09': 84.0, 'old': 99.0, 'new': 84.0}
2026-06-16 00:16:46,808 [trainer.py] => CNN top1 curve: [100.0, 91.5]
2026-06-16 00:16:46,809 [trainer.py] => CNN top5 curve: [100.0, 100.0]
2026-06-16 00:16:46,809 [trainer.py] => Average Accuracy (CNN): 95.75
2026-06-16 00:16:46,813 [trainer.py] => All params: 172312152
2026-06-16 00:16:46,816 [trainer.py] => Trainable params: 484140
2026-06-16 00:16:46,816 [dualprompt.py] => Learning on 10-15
2026-06-16 00:23:33,685 [dualprompt.py] => Task 2, Epoch 20/20 => Loss -0.003, Train_accy 99.43, Test_accy 87.67
2026-06-16 00:23:37,954 [trainer.py] => No NME accuracy.
2026-06-16 00:23:37,955 [trainer.py] => CNN: {'total': 87.67, '00-04': 97.0, '05-09': 83.0, '10-14': 83.0, 'old': 90.0, 'new': 83.0}
2026-06-16 00:23:37,956 [trainer.py] => CNN top1 curve: [100.0, 91.5, 87.67]
2026-06-16 00:23:37,956 [trainer.py] => CNN top5 curve: [100.0, 100.0, 100.0]
2026-06-16 00:23:37,956 [trainer.py] => Average Accuracy (CNN): 93.06
2026-06-16 00:23:37,960 [trainer.py] => All params: 172312152
2026-06-16 00:23:37,963 [trainer.py] => Trainable params: 484140
2026-06-16 00:23:37,964 [dualprompt.py] => Learning on 15-20
2026-06-16 00:32:46,313 [dualprompt.py] => Task 3, Epoch 20/20 => Loss -0.010, Train_accy 99.13, Test_accy 89.00
2026-06-16 00:32:51,781 [trainer.py] => No NME accuracy.
2026-06-16 00:32:51,782 [trainer.py] => CNN: {'total': 89.0, '00-04': 97.0, '05-09': 80.0, '10-14': 80.0, '15-19': 99.0, 'old': 85.67, 'new': 99.0}
2026-06-16 00:32:51,782 [trainer.py] => CNN top1 curve: [100.0, 91.5, 87.67, 89.0]
2026-06-16 00:32:51,782 [trainer.py] => CNN top5 curve: [100.0, 100.0, 100.0, 100.0]
2026-06-16 00:32:51,782 [trainer.py] => Average Accuracy (CNN): 92.04
2026-06-16 00:32:51,784 [trainer.py] => All params: 172312152
2026-06-16 00:32:51,785 [trainer.py] => Trainable params: 484140
2026-06-16 00:32:51,785 [dualprompt.py] => Learning on 20-25
2026-06-16 00:40:23,172 [dualprompt.py] => Task 4, Epoch 20/20 => Loss 0.026, Train_accy 98.04, Test_accy 81.60
2026-06-16 00:40:26,964 [trainer.py] => No NME accuracy.
2026-06-16 00:40:26,965 [trainer.py] => CNN: {'total': 81.6, '00-04': 98.0, '05-09': 80.0, '10-14': 81.0, '15-19': 93.0, '20-24': 56.0, 'old': 88.0, 'new': 56.0}
2026-06-16 00:40:26,965 [trainer.py] => CNN top1 curve: [100.0, 91.5, 87.67, 89.0, 81.6]
2026-06-16 00:40:26,965 [trainer.py] => CNN top5 curve: [100.0, 100.0, 100.0, 100.0, 100.0]
2026-06-16 00:40:26,965 [trainer.py] => Average Accuracy (CNN): 89.95
2026-06-16 00:40:26,967 [trainer.py] => All params: 172312152
2026-06-16 00:40:26,969 [trainer.py] => Trainable params: 484140
2026-06-16 00:40:26,969 [dualprompt.py] => Learning on 25-30
2026-06-16 00:49:45,064 [dualprompt.py] => Task 5, Epoch 20/20 => Loss -0.014, Train_accy 99.19, Test_accy 79.83
2026-06-16 00:49:53,607 [trainer.py] => No NME accuracy.
2026-06-16 00:49:53,609 [trainer.py] => CNN: {'total': 79.83, '00-04': 95.0, '05-09': 79.0, '10-14': 80.0, '15-19': 93.0, '20-24': 55.0, '25-29': 77.0, 'old': 80.4, 'new': 77.0}
2026-06-16 00:49:53,609 [trainer.py] => CNN top1 curve: [100.0, 91.5, 87.67, 89.0, 81.6, 79.83]
2026-06-16 00:49:53,609 [trainer.py] => CNN top5 curve: [100.0, 100.0, 100.0, 100.0, 100.0, 99.33]
2026-06-16 00:49:53,609 [trainer.py] => Average Accuracy (CNN): 88.27
2026-06-16 00:49:53,611 [trainer.py] => All params: 172312152
2026-06-16 00:49:53,612 [trainer.py] => Trainable params: 484140
2026-06-16 00:49:53,612 [dualprompt.py] => Learning on 30-35
2026-06-16 00:58:34,964 [dualprompt.py] => Task 6, Epoch 20/20 => Loss -0.012, Train_accy 99.71, Test_accy 82.14
2026-06-16 00:58:43,697 [trainer.py] => No NME accuracy.
2026-06-16 00:58:43,698 [trainer.py] => CNN: {'total': 82.14, '00-04': 94.0, '05-09': 79.0, '10-14': 80.0, '15-19': 93.0, '20-24': 55.0, '25-29': 77.0, '30-34': 97.0, 'old': 79.67, 'new': 97.0}
2026-06-16 00:58:43,699 [trainer.py] => CNN top1 curve: [100.0, 91.5, 87.67, 89.0, 81.6, 79.83, 82.14]
2026-06-16 00:58:43,699 [trainer.py] => CNN top5 curve: [100.0, 100.0, 100.0, 100.0, 100.0, 99.33, 99.43]
2026-06-16 00:58:43,699 [trainer.py] => Average Accuracy (CNN): 87.39
2026-06-16 00:58:43,703 [trainer.py] => All params: 172312152
2026-06-16 00:58:43,707 [trainer.py] => Trainable params: 484140
2026-06-16 00:58:43,708 [dualprompt.py] => Learning on 35-40
2026-06-16 01:07:00,105 [dualprompt.py] => Task 7, Epoch 20/20 => Loss -0.003, Train_accy 98.87, Test_accy 80.88
2026-06-16 01:07:09,392 [trainer.py] => No NME accuracy.
2026-06-16 01:07:09,394 [trainer.py] => CNN: {'total': 80.88, '00-04': 93.0, '05-09': 78.0, '10-14': 80.0, '15-19': 91.0, '20-24': 56.0, '25-29': 75.0, '30-34': 90.0, '35-39': 84.0, 'old': 80.43, 'new': 84.0}
2026-06-16 01:07:09,394 [trainer.py] => CNN top1 curve: [100.0, 91.5, 87.67, 89.0, 81.6, 79.83, 82.14, 80.88]
2026-06-16 01:07:09,394 [trainer.py] => CNN top5 curve: [100.0, 100.0, 100.0, 100.0, 100.0, 99.33, 99.43, 99.0]
2026-06-16 01:07:09,394 [trainer.py] => Average Accuracy (CNN): 86.58
2026-06-16 01:07:09,396 [trainer.py] => All params: 172312152
2026-06-16 01:07:09,397 [trainer.py] => Trainable params: 484140
2026-06-16 01:07:09,397 [dualprompt.py] => Learning on 40-45
2026-06-16 01:16:39,485 [dualprompt.py] => Task 8, Epoch 20/20 => Loss -0.013, Train_accy 99.46, Test_accy 80.00
2026-06-16 01:16:51,424 [trainer.py] => No NME accuracy.
2026-06-16 01:16:51,440 [trainer.py] => CNN: {'total': 80.0, '00-04': 94.0, '05-09': 78.0, '10-14': 77.0, '15-19': 90.0, '20-24': 54.0, '25-29': 74.0, '30-34': 91.0, '35-39': 83.0, '40-44': 79.0, 'old': 80.12, 'new': 79.0}
2026-06-16 01:16:51,440 [trainer.py] => CNN top1 curve: [100.0, 91.5, 87.67, 89.0, 81.6, 79.83, 82.14, 80.88, 80.0]
2026-06-16 01:16:51,440 [trainer.py] => CNN top5 curve: [100.0, 100.0, 100.0, 100.0, 100.0, 99.33, 99.43, 99.0, 97.33]
2026-06-16 01:16:51,440 [trainer.py] => Average Accuracy (CNN): 85.85
2026-06-16 01:16:51,443 [trainer.py] => All params: 172312152
2026-06-16 01:16:51,445 [trainer.py] => Trainable params: 484140
2026-06-16 01:16:51,446 [dualprompt.py] => Learning on 45-50
2026-06-16 01:25:31,780 [dualprompt.py] => Task 9, Epoch 20/20 => Loss 0.011, Train_accy 98.49, Test_accy 78.60
2026-06-16 01:25:38,791 [trainer.py] => No NME accuracy.
2026-06-16 01:25:38,793 [trainer.py] => CNN: {'total': 78.6, '00-04': 94.0, '05-09': 78.0, '10-14': 77.0, '15-19': 91.0, '20-24': 53.0, '25-29': 62.0, '30-34': 88.0, '35-39': 79.0, '40-44': 79.0, '45-49': 85.0, 'old': 77.89, 'new': 85.0}
2026-06-16 01:25:38,793 [trainer.py] => CNN top1 curve: [100.0, 91.5, 87.67, 89.0, 81.6, 79.83, 82.14, 80.88, 80.0, 78.6]
2026-06-16 01:25:38,794 [trainer.py] => CNN top5 curve: [100.0, 100.0, 100.0, 100.0, 100.0, 99.33, 99.43, 99.0, 97.33, 97.3]
2026-06-16 01:25:38,794 [trainer.py] => Average Accuracy (CNN): 85.12
2026-06-16 01:25:38,798 [trainer.py] => All params: 172312152
2026-06-16 01:25:38,801 [trainer.py] => Trainable params: 484140
2026-06-16 01:25:38,801 [dualprompt.py] => Learning on 50-55
2026-06-16 01:34:51,334 [dualprompt.py] => Task 10, Epoch 20/20 => Loss -0.037, Train_accy 99.68, Test_accy 79.55
2026-06-16 01:35:04,647 [trainer.py] => No NME accuracy.
2026-06-16 01:35:04,663 [trainer.py] => CNN: {'total': 79.55, '00-04': 93.0, '05-09': 79.0, '10-14': 75.0, '15-19': 91.0, '20-24': 53.0, '25-29': 63.0, '30-34': 87.0, '35-39': 79.0, '40-44': 79.0, '45-49': 84.0, '50-54': 92.0, 'old': 78.3, 'new': 92.0}
2026-06-16 01:35:04,663 [trainer.py] => CNN top1 curve: [100.0, 91.5, 87.67, 89.0, 81.6, 79.83, 82.14, 80.88, 80.0, 78.6, 79.55]
2026-06-16 01:35:04,663 [trainer.py] => CNN top5 curve: [100.0, 100.0, 100.0, 100.0, 100.0, 99.33, 99.43, 99.0, 97.33, 97.3, 97.36]
2026-06-16 01:35:04,663 [trainer.py] => Average Accuracy (CNN): 84.62
2026-06-16 01:35:04,666 [trainer.py] => All params: 172312152
2026-06-16 01:35:04,669 [trainer.py] => Trainable params: 484140
2026-06-16 01:35:04,669 [dualprompt.py] => Learning on 55-60
2026-06-16 01:44:42,598 [dualprompt.py] => Task 11, Epoch 20/20 => Loss 0.017, Train_accy 97.37, Test_accy 78.57
2026-06-16 01:44:56,656 [trainer.py] => No NME accuracy.
2026-06-16 01:44:56,657 [trainer.py] => CNN: {'total': 78.57, '00-04': 93.0, '05-09': 79.0, '10-14': 75.0, '15-19': 91.0, '20-24': 53.0, '25-29': 61.0, '30-34': 84.0, '35-39': 75.0, '40-44': 79.0, '45-49': 85.0, '50-54': 93.0, '55-59': 74.75, 'old': 78.91, 'new': 74.75}
2026-06-16 01:44:56,657 [trainer.py] => CNN top1 curve: [100.0, 91.5, 87.67, 89.0, 81.6, 79.83, 82.14, 80.88, 80.0, 78.6, 79.55, 78.57]
2026-06-16 01:44:56,657 [trainer.py] => CNN top5 curve: [100.0, 100.0, 100.0, 100.0, 100.0, 99.33, 99.43, 99.0, 97.33, 97.3, 97.36, 97.33]
2026-06-16 01:44:56,657 [trainer.py] => Average Accuracy (CNN): 84.11
2026-06-16 01:44:56,658 [trainer.py] => All params: 172312152
2026-06-16 01:44:56,659 [trainer.py] => Trainable params: 484140
2026-06-16 01:44:56,659 [dualprompt.py] => Learning on 60-65
2026-06-16 01:53:55,509 [dualprompt.py] => Task 12, Epoch 20/20 => Loss -0.038, Train_accy 99.73, Test_accy 78.68
2026-06-16 01:54:11,648 [trainer.py] => No NME accuracy.
2026-06-16 01:54:11,667 [trainer.py] => CNN: {'total': 78.68, '00-04': 92.0, '05-09': 80.0, '10-14': 75.0, '15-19': 92.0, '20-24': 53.0, '25-29': 61.0, '30-34': 85.0, '35-39': 74.0, '40-44': 78.0, '45-49': 83.0, '50-54': 93.0, '55-59': 73.74, '60-64': 83.0, 'old': 78.32, 'new': 83.0}
2026-06-16 01:54:11,668 [trainer.py] => CNN top1 curve: [100.0, 91.5, 87.67, 89.0, 81.6, 79.83, 82.14, 80.88, 80.0, 78.6, 79.55, 78.57, 78.68]
2026-06-16 01:54:11,668 [trainer.py] => CNN top5 curve: [100.0, 100.0, 100.0, 100.0, 100.0, 99.33, 99.43, 99.0, 97.33, 97.3, 97.36, 97.33, 97.0]
2026-06-16 01:54:11,668 [trainer.py] => Average Accuracy (CNN): 83.69
2026-06-16 01:54:11,670 [trainer.py] => All params: 172312152
2026-06-16 01:54:11,672 [trainer.py] => Trainable params: 484140
2026-06-16 01:54:11,672 [dualprompt.py] => Learning on 65-70
2026-06-16 02:04:18,284 [dualprompt.py] => Task 13, Epoch 20/20 => Loss -0.024, Train_accy 99.28, Test_accy 76.27
2026-06-16 02:04:35,690 [trainer.py] => No NME accuracy.
2026-06-16 02:04:35,703 [trainer.py] => CNN: {'total': 76.27, '00-04': 92.0, '05-09': 77.0, '10-14': 75.0, '15-19': 91.0, '20-24': 54.0, '25-29': 62.0, '30-34': 82.0, '35-39': 71.0, '40-44': 78.0, '45-49': 84.0, '50-54': 92.0, '55-59': 74.75, '60-64': 83.0, '65-69': 52.0, 'old': 78.14, 'new': 52.0}
2026-06-16 02:04:35,704 [trainer.py] => CNN top1 curve: [100.0, 91.5, 87.67, 89.0, 81.6, 79.83, 82.14, 80.88, 80.0, 78.6, 79.55, 78.57, 78.68, 76.27]
2026-06-16 02:04:35,704 [trainer.py] => CNN top5 curve: [100.0, 100.0, 100.0, 100.0, 100.0, 99.33, 99.43, 99.0, 97.33, 97.3, 97.36, 97.33, 97.0, 96.0]
2026-06-16 02:04:35,704 [trainer.py] => Average Accuracy (CNN): 83.16
2026-06-16 02:04:35,707 [trainer.py] => All params: 172312152
2026-06-16 02:04:35,709 [trainer.py] => Trainable params: 484140
2026-06-16 02:04:35,709 [dualprompt.py] => Learning on 70-75
2026-06-16 02:13:35,692 [dualprompt.py] => Task 14, Epoch 20/20 => Loss -0.018, Train_accy 98.94, Test_accy 75.78
2026-06-16 02:13:46,893 [trainer.py] => No NME accuracy.
2026-06-16 02:13:46,893 [trainer.py] => CNN: {'total': 75.78, '00-04': 93.0, '05-09': 79.0, '10-14': 72.0, '15-19': 92.0, '20-24': 53.0, '25-29': 63.0, '30-34': 85.0, '35-39': 70.0, '40-44': 76.0, '45-49': 82.0, '50-54': 94.0, '55-59': 72.73, '60-64': 83.0, '65-69': 51.0, '70-74': 71.0, 'old': 76.13, 'new': 71.0}
2026-06-16 02:13:46,894 [trainer.py] => CNN top1 curve: [100.0, 91.5, 87.67, 89.0, 81.6, 79.83, 82.14, 80.88, 80.0, 78.6, 79.55, 78.57, 78.68, 76.27, 75.78]
2026-06-16 02:13:46,894 [trainer.py] => CNN top5 curve: [100.0, 100.0, 100.0, 100.0, 100.0, 99.33, 99.43, 99.0, 97.33, 97.3, 97.36, 97.33, 97.0, 96.0, 96.2]
2026-06-16 02:13:46,894 [trainer.py] => Average Accuracy (CNN): 82.67
2026-06-16 02:13:46,896 [trainer.py] => All params: 172312152
2026-06-16 02:13:46,898 [trainer.py] => Trainable params: 484140
2026-06-16 02:13:46,898 [dualprompt.py] => Learning on 75-80
2026-06-16 02:23:09,493 [dualprompt.py] => Task 15, Epoch 20/20 => Loss -0.020, Train_accy 98.77, Test_accy 75.73
2026-06-16 02:23:28,315 [trainer.py] => No NME accuracy.
2026-06-16 02:23:28,345 [trainer.py] => CNN: {'total': 75.73, '00-04': 93.0, '05-09': 79.0, '10-14': 66.0, '15-19': 92.0, '20-24': 53.0, '25-29': 62.0, '30-34': 85.0, '35-39': 70.0, '40-44': 76.0, '45-49': 84.0, '50-54': 94.0, '55-59': 72.73, '60-64': 82.0, '65-69': 50.0, '70-74': 71.0, '75-79': 82.0, 'old': 75.32, 'new': 82.0}
2026-06-16 02:23:28,345 [trainer.py] => CNN top1 curve: [100.0, 91.5, 87.67, 89.0, 81.6, 79.83, 82.14, 80.88, 80.0, 78.6, 79.55, 78.57, 78.68, 76.27, 75.78, 75.73]
2026-06-16 02:23:28,345 [trainer.py] => CNN top5 curve: [100.0, 100.0, 100.0, 100.0, 100.0, 99.33, 99.43, 99.0, 97.33, 97.3, 97.36, 97.33, 97.0, 96.0, 96.2, 96.12]
2026-06-16 02:23:28,346 [trainer.py] => Average Accuracy (CNN): 82.24
2026-06-16 02:23:28,348 [trainer.py] => All params: 172312152
2026-06-16 02:23:28,350 [trainer.py] => Trainable params: 484140
2026-06-16 02:23:28,350 [dualprompt.py] => Learning on 80-85
2026-06-16 02:32:54,040 [dualprompt.py] => Task 16, Epoch 20/20 => Loss 0.084, Train_accy 94.06, Test_accy 74.15
2026-06-16 02:33:14,816 [trainer.py] => No NME accuracy.
2026-06-16 02:33:14,846 [trainer.py] => CNN: {'total': 74.15, '00-04': 92.0, '05-09': 79.0, '10-14': 68.0, '15-19': 92.0, '20-24': 55.0, '25-29': 63.0, '30-34': 85.0, '35-39': 71.0, '40-44': 76.0, '45-49': 80.0, '50-54': 94.0, '55-59': 71.72, '60-64': 82.0, '65-69': 51.0, '70-74': 71.0, '75-79': 82.0, '80-84': 47.47, 'old': 75.8, 'new': 47.47}
2026-06-16 02:33:14,847 [trainer.py] => CNN top1 curve: [100.0, 91.5, 87.67, 89.0, 81.6, 79.83, 82.14, 80.88, 80.0, 78.6, 79.55, 78.57, 78.68, 76.27, 75.78, 75.73, 74.15]
2026-06-16 02:33:14,847 [trainer.py] => CNN top5 curve: [100.0, 100.0, 100.0, 100.0, 100.0, 99.33, 99.43, 99.0, 97.33, 97.3, 97.36, 97.33, 97.0, 96.0, 96.2, 96.12, 93.52]
2026-06-16 02:33:14,847 [trainer.py] => Average Accuracy (CNN): 81.76
2026-06-16 02:33:14,848 [trainer.py] => All params: 172312152
2026-06-16 02:33:14,849 [trainer.py] => Trainable params: 484140
2026-06-16 02:33:14,850 [dualprompt.py] => Learning on 85-90
2026-06-16 02:41:09,992 [dualprompt.py] => Task 17, Epoch 20/20 => Loss -0.041, Train_accy 99.80, Test_accy 74.03
2026-06-16 02:41:30,417 [trainer.py] => No NME accuracy.
2026-06-16 02:41:30,427 [trainer.py] => CNN: {'total': 74.03, '00-04': 92.0, '05-09': 79.0, '10-14': 68.0, '15-19': 92.0, '20-24': 55.0, '25-29': 64.0, '30-34': 84.0, '35-39': 71.0, '40-44': 76.0, '45-49': 82.0, '50-54': 94.0, '55-59': 69.7, '60-64': 82.0, '65-69': 51.0, '70-74': 70.0, '75-79': 82.0, '80-84': 47.47, '85-89': 73.0, 'old': 74.09, 'new': 73.0}
2026-06-16 02:41:30,428 [trainer.py] => CNN top1 curve: [100.0, 91.5, 87.67, 89.0, 81.6, 79.83, 82.14, 80.88, 80.0, 78.6, 79.55, 78.57, 78.68, 76.27, 75.78, 75.73, 74.15, 74.03]
2026-06-16 02:41:30,428 [trainer.py] => CNN top5 curve: [100.0, 100.0, 100.0, 100.0, 100.0, 99.33, 99.43, 99.0, 97.33, 97.3, 97.36, 97.33, 97.0, 96.0, 96.2, 96.12, 93.52, 93.99]
2026-06-16 02:41:30,428 [trainer.py] => Average Accuracy (CNN): 81.33
2026-06-16 02:41:30,429 [trainer.py] => All params: 172312152
2026-06-16 02:41:30,430 [trainer.py] => Trainable params: 484140
2026-06-16 02:41:30,430 [dualprompt.py] => Learning on 90-95
2026-06-16 02:51:48,884 [dualprompt.py] => Task 18, Epoch 20/20 => Loss -0.025, Train_accy 99.19, Test_accy 73.81
2026-06-16 02:52:11,993 [trainer.py] => No NME accuracy.
2026-06-16 02:52:12,035 [trainer.py] => CNN: {'total': 73.81, '00-04': 91.0, '05-09': 80.0, '10-14': 66.0, '15-19': 92.0, '20-24': 55.0, '25-29': 63.0, '30-34': 82.0, '35-39': 71.0, '40-44': 76.0, '45-49': 83.0, '50-54': 94.0, '55-59': 70.71, '60-64': 82.0, '65-69': 51.0, '70-74': 71.0, '75-79': 80.0, '80-84': 48.48, '85-89': 72.0, '90-94': 74.0, 'old': 73.8, 'new': 74.0}
2026-06-16 02:52:12,035 [trainer.py] => CNN top1 curve: [100.0, 91.5, 87.67, 89.0, 81.6, 79.83, 82.14, 80.88, 80.0, 78.6, 79.55, 78.57, 78.68, 76.27, 75.78, 75.73, 74.15, 74.03, 73.81]
2026-06-16 02:52:12,036 [trainer.py] => CNN top5 curve: [100.0, 100.0, 100.0, 100.0, 100.0, 99.33, 99.43, 99.0, 97.33, 97.3, 97.36, 97.33, 97.0, 96.0, 96.2, 96.12, 93.52, 93.99, 94.2]
2026-06-16 02:52:12,036 [trainer.py] => Average Accuracy (CNN): 80.94
2026-06-16 02:52:12,039 [trainer.py] => All params: 172312152
2026-06-16 02:52:12,041 [trainer.py] => Trainable params: 484140
2026-06-16 02:52:12,041 [dualprompt.py] => Learning on 95-100
2026-06-16 03:02:40,107 [dualprompt.py] => Task 19, Epoch 20/20 => Loss -0.030, Train_accy 99.34, Test_accy 72.11
2026-06-16 03:03:04,266 [trainer.py] => No NME accuracy.
2026-06-16 03:03:04,299 [trainer.py] => CNN: {'total': 72.11, '00-04': 91.0, '05-09': 79.0, '10-14': 67.0, '15-19': 92.0, '20-24': 55.0, '25-29': 63.0, '30-34': 83.0, '35-39': 69.0, '40-44': 76.0, '45-49': 82.0, '50-54': 95.0, '55-59': 70.71, '60-64': 82.0, '65-69': 50.0, '70-74': 70.0, '75-79': 80.0, '80-84': 46.46, '85-89': 72.0, '90-94': 74.0, '95-99': 44.44, 'old': 73.55, 'new': 44.44}
2026-06-16 03:03:04,299 [trainer.py] => CNN top1 curve: [100.0, 91.5, 87.67, 89.0, 81.6, 79.83, 82.14, 80.88, 80.0, 78.6, 79.55, 78.57, 78.68, 76.27, 75.78, 75.73, 74.15, 74.03, 73.81, 72.11]
2026-06-16 03:03:04,300 [trainer.py] => CNN top5 curve: [100.0, 100.0, 100.0, 100.0, 100.0, 99.33, 99.43, 99.0, 97.33, 97.3, 97.36, 97.33, 97.0, 96.0, 96.2, 96.12, 93.52, 93.99, 94.2, 92.79]
2026-06-16 03:03:04,300 [trainer.py] => Average Accuracy (CNN): 80.49
2026-06-16 03:03:04,304 [trainer.py] => All params: 172312152
2026-06-16 03:03:04,307 [trainer.py] => Trainable params: 484140
2026-06-16 03:03:04,308 [dualprompt.py] => Learning on 100-105
2026-06-16 03:11:33,456 [dualprompt.py] => Task 20, Epoch 20/20 => Loss -0.018, Train_accy 98.82, Test_accy 72.58
2026-06-16 03:11:58,604 [trainer.py] => No NME accuracy.
2026-06-16 03:11:58,640 [trainer.py] => CNN: {'total': 72.58, '00-04': 91.0, '05-09': 79.0, '10-14': 67.0, '15-19': 92.0, '20-24': 54.0, '25-29': 65.0, '30-34': 84.0, '35-39': 67.0, '40-44': 75.0, '45-49': 79.0, '50-54': 95.0, '55-59': 70.71, '60-64': 82.0, '65-69': 50.0, '70-74': 70.0, '75-79': 79.0, '80-84': 46.46, '85-89': 75.0, '90-94': 73.0, '95-99': 46.46, '100-104': 83.0, 'old': 72.06, 'new': 83.0}
2026-06-16 03:11:58,640 [trainer.py] => CNN top1 curve: [100.0, 91.5, 87.67, 89.0, 81.6, 79.83, 82.14, 80.88, 80.0, 78.6, 79.55, 78.57, 78.68, 76.27, 75.78, 75.73, 74.15, 74.03, 73.81, 72.11, 72.58]
2026-06-16 03:11:58,641 [trainer.py] => CNN top5 curve: [100.0, 100.0, 100.0, 100.0, 100.0, 99.33, 99.43, 99.0, 97.33, 97.3, 97.36, 97.33, 97.0, 96.0, 96.2, 96.12, 93.52, 93.99, 94.2, 92.79, 92.94]
2026-06-16 03:11:58,641 [trainer.py] => Average Accuracy (CNN): 80.12
2026-06-16 03:11:58,642 [trainer.py] => All params: 172312152
2026-06-16 03:11:58,643 [trainer.py] => Trainable params: 484140
2026-06-16 03:11:58,644 [dualprompt.py] => Learning on 105-110
2026-06-16 03:22:24,880 [dualprompt.py] => Task 21, Epoch 20/20 => Loss -0.005, Train_accy 98.14, Test_accy 72.45
2026-06-16 03:22:51,467 [trainer.py] => No NME accuracy.
2026-06-16 03:22:51,487 [trainer.py] => CNN: {'total': 72.45, '00-04': 92.0, '05-09': 79.0, '10-14': 66.0, '15-19': 92.0, '20-24': 54.0, '25-29': 63.0, '30-34': 84.0, '35-39': 70.0, '40-44': 76.0, '45-49': 80.0, '50-54': 95.0, '55-59': 69.7, '60-64': 82.0, '65-69': 50.0, '70-74': 70.0, '75-79': 78.0, '80-84': 48.48, '85-89': 75.0, '90-94': 74.0, '95-99': 46.46, '100-104': 83.0, '105-109': 65.66, 'old': 72.77, 'new': 65.66}
2026-06-16 03:22:51,487 [trainer.py] => CNN top1 curve: [100.0, 91.5, 87.67, 89.0, 81.6, 79.83, 82.14, 80.88, 80.0, 78.6, 79.55, 78.57, 78.68, 76.27, 75.78, 75.73, 74.15, 74.03, 73.81, 72.11, 72.58, 72.45]
2026-06-16 03:22:51,487 [trainer.py] => CNN top5 curve: [100.0, 100.0, 100.0, 100.0, 100.0, 99.33, 99.43, 99.0, 97.33, 97.3, 97.36, 97.33, 97.0, 96.0, 96.2, 96.12, 93.52, 93.99, 94.2, 92.79, 92.94, 92.94]
2026-06-16 03:22:51,487 [trainer.py] => Average Accuracy (CNN): 79.77
2026-06-16 03:22:51,488 [trainer.py] => All params: 172312152
2026-06-16 03:22:51,490 [trainer.py] => Trainable params: 484140
2026-06-16 03:22:51,490 [dualprompt.py] => Learning on 110-115
2026-06-16 03:32:24,161 [dualprompt.py] => Task 22, Epoch 20/20 => Loss 0.040, Train_accy 96.54, Test_accy 71.08
2026-06-16 03:32:38,906 [trainer.py] => No NME accuracy.
2026-06-16 03:32:38,931 [trainer.py] => CNN: {'total': 71.08, '00-04': 92.0, '05-09': 79.0, '10-14': 68.0, '15-19': 91.0, '20-24': 54.0, '25-29': 66.0, '30-34': 85.0, '35-39': 67.0, '40-44': 73.0, '45-49': 77.0, '50-54': 94.0, '55-59': 68.69, '60-64': 80.0, '65-69': 50.0, '70-74': 67.0, '75-79': 77.0, '80-84': 47.47, '85-89': 75.0, '90-94': 72.0, '95-99': 46.46, '100-104': 82.0, '105-109': 64.65, '110-114': 58.0, 'old': 71.68, 'new': 58.0}
2026-06-16 03:32:38,931 [trainer.py] => CNN top1 curve: [100.0, 91.5, 87.67, 89.0, 81.6, 79.83, 82.14, 80.88, 80.0, 78.6, 79.55, 78.57, 78.68, 76.27, 75.78, 75.73, 74.15, 74.03, 73.81, 72.11, 72.58, 72.45, 71.08]
2026-06-16 03:32:38,931 [trainer.py] => CNN top5 curve: [100.0, 100.0, 100.0, 100.0, 100.0, 99.33, 99.43, 99.0, 97.33, 97.3, 97.36, 97.33, 97.0, 96.0, 96.2, 96.12, 93.52, 93.99, 94.2, 92.79, 92.94, 92.94, 91.25]
2026-06-16 03:32:38,932 [trainer.py] => Average Accuracy (CNN): 79.39
2026-06-16 03:32:38,935 [trainer.py] => All params: 172312152
2026-06-16 03:32:38,937 [trainer.py] => Trainable params: 484140
2026-06-16 03:32:38,937 [dualprompt.py] => Learning on 115-120
2026-06-16 03:42:42,458 [dualprompt.py] => Task 23, Epoch 20/20 => Loss -0.009, Train_accy 98.69, Test_accy 70.35
2026-06-16 03:43:10,884 [trainer.py] => No NME accuracy.
2026-06-16 03:43:10,900 [trainer.py] => CNN: {'total': 70.35, '00-04': 92.0, '05-09': 79.0, '10-14': 66.0, '15-19': 91.0, '20-24': 54.0, '25-29': 66.0, '30-34': 85.0, '35-39': 67.0, '40-44': 74.0, '45-49': 75.0, '50-54': 94.0, '55-59': 68.69, '60-64': 80.0, '65-69': 49.0, '70-74': 67.0, '75-79': 78.0, '80-84': 48.48, '85-89': 75.0, '90-94': 72.0, '95-99': 46.46, '100-104': 77.0, '105-109': 64.65, '110-114': 58.0, '115-119': 60.61, 'old': 70.78, 'new': 60.61}
2026-06-16 03:43:10,900 [trainer.py] => CNN top1 curve: [100.0, 91.5, 87.67, 89.0, 81.6, 79.83, 82.14, 80.88, 80.0, 78.6, 79.55, 78.57, 78.68, 76.27, 75.78, 75.73, 74.15, 74.03, 73.81, 72.11, 72.58, 72.45, 71.08, 70.35]
2026-06-16 03:43:10,900 [trainer.py] => CNN top5 curve: [100.0, 100.0, 100.0, 100.0, 100.0, 99.33, 99.43, 99.0, 97.33, 97.3, 97.36, 97.33, 97.0, 96.0, 96.2, 96.12, 93.52, 93.99, 94.2, 92.79, 92.94, 92.94, 91.25, 91.36]
2026-06-16 03:43:10,901 [trainer.py] => Average Accuracy (CNN): 79.01
2026-06-16 03:43:10,902 [trainer.py] => All params: 172312152
2026-06-16 03:43:10,903 [trainer.py] => Trainable params: 484140
2026-06-16 03:43:10,903 [dualprompt.py] => Learning on 120-125
2026-06-16 03:54:04,851 [dualprompt.py] => Task 24, Epoch 20/20 => Loss -0.035, Train_accy 99.61, Test_accy 69.58
2026-06-16 03:54:33,905 [trainer.py] => No NME accuracy.
2026-06-16 03:54:33,933 [trainer.py] => CNN: {'total': 69.58, '00-04': 91.0, '05-09': 78.0, '10-14': 66.0, '15-19': 92.0, '20-24': 54.0, '25-29': 66.0, '30-34': 85.0, '35-39': 68.0, '40-44': 70.0, '45-49': 74.0, '50-54': 94.0, '55-59': 68.69, '60-64': 80.0, '65-69': 44.0, '70-74': 66.0, '75-79': 75.0, '80-84': 47.47, '85-89': 76.0, '90-94': 73.0, '95-99': 46.46, '100-104': 79.0, '105-109': 64.65, '110-114': 58.0, '115-119': 59.6, '120-124': 63.0, 'old': 69.85, 'new': 63.0}
2026-06-16 03:54:33,933 [trainer.py] => CNN top1 curve: [100.0, 91.5, 87.67, 89.0, 81.6, 79.83, 82.14, 80.88, 80.0, 78.6, 79.55, 78.57, 78.68, 76.27, 75.78, 75.73, 74.15, 74.03, 73.81, 72.11, 72.58, 72.45, 71.08, 70.35, 69.58]
2026-06-16 03:54:33,934 [trainer.py] => CNN top5 curve: [100.0, 100.0, 100.0, 100.0, 100.0, 99.33, 99.43, 99.0, 97.33, 97.3, 97.36, 97.33, 97.0, 96.0, 96.2, 96.12, 93.52, 93.99, 94.2, 92.79, 92.94, 92.94, 91.25, 91.36, 90.82]
2026-06-16 03:54:33,934 [trainer.py] => Average Accuracy (CNN): 78.64
2026-06-16 03:54:33,938 [trainer.py] => All params: 172312152
2026-06-16 03:54:33,941 [trainer.py] => Trainable params: 484140
2026-06-16 03:54:33,941 [dualprompt.py] => Learning on 125-130
2026-06-16 04:02:39,644 [dualprompt.py] => Task 25, Epoch 20/20 => Loss -0.035, Train_accy 99.79, Test_accy 69.33
2026-06-16 04:03:08,238 [trainer.py] => No NME accuracy.
2026-06-16 04:03:08,269 [trainer.py] => CNN: {'total': 69.33, '00-04': 90.0, '05-09': 79.0, '10-14': 67.0, '15-19': 92.0, '20-24': 54.0, '25-29': 67.0, '30-34': 84.0, '35-39': 68.0, '40-44': 71.0, '45-49': 72.0, '50-54': 89.0, '55-59': 66.67, '60-64': 80.0, '65-69': 44.0, '70-74': 65.0, '75-79': 75.0, '80-84': 49.49, '85-89': 76.0, '90-94': 74.0, '95-99': 45.45, '100-104': 78.0, '105-109': 62.63, '110-114': 57.0, '115-119': 59.6, '120-124': 60.0, '125-129': 76.0, 'old': 69.06, 'new': 76.0}
2026-06-16 04:03:08,269 [trainer.py] => CNN top1 curve: [100.0, 91.5, 87.67, 89.0, 81.6, 79.83, 82.14, 80.88, 80.0, 78.6, 79.55, 78.57, 78.68, 76.27, 75.78, 75.73, 74.15, 74.03, 73.81, 72.11, 72.58, 72.45, 71.08, 70.35, 69.58, 69.33]
2026-06-16 04:03:08,269 [trainer.py] => CNN top5 curve: [100.0, 100.0, 100.0, 100.0, 100.0, 99.33, 99.43, 99.0, 97.33, 97.3, 97.36, 97.33, 97.0, 96.0, 96.2, 96.12, 93.52, 93.99, 94.2, 92.79, 92.94, 92.94, 91.25, 91.36, 90.82, 90.79]
2026-06-16 04:03:08,270 [trainer.py] => Average Accuracy (CNN): 78.28
2026-06-16 04:03:08,272 [trainer.py] => All params: 172312152
2026-06-16 04:03:08,274 [trainer.py] => Trainable params: 484140
2026-06-16 04:03:08,274 [dualprompt.py] => Learning on 130-135
2026-06-16 04:13:57,005 [dualprompt.py] => Task 26, Epoch 20/20 => Loss -0.028, Train_accy 99.05, Test_accy 69.50
2026-06-16 04:14:27,091 [trainer.py] => No NME accuracy.
2026-06-16 04:14:27,120 [trainer.py] => CNN: {'total': 69.5, '00-04': 90.0, '05-09': 79.0, '10-14': 65.0, '15-19': 92.0, '20-24': 54.0, '25-29': 65.0, '30-34': 84.0, '35-39': 68.0, '40-44': 72.0, '45-49': 73.0, '50-54': 89.0, '55-59': 67.68, '60-64': 79.0, '65-69': 44.0, '70-74': 66.0, '75-79': 75.0, '80-84': 48.48, '85-89': 76.0, '90-94': 74.0, '95-99': 46.46, '100-104': 78.0, '105-109': 63.64, '110-114': 59.0, '115-119': 57.58, '120-124': 60.0, '125-129': 76.0, '130-134': 74.0, 'old': 69.33, 'new': 74.0}
2026-06-16 04:14:27,121 [trainer.py] => CNN top1 curve: [100.0, 91.5, 87.67, 89.0, 81.6, 79.83, 82.14, 80.88, 80.0, 78.6, 79.55, 78.57, 78.68, 76.27, 75.78, 75.73, 74.15, 74.03, 73.81, 72.11, 72.58, 72.45, 71.08, 70.35, 69.58, 69.33, 69.5]
2026-06-16 04:14:27,121 [trainer.py] => CNN top5 curve: [100.0, 100.0, 100.0, 100.0, 100.0, 99.33, 99.43, 99.0, 97.33, 97.3, 97.36, 97.33, 97.0, 96.0, 96.2, 96.12, 93.52, 93.99, 94.2, 92.79, 92.94, 92.94, 91.25, 91.36, 90.82, 90.79, 90.46]
2026-06-16 04:14:27,121 [trainer.py] => Average Accuracy (CNN): 77.95
2026-06-16 04:14:27,122 [trainer.py] => All params: 172312152
2026-06-16 04:14:27,123 [trainer.py] => Trainable params: 484140
2026-06-16 04:14:27,123 [dualprompt.py] => Learning on 135-140
2026-06-16 04:25:53,092 [dualprompt.py] => Task 27, Epoch 20/20 => Loss 0.001, Train_accy 98.11, Test_accy 69.05
2026-06-16 04:26:26,023 [trainer.py] => No NME accuracy.
2026-06-16 04:26:26,057 [trainer.py] => CNN: {'total': 69.05, '00-04': 92.0, '05-09': 78.0, '10-14': 65.0, '15-19': 91.0, '20-24': 53.0, '25-29': 64.0, '30-34': 84.0, '35-39': 72.0, '40-44': 74.0, '45-49': 77.0, '50-54': 90.0, '55-59': 70.71, '60-64': 80.0, '65-69': 43.0, '70-74': 69.0, '75-79': 75.0, '80-84': 48.48, '85-89': 75.0, '90-94': 74.0, '95-99': 47.47, '100-104': 78.0, '105-109': 63.64, '110-114': 57.0, '115-119': 55.56, '120-124': 63.0, '125-129': 76.0, '130-134': 74.0, '135-139': 43.0, 'old': 70.02, 'new': 43.0}
2026-06-16 04:26:26,057 [trainer.py] => CNN top1 curve: [100.0, 91.5, 87.67, 89.0, 81.6, 79.83, 82.14, 80.88, 80.0, 78.6, 79.55, 78.57, 78.68, 76.27, 75.78, 75.73, 74.15, 74.03, 73.81, 72.11, 72.58, 72.45, 71.08, 70.35, 69.58, 69.33, 69.5, 69.05]
2026-06-16 04:26:26,057 [trainer.py] => CNN top5 curve: [100.0, 100.0, 100.0, 100.0, 100.0, 99.33, 99.43, 99.0, 97.33, 97.3, 97.36, 97.33, 97.0, 96.0, 96.2, 96.12, 93.52, 93.99, 94.2, 92.79, 92.94, 92.94, 91.25, 91.36, 90.82, 90.79, 90.46, 90.02]
2026-06-16 04:26:26,057 [trainer.py] => Average Accuracy (CNN): 77.64
2026-06-16 04:26:26,058 [trainer.py] => All params: 172312152
2026-06-16 04:26:26,059 [trainer.py] => Trainable params: 484140
2026-06-16 04:26:26,059 [dualprompt.py] => Learning on 140-145
2026-06-16 04:35:54,684 [dualprompt.py] => Task 28, Epoch 20/20 => Loss -0.037, Train_accy 99.53, Test_accy 69.32
2026-06-16 04:36:28,659 [trainer.py] => No NME accuracy.
2026-06-16 04:36:28,717 [trainer.py] => CNN: {'total': 69.32, '00-04': 92.0, '05-09': 79.0, '10-14': 65.0, '15-19': 91.0, '20-24': 53.0, '25-29': 62.0, '30-34': 85.0, '35-39': 72.0, '40-44': 73.0, '45-49': 81.0, '50-54': 89.0, '55-59': 70.71, '60-64': 79.0, '65-69': 44.0, '70-74': 70.0, '75-79': 76.0, '80-84': 48.48, '85-89': 75.0, '90-94': 79.0, '95-99': 48.48, '100-104': 71.0, '105-109': 64.65, '110-114': 56.0, '115-119': 47.47, '120-124': 63.0, '125-129': 75.0, '130-134': 74.0, '135-139': 43.0, '140-144': 82.83, 'old': 68.84, 'new': 82.83}
2026-06-16 04:36:28,718 [trainer.py] => CNN top1 curve: [100.0, 91.5, 87.67, 89.0, 81.6, 79.83, 82.14, 80.88, 80.0, 78.6, 79.55, 78.57, 78.68, 76.27, 75.78, 75.73, 74.15, 74.03, 73.81, 72.11, 72.58, 72.45, 71.08, 70.35, 69.58, 69.33, 69.5, 69.05, 69.32]
2026-06-16 04:36:28,718 [trainer.py] => CNN top5 curve: [100.0, 100.0, 100.0, 100.0, 100.0, 99.33, 99.43, 99.0, 97.33, 97.3, 97.36, 97.33, 97.0, 96.0, 96.2, 96.12, 93.52, 93.99, 94.2, 92.79, 92.94, 92.94, 91.25, 91.36, 90.82, 90.79, 90.46, 90.02, 89.98]
2026-06-16 04:36:28,718 [trainer.py] => Average Accuracy (CNN): 77.35
2026-06-16 04:36:28,722 [trainer.py] => All params: 172312152
2026-06-16 04:36:28,726 [trainer.py] => Trainable params: 484140
2026-06-16 04:36:28,726 [dualprompt.py] => Learning on 145-150
2026-06-16 04:48:09,992 [dualprompt.py] => Task 29, Epoch 20/20 => Loss 0.036, Train_accy 97.19, Test_accy 67.64
2026-06-16 04:48:45,707 [trainer.py] => No NME accuracy.
2026-06-16 04:48:45,708 [trainer.py] => CNN: {'total': 67.64, '00-04': 91.0, '05-09': 77.0, '10-14': 66.0, '15-19': 91.0, '20-24': 54.0, '25-29': 64.0, '30-34': 86.0, '35-39': 71.0, '40-44': 72.0, '45-49': 76.0, '50-54': 89.0, '55-59': 68.69, '60-64': 80.0, '65-69': 45.0, '70-74': 67.0, '75-79': 77.0, '80-84': 48.48, '85-89': 73.0, '90-94': 76.0, '95-99': 48.48, '100-104': 70.0, '105-109': 63.64, '110-114': 57.0, '115-119': 48.48, '120-124': 64.0, '125-129': 75.0, '130-134': 74.0, '135-139': 43.0, '140-144': 82.83, '145-149': 30.0, 'old': 68.94, 'new': 30.0}
2026-06-16 04:48:45,708 [trainer.py] => CNN top1 curve: [100.0, 91.5, 87.67, 89.0, 81.6, 79.83, 82.14, 80.88, 80.0, 78.6, 79.55, 78.57, 78.68, 76.27, 75.78, 75.73, 74.15, 74.03, 73.81, 72.11, 72.58, 72.45, 71.08, 70.35, 69.58, 69.33, 69.5, 69.05, 69.32, 67.64]
2026-06-16 04:48:45,708 [trainer.py] => CNN top5 curve: [100.0, 100.0, 100.0, 100.0, 100.0, 99.33, 99.43, 99.0, 97.33, 97.3, 97.36, 97.33, 97.0, 96.0, 96.2, 96.12, 93.52, 93.99, 94.2, 92.79, 92.94, 92.94, 91.25, 91.36, 90.82, 90.79, 90.46, 90.02, 89.98, 89.88]
2026-06-16 04:48:45,708 [trainer.py] => Average Accuracy (CNN): 77.03
2026-06-16 04:48:45,710 [trainer.py] => All params: 172312152
2026-06-16 04:48:45,712 [trainer.py] => Trainable params: 484140
2026-06-16 04:48:45,712 [dualprompt.py] => Learning on 150-155
2026-06-16 04:58:05,108 [dualprompt.py] => Task 30, Epoch 20/20 => Loss 0.013, Train_accy 97.59, Test_accy 67.28
2026-06-16 04:58:24,882 [trainer.py] => No NME accuracy.
2026-06-16 04:58:24,910 [trainer.py] => CNN: {'total': 67.28, '00-04': 91.0, '05-09': 76.0, '10-14': 68.0, '15-19': 92.0, '20-24': 53.0, '25-29': 62.0, '30-34': 87.0, '35-39': 69.0, '40-44': 71.0, '45-49': 76.0, '50-54': 93.0, '55-59': 68.69, '60-64': 81.0, '65-69': 45.0, '70-74': 68.0, '75-79': 76.0, '80-84': 47.47, '85-89': 73.0, '90-94': 74.0, '95-99': 48.48, '100-104': 69.0, '105-109': 66.67, '110-114': 58.0, '115-119': 48.48, '120-124': 64.0, '125-129': 75.0, '130-134': 73.0, '135-139': 41.0, '140-144': 83.84, '145-149': 32.0, '150-154': 54.55, 'old': 67.7, 'new': 54.55}
2026-06-16 04:58:24,910 [trainer.py] => CNN top1 curve: [100.0, 91.5, 87.67, 89.0, 81.6, 79.83, 82.14, 80.88, 80.0, 78.6, 79.55, 78.57, 78.68, 76.27, 75.78, 75.73, 74.15, 74.03, 73.81, 72.11, 72.58, 72.45, 71.08, 70.35, 69.58, 69.33, 69.5, 69.05, 69.32, 67.64, 67.28]
2026-06-16 04:58:24,910 [trainer.py] => CNN top5 curve: [100.0, 100.0, 100.0, 100.0, 100.0, 99.33, 99.43, 99.0, 97.33, 97.3, 97.36, 97.33, 97.0, 96.0, 96.2, 96.12, 93.52, 93.99, 94.2, 92.79, 92.94, 92.94, 91.25, 91.36, 90.82, 90.79, 90.46, 90.02, 89.98, 89.88, 89.46]
2026-06-16 04:58:24,911 [trainer.py] => Average Accuracy (CNN): 76.71
2026-06-16 04:58:24,915 [trainer.py] => All params: 172312152
2026-06-16 04:58:24,918 [trainer.py] => Trainable params: 484140
2026-06-16 04:58:24,918 [dualprompt.py] => Learning on 155-160
2026-06-16 05:09:44,013 [dualprompt.py] => Task 31, Epoch 20/20 => Loss -0.018, Train_accy 98.89, Test_accy 67.43
2026-06-16 05:10:20,193 [trainer.py] => No NME accuracy.
2026-06-16 05:10:20,218 [trainer.py] => CNN: {'total': 67.43, '00-04': 91.0, '05-09': 77.0, '10-14': 68.0, '15-19': 92.0, '20-24': 53.0, '25-29': 64.0, '30-34': 88.0, '35-39': 69.0, '40-44': 72.0, '45-49': 76.0, '50-54': 91.0, '55-59': 67.68, '60-64': 81.0, '65-69': 46.0, '70-74': 68.0, '75-79': 75.0, '80-84': 47.47, '85-89': 73.0, '90-94': 74.0, '95-99': 48.48, '100-104': 70.0, '105-109': 64.65, '110-114': 57.0, '115-119': 48.48, '120-124': 64.0, '125-129': 75.0, '130-134': 72.0, '135-139': 41.0, '140-144': 81.82, '145-149': 30.0, '150-154': 54.55, '155-159': 77.0, 'old': 67.12, 'new': 77.0}
2026-06-16 05:10:20,219 [trainer.py] => CNN top1 curve: [100.0, 91.5, 87.67, 89.0, 81.6, 79.83, 82.14, 80.88, 80.0, 78.6, 79.55, 78.57, 78.68, 76.27, 75.78, 75.73, 74.15, 74.03, 73.81, 72.11, 72.58, 72.45, 71.08, 70.35, 69.58, 69.33, 69.5, 69.05, 69.32, 67.64, 67.28, 67.43]
2026-06-16 05:10:20,219 [trainer.py] => CNN top5 curve: [100.0, 100.0, 100.0, 100.0, 100.0, 99.33, 99.43, 99.0, 97.33, 97.3, 97.36, 97.33, 97.0, 96.0, 96.2, 96.12, 93.52, 93.99, 94.2, 92.79, 92.94, 92.94, 91.25, 91.36, 90.82, 90.79, 90.46, 90.02, 89.98, 89.88, 89.46, 88.76]
2026-06-16 05:10:20,219 [trainer.py] => Average Accuracy (CNN): 76.42
2026-06-16 05:10:20,223 [trainer.py] => All params: 172312152
2026-06-16 05:10:20,227 [trainer.py] => Trainable params: 484140
2026-06-16 05:10:20,227 [dualprompt.py] => Learning on 160-165
2026-06-16 05:21:44,298 [dualprompt.py] => Task 32, Epoch 20/20 => Loss -0.022, Train_accy 99.07, Test_accy 66.26
2026-06-16 05:22:21,465 [trainer.py] => No NME accuracy.
2026-06-16 05:22:21,484 [trainer.py] => CNN: {'total': 66.26, '00-04': 92.0, '05-09': 77.0, '10-14': 68.0, '15-19': 91.0, '20-24': 54.0, '25-29': 66.0, '30-34': 88.0, '35-39': 67.0, '40-44': 71.0, '45-49': 73.0, '50-54': 89.0, '55-59': 66.67, '60-64': 80.0, '65-69': 45.0, '70-74': 66.0, '75-79': 74.0, '80-84': 48.48, '85-89': 74.0, '90-94': 75.0, '95-99': 48.48, '100-104': 70.0, '105-109': 63.64, '110-114': 57.0, '115-119': 48.48, '120-124': 64.0, '125-129': 74.0, '130-134': 72.0, '135-139': 39.0, '140-144': 84.85, '145-149': 28.0, '150-154': 53.54, '155-159': 78.0, '160-164': 40.0, 'old': 67.08, 'new': 40.0}
2026-06-16 05:22:21,484 [trainer.py] => CNN top1 curve: [100.0, 91.5, 87.67, 89.0, 81.6, 79.83, 82.14, 80.88, 80.0, 78.6, 79.55, 78.57, 78.68, 76.27, 75.78, 75.73, 74.15, 74.03, 73.81, 72.11, 72.58, 72.45, 71.08, 70.35, 69.58, 69.33, 69.5, 69.05, 69.32, 67.64, 67.28, 67.43, 66.26]
2026-06-16 05:22:21,484 [trainer.py] => CNN top5 curve: [100.0, 100.0, 100.0, 100.0, 100.0, 99.33, 99.43, 99.0, 97.33, 97.3, 97.36, 97.33, 97.0, 96.0, 96.2, 96.12, 93.52, 93.99, 94.2, 92.79, 92.94, 92.94, 91.25, 91.36, 90.82, 90.79, 90.46, 90.02, 89.98, 89.88, 89.46, 88.76, 88.22]
2026-06-16 05:22:21,484 [trainer.py] => Average Accuracy (CNN): 76.11
2026-06-16 05:22:21,486 [trainer.py] => All params: 172312152
2026-06-16 05:22:21,487 [trainer.py] => Trainable params: 484140
2026-06-16 05:22:21,487 [dualprompt.py] => Learning on 165-170
2026-06-16 05:31:27,995 [dualprompt.py] => Task 33, Epoch 20/20 => Loss -0.048, Train_accy 100.00, Test_accy 65.83
2026-06-16 05:32:04,265 [trainer.py] => No NME accuracy.
2026-06-16 05:32:04,301 [trainer.py] => CNN: {'total': 65.83, '00-04': 91.0, '05-09': 78.0, '10-14': 68.0, '15-19': 91.0, '20-24': 54.0, '25-29': 66.0, '30-34': 88.0, '35-39': 66.0, '40-44': 71.0, '45-49': 73.0, '50-54': 90.0, '55-59': 66.67, '60-64': 81.0, '65-69': 45.0, '70-74': 63.0, '75-79': 74.0, '80-84': 48.48, '85-89': 75.0, '90-94': 74.0, '95-99': 48.48, '100-104': 70.0, '105-109': 61.62, '110-114': 57.0, '115-119': 48.48, '120-124': 62.0, '125-129': 75.0, '130-134': 72.0, '135-139': 41.0, '140-144': 83.84, '145-149': 28.0, '150-154': 54.55, '155-159': 78.0, '160-164': 40.0, '165-169': 54.55, 'old': 66.17, 'new': 54.55}
2026-06-16 05:32:04,301 [trainer.py] => CNN top1 curve: [100.0, 91.5, 87.67, 89.0, 81.6, 79.83, 82.14, 80.88, 80.0, 78.6, 79.55, 78.57, 78.68, 76.27, 75.78, 75.73, 74.15, 74.03, 73.81, 72.11, 72.58, 72.45, 71.08, 70.35, 69.58, 69.33, 69.5, 69.05, 69.32, 67.64, 67.28, 67.43, 66.26, 65.83]
2026-06-16 05:32:04,301 [trainer.py] => CNN top5 curve: [100.0, 100.0, 100.0, 100.0, 100.0, 99.33, 99.43, 99.0, 97.33, 97.3, 97.36, 97.33, 97.0, 96.0, 96.2, 96.12, 93.52, 93.99, 94.2, 92.79, 92.94, 92.94, 91.25, 91.36, 90.82, 90.79, 90.46, 90.02, 89.98, 89.88, 89.46, 88.76, 88.22, 87.65]
2026-06-16 05:32:04,301 [trainer.py] => Average Accuracy (CNN): 75.81
2026-06-16 05:32:04,304 [trainer.py] => All params: 172312152
2026-06-16 05:32:04,307 [trainer.py] => Trainable params: 484140
2026-06-16 05:32:04,307 [dualprompt.py] => Learning on 170-175
2026-06-16 05:42:38,793 [dualprompt.py] => Task 34, Epoch 20/20 => Loss -0.038, Train_accy 99.71, Test_accy 65.21
2026-06-16 05:43:17,528 [trainer.py] => No NME accuracy.
2026-06-16 05:43:17,528 [trainer.py] => CNN: {'total': 65.21, '00-04': 92.0, '05-09': 78.0, '10-14': 68.0, '15-19': 92.0, '20-24': 53.0, '25-29': 69.0, '30-34': 87.0, '35-39': 66.0, '40-44': 71.0, '45-49': 67.0, '50-54': 89.0, '55-59': 67.68, '60-64': 81.0, '65-69': 44.0, '70-74': 63.0, '75-79': 74.0, '80-84': 47.47, '85-89': 74.0, '90-94': 74.0, '95-99': 48.48, '100-104': 70.0, '105-109': 61.62, '110-114': 58.0, '115-119': 45.45, '120-124': 62.0, '125-129': 74.0, '130-134': 72.0, '135-139': 40.0, '140-144': 84.85, '145-149': 30.0, '150-154': 54.55, '155-159': 78.0, '160-164': 39.0, '165-169': 54.55, '170-174': 52.0, 'old': 65.6, 'new': 52.0}
2026-06-16 05:43:17,528 [trainer.py] => CNN top1 curve: [100.0, 91.5, 87.67, 89.0, 81.6, 79.83, 82.14, 80.88, 80.0, 78.6, 79.55, 78.57, 78.68, 76.27, 75.78, 75.73, 74.15, 74.03, 73.81, 72.11, 72.58, 72.45, 71.08, 70.35, 69.58, 69.33, 69.5, 69.05, 69.32, 67.64, 67.28, 67.43, 66.26, 65.83, 65.21]
2026-06-16 05:43:17,528 [trainer.py] => CNN top5 curve: [100.0, 100.0, 100.0, 100.0, 100.0, 99.33, 99.43, 99.0, 97.33, 97.3, 97.36, 97.33, 97.0, 96.0, 96.2, 96.12, 93.52, 93.99, 94.2, 92.79, 92.94, 92.94, 91.25, 91.36, 90.82, 90.79, 90.46, 90.02, 89.98, 89.88, 89.46, 88.76, 88.22, 87.65, 87.63]
2026-06-16 05:43:17,529 [trainer.py] => Average Accuracy (CNN): 75.51
2026-06-16 05:43:17,530 [trainer.py] => All params: 172312152
2026-06-16 05:43:17,531 [trainer.py] => Trainable params: 484140
2026-06-16 05:43:17,531 [dualprompt.py] => Learning on 175-180
2026-06-16 05:54:10,883 [dualprompt.py] => Task 35, Epoch 20/20 => Loss 0.003, Train_accy 98.25, Test_accy 63.67
2026-06-16 05:54:50,664 [trainer.py] => No NME accuracy.
2026-06-16 05:54:50,665 [trainer.py] => CNN: {'total': 63.67, '00-04': 91.0, '05-09': 78.0, '10-14': 68.0, '15-19': 89.0, '20-24': 53.0, '25-29': 70.0, '30-34': 87.0, '35-39': 65.0, '40-44': 72.0, '45-49': 67.0, '50-54': 88.0, '55-59': 65.66, '60-64': 81.0, '65-69': 45.0, '70-74': 63.0, '75-79': 74.0, '80-84': 47.47, '85-89': 73.0, '90-94': 74.0, '95-99': 47.47, '100-104': 70.0, '105-109': 61.62, '110-114': 58.0, '115-119': 45.45, '120-124': 61.0, '125-129': 75.0, '130-134': 72.0, '135-139': 41.0, '140-144': 82.83, '145-149': 28.0, '150-154': 55.56, '155-159': 77.0, '160-164': 36.0, '165-169': 53.54, '170-174': 52.0, '175-179': 24.0, 'old': 64.81, 'new': 24.0}
2026-06-16 05:54:50,665 [trainer.py] => CNN top1 curve: [100.0, 91.5, 87.67, 89.0, 81.6, 79.83, 82.14, 80.88, 80.0, 78.6, 79.55, 78.57, 78.68, 76.27, 75.78, 75.73, 74.15, 74.03, 73.81, 72.11, 72.58, 72.45, 71.08, 70.35, 69.58, 69.33, 69.5, 69.05, 69.32, 67.64, 67.28, 67.43, 66.26, 65.83, 65.21, 63.67]
2026-06-16 05:54:50,665 [trainer.py] => CNN top5 curve: [100.0, 100.0, 100.0, 100.0, 100.0, 99.33, 99.43, 99.0, 97.33, 97.3, 97.36, 97.33, 97.0, 96.0, 96.2, 96.12, 93.52, 93.99, 94.2, 92.79, 92.94, 92.94, 91.25, 91.36, 90.82, 90.79, 90.46, 90.02, 89.98, 89.88, 89.46, 88.76, 88.22, 87.65, 87.63, 86.69]
2026-06-16 05:54:50,665 [trainer.py] => Average Accuracy (CNN): 75.18
2026-06-16 05:54:50,667 [trainer.py] => All params: 172312152
2026-06-16 05:54:50,668 [trainer.py] => Trainable params: 484140
2026-06-16 05:54:50,668 [dualprompt.py] => Learning on 180-185
2026-06-16 06:04:57,566 [dualprompt.py] => Task 36, Epoch 20/20 => Loss -0.035, Train_accy 99.73, Test_accy 63.85
2026-06-16 06:05:38,966 [trainer.py] => No NME accuracy.
2026-06-16 06:05:38,967 [trainer.py] => CNN: {'total': 63.85, '00-04': 92.0, '05-09': 78.0, '10-14': 68.0, '15-19': 90.0, '20-24': 53.0, '25-29': 68.0, '30-34': 87.0, '35-39': 64.0, '40-44': 71.0, '45-49': 68.0, '50-54': 88.0, '55-59': 64.65, '60-64': 80.0, '65-69': 44.0, '70-74': 63.0, '75-79': 74.0, '80-84': 47.47, '85-89': 73.0, '90-94': 73.0, '95-99': 46.46, '100-104': 71.0, '105-109': 60.61, '110-114': 58.0, '115-119': 44.44, '120-124': 61.0, '125-129': 77.0, '130-134': 72.0, '135-139': 42.0, '140-144': 81.82, '145-149': 28.0, '150-154': 52.53, '155-159': 70.0, '160-164': 37.0, '165-169': 53.54, '170-174': 53.0, '175-179': 24.0, '180-184': 83.67, 'old': 63.31, 'new': 83.67}
2026-06-16 06:05:38,967 [trainer.py] => CNN top1 curve: [100.0, 91.5, 87.67, 89.0, 81.6, 79.83, 82.14, 80.88, 80.0, 78.6, 79.55, 78.57, 78.68, 76.27, 75.78, 75.73, 74.15, 74.03, 73.81, 72.11, 72.58, 72.45, 71.08, 70.35, 69.58, 69.33, 69.5, 69.05, 69.32, 67.64, 67.28, 67.43, 66.26, 65.83, 65.21, 63.67, 63.85]
2026-06-16 06:05:38,968 [trainer.py] => CNN top5 curve: [100.0, 100.0, 100.0, 100.0, 100.0, 99.33, 99.43, 99.0, 97.33, 97.3, 97.36, 97.33, 97.0, 96.0, 96.2, 96.12, 93.52, 93.99, 94.2, 92.79, 92.94, 92.94, 91.25, 91.36, 90.82, 90.79, 90.46, 90.02, 89.98, 89.88, 89.46, 88.76, 88.22, 87.65, 87.63, 86.69, 86.94]
2026-06-16 06:05:38,968 [trainer.py] => Average Accuracy (CNN): 74.87
2026-06-16 06:05:38,972 [trainer.py] => All params: 172312152
2026-06-16 06:05:38,975 [trainer.py] => Trainable params: 484140
2026-06-16 06:05:38,975 [dualprompt.py] => Learning on 185-190
2026-06-16 06:17:01,881 [dualprompt.py] => Task 37, Epoch 20/20 => Loss -0.026, Train_accy 99.26, Test_accy 63.40
2026-06-16 06:17:45,216 [trainer.py] => No NME accuracy.
2026-06-16 06:17:45,217 [trainer.py] => CNN: {'total': 63.4, '00-04': 91.0, '05-09': 79.0, '10-14': 68.0, '15-19': 90.0, '20-24': 53.0, '25-29': 68.0, '30-34': 88.0, '35-39': 63.0, '40-44': 71.0, '45-49': 68.0, '50-54': 89.0, '55-59': 66.67, '60-64': 81.0, '65-69': 45.0, '70-74': 63.0, '75-79': 74.0, '80-84': 47.47, '85-89': 74.0, '90-94': 74.0, '95-99': 47.47, '100-104': 70.0, '105-109': 61.62, '110-114': 58.0, '115-119': 46.46, '120-124': 64.0, '125-129': 74.0, '130-134': 72.0, '135-139': 42.0, '140-144': 81.82, '145-149': 30.0, '150-154': 53.54, '155-159': 70.0, '160-164': 38.0, '165-169': 53.54, '170-174': 52.0, '175-179': 23.0, '180-184': 86.73, '185-189': 32.0, 'old': 64.25, 'new': 32.0}
2026-06-16 06:17:45,217 [trainer.py] => CNN top1 curve: [100.0, 91.5, 87.67, 89.0, 81.6, 79.83, 82.14, 80.88, 80.0, 78.6, 79.55, 78.57, 78.68, 76.27, 75.78, 75.73, 74.15, 74.03, 73.81, 72.11, 72.58, 72.45, 71.08, 70.35, 69.58, 69.33, 69.5, 69.05, 69.32, 67.64, 67.28, 67.43, 66.26, 65.83, 65.21, 63.67, 63.85, 63.4]
2026-06-16 06:17:45,217 [trainer.py] => CNN top5 curve: [100.0, 100.0, 100.0, 100.0, 100.0, 99.33, 99.43, 99.0, 97.33, 97.3, 97.36, 97.33, 97.0, 96.0, 96.2, 96.12, 93.52, 93.99, 94.2, 92.79, 92.94, 92.94, 91.25, 91.36, 90.82, 90.79, 90.46, 90.02, 89.98, 89.88, 89.46, 88.76, 88.22, 87.65, 87.63, 86.69, 86.94, 85.94]
2026-06-16 06:17:45,217 [trainer.py] => Average Accuracy (CNN): 74.57
2026-06-16 06:17:45,219 [trainer.py] => All params: 172312152
2026-06-16 06:17:45,220 [trainer.py] => Trainable params: 484140
2026-06-16 06:17:45,220 [dualprompt.py] => Learning on 190-195
2026-06-16 06:28:36,322 [dualprompt.py] => Task 38, Epoch 20/20 => Loss -0.036, Train_accy 99.66, Test_accy 63.52
2026-06-16 06:29:00,745 [trainer.py] => No NME accuracy.
2026-06-16 06:29:00,745 [trainer.py] => CNN: {'total': 63.52, '00-04': 92.0, '05-09': 79.0, '10-14': 68.0, '15-19': 89.0, '20-24': 53.0, '25-29': 66.0, '30-34': 87.0, '35-39': 63.0, '40-44': 71.0, '45-49': 69.0, '50-54': 89.0, '55-59': 66.67, '60-64': 81.0, '65-69': 45.0, '70-74': 64.0, '75-79': 74.0, '80-84': 47.47, '85-89': 75.0, '90-94': 74.0, '95-99': 46.46, '100-104': 70.0, '105-109': 59.6, '110-114': 49.0, '115-119': 45.45, '120-124': 64.0, '125-129': 73.0, '130-134': 72.0, '135-139': 40.0, '140-144': 81.82, '145-149': 30.0, '150-154': 54.55, '155-159': 68.0, '160-164': 38.0, '165-169': 54.55, '170-174': 54.0, '175-179': 25.0, '180-184': 84.69, '185-189': 34.0, '190-194': 80.0, 'old': 63.09, 'new': 80.0}
2026-06-16 06:29:00,745 [trainer.py] => CNN top1 curve: [100.0, 91.5, 87.67, 89.0, 81.6, 79.83, 82.14, 80.88, 80.0, 78.6, 79.55, 78.57, 78.68, 76.27, 75.78, 75.73, 74.15, 74.03, 73.81, 72.11, 72.58, 72.45, 71.08, 70.35, 69.58, 69.33, 69.5, 69.05, 69.32, 67.64, 67.28, 67.43, 66.26, 65.83, 65.21, 63.67, 63.85, 63.4, 63.52]
2026-06-16 06:29:00,745 [trainer.py] => CNN top5 curve: [100.0, 100.0, 100.0, 100.0, 100.0, 99.33, 99.43, 99.0, 97.33, 97.3, 97.36, 97.33, 97.0, 96.0, 96.2, 96.12, 93.52, 93.99, 94.2, 92.79, 92.94, 92.94, 91.25, 91.36, 90.82, 90.79, 90.46, 90.02, 89.98, 89.88, 89.46, 88.76, 88.22, 87.65, 87.63, 86.69, 86.94, 85.94, 86.25]
2026-06-16 06:29:00,745 [trainer.py] => Average Accuracy (CNN): 74.29
2026-06-16 06:29:00,747 [trainer.py] => All params: 172312152
2026-06-16 06:29:00,748 [trainer.py] => Trainable params: 484140
2026-06-16 06:29:00,748 [dualprompt.py] => Learning on 195-200
2026-06-16 06:39:32,708 [dualprompt.py] => Task 39, Epoch 20/20 => Loss -0.032, Train_accy 99.50, Test_accy 63.36
2026-06-16 06:40:16,582 [trainer.py] => No NME accuracy.
2026-06-16 06:40:16,582 [trainer.py] => CNN: {'total': 63.36, '00-04': 92.0, '05-09': 78.0, '10-14': 68.0, '15-19': 89.0, '20-24': 53.0, '25-29': 67.0, '30-34': 87.0, '35-39': 62.0, '40-44': 71.0, '45-49': 68.0, '50-54': 89.0, '55-59': 66.67, '60-64': 81.0, '65-69': 45.0, '70-74': 64.0, '75-79': 74.0, '80-84': 47.47, '85-89': 74.0, '90-94': 74.0, '95-99': 47.47, '100-104': 70.0, '105-109': 59.6, '110-114': 48.0, '115-119': 45.45, '120-124': 64.0, '125-129': 74.0, '130-134': 72.0, '135-139': 41.0, '140-144': 82.83, '145-149': 30.0, '150-154': 54.55, '155-159': 71.0, '160-164': 35.0, '165-169': 55.56, '170-174': 53.0, '175-179': 23.0, '180-184': 85.71, '185-189': 33.0, '190-194': 79.0, '195-199': 60.0, 'old': 63.44, 'new': 60.0}
2026-06-16 06:40:16,582 [trainer.py] => CNN top1 curve: [100.0, 91.5, 87.67, 89.0, 81.6, 79.83, 82.14, 80.88, 80.0, 78.6, 79.55, 78.57, 78.68, 76.27, 75.78, 75.73, 74.15, 74.03, 73.81, 72.11, 72.58, 72.45, 71.08, 70.35, 69.58, 69.33, 69.5, 69.05, 69.32, 67.64, 67.28, 67.43, 66.26, 65.83, 65.21, 63.67, 63.85, 63.4, 63.52, 63.36]
2026-06-16 06:40:16,582 [trainer.py] => CNN top5 curve: [100.0, 100.0, 100.0, 100.0, 100.0, 99.33, 99.43, 99.0, 97.33, 97.3, 97.36, 97.33, 97.0, 96.0, 96.2, 96.12, 93.52, 93.99, 94.2, 92.79, 92.94, 92.94, 91.25, 91.36, 90.82, 90.79, 90.46, 90.02, 89.98, 89.88, 89.46, 88.76, 88.22, 87.65, 87.63, 86.69, 86.94, 85.94, 86.25, 86.32]
2026-06-16 06:40:16,582 [trainer.py] => Average Accuracy (CNN): 74.01
2026-06-16 06:40:16,584 [trainer.py] => All params: 172312152
2026-06-16 06:40:16,585 [trainer.py] => Trainable params: 484140
2026-06-16 06:40:16,585 [dualprompt.py] => Learning on 200-205
2026-06-16 06:51:53,333 [dualprompt.py] => Task 40, Epoch 20/20 => Loss -0.046, Train_accy 99.93, Test_accy 62.61
2026-06-16 06:52:38,259 [trainer.py] => No NME accuracy.
2026-06-16 06:52:38,259 [trainer.py] => CNN: {'total': 62.61, '00-04': 92.0, '05-09': 77.0, '10-14': 68.0, '15-19': 90.0, '20-24': 53.0, '25-29': 68.0, '30-34': 88.0, '35-39': 62.0, '40-44': 71.0, '45-49': 66.0, '50-54': 88.0, '55-59': 65.66, '60-64': 81.0, '65-69': 44.0, '70-74': 64.0, '75-79': 73.0, '80-84': 47.47, '85-89': 74.0, '90-94': 74.0, '95-99': 46.46, '100-104': 70.0, '105-109': 59.6, '110-114': 43.0, '115-119': 45.45, '120-124': 63.0, '125-129': 74.0, '130-134': 72.0, '135-139': 40.0, '140-144': 82.83, '145-149': 28.0, '150-154': 54.55, '155-159': 72.0, '160-164': 35.0, '165-169': 54.55, '170-174': 51.0, '175-179': 23.0, '180-184': 84.69, '185-189': 33.0, '190-194': 77.0, '195-199': 60.0, '200-204': 51.52, 'old': 62.88, 'new': 51.52}
2026-06-16 06:52:38,260 [trainer.py] => CNN top1 curve: [100.0, 91.5, 87.67, 89.0, 81.6, 79.83, 82.14, 80.88, 80.0, 78.6, 79.55, 78.57, 78.68, 76.27, 75.78, 75.73, 74.15, 74.03, 73.81, 72.11, 72.58, 72.45, 71.08, 70.35, 69.58, 69.33, 69.5, 69.05, 69.32, 67.64, 67.28, 67.43, 66.26, 65.83, 65.21, 63.67, 63.85, 63.4, 63.52, 63.36, 62.61]
2026-06-16 06:52:38,260 [trainer.py] => CNN top5 curve: [100.0, 100.0, 100.0, 100.0, 100.0, 99.33, 99.43, 99.0, 97.33, 97.3, 97.36, 97.33, 97.0, 96.0, 96.2, 96.12, 93.52, 93.99, 94.2, 92.79, 92.94, 92.94, 91.25, 91.36, 90.82, 90.79, 90.46, 90.02, 89.98, 89.88, 89.46, 88.76, 88.22, 87.65, 87.63, 86.69, 86.94, 85.94, 86.25, 86.32, 85.86]
2026-06-16 06:52:38,260 [trainer.py] => Average Accuracy (CNN): 73.74
2026-06-16 06:52:38,261 [trainer.py] => All params: 172312152
2026-06-16 06:52:38,262 [trainer.py] => Trainable params: 484140
2026-06-16 06:52:38,263 [dualprompt.py] => Learning on 205-210
2026-06-16 07:02:53,369 [dualprompt.py] => Task 41, Epoch 20/20 => Loss -0.001, Train_accy 98.00, Test_accy 62.38
2026-06-16 07:03:39,767 [trainer.py] => No NME accuracy.
2026-06-16 07:03:39,768 [trainer.py] => CNN: {'total': 62.38, '00-04': 91.0, '05-09': 78.0, '10-14': 67.0, '15-19': 89.0, '20-24': 53.0, '25-29': 68.0, '30-34': 88.0, '35-39': 62.0, '40-44': 72.0, '45-49': 67.0, '50-54': 88.0, '55-59': 64.65, '60-64': 80.0, '65-69': 45.0, '70-74': 63.0, '75-79': 74.0, '80-84': 47.47, '85-89': 74.0, '90-94': 75.0, '95-99': 46.46, '100-104': 70.0, '105-109': 61.62, '110-114': 43.0, '115-119': 44.44, '120-124': 64.0, '125-129': 77.0, '130-134': 72.0, '135-139': 40.0, '140-144': 80.81, '145-149': 29.0, '150-154': 54.55, '155-159': 70.0, '160-164': 34.0, '165-169': 53.54, '170-174': 53.0, '175-179': 24.0, '180-184': 84.69, '185-189': 33.0, '190-194': 77.0, '195-199': 62.0, '200-204': 51.52, '205-209': 48.0, 'old': 62.73, 'new': 48.0}
2026-06-16 07:03:39,768 [trainer.py] => CNN top1 curve: [100.0, 91.5, 87.67, 89.0, 81.6, 79.83, 82.14, 80.88, 80.0, 78.6, 79.55, 78.57, 78.68, 76.27, 75.78, 75.73, 74.15, 74.03, 73.81, 72.11, 72.58, 72.45, 71.08, 70.35, 69.58, 69.33, 69.5, 69.05, 69.32, 67.64, 67.28, 67.43, 66.26, 65.83, 65.21, 63.67, 63.85, 63.4, 63.52, 63.36, 62.61, 62.38]
2026-06-16 07:03:39,768 [trainer.py] => CNN top5 curve: [100.0, 100.0, 100.0, 100.0, 100.0, 99.33, 99.43, 99.0, 97.33, 97.3, 97.36, 97.33, 97.0, 96.0, 96.2, 96.12, 93.52, 93.99, 94.2, 92.79, 92.94, 92.94, 91.25, 91.36, 90.82, 90.79, 90.46, 90.02, 89.98, 89.88, 89.46, 88.76, 88.22, 87.65, 87.63, 86.69, 86.94, 85.94, 86.25, 86.32, 85.86, 85.49]
2026-06-16 07:03:39,768 [trainer.py] => Average Accuracy (CNN): 73.47
2026-06-16 07:03:39,769 [trainer.py] => All params: 172312152
2026-06-16 07:03:39,770 [trainer.py] => Trainable params: 484140
2026-06-16 07:03:39,771 [dualprompt.py] => Learning on 210-215
2026-06-16 07:15:18,395 [dualprompt.py] => Task 42, Epoch 20/20 => Loss 0.055, Train_accy 96.11, Test_accy 61.74
2026-06-16 07:16:05,842 [trainer.py] => No NME accuracy.
2026-06-16 07:16:05,842 [trainer.py] => CNN: {'total': 61.74, '00-04': 93.0, '05-09': 78.0, '10-14': 68.0, '15-19': 88.0, '20-24': 53.0, '25-29': 67.0, '30-34': 88.0, '35-39': 61.0, '40-44': 71.0, '45-49': 66.0, '50-54': 88.0, '55-59': 64.65, '60-64': 81.0, '65-69': 44.0, '70-74': 63.0, '75-79': 74.0, '80-84': 47.47, '85-89': 74.0, '90-94': 74.0, '95-99': 47.47, '100-104': 70.0, '105-109': 61.62, '110-114': 43.0, '115-119': 46.46, '120-124': 63.0, '125-129': 74.0, '130-134': 72.0, '135-139': 42.0, '140-144': 83.84, '145-149': 29.0, '150-154': 54.55, '155-159': 69.0, '160-164': 36.0, '165-169': 55.56, '170-174': 53.0, '175-179': 26.0, '180-184': 83.67, '185-189': 33.0, '190-194': 77.0, '195-199': 60.0, '200-204': 50.51, '205-209': 47.0, '210-214': 34.0, 'old': 62.4, 'new': 34.0}
2026-06-16 07:16:05,842 [trainer.py] => CNN top1 curve: [100.0, 91.5, 87.67, 89.0, 81.6, 79.83, 82.14, 80.88, 80.0, 78.6, 79.55, 78.57, 78.68, 76.27, 75.78, 75.73, 74.15, 74.03, 73.81, 72.11, 72.58, 72.45, 71.08, 70.35, 69.58, 69.33, 69.5, 69.05, 69.32, 67.64, 67.28, 67.43, 66.26, 65.83, 65.21, 63.67, 63.85, 63.4, 63.52, 63.36, 62.61, 62.38, 61.74]
2026-06-16 07:16:05,842 [trainer.py] => CNN top5 curve: [100.0, 100.0, 100.0, 100.0, 100.0, 99.33, 99.43, 99.0, 97.33, 97.3, 97.36, 97.33, 97.0, 96.0, 96.2, 96.12, 93.52, 93.99, 94.2, 92.79, 92.94, 92.94, 91.25, 91.36, 90.82, 90.79, 90.46, 90.02, 89.98, 89.88, 89.46, 88.76, 88.22, 87.65, 87.63, 86.69, 86.94, 85.94, 86.25, 86.32, 85.86, 85.49, 84.38]
2026-06-16 07:16:05,842 [trainer.py] => Average Accuracy (CNN): 73.19
2026-06-16 07:16:05,844 [trainer.py] => All params: 172312152
2026-06-16 07:16:05,845 [trainer.py] => Trainable params: 484140
2026-06-16 07:16:05,845 [dualprompt.py] => Learning on 215-220
2026-06-16 07:27:57,302 [dualprompt.py] => Task 43, Epoch 20/20 => Loss 0.095, Train_accy 94.11, Test_accy 60.83
2026-06-16 07:28:45,919 [trainer.py] => No NME accuracy.
2026-06-16 07:28:45,919 [trainer.py] => CNN: {'total': 60.83, '00-04': 91.0, '05-09': 78.0, '10-14': 68.0, '15-19': 88.0, '20-24': 53.0, '25-29': 65.0, '30-34': 87.0, '35-39': 62.0, '40-44': 72.0, '45-49': 68.0, '50-54': 89.0, '55-59': 66.67, '60-64': 81.0, '65-69': 44.0, '70-74': 64.0, '75-79': 74.0, '80-84': 47.47, '85-89': 74.0, '90-94': 73.0, '95-99': 47.47, '100-104': 68.0, '105-109': 60.61, '110-114': 44.0, '115-119': 46.46, '120-124': 63.0, '125-129': 75.0, '130-134': 72.0, '135-139': 42.0, '140-144': 82.83, '145-149': 32.0, '150-154': 54.55, '155-159': 69.0, '160-164': 34.0, '165-169': 55.56, '170-174': 52.0, '175-179': 28.0, '180-184': 83.67, '185-189': 33.0, '190-194': 78.0, '195-199': 60.0, '200-204': 51.52, '205-209': 47.0, '210-214': 32.0, '215-219': 20.0, 'old': 61.79, 'new': 20.0}
2026-06-16 07:28:45,920 [trainer.py] => CNN top1 curve: [100.0, 91.5, 87.67, 89.0, 81.6, 79.83, 82.14, 80.88, 80.0, 78.6, 79.55, 78.57, 78.68, 76.27, 75.78, 75.73, 74.15, 74.03, 73.81, 72.11, 72.58, 72.45, 71.08, 70.35, 69.58, 69.33, 69.5, 69.05, 69.32, 67.64, 67.28, 67.43, 66.26, 65.83, 65.21, 63.67, 63.85, 63.4, 63.52, 63.36, 62.61, 62.38, 61.74, 60.83]
2026-06-16 07:28:45,920 [trainer.py] => CNN top5 curve: [100.0, 100.0, 100.0, 100.0, 100.0, 99.33, 99.43, 99.0, 97.33, 97.3, 97.36, 97.33, 97.0, 96.0, 96.2, 96.12, 93.52, 93.99, 94.2, 92.79, 92.94, 92.94, 91.25, 91.36, 90.82, 90.79, 90.46, 90.02, 89.98, 89.88, 89.46, 88.76, 88.22, 87.65, 87.63, 86.69, 86.94, 85.94, 86.25, 86.32, 85.86, 85.49, 84.38, 83.64]
2026-06-16 07:28:45,920 [trainer.py] => Average Accuracy (CNN): 72.91
2026-06-16 07:28:45,921 [trainer.py] => All params: 172312152
2026-06-16 07:28:45,922 [trainer.py] => Trainable params: 484140
2026-06-16 07:28:45,922 [dualprompt.py] => Learning on 220-225
2026-06-16 07:40:33,716 [dualprompt.py] => Task 44, Epoch 20/20 => Loss -0.024, Train_accy 98.99, Test_accy 60.86
2026-06-16 07:41:22,920 [trainer.py] => No NME accuracy.
2026-06-16 07:41:22,920 [trainer.py] => CNN: {'total': 60.86, '00-04': 91.0, '05-09': 77.0, '10-14': 68.0, '15-19': 90.0, '20-24': 52.0, '25-29': 67.0, '30-34': 87.0, '35-39': 60.0, '40-44': 73.0, '45-49': 71.0, '50-54': 88.0, '55-59': 65.66, '60-64': 80.0, '65-69': 43.0, '70-74': 62.0, '75-79': 75.0, '80-84': 47.47, '85-89': 74.0, '90-94': 71.0, '95-99': 47.47, '100-104': 69.0, '105-109': 53.54, '110-114': 44.0, '115-119': 44.44, '120-124': 63.0, '125-129': 78.0, '130-134': 72.0, '135-139': 44.0, '140-144': 79.8, '145-149': 30.0, '150-154': 54.55, '155-159': 70.0, '160-164': 35.0, '165-169': 53.54, '170-174': 52.0, '175-179': 25.0, '180-184': 80.61, '185-189': 34.0, '190-194': 78.0, '195-199': 59.0, '200-204': 48.48, '205-209': 48.0, '210-214': 33.0, '215-219': 21.0, '220-224': 79.0, 'old': 60.45, 'new': 79.0}
2026-06-16 07:41:22,921 [trainer.py] => CNN top1 curve: [100.0, 91.5, 87.67, 89.0, 81.6, 79.83, 82.14, 80.88, 80.0, 78.6, 79.55, 78.57, 78.68, 76.27, 75.78, 75.73, 74.15, 74.03, 73.81, 72.11, 72.58, 72.45, 71.08, 70.35, 69.58, 69.33, 69.5, 69.05, 69.32, 67.64, 67.28, 67.43, 66.26, 65.83, 65.21, 63.67, 63.85, 63.4, 63.52, 63.36, 62.61, 62.38, 61.74, 60.83, 60.86]
2026-06-16 07:41:22,921 [trainer.py] => CNN top5 curve: [100.0, 100.0, 100.0, 100.0, 100.0, 99.33, 99.43, 99.0, 97.33, 97.3, 97.36, 97.33, 97.0, 96.0, 96.2, 96.12, 93.52, 93.99, 94.2, 92.79, 92.94, 92.94, 91.25, 91.36, 90.82, 90.79, 90.46, 90.02, 89.98, 89.88, 89.46, 88.76, 88.22, 87.65, 87.63, 86.69, 86.94, 85.94, 86.25, 86.32, 85.86, 85.49, 84.38, 83.64, 83.94]
2026-06-16 07:41:22,921 [trainer.py] => Average Accuracy (CNN): 72.64
2026-06-16 07:41:22,922 [trainer.py] => All params: 172312152
2026-06-16 07:41:22,923 [trainer.py] => Trainable params: 484140
2026-06-16 07:41:22,923 [dualprompt.py] => Learning on 225-230
2026-06-16 07:52:41,068 [dualprompt.py] => Task 45, Epoch 20/20 => Loss -0.022, Train_accy 99.07, Test_accy 60.66
2026-06-16 07:53:31,845 [trainer.py] => No NME accuracy.
2026-06-16 07:53:31,845 [trainer.py] => CNN: {'total': 60.66, '00-04': 91.0, '05-09': 77.0, '10-14': 67.0, '15-19': 90.0, '20-24': 53.0, '25-29': 67.0, '30-34': 87.0, '35-39': 61.0, '40-44': 74.0, '45-49': 64.0, '50-54': 88.0, '55-59': 62.63, '60-64': 80.0, '65-69': 43.0, '70-74': 62.0, '75-79': 76.0, '80-84': 47.47, '85-89': 74.0, '90-94': 71.0, '95-99': 47.47, '100-104': 72.0, '105-109': 53.54, '110-114': 43.0, '115-119': 44.44, '120-124': 62.0, '125-129': 77.0, '130-134': 72.0, '135-139': 41.0, '140-144': 79.8, '145-149': 28.0, '150-154': 54.55, '155-159': 70.0, '160-164': 33.0, '165-169': 53.54, '170-174': 45.0, '175-179': 27.0, '180-184': 80.61, '185-189': 32.0, '190-194': 78.0, '195-199': 61.0, '200-204': 45.45, '205-209': 49.0, '210-214': 34.0, '215-219': 22.0, '220-224': 79.0, '225-229': 70.71, 'old': 60.44, 'new': 70.71}
2026-06-16 07:53:31,845 [trainer.py] => CNN top1 curve: [100.0, 91.5, 87.67, 89.0, 81.6, 79.83, 82.14, 80.88, 80.0, 78.6, 79.55, 78.57, 78.68, 76.27, 75.78, 75.73, 74.15, 74.03, 73.81, 72.11, 72.58, 72.45, 71.08, 70.35, 69.58, 69.33, 69.5, 69.05, 69.32, 67.64, 67.28, 67.43, 66.26, 65.83, 65.21, 63.67, 63.85, 63.4, 63.52, 63.36, 62.61, 62.38, 61.74, 60.83, 60.86, 60.66]
2026-06-16 07:53:31,846 [trainer.py] => CNN top5 curve: [100.0, 100.0, 100.0, 100.0, 100.0, 99.33, 99.43, 99.0, 97.33, 97.3, 97.36, 97.33, 97.0, 96.0, 96.2, 96.12, 93.52, 93.99, 94.2, 92.79, 92.94, 92.94, 91.25, 91.36, 90.82, 90.79, 90.46, 90.02, 89.98, 89.88, 89.46, 88.76, 88.22, 87.65, 87.63, 86.69, 86.94, 85.94, 86.25, 86.32, 85.86, 85.49, 84.38, 83.64, 83.94, 83.94]
2026-06-16 07:53:31,846 [trainer.py] => Average Accuracy (CNN): 72.38
2026-06-16 07:53:31,848 [trainer.py] => All params: 172312152
2026-06-16 07:53:31,850 [trainer.py] => Trainable params: 484140
2026-06-16 07:53:31,850 [dualprompt.py] => Learning on 230-235
2026-06-16 08:05:23,336 [dualprompt.py] => Task 46, Epoch 20/20 => Loss -0.024, Train_accy 99.32, Test_accy 60.47
2026-06-16 08:06:15,210 [trainer.py] => No NME accuracy.
2026-06-16 08:06:15,210 [trainer.py] => CNN: {'total': 60.47, '00-04': 92.0, '05-09': 77.0, '10-14': 67.0, '15-19': 90.0, '20-24': 53.0, '25-29': 68.0, '30-34': 87.0, '35-39': 63.0, '40-44': 74.0, '45-49': 63.0, '50-54': 87.0, '55-59': 62.63, '60-64': 79.0, '65-69': 43.0, '70-74': 62.0, '75-79': 75.0, '80-84': 47.47, '85-89': 74.0, '90-94': 72.0, '95-99': 47.47, '100-104': 72.0, '105-109': 53.54, '110-114': 43.0, '115-119': 43.43, '120-124': 59.0, '125-129': 77.0, '130-134': 72.0, '135-139': 41.0, '140-144': 79.8, '145-149': 28.0, '150-154': 52.53, '155-159': 71.0, '160-164': 33.0, '165-169': 52.53, '170-174': 45.0, '175-179': 25.0, '180-184': 79.59, '185-189': 33.0, '190-194': 77.0, '195-199': 60.0, '200-204': 45.45, '205-209': 48.0, '210-214': 33.0, '215-219': 22.0, '220-224': 79.0, '225-229': 70.71, '230-234': 63.0, 'old': 60.42, 'new': 63.0}
2026-06-16 08:06:15,210 [trainer.py] => CNN top1 curve: [100.0, 91.5, 87.67, 89.0, 81.6, 79.83, 82.14, 80.88, 80.0, 78.6, 79.55, 78.57, 78.68, 76.27, 75.78, 75.73, 74.15, 74.03, 73.81, 72.11, 72.58, 72.45, 71.08, 70.35, 69.58, 69.33, 69.5, 69.05, 69.32, 67.64, 67.28, 67.43, 66.26, 65.83, 65.21, 63.67, 63.85, 63.4, 63.52, 63.36, 62.61, 62.38, 61.74, 60.83, 60.86, 60.66, 60.47]
2026-06-16 08:06:15,211 [trainer.py] => CNN top5 curve: [100.0, 100.0, 100.0, 100.0, 100.0, 99.33, 99.43, 99.0, 97.33, 97.3, 97.36, 97.33, 97.0, 96.0, 96.2, 96.12, 93.52, 93.99, 94.2, 92.79, 92.94, 92.94, 91.25, 91.36, 90.82, 90.79, 90.46, 90.02, 89.98, 89.88, 89.46, 88.76, 88.22, 87.65, 87.63, 86.69, 86.94, 85.94, 86.25, 86.32, 85.86, 85.49, 84.38, 83.64, 83.94, 83.94, 83.92]
2026-06-16 08:06:15,211 [trainer.py] => Average Accuracy (CNN): 72.13
2026-06-16 08:06:15,214 [trainer.py] => All params: 172312152
2026-06-16 08:06:15,216 [trainer.py] => Trainable params: 484140
2026-06-16 08:06:15,217 [dualprompt.py] => Learning on 235-240
2026-06-16 08:18:17,452 [dualprompt.py] => Task 47, Epoch 20/20 => Loss -0.040, Train_accy 99.45, Test_accy 60.15
2026-06-16 08:19:09,449 [trainer.py] => No NME accuracy.
2026-06-16 08:19:09,449 [trainer.py] => CNN: {'total': 60.15, '00-04': 91.0, '05-09': 77.0, '10-14': 67.0, '15-19': 88.0, '20-24': 53.0, '25-29': 69.0, '30-34': 87.0, '35-39': 58.0, '40-44': 73.0, '45-49': 60.0, '50-54': 87.0, '55-59': 63.64, '60-64': 79.0, '65-69': 43.0, '70-74': 62.0, '75-79': 76.0, '80-84': 47.47, '85-89': 74.0, '90-94': 69.0, '95-99': 47.47, '100-104': 72.0, '105-109': 53.54, '110-114': 44.0, '115-119': 44.44, '120-124': 59.0, '125-129': 75.0, '130-134': 72.0, '135-139': 40.0, '140-144': 77.78, '145-149': 27.0, '150-154': 54.55, '155-159': 70.0, '160-164': 33.0, '165-169': 54.55, '170-174': 42.0, '175-179': 23.0, '180-184': 82.65, '185-189': 32.0, '190-194': 77.0, '195-199': 60.0, '200-204': 46.46, '205-209': 47.0, '210-214': 33.0, '215-219': 22.0, '220-224': 80.0, '225-229': 70.71, '230-234': 63.0, '235-239': 60.0, 'old': 60.15, 'new': 60.0}
2026-06-16 08:19:09,450 [trainer.py] => CNN top1 curve: [100.0, 91.5, 87.67, 89.0, 81.6, 79.83, 82.14, 80.88, 80.0, 78.6, 79.55, 78.57, 78.68, 76.27, 75.78, 75.73, 74.15, 74.03, 73.81, 72.11, 72.58, 72.45, 71.08, 70.35, 69.58, 69.33, 69.5, 69.05, 69.32, 67.64, 67.28, 67.43, 66.26, 65.83, 65.21, 63.67, 63.85, 63.4, 63.52, 63.36, 62.61, 62.38, 61.74, 60.83, 60.86, 60.66, 60.47, 60.15]
2026-06-16 08:19:09,450 [trainer.py] => CNN top5 curve: [100.0, 100.0, 100.0, 100.0, 100.0, 99.33, 99.43, 99.0, 97.33, 97.3, 97.36, 97.33, 97.0, 96.0, 96.2, 96.12, 93.52, 93.99, 94.2, 92.79, 92.94, 92.94, 91.25, 91.36, 90.82, 90.79, 90.46, 90.02, 89.98, 89.88, 89.46, 88.76, 88.22, 87.65, 87.63, 86.69, 86.94, 85.94, 86.25, 86.32, 85.86, 85.49, 84.38, 83.64, 83.94, 83.94, 83.92, 83.58]
2026-06-16 08:19:09,450 [trainer.py] => Average Accuracy (CNN): 71.88
2026-06-16 08:19:09,451 [trainer.py] => All params: 172312152
2026-06-16 08:19:09,452 [trainer.py] => Trainable params: 484140
2026-06-16 08:19:09,452 [dualprompt.py] => Learning on 240-245
2026-06-16 08:31:22,805 [dualprompt.py] => Task 48, Epoch 20/20 => Loss -0.031, Train_accy 99.39, Test_accy 59.90
2026-06-16 08:32:16,879 [trainer.py] => No NME accuracy.
2026-06-16 08:32:16,879 [trainer.py] => CNN: {'total': 59.9, '00-04': 92.0, '05-09': 77.0, '10-14': 67.0, '15-19': 88.0, '20-24': 53.0, '25-29': 69.0, '30-34': 87.0, '35-39': 59.0, '40-44': 73.0, '45-49': 61.0, '50-54': 87.0, '55-59': 64.65, '60-64': 79.0, '65-69': 44.0, '70-74': 62.0, '75-79': 76.0, '80-84': 47.47, '85-89': 74.0, '90-94': 70.0, '95-99': 47.47, '100-104': 72.0, '105-109': 51.52, '110-114': 44.0, '115-119': 45.45, '120-124': 59.0, '125-129': 74.0, '130-134': 72.0, '135-139': 40.0, '140-144': 77.78, '145-149': 27.0, '150-154': 54.55, '155-159': 71.0, '160-164': 33.0, '165-169': 54.55, '170-174': 43.0, '175-179': 24.0, '180-184': 82.65, '185-189': 32.0, '190-194': 77.0, '195-199': 59.0, '200-204': 47.47, '205-209': 47.0, '210-214': 33.0, '215-219': 22.0, '220-224': 80.0, '225-229': 70.71, '230-234': 63.0, '235-239': 59.0, '240-244': 42.0, 'old': 60.28, 'new': 42.0}
2026-06-16 08:32:16,879 [trainer.py] => CNN top1 curve: [100.0, 91.5, 87.67, 89.0, 81.6, 79.83, 82.14, 80.88, 80.0, 78.6, 79.55, 78.57, 78.68, 76.27, 75.78, 75.73, 74.15, 74.03, 73.81, 72.11, 72.58, 72.45, 71.08, 70.35, 69.58, 69.33, 69.5, 69.05, 69.32, 67.64, 67.28, 67.43, 66.26, 65.83, 65.21, 63.67, 63.85, 63.4, 63.52, 63.36, 62.61, 62.38, 61.74, 60.83, 60.86, 60.66, 60.47, 60.15, 59.9]
2026-06-16 08:32:16,879 [trainer.py] => CNN top5 curve: [100.0, 100.0, 100.0, 100.0, 100.0, 99.33, 99.43, 99.0, 97.33, 97.3, 97.36, 97.33, 97.0, 96.0, 96.2, 96.12, 93.52, 93.99, 94.2, 92.79, 92.94, 92.94, 91.25, 91.36, 90.82, 90.79, 90.46, 90.02, 89.98, 89.88, 89.46, 88.76, 88.22, 87.65, 87.63, 86.69, 86.94, 85.94, 86.25, 86.32, 85.86, 85.49, 84.38, 83.64, 83.94, 83.94, 83.92, 83.58, 83.12]
2026-06-16 08:32:16,879 [trainer.py] => Average Accuracy (CNN): 71.64
2026-06-16 08:32:16,881 [trainer.py] => All params: 172312152
2026-06-16 08:32:16,882 [trainer.py] => Trainable params: 484140
2026-06-16 08:32:16,882 [dualprompt.py] => Learning on 245-250
2026-06-16 08:44:40,488 [dualprompt.py] => Task 49, Epoch 20/20 => Loss 0.014, Train_accy 97.57, Test_accy 59.30
2026-06-16 08:45:36,186 [trainer.py] => No NME accuracy.
2026-06-16 08:45:36,186 [trainer.py] => CNN: {'total': 59.3, '00-04': 91.0, '05-09': 77.0, '10-14': 66.0, '15-19': 87.0, '20-24': 53.0, '25-29': 67.0, '30-34': 87.0, '35-39': 62.0, '40-44': 73.0, '45-49': 61.0, '50-54': 87.0, '55-59': 59.6, '60-64': 78.0, '65-69': 44.0, '70-74': 62.0, '75-79': 76.0, '80-84': 47.47, '85-89': 71.0, '90-94': 71.0, '95-99': 46.46, '100-104': 72.0, '105-109': 51.52, '110-114': 44.0, '115-119': 44.44, '120-124': 59.0, '125-129': 75.0, '130-134': 72.0, '135-139': 40.0, '140-144': 76.77, '145-149': 28.0, '150-154': 53.54, '155-159': 71.0, '160-164': 32.0, '165-169': 53.54, '170-174': 45.0, '175-179': 27.0, '180-184': 79.59, '185-189': 34.0, '190-194': 77.0, '195-199': 59.0, '200-204': 46.46, '205-209': 47.0, '210-214': 33.0, '215-219': 22.0, '220-224': 80.0, '225-229': 70.71, '230-234': 62.0, '235-239': 59.0, '240-244': 42.0, '245-249': 42.0, 'old': 59.66, 'new': 42.0}
2026-06-16 08:45:36,186 [trainer.py] => CNN top1 curve: [100.0, 91.5, 87.67, 89.0, 81.6, 79.83, 82.14, 80.88, 80.0, 78.6, 79.55, 78.57, 78.68, 76.27, 75.78, 75.73, 74.15, 74.03, 73.81, 72.11, 72.58, 72.45, 71.08, 70.35, 69.58, 69.33, 69.5, 69.05, 69.32, 67.64, 67.28, 67.43, 66.26, 65.83, 65.21, 63.67, 63.85, 63.4, 63.52, 63.36, 62.61, 62.38, 61.74, 60.83, 60.86, 60.66, 60.47, 60.15, 59.9, 59.3]
2026-06-16 08:45:36,186 [trainer.py] => CNN top5 curve: [100.0, 100.0, 100.0, 100.0, 100.0, 99.33, 99.43, 99.0, 97.33, 97.3, 97.36, 97.33, 97.0, 96.0, 96.2, 96.12, 93.52, 93.99, 94.2, 92.79, 92.94, 92.94, 91.25, 91.36, 90.82, 90.79, 90.46, 90.02, 89.98, 89.88, 89.46, 88.76, 88.22, 87.65, 87.63, 86.69, 86.94, 85.94, 86.25, 86.32, 85.86, 85.49, 84.38, 83.64, 83.94, 83.94, 83.92, 83.58, 83.12, 82.78]
2026-06-16 08:45:36,186 [trainer.py] => Average Accuracy (CNN): 71.39
2026-06-16 08:45:36,188 [trainer.py] => All params: 172312152
2026-06-16 08:45:36,189 [trainer.py] => Trainable params: 484140
2026-06-16 08:45:36,189 [dualprompt.py] => Learning on 250-255
2026-06-16 08:56:47,978 [dualprompt.py] => Task 50, Epoch 20/20 => Loss -0.020, Train_accy 99.23, Test_accy 59.28
2026-06-16 08:57:44,297 [trainer.py] => No NME accuracy.
2026-06-16 08:57:44,297 [trainer.py] => CNN: {'total': 59.28, '00-04': 90.0, '05-09': 77.0, '10-14': 67.0, '15-19': 87.0, '20-24': 53.0, '25-29': 67.0, '30-34': 87.0, '35-39': 62.0, '40-44': 73.0, '45-49': 64.0, '50-54': 88.0, '55-59': 59.6, '60-64': 78.0, '65-69': 39.0, '70-74': 62.0, '75-79': 76.0, '80-84': 47.47, '85-89': 70.0, '90-94': 71.0, '95-99': 47.47, '100-104': 72.0, '105-109': 51.52, '110-114': 44.0, '115-119': 44.44, '120-124': 56.0, '125-129': 72.0, '130-134': 72.0, '135-139': 40.0, '140-144': 76.77, '145-149': 27.0, '150-154': 53.54, '155-159': 71.0, '160-164': 32.0, '165-169': 53.54, '170-174': 44.0, '175-179': 27.0, '180-184': 79.59, '185-189': 34.0, '190-194': 77.0, '195-199': 59.0, '200-204': 46.46, '205-209': 46.0, '210-214': 33.0, '215-219': 23.0, '220-224': 81.0, '225-229': 69.7, '230-234': 63.0, '235-239': 59.0, '240-244': 44.0, '245-249': 41.0, '250-254': 65.0, 'old': 59.16, 'new': 65.0}
2026-06-16 08:57:44,297 [trainer.py] => CNN top1 curve: [100.0, 91.5, 87.67, 89.0, 81.6, 79.83, 82.14, 80.88, 80.0, 78.6, 79.55, 78.57, 78.68, 76.27, 75.78, 75.73, 74.15, 74.03, 73.81, 72.11, 72.58, 72.45, 71.08, 70.35, 69.58, 69.33, 69.5, 69.05, 69.32, 67.64, 67.28, 67.43, 66.26, 65.83, 65.21, 63.67, 63.85, 63.4, 63.52, 63.36, 62.61, 62.38, 61.74, 60.83, 60.86, 60.66, 60.47, 60.15, 59.9, 59.3, 59.28]
2026-06-16 08:57:44,297 [trainer.py] => CNN top5 curve: [100.0, 100.0, 100.0, 100.0, 100.0, 99.33, 99.43, 99.0, 97.33, 97.3, 97.36, 97.33, 97.0, 96.0, 96.2, 96.12, 93.52, 93.99, 94.2, 92.79, 92.94, 92.94, 91.25, 91.36, 90.82, 90.79, 90.46, 90.02, 89.98, 89.88, 89.46, 88.76, 88.22, 87.65, 87.63, 86.69, 86.94, 85.94, 86.25, 86.32, 85.86, 85.49, 84.38, 83.64, 83.94, 83.94, 83.92, 83.58, 83.12, 82.78, 82.96]
2026-06-16 08:57:44,297 [trainer.py] => Average Accuracy (CNN): 71.15
2026-06-16 08:57:44,299 [trainer.py] => All params: 172312152
2026-06-16 08:57:44,300 [trainer.py] => Trainable params: 484140
2026-06-16 08:57:44,300 [dualprompt.py] => Learning on 255-260
2026-06-16 09:09:33,888 [dualprompt.py] => Task 51, Epoch 20/20 => Loss -0.015, Train_accy 98.82, Test_accy 59.05
2026-06-16 09:10:29,857 [trainer.py] => No NME accuracy.
2026-06-16 09:10:29,857 [trainer.py] => CNN: {'total': 59.05, '00-04': 90.0, '05-09': 76.0, '10-14': 68.0, '15-19': 87.0, '20-24': 53.0, '25-29': 65.0, '30-34': 88.0, '35-39': 64.0, '40-44': 74.0, '45-49': 67.0, '50-54': 88.0, '55-59': 60.61, '60-64': 79.0, '65-69': 38.0, '70-74': 63.0, '75-79': 75.0, '80-84': 47.47, '85-89': 69.0, '90-94': 71.0, '95-99': 47.47, '100-104': 66.0, '105-109': 50.51, '110-114': 44.0, '115-119': 43.43, '120-124': 58.0, '125-129': 74.0, '130-134': 73.0, '135-139': 41.0, '140-144': 76.77, '145-149': 29.0, '150-154': 54.55, '155-159': 66.0, '160-164': 33.0, '165-169': 53.54, '170-174': 45.0, '175-179': 26.0, '180-184': 79.59, '185-189': 34.0, '190-194': 77.0, '195-199': 59.0, '200-204': 46.46, '205-209': 48.0, '210-214': 33.0, '215-219': 22.0, '220-224': 81.0, '225-229': 68.69, '230-234': 63.0, '235-239': 57.0, '240-244': 44.0, '245-249': 40.0, '250-254': 63.0, '255-259': 50.51, 'old': 59.22, 'new': 50.51}
2026-06-16 09:10:29,858 [trainer.py] => CNN top1 curve: [100.0, 91.5, 87.67, 89.0, 81.6, 79.83, 82.14, 80.88, 80.0, 78.6, 79.55, 78.57, 78.68, 76.27, 75.78, 75.73, 74.15, 74.03, 73.81, 72.11, 72.58, 72.45, 71.08, 70.35, 69.58, 69.33, 69.5, 69.05, 69.32, 67.64, 67.28, 67.43, 66.26, 65.83, 65.21, 63.67, 63.85, 63.4, 63.52, 63.36, 62.61, 62.38, 61.74, 60.83, 60.86, 60.66, 60.47, 60.15, 59.9, 59.3, 59.28, 59.05]
2026-06-16 09:10:29,858 [trainer.py] => CNN top5 curve: [100.0, 100.0, 100.0, 100.0, 100.0, 99.33, 99.43, 99.0, 97.33, 97.3, 97.36, 97.33, 97.0, 96.0, 96.2, 96.12, 93.52, 93.99, 94.2, 92.79, 92.94, 92.94, 91.25, 91.36, 90.82, 90.79, 90.46, 90.02, 89.98, 89.88, 89.46, 88.76, 88.22, 87.65, 87.63, 86.69, 86.94, 85.94, 86.25, 86.32, 85.86, 85.49, 84.38, 83.64, 83.94, 83.94, 83.92, 83.58, 83.12, 82.78, 82.96, 83.46]
2026-06-16 09:10:29,858 [trainer.py] => Average Accuracy (CNN): 70.92
2026-06-16 09:10:29,859 [trainer.py] => All params: 172312152
2026-06-16 09:10:29,860 [trainer.py] => Trainable params: 484140
2026-06-16 09:10:29,860 [dualprompt.py] => Learning on 260-265
2026-06-16 09:23:19,918 [dualprompt.py] => Task 52, Epoch 20/20 => Loss -0.040, Train_accy 99.87, Test_accy 58.62
2026-06-16 09:24:18,440 [trainer.py] => No NME accuracy.
2026-06-16 09:24:18,441 [trainer.py] => CNN: {'total': 58.62, '00-04': 91.0, '05-09': 76.0, '10-14': 68.0, '15-19': 87.0, '20-24': 53.0, '25-29': 67.0, '30-34': 87.0, '35-39': 63.0, '40-44': 74.0, '45-49': 64.0, '50-54': 87.0, '55-59': 56.57, '60-64': 79.0, '65-69': 38.0, '70-74': 63.0, '75-79': 75.0, '80-84': 46.46, '85-89': 70.0, '90-94': 69.0, '95-99': 47.47, '100-104': 66.0, '105-109': 48.48, '110-114': 42.0, '115-119': 44.44, '120-124': 57.0, '125-129': 70.0, '130-134': 73.0, '135-139': 41.0, '140-144': 75.76, '145-149': 28.0, '150-154': 53.54, '155-159': 65.0, '160-164': 32.0, '165-169': 50.51, '170-174': 45.0, '175-179': 28.0, '180-184': 79.59, '185-189': 33.0, '190-194': 76.0, '195-199': 59.0, '200-204': 43.43, '205-209': 47.0, '210-214': 32.0, '215-219': 22.0, '220-224': 81.0, '225-229': 69.7, '230-234': 64.0, '235-239': 56.0, '240-244': 42.0, '245-249': 39.0, '250-254': 63.0, '255-259': 48.48, '260-264': 70.0, 'old': 58.4, 'new': 70.0}
2026-06-16 09:24:18,441 [trainer.py] => CNN top1 curve: [100.0, 91.5, 87.67, 89.0, 81.6, 79.83, 82.14, 80.88, 80.0, 78.6, 79.55, 78.57, 78.68, 76.27, 75.78, 75.73, 74.15, 74.03, 73.81, 72.11, 72.58, 72.45, 71.08, 70.35, 69.58, 69.33, 69.5, 69.05, 69.32, 67.64, 67.28, 67.43, 66.26, 65.83, 65.21, 63.67, 63.85, 63.4, 63.52, 63.36, 62.61, 62.38, 61.74, 60.83, 60.86, 60.66, 60.47, 60.15, 59.9, 59.3, 59.28, 59.05, 58.62]
2026-06-16 09:24:18,441 [trainer.py] => CNN top5 curve: [100.0, 100.0, 100.0, 100.0, 100.0, 99.33, 99.43, 99.0, 97.33, 97.3, 97.36, 97.33, 97.0, 96.0, 96.2, 96.12, 93.52, 93.99, 94.2, 92.79, 92.94, 92.94, 91.25, 91.36, 90.82, 90.79, 90.46, 90.02, 89.98, 89.88, 89.46, 88.76, 88.22, 87.65, 87.63, 86.69, 86.94, 85.94, 86.25, 86.32, 85.86, 85.49, 84.38, 83.64, 83.94, 83.94, 83.92, 83.58, 83.12, 82.78, 82.96, 83.46, 83.37]
2026-06-16 09:24:18,442 [trainer.py] => Average Accuracy (CNN): 70.69
2026-06-16 09:24:18,445 [trainer.py] => All params: 172312152
2026-06-16 09:24:18,449 [trainer.py] => Trainable params: 484140
2026-06-16 09:24:18,449 [dualprompt.py] => Learning on 265-270
2026-06-16 09:35:59,542 [dualprompt.py] => Task 53, Epoch 20/20 => Loss -0.038, Train_accy 99.93, Test_accy 58.90
2026-06-16 09:36:59,617 [trainer.py] => No NME accuracy.
2026-06-16 09:36:59,618 [trainer.py] => CNN: {'total': 58.9, '00-04': 93.0, '05-09': 75.0, '10-14': 68.0, '15-19': 86.0, '20-24': 53.0, '25-29': 68.0, '30-34': 88.0, '35-39': 59.0, '40-44': 74.0, '45-49': 63.0, '50-54': 87.0, '55-59': 53.54, '60-64': 79.0, '65-69': 36.0, '70-74': 63.0, '75-79': 75.0, '80-84': 46.46, '85-89': 70.0, '90-94': 68.0, '95-99': 47.47, '100-104': 66.0, '105-109': 47.47, '110-114': 42.0, '115-119': 44.44, '120-124': 55.0, '125-129': 69.0, '130-134': 73.0, '135-139': 40.0, '140-144': 78.79, '145-149': 27.0, '150-154': 52.53, '155-159': 65.0, '160-164': 31.0, '165-169': 52.53, '170-174': 43.0, '175-179': 27.0, '180-184': 80.61, '185-189': 34.0, '190-194': 76.0, '195-199': 60.0, '200-204': 42.42, '205-209': 46.0, '210-214': 32.0, '215-219': 22.0, '220-224': 80.0, '225-229': 70.71, '230-234': 61.0, '235-239': 57.0, '240-244': 42.0, '245-249': 39.0, '250-254': 66.0, '255-259': 48.48, '260-264': 73.0, '265-269': 84.0, 'old': 58.43, 'new': 84.0}
2026-06-16 09:36:59,618 [trainer.py] => CNN top1 curve: [100.0, 91.5, 87.67, 89.0, 81.6, 79.83, 82.14, 80.88, 80.0, 78.6, 79.55, 78.57, 78.68, 76.27, 75.78, 75.73, 74.15, 74.03, 73.81, 72.11, 72.58, 72.45, 71.08, 70.35, 69.58, 69.33, 69.5, 69.05, 69.32, 67.64, 67.28, 67.43, 66.26, 65.83, 65.21, 63.67, 63.85, 63.4, 63.52, 63.36, 62.61, 62.38, 61.74, 60.83, 60.86, 60.66, 60.47, 60.15, 59.9, 59.3, 59.28, 59.05, 58.62, 58.9]
2026-06-16 09:36:59,619 [trainer.py] => CNN top5 curve: [100.0, 100.0, 100.0, 100.0, 100.0, 99.33, 99.43, 99.0, 97.33, 97.3, 97.36, 97.33, 97.0, 96.0, 96.2, 96.12, 93.52, 93.99, 94.2, 92.79, 92.94, 92.94, 91.25, 91.36, 90.82, 90.79, 90.46, 90.02, 89.98, 89.88, 89.46, 88.76, 88.22, 87.65, 87.63, 86.69, 86.94, 85.94, 86.25, 86.32, 85.86, 85.49, 84.38, 83.64, 83.94, 83.94, 83.92, 83.58, 83.12, 82.78, 82.96, 83.46, 83.37, 83.46]
2026-06-16 09:36:59,619 [trainer.py] => Average Accuracy (CNN): 70.47
2026-06-16 09:36:59,621 [trainer.py] => All params: 172312152
2026-06-16 09:36:59,624 [trainer.py] => Trainable params: 484140
2026-06-16 09:36:59,624 [dualprompt.py] => Learning on 270-275
2026-06-16 09:49:04,912 [dualprompt.py] => Task 54, Epoch 20/20 => Loss -0.037, Train_accy 99.72, Test_accy 58.94
2026-06-16 09:50:05,650 [trainer.py] => No NME accuracy.
2026-06-16 09:50:05,650 [trainer.py] => CNN: {'total': 58.94, '00-04': 89.0, '05-09': 75.0, '10-14': 67.0, '15-19': 87.0, '20-24': 53.0, '25-29': 67.0, '30-34': 89.0, '35-39': 59.0, '40-44': 73.0, '45-49': 62.0, '50-54': 87.0, '55-59': 55.56, '60-64': 79.0, '65-69': 37.0, '70-74': 63.0, '75-79': 76.0, '80-84': 46.46, '85-89': 70.0, '90-94': 67.0, '95-99': 47.47, '100-104': 67.0, '105-109': 48.48, '110-114': 42.0, '115-119': 46.46, '120-124': 56.0, '125-129': 69.0, '130-134': 72.0, '135-139': 40.0, '140-144': 77.78, '145-149': 28.0, '150-154': 53.54, '155-159': 65.0, '160-164': 32.0, '165-169': 49.49, '170-174': 43.0, '175-179': 27.0, '180-184': 79.59, '185-189': 32.0, '190-194': 76.0, '195-199': 59.0, '200-204': 42.42, '205-209': 46.0, '210-214': 33.0, '215-219': 22.0, '220-224': 81.0, '225-229': 70.71, '230-234': 62.0, '235-239': 56.0, '240-244': 43.0, '245-249': 40.0, '250-254': 64.0, '255-259': 49.49, '260-264': 74.0, '265-269': 84.0, '270-274': 61.0, 'old': 58.9, 'new': 61.0}
2026-06-16 09:50:05,650 [trainer.py] => CNN top1 curve: [100.0, 91.5, 87.67, 89.0, 81.6, 79.83, 82.14, 80.88, 80.0, 78.6, 79.55, 78.57, 78.68, 76.27, 75.78, 75.73, 74.15, 74.03, 73.81, 72.11, 72.58, 72.45, 71.08, 70.35, 69.58, 69.33, 69.5, 69.05, 69.32, 67.64, 67.28, 67.43, 66.26, 65.83, 65.21, 63.67, 63.85, 63.4, 63.52, 63.36, 62.61, 62.38, 61.74, 60.83, 60.86, 60.66, 60.47, 60.15, 59.9, 59.3, 59.28, 59.05, 58.62, 58.9, 58.94]
2026-06-16 09:50:05,650 [trainer.py] => CNN top5 curve: [100.0, 100.0, 100.0, 100.0, 100.0, 99.33, 99.43, 99.0, 97.33, 97.3, 97.36, 97.33, 97.0, 96.0, 96.2, 96.12, 93.52, 93.99, 94.2, 92.79, 92.94, 92.94, 91.25, 91.36, 90.82, 90.79, 90.46, 90.02, 89.98, 89.88, 89.46, 88.76, 88.22, 87.65, 87.63, 86.69, 86.94, 85.94, 86.25, 86.32, 85.86, 85.49, 84.38, 83.64, 83.94, 83.94, 83.92, 83.58, 83.12, 82.78, 82.96, 83.46, 83.37, 83.46, 83.56]
2026-06-16 09:50:05,651 [trainer.py] => Average Accuracy (CNN): 70.26
2026-06-16 09:50:05,652 [trainer.py] => All params: 172312152
2026-06-16 09:50:05,653 [trainer.py] => Trainable params: 484140
2026-06-16 09:50:05,653 [dualprompt.py] => Learning on 275-280
2026-06-16 10:01:16,197 [dualprompt.py] => Task 55, Epoch 20/20 => Loss -0.040, Train_accy 99.71, Test_accy 58.58
2026-06-16 10:02:17,922 [trainer.py] => No NME accuracy.
2026-06-16 10:02:17,922 [trainer.py] => CNN: {'total': 58.58, '00-04': 90.0, '05-09': 75.0, '10-14': 67.0, '15-19': 87.0, '20-24': 53.0, '25-29': 67.0, '30-34': 87.0, '35-39': 58.0, '40-44': 73.0, '45-49': 62.0, '50-54': 87.0, '55-59': 54.55, '60-64': 78.0, '65-69': 34.0, '70-74': 63.0, '75-79': 76.0, '80-84': 46.46, '85-89': 70.0, '90-94': 68.0, '95-99': 46.46, '100-104': 66.0, '105-109': 46.46, '110-114': 42.0, '115-119': 46.46, '120-124': 55.0, '125-129': 68.0, '130-134': 72.0, '135-139': 40.0, '140-144': 78.79, '145-149': 26.0, '150-154': 53.54, '155-159': 65.0, '160-164': 32.0, '165-169': 49.49, '170-174': 42.0, '175-179': 25.0, '180-184': 80.61, '185-189': 33.0, '190-194': 75.0, '195-199': 59.0, '200-204': 42.42, '205-209': 45.0, '210-214': 31.0, '215-219': 22.0, '220-224': 80.0, '225-229': 70.71, '230-234': 61.0, '235-239': 56.0, '240-244': 42.0, '245-249': 40.0, '250-254': 65.0, '255-259': 49.49, '260-264': 72.0, '265-269': 84.0, '270-274': 62.0, '275-279': 59.6, 'old': 58.56, 'new': 59.6}
2026-06-16 10:02:17,923 [trainer.py] => CNN top1 curve: [100.0, 91.5, 87.67, 89.0, 81.6, 79.83, 82.14, 80.88, 80.0, 78.6, 79.55, 78.57, 78.68, 76.27, 75.78, 75.73, 74.15, 74.03, 73.81, 72.11, 72.58, 72.45, 71.08, 70.35, 69.58, 69.33, 69.5, 69.05, 69.32, 67.64, 67.28, 67.43, 66.26, 65.83, 65.21, 63.67, 63.85, 63.4, 63.52, 63.36, 62.61, 62.38, 61.74, 60.83, 60.86, 60.66, 60.47, 60.15, 59.9, 59.3, 59.28, 59.05, 58.62, 58.9, 58.94, 58.58]
2026-06-16 10:02:17,923 [trainer.py] => CNN top5 curve: [100.0, 100.0, 100.0, 100.0, 100.0, 99.33, 99.43, 99.0, 97.33, 97.3, 97.36, 97.33, 97.0, 96.0, 96.2, 96.12, 93.52, 93.99, 94.2, 92.79, 92.94, 92.94, 91.25, 91.36, 90.82, 90.79, 90.46, 90.02, 89.98, 89.88, 89.46, 88.76, 88.22, 87.65, 87.63, 86.69, 86.94, 85.94, 86.25, 86.32, 85.86, 85.49, 84.38, 83.64, 83.94, 83.94, 83.92, 83.58, 83.12, 82.78, 82.96, 83.46, 83.37, 83.46, 83.56, 83.33]
2026-06-16 10:02:17,923 [trainer.py] => Average Accuracy (CNN): 70.05
2026-06-16 10:02:17,924 [trainer.py] => All params: 172312152
2026-06-16 10:02:17,925 [trainer.py] => Trainable params: 484140
2026-06-16 10:02:17,925 [dualprompt.py] => Learning on 280-285
2026-06-16 10:14:23,976 [dualprompt.py] => Task 56, Epoch 20/20 => Loss -0.043, Train_accy 99.85, Test_accy 58.71
2026-06-16 10:15:26,518 [trainer.py] => No NME accuracy.
2026-06-16 10:15:26,519 [trainer.py] => CNN: {'total': 58.71, '00-04': 90.0, '05-09': 75.0, '10-14': 66.0, '15-19': 86.0, '20-24': 53.0, '25-29': 67.0, '30-34': 87.0, '35-39': 58.0, '40-44': 72.0, '45-49': 62.0, '50-54': 87.0, '55-59': 55.56, '60-64': 78.0, '65-69': 36.0, '70-74': 63.0, '75-79': 76.0, '80-84': 46.46, '85-89': 70.0, '90-94': 61.0, '95-99': 46.46, '100-104': 67.0, '105-109': 47.47, '110-114': 42.0, '115-119': 45.45, '120-124': 56.0, '125-129': 69.0, '130-134': 72.0, '135-139': 40.0, '140-144': 78.79, '145-149': 28.0, '150-154': 53.54, '155-159': 65.0, '160-164': 32.0, '165-169': 49.49, '170-174': 42.0, '175-179': 26.0, '180-184': 79.59, '185-189': 34.0, '190-194': 75.0, '195-199': 59.0, '200-204': 42.42, '205-209': 44.0, '210-214': 32.0, '215-219': 16.0, '220-224': 80.0, '225-229': 70.71, '230-234': 60.0, '235-239': 56.0, '240-244': 43.0, '245-249': 40.0, '250-254': 65.0, '255-259': 49.49, '260-264': 73.0, '265-269': 84.0, '270-274': 61.0, '275-279': 59.6, '280-284': 73.0, 'old': 58.45, 'new': 73.0}
2026-06-16 10:15:26,520 [trainer.py] => CNN top1 curve: [100.0, 91.5, 87.67, 89.0, 81.6, 79.83, 82.14, 80.88, 80.0, 78.6, 79.55, 78.57, 78.68, 76.27, 75.78, 75.73, 74.15, 74.03, 73.81, 72.11, 72.58, 72.45, 71.08, 70.35, 69.58, 69.33, 69.5, 69.05, 69.32, 67.64, 67.28, 67.43, 66.26, 65.83, 65.21, 63.67, 63.85, 63.4, 63.52, 63.36, 62.61, 62.38, 61.74, 60.83, 60.86, 60.66, 60.47, 60.15, 59.9, 59.3, 59.28, 59.05, 58.62, 58.9, 58.94, 58.58, 58.71]
2026-06-16 10:15:26,520 [trainer.py] => CNN top5 curve: [100.0, 100.0, 100.0, 100.0, 100.0, 99.33, 99.43, 99.0, 97.33, 97.3, 97.36, 97.33, 97.0, 96.0, 96.2, 96.12, 93.52, 93.99, 94.2, 92.79, 92.94, 92.94, 91.25, 91.36, 90.82, 90.79, 90.46, 90.02, 89.98, 89.88, 89.46, 88.76, 88.22, 87.65, 87.63, 86.69, 86.94, 85.94, 86.25, 86.32, 85.86, 85.49, 84.38, 83.64, 83.94, 83.94, 83.92, 83.58, 83.12, 82.78, 82.96, 83.46, 83.37, 83.46, 83.56, 83.33, 83.45]
2026-06-16 10:15:26,520 [trainer.py] => Average Accuracy (CNN): 69.85
2026-06-16 10:15:26,524 [trainer.py] => All params: 172312152
2026-06-16 10:15:26,527 [trainer.py] => Trainable params: 484140
2026-06-16 10:15:26,528 [dualprompt.py] => Learning on 285-290
2026-06-16 10:27:20,634 [dualprompt.py] => Task 57, Epoch 20/20 => Loss -0.022, Train_accy 98.94, Test_accy 58.40
2026-06-16 10:28:25,614 [trainer.py] => No NME accuracy.
2026-06-16 10:28:25,638 [trainer.py] => CNN: {'total': 58.4, '00-04': 90.0, '05-09': 75.0, '10-14': 67.0, '15-19': 85.0, '20-24': 53.0, '25-29': 67.0, '30-34': 88.0, '35-39': 57.0, '40-44': 72.0, '45-49': 62.0, '50-54': 87.0, '55-59': 52.53, '60-64': 77.0, '65-69': 35.0, '70-74': 64.0, '75-79': 76.0, '80-84': 46.46, '85-89': 72.0, '90-94': 58.0, '95-99': 47.47, '100-104': 66.0, '105-109': 47.47, '110-114': 42.0, '115-119': 46.46, '120-124': 55.0, '125-129': 67.0, '130-134': 72.0, '135-139': 40.0, '140-144': 77.78, '145-149': 27.0, '150-154': 54.55, '155-159': 65.0, '160-164': 32.0, '165-169': 49.49, '170-174': 41.0, '175-179': 26.0, '180-184': 78.57, '185-189': 33.0, '190-194': 75.0, '195-199': 59.0, '200-204': 42.42, '205-209': 45.0, '210-214': 31.0, '215-219': 16.0, '220-224': 80.0, '225-229': 70.71, '230-234': 61.0, '235-239': 56.0, '240-244': 42.0, '245-249': 40.0, '250-254': 66.0, '255-259': 48.48, '260-264': 76.0, '265-269': 84.0, '270-274': 60.0, '275-279': 59.6, '280-284': 70.0, '285-289': 53.0, 'old': 58.49, 'new': 53.0}
2026-06-16 10:28:25,638 [trainer.py] => CNN top1 curve: [100.0, 91.5, 87.67, 89.0, 81.6, 79.83, 82.14, 80.88, 80.0, 78.6, 79.55, 78.57, 78.68, 76.27, 75.78, 75.73, 74.15, 74.03, 73.81, 72.11, 72.58, 72.45, 71.08, 70.35, 69.58, 69.33, 69.5, 69.05, 69.32, 67.64, 67.28, 67.43, 66.26, 65.83, 65.21, 63.67, 63.85, 63.4, 63.52, 63.36, 62.61, 62.38, 61.74, 60.83, 60.86, 60.66, 60.47, 60.15, 59.9, 59.3, 59.28, 59.05, 58.62, 58.9, 58.94, 58.58, 58.71, 58.4]
2026-06-16 10:28:25,638 [trainer.py] => CNN top5 curve: [100.0, 100.0, 100.0, 100.0, 100.0, 99.33, 99.43, 99.0, 97.33, 97.3, 97.36, 97.33, 97.0, 96.0, 96.2, 96.12, 93.52, 93.99, 94.2, 92.79, 92.94, 92.94, 91.25, 91.36, 90.82, 90.79, 90.46, 90.02, 89.98, 89.88, 89.46, 88.76, 88.22, 87.65, 87.63, 86.69, 86.94, 85.94, 86.25, 86.32, 85.86, 85.49, 84.38, 83.64, 83.94, 83.94, 83.92, 83.58, 83.12, 82.78, 82.96, 83.46, 83.37, 83.46, 83.56, 83.33, 83.45, 83.63]
2026-06-16 10:28:25,638 [trainer.py] => Average Accuracy (CNN): 69.65
2026-06-16 10:28:25,640 [trainer.py] => All params: 172312152
2026-06-16 10:28:25,641 [trainer.py] => Trainable params: 484140
2026-06-16 10:28:25,641 [dualprompt.py] => Learning on 290-295
2026-06-16 10:40:50,475 [dualprompt.py] => Task 58, Epoch 20/20 => Loss -0.018, Train_accy 98.61, Test_accy 58.60
2026-06-16 10:41:28,995 [trainer.py] => No NME accuracy.
2026-06-16 10:41:28,996 [trainer.py] => CNN: {'total': 58.6, '00-04': 90.0, '05-09': 75.0, '10-14': 66.0, '15-19': 85.0, '20-24': 53.0, '25-29': 67.0, '30-34': 89.0, '35-39': 57.0, '40-44': 72.0, '45-49': 63.0, '50-54': 87.0, '55-59': 54.55, '60-64': 78.0, '65-69': 36.0, '70-74': 64.0, '75-79': 76.0, '80-84': 46.46, '85-89': 71.0, '90-94': 57.0, '95-99': 47.47, '100-104': 66.0, '105-109': 49.49, '110-114': 42.0, '115-119': 46.46, '120-124': 55.0, '125-129': 68.0, '130-134': 72.0, '135-139': 40.0, '140-144': 77.78, '145-149': 27.0, '150-154': 53.54, '155-159': 65.0, '160-164': 31.0, '165-169': 49.49, '170-174': 43.0, '175-179': 26.0, '180-184': 79.59, '185-189': 33.0, '190-194': 76.0, '195-199': 59.0, '200-204': 43.43, '205-209': 45.0, '210-214': 31.0, '215-219': 16.0, '220-224': 81.0, '225-229': 70.71, '230-234': 61.0, '235-239': 56.0, '240-244': 42.0, '245-249': 41.0, '250-254': 66.0, '255-259': 49.49, '260-264': 67.0, '265-269': 84.0, '270-274': 60.0, '275-279': 58.59, '280-284': 70.0, '285-289': 56.0, '290-294': 65.0, 'old': 58.49, 'new': 65.0}
2026-06-16 10:41:28,996 [trainer.py] => CNN top1 curve: [100.0, 91.5, 87.67, 89.0, 81.6, 79.83, 82.14, 80.88, 80.0, 78.6, 79.55, 78.57, 78.68, 76.27, 75.78, 75.73, 74.15, 74.03, 73.81, 72.11, 72.58, 72.45, 71.08, 70.35, 69.58, 69.33, 69.5, 69.05, 69.32, 67.64, 67.28, 67.43, 66.26, 65.83, 65.21, 63.67, 63.85, 63.4, 63.52, 63.36, 62.61, 62.38, 61.74, 60.83, 60.86, 60.66, 60.47, 60.15, 59.9, 59.3, 59.28, 59.05, 58.62, 58.9, 58.94, 58.58, 58.71, 58.4, 58.6]
2026-06-16 10:41:28,996 [trainer.py] => CNN top5 curve: [100.0, 100.0, 100.0, 100.0, 100.0, 99.33, 99.43, 99.0, 97.33, 97.3, 97.36, 97.33, 97.0, 96.0, 96.2, 96.12, 93.52, 93.99, 94.2, 92.79, 92.94, 92.94, 91.25, 91.36, 90.82, 90.79, 90.46, 90.02, 89.98, 89.88, 89.46, 88.76, 88.22, 87.65, 87.63, 86.69, 86.94, 85.94, 86.25, 86.32, 85.86, 85.49, 84.38, 83.64, 83.94, 83.94, 83.92, 83.58, 83.12, 82.78, 82.96, 83.46, 83.37, 83.46, 83.56, 83.33, 83.45, 83.63, 83.88]
2026-06-16 10:41:28,996 [trainer.py] => Average Accuracy (CNN): 69.47
2026-06-16 10:41:28,997 [trainer.py] => All params: 172312152
2026-06-16 10:41:28,998 [trainer.py] => Trainable params: 484140
2026-06-16 10:41:28,998 [dualprompt.py] => Learning on 295-300
2026-06-16 10:54:50,550 [dualprompt.py] => Task 59, Epoch 20/20 => Loss -0.018, Train_accy 98.68, Test_accy 58.81
2026-06-16 10:55:55,871 [trainer.py] => No NME accuracy.
2026-06-16 10:55:55,871 [trainer.py] => CNN: {'total': 58.81, '00-04': 90.0, '05-09': 76.0, '10-14': 65.0, '15-19': 86.0, '20-24': 53.0, '25-29': 66.0, '30-34': 88.0, '35-39': 59.0, '40-44': 72.0, '45-49': 64.0, '50-54': 87.0, '55-59': 56.57, '60-64': 78.0, '65-69': 37.0, '70-74': 64.0, '75-79': 77.0, '80-84': 46.46, '85-89': 71.0, '90-94': 56.0, '95-99': 48.48, '100-104': 66.0, '105-109': 49.49, '110-114': 42.0, '115-119': 46.46, '120-124': 56.0, '125-129': 70.0, '130-134': 72.0, '135-139': 40.0, '140-144': 77.78, '145-149': 28.0, '150-154': 53.54, '155-159': 65.0, '160-164': 32.0, '165-169': 49.49, '170-174': 43.0, '175-179': 25.0, '180-184': 81.63, '185-189': 32.0, '190-194': 76.0, '195-199': 60.0, '200-204': 43.43, '205-209': 42.0, '210-214': 34.0, '215-219': 15.0, '220-224': 81.0, '225-229': 68.69, '230-234': 62.0, '235-239': 56.0, '240-244': 43.0, '245-249': 42.0, '250-254': 64.0, '255-259': 48.48, '260-264': 64.0, '265-269': 84.0, '270-274': 60.0, '275-279': 59.6, '280-284': 70.0, '285-289': 57.0, '290-294': 65.0, '295-299': 63.64, 'old': 58.73, 'new': 63.64}
2026-06-16 10:55:55,871 [trainer.py] => CNN top1 curve: [100.0, 91.5, 87.67, 89.0, 81.6, 79.83, 82.14, 80.88, 80.0, 78.6, 79.55, 78.57, 78.68, 76.27, 75.78, 75.73, 74.15, 74.03, 73.81, 72.11, 72.58, 72.45, 71.08, 70.35, 69.58, 69.33, 69.5, 69.05, 69.32, 67.64, 67.28, 67.43, 66.26, 65.83, 65.21, 63.67, 63.85, 63.4, 63.52, 63.36, 62.61, 62.38, 61.74, 60.83, 60.86, 60.66, 60.47, 60.15, 59.9, 59.3, 59.28, 59.05, 58.62, 58.9, 58.94, 58.58, 58.71, 58.4, 58.6, 58.81]
2026-06-16 10:55:55,871 [trainer.py] => CNN top5 curve: [100.0, 100.0, 100.0, 100.0, 100.0, 99.33, 99.43, 99.0, 97.33, 97.3, 97.36, 97.33, 97.0, 96.0, 96.2, 96.12, 93.52, 93.99, 94.2, 92.79, 92.94, 92.94, 91.25, 91.36, 90.82, 90.79, 90.46, 90.02, 89.98, 89.88, 89.46, 88.76, 88.22, 87.65, 87.63, 86.69, 86.94, 85.94, 86.25, 86.32, 85.86, 85.49, 84.38, 83.64, 83.94, 83.94, 83.92, 83.58, 83.12, 82.78, 82.96, 83.46, 83.37, 83.46, 83.56, 83.33, 83.45, 83.63, 83.88, 83.89]
2026-06-16 10:55:55,871 [trainer.py] => Average Accuracy (CNN): 69.29
