2026-06-18 07:47:03,211 [trainer.py] => config: ./configs/dualprompt/dualprompt_omn_B0_Inc20.json
2026-06-18 07:47:03,211 [trainer.py] => prefix:  
2026-06-18 07:47:03,211 [trainer.py] => dataset: omnibenchmark
2026-06-18 07:47:03,211 [trainer.py] => memory_size: 0
2026-06-18 07:47:03,211 [trainer.py] => memory_per_class: 0
2026-06-18 07:47:03,212 [trainer.py] => fixed_memory: False
2026-06-18 07:47:03,212 [trainer.py] => shuffle: True
2026-06-18 07:47:03,212 [trainer.py] => init_cls: 20
2026-06-18 07:47:03,212 [trainer.py] => increment: 20
2026-06-18 07:47:03,212 [trainer.py] => model_name: dualprompt
2026-06-18 07:47:03,212 [trainer.py] => backbone_type: vit_base_patch16_224_in21k_dualprompt
2026-06-18 07:47:03,212 [trainer.py] => get_original_backbone: True
2026-06-18 07:47:03,212 [trainer.py] => device: [device(type='cuda', index=2)]
2026-06-18 07:47:03,212 [trainer.py] => seed: 42
2026-06-18 07:47:03,212 [trainer.py] => tuned_epoch: 20
2026-06-18 07:47:03,212 [trainer.py] => init_lr: 0.001
2026-06-18 07:47:03,212 [trainer.py] => batch_size: 48
2026-06-18 07:47:03,212 [trainer.py] => weight_decay: 0
2026-06-18 07:47:03,212 [trainer.py] => min_lr: 1e-05
2026-06-18 07:47:03,212 [trainer.py] => optimizer: adam
2026-06-18 07:47:03,212 [trainer.py] => scheduler: constant
2026-06-18 07:47:03,212 [trainer.py] => reinit_optimizer: True
2026-06-18 07:47:03,212 [trainer.py] => global_pool: token
2026-06-18 07:47:03,212 [trainer.py] => head_type: token
2026-06-18 07:47:03,212 [trainer.py] => freeze: ['blocks', 'patch_embed', 'cls_token', 'norm', 'pos_embed']
2026-06-18 07:47:03,212 [trainer.py] => pretrained: True
2026-06-18 07:47:03,212 [trainer.py] => drop: 0.0
2026-06-18 07:47:03,212 [trainer.py] => drop_path: 0.0
2026-06-18 07:47:03,212 [trainer.py] => use_g_prompt: True
2026-06-18 07:47:03,212 [trainer.py] => g_prompt_length: 5
2026-06-18 07:47:03,212 [trainer.py] => g_prompt_layer_idx: [0, 1]
2026-06-18 07:47:03,212 [trainer.py] => use_prefix_tune_for_g_prompt: True
2026-06-18 07:47:03,212 [trainer.py] => use_e_prompt: True
2026-06-18 07:47:03,212 [trainer.py] => e_prompt_layer_idx: [2, 3, 4]
2026-06-18 07:47:03,212 [trainer.py] => use_prefix_tune_for_e_prompt: True
2026-06-18 07:47:03,213 [trainer.py] => prompt_pool: True
2026-06-18 07:47:03,213 [trainer.py] => size: 10
2026-06-18 07:47:03,213 [trainer.py] => length: 5
2026-06-18 07:47:03,213 [trainer.py] => top_k: 1
2026-06-18 07:47:03,213 [trainer.py] => initializer: uniform
2026-06-18 07:47:03,213 [trainer.py] => prompt_key: True
2026-06-18 07:47:03,213 [trainer.py] => prompt_key_init: uniform
2026-06-18 07:47:03,213 [trainer.py] => use_prompt_mask: True
2026-06-18 07:47:03,213 [trainer.py] => shared_prompt_pool: True
2026-06-18 07:47:03,213 [trainer.py] => shared_prompt_key: False
2026-06-18 07:47:03,213 [trainer.py] => batchwise_prompt: True
2026-06-18 07:47:03,213 [trainer.py] => embedding_key: cls
2026-06-18 07:47:03,213 [trainer.py] => predefined_key: 
2026-06-18 07:47:03,213 [trainer.py] => pull_constraint: True
2026-06-18 07:47:03,213 [trainer.py] => pull_constraint_coeff: 0.1
2026-06-18 07:47:03,213 [trainer.py] => same_key_value: False
2026-06-18 07:47:04,421 [data_manager.py] => [203, 266, 152, 9, 233, 226, 196, 109, 5, 175, 237, 57, 218, 45, 182, 221, 289, 211, 148, 165, 78, 113, 249, 250, 104, 42, 281, 295, 157, 238, 17, 164, 33, 24, 215, 119, 7, 90, 46, 73, 93, 76, 286, 60, 77, 63, 234, 229, 111, 231, 180, 144, 239, 75, 297, 278, 97, 92, 192, 25, 232, 59, 6, 185, 173, 30, 22, 256, 56, 186, 108, 126, 230, 193, 129, 282, 82, 84, 66, 288, 163, 154, 19, 124, 79, 114, 118, 72, 15, 10, 194, 101, 68, 224, 37, 16, 179, 147, 274, 67, 228, 69, 31, 183, 265, 225, 140, 18, 181, 96, 132, 262, 86, 248, 245, 116, 146, 292, 197, 206, 55, 172, 184, 167, 139, 253, 38, 125, 195, 283, 137, 112, 168, 117, 277, 271, 155, 176, 178, 2, 115, 143, 177, 120, 210, 260, 127, 74, 29, 83, 269, 107, 223, 158, 280, 246, 222, 65, 198, 85, 213, 159, 12, 35, 28, 142, 284, 254, 170, 51, 95, 208, 247, 41, 89, 244, 136, 26, 293, 141, 200, 0, 268, 272, 100, 259, 255, 171, 98, 36, 61, 150, 236, 202, 242, 11, 296, 267, 27, 219, 4, 122, 32, 204, 162, 209, 285, 138, 62, 135, 128, 290, 8, 70, 264, 64, 44, 279, 156, 40, 123, 275, 216, 153, 23, 261, 110, 81, 207, 212, 39, 240, 291, 258, 199, 14, 47, 94, 263, 227, 273, 201, 161, 43, 217, 145, 190, 220, 251, 3, 105, 53, 133, 1, 131, 103, 49, 80, 205, 34, 91, 52, 241, 13, 88, 166, 294, 134, 287, 243, 54, 50, 174, 189, 298, 187, 169, 58, 48, 235, 252, 21, 160, 276, 191, 257, 149, 130, 151, 99, 87, 214, 121, 299, 20, 188, 71, 106, 270, 102]
2026-06-18 07:47:25,367 [dualprompt.py] => 86,282,796 model total parameters.
2026-06-18 07:47:25,367 [dualprompt.py] => 484,140 model training parameters.
2026-06-18 07:47:25,368 [dualprompt.py] => g_prompt: 15360
2026-06-18 07:47:25,368 [dualprompt.py] => e_prompt.prompt: 230400
2026-06-18 07:47:25,368 [dualprompt.py] => e_prompt.prompt_key: 7680
2026-06-18 07:47:25,368 [dualprompt.py] => head.weight: 230400
2026-06-18 07:47:25,368 [dualprompt.py] => head.bias: 300
2026-06-18 07:47:25,369 [trainer.py] => All params: 172312152
2026-06-18 07:47:25,370 [trainer.py] => Trainable params: 484140
2026-06-18 07:47:25,370 [dualprompt.py] => Learning on 0-20
2026-06-18 08:38:29,159 [dualprompt.py] => Task 0, Epoch 20/20 => Loss 0.038, Train_accy 97.34, Test_accy 98.75
2026-06-18 08:38:36,979 [trainer.py] => No NME accuracy.
2026-06-18 08:38:36,979 [trainer.py] => CNN: {'total': 98.75, '00-19': 98.75, 'old': 0, 'new': 98.75}
2026-06-18 08:38:36,979 [trainer.py] => CNN top1 curve: [98.75]
2026-06-18 08:38:36,979 [trainer.py] => CNN top5 curve: [100.0]
2026-06-18 08:38:36,979 [trainer.py] => Average Accuracy (CNN): 98.75
2026-06-18 08:38:36,980 [trainer.py] => All params: 172312152
2026-06-18 08:38:36,981 [trainer.py] => Trainable params: 484140
2026-06-18 08:38:36,981 [dualprompt.py] => Learning on 20-40
2026-06-18 09:29:57,981 [dualprompt.py] => Task 1, Epoch 20/20 => Loss 0.074, Train_accy 96.02, Test_accy 86.20
2026-06-18 09:30:12,448 [trainer.py] => No NME accuracy.
2026-06-18 09:30:12,449 [trainer.py] => CNN: {'total': 86.2, '00-19': 90.73, '20-39': 81.66, 'old': 90.73, 'new': 81.66}
2026-06-18 09:30:12,449 [trainer.py] => CNN top1 curve: [98.75, 86.2]
2026-06-18 09:30:12,449 [trainer.py] => CNN top5 curve: [100.0, 99.87]
2026-06-18 09:30:12,449 [trainer.py] => Average Accuracy (CNN): 92.48
2026-06-18 09:30:12,450 [trainer.py] => All params: 172312152
2026-06-18 09:30:12,451 [trainer.py] => Trainable params: 484140
2026-06-18 09:30:12,451 [dualprompt.py] => Learning on 40-60
2026-06-18 10:21:41,318 [dualprompt.py] => Task 2, Epoch 20/20 => Loss 0.118, Train_accy 94.35, Test_accy 82.27
2026-06-18 10:22:01,436 [trainer.py] => No NME accuracy.
2026-06-18 10:22:01,437 [trainer.py] => CNN: {'total': 82.27, '00-19': 89.72, '20-39': 81.91, '40-59': 75.19, 'old': 85.82, 'new': 75.19}
2026-06-18 10:22:01,437 [trainer.py] => CNN top1 curve: [98.75, 86.2, 82.27]
2026-06-18 10:22:01,437 [trainer.py] => CNN top5 curve: [100.0, 99.87, 98.33]
2026-06-18 10:22:01,437 [trainer.py] => Average Accuracy (CNN): 89.07
2026-06-18 10:22:01,439 [trainer.py] => All params: 172312152
2026-06-18 10:22:01,439 [trainer.py] => Trainable params: 484140
2026-06-18 10:22:01,439 [dualprompt.py] => Learning on 60-80
2026-06-18 11:11:38,343 [dualprompt.py] => Task 3, Epoch 20/20 => Loss 0.057, Train_accy 96.58, Test_accy 82.33
2026-06-18 11:12:05,642 [trainer.py] => No NME accuracy.
2026-06-18 11:12:05,642 [trainer.py] => CNN: {'total': 82.33, '00-19': 89.72, '20-39': 80.9, '40-59': 74.94, '60-79': 83.75, 'old': 81.86, 'new': 83.75}
2026-06-18 11:12:05,642 [trainer.py] => CNN top1 curve: [98.75, 86.2, 82.27, 82.33]
2026-06-18 11:12:05,642 [trainer.py] => CNN top5 curve: [100.0, 99.87, 98.33, 97.56]
2026-06-18 11:12:05,642 [trainer.py] => Average Accuracy (CNN): 87.39
2026-06-18 11:12:05,644 [trainer.py] => All params: 172312152
2026-06-18 11:12:05,644 [trainer.py] => Trainable params: 484140
2026-06-18 11:12:05,644 [dualprompt.py] => Learning on 80-100
2026-06-18 12:06:18,066 [dualprompt.py] => Task 4, Epoch 20/20 => Loss 0.070, Train_accy 95.74, Test_accy 78.61
2026-06-18 12:06:52,083 [trainer.py] => No NME accuracy.
2026-06-18 12:06:52,083 [trainer.py] => CNN: {'total': 78.61, '00-19': 88.72, '20-39': 79.65, '40-59': 73.68, '60-79': 81.5, '80-99': 69.5, 'old': 80.89, 'new': 69.5}
2026-06-18 12:06:52,084 [trainer.py] => CNN top1 curve: [98.75, 86.2, 82.27, 82.33, 78.61]
2026-06-18 12:06:52,084 [trainer.py] => CNN top5 curve: [100.0, 99.87, 98.33, 97.56, 96.24]
2026-06-18 12:06:52,084 [trainer.py] => Average Accuracy (CNN): 85.63
2026-06-18 12:06:52,088 [trainer.py] => All params: 172312152
2026-06-18 12:06:52,091 [trainer.py] => Trainable params: 484140
2026-06-18 12:06:52,091 [dualprompt.py] => Learning on 100-120
2026-06-18 12:59:45,468 [dualprompt.py] => Task 5, Epoch 20/20 => Loss 0.030, Train_accy 97.49, Test_accy 77.10
2026-06-18 13:00:24,782 [trainer.py] => No NME accuracy.
2026-06-18 13:00:24,782 [trainer.py] => CNN: {'total': 77.1, '00-19': 85.21, '20-39': 78.89, '40-59': 70.18, '60-79': 80.5, '80-99': 69.25, '100-119': 78.59, 'old': 76.8, 'new': 78.59}
2026-06-18 13:00:24,783 [trainer.py] => CNN top1 curve: [98.75, 86.2, 82.27, 82.33, 78.61, 77.1]
2026-06-18 13:00:24,783 [trainer.py] => CNN top5 curve: [100.0, 99.87, 98.33, 97.56, 96.24, 95.82]
2026-06-18 13:00:24,783 [trainer.py] => Average Accuracy (CNN): 84.21
2026-06-18 13:00:24,784 [trainer.py] => All params: 172312152
2026-06-18 13:00:24,785 [trainer.py] => Trainable params: 484140
2026-06-18 13:00:24,785 [dualprompt.py] => Learning on 120-140
2026-06-18 13:51:07,572 [dualprompt.py] => Task 6, Epoch 20/20 => Loss 0.016, Train_accy 98.22, Test_accy 77.06
2026-06-18 13:51:55,946 [trainer.py] => No NME accuracy.
2026-06-18 13:51:55,946 [trainer.py] => CNN: {'total': 77.06, '00-19': 85.21, '20-39': 75.63, '40-59': 68.67, '60-79': 80.75, '80-99': 69.0, '100-119': 79.35, '120-139': 80.86, 'old': 76.43, 'new': 80.86}
2026-06-18 13:51:55,947 [trainer.py] => CNN top1 curve: [98.75, 86.2, 82.27, 82.33, 78.61, 77.1, 77.06]
2026-06-18 13:51:55,947 [trainer.py] => CNN top5 curve: [100.0, 99.87, 98.33, 97.56, 96.24, 95.82, 95.95]
2026-06-18 13:51:55,947 [trainer.py] => Average Accuracy (CNN): 83.19
2026-06-18 13:51:55,948 [trainer.py] => All params: 172312152
2026-06-18 13:51:55,949 [trainer.py] => Trainable params: 484140
2026-06-18 13:51:55,949 [dualprompt.py] => Learning on 140-160
2026-06-18 14:43:35,132 [dualprompt.py] => Task 7, Epoch 20/20 => Loss 0.085, Train_accy 95.32, Test_accy 75.55
2026-06-18 14:44:27,946 [trainer.py] => No NME accuracy.
2026-06-18 14:44:27,947 [trainer.py] => CNN: {'total': 75.55, '00-19': 82.96, '20-39': 76.13, '40-59': 67.92, '60-79': 79.25, '80-99': 66.0, '100-119': 77.58, '120-139': 81.11, '140-159': 73.5, 'old': 75.84, 'new': 73.5}
2026-06-18 14:44:27,947 [trainer.py] => CNN top1 curve: [98.75, 86.2, 82.27, 82.33, 78.61, 77.1, 77.06, 75.55]
2026-06-18 14:44:27,947 [trainer.py] => CNN top5 curve: [100.0, 99.87, 98.33, 97.56, 96.24, 95.82, 95.95, 95.11]
2026-06-18 14:44:27,948 [trainer.py] => Average Accuracy (CNN): 82.23
2026-06-18 14:44:27,951 [trainer.py] => All params: 172312152
2026-06-18 14:44:27,954 [trainer.py] => Trainable params: 484140
2026-06-18 14:44:27,954 [dualprompt.py] => Learning on 160-180
2026-06-18 15:37:06,244 [dualprompt.py] => Task 8, Epoch 20/20 => Loss 0.055, Train_accy 96.31, Test_accy 74.12
2026-06-18 15:38:08,096 [trainer.py] => No NME accuracy.
2026-06-18 15:38:08,096 [trainer.py] => CNN: {'total': 74.12, '00-19': 82.96, '20-39': 76.63, '40-59': 67.67, '60-79': 77.75, '80-99': 64.75, '100-119': 77.33, '120-139': 76.32, '140-159': 74.25, '160-179': 69.42, 'old': 74.7, 'new': 69.42}
2026-06-18 15:38:08,096 [trainer.py] => CNN top1 curve: [98.75, 86.2, 82.27, 82.33, 78.61, 77.1, 77.06, 75.55, 74.12]
2026-06-18 15:38:08,096 [trainer.py] => CNN top5 curve: [100.0, 99.87, 98.33, 97.56, 96.24, 95.82, 95.95, 95.11, 94.2]
2026-06-18 15:38:08,096 [trainer.py] => Average Accuracy (CNN): 81.33
2026-06-18 15:38:08,097 [trainer.py] => All params: 172312152
2026-06-18 15:38:08,099 [trainer.py] => Trainable params: 484140
2026-06-18 15:38:08,099 [dualprompt.py] => Learning on 180-200
2026-06-18 16:34:06,391 [dualprompt.py] => Task 9, Epoch 20/20 => Loss 0.044, Train_accy 97.09, Test_accy 72.26
2026-06-18 16:35:15,017 [trainer.py] => No NME accuracy.
2026-06-18 16:35:15,017 [trainer.py] => CNN: {'total': 72.26, '00-19': 81.2, '20-39': 77.14, '40-59': 66.92, '60-79': 75.75, '80-99': 63.5, '100-119': 75.82, '120-139': 73.3, '140-159': 72.0, '160-179': 67.67, '180-199': 69.35, 'old': 72.58, 'new': 69.35}
2026-06-18 16:35:15,017 [trainer.py] => CNN top1 curve: [98.75, 86.2, 82.27, 82.33, 78.61, 77.1, 77.06, 75.55, 74.12, 72.26]
2026-06-18 16:35:15,017 [trainer.py] => CNN top5 curve: [100.0, 99.87, 98.33, 97.56, 96.24, 95.82, 95.95, 95.11, 94.2, 93.38]
2026-06-18 16:35:15,017 [trainer.py] => Average Accuracy (CNN): 80.42
2026-06-18 16:35:15,019 [trainer.py] => All params: 172312152
2026-06-18 16:35:15,020 [trainer.py] => Trainable params: 484140
2026-06-18 16:35:15,020 [dualprompt.py] => Learning on 200-220
2026-06-18 17:29:26,779 [dualprompt.py] => Task 10, Epoch 20/20 => Loss 0.042, Train_accy 97.42, Test_accy 71.48
2026-06-18 17:30:40,906 [trainer.py] => No NME accuracy.
2026-06-18 17:30:40,949 [trainer.py] => CNN: {'total': 71.48, '00-19': 80.7, '20-39': 75.13, '40-59': 63.91, '60-79': 75.75, '80-99': 63.75, '100-119': 76.07, '120-139': 71.79, '140-159': 70.75, '160-179': 66.92, '180-199': 67.59, '200-219': 73.93, 'old': 71.23, 'new': 73.93}
2026-06-18 17:30:40,949 [trainer.py] => CNN top1 curve: [98.75, 86.2, 82.27, 82.33, 78.61, 77.1, 77.06, 75.55, 74.12, 72.26, 71.48]
2026-06-18 17:30:40,949 [trainer.py] => CNN top5 curve: [100.0, 99.87, 98.33, 97.56, 96.24, 95.82, 95.95, 95.11, 94.2, 93.38, 92.8]
2026-06-18 17:30:40,949 [trainer.py] => Average Accuracy (CNN): 79.61
2026-06-18 17:30:40,950 [trainer.py] => All params: 172312152
2026-06-18 17:30:40,951 [trainer.py] => Trainable params: 484140
2026-06-18 17:30:40,951 [dualprompt.py] => Learning on 220-240
2026-06-18 18:25:10,144 [dualprompt.py] => Task 11, Epoch 20/20 => Loss 0.063, Train_accy 96.37, Test_accy 69.95
2026-06-18 18:26:29,318 [trainer.py] => No NME accuracy.
2026-06-18 18:26:29,318 [trainer.py] => CNN: {'total': 69.95, '00-19': 76.94, '20-39': 73.87, '40-59': 63.16, '60-79': 75.5, '80-99': 62.0, '100-119': 76.07, '120-139': 67.51, '140-159': 69.75, '160-179': 65.91, '180-199': 67.59, '200-219': 73.18, '220-239': 68.0, 'old': 70.13, 'new': 68.0}
2026-06-18 18:26:29,318 [trainer.py] => CNN top1 curve: [98.75, 86.2, 82.27, 82.33, 78.61, 77.1, 77.06, 75.55, 74.12, 72.26, 71.48, 69.95]
2026-06-18 18:26:29,319 [trainer.py] => CNN top5 curve: [100.0, 99.87, 98.33, 97.56, 96.24, 95.82, 95.95, 95.11, 94.2, 93.38, 92.8, 92.1]
2026-06-18 18:26:29,319 [trainer.py] => Average Accuracy (CNN): 78.81
2026-06-18 18:26:29,320 [trainer.py] => All params: 172312152
2026-06-18 18:26:29,321 [trainer.py] => Trainable params: 484140
2026-06-18 18:26:29,321 [dualprompt.py] => Learning on 240-260
2026-06-18 19:22:28,267 [dualprompt.py] => Task 12, Epoch 20/20 => Loss 0.035, Train_accy 97.32, Test_accy 67.85
2026-06-18 19:23:53,565 [trainer.py] => No NME accuracy.
2026-06-18 19:23:53,566 [trainer.py] => CNN: {'total': 67.85, '00-19': 76.44, '20-39': 72.61, '40-59': 62.41, '60-79': 74.5, '80-99': 60.75, '100-119': 74.31, '120-139': 66.75, '140-159': 67.25, '160-179': 63.91, '180-199': 63.32, '200-219': 70.68, '220-239': 65.5, '240-259': 63.66, 'old': 68.2, 'new': 63.66}
2026-06-18 19:23:53,566 [trainer.py] => CNN top1 curve: [98.75, 86.2, 82.27, 82.33, 78.61, 77.1, 77.06, 75.55, 74.12, 72.26, 71.48, 69.95, 67.85]
2026-06-18 19:23:53,567 [trainer.py] => CNN top5 curve: [100.0, 99.87, 98.33, 97.56, 96.24, 95.82, 95.95, 95.11, 94.2, 93.38, 92.8, 92.1, 91.67]
2026-06-18 19:23:53,567 [trainer.py] => Average Accuracy (CNN): 77.96
2026-06-18 19:23:53,569 [trainer.py] => All params: 172312152
2026-06-18 19:23:53,572 [trainer.py] => Trainable params: 484140
2026-06-18 19:23:53,572 [dualprompt.py] => Learning on 260-280
2026-06-18 20:17:39,509 [dualprompt.py] => Task 13, Epoch 20/20 => Loss 0.105, Train_accy 94.80, Test_accy 66.52
2026-06-18 20:19:12,300 [trainer.py] => No NME accuracy.
2026-06-18 20:19:12,300 [trainer.py] => CNN: {'total': 66.52, '00-19': 76.44, '20-39': 73.62, '40-59': 62.16, '60-79': 73.0, '80-99': 60.75, '100-119': 73.8, '120-139': 67.0, '140-159': 66.25, '160-179': 63.66, '180-199': 62.81, '200-219': 68.92, '220-239': 64.25, '240-259': 63.91, '260-279': 54.75, 'old': 67.43, 'new': 54.75}
2026-06-18 20:19:12,300 [trainer.py] => CNN top1 curve: [98.75, 86.2, 82.27, 82.33, 78.61, 77.1, 77.06, 75.55, 74.12, 72.26, 71.48, 69.95, 67.85, 66.52]
2026-06-18 20:19:12,300 [trainer.py] => CNN top5 curve: [100.0, 99.87, 98.33, 97.56, 96.24, 95.82, 95.95, 95.11, 94.2, 93.38, 92.8, 92.1, 91.67, 90.58]
2026-06-18 20:19:12,300 [trainer.py] => Average Accuracy (CNN): 77.15
2026-06-18 20:19:12,301 [trainer.py] => All params: 172312152
2026-06-18 20:19:12,303 [trainer.py] => Trainable params: 484140
2026-06-18 20:19:12,303 [dualprompt.py] => Learning on 280-300
2026-06-18 21:15:13,902 [dualprompt.py] => Task 14, Epoch 20/20 => Loss 0.048, Train_accy 97.09, Test_accy 65.66
2026-06-18 21:16:50,576 [trainer.py] => No NME accuracy.
2026-06-18 21:16:50,577 [trainer.py] => CNN: {'total': 65.66, '00-19': 75.94, '20-39': 71.61, '40-59': 61.65, '60-79': 73.25, '80-99': 60.5, '100-119': 73.3, '120-139': 67.0, '140-159': 65.5, '160-179': 62.16, '180-199': 59.05, '200-219': 69.17, '220-239': 62.25, '240-259': 62.66, '260-279': 53.0, '280-299': 68.0, 'old': 65.5, 'new': 68.0}
2026-06-18 21:16:50,577 [trainer.py] => CNN top1 curve: [98.75, 86.2, 82.27, 82.33, 78.61, 77.1, 77.06, 75.55, 74.12, 72.26, 71.48, 69.95, 67.85, 66.52, 65.66]
2026-06-18 21:16:50,577 [trainer.py] => CNN top5 curve: [100.0, 99.87, 98.33, 97.56, 96.24, 95.82, 95.95, 95.11, 94.2, 93.38, 92.8, 92.1, 91.67, 90.58, 90.16]
2026-06-18 21:16:50,578 [trainer.py] => Average Accuracy (CNN): 76.38
