2026-06-19 10:49:41,160 [trainer.py] => config: ./configs/dualprompt/dualprompt_omn_B0_Inc20.json
2026-06-19 10:49:41,161 [trainer.py] => prefix:  
2026-06-19 10:49:41,161 [trainer.py] => dataset: omnibenchmark
2026-06-19 10:49:41,161 [trainer.py] => memory_size: 0
2026-06-19 10:49:41,161 [trainer.py] => memory_per_class: 0
2026-06-19 10:49:41,161 [trainer.py] => fixed_memory: False
2026-06-19 10:49:41,162 [trainer.py] => shuffle: True
2026-06-19 10:49:41,162 [trainer.py] => init_cls: 20
2026-06-19 10:49:41,162 [trainer.py] => increment: 20
2026-06-19 10:49:41,162 [trainer.py] => model_name: dualprompt
2026-06-19 10:49:41,162 [trainer.py] => backbone_type: vit_base_patch16_224_in21k_dualprompt
2026-06-19 10:49:41,162 [trainer.py] => get_original_backbone: True
2026-06-19 10:49:41,163 [trainer.py] => device: [device(type='cuda', index=2)]
2026-06-19 10:49:41,163 [trainer.py] => seed: 1994
2026-06-19 10:49:41,163 [trainer.py] => tuned_epoch: 20
2026-06-19 10:49:41,163 [trainer.py] => init_lr: 0.001
2026-06-19 10:49:41,163 [trainer.py] => batch_size: 48
2026-06-19 10:49:41,164 [trainer.py] => weight_decay: 0
2026-06-19 10:49:41,164 [trainer.py] => min_lr: 1e-05
2026-06-19 10:49:41,164 [trainer.py] => optimizer: adam
2026-06-19 10:49:41,164 [trainer.py] => scheduler: constant
2026-06-19 10:49:41,164 [trainer.py] => reinit_optimizer: True
2026-06-19 10:49:41,164 [trainer.py] => global_pool: token
2026-06-19 10:49:41,165 [trainer.py] => head_type: token
2026-06-19 10:49:41,165 [trainer.py] => freeze: ['blocks', 'patch_embed', 'cls_token', 'norm', 'pos_embed']
2026-06-19 10:49:41,165 [trainer.py] => pretrained: True
2026-06-19 10:49:41,165 [trainer.py] => drop: 0.0
2026-06-19 10:49:41,165 [trainer.py] => drop_path: 0.0
2026-06-19 10:49:41,165 [trainer.py] => use_g_prompt: True
2026-06-19 10:49:41,166 [trainer.py] => g_prompt_length: 5
2026-06-19 10:49:41,166 [trainer.py] => g_prompt_layer_idx: [0, 1]
2026-06-19 10:49:41,166 [trainer.py] => use_prefix_tune_for_g_prompt: True
2026-06-19 10:49:41,166 [trainer.py] => use_e_prompt: True
2026-06-19 10:49:41,166 [trainer.py] => e_prompt_layer_idx: [2, 3, 4]
2026-06-19 10:49:41,166 [trainer.py] => use_prefix_tune_for_e_prompt: True
2026-06-19 10:49:41,167 [trainer.py] => prompt_pool: True
2026-06-19 10:49:41,167 [trainer.py] => size: 10
2026-06-19 10:49:41,167 [trainer.py] => length: 5
2026-06-19 10:49:41,167 [trainer.py] => top_k: 1
2026-06-19 10:49:41,167 [trainer.py] => initializer: uniform
2026-06-19 10:49:41,167 [trainer.py] => prompt_key: True
2026-06-19 10:49:41,167 [trainer.py] => prompt_key_init: uniform
2026-06-19 10:49:41,168 [trainer.py] => use_prompt_mask: True
2026-06-19 10:49:41,168 [trainer.py] => shared_prompt_pool: True
2026-06-19 10:49:41,168 [trainer.py] => shared_prompt_key: False
2026-06-19 10:49:41,168 [trainer.py] => batchwise_prompt: True
2026-06-19 10:49:41,168 [trainer.py] => embedding_key: cls
2026-06-19 10:49:41,168 [trainer.py] => predefined_key: 
2026-06-19 10:49:41,169 [trainer.py] => pull_constraint: True
2026-06-19 10:49:41,169 [trainer.py] => pull_constraint_coeff: 0.1
2026-06-19 10:49:41,169 [trainer.py] => same_key_value: False
2026-06-19 10:49:41,169 [trainer.py] => nb_classes: 300
2026-06-19 10:49:41,169 [trainer.py] => nb_tasks: 15
2026-06-19 10:49:42,295 [data_manager.py] => [79, 231, 55, 293, 15, 281, 208, 119, 12, 11, 254, 126, 287, 215, 152, 278, 284, 140, 95, 72, 207, 232, 289, 171, 178, 189, 63, 86, 41, 159, 87, 103, 22, 80, 274, 73, 263, 122, 23, 28, 114, 273, 220, 185, 4, 70, 156, 286, 56, 115, 240, 268, 296, 174, 204, 113, 81, 221, 6, 101, 135, 224, 64, 269, 190, 244, 182, 181, 219, 198, 163, 150, 134, 210, 206, 202, 147, 234, 197, 222, 66, 144, 51, 24, 44, 209, 175, 195, 264, 205, 90, 21, 138, 52, 151, 124, 100, 121, 83, 132, 169, 285, 225, 27, 214, 236, 213, 162, 153, 271, 98, 233, 275, 299, 127, 29, 246, 50, 45, 280, 116, 242, 145, 165, 26, 149, 20, 186, 48, 129, 40, 2, 18, 241, 112, 200, 75, 85, 249, 68, 54, 59, 230, 228, 74, 253, 194, 77, 217, 227, 14, 8, 211, 297, 19, 226, 88, 96, 106, 9, 255, 38, 33, 176, 93, 35, 109, 69, 216, 92, 183, 47, 99, 39, 108, 160, 282, 199, 71, 201, 196, 120, 133, 270, 243, 250, 247, 288, 118, 136, 283, 187, 1, 184, 117, 130, 237, 32, 102, 177, 65, 173, 46, 267, 290, 128, 239, 0, 107, 167, 261, 43, 170, 104, 298, 262, 248, 60, 256, 78, 3, 58, 265, 62, 259, 61, 218, 157, 110, 143, 141, 252, 295, 97, 25, 291, 245, 125, 272, 17, 49, 161, 31, 155, 166, 251, 179, 94, 111, 142, 192, 229, 172, 16, 53, 168, 188, 158, 91, 258, 13, 10, 42, 36, 238, 105, 154, 257, 7, 277, 294, 279, 137, 266, 139, 292, 164, 276, 57, 123, 89, 82, 148, 67, 37, 146, 193, 131, 180, 5, 84, 260, 235, 223, 191, 30, 212, 76, 203, 34]
2026-06-19 10:49:49,248 [dualprompt.py] => 86,282,796 model total parameters.
2026-06-19 10:49:49,249 [dualprompt.py] => 484,140 model training parameters.
2026-06-19 10:49:49,249 [dualprompt.py] => g_prompt: 15360
2026-06-19 10:49:49,249 [dualprompt.py] => e_prompt.prompt: 230400
2026-06-19 10:49:49,249 [dualprompt.py] => e_prompt.prompt_key: 7680
2026-06-19 10:49:49,250 [dualprompt.py] => head.weight: 230400
2026-06-19 10:49:49,250 [dualprompt.py] => head.bias: 300
2026-06-19 10:49:49,250 [trainer.py] => All params: 172312152
2026-06-19 10:49:49,251 [trainer.py] => Trainable params: 484140
2026-06-19 10:49:49,251 [dualprompt.py] => Learning on 0-20
2026-06-19 11:37:19,577 [dualprompt.py] => Task 0, Epoch 20/20 => Loss 0.138, Train_accy 93.48, Test_accy 93.25
2026-06-19 11:37:27,103 [trainer.py] => No NME accuracy.
2026-06-19 11:37:27,103 [trainer.py] => CNN: {'total': 93.25, '00-19': 93.25, 'old': 0, 'new': 93.25}
2026-06-19 11:37:27,103 [trainer.py] => CNN top1 curve: [93.25]
2026-06-19 11:37:27,103 [trainer.py] => CNN top5 curve: [99.75]
2026-06-19 11:37:27,103 [trainer.py] => Average Accuracy (CNN): 93.25
2026-06-19 11:37:27,105 [trainer.py] => All params: 172312152
2026-06-19 11:37:27,106 [trainer.py] => Trainable params: 484140
2026-06-19 11:37:27,106 [dualprompt.py] => Learning on 20-40
2026-06-19 12:27:39,519 [dualprompt.py] => Task 1, Epoch 20/20 => Loss 0.048, Train_accy 97.00, Test_accy 86.73
2026-06-19 12:27:53,242 [trainer.py] => No NME accuracy.
2026-06-19 12:27:53,242 [trainer.py] => CNN: {'total': 86.73, '00-19': 80.0, '20-39': 93.48, 'old': 80.0, 'new': 93.48}
2026-06-19 12:27:53,243 [trainer.py] => CNN top1 curve: [93.25, 86.73]
2026-06-19 12:27:53,243 [trainer.py] => CNN top5 curve: [99.75, 99.5]
2026-06-19 12:27:53,243 [trainer.py] => Average Accuracy (CNN): 89.99
2026-06-19 12:27:53,247 [trainer.py] => All params: 172312152
2026-06-19 12:27:53,250 [trainer.py] => Trainable params: 484140
2026-06-19 12:27:53,251 [dualprompt.py] => Learning on 40-60
2026-06-19 13:18:18,377 [dualprompt.py] => Task 2, Epoch 20/20 => Loss 0.022, Train_accy 97.95, Test_accy 85.07
2026-06-19 13:18:38,673 [trainer.py] => No NME accuracy.
2026-06-19 13:18:38,674 [trainer.py] => CNN: {'total': 85.07, '00-19': 75.75, '20-39': 84.71, '40-59': 94.75, 'old': 80.23, 'new': 94.75}
2026-06-19 13:18:38,674 [trainer.py] => CNN top1 curve: [93.25, 86.73, 85.07]
2026-06-19 13:18:38,674 [trainer.py] => CNN top5 curve: [99.75, 99.5, 99.0]
2026-06-19 13:18:38,674 [trainer.py] => Average Accuracy (CNN): 88.35
2026-06-19 13:18:38,675 [trainer.py] => All params: 172312152
2026-06-19 13:18:38,677 [trainer.py] => Trainable params: 484140
2026-06-19 13:18:38,677 [dualprompt.py] => Learning on 60-80
2026-06-19 14:10:40,385 [dualprompt.py] => Task 3, Epoch 20/20 => Loss 0.021, Train_accy 97.89, Test_accy 81.91
2026-06-19 14:10:59,478 [trainer.py] => No NME accuracy.
2026-06-19 14:10:59,478 [trainer.py] => CNN: {'total': 81.91, '00-19': 73.5, '20-39': 81.7, '40-59': 89.5, '60-79': 82.96, 'old': 81.57, 'new': 82.96}
2026-06-19 14:10:59,478 [trainer.py] => CNN top1 curve: [93.25, 86.73, 85.07, 81.91]
2026-06-19 14:10:59,479 [trainer.py] => CNN top5 curve: [99.75, 99.5, 99.0, 98.69]
2026-06-19 14:10:59,479 [trainer.py] => Average Accuracy (CNN): 86.74
2026-06-19 14:10:59,480 [trainer.py] => All params: 172312152
2026-06-19 14:10:59,481 [trainer.py] => Trainable params: 484140
2026-06-19 14:10:59,481 [dualprompt.py] => Learning on 80-100
2026-06-19 15:01:51,970 [dualprompt.py] => Task 4, Epoch 20/20 => Loss 0.051, Train_accy 96.84, Test_accy 77.72
2026-06-19 15:02:18,778 [trainer.py] => No NME accuracy.
2026-06-19 15:02:18,778 [trainer.py] => CNN: {'total': 77.72, '00-19': 73.25, '20-39': 78.7, '40-59': 88.25, '60-79': 74.69, '80-99': 73.68, 'old': 78.72, 'new': 73.68}
2026-06-19 15:02:18,778 [trainer.py] => CNN top1 curve: [93.25, 86.73, 85.07, 81.91, 77.72]
2026-06-19 15:02:18,778 [trainer.py] => CNN top5 curve: [99.75, 99.5, 99.0, 98.69, 97.55]
2026-06-19 15:02:18,778 [trainer.py] => Average Accuracy (CNN): 84.94
2026-06-19 15:02:18,780 [trainer.py] => All params: 172312152
2026-06-19 15:02:18,781 [trainer.py] => Trainable params: 484140
2026-06-19 15:02:18,781 [dualprompt.py] => Learning on 100-120
2026-06-19 15:52:47,570 [dualprompt.py] => Task 5, Epoch 20/20 => Loss 0.037, Train_accy 97.55, Test_accy 76.70
2026-06-19 15:53:27,882 [trainer.py] => No NME accuracy.
2026-06-19 15:53:27,883 [trainer.py] => CNN: {'total': 76.7, '00-19': 73.0, '20-39': 77.44, '40-59': 86.75, '60-79': 73.68, '80-99': 71.43, '100-119': 77.89, 'old': 76.46, 'new': 77.89}
2026-06-19 15:53:27,883 [trainer.py] => CNN top1 curve: [93.25, 86.73, 85.07, 81.91, 77.72, 76.7]
2026-06-19 15:53:27,884 [trainer.py] => CNN top5 curve: [99.75, 99.5, 99.0, 98.69, 97.55, 96.2]
2026-06-19 15:53:27,884 [trainer.py] => Average Accuracy (CNN): 83.56
2026-06-19 15:53:27,888 [trainer.py] => All params: 172312152
2026-06-19 15:53:27,891 [trainer.py] => Trainable params: 484140
2026-06-19 15:53:27,891 [dualprompt.py] => Learning on 120-140
2026-06-19 16:47:39,164 [dualprompt.py] => Task 6, Epoch 20/20 => Loss 0.037, Train_accy 97.39, Test_accy 74.96
2026-06-19 16:48:26,701 [trainer.py] => No NME accuracy.
2026-06-19 16:48:26,702 [trainer.py] => CNN: {'total': 74.96, '00-19': 72.25, '20-39': 76.69, '40-59': 87.0, '60-79': 70.18, '80-99': 71.93, '100-119': 77.14, '120-139': 69.52, 'old': 75.87, 'new': 69.52}
2026-06-19 16:48:26,702 [trainer.py] => CNN top1 curve: [93.25, 86.73, 85.07, 81.91, 77.72, 76.7, 74.96]
2026-06-19 16:48:26,702 [trainer.py] => CNN top5 curve: [99.75, 99.5, 99.0, 98.69, 97.55, 96.2, 95.31]
2026-06-19 16:48:26,702 [trainer.py] => Average Accuracy (CNN): 82.33
2026-06-19 16:48:26,703 [trainer.py] => All params: 172312152
2026-06-19 16:48:26,704 [trainer.py] => Trainable params: 484140
2026-06-19 16:48:26,704 [dualprompt.py] => Learning on 140-160
2026-06-19 17:44:09,804 [dualprompt.py] => Task 7, Epoch 20/20 => Loss 0.060, Train_accy 96.31, Test_accy 73.12
2026-06-19 17:44:59,067 [trainer.py] => No NME accuracy.
2026-06-19 17:44:59,067 [trainer.py] => CNN: {'total': 73.12, '00-19': 72.0, '20-39': 76.69, '40-59': 85.0, '60-79': 70.43, '80-99': 71.43, '100-119': 73.37, '120-139': 69.27, '140-159': 66.75, 'old': 74.03, 'new': 66.75}
2026-06-19 17:44:59,067 [trainer.py] => CNN top1 curve: [93.25, 86.73, 85.07, 81.91, 77.72, 76.7, 74.96, 73.12]
2026-06-19 17:44:59,068 [trainer.py] => CNN top5 curve: [99.75, 99.5, 99.0, 98.69, 97.55, 96.2, 95.31, 94.08]
2026-06-19 17:44:59,068 [trainer.py] => Average Accuracy (CNN): 81.18
2026-06-19 17:44:59,071 [trainer.py] => All params: 172312152
2026-06-19 17:44:59,073 [trainer.py] => Trainable params: 484140
2026-06-19 17:44:59,073 [dualprompt.py] => Learning on 160-180
2026-06-19 18:39:43,872 [dualprompt.py] => Task 8, Epoch 20/20 => Loss 0.119, Train_accy 94.36, Test_accy 70.66
2026-06-19 18:40:44,457 [trainer.py] => No NME accuracy.
2026-06-19 18:40:44,458 [trainer.py] => CNN: {'total': 70.66, '00-19': 71.5, '20-39': 77.44, '40-59': 83.0, '60-79': 67.42, '80-99': 70.43, '100-119': 72.36, '120-139': 70.28, '140-159': 65.5, '160-179': 58.0, 'old': 72.24, 'new': 58.0}
2026-06-19 18:40:44,458 [trainer.py] => CNN top1 curve: [93.25, 86.73, 85.07, 81.91, 77.72, 76.7, 74.96, 73.12, 70.66]
2026-06-19 18:40:44,458 [trainer.py] => CNN top5 curve: [99.75, 99.5, 99.0, 98.69, 97.55, 96.2, 95.31, 94.08, 92.46]
2026-06-19 18:40:44,459 [trainer.py] => Average Accuracy (CNN): 80.01
2026-06-19 18:40:44,462 [trainer.py] => All params: 172312152
2026-06-19 18:40:44,466 [trainer.py] => Trainable params: 484140
2026-06-19 18:40:44,466 [dualprompt.py] => Learning on 180-200
2026-06-19 19:34:49,498 [dualprompt.py] => Task 9, Epoch 20/20 => Loss 0.033, Train_accy 97.44, Test_accy 70.77
2026-06-19 19:35:57,040 [trainer.py] => No NME accuracy.
2026-06-19 19:35:57,041 [trainer.py] => CNN: {'total': 70.77, '00-19': 71.5, '20-39': 76.94, '40-59': 80.0, '60-79': 67.67, '80-99': 69.42, '100-119': 71.86, '120-139': 68.51, '140-159': 65.25, '160-179': 57.25, '180-199': 79.25, 'old': 69.82, 'new': 79.25}
2026-06-19 19:35:57,041 [trainer.py] => CNN top1 curve: [93.25, 86.73, 85.07, 81.91, 77.72, 76.7, 74.96, 73.12, 70.66, 70.77]
2026-06-19 19:35:57,041 [trainer.py] => CNN top5 curve: [99.75, 99.5, 99.0, 98.69, 97.55, 96.2, 95.31, 94.08, 92.46, 92.31]
2026-06-19 19:35:57,041 [trainer.py] => Average Accuracy (CNN): 79.09
2026-06-19 19:35:57,042 [trainer.py] => All params: 172312152
2026-06-19 19:35:57,044 [trainer.py] => Trainable params: 484140
2026-06-19 19:35:57,044 [dualprompt.py] => Learning on 200-220
2026-06-19 20:30:21,645 [dualprompt.py] => Task 10, Epoch 20/20 => Loss 0.059, Train_accy 96.37, Test_accy 69.58
2026-06-19 20:31:36,207 [trainer.py] => No NME accuracy.
2026-06-19 20:31:36,207 [trainer.py] => CNN: {'total': 69.58, '00-19': 70.0, '20-39': 76.94, '40-59': 80.5, '60-79': 67.92, '80-99': 68.42, '100-119': 72.11, '120-139': 68.26, '140-159': 65.5, '160-179': 56.5, '180-199': 76.25, '200-219': 63.0, 'old': 70.24, 'new': 63.0}
2026-06-19 20:31:36,207 [trainer.py] => CNN top1 curve: [93.25, 86.73, 85.07, 81.91, 77.72, 76.7, 74.96, 73.12, 70.66, 70.77, 69.58]
2026-06-19 20:31:36,207 [trainer.py] => CNN top5 curve: [99.75, 99.5, 99.0, 98.69, 97.55, 96.2, 95.31, 94.08, 92.46, 92.31, 91.67]
2026-06-19 20:31:36,207 [trainer.py] => Average Accuracy (CNN): 78.22
2026-06-19 20:31:36,209 [trainer.py] => All params: 172312152
2026-06-19 20:31:36,210 [trainer.py] => Trainable params: 484140
2026-06-19 20:31:36,210 [dualprompt.py] => Learning on 220-240
2026-06-19 21:27:48,084 [dualprompt.py] => Task 11, Epoch 20/20 => Loss 0.083, Train_accy 95.67, Test_accy 67.93
2026-06-19 21:28:59,430 [trainer.py] => No NME accuracy.
2026-06-19 21:28:59,431 [trainer.py] => CNN: {'total': 67.93, '00-19': 70.0, '20-39': 76.94, '40-59': 80.25, '60-79': 66.67, '80-99': 68.92, '100-119': 71.86, '120-139': 67.76, '140-159': 64.5, '160-179': 57.0, '180-199': 75.75, '200-219': 63.25, '220-239': 52.14, 'old': 69.35, 'new': 52.14}
2026-06-19 21:28:59,431 [trainer.py] => CNN top1 curve: [93.25, 86.73, 85.07, 81.91, 77.72, 76.7, 74.96, 73.12, 70.66, 70.77, 69.58, 67.93]
2026-06-19 21:28:59,431 [trainer.py] => CNN top5 curve: [99.75, 99.5, 99.0, 98.69, 97.55, 96.2, 95.31, 94.08, 92.46, 92.31, 91.67, 91.21]
2026-06-19 21:28:59,431 [trainer.py] => Average Accuracy (CNN): 77.37
2026-06-19 21:28:59,434 [trainer.py] => All params: 172312152
2026-06-19 21:28:59,437 [trainer.py] => Trainable params: 484140
2026-06-19 21:28:59,437 [dualprompt.py] => Learning on 240-260
2026-06-19 22:23:38,711 [dualprompt.py] => Task 12, Epoch 20/20 => Loss 0.085, Train_accy 95.46, Test_accy 67.00
2026-06-19 22:25:02,988 [trainer.py] => No NME accuracy.
2026-06-19 22:25:02,989 [trainer.py] => CNN: {'total': 67.0, '00-19': 71.0, '20-39': 76.69, '40-59': 79.5, '60-79': 66.17, '80-99': 67.92, '100-119': 71.61, '120-139': 64.74, '140-159': 65.0, '160-179': 56.75, '180-199': 75.25, '200-219': 62.5, '220-239': 51.13, '240-259': 62.66, 'old': 67.36, 'new': 62.66}
2026-06-19 22:25:02,989 [trainer.py] => CNN top1 curve: [93.25, 86.73, 85.07, 81.91, 77.72, 76.7, 74.96, 73.12, 70.66, 70.77, 69.58, 67.93, 67.0]
2026-06-19 22:25:02,989 [trainer.py] => CNN top5 curve: [99.75, 99.5, 99.0, 98.69, 97.55, 96.2, 95.31, 94.08, 92.46, 92.31, 91.67, 91.21, 90.05]
2026-06-19 22:25:02,989 [trainer.py] => Average Accuracy (CNN): 76.57
2026-06-19 22:25:02,990 [trainer.py] => All params: 172312152
2026-06-19 22:25:02,991 [trainer.py] => Trainable params: 484140
2026-06-19 22:25:02,991 [dualprompt.py] => Learning on 260-280
2026-06-19 23:21:21,250 [dualprompt.py] => Task 13, Epoch 20/20 => Loss 0.064, Train_accy 96.40, Test_accy 67.00
2026-06-19 23:22:52,627 [trainer.py] => No NME accuracy.
2026-06-19 23:22:52,641 [trainer.py] => CNN: {'total': 67.0, '00-19': 69.75, '20-39': 73.68, '40-59': 77.75, '60-79': 64.91, '80-99': 69.17, '100-119': 69.1, '120-139': 64.99, '140-159': 63.75, '160-179': 57.0, '180-199': 74.75, '200-219': 62.75, '220-239': 49.62, '240-259': 62.66, '260-279': 78.09, 'old': 66.15, 'new': 78.09}
2026-06-19 23:22:52,642 [trainer.py] => CNN top1 curve: [93.25, 86.73, 85.07, 81.91, 77.72, 76.7, 74.96, 73.12, 70.66, 70.77, 69.58, 67.93, 67.0, 67.0]
2026-06-19 23:22:52,642 [trainer.py] => CNN top5 curve: [99.75, 99.5, 99.0, 98.69, 97.55, 96.2, 95.31, 94.08, 92.46, 92.31, 91.67, 91.21, 90.05, 89.85]
2026-06-19 23:22:52,642 [trainer.py] => Average Accuracy (CNN): 75.89
2026-06-19 23:22:52,646 [trainer.py] => All params: 172312152
2026-06-19 23:22:52,649 [trainer.py] => Trainable params: 484140
2026-06-19 23:22:52,650 [dualprompt.py] => Learning on 280-300
2026-06-20 00:21:10,365 [dualprompt.py] => Task 14, Epoch 20/20 => Loss 0.110, Train_accy 94.26, Test_accy 65.46
2026-06-20 00:22:59,310 [trainer.py] => No NME accuracy.
2026-06-20 00:22:59,311 [trainer.py] => CNN: {'total': 65.46, '00-19': 69.75, '20-39': 74.19, '40-59': 78.0, '60-79': 62.91, '80-99': 68.17, '100-119': 68.09, '120-139': 64.48, '140-159': 62.5, '160-179': 55.75, '180-199': 73.75, '200-219': 61.75, '220-239': 49.62, '240-259': 61.9, '260-279': 78.34, '280-299': 52.75, 'old': 66.37, 'new': 52.75}
2026-06-20 00:22:59,311 [trainer.py] => CNN top1 curve: [93.25, 86.73, 85.07, 81.91, 77.72, 76.7, 74.96, 73.12, 70.66, 70.77, 69.58, 67.93, 67.0, 67.0, 65.46]
2026-06-20 00:22:59,312 [trainer.py] => CNN top5 curve: [99.75, 99.5, 99.0, 98.69, 97.55, 96.2, 95.31, 94.08, 92.46, 92.31, 91.67, 91.21, 90.05, 89.85, 88.52]
2026-06-20 00:22:59,312 [trainer.py] => Average Accuracy (CNN): 75.19
