2026-06-24 15:32:00,091 [trainer.py] => config: ./configs/dualprompt/dualprompt_omn_B150_Inc30.json
2026-06-24 15:32:00,092 [trainer.py] => prefix:  
2026-06-24 15:32:00,092 [trainer.py] => dataset: omnibenchmark
2026-06-24 15:32:00,092 [trainer.py] => memory_size: 0
2026-06-24 15:32:00,092 [trainer.py] => memory_per_class: 0
2026-06-24 15:32:00,092 [trainer.py] => fixed_memory: False
2026-06-24 15:32:00,092 [trainer.py] => shuffle: True
2026-06-24 15:32:00,092 [trainer.py] => init_cls: 150
2026-06-24 15:32:00,092 [trainer.py] => increment: 30
2026-06-24 15:32:00,092 [trainer.py] => model_name: dualprompt
2026-06-24 15:32:00,092 [trainer.py] => backbone_type: vit_base_patch16_224_in21k_dualprompt
2026-06-24 15:32:00,092 [trainer.py] => get_original_backbone: True
2026-06-24 15:32:00,092 [trainer.py] => device: [device(type='cuda', index=2)]
2026-06-24 15:32:00,092 [trainer.py] => seed: 1993
2026-06-24 15:32:00,092 [trainer.py] => tuned_epoch: 20
2026-06-24 15:32:00,092 [trainer.py] => init_lr: 0.001
2026-06-24 15:32:00,092 [trainer.py] => batch_size: 48
2026-06-24 15:32:00,092 [trainer.py] => weight_decay: 0
2026-06-24 15:32:00,092 [trainer.py] => min_lr: 1e-05
2026-06-24 15:32:00,092 [trainer.py] => optimizer: adam
2026-06-24 15:32:00,093 [trainer.py] => scheduler: constant
2026-06-24 15:32:00,093 [trainer.py] => reinit_optimizer: True
2026-06-24 15:32:00,093 [trainer.py] => global_pool: token
2026-06-24 15:32:00,093 [trainer.py] => head_type: token
2026-06-24 15:32:00,093 [trainer.py] => freeze: ['blocks', 'patch_embed', 'cls_token', 'norm', 'pos_embed']
2026-06-24 15:32:00,093 [trainer.py] => pretrained: True
2026-06-24 15:32:00,093 [trainer.py] => drop: 0.0
2026-06-24 15:32:00,093 [trainer.py] => drop_path: 0.0
2026-06-24 15:32:00,093 [trainer.py] => use_g_prompt: True
2026-06-24 15:32:00,093 [trainer.py] => g_prompt_length: 5
2026-06-24 15:32:00,093 [trainer.py] => g_prompt_layer_idx: [0, 1]
2026-06-24 15:32:00,093 [trainer.py] => use_prefix_tune_for_g_prompt: True
2026-06-24 15:32:00,093 [trainer.py] => use_e_prompt: True
2026-06-24 15:32:00,093 [trainer.py] => e_prompt_layer_idx: [2, 3, 4]
2026-06-24 15:32:00,093 [trainer.py] => use_prefix_tune_for_e_prompt: True
2026-06-24 15:32:00,093 [trainer.py] => prompt_pool: True
2026-06-24 15:32:00,093 [trainer.py] => size: 10
2026-06-24 15:32:00,093 [trainer.py] => length: 5
2026-06-24 15:32:00,093 [trainer.py] => top_k: 1
2026-06-24 15:32:00,093 [trainer.py] => initializer: uniform
2026-06-24 15:32:00,093 [trainer.py] => prompt_key: True
2026-06-24 15:32:00,093 [trainer.py] => prompt_key_init: uniform
2026-06-24 15:32:00,093 [trainer.py] => use_prompt_mask: True
2026-06-24 15:32:00,093 [trainer.py] => shared_prompt_pool: True
2026-06-24 15:32:00,093 [trainer.py] => shared_prompt_key: False
2026-06-24 15:32:00,094 [trainer.py] => batchwise_prompt: True
2026-06-24 15:32:00,094 [trainer.py] => embedding_key: cls
2026-06-24 15:32:00,094 [trainer.py] => predefined_key: 
2026-06-24 15:32:00,094 [trainer.py] => pull_constraint: True
2026-06-24 15:32:00,094 [trainer.py] => pull_constraint_coeff: 0.1
2026-06-24 15:32:00,094 [trainer.py] => same_key_value: False
2026-06-24 15:32:00,094 [trainer.py] => nb_classes: 300
2026-06-24 15:32:00,094 [trainer.py] => nb_tasks: 6
2026-06-24 15:32:01,504 [data_manager.py] => [169, 221, 146, 296, 92, 229, 49, 70, 126, 77, 243, 57, 120, 223, 27, 217, 154, 8, 101, 182, 54, 50, 97, 162, 28, 193, 79, 6, 151, 0, 173, 187, 44, 277, 157, 16, 257, 122, 35, 9, 171, 176, 134, 4, 87, 255, 112, 153, 246, 286, 147, 186, 107, 98, 10, 7, 266, 214, 36, 165, 139, 254, 103, 269, 59, 23, 298, 39, 73, 208, 135, 299, 102, 20, 12, 268, 11, 209, 161, 210, 74, 42, 56, 99, 235, 133, 159, 189, 145, 238, 215, 241, 138, 195, 233, 279, 88, 199, 64, 280, 26, 203, 17, 245, 174, 236, 137, 252, 80, 68, 181, 150, 118, 94, 75, 2, 109, 119, 232, 15, 69, 184, 201, 261, 55, 287, 273, 66, 175, 32, 142, 136, 116, 76, 179, 1, 91, 248, 275, 240, 290, 170, 132, 106, 265, 270, 85, 19, 284, 43, 259, 293, 228, 200, 104, 227, 51, 224, 163, 297, 216, 260, 93, 46, 100, 272, 105, 72, 131, 3, 156, 256, 249, 48, 113, 82, 172, 213, 62, 53, 271, 168, 253, 226, 183, 180, 276, 283, 78, 61, 143, 278, 30, 141, 196, 264, 231, 52, 222, 40, 125, 219, 65, 166, 192, 289, 45, 205, 89, 267, 90, 71, 167, 262, 281, 212, 96, 84, 127, 67, 294, 178, 288, 197, 21, 18, 111, 108, 58, 230, 188, 31, 110, 291, 129, 24, 204, 83, 81, 251, 60, 13, 128, 14, 86, 63, 117, 198, 274, 5, 22, 144, 258, 121, 38, 207, 148, 292, 41, 234, 237, 114, 202, 37, 149, 206, 155, 29, 130, 177, 194, 152, 34, 33, 239, 160, 140, 47, 244, 25, 282, 158, 211, 123, 190, 218, 164, 247, 263, 191, 220, 115, 242, 250, 124, 295, 95, 285, 225, 185]
2026-06-24 15:32:17,027 [dualprompt.py] => 86,282,796 model total parameters.
2026-06-24 15:32:17,028 [dualprompt.py] => 484,140 model training parameters.
2026-06-24 15:32:17,028 [dualprompt.py] => g_prompt: 15360
2026-06-24 15:32:17,028 [dualprompt.py] => e_prompt.prompt: 230400
2026-06-24 15:32:17,028 [dualprompt.py] => e_prompt.prompt_key: 7680
2026-06-24 15:32:17,028 [dualprompt.py] => head.weight: 230400
2026-06-24 15:32:17,040 [dualprompt.py] => head.bias: 300
2026-06-24 15:32:17,041 [trainer.py] => All params: 172312152
2026-06-24 15:32:17,052 [trainer.py] => Trainable params: 484140
2026-06-24 15:32:17,052 [dualprompt.py] => Learning on 0-150
2026-06-24 19:44:05,339 [dualprompt.py] => Task 0, Epoch 20/20 => Loss 0.417, Train_accy 86.69, Test_accy 84.70
2026-06-24 19:44:42,942 [trainer.py] => No NME accuracy.
2026-06-24 19:44:42,953 [trainer.py] => CNN: {'total': 84.7, '00-149': 84.7, 'old': 0, 'new': 84.7}
2026-06-24 19:44:42,953 [trainer.py] => CNN top1 curve: [84.7]
2026-06-24 19:44:42,953 [trainer.py] => CNN top5 curve: [96.93]
2026-06-24 19:44:42,953 [trainer.py] => Average Accuracy (CNN): 84.7
2026-06-24 19:44:42,955 [trainer.py] => All params: 172312152
2026-06-24 19:44:42,956 [trainer.py] => Trainable params: 484140
2026-06-24 19:44:42,956 [dualprompt.py] => Learning on 150-180
2026-06-24 20:37:40,914 [dualprompt.py] => Task 1, Epoch 20/20 => Loss 0.091, Train_accy 95.65, Test_accy 76.53
2026-06-24 20:38:26,555 [trainer.py] => No NME accuracy.
2026-06-24 20:38:26,567 [trainer.py] => CNN: {'total': 76.53, '00-149': 84.13, '150-179': 38.46, 'old': 84.13, 'new': 38.46}
2026-06-24 20:38:26,567 [trainer.py] => CNN top1 curve: [84.7, 76.53]
2026-06-24 20:38:26,568 [trainer.py] => CNN top5 curve: [96.93, 94.74]
2026-06-24 20:38:26,568 [trainer.py] => Average Accuracy (CNN): 80.62
2026-06-24 20:38:26,569 [trainer.py] => All params: 172312152
2026-06-24 20:38:26,570 [trainer.py] => Trainable params: 484140
2026-06-24 20:38:26,570 [dualprompt.py] => Learning on 180-210
2026-06-24 21:31:00,617 [dualprompt.py] => Task 2, Epoch 20/20 => Loss 0.107, Train_accy 94.84, Test_accy 71.93
2026-06-24 21:31:52,181 [trainer.py] => No NME accuracy.
2026-06-24 21:31:52,200 [trainer.py] => CNN: {'total': 71.93, '00-149': 83.97, '150-179': 37.96, '180-209': 45.56, 'old': 76.31, 'new': 45.56}
2026-06-24 21:31:52,201 [trainer.py] => CNN top1 curve: [84.7, 76.53, 71.93]
2026-06-24 21:31:52,201 [trainer.py] => CNN top5 curve: [96.93, 94.74, 92.29]
2026-06-24 21:31:52,204 [trainer.py] => Average Accuracy (CNN): 77.72
2026-06-24 21:31:52,206 [trainer.py] => All params: 172312152
2026-06-24 21:31:52,207 [trainer.py] => Trainable params: 484140
2026-06-24 21:31:52,207 [dualprompt.py] => Learning on 210-240
2026-06-24 22:27:35,919 [dualprompt.py] => Task 3, Epoch 20/20 => Loss 0.158, Train_accy 93.22, Test_accy 68.21
2026-06-24 22:28:34,127 [trainer.py] => No NME accuracy.
2026-06-24 22:28:34,143 [trainer.py] => CNN: {'total': 68.21, '00-149': 84.2, '150-179': 38.29, '180-209': 44.72, '210-239': 41.57, 'old': 72.02, 'new': 41.57}
2026-06-24 22:28:34,143 [trainer.py] => CNN top1 curve: [84.7, 76.53, 71.93, 68.21]
2026-06-24 22:28:34,143 [trainer.py] => CNN top5 curve: [96.93, 94.74, 92.29, 89.91]
2026-06-24 22:28:34,143 [trainer.py] => Average Accuracy (CNN): 75.34
2026-06-24 22:28:34,144 [trainer.py] => All params: 172312152
2026-06-24 22:28:34,145 [trainer.py] => Trainable params: 484140
2026-06-24 22:28:34,145 [dualprompt.py] => Learning on 240-270
2026-06-24 23:23:19,006 [dualprompt.py] => Task 4, Epoch 20/20 => Loss 0.056, Train_accy 96.85, Test_accy 65.49
2026-06-24 23:24:24,914 [trainer.py] => No NME accuracy.
2026-06-24 23:24:24,928 [trainer.py] => CNN: {'total': 65.49, '00-149': 83.87, '150-179': 37.96, '180-209': 44.89, '210-239': 42.9, '240-269': 44.24, 'old': 68.15, 'new': 44.24}
2026-06-24 23:24:24,928 [trainer.py] => CNN top1 curve: [84.7, 76.53, 71.93, 68.21, 65.49]
2026-06-24 23:24:24,928 [trainer.py] => CNN top5 curve: [96.93, 94.74, 92.29, 89.91, 89.72]
2026-06-24 23:24:24,928 [trainer.py] => Average Accuracy (CNN): 73.37
2026-06-24 23:24:24,930 [trainer.py] => All params: 172312152
2026-06-24 23:24:24,930 [trainer.py] => Trainable params: 484140
2026-06-24 23:24:24,931 [dualprompt.py] => Learning on 270-300
2026-06-25 00:18:18,891 [dualprompt.py] => Task 5, Epoch 20/20 => Loss 0.059, Train_accy 96.73, Test_accy 63.51
2026-06-25 00:18:54,346 [trainer.py] => No NME accuracy.
2026-06-25 00:18:54,354 [trainer.py] => CNN: {'total': 63.51, '00-149': 83.47, '150-179': 37.63, '180-209': 44.39, '210-239': 42.4, '240-269': 43.91, '270-299': 49.33, 'old': 65.08, 'new': 49.33}
2026-06-25 00:18:54,355 [trainer.py] => CNN top1 curve: [84.7, 76.53, 71.93, 68.21, 65.49, 63.51]
2026-06-25 00:18:54,355 [trainer.py] => CNN top5 curve: [96.93, 94.74, 92.29, 89.91, 89.72, 88.99]
2026-06-25 00:18:54,355 [trainer.py] => Average Accuracy (CNN): 71.73
