2026-06-25 12:08:15,523 [trainer.py] => config: ./configs/dualprompt/dualprompt_vtab_B0_Inc10.json
2026-06-25 12:08:15,523 [trainer.py] => prefix:  
2026-06-25 12:08:15,523 [trainer.py] => dataset: vtab
2026-06-25 12:08:15,523 [trainer.py] => memory_size: 0
2026-06-25 12:08:15,523 [trainer.py] => memory_per_class: 0
2026-06-25 12:08:15,523 [trainer.py] => fixed_memory: False
2026-06-25 12:08:15,524 [trainer.py] => shuffle: True
2026-06-25 12:08:15,524 [trainer.py] => init_cls: 10
2026-06-25 12:08:15,524 [trainer.py] => increment: 10
2026-06-25 12:08:15,524 [trainer.py] => model_name: dualprompt
2026-06-25 12:08:15,524 [trainer.py] => backbone_type: vit_base_patch16_224_in21k_dualprompt
2026-06-25 12:08:15,524 [trainer.py] => get_original_backbone: True
2026-06-25 12:08:15,524 [trainer.py] => device: [device(type='cuda', index=2)]
2026-06-25 12:08:15,524 [trainer.py] => seed: 1993
2026-06-25 12:08:15,524 [trainer.py] => tuned_epoch: 20
2026-06-25 12:08:15,524 [trainer.py] => init_lr: 0.001
2026-06-25 12:08:15,524 [trainer.py] => batch_size: 48
2026-06-25 12:08:15,524 [trainer.py] => weight_decay: 0
2026-06-25 12:08:15,524 [trainer.py] => min_lr: 1e-05
2026-06-25 12:08:15,524 [trainer.py] => optimizer: adam
2026-06-25 12:08:15,524 [trainer.py] => scheduler: constant
2026-06-25 12:08:15,524 [trainer.py] => reinit_optimizer: True
2026-06-25 12:08:15,524 [trainer.py] => global_pool: token
2026-06-25 12:08:15,524 [trainer.py] => head_type: token
2026-06-25 12:08:15,524 [trainer.py] => freeze: ['blocks', 'patch_embed', 'cls_token', 'norm', 'pos_embed']
2026-06-25 12:08:15,525 [trainer.py] => pretrained: True
2026-06-25 12:08:15,525 [trainer.py] => drop: 0.0
2026-06-25 12:08:15,525 [trainer.py] => drop_path: 0.0
2026-06-25 12:08:15,525 [trainer.py] => use_g_prompt: True
2026-06-25 12:08:15,525 [trainer.py] => g_prompt_length: 5
2026-06-25 12:08:15,525 [trainer.py] => g_prompt_layer_idx: [0, 1]
2026-06-25 12:08:15,525 [trainer.py] => use_prefix_tune_for_g_prompt: True
2026-06-25 12:08:15,525 [trainer.py] => use_e_prompt: True
2026-06-25 12:08:15,525 [trainer.py] => e_prompt_layer_idx: [2, 3, 4]
2026-06-25 12:08:15,525 [trainer.py] => use_prefix_tune_for_e_prompt: True
2026-06-25 12:08:15,525 [trainer.py] => prompt_pool: True
2026-06-25 12:08:15,525 [trainer.py] => size: 10
2026-06-25 12:08:15,525 [trainer.py] => length: 5
2026-06-25 12:08:15,525 [trainer.py] => top_k: 1
2026-06-25 12:08:15,525 [trainer.py] => initializer: uniform
2026-06-25 12:08:15,525 [trainer.py] => prompt_key: True
2026-06-25 12:08:15,525 [trainer.py] => prompt_key_init: uniform
2026-06-25 12:08:15,525 [trainer.py] => use_prompt_mask: True
2026-06-25 12:08:15,525 [trainer.py] => shared_prompt_pool: True
2026-06-25 12:08:15,525 [trainer.py] => shared_prompt_key: False
2026-06-25 12:08:15,525 [trainer.py] => batchwise_prompt: True
2026-06-25 12:08:15,525 [trainer.py] => embedding_key: cls
2026-06-25 12:08:15,526 [trainer.py] => predefined_key: 
2026-06-25 12:08:15,526 [trainer.py] => pull_constraint: True
2026-06-25 12:08:15,526 [trainer.py] => pull_constraint_coeff: 0.1
2026-06-25 12:08:15,526 [trainer.py] => same_key_value: False
2026-06-25 12:08:15,526 [trainer.py] => nb_classes: 50
2026-06-25 12:08:15,526 [trainer.py] => nb_tasks: 5
2026-06-25 12:08:15,747 [data_manager.py] => [43, 41, 23, 14, 13, 40, 42, 22, 16, 45, 17, 10, 27, 46, 35, 8, 2, 34, 1, 37, 21, 0, 18, 36, 38, 24, 12, 6, 15, 20, 25, 48, 30, 19, 44, 26, 7, 28, 11, 5, 32, 4, 9, 47, 39, 31, 3, 29, 49, 33]
2026-06-25 12:08:23,536 [dualprompt.py] => 86,090,546 model total parameters.
2026-06-25 12:08:23,536 [dualprompt.py] => 291,890 model training parameters.
2026-06-25 12:08:23,536 [dualprompt.py] => g_prompt: 15360
2026-06-25 12:08:23,536 [dualprompt.py] => e_prompt.prompt: 230400
2026-06-25 12:08:23,536 [dualprompt.py] => e_prompt.prompt_key: 7680
2026-06-25 12:08:23,537 [dualprompt.py] => head.weight: 38400
2026-06-25 12:08:23,537 [dualprompt.py] => head.bias: 50
2026-06-25 12:08:23,538 [trainer.py] => All params: 171927652
2026-06-25 12:08:23,539 [trainer.py] => Trainable params: 291890
2026-06-25 12:08:23,539 [dualprompt.py] => Learning on 0-10
2026-06-25 12:10:11,465 [dualprompt.py] => Task 0, Epoch 20/20 => Loss 0.032, Train_accy 99.38, Test_accy 99.15
2026-06-25 12:10:21,563 [trainer.py] => No NME accuracy.
2026-06-25 12:10:21,563 [trainer.py] => CNN: {'total': 99.15, '00-09': 99.15, 'old': 0, 'new': 99.15}
2026-06-25 12:10:21,564 [trainer.py] => CNN top1 curve: [99.15]
2026-06-25 12:10:21,564 [trainer.py] => CNN top5 curve: [100.0]
2026-06-25 12:10:21,564 [trainer.py] => Average Accuracy (CNN): 99.15
2026-06-25 12:10:21,565 [trainer.py] => All params: 171927652
2026-06-25 12:10:21,566 [trainer.py] => Trainable params: 291890
2026-06-25 12:10:21,566 [dualprompt.py] => Learning on 10-20
2026-06-25 12:15:07,380 [dualprompt.py] => Task 1, Epoch 20/20 => Loss 0.067, Train_accy 97.58, Test_accy 97.33
2026-06-25 12:15:40,330 [trainer.py] => No NME accuracy.
2026-06-25 12:15:40,330 [trainer.py] => CNN: {'total': 97.33, '00-09': 97.22, '10-19': 97.38, 'old': 97.22, 'new': 97.38}
2026-06-25 12:15:40,330 [trainer.py] => CNN top1 curve: [99.15, 97.33]
2026-06-25 12:15:40,330 [trainer.py] => CNN top5 curve: [100.0, 99.93]
2026-06-25 12:15:40,330 [trainer.py] => Average Accuracy (CNN): 98.24
2026-06-25 12:15:40,332 [trainer.py] => All params: 171927652
2026-06-25 12:15:40,333 [trainer.py] => Trainable params: 291890
2026-06-25 12:15:40,333 [dualprompt.py] => Learning on 20-30
2026-06-25 12:19:57,157 [dualprompt.py] => Task 2, Epoch 20/20 => Loss 0.074, Train_accy 97.53, Test_accy 90.33
2026-06-25 12:20:25,772 [trainer.py] => No NME accuracy.
2026-06-25 12:20:25,772 [trainer.py] => CNN: {'total': 90.33, '00-09': 89.47, '10-19': 91.44, '20-29': 89.41, 'old': 90.87, 'new': 89.41}
2026-06-25 12:20:25,772 [trainer.py] => CNN top1 curve: [99.15, 97.33, 90.33]
2026-06-25 12:20:25,772 [trainer.py] => CNN top5 curve: [100.0, 99.93, 99.55]
2026-06-25 12:20:25,772 [trainer.py] => Average Accuracy (CNN): 95.6
2026-06-25 12:20:25,774 [trainer.py] => All params: 171927652
2026-06-25 12:20:25,775 [trainer.py] => Trainable params: 291890
2026-06-25 12:20:25,775 [dualprompt.py] => Learning on 30-40
2026-06-25 12:26:23,525 [dualprompt.py] => Task 3, Epoch 20/20 => Loss 0.017, Train_accy 99.67, Test_accy 83.65
2026-06-25 12:27:28,321 [trainer.py] => No NME accuracy.
2026-06-25 12:27:28,339 [trainer.py] => CNN: {'total': 83.65, '00-09': 85.35, '10-19': 83.62, '20-29': 84.63, '30-39': 81.28, 'old': 84.31, 'new': 81.28}
2026-06-25 12:27:28,340 [trainer.py] => CNN top1 curve: [99.15, 97.33, 90.33, 83.65]
2026-06-25 12:27:28,340 [trainer.py] => CNN top5 curve: [100.0, 99.93, 99.55, 99.27]
2026-06-25 12:27:28,340 [trainer.py] => Average Accuracy (CNN): 92.62
2026-06-25 12:27:28,344 [trainer.py] => All params: 171927652
2026-06-25 12:27:28,347 [trainer.py] => Trainable params: 291890
2026-06-25 12:27:28,347 [dualprompt.py] => Learning on 40-50
2026-06-25 12:37:12,266 [dualprompt.py] => Task 4, Epoch 20/20 => Loss 0.054, Train_accy 97.65, Test_accy 79.05
2026-06-25 12:38:49,029 [trainer.py] => No NME accuracy.
2026-06-25 12:38:49,030 [trainer.py] => CNN: {'total': 79.05, '00-09': 85.11, '10-19': 75.26, '20-29': 75.02, '30-39': 74.24, '40-49': 84.32, 'old': 76.39, 'new': 84.32}
2026-06-25 12:38:49,030 [trainer.py] => CNN top1 curve: [99.15, 97.33, 90.33, 83.65, 79.05]
2026-06-25 12:38:49,030 [trainer.py] => CNN top5 curve: [100.0, 99.93, 99.55, 99.27, 98.42]
2026-06-25 12:38:49,030 [trainer.py] => Average Accuracy (CNN): 89.9
