2026-05-26 11:37:04,305 [trainer.py] => config: configs/inflora/inflora_cifar_B0_Inc20.json
2026-05-26 11:37:04,305 [trainer.py] => prefix: reproduce
2026-05-26 11:37:04,305 [trainer.py] => dataset: cifar224
2026-05-26 11:37:04,305 [trainer.py] => data_path: /public/home/hanlida/Dr.1/Dataset
2026-05-26 11:37:04,305 [trainer.py] => memory_size: 0
2026-05-26 11:37:04,305 [trainer.py] => memory_per_class: 0
2026-05-26 11:37:04,305 [trainer.py] => fixed_memory: True
2026-05-26 11:37:04,305 [trainer.py] => shuffle: True
2026-05-26 11:37:04,305 [trainer.py] => init_cls: 20
2026-05-26 11:37:04,305 [trainer.py] => increment: 20
2026-05-26 11:37:04,305 [trainer.py] => model_name: inflora
2026-05-26 11:37:04,305 [trainer.py] => net_type: sip
2026-05-26 11:37:04,305 [trainer.py] => embd_dim: 768
2026-05-26 11:37:04,305 [trainer.py] => num_heads: 12
2026-05-26 11:37:04,305 [trainer.py] => total_sessions: 5
2026-05-26 11:37:04,306 [trainer.py] => seed: 1993
2026-05-26 11:37:04,306 [trainer.py] => device: [device(type='cuda', index=2)]
2026-05-26 11:37:04,306 [trainer.py] => EPSILON: 1e-08
2026-05-26 11:37:04,306 [trainer.py] => init_epoch: 20
2026-05-26 11:37:04,306 [trainer.py] => optim: adam
2026-05-26 11:37:04,306 [trainer.py] => init_lr: 0.0005
2026-05-26 11:37:04,306 [trainer.py] => init_lr_decay: 0.1
2026-05-26 11:37:04,306 [trainer.py] => init_weight_decay: 0.0
2026-05-26 11:37:04,306 [trainer.py] => epochs: 20
2026-05-26 11:37:04,306 [trainer.py] => lrate: 0.0005
2026-05-26 11:37:04,306 [trainer.py] => lrate_decay: 0.1
2026-05-26 11:37:04,306 [trainer.py] => batch_size: 128
2026-05-26 11:37:04,306 [trainer.py] => weight_decay: 0.0
2026-05-26 11:37:04,306 [trainer.py] => rank: 10
2026-05-26 11:37:04,306 [trainer.py] => lamb: 0.95
2026-05-26 11:37:04,306 [trainer.py] => lame: 1.0
2026-05-26 11:37:04,306 [trainer.py] => num_workers: 16
2026-05-26 11:37:04,306 [trainer.py] => backbone_type: vit_base_patch16_224_in21k_inflora
2026-05-26 11:37:04,306 [trainer.py] => pretrained: True
2026-05-26 11:37:04,307 [trainer.py] => nb_classes: 100
2026-05-26 11:37:04,307 [trainer.py] => nb_tasks: 5
2026-05-26 11:37:05,758 [data_manager.py] => [68, 56, 78, 8, 23, 84, 90, 65, 74, 76, 40, 89, 3, 92, 55, 9, 26, 80, 43, 38, 58, 70, 77, 1, 85, 19, 17, 50, 28, 53, 13, 81, 45, 82, 6, 59, 83, 16, 15, 44, 91, 41, 72, 60, 79, 52, 20, 10, 31, 54, 37, 95, 14, 71, 96, 98, 97, 2, 64, 66, 42, 22, 35, 86, 24, 34, 87, 21, 99, 0, 88, 27, 18, 94, 11, 12, 47, 25, 30, 46, 62, 69, 36, 61, 7, 63, 75, 5, 32, 4, 51, 48, 73, 93, 39, 67, 29, 49, 57, 33]
2026-05-26 11:37:11,930 [trainer.py] => All params: 92554184
2026-05-26 11:37:11,931 [trainer.py] => Trainable params: 92554184
2026-05-26 11:37:11,931 [inflora.py] => Learning on 0-20
2026-05-26 13:33:55,328 [inflora.py] => Task 0, Epoch 20/20 => Loss 0.254, Train_accy 92.19
2026-05-26 13:40:11,016 [inflora.py] => Exemplar size: 0
2026-05-26 13:40:11,035 [trainer.py] => No NME accuracy.
2026-05-26 13:40:11,035 [trainer.py] => CNN: {'total': 98.4, '00-19': 98.4, 'old': 0, 'new': 98.4}
2026-05-26 13:40:11,036 [trainer.py] => CNN top1 curve: [98.4]
2026-05-26 13:40:11,036 [trainer.py] => CNN top5 curve: [98.4]
2026-05-26 13:40:11,036 [trainer.py] => Average Accuracy (CNN): 98.4
2026-05-26 13:40:11,040 [trainer.py] => All params: 92554184
2026-05-26 13:40:11,044 [trainer.py] => Trainable params: 199700
2026-05-26 13:40:11,044 [inflora.py] => Learning on 20-40
2026-05-26 15:36:47,917 [inflora.py] => Task 1, Epoch 20/20 => Loss 0.203, Train_accy 93.81
2026-05-26 15:43:48,946 [inflora.py] => Exemplar size: 0
2026-05-26 15:43:48,975 [trainer.py] => No NME accuracy.
2026-05-26 15:43:48,975 [trainer.py] => CNN: {'total': 95.95, '00-19': 95.85, '20-39': 96.05, 'old': 95.85, 'new': 96.05}
2026-05-26 15:43:48,975 [trainer.py] => CNN top1 curve: [98.4, 95.95]
2026-05-26 15:43:48,975 [trainer.py] => CNN top5 curve: [98.4, 95.95]
2026-05-26 15:43:48,976 [trainer.py] => Average Accuracy (CNN): 97.18
2026-05-26 15:43:48,979 [trainer.py] => All params: 92554184
2026-05-26 15:43:48,982 [trainer.py] => Trainable params: 199700
2026-05-26 15:43:48,982 [inflora.py] => Learning on 40-60
2026-05-26 17:41:05,302 [inflora.py] => Task 2, Epoch 20/20 => Loss 0.211, Train_accy 93.26
2026-05-26 17:48:34,837 [inflora.py] => Exemplar size: 0
2026-05-26 17:48:34,861 [trainer.py] => No NME accuracy.
2026-05-26 17:48:34,861 [trainer.py] => CNN: {'total': 93.23, '00-19': 93.35, '20-39': 93.7, '40-59': 92.65, 'old': 93.52, 'new': 92.65}
2026-05-26 17:48:34,861 [trainer.py] => CNN top1 curve: [98.4, 95.95, 93.23]
2026-05-26 17:48:34,861 [trainer.py] => CNN top5 curve: [98.4, 95.95, 93.23]
2026-05-26 17:48:34,861 [trainer.py] => Average Accuracy (CNN): 95.86
2026-05-26 17:48:34,864 [trainer.py] => All params: 92554184
2026-05-26 17:48:34,866 [trainer.py] => Trainable params: 199700
2026-05-26 17:48:34,866 [inflora.py] => Learning on 60-80
2026-05-26 19:46:00,596 [inflora.py] => Task 3, Epoch 20/20 => Loss 0.214, Train_accy 93.22
2026-05-26 19:54:00,707 [inflora.py] => Exemplar size: 0
2026-05-26 19:54:00,731 [trainer.py] => No NME accuracy.
2026-05-26 19:54:00,731 [trainer.py] => CNN: {'total': 90.1, '00-19': 93.15, '20-39': 92.5, '40-59': 87.6, '60-79': 87.15, 'old': 91.08, 'new': 87.15}
2026-05-26 19:54:00,731 [trainer.py] => CNN top1 curve: [98.4, 95.95, 93.23, 90.1]
2026-05-26 19:54:00,731 [trainer.py] => CNN top5 curve: [98.4, 95.95, 93.23, 90.1]
2026-05-26 19:54:00,731 [trainer.py] => Average Accuracy (CNN): 94.42
2026-05-26 19:54:00,734 [trainer.py] => All params: 92554184
2026-05-26 19:54:00,735 [trainer.py] => Trainable params: 199700
2026-05-26 19:54:00,735 [inflora.py] => Learning on 80-100
2026-05-26 21:51:10,259 [inflora.py] => Task 4, Epoch 20/20 => Loss 0.208, Train_accy 93.57
2026-05-26 21:59:40,254 [inflora.py] => Exemplar size: 0
2026-05-26 21:59:40,284 [trainer.py] => No NME accuracy.
2026-05-26 21:59:40,284 [trainer.py] => CNN: {'total': 89.2, '00-19': 91.95, '20-39': 91.65, '40-59': 85.6, '60-79': 86.25, '80-99': 90.55, 'old': 88.86, 'new': 90.55}
2026-05-26 21:59:40,285 [trainer.py] => CNN top1 curve: [98.4, 95.95, 93.23, 90.1, 89.2]
2026-05-26 21:59:40,285 [trainer.py] => CNN top5 curve: [98.4, 95.95, 93.23, 90.1, 89.2]
2026-05-26 21:59:40,285 [trainer.py] => Average Accuracy (CNN): 93.38
