2026-05-24 17:05:36,199 [trainer.py] => config: ./configs/foster/foster_cifar_B0_Inc20.json
2026-05-24 17:05:36,199 [trainer.py] => prefix: cil
2026-05-24 17:05:36,199 [trainer.py] => dataset: cifar224
2026-05-24 17:05:36,199 [trainer.py] => memory_size: 2000
2026-05-24 17:05:36,199 [trainer.py] => memory_per_class: 20
2026-05-24 17:05:36,199 [trainer.py] => fixed_memory: False
2026-05-24 17:05:36,199 [trainer.py] => shuffle: True
2026-05-24 17:05:36,199 [trainer.py] => init_cls: 20
2026-05-24 17:05:36,199 [trainer.py] => increment: 20
2026-05-24 17:05:36,199 [trainer.py] => model_name: foster
2026-05-24 17:05:36,199 [trainer.py] => backbone_type: vit_base_patch16_224_in21k
2026-05-24 17:05:36,199 [trainer.py] => device: [device(type='cuda', index=2)]
2026-05-24 17:05:36,199 [trainer.py] => seed: 1993
2026-05-24 17:05:36,199 [trainer.py] => beta1: 0.96
2026-05-24 17:05:36,199 [trainer.py] => beta2: 0.97
2026-05-24 17:05:36,199 [trainer.py] => oofc: ft
2026-05-24 17:05:36,200 [trainer.py] => is_teacher_wa: False
2026-05-24 17:05:36,200 [trainer.py] => is_student_wa: False
2026-05-24 17:05:36,200 [trainer.py] => lambda_okd: 1
2026-05-24 17:05:36,200 [trainer.py] => wa_value: 1
2026-05-24 17:05:36,200 [trainer.py] => init_epochs: 20
2026-05-24 17:05:36,200 [trainer.py] => init_lr: 0.001
2026-05-24 17:05:36,200 [trainer.py] => init_weight_decay: 0.0005
2026-05-24 17:05:36,200 [trainer.py] => boosting_epochs: 20
2026-05-24 17:05:36,200 [trainer.py] => compression_epochs: 20
2026-05-24 17:05:36,200 [trainer.py] => lr: 0.001
2026-05-24 17:05:36,200 [trainer.py] => batch_size: 48
2026-05-24 17:05:36,200 [trainer.py] => weight_decay: 0.0005
2026-05-24 17:05:36,200 [trainer.py] => num_workers: 8
2026-05-24 17:05:36,200 [trainer.py] => T: 2
2026-05-24 17:05:36,200 [trainer.py] => nb_classes: 100
2026-05-24 17:05:36,200 [trainer.py] => nb_tasks: 5
2026-05-24 17:05:37,476 [data_manager.py] => [68, 56, 78, 8, 23, 84, 90, 65, 74, 76, 40, 89, 3, 92, 55, 9, 26, 80, 43, 38, 58, 70, 77, 1, 85, 19, 17, 50, 28, 53, 13, 81, 45, 82, 6, 59, 83, 16, 15, 44, 91, 41, 72, 60, 79, 52, 20, 10, 31, 54, 37, 95, 14, 71, 96, 98, 97, 2, 64, 66, 42, 22, 35, 86, 24, 34, 87, 21, 99, 0, 88, 27, 18, 94, 11, 12, 47, 25, 30, 46, 62, 69, 36, 61, 7, 63, 75, 5, 32, 4, 51, 48, 73, 93, 39, 67, 29, 49, 57, 33]
2026-05-24 17:05:37,561 [trainer.py] => All params: 0
2026-05-24 17:05:37,561 [trainer.py] => Trainable params: 0
2026-05-24 17:05:41,151 [foster.py] => Learning on 0-20
2026-05-24 17:05:41,152 [foster.py] => All params: 85829416
2026-05-24 17:05:41,152 [foster.py] => Trainable params: 85829416
2026-05-24 19:16:09,949 [foster.py] => Task 0, Epoch 20/20 => Loss 0.198, Train_accy 93.90
2026-05-24 19:16:09,969 [base.py] => Reducing exemplars...(100 per classes)
2026-05-24 19:16:09,969 [base.py] => Constructing exemplars...(100 per classes)
2026-05-24 19:19:51,736 [foster.py] => Exemplar size: 2000
2026-05-24 19:19:51,736 [trainer.py] => CNN: {'total': 97.95, '00-19': 97.95, 'old': 0, 'new': 97.95}
2026-05-24 19:19:51,736 [trainer.py] => NME: {'total': 97.4, '00-19': 97.4, 'old': 0, 'new': 97.4}
2026-05-24 19:19:51,737 [trainer.py] => CNN top1 curve: [97.95]
2026-05-24 19:19:51,737 [trainer.py] => CNN top5 curve: [99.8]
2026-05-24 19:19:51,737 [trainer.py] => NME top1 curve: [97.4]
2026-05-24 19:19:51,737 [trainer.py] => NME top5 curve: [99.8]
2026-05-24 19:19:51,737 [trainer.py] => Average Accuracy (CNN): 97.95
2026-05-24 19:19:51,737 [trainer.py] => Average Accuracy (NME): 97.4
2026-05-24 19:19:51,739 [trainer.py] => All params: 85829416
2026-05-24 19:19:51,740 [trainer.py] => Trainable params: 85829416
2026-05-24 19:19:55,503 [foster.py] => Learning on 20-40
2026-05-24 19:19:55,505 [foster.py] => All params: 171704932
2026-05-24 19:19:55,506 [foster.py] => Trainable params: 85890896
2026-05-24 19:19:56,520 [foster.py] => per cls weights : [1.00850692 1.00850692 1.00850692 1.00850692 1.00850692 1.00850692
 1.00850692 1.00850692 1.00850692 1.00850692 1.00850692 1.00850692
 1.00850692 1.00850692 1.00850692 1.00850692 1.00850692 1.00850692
 1.00850692 1.00850692 0.99149308 0.99149308 0.99149308 0.99149308
 0.99149308 0.99149308 0.99149308 0.99149308 0.99149308 0.99149308
 0.99149308 0.99149308 0.99149308 0.99149308 0.99149308 0.99149308
 0.99149308 0.99149308 0.99149308 0.99149308]
2026-05-24 22:52:30,878 [foster.py] => Task 1, Epoch 20/20 => Loss 1.799, Loss_clf 0.230, Loss_fe 0.220, Loss_kd 0.674, Train_accy 93.21
2026-05-24 22:52:30,893 [foster.py] => do not weight align teacher!
2026-05-24 22:52:30,896 [foster.py] => per cls weights : [1.02435533 1.02435533 1.02435533 1.02435533 1.02435533 1.02435533
 1.02435533 1.02435533 1.02435533 1.02435533 1.02435533 1.02435533
 1.02435533 1.02435533 1.02435533 1.02435533 1.02435533 1.02435533
 1.02435533 1.02435533 0.97564467 0.97564467 0.97564467 0.97564467
 0.97564467 0.97564467 0.97564467 0.97564467 0.97564467 0.97564467
 0.97564467 0.97564467 0.97564467 0.97564467 0.97564467 0.97564467
 0.97564467 0.97564467 0.97564467 0.97564467]
2026-05-25 03:11:33,454 [foster.py] => SNet: Task 1, Epoch 20/20 => Loss 0.650,  Train_accy 92.27
2026-05-25 03:11:33,478 [foster.py] => do not weight align student!
2026-05-25 03:12:27,024 [foster.py] => darknet eval: 
2026-05-25 03:12:27,024 [foster.py] => CNN top1 curve: 95.42
2026-05-25 03:12:27,025 [foster.py] => CNN top5 curve: 99.5
2026-05-25 03:12:27,028 [base.py] => Reducing exemplars...(50 per classes)
2026-05-25 03:12:59,679 [base.py] => Constructing exemplars...(50 per classes)
2026-05-25 03:21:26,793 [foster.py] => Exemplar size: 2000
2026-05-25 03:21:26,823 [trainer.py] => CNN: {'total': 95.05, '00-19': 92.35, '20-39': 97.75, 'old': 92.35, 'new': 97.75}
2026-05-25 03:21:26,823 [trainer.py] => NME: {'total': 95.62, '00-19': 94.95, '20-39': 96.3, 'old': 94.95, 'new': 96.3}
2026-05-25 03:21:26,823 [trainer.py] => CNN top1 curve: [97.95, 95.05]
2026-05-25 03:21:26,823 [trainer.py] => CNN top5 curve: [99.8, 99.38]
2026-05-25 03:21:26,823 [trainer.py] => NME top1 curve: [97.4, 95.62]
2026-05-25 03:21:26,823 [trainer.py] => NME top5 curve: [99.8, 99.55]
2026-05-25 03:21:26,823 [trainer.py] => Average Accuracy (CNN): 96.5
2026-05-25 03:21:26,823 [trainer.py] => Average Accuracy (NME): 96.51
2026-05-25 03:21:26,825 [trainer.py] => All params: 171704932
2026-05-25 03:21:26,826 [trainer.py] => Trainable params: 85890896
2026-05-25 03:21:30,625 [foster.py] => Learning on 40-60
2026-05-25 03:21:30,627 [foster.py] => All params: 171766432
2026-05-25 03:21:30,628 [foster.py] => Trainable params: 85937016
2026-05-25 03:21:31,643 [foster.py] => per cls weights : [1.04525457 1.04525457 1.04525457 1.04525457 1.04525457 1.04525457
 1.04525457 1.04525457 1.04525457 1.04525457 1.04525457 1.04525457
 1.04525457 1.04525457 1.04525457 1.04525457 1.04525457 1.04525457
 1.04525457 1.04525457 1.04525457 1.04525457 1.04525457 1.04525457
 1.04525457 1.04525457 1.04525457 1.04525457 1.04525457 1.04525457
 1.04525457 1.04525457 1.04525457 1.04525457 1.04525457 1.04525457
 1.04525457 1.04525457 1.04525457 1.04525457 0.90949085 0.90949085
 0.90949085 0.90949085 0.90949085 0.90949085 0.90949085 0.90949085
 0.90949085 0.90949085 0.90949085 0.90949085 0.90949085 0.90949085
 0.90949085 0.90949085 0.90949085 0.90949085 0.90949085 0.90949085]
2026-05-25 06:55:09,900 [foster.py] => Task 2, Epoch 20/20 => Loss 2.296, Loss_clf 0.260, Loss_fe 0.243, Loss_kd 1.196, Train_accy 92.26
2026-05-25 06:55:09,912 [foster.py] => do not weight align teacher!
2026-05-25 06:55:09,917 [foster.py] => per cls weights : [1.07838623 1.07838623 1.07838623 1.07838623 1.07838623 1.07838623
 1.07838623 1.07838623 1.07838623 1.07838623 1.07838623 1.07838623
 1.07838623 1.07838623 1.07838623 1.07838623 1.07838623 1.07838623
 1.07838623 1.07838623 1.07838623 1.07838623 1.07838623 1.07838623
 1.07838623 1.07838623 1.07838623 1.07838623 1.07838623 1.07838623
 1.07838623 1.07838623 1.07838623 1.07838623 1.07838623 1.07838623
 1.07838623 1.07838623 1.07838623 1.07838623 0.84322753 0.84322753
 0.84322753 0.84322753 0.84322753 0.84322753 0.84322753 0.84322753
 0.84322753 0.84322753 0.84322753 0.84322753 0.84322753 0.84322753
 0.84322753 0.84322753 0.84322753 0.84322753 0.84322753 0.84322753]
2026-05-25 11:15:49,673 [foster.py] => SNet: Task 2, Epoch 20/20 => Loss 0.896,  Train_accy 91.04
2026-05-25 11:15:49,680 [foster.py] => do not weight align student!
2026-05-25 11:17:10,192 [foster.py] => darknet eval: 
2026-05-25 11:17:10,208 [foster.py] => CNN top1 curve: 93.52
2026-05-25 11:17:10,208 [foster.py] => CNN top5 curve: 99.18
2026-05-25 11:17:10,211 [base.py] => Reducing exemplars...(33 per classes)
2026-05-25 11:17:57,658 [base.py] => Constructing exemplars...(33 per classes)
2026-05-25 11:28:01,166 [foster.py] => Exemplar size: 1980
2026-05-25 11:28:01,203 [trainer.py] => CNN: {'total': 92.93, '00-19': 89.25, '20-39': 93.85, '40-59': 95.7, 'old': 91.55, 'new': 95.7}
2026-05-25 11:28:01,203 [trainer.py] => NME: {'total': 93.33, '00-19': 91.8, '20-39': 94.15, '40-59': 94.05, 'old': 92.98, 'new': 94.05}
2026-05-25 11:28:01,203 [trainer.py] => CNN top1 curve: [97.95, 95.05, 92.93]
2026-05-25 11:28:01,203 [trainer.py] => CNN top5 curve: [99.8, 99.38, 99.05]
2026-05-25 11:28:01,203 [trainer.py] => NME top1 curve: [97.4, 95.62, 93.33]
2026-05-25 11:28:01,203 [trainer.py] => NME top5 curve: [99.8, 99.55, 99.52]
2026-05-25 11:28:01,203 [trainer.py] => Average Accuracy (CNN): 95.31
2026-05-25 11:28:01,203 [trainer.py] => Average Accuracy (NME): 95.45
2026-05-25 11:28:01,205 [trainer.py] => All params: 171766432
2026-05-25 11:28:01,206 [trainer.py] => Trainable params: 85937016
2026-05-25 11:28:05,270 [foster.py] => Learning on 60-80
2026-05-25 11:28:05,272 [foster.py] => All params: 171827932
2026-05-25 11:28:05,273 [foster.py] => Trainable params: 85983136
2026-05-25 11:28:06,262 [foster.py] => per cls weights : [1.06951484 1.06951484 1.06951484 1.06951484 1.06951484 1.06951484
 1.06951484 1.06951484 1.06951484 1.06951484 1.06951484 1.06951484
 1.06951484 1.06951484 1.06951484 1.06951484 1.06951484 1.06951484
 1.06951484 1.06951484 1.06951484 1.06951484 1.06951484 1.06951484
 1.06951484 1.06951484 1.06951484 1.06951484 1.06951484 1.06951484
 1.06951484 1.06951484 1.06951484 1.06951484 1.06951484 1.06951484
 1.06951484 1.06951484 1.06951484 1.06951484 1.06951484 1.06951484
 1.06951484 1.06951484 1.06951484 1.06951484 1.06951484 1.06951484
 1.06951484 1.06951484 1.06951484 1.06951484 1.06951484 1.06951484
 1.06951484 1.06951484 1.06951484 1.06951484 1.06951484 1.06951484
 0.79145549 0.79145549 0.79145549 0.79145549 0.79145549 0.79145549
 0.79145549 0.79145549 0.79145549 0.79145549 0.79145549 0.79145549
 0.79145549 0.79145549 0.79145549 0.79145549 0.79145549 0.79145549
 0.79145549 0.79145549]
2026-05-25 15:06:16,353 [foster.py] => Task 3, Epoch 20/20 => Loss 2.329, Loss_clf 0.260, Loss_fe 0.242, Loss_kd 1.370, Train_accy 89.29
2026-05-25 15:06:16,362 [foster.py] => do not weight align teacher!
2026-05-25 15:06:16,365 [foster.py] => per cls weights : [1.10071193 1.10071193 1.10071193 1.10071193 1.10071193 1.10071193
 1.10071193 1.10071193 1.10071193 1.10071193 1.10071193 1.10071193
 1.10071193 1.10071193 1.10071193 1.10071193 1.10071193 1.10071193
 1.10071193 1.10071193 1.10071193 1.10071193 1.10071193 1.10071193
 1.10071193 1.10071193 1.10071193 1.10071193 1.10071193 1.10071193
 1.10071193 1.10071193 1.10071193 1.10071193 1.10071193 1.10071193
 1.10071193 1.10071193 1.10071193 1.10071193 1.10071193 1.10071193
 1.10071193 1.10071193 1.10071193 1.10071193 1.10071193 1.10071193
 1.10071193 1.10071193 1.10071193 1.10071193 1.10071193 1.10071193
 1.10071193 1.10071193 1.10071193 1.10071193 1.10071193 1.10071193
 0.69786421 0.69786421 0.69786421 0.69786421 0.69786421 0.69786421
 0.69786421 0.69786421 0.69786421 0.69786421 0.69786421 0.69786421
 0.69786421 0.69786421 0.69786421 0.69786421 0.69786421 0.69786421
 0.69786421 0.69786421]
2026-05-25 19:28:05,087 [foster.py] => SNet: Task 3, Epoch 20/20 => Loss 1.161,  Train_accy 84.57
2026-05-25 19:28:05,101 [foster.py] => do not weight align student!
2026-05-25 19:29:49,938 [foster.py] => darknet eval: 
2026-05-25 19:29:49,950 [foster.py] => CNN top1 curve: 91.75
2026-05-25 19:29:49,950 [foster.py] => CNN top5 curve: 99.12
2026-05-25 19:29:49,952 [base.py] => Reducing exemplars...(25 per classes)
2026-05-25 19:30:49,780 [base.py] => Constructing exemplars...(25 per classes)
2026-05-25 19:42:13,305 [foster.py] => Exemplar size: 2000
2026-05-25 19:42:13,327 [trainer.py] => CNN: {'total': 91.7, '00-19': 90.05, '20-39': 94.65, '40-59': 91.1, '60-79': 91.0, 'old': 91.93, 'new': 91.0}
2026-05-25 19:42:13,327 [trainer.py] => NME: {'total': 91.51, '00-19': 91.55, '20-39': 94.1, '40-59': 88.0, '60-79': 92.4, 'old': 91.22, 'new': 92.4}
2026-05-25 19:42:13,327 [trainer.py] => CNN top1 curve: [97.95, 95.05, 92.93, 91.7]
2026-05-25 19:42:13,327 [trainer.py] => CNN top5 curve: [99.8, 99.38, 99.05, 99.04]
2026-05-25 19:42:13,328 [trainer.py] => NME top1 curve: [97.4, 95.62, 93.33, 91.51]
2026-05-25 19:42:13,328 [trainer.py] => NME top5 curve: [99.8, 99.55, 99.52, 99.45]
2026-05-25 19:42:13,328 [trainer.py] => Average Accuracy (CNN): 94.41
2026-05-25 19:42:13,328 [trainer.py] => Average Accuracy (NME): 94.46
2026-05-25 19:42:13,330 [trainer.py] => All params: 171827932
2026-05-25 19:42:13,332 [trainer.py] => Trainable params: 85983136
2026-05-25 19:42:18,145 [foster.py] => Learning on 80-100
2026-05-25 19:42:18,147 [foster.py] => All params: 171889432
2026-05-25 19:42:18,148 [foster.py] => Trainable params: 86029256
2026-05-25 19:42:18,894 [foster.py] => per cls weights : [1.07767835 1.07767835 1.07767835 1.07767835 1.07767835 1.07767835
 1.07767835 1.07767835 1.07767835 1.07767835 1.07767835 1.07767835
 1.07767835 1.07767835 1.07767835 1.07767835 1.07767835 1.07767835
 1.07767835 1.07767835 1.07767835 1.07767835 1.07767835 1.07767835
 1.07767835 1.07767835 1.07767835 1.07767835 1.07767835 1.07767835
 1.07767835 1.07767835 1.07767835 1.07767835 1.07767835 1.07767835
 1.07767835 1.07767835 1.07767835 1.07767835 1.07767835 1.07767835
 1.07767835 1.07767835 1.07767835 1.07767835 1.07767835 1.07767835
 1.07767835 1.07767835 1.07767835 1.07767835 1.07767835 1.07767835
 1.07767835 1.07767835 1.07767835 1.07767835 1.07767835 1.07767835
 1.07767835 1.07767835 1.07767835 1.07767835 1.07767835 1.07767835
 1.07767835 1.07767835 1.07767835 1.07767835 1.07767835 1.07767835
 1.07767835 1.07767835 1.07767835 1.07767835 1.07767835 1.07767835
 1.07767835 1.07767835 0.68928661 0.68928661 0.68928661 0.68928661
 0.68928661 0.68928661 0.68928661 0.68928661 0.68928661 0.68928661
 0.68928661 0.68928661 0.68928661 0.68928661 0.68928661 0.68928661
 0.68928661 0.68928661 0.68928661 0.68928661]
2026-05-25 23:22:35,685 [foster.py] => Task 4, Epoch 20/20 => Loss 2.630, Loss_clf 0.271, Loss_fe 0.252, Loss_kd 1.686, Train_accy 83.39
2026-05-25 23:22:35,696 [foster.py] => do not weight align teacher!
2026-05-25 23:22:35,701 [foster.py] => per cls weights : [1.10301613 1.10301613 1.10301613 1.10301613 1.10301613 1.10301613
 1.10301613 1.10301613 1.10301613 1.10301613 1.10301613 1.10301613
 1.10301613 1.10301613 1.10301613 1.10301613 1.10301613 1.10301613
 1.10301613 1.10301613 1.10301613 1.10301613 1.10301613 1.10301613
 1.10301613 1.10301613 1.10301613 1.10301613 1.10301613 1.10301613
 1.10301613 1.10301613 1.10301613 1.10301613 1.10301613 1.10301613
 1.10301613 1.10301613 1.10301613 1.10301613 1.10301613 1.10301613
 1.10301613 1.10301613 1.10301613 1.10301613 1.10301613 1.10301613
 1.10301613 1.10301613 1.10301613 1.10301613 1.10301613 1.10301613
 1.10301613 1.10301613 1.10301613 1.10301613 1.10301613 1.10301613
 1.10301613 1.10301613 1.10301613 1.10301613 1.10301613 1.10301613
 1.10301613 1.10301613 1.10301613 1.10301613 1.10301613 1.10301613
 1.10301613 1.10301613 1.10301613 1.10301613 1.10301613 1.10301613
 1.10301613 1.10301613 0.5879355  0.5879355  0.5879355  0.5879355
 0.5879355  0.5879355  0.5879355  0.5879355  0.5879355  0.5879355
 0.5879355  0.5879355  0.5879355  0.5879355  0.5879355  0.5879355
 0.5879355  0.5879355  0.5879355  0.5879355 ]
2026-05-26 03:48:04,562 [foster.py] => SNet: Task 4, Epoch 20/20 => Loss 1.598,  Train_accy 74.65
2026-05-26 03:48:04,581 [foster.py] => do not weight align student!
2026-05-26 03:50:17,875 [foster.py] => darknet eval: 
2026-05-26 03:50:17,876 [foster.py] => CNN top1 curve: 89.19
2026-05-26 03:50:17,876 [foster.py] => CNN top5 curve: 98.94
2026-05-26 03:50:17,877 [base.py] => Reducing exemplars...(20 per classes)
2026-05-26 03:51:24,543 [base.py] => Constructing exemplars...(20 per classes)
2026-05-26 04:04:43,341 [foster.py] => Exemplar size: 2000
2026-05-26 04:04:43,342 [trainer.py] => CNN: {'total': 89.87, '00-19': 89.6, '20-39': 93.65, '40-59': 90.05, '60-79': 90.7, '80-99': 85.35, 'old': 91.0, 'new': 85.35}
2026-05-26 04:04:43,342 [trainer.py] => NME: {'total': 90.58, '00-19': 89.95, '20-39': 93.3, '40-59': 87.25, '60-79': 88.9, '80-99': 93.5, 'old': 89.85, 'new': 93.5}
2026-05-26 04:04:43,342 [trainer.py] => CNN top1 curve: [97.95, 95.05, 92.93, 91.7, 89.87]
2026-05-26 04:04:43,342 [trainer.py] => CNN top5 curve: [99.8, 99.38, 99.05, 99.04, 98.94]
2026-05-26 04:04:43,342 [trainer.py] => NME top1 curve: [97.4, 95.62, 93.33, 91.51, 90.58]
2026-05-26 04:04:43,342 [trainer.py] => NME top5 curve: [99.8, 99.55, 99.52, 99.45, 99.04]
2026-05-26 04:04:43,342 [trainer.py] => Average Accuracy (CNN): 93.5
2026-05-26 04:04:43,342 [trainer.py] => Average Accuracy (NME): 93.69
