2026-05-29 05:01:15,805 [trainer.py] => config: ./configs/l2p/l2p_cub_B0_Inc5.json
2026-05-29 05:01:15,806 [trainer.py] => prefix:  
2026-05-29 05:01:15,806 [trainer.py] => dataset: cub
2026-05-29 05:01:15,806 [trainer.py] => memory_size: 0
2026-05-29 05:01:15,806 [trainer.py] => memory_per_class: 0
2026-05-29 05:01:15,806 [trainer.py] => fixed_memory: False
2026-05-29 05:01:15,806 [trainer.py] => shuffle: True
2026-05-29 05:01:15,806 [trainer.py] => init_cls: 5
2026-05-29 05:01:15,806 [trainer.py] => increment: 5
2026-05-29 05:01:15,806 [trainer.py] => model_name: l2p
2026-05-29 05:01:15,806 [trainer.py] => backbone_type: vit_base_patch16_224_in21k_l2p
2026-05-29 05:01:15,806 [trainer.py] => get_original_backbone: True
2026-05-29 05:01:15,806 [trainer.py] => device: [device(type='cuda', index=2)]
2026-05-29 05:01:15,806 [trainer.py] => seed: 1993
2026-05-29 05:01:15,806 [trainer.py] => tuned_epoch: 20
2026-05-29 05:01:15,806 [trainer.py] => init_lr: 0.001875
2026-05-29 05:01:15,807 [trainer.py] => batch_size: 48
2026-05-29 05:01:15,807 [trainer.py] => weight_decay: 0
2026-05-29 05:01:15,807 [trainer.py] => min_lr: 1e-05
2026-05-29 05:01:15,807 [trainer.py] => optimizer: adam
2026-05-29 05:01:15,807 [trainer.py] => scheduler: constant
2026-05-29 05:01:15,807 [trainer.py] => reinit_optimizer: True
2026-05-29 05:01:15,807 [trainer.py] => global_pool: token
2026-05-29 05:01:15,807 [trainer.py] => head_type: prompt
2026-05-29 05:01:15,807 [trainer.py] => freeze: ['blocks', 'patch_embed', 'cls_token', 'norm', 'pos_embed']
2026-05-29 05:01:15,807 [trainer.py] => pretrained: True
2026-05-29 05:01:15,807 [trainer.py] => drop: 0.0
2026-05-29 05:01:15,807 [trainer.py] => drop_path: 0.0
2026-05-29 05:01:15,807 [trainer.py] => prompt_pool: True
2026-05-29 05:01:15,807 [trainer.py] => size: 10
2026-05-29 05:01:15,807 [trainer.py] => length: 5
2026-05-29 05:01:15,807 [trainer.py] => top_k: 5
2026-05-29 05:01:15,807 [trainer.py] => initializer: uniform
2026-05-29 05:01:15,808 [trainer.py] => prompt_key: True
2026-05-29 05:01:15,808 [trainer.py] => prompt_key_init: uniform
2026-05-29 05:01:15,808 [trainer.py] => use_prompt_mask: False
2026-05-29 05:01:15,808 [trainer.py] => shared_prompt_pool: False
2026-05-29 05:01:15,808 [trainer.py] => shared_prompt_key: False
2026-05-29 05:01:15,808 [trainer.py] => batchwise_prompt: True
2026-05-29 05:01:15,808 [trainer.py] => embedding_key: cls
2026-05-29 05:01:15,808 [trainer.py] => predefined_key: 
2026-05-29 05:01:15,808 [trainer.py] => pull_constraint: True
2026-05-29 05:01:15,808 [trainer.py] => pull_constraint_coeff: 0.1
2026-05-29 05:01:15,808 [trainer.py] => nb_classes: 200
2026-05-29 05:01:15,808 [trainer.py] => nb_tasks: 40
2026-05-29 05:01:15,851 [data_manager.py] => [168, 136, 51, 9, 183, 101, 171, 99, 42, 159, 191, 70, 16, 188, 27, 10, 175, 26, 68, 187, 98, 6, 85, 35, 112, 43, 100, 0, 103, 181, 88, 59, 4, 2, 116, 174, 94, 80, 106, 1, 147, 17, 141, 131, 72, 23, 173, 54, 197, 118, 87, 32, 79, 104, 91, 19, 135, 107, 178, 36, 11, 199, 142, 8, 122, 3, 28, 57, 153, 172, 190, 56, 49, 44, 97, 62, 151, 169, 194, 55, 192, 12, 189, 78, 66, 180, 15, 137, 109, 134, 92, 119, 126, 52, 170, 40, 148, 65, 144, 64, 138, 45, 77, 89, 154, 90, 71, 193, 74, 30, 113, 143, 96, 84, 67, 50, 186, 156, 69, 21, 18, 111, 108, 58, 125, 157, 150, 110, 182, 129, 166, 83, 81, 60, 13, 165, 14, 176, 63, 117, 5, 22, 145, 121, 38, 41, 82, 127, 114, 20, 31, 53, 37, 163, 196, 130, 152, 162, 86, 76, 24, 34, 184, 149, 33, 128, 198, 155, 146, 167, 139, 120, 140, 102, 47, 25, 158, 123, 46, 164, 61, 7, 115, 75, 133, 160, 105, 132, 179, 124, 48, 73, 93, 39, 95, 195, 29, 177, 185, 161]
2026-05-29 05:01:17,028 [vit_l2p.py] => Resized position embedding: torch.Size([1, 197, 768]) to torch.Size([1, 222, 768])
2026-05-29 05:01:17,029 [vit_l2p.py] => Position embedding grid-size from [14, 14] to (14, 14)
2026-05-29 05:01:19,252 [l2p.py] => 86,017,736 model total parameters.
2026-05-29 05:01:19,252 [l2p.py] => 199,880 model training parameters.
2026-05-29 05:01:19,253 [l2p.py] => prompt.prompt: 38400
2026-05-29 05:01:19,253 [l2p.py] => prompt.prompt_key: 7680
2026-05-29 05:01:19,253 [l2p.py] => head.weight: 153600
2026-05-29 05:01:19,253 [l2p.py] => head.bias: 200
2026-05-29 05:01:19,254 [trainer.py] => All params: 171970192
2026-05-29 05:01:19,255 [trainer.py] => Trainable params: 199880
2026-05-29 05:01:19,255 [l2p.py] => Learning on 0-5
2026-05-29 05:02:59,043 [l2p.py] => Task 0, Epoch 20/20 => Loss 0.002, Train_accy 95.93, Test_accy 100.00
2026-05-29 05:03:00,183 [trainer.py] => Timing Task 0 => Train 99.79s, Epochs 20, Train 4.9895s/epoch, Inference 1.14s, Images 53, Inference 21.4578ms/image
2026-05-29 05:03:00,183 [trainer.py] => No NME accuracy.
2026-05-29 05:03:00,183 [trainer.py] => CNN: {'total': 100.0, '00-04': 100.0, 'old': 0, 'new': 100.0}
2026-05-29 05:03:00,183 [trainer.py] => CNN top1 curve: [100.0]
2026-05-29 05:03:00,183 [trainer.py] => CNN top5 curve: [100.0]
2026-05-29 05:03:00,183 [trainer.py] => Average Accuracy (CNN): 100.0
2026-05-29 05:03:00,185 [trainer.py] => All params: 171970192
2026-05-29 05:03:00,186 [trainer.py] => Trainable params: 199880
2026-05-29 05:03:00,186 [l2p.py] => Learning on 5-10
2026-05-29 05:04:36,325 [l2p.py] => Task 1, Epoch 20/20 => Loss 0.013, Train_accy 94.42, Test_accy 89.83
2026-05-29 05:04:38,333 [trainer.py] => Timing Task 1 => Train 96.14s, Epochs 20, Train 4.8070s/epoch, Inference 2.01s, Images 118, Inference 17.0018ms/image
2026-05-29 05:04:38,333 [trainer.py] => No NME accuracy.
2026-05-29 05:04:38,334 [trainer.py] => CNN: {'total': 89.83, '00-04': 100.0, '05-09': 81.54, 'old': 100.0, 'new': 81.54}
2026-05-29 05:04:38,334 [trainer.py] => CNN top1 curve: [100.0, 89.83]
2026-05-29 05:04:38,334 [trainer.py] => CNN top5 curve: [100.0, 100.0]
2026-05-29 05:04:38,334 [trainer.py] => Average Accuracy (CNN): 94.92
2026-05-29 05:04:38,337 [trainer.py] => All params: 171970192
2026-05-29 05:04:38,340 [trainer.py] => Trainable params: 199880
2026-05-29 05:04:38,340 [l2p.py] => Learning on 10-15
2026-05-29 05:06:19,743 [l2p.py] => Task 2, Epoch 20/20 => Loss -0.056, Train_accy 97.88, Test_accy 95.51
2026-05-29 05:06:22,178 [trainer.py] => Timing Task 2 => Train 101.40s, Epochs 20, Train 5.0702s/epoch, Inference 2.43s, Images 178, Inference 13.6734ms/image
2026-05-29 05:06:22,179 [trainer.py] => No NME accuracy.
2026-05-29 05:06:22,179 [trainer.py] => CNN: {'total': 95.51, '00-04': 100.0, '05-09': 87.69, '10-14': 100.0, 'old': 93.22, 'new': 100.0}
2026-05-29 05:06:22,179 [trainer.py] => CNN top1 curve: [100.0, 89.83, 95.51]
2026-05-29 05:06:22,179 [trainer.py] => CNN top5 curve: [100.0, 100.0, 100.0]
2026-05-29 05:06:22,179 [trainer.py] => Average Accuracy (CNN): 95.11
2026-05-29 05:06:22,183 [trainer.py] => All params: 171970192
2026-05-29 05:06:22,185 [trainer.py] => Trainable params: 199880
2026-05-29 05:06:22,185 [l2p.py] => Learning on 15-20
2026-05-29 05:08:03,864 [l2p.py] => Task 3, Epoch 20/20 => Loss -0.078, Train_accy 97.40, Test_accy 78.54
2026-05-29 05:08:07,125 [trainer.py] => Timing Task 3 => Train 101.68s, Epochs 20, Train 5.0841s/epoch, Inference 3.26s, Images 247, Inference 13.1894ms/image
2026-05-29 05:08:07,125 [trainer.py] => No NME accuracy.
2026-05-29 05:08:07,125 [trainer.py] => CNN: {'total': 78.54, '00-04': 98.11, '05-09': 87.69, '10-14': 68.33, '15-19': 63.77, 'old': 84.27, 'new': 63.77}
2026-05-29 05:08:07,126 [trainer.py] => CNN top1 curve: [100.0, 89.83, 95.51, 78.54]
2026-05-29 05:08:07,126 [trainer.py] => CNN top5 curve: [100.0, 100.0, 100.0, 99.6]
2026-05-29 05:08:07,126 [trainer.py] => Average Accuracy (CNN): 90.97
2026-05-29 05:08:07,129 [trainer.py] => All params: 171970192
2026-05-29 05:08:07,132 [trainer.py] => Trainable params: 199880
2026-05-29 05:08:07,132 [l2p.py] => Learning on 20-25
2026-05-29 05:09:57,900 [l2p.py] => Task 4, Epoch 20/20 => Loss -0.146, Train_accy 97.17, Test_accy 80.57
2026-05-29 05:10:01,630 [trainer.py] => Timing Task 4 => Train 110.77s, Epochs 20, Train 5.5385s/epoch, Inference 3.73s, Images 283, Inference 13.1703ms/image
2026-05-29 05:10:01,630 [trainer.py] => No NME accuracy.
2026-05-29 05:10:01,630 [trainer.py] => CNN: {'total': 80.57, '00-04': 94.34, '05-09': 87.69, '10-14': 68.33, '15-19': 65.22, '20-24': 97.22, 'old': 78.14, 'new': 97.22}
2026-05-29 05:10:01,630 [trainer.py] => CNN top1 curve: [100.0, 89.83, 95.51, 78.54, 80.57]
2026-05-29 05:10:01,630 [trainer.py] => CNN top5 curve: [100.0, 100.0, 100.0, 99.6, 99.65]
2026-05-29 05:10:01,631 [trainer.py] => Average Accuracy (CNN): 88.89
2026-05-29 05:10:01,635 [trainer.py] => All params: 171970192
2026-05-29 05:10:01,637 [trainer.py] => Trainable params: 199880
2026-05-29 05:10:01,637 [l2p.py] => Learning on 25-30
2026-05-29 05:11:47,037 [l2p.py] => Task 5, Epoch 20/20 => Loss -0.181, Train_accy 99.56, Test_accy 78.49
2026-05-29 05:11:51,493 [trainer.py] => Timing Task 5 => Train 105.40s, Epochs 20, Train 5.2701s/epoch, Inference 4.45s, Images 344, Inference 12.9472ms/image
2026-05-29 05:11:51,493 [trainer.py] => No NME accuracy.
2026-05-29 05:11:51,494 [trainer.py] => CNN: {'total': 78.49, '00-04': 94.34, '05-09': 83.08, '10-14': 68.33, '15-19': 63.77, '20-24': 97.22, '25-29': 75.41, 'old': 79.15, 'new': 75.41}
2026-05-29 05:11:51,494 [trainer.py] => CNN top1 curve: [100.0, 89.83, 95.51, 78.54, 80.57, 78.49]
2026-05-29 05:11:51,494 [trainer.py] => CNN top5 curve: [100.0, 100.0, 100.0, 99.6, 99.65, 99.71]
2026-05-29 05:11:51,494 [trainer.py] => Average Accuracy (CNN): 87.16
2026-05-29 05:11:51,497 [trainer.py] => All params: 171970192
2026-05-29 05:11:51,500 [trainer.py] => Trainable params: 199880
2026-05-29 05:11:51,500 [l2p.py] => Learning on 30-35
2026-05-29 05:13:37,747 [l2p.py] => Task 6, Epoch 20/20 => Loss -0.194, Train_accy 98.65, Test_accy 78.55
2026-05-29 05:13:43,045 [trainer.py] => Timing Task 6 => Train 106.25s, Epochs 20, Train 5.3124s/epoch, Inference 5.30s, Images 401, Inference 13.2055ms/image
2026-05-29 05:13:43,045 [trainer.py] => No NME accuracy.
2026-05-29 05:13:43,046 [trainer.py] => CNN: {'total': 78.55, '00-04': 94.34, '05-09': 81.54, '10-14': 66.67, '15-19': 65.22, '20-24': 97.22, '25-29': 75.41, '30-34': 80.7, 'old': 78.2, 'new': 80.7}
2026-05-29 05:13:43,046 [trainer.py] => CNN top1 curve: [100.0, 89.83, 95.51, 78.54, 80.57, 78.49, 78.55]
2026-05-29 05:13:43,046 [trainer.py] => CNN top5 curve: [100.0, 100.0, 100.0, 99.6, 99.65, 99.71, 99.5]
2026-05-29 05:13:43,046 [trainer.py] => Average Accuracy (CNN): 85.93
2026-05-29 05:13:43,050 [trainer.py] => All params: 171970192
2026-05-29 05:13:43,053 [trainer.py] => Trainable params: 199880
2026-05-29 05:13:43,053 [l2p.py] => Learning on 35-40
2026-05-29 05:15:40,011 [l2p.py] => Task 7, Epoch 20/20 => Loss -0.135, Train_accy 96.34, Test_accy 73.79
2026-05-29 05:15:45,774 [trainer.py] => Timing Task 7 => Train 116.96s, Epochs 20, Train 5.8479s/epoch, Inference 5.76s, Images 454, Inference 12.6918ms/image
2026-05-29 05:15:45,774 [trainer.py] => No NME accuracy.
2026-05-29 05:15:45,774 [trainer.py] => CNN: {'total': 73.79, '00-04': 94.34, '05-09': 81.54, '10-14': 66.67, '15-19': 60.87, '20-24': 97.22, '25-29': 59.02, '30-34': 64.91, '35-39': 79.25, 'old': 73.07, 'new': 79.25}
2026-05-29 05:15:45,774 [trainer.py] => CNN top1 curve: [100.0, 89.83, 95.51, 78.54, 80.57, 78.49, 78.55, 73.79]
2026-05-29 05:15:45,774 [trainer.py] => CNN top5 curve: [100.0, 100.0, 100.0, 99.6, 99.65, 99.71, 99.5, 99.34]
2026-05-29 05:15:45,774 [trainer.py] => Average Accuracy (CNN): 84.41
2026-05-29 05:15:45,776 [trainer.py] => All params: 171970192
2026-05-29 05:15:45,777 [trainer.py] => Trainable params: 199880
2026-05-29 05:15:45,777 [l2p.py] => Learning on 40-45
2026-05-29 05:17:39,839 [l2p.py] => Task 8, Epoch 20/20 => Loss -0.204, Train_accy 97.85, Test_accy 77.08
2026-05-29 05:17:46,225 [trainer.py] => Timing Task 8 => Train 114.06s, Epochs 20, Train 5.7032s/epoch, Inference 6.38s, Images 506, Inference 12.6151ms/image
2026-05-29 05:17:46,226 [trainer.py] => No NME accuracy.
2026-05-29 05:17:46,226 [trainer.py] => CNN: {'total': 77.08, '00-04': 96.23, '05-09': 81.54, '10-14': 66.67, '15-19': 62.32, '20-24': 97.22, '25-29': 63.93, '30-34': 68.42, '35-39': 77.36, '40-44': 94.23, 'old': 75.11, 'new': 94.23}
2026-05-29 05:17:46,227 [trainer.py] => CNN top1 curve: [100.0, 89.83, 95.51, 78.54, 80.57, 78.49, 78.55, 73.79, 77.08]
2026-05-29 05:17:46,227 [trainer.py] => CNN top5 curve: [100.0, 100.0, 100.0, 99.6, 99.65, 99.71, 99.5, 99.34, 99.41]
2026-05-29 05:17:46,227 [trainer.py] => Average Accuracy (CNN): 83.6
2026-05-29 05:17:46,230 [trainer.py] => All params: 171970192
2026-05-29 05:17:46,233 [trainer.py] => Trainable params: 199880
2026-05-29 05:17:46,233 [l2p.py] => Learning on 45-50
2026-05-29 05:19:45,535 [l2p.py] => Task 9, Epoch 20/20 => Loss -0.190, Train_accy 97.46, Test_accy 76.65
2026-05-29 05:19:52,369 [trainer.py] => Timing Task 9 => Train 119.30s, Epochs 20, Train 5.9652s/epoch, Inference 6.83s, Images 561, Inference 12.1773ms/image
2026-05-29 05:19:52,369 [trainer.py] => No NME accuracy.
2026-05-29 05:19:52,369 [trainer.py] => CNN: {'total': 76.65, '00-04': 94.34, '05-09': 81.54, '10-14': 66.67, '15-19': 62.32, '20-24': 97.22, '25-29': 65.57, '30-34': 68.42, '35-39': 77.36, '40-44': 92.31, '45-49': 74.55, 'old': 76.88, 'new': 74.55}
2026-05-29 05:19:52,370 [trainer.py] => CNN top1 curve: [100.0, 89.83, 95.51, 78.54, 80.57, 78.49, 78.55, 73.79, 77.08, 76.65]
2026-05-29 05:19:52,370 [trainer.py] => CNN top5 curve: [100.0, 100.0, 100.0, 99.6, 99.65, 99.71, 99.5, 99.34, 99.41, 99.11]
2026-05-29 05:19:52,370 [trainer.py] => Average Accuracy (CNN): 82.9
2026-05-29 05:19:52,372 [trainer.py] => All params: 171970192
2026-05-29 05:19:52,374 [trainer.py] => Trainable params: 199880
2026-05-29 05:19:52,374 [l2p.py] => Learning on 50-55
2026-05-29 05:21:53,046 [l2p.py] => Task 10, Epoch 20/20 => Loss -0.171, Train_accy 97.47, Test_accy 77.61
2026-05-29 05:22:00,591 [trainer.py] => Timing Task 10 => Train 120.67s, Epochs 20, Train 6.0336s/epoch, Inference 7.54s, Images 612, Inference 12.3278ms/image
2026-05-29 05:22:00,592 [trainer.py] => No NME accuracy.
2026-05-29 05:22:00,592 [trainer.py] => CNN: {'total': 77.61, '00-04': 94.34, '05-09': 81.54, '10-14': 66.67, '15-19': 65.22, '20-24': 97.22, '25-29': 67.21, '30-34': 70.18, '35-39': 67.92, '40-44': 94.23, '45-49': 74.55, '50-54': 88.24, 'old': 76.65, 'new': 88.24}
2026-05-29 05:22:00,592 [trainer.py] => CNN top1 curve: [100.0, 89.83, 95.51, 78.54, 80.57, 78.49, 78.55, 73.79, 77.08, 76.65, 77.61]
2026-05-29 05:22:00,593 [trainer.py] => CNN top5 curve: [100.0, 100.0, 100.0, 99.6, 99.65, 99.71, 99.5, 99.34, 99.41, 99.11, 99.02]
2026-05-29 05:22:00,593 [trainer.py] => Average Accuracy (CNN): 82.42
2026-05-29 05:22:00,595 [trainer.py] => All params: 171970192
2026-05-29 05:22:00,597 [trainer.py] => Trainable params: 199880
2026-05-29 05:22:00,597 [l2p.py] => Learning on 55-60
2026-05-29 05:24:03,220 [l2p.py] => Task 11, Epoch 20/20 => Loss -0.233, Train_accy 98.73, Test_accy 73.81
2026-05-29 05:24:11,349 [trainer.py] => Timing Task 11 => Train 122.63s, Epochs 20, Train 6.1313s/epoch, Inference 8.13s, Images 672, Inference 12.0933ms/image
2026-05-29 05:24:11,350 [trainer.py] => No NME accuracy.
2026-05-29 05:24:11,350 [trainer.py] => CNN: {'total': 73.81, '00-04': 84.91, '05-09': 52.31, '10-14': 66.67, '15-19': 65.22, '20-24': 97.22, '25-29': 72.13, '30-34': 71.93, '35-39': 66.04, '40-44': 94.23, '45-49': 74.55, '50-54': 88.24, '55-59': 70.0, 'old': 74.18, 'new': 70.0}
2026-05-29 05:24:11,350 [trainer.py] => CNN top1 curve: [100.0, 89.83, 95.51, 78.54, 80.57, 78.49, 78.55, 73.79, 77.08, 76.65, 77.61, 73.81]
2026-05-29 05:24:11,350 [trainer.py] => CNN top5 curve: [100.0, 100.0, 100.0, 99.6, 99.65, 99.71, 99.5, 99.34, 99.41, 99.11, 99.02, 98.51]
2026-05-29 05:24:11,350 [trainer.py] => Average Accuracy (CNN): 81.7
2026-05-29 05:24:11,353 [trainer.py] => All params: 171970192
2026-05-29 05:24:11,355 [trainer.py] => Trainable params: 199880
2026-05-29 05:24:11,355 [l2p.py] => Learning on 60-65
2026-05-29 05:26:18,402 [l2p.py] => Task 12, Epoch 20/20 => Loss -0.198, Train_accy 97.50, Test_accy 73.73
2026-05-29 05:26:27,090 [trainer.py] => Timing Task 12 => Train 127.05s, Epochs 20, Train 6.3525s/epoch, Inference 8.68s, Images 727, Inference 11.9461ms/image
2026-05-29 05:26:27,090 [trainer.py] => No NME accuracy.
2026-05-29 05:26:27,090 [trainer.py] => CNN: {'total': 73.73, '00-04': 84.91, '05-09': 49.23, '10-14': 66.67, '15-19': 62.32, '20-24': 97.22, '25-29': 73.77, '30-34': 71.93, '35-39': 66.04, '40-44': 88.46, '45-49': 74.55, '50-54': 88.24, '55-59': 70.0, '60-64': 83.64, 'old': 72.92, 'new': 83.64}
2026-05-29 05:26:27,090 [trainer.py] => CNN top1 curve: [100.0, 89.83, 95.51, 78.54, 80.57, 78.49, 78.55, 73.79, 77.08, 76.65, 77.61, 73.81, 73.73]
2026-05-29 05:26:27,090 [trainer.py] => CNN top5 curve: [100.0, 100.0, 100.0, 99.6, 99.65, 99.71, 99.5, 99.34, 99.41, 99.11, 99.02, 98.51, 98.07]
2026-05-29 05:26:27,090 [trainer.py] => Average Accuracy (CNN): 81.09
2026-05-29 05:26:27,092 [trainer.py] => All params: 171970192
2026-05-29 05:26:27,092 [trainer.py] => Trainable params: 199880
2026-05-29 05:26:27,093 [l2p.py] => Learning on 65-70
2026-05-29 05:28:39,263 [l2p.py] => Task 13, Epoch 20/20 => Loss -0.159, Train_accy 96.76, Test_accy 72.88
2026-05-29 05:28:48,495 [trainer.py] => Timing Task 13 => Train 132.17s, Epochs 20, Train 6.6086s/epoch, Inference 9.23s, Images 778, Inference 11.8638ms/image
2026-05-29 05:28:48,496 [trainer.py] => No NME accuracy.
2026-05-29 05:28:48,496 [trainer.py] => CNN: {'total': 72.88, '00-04': 84.91, '05-09': 49.23, '10-14': 66.67, '15-19': 63.77, '20-24': 94.44, '25-29': 73.77, '30-34': 75.44, '35-39': 64.15, '40-44': 88.46, '45-49': 72.73, '50-54': 78.43, '55-59': 71.67, '60-64': 81.82, '65-69': 70.59, 'old': 73.04, 'new': 70.59}
2026-05-29 05:28:48,496 [trainer.py] => CNN top1 curve: [100.0, 89.83, 95.51, 78.54, 80.57, 78.49, 78.55, 73.79, 77.08, 76.65, 77.61, 73.81, 73.73, 72.88]
2026-05-29 05:28:48,496 [trainer.py] => CNN top5 curve: [100.0, 100.0, 100.0, 99.6, 99.65, 99.71, 99.5, 99.34, 99.41, 99.11, 99.02, 98.51, 98.07, 97.43]
2026-05-29 05:28:48,496 [trainer.py] => Average Accuracy (CNN): 80.5
2026-05-29 05:28:48,498 [trainer.py] => All params: 171970192
2026-05-29 05:28:48,500 [trainer.py] => Trainable params: 199880
2026-05-29 05:28:48,500 [l2p.py] => Learning on 70-75
2026-05-29 05:30:57,253 [l2p.py] => Task 14, Epoch 20/20 => Loss -0.179, Train_accy 96.52, Test_accy 73.00
2026-05-29 05:31:07,202 [trainer.py] => Timing Task 14 => Train 128.76s, Epochs 20, Train 6.4378s/epoch, Inference 9.95s, Images 848, Inference 11.7288ms/image
2026-05-29 05:31:07,202 [trainer.py] => No NME accuracy.
2026-05-29 05:31:07,202 [trainer.py] => CNN: {'total': 73.0, '00-04': 84.91, '05-09': 49.23, '10-14': 66.67, '15-19': 65.22, '20-24': 91.67, '25-29': 75.41, '30-34': 78.95, '35-39': 58.49, '40-44': 88.46, '45-49': 72.73, '50-54': 78.43, '55-59': 70.0, '60-64': 85.45, '65-69': 70.59, '70-74': 72.86, 'old': 73.01, 'new': 72.86}
2026-05-29 05:31:07,202 [trainer.py] => CNN top1 curve: [100.0, 89.83, 95.51, 78.54, 80.57, 78.49, 78.55, 73.79, 77.08, 76.65, 77.61, 73.81, 73.73, 72.88, 73.0]
2026-05-29 05:31:07,202 [trainer.py] => CNN top5 curve: [100.0, 100.0, 100.0, 99.6, 99.65, 99.71, 99.5, 99.34, 99.41, 99.11, 99.02, 98.51, 98.07, 97.43, 97.64]
2026-05-29 05:31:07,202 [trainer.py] => Average Accuracy (CNN): 80.0
2026-05-29 05:31:07,204 [trainer.py] => All params: 171970192
2026-05-29 05:31:07,205 [trainer.py] => Trainable params: 199880
2026-05-29 05:31:07,205 [l2p.py] => Learning on 75-80
2026-05-29 05:33:19,926 [l2p.py] => Task 15, Epoch 20/20 => Loss -0.241, Train_accy 99.13, Test_accy 74.10
2026-05-29 05:33:31,108 [trainer.py] => Timing Task 15 => Train 132.72s, Epochs 20, Train 6.6361s/epoch, Inference 11.18s, Images 919, Inference 12.1659ms/image
2026-05-29 05:33:31,109 [trainer.py] => No NME accuracy.
2026-05-29 05:33:31,109 [trainer.py] => CNN: {'total': 74.1, '00-04': 83.02, '05-09': 47.69, '10-14': 66.67, '15-19': 66.67, '20-24': 91.67, '25-29': 77.05, '30-34': 73.68, '35-39': 56.6, '40-44': 88.46, '45-49': 72.73, '50-54': 80.39, '55-59': 70.0, '60-64': 89.09, '65-69': 70.59, '70-74': 75.71, '75-79': 85.92, 'old': 73.11, 'new': 85.92}
2026-05-29 05:33:31,109 [trainer.py] => CNN top1 curve: [100.0, 89.83, 95.51, 78.54, 80.57, 78.49, 78.55, 73.79, 77.08, 76.65, 77.61, 73.81, 73.73, 72.88, 73.0, 74.1]
2026-05-29 05:33:31,109 [trainer.py] => CNN top5 curve: [100.0, 100.0, 100.0, 99.6, 99.65, 99.71, 99.5, 99.34, 99.41, 99.11, 99.02, 98.51, 98.07, 97.43, 97.64, 97.61]
2026-05-29 05:33:31,110 [trainer.py] => Average Accuracy (CNN): 79.63
2026-05-29 05:33:31,113 [trainer.py] => All params: 171970192
2026-05-29 05:33:31,116 [trainer.py] => Trainable params: 199880
2026-05-29 05:33:31,116 [l2p.py] => Learning on 80-85
2026-05-29 05:35:47,372 [l2p.py] => Task 16, Epoch 20/20 => Loss -0.159, Train_accy 95.32, Test_accy 72.61
2026-05-29 05:35:58,840 [trainer.py] => Timing Task 16 => Train 136.26s, Epochs 20, Train 6.8129s/epoch, Inference 11.46s, Images 982, Inference 11.6750ms/image
2026-05-29 05:35:58,840 [trainer.py] => No NME accuracy.
2026-05-29 05:35:58,841 [trainer.py] => CNN: {'total': 72.61, '00-04': 83.02, '05-09': 47.69, '10-14': 66.67, '15-19': 57.97, '20-24': 88.89, '25-29': 77.05, '30-34': 66.67, '35-39': 58.49, '40-44': 88.46, '45-49': 69.09, '50-54': 76.47, '55-59': 70.0, '60-64': 87.27, '65-69': 70.59, '70-74': 75.71, '75-79': 85.92, '80-84': 74.6, 'old': 72.47, 'new': 74.6}
2026-05-29 05:35:58,841 [trainer.py] => CNN top1 curve: [100.0, 89.83, 95.51, 78.54, 80.57, 78.49, 78.55, 73.79, 77.08, 76.65, 77.61, 73.81, 73.73, 72.88, 73.0, 74.1, 72.61]
2026-05-29 05:35:58,841 [trainer.py] => CNN top5 curve: [100.0, 100.0, 100.0, 99.6, 99.65, 99.71, 99.5, 99.34, 99.41, 99.11, 99.02, 98.51, 98.07, 97.43, 97.64, 97.61, 97.66]
2026-05-29 05:35:58,841 [trainer.py] => Average Accuracy (CNN): 79.22
2026-05-29 05:35:58,844 [trainer.py] => All params: 171970192
2026-05-29 05:35:58,846 [trainer.py] => Trainable params: 199880
2026-05-29 05:35:58,846 [l2p.py] => Learning on 85-90
2026-05-29 05:38:15,456 [l2p.py] => Task 17, Epoch 20/20 => Loss -0.221, Train_accy 97.35, Test_accy 72.62
2026-05-29 05:38:27,846 [trainer.py] => Timing Task 17 => Train 136.61s, Epochs 20, Train 6.8306s/epoch, Inference 12.39s, Images 1052, Inference 11.7762ms/image
2026-05-29 05:38:27,847 [trainer.py] => No NME accuracy.
2026-05-29 05:38:27,847 [trainer.py] => CNN: {'total': 72.62, '00-04': 81.13, '05-09': 46.15, '10-14': 66.67, '15-19': 57.97, '20-24': 88.89, '25-29': 78.69, '30-34': 71.93, '35-39': 56.6, '40-44': 88.46, '45-49': 69.09, '50-54': 80.39, '55-59': 70.0, '60-64': 87.27, '65-69': 70.59, '70-74': 78.57, '75-79': 87.32, '80-84': 73.02, '85-89': 65.71, 'old': 73.12, 'new': 65.71}
2026-05-29 05:38:27,847 [trainer.py] => CNN top1 curve: [100.0, 89.83, 95.51, 78.54, 80.57, 78.49, 78.55, 73.79, 77.08, 76.65, 77.61, 73.81, 73.73, 72.88, 73.0, 74.1, 72.61, 72.62]
2026-05-29 05:38:27,847 [trainer.py] => CNN top5 curve: [100.0, 100.0, 100.0, 99.6, 99.65, 99.71, 99.5, 99.34, 99.41, 99.11, 99.02, 98.51, 98.07, 97.43, 97.64, 97.61, 97.66, 97.53]
2026-05-29 05:38:27,847 [trainer.py] => Average Accuracy (CNN): 78.85
2026-05-29 05:38:27,850 [trainer.py] => All params: 171970192
2026-05-29 05:38:27,852 [trainer.py] => Trainable params: 199880
2026-05-29 05:38:27,852 [l2p.py] => Learning on 90-95
2026-05-29 05:40:44,557 [l2p.py] => Task 18, Epoch 20/20 => Loss -0.235, Train_accy 98.64, Test_accy 71.97
2026-05-29 05:40:57,921 [trainer.py] => Timing Task 18 => Train 136.71s, Epochs 20, Train 6.8353s/epoch, Inference 13.36s, Images 1131, Inference 11.8142ms/image
2026-05-29 05:40:57,922 [trainer.py] => No NME accuracy.
2026-05-29 05:40:57,922 [trainer.py] => CNN: {'total': 71.97, '00-04': 73.58, '05-09': 41.54, '10-14': 66.67, '15-19': 57.97, '20-24': 88.89, '25-29': 77.05, '30-34': 64.91, '35-39': 58.49, '40-44': 88.46, '45-49': 69.09, '50-54': 78.43, '55-59': 70.0, '60-64': 89.09, '65-69': 70.59, '70-74': 77.14, '75-79': 88.73, '80-84': 77.78, '85-89': 67.14, '90-94': 72.15, 'old': 71.96, 'new': 72.15}
2026-05-29 05:40:57,922 [trainer.py] => CNN top1 curve: [100.0, 89.83, 95.51, 78.54, 80.57, 78.49, 78.55, 73.79, 77.08, 76.65, 77.61, 73.81, 73.73, 72.88, 73.0, 74.1, 72.61, 72.62, 71.97]
2026-05-29 05:40:57,922 [trainer.py] => CNN top5 curve: [100.0, 100.0, 100.0, 99.6, 99.65, 99.71, 99.5, 99.34, 99.41, 99.11, 99.02, 98.51, 98.07, 97.43, 97.64, 97.61, 97.66, 97.53, 97.26]
2026-05-29 05:40:57,922 [trainer.py] => Average Accuracy (CNN): 78.49
2026-05-29 05:40:57,925 [trainer.py] => All params: 171970192
2026-05-29 05:40:57,927 [trainer.py] => Trainable params: 199880
2026-05-29 05:40:57,927 [l2p.py] => Learning on 95-100
2026-05-29 05:43:20,875 [l2p.py] => Task 19, Epoch 20/20 => Loss -0.145, Train_accy 94.83, Test_accy 70.62
2026-05-29 05:43:35,604 [trainer.py] => Timing Task 19 => Train 142.95s, Epochs 20, Train 7.1475s/epoch, Inference 14.73s, Images 1188, Inference 12.3958ms/image
2026-05-29 05:43:35,604 [trainer.py] => No NME accuracy.
2026-05-29 05:43:35,604 [trainer.py] => CNN: {'total': 70.62, '00-04': 73.58, '05-09': 41.54, '10-14': 66.67, '15-19': 57.97, '20-24': 91.67, '25-29': 77.05, '30-34': 64.91, '35-39': 56.6, '40-44': 88.46, '45-49': 69.09, '50-54': 76.47, '55-59': 71.67, '60-64': 89.09, '65-69': 70.59, '70-74': 78.57, '75-79': 87.32, '80-84': 76.19, '85-89': 67.14, '90-94': 67.09, '95-99': 52.63, 'old': 71.53, 'new': 52.63}
2026-05-29 05:43:35,604 [trainer.py] => CNN top1 curve: [100.0, 89.83, 95.51, 78.54, 80.57, 78.49, 78.55, 73.79, 77.08, 76.65, 77.61, 73.81, 73.73, 72.88, 73.0, 74.1, 72.61, 72.62, 71.97, 70.62]
2026-05-29 05:43:35,604 [trainer.py] => CNN top5 curve: [100.0, 100.0, 100.0, 99.6, 99.65, 99.71, 99.5, 99.34, 99.41, 99.11, 99.02, 98.51, 98.07, 97.43, 97.64, 97.61, 97.66, 97.53, 97.26, 97.14]
2026-05-29 05:43:35,604 [trainer.py] => Average Accuracy (CNN): 78.1
2026-05-29 05:43:35,605 [trainer.py] => All params: 171970192
2026-05-29 05:43:35,606 [trainer.py] => Trainable params: 199880
2026-05-29 05:43:35,606 [l2p.py] => Learning on 100-105
2026-05-29 05:46:04,409 [l2p.py] => Task 20, Epoch 20/20 => Loss -0.217, Train_accy 97.96, Test_accy 71.10
2026-05-29 05:46:18,819 [trainer.py] => Timing Task 20 => Train 148.80s, Epochs 20, Train 7.4402s/epoch, Inference 14.41s, Images 1242, Inference 11.6002ms/image
2026-05-29 05:46:18,819 [trainer.py] => No NME accuracy.
2026-05-29 05:46:18,820 [trainer.py] => CNN: {'total': 71.1, '00-04': 73.58, '05-09': 38.46, '10-14': 68.33, '15-19': 57.97, '20-24': 91.67, '25-29': 77.05, '30-34': 64.91, '35-39': 58.49, '40-44': 88.46, '45-49': 69.09, '50-54': 80.39, '55-59': 58.33, '60-64': 87.27, '65-69': 68.63, '70-74': 75.71, '75-79': 85.92, '80-84': 77.78, '85-89': 67.14, '90-94': 70.89, '95-99': 54.39, '100-104': 92.59, 'old': 70.12, 'new': 92.59}
2026-05-29 05:46:18,820 [trainer.py] => CNN top1 curve: [100.0, 89.83, 95.51, 78.54, 80.57, 78.49, 78.55, 73.79, 77.08, 76.65, 77.61, 73.81, 73.73, 72.88, 73.0, 74.1, 72.61, 72.62, 71.97, 70.62, 71.1]
2026-05-29 05:46:18,820 [trainer.py] => CNN top5 curve: [100.0, 100.0, 100.0, 99.6, 99.65, 99.71, 99.5, 99.34, 99.41, 99.11, 99.02, 98.51, 98.07, 97.43, 97.64, 97.61, 97.66, 97.53, 97.26, 97.14, 96.86]
2026-05-29 05:46:18,820 [trainer.py] => Average Accuracy (CNN): 77.76
2026-05-29 05:46:18,822 [trainer.py] => All params: 171970192
2026-05-29 05:46:18,824 [trainer.py] => Trainable params: 199880
2026-05-29 05:46:18,824 [l2p.py] => Learning on 105-110
2026-05-29 05:48:49,031 [l2p.py] => Task 21, Epoch 20/20 => Loss -0.208, Train_accy 97.88, Test_accy 71.14
2026-05-29 05:49:03,915 [trainer.py] => Timing Task 21 => Train 150.21s, Epochs 20, Train 7.5104s/epoch, Inference 14.88s, Images 1303, Inference 11.4218ms/image
2026-05-29 05:49:03,916 [trainer.py] => No NME accuracy.
2026-05-29 05:49:03,916 [trainer.py] => CNN: {'total': 71.14, '00-04': 71.7, '05-09': 41.54, '10-14': 56.67, '15-19': 56.52, '20-24': 91.67, '25-29': 75.41, '30-34': 64.91, '35-39': 58.49, '40-44': 88.46, '45-49': 67.27, '50-54': 76.47, '55-59': 58.33, '60-64': 87.27, '65-69': 68.63, '70-74': 78.57, '75-79': 87.32, '80-84': 76.19, '85-89': 67.14, '90-94': 68.35, '95-99': 54.39, '100-104': 92.59, '105-109': 90.16, 'old': 70.21, 'new': 90.16}
2026-05-29 05:49:03,916 [trainer.py] => CNN top1 curve: [100.0, 89.83, 95.51, 78.54, 80.57, 78.49, 78.55, 73.79, 77.08, 76.65, 77.61, 73.81, 73.73, 72.88, 73.0, 74.1, 72.61, 72.62, 71.97, 70.62, 71.1, 71.14]
2026-05-29 05:49:03,916 [trainer.py] => CNN top5 curve: [100.0, 100.0, 100.0, 99.6, 99.65, 99.71, 99.5, 99.34, 99.41, 99.11, 99.02, 98.51, 98.07, 97.43, 97.64, 97.61, 97.66, 97.53, 97.26, 97.14, 96.86, 96.93]
2026-05-29 05:49:03,916 [trainer.py] => Average Accuracy (CNN): 77.46
2026-05-29 05:49:03,918 [trainer.py] => All params: 171970192
2026-05-29 05:49:03,920 [trainer.py] => Trainable params: 199880
2026-05-29 05:49:03,920 [l2p.py] => Learning on 110-115
2026-05-29 05:51:37,101 [l2p.py] => Task 22, Epoch 20/20 => Loss -0.252, Train_accy 99.15, Test_accy 71.40
2026-05-29 05:51:53,059 [trainer.py] => Timing Task 22 => Train 153.18s, Epochs 20, Train 7.6592s/epoch, Inference 15.96s, Images 1367, Inference 11.6719ms/image
2026-05-29 05:51:53,059 [trainer.py] => No NME accuracy.
2026-05-29 05:51:53,059 [trainer.py] => CNN: {'total': 71.4, '00-04': 71.7, '05-09': 41.54, '10-14': 55.0, '15-19': 49.28, '20-24': 91.67, '25-29': 75.41, '30-34': 64.91, '35-39': 56.6, '40-44': 88.46, '45-49': 65.45, '50-54': 76.47, '55-59': 60.0, '60-64': 87.27, '65-69': 68.63, '70-74': 78.57, '75-79': 87.32, '80-84': 69.84, '85-89': 67.14, '90-94': 68.35, '95-99': 56.14, '100-104': 94.44, '105-109': 90.16, '110-114': 90.62, 'old': 70.45, 'new': 90.62}
2026-05-29 05:51:53,059 [trainer.py] => CNN top1 curve: [100.0, 89.83, 95.51, 78.54, 80.57, 78.49, 78.55, 73.79, 77.08, 76.65, 77.61, 73.81, 73.73, 72.88, 73.0, 74.1, 72.61, 72.62, 71.97, 70.62, 71.1, 71.14, 71.4]
2026-05-29 05:51:53,059 [trainer.py] => CNN top5 curve: [100.0, 100.0, 100.0, 99.6, 99.65, 99.71, 99.5, 99.34, 99.41, 99.11, 99.02, 98.51, 98.07, 97.43, 97.64, 97.61, 97.66, 97.53, 97.26, 97.14, 96.86, 96.93, 96.93]
2026-05-29 05:51:53,059 [trainer.py] => Average Accuracy (CNN): 77.2
2026-05-29 05:51:53,061 [trainer.py] => All params: 171970192
2026-05-29 05:51:53,062 [trainer.py] => Trainable params: 199880
2026-05-29 05:51:53,062 [l2p.py] => Learning on 115-120
2026-05-29 05:54:26,897 [l2p.py] => Task 23, Epoch 20/20 => Loss -0.220, Train_accy 98.73, Test_accy 68.50
2026-05-29 05:54:43,233 [trainer.py] => Timing Task 23 => Train 153.84s, Epochs 20, Train 7.6918s/epoch, Inference 16.33s, Images 1416, Inference 11.5355ms/image
2026-05-29 05:54:43,233 [trainer.py] => No NME accuracy.
2026-05-29 05:54:43,233 [trainer.py] => CNN: {'total': 68.5, '00-04': 69.81, '05-09': 40.0, '10-14': 55.0, '15-19': 49.28, '20-24': 91.67, '25-29': 75.41, '30-34': 64.91, '35-39': 56.6, '40-44': 88.46, '45-49': 65.45, '50-54': 54.9, '55-59': 58.33, '60-64': 87.27, '65-69': 68.63, '70-74': 57.14, '75-79': 87.32, '80-84': 61.9, '85-89': 67.14, '90-94': 53.16, '95-99': 54.39, '100-104': 92.59, '105-109': 88.52, '110-114': 87.5, '115-119': 91.84, 'old': 67.67, 'new': 91.84}
2026-05-29 05:54:43,234 [trainer.py] => CNN top1 curve: [100.0, 89.83, 95.51, 78.54, 80.57, 78.49, 78.55, 73.79, 77.08, 76.65, 77.61, 73.81, 73.73, 72.88, 73.0, 74.1, 72.61, 72.62, 71.97, 70.62, 71.1, 71.14, 71.4, 68.5]
2026-05-29 05:54:43,234 [trainer.py] => CNN top5 curve: [100.0, 100.0, 100.0, 99.6, 99.65, 99.71, 99.5, 99.34, 99.41, 99.11, 99.02, 98.51, 98.07, 97.43, 97.64, 97.61, 97.66, 97.53, 97.26, 97.14, 96.86, 96.93, 96.93, 97.03]
2026-05-29 05:54:43,234 [trainer.py] => Average Accuracy (CNN): 76.84
2026-05-29 05:54:43,236 [trainer.py] => All params: 171970192
2026-05-29 05:54:43,237 [trainer.py] => Trainable params: 199880
2026-05-29 05:54:43,237 [l2p.py] => Learning on 120-125
2026-05-29 05:57:23,859 [l2p.py] => Task 24, Epoch 20/20 => Loss -0.218, Train_accy 96.79, Test_accy 68.81
2026-05-29 05:57:40,769 [trainer.py] => Timing Task 24 => Train 160.62s, Epochs 20, Train 8.0312s/epoch, Inference 16.91s, Images 1465, Inference 11.5416ms/image
2026-05-29 05:57:40,770 [trainer.py] => No NME accuracy.
2026-05-29 05:57:40,770 [trainer.py] => CNN: {'total': 68.81, '00-04': 69.81, '05-09': 40.0, '10-14': 56.67, '15-19': 47.83, '20-24': 91.67, '25-29': 75.41, '30-34': 59.65, '35-39': 56.6, '40-44': 88.46, '45-49': 65.45, '50-54': 54.9, '55-59': 61.67, '60-64': 81.82, '65-69': 68.63, '70-74': 57.14, '75-79': 87.32, '80-84': 65.08, '85-89': 67.14, '90-94': 51.9, '95-99': 47.37, '100-104': 90.74, '105-109': 88.52, '110-114': 87.5, '115-119': 91.84, '120-124': 93.88, 'old': 67.94, 'new': 93.88}
2026-05-29 05:57:40,770 [trainer.py] => CNN top1 curve: [100.0, 89.83, 95.51, 78.54, 80.57, 78.49, 78.55, 73.79, 77.08, 76.65, 77.61, 73.81, 73.73, 72.88, 73.0, 74.1, 72.61, 72.62, 71.97, 70.62, 71.1, 71.14, 71.4, 68.5, 68.81]
2026-05-29 05:57:40,770 [trainer.py] => CNN top5 curve: [100.0, 100.0, 100.0, 99.6, 99.65, 99.71, 99.5, 99.34, 99.41, 99.11, 99.02, 98.51, 98.07, 97.43, 97.64, 97.61, 97.66, 97.53, 97.26, 97.14, 96.86, 96.93, 96.93, 97.03, 96.86]
2026-05-29 05:57:40,770 [trainer.py] => Average Accuracy (CNN): 76.52
2026-05-29 05:57:40,772 [trainer.py] => All params: 171970192
2026-05-29 05:57:40,774 [trainer.py] => Trainable params: 199880
2026-05-29 05:57:40,774 [l2p.py] => Learning on 125-130
2026-05-29 06:00:19,795 [l2p.py] => Task 25, Epoch 20/20 => Loss -0.204, Train_accy 97.00, Test_accy 67.37
2026-05-29 06:00:37,347 [trainer.py] => Timing Task 25 => Train 159.02s, Epochs 20, Train 7.9512s/epoch, Inference 17.55s, Images 1523, Inference 11.5231ms/image
2026-05-29 06:00:37,347 [trainer.py] => No NME accuracy.
2026-05-29 06:00:37,347 [trainer.py] => CNN: {'total': 67.37, '00-04': 54.72, '05-09': 41.54, '10-14': 56.67, '15-19': 47.83, '20-24': 88.89, '25-29': 77.05, '30-34': 56.14, '35-39': 56.6, '40-44': 86.54, '45-49': 65.45, '50-54': 54.9, '55-59': 61.67, '60-64': 81.82, '65-69': 68.63, '70-74': 57.14, '75-79': 73.24, '80-84': 65.08, '85-89': 67.14, '90-94': 50.63, '95-99': 47.37, '100-104': 90.74, '105-109': 88.52, '110-114': 89.06, '115-119': 89.8, '120-124': 91.84, '125-129': 68.97, 'old': 67.3, 'new': 68.97}
2026-05-29 06:00:37,347 [trainer.py] => CNN top1 curve: [100.0, 89.83, 95.51, 78.54, 80.57, 78.49, 78.55, 73.79, 77.08, 76.65, 77.61, 73.81, 73.73, 72.88, 73.0, 74.1, 72.61, 72.62, 71.97, 70.62, 71.1, 71.14, 71.4, 68.5, 68.81, 67.37]
2026-05-29 06:00:37,348 [trainer.py] => CNN top5 curve: [100.0, 100.0, 100.0, 99.6, 99.65, 99.71, 99.5, 99.34, 99.41, 99.11, 99.02, 98.51, 98.07, 97.43, 97.64, 97.61, 97.66, 97.53, 97.26, 97.14, 96.86, 96.93, 96.93, 97.03, 96.86, 96.85]
2026-05-29 06:00:37,348 [trainer.py] => Average Accuracy (CNN): 76.16
2026-05-29 06:00:37,350 [trainer.py] => All params: 171970192
2026-05-29 06:00:37,351 [trainer.py] => Trainable params: 199880
2026-05-29 06:00:37,351 [l2p.py] => Learning on 130-135
2026-05-29 06:03:18,390 [l2p.py] => Task 26, Epoch 20/20 => Loss -0.233, Train_accy 98.71, Test_accy 66.84
2026-05-29 06:03:36,812 [trainer.py] => Timing Task 26 => Train 161.04s, Epochs 20, Train 8.0521s/epoch, Inference 18.42s, Images 1583, Inference 11.6352ms/image
2026-05-29 06:03:36,812 [trainer.py] => No NME accuracy.
2026-05-29 06:03:36,812 [trainer.py] => CNN: {'total': 66.84, '00-04': 54.72, '05-09': 36.92, '10-14': 53.33, '15-19': 47.83, '20-24': 88.89, '25-29': 72.13, '30-34': 56.14, '35-39': 54.72, '40-44': 88.46, '45-49': 67.27, '50-54': 54.9, '55-59': 60.0, '60-64': 81.82, '65-69': 66.67, '70-74': 58.57, '75-79': 71.83, '80-84': 63.49, '85-89': 60.0, '90-94': 51.9, '95-99': 47.37, '100-104': 90.74, '105-109': 88.52, '110-114': 89.06, '115-119': 91.84, '120-124': 89.8, '125-129': 65.52, '130-134': 80.0, 'old': 66.32, 'new': 80.0}
2026-05-29 06:03:36,812 [trainer.py] => CNN top1 curve: [100.0, 89.83, 95.51, 78.54, 80.57, 78.49, 78.55, 73.79, 77.08, 76.65, 77.61, 73.81, 73.73, 72.88, 73.0, 74.1, 72.61, 72.62, 71.97, 70.62, 71.1, 71.14, 71.4, 68.5, 68.81, 67.37, 66.84]
2026-05-29 06:03:36,812 [trainer.py] => CNN top5 curve: [100.0, 100.0, 100.0, 99.6, 99.65, 99.71, 99.5, 99.34, 99.41, 99.11, 99.02, 98.51, 98.07, 97.43, 97.64, 97.61, 97.66, 97.53, 97.26, 97.14, 96.86, 96.93, 96.93, 97.03, 96.86, 96.85, 96.34]
2026-05-29 06:03:36,813 [trainer.py] => Average Accuracy (CNN): 75.82
2026-05-29 06:03:36,815 [trainer.py] => All params: 171970192
2026-05-29 06:03:36,817 [trainer.py] => Trainable params: 199880
2026-05-29 06:03:36,817 [l2p.py] => Learning on 135-140
2026-05-29 06:06:21,308 [l2p.py] => Task 27, Epoch 20/20 => Loss -0.263, Train_accy 98.74, Test_accy 64.90
2026-05-29 06:06:38,627 [trainer.py] => Timing Task 27 => Train 164.49s, Epochs 20, Train 8.2247s/epoch, Inference 17.32s, Images 1641, Inference 10.5521ms/image
2026-05-29 06:06:38,628 [trainer.py] => No NME accuracy.
2026-05-29 06:06:38,628 [trainer.py] => CNN: {'total': 64.9, '00-04': 54.72, '05-09': 36.92, '10-14': 55.0, '15-19': 46.38, '20-24': 88.89, '25-29': 67.21, '30-34': 54.39, '35-39': 54.72, '40-44': 86.54, '45-49': 67.27, '50-54': 52.94, '55-59': 60.0, '60-64': 81.82, '65-69': 64.71, '70-74': 58.57, '75-79': 69.01, '80-84': 63.49, '85-89': 57.14, '90-94': 50.63, '95-99': 47.37, '100-104': 90.74, '105-109': 88.52, '110-114': 89.06, '115-119': 91.84, '120-124': 75.51, '125-129': 65.52, '130-134': 56.67, '135-139': 68.97, 'old': 64.75, 'new': 68.97}
2026-05-29 06:06:38,628 [trainer.py] => CNN top1 curve: [100.0, 89.83, 95.51, 78.54, 80.57, 78.49, 78.55, 73.79, 77.08, 76.65, 77.61, 73.81, 73.73, 72.88, 73.0, 74.1, 72.61, 72.62, 71.97, 70.62, 71.1, 71.14, 71.4, 68.5, 68.81, 67.37, 66.84, 64.9]
2026-05-29 06:06:38,628 [trainer.py] => CNN top5 curve: [100.0, 100.0, 100.0, 99.6, 99.65, 99.71, 99.5, 99.34, 99.41, 99.11, 99.02, 98.51, 98.07, 97.43, 97.64, 97.61, 97.66, 97.53, 97.26, 97.14, 96.86, 96.93, 96.93, 97.03, 96.86, 96.85, 96.34, 96.22]
2026-05-29 06:06:38,628 [trainer.py] => Average Accuracy (CNN): 75.43
2026-05-29 06:06:38,630 [trainer.py] => All params: 171970192
2026-05-29 06:06:38,631 [trainer.py] => Trainable params: 199880
2026-05-29 06:06:38,631 [l2p.py] => Learning on 140-145
2026-05-29 06:09:24,584 [l2p.py] => Task 28, Epoch 20/20 => Loss -0.246, Train_accy 100.00, Test_accy 64.49
2026-05-29 06:09:44,113 [trainer.py] => Timing Task 28 => Train 165.96s, Epochs 20, Train 8.2978s/epoch, Inference 19.53s, Images 1698, Inference 11.4998ms/image
2026-05-29 06:09:44,114 [trainer.py] => No NME accuracy.
2026-05-29 06:09:44,114 [trainer.py] => CNN: {'total': 64.49, '00-04': 54.72, '05-09': 36.92, '10-14': 55.0, '15-19': 46.38, '20-24': 83.33, '25-29': 68.85, '30-34': 56.14, '35-39': 54.72, '40-44': 82.69, '45-49': 61.82, '50-54': 54.9, '55-59': 46.67, '60-64': 81.82, '65-69': 62.75, '70-74': 57.14, '75-79': 69.01, '80-84': 65.08, '85-89': 57.14, '90-94': 54.43, '95-99': 47.37, '100-104': 90.74, '105-109': 90.16, '110-114': 89.06, '115-119': 89.8, '120-124': 75.51, '125-129': 63.79, '130-134': 56.67, '135-139': 68.97, '140-144': 71.93, 'old': 64.23, 'new': 71.93}
2026-05-29 06:09:44,114 [trainer.py] => CNN top1 curve: [100.0, 89.83, 95.51, 78.54, 80.57, 78.49, 78.55, 73.79, 77.08, 76.65, 77.61, 73.81, 73.73, 72.88, 73.0, 74.1, 72.61, 72.62, 71.97, 70.62, 71.1, 71.14, 71.4, 68.5, 68.81, 67.37, 66.84, 64.9, 64.49]
2026-05-29 06:09:44,114 [trainer.py] => CNN top5 curve: [100.0, 100.0, 100.0, 99.6, 99.65, 99.71, 99.5, 99.34, 99.41, 99.11, 99.02, 98.51, 98.07, 97.43, 97.64, 97.61, 97.66, 97.53, 97.26, 97.14, 96.86, 96.93, 96.93, 97.03, 96.86, 96.85, 96.34, 96.22, 95.41]
2026-05-29 06:09:44,115 [trainer.py] => Average Accuracy (CNN): 75.05
2026-05-29 06:09:44,118 [trainer.py] => All params: 171970192
2026-05-29 06:09:44,120 [trainer.py] => Trainable params: 199880
2026-05-29 06:09:44,120 [l2p.py] => Learning on 145-150
2026-05-29 06:12:30,894 [l2p.py] => Task 29, Epoch 20/20 => Loss -0.207, Train_accy 97.39, Test_accy 64.52
2026-05-29 06:12:50,942 [trainer.py] => Timing Task 29 => Train 166.78s, Epochs 20, Train 8.3388s/epoch, Inference 20.05s, Images 1767, Inference 11.3443ms/image
2026-05-29 06:12:50,943 [trainer.py] => No NME accuracy.
2026-05-29 06:12:50,943 [trainer.py] => CNN: {'total': 64.52, '00-04': 52.83, '05-09': 35.38, '10-14': 55.0, '15-19': 46.38, '20-24': 83.33, '25-29': 67.21, '30-34': 54.39, '35-39': 56.6, '40-44': 84.62, '45-49': 63.64, '50-54': 52.94, '55-59': 46.67, '60-64': 81.82, '65-69': 62.75, '70-74': 57.14, '75-79': 71.83, '80-84': 65.08, '85-89': 60.0, '90-94': 54.43, '95-99': 47.37, '100-104': 90.74, '105-109': 90.16, '110-114': 89.06, '115-119': 89.8, '120-124': 75.51, '125-129': 63.79, '130-134': 56.67, '135-139': 68.97, '140-144': 71.93, '145-149': 62.32, 'old': 64.61, 'new': 62.32}
2026-05-29 06:12:50,943 [trainer.py] => CNN top1 curve: [100.0, 89.83, 95.51, 78.54, 80.57, 78.49, 78.55, 73.79, 77.08, 76.65, 77.61, 73.81, 73.73, 72.88, 73.0, 74.1, 72.61, 72.62, 71.97, 70.62, 71.1, 71.14, 71.4, 68.5, 68.81, 67.37, 66.84, 64.9, 64.49, 64.52]
2026-05-29 06:12:50,943 [trainer.py] => CNN top5 curve: [100.0, 100.0, 100.0, 99.6, 99.65, 99.71, 99.5, 99.34, 99.41, 99.11, 99.02, 98.51, 98.07, 97.43, 97.64, 97.61, 97.66, 97.53, 97.26, 97.14, 96.86, 96.93, 96.93, 97.03, 96.86, 96.85, 96.34, 96.22, 95.41, 95.53]
2026-05-29 06:12:50,943 [trainer.py] => Average Accuracy (CNN): 74.7
2026-05-29 06:12:50,946 [trainer.py] => All params: 171970192
2026-05-29 06:12:50,948 [trainer.py] => Trainable params: 199880
2026-05-29 06:12:50,948 [l2p.py] => Learning on 150-155
2026-05-29 06:15:41,954 [l2p.py] => Task 30, Epoch 20/20 => Loss -0.240, Train_accy 98.71, Test_accy 64.37
2026-05-29 06:16:02,625 [trainer.py] => Timing Task 30 => Train 171.01s, Epochs 20, Train 8.5504s/epoch, Inference 20.67s, Images 1827, Inference 11.3130ms/image
2026-05-29 06:16:02,625 [trainer.py] => No NME accuracy.
2026-05-29 06:16:02,626 [trainer.py] => CNN: {'total': 64.37, '00-04': 54.72, '05-09': 32.31, '10-14': 55.0, '15-19': 47.83, '20-24': 77.78, '25-29': 67.21, '30-34': 54.39, '35-39': 56.6, '40-44': 84.62, '45-49': 63.64, '50-54': 50.98, '55-59': 46.67, '60-64': 81.82, '65-69': 62.75, '70-74': 57.14, '75-79': 67.61, '80-84': 57.14, '85-89': 55.71, '90-94': 56.96, '95-99': 47.37, '100-104': 90.74, '105-109': 90.16, '110-114': 89.06, '115-119': 89.8, '120-124': 75.51, '125-129': 63.79, '130-134': 56.67, '135-139': 68.97, '140-144': 71.93, '145-149': 60.87, '150-154': 81.67, 'old': 63.78, 'new': 81.67}
2026-05-29 06:16:02,626 [trainer.py] => CNN top1 curve: [100.0, 89.83, 95.51, 78.54, 80.57, 78.49, 78.55, 73.79, 77.08, 76.65, 77.61, 73.81, 73.73, 72.88, 73.0, 74.1, 72.61, 72.62, 71.97, 70.62, 71.1, 71.14, 71.4, 68.5, 68.81, 67.37, 66.84, 64.9, 64.49, 64.52, 64.37]
2026-05-29 06:16:02,626 [trainer.py] => CNN top5 curve: [100.0, 100.0, 100.0, 99.6, 99.65, 99.71, 99.5, 99.34, 99.41, 99.11, 99.02, 98.51, 98.07, 97.43, 97.64, 97.61, 97.66, 97.53, 97.26, 97.14, 96.86, 96.93, 96.93, 97.03, 96.86, 96.85, 96.34, 96.22, 95.41, 95.53, 95.46]
2026-05-29 06:16:02,626 [trainer.py] => Average Accuracy (CNN): 74.37
2026-05-29 06:16:02,629 [trainer.py] => All params: 171970192
2026-05-29 06:16:02,631 [trainer.py] => Trainable params: 199880
2026-05-29 06:16:02,631 [l2p.py] => Learning on 155-160
2026-05-29 06:18:57,617 [l2p.py] => Task 31, Epoch 20/20 => Loss -0.266, Train_accy 100.00, Test_accy 64.09
2026-05-29 06:19:19,108 [trainer.py] => Timing Task 31 => Train 174.99s, Epochs 20, Train 8.7493s/epoch, Inference 21.49s, Images 1891, Inference 11.3640ms/image
2026-05-29 06:19:19,108 [trainer.py] => No NME accuracy.
2026-05-29 06:19:19,108 [trainer.py] => CNN: {'total': 64.09, '00-04': 49.06, '05-09': 32.31, '10-14': 55.0, '15-19': 47.83, '20-24': 72.22, '25-29': 65.57, '30-34': 49.12, '35-39': 58.49, '40-44': 84.62, '45-49': 65.45, '50-54': 50.98, '55-59': 46.67, '60-64': 78.18, '65-69': 56.86, '70-74': 57.14, '75-79': 67.61, '80-84': 58.73, '85-89': 54.29, '90-94': 48.1, '95-99': 47.37, '100-104': 87.04, '105-109': 88.52, '110-114': 89.06, '115-119': 89.8, '120-124': 75.51, '125-129': 65.52, '130-134': 56.67, '135-139': 70.69, '140-144': 64.91, '145-149': 62.32, '150-154': 83.33, '155-159': 90.62, 'old': 63.16, 'new': 90.62}
2026-05-29 06:19:19,108 [trainer.py] => CNN top1 curve: [100.0, 89.83, 95.51, 78.54, 80.57, 78.49, 78.55, 73.79, 77.08, 76.65, 77.61, 73.81, 73.73, 72.88, 73.0, 74.1, 72.61, 72.62, 71.97, 70.62, 71.1, 71.14, 71.4, 68.5, 68.81, 67.37, 66.84, 64.9, 64.49, 64.52, 64.37, 64.09]
2026-05-29 06:19:19,108 [trainer.py] => CNN top5 curve: [100.0, 100.0, 100.0, 99.6, 99.65, 99.71, 99.5, 99.34, 99.41, 99.11, 99.02, 98.51, 98.07, 97.43, 97.64, 97.61, 97.66, 97.53, 97.26, 97.14, 96.86, 96.93, 96.93, 97.03, 96.86, 96.85, 96.34, 96.22, 95.41, 95.53, 95.46, 94.87]
2026-05-29 06:19:19,109 [trainer.py] => Average Accuracy (CNN): 74.05
2026-05-29 06:19:19,111 [trainer.py] => All params: 171970192
2026-05-29 06:19:19,113 [trainer.py] => Trainable params: 199880
2026-05-29 06:19:19,113 [l2p.py] => Learning on 160-165
2026-05-29 06:22:13,673 [l2p.py] => Task 32, Epoch 20/20 => Loss -0.199, Train_accy 96.86, Test_accy 64.36
2026-05-29 06:22:36,269 [trainer.py] => Timing Task 32 => Train 174.56s, Epochs 20, Train 8.7281s/epoch, Inference 22.59s, Images 1967, Inference 11.4870ms/image
2026-05-29 06:22:36,270 [trainer.py] => No NME accuracy.
2026-05-29 06:22:36,270 [trainer.py] => CNN: {'total': 64.36, '00-04': 49.06, '05-09': 32.31, '10-14': 55.0, '15-19': 46.38, '20-24': 72.22, '25-29': 65.57, '30-34': 47.37, '35-39': 58.49, '40-44': 84.62, '45-49': 63.64, '50-54': 50.98, '55-59': 48.33, '60-64': 78.18, '65-69': 56.86, '70-74': 58.57, '75-79': 67.61, '80-84': 58.73, '85-89': 54.29, '90-94': 49.37, '95-99': 47.37, '100-104': 85.19, '105-109': 88.52, '110-114': 89.06, '115-119': 87.76, '120-124': 75.51, '125-129': 67.24, '130-134': 56.67, '135-139': 70.69, '140-144': 56.14, '145-149': 60.87, '150-154': 83.33, '155-159': 89.06, '160-164': 81.58, 'old': 63.67, 'new': 81.58}
2026-05-29 06:22:36,270 [trainer.py] => CNN top1 curve: [100.0, 89.83, 95.51, 78.54, 80.57, 78.49, 78.55, 73.79, 77.08, 76.65, 77.61, 73.81, 73.73, 72.88, 73.0, 74.1, 72.61, 72.62, 71.97, 70.62, 71.1, 71.14, 71.4, 68.5, 68.81, 67.37, 66.84, 64.9, 64.49, 64.52, 64.37, 64.09, 64.36]
2026-05-29 06:22:36,270 [trainer.py] => CNN top5 curve: [100.0, 100.0, 100.0, 99.6, 99.65, 99.71, 99.5, 99.34, 99.41, 99.11, 99.02, 98.51, 98.07, 97.43, 97.64, 97.61, 97.66, 97.53, 97.26, 97.14, 96.86, 96.93, 96.93, 97.03, 96.86, 96.85, 96.34, 96.22, 95.41, 95.53, 95.46, 94.87, 94.92]
2026-05-29 06:22:36,270 [trainer.py] => Average Accuracy (CNN): 73.75
2026-05-29 06:22:36,272 [trainer.py] => All params: 171970192
2026-05-29 06:22:36,274 [trainer.py] => Trainable params: 199880
2026-05-29 06:22:36,275 [l2p.py] => Learning on 165-170
2026-05-29 06:25:39,325 [l2p.py] => Task 33, Epoch 20/20 => Loss -0.166, Train_accy 94.61, Test_accy 63.21
2026-05-29 06:26:01,339 [trainer.py] => Timing Task 33 => Train 183.05s, Epochs 20, Train 9.1526s/epoch, Inference 22.01s, Images 2025, Inference 10.8697ms/image
2026-05-29 06:26:01,340 [trainer.py] => No NME accuracy.
2026-05-29 06:26:01,340 [trainer.py] => CNN: {'total': 63.21, '00-04': 50.94, '05-09': 32.31, '10-14': 55.0, '15-19': 47.83, '20-24': 72.22, '25-29': 63.93, '30-34': 47.37, '35-39': 60.38, '40-44': 82.69, '45-49': 63.64, '50-54': 52.94, '55-59': 48.33, '60-64': 69.09, '65-69': 56.86, '70-74': 55.71, '75-79': 70.42, '80-84': 58.73, '85-89': 52.86, '90-94': 45.57, '95-99': 47.37, '100-104': 87.04, '105-109': 88.52, '110-114': 87.5, '115-119': 87.76, '120-124': 75.51, '125-129': 65.52, '130-134': 55.0, '135-139': 70.69, '140-144': 54.39, '145-149': 56.52, '150-154': 80.0, '155-159': 89.06, '160-164': 81.58, '165-169': 50.0, 'old': 63.6, 'new': 50.0}
2026-05-29 06:26:01,340 [trainer.py] => CNN top1 curve: [100.0, 89.83, 95.51, 78.54, 80.57, 78.49, 78.55, 73.79, 77.08, 76.65, 77.61, 73.81, 73.73, 72.88, 73.0, 74.1, 72.61, 72.62, 71.97, 70.62, 71.1, 71.14, 71.4, 68.5, 68.81, 67.37, 66.84, 64.9, 64.49, 64.52, 64.37, 64.09, 64.36, 63.21]
2026-05-29 06:26:01,340 [trainer.py] => CNN top5 curve: [100.0, 100.0, 100.0, 99.6, 99.65, 99.71, 99.5, 99.34, 99.41, 99.11, 99.02, 98.51, 98.07, 97.43, 97.64, 97.61, 97.66, 97.53, 97.26, 97.14, 96.86, 96.93, 96.93, 97.03, 96.86, 96.85, 96.34, 96.22, 95.41, 95.53, 95.46, 94.87, 94.92, 94.67]
2026-05-29 06:26:01,340 [trainer.py] => Average Accuracy (CNN): 73.44
2026-05-29 06:26:01,343 [trainer.py] => All params: 171970192
2026-05-29 06:26:01,346 [trainer.py] => Trainable params: 199880
2026-05-29 06:26:01,346 [l2p.py] => Learning on 170-175
2026-05-29 06:29:11,999 [l2p.py] => Task 34, Epoch 20/20 => Loss -0.135, Train_accy 96.40, Test_accy 62.90
2026-05-29 06:29:35,568 [trainer.py] => Timing Task 34 => Train 190.66s, Epochs 20, Train 9.5328s/epoch, Inference 23.57s, Images 2073, Inference 11.3681ms/image
2026-05-29 06:29:35,568 [trainer.py] => No NME accuracy.
2026-05-29 06:29:35,569 [trainer.py] => CNN: {'total': 62.9, '00-04': 50.94, '05-09': 32.31, '10-14': 55.0, '15-19': 47.83, '20-24': 75.0, '25-29': 63.93, '30-34': 43.86, '35-39': 58.49, '40-44': 82.69, '45-49': 65.45, '50-54': 50.98, '55-59': 45.0, '60-64': 69.09, '65-69': 56.86, '70-74': 57.14, '75-79': 70.42, '80-84': 60.32, '85-89': 54.29, '90-94': 45.57, '95-99': 47.37, '100-104': 85.19, '105-109': 88.52, '110-114': 87.5, '115-119': 89.8, '120-124': 75.51, '125-129': 63.79, '130-134': 55.0, '135-139': 70.69, '140-144': 52.63, '145-149': 56.52, '150-154': 78.33, '155-159': 89.06, '160-164': 81.58, '165-169': 46.55, '170-174': 62.5, 'old': 62.91, 'new': 62.5}
2026-05-29 06:29:35,569 [trainer.py] => CNN top1 curve: [100.0, 89.83, 95.51, 78.54, 80.57, 78.49, 78.55, 73.79, 77.08, 76.65, 77.61, 73.81, 73.73, 72.88, 73.0, 74.1, 72.61, 72.62, 71.97, 70.62, 71.1, 71.14, 71.4, 68.5, 68.81, 67.37, 66.84, 64.9, 64.49, 64.52, 64.37, 64.09, 64.36, 63.21, 62.9]
2026-05-29 06:29:35,569 [trainer.py] => CNN top5 curve: [100.0, 100.0, 100.0, 99.6, 99.65, 99.71, 99.5, 99.34, 99.41, 99.11, 99.02, 98.51, 98.07, 97.43, 97.64, 97.61, 97.66, 97.53, 97.26, 97.14, 96.86, 96.93, 96.93, 97.03, 96.86, 96.85, 96.34, 96.22, 95.41, 95.53, 95.46, 94.87, 94.92, 94.67, 94.4]
2026-05-29 06:29:35,569 [trainer.py] => Average Accuracy (CNN): 73.14
2026-05-29 06:29:35,572 [trainer.py] => All params: 171970192
2026-05-29 06:29:35,574 [trainer.py] => Trainable params: 199880
2026-05-29 06:29:35,574 [l2p.py] => Learning on 175-180
2026-05-29 06:32:43,583 [l2p.py] => Task 35, Epoch 20/20 => Loss -0.199, Train_accy 97.54, Test_accy 62.08
2026-05-29 06:33:07,803 [trainer.py] => Timing Task 35 => Train 188.01s, Epochs 20, Train 9.4005s/epoch, Inference 24.22s, Images 2128, Inference 11.3808ms/image
2026-05-29 06:33:07,804 [trainer.py] => No NME accuracy.
2026-05-29 06:33:07,804 [trainer.py] => CNN: {'total': 62.08, '00-04': 47.17, '05-09': 30.77, '10-14': 55.0, '15-19': 37.68, '20-24': 72.22, '25-29': 67.21, '30-34': 43.86, '35-39': 56.6, '40-44': 82.69, '45-49': 65.45, '50-54': 50.98, '55-59': 45.0, '60-64': 52.73, '65-69': 56.86, '70-74': 57.14, '75-79': 69.01, '80-84': 60.32, '85-89': 54.29, '90-94': 44.3, '95-99': 47.37, '100-104': 87.04, '105-109': 90.16, '110-114': 85.94, '115-119': 91.84, '120-124': 75.51, '125-129': 63.79, '130-134': 56.67, '135-139': 70.69, '140-144': 52.63, '145-149': 56.52, '150-154': 76.67, '155-159': 87.5, '160-164': 80.26, '165-169': 46.55, '170-174': 62.5, '175-179': 69.09, 'old': 61.89, 'new': 69.09}
2026-05-29 06:33:07,804 [trainer.py] => CNN top1 curve: [100.0, 89.83, 95.51, 78.54, 80.57, 78.49, 78.55, 73.79, 77.08, 76.65, 77.61, 73.81, 73.73, 72.88, 73.0, 74.1, 72.61, 72.62, 71.97, 70.62, 71.1, 71.14, 71.4, 68.5, 68.81, 67.37, 66.84, 64.9, 64.49, 64.52, 64.37, 64.09, 64.36, 63.21, 62.9, 62.08]
2026-05-29 06:33:07,804 [trainer.py] => CNN top5 curve: [100.0, 100.0, 100.0, 99.6, 99.65, 99.71, 99.5, 99.34, 99.41, 99.11, 99.02, 98.51, 98.07, 97.43, 97.64, 97.61, 97.66, 97.53, 97.26, 97.14, 96.86, 96.93, 96.93, 97.03, 96.86, 96.85, 96.34, 96.22, 95.41, 95.53, 95.46, 94.87, 94.92, 94.67, 94.4, 94.17]
2026-05-29 06:33:07,804 [trainer.py] => Average Accuracy (CNN): 72.83
2026-05-29 06:33:07,807 [trainer.py] => All params: 171970192
2026-05-29 06:33:07,809 [trainer.py] => Trainable params: 199880
2026-05-29 06:33:07,809 [l2p.py] => Learning on 180-185
2026-05-29 06:36:12,302 [l2p.py] => Task 36, Epoch 20/20 => Loss -0.190, Train_accy 97.32, Test_accy 61.68
2026-05-29 06:36:37,145 [trainer.py] => Timing Task 36 => Train 184.49s, Epochs 20, Train 9.2247s/epoch, Inference 24.84s, Images 2192, Inference 11.3323ms/image
2026-05-29 06:36:37,145 [trainer.py] => No NME accuracy.
2026-05-29 06:36:37,145 [trainer.py] => CNN: {'total': 61.68, '00-04': 47.17, '05-09': 30.77, '10-14': 56.67, '15-19': 37.68, '20-24': 75.0, '25-29': 67.21, '30-34': 42.11, '35-39': 60.38, '40-44': 78.85, '45-49': 63.64, '50-54': 50.98, '55-59': 45.0, '60-64': 52.73, '65-69': 56.86, '70-74': 58.57, '75-79': 69.01, '80-84': 61.9, '85-89': 54.29, '90-94': 44.3, '95-99': 47.37, '100-104': 85.19, '105-109': 88.52, '110-114': 85.94, '115-119': 89.8, '120-124': 75.51, '125-129': 58.62, '130-134': 56.67, '135-139': 70.69, '140-144': 54.39, '145-149': 55.07, '150-154': 76.67, '155-159': 87.5, '160-164': 80.26, '165-169': 48.28, '170-174': 62.5, '175-179': 69.09, '180-184': 53.12, 'old': 61.94, 'new': 53.12}
2026-05-29 06:36:37,146 [trainer.py] => CNN top1 curve: [100.0, 89.83, 95.51, 78.54, 80.57, 78.49, 78.55, 73.79, 77.08, 76.65, 77.61, 73.81, 73.73, 72.88, 73.0, 74.1, 72.61, 72.62, 71.97, 70.62, 71.1, 71.14, 71.4, 68.5, 68.81, 67.37, 66.84, 64.9, 64.49, 64.52, 64.37, 64.09, 64.36, 63.21, 62.9, 62.08, 61.68]
2026-05-29 06:36:37,146 [trainer.py] => CNN top5 curve: [100.0, 100.0, 100.0, 99.6, 99.65, 99.71, 99.5, 99.34, 99.41, 99.11, 99.02, 98.51, 98.07, 97.43, 97.64, 97.61, 97.66, 97.53, 97.26, 97.14, 96.86, 96.93, 96.93, 97.03, 96.86, 96.85, 96.34, 96.22, 95.41, 95.53, 95.46, 94.87, 94.92, 94.67, 94.4, 94.17, 93.8]
2026-05-29 06:36:37,146 [trainer.py] => Average Accuracy (CNN): 72.53
2026-05-29 06:36:37,148 [trainer.py] => All params: 171970192
2026-05-29 06:36:37,150 [trainer.py] => Trainable params: 199880
2026-05-29 06:36:37,150 [l2p.py] => Learning on 185-190
2026-05-29 06:39:48,168 [l2p.py] => Task 37, Epoch 20/20 => Loss -0.214, Train_accy 97.40, Test_accy 60.88
2026-05-29 06:40:13,671 [trainer.py] => Timing Task 37 => Train 191.02s, Epochs 20, Train 9.5509s/epoch, Inference 25.50s, Images 2260, Inference 11.2836ms/image
2026-05-29 06:40:13,671 [trainer.py] => No NME accuracy.
2026-05-29 06:40:13,672 [trainer.py] => CNN: {'total': 60.88, '00-04': 47.17, '05-09': 30.77, '10-14': 56.67, '15-19': 37.68, '20-24': 77.78, '25-29': 65.57, '30-34': 42.11, '35-39': 58.49, '40-44': 78.85, '45-49': 65.45, '50-54': 50.98, '55-59': 45.0, '60-64': 52.73, '65-69': 56.86, '70-74': 51.43, '75-79': 70.42, '80-84': 60.32, '85-89': 55.71, '90-94': 41.77, '95-99': 47.37, '100-104': 83.33, '105-109': 88.52, '110-114': 84.38, '115-119': 85.71, '120-124': 75.51, '125-129': 56.9, '130-134': 55.0, '135-139': 67.24, '140-144': 52.63, '145-149': 56.52, '150-154': 78.33, '155-159': 89.06, '160-164': 80.26, '165-169': 48.28, '170-174': 62.5, '175-179': 69.09, '180-184': 51.56, '185-189': 54.41, 'old': 61.09, 'new': 54.41}
2026-05-29 06:40:13,672 [trainer.py] => CNN top1 curve: [100.0, 89.83, 95.51, 78.54, 80.57, 78.49, 78.55, 73.79, 77.08, 76.65, 77.61, 73.81, 73.73, 72.88, 73.0, 74.1, 72.61, 72.62, 71.97, 70.62, 71.1, 71.14, 71.4, 68.5, 68.81, 67.37, 66.84, 64.9, 64.49, 64.52, 64.37, 64.09, 64.36, 63.21, 62.9, 62.08, 61.68, 60.88]
2026-05-29 06:40:13,672 [trainer.py] => CNN top5 curve: [100.0, 100.0, 100.0, 99.6, 99.65, 99.71, 99.5, 99.34, 99.41, 99.11, 99.02, 98.51, 98.07, 97.43, 97.64, 97.61, 97.66, 97.53, 97.26, 97.14, 96.86, 96.93, 96.93, 97.03, 96.86, 96.85, 96.34, 96.22, 95.41, 95.53, 95.46, 94.87, 94.92, 94.67, 94.4, 94.17, 93.8, 93.54]
2026-05-29 06:40:13,672 [trainer.py] => Average Accuracy (CNN): 72.23
2026-05-29 06:40:13,675 [trainer.py] => All params: 171970192
2026-05-29 06:40:13,677 [trainer.py] => Trainable params: 199880
2026-05-29 06:40:13,678 [l2p.py] => Learning on 190-195
2026-05-29 06:43:29,014 [l2p.py] => Task 38, Epoch 20/20 => Loss -0.195, Train_accy 98.76, Test_accy 59.97
2026-05-29 06:43:55,182 [trainer.py] => Timing Task 38 => Train 195.34s, Epochs 20, Train 9.7669s/epoch, Inference 26.17s, Images 2318, Inference 11.2879ms/image
2026-05-29 06:43:55,182 [trainer.py] => No NME accuracy.
2026-05-29 06:43:55,182 [trainer.py] => CNN: {'total': 59.97, '00-04': 47.17, '05-09': 30.77, '10-14': 56.67, '15-19': 34.78, '20-24': 75.0, '25-29': 67.21, '30-34': 42.11, '35-39': 37.74, '40-44': 73.08, '45-49': 63.64, '50-54': 50.98, '55-59': 48.33, '60-64': 52.73, '65-69': 54.9, '70-74': 41.43, '75-79': 70.42, '80-84': 57.14, '85-89': 57.14, '90-94': 43.04, '95-99': 47.37, '100-104': 83.33, '105-109': 88.52, '110-114': 82.81, '115-119': 85.71, '120-124': 75.51, '125-129': 53.45, '130-134': 55.0, '135-139': 67.24, '140-144': 52.63, '145-149': 56.52, '150-154': 76.67, '155-159': 87.5, '160-164': 80.26, '165-169': 48.28, '170-174': 62.5, '175-179': 67.27, '180-184': 50.0, '185-189': 54.41, '190-194': 75.86, 'old': 59.56, 'new': 75.86}
2026-05-29 06:43:55,183 [trainer.py] => CNN top1 curve: [100.0, 89.83, 95.51, 78.54, 80.57, 78.49, 78.55, 73.79, 77.08, 76.65, 77.61, 73.81, 73.73, 72.88, 73.0, 74.1, 72.61, 72.62, 71.97, 70.62, 71.1, 71.14, 71.4, 68.5, 68.81, 67.37, 66.84, 64.9, 64.49, 64.52, 64.37, 64.09, 64.36, 63.21, 62.9, 62.08, 61.68, 60.88, 59.97]
2026-05-29 06:43:55,183 [trainer.py] => CNN top5 curve: [100.0, 100.0, 100.0, 99.6, 99.65, 99.71, 99.5, 99.34, 99.41, 99.11, 99.02, 98.51, 98.07, 97.43, 97.64, 97.61, 97.66, 97.53, 97.26, 97.14, 96.86, 96.93, 96.93, 97.03, 96.86, 96.85, 96.34, 96.22, 95.41, 95.53, 95.46, 94.87, 94.92, 94.67, 94.4, 94.17, 93.8, 93.54, 93.05]
2026-05-29 06:43:55,183 [trainer.py] => Average Accuracy (CNN): 71.91
2026-05-29 06:43:55,185 [trainer.py] => All params: 171970192
2026-05-29 06:43:55,187 [trainer.py] => Trainable params: 199880
2026-05-29 06:43:55,187 [l2p.py] => Learning on 195-200
2026-05-29 06:47:19,783 [l2p.py] => Task 39, Epoch 20/20 => Loss -0.259, Train_accy 98.43, Test_accy 58.95
2026-05-29 06:47:46,540 [trainer.py] => Timing Task 39 => Train 204.60s, Epochs 20, Train 10.2299s/epoch, Inference 26.75s, Images 2358, Inference 11.3458ms/image
2026-05-29 06:47:46,540 [trainer.py] => No NME accuracy.
2026-05-29 06:47:46,540 [trainer.py] => CNN: {'total': 58.95, '00-04': 45.28, '05-09': 30.77, '10-14': 55.0, '15-19': 34.78, '20-24': 75.0, '25-29': 65.57, '30-34': 40.35, '35-39': 33.96, '40-44': 73.08, '45-49': 63.64, '50-54': 50.98, '55-59': 48.33, '60-64': 52.73, '65-69': 54.9, '70-74': 41.43, '75-79': 70.42, '80-84': 58.73, '85-89': 57.14, '90-94': 43.04, '95-99': 47.37, '100-104': 87.04, '105-109': 88.52, '110-114': 84.38, '115-119': 83.67, '120-124': 75.51, '125-129': 56.9, '130-134': 55.0, '135-139': 67.24, '140-144': 54.39, '145-149': 55.07, '150-154': 78.33, '155-159': 89.06, '160-164': 63.16, '165-169': 48.28, '170-174': 62.5, '175-179': 69.09, '180-184': 50.0, '185-189': 52.94, '190-194': 75.86, '195-199': 30.0, 'old': 59.45, 'new': 30.0}
2026-05-29 06:47:46,540 [trainer.py] => CNN top1 curve: [100.0, 89.83, 95.51, 78.54, 80.57, 78.49, 78.55, 73.79, 77.08, 76.65, 77.61, 73.81, 73.73, 72.88, 73.0, 74.1, 72.61, 72.62, 71.97, 70.62, 71.1, 71.14, 71.4, 68.5, 68.81, 67.37, 66.84, 64.9, 64.49, 64.52, 64.37, 64.09, 64.36, 63.21, 62.9, 62.08, 61.68, 60.88, 59.97, 58.95]
2026-05-29 06:47:46,540 [trainer.py] => CNN top5 curve: [100.0, 100.0, 100.0, 99.6, 99.65, 99.71, 99.5, 99.34, 99.41, 99.11, 99.02, 98.51, 98.07, 97.43, 97.64, 97.61, 97.66, 97.53, 97.26, 97.14, 96.86, 96.93, 96.93, 97.03, 96.86, 96.85, 96.34, 96.22, 95.41, 95.53, 95.46, 94.87, 94.92, 94.67, 94.4, 94.17, 93.8, 93.54, 93.05, 92.92]
2026-05-29 06:47:46,540 [trainer.py] => Average Accuracy (CNN): 71.59
2026-05-29 06:47:46,541 [trainer.py] => Total Train Time: 5829.96s
2026-05-29 06:47:46,541 [trainer.py] => Total Inference Time: 557.10s
2026-05-29 06:47:46,541 [trainer.py] => Average Training Time per Epoch per Incremental Task: 7.2874s
2026-05-29 06:47:46,541 [trainer.py] => Average Inference Time: 11.5825ms/image
2026-05-29 06:47:46,541 [trainer.py] => Mean Task Inference Time: 12.2319ms/image
