2026-05-29 03:13:30,958 [trainer.py] => config: ./configs/l2p/l2p_cub_B0_Inc5.json
2026-05-29 03:13:30,959 [trainer.py] => prefix:  
2026-05-29 03:13:30,959 [trainer.py] => dataset: cub
2026-05-29 03:13:30,959 [trainer.py] => memory_size: 0
2026-05-29 03:13:30,959 [trainer.py] => memory_per_class: 0
2026-05-29 03:13:30,959 [trainer.py] => fixed_memory: False
2026-05-29 03:13:30,959 [trainer.py] => shuffle: True
2026-05-29 03:13:30,959 [trainer.py] => init_cls: 5
2026-05-29 03:13:30,959 [trainer.py] => increment: 5
2026-05-29 03:13:30,959 [trainer.py] => model_name: l2p
2026-05-29 03:13:30,960 [trainer.py] => backbone_type: vit_base_patch16_224_in21k_l2p
2026-05-29 03:13:30,960 [trainer.py] => get_original_backbone: True
2026-05-29 03:13:30,960 [trainer.py] => device: [device(type='cuda', index=2)]
2026-05-29 03:13:30,960 [trainer.py] => seed: 42
2026-05-29 03:13:30,960 [trainer.py] => tuned_epoch: 20
2026-05-29 03:13:30,960 [trainer.py] => init_lr: 0.001875
2026-05-29 03:13:30,960 [trainer.py] => batch_size: 48
2026-05-29 03:13:30,960 [trainer.py] => weight_decay: 0
2026-05-29 03:13:30,960 [trainer.py] => min_lr: 1e-05
2026-05-29 03:13:30,960 [trainer.py] => optimizer: adam
2026-05-29 03:13:30,960 [trainer.py] => scheduler: constant
2026-05-29 03:13:30,960 [trainer.py] => reinit_optimizer: True
2026-05-29 03:13:30,960 [trainer.py] => global_pool: token
2026-05-29 03:13:30,960 [trainer.py] => head_type: prompt
2026-05-29 03:13:30,960 [trainer.py] => freeze: ['blocks', 'patch_embed', 'cls_token', 'norm', 'pos_embed']
2026-05-29 03:13:30,960 [trainer.py] => pretrained: True
2026-05-29 03:13:30,960 [trainer.py] => drop: 0.0
2026-05-29 03:13:30,960 [trainer.py] => drop_path: 0.0
2026-05-29 03:13:30,960 [trainer.py] => prompt_pool: True
2026-05-29 03:13:30,960 [trainer.py] => size: 10
2026-05-29 03:13:30,960 [trainer.py] => length: 5
2026-05-29 03:13:30,960 [trainer.py] => top_k: 5
2026-05-29 03:13:30,960 [trainer.py] => initializer: uniform
2026-05-29 03:13:30,960 [trainer.py] => prompt_key: True
2026-05-29 03:13:30,960 [trainer.py] => prompt_key_init: uniform
2026-05-29 03:13:30,960 [trainer.py] => use_prompt_mask: False
2026-05-29 03:13:30,961 [trainer.py] => shared_prompt_pool: False
2026-05-29 03:13:30,961 [trainer.py] => shared_prompt_key: False
2026-05-29 03:13:30,961 [trainer.py] => batchwise_prompt: True
2026-05-29 03:13:30,961 [trainer.py] => embedding_key: cls
2026-05-29 03:13:30,961 [trainer.py] => predefined_key: 
2026-05-29 03:13:30,961 [trainer.py] => pull_constraint: True
2026-05-29 03:13:30,961 [trainer.py] => pull_constraint_coeff: 0.1
2026-05-29 03:13:31,003 [data_manager.py] => [95, 15, 30, 158, 128, 115, 69, 170, 174, 45, 66, 182, 165, 78, 186, 177, 56, 152, 82, 68, 124, 16, 148, 93, 65, 60, 84, 67, 125, 132, 9, 18, 55, 75, 150, 104, 135, 137, 164, 76, 79, 197, 38, 24, 122, 195, 29, 19, 143, 86, 114, 173, 5, 126, 117, 73, 140, 98, 172, 96, 169, 97, 31, 12, 35, 119, 42, 189, 90, 136, 51, 127, 162, 41, 118, 113, 26, 139, 100, 111, 2, 77, 46, 187, 191, 85, 161, 36, 190, 61, 22, 141, 101, 33, 11, 194, 159, 6, 27, 120, 4, 32, 142, 145, 109, 144, 10, 62, 112, 146, 166, 0, 198, 153, 70, 123, 64, 44, 163, 28, 40, 108, 155, 156, 25, 23, 184, 147, 81, 39, 168, 47, 94, 154, 43, 138, 3, 105, 53, 133, 180, 178, 185, 49, 80, 34, 7, 110, 91, 83, 176, 181, 89, 8, 13, 59, 171, 131, 17, 72, 175, 134, 167, 183, 63, 54, 107, 50, 196, 58, 48, 88, 21, 57, 160, 192, 129, 37, 157, 193, 1, 52, 149, 130, 151, 103, 99, 116, 87, 74, 121, 199, 20, 188, 71, 106, 14, 92, 179, 102]
2026-05-29 03:13:33,206 [vit_l2p.py] => Resized position embedding: torch.Size([1, 197, 768]) to torch.Size([1, 222, 768])
2026-05-29 03:13:33,206 [vit_l2p.py] => Position embedding grid-size from [14, 14] to (14, 14)
2026-05-29 03:13:35,724 [l2p.py] => 86,017,736 model total parameters.
2026-05-29 03:13:35,725 [l2p.py] => 199,880 model training parameters.
2026-05-29 03:13:35,725 [l2p.py] => prompt.prompt: 38400
2026-05-29 03:13:35,725 [l2p.py] => prompt.prompt_key: 7680
2026-05-29 03:13:35,725 [l2p.py] => head.weight: 153600
2026-05-29 03:13:35,725 [l2p.py] => head.bias: 200
2026-05-29 03:13:35,726 [trainer.py] => All params: 171970192
2026-05-29 03:13:35,727 [trainer.py] => Trainable params: 199880
2026-05-29 03:13:36,033 [l2p.py] => Learning on 0-5
2026-05-29 03:15:16,262 [l2p.py] => Task 0, Epoch 20/20 => Loss 0.015, Train_accy 95.88, Test_accy 100.00
2026-05-29 03:15:17,417 [trainer.py] => Timing Task 0 => Train 100.23s, Epochs 20, Train 5.0115s/epoch, Inference 1.15s, Images 55, Inference 20.9881ms/image
2026-05-29 03:15:17,418 [trainer.py] => No NME accuracy.
2026-05-29 03:15:17,418 [trainer.py] => CNN: {'total': 100.0, '00-04': 100.0, 'old': 0, 'new': 100.0}
2026-05-29 03:15:17,418 [trainer.py] => CNN top1 curve: [100.0]
2026-05-29 03:15:17,418 [trainer.py] => CNN top5 curve: [100.0]
2026-05-29 03:15:17,418 [trainer.py] => Average Accuracy (CNN): 100.0
2026-05-29 03:15:17,421 [trainer.py] => All params: 171970192
2026-05-29 03:15:17,424 [trainer.py] => Trainable params: 199880
2026-05-29 03:15:17,424 [l2p.py] => Learning on 5-10
2026-05-29 03:16:56,897 [l2p.py] => Task 1, Epoch 20/20 => Loss 0.000, Train_accy 95.22, Test_accy 95.20
2026-05-29 03:16:58,858 [trainer.py] => Timing Task 1 => Train 99.48s, Epochs 20, Train 4.9738s/epoch, Inference 1.96s, Images 125, Inference 15.6694ms/image
2026-05-29 03:16:58,858 [trainer.py] => No NME accuracy.
2026-05-29 03:16:58,859 [trainer.py] => CNN: {'total': 95.2, '00-04': 98.18, '05-09': 92.86, 'old': 98.18, 'new': 92.86}
2026-05-29 03:16:58,859 [trainer.py] => CNN top1 curve: [100.0, 95.2]
2026-05-29 03:16:58,859 [trainer.py] => CNN top5 curve: [100.0, 100.0]
2026-05-29 03:16:58,859 [trainer.py] => Average Accuracy (CNN): 97.6
2026-05-29 03:16:58,862 [trainer.py] => All params: 171970192
2026-05-29 03:16:58,864 [trainer.py] => Trainable params: 199880
2026-05-29 03:16:58,864 [l2p.py] => Learning on 10-15
2026-05-29 03:18:39,679 [l2p.py] => Task 2, Epoch 20/20 => Loss -0.071, Train_accy 96.55, Test_accy 88.46
2026-05-29 03:18:42,171 [trainer.py] => Timing Task 2 => Train 100.82s, Epochs 20, Train 5.0408s/epoch, Inference 2.49s, Images 182, Inference 13.6837ms/image
2026-05-29 03:18:42,171 [trainer.py] => No NME accuracy.
2026-05-29 03:18:42,171 [trainer.py] => CNN: {'total': 88.46, '00-04': 98.18, '05-09': 85.71, '10-14': 82.46, 'old': 91.2, 'new': 82.46}
2026-05-29 03:18:42,171 [trainer.py] => CNN top1 curve: [100.0, 95.2, 88.46]
2026-05-29 03:18:42,172 [trainer.py] => CNN top5 curve: [100.0, 100.0, 100.0]
2026-05-29 03:18:42,172 [trainer.py] => Average Accuracy (CNN): 94.55
2026-05-29 03:18:42,174 [trainer.py] => All params: 171970192
2026-05-29 03:18:42,176 [trainer.py] => Trainable params: 199880
2026-05-29 03:18:42,176 [l2p.py] => Learning on 15-20
2026-05-29 03:20:29,031 [l2p.py] => Task 3, Epoch 20/20 => Loss -0.090, Train_accy 96.71, Test_accy 87.18
2026-05-29 03:20:32,327 [trainer.py] => Timing Task 3 => Train 106.86s, Epochs 20, Train 5.3428s/epoch, Inference 3.30s, Images 234, Inference 14.0823ms/image
2026-05-29 03:20:32,328 [trainer.py] => No NME accuracy.
2026-05-29 03:20:32,328 [trainer.py] => CNN: {'total': 87.18, '00-04': 98.18, '05-09': 82.86, '10-14': 75.44, '15-19': 94.23, 'old': 85.16, 'new': 94.23}
2026-05-29 03:20:32,328 [trainer.py] => CNN top1 curve: [100.0, 95.2, 88.46, 87.18]
2026-05-29 03:20:32,328 [trainer.py] => CNN top5 curve: [100.0, 100.0, 100.0, 99.15]
2026-05-29 03:20:32,328 [trainer.py] => Average Accuracy (CNN): 92.71
2026-05-29 03:20:32,331 [trainer.py] => All params: 171970192
2026-05-29 03:20:32,333 [trainer.py] => Trainable params: 199880
2026-05-29 03:20:32,334 [l2p.py] => Learning on 20-25
2026-05-29 03:22:20,994 [l2p.py] => Task 4, Epoch 20/20 => Loss -0.150, Train_accy 98.75, Test_accy 85.47
2026-05-29 03:22:24,842 [trainer.py] => Timing Task 4 => Train 108.66s, Epochs 20, Train 5.4331s/epoch, Inference 3.85s, Images 289, Inference 13.3051ms/image
2026-05-29 03:22:24,842 [trainer.py] => No NME accuracy.
2026-05-29 03:22:24,842 [trainer.py] => CNN: {'total': 85.47, '00-04': 98.18, '05-09': 80.0, '10-14': 73.68, '15-19': 94.23, '20-24': 83.64, 'old': 85.9, 'new': 83.64}
2026-05-29 03:22:24,843 [trainer.py] => CNN top1 curve: [100.0, 95.2, 88.46, 87.18, 85.47]
2026-05-29 03:22:24,843 [trainer.py] => CNN top5 curve: [100.0, 100.0, 100.0, 99.15, 99.31]
2026-05-29 03:22:24,843 [trainer.py] => Average Accuracy (CNN): 91.26
2026-05-29 03:22:24,846 [trainer.py] => All params: 171970192
2026-05-29 03:22:24,848 [trainer.py] => Trainable params: 199880
2026-05-29 03:22:24,848 [l2p.py] => Learning on 25-30
2026-05-29 03:24:10,051 [l2p.py] => Task 5, Epoch 20/20 => Loss -0.187, Train_accy 98.65, Test_accy 78.90
2026-05-29 03:24:14,691 [trainer.py] => Timing Task 5 => Train 105.20s, Epochs 20, Train 5.2602s/epoch, Inference 4.64s, Images 365, Inference 12.7052ms/image
2026-05-29 03:24:14,691 [trainer.py] => No NME accuracy.
2026-05-29 03:24:14,691 [trainer.py] => CNN: {'total': 78.9, '00-04': 98.18, '05-09': 77.14, '10-14': 68.42, '15-19': 82.69, '20-24': 81.82, '25-29': 69.74, 'old': 81.31, 'new': 69.74}
2026-05-29 03:24:14,692 [trainer.py] => CNN top1 curve: [100.0, 95.2, 88.46, 87.18, 85.47, 78.9]
2026-05-29 03:24:14,692 [trainer.py] => CNN top5 curve: [100.0, 100.0, 100.0, 99.15, 99.31, 99.45]
2026-05-29 03:24:14,692 [trainer.py] => Average Accuracy (CNN): 89.2
2026-05-29 03:24:14,695 [trainer.py] => All params: 171970192
2026-05-29 03:24:14,697 [trainer.py] => Trainable params: 199880
2026-05-29 03:24:14,697 [l2p.py] => Learning on 30-35
2026-05-29 03:26:09,551 [l2p.py] => Task 6, Epoch 20/20 => Loss -0.142, Train_accy 95.38, Test_accy 81.29
2026-05-29 03:26:14,800 [trainer.py] => Timing Task 6 => Train 114.86s, Epochs 20, Train 5.7428s/epoch, Inference 5.25s, Images 417, Inference 12.5826ms/image
2026-05-29 03:26:14,801 [trainer.py] => No NME accuracy.
2026-05-29 03:26:14,801 [trainer.py] => CNN: {'total': 81.29, '00-04': 98.18, '05-09': 74.29, '10-14': 71.93, '15-19': 80.77, '20-24': 81.82, '25-29': 73.68, '30-34': 94.23, 'old': 79.45, 'new': 94.23}
2026-05-29 03:26:14,801 [trainer.py] => CNN top1 curve: [100.0, 95.2, 88.46, 87.18, 85.47, 78.9, 81.29]
2026-05-29 03:26:14,801 [trainer.py] => CNN top5 curve: [100.0, 100.0, 100.0, 99.15, 99.31, 99.45, 99.52]
2026-05-29 03:26:14,801 [trainer.py] => Average Accuracy (CNN): 88.07
2026-05-29 03:26:14,803 [trainer.py] => All params: 171970192
2026-05-29 03:26:14,804 [trainer.py] => Trainable params: 199880
2026-05-29 03:26:14,805 [l2p.py] => Learning on 35-40
2026-05-29 03:28:07,319 [l2p.py] => Task 7, Epoch 20/20 => Loss -0.146, Train_accy 96.10, Test_accy 80.21
2026-05-29 03:28:13,221 [trainer.py] => Timing Task 7 => Train 112.52s, Epochs 20, Train 5.6258s/epoch, Inference 5.90s, Images 475, Inference 12.4227ms/image
2026-05-29 03:28:13,222 [trainer.py] => No NME accuracy.
2026-05-29 03:28:13,222 [trainer.py] => CNN: {'total': 80.21, '00-04': 98.18, '05-09': 65.71, '10-14': 54.39, '15-19': 80.77, '20-24': 81.82, '25-29': 75.0, '30-34': 94.23, '35-39': 98.28, 'old': 77.7, 'new': 98.28}
2026-05-29 03:28:13,222 [trainer.py] => CNN top1 curve: [100.0, 95.2, 88.46, 87.18, 85.47, 78.9, 81.29, 80.21]
2026-05-29 03:28:13,222 [trainer.py] => CNN top5 curve: [100.0, 100.0, 100.0, 99.15, 99.31, 99.45, 99.52, 99.16]
2026-05-29 03:28:13,222 [trainer.py] => Average Accuracy (CNN): 87.09
2026-05-29 03:28:13,224 [trainer.py] => All params: 171970192
2026-05-29 03:28:13,226 [trainer.py] => Trainable params: 199880
2026-05-29 03:28:13,226 [l2p.py] => Learning on 40-45
2026-05-29 03:30:12,719 [l2p.py] => Task 8, Epoch 20/20 => Loss -0.210, Train_accy 97.49, Test_accy 80.00
2026-05-29 03:30:19,404 [trainer.py] => Timing Task 8 => Train 119.49s, Epochs 20, Train 5.9747s/epoch, Inference 6.68s, Images 535, Inference 12.4915ms/image
2026-05-29 03:30:19,404 [trainer.py] => No NME accuracy.
2026-05-29 03:30:19,405 [trainer.py] => CNN: {'total': 80.0, '00-04': 98.18, '05-09': 67.14, '10-14': 52.63, '15-19': 78.85, '20-24': 81.82, '25-29': 72.37, '30-34': 94.23, '35-39': 98.28, '40-44': 83.33, 'old': 79.58, 'new': 83.33}
2026-05-29 03:30:19,405 [trainer.py] => CNN top1 curve: [100.0, 95.2, 88.46, 87.18, 85.47, 78.9, 81.29, 80.21, 80.0]
2026-05-29 03:30:19,405 [trainer.py] => CNN top5 curve: [100.0, 100.0, 100.0, 99.15, 99.31, 99.45, 99.52, 99.16, 99.44]
2026-05-29 03:30:19,405 [trainer.py] => Average Accuracy (CNN): 86.3
2026-05-29 03:30:19,408 [trainer.py] => All params: 171970192
2026-05-29 03:30:19,411 [trainer.py] => Trainable params: 199880
2026-05-29 03:30:19,411 [l2p.py] => Learning on 45-50
2026-05-29 03:32:23,997 [l2p.py] => Task 9, Epoch 20/20 => Loss -0.212, Train_accy 97.61, Test_accy 80.41
2026-05-29 03:32:31,469 [trainer.py] => Timing Task 9 => Train 124.59s, Epochs 20, Train 6.2294s/epoch, Inference 7.47s, Images 582, Inference 12.8348ms/image
2026-05-29 03:32:31,470 [trainer.py] => No NME accuracy.
2026-05-29 03:32:31,470 [trainer.py] => CNN: {'total': 80.41, '00-04': 98.18, '05-09': 62.86, '10-14': 54.39, '15-19': 76.92, '20-24': 81.82, '25-29': 72.37, '30-34': 94.23, '35-39': 96.55, '40-44': 83.33, '45-49': 93.62, 'old': 79.25, 'new': 93.62}
2026-05-29 03:32:31,470 [trainer.py] => CNN top1 curve: [100.0, 95.2, 88.46, 87.18, 85.47, 78.9, 81.29, 80.21, 80.0, 80.41]
2026-05-29 03:32:31,470 [trainer.py] => CNN top5 curve: [100.0, 100.0, 100.0, 99.15, 99.31, 99.45, 99.52, 99.16, 99.44, 99.31]
2026-05-29 03:32:31,470 [trainer.py] => Average Accuracy (CNN): 85.71
2026-05-29 03:32:31,473 [trainer.py] => All params: 171970192
2026-05-29 03:32:31,474 [trainer.py] => Trainable params: 199880
2026-05-29 03:32:31,475 [l2p.py] => Learning on 50-55
2026-05-29 03:34:24,984 [l2p.py] => Task 10, Epoch 20/20 => Loss -0.158, Train_accy 95.41, Test_accy 77.33
2026-05-29 03:34:33,082 [trainer.py] => Timing Task 10 => Train 113.51s, Epochs 20, Train 5.6756s/epoch, Inference 8.10s, Images 644, Inference 12.5705ms/image
2026-05-29 03:34:33,083 [trainer.py] => No NME accuracy.
2026-05-29 03:34:33,083 [trainer.py] => CNN: {'total': 77.33, '00-04': 98.18, '05-09': 64.29, '10-14': 52.63, '15-19': 73.08, '20-24': 81.82, '25-29': 73.68, '30-34': 94.23, '35-39': 98.28, '40-44': 85.0, '45-49': 95.74, '50-54': 45.16, 'old': 80.76, 'new': 45.16}
2026-05-29 03:34:33,083 [trainer.py] => CNN top1 curve: [100.0, 95.2, 88.46, 87.18, 85.47, 78.9, 81.29, 80.21, 80.0, 80.41, 77.33]
2026-05-29 03:34:33,083 [trainer.py] => CNN top5 curve: [100.0, 100.0, 100.0, 99.15, 99.31, 99.45, 99.52, 99.16, 99.44, 99.31, 98.76]
2026-05-29 03:34:33,084 [trainer.py] => Average Accuracy (CNN): 84.95
2026-05-29 03:34:33,086 [trainer.py] => All params: 171970192
2026-05-29 03:34:33,089 [trainer.py] => Trainable params: 199880
2026-05-29 03:34:33,089 [l2p.py] => Learning on 55-60
2026-05-29 03:36:42,466 [l2p.py] => Task 11, Epoch 20/20 => Loss -0.196, Train_accy 97.98, Test_accy 75.79
2026-05-29 03:36:50,666 [trainer.py] => Timing Task 11 => Train 129.38s, Epochs 20, Train 6.4689s/epoch, Inference 8.20s, Images 694, Inference 11.8121ms/image
2026-05-29 03:36:50,666 [trainer.py] => No NME accuracy.
2026-05-29 03:36:50,666 [trainer.py] => CNN: {'total': 75.79, '00-04': 94.55, '05-09': 62.86, '10-14': 49.12, '15-19': 75.0, '20-24': 81.82, '25-29': 72.37, '30-34': 94.23, '35-39': 98.28, '40-44': 86.67, '45-49': 95.74, '50-54': 45.16, '55-59': 64.0, 'old': 76.71, 'new': 64.0}
2026-05-29 03:36:50,666 [trainer.py] => CNN top1 curve: [100.0, 95.2, 88.46, 87.18, 85.47, 78.9, 81.29, 80.21, 80.0, 80.41, 77.33, 75.79]
2026-05-29 03:36:50,666 [trainer.py] => CNN top5 curve: [100.0, 100.0, 100.0, 99.15, 99.31, 99.45, 99.52, 99.16, 99.44, 99.31, 98.76, 98.13]
2026-05-29 03:36:50,666 [trainer.py] => Average Accuracy (CNN): 84.19
2026-05-29 03:36:50,667 [trainer.py] => All params: 171970192
2026-05-29 03:36:50,668 [trainer.py] => Trainable params: 199880
2026-05-29 03:36:50,668 [l2p.py] => Learning on 60-65
2026-05-29 03:38:57,377 [l2p.py] => Task 12, Epoch 20/20 => Loss -0.245, Train_accy 98.71, Test_accy 76.92
2026-05-29 03:39:06,273 [trainer.py] => Timing Task 12 => Train 126.71s, Epochs 20, Train 6.3355s/epoch, Inference 8.89s, Images 754, Inference 11.7945ms/image
2026-05-29 03:39:06,273 [trainer.py] => No NME accuracy.
2026-05-29 03:39:06,273 [trainer.py] => CNN: {'total': 76.92, '00-04': 90.91, '05-09': 62.86, '10-14': 49.12, '15-19': 75.0, '20-24': 81.82, '25-29': 73.68, '30-34': 92.31, '35-39': 98.28, '40-44': 85.0, '45-49': 93.62, '50-54': 46.77, '55-59': 66.0, '60-64': 93.33, 'old': 75.5, 'new': 93.33}
2026-05-29 03:39:06,273 [trainer.py] => CNN top1 curve: [100.0, 95.2, 88.46, 87.18, 85.47, 78.9, 81.29, 80.21, 80.0, 80.41, 77.33, 75.79, 76.92]
2026-05-29 03:39:06,274 [trainer.py] => CNN top5 curve: [100.0, 100.0, 100.0, 99.15, 99.31, 99.45, 99.52, 99.16, 99.44, 99.31, 98.76, 98.13, 98.01]
2026-05-29 03:39:06,274 [trainer.py] => Average Accuracy (CNN): 83.63
2026-05-29 03:39:06,276 [trainer.py] => All params: 171970192
2026-05-29 03:39:06,277 [trainer.py] => Trainable params: 199880
2026-05-29 03:39:06,277 [l2p.py] => Learning on 65-70
2026-05-29 03:41:15,884 [l2p.py] => Task 13, Epoch 20/20 => Loss -0.224, Train_accy 98.73, Test_accy 73.99
2026-05-29 03:41:25,592 [trainer.py] => Timing Task 13 => Train 129.61s, Epochs 20, Train 6.4805s/epoch, Inference 9.70s, Images 815, Inference 11.9075ms/image
2026-05-29 03:41:25,592 [trainer.py] => No NME accuracy.
2026-05-29 03:41:25,592 [trainer.py] => CNN: {'total': 73.99, '00-04': 90.91, '05-09': 61.43, '10-14': 45.61, '15-19': 75.0, '20-24': 81.82, '25-29': 73.68, '30-34': 94.23, '35-39': 75.86, '40-44': 83.33, '45-49': 95.74, '50-54': 41.94, '55-59': 66.0, '60-64': 93.33, '65-69': 67.21, 'old': 74.54, 'new': 67.21}
2026-05-29 03:41:25,592 [trainer.py] => CNN top1 curve: [100.0, 95.2, 88.46, 87.18, 85.47, 78.9, 81.29, 80.21, 80.0, 80.41, 77.33, 75.79, 76.92, 73.99]
2026-05-29 03:41:25,592 [trainer.py] => CNN top5 curve: [100.0, 100.0, 100.0, 99.15, 99.31, 99.45, 99.52, 99.16, 99.44, 99.31, 98.76, 98.13, 98.01, 97.79]
2026-05-29 03:41:25,592 [trainer.py] => Average Accuracy (CNN): 82.94
2026-05-29 03:41:25,593 [trainer.py] => All params: 171970192
2026-05-29 03:41:25,594 [trainer.py] => Trainable params: 199880
2026-05-29 03:41:25,594 [l2p.py] => Learning on 70-75
2026-05-29 03:43:40,626 [l2p.py] => Task 14, Epoch 20/20 => Loss -0.234, Train_accy 97.93, Test_accy 73.17
2026-05-29 03:43:50,976 [trainer.py] => Timing Task 14 => Train 135.03s, Epochs 20, Train 6.7517s/epoch, Inference 10.35s, Images 872, Inference 11.8667ms/image
2026-05-29 03:43:50,976 [trainer.py] => No NME accuracy.
2026-05-29 03:43:50,977 [trainer.py] => CNN: {'total': 73.17, '00-04': 90.91, '05-09': 58.57, '10-14': 43.86, '15-19': 75.0, '20-24': 81.82, '25-29': 73.68, '30-34': 94.23, '35-39': 74.14, '40-44': 85.0, '45-49': 95.74, '50-54': 43.55, '55-59': 60.0, '60-64': 91.67, '65-69': 63.93, '70-74': 75.44, 'old': 73.01, 'new': 75.44}
2026-05-29 03:43:50,977 [trainer.py] => CNN top1 curve: [100.0, 95.2, 88.46, 87.18, 85.47, 78.9, 81.29, 80.21, 80.0, 80.41, 77.33, 75.79, 76.92, 73.99, 73.17]
2026-05-29 03:43:50,977 [trainer.py] => CNN top5 curve: [100.0, 100.0, 100.0, 99.15, 99.31, 99.45, 99.52, 99.16, 99.44, 99.31, 98.76, 98.13, 98.01, 97.79, 97.02]
2026-05-29 03:43:50,977 [trainer.py] => Average Accuracy (CNN): 82.29
2026-05-29 03:43:50,979 [trainer.py] => All params: 171970192
2026-05-29 03:43:50,981 [trainer.py] => Trainable params: 199880
2026-05-29 03:43:50,981 [l2p.py] => Learning on 75-80
2026-05-29 03:46:03,291 [l2p.py] => Task 15, Epoch 20/20 => Loss -0.195, Train_accy 97.79, Test_accy 74.15
2026-05-29 03:46:14,229 [trainer.py] => Timing Task 15 => Train 132.31s, Epochs 20, Train 6.6156s/epoch, Inference 10.94s, Images 936, Inference 11.6837ms/image
2026-05-29 03:46:14,229 [trainer.py] => No NME accuracy.
2026-05-29 03:46:14,229 [trainer.py] => CNN: {'total': 74.15, '00-04': 90.91, '05-09': 55.71, '10-14': 45.61, '15-19': 75.0, '20-24': 81.82, '25-29': 73.68, '30-34': 94.23, '35-39': 75.86, '40-44': 86.67, '45-49': 95.74, '50-54': 43.55, '55-59': 62.0, '60-64': 91.67, '65-69': 62.3, '70-74': 75.44, '75-79': 85.94, 'old': 73.28, 'new': 85.94}
2026-05-29 03:46:14,229 [trainer.py] => CNN top1 curve: [100.0, 95.2, 88.46, 87.18, 85.47, 78.9, 81.29, 80.21, 80.0, 80.41, 77.33, 75.79, 76.92, 73.99, 73.17, 74.15]
2026-05-29 03:46:14,229 [trainer.py] => CNN top5 curve: [100.0, 100.0, 100.0, 99.15, 99.31, 99.45, 99.52, 99.16, 99.44, 99.31, 98.76, 98.13, 98.01, 97.79, 97.02, 96.69]
2026-05-29 03:46:14,230 [trainer.py] => Average Accuracy (CNN): 81.78
2026-05-29 03:46:14,232 [trainer.py] => All params: 171970192
2026-05-29 03:46:14,234 [trainer.py] => Trainable params: 199880
2026-05-29 03:46:14,234 [l2p.py] => Learning on 80-85
2026-05-29 03:48:32,379 [l2p.py] => Task 16, Epoch 20/20 => Loss -0.249, Train_accy 99.15, Test_accy 73.75
2026-05-29 03:48:44,168 [trainer.py] => Timing Task 16 => Train 138.15s, Epochs 20, Train 6.9073s/epoch, Inference 11.79s, Images 998, Inference 11.8110ms/image
2026-05-29 03:48:44,169 [trainer.py] => No NME accuracy.
2026-05-29 03:48:44,169 [trainer.py] => CNN: {'total': 73.75, '00-04': 90.91, '05-09': 58.57, '10-14': 43.86, '15-19': 71.15, '20-24': 81.82, '25-29': 75.0, '30-34': 92.31, '35-39': 72.41, '40-44': 88.33, '45-49': 95.74, '50-54': 48.39, '55-59': 66.0, '60-64': 91.67, '65-69': 63.93, '70-74': 78.95, '75-79': 87.5, '80-84': 56.45, 'old': 74.89, 'new': 56.45}
2026-05-29 03:48:44,169 [trainer.py] => CNN top1 curve: [100.0, 95.2, 88.46, 87.18, 85.47, 78.9, 81.29, 80.21, 80.0, 80.41, 77.33, 75.79, 76.92, 73.99, 73.17, 74.15, 73.75]
2026-05-29 03:48:44,169 [trainer.py] => CNN top5 curve: [100.0, 100.0, 100.0, 99.15, 99.31, 99.45, 99.52, 99.16, 99.44, 99.31, 98.76, 98.13, 98.01, 97.79, 97.02, 96.69, 96.49]
2026-05-29 03:48:44,169 [trainer.py] => Average Accuracy (CNN): 81.31
2026-05-29 03:48:44,171 [trainer.py] => All params: 171970192
2026-05-29 03:48:44,173 [trainer.py] => Trainable params: 199880
2026-05-29 03:48:44,173 [l2p.py] => Learning on 85-90
2026-05-29 03:51:06,667 [l2p.py] => Task 17, Epoch 20/20 => Loss -0.224, Train_accy 98.31, Test_accy 70.47
2026-05-29 03:51:19,066 [trainer.py] => Timing Task 17 => Train 142.50s, Epochs 20, Train 7.1248s/epoch, Inference 12.40s, Images 1060, Inference 11.6952ms/image
2026-05-29 03:51:19,066 [trainer.py] => No NME accuracy.
2026-05-29 03:51:19,066 [trainer.py] => CNN: {'total': 70.47, '00-04': 89.09, '05-09': 57.14, '10-14': 43.86, '15-19': 73.08, '20-24': 67.27, '25-29': 71.05, '30-34': 92.31, '35-39': 72.41, '40-44': 70.0, '45-49': 97.87, '50-54': 45.16, '55-59': 60.0, '60-64': 88.33, '65-69': 44.26, '70-74': 80.7, '75-79': 87.5, '80-84': 48.39, '85-89': 90.32, 'old': 69.24, 'new': 90.32}
2026-05-29 03:51:19,066 [trainer.py] => CNN top1 curve: [100.0, 95.2, 88.46, 87.18, 85.47, 78.9, 81.29, 80.21, 80.0, 80.41, 77.33, 75.79, 76.92, 73.99, 73.17, 74.15, 73.75, 70.47]
2026-05-29 03:51:19,067 [trainer.py] => CNN top5 curve: [100.0, 100.0, 100.0, 99.15, 99.31, 99.45, 99.52, 99.16, 99.44, 99.31, 98.76, 98.13, 98.01, 97.79, 97.02, 96.69, 96.49, 96.6]
2026-05-29 03:51:19,067 [trainer.py] => Average Accuracy (CNN): 80.7
2026-05-29 03:51:19,068 [trainer.py] => All params: 171970192
2026-05-29 03:51:19,069 [trainer.py] => Trainable params: 199880
2026-05-29 03:51:19,069 [l2p.py] => Learning on 90-95
2026-05-29 03:53:42,690 [l2p.py] => Task 18, Epoch 20/20 => Loss -0.147, Train_accy 95.80, Test_accy 68.73
2026-05-29 03:53:55,673 [trainer.py] => Timing Task 18 => Train 143.62s, Epochs 20, Train 7.1812s/epoch, Inference 12.98s, Images 1116, Inference 11.6319ms/image
2026-05-29 03:53:55,674 [trainer.py] => No NME accuracy.
2026-05-29 03:53:55,674 [trainer.py] => CNN: {'total': 68.73, '00-04': 89.09, '05-09': 50.0, '10-14': 42.11, '15-19': 73.08, '20-24': 65.45, '25-29': 71.05, '30-34': 92.31, '35-39': 70.69, '40-44': 55.0, '45-49': 95.74, '50-54': 50.0, '55-59': 62.0, '60-64': 90.0, '65-69': 45.9, '70-74': 78.95, '75-79': 85.94, '80-84': 48.39, '85-89': 91.94, '90-94': 58.93, 'old': 69.25, 'new': 58.93}
2026-05-29 03:53:55,675 [trainer.py] => CNN top1 curve: [100.0, 95.2, 88.46, 87.18, 85.47, 78.9, 81.29, 80.21, 80.0, 80.41, 77.33, 75.79, 76.92, 73.99, 73.17, 74.15, 73.75, 70.47, 68.73]
2026-05-29 03:53:55,675 [trainer.py] => CNN top5 curve: [100.0, 100.0, 100.0, 99.15, 99.31, 99.45, 99.52, 99.16, 99.44, 99.31, 98.76, 98.13, 98.01, 97.79, 97.02, 96.69, 96.49, 96.6, 96.59]
2026-05-29 03:53:55,675 [trainer.py] => Average Accuracy (CNN): 80.07
2026-05-29 03:53:55,678 [trainer.py] => All params: 171970192
2026-05-29 03:53:55,679 [trainer.py] => Trainable params: 199880
2026-05-29 03:53:55,680 [l2p.py] => Learning on 95-100
2026-05-29 03:56:22,227 [l2p.py] => Task 19, Epoch 20/20 => Loss -0.225, Train_accy 98.30, Test_accy 68.94
2026-05-29 03:56:35,943 [trainer.py] => Timing Task 19 => Train 146.55s, Epochs 20, Train 7.3275s/epoch, Inference 13.71s, Images 1172, Inference 11.7005ms/image
2026-05-29 03:56:35,943 [trainer.py] => No NME accuracy.
2026-05-29 03:56:35,943 [trainer.py] => CNN: {'total': 68.94, '00-04': 87.27, '05-09': 51.43, '10-14': 42.11, '15-19': 71.15, '20-24': 65.45, '25-29': 68.42, '30-34': 92.31, '35-39': 70.69, '40-44': 56.67, '45-49': 93.62, '50-54': 51.61, '55-59': 60.0, '60-64': 90.0, '65-69': 45.9, '70-74': 78.95, '75-79': 87.5, '80-84': 48.39, '85-89': 91.94, '90-94': 58.93, '95-99': 76.79, 'old': 68.55, 'new': 76.79}
2026-05-29 03:56:35,943 [trainer.py] => CNN top1 curve: [100.0, 95.2, 88.46, 87.18, 85.47, 78.9, 81.29, 80.21, 80.0, 80.41, 77.33, 75.79, 76.92, 73.99, 73.17, 74.15, 73.75, 70.47, 68.73, 68.94]
2026-05-29 03:56:35,943 [trainer.py] => CNN top5 curve: [100.0, 100.0, 100.0, 99.15, 99.31, 99.45, 99.52, 99.16, 99.44, 99.31, 98.76, 98.13, 98.01, 97.79, 97.02, 96.69, 96.49, 96.6, 96.59, 96.5]
2026-05-29 03:56:35,943 [trainer.py] => Average Accuracy (CNN): 79.52
2026-05-29 03:56:35,944 [trainer.py] => All params: 171970192
2026-05-29 03:56:35,946 [trainer.py] => Trainable params: 199880
2026-05-29 03:56:35,946 [l2p.py] => Learning on 100-105
2026-05-29 03:59:03,082 [l2p.py] => Task 20, Epoch 20/20 => Loss -0.193, Train_accy 96.57, Test_accy 67.35
2026-05-29 03:59:17,421 [trainer.py] => Timing Task 20 => Train 147.14s, Epochs 20, Train 7.3569s/epoch, Inference 14.34s, Images 1222, Inference 11.7324ms/image
2026-05-29 03:59:17,422 [trainer.py] => No NME accuracy.
2026-05-29 03:59:17,422 [trainer.py] => CNN: {'total': 67.35, '00-04': 80.0, '05-09': 52.86, '10-14': 42.11, '15-19': 71.15, '20-24': 65.45, '25-29': 65.79, '30-34': 92.31, '35-39': 70.69, '40-44': 53.33, '45-49': 91.49, '50-54': 56.45, '55-59': 60.0, '60-64': 86.67, '65-69': 47.54, '70-74': 80.7, '75-79': 85.94, '80-84': 48.39, '85-89': 96.77, '90-94': 60.71, '95-99': 73.21, '100-104': 38.0, 'old': 68.6, 'new': 38.0}
2026-05-29 03:59:17,422 [trainer.py] => CNN top1 curve: [100.0, 95.2, 88.46, 87.18, 85.47, 78.9, 81.29, 80.21, 80.0, 80.41, 77.33, 75.79, 76.92, 73.99, 73.17, 74.15, 73.75, 70.47, 68.73, 68.94, 67.35]
2026-05-29 03:59:17,422 [trainer.py] => CNN top5 curve: [100.0, 100.0, 100.0, 99.15, 99.31, 99.45, 99.52, 99.16, 99.44, 99.31, 98.76, 98.13, 98.01, 97.79, 97.02, 96.69, 96.49, 96.6, 96.59, 96.5, 96.07]
2026-05-29 03:59:17,422 [trainer.py] => Average Accuracy (CNN): 78.94
2026-05-29 03:59:17,425 [trainer.py] => All params: 171970192
2026-05-29 03:59:17,427 [trainer.py] => Trainable params: 199880
2026-05-29 03:59:17,428 [l2p.py] => Learning on 105-110
2026-05-29 04:01:46,791 [l2p.py] => Task 21, Epoch 20/20 => Loss -0.147, Train_accy 95.71, Test_accy 66.54
2026-05-29 04:02:01,706 [trainer.py] => Timing Task 21 => Train 149.36s, Epochs 20, Train 7.4682s/epoch, Inference 14.91s, Images 1279, Inference 11.6602ms/image
2026-05-29 04:02:01,707 [trainer.py] => No NME accuracy.
2026-05-29 04:02:01,707 [trainer.py] => CNN: {'total': 66.54, '00-04': 80.0, '05-09': 54.29, '10-14': 42.11, '15-19': 69.23, '20-24': 65.45, '25-29': 65.79, '30-34': 92.31, '35-39': 70.69, '40-44': 56.67, '45-49': 91.49, '50-54': 54.84, '55-59': 62.0, '60-64': 86.67, '65-69': 47.54, '70-74': 80.7, '75-79': 84.38, '80-84': 48.39, '85-89': 95.16, '90-94': 60.71, '95-99': 71.43, '100-104': 40.0, '105-109': 49.12, 'old': 67.35, 'new': 49.12}
2026-05-29 04:02:01,707 [trainer.py] => CNN top1 curve: [100.0, 95.2, 88.46, 87.18, 85.47, 78.9, 81.29, 80.21, 80.0, 80.41, 77.33, 75.79, 76.92, 73.99, 73.17, 74.15, 73.75, 70.47, 68.73, 68.94, 67.35, 66.54]
2026-05-29 04:02:01,707 [trainer.py] => CNN top5 curve: [100.0, 100.0, 100.0, 99.15, 99.31, 99.45, 99.52, 99.16, 99.44, 99.31, 98.76, 98.13, 98.01, 97.79, 97.02, 96.69, 96.49, 96.6, 96.59, 96.5, 96.07, 95.47]
2026-05-29 04:02:01,707 [trainer.py] => Average Accuracy (CNN): 78.38
2026-05-29 04:02:01,709 [trainer.py] => All params: 171970192
2026-05-29 04:02:01,711 [trainer.py] => Trainable params: 199880
2026-05-29 04:02:01,711 [l2p.py] => Learning on 110-115
2026-05-29 04:04:33,207 [l2p.py] => Task 22, Epoch 20/20 => Loss -0.229, Train_accy 99.56, Test_accy 65.51
2026-05-29 04:04:48,996 [trainer.py] => Timing Task 22 => Train 151.50s, Epochs 20, Train 7.5749s/epoch, Inference 15.79s, Images 1351, Inference 11.6852ms/image
2026-05-29 04:04:48,997 [trainer.py] => No NME accuracy.
2026-05-29 04:04:48,997 [trainer.py] => CNN: {'total': 65.51, '00-04': 80.0, '05-09': 54.29, '10-14': 42.11, '15-19': 67.31, '20-24': 65.45, '25-29': 61.84, '30-34': 92.31, '35-39': 68.97, '40-44': 53.33, '45-49': 87.23, '50-54': 53.23, '55-59': 62.0, '60-64': 85.0, '65-69': 47.54, '70-74': 80.7, '75-79': 84.38, '80-84': 45.16, '85-89': 95.16, '90-94': 62.5, '95-99': 73.21, '100-104': 38.0, '105-109': 47.37, '110-114': 65.28, 'old': 65.52, 'new': 65.28}
2026-05-29 04:04:48,997 [trainer.py] => CNN top1 curve: [100.0, 95.2, 88.46, 87.18, 85.47, 78.9, 81.29, 80.21, 80.0, 80.41, 77.33, 75.79, 76.92, 73.99, 73.17, 74.15, 73.75, 70.47, 68.73, 68.94, 67.35, 66.54, 65.51]
2026-05-29 04:04:48,997 [trainer.py] => CNN top5 curve: [100.0, 100.0, 100.0, 99.15, 99.31, 99.45, 99.52, 99.16, 99.44, 99.31, 98.76, 98.13, 98.01, 97.79, 97.02, 96.69, 96.49, 96.6, 96.59, 96.5, 96.07, 95.47, 95.34]
2026-05-29 04:04:48,998 [trainer.py] => Average Accuracy (CNN): 77.82
2026-05-29 04:04:49,001 [trainer.py] => All params: 171970192
2026-05-29 04:04:49,003 [trainer.py] => Trainable params: 199880
2026-05-29 04:04:49,004 [l2p.py] => Learning on 115-120
2026-05-29 04:07:25,996 [l2p.py] => Task 23, Epoch 20/20 => Loss -0.215, Train_accy 98.31, Test_accy 63.53
2026-05-29 04:07:41,796 [trainer.py] => Timing Task 23 => Train 156.99s, Epochs 20, Train 7.8497s/epoch, Inference 15.80s, Images 1404, Inference 11.2519ms/image
2026-05-29 04:07:41,797 [trainer.py] => No NME accuracy.
2026-05-29 04:07:41,797 [trainer.py] => CNN: {'total': 63.53, '00-04': 74.55, '05-09': 51.43, '10-14': 42.11, '15-19': 65.38, '20-24': 65.45, '25-29': 59.21, '30-34': 90.38, '35-39': 67.24, '40-44': 50.0, '45-49': 80.85, '50-54': 56.45, '55-59': 62.0, '60-64': 86.67, '65-69': 49.18, '70-74': 80.7, '75-79': 81.25, '80-84': 45.16, '85-89': 83.87, '90-94': 62.5, '95-99': 73.21, '100-104': 40.0, '105-109': 49.12, '110-114': 66.67, '115-119': 45.28, 'old': 64.25, 'new': 45.28}
2026-05-29 04:07:41,797 [trainer.py] => CNN top1 curve: [100.0, 95.2, 88.46, 87.18, 85.47, 78.9, 81.29, 80.21, 80.0, 80.41, 77.33, 75.79, 76.92, 73.99, 73.17, 74.15, 73.75, 70.47, 68.73, 68.94, 67.35, 66.54, 65.51, 63.53]
2026-05-29 04:07:41,797 [trainer.py] => CNN top5 curve: [100.0, 100.0, 100.0, 99.15, 99.31, 99.45, 99.52, 99.16, 99.44, 99.31, 98.76, 98.13, 98.01, 97.79, 97.02, 96.69, 96.49, 96.6, 96.59, 96.5, 96.07, 95.47, 95.34, 95.09]
2026-05-29 04:07:41,797 [trainer.py] => Average Accuracy (CNN): 77.22
2026-05-29 04:07:41,798 [trainer.py] => All params: 171970192
2026-05-29 04:07:41,799 [trainer.py] => Trainable params: 199880
2026-05-29 04:07:41,799 [l2p.py] => Learning on 120-125
2026-05-29 04:10:26,200 [l2p.py] => Task 24, Epoch 20/20 => Loss -0.245, Train_accy 98.36, Test_accy 63.40
2026-05-29 04:10:43,304 [trainer.py] => Timing Task 24 => Train 164.40s, Epochs 20, Train 8.2202s/epoch, Inference 17.10s, Images 1459, Inference 11.7206ms/image
2026-05-29 04:10:43,304 [trainer.py] => No NME accuracy.
2026-05-29 04:10:43,304 [trainer.py] => CNN: {'total': 63.4, '00-04': 76.36, '05-09': 50.0, '10-14': 40.35, '15-19': 65.38, '20-24': 65.45, '25-29': 59.21, '30-34': 92.31, '35-39': 67.24, '40-44': 53.33, '45-49': 82.98, '50-54': 56.45, '55-59': 64.0, '60-64': 86.67, '65-69': 49.18, '70-74': 80.7, '75-79': 73.44, '80-84': 45.16, '85-89': 82.26, '90-94': 64.29, '95-99': 73.21, '100-104': 40.0, '105-109': 50.88, '110-114': 66.67, '115-119': 47.17, '120-124': 58.18, 'old': 63.6, 'new': 58.18}
2026-05-29 04:10:43,305 [trainer.py] => CNN top1 curve: [100.0, 95.2, 88.46, 87.18, 85.47, 78.9, 81.29, 80.21, 80.0, 80.41, 77.33, 75.79, 76.92, 73.99, 73.17, 74.15, 73.75, 70.47, 68.73, 68.94, 67.35, 66.54, 65.51, 63.53, 63.4]
2026-05-29 04:10:43,305 [trainer.py] => CNN top5 curve: [100.0, 100.0, 100.0, 99.15, 99.31, 99.45, 99.52, 99.16, 99.44, 99.31, 98.76, 98.13, 98.01, 97.79, 97.02, 96.69, 96.49, 96.6, 96.59, 96.5, 96.07, 95.47, 95.34, 95.09, 94.86]
2026-05-29 04:10:43,305 [trainer.py] => Average Accuracy (CNN): 76.67
2026-05-29 04:10:43,308 [trainer.py] => All params: 171970192
2026-05-29 04:10:43,310 [trainer.py] => Trainable params: 199880
2026-05-29 04:10:43,310 [l2p.py] => Learning on 125-130
2026-05-29 04:13:25,581 [l2p.py] => Task 25, Epoch 20/20 => Loss -0.243, Train_accy 98.71, Test_accy 62.54
2026-05-29 04:13:43,452 [trainer.py] => Timing Task 25 => Train 162.27s, Epochs 20, Train 8.1137s/epoch, Inference 17.87s, Images 1519, Inference 11.7632ms/image
2026-05-29 04:13:43,452 [trainer.py] => No NME accuracy.
2026-05-29 04:13:43,452 [trainer.py] => CNN: {'total': 62.54, '00-04': 80.0, '05-09': 48.57, '10-14': 21.05, '15-19': 63.46, '20-24': 65.45, '25-29': 60.53, '30-34': 92.31, '35-39': 72.41, '40-44': 33.33, '45-49': 85.11, '50-54': 54.84, '55-59': 60.0, '60-64': 83.33, '65-69': 49.18, '70-74': 80.7, '75-79': 73.44, '80-84': 45.16, '85-89': 80.65, '90-94': 62.5, '95-99': 71.43, '100-104': 40.0, '105-109': 50.88, '110-114': 66.67, '115-119': 47.17, '120-124': 56.36, '125-129': 86.67, 'old': 61.55, 'new': 86.67}
2026-05-29 04:13:43,453 [trainer.py] => CNN top1 curve: [100.0, 95.2, 88.46, 87.18, 85.47, 78.9, 81.29, 80.21, 80.0, 80.41, 77.33, 75.79, 76.92, 73.99, 73.17, 74.15, 73.75, 70.47, 68.73, 68.94, 67.35, 66.54, 65.51, 63.53, 63.4, 62.54]
2026-05-29 04:13:43,453 [trainer.py] => CNN top5 curve: [100.0, 100.0, 100.0, 99.15, 99.31, 99.45, 99.52, 99.16, 99.44, 99.31, 98.76, 98.13, 98.01, 97.79, 97.02, 96.69, 96.49, 96.6, 96.59, 96.5, 96.07, 95.47, 95.34, 95.09, 94.86, 94.73]
2026-05-29 04:13:43,453 [trainer.py] => Average Accuracy (CNN): 76.12
2026-05-29 04:13:43,455 [trainer.py] => All params: 171970192
2026-05-29 04:13:43,457 [trainer.py] => Trainable params: 199880
2026-05-29 04:13:43,457 [l2p.py] => Learning on 130-135
2026-05-29 04:16:30,097 [l2p.py] => Task 26, Epoch 20/20 => Loss -0.219, Train_accy 97.91, Test_accy 62.57
2026-05-29 04:16:48,539 [trainer.py] => Timing Task 26 => Train 166.64s, Epochs 20, Train 8.3321s/epoch, Inference 18.44s, Images 1579, Inference 11.6781ms/image
2026-05-29 04:16:48,539 [trainer.py] => No NME accuracy.
2026-05-29 04:16:48,539 [trainer.py] => CNN: {'total': 62.57, '00-04': 81.82, '05-09': 51.43, '10-14': 21.05, '15-19': 63.46, '20-24': 65.45, '25-29': 61.84, '30-34': 92.31, '35-39': 72.41, '40-44': 30.0, '45-49': 87.23, '50-54': 56.45, '55-59': 58.0, '60-64': 76.67, '65-69': 45.9, '70-74': 80.7, '75-79': 75.0, '80-84': 45.16, '85-89': 80.65, '90-94': 60.71, '95-99': 71.43, '100-104': 42.0, '105-109': 49.12, '110-114': 63.89, '115-119': 45.28, '120-124': 56.36, '125-129': 86.67, '130-134': 73.33, 'old': 62.15, 'new': 73.33}
2026-05-29 04:16:48,539 [trainer.py] => CNN top1 curve: [100.0, 95.2, 88.46, 87.18, 85.47, 78.9, 81.29, 80.21, 80.0, 80.41, 77.33, 75.79, 76.92, 73.99, 73.17, 74.15, 73.75, 70.47, 68.73, 68.94, 67.35, 66.54, 65.51, 63.53, 63.4, 62.54, 62.57]
2026-05-29 04:16:48,539 [trainer.py] => CNN top5 curve: [100.0, 100.0, 100.0, 99.15, 99.31, 99.45, 99.52, 99.16, 99.44, 99.31, 98.76, 98.13, 98.01, 97.79, 97.02, 96.69, 96.49, 96.6, 96.59, 96.5, 96.07, 95.47, 95.34, 95.09, 94.86, 94.73, 95.06]
2026-05-29 04:16:48,539 [trainer.py] => Average Accuracy (CNN): 75.62
2026-05-29 04:16:48,540 [trainer.py] => All params: 171970192
2026-05-29 04:16:48,541 [trainer.py] => Trainable params: 199880
2026-05-29 04:16:48,541 [l2p.py] => Learning on 135-140
2026-05-29 04:19:38,153 [l2p.py] => Task 27, Epoch 20/20 => Loss -0.224, Train_accy 98.74, Test_accy 62.80
2026-05-29 04:19:56,521 [trainer.py] => Timing Task 27 => Train 169.61s, Epochs 20, Train 8.4806s/epoch, Inference 18.37s, Images 1640, Inference 11.1990ms/image
2026-05-29 04:19:56,522 [trainer.py] => No NME accuracy.
2026-05-29 04:19:56,522 [trainer.py] => CNN: {'total': 62.8, '00-04': 69.09, '05-09': 51.43, '10-14': 21.05, '15-19': 65.38, '20-24': 65.45, '25-29': 61.84, '30-34': 92.31, '35-39': 72.41, '40-44': 31.67, '45-49': 89.36, '50-54': 54.84, '55-59': 60.0, '60-64': 78.33, '65-69': 45.9, '70-74': 80.7, '75-79': 75.0, '80-84': 45.16, '85-89': 80.65, '90-94': 58.93, '95-99': 71.43, '100-104': 42.0, '105-109': 47.37, '110-114': 65.28, '115-119': 45.28, '120-124': 56.36, '125-129': 86.67, '130-134': 75.0, '135-139': 73.77, 'old': 62.38, 'new': 73.77}
2026-05-29 04:19:56,522 [trainer.py] => CNN top1 curve: [100.0, 95.2, 88.46, 87.18, 85.47, 78.9, 81.29, 80.21, 80.0, 80.41, 77.33, 75.79, 76.92, 73.99, 73.17, 74.15, 73.75, 70.47, 68.73, 68.94, 67.35, 66.54, 65.51, 63.53, 63.4, 62.54, 62.57, 62.8]
2026-05-29 04:19:56,522 [trainer.py] => CNN top5 curve: [100.0, 100.0, 100.0, 99.15, 99.31, 99.45, 99.52, 99.16, 99.44, 99.31, 98.76, 98.13, 98.01, 97.79, 97.02, 96.69, 96.49, 96.6, 96.59, 96.5, 96.07, 95.47, 95.34, 95.09, 94.86, 94.73, 95.06, 94.94]
2026-05-29 04:19:56,522 [trainer.py] => Average Accuracy (CNN): 75.16
2026-05-29 04:19:56,524 [trainer.py] => All params: 171970192
2026-05-29 04:19:56,526 [trainer.py] => Trainable params: 199880
2026-05-29 04:19:56,527 [l2p.py] => Learning on 140-145
2026-05-29 04:22:50,249 [l2p.py] => Task 28, Epoch 20/20 => Loss -0.220, Train_accy 99.17, Test_accy 62.54
2026-05-29 04:23:08,873 [trainer.py] => Timing Task 28 => Train 173.72s, Epochs 20, Train 8.6862s/epoch, Inference 18.62s, Images 1698, Inference 10.9664ms/image
2026-05-29 04:23:08,873 [trainer.py] => No NME accuracy.
2026-05-29 04:23:08,873 [trainer.py] => CNN: {'total': 62.54, '00-04': 63.64, '05-09': 51.43, '10-14': 21.05, '15-19': 65.38, '20-24': 65.45, '25-29': 61.84, '30-34': 92.31, '35-39': 72.41, '40-44': 31.67, '45-49': 87.23, '50-54': 56.45, '55-59': 58.0, '60-64': 78.33, '65-69': 47.54, '70-74': 80.7, '75-79': 75.0, '80-84': 45.16, '85-89': 82.26, '90-94': 58.93, '95-99': 71.43, '100-104': 40.0, '105-109': 49.12, '110-114': 65.28, '115-119': 45.28, '120-124': 56.36, '125-129': 85.0, '130-134': 76.67, '135-139': 73.77, '140-144': 58.62, 'old': 62.68, 'new': 58.62}
2026-05-29 04:23:08,873 [trainer.py] => CNN top1 curve: [100.0, 95.2, 88.46, 87.18, 85.47, 78.9, 81.29, 80.21, 80.0, 80.41, 77.33, 75.79, 76.92, 73.99, 73.17, 74.15, 73.75, 70.47, 68.73, 68.94, 67.35, 66.54, 65.51, 63.53, 63.4, 62.54, 62.57, 62.8, 62.54]
2026-05-29 04:23:08,873 [trainer.py] => CNN top5 curve: [100.0, 100.0, 100.0, 99.15, 99.31, 99.45, 99.52, 99.16, 99.44, 99.31, 98.76, 98.13, 98.01, 97.79, 97.02, 96.69, 96.49, 96.6, 96.59, 96.5, 96.07, 95.47, 95.34, 95.09, 94.86, 94.73, 95.06, 94.94, 94.76]
2026-05-29 04:23:08,873 [trainer.py] => Average Accuracy (CNN): 74.73
2026-05-29 04:23:08,877 [trainer.py] => All params: 171970192
2026-05-29 04:23:08,879 [trainer.py] => Trainable params: 199880
2026-05-29 04:23:08,879 [l2p.py] => Learning on 145-150
2026-05-29 04:26:01,874 [l2p.py] => Task 29, Epoch 20/20 => Loss -0.216, Train_accy 98.31, Test_accy 62.63
2026-05-29 04:26:22,200 [trainer.py] => Timing Task 29 => Train 173.00s, Epochs 20, Train 8.6499s/epoch, Inference 20.32s, Images 1742, Inference 11.6662ms/image
2026-05-29 04:26:22,200 [trainer.py] => No NME accuracy.
2026-05-29 04:26:22,200 [trainer.py] => CNN: {'total': 62.63, '00-04': 67.27, '05-09': 51.43, '10-14': 21.05, '15-19': 67.31, '20-24': 65.45, '25-29': 60.53, '30-34': 92.31, '35-39': 72.41, '40-44': 33.33, '45-49': 87.23, '50-54': 54.84, '55-59': 58.0, '60-64': 80.0, '65-69': 45.9, '70-74': 80.7, '75-79': 62.5, '80-84': 45.16, '85-89': 80.65, '90-94': 55.36, '95-99': 71.43, '100-104': 38.0, '105-109': 45.61, '110-114': 65.28, '115-119': 47.17, '120-124': 56.36, '125-129': 85.0, '130-134': 75.0, '135-139': 72.13, '140-144': 58.62, '145-149': 95.45, 'old': 61.78, 'new': 95.45}
2026-05-29 04:26:22,201 [trainer.py] => CNN top1 curve: [100.0, 95.2, 88.46, 87.18, 85.47, 78.9, 81.29, 80.21, 80.0, 80.41, 77.33, 75.79, 76.92, 73.99, 73.17, 74.15, 73.75, 70.47, 68.73, 68.94, 67.35, 66.54, 65.51, 63.53, 63.4, 62.54, 62.57, 62.8, 62.54, 62.63]
2026-05-29 04:26:22,201 [trainer.py] => CNN top5 curve: [100.0, 100.0, 100.0, 99.15, 99.31, 99.45, 99.52, 99.16, 99.44, 99.31, 98.76, 98.13, 98.01, 97.79, 97.02, 96.69, 96.49, 96.6, 96.59, 96.5, 96.07, 95.47, 95.34, 95.09, 94.86, 94.73, 95.06, 94.94, 94.76, 94.83]
2026-05-29 04:26:22,201 [trainer.py] => Average Accuracy (CNN): 74.33
2026-05-29 04:26:22,204 [trainer.py] => All params: 171970192
2026-05-29 04:26:22,206 [trainer.py] => Trainable params: 199880
2026-05-29 04:26:22,206 [l2p.py] => Learning on 150-155
2026-05-29 04:29:21,880 [l2p.py] => Task 30, Epoch 20/20 => Loss -0.242, Train_accy 97.96, Test_accy 61.92
2026-05-29 04:29:41,513 [trainer.py] => Timing Task 30 => Train 179.68s, Epochs 20, Train 8.9838s/epoch, Inference 19.63s, Images 1796, Inference 10.9299ms/image
2026-05-29 04:29:41,513 [trainer.py] => No NME accuracy.
2026-05-29 04:29:41,513 [trainer.py] => CNN: {'total': 61.92, '00-04': 60.0, '05-09': 48.57, '10-14': 21.05, '15-19': 69.23, '20-24': 65.45, '25-29': 60.53, '30-34': 92.31, '35-39': 70.69, '40-44': 33.33, '45-49': 89.36, '50-54': 53.23, '55-59': 60.0, '60-64': 81.67, '65-69': 49.18, '70-74': 80.7, '75-79': 60.94, '80-84': 45.16, '85-89': 75.81, '90-94': 57.14, '95-99': 71.43, '100-104': 36.0, '105-109': 43.86, '110-114': 66.67, '115-119': 45.28, '120-124': 54.55, '125-129': 85.0, '130-134': 73.33, '135-139': 72.13, '140-144': 56.9, '145-149': 95.45, '150-154': 57.41, 'old': 62.06, 'new': 57.41}
2026-05-29 04:29:41,513 [trainer.py] => CNN top1 curve: [100.0, 95.2, 88.46, 87.18, 85.47, 78.9, 81.29, 80.21, 80.0, 80.41, 77.33, 75.79, 76.92, 73.99, 73.17, 74.15, 73.75, 70.47, 68.73, 68.94, 67.35, 66.54, 65.51, 63.53, 63.4, 62.54, 62.57, 62.8, 62.54, 62.63, 61.92]
2026-05-29 04:29:41,514 [trainer.py] => CNN top5 curve: [100.0, 100.0, 100.0, 99.15, 99.31, 99.45, 99.52, 99.16, 99.44, 99.31, 98.76, 98.13, 98.01, 97.79, 97.02, 96.69, 96.49, 96.6, 96.59, 96.5, 96.07, 95.47, 95.34, 95.09, 94.86, 94.73, 95.06, 94.94, 94.76, 94.83, 94.6]
2026-05-29 04:29:41,514 [trainer.py] => Average Accuracy (CNN): 73.93
2026-05-29 04:29:41,516 [trainer.py] => All params: 171970192
2026-05-29 04:29:41,518 [trainer.py] => Trainable params: 199880
2026-05-29 04:29:41,519 [l2p.py] => Learning on 155-160
2026-05-29 04:32:37,364 [l2p.py] => Task 31, Epoch 20/20 => Loss -0.242, Train_accy 98.70, Test_accy 60.27
2026-05-29 04:32:57,538 [trainer.py] => Timing Task 31 => Train 175.85s, Epochs 20, Train 8.7923s/epoch, Inference 20.17s, Images 1850, Inference 10.9038ms/image
2026-05-29 04:32:57,539 [trainer.py] => No NME accuracy.
2026-05-29 04:32:57,539 [trainer.py] => CNN: {'total': 60.27, '00-04': 60.0, '05-09': 42.86, '10-14': 21.05, '15-19': 67.31, '20-24': 65.45, '25-29': 46.05, '30-34': 92.31, '35-39': 68.97, '40-44': 33.33, '45-49': 82.98, '50-54': 45.16, '55-59': 44.0, '60-64': 80.0, '65-69': 49.18, '70-74': 75.44, '75-79': 60.94, '80-84': 45.16, '85-89': 69.35, '90-94': 57.14, '95-99': 73.21, '100-104': 36.0, '105-109': 45.61, '110-114': 63.89, '115-119': 47.17, '120-124': 56.36, '125-129': 85.0, '130-134': 75.0, '135-139': 73.77, '140-144': 55.17, '145-149': 93.18, '150-154': 51.85, '155-159': 83.33, 'old': 59.58, 'new': 83.33}
2026-05-29 04:32:57,539 [trainer.py] => CNN top1 curve: [100.0, 95.2, 88.46, 87.18, 85.47, 78.9, 81.29, 80.21, 80.0, 80.41, 77.33, 75.79, 76.92, 73.99, 73.17, 74.15, 73.75, 70.47, 68.73, 68.94, 67.35, 66.54, 65.51, 63.53, 63.4, 62.54, 62.57, 62.8, 62.54, 62.63, 61.92, 60.27]
2026-05-29 04:32:57,539 [trainer.py] => CNN top5 curve: [100.0, 100.0, 100.0, 99.15, 99.31, 99.45, 99.52, 99.16, 99.44, 99.31, 98.76, 98.13, 98.01, 97.79, 97.02, 96.69, 96.49, 96.6, 96.59, 96.5, 96.07, 95.47, 95.34, 95.09, 94.86, 94.73, 95.06, 94.94, 94.76, 94.83, 94.6, 94.16]
2026-05-29 04:32:57,539 [trainer.py] => Average Accuracy (CNN): 73.5
2026-05-29 04:32:57,541 [trainer.py] => All params: 171970192
2026-05-29 04:32:57,543 [trainer.py] => Trainable params: 199880
2026-05-29 04:32:57,543 [l2p.py] => Learning on 160-165
2026-05-29 04:36:01,231 [l2p.py] => Task 32, Epoch 20/20 => Loss -0.092, Train_accy 96.69, Test_accy 58.66
2026-05-29 04:36:21,605 [trainer.py] => Timing Task 32 => Train 183.69s, Epochs 20, Train 9.1845s/epoch, Inference 20.37s, Images 1906, Inference 10.6882ms/image
2026-05-29 04:36:21,606 [trainer.py] => No NME accuracy.
2026-05-29 04:36:21,606 [trainer.py] => CNN: {'total': 58.66, '00-04': 56.36, '05-09': 41.43, '10-14': 8.77, '15-19': 65.38, '20-24': 65.45, '25-29': 46.05, '30-34': 92.31, '35-39': 53.45, '40-44': 31.67, '45-49': 82.98, '50-54': 45.16, '55-59': 46.0, '60-64': 78.33, '65-69': 44.26, '70-74': 75.44, '75-79': 60.94, '80-84': 45.16, '85-89': 69.35, '90-94': 58.93, '95-99': 71.43, '100-104': 36.0, '105-109': 45.61, '110-114': 63.89, '115-119': 47.17, '120-124': 56.36, '125-129': 86.67, '130-134': 70.0, '135-139': 72.13, '140-144': 55.17, '145-149': 93.18, '150-154': 51.85, '155-159': 85.19, '160-164': 51.79, 'old': 58.86, 'new': 51.79}
2026-05-29 04:36:21,606 [trainer.py] => CNN top1 curve: [100.0, 95.2, 88.46, 87.18, 85.47, 78.9, 81.29, 80.21, 80.0, 80.41, 77.33, 75.79, 76.92, 73.99, 73.17, 74.15, 73.75, 70.47, 68.73, 68.94, 67.35, 66.54, 65.51, 63.53, 63.4, 62.54, 62.57, 62.8, 62.54, 62.63, 61.92, 60.27, 58.66]
2026-05-29 04:36:21,606 [trainer.py] => CNN top5 curve: [100.0, 100.0, 100.0, 99.15, 99.31, 99.45, 99.52, 99.16, 99.44, 99.31, 98.76, 98.13, 98.01, 97.79, 97.02, 96.69, 96.49, 96.6, 96.59, 96.5, 96.07, 95.47, 95.34, 95.09, 94.86, 94.73, 95.06, 94.94, 94.76, 94.83, 94.6, 94.16, 93.76]
2026-05-29 04:36:21,606 [trainer.py] => Average Accuracy (CNN): 73.05
2026-05-29 04:36:21,609 [trainer.py] => All params: 171970192
2026-05-29 04:36:21,611 [trainer.py] => Trainable params: 199880
2026-05-29 04:36:21,611 [l2p.py] => Learning on 165-170
2026-05-29 04:39:23,020 [l2p.py] => Task 33, Epoch 20/20 => Loss -0.226, Train_accy 98.30, Test_accy 59.01
2026-05-29 04:39:44,099 [trainer.py] => Timing Task 33 => Train 181.41s, Epochs 20, Train 9.0706s/epoch, Inference 21.08s, Images 1971, Inference 10.6933ms/image
2026-05-29 04:39:44,100 [trainer.py] => No NME accuracy.
2026-05-29 04:39:44,100 [trainer.py] => CNN: {'total': 59.01, '00-04': 58.18, '05-09': 41.43, '10-14': 8.77, '15-19': 65.38, '20-24': 65.45, '25-29': 46.05, '30-34': 92.31, '35-39': 56.9, '40-44': 30.0, '45-49': 80.85, '50-54': 45.16, '55-59': 44.0, '60-64': 80.0, '65-69': 44.26, '70-74': 75.44, '75-79': 60.94, '80-84': 45.16, '85-89': 67.74, '90-94': 58.93, '95-99': 73.21, '100-104': 40.0, '105-109': 45.61, '110-114': 63.89, '115-119': 43.4, '120-124': 58.18, '125-129': 86.67, '130-134': 71.67, '135-139': 72.13, '140-144': 29.31, '145-149': 93.18, '150-154': 51.85, '155-159': 81.48, '160-164': 51.79, '165-169': 90.77, 'old': 57.92, 'new': 90.77}
2026-05-29 04:39:44,100 [trainer.py] => CNN top1 curve: [100.0, 95.2, 88.46, 87.18, 85.47, 78.9, 81.29, 80.21, 80.0, 80.41, 77.33, 75.79, 76.92, 73.99, 73.17, 74.15, 73.75, 70.47, 68.73, 68.94, 67.35, 66.54, 65.51, 63.53, 63.4, 62.54, 62.57, 62.8, 62.54, 62.63, 61.92, 60.27, 58.66, 59.01]
2026-05-29 04:39:44,100 [trainer.py] => CNN top5 curve: [100.0, 100.0, 100.0, 99.15, 99.31, 99.45, 99.52, 99.16, 99.44, 99.31, 98.76, 98.13, 98.01, 97.79, 97.02, 96.69, 96.49, 96.6, 96.59, 96.5, 96.07, 95.47, 95.34, 95.09, 94.86, 94.73, 95.06, 94.94, 94.76, 94.83, 94.6, 94.16, 93.76, 93.56]
2026-05-29 04:39:44,100 [trainer.py] => Average Accuracy (CNN): 72.64
2026-05-29 04:39:44,103 [trainer.py] => All params: 171970192
2026-05-29 04:39:44,105 [trainer.py] => Trainable params: 199880
2026-05-29 04:39:44,106 [l2p.py] => Learning on 170-175
2026-05-29 04:42:50,731 [l2p.py] => Task 34, Epoch 20/20 => Loss -0.191, Train_accy 97.91, Test_accy 58.79
2026-05-29 04:43:14,131 [trainer.py] => Timing Task 34 => Train 186.63s, Epochs 20, Train 9.3314s/epoch, Inference 23.40s, Images 2026, Inference 11.5485ms/image
2026-05-29 04:43:14,131 [trainer.py] => No NME accuracy.
2026-05-29 04:43:14,132 [trainer.py] => CNN: {'total': 58.79, '00-04': 58.18, '05-09': 42.86, '10-14': 8.77, '15-19': 67.31, '20-24': 65.45, '25-29': 47.37, '30-34': 92.31, '35-39': 58.62, '40-44': 31.67, '45-49': 82.98, '50-54': 46.77, '55-59': 44.0, '60-64': 80.0, '65-69': 42.62, '70-74': 75.44, '75-79': 59.38, '80-84': 45.16, '85-89': 67.74, '90-94': 57.14, '95-99': 71.43, '100-104': 40.0, '105-109': 40.35, '110-114': 63.89, '115-119': 39.62, '120-124': 56.36, '125-129': 86.67, '130-134': 73.33, '135-139': 67.21, '140-144': 29.31, '145-149': 90.91, '150-154': 53.7, '155-159': 81.48, '160-164': 51.79, '165-169': 90.77, '170-174': 60.0, 'old': 58.75, 'new': 60.0}
2026-05-29 04:43:14,132 [trainer.py] => CNN top1 curve: [100.0, 95.2, 88.46, 87.18, 85.47, 78.9, 81.29, 80.21, 80.0, 80.41, 77.33, 75.79, 76.92, 73.99, 73.17, 74.15, 73.75, 70.47, 68.73, 68.94, 67.35, 66.54, 65.51, 63.53, 63.4, 62.54, 62.57, 62.8, 62.54, 62.63, 61.92, 60.27, 58.66, 59.01, 58.79]
2026-05-29 04:43:14,132 [trainer.py] => CNN top5 curve: [100.0, 100.0, 100.0, 99.15, 99.31, 99.45, 99.52, 99.16, 99.44, 99.31, 98.76, 98.13, 98.01, 97.79, 97.02, 96.69, 96.49, 96.6, 96.59, 96.5, 96.07, 95.47, 95.34, 95.09, 94.86, 94.73, 95.06, 94.94, 94.76, 94.83, 94.6, 94.16, 93.76, 93.56, 93.34]
2026-05-29 04:43:14,132 [trainer.py] => Average Accuracy (CNN): 72.24
2026-05-29 04:43:14,134 [trainer.py] => All params: 171970192
2026-05-29 04:43:14,136 [trainer.py] => Trainable params: 199880
2026-05-29 04:43:14,136 [l2p.py] => Learning on 175-180
2026-05-29 04:46:21,198 [l2p.py] => Task 35, Epoch 20/20 => Loss -0.195, Train_accy 97.48, Test_accy 57.85
2026-05-29 04:46:45,546 [trainer.py] => Timing Task 35 => Train 187.07s, Epochs 20, Train 9.3533s/epoch, Inference 24.34s, Images 2088, Inference 11.6592ms/image
2026-05-29 04:46:45,547 [trainer.py] => No NME accuracy.
2026-05-29 04:46:45,547 [trainer.py] => CNN: {'total': 57.85, '00-04': 58.18, '05-09': 41.43, '10-14': 8.77, '15-19': 65.38, '20-24': 65.45, '25-29': 47.37, '30-34': 90.38, '35-39': 55.17, '40-44': 31.67, '45-49': 78.72, '50-54': 46.77, '55-59': 44.0, '60-64': 81.67, '65-69': 47.54, '70-74': 75.44, '75-79': 60.94, '80-84': 45.16, '85-89': 67.74, '90-94': 57.14, '95-99': 71.43, '100-104': 38.0, '105-109': 42.11, '110-114': 68.06, '115-119': 39.62, '120-124': 58.18, '125-129': 86.67, '130-134': 71.67, '135-139': 67.21, '140-144': 29.31, '145-149': 93.18, '150-154': 51.85, '155-159': 81.48, '160-164': 51.79, '165-169': 90.77, '170-174': 60.0, '175-179': 25.81, 'old': 58.84, 'new': 25.81}
2026-05-29 04:46:45,547 [trainer.py] => CNN top1 curve: [100.0, 95.2, 88.46, 87.18, 85.47, 78.9, 81.29, 80.21, 80.0, 80.41, 77.33, 75.79, 76.92, 73.99, 73.17, 74.15, 73.75, 70.47, 68.73, 68.94, 67.35, 66.54, 65.51, 63.53, 63.4, 62.54, 62.57, 62.8, 62.54, 62.63, 61.92, 60.27, 58.66, 59.01, 58.79, 57.85]
2026-05-29 04:46:45,547 [trainer.py] => CNN top5 curve: [100.0, 100.0, 100.0, 99.15, 99.31, 99.45, 99.52, 99.16, 99.44, 99.31, 98.76, 98.13, 98.01, 97.79, 97.02, 96.69, 96.49, 96.6, 96.59, 96.5, 96.07, 95.47, 95.34, 95.09, 94.86, 94.73, 95.06, 94.94, 94.76, 94.83, 94.6, 94.16, 93.76, 93.56, 93.34, 93.06]
2026-05-29 04:46:45,547 [trainer.py] => Average Accuracy (CNN): 71.84
2026-05-29 04:46:45,550 [trainer.py] => All params: 171970192
2026-05-29 04:46:45,552 [trainer.py] => Trainable params: 199880
2026-05-29 04:46:45,552 [l2p.py] => Learning on 180-185
2026-05-29 04:49:48,489 [l2p.py] => Task 36, Epoch 20/20 => Loss -0.193, Train_accy 96.36, Test_accy 57.20
2026-05-29 04:50:11,844 [trainer.py] => Timing Task 36 => Train 182.94s, Epochs 20, Train 9.1470s/epoch, Inference 23.35s, Images 2168, Inference 10.7711ms/image
2026-05-29 04:50:11,844 [trainer.py] => No NME accuracy.
2026-05-29 04:50:11,844 [trainer.py] => CNN: {'total': 57.2, '00-04': 58.18, '05-09': 42.86, '10-14': 8.77, '15-19': 65.38, '20-24': 65.45, '25-29': 47.37, '30-34': 88.46, '35-39': 55.17, '40-44': 33.33, '45-49': 82.98, '50-54': 48.39, '55-59': 44.0, '60-64': 81.67, '65-69': 45.9, '70-74': 75.44, '75-79': 60.94, '80-84': 43.55, '85-89': 66.13, '90-94': 57.14, '95-99': 69.64, '100-104': 36.0, '105-109': 38.6, '110-114': 66.67, '115-119': 41.51, '120-124': 58.18, '125-129': 86.67, '130-134': 71.67, '135-139': 67.21, '140-144': 31.03, '145-149': 93.18, '150-154': 53.7, '155-159': 81.48, '160-164': 50.0, '165-169': 90.77, '170-174': 60.0, '175-179': 25.81, '180-184': 42.5, 'old': 57.76, 'new': 42.5}
2026-05-29 04:50:11,844 [trainer.py] => CNN top1 curve: [100.0, 95.2, 88.46, 87.18, 85.47, 78.9, 81.29, 80.21, 80.0, 80.41, 77.33, 75.79, 76.92, 73.99, 73.17, 74.15, 73.75, 70.47, 68.73, 68.94, 67.35, 66.54, 65.51, 63.53, 63.4, 62.54, 62.57, 62.8, 62.54, 62.63, 61.92, 60.27, 58.66, 59.01, 58.79, 57.85, 57.2]
2026-05-29 04:50:11,844 [trainer.py] => CNN top5 curve: [100.0, 100.0, 100.0, 99.15, 99.31, 99.45, 99.52, 99.16, 99.44, 99.31, 98.76, 98.13, 98.01, 97.79, 97.02, 96.69, 96.49, 96.6, 96.59, 96.5, 96.07, 95.47, 95.34, 95.09, 94.86, 94.73, 95.06, 94.94, 94.76, 94.83, 94.6, 94.16, 93.76, 93.56, 93.34, 93.06, 92.8]
2026-05-29 04:50:11,844 [trainer.py] => Average Accuracy (CNN): 71.45
2026-05-29 04:50:11,846 [trainer.py] => All params: 171970192
2026-05-29 04:50:11,847 [trainer.py] => Trainable params: 199880
2026-05-29 04:50:11,847 [l2p.py] => Learning on 185-190
2026-05-29 04:53:26,259 [l2p.py] => Task 37, Epoch 20/20 => Loss -0.210, Train_accy 98.29, Test_accy 57.26
2026-05-29 04:53:50,806 [trainer.py] => Timing Task 37 => Train 194.41s, Epochs 20, Train 9.7207s/epoch, Inference 24.55s, Images 2230, Inference 11.0069ms/image
2026-05-29 04:53:50,806 [trainer.py] => No NME accuracy.
2026-05-29 04:53:50,806 [trainer.py] => CNN: {'total': 57.26, '00-04': 60.0, '05-09': 42.86, '10-14': 8.77, '15-19': 67.31, '20-24': 65.45, '25-29': 46.05, '30-34': 88.46, '35-39': 56.9, '40-44': 33.33, '45-49': 80.85, '50-54': 45.16, '55-59': 44.0, '60-64': 80.0, '65-69': 44.26, '70-74': 75.44, '75-79': 60.94, '80-84': 43.55, '85-89': 67.74, '90-94': 58.93, '95-99': 71.43, '100-104': 34.0, '105-109': 36.84, '110-114': 66.67, '115-119': 41.51, '120-124': 56.36, '125-129': 86.67, '130-134': 71.67, '135-139': 70.49, '140-144': 31.03, '145-149': 93.18, '150-154': 53.7, '155-159': 81.48, '160-164': 51.79, '165-169': 90.77, '170-174': 60.0, '175-179': 25.81, '180-184': 43.75, '185-189': 58.06, 'old': 57.24, 'new': 58.06}
2026-05-29 04:53:50,807 [trainer.py] => CNN top1 curve: [100.0, 95.2, 88.46, 87.18, 85.47, 78.9, 81.29, 80.21, 80.0, 80.41, 77.33, 75.79, 76.92, 73.99, 73.17, 74.15, 73.75, 70.47, 68.73, 68.94, 67.35, 66.54, 65.51, 63.53, 63.4, 62.54, 62.57, 62.8, 62.54, 62.63, 61.92, 60.27, 58.66, 59.01, 58.79, 57.85, 57.2, 57.26]
2026-05-29 04:53:50,807 [trainer.py] => CNN top5 curve: [100.0, 100.0, 100.0, 99.15, 99.31, 99.45, 99.52, 99.16, 99.44, 99.31, 98.76, 98.13, 98.01, 97.79, 97.02, 96.69, 96.49, 96.6, 96.59, 96.5, 96.07, 95.47, 95.34, 95.09, 94.86, 94.73, 95.06, 94.94, 94.76, 94.83, 94.6, 94.16, 93.76, 93.56, 93.34, 93.06, 92.8, 92.74]
2026-05-29 04:53:50,807 [trainer.py] => Average Accuracy (CNN): 71.07
2026-05-29 04:53:50,809 [trainer.py] => All params: 171970192
2026-05-29 04:53:50,811 [trainer.py] => Trainable params: 199880
2026-05-29 04:53:50,811 [l2p.py] => Learning on 190-195
2026-05-29 04:57:02,890 [l2p.py] => Task 38, Epoch 20/20 => Loss -0.224, Train_accy 98.69, Test_accy 57.28
2026-05-29 04:57:29,019 [trainer.py] => Timing Task 38 => Train 192.08s, Epochs 20, Train 9.6040s/epoch, Inference 26.13s, Images 2301, Inference 11.3547ms/image
2026-05-29 04:57:29,020 [trainer.py] => No NME accuracy.
2026-05-29 04:57:29,020 [trainer.py] => CNN: {'total': 57.28, '00-04': 60.0, '05-09': 42.86, '10-14': 7.02, '15-19': 63.46, '20-24': 65.45, '25-29': 46.05, '30-34': 86.54, '35-39': 56.9, '40-44': 33.33, '45-49': 80.85, '50-54': 43.55, '55-59': 44.0, '60-64': 76.67, '65-69': 32.79, '70-74': 73.68, '75-79': 60.94, '80-84': 43.55, '85-89': 67.74, '90-94': 58.93, '95-99': 73.21, '100-104': 38.0, '105-109': 38.6, '110-114': 63.89, '115-119': 39.62, '120-124': 56.36, '125-129': 88.33, '130-134': 70.0, '135-139': 70.49, '140-144': 31.03, '145-149': 93.18, '150-154': 53.7, '155-159': 81.48, '160-164': 50.0, '165-169': 90.77, '170-174': 60.0, '175-179': 25.81, '180-184': 42.5, '185-189': 58.06, '190-194': 80.28, 'old': 56.55, 'new': 80.28}
2026-05-29 04:57:29,020 [trainer.py] => CNN top1 curve: [100.0, 95.2, 88.46, 87.18, 85.47, 78.9, 81.29, 80.21, 80.0, 80.41, 77.33, 75.79, 76.92, 73.99, 73.17, 74.15, 73.75, 70.47, 68.73, 68.94, 67.35, 66.54, 65.51, 63.53, 63.4, 62.54, 62.57, 62.8, 62.54, 62.63, 61.92, 60.27, 58.66, 59.01, 58.79, 57.85, 57.2, 57.26, 57.28]
2026-05-29 04:57:29,020 [trainer.py] => CNN top5 curve: [100.0, 100.0, 100.0, 99.15, 99.31, 99.45, 99.52, 99.16, 99.44, 99.31, 98.76, 98.13, 98.01, 97.79, 97.02, 96.69, 96.49, 96.6, 96.59, 96.5, 96.07, 95.47, 95.34, 95.09, 94.86, 94.73, 95.06, 94.94, 94.76, 94.83, 94.6, 94.16, 93.76, 93.56, 93.34, 93.06, 92.8, 92.74, 92.35]
2026-05-29 04:57:29,020 [trainer.py] => Average Accuracy (CNN): 70.72
2026-05-29 04:57:29,022 [trainer.py] => All params: 171970192
2026-05-29 04:57:29,024 [trainer.py] => Trainable params: 199880
2026-05-29 04:57:29,024 [l2p.py] => Learning on 195-200
2026-05-29 05:00:48,823 [l2p.py] => Task 39, Epoch 20/20 => Loss -0.219, Train_accy 98.33, Test_accy 57.80
2026-05-29 05:01:15,793 [trainer.py] => Timing Task 39 => Train 199.80s, Epochs 20, Train 9.9900s/epoch, Inference 26.97s, Images 2358, Inference 11.4364ms/image
2026-05-29 05:01:15,793 [trainer.py] => No NME accuracy.
2026-05-29 05:01:15,793 [trainer.py] => CNN: {'total': 57.8, '00-04': 60.0, '05-09': 42.86, '10-14': 7.02, '15-19': 67.31, '20-24': 65.45, '25-29': 50.0, '30-34': 88.46, '35-39': 60.34, '40-44': 35.0, '45-49': 80.85, '50-54': 43.55, '55-59': 44.0, '60-64': 81.67, '65-69': 32.79, '70-74': 75.44, '75-79': 60.94, '80-84': 43.55, '85-89': 66.13, '90-94': 58.93, '95-99': 71.43, '100-104': 34.0, '105-109': 38.6, '110-114': 62.5, '115-119': 35.85, '120-124': 56.36, '125-129': 86.67, '130-134': 71.67, '135-139': 67.21, '140-144': 31.03, '145-149': 90.91, '150-154': 53.7, '155-159': 81.48, '160-164': 50.0, '165-169': 90.77, '170-174': 60.0, '175-179': 25.81, '180-184': 40.0, '185-189': 61.29, '190-194': 80.28, '195-199': 73.68, 'old': 57.41, 'new': 73.68}
2026-05-29 05:01:15,794 [trainer.py] => CNN top1 curve: [100.0, 95.2, 88.46, 87.18, 85.47, 78.9, 81.29, 80.21, 80.0, 80.41, 77.33, 75.79, 76.92, 73.99, 73.17, 74.15, 73.75, 70.47, 68.73, 68.94, 67.35, 66.54, 65.51, 63.53, 63.4, 62.54, 62.57, 62.8, 62.54, 62.63, 61.92, 60.27, 58.66, 59.01, 58.79, 57.85, 57.2, 57.26, 57.28, 57.8]
2026-05-29 05:01:15,794 [trainer.py] => CNN top5 curve: [100.0, 100.0, 100.0, 99.15, 99.31, 99.45, 99.52, 99.16, 99.44, 99.31, 98.76, 98.13, 98.01, 97.79, 97.02, 96.69, 96.49, 96.6, 96.59, 96.5, 96.07, 95.47, 95.34, 95.09, 94.86, 94.73, 95.06, 94.94, 94.76, 94.83, 94.6, 94.16, 93.76, 93.56, 93.34, 93.06, 92.8, 92.74, 92.35, 92.41]
2026-05-29 05:01:15,794 [trainer.py] => Average Accuracy (CNN): 70.4
2026-05-29 05:01:15,795 [trainer.py] => Total Train Time: 5908.27s
2026-05-29 05:01:15,795 [trainer.py] => Total Inference Time: 551.27s
2026-05-29 05:01:15,795 [trainer.py] => Average Training Time per Epoch per Incremental Task: 7.3853s
2026-05-29 05:01:15,795 [trainer.py] => Average Inference Time: 11.5071ms/image
2026-05-29 05:01:15,796 [trainer.py] => Mean Task Inference Time: 12.1389ms/image
