2026-05-31 21:49:03,899 [trainer.py] => config: ./configs/l2p/l2p_ina_B100_Inc5.json
2026-05-31 21:49:03,899 [trainer.py] => prefix:  
2026-05-31 21:49:03,899 [trainer.py] => dataset: imageneta
2026-05-31 21:49:03,899 [trainer.py] => memory_size: 0
2026-05-31 21:49:03,899 [trainer.py] => memory_per_class: 0
2026-05-31 21:49:03,899 [trainer.py] => fixed_memory: False
2026-05-31 21:49:03,899 [trainer.py] => shuffle: True
2026-05-31 21:49:03,899 [trainer.py] => init_cls: 100
2026-05-31 21:49:03,899 [trainer.py] => increment: 5
2026-05-31 21:49:03,900 [trainer.py] => model_name: l2p
2026-05-31 21:49:03,900 [trainer.py] => backbone_type: vit_base_patch16_224_in21k_l2p
2026-05-31 21:49:03,900 [trainer.py] => get_original_backbone: True
2026-05-31 21:49:03,900 [trainer.py] => device: [device(type='cuda', index=2)]
2026-05-31 21:49:03,900 [trainer.py] => seed: 1994
2026-05-31 21:49:03,900 [trainer.py] => tuned_epoch: 20
2026-05-31 21:49:03,900 [trainer.py] => init_lr: 0.001875
2026-05-31 21:49:03,900 [trainer.py] => batch_size: 48
2026-05-31 21:49:03,900 [trainer.py] => weight_decay: 0
2026-05-31 21:49:03,900 [trainer.py] => min_lr: 1e-05
2026-05-31 21:49:03,900 [trainer.py] => optimizer: adam
2026-05-31 21:49:03,900 [trainer.py] => scheduler: constant
2026-05-31 21:49:03,900 [trainer.py] => reinit_optimizer: True
2026-05-31 21:49:03,900 [trainer.py] => global_pool: token
2026-05-31 21:49:03,900 [trainer.py] => head_type: prompt
2026-05-31 21:49:03,900 [trainer.py] => freeze: ['blocks', 'patch_embed', 'cls_token', 'norm', 'pos_embed']
2026-05-31 21:49:03,901 [trainer.py] => pretrained: True
2026-05-31 21:49:03,901 [trainer.py] => drop: 0.0
2026-05-31 21:49:03,901 [trainer.py] => drop_path: 0.0
2026-05-31 21:49:03,901 [trainer.py] => prompt_pool: True
2026-05-31 21:49:03,901 [trainer.py] => size: 10
2026-05-31 21:49:03,901 [trainer.py] => length: 5
2026-05-31 21:49:03,901 [trainer.py] => top_k: 5
2026-05-31 21:49:03,901 [trainer.py] => initializer: uniform
2026-05-31 21:49:03,901 [trainer.py] => prompt_key: True
2026-05-31 21:49:03,901 [trainer.py] => prompt_key_init: uniform
2026-05-31 21:49:03,901 [trainer.py] => use_prompt_mask: False
2026-05-31 21:49:03,901 [trainer.py] => shared_prompt_pool: False
2026-05-31 21:49:03,901 [trainer.py] => shared_prompt_key: False
2026-05-31 21:49:03,901 [trainer.py] => batchwise_prompt: True
2026-05-31 21:49:03,901 [trainer.py] => embedding_key: cls
2026-05-31 21:49:03,901 [trainer.py] => predefined_key: 
2026-05-31 21:49:03,901 [trainer.py] => pull_constraint: True
2026-05-31 21:49:03,901 [trainer.py] => pull_constraint_coeff: 0.1
2026-05-31 21:49:03,901 [trainer.py] => nb_classes: 200
2026-05-31 21:49:03,901 [trainer.py] => nb_tasks: 21
2026-05-31 21:49:03,931 [data_manager.py] => [85, 41, 23, 28, 70, 87, 134, 151, 51, 159, 178, 119, 50, 117, 73, 95, 86, 147, 63, 22, 79, 175, 40, 155, 174, 54, 132, 72, 124, 157, 93, 26, 196, 74, 44, 15, 169, 122, 88, 171, 184, 6, 18, 145, 48, 197, 64, 172, 126, 96, 11, 55, 193, 66, 128, 21, 77, 113, 140, 116, 141, 133, 120, 29, 115, 14, 103, 127, 114, 19, 9, 38, 33, 195, 81, 35, 69, 181, 47, 129, 112, 168, 198, 71, 101, 188, 68, 90, 158, 163, 52, 8, 185, 59, 154, 92, 56, 183, 32, 136, 65, 45, 46, 173, 189, 108, 102, 144, 0, 107, 187, 100, 98, 192, 43, 161, 104, 75, 150, 166, 121, 60, 160, 3, 143, 153, 62, 142, 61, 110, 194, 97, 25, 177, 179, 17, 49, 31, 94, 111, 16, 53, 91, 58, 135, 83, 2, 12, 13, 165, 42, 36, 186, 105, 1, 7, 149, 170, 27, 24, 78, 167, 137, 138, 118, 10, 139, 164, 20, 57, 123, 199, 89, 130, 82, 162, 176, 148, 109, 125, 67, 106, 37, 146, 131, 180, 156, 39, 5, 84, 4, 190, 152, 191, 30, 76, 80, 34, 99, 182]
2026-05-31 21:49:05,199 [vit_l2p.py] => Resized position embedding: torch.Size([1, 197, 768]) to torch.Size([1, 222, 768])
2026-05-31 21:49:05,199 [vit_l2p.py] => Position embedding grid-size from [14, 14] to (14, 14)
2026-05-31 21:49:07,351 [l2p.py] => 86,017,736 model total parameters.
2026-05-31 21:49:07,352 [l2p.py] => 199,880 model training parameters.
2026-05-31 21:49:07,352 [l2p.py] => prompt.prompt: 38400
2026-05-31 21:49:07,352 [l2p.py] => prompt.prompt_key: 7680
2026-05-31 21:49:07,352 [l2p.py] => head.weight: 153600
2026-05-31 21:49:07,352 [l2p.py] => head.bias: 200
2026-05-31 21:49:07,353 [trainer.py] => All params: 171970192
2026-05-31 21:49:07,354 [trainer.py] => Trainable params: 199880
2026-05-31 21:49:07,354 [l2p.py] => Learning on 0-100
2026-05-31 22:05:24,241 [l2p.py] => Task 0, Epoch 20/20 => Loss 0.231, Train_accy 89.46, Test_accy 58.32
2026-05-31 22:05:31,823 [trainer.py] => Timing Task 0 => Train 976.89s, Epochs 20, Train 48.8445s/epoch, Inference 7.58s, Images 775, Inference 9.7801ms/image
2026-05-31 22:05:31,824 [trainer.py] => No NME accuracy.
2026-05-31 22:05:31,824 [trainer.py] => CNN: {'total': 58.32, '00-99': 58.32, 'old': 0, 'new': 58.32}
2026-05-31 22:05:31,824 [trainer.py] => CNN top1 curve: [58.32]
2026-05-31 22:05:31,824 [trainer.py] => CNN top5 curve: [80.65]
2026-05-31 22:05:31,825 [trainer.py] => Average Accuracy (CNN): 58.32
2026-05-31 22:05:31,828 [trainer.py] => All params: 171970192
2026-05-31 22:05:31,831 [trainer.py] => Trainable params: 199880
2026-05-31 22:05:31,831 [l2p.py] => Learning on 100-105
2026-05-31 22:06:52,015 [l2p.py] => Task 1, Epoch 20/20 => Loss -0.114, Train_accy 96.85, Test_accy 56.70
2026-05-31 22:07:00,009 [trainer.py] => Timing Task 1 => Train 80.19s, Epochs 20, Train 4.0093s/epoch, Inference 7.99s, Images 806, Inference 9.9160ms/image
2026-05-31 22:07:00,009 [trainer.py] => No NME accuracy.
2026-05-31 22:07:00,010 [trainer.py] => CNN: {'total': 56.7, '00-99': 58.71, '100-104': 6.45, 'old': 58.71, 'new': 6.45}
2026-05-31 22:07:00,010 [trainer.py] => CNN top1 curve: [58.32, 56.7]
2026-05-31 22:07:00,010 [trainer.py] => CNN top5 curve: [80.65, 79.16]
2026-05-31 22:07:00,010 [trainer.py] => Average Accuracy (CNN): 57.51
2026-05-31 22:07:00,012 [trainer.py] => All params: 171970192
2026-05-31 22:07:00,014 [trainer.py] => Trainable params: 199880
2026-05-31 22:07:00,015 [l2p.py] => Learning on 105-110
2026-05-31 22:08:19,333 [l2p.py] => Task 2, Epoch 20/20 => Loss -0.153, Train_accy 99.23, Test_accy 55.20
2026-05-31 22:08:27,357 [trainer.py] => Timing Task 2 => Train 79.32s, Epochs 20, Train 3.9660s/epoch, Inference 8.02s, Images 837, Inference 9.5836ms/image
2026-05-31 22:08:27,357 [trainer.py] => No NME accuracy.
2026-05-31 22:08:27,357 [trainer.py] => CNN: {'total': 55.2, '00-99': 58.58, '100-104': 6.45, '105-109': 19.35, 'old': 56.58, 'new': 19.35}
2026-05-31 22:08:27,357 [trainer.py] => CNN top1 curve: [58.32, 56.7, 55.2]
2026-05-31 22:08:27,357 [trainer.py] => CNN top5 curve: [80.65, 79.16, 78.14]
2026-05-31 22:08:27,357 [trainer.py] => Average Accuracy (CNN): 56.74
2026-05-31 22:08:27,358 [trainer.py] => All params: 171970192
2026-05-31 22:08:27,359 [trainer.py] => Trainable params: 199880
2026-05-31 22:08:27,360 [l2p.py] => Learning on 110-115
2026-05-31 22:10:04,564 [l2p.py] => Task 3, Epoch 20/20 => Loss -0.057, Train_accy 96.07, Test_accy 52.61
2026-05-31 22:10:12,994 [trainer.py] => Timing Task 3 => Train 97.21s, Epochs 20, Train 4.8603s/epoch, Inference 8.43s, Images 882, Inference 9.5559ms/image
2026-05-31 22:10:12,994 [trainer.py] => No NME accuracy.
2026-05-31 22:10:12,994 [trainer.py] => CNN: {'total': 52.61, '00-99': 58.32, '100-104': 6.45, '105-109': 16.13, '110-114': 11.11, 'old': 54.84, 'new': 11.11}
2026-05-31 22:10:12,994 [trainer.py] => CNN top1 curve: [58.32, 56.7, 55.2, 52.61]
2026-05-31 22:10:12,994 [trainer.py] => CNN top5 curve: [80.65, 79.16, 78.14, 76.87]
2026-05-31 22:10:12,994 [trainer.py] => Average Accuracy (CNN): 55.71
2026-05-31 22:10:12,996 [trainer.py] => All params: 171970192
2026-05-31 22:10:12,998 [trainer.py] => Trainable params: 199880
2026-05-31 22:10:12,998 [l2p.py] => Learning on 115-120
2026-05-31 22:11:23,066 [l2p.py] => Task 4, Epoch 20/20 => Loss -0.169, Train_accy 100.00, Test_accy 51.77
2026-05-31 22:11:31,652 [trainer.py] => Timing Task 4 => Train 70.07s, Epochs 20, Train 3.5035s/epoch, Inference 8.58s, Images 902, Inference 9.5164ms/image
2026-05-31 22:11:31,652 [trainer.py] => No NME accuracy.
2026-05-31 22:11:31,653 [trainer.py] => CNN: {'total': 51.77, '00-99': 58.32, '100-104': 6.45, '105-109': 16.13, '110-114': 11.11, '115-119': 15.0, 'old': 52.61, 'new': 15.0}
2026-05-31 22:11:31,653 [trainer.py] => CNN top1 curve: [58.32, 56.7, 55.2, 52.61, 51.77]
2026-05-31 22:11:31,653 [trainer.py] => CNN top5 curve: [80.65, 79.16, 78.14, 76.87, 76.61]
2026-05-31 22:11:31,653 [trainer.py] => Average Accuracy (CNN): 54.92
2026-05-31 22:11:31,655 [trainer.py] => All params: 171970192
2026-05-31 22:11:31,657 [trainer.py] => Trainable params: 199880
2026-05-31 22:11:31,658 [l2p.py] => Learning on 120-125
2026-05-31 22:13:13,099 [l2p.py] => Task 5, Epoch 20/20 => Loss -0.086, Train_accy 96.86, Test_accy 49.63
2026-05-31 22:13:22,354 [trainer.py] => Timing Task 5 => Train 101.44s, Epochs 20, Train 5.0722s/epoch, Inference 9.25s, Images 957, Inference 9.6680ms/image
2026-05-31 22:13:22,355 [trainer.py] => No NME accuracy.
2026-05-31 22:13:22,355 [trainer.py] => CNN: {'total': 49.63, '00-99': 58.32, '100-104': 6.45, '105-109': 16.13, '110-114': 11.11, '115-119': 15.0, '120-124': 14.55, 'old': 51.77, 'new': 14.55}
2026-05-31 22:13:22,355 [trainer.py] => CNN top1 curve: [58.32, 56.7, 55.2, 52.61, 51.77, 49.63]
2026-05-31 22:13:22,355 [trainer.py] => CNN top5 curve: [80.65, 79.16, 78.14, 76.87, 76.61, 75.44]
2026-05-31 22:13:22,355 [trainer.py] => Average Accuracy (CNN): 54.04
2026-05-31 22:13:22,358 [trainer.py] => All params: 171970192
2026-05-31 22:13:22,360 [trainer.py] => Trainable params: 199880
2026-05-31 22:13:22,360 [l2p.py] => Learning on 125-130
2026-05-31 22:14:52,052 [l2p.py] => Task 6, Epoch 20/20 => Loss -0.050, Train_accy 95.92, Test_accy 48.10
2026-05-31 22:15:00,652 [trainer.py] => Timing Task 6 => Train 89.69s, Epochs 20, Train 4.4847s/epoch, Inference 8.60s, Images 1002, Inference 8.5809ms/image
2026-05-31 22:15:00,652 [trainer.py] => No NME accuracy.
2026-05-31 22:15:00,652 [trainer.py] => CNN: {'total': 48.1, '00-99': 58.06, '100-104': 6.45, '105-109': 19.35, '110-114': 11.11, '115-119': 15.0, '120-124': 14.55, '125-129': 17.78, 'old': 49.53, 'new': 17.78}
2026-05-31 22:15:00,652 [trainer.py] => CNN top1 curve: [58.32, 56.7, 55.2, 52.61, 51.77, 49.63, 48.1]
2026-05-31 22:15:00,652 [trainer.py] => CNN top5 curve: [80.65, 79.16, 78.14, 76.87, 76.61, 75.44, 74.25]
2026-05-31 22:15:00,653 [trainer.py] => Average Accuracy (CNN): 53.19
2026-05-31 22:15:00,655 [trainer.py] => All params: 171970192
2026-05-31 22:15:00,657 [trainer.py] => Trainable params: 199880
2026-05-31 22:15:00,657 [l2p.py] => Learning on 130-135
2026-05-31 22:16:14,806 [l2p.py] => Task 7, Epoch 20/20 => Loss -0.142, Train_accy 98.88, Test_accy 47.02
2026-05-31 22:16:24,190 [trainer.py] => Timing Task 7 => Train 74.15s, Epochs 20, Train 3.7076s/epoch, Inference 9.38s, Images 1025, Inference 9.1520ms/image
2026-05-31 22:16:24,190 [trainer.py] => No NME accuracy.
2026-05-31 22:16:24,190 [trainer.py] => CNN: {'total': 47.02, '00-99': 57.94, '100-104': 6.45, '105-109': 16.13, '110-114': 11.11, '115-119': 15.0, '120-124': 14.55, '125-129': 17.78, '130-134': 8.7, 'old': 47.9, 'new': 8.7}
2026-05-31 22:16:24,190 [trainer.py] => CNN top1 curve: [58.32, 56.7, 55.2, 52.61, 51.77, 49.63, 48.1, 47.02]
2026-05-31 22:16:24,190 [trainer.py] => CNN top5 curve: [80.65, 79.16, 78.14, 76.87, 76.61, 75.44, 74.25, 73.46]
2026-05-31 22:16:24,190 [trainer.py] => Average Accuracy (CNN): 52.42
2026-05-31 22:16:24,191 [trainer.py] => All params: 171970192
2026-05-31 22:16:24,193 [trainer.py] => Trainable params: 199880
2026-05-31 22:16:24,193 [l2p.py] => Learning on 135-140
2026-05-31 22:17:52,158 [l2p.py] => Task 8, Epoch 20/20 => Loss -0.068, Train_accy 96.40, Test_accy 46.91
2026-05-31 22:18:01,894 [trainer.py] => Timing Task 8 => Train 87.97s, Epochs 20, Train 4.3984s/epoch, Inference 9.73s, Images 1051, Inference 9.2615ms/image
2026-05-31 22:18:01,894 [trainer.py] => No NME accuracy.
2026-05-31 22:18:01,894 [trainer.py] => CNN: {'total': 46.91, '00-99': 58.06, '100-104': 6.45, '105-109': 16.13, '110-114': 11.11, '115-119': 15.0, '120-124': 14.55, '125-129': 20.0, '130-134': 8.7, '135-139': 34.62, 'old': 47.22, 'new': 34.62}
2026-05-31 22:18:01,894 [trainer.py] => CNN top1 curve: [58.32, 56.7, 55.2, 52.61, 51.77, 49.63, 48.1, 47.02, 46.91]
2026-05-31 22:18:01,894 [trainer.py] => CNN top5 curve: [80.65, 79.16, 78.14, 76.87, 76.61, 75.44, 74.25, 73.46, 73.55]
2026-05-31 22:18:01,894 [trainer.py] => Average Accuracy (CNN): 51.81
2026-05-31 22:18:01,896 [trainer.py] => All params: 171970192
2026-05-31 22:18:01,897 [trainer.py] => Trainable params: 199880
2026-05-31 22:18:01,898 [l2p.py] => Learning on 140-145
2026-05-31 22:19:51,151 [l2p.py] => Task 9, Epoch 20/20 => Loss -0.007, Train_accy 93.07, Test_accy 45.58
2026-05-31 22:20:01,864 [trainer.py] => Timing Task 9 => Train 109.26s, Epochs 20, Train 5.4628s/epoch, Inference 10.71s, Images 1097, Inference 9.7633ms/image
2026-05-31 22:20:01,864 [trainer.py] => No NME accuracy.
2026-05-31 22:20:01,865 [trainer.py] => CNN: {'total': 45.58, '00-99': 58.19, '100-104': 6.45, '105-109': 16.13, '110-114': 11.11, '115-119': 20.0, '120-124': 16.36, '125-129': 20.0, '130-134': 4.35, '135-139': 34.62, '140-144': 10.87, 'old': 47.1, 'new': 10.87}
2026-05-31 22:20:01,865 [trainer.py] => CNN top1 curve: [58.32, 56.7, 55.2, 52.61, 51.77, 49.63, 48.1, 47.02, 46.91, 45.58]
2026-05-31 22:20:01,865 [trainer.py] => CNN top5 curve: [80.65, 79.16, 78.14, 76.87, 76.61, 75.44, 74.25, 73.46, 73.55, 71.74]
2026-05-31 22:20:01,865 [trainer.py] => Average Accuracy (CNN): 51.18
2026-05-31 22:20:01,868 [trainer.py] => All params: 171970192
2026-05-31 22:20:01,870 [trainer.py] => Trainable params: 199880
2026-05-31 22:20:01,870 [l2p.py] => Learning on 145-150
2026-05-31 22:21:57,654 [l2p.py] => Task 10, Epoch 20/20 => Loss -0.112, Train_accy 96.44, Test_accy 44.09
2026-05-31 22:22:08,343 [trainer.py] => Timing Task 10 => Train 115.79s, Epochs 20, Train 5.7893s/epoch, Inference 10.69s, Images 1150, Inference 9.2935ms/image
2026-05-31 22:22:08,344 [trainer.py] => No NME accuracy.
2026-05-31 22:22:08,344 [trainer.py] => CNN: {'total': 44.09, '00-99': 57.94, '100-104': 6.45, '105-109': 19.35, '110-114': 11.11, '115-119': 20.0, '120-124': 14.55, '125-129': 22.22, '130-134': 4.35, '135-139': 34.62, '140-144': 10.87, '145-149': 15.09, 'old': 45.49, 'new': 15.09}
2026-05-31 22:22:08,344 [trainer.py] => CNN top1 curve: [58.32, 56.7, 55.2, 52.61, 51.77, 49.63, 48.1, 47.02, 46.91, 45.58, 44.09]
2026-05-31 22:22:08,344 [trainer.py] => CNN top5 curve: [80.65, 79.16, 78.14, 76.87, 76.61, 75.44, 74.25, 73.46, 73.55, 71.74, 71.3]
2026-05-31 22:22:08,344 [trainer.py] => Average Accuracy (CNN): 50.54
2026-05-31 22:22:08,345 [trainer.py] => All params: 171970192
2026-05-31 22:22:08,346 [trainer.py] => Trainable params: 199880
2026-05-31 22:22:08,346 [l2p.py] => Learning on 150-155
2026-05-31 22:24:11,451 [l2p.py] => Task 11, Epoch 20/20 => Loss -0.092, Train_accy 96.47, Test_accy 43.49
2026-05-31 22:24:22,653 [trainer.py] => Timing Task 11 => Train 123.11s, Epochs 20, Train 6.1553s/epoch, Inference 11.20s, Images 1214, Inference 9.2251ms/image
2026-05-31 22:24:22,653 [trainer.py] => No NME accuracy.
2026-05-31 22:24:22,653 [trainer.py] => CNN: {'total': 43.49, '00-99': 58.19, '100-104': 6.45, '105-109': 16.13, '110-114': 11.11, '115-119': 20.0, '120-124': 12.73, '125-129': 20.0, '130-134': 4.35, '135-139': 38.46, '140-144': 10.87, '145-149': 15.09, '150-154': 32.81, 'old': 44.09, 'new': 32.81}
2026-05-31 22:24:22,653 [trainer.py] => CNN top1 curve: [58.32, 56.7, 55.2, 52.61, 51.77, 49.63, 48.1, 47.02, 46.91, 45.58, 44.09, 43.49]
2026-05-31 22:24:22,653 [trainer.py] => CNN top5 curve: [80.65, 79.16, 78.14, 76.87, 76.61, 75.44, 74.25, 73.46, 73.55, 71.74, 71.3, 71.42]
2026-05-31 22:24:22,653 [trainer.py] => Average Accuracy (CNN): 49.95
2026-05-31 22:24:22,654 [trainer.py] => All params: 171970192
2026-05-31 22:24:22,655 [trainer.py] => Trainable params: 199880
2026-05-31 22:24:22,655 [l2p.py] => Learning on 155-160
2026-05-31 22:26:23,860 [l2p.py] => Task 12, Epoch 20/20 => Loss -0.185, Train_accy 99.14, Test_accy 43.05
2026-05-31 22:26:35,232 [trainer.py] => Timing Task 12 => Train 121.21s, Epochs 20, Train 6.0603s/epoch, Inference 11.37s, Images 1266, Inference 8.9815ms/image
2026-05-31 22:26:35,232 [trainer.py] => No NME accuracy.
2026-05-31 22:26:35,232 [trainer.py] => CNN: {'total': 43.05, '00-99': 58.32, '100-104': 9.68, '105-109': 16.13, '110-114': 6.67, '115-119': 20.0, '120-124': 12.73, '125-129': 20.0, '130-134': 4.35, '135-139': 38.46, '140-144': 10.87, '145-149': 15.09, '150-154': 32.81, '155-159': 32.69, 'old': 43.49, 'new': 32.69}
2026-05-31 22:26:35,232 [trainer.py] => CNN top1 curve: [58.32, 56.7, 55.2, 52.61, 51.77, 49.63, 48.1, 47.02, 46.91, 45.58, 44.09, 43.49, 43.05]
2026-05-31 22:26:35,232 [trainer.py] => CNN top5 curve: [80.65, 79.16, 78.14, 76.87, 76.61, 75.44, 74.25, 73.46, 73.55, 71.74, 71.3, 71.42, 71.72]
2026-05-31 22:26:35,232 [trainer.py] => Average Accuracy (CNN): 49.42
2026-05-31 22:26:35,233 [trainer.py] => All params: 171970192
2026-05-31 22:26:35,234 [trainer.py] => Trainable params: 199880
2026-05-31 22:26:35,234 [l2p.py] => Learning on 160-165
2026-05-31 22:28:01,488 [l2p.py] => Task 13, Epoch 20/20 => Loss -0.104, Train_accy 99.06, Test_accy 42.03
2026-05-31 22:28:13,376 [trainer.py] => Timing Task 13 => Train 86.26s, Epochs 20, Train 4.3128s/epoch, Inference 11.89s, Images 1292, Inference 9.1998ms/image
2026-05-31 22:28:13,377 [trainer.py] => No NME accuracy.
2026-05-31 22:28:13,377 [trainer.py] => CNN: {'total': 42.03, '00-99': 58.06, '100-104': 9.68, '105-109': 16.13, '110-114': 11.11, '115-119': 15.0, '120-124': 12.73, '125-129': 20.0, '130-134': 4.35, '135-139': 34.62, '140-144': 10.87, '145-149': 13.21, '150-154': 32.81, '155-159': 32.69, '160-164': 3.85, 'old': 42.81, 'new': 3.85}
2026-05-31 22:28:13,377 [trainer.py] => CNN top1 curve: [58.32, 56.7, 55.2, 52.61, 51.77, 49.63, 48.1, 47.02, 46.91, 45.58, 44.09, 43.49, 43.05, 42.03]
2026-05-31 22:28:13,377 [trainer.py] => CNN top5 curve: [80.65, 79.16, 78.14, 76.87, 76.61, 75.44, 74.25, 73.46, 73.55, 71.74, 71.3, 71.42, 71.72, 70.2]
2026-05-31 22:28:13,377 [trainer.py] => Average Accuracy (CNN): 48.89
2026-05-31 22:28:13,378 [trainer.py] => All params: 171970192
2026-05-31 22:28:13,379 [trainer.py] => Trainable params: 199880
2026-05-31 22:28:13,379 [l2p.py] => Learning on 165-170
2026-05-31 22:30:26,407 [l2p.py] => Task 14, Epoch 20/20 => Loss -0.158, Train_accy 99.26, Test_accy 40.56
2026-05-31 22:30:38,841 [trainer.py] => Timing Task 14 => Train 133.03s, Epochs 20, Train 6.6515s/epoch, Inference 12.43s, Images 1356, Inference 9.1683ms/image
2026-05-31 22:30:38,842 [trainer.py] => No NME accuracy.
2026-05-31 22:30:38,842 [trainer.py] => CNN: {'total': 40.56, '00-99': 58.06, '100-104': 9.68, '105-109': 16.13, '110-114': 6.67, '115-119': 15.0, '120-124': 12.73, '125-129': 17.78, '130-134': 4.35, '135-139': 34.62, '140-144': 10.87, '145-149': 13.21, '150-154': 32.81, '155-159': 32.69, '160-164': 3.85, '165-169': 15.62, 'old': 41.8, 'new': 15.62}
2026-05-31 22:30:38,842 [trainer.py] => CNN top1 curve: [58.32, 56.7, 55.2, 52.61, 51.77, 49.63, 48.1, 47.02, 46.91, 45.58, 44.09, 43.49, 43.05, 42.03, 40.56]
2026-05-31 22:30:38,843 [trainer.py] => CNN top5 curve: [80.65, 79.16, 78.14, 76.87, 76.61, 75.44, 74.25, 73.46, 73.55, 71.74, 71.3, 71.42, 71.72, 70.2, 70.06]
2026-05-31 22:30:38,843 [trainer.py] => Average Accuracy (CNN): 48.34
2026-05-31 22:30:38,846 [trainer.py] => All params: 171970192
2026-05-31 22:30:38,848 [trainer.py] => Trainable params: 199880
2026-05-31 22:30:38,849 [l2p.py] => Learning on 170-175
2026-05-31 22:32:13,195 [l2p.py] => Task 15, Epoch 20/20 => Loss -0.089, Train_accy 97.73, Test_accy 40.29
2026-05-31 22:32:25,438 [trainer.py] => Timing Task 15 => Train 94.35s, Epochs 20, Train 4.7174s/epoch, Inference 12.24s, Images 1380, Inference 8.8700ms/image
2026-05-31 22:32:25,438 [trainer.py] => No NME accuracy.
2026-05-31 22:32:25,438 [trainer.py] => CNN: {'total': 40.29, '00-99': 58.19, '100-104': 9.68, '105-109': 16.13, '110-114': 8.89, '115-119': 15.0, '120-124': 12.73, '125-129': 15.56, '130-134': 4.35, '135-139': 34.62, '140-144': 10.87, '145-149': 15.09, '150-154': 32.81, '155-159': 32.69, '160-164': 3.85, '165-169': 15.62, '170-174': 16.67, 'old': 40.71, 'new': 16.67}
2026-05-31 22:32:25,439 [trainer.py] => CNN top1 curve: [58.32, 56.7, 55.2, 52.61, 51.77, 49.63, 48.1, 47.02, 46.91, 45.58, 44.09, 43.49, 43.05, 42.03, 40.56, 40.29]
2026-05-31 22:32:25,439 [trainer.py] => CNN top5 curve: [80.65, 79.16, 78.14, 76.87, 76.61, 75.44, 74.25, 73.46, 73.55, 71.74, 71.3, 71.42, 71.72, 70.2, 70.06, 69.13]
2026-05-31 22:32:25,439 [trainer.py] => Average Accuracy (CNN): 47.83
2026-05-31 22:32:25,440 [trainer.py] => All params: 171970192
2026-05-31 22:32:25,441 [trainer.py] => Trainable params: 199880
2026-05-31 22:32:25,441 [l2p.py] => Learning on 175-180
2026-05-31 22:33:49,652 [l2p.py] => Task 16, Epoch 20/20 => Loss -0.142, Train_accy 98.85, Test_accy 39.57
2026-05-31 22:34:02,358 [trainer.py] => Timing Task 16 => Train 84.21s, Epochs 20, Train 4.2107s/epoch, Inference 12.70s, Images 1405, Inference 9.0419ms/image
2026-05-31 22:34:02,359 [trainer.py] => No NME accuracy.
2026-05-31 22:34:02,359 [trainer.py] => CNN: {'total': 39.57, '00-99': 58.32, '100-104': 6.45, '105-109': 16.13, '110-114': 8.89, '115-119': 15.0, '120-124': 12.73, '125-129': 15.56, '130-134': 4.35, '135-139': 34.62, '140-144': 10.87, '145-149': 13.21, '150-154': 32.81, '155-159': 32.69, '160-164': 3.85, '165-169': 15.62, '170-174': 16.67, '175-179': 4.0, 'old': 40.22, 'new': 4.0}
2026-05-31 22:34:02,359 [trainer.py] => CNN top1 curve: [58.32, 56.7, 55.2, 52.61, 51.77, 49.63, 48.1, 47.02, 46.91, 45.58, 44.09, 43.49, 43.05, 42.03, 40.56, 40.29, 39.57]
2026-05-31 22:34:02,359 [trainer.py] => CNN top5 curve: [80.65, 79.16, 78.14, 76.87, 76.61, 75.44, 74.25, 73.46, 73.55, 71.74, 71.3, 71.42, 71.72, 70.2, 70.06, 69.13, 68.26]
2026-05-31 22:34:02,359 [trainer.py] => Average Accuracy (CNN): 47.35
2026-05-31 22:34:02,360 [trainer.py] => All params: 171970192
2026-05-31 22:34:02,361 [trainer.py] => Trainable params: 199880
2026-05-31 22:34:02,361 [l2p.py] => Learning on 180-185
2026-05-31 22:35:24,954 [l2p.py] => Task 17, Epoch 20/20 => Loss -0.073, Train_accy 97.22, Test_accy 39.29
2026-05-31 22:35:37,836 [trainer.py] => Timing Task 17 => Train 82.59s, Epochs 20, Train 4.1297s/epoch, Inference 12.88s, Images 1428, Inference 9.0198ms/image
2026-05-31 22:35:37,836 [trainer.py] => No NME accuracy.
2026-05-31 22:35:37,836 [trainer.py] => CNN: {'total': 39.29, '00-99': 58.19, '100-104': 9.68, '105-109': 16.13, '110-114': 11.11, '115-119': 20.0, '120-124': 12.73, '125-129': 17.78, '130-134': 4.35, '135-139': 34.62, '140-144': 10.87, '145-149': 13.21, '150-154': 31.25, '155-159': 34.62, '160-164': 3.85, '165-169': 14.06, '170-174': 12.5, '175-179': 4.0, '180-184': 17.39, 'old': 39.64, 'new': 17.39}
2026-05-31 22:35:37,837 [trainer.py] => CNN top1 curve: [58.32, 56.7, 55.2, 52.61, 51.77, 49.63, 48.1, 47.02, 46.91, 45.58, 44.09, 43.49, 43.05, 42.03, 40.56, 40.29, 39.57, 39.29]
2026-05-31 22:35:37,837 [trainer.py] => CNN top5 curve: [80.65, 79.16, 78.14, 76.87, 76.61, 75.44, 74.25, 73.46, 73.55, 71.74, 71.3, 71.42, 71.72, 70.2, 70.06, 69.13, 68.26, 67.93]
2026-05-31 22:35:37,837 [trainer.py] => Average Accuracy (CNN): 46.9
2026-05-31 22:35:37,838 [trainer.py] => All params: 171970192
2026-05-31 22:35:37,839 [trainer.py] => Trainable params: 199880
2026-05-31 22:35:37,839 [l2p.py] => Learning on 185-190
2026-05-31 22:37:15,244 [l2p.py] => Task 18, Epoch 20/20 => Loss -0.169, Train_accy 100.00, Test_accy 38.30
2026-05-31 22:37:28,267 [trainer.py] => Timing Task 18 => Train 97.41s, Epochs 20, Train 4.8703s/epoch, Inference 13.02s, Images 1462, Inference 8.9064ms/image
2026-05-31 22:37:28,267 [trainer.py] => No NME accuracy.
2026-05-31 22:37:28,267 [trainer.py] => CNN: {'total': 38.3, '00-99': 58.19, '100-104': 6.45, '105-109': 16.13, '110-114': 8.89, '115-119': 10.0, '120-124': 12.73, '125-129': 17.78, '130-134': 4.35, '135-139': 34.62, '140-144': 10.87, '145-149': 13.21, '150-154': 31.25, '155-159': 30.77, '160-164': 3.85, '165-169': 15.62, '170-174': 12.5, '175-179': 4.0, '180-184': 17.39, '185-189': 11.76, 'old': 38.94, 'new': 11.76}
2026-05-31 22:37:28,268 [trainer.py] => CNN top1 curve: [58.32, 56.7, 55.2, 52.61, 51.77, 49.63, 48.1, 47.02, 46.91, 45.58, 44.09, 43.49, 43.05, 42.03, 40.56, 40.29, 39.57, 39.29, 38.3]
2026-05-31 22:37:28,268 [trainer.py] => CNN top5 curve: [80.65, 79.16, 78.14, 76.87, 76.61, 75.44, 74.25, 73.46, 73.55, 71.74, 71.3, 71.42, 71.72, 70.2, 70.06, 69.13, 68.26, 67.93, 67.51]
2026-05-31 22:37:28,268 [trainer.py] => Average Accuracy (CNN): 46.45
2026-05-31 22:37:28,269 [trainer.py] => All params: 171970192
2026-05-31 22:37:28,270 [trainer.py] => Trainable params: 199880
2026-05-31 22:37:28,270 [l2p.py] => Learning on 190-195
2026-05-31 22:39:22,625 [l2p.py] => Task 19, Epoch 20/20 => Loss -0.141, Train_accy 98.91, Test_accy 37.62
2026-05-31 22:39:36,145 [trainer.py] => Timing Task 19 => Train 114.36s, Epochs 20, Train 5.7178s/epoch, Inference 13.52s, Images 1507, Inference 8.9704ms/image
2026-05-31 22:39:36,146 [trainer.py] => No NME accuracy.
2026-05-31 22:39:36,146 [trainer.py] => CNN: {'total': 37.62, '00-99': 57.68, '100-104': 3.23, '105-109': 16.13, '110-114': 6.67, '115-119': 10.0, '120-124': 12.73, '125-129': 17.78, '130-134': 4.35, '135-139': 34.62, '140-144': 10.87, '145-149': 13.21, '150-154': 31.25, '155-159': 30.77, '160-164': 3.85, '165-169': 17.19, '170-174': 12.5, '175-179': 4.0, '180-184': 17.39, '185-189': 11.76, '190-194': 26.67, 'old': 37.96, 'new': 26.67}
2026-05-31 22:39:36,146 [trainer.py] => CNN top1 curve: [58.32, 56.7, 55.2, 52.61, 51.77, 49.63, 48.1, 47.02, 46.91, 45.58, 44.09, 43.49, 43.05, 42.03, 40.56, 40.29, 39.57, 39.29, 38.3, 37.62]
2026-05-31 22:39:36,146 [trainer.py] => CNN top5 curve: [80.65, 79.16, 78.14, 76.87, 76.61, 75.44, 74.25, 73.46, 73.55, 71.74, 71.3, 71.42, 71.72, 70.2, 70.06, 69.13, 68.26, 67.93, 67.51, 67.55]
2026-05-31 22:39:36,146 [trainer.py] => Average Accuracy (CNN): 46.01
2026-05-31 22:39:36,149 [trainer.py] => All params: 171970192
2026-05-31 22:39:36,151 [trainer.py] => Trainable params: 199880
2026-05-31 22:39:36,151 [l2p.py] => Learning on 195-200
2026-05-31 22:40:56,174 [l2p.py] => Task 20, Epoch 20/20 => Loss -0.068, Train_accy 96.08, Test_accy 37.46
2026-05-31 22:41:09,468 [trainer.py] => Timing Task 20 => Train 80.02s, Epochs 20, Train 4.0012s/epoch, Inference 13.29s, Images 1519, Inference 8.7506ms/image
2026-05-31 22:41:09,469 [trainer.py] => No NME accuracy.
2026-05-31 22:41:09,469 [trainer.py] => CNN: {'total': 37.46, '00-99': 57.94, '100-104': 3.23, '105-109': 16.13, '110-114': 6.67, '115-119': 10.0, '120-124': 12.73, '125-129': 17.78, '130-134': 4.35, '135-139': 34.62, '140-144': 10.87, '145-149': 13.21, '150-154': 31.25, '155-159': 28.85, '160-164': 3.85, '165-169': 17.19, '170-174': 12.5, '175-179': 4.0, '180-184': 17.39, '185-189': 11.76, '190-194': 26.67, '195-199': 8.33, 'old': 37.69, 'new': 8.33}
2026-05-31 22:41:09,469 [trainer.py] => CNN top1 curve: [58.32, 56.7, 55.2, 52.61, 51.77, 49.63, 48.1, 47.02, 46.91, 45.58, 44.09, 43.49, 43.05, 42.03, 40.56, 40.29, 39.57, 39.29, 38.3, 37.62, 37.46]
2026-05-31 22:41:09,469 [trainer.py] => CNN top5 curve: [80.65, 79.16, 78.14, 76.87, 76.61, 75.44, 74.25, 73.46, 73.55, 71.74, 71.3, 71.42, 71.72, 70.2, 70.06, 69.13, 68.26, 67.93, 67.51, 67.55, 66.95]
2026-05-31 22:41:09,469 [trainer.py] => Average Accuracy (CNN): 45.6
