2026-05-31 20:52:16,048 [trainer.py] => config: ./configs/l2p/l2p_ina_B100_Inc5.json
2026-05-31 20:52:16,048 [trainer.py] => prefix:  
2026-05-31 20:52:16,048 [trainer.py] => dataset: imageneta
2026-05-31 20:52:16,048 [trainer.py] => memory_size: 0
2026-05-31 20:52:16,048 [trainer.py] => memory_per_class: 0
2026-05-31 20:52:16,048 [trainer.py] => fixed_memory: False
2026-05-31 20:52:16,048 [trainer.py] => shuffle: True
2026-05-31 20:52:16,048 [trainer.py] => init_cls: 100
2026-05-31 20:52:16,048 [trainer.py] => increment: 5
2026-05-31 20:52:16,048 [trainer.py] => model_name: l2p
2026-05-31 20:52:16,048 [trainer.py] => backbone_type: vit_base_patch16_224_in21k_l2p
2026-05-31 20:52:16,048 [trainer.py] => get_original_backbone: True
2026-05-31 20:52:16,048 [trainer.py] => device: [device(type='cuda', index=2)]
2026-05-31 20:52:16,048 [trainer.py] => seed: 1993
2026-05-31 20:52:16,048 [trainer.py] => tuned_epoch: 20
2026-05-31 20:52:16,048 [trainer.py] => init_lr: 0.001875
2026-05-31 20:52:16,048 [trainer.py] => batch_size: 48
2026-05-31 20:52:16,048 [trainer.py] => weight_decay: 0
2026-05-31 20:52:16,048 [trainer.py] => min_lr: 1e-05
2026-05-31 20:52:16,048 [trainer.py] => optimizer: adam
2026-05-31 20:52:16,048 [trainer.py] => scheduler: constant
2026-05-31 20:52:16,048 [trainer.py] => reinit_optimizer: True
2026-05-31 20:52:16,049 [trainer.py] => global_pool: token
2026-05-31 20:52:16,049 [trainer.py] => head_type: prompt
2026-05-31 20:52:16,049 [trainer.py] => freeze: ['blocks', 'patch_embed', 'cls_token', 'norm', 'pos_embed']
2026-05-31 20:52:16,049 [trainer.py] => pretrained: True
2026-05-31 20:52:16,049 [trainer.py] => drop: 0.0
2026-05-31 20:52:16,049 [trainer.py] => drop_path: 0.0
2026-05-31 20:52:16,049 [trainer.py] => prompt_pool: True
2026-05-31 20:52:16,049 [trainer.py] => size: 10
2026-05-31 20:52:16,049 [trainer.py] => length: 5
2026-05-31 20:52:16,049 [trainer.py] => top_k: 5
2026-05-31 20:52:16,049 [trainer.py] => initializer: uniform
2026-05-31 20:52:16,049 [trainer.py] => prompt_key: True
2026-05-31 20:52:16,049 [trainer.py] => prompt_key_init: uniform
2026-05-31 20:52:16,049 [trainer.py] => use_prompt_mask: False
2026-05-31 20:52:16,049 [trainer.py] => shared_prompt_pool: False
2026-05-31 20:52:16,049 [trainer.py] => shared_prompt_key: False
2026-05-31 20:52:16,049 [trainer.py] => batchwise_prompt: True
2026-05-31 20:52:16,049 [trainer.py] => embedding_key: cls
2026-05-31 20:52:16,049 [trainer.py] => predefined_key: 
2026-05-31 20:52:16,049 [trainer.py] => pull_constraint: True
2026-05-31 20:52:16,049 [trainer.py] => pull_constraint_coeff: 0.1
2026-05-31 20:52:16,049 [trainer.py] => nb_classes: 200
2026-05-31 20:52:16,049 [trainer.py] => nb_tasks: 21
2026-05-31 20:52:16,085 [data_manager.py] => [168, 136, 51, 9, 183, 101, 171, 99, 42, 159, 191, 70, 16, 188, 27, 10, 175, 26, 68, 187, 98, 6, 85, 35, 112, 43, 100, 0, 103, 181, 88, 59, 4, 2, 116, 174, 94, 80, 106, 1, 147, 17, 141, 131, 72, 23, 173, 54, 197, 118, 87, 32, 79, 104, 91, 19, 135, 107, 178, 36, 11, 199, 142, 8, 122, 3, 28, 57, 153, 172, 190, 56, 49, 44, 97, 62, 151, 169, 194, 55, 192, 12, 189, 78, 66, 180, 15, 137, 109, 134, 92, 119, 126, 52, 170, 40, 148, 65, 144, 64, 138, 45, 77, 89, 154, 90, 71, 193, 74, 30, 113, 143, 96, 84, 67, 50, 186, 156, 69, 21, 18, 111, 108, 58, 125, 157, 150, 110, 182, 129, 166, 83, 81, 60, 13, 165, 14, 176, 63, 117, 5, 22, 145, 121, 38, 41, 82, 127, 114, 20, 31, 53, 37, 163, 196, 130, 152, 162, 86, 76, 24, 34, 184, 149, 33, 128, 198, 155, 146, 167, 139, 120, 140, 102, 47, 25, 158, 123, 46, 164, 61, 7, 115, 75, 133, 160, 105, 132, 179, 124, 48, 73, 93, 39, 95, 195, 29, 177, 185, 161]
2026-05-31 20:52:17,934 [vit_l2p.py] => Resized position embedding: torch.Size([1, 197, 768]) to torch.Size([1, 222, 768])
2026-05-31 20:52:17,935 [vit_l2p.py] => Position embedding grid-size from [14, 14] to (14, 14)
2026-05-31 20:52:20,654 [l2p.py] => 86,017,736 model total parameters.
2026-05-31 20:52:20,655 [l2p.py] => 199,880 model training parameters.
2026-05-31 20:52:20,655 [l2p.py] => prompt.prompt: 38400
2026-05-31 20:52:20,655 [l2p.py] => prompt.prompt_key: 7680
2026-05-31 20:52:20,655 [l2p.py] => head.weight: 153600
2026-05-31 20:52:20,655 [l2p.py] => head.bias: 200
2026-05-31 20:52:20,656 [trainer.py] => All params: 171970192
2026-05-31 20:52:20,657 [trainer.py] => Trainable params: 199880
2026-05-31 20:52:20,657 [l2p.py] => Learning on 0-100
2026-05-31 21:08:33,263 [l2p.py] => Task 0, Epoch 20/20 => Loss 0.287, Train_accy 87.42, Test_accy 56.48
2026-05-31 21:08:42,933 [trainer.py] => Timing Task 0 => Train 972.61s, Epochs 20, Train 48.6303s/epoch, Inference 9.67s, Images 841, Inference 11.4960ms/image
2026-05-31 21:08:42,933 [trainer.py] => No NME accuracy.
2026-05-31 21:08:42,934 [trainer.py] => CNN: {'total': 56.48, '00-99': 56.48, 'old': 0, 'new': 56.48}
2026-05-31 21:08:42,934 [trainer.py] => CNN top1 curve: [56.48]
2026-05-31 21:08:42,934 [trainer.py] => CNN top5 curve: [80.86]
2026-05-31 21:08:42,934 [trainer.py] => Average Accuracy (CNN): 56.48
2026-05-31 21:08:42,937 [trainer.py] => All params: 171970192
2026-05-31 21:08:42,940 [trainer.py] => Trainable params: 199880
2026-05-31 21:08:42,940 [l2p.py] => Learning on 100-105
2026-05-31 21:10:05,148 [l2p.py] => Task 1, Epoch 20/20 => Loss -0.077, Train_accy 97.06, Test_accy 55.38
2026-05-31 21:10:14,963 [trainer.py] => Timing Task 1 => Train 82.21s, Epochs 20, Train 4.1105s/epoch, Inference 9.81s, Images 865, Inference 11.3445ms/image
2026-05-31 21:10:14,964 [trainer.py] => No NME accuracy.
2026-05-31 21:10:14,964 [trainer.py] => CNN: {'total': 55.38, '00-99': 56.36, '100-104': 20.83, 'old': 56.36, 'new': 20.83}
2026-05-31 21:10:14,964 [trainer.py] => CNN top1 curve: [56.48, 55.38]
2026-05-31 21:10:14,964 [trainer.py] => CNN top5 curve: [80.86, 80.0]
2026-05-31 21:10:14,965 [trainer.py] => Average Accuracy (CNN): 55.93
2026-05-31 21:10:14,967 [trainer.py] => All params: 171970192
2026-05-31 21:10:14,969 [trainer.py] => Trainable params: 199880
2026-05-31 21:10:14,970 [l2p.py] => Learning on 105-110
2026-05-31 21:11:52,206 [l2p.py] => Task 2, Epoch 20/20 => Loss -0.125, Train_accy 97.90, Test_accy 54.16
2026-05-31 21:12:02,487 [trainer.py] => Timing Task 2 => Train 97.24s, Epochs 20, Train 4.8619s/epoch, Inference 10.28s, Images 901, Inference 11.4087ms/image
2026-05-31 21:12:02,488 [trainer.py] => No NME accuracy.
2026-05-31 21:12:02,488 [trainer.py] => CNN: {'total': 54.16, '00-99': 56.96, '100-104': 20.83, '105-109': 11.11, 'old': 55.95, 'new': 11.11}
2026-05-31 21:12:02,488 [trainer.py] => CNN top1 curve: [56.48, 55.38, 54.16]
2026-05-31 21:12:02,488 [trainer.py] => CNN top5 curve: [80.86, 80.0, 80.36]
2026-05-31 21:12:02,488 [trainer.py] => Average Accuracy (CNN): 55.34
2026-05-31 21:12:02,490 [trainer.py] => All params: 171970192
2026-05-31 21:12:02,492 [trainer.py] => Trainable params: 199880
2026-05-31 21:12:02,492 [l2p.py] => Learning on 110-115
2026-05-31 21:13:14,676 [l2p.py] => Task 3, Epoch 20/20 => Loss -0.159, Train_accy 100.00, Test_accy 52.28
2026-05-31 21:13:25,205 [trainer.py] => Timing Task 3 => Train 72.19s, Epochs 20, Train 3.6093s/epoch, Inference 10.53s, Images 922, Inference 11.4177ms/image
2026-05-31 21:13:25,206 [trainer.py] => No NME accuracy.
2026-05-31 21:13:25,206 [trainer.py] => CNN: {'total': 52.28, '00-99': 56.24, '100-104': 20.83, '105-109': 11.11, '110-114': 0.0, 'old': 53.5, 'new': 0.0}
2026-05-31 21:13:25,206 [trainer.py] => CNN top1 curve: [56.48, 55.38, 54.16, 52.28]
2026-05-31 21:13:25,207 [trainer.py] => CNN top5 curve: [80.86, 80.0, 80.36, 78.74]
2026-05-31 21:13:25,207 [trainer.py] => Average Accuracy (CNN): 54.58
2026-05-31 21:13:25,210 [trainer.py] => All params: 171970192
2026-05-31 21:13:25,212 [trainer.py] => Trainable params: 199880
2026-05-31 21:13:25,213 [l2p.py] => Learning on 115-120
2026-05-31 21:15:30,324 [l2p.py] => Task 4, Epoch 20/20 => Loss -0.122, Train_accy 98.15, Test_accy 50.77
2026-05-31 21:15:41,363 [trainer.py] => Timing Task 4 => Train 125.11s, Epochs 20, Train 6.2557s/epoch, Inference 11.04s, Images 975, Inference 11.3197ms/image
2026-05-31 21:15:41,364 [trainer.py] => No NME accuracy.
2026-05-31 21:15:41,364 [trainer.py] => CNN: {'total': 50.77, '00-99': 56.0, '100-104': 16.67, '105-109': 11.11, '110-114': 0.0, '115-119': 30.19, 'old': 51.95, 'new': 30.19}
2026-05-31 21:15:41,364 [trainer.py] => CNN top1 curve: [56.48, 55.38, 54.16, 52.28, 50.77]
2026-05-31 21:15:41,364 [trainer.py] => CNN top5 curve: [80.86, 80.0, 80.36, 78.74, 78.77]
2026-05-31 21:15:41,364 [trainer.py] => Average Accuracy (CNN): 53.81
2026-05-31 21:15:41,367 [trainer.py] => All params: 171970192
2026-05-31 21:15:41,369 [trainer.py] => Trainable params: 199880
2026-05-31 21:15:41,369 [l2p.py] => Learning on 120-125
2026-05-31 21:17:23,324 [l2p.py] => Task 5, Epoch 20/20 => Loss -0.128, Train_accy 98.59, Test_accy 49.11
2026-05-31 21:17:34,835 [trainer.py] => Timing Task 5 => Train 101.96s, Epochs 20, Train 5.0978s/epoch, Inference 11.51s, Images 1016, Inference 11.3279ms/image
2026-05-31 21:17:34,835 [trainer.py] => No NME accuracy.
2026-05-31 21:17:34,836 [trainer.py] => CNN: {'total': 49.11, '00-99': 56.24, '100-104': 16.67, '105-109': 11.11, '110-114': 0.0, '115-119': 30.19, '120-124': 4.88, 'old': 50.97, 'new': 4.88}
2026-05-31 21:17:34,836 [trainer.py] => CNN top1 curve: [56.48, 55.38, 54.16, 52.28, 50.77, 49.11]
2026-05-31 21:17:34,836 [trainer.py] => CNN top5 curve: [80.86, 80.0, 80.36, 78.74, 78.77, 77.36]
2026-05-31 21:17:34,836 [trainer.py] => Average Accuracy (CNN): 53.03
2026-05-31 21:17:34,839 [trainer.py] => All params: 171970192
2026-05-31 21:17:34,842 [trainer.py] => Trainable params: 199880
2026-05-31 21:17:34,842 [l2p.py] => Learning on 125-130
2026-05-31 21:18:59,554 [l2p.py] => Task 6, Epoch 20/20 => Loss -0.118, Train_accy 97.73, Test_accy 48.50
2026-05-31 21:19:11,341 [trainer.py] => Timing Task 6 => Train 84.72s, Epochs 20, Train 4.2358s/epoch, Inference 11.78s, Images 1035, Inference 11.3850ms/image
2026-05-31 21:19:11,341 [trainer.py] => No NME accuracy.
2026-05-31 21:19:11,342 [trainer.py] => CNN: {'total': 48.5, '00-99': 56.12, '100-104': 16.67, '105-109': 11.11, '110-114': 0.0, '115-119': 30.19, '120-124': 7.32, '125-129': 15.79, 'old': 49.11, 'new': 15.79}
2026-05-31 21:19:11,342 [trainer.py] => CNN top1 curve: [56.48, 55.38, 54.16, 52.28, 50.77, 49.11, 48.5]
2026-05-31 21:19:11,342 [trainer.py] => CNN top5 curve: [80.86, 80.0, 80.36, 78.74, 78.77, 77.36, 76.91]
2026-05-31 21:19:11,342 [trainer.py] => Average Accuracy (CNN): 52.38
2026-05-31 21:19:11,345 [trainer.py] => All params: 171970192
2026-05-31 21:19:11,347 [trainer.py] => Trainable params: 199880
2026-05-31 21:19:11,347 [l2p.py] => Learning on 130-135
2026-05-31 21:21:05,886 [l2p.py] => Task 7, Epoch 20/20 => Loss -0.151, Train_accy 98.82, Test_accy 46.40
2026-05-31 21:21:18,247 [trainer.py] => Timing Task 7 => Train 114.54s, Epochs 20, Train 5.7270s/epoch, Inference 12.36s, Images 1084, Inference 11.4012ms/image
2026-05-31 21:21:18,248 [trainer.py] => No NME accuracy.
2026-05-31 21:21:18,248 [trainer.py] => CNN: {'total': 46.4, '00-99': 56.24, '100-104': 16.67, '105-109': 13.89, '110-114': 0.0, '115-119': 30.19, '120-124': 4.88, '125-129': 15.79, '130-134': 0.0, 'old': 48.6, 'new': 0.0}
2026-05-31 21:21:18,248 [trainer.py] => CNN top1 curve: [56.48, 55.38, 54.16, 52.28, 50.77, 49.11, 48.5, 46.4]
2026-05-31 21:21:18,249 [trainer.py] => CNN top5 curve: [80.86, 80.0, 80.36, 78.74, 78.77, 77.36, 76.91, 75.28]
2026-05-31 21:21:18,249 [trainer.py] => Average Accuracy (CNN): 51.64
2026-05-31 21:21:18,252 [trainer.py] => All params: 171970192
2026-05-31 21:21:18,254 [trainer.py] => Trainable params: 199880
2026-05-31 21:21:18,254 [l2p.py] => Learning on 135-140
2026-05-31 21:23:03,622 [l2p.py] => Task 8, Epoch 20/20 => Loss -0.158, Train_accy 99.28, Test_accy 45.32
2026-05-31 21:23:16,377 [trainer.py] => Timing Task 8 => Train 105.37s, Epochs 20, Train 5.2685s/epoch, Inference 12.75s, Images 1121, Inference 11.3758ms/image
2026-05-31 21:23:16,378 [trainer.py] => No NME accuracy.
2026-05-31 21:23:16,378 [trainer.py] => CNN: {'total': 45.32, '00-99': 56.12, '100-104': 12.5, '105-109': 13.89, '110-114': 0.0, '115-119': 32.08, '120-124': 4.88, '125-129': 15.79, '130-134': 0.0, '135-139': 16.22, 'old': 46.31, 'new': 16.22}
2026-05-31 21:23:16,378 [trainer.py] => CNN top1 curve: [56.48, 55.38, 54.16, 52.28, 50.77, 49.11, 48.5, 46.4, 45.32]
2026-05-31 21:23:16,378 [trainer.py] => CNN top5 curve: [80.86, 80.0, 80.36, 78.74, 78.77, 77.36, 76.91, 75.28, 74.67]
2026-05-31 21:23:16,378 [trainer.py] => Average Accuracy (CNN): 50.93
2026-05-31 21:23:16,381 [trainer.py] => All params: 171970192
2026-05-31 21:23:16,383 [trainer.py] => Trainable params: 199880
2026-05-31 21:23:16,383 [l2p.py] => Learning on 140-145
2026-05-31 21:25:10,798 [l2p.py] => Task 9, Epoch 20/20 => Loss -0.126, Train_accy 97.48, Test_accy 44.34
2026-05-31 21:25:23,924 [trainer.py] => Timing Task 9 => Train 114.42s, Epochs 20, Train 5.7208s/epoch, Inference 13.12s, Images 1166, Inference 11.2564ms/image
2026-05-31 21:25:23,925 [trainer.py] => No NME accuracy.
2026-05-31 21:25:23,925 [trainer.py] => CNN: {'total': 44.34, '00-99': 56.0, '100-104': 12.5, '105-109': 13.89, '110-114': 0.0, '115-119': 32.08, '120-124': 4.88, '125-129': 15.79, '130-134': 0.0, '135-139': 16.22, '140-144': 22.22, 'old': 45.23, 'new': 22.22}
2026-05-31 21:25:23,925 [trainer.py] => CNN top1 curve: [56.48, 55.38, 54.16, 52.28, 50.77, 49.11, 48.5, 46.4, 45.32, 44.34]
2026-05-31 21:25:23,925 [trainer.py] => CNN top5 curve: [80.86, 80.0, 80.36, 78.74, 78.77, 77.36, 76.91, 75.28, 74.67, 74.87]
2026-05-31 21:25:23,925 [trainer.py] => Average Accuracy (CNN): 50.27
2026-05-31 21:25:23,928 [trainer.py] => All params: 171970192
2026-05-31 21:25:23,930 [trainer.py] => Trainable params: 199880
2026-05-31 21:25:23,930 [l2p.py] => Learning on 145-150
2026-05-31 21:27:22,495 [l2p.py] => Task 10, Epoch 20/20 => Loss -0.132, Train_accy 98.82, Test_accy 43.69
2026-05-31 21:27:35,955 [trainer.py] => Timing Task 10 => Train 118.57s, Epochs 20, Train 5.9284s/epoch, Inference 13.46s, Images 1197, Inference 11.2422ms/image
2026-05-31 21:27:35,955 [trainer.py] => No NME accuracy.
2026-05-31 21:27:35,955 [trainer.py] => CNN: {'total': 43.69, '00-99': 56.36, '100-104': 12.5, '105-109': 13.89, '110-114': 0.0, '115-119': 32.08, '120-124': 4.88, '125-129': 15.79, '130-134': 0.0, '135-139': 16.22, '140-144': 20.0, '145-149': 12.9, 'old': 44.51, 'new': 12.9}
2026-05-31 21:27:35,955 [trainer.py] => CNN top1 curve: [56.48, 55.38, 54.16, 52.28, 50.77, 49.11, 48.5, 46.4, 45.32, 44.34, 43.69]
2026-05-31 21:27:35,955 [trainer.py] => CNN top5 curve: [80.86, 80.0, 80.36, 78.74, 78.77, 77.36, 76.91, 75.28, 74.67, 74.87, 73.6]
2026-05-31 21:27:35,955 [trainer.py] => Average Accuracy (CNN): 49.68
2026-05-31 21:27:35,956 [trainer.py] => All params: 171970192
2026-05-31 21:27:35,957 [trainer.py] => Trainable params: 199880
2026-05-31 21:27:35,957 [l2p.py] => Learning on 150-155
2026-05-31 21:29:19,210 [l2p.py] => Task 11, Epoch 20/20 => Loss -0.134, Train_accy 97.46, Test_accy 42.73
2026-05-31 21:29:33,061 [trainer.py] => Timing Task 11 => Train 103.25s, Epochs 20, Train 5.1627s/epoch, Inference 13.85s, Images 1231, Inference 11.2500ms/image
2026-05-31 21:29:33,061 [trainer.py] => No NME accuracy.
2026-05-31 21:29:33,062 [trainer.py] => CNN: {'total': 42.73, '00-99': 56.24, '100-104': 12.5, '105-109': 13.89, '110-114': 0.0, '115-119': 32.08, '120-124': 4.88, '125-129': 10.53, '130-134': 0.0, '135-139': 16.22, '140-144': 20.0, '145-149': 12.9, '150-154': 14.71, 'old': 43.53, 'new': 14.71}
2026-05-31 21:29:33,062 [trainer.py] => CNN top1 curve: [56.48, 55.38, 54.16, 52.28, 50.77, 49.11, 48.5, 46.4, 45.32, 44.34, 43.69, 42.73]
2026-05-31 21:29:33,062 [trainer.py] => CNN top5 curve: [80.86, 80.0, 80.36, 78.74, 78.77, 77.36, 76.91, 75.28, 74.67, 74.87, 73.6, 72.54]
2026-05-31 21:29:33,062 [trainer.py] => Average Accuracy (CNN): 49.1
2026-05-31 21:29:33,065 [trainer.py] => All params: 171970192
2026-05-31 21:29:33,067 [trainer.py] => Trainable params: 199880
2026-05-31 21:29:33,067 [l2p.py] => Learning on 155-160
2026-05-31 21:31:05,804 [l2p.py] => Task 12, Epoch 20/20 => Loss -0.135, Train_accy 98.82, Test_accy 41.83
2026-05-31 21:31:19,000 [trainer.py] => Timing Task 12 => Train 92.74s, Epochs 20, Train 4.6369s/epoch, Inference 13.19s, Images 1248, Inference 10.5718ms/image
2026-05-31 21:31:19,000 [trainer.py] => No NME accuracy.
2026-05-31 21:31:19,000 [trainer.py] => CNN: {'total': 41.83, '00-99': 55.29, '100-104': 12.5, '105-109': 13.89, '110-114': 0.0, '115-119': 32.08, '120-124': 4.88, '125-129': 10.53, '130-134': 0.0, '135-139': 16.22, '140-144': 22.22, '145-149': 12.9, '150-154': 11.76, '155-159': 23.53, 'old': 42.08, 'new': 23.53}
2026-05-31 21:31:19,000 [trainer.py] => CNN top1 curve: [56.48, 55.38, 54.16, 52.28, 50.77, 49.11, 48.5, 46.4, 45.32, 44.34, 43.69, 42.73, 41.83]
2026-05-31 21:31:19,000 [trainer.py] => CNN top5 curve: [80.86, 80.0, 80.36, 78.74, 78.77, 77.36, 76.91, 75.28, 74.67, 74.87, 73.6, 72.54, 72.2]
2026-05-31 21:31:19,001 [trainer.py] => Average Accuracy (CNN): 48.54
2026-05-31 21:31:19,003 [trainer.py] => All params: 171970192
2026-05-31 21:31:19,005 [trainer.py] => Trainable params: 199880
2026-05-31 21:31:19,005 [l2p.py] => Learning on 160-165
2026-05-31 21:33:34,225 [l2p.py] => Task 13, Epoch 20/20 => Loss -0.115, Train_accy 96.53, Test_accy 40.69
2026-05-31 21:33:48,498 [trainer.py] => Timing Task 13 => Train 135.22s, Epochs 20, Train 6.7611s/epoch, Inference 14.27s, Images 1300, Inference 10.9777ms/image
2026-05-31 21:33:48,499 [trainer.py] => No NME accuracy.
2026-05-31 21:33:48,499 [trainer.py] => CNN: {'total': 40.69, '00-99': 56.0, '100-104': 12.5, '105-109': 11.11, '110-114': 0.0, '115-119': 32.08, '120-124': 7.32, '125-129': 10.53, '130-134': 0.0, '135-139': 16.22, '140-144': 22.22, '145-149': 12.9, '150-154': 11.76, '155-159': 23.53, '160-164': 1.92, 'old': 42.31, 'new': 1.92}
2026-05-31 21:33:48,499 [trainer.py] => CNN top1 curve: [56.48, 55.38, 54.16, 52.28, 50.77, 49.11, 48.5, 46.4, 45.32, 44.34, 43.69, 42.73, 41.83, 40.69]
2026-05-31 21:33:48,499 [trainer.py] => CNN top5 curve: [80.86, 80.0, 80.36, 78.74, 78.77, 77.36, 76.91, 75.28, 74.67, 74.87, 73.6, 72.54, 72.2, 70.85]
2026-05-31 21:33:48,499 [trainer.py] => Average Accuracy (CNN): 47.98
2026-05-31 21:33:48,503 [trainer.py] => All params: 171970192
2026-05-31 21:33:48,505 [trainer.py] => Trainable params: 199880
2026-05-31 21:33:48,506 [l2p.py] => Learning on 165-170
2026-05-31 21:35:41,918 [l2p.py] => Task 14, Epoch 20/20 => Loss -0.127, Train_accy 98.48, Test_accy 39.91
2026-05-31 21:35:56,036 [trainer.py] => Timing Task 14 => Train 113.42s, Epochs 20, Train 5.6708s/epoch, Inference 14.11s, Images 1333, Inference 10.5883ms/image
2026-05-31 21:35:56,036 [trainer.py] => No NME accuracy.
2026-05-31 21:35:56,037 [trainer.py] => CNN: {'total': 39.91, '00-99': 55.89, '100-104': 12.5, '105-109': 11.11, '110-114': 0.0, '115-119': 32.08, '120-124': 7.32, '125-129': 10.53, '130-134': 0.0, '135-139': 16.22, '140-144': 22.22, '145-149': 12.9, '150-154': 11.76, '155-159': 23.53, '160-164': 1.92, '165-169': 12.12, 'old': 40.62, 'new': 12.12}
2026-05-31 21:35:56,037 [trainer.py] => CNN top1 curve: [56.48, 55.38, 54.16, 52.28, 50.77, 49.11, 48.5, 46.4, 45.32, 44.34, 43.69, 42.73, 41.83, 40.69, 39.91]
2026-05-31 21:35:56,037 [trainer.py] => CNN top5 curve: [80.86, 80.0, 80.36, 78.74, 78.77, 77.36, 76.91, 75.28, 74.67, 74.87, 73.6, 72.54, 72.2, 70.85, 69.77]
2026-05-31 21:35:56,037 [trainer.py] => Average Accuracy (CNN): 47.44
2026-05-31 21:35:56,040 [trainer.py] => All params: 171970192
2026-05-31 21:35:56,042 [trainer.py] => Trainable params: 199880
2026-05-31 21:35:56,042 [l2p.py] => Learning on 170-175
2026-05-31 21:37:35,133 [l2p.py] => Task 15, Epoch 20/20 => Loss -0.138, Train_accy 97.73, Test_accy 38.88
2026-05-31 21:37:50,440 [trainer.py] => Timing Task 15 => Train 99.09s, Epochs 20, Train 4.9547s/epoch, Inference 15.30s, Images 1358, Inference 11.2693ms/image
2026-05-31 21:37:50,441 [trainer.py] => No NME accuracy.
2026-05-31 21:37:50,441 [trainer.py] => CNN: {'total': 38.88, '00-99': 55.41, '100-104': 12.5, '105-109': 13.89, '110-114': 0.0, '115-119': 32.08, '120-124': 7.32, '125-129': 10.53, '130-134': 0.0, '135-139': 16.22, '140-144': 22.22, '145-149': 12.9, '150-154': 11.76, '155-159': 23.53, '160-164': 0.0, '165-169': 12.12, '170-174': 0.0, 'old': 39.61, 'new': 0.0}
2026-05-31 21:37:50,441 [trainer.py] => CNN top1 curve: [56.48, 55.38, 54.16, 52.28, 50.77, 49.11, 48.5, 46.4, 45.32, 44.34, 43.69, 42.73, 41.83, 40.69, 39.91, 38.88]
2026-05-31 21:37:50,441 [trainer.py] => CNN top5 curve: [80.86, 80.0, 80.36, 78.74, 78.77, 77.36, 76.91, 75.28, 74.67, 74.87, 73.6, 72.54, 72.2, 70.85, 69.77, 69.15]
2026-05-31 21:37:50,442 [trainer.py] => Average Accuracy (CNN): 46.9
2026-05-31 21:37:50,445 [trainer.py] => All params: 171970192
2026-05-31 21:37:50,447 [trainer.py] => Trainable params: 199880
2026-05-31 21:37:50,448 [l2p.py] => Learning on 175-180
2026-05-31 21:39:51,589 [l2p.py] => Task 16, Epoch 20/20 => Loss -0.129, Train_accy 99.33, Test_accy 37.99
2026-05-31 21:40:07,256 [trainer.py] => Timing Task 16 => Train 121.14s, Epochs 20, Train 6.0572s/epoch, Inference 15.66s, Images 1395, Inference 11.2284ms/image
2026-05-31 21:40:07,256 [trainer.py] => No NME accuracy.
2026-05-31 21:40:07,257 [trainer.py] => CNN: {'total': 37.99, '00-99': 54.93, '100-104': 12.5, '105-109': 11.11, '110-114': 0.0, '115-119': 33.96, '120-124': 7.32, '125-129': 15.79, '130-134': 0.0, '135-139': 16.22, '140-144': 22.22, '145-149': 12.9, '150-154': 8.82, '155-159': 23.53, '160-164': 1.92, '165-169': 15.15, '170-174': 0.0, '175-179': 10.81, 'old': 38.73, 'new': 10.81}
2026-05-31 21:40:07,257 [trainer.py] => CNN top1 curve: [56.48, 55.38, 54.16, 52.28, 50.77, 49.11, 48.5, 46.4, 45.32, 44.34, 43.69, 42.73, 41.83, 40.69, 39.91, 38.88, 37.99]
2026-05-31 21:40:07,257 [trainer.py] => CNN top5 curve: [80.86, 80.0, 80.36, 78.74, 78.77, 77.36, 76.91, 75.28, 74.67, 74.87, 73.6, 72.54, 72.2, 70.85, 69.77, 69.15, 68.75]
2026-05-31 21:40:07,257 [trainer.py] => Average Accuracy (CNN): 46.38
2026-05-31 21:40:07,260 [trainer.py] => All params: 171970192
2026-05-31 21:40:07,263 [trainer.py] => Trainable params: 199880
2026-05-31 21:40:07,263 [l2p.py] => Learning on 180-185
2026-05-31 21:42:00,346 [l2p.py] => Task 17, Epoch 20/20 => Loss -0.139, Train_accy 98.36, Test_accy 37.83
2026-05-31 21:42:16,319 [trainer.py] => Timing Task 17 => Train 113.09s, Epochs 20, Train 5.6543s/epoch, Inference 15.97s, Images 1422, Inference 11.2313ms/image
2026-05-31 21:42:16,320 [trainer.py] => No NME accuracy.
2026-05-31 21:42:16,320 [trainer.py] => CNN: {'total': 37.83, '00-99': 55.65, '100-104': 12.5, '105-109': 11.11, '110-114': 0.0, '115-119': 33.96, '120-124': 7.32, '125-129': 10.53, '130-134': 0.0, '135-139': 16.22, '140-144': 22.22, '145-149': 12.9, '150-154': 8.82, '155-159': 23.53, '160-164': 3.85, '165-169': 15.15, '170-174': 0.0, '175-179': 10.81, '180-184': 7.41, 'old': 38.42, 'new': 7.41}
2026-05-31 21:42:16,320 [trainer.py] => CNN top1 curve: [56.48, 55.38, 54.16, 52.28, 50.77, 49.11, 48.5, 46.4, 45.32, 44.34, 43.69, 42.73, 41.83, 40.69, 39.91, 38.88, 37.99, 37.83]
2026-05-31 21:42:16,320 [trainer.py] => CNN top5 curve: [80.86, 80.0, 80.36, 78.74, 78.77, 77.36, 76.91, 75.28, 74.67, 74.87, 73.6, 72.54, 72.2, 70.85, 69.77, 69.15, 68.75, 68.28]
2026-05-31 21:42:16,320 [trainer.py] => Average Accuracy (CNN): 45.9
2026-05-31 21:42:16,323 [trainer.py] => All params: 171970192
2026-05-31 21:42:16,326 [trainer.py] => Trainable params: 199880
2026-05-31 21:42:16,326 [l2p.py] => Learning on 185-190
2026-05-31 21:43:51,857 [l2p.py] => Task 18, Epoch 20/20 => Loss -0.098, Train_accy 97.01, Test_accy 37.03
2026-05-31 21:44:07,048 [trainer.py] => Timing Task 18 => Train 95.53s, Epochs 20, Train 4.7767s/epoch, Inference 15.19s, Images 1434, Inference 10.5917ms/image
2026-05-31 21:44:07,049 [trainer.py] => No NME accuracy.
2026-05-31 21:44:07,049 [trainer.py] => CNN: {'total': 37.03, '00-99': 54.82, '100-104': 12.5, '105-109': 11.11, '110-114': 0.0, '115-119': 33.96, '120-124': 7.32, '125-129': 10.53, '130-134': 0.0, '135-139': 18.92, '140-144': 22.22, '145-149': 12.9, '150-154': 8.82, '155-159': 23.53, '160-164': 1.92, '165-169': 15.15, '170-174': 0.0, '175-179': 10.81, '180-184': 7.41, '185-189': 0.0, 'old': 37.34, 'new': 0.0}
2026-05-31 21:44:07,049 [trainer.py] => CNN top1 curve: [56.48, 55.38, 54.16, 52.28, 50.77, 49.11, 48.5, 46.4, 45.32, 44.34, 43.69, 42.73, 41.83, 40.69, 39.91, 38.88, 37.99, 37.83, 37.03]
2026-05-31 21:44:07,049 [trainer.py] => CNN top5 curve: [80.86, 80.0, 80.36, 78.74, 78.77, 77.36, 76.91, 75.28, 74.67, 74.87, 73.6, 72.54, 72.2, 70.85, 69.77, 69.15, 68.75, 68.28, 67.85]
2026-05-31 21:44:07,049 [trainer.py] => Average Accuracy (CNN): 45.44
2026-05-31 21:44:07,051 [trainer.py] => All params: 171970192
2026-05-31 21:44:07,053 [trainer.py] => Trainable params: 199880
2026-05-31 21:44:07,053 [l2p.py] => Learning on 190-195
2026-05-31 21:46:18,527 [l2p.py] => Task 19, Epoch 20/20 => Loss -0.119, Train_accy 97.66, Test_accy 37.19
2026-05-31 21:46:35,112 [trainer.py] => Timing Task 19 => Train 131.48s, Epochs 20, Train 6.5738s/epoch, Inference 16.58s, Images 1471, Inference 11.2730ms/image
2026-05-31 21:46:35,113 [trainer.py] => No NME accuracy.
2026-05-31 21:46:35,113 [trainer.py] => CNN: {'total': 37.19, '00-99': 55.29, '100-104': 12.5, '105-109': 11.11, '110-114': 0.0, '115-119': 32.08, '120-124': 2.44, '125-129': 10.53, '130-134': 2.04, '135-139': 18.92, '140-144': 20.0, '145-149': 12.9, '150-154': 11.76, '155-159': 23.53, '160-164': 1.92, '165-169': 15.15, '170-174': 4.0, '175-179': 10.81, '180-184': 7.41, '185-189': 0.0, '190-194': 35.14, 'old': 37.24, 'new': 35.14}
2026-05-31 21:46:35,113 [trainer.py] => CNN top1 curve: [56.48, 55.38, 54.16, 52.28, 50.77, 49.11, 48.5, 46.4, 45.32, 44.34, 43.69, 42.73, 41.83, 40.69, 39.91, 38.88, 37.99, 37.83, 37.03, 37.19]
2026-05-31 21:46:35,113 [trainer.py] => CNN top5 curve: [80.86, 80.0, 80.36, 78.74, 78.77, 77.36, 76.91, 75.28, 74.67, 74.87, 73.6, 72.54, 72.2, 70.85, 69.77, 69.15, 68.75, 68.28, 67.85, 67.85]
2026-05-31 21:46:35,113 [trainer.py] => Average Accuracy (CNN): 45.03
2026-05-31 21:46:35,116 [trainer.py] => All params: 171970192
2026-05-31 21:46:35,118 [trainer.py] => Trainable params: 199880
2026-05-31 21:46:35,118 [l2p.py] => Learning on 195-200
2026-05-31 21:48:46,906 [l2p.py] => Task 20, Epoch 20/20 => Loss -0.154, Train_accy 100.00, Test_accy 36.21
2026-05-31 21:49:03,888 [trainer.py] => Timing Task 20 => Train 131.79s, Epochs 20, Train 6.5895s/epoch, Inference 16.98s, Images 1519, Inference 11.1786ms/image
2026-05-31 21:49:03,888 [trainer.py] => No NME accuracy.
2026-05-31 21:49:03,888 [trainer.py] => CNN: {'total': 36.21, '00-99': 54.82, '100-104': 12.5, '105-109': 11.11, '110-114': 0.0, '115-119': 32.08, '120-124': 2.44, '125-129': 10.53, '130-134': 0.0, '135-139': 18.92, '140-144': 20.0, '145-149': 12.9, '150-154': 11.76, '155-159': 23.53, '160-164': 1.92, '165-169': 9.09, '170-174': 8.0, '175-179': 10.81, '180-184': 7.41, '185-189': 0.0, '190-194': 32.43, '195-199': 20.83, 'old': 36.71, 'new': 20.83}
2026-05-31 21:49:03,888 [trainer.py] => CNN top1 curve: [56.48, 55.38, 54.16, 52.28, 50.77, 49.11, 48.5, 46.4, 45.32, 44.34, 43.69, 42.73, 41.83, 40.69, 39.91, 38.88, 37.99, 37.83, 37.03, 37.19, 36.21]
2026-05-31 21:49:03,888 [trainer.py] => CNN top5 curve: [80.86, 80.0, 80.36, 78.74, 78.77, 77.36, 76.91, 75.28, 74.67, 74.87, 73.6, 72.54, 72.2, 70.85, 69.77, 69.15, 68.75, 68.28, 67.85, 67.85, 67.02]
2026-05-31 21:49:03,889 [trainer.py] => Average Accuracy (CNN): 44.61
