2026-06-03 15:01:56,978 [trainer.py] => config: ./configs/l2p/l2p_omn_B0_Inc20.json
2026-06-03 15:01:56,978 [trainer.py] => prefix:  
2026-06-03 15:01:56,978 [trainer.py] => dataset: omnibenchmark
2026-06-03 15:01:56,978 [trainer.py] => memory_size: 0
2026-06-03 15:01:56,978 [trainer.py] => memory_per_class: 0
2026-06-03 15:01:56,978 [trainer.py] => fixed_memory: False
2026-06-03 15:01:56,978 [trainer.py] => shuffle: True
2026-06-03 15:01:56,978 [trainer.py] => init_cls: 20
2026-06-03 15:01:56,978 [trainer.py] => increment: 20
2026-06-03 15:01:56,978 [trainer.py] => model_name: l2p
2026-06-03 15:01:56,978 [trainer.py] => backbone_type: vit_base_patch16_224_in21k_l2p
2026-06-03 15:01:56,978 [trainer.py] => get_original_backbone: True
2026-06-03 15:01:56,978 [trainer.py] => device: [device(type='cuda', index=2)]
2026-06-03 15:01:56,978 [trainer.py] => seed: 1994
2026-06-03 15:01:56,978 [trainer.py] => tuned_epoch: 20
2026-06-03 15:01:56,978 [trainer.py] => init_lr: 0.001875
2026-06-03 15:01:56,978 [trainer.py] => batch_size: 48
2026-06-03 15:01:56,978 [trainer.py] => weight_decay: 0
2026-06-03 15:01:56,978 [trainer.py] => min_lr: 1e-05
2026-06-03 15:01:56,978 [trainer.py] => optimizer: adam
2026-06-03 15:01:56,978 [trainer.py] => scheduler: constant
2026-06-03 15:01:56,978 [trainer.py] => reinit_optimizer: True
2026-06-03 15:01:56,978 [trainer.py] => global_pool: token
2026-06-03 15:01:56,978 [trainer.py] => head_type: prompt
2026-06-03 15:01:56,978 [trainer.py] => freeze: ['blocks', 'patch_embed', 'cls_token', 'norm', 'pos_embed']
2026-06-03 15:01:56,978 [trainer.py] => pretrained: True
2026-06-03 15:01:56,978 [trainer.py] => drop: 0.0
2026-06-03 15:01:56,978 [trainer.py] => drop_path: 0.0
2026-06-03 15:01:56,978 [trainer.py] => prompt_pool: True
2026-06-03 15:01:56,978 [trainer.py] => size: 10
2026-06-03 15:01:56,979 [trainer.py] => length: 5
2026-06-03 15:01:56,979 [trainer.py] => top_k: 5
2026-06-03 15:01:56,979 [trainer.py] => initializer: uniform
2026-06-03 15:01:56,979 [trainer.py] => prompt_key: True
2026-06-03 15:01:56,979 [trainer.py] => prompt_key_init: uniform
2026-06-03 15:01:56,979 [trainer.py] => use_prompt_mask: False
2026-06-03 15:01:56,979 [trainer.py] => shared_prompt_pool: False
2026-06-03 15:01:56,979 [trainer.py] => shared_prompt_key: False
2026-06-03 15:01:56,979 [trainer.py] => batchwise_prompt: True
2026-06-03 15:01:56,979 [trainer.py] => embedding_key: cls
2026-06-03 15:01:56,979 [trainer.py] => predefined_key: 
2026-06-03 15:01:56,979 [trainer.py] => pull_constraint: True
2026-06-03 15:01:56,979 [trainer.py] => pull_constraint_coeff: 0.1
2026-06-03 15:01:56,979 [trainer.py] => nb_classes: 300
2026-06-03 15:01:56,979 [trainer.py] => nb_tasks: 15
2026-06-03 15:01:57,235 [data_manager.py] => [79, 231, 55, 293, 15, 281, 208, 119, 12, 11, 254, 126, 287, 215, 152, 278, 284, 140, 95, 72, 207, 232, 289, 171, 178, 189, 63, 86, 41, 159, 87, 103, 22, 80, 274, 73, 263, 122, 23, 28, 114, 273, 220, 185, 4, 70, 156, 286, 56, 115, 240, 268, 296, 174, 204, 113, 81, 221, 6, 101, 135, 224, 64, 269, 190, 244, 182, 181, 219, 198, 163, 150, 134, 210, 206, 202, 147, 234, 197, 222, 66, 144, 51, 24, 44, 209, 175, 195, 264, 205, 90, 21, 138, 52, 151, 124, 100, 121, 83, 132, 169, 285, 225, 27, 214, 236, 213, 162, 153, 271, 98, 233, 275, 299, 127, 29, 246, 50, 45, 280, 116, 242, 145, 165, 26, 149, 20, 186, 48, 129, 40, 2, 18, 241, 112, 200, 75, 85, 249, 68, 54, 59, 230, 228, 74, 253, 194, 77, 217, 227, 14, 8, 211, 297, 19, 226, 88, 96, 106, 9, 255, 38, 33, 176, 93, 35, 109, 69, 216, 92, 183, 47, 99, 39, 108, 160, 282, 199, 71, 201, 196, 120, 133, 270, 243, 250, 247, 288, 118, 136, 283, 187, 1, 184, 117, 130, 237, 32, 102, 177, 65, 173, 46, 267, 290, 128, 239, 0, 107, 167, 261, 43, 170, 104, 298, 262, 248, 60, 256, 78, 3, 58, 265, 62, 259, 61, 218, 157, 110, 143, 141, 252, 295, 97, 25, 291, 245, 125, 272, 17, 49, 161, 31, 155, 166, 251, 179, 94, 111, 142, 192, 229, 172, 16, 53, 168, 188, 158, 91, 258, 13, 10, 42, 36, 238, 105, 154, 257, 7, 277, 294, 279, 137, 266, 139, 292, 164, 276, 57, 123, 89, 82, 148, 67, 37, 146, 193, 131, 180, 5, 84, 260, 235, 223, 191, 30, 212, 76, 203, 34]
2026-06-03 15:01:58,842 [vit_l2p.py] => Resized position embedding: torch.Size([1, 197, 768]) to torch.Size([1, 222, 768])
2026-06-03 15:01:58,843 [vit_l2p.py] => Position embedding grid-size from [14, 14] to (14, 14)
2026-06-03 15:02:01,151 [l2p.py] => 86,094,636 model total parameters.
2026-06-03 15:02:01,151 [l2p.py] => 276,780 model training parameters.
2026-06-03 15:02:01,151 [l2p.py] => prompt.prompt: 38400
2026-06-03 15:02:01,151 [l2p.py] => prompt.prompt_key: 7680
2026-06-03 15:02:01,152 [l2p.py] => head.weight: 230400
2026-06-03 15:02:01,152 [l2p.py] => head.bias: 300
2026-06-03 15:02:01,152 [trainer.py] => All params: 172123992
2026-06-03 15:02:01,153 [trainer.py] => Trainable params: 276780
2026-06-03 15:02:01,154 [l2p.py] => Learning on 0-20
2026-06-03 15:25:47,814 [l2p.py] => Task 0, Epoch 20/20 => Loss 0.006, Train_accy 91.36, Test_accy 91.00
2026-06-03 15:25:51,948 [trainer.py] => Timing Task 0 => Train 1426.66s, Epochs 20, Train 71.3331s/epoch, Inference 4.13s, Images 400, Inference 10.3311ms/image
2026-06-03 15:25:51,948 [trainer.py] => No NME accuracy.
2026-06-03 15:25:51,948 [trainer.py] => CNN: {'total': 91.0, '00-19': 91.0, 'old': 0, 'new': 91.0}
2026-06-03 15:25:51,948 [trainer.py] => CNN top1 curve: [91.0]
2026-06-03 15:25:51,948 [trainer.py] => CNN top5 curve: [100.0]
2026-06-03 15:25:51,948 [trainer.py] => Average Accuracy (CNN): 91.0
2026-06-03 15:25:51,950 [trainer.py] => All params: 172123992
2026-06-03 15:25:51,951 [trainer.py] => Trainable params: 276780
2026-06-03 15:25:51,951 [l2p.py] => Learning on 20-40
2026-06-03 15:50:01,112 [l2p.py] => Task 1, Epoch 20/20 => Loss -0.122, Train_accy 96.66, Test_accy 86.11
2026-06-03 15:50:08,032 [trainer.py] => Timing Task 1 => Train 1449.16s, Epochs 20, Train 72.4581s/epoch, Inference 6.92s, Images 799, Inference 8.6588ms/image
2026-06-03 15:50:08,032 [trainer.py] => No NME accuracy.
2026-06-03 15:50:08,032 [trainer.py] => CNN: {'total': 86.11, '00-19': 76.0, '20-39': 96.24, 'old': 76.0, 'new': 96.24}
2026-06-03 15:50:08,032 [trainer.py] => CNN top1 curve: [91.0, 86.11]
2026-06-03 15:50:08,032 [trainer.py] => CNN top5 curve: [100.0, 99.75]
2026-06-03 15:50:08,032 [trainer.py] => Average Accuracy (CNN): 88.56
2026-06-03 15:50:08,033 [trainer.py] => All params: 172123992
2026-06-03 15:50:08,034 [trainer.py] => Trainable params: 276780
2026-06-03 15:50:08,035 [l2p.py] => Learning on 40-60
2026-06-03 16:15:35,868 [l2p.py] => Task 2, Epoch 20/20 => Loss -0.140, Train_accy 97.66, Test_accy 84.65
2026-06-03 16:15:46,296 [trainer.py] => Timing Task 2 => Train 1527.84s, Epochs 20, Train 76.3918s/epoch, Inference 10.42s, Images 1199, Inference 8.6946ms/image
2026-06-03 16:15:46,296 [trainer.py] => No NME accuracy.
2026-06-03 16:15:46,296 [trainer.py] => CNN: {'total': 84.65, '00-19': 72.25, '20-39': 85.96, '40-59': 95.75, 'old': 79.1, 'new': 95.75}
2026-06-03 16:15:46,296 [trainer.py] => CNN top1 curve: [91.0, 86.11, 84.65]
2026-06-03 16:15:46,296 [trainer.py] => CNN top5 curve: [100.0, 99.75, 99.33]
2026-06-03 16:15:46,296 [trainer.py] => Average Accuracy (CNN): 87.25
2026-06-03 16:15:46,297 [trainer.py] => All params: 172123992
2026-06-03 16:15:46,298 [trainer.py] => Trainable params: 276780
2026-06-03 16:15:46,299 [l2p.py] => Learning on 60-80
2026-06-03 16:41:15,322 [l2p.py] => Task 3, Epoch 20/20 => Loss -0.156, Train_accy 97.82, Test_accy 79.72
2026-06-03 16:41:28,135 [trainer.py] => Timing Task 3 => Train 1529.02s, Epochs 20, Train 76.4512s/epoch, Inference 12.81s, Images 1598, Inference 8.0172ms/image
2026-06-03 16:41:28,135 [trainer.py] => No NME accuracy.
2026-06-03 16:41:28,135 [trainer.py] => CNN: {'total': 79.72, '00-19': 70.25, '20-39': 73.93, '40-59': 88.0, '60-79': 86.72, 'old': 77.4, 'new': 86.72}
2026-06-03 16:41:28,135 [trainer.py] => CNN top1 curve: [91.0, 86.11, 84.65, 79.72]
2026-06-03 16:41:28,135 [trainer.py] => CNN top5 curve: [100.0, 99.75, 99.33, 98.12]
2026-06-03 16:41:28,135 [trainer.py] => Average Accuracy (CNN): 85.37
2026-06-03 16:41:28,136 [trainer.py] => All params: 172123992
2026-06-03 16:41:28,137 [trainer.py] => Trainable params: 276780
2026-06-03 16:41:28,137 [l2p.py] => Learning on 80-100
2026-06-03 17:06:56,483 [l2p.py] => Task 4, Epoch 20/20 => Loss -0.124, Train_accy 96.84, Test_accy 76.36
2026-06-03 17:07:12,003 [trainer.py] => Timing Task 4 => Train 1528.35s, Epochs 20, Train 76.4174s/epoch, Inference 15.52s, Images 1997, Inference 7.7704ms/image
2026-06-03 17:07:12,003 [trainer.py] => No NME accuracy.
2026-06-03 17:07:12,003 [trainer.py] => CNN: {'total': 76.36, '00-19': 67.0, '20-39': 72.43, '40-59': 86.25, '60-79': 82.71, '80-99': 73.43, 'old': 77.1, 'new': 73.43}
2026-06-03 17:07:12,003 [trainer.py] => CNN top1 curve: [91.0, 86.11, 84.65, 79.72, 76.36]
2026-06-03 17:07:12,003 [trainer.py] => CNN top5 curve: [100.0, 99.75, 99.33, 98.12, 97.5]
2026-06-03 17:07:12,003 [trainer.py] => Average Accuracy (CNN): 83.57
2026-06-03 17:07:12,004 [trainer.py] => All params: 172123992
2026-06-03 17:07:12,005 [trainer.py] => Trainable params: 276780
2026-06-03 17:07:12,005 [l2p.py] => Learning on 100-120
2026-06-03 17:31:57,665 [l2p.py] => Task 5, Epoch 20/20 => Loss -0.124, Train_accy 96.77, Test_accy 76.70
2026-06-03 17:32:16,449 [trainer.py] => Timing Task 5 => Train 1485.66s, Epochs 20, Train 74.2830s/epoch, Inference 18.78s, Images 2395, Inference 7.8427ms/image
2026-06-03 17:32:16,450 [trainer.py] => No NME accuracy.
2026-06-03 17:32:16,450 [trainer.py] => CNN: {'total': 76.7, '00-19': 67.75, '20-39': 70.43, '40-59': 85.25, '60-79': 82.96, '80-99': 71.93, '100-119': 81.91, 'old': 75.66, 'new': 81.91}
2026-06-03 17:32:16,450 [trainer.py] => CNN top1 curve: [91.0, 86.11, 84.65, 79.72, 76.36, 76.7]
2026-06-03 17:32:16,450 [trainer.py] => CNN top5 curve: [100.0, 99.75, 99.33, 98.12, 97.5, 96.62]
2026-06-03 17:32:16,450 [trainer.py] => Average Accuracy (CNN): 82.42
2026-06-03 17:32:16,453 [trainer.py] => All params: 172123992
2026-06-03 17:32:16,455 [trainer.py] => Trainable params: 276780
2026-06-03 17:32:16,455 [l2p.py] => Learning on 120-140
2026-06-03 18:03:12,658 [l2p.py] => Task 6, Epoch 20/20 => Loss -0.114, Train_accy 96.99, Test_accy 75.75
2026-06-03 18:03:41,217 [trainer.py] => Timing Task 6 => Train 1856.20s, Epochs 20, Train 92.8102s/epoch, Inference 28.56s, Images 2792, Inference 10.2280ms/image
2026-06-03 18:03:41,217 [trainer.py] => No NME accuracy.
2026-06-03 18:03:41,217 [trainer.py] => CNN: {'total': 75.75, '00-19': 67.5, '20-39': 69.17, '40-59': 82.5, '60-79': 75.69, '80-99': 69.67, '100-119': 80.65, '120-139': 85.14, 'old': 74.2, 'new': 85.14}
2026-06-03 18:03:41,217 [trainer.py] => CNN top1 curve: [91.0, 86.11, 84.65, 79.72, 76.36, 76.7, 75.75]
2026-06-03 18:03:41,218 [trainer.py] => CNN top5 curve: [100.0, 99.75, 99.33, 98.12, 97.5, 96.62, 95.13]
2026-06-03 18:03:41,218 [trainer.py] => Average Accuracy (CNN): 81.47
2026-06-03 18:03:41,221 [trainer.py] => All params: 172123992
2026-06-03 18:03:41,223 [trainer.py] => Trainable params: 276780
2026-06-03 18:03:41,223 [l2p.py] => Learning on 140-160
2026-06-03 18:37:07,413 [l2p.py] => Task 7, Epoch 20/20 => Loss -0.125, Train_accy 96.23, Test_accy 74.34
2026-06-03 18:37:38,975 [trainer.py] => Timing Task 7 => Train 2006.19s, Epochs 20, Train 100.3096s/epoch, Inference 31.56s, Images 3192, Inference 9.8869ms/image
2026-06-03 18:37:38,975 [trainer.py] => No NME accuracy.
2026-06-03 18:37:38,975 [trainer.py] => CNN: {'total': 74.34, '00-19': 65.25, '20-39': 68.92, '40-59': 81.75, '60-79': 75.19, '80-99': 71.68, '100-119': 75.63, '120-139': 82.12, '140-159': 74.25, 'old': 74.36, 'new': 74.25}
2026-06-03 18:37:38,975 [trainer.py] => CNN top1 curve: [91.0, 86.11, 84.65, 79.72, 76.36, 76.7, 75.75, 74.34]
2026-06-03 18:37:38,975 [trainer.py] => CNN top5 curve: [100.0, 99.75, 99.33, 98.12, 97.5, 96.62, 95.13, 93.83]
2026-06-03 18:37:38,975 [trainer.py] => Average Accuracy (CNN): 80.58
2026-06-03 18:37:38,977 [trainer.py] => All params: 172123992
2026-06-03 18:37:38,979 [trainer.py] => Trainable params: 276780
2026-06-03 18:37:38,979 [l2p.py] => Learning on 160-180
2026-06-03 19:08:45,579 [l2p.py] => Task 8, Epoch 20/20 => Loss -0.069, Train_accy 94.29, Test_accy 71.46
2026-06-03 19:09:19,173 [trainer.py] => Timing Task 8 => Train 1866.60s, Epochs 20, Train 93.3301s/epoch, Inference 33.59s, Images 3592, Inference 9.3518ms/image
2026-06-03 19:09:19,174 [trainer.py] => No NME accuracy.
2026-06-03 19:09:19,174 [trainer.py] => CNN: {'total': 71.46, '00-19': 64.5, '20-39': 68.67, '40-59': 76.0, '60-79': 71.18, '80-99': 72.68, '100-119': 72.61, '120-139': 82.87, '140-159': 73.0, '160-179': 61.75, 'old': 72.68, 'new': 61.75}
2026-06-03 19:09:19,174 [trainer.py] => CNN top1 curve: [91.0, 86.11, 84.65, 79.72, 76.36, 76.7, 75.75, 74.34, 71.46]
2026-06-03 19:09:19,174 [trainer.py] => CNN top5 curve: [100.0, 99.75, 99.33, 98.12, 97.5, 96.62, 95.13, 93.83, 93.01]
2026-06-03 19:09:19,174 [trainer.py] => Average Accuracy (CNN): 79.57
2026-06-03 19:09:19,177 [trainer.py] => All params: 172123992
2026-06-03 19:09:19,179 [trainer.py] => Trainable params: 276780
2026-06-03 19:09:19,179 [l2p.py] => Learning on 180-200
2026-06-03 19:38:42,087 [l2p.py] => Task 9, Epoch 20/20 => Loss -0.133, Train_accy 97.42, Test_accy 70.29
2026-06-03 19:39:18,535 [trainer.py] => Timing Task 9 => Train 1762.91s, Epochs 20, Train 88.1455s/epoch, Inference 36.44s, Images 3992, Inference 9.1295ms/image
2026-06-03 19:39:18,535 [trainer.py] => No NME accuracy.
2026-06-03 19:39:18,536 [trainer.py] => CNN: {'total': 70.29, '00-19': 64.5, '20-39': 65.91, '40-59': 71.5, '60-79': 70.68, '80-99': 69.17, '100-119': 70.85, '120-139': 79.85, '140-159': 71.5, '160-179': 54.75, '180-199': 84.25, 'old': 68.74, 'new': 84.25}
2026-06-03 19:39:18,536 [trainer.py] => CNN top1 curve: [91.0, 86.11, 84.65, 79.72, 76.36, 76.7, 75.75, 74.34, 71.46, 70.29]
2026-06-03 19:39:18,536 [trainer.py] => CNN top5 curve: [100.0, 99.75, 99.33, 98.12, 97.5, 96.62, 95.13, 93.83, 93.01, 91.56]
2026-06-03 19:39:18,536 [trainer.py] => Average Accuracy (CNN): 78.64
2026-06-03 19:39:18,539 [trainer.py] => All params: 172123992
2026-06-03 19:39:18,542 [trainer.py] => Trainable params: 276780
2026-06-03 19:39:18,542 [l2p.py] => Learning on 200-220
2026-06-03 20:08:25,973 [l2p.py] => Task 10, Epoch 20/20 => Loss -0.121, Train_accy 96.59, Test_accy 68.97
2026-06-03 20:09:05,599 [trainer.py] => Timing Task 10 => Train 1747.43s, Epochs 20, Train 87.3716s/epoch, Inference 39.62s, Images 4392, Inference 9.0219ms/image
2026-06-03 20:09:05,599 [trainer.py] => No NME accuracy.
2026-06-03 20:09:05,599 [trainer.py] => CNN: {'total': 68.97, '00-19': 60.25, '20-39': 66.17, '40-59': 73.25, '60-79': 68.42, '80-99': 70.18, '100-119': 69.35, '120-139': 75.82, '140-159': 71.75, '160-179': 55.25, '180-199': 81.5, '200-219': 66.75, 'old': 69.19, 'new': 66.75}
2026-06-03 20:09:05,599 [trainer.py] => CNN top1 curve: [91.0, 86.11, 84.65, 79.72, 76.36, 76.7, 75.75, 74.34, 71.46, 70.29, 68.97]
2026-06-03 20:09:05,599 [trainer.py] => CNN top5 curve: [100.0, 99.75, 99.33, 98.12, 97.5, 96.62, 95.13, 93.83, 93.01, 91.56, 91.48]
2026-06-03 20:09:05,599 [trainer.py] => Average Accuracy (CNN): 77.76
2026-06-03 20:09:05,601 [trainer.py] => All params: 172123992
2026-06-03 20:09:05,601 [trainer.py] => Trainable params: 276780
2026-06-03 20:09:05,602 [l2p.py] => Learning on 220-240
2026-06-03 20:38:31,052 [l2p.py] => Task 11, Epoch 20/20 => Loss -0.097, Train_accy 95.45, Test_accy 67.72
2026-06-03 20:39:12,968 [trainer.py] => Timing Task 11 => Train 1765.45s, Epochs 20, Train 88.2726s/epoch, Inference 41.91s, Images 4789, Inference 8.7521ms/image
2026-06-03 20:39:12,968 [trainer.py] => No NME accuracy.
2026-06-03 20:39:12,968 [trainer.py] => CNN: {'total': 67.72, '00-19': 60.75, '20-39': 66.17, '40-59': 68.0, '60-79': 68.67, '80-99': 67.92, '100-119': 67.84, '120-139': 74.06, '140-159': 72.0, '160-179': 53.25, '180-199': 82.0, '200-219': 66.5, '220-239': 65.49, 'old': 67.92, 'new': 65.49}
2026-06-03 20:39:12,968 [trainer.py] => CNN top1 curve: [91.0, 86.11, 84.65, 79.72, 76.36, 76.7, 75.75, 74.34, 71.46, 70.29, 68.97, 67.72]
2026-06-03 20:39:12,968 [trainer.py] => CNN top5 curve: [100.0, 99.75, 99.33, 98.12, 97.5, 96.62, 95.13, 93.83, 93.01, 91.56, 91.48, 90.83]
2026-06-03 20:39:12,968 [trainer.py] => Average Accuracy (CNN): 76.92
2026-06-03 20:39:12,970 [trainer.py] => All params: 172123992
2026-06-03 20:39:12,972 [trainer.py] => Trainable params: 276780
2026-06-03 20:39:12,972 [l2p.py] => Learning on 240-260
2026-06-03 21:07:43,276 [l2p.py] => Task 12, Epoch 20/20 => Loss -0.095, Train_accy 95.92, Test_accy 67.02
2026-06-03 21:08:27,242 [trainer.py] => Timing Task 12 => Train 1710.31s, Epochs 20, Train 85.5153s/epoch, Inference 43.96s, Images 5188, Inference 8.4741ms/image
2026-06-03 21:08:27,242 [trainer.py] => No NME accuracy.
2026-06-03 21:08:27,242 [trainer.py] => CNN: {'total': 67.02, '00-19': 58.75, '20-39': 65.16, '40-59': 67.0, '60-79': 65.66, '80-99': 68.92, '100-119': 69.85, '120-139': 72.04, '140-159': 69.5, '160-179': 55.25, '180-199': 80.25, '200-219': 67.5, '220-239': 63.22, '240-259': 68.17, 'old': 66.92, 'new': 68.17}
2026-06-03 21:08:27,242 [trainer.py] => CNN top1 curve: [91.0, 86.11, 84.65, 79.72, 76.36, 76.7, 75.75, 74.34, 71.46, 70.29, 68.97, 67.72, 67.02]
2026-06-03 21:08:27,242 [trainer.py] => CNN top5 curve: [100.0, 99.75, 99.33, 98.12, 97.5, 96.62, 95.13, 93.83, 93.01, 91.56, 91.48, 90.83, 89.94]
2026-06-03 21:08:27,242 [trainer.py] => Average Accuracy (CNN): 76.16
2026-06-03 21:08:27,243 [trainer.py] => All params: 172123992
2026-06-03 21:08:27,244 [trainer.py] => Trainable params: 276780
2026-06-03 21:08:27,244 [l2p.py] => Learning on 260-280
2026-06-03 21:37:57,753 [l2p.py] => Task 13, Epoch 20/20 => Loss -0.113, Train_accy 96.53, Test_accy 66.16
2026-06-03 21:38:41,418 [trainer.py] => Timing Task 13 => Train 1770.51s, Epochs 20, Train 88.5255s/epoch, Inference 43.66s, Images 5585, Inference 7.8180ms/image
2026-06-03 21:38:41,418 [trainer.py] => No NME accuracy.
2026-06-03 21:38:41,418 [trainer.py] => CNN: {'total': 66.16, '00-19': 57.0, '20-39': 60.9, '40-59': 65.75, '60-79': 63.91, '80-99': 66.67, '100-119': 65.08, '120-139': 69.77, '140-159': 67.75, '160-179': 51.75, '180-199': 81.0, '200-219': 64.75, '220-239': 57.68, '240-259': 66.92, '260-279': 87.41, 'old': 64.53, 'new': 87.41}
2026-06-03 21:38:41,418 [trainer.py] => CNN top1 curve: [91.0, 86.11, 84.65, 79.72, 76.36, 76.7, 75.75, 74.34, 71.46, 70.29, 68.97, 67.72, 67.02, 66.16]
2026-06-03 21:38:41,418 [trainer.py] => CNN top5 curve: [100.0, 99.75, 99.33, 98.12, 97.5, 96.62, 95.13, 93.83, 93.01, 91.56, 91.48, 90.83, 89.94, 89.29]
2026-06-03 21:38:41,419 [trainer.py] => Average Accuracy (CNN): 75.45
2026-06-03 21:38:41,420 [trainer.py] => All params: 172123992
2026-06-03 21:38:41,422 [trainer.py] => Trainable params: 276780
2026-06-03 21:38:41,422 [l2p.py] => Learning on 280-300
2026-06-03 22:08:10,509 [l2p.py] => Task 14, Epoch 20/20 => Loss -0.082, Train_accy 94.86, Test_accy 64.09
2026-06-03 22:08:56,908 [trainer.py] => Timing Task 14 => Train 1769.09s, Epochs 20, Train 88.4545s/epoch, Inference 46.40s, Images 5985, Inference 7.7522ms/image
2026-06-03 22:08:56,909 [trainer.py] => No NME accuracy.
2026-06-03 22:08:56,909 [trainer.py] => CNN: {'total': 64.09, '00-19': 53.0, '20-39': 60.9, '40-59': 64.75, '60-79': 57.64, '80-99': 67.42, '100-119': 62.31, '120-139': 68.01, '140-159': 66.75, '160-179': 53.75, '180-199': 79.25, '200-219': 65.75, '220-239': 57.18, '240-259': 66.67, '260-279': 80.6, '280-299': 57.5, 'old': 64.57, 'new': 57.5}
2026-06-03 22:08:56,909 [trainer.py] => CNN top1 curve: [91.0, 86.11, 84.65, 79.72, 76.36, 76.7, 75.75, 74.34, 71.46, 70.29, 68.97, 67.72, 67.02, 66.16, 64.09]
2026-06-03 22:08:56,909 [trainer.py] => CNN top5 curve: [100.0, 99.75, 99.33, 98.12, 97.5, 96.62, 95.13, 93.83, 93.01, 91.56, 91.48, 90.83, 89.94, 89.29, 88.62]
2026-06-03 22:08:56,909 [trainer.py] => Average Accuracy (CNN): 74.69
