2026-05-15 18:54:23,556 [trainer.py] => config: ./configs/l2p/l2p_omn_B0_Inc30.json
2026-05-15 18:54:23,557 [trainer.py] => prefix:  
2026-05-15 18:54:23,557 [trainer.py] => dataset: omnibenchmark
2026-05-15 18:54:23,557 [trainer.py] => memory_size: 0
2026-05-15 18:54:23,557 [trainer.py] => memory_per_class: 0
2026-05-15 18:54:23,557 [trainer.py] => fixed_memory: False
2026-05-15 18:54:23,557 [trainer.py] => shuffle: True
2026-05-15 18:54:23,557 [trainer.py] => init_cls: 30
2026-05-15 18:54:23,557 [trainer.py] => increment: 30
2026-05-15 18:54:23,558 [trainer.py] => model_name: l2p
2026-05-15 18:54:23,558 [trainer.py] => backbone_type: vit_base_patch16_224_in21k_l2p
2026-05-15 18:54:23,558 [trainer.py] => get_original_backbone: True
2026-05-15 18:54:23,558 [trainer.py] => device: [device(type='cuda', index=2)]
2026-05-15 18:54:23,558 [trainer.py] => seed: 1993
2026-05-15 18:54:23,558 [trainer.py] => tuned_epoch: 20
2026-05-15 18:54:23,558 [trainer.py] => init_lr: 0.001875
2026-05-15 18:54:23,558 [trainer.py] => batch_size: 48
2026-05-15 18:54:23,559 [trainer.py] => weight_decay: 0
2026-05-15 18:54:23,559 [trainer.py] => min_lr: 1e-05
2026-05-15 18:54:23,559 [trainer.py] => optimizer: adam
2026-05-15 18:54:23,559 [trainer.py] => scheduler: constant
2026-05-15 18:54:23,559 [trainer.py] => reinit_optimizer: True
2026-05-15 18:54:23,559 [trainer.py] => global_pool: token
2026-05-15 18:54:23,559 [trainer.py] => head_type: prompt
2026-05-15 18:54:23,559 [trainer.py] => freeze: ['blocks', 'patch_embed', 'cls_token', 'norm', 'pos_embed']
2026-05-15 18:54:23,560 [trainer.py] => pretrained: True
2026-05-15 18:54:23,560 [trainer.py] => drop: 0.0
2026-05-15 18:54:23,560 [trainer.py] => drop_path: 0.0
2026-05-15 18:54:23,560 [trainer.py] => prompt_pool: True
2026-05-15 18:54:23,560 [trainer.py] => size: 10
2026-05-15 18:54:23,560 [trainer.py] => length: 5
2026-05-15 18:54:23,560 [trainer.py] => top_k: 5
2026-05-15 18:54:23,560 [trainer.py] => initializer: uniform
2026-05-15 18:54:23,560 [trainer.py] => prompt_key: True
2026-05-15 18:54:23,561 [trainer.py] => prompt_key_init: uniform
2026-05-15 18:54:23,561 [trainer.py] => use_prompt_mask: False
2026-05-15 18:54:23,561 [trainer.py] => shared_prompt_pool: False
2026-05-15 18:54:23,561 [trainer.py] => shared_prompt_key: False
2026-05-15 18:54:23,561 [trainer.py] => batchwise_prompt: True
2026-05-15 18:54:23,561 [trainer.py] => embedding_key: cls
2026-05-15 18:54:23,561 [trainer.py] => predefined_key: 
2026-05-15 18:54:23,561 [trainer.py] => pull_constraint: True
2026-05-15 18:54:23,562 [trainer.py] => pull_constraint_coeff: 0.1
2026-05-15 18:54:23,562 [trainer.py] => nb_classes: 300
2026-05-15 18:54:23,562 [trainer.py] => nb_tasks: 10
2026-05-15 18:54:25,311 [data_manager.py] => [169, 221, 146, 296, 92, 229, 49, 70, 126, 77, 243, 57, 120, 223, 27, 217, 154, 8, 101, 182, 54, 50, 97, 162, 28, 193, 79, 6, 151, 0, 173, 187, 44, 277, 157, 16, 257, 122, 35, 9, 171, 176, 134, 4, 87, 255, 112, 153, 246, 286, 147, 186, 107, 98, 10, 7, 266, 214, 36, 165, 139, 254, 103, 269, 59, 23, 298, 39, 73, 208, 135, 299, 102, 20, 12, 268, 11, 209, 161, 210, 74, 42, 56, 99, 235, 133, 159, 189, 145, 238, 215, 241, 138, 195, 233, 279, 88, 199, 64, 280, 26, 203, 17, 245, 174, 236, 137, 252, 80, 68, 181, 150, 118, 94, 75, 2, 109, 119, 232, 15, 69, 184, 201, 261, 55, 287, 273, 66, 175, 32, 142, 136, 116, 76, 179, 1, 91, 248, 275, 240, 290, 170, 132, 106, 265, 270, 85, 19, 284, 43, 259, 293, 228, 200, 104, 227, 51, 224, 163, 297, 216, 260, 93, 46, 100, 272, 105, 72, 131, 3, 156, 256, 249, 48, 113, 82, 172, 213, 62, 53, 271, 168, 253, 226, 183, 180, 276, 283, 78, 61, 143, 278, 30, 141, 196, 264, 231, 52, 222, 40, 125, 219, 65, 166, 192, 289, 45, 205, 89, 267, 90, 71, 167, 262, 281, 212, 96, 84, 127, 67, 294, 178, 288, 197, 21, 18, 111, 108, 58, 230, 188, 31, 110, 291, 129, 24, 204, 83, 81, 251, 60, 13, 128, 14, 86, 63, 117, 198, 274, 5, 22, 144, 258, 121, 38, 207, 148, 292, 41, 234, 237, 114, 202, 37, 149, 206, 155, 29, 130, 177, 194, 152, 34, 33, 239, 160, 140, 47, 244, 25, 282, 158, 211, 123, 190, 218, 164, 247, 263, 191, 220, 115, 242, 250, 124, 295, 95, 285, 225, 185]
2026-05-15 18:54:28,132 [vit_l2p.py] => Resized position embedding: torch.Size([1, 197, 768]) to torch.Size([1, 222, 768])
2026-05-15 18:54:28,132 [vit_l2p.py] => Position embedding grid-size from [14, 14] to (14, 14)
2026-05-15 18:54:32,003 [l2p.py] => 86,094,636 model total parameters.
2026-05-15 18:54:32,004 [l2p.py] => 276,780 model training parameters.
2026-05-15 18:54:32,004 [l2p.py] => prompt.prompt: 38400
2026-05-15 18:54:32,004 [l2p.py] => prompt.prompt_key: 7680
2026-05-15 18:54:32,004 [l2p.py] => head.weight: 230400
2026-05-15 18:54:32,004 [l2p.py] => head.bias: 300
2026-05-15 18:54:32,005 [trainer.py] => All params: 172123992
2026-05-15 18:54:32,006 [trainer.py] => Trainable params: 276780
2026-05-15 18:54:32,006 [l2p.py] => Learning on 0-30
2026-05-15 20:17:37,450 [l2p.py] => Task 0, Epoch 20/20 => Loss 0.021, Train_accy 92.12, Test_accy 93.33
2026-05-15 20:17:48,738 [trainer.py] => No NME accuracy.
2026-05-15 20:17:48,738 [trainer.py] => CNN: {'total': 93.33, '00-29': 93.33, 'old': 0, 'new': 93.33}
2026-05-15 20:17:48,738 [trainer.py] => CNN top1 curve: [93.33]
2026-05-15 20:17:48,738 [trainer.py] => CNN top5 curve: [99.67]
2026-05-15 20:17:48,738 [trainer.py] => Average Accuracy (CNN): 93.33
2026-05-15 20:17:48,740 [trainer.py] => All params: 172123992
2026-05-15 20:17:48,741 [trainer.py] => Trainable params: 276780
2026-05-15 20:17:48,741 [l2p.py] => Learning on 30-60
2026-05-15 21:41:34,422 [l2p.py] => Task 1, Epoch 20/20 => Loss -0.057, Train_accy 94.98, Test_accy 83.24
2026-05-15 21:41:55,995 [trainer.py] => No NME accuracy.
2026-05-15 21:41:55,995 [trainer.py] => CNN: {'total': 83.24, '00-29': 74.0, '30-59': 92.49, 'old': 74.0, 'new': 92.49}
2026-05-15 21:41:55,995 [trainer.py] => CNN top1 curve: [93.33, 83.24]
2026-05-15 21:41:55,995 [trainer.py] => CNN top5 curve: [99.67, 98.67]
2026-05-15 21:41:55,995 [trainer.py] => Average Accuracy (CNN): 88.28
2026-05-15 21:41:55,997 [trainer.py] => All params: 172123992
2026-05-15 21:41:55,998 [trainer.py] => Trainable params: 276780
2026-05-15 21:41:55,998 [l2p.py] => Learning on 60-90
2026-05-15 23:03:55,493 [l2p.py] => Task 2, Epoch 20/20 => Loss -0.062, Train_accy 94.96, Test_accy 79.81
2026-05-15 23:04:26,815 [trainer.py] => No NME accuracy.
2026-05-15 23:04:26,816 [trainer.py] => CNN: {'total': 79.81, '00-29': 72.5, '30-59': 86.64, '60-89': 80.3, 'old': 79.57, 'new': 80.3}
2026-05-15 23:04:26,816 [trainer.py] => CNN top1 curve: [93.33, 83.24, 79.81]
2026-05-15 23:04:26,817 [trainer.py] => CNN top5 curve: [99.67, 98.67, 97.44]
2026-05-15 23:04:26,817 [trainer.py] => Average Accuracy (CNN): 85.46
2026-05-15 23:04:26,821 [trainer.py] => All params: 172123992
2026-05-15 23:04:26,824 [trainer.py] => Trainable params: 276780
2026-05-15 23:04:26,824 [l2p.py] => Learning on 90-120
2026-05-16 00:30:53,576 [l2p.py] => Task 3, Epoch 20/20 => Loss -0.053, Train_accy 94.40, Test_accy 76.49
2026-05-16 00:31:35,839 [trainer.py] => No NME accuracy.
2026-05-16 00:31:35,839 [trainer.py] => CNN: {'total': 76.49, '00-29': 69.83, '30-59': 81.3, '60-89': 77.46, '90-119': 77.39, 'old': 76.2, 'new': 77.39}
2026-05-16 00:31:35,839 [trainer.py] => CNN top1 curve: [93.33, 83.24, 79.81, 76.49]
2026-05-16 00:31:35,839 [trainer.py] => CNN top5 curve: [99.67, 98.67, 97.44, 95.7]
2026-05-16 00:31:35,839 [trainer.py] => Average Accuracy (CNN): 83.22
2026-05-16 00:31:35,841 [trainer.py] => All params: 172123992
2026-05-16 00:31:35,842 [trainer.py] => Trainable params: 276780
2026-05-16 00:31:35,842 [l2p.py] => Learning on 120-150
2026-05-16 01:58:46,762 [l2p.py] => Task 4, Epoch 20/20 => Loss -0.077, Train_accy 95.27, Test_accy 74.62
2026-05-16 01:59:40,036 [trainer.py] => No NME accuracy.
2026-05-16 01:59:40,036 [trainer.py] => CNN: {'total': 74.62, '00-29': 65.33, '30-59': 79.3, '60-89': 76.29, '90-119': 72.86, '120-149': 79.3, 'old': 73.44, 'new': 79.3}
2026-05-16 01:59:40,036 [trainer.py] => CNN top1 curve: [93.33, 83.24, 79.81, 76.49, 74.62]
2026-05-16 01:59:40,036 [trainer.py] => CNN top5 curve: [99.67, 98.67, 97.44, 95.7, 93.92]
2026-05-16 01:59:40,036 [trainer.py] => Average Accuracy (CNN): 81.5
2026-05-16 01:59:40,038 [trainer.py] => All params: 172123992
2026-05-16 01:59:40,039 [trainer.py] => Trainable params: 276780
2026-05-16 01:59:40,039 [l2p.py] => Learning on 150-180
2026-05-16 03:25:05,429 [l2p.py] => Task 5, Epoch 20/20 => Loss -0.073, Train_accy 95.15, Test_accy 70.21
2026-05-16 03:26:03,610 [trainer.py] => No NME accuracy.
2026-05-16 03:26:03,610 [trainer.py] => CNN: {'total': 70.21, '00-29': 64.5, '30-59': 71.79, '60-89': 72.95, '90-119': 71.52, '120-149': 74.12, '150-179': 66.39, 'old': 70.98, 'new': 66.39}
2026-05-16 03:26:03,610 [trainer.py] => CNN top1 curve: [93.33, 83.24, 79.81, 76.49, 74.62, 70.21]
2026-05-16 03:26:03,610 [trainer.py] => CNN top5 curve: [99.67, 98.67, 97.44, 95.7, 93.92, 93.23]
2026-05-16 03:26:03,610 [trainer.py] => Average Accuracy (CNN): 79.62
2026-05-16 03:26:03,612 [trainer.py] => All params: 172123992
2026-05-16 03:26:03,613 [trainer.py] => Trainable params: 276780
2026-05-16 03:26:03,613 [l2p.py] => Learning on 180-210
2026-05-16 04:48:19,028 [l2p.py] => Task 6, Epoch 20/20 => Loss -0.073, Train_accy 95.20, Test_accy 68.25
2026-05-16 04:49:32,118 [trainer.py] => No NME accuracy.
2026-05-16 04:49:32,160 [trainer.py] => CNN: {'total': 68.25, '00-29': 61.83, '30-59': 69.78, '60-89': 71.12, '90-119': 71.19, '120-149': 73.46, '150-179': 61.71, '180-209': 68.68, 'old': 68.18, 'new': 68.68}
2026-05-16 04:49:32,160 [trainer.py] => CNN top1 curve: [93.33, 83.24, 79.81, 76.49, 74.62, 70.21, 68.25]
2026-05-16 04:49:32,160 [trainer.py] => CNN top5 curve: [99.67, 98.67, 97.44, 95.7, 93.92, 93.23, 92.5]
2026-05-16 04:49:32,160 [trainer.py] => Average Accuracy (CNN): 77.99
2026-05-16 04:49:32,162 [trainer.py] => All params: 172123992
2026-05-16 04:49:32,163 [trainer.py] => Trainable params: 276780
2026-05-16 04:49:32,163 [l2p.py] => Learning on 210-240
2026-05-16 06:15:07,364 [l2p.py] => Task 7, Epoch 20/20 => Loss -0.029, Train_accy 93.64, Test_accy 66.06
2026-05-16 06:16:32,674 [trainer.py] => No NME accuracy.
2026-05-16 06:16:32,705 [trainer.py] => CNN: {'total': 66.06, '00-29': 59.67, '30-59': 63.27, '60-89': 70.45, '90-119': 67.17, '120-149': 72.45, '150-179': 60.37, '180-209': 66.33, '210-239': 68.78, 'old': 65.67, 'new': 68.78}
2026-05-16 06:16:32,706 [trainer.py] => CNN top1 curve: [93.33, 83.24, 79.81, 76.49, 74.62, 70.21, 68.25, 66.06]
2026-05-16 06:16:32,706 [trainer.py] => CNN top5 curve: [99.67, 98.67, 97.44, 95.7, 93.92, 93.23, 92.5, 90.98]
2026-05-16 06:16:32,706 [trainer.py] => Average Accuracy (CNN): 76.5
2026-05-16 06:16:32,710 [trainer.py] => All params: 172123992
2026-05-16 06:16:32,713 [trainer.py] => Trainable params: 276780
2026-05-16 06:16:32,713 [l2p.py] => Learning on 240-270
2026-05-16 07:41:57,990 [l2p.py] => Task 8, Epoch 20/20 => Loss -0.116, Train_accy 96.66, Test_accy 64.53
2026-05-16 07:43:31,628 [trainer.py] => No NME accuracy.
2026-05-16 07:43:31,672 [trainer.py] => CNN: {'total': 64.53, '00-29': 56.0, '30-59': 64.27, '60-89': 67.61, '90-119': 61.47, '120-149': 66.94, '150-179': 55.85, '180-209': 61.47, '210-239': 67.61, '240-269': 79.47, 'old': 62.66, 'new': 79.47}
2026-05-16 07:43:31,672 [trainer.py] => CNN top1 curve: [93.33, 83.24, 79.81, 76.49, 74.62, 70.21, 68.25, 66.06, 64.53]
2026-05-16 07:43:31,672 [trainer.py] => CNN top5 curve: [99.67, 98.67, 97.44, 95.7, 93.92, 93.23, 92.5, 90.98, 89.9]
2026-05-16 07:43:31,672 [trainer.py] => Average Accuracy (CNN): 75.17
2026-05-16 07:43:31,673 [trainer.py] => All params: 172123992
2026-05-16 07:43:31,674 [trainer.py] => Trainable params: 276780
2026-05-16 07:43:31,675 [l2p.py] => Learning on 270-300
2026-05-16 09:06:16,971 [l2p.py] => Task 9, Epoch 20/20 => Loss -0.111, Train_accy 96.70, Test_accy 64.44
2026-05-16 09:08:01,732 [trainer.py] => No NME accuracy.
2026-05-16 09:08:01,748 [trainer.py] => CNN: {'total': 64.44, '00-29': 54.17, '30-59': 59.77, '60-89': 66.28, '90-119': 59.8, '120-149': 68.61, '150-179': 55.18, '180-209': 60.13, '210-239': 67.45, '240-269': 76.46, '270-299': 76.59, 'old': 63.1, 'new': 76.59}
2026-05-16 09:08:01,748 [trainer.py] => CNN top1 curve: [93.33, 83.24, 79.81, 76.49, 74.62, 70.21, 68.25, 66.06, 64.53, 64.44]
2026-05-16 09:08:01,748 [trainer.py] => CNN top5 curve: [99.67, 98.67, 97.44, 95.7, 93.92, 93.23, 92.5, 90.98, 89.9, 89.59]
2026-05-16 09:08:01,749 [trainer.py] => Average Accuracy (CNN): 74.1
2026-05-16 09:08:01,749 [trainer.py] => ================================================================================
2026-05-16 09:08:01,749 [trainer.py] => Finished omnibenchmark_init30_inc30: vit_base_patch16_224_in21k_l2p  seed=1993 
2026-05-16 09:08:01,749 [trainer.py] => Last Accuracy: 64.44
2026-05-16 09:08:01,749 [trainer.py] => Average Accuracy (CNN): 74.1
2026-05-16 09:08:01,750 [trainer.py] => PD: 28.89
2026-05-16 09:08:01,750 [trainer.py] => Accuracy Matrix (CNN):
2026-05-16 09:08:01,752 [trainer.py] => [[93.33 74.   72.5  69.83 65.33 64.5  61.83 59.67 56.   54.17]
 [ 0.   92.49 86.64 81.3  79.3  71.79 69.78 63.27 64.27 59.77]
 [ 0.    0.   80.3  77.46 76.29 72.95 71.12 70.45 67.61 66.28]
 [ 0.    0.    0.   77.39 72.86 71.52 71.19 67.17 61.47 59.8 ]
 [ 0.    0.    0.    0.   79.3  74.12 73.46 72.45 66.94 68.61]
 [ 0.    0.    0.    0.    0.   66.39 61.71 60.37 55.85 55.18]
 [ 0.    0.    0.    0.    0.    0.   68.68 66.33 61.47 60.13]
 [ 0.    0.    0.    0.    0.    0.    0.   68.78 67.61 67.45]
 [ 0.    0.    0.    0.    0.    0.    0.    0.   79.47 76.46]
 [ 0.    0.    0.    0.    0.    0.    0.    0.    0.   76.59]]
2026-05-16 09:08:01,753 [trainer.py] => Forgetting (CNN): 15.364444444444441
2026-05-16 09:08:01,753 [trainer.py] => ================================================================================
