2026-05-17 03:19:21,695 [trainer.py] => config: ./configs/l2p/l2p_vtab_B0_Inc10.json
2026-05-17 03:19:21,721 [trainer.py] => prefix:  
2026-05-17 03:19:21,721 [trainer.py] => dataset: vtab
2026-05-17 03:19:21,721 [trainer.py] => memory_size: 0
2026-05-17 03:19:21,721 [trainer.py] => memory_per_class: 0
2026-05-17 03:19:21,721 [trainer.py] => fixed_memory: False
2026-05-17 03:19:21,722 [trainer.py] => shuffle: True
2026-05-17 03:19:21,722 [trainer.py] => init_cls: 10
2026-05-17 03:19:21,722 [trainer.py] => increment: 10
2026-05-17 03:19:21,722 [trainer.py] => model_name: l2p
2026-05-17 03:19:21,722 [trainer.py] => backbone_type: vit_base_patch16_224_in21k_l2p
2026-05-17 03:19:21,722 [trainer.py] => get_original_backbone: True
2026-05-17 03:19:21,723 [trainer.py] => device: [device(type='cuda', index=2)]
2026-05-17 03:19:21,723 [trainer.py] => seed: 42
2026-05-17 03:19:21,723 [trainer.py] => tuned_epoch: 20
2026-05-17 03:19:21,723 [trainer.py] => init_lr: 0.001875
2026-05-17 03:19:21,723 [trainer.py] => batch_size: 48
2026-05-17 03:19:21,723 [trainer.py] => weight_decay: 0
2026-05-17 03:19:21,723 [trainer.py] => min_lr: 1e-05
2026-05-17 03:19:21,724 [trainer.py] => optimizer: adam
2026-05-17 03:19:21,724 [trainer.py] => scheduler: constant
2026-05-17 03:19:21,724 [trainer.py] => reinit_optimizer: True
2026-05-17 03:19:21,724 [trainer.py] => global_pool: token
2026-05-17 03:19:21,724 [trainer.py] => head_type: prompt
2026-05-17 03:19:21,724 [trainer.py] => freeze: ['blocks', 'patch_embed', 'cls_token', 'norm', 'pos_embed']
2026-05-17 03:19:21,724 [trainer.py] => pretrained: True
2026-05-17 03:19:21,725 [trainer.py] => drop: 0.0
2026-05-17 03:19:21,725 [trainer.py] => drop_path: 0.0
2026-05-17 03:19:21,725 [trainer.py] => prompt_pool: True
2026-05-17 03:19:21,725 [trainer.py] => size: 10
2026-05-17 03:19:21,725 [trainer.py] => length: 5
2026-05-17 03:19:21,725 [trainer.py] => top_k: 5
2026-05-17 03:19:21,725 [trainer.py] => initializer: uniform
2026-05-17 03:19:21,725 [trainer.py] => prompt_key: True
2026-05-17 03:19:21,726 [trainer.py] => prompt_key_init: uniform
2026-05-17 03:19:21,726 [trainer.py] => use_prompt_mask: False
2026-05-17 03:19:21,726 [trainer.py] => shared_prompt_pool: False
2026-05-17 03:19:21,726 [trainer.py] => shared_prompt_key: False
2026-05-17 03:19:21,726 [trainer.py] => batchwise_prompt: True
2026-05-17 03:19:21,726 [trainer.py] => embedding_key: cls
2026-05-17 03:19:21,726 [trainer.py] => predefined_key: 
2026-05-17 03:19:21,727 [trainer.py] => pull_constraint: True
2026-05-17 03:19:21,727 [trainer.py] => pull_constraint_coeff: 0.1
2026-05-17 03:19:22,041 [data_manager.py] => [13, 39, 30, 45, 17, 48, 26, 25, 32, 19, 12, 4, 37, 8, 3, 6, 41, 46, 47, 15, 9, 16, 24, 34, 31, 0, 44, 27, 33, 5, 29, 11, 36, 1, 21, 2, 43, 35, 23, 40, 10, 22, 18, 49, 20, 7, 42, 14, 28, 38]
2026-05-17 03:20:15,849 [vit_l2p.py] => Resized position embedding: torch.Size([1, 197, 768]) to torch.Size([1, 222, 768])
2026-05-17 03:20:15,904 [vit_l2p.py] => Position embedding grid-size from [14, 14] to (14, 14)
2026-05-17 03:20:20,918 [l2p.py] => 85,902,386 model total parameters.
2026-05-17 03:20:20,919 [l2p.py] => 84,530 model training parameters.
2026-05-17 03:20:20,919 [l2p.py] => prompt.prompt: 38400
2026-05-17 03:20:20,919 [l2p.py] => prompt.prompt_key: 7680
2026-05-17 03:20:20,920 [l2p.py] => head.weight: 38400
2026-05-17 03:20:20,920 [l2p.py] => head.bias: 50
2026-05-17 03:20:20,920 [trainer.py] => All params: 171739492
2026-05-17 03:20:20,921 [trainer.py] => Trainable params: 84530
2026-05-17 03:20:20,921 [l2p.py] => Learning on 0-10
2026-05-17 03:27:39,355 [l2p.py] => Task 0, Epoch 20/20 => Loss -0.006, Train_accy 97.05, Test_accy 97.03
2026-05-17 03:28:09,154 [trainer.py] => No NME accuracy.
2026-05-17 03:28:09,170 [trainer.py] => CNN: {'total': 97.03, '00-09': 97.03, 'old': 0, 'new': 97.03}
2026-05-17 03:28:09,170 [trainer.py] => CNN top1 curve: [97.03]
2026-05-17 03:28:09,170 [trainer.py] => CNN top5 curve: [100.0]
2026-05-17 03:28:09,171 [trainer.py] => Average Accuracy (CNN): 97.03
2026-05-17 03:28:09,174 [trainer.py] => All params: 171739492
2026-05-17 03:28:09,178 [trainer.py] => Trainable params: 84530
2026-05-17 03:28:09,178 [l2p.py] => Learning on 10-20
2026-05-17 03:34:54,559 [l2p.py] => Task 1, Epoch 20/20 => Loss -0.037, Train_accy 96.73, Test_accy 91.18
2026-05-17 03:35:56,401 [trainer.py] => No NME accuracy.
2026-05-17 03:35:56,464 [trainer.py] => CNN: {'total': 91.18, '00-09': 92.33, '10-19': 89.18, 'old': 92.33, 'new': 89.18}
2026-05-17 03:35:56,464 [trainer.py] => CNN top1 curve: [97.03, 91.18]
2026-05-17 03:35:56,464 [trainer.py] => CNN top5 curve: [100.0, 99.44]
2026-05-17 03:35:56,464 [trainer.py] => Average Accuracy (CNN): 94.1
2026-05-17 03:35:56,465 [trainer.py] => All params: 171739492
2026-05-17 03:35:56,467 [trainer.py] => Trainable params: 84530
2026-05-17 03:35:56,467 [l2p.py] => Learning on 20-30
2026-05-17 03:45:41,914 [l2p.py] => Task 2, Epoch 20/20 => Loss -0.138, Train_accy 98.74, Test_accy 73.46
2026-05-17 03:47:21,648 [trainer.py] => No NME accuracy.
2026-05-17 03:47:21,692 [trainer.py] => CNN: {'total': 73.46, '00-09': 57.31, '10-19': 73.49, '20-29': 90.32, 'old': 63.21, 'new': 90.32}
2026-05-17 03:47:21,693 [trainer.py] => CNN top1 curve: [97.03, 91.18, 73.46]
2026-05-17 03:47:21,693 [trainer.py] => CNN top5 curve: [100.0, 99.44, 97.5]
2026-05-17 03:47:21,693 [trainer.py] => Average Accuracy (CNN): 87.22
2026-05-17 03:47:21,697 [trainer.py] => All params: 171739492
2026-05-17 03:47:21,700 [trainer.py] => Trainable params: 84530
2026-05-17 03:47:21,701 [l2p.py] => Learning on 30-40
2026-05-17 03:58:40,473 [l2p.py] => Task 3, Epoch 20/20 => Loss -0.090, Train_accy 95.48, Test_accy 70.02
2026-05-17 04:00:45,383 [trainer.py] => No NME accuracy.
2026-05-17 04:00:45,418 [trainer.py] => CNN: {'total': 70.02, '00-09': 57.4, '10-19': 75.27, '20-29': 87.45, '30-39': 60.76, 'old': 72.81, 'new': 60.76}
2026-05-17 04:00:45,418 [trainer.py] => CNN top1 curve: [97.03, 91.18, 73.46, 70.02]
2026-05-17 04:00:45,418 [trainer.py] => CNN top5 curve: [100.0, 99.44, 97.5, 97.51]
2026-05-17 04:00:45,419 [trainer.py] => Average Accuracy (CNN): 82.92
2026-05-17 04:00:45,421 [trainer.py] => All params: 171739492
2026-05-17 04:00:45,423 [trainer.py] => Trainable params: 84530
2026-05-17 04:00:45,423 [l2p.py] => Learning on 40-50
2026-05-17 04:13:18,056 [l2p.py] => Task 4, Epoch 20/20 => Loss -0.156, Train_accy 99.23, Test_accy 64.11
2026-05-17 04:15:49,359 [trainer.py] => No NME accuracy.
2026-05-17 04:15:49,403 [trainer.py] => CNN: {'total': 64.11, '00-09': 55.67, '10-19': 73.03, '20-29': 79.76, '30-39': 54.59, '40-49': 55.8, 'old': 65.45, 'new': 55.8}
2026-05-17 04:15:49,403 [trainer.py] => CNN top1 curve: [97.03, 91.18, 73.46, 70.02, 64.11]
2026-05-17 04:15:49,403 [trainer.py] => CNN top5 curve: [100.0, 99.44, 97.5, 97.51, 96.74]
2026-05-17 04:15:49,404 [trainer.py] => Average Accuracy (CNN): 79.16
