2026-06-03 01:51:22,756 [trainer.py] => config: ./configs/dualprompt/dualprompt_cub_B0_Inc10.json
2026-06-03 01:51:22,756 [trainer.py] => prefix:  
2026-06-03 01:51:22,756 [trainer.py] => dataset: cub
2026-06-03 01:51:22,756 [trainer.py] => memory_size: 0
2026-06-03 01:51:22,757 [trainer.py] => memory_per_class: 0
2026-06-03 01:51:22,757 [trainer.py] => fixed_memory: True
2026-06-03 01:51:22,757 [trainer.py] => shuffle: True
2026-06-03 01:51:22,757 [trainer.py] => init_cls: 10
2026-06-03 01:51:22,757 [trainer.py] => increment: 10
2026-06-03 01:51:22,757 [trainer.py] => model_name: dualprompt
2026-06-03 01:51:22,758 [trainer.py] => backbone_type: vit_base_patch16_224_in21k_dualprompt
2026-06-03 01:51:22,758 [trainer.py] => get_original_backbone: True
2026-06-03 01:51:22,758 [trainer.py] => device: [device(type='cuda', index=3)]
2026-06-03 01:51:22,758 [trainer.py] => seed: 42
2026-06-03 01:51:22,758 [trainer.py] => tuned_epoch: 20
2026-06-03 01:51:22,758 [trainer.py] => init_lr: 0.001
2026-06-03 01:51:22,759 [trainer.py] => batch_size: 48
2026-06-03 01:51:22,759 [trainer.py] => weight_decay: 0
2026-06-03 01:51:22,759 [trainer.py] => min_lr: 1e-05
2026-06-03 01:51:22,759 [trainer.py] => optimizer: adam
2026-06-03 01:51:22,759 [trainer.py] => scheduler: constant
2026-06-03 01:51:22,759 [trainer.py] => reinit_optimizer: True
2026-06-03 01:51:22,759 [trainer.py] => global_pool: token
2026-06-03 01:51:22,759 [trainer.py] => head_type: token
2026-06-03 01:51:22,760 [trainer.py] => freeze: ['blocks', 'patch_embed', 'cls_token', 'norm', 'pos_embed']
2026-06-03 01:51:22,760 [trainer.py] => pretrained: True
2026-06-03 01:51:22,760 [trainer.py] => drop: 0.0
2026-06-03 01:51:22,760 [trainer.py] => drop_path: 0.0
2026-06-03 01:51:22,760 [trainer.py] => use_g_prompt: True
2026-06-03 01:51:22,760 [trainer.py] => g_prompt_length: 5
2026-06-03 01:51:22,760 [trainer.py] => g_prompt_layer_idx: [0, 1]
2026-06-03 01:51:22,761 [trainer.py] => use_prefix_tune_for_g_prompt: True
2026-06-03 01:51:22,761 [trainer.py] => use_e_prompt: True
2026-06-03 01:51:22,761 [trainer.py] => e_prompt_layer_idx: [2, 3, 4]
2026-06-03 01:51:22,761 [trainer.py] => use_prefix_tune_for_e_prompt: True
2026-06-03 01:51:22,761 [trainer.py] => prompt_pool: True
2026-06-03 01:51:22,761 [trainer.py] => size: 10
2026-06-03 01:51:22,761 [trainer.py] => length: 5
2026-06-03 01:51:22,762 [trainer.py] => top_k: 1
2026-06-03 01:51:22,762 [trainer.py] => initializer: uniform
2026-06-03 01:51:22,762 [trainer.py] => prompt_key: True
2026-06-03 01:51:22,762 [trainer.py] => prompt_key_init: uniform
2026-06-03 01:51:22,762 [trainer.py] => use_prompt_mask: True
2026-06-03 01:51:22,762 [trainer.py] => shared_prompt_pool: True
2026-06-03 01:51:22,762 [trainer.py] => shared_prompt_key: False
2026-06-03 01:51:22,763 [trainer.py] => batchwise_prompt: True
2026-06-03 01:51:22,763 [trainer.py] => embedding_key: cls
2026-06-03 01:51:22,763 [trainer.py] => predefined_key: 
2026-06-03 01:51:22,763 [trainer.py] => pull_constraint: True
2026-06-03 01:51:22,763 [trainer.py] => pull_constraint_coeff: 0.1
2026-06-03 01:51:22,763 [trainer.py] => same_key_value: False
2026-06-03 01:51:23,545 [data_manager.py] => [95, 15, 30, 158, 128, 115, 69, 170, 174, 45, 66, 182, 165, 78, 186, 177, 56, 152, 82, 68, 124, 16, 148, 93, 65, 60, 84, 67, 125, 132, 9, 18, 55, 75, 150, 104, 135, 137, 164, 76, 79, 197, 38, 24, 122, 195, 29, 19, 143, 86, 114, 173, 5, 126, 117, 73, 140, 98, 172, 96, 169, 97, 31, 12, 35, 119, 42, 189, 90, 136, 51, 127, 162, 41, 118, 113, 26, 139, 100, 111, 2, 77, 46, 187, 191, 85, 161, 36, 190, 61, 22, 141, 101, 33, 11, 194, 159, 6, 27, 120, 4, 32, 142, 145, 109, 144, 10, 62, 112, 146, 166, 0, 198, 153, 70, 123, 64, 44, 163, 28, 40, 108, 155, 156, 25, 23, 184, 147, 81, 39, 168, 47, 94, 154, 43, 138, 3, 105, 53, 133, 180, 178, 185, 49, 80, 34, 7, 110, 91, 83, 176, 181, 89, 8, 13, 59, 171, 131, 17, 72, 175, 134, 167, 183, 63, 54, 107, 50, 196, 58, 48, 88, 21, 57, 160, 192, 129, 37, 157, 193, 1, 52, 149, 130, 151, 103, 99, 116, 87, 74, 121, 199, 20, 188, 71, 106, 14, 92, 179, 102]
2026-06-03 01:51:44,908 [dualprompt.py] => 86,205,896 model total parameters.
2026-06-03 01:51:44,923 [dualprompt.py] => 407,240 model training parameters.
2026-06-03 01:51:44,923 [dualprompt.py] => g_prompt: 15360
2026-06-03 01:51:44,924 [dualprompt.py] => e_prompt.prompt: 230400
2026-06-03 01:51:44,924 [dualprompt.py] => e_prompt.prompt_key: 7680
2026-06-03 01:51:44,924 [dualprompt.py] => head.weight: 153600
2026-06-03 01:51:44,924 [dualprompt.py] => head.bias: 200
2026-06-03 01:51:44,925 [trainer.py] => All params: 172158352
2026-06-03 01:51:44,926 [trainer.py] => Trainable params: 407240
2026-06-03 01:51:44,926 [dualprompt.py] => Learning on 0-10
2026-06-03 01:59:56,876 [dualprompt.py] => Task 0, Epoch 20/20 => Loss 0.093, Train_accy 96.62, Test_accy 96.80
2026-06-03 02:00:01,199 [trainer.py] => No NME accuracy.
2026-06-03 02:00:01,200 [trainer.py] => CNN: {'total': 96.8, '00-09': 96.8, 'old': 0, 'new': 96.8}
2026-06-03 02:00:01,200 [trainer.py] => CNN top1 curve: [96.8]
2026-06-03 02:00:01,200 [trainer.py] => CNN top5 curve: [99.2]
2026-06-03 02:00:01,201 [trainer.py] => Average Accuracy (CNN): 96.8
2026-06-03 02:00:01,204 [trainer.py] => All params: 172158352
2026-06-03 02:00:01,207 [trainer.py] => Trainable params: 407240
2026-06-03 02:00:01,207 [dualprompt.py] => Learning on 10-20
2026-06-03 02:08:40,087 [dualprompt.py] => Task 1, Epoch 20/20 => Loss 0.109, Train_accy 97.05, Test_accy 94.87
2026-06-03 02:08:47,588 [trainer.py] => No NME accuracy.
2026-06-03 02:08:47,589 [trainer.py] => CNN: {'total': 94.87, '00-09': 93.6, '10-19': 96.33, 'old': 93.6, 'new': 96.33}
2026-06-03 02:08:47,589 [trainer.py] => CNN top1 curve: [96.8, 94.87]
2026-06-03 02:08:47,590 [trainer.py] => CNN top5 curve: [99.2, 99.15]
2026-06-03 02:08:47,590 [trainer.py] => Average Accuracy (CNN): 95.84
2026-06-03 02:08:47,591 [trainer.py] => All params: 172158352
2026-06-03 02:08:47,592 [trainer.py] => Trainable params: 407240
2026-06-03 02:08:47,592 [dualprompt.py] => Learning on 20-30
2026-06-03 02:17:15,597 [dualprompt.py] => Task 2, Epoch 20/20 => Loss 0.065, Train_accy 97.41, Test_accy 90.14
2026-06-03 02:17:27,980 [trainer.py] => No NME accuracy.
2026-06-03 02:17:27,980 [trainer.py] => CNN: {'total': 90.14, '00-09': 88.8, '10-19': 84.4, '20-29': 96.18, 'old': 86.75, 'new': 96.18}
2026-06-03 02:17:27,980 [trainer.py] => CNN top1 curve: [96.8, 94.87, 90.14]
2026-06-03 02:17:27,980 [trainer.py] => CNN top5 curve: [99.2, 99.15, 99.18]
2026-06-03 02:17:27,980 [trainer.py] => Average Accuracy (CNN): 93.94
2026-06-03 02:17:27,981 [trainer.py] => All params: 172158352
2026-06-03 02:17:27,983 [trainer.py] => Trainable params: 407240
2026-06-03 02:17:27,983 [dualprompt.py] => Learning on 30-40
2026-06-03 02:26:30,777 [dualprompt.py] => Task 3, Epoch 20/20 => Loss 0.088, Train_accy 96.80, Test_accy 92.00
2026-06-03 02:26:46,365 [trainer.py] => No NME accuracy.
2026-06-03 02:26:46,384 [trainer.py] => CNN: {'total': 92.0, '00-09': 88.0, '10-19': 83.49, '20-29': 96.18, '30-39': 100.0, 'old': 89.59, 'new': 100.0}
2026-06-03 02:26:46,384 [trainer.py] => CNN top1 curve: [96.8, 94.87, 90.14, 92.0]
2026-06-03 02:26:46,384 [trainer.py] => CNN top5 curve: [99.2, 99.15, 99.18, 99.16]
2026-06-03 02:26:46,384 [trainer.py] => Average Accuracy (CNN): 93.45
2026-06-03 02:26:46,385 [trainer.py] => All params: 172158352
2026-06-03 02:26:46,386 [trainer.py] => Trainable params: 407240
2026-06-03 02:26:46,386 [dualprompt.py] => Learning on 40-50
2026-06-03 02:36:10,796 [dualprompt.py] => Task 4, Epoch 20/20 => Loss 0.107, Train_accy 96.53, Test_accy 91.75
2026-06-03 02:36:30,227 [trainer.py] => No NME accuracy.
2026-06-03 02:36:30,228 [trainer.py] => CNN: {'total': 91.75, '00-09': 88.0, '10-19': 81.65, '20-29': 94.66, '30-39': 100.0, '40-49': 94.39, 'old': 91.16, 'new': 94.39}
2026-06-03 02:36:30,228 [trainer.py] => CNN top1 curve: [96.8, 94.87, 90.14, 92.0, 91.75]
2026-06-03 02:36:30,228 [trainer.py] => CNN top5 curve: [99.2, 99.15, 99.18, 99.16, 99.31]
2026-06-03 02:36:30,228 [trainer.py] => Average Accuracy (CNN): 93.11
2026-06-03 02:36:30,232 [trainer.py] => All params: 172158352
2026-06-03 02:36:30,234 [trainer.py] => Trainable params: 407240
2026-06-03 02:36:30,235 [dualprompt.py] => Learning on 50-60
2026-06-03 02:45:56,125 [dualprompt.py] => Task 5, Epoch 20/20 => Loss 0.138, Train_accy 96.34, Test_accy 88.47
2026-06-03 02:46:17,226 [trainer.py] => No NME accuracy.
2026-06-03 02:46:17,227 [trainer.py] => CNN: {'total': 88.47, '00-09': 84.8, '10-19': 82.57, '20-29': 94.66, '30-39': 100.0, '40-49': 95.33, '50-59': 73.21, 'old': 91.41, 'new': 73.21}
2026-06-03 02:46:17,227 [trainer.py] => CNN top1 curve: [96.8, 94.87, 90.14, 92.0, 91.75, 88.47]
2026-06-03 02:46:17,227 [trainer.py] => CNN top5 curve: [99.2, 99.15, 99.18, 99.16, 99.31, 98.7]
2026-06-03 02:46:17,227 [trainer.py] => Average Accuracy (CNN): 92.34
2026-06-03 02:46:17,228 [trainer.py] => All params: 172158352
2026-06-03 02:46:17,229 [trainer.py] => Trainable params: 407240
2026-06-03 02:46:17,229 [dualprompt.py] => Learning on 60-70
2026-06-03 02:55:49,755 [dualprompt.py] => Task 6, Epoch 20/20 => Loss 0.055, Train_accy 98.51, Test_accy 87.24
2026-06-03 02:56:15,859 [trainer.py] => No NME accuracy.
2026-06-03 02:56:15,859 [trainer.py] => CNN: {'total': 87.24, '00-09': 84.8, '10-19': 80.73, '20-29': 93.13, '30-39': 97.27, '40-49': 93.46, '50-59': 73.21, '60-69': 87.6, 'old': 87.18, 'new': 87.6}
2026-06-03 02:56:15,859 [trainer.py] => CNN top1 curve: [96.8, 94.87, 90.14, 92.0, 91.75, 88.47, 87.24]
2026-06-03 02:56:15,859 [trainer.py] => CNN top5 curve: [99.2, 99.15, 99.18, 99.16, 99.31, 98.7, 98.65]
2026-06-03 02:56:15,859 [trainer.py] => Average Accuracy (CNN): 91.61
2026-06-03 02:56:15,860 [trainer.py] => All params: 172158352
2026-06-03 02:56:15,861 [trainer.py] => Trainable params: 407240
2026-06-03 02:56:15,862 [dualprompt.py] => Learning on 70-80
2026-06-03 03:06:00,547 [dualprompt.py] => Task 7, Epoch 20/20 => Loss 0.102, Train_accy 96.15, Test_accy 87.29
2026-06-03 03:06:30,926 [trainer.py] => No NME accuracy.
2026-06-03 03:06:30,926 [trainer.py] => CNN: {'total': 87.29, '00-09': 84.8, '10-19': 80.73, '20-29': 93.89, '30-39': 97.27, '40-49': 90.65, '50-59': 72.32, '60-69': 89.26, '70-79': 88.43, 'old': 87.12, 'new': 88.43}
2026-06-03 03:06:30,927 [trainer.py] => CNN top1 curve: [96.8, 94.87, 90.14, 92.0, 91.75, 88.47, 87.24, 87.29]
2026-06-03 03:06:30,927 [trainer.py] => CNN top5 curve: [99.2, 99.15, 99.18, 99.16, 99.31, 98.7, 98.65, 98.4]
2026-06-03 03:06:30,927 [trainer.py] => Average Accuracy (CNN): 91.07
2026-06-03 03:06:30,928 [trainer.py] => All params: 172158352
2026-06-03 03:06:30,929 [trainer.py] => Trainable params: 407240
2026-06-03 03:06:30,929 [dualprompt.py] => Learning on 80-90
2026-06-03 03:16:52,208 [dualprompt.py] => Task 8, Epoch 20/20 => Loss 0.054, Train_accy 98.31, Test_accy 85.85
2026-06-03 03:17:27,306 [trainer.py] => No NME accuracy.
2026-06-03 03:17:27,306 [trainer.py] => CNN: {'total': 85.85, '00-09': 85.6, '10-19': 79.82, '20-29': 90.08, '30-39': 97.27, '40-49': 89.72, '50-59': 71.43, '60-69': 85.95, '70-79': 87.6, '80-89': 84.68, 'old': 86.0, 'new': 84.68}
2026-06-03 03:17:27,307 [trainer.py] => CNN top1 curve: [96.8, 94.87, 90.14, 92.0, 91.75, 88.47, 87.24, 87.29, 85.85]
2026-06-03 03:17:27,307 [trainer.py] => CNN top5 curve: [99.2, 99.15, 99.18, 99.16, 99.31, 98.7, 98.65, 98.4, 98.3]
2026-06-03 03:17:27,307 [trainer.py] => Average Accuracy (CNN): 90.49
2026-06-03 03:17:27,308 [trainer.py] => All params: 172158352
2026-06-03 03:17:27,309 [trainer.py] => Trainable params: 407240
2026-06-03 03:17:27,309 [dualprompt.py] => Learning on 90-100
2026-06-03 03:28:00,326 [dualprompt.py] => Task 9, Epoch 20/20 => Loss 0.065, Train_accy 97.67, Test_accy 85.24
2026-06-03 03:28:37,978 [trainer.py] => No NME accuracy.
2026-06-03 03:28:37,979 [trainer.py] => CNN: {'total': 85.24, '00-09': 84.0, '10-19': 77.98, '20-29': 89.31, '30-39': 97.27, '40-49': 82.24, '50-59': 70.54, '60-69': 85.95, '70-79': 87.6, '80-89': 84.68, '90-99': 91.96, 'old': 84.53, 'new': 91.96}
2026-06-03 03:28:37,979 [trainer.py] => CNN top1 curve: [96.8, 94.87, 90.14, 92.0, 91.75, 88.47, 87.24, 87.29, 85.85, 85.24]
2026-06-03 03:28:37,979 [trainer.py] => CNN top5 curve: [99.2, 99.15, 99.18, 99.16, 99.31, 98.7, 98.65, 98.4, 98.3, 98.38]
2026-06-03 03:28:37,980 [trainer.py] => Average Accuracy (CNN): 89.96
2026-06-03 03:28:37,983 [trainer.py] => All params: 172158352
2026-06-03 03:28:37,986 [trainer.py] => Trainable params: 407240
2026-06-03 03:28:37,987 [dualprompt.py] => Learning on 100-110
2026-06-03 03:39:13,639 [dualprompt.py] => Task 10, Epoch 20/20 => Loss 0.122, Train_accy 94.21, Test_accy 80.61
2026-06-03 03:39:55,310 [trainer.py] => No NME accuracy.
2026-06-03 03:39:55,310 [trainer.py] => CNN: {'total': 80.61, '00-09': 82.4, '10-19': 77.98, '20-29': 89.31, '30-39': 96.36, '40-49': 78.5, '50-59': 70.54, '60-69': 85.95, '70-79': 84.3, '80-89': 83.87, '90-99': 86.61, '100-109': 46.73, 'old': 83.7, 'new': 46.73}
2026-06-03 03:39:55,310 [trainer.py] => CNN top1 curve: [96.8, 94.87, 90.14, 92.0, 91.75, 88.47, 87.24, 87.29, 85.85, 85.24, 80.61]
2026-06-03 03:39:55,310 [trainer.py] => CNN top5 curve: [99.2, 99.15, 99.18, 99.16, 99.31, 98.7, 98.65, 98.4, 98.3, 98.38, 96.95]
2026-06-03 03:39:55,311 [trainer.py] => Average Accuracy (CNN): 89.11
2026-06-03 03:39:55,312 [trainer.py] => All params: 172158352
2026-06-03 03:39:55,313 [trainer.py] => Trainable params: 407240
2026-06-03 03:39:55,313 [dualprompt.py] => Learning on 110-120
2026-06-03 03:50:45,986 [dualprompt.py] => Task 11, Epoch 20/20 => Loss 0.019, Train_accy 98.28, Test_accy 78.63
2026-06-03 03:51:30,686 [trainer.py] => No NME accuracy.
2026-06-03 03:51:30,686 [trainer.py] => CNN: {'total': 78.63, '00-09': 83.2, '10-19': 77.06, '20-29': 89.31, '30-39': 96.36, '40-49': 79.44, '50-59': 70.54, '60-69': 83.47, '70-79': 85.12, '80-89': 83.87, '90-99': 88.39, '100-109': 46.73, '110-119': 57.6, 'old': 80.69, 'new': 57.6}
2026-06-03 03:51:30,686 [trainer.py] => CNN top1 curve: [96.8, 94.87, 90.14, 92.0, 91.75, 88.47, 87.24, 87.29, 85.85, 85.24, 80.61, 78.63]
2026-06-03 03:51:30,687 [trainer.py] => CNN top5 curve: [99.2, 99.15, 99.18, 99.16, 99.31, 98.7, 98.65, 98.4, 98.3, 98.38, 96.95, 96.87]
2026-06-03 03:51:30,687 [trainer.py] => Average Accuracy (CNN): 88.24
2026-06-03 03:51:30,688 [trainer.py] => All params: 172158352
2026-06-03 03:51:30,689 [trainer.py] => Trainable params: 407240
2026-06-03 03:51:30,689 [dualprompt.py] => Learning on 120-130
2026-06-03 04:03:00,924 [dualprompt.py] => Task 12, Epoch 20/20 => Loss 0.053, Train_accy 97.27, Test_accy 77.75
2026-06-03 04:03:49,606 [trainer.py] => No NME accuracy.
2026-06-03 04:03:49,607 [trainer.py] => CNN: {'total': 77.75, '00-09': 84.0, '10-19': 77.06, '20-29': 90.08, '30-39': 96.36, '40-49': 74.77, '50-59': 71.43, '60-69': 83.47, '70-79': 83.47, '80-89': 83.87, '90-99': 88.39, '100-109': 46.73, '110-119': 58.4, '120-129': 69.57, 'old': 78.42, 'new': 69.57}
2026-06-03 04:03:49,607 [trainer.py] => CNN top1 curve: [96.8, 94.87, 90.14, 92.0, 91.75, 88.47, 87.24, 87.29, 85.85, 85.24, 80.61, 78.63, 77.75]
2026-06-03 04:03:49,607 [trainer.py] => CNN top5 curve: [99.2, 99.15, 99.18, 99.16, 99.31, 98.7, 98.65, 98.4, 98.3, 98.38, 96.95, 96.87, 96.84]
2026-06-03 04:03:49,607 [trainer.py] => Average Accuracy (CNN): 87.43
2026-06-03 04:03:49,608 [trainer.py] => All params: 172158352
2026-06-03 04:03:49,609 [trainer.py] => Trainable params: 407240
2026-06-03 04:03:49,609 [dualprompt.py] => Learning on 130-140
2026-06-03 04:15:18,598 [dualprompt.py] => Task 13, Epoch 20/20 => Loss 0.022, Train_accy 97.28, Test_accy 77.26
2026-06-03 04:16:10,923 [trainer.py] => No NME accuracy.
2026-06-03 04:16:10,923 [trainer.py] => CNN: {'total': 77.26, '00-09': 81.6, '10-19': 73.39, '20-29': 89.31, '30-39': 96.36, '40-49': 75.7, '50-59': 69.64, '60-69': 81.82, '70-79': 83.47, '80-89': 83.87, '90-99': 88.39, '100-109': 46.73, '110-119': 55.2, '120-129': 69.57, '130-139': 83.47, 'old': 76.76, 'new': 83.47}
2026-06-03 04:16:10,924 [trainer.py] => CNN top1 curve: [96.8, 94.87, 90.14, 92.0, 91.75, 88.47, 87.24, 87.29, 85.85, 85.24, 80.61, 78.63, 77.75, 77.26]
2026-06-03 04:16:10,924 [trainer.py] => CNN top5 curve: [99.2, 99.15, 99.18, 99.16, 99.31, 98.7, 98.65, 98.4, 98.3, 98.38, 96.95, 96.87, 96.84, 97.01]
2026-06-03 04:16:10,924 [trainer.py] => Average Accuracy (CNN): 86.71
2026-06-03 04:16:10,928 [trainer.py] => All params: 172158352
2026-06-03 04:16:10,931 [trainer.py] => Trainable params: 407240
2026-06-03 04:16:10,932 [dualprompt.py] => Learning on 140-150
2026-06-03 04:27:56,632 [dualprompt.py] => Task 14, Epoch 20/20 => Loss 0.010, Train_accy 98.74, Test_accy 77.21
2026-06-03 04:28:53,735 [trainer.py] => No NME accuracy.
2026-06-03 04:28:53,757 [trainer.py] => CNN: {'total': 77.21, '00-09': 82.4, '10-19': 71.56, '20-29': 89.31, '30-39': 96.36, '40-49': 76.64, '50-59': 67.86, '60-69': 80.99, '70-79': 80.17, '80-89': 84.68, '90-99': 88.39, '100-109': 46.73, '110-119': 56.0, '120-129': 68.7, '130-139': 83.47, '140-149': 82.35, 'old': 76.89, 'new': 82.35}
2026-06-03 04:28:53,757 [trainer.py] => CNN top1 curve: [96.8, 94.87, 90.14, 92.0, 91.75, 88.47, 87.24, 87.29, 85.85, 85.24, 80.61, 78.63, 77.75, 77.26, 77.21]
2026-06-03 04:28:53,757 [trainer.py] => CNN top5 curve: [99.2, 99.15, 99.18, 99.16, 99.31, 98.7, 98.65, 98.4, 98.3, 98.38, 96.95, 96.87, 96.84, 97.01, 96.79]
2026-06-03 04:28:53,758 [trainer.py] => Average Accuracy (CNN): 86.07
2026-06-03 04:28:53,761 [trainer.py] => All params: 172158352
2026-06-03 04:28:53,765 [trainer.py] => Trainable params: 407240
2026-06-03 04:28:53,765 [dualprompt.py] => Learning on 150-160
2026-06-03 04:40:47,695 [dualprompt.py] => Task 15, Epoch 20/20 => Loss 0.043, Train_accy 97.05, Test_accy 76.54
2026-06-03 04:41:48,261 [trainer.py] => No NME accuracy.
2026-06-03 04:41:48,293 [trainer.py] => CNN: {'total': 76.54, '00-09': 83.2, '10-19': 72.48, '20-29': 89.31, '30-39': 96.36, '40-49': 76.64, '50-59': 66.07, '60-69': 80.17, '70-79': 79.34, '80-89': 85.48, '90-99': 88.39, '100-109': 44.86, '110-119': 56.0, '120-129': 66.09, '130-139': 82.64, '140-149': 83.33, '150-159': 71.3, 'old': 76.87, 'new': 71.3}
2026-06-03 04:41:48,293 [trainer.py] => CNN top1 curve: [96.8, 94.87, 90.14, 92.0, 91.75, 88.47, 87.24, 87.29, 85.85, 85.24, 80.61, 78.63, 77.75, 77.26, 77.21, 76.54]
2026-06-03 04:41:48,293 [trainer.py] => CNN top5 curve: [99.2, 99.15, 99.18, 99.16, 99.31, 98.7, 98.65, 98.4, 98.3, 98.38, 96.95, 96.87, 96.84, 97.01, 96.79, 96.97]
2026-06-03 04:41:48,293 [trainer.py] => Average Accuracy (CNN): 85.48
2026-06-03 04:41:48,294 [trainer.py] => All params: 172158352
2026-06-03 04:41:48,295 [trainer.py] => Trainable params: 407240
2026-06-03 04:41:48,295 [dualprompt.py] => Learning on 160-170
2026-06-03 04:54:08,500 [dualprompt.py] => Task 16, Epoch 20/20 => Loss 0.076, Train_accy 96.23, Test_accy 74.63
2026-06-03 04:55:12,540 [trainer.py] => No NME accuracy.
2026-06-03 04:55:12,572 [trainer.py] => CNN: {'total': 74.63, '00-09': 82.4, '10-19': 69.72, '20-29': 88.55, '30-39': 96.36, '40-49': 75.7, '50-59': 66.96, '60-69': 79.34, '70-79': 80.99, '80-89': 83.87, '90-99': 86.61, '100-109': 44.86, '110-119': 56.0, '120-129': 66.96, '130-139': 82.64, '140-149': 77.45, '150-159': 68.52, '160-169': 58.68, 'old': 75.68, 'new': 58.68}
2026-06-03 04:55:12,572 [trainer.py] => CNN top1 curve: [96.8, 94.87, 90.14, 92.0, 91.75, 88.47, 87.24, 87.29, 85.85, 85.24, 80.61, 78.63, 77.75, 77.26, 77.21, 76.54, 74.63]
2026-06-03 04:55:12,573 [trainer.py] => CNN top5 curve: [99.2, 99.15, 99.18, 99.16, 99.31, 98.7, 98.65, 98.4, 98.3, 98.38, 96.95, 96.87, 96.84, 97.01, 96.79, 96.97, 96.8]
2026-06-03 04:55:12,573 [trainer.py] => Average Accuracy (CNN): 84.84
2026-06-03 04:55:12,575 [trainer.py] => All params: 172158352
2026-06-03 04:55:12,578 [trainer.py] => Trainable params: 407240
2026-06-03 04:55:12,578 [dualprompt.py] => Learning on 170-180
2026-06-03 05:07:45,682 [dualprompt.py] => Task 17, Epoch 20/20 => Loss -0.003, Train_accy 98.53, Test_accy 73.61
2026-06-03 05:08:55,793 [trainer.py] => No NME accuracy.
2026-06-03 05:08:55,820 [trainer.py] => CNN: {'total': 73.61, '00-09': 83.2, '10-19': 69.72, '20-29': 89.31, '30-39': 96.36, '40-49': 74.77, '50-59': 65.18, '60-69': 79.34, '70-79': 80.99, '80-89': 83.87, '90-99': 88.39, '100-109': 46.73, '110-119': 55.2, '120-129': 66.09, '130-139': 81.82, '140-149': 76.47, '150-159': 67.59, '160-169': 59.5, '170-179': 57.26, 'old': 74.58, 'new': 57.26}
2026-06-03 05:08:55,820 [trainer.py] => CNN top1 curve: [96.8, 94.87, 90.14, 92.0, 91.75, 88.47, 87.24, 87.29, 85.85, 85.24, 80.61, 78.63, 77.75, 77.26, 77.21, 76.54, 74.63, 73.61]
2026-06-03 05:08:55,820 [trainer.py] => CNN top5 curve: [99.2, 99.15, 99.18, 99.16, 99.31, 98.7, 98.65, 98.4, 98.3, 98.38, 96.95, 96.87, 96.84, 97.01, 96.79, 96.97, 96.8, 96.6]
2026-06-03 05:08:55,821 [trainer.py] => Average Accuracy (CNN): 84.22
2026-06-03 05:08:55,824 [trainer.py] => All params: 172158352
2026-06-03 05:08:55,828 [trainer.py] => Trainable params: 407240
2026-06-03 05:08:55,828 [dualprompt.py] => Learning on 180-190
2026-06-03 05:21:22,397 [dualprompt.py] => Task 18, Epoch 20/20 => Loss 0.025, Train_accy 97.36, Test_accy 72.69
2026-06-03 05:22:24,598 [trainer.py] => No NME accuracy.
2026-06-03 05:22:24,620 [trainer.py] => CNN: {'total': 72.69, '00-09': 83.2, '10-19': 69.72, '20-29': 88.55, '30-39': 94.55, '40-49': 74.77, '50-59': 66.07, '60-69': 78.51, '70-79': 77.69, '80-89': 83.87, '90-99': 89.29, '100-109': 46.73, '110-119': 53.6, '120-129': 63.48, '130-139': 81.82, '140-149': 72.55, '150-159': 66.67, '160-169': 57.85, '170-179': 56.41, '180-189': 72.54, 'old': 72.7, 'new': 72.54}
2026-06-03 05:22:24,621 [trainer.py] => CNN top1 curve: [96.8, 94.87, 90.14, 92.0, 91.75, 88.47, 87.24, 87.29, 85.85, 85.24, 80.61, 78.63, 77.75, 77.26, 77.21, 76.54, 74.63, 73.61, 72.69]
2026-06-03 05:22:24,621 [trainer.py] => CNN top5 curve: [99.2, 99.15, 99.18, 99.16, 99.31, 98.7, 98.65, 98.4, 98.3, 98.38, 96.95, 96.87, 96.84, 97.01, 96.79, 96.97, 96.8, 96.6, 96.28]
2026-06-03 05:22:24,621 [trainer.py] => Average Accuracy (CNN): 83.61
2026-06-03 05:22:24,625 [trainer.py] => All params: 172158352
2026-06-03 05:22:24,628 [trainer.py] => Trainable params: 407240
2026-06-03 05:22:24,628 [dualprompt.py] => Learning on 190-200
2026-06-03 05:35:40,394 [dualprompt.py] => Task 19, Epoch 20/20 => Loss 0.004, Train_accy 98.29, Test_accy 73.32
2026-06-03 05:36:57,935 [trainer.py] => No NME accuracy.
2026-06-03 05:36:57,970 [trainer.py] => CNN: {'total': 73.32, '00-09': 83.2, '10-19': 70.64, '20-29': 88.55, '30-39': 94.55, '40-49': 72.9, '50-59': 65.18, '60-69': 79.34, '70-79': 78.51, '80-89': 83.06, '90-99': 89.29, '100-109': 46.73, '110-119': 49.6, '120-129': 63.48, '130-139': 80.17, '140-149': 73.53, '150-159': 66.67, '160-169': 55.37, '170-179': 60.68, '180-189': 71.83, '190-199': 89.06, 'old': 72.42, 'new': 89.06}
2026-06-03 05:36:57,971 [trainer.py] => CNN top1 curve: [96.8, 94.87, 90.14, 92.0, 91.75, 88.47, 87.24, 87.29, 85.85, 85.24, 80.61, 78.63, 77.75, 77.26, 77.21, 76.54, 74.63, 73.61, 72.69, 73.32]
2026-06-03 05:36:57,971 [trainer.py] => CNN top5 curve: [99.2, 99.15, 99.18, 99.16, 99.31, 98.7, 98.65, 98.4, 98.3, 98.38, 96.95, 96.87, 96.84, 97.01, 96.79, 96.97, 96.8, 96.6, 96.28, 96.31]
2026-06-03 05:36:57,971 [trainer.py] => Average Accuracy (CNN): 83.09
