2026-06-14 18:34:47,206 [trainer.py] => config: ./configs/dualprompt/dualprompt_ina_B0_Inc20.json
2026-06-14 18:34:47,206 [trainer.py] => prefix:  
2026-06-14 18:34:47,206 [trainer.py] => dataset: imageneta
2026-06-14 18:34:47,206 [trainer.py] => memory_size: 0
2026-06-14 18:34:47,206 [trainer.py] => memory_per_class: 0
2026-06-14 18:34:47,206 [trainer.py] => fixed_memory: False
2026-06-14 18:34:47,206 [trainer.py] => shuffle: True
2026-06-14 18:34:47,206 [trainer.py] => init_cls: 20
2026-06-14 18:34:47,206 [trainer.py] => increment: 20
2026-06-14 18:34:47,206 [trainer.py] => model_name: dualprompt
2026-06-14 18:34:47,206 [trainer.py] => backbone_type: vit_base_patch16_224_in21k_dualprompt
2026-06-14 18:34:47,206 [trainer.py] => get_original_backbone: True
2026-06-14 18:34:47,206 [trainer.py] => device: [device(type='cuda', index=3)]
2026-06-14 18:34:47,206 [trainer.py] => seed: 1994
2026-06-14 18:34:47,206 [trainer.py] => tuned_epoch: 20
2026-06-14 18:34:47,206 [trainer.py] => init_lr: 0.001
2026-06-14 18:34:47,206 [trainer.py] => batch_size: 48
2026-06-14 18:34:47,207 [trainer.py] => weight_decay: 0
2026-06-14 18:34:47,207 [trainer.py] => min_lr: 1e-05
2026-06-14 18:34:47,207 [trainer.py] => optimizer: adam
2026-06-14 18:34:47,207 [trainer.py] => scheduler: constant
2026-06-14 18:34:47,207 [trainer.py] => reinit_optimizer: True
2026-06-14 18:34:47,207 [trainer.py] => global_pool: token
2026-06-14 18:34:47,207 [trainer.py] => head_type: token
2026-06-14 18:34:47,207 [trainer.py] => freeze: ['blocks', 'patch_embed', 'cls_token', 'norm', 'pos_embed']
2026-06-14 18:34:47,207 [trainer.py] => pretrained: True
2026-06-14 18:34:47,207 [trainer.py] => drop: 0.0
2026-06-14 18:34:47,207 [trainer.py] => drop_path: 0.0
2026-06-14 18:34:47,207 [trainer.py] => use_g_prompt: True
2026-06-14 18:34:47,207 [trainer.py] => g_prompt_length: 5
2026-06-14 18:34:47,207 [trainer.py] => g_prompt_layer_idx: [0, 1]
2026-06-14 18:34:47,207 [trainer.py] => use_prefix_tune_for_g_prompt: True
2026-06-14 18:34:47,207 [trainer.py] => use_e_prompt: True
2026-06-14 18:34:47,207 [trainer.py] => e_prompt_layer_idx: [2, 3, 4]
2026-06-14 18:34:47,207 [trainer.py] => use_prefix_tune_for_e_prompt: True
2026-06-14 18:34:47,207 [trainer.py] => prompt_pool: True
2026-06-14 18:34:47,208 [trainer.py] => size: 10
2026-06-14 18:34:47,208 [trainer.py] => length: 5
2026-06-14 18:34:47,208 [trainer.py] => top_k: 1
2026-06-14 18:34:47,208 [trainer.py] => initializer: uniform
2026-06-14 18:34:47,208 [trainer.py] => prompt_key: True
2026-06-14 18:34:47,208 [trainer.py] => prompt_key_init: uniform
2026-06-14 18:34:47,208 [trainer.py] => use_prompt_mask: True
2026-06-14 18:34:47,208 [trainer.py] => shared_prompt_pool: True
2026-06-14 18:34:47,208 [trainer.py] => shared_prompt_key: False
2026-06-14 18:34:47,208 [trainer.py] => batchwise_prompt: True
2026-06-14 18:34:47,208 [trainer.py] => embedding_key: cls
2026-06-14 18:34:47,208 [trainer.py] => predefined_key: 
2026-06-14 18:34:47,208 [trainer.py] => pull_constraint: True
2026-06-14 18:34:47,208 [trainer.py] => pull_constraint_coeff: 0.1
2026-06-14 18:34:47,208 [trainer.py] => same_key_value: False
2026-06-14 18:34:47,208 [trainer.py] => nb_classes: 200
2026-06-14 18:34:47,208 [trainer.py] => nb_tasks: 10
2026-06-14 18:34:47,775 [data_manager.py] => [85, 41, 23, 28, 70, 87, 134, 151, 51, 159, 178, 119, 50, 117, 73, 95, 86, 147, 63, 22, 79, 175, 40, 155, 174, 54, 132, 72, 124, 157, 93, 26, 196, 74, 44, 15, 169, 122, 88, 171, 184, 6, 18, 145, 48, 197, 64, 172, 126, 96, 11, 55, 193, 66, 128, 21, 77, 113, 140, 116, 141, 133, 120, 29, 115, 14, 103, 127, 114, 19, 9, 38, 33, 195, 81, 35, 69, 181, 47, 129, 112, 168, 198, 71, 101, 188, 68, 90, 158, 163, 52, 8, 185, 59, 154, 92, 56, 183, 32, 136, 65, 45, 46, 173, 189, 108, 102, 144, 0, 107, 187, 100, 98, 192, 43, 161, 104, 75, 150, 166, 121, 60, 160, 3, 143, 153, 62, 142, 61, 110, 194, 97, 25, 177, 179, 17, 49, 31, 94, 111, 16, 53, 91, 58, 135, 83, 2, 12, 13, 165, 42, 36, 186, 105, 1, 7, 149, 170, 27, 24, 78, 167, 137, 138, 118, 10, 139, 164, 20, 57, 123, 199, 89, 130, 82, 162, 176, 148, 109, 125, 67, 106, 37, 146, 131, 180, 156, 39, 5, 84, 4, 190, 152, 191, 30, 76, 80, 34, 99, 182]
2026-06-14 18:34:54,097 [dualprompt.py] => 86,205,896 model total parameters.
2026-06-14 18:34:54,098 [dualprompt.py] => 407,240 model training parameters.
2026-06-14 18:34:54,098 [dualprompt.py] => g_prompt: 15360
2026-06-14 18:34:54,098 [dualprompt.py] => e_prompt.prompt: 230400
2026-06-14 18:34:54,098 [dualprompt.py] => e_prompt.prompt_key: 7680
2026-06-14 18:34:54,098 [dualprompt.py] => head.weight: 153600
2026-06-14 18:34:54,098 [dualprompt.py] => head.bias: 200
2026-06-14 18:34:54,099 [trainer.py] => All params: 172158352
2026-06-14 18:34:54,100 [trainer.py] => Trainable params: 407240
2026-06-14 18:34:54,100 [dualprompt.py] => Learning on 0-20
2026-06-14 18:44:51,288 [dualprompt.py] => Task 0, Epoch 20/20 => Loss 0.136, Train_accy 95.81, Test_accy 71.43
2026-06-14 18:44:56,544 [trainer.py] => No NME accuracy.
2026-06-14 18:44:56,545 [trainer.py] => CNN: {'total': 71.43, '00-19': 71.43, 'old': 0, 'new': 71.43}
2026-06-14 18:44:56,545 [trainer.py] => CNN top1 curve: [71.43]
2026-06-14 18:44:56,545 [trainer.py] => CNN top5 curve: [92.86]
2026-06-14 18:44:56,545 [trainer.py] => Average Accuracy (CNN): 71.43
2026-06-14 18:44:56,546 [trainer.py] => All params: 172158352
2026-06-14 18:44:56,547 [trainer.py] => Trainable params: 407240
2026-06-14 18:44:56,547 [dualprompt.py] => Learning on 20-40
2026-06-14 18:55:00,080 [dualprompt.py] => Task 1, Epoch 20/20 => Loss 0.083, Train_accy 97.60, Test_accy 64.66
2026-06-14 18:55:09,554 [trainer.py] => No NME accuracy.
2026-06-14 18:55:09,554 [trainer.py] => CNN: {'total': 64.66, '00-19': 65.71, '20-39': 63.49, 'old': 65.71, 'new': 63.49}
2026-06-14 18:55:09,555 [trainer.py] => CNN top1 curve: [71.43, 64.66]
2026-06-14 18:55:09,555 [trainer.py] => CNN top5 curve: [92.86, 85.71]
2026-06-14 18:55:09,555 [trainer.py] => Average Accuracy (CNN): 68.04
2026-06-14 18:55:09,556 [trainer.py] => All params: 172158352
2026-06-14 18:55:09,557 [trainer.py] => Trainable params: 407240
2026-06-14 18:55:09,557 [dualprompt.py] => Learning on 40-60
2026-06-14 19:07:16,236 [dualprompt.py] => Task 2, Epoch 20/20 => Loss 0.155, Train_accy 95.64, Test_accy 59.20
2026-06-14 19:07:31,588 [trainer.py] => No NME accuracy.
2026-06-14 19:07:31,588 [trainer.py] => CNN: {'total': 59.2, '00-19': 61.43, '20-39': 56.35, '40-59': 59.46, 'old': 59.02, 'new': 59.46}
2026-06-14 19:07:31,588 [trainer.py] => CNN top1 curve: [71.43, 64.66, 59.2]
2026-06-14 19:07:31,588 [trainer.py] => CNN top5 curve: [92.86, 85.71, 86.47]
2026-06-14 19:07:31,588 [trainer.py] => Average Accuracy (CNN): 65.1
2026-06-14 19:07:31,590 [trainer.py] => All params: 172158352
2026-06-14 19:07:31,591 [trainer.py] => Trainable params: 407240
2026-06-14 19:07:31,591 [dualprompt.py] => Learning on 60-80
2026-06-14 19:19:49,500 [dualprompt.py] => Task 3, Epoch 20/20 => Loss 0.185, Train_accy 95.40, Test_accy 55.75
2026-06-14 19:20:09,669 [trainer.py] => No NME accuracy.
2026-06-14 19:20:09,670 [trainer.py] => CNN: {'total': 55.75, '00-19': 57.86, '20-39': 55.56, '40-59': 58.38, '60-79': 51.2, 'old': 57.43, 'new': 51.2}
2026-06-14 19:20:09,670 [trainer.py] => CNN top1 curve: [71.43, 64.66, 59.2, 55.75]
2026-06-14 19:20:09,670 [trainer.py] => CNN top5 curve: [92.86, 85.71, 86.47, 82.98]
2026-06-14 19:20:09,670 [trainer.py] => Average Accuracy (CNN): 62.76
2026-06-14 19:20:09,674 [trainer.py] => All params: 172158352
2026-06-14 19:20:09,677 [trainer.py] => Trainable params: 407240
2026-06-14 19:20:09,677 [dualprompt.py] => Learning on 80-100
2026-06-14 19:31:07,416 [dualprompt.py] => Task 4, Epoch 20/20 => Loss 0.102, Train_accy 96.63, Test_accy 51.74
2026-06-14 19:31:33,307 [trainer.py] => No NME accuracy.
2026-06-14 19:31:33,307 [trainer.py] => CNN: {'total': 51.74, '00-19': 56.43, '20-39': 54.76, '40-59': 56.76, '60-79': 48.19, '80-99': 43.04, 'old': 53.97, 'new': 43.04}
2026-06-14 19:31:33,308 [trainer.py] => CNN top1 curve: [71.43, 64.66, 59.2, 55.75, 51.74]
2026-06-14 19:31:33,308 [trainer.py] => CNN top5 curve: [92.86, 85.71, 86.47, 82.98, 78.58]
2026-06-14 19:31:33,308 [trainer.py] => Average Accuracy (CNN): 60.56
2026-06-14 19:31:33,309 [trainer.py] => All params: 172158352
2026-06-14 19:31:33,310 [trainer.py] => Trainable params: 407240
2026-06-14 19:31:33,310 [dualprompt.py] => Learning on 100-120
2026-06-14 19:42:31,767 [dualprompt.py] => Task 5, Epoch 20/20 => Loss 0.094, Train_accy 97.88, Test_accy 47.56
2026-06-14 19:43:02,355 [trainer.py] => No NME accuracy.
2026-06-14 19:43:02,355 [trainer.py] => CNN: {'total': 47.56, '00-19': 55.0, '20-39': 52.38, '40-59': 56.76, '60-79': 46.39, '80-99': 40.51, '100-119': 31.5, 'old': 50.19, 'new': 31.5}
2026-06-14 19:43:02,356 [trainer.py] => CNN top1 curve: [71.43, 64.66, 59.2, 55.75, 51.74, 47.56]
2026-06-14 19:43:02,356 [trainer.py] => CNN top5 curve: [92.86, 85.71, 86.47, 82.98, 78.58, 74.61]
2026-06-14 19:43:02,356 [trainer.py] => Average Accuracy (CNN): 58.39
2026-06-14 19:43:02,360 [trainer.py] => All params: 172158352
2026-06-14 19:43:02,363 [trainer.py] => Trainable params: 407240
2026-06-14 19:43:02,364 [dualprompt.py] => Learning on 120-140
2026-06-14 19:55:13,218 [dualprompt.py] => Task 6, Epoch 20/20 => Loss 0.156, Train_accy 95.94, Test_accy 45.58
2026-06-14 19:55:48,581 [trainer.py] => No NME accuracy.
2026-06-14 19:55:48,582 [trainer.py] => CNN: {'total': 45.58, '00-19': 55.0, '20-39': 51.59, '40-59': 55.14, '60-79': 45.78, '80-99': 40.51, '100-119': 29.92, '120-139': 38.26, 'old': 46.78, 'new': 38.26}
2026-06-14 19:55:48,582 [trainer.py] => CNN top1 curve: [71.43, 64.66, 59.2, 55.75, 51.74, 47.56, 45.58]
2026-06-14 19:55:48,582 [trainer.py] => CNN top5 curve: [92.86, 85.71, 86.47, 82.98, 78.58, 74.61, 71.84]
2026-06-14 19:55:48,582 [trainer.py] => Average Accuracy (CNN): 56.56
2026-06-14 19:55:48,583 [trainer.py] => All params: 172158352
2026-06-14 19:55:48,584 [trainer.py] => Trainable params: 407240
2026-06-14 19:55:48,584 [dualprompt.py] => Learning on 140-160
2026-06-14 20:14:26,420 [dualprompt.py] => Task 7, Epoch 20/20 => Loss 0.125, Train_accy 95.41, Test_accy 44.55
2026-06-14 20:15:08,820 [trainer.py] => No NME accuracy.
2026-06-14 20:15:08,821 [trainer.py] => CNN: {'total': 44.55, '00-19': 53.57, '20-39': 52.38, '40-59': 51.35, '60-79': 46.39, '80-99': 37.97, '100-119': 29.13, '120-139': 35.57, '140-159': 46.98, 'old': 44.05, 'new': 46.98}
2026-06-14 20:15:08,821 [trainer.py] => CNN top1 curve: [71.43, 64.66, 59.2, 55.75, 51.74, 47.56, 45.58, 44.55]
2026-06-14 20:15:08,821 [trainer.py] => CNN top5 curve: [92.86, 85.71, 86.47, 82.98, 78.58, 74.61, 71.84, 71.64]
2026-06-14 20:15:08,822 [trainer.py] => Average Accuracy (CNN): 55.06
2026-06-14 20:15:08,826 [trainer.py] => All params: 172158352
2026-06-14 20:15:08,829 [trainer.py] => Trainable params: 407240
2026-06-14 20:15:08,829 [dualprompt.py] => Learning on 160-180
2026-06-14 20:27:56,081 [dualprompt.py] => Task 8, Epoch 20/20 => Loss 0.101, Train_accy 97.49, Test_accy 41.49
2026-06-14 20:28:42,934 [trainer.py] => No NME accuracy.
2026-06-14 20:28:42,935 [trainer.py] => CNN: {'total': 41.49, '00-19': 51.43, '20-39': 51.59, '40-59': 48.11, '60-79': 45.18, '80-99': 37.97, '100-119': 25.2, '120-139': 31.54, '140-159': 46.98, '160-179': 30.22, 'old': 42.73, 'new': 30.22}
2026-06-14 20:28:42,935 [trainer.py] => CNN top1 curve: [71.43, 64.66, 59.2, 55.75, 51.74, 47.56, 45.58, 44.55, 41.49]
2026-06-14 20:28:42,936 [trainer.py] => CNN top5 curve: [92.86, 85.71, 86.47, 82.98, 78.58, 74.61, 71.84, 71.64, 69.61]
2026-06-14 20:28:42,936 [trainer.py] => Average Accuracy (CNN): 53.55
2026-06-14 20:28:42,940 [trainer.py] => All params: 172158352
2026-06-14 20:28:42,943 [trainer.py] => Trainable params: 407240
2026-06-14 20:28:42,944 [dualprompt.py] => Learning on 180-200
2026-06-14 20:39:33,616 [dualprompt.py] => Task 9, Epoch 20/20 => Loss 0.052, Train_accy 98.61, Test_accy 40.09
2026-06-14 20:40:24,584 [trainer.py] => No NME accuracy.
2026-06-14 20:40:24,585 [trainer.py] => CNN: {'total': 40.09, '00-19': 50.71, '20-39': 51.59, '40-59': 47.03, '60-79': 44.58, '80-99': 36.08, '100-119': 25.98, '120-139': 32.21, '140-159': 46.98, '160-179': 28.06, '180-199': 29.82, 'old': 40.93, 'new': 29.82}
2026-06-14 20:40:24,585 [trainer.py] => CNN top1 curve: [71.43, 64.66, 59.2, 55.75, 51.74, 47.56, 45.58, 44.55, 41.49, 40.09]
2026-06-14 20:40:24,585 [trainer.py] => CNN top5 curve: [92.86, 85.71, 86.47, 82.98, 78.58, 74.61, 71.84, 71.64, 69.61, 68.2]
2026-06-14 20:40:24,585 [trainer.py] => Average Accuracy (CNN): 52.21
