2026-06-14 03:32:18,997 [trainer.py] => config: ./configs/dualprompt/dualprompt_ina_B0_Inc5.json
2026-06-14 03:32:18,998 [trainer.py] => prefix:  
2026-06-14 03:32:18,998 [trainer.py] => dataset: imageneta
2026-06-14 03:32:18,998 [trainer.py] => memory_size: 0
2026-06-14 03:32:18,998 [trainer.py] => memory_per_class: 0
2026-06-14 03:32:18,998 [trainer.py] => fixed_memory: False
2026-06-14 03:32:18,998 [trainer.py] => shuffle: True
2026-06-14 03:32:18,998 [trainer.py] => init_cls: 5
2026-06-14 03:32:18,998 [trainer.py] => increment: 5
2026-06-14 03:32:18,998 [trainer.py] => model_name: dualprompt
2026-06-14 03:32:18,998 [trainer.py] => backbone_type: vit_base_patch16_224_in21k_dualprompt
2026-06-14 03:32:18,999 [trainer.py] => get_original_backbone: True
2026-06-14 03:32:18,999 [trainer.py] => device: [device(type='cuda', index=3)]
2026-06-14 03:32:18,999 [trainer.py] => seed: 1994
2026-06-14 03:32:18,999 [trainer.py] => tuned_epoch: 20
2026-06-14 03:32:18,999 [trainer.py] => init_lr: 0.001
2026-06-14 03:32:18,999 [trainer.py] => batch_size: 48
2026-06-14 03:32:18,999 [trainer.py] => weight_decay: 0
2026-06-14 03:32:18,999 [trainer.py] => min_lr: 1e-05
2026-06-14 03:32:18,999 [trainer.py] => optimizer: adam
2026-06-14 03:32:18,999 [trainer.py] => scheduler: constant
2026-06-14 03:32:18,999 [trainer.py] => reinit_optimizer: True
2026-06-14 03:32:19,000 [trainer.py] => global_pool: token
2026-06-14 03:32:19,000 [trainer.py] => head_type: token
2026-06-14 03:32:19,000 [trainer.py] => freeze: ['blocks', 'patch_embed', 'cls_token', 'norm', 'pos_embed']
2026-06-14 03:32:19,000 [trainer.py] => pretrained: True
2026-06-14 03:32:19,000 [trainer.py] => drop: 0.0
2026-06-14 03:32:19,000 [trainer.py] => drop_path: 0.0
2026-06-14 03:32:19,000 [trainer.py] => use_g_prompt: True
2026-06-14 03:32:19,000 [trainer.py] => g_prompt_length: 5
2026-06-14 03:32:19,000 [trainer.py] => g_prompt_layer_idx: [0, 1]
2026-06-14 03:32:19,000 [trainer.py] => use_prefix_tune_for_g_prompt: True
2026-06-14 03:32:19,000 [trainer.py] => use_e_prompt: True
2026-06-14 03:32:19,001 [trainer.py] => e_prompt_layer_idx: [2, 3, 4]
2026-06-14 03:32:19,001 [trainer.py] => use_prefix_tune_for_e_prompt: True
2026-06-14 03:32:19,001 [trainer.py] => prompt_pool: True
2026-06-14 03:32:19,001 [trainer.py] => size: 10
2026-06-14 03:32:19,001 [trainer.py] => length: 5
2026-06-14 03:32:19,001 [trainer.py] => top_k: 1
2026-06-14 03:32:19,001 [trainer.py] => initializer: uniform
2026-06-14 03:32:19,001 [trainer.py] => prompt_key: True
2026-06-14 03:32:19,001 [trainer.py] => prompt_key_init: uniform
2026-06-14 03:32:19,001 [trainer.py] => use_prompt_mask: True
2026-06-14 03:32:19,001 [trainer.py] => shared_prompt_pool: True
2026-06-14 03:32:19,001 [trainer.py] => shared_prompt_key: False
2026-06-14 03:32:19,002 [trainer.py] => batchwise_prompt: True
2026-06-14 03:32:19,002 [trainer.py] => embedding_key: cls
2026-06-14 03:32:19,002 [trainer.py] => predefined_key: 
2026-06-14 03:32:19,002 [trainer.py] => pull_constraint: True
2026-06-14 03:32:19,002 [trainer.py] => pull_constraint_coeff: 0.1
2026-06-14 03:32:19,002 [trainer.py] => same_key_value: False
2026-06-14 03:32:19,002 [trainer.py] => nb_classes: 200
2026-06-14 03:32:19,002 [trainer.py] => nb_tasks: 40
2026-06-14 03:32:19,560 [data_manager.py] => [85, 41, 23, 28, 70, 87, 134, 151, 51, 159, 178, 119, 50, 117, 73, 95, 86, 147, 63, 22, 79, 175, 40, 155, 174, 54, 132, 72, 124, 157, 93, 26, 196, 74, 44, 15, 169, 122, 88, 171, 184, 6, 18, 145, 48, 197, 64, 172, 126, 96, 11, 55, 193, 66, 128, 21, 77, 113, 140, 116, 141, 133, 120, 29, 115, 14, 103, 127, 114, 19, 9, 38, 33, 195, 81, 35, 69, 181, 47, 129, 112, 168, 198, 71, 101, 188, 68, 90, 158, 163, 52, 8, 185, 59, 154, 92, 56, 183, 32, 136, 65, 45, 46, 173, 189, 108, 102, 144, 0, 107, 187, 100, 98, 192, 43, 161, 104, 75, 150, 166, 121, 60, 160, 3, 143, 153, 62, 142, 61, 110, 194, 97, 25, 177, 179, 17, 49, 31, 94, 111, 16, 53, 91, 58, 135, 83, 2, 12, 13, 165, 42, 36, 186, 105, 1, 7, 149, 170, 27, 24, 78, 167, 137, 138, 118, 10, 139, 164, 20, 57, 123, 199, 89, 130, 82, 162, 176, 148, 109, 125, 67, 106, 37, 146, 131, 180, 156, 39, 5, 84, 4, 190, 152, 191, 30, 76, 80, 34, 99, 182]
2026-06-14 03:32:26,441 [dualprompt.py] => 86,205,896 model total parameters.
2026-06-14 03:32:26,442 [dualprompt.py] => 407,240 model training parameters.
2026-06-14 03:32:26,442 [dualprompt.py] => g_prompt: 15360
2026-06-14 03:32:26,442 [dualprompt.py] => e_prompt.prompt: 230400
2026-06-14 03:32:26,442 [dualprompt.py] => e_prompt.prompt_key: 7680
2026-06-14 03:32:26,442 [dualprompt.py] => head.weight: 153600
2026-06-14 03:32:26,442 [dualprompt.py] => head.bias: 200
2026-06-14 03:32:26,443 [trainer.py] => All params: 172158352
2026-06-14 03:32:26,444 [trainer.py] => Trainable params: 407240
2026-06-14 03:32:26,444 [dualprompt.py] => Learning on 0-5
2026-06-14 03:36:18,694 [dualprompt.py] => Task 0, Epoch 20/20 => Loss 0.059, Train_accy 100.00, Test_accy 88.89
2026-06-14 03:36:21,181 [trainer.py] => No NME accuracy.
2026-06-14 03:36:21,181 [trainer.py] => CNN: {'total': 88.89, '00-04': 88.89, 'old': 0, 'new': 88.89}
2026-06-14 03:36:21,181 [trainer.py] => CNN top1 curve: [88.89]
2026-06-14 03:36:21,181 [trainer.py] => CNN top5 curve: [100.0]
2026-06-14 03:36:21,181 [trainer.py] => Average Accuracy (CNN): 88.89
2026-06-14 03:36:21,182 [trainer.py] => All params: 172158352
2026-06-14 03:36:21,183 [trainer.py] => Trainable params: 407240
2026-06-14 03:36:21,184 [dualprompt.py] => Learning on 5-10
2026-06-14 03:39:24,946 [dualprompt.py] => Task 1, Epoch 20/20 => Loss 0.041, Train_accy 99.35, Test_accy 79.78
2026-06-14 03:39:28,570 [trainer.py] => No NME accuracy.
2026-06-14 03:39:28,570 [trainer.py] => CNN: {'total': 79.78, '00-04': 79.63, '05-09': 80.0, 'old': 79.63, 'new': 80.0}
2026-06-14 03:39:28,570 [trainer.py] => CNN top1 curve: [88.89, 79.78]
2026-06-14 03:39:28,570 [trainer.py] => CNN top5 curve: [100.0, 100.0]
2026-06-14 03:39:28,570 [trainer.py] => Average Accuracy (CNN): 84.34
2026-06-14 03:39:28,572 [trainer.py] => All params: 172158352
2026-06-14 03:39:28,573 [trainer.py] => Trainable params: 407240
2026-06-14 03:39:28,573 [dualprompt.py] => Learning on 10-15
2026-06-14 03:40:41,747 [dualprompt.py] => Task 2, Epoch 20/20 => Loss 0.075, Train_accy 100.00, Test_accy 73.79
2026-06-14 03:40:45,864 [trainer.py] => No NME accuracy.
2026-06-14 03:40:45,864 [trainer.py] => CNN: {'total': 73.79, '00-04': 79.63, '05-09': 77.14, '10-14': 42.86, 'old': 78.65, 'new': 42.86}
2026-06-14 03:40:45,865 [trainer.py] => CNN top1 curve: [88.89, 79.78, 73.79]
2026-06-14 03:40:45,865 [trainer.py] => CNN top5 curve: [100.0, 100.0, 97.09]
2026-06-14 03:40:45,865 [trainer.py] => Average Accuracy (CNN): 80.82
2026-06-14 03:40:45,869 [trainer.py] => All params: 172158352
2026-06-14 03:40:45,872 [trainer.py] => Trainable params: 407240
2026-06-14 03:40:45,872 [dualprompt.py] => Learning on 15-20
2026-06-14 03:43:49,252 [dualprompt.py] => Task 3, Epoch 20/20 => Loss 0.115, Train_accy 96.55, Test_accy 69.29
2026-06-14 03:43:54,535 [trainer.py] => No NME accuracy.
2026-06-14 03:43:54,535 [trainer.py] => CNN: {'total': 69.29, '00-04': 75.93, '05-09': 77.14, '10-14': 42.86, '15-19': 62.16, 'old': 71.84, 'new': 62.16}
2026-06-14 03:43:54,535 [trainer.py] => CNN top1 curve: [88.89, 79.78, 73.79, 69.29]
2026-06-14 03:43:54,535 [trainer.py] => CNN top5 curve: [100.0, 100.0, 97.09, 92.14]
2026-06-14 03:43:54,535 [trainer.py] => Average Accuracy (CNN): 77.94
2026-06-14 03:43:54,536 [trainer.py] => All params: 172158352
2026-06-14 03:43:54,537 [trainer.py] => Trainable params: 407240
2026-06-14 03:43:54,537 [dualprompt.py] => Learning on 20-25
2026-06-14 03:45:33,330 [dualprompt.py] => Task 4, Epoch 20/20 => Loss 0.054, Train_accy 100.00, Test_accy 65.56
2026-06-14 03:45:39,898 [trainer.py] => No NME accuracy.
2026-06-14 03:45:39,899 [trainer.py] => CNN: {'total': 65.56, '00-04': 75.93, '05-09': 77.14, '10-14': 28.57, '15-19': 56.76, '20-24': 54.55, 'old': 66.43, 'new': 54.55}
2026-06-14 03:45:39,899 [trainer.py] => CNN top1 curve: [88.89, 79.78, 73.79, 69.29, 65.56]
2026-06-14 03:45:39,900 [trainer.py] => CNN top5 curve: [100.0, 100.0, 97.09, 92.14, 91.39]
2026-06-14 03:45:39,900 [trainer.py] => Average Accuracy (CNN): 75.46
2026-06-14 03:45:39,902 [trainer.py] => All params: 172158352
2026-06-14 03:45:39,905 [trainer.py] => Trainable params: 407240
2026-06-14 03:45:39,905 [dualprompt.py] => Learning on 25-30
2026-06-14 03:48:23,586 [dualprompt.py] => Task 5, Epoch 20/20 => Loss 0.056, Train_accy 97.58, Test_accy 58.70
2026-06-14 03:48:30,129 [trainer.py] => No NME accuracy.
2026-06-14 03:48:30,129 [trainer.py] => CNN: {'total': 58.7, '00-04': 72.22, '05-09': 65.71, '10-14': 28.57, '15-19': 59.46, '20-24': 36.36, '25-29': 48.48, 'old': 60.93, 'new': 48.48}
2026-06-14 03:48:30,130 [trainer.py] => CNN top1 curve: [88.89, 79.78, 73.79, 69.29, 65.56, 58.7]
2026-06-14 03:48:30,130 [trainer.py] => CNN top5 curve: [100.0, 100.0, 97.09, 92.14, 91.39, 86.96]
2026-06-14 03:48:30,130 [trainer.py] => Average Accuracy (CNN): 72.67
2026-06-14 03:48:30,133 [trainer.py] => All params: 172158352
2026-06-14 03:48:30,135 [trainer.py] => Trainable params: 407240
2026-06-14 03:48:30,135 [dualprompt.py] => Learning on 30-35
2026-06-14 03:53:12,365 [dualprompt.py] => Task 6, Epoch 20/20 => Loss 0.095, Train_accy 96.97, Test_accy 56.17
2026-06-14 03:53:20,753 [trainer.py] => No NME accuracy.
2026-06-14 03:53:20,753 [trainer.py] => CNN: {'total': 56.17, '00-04': 64.81, '05-09': 62.86, '10-14': 21.43, '15-19': 56.76, '20-24': 27.27, '25-29': 42.42, '30-34': 66.67, 'old': 53.26, 'new': 66.67}
2026-06-14 03:53:20,753 [trainer.py] => CNN top1 curve: [88.89, 79.78, 73.79, 69.29, 65.56, 58.7, 56.17]
2026-06-14 03:53:20,753 [trainer.py] => CNN top5 curve: [100.0, 100.0, 97.09, 92.14, 91.39, 86.96, 85.96]
2026-06-14 03:53:20,753 [trainer.py] => Average Accuracy (CNN): 70.31
2026-06-14 03:53:20,754 [trainer.py] => All params: 172158352
2026-06-14 03:53:20,755 [trainer.py] => Trainable params: 407240
2026-06-14 03:53:20,755 [dualprompt.py] => Learning on 35-40
2026-06-14 03:56:19,479 [dualprompt.py] => Task 7, Epoch 20/20 => Loss 0.064, Train_accy 97.60, Test_accy 56.39
2026-06-14 03:56:28,966 [trainer.py] => No NME accuracy.
2026-06-14 03:56:28,967 [trainer.py] => CNN: {'total': 56.39, '00-04': 64.81, '05-09': 60.0, '10-14': 21.43, '15-19': 54.05, '20-24': 27.27, '25-29': 42.42, '30-34': 68.63, '35-39': 61.29, 'old': 55.74, 'new': 61.29}
2026-06-14 03:56:28,967 [trainer.py] => CNN top1 curve: [88.89, 79.78, 73.79, 69.29, 65.56, 58.7, 56.17, 56.39]
2026-06-14 03:56:28,967 [trainer.py] => CNN top5 curve: [100.0, 100.0, 97.09, 92.14, 91.39, 86.96, 85.96, 83.83]
2026-06-14 03:56:28,967 [trainer.py] => Average Accuracy (CNN): 68.57
2026-06-14 03:56:28,968 [trainer.py] => All params: 172158352
2026-06-14 03:56:28,969 [trainer.py] => Trainable params: 407240
2026-06-14 03:56:28,969 [dualprompt.py] => Learning on 40-45
2026-06-14 04:01:13,010 [dualprompt.py] => Task 8, Epoch 20/20 => Loss 0.048, Train_accy 98.21, Test_accy 57.19
2026-06-14 04:01:24,115 [trainer.py] => No NME accuracy.
2026-06-14 04:01:24,116 [trainer.py] => CNN: {'total': 57.19, '00-04': 66.67, '05-09': 62.86, '10-14': 21.43, '15-19': 54.05, '20-24': 18.18, '25-29': 39.39, '30-34': 68.63, '35-39': 54.84, '40-44': 63.93, 'old': 55.64, 'new': 63.93}
2026-06-14 04:01:24,116 [trainer.py] => CNN top1 curve: [88.89, 79.78, 73.79, 69.29, 65.56, 58.7, 56.17, 56.39, 57.19]
2026-06-14 04:01:24,116 [trainer.py] => CNN top5 curve: [100.0, 100.0, 97.09, 92.14, 91.39, 86.96, 85.96, 83.83, 81.65]
2026-06-14 04:01:24,116 [trainer.py] => Average Accuracy (CNN): 67.31
2026-06-14 04:01:24,120 [trainer.py] => All params: 172158352
2026-06-14 04:01:24,124 [trainer.py] => Trainable params: 407240
2026-06-14 04:01:24,124 [dualprompt.py] => Learning on 45-50
2026-06-14 04:03:53,740 [dualprompt.py] => Task 9, Epoch 20/20 => Loss 0.043, Train_accy 98.84, Test_accy 52.79
2026-06-14 04:04:06,066 [trainer.py] => No NME accuracy.
2026-06-14 04:04:06,067 [trainer.py] => CNN: {'total': 52.79, '00-04': 61.11, '05-09': 54.29, '10-14': 21.43, '15-19': 54.05, '20-24': 18.18, '25-29': 39.39, '30-34': 68.63, '35-39': 54.84, '40-44': 63.93, '45-49': 25.81, 'old': 55.35, 'new': 25.81}
2026-06-14 04:04:06,067 [trainer.py] => CNN top1 curve: [88.89, 79.78, 73.79, 69.29, 65.56, 58.7, 56.17, 56.39, 57.19, 52.79]
2026-06-14 04:04:06,067 [trainer.py] => CNN top5 curve: [100.0, 100.0, 97.09, 92.14, 91.39, 86.96, 85.96, 83.83, 81.65, 79.61]
2026-06-14 04:04:06,067 [trainer.py] => Average Accuracy (CNN): 65.85
2026-06-14 04:04:06,068 [trainer.py] => All params: 172158352
2026-06-14 04:04:06,069 [trainer.py] => Trainable params: 407240
2026-06-14 04:04:06,069 [dualprompt.py] => Learning on 50-55
2026-06-14 04:09:05,750 [dualprompt.py] => Task 10, Epoch 20/20 => Loss 0.090, Train_accy 97.33, Test_accy 52.96
2026-06-14 04:09:20,442 [trainer.py] => No NME accuracy.
2026-06-14 04:09:20,443 [trainer.py] => CNN: {'total': 52.96, '00-04': 59.26, '05-09': 54.29, '10-14': 14.29, '15-19': 54.05, '20-24': 18.18, '25-29': 39.39, '30-34': 60.78, '35-39': 51.61, '40-44': 65.57, '45-49': 22.58, '50-54': 64.62, 'old': 50.84, 'new': 64.62}
2026-06-14 04:09:20,443 [trainer.py] => CNN top1 curve: [88.89, 79.78, 73.79, 69.29, 65.56, 58.7, 56.17, 56.39, 57.19, 52.79, 52.96]
2026-06-14 04:09:20,443 [trainer.py] => CNN top5 curve: [100.0, 100.0, 97.09, 92.14, 91.39, 86.96, 85.96, 83.83, 81.65, 79.61, 80.38]
2026-06-14 04:09:20,444 [trainer.py] => Average Accuracy (CNN): 64.68
2026-06-14 04:09:20,447 [trainer.py] => All params: 172158352
2026-06-14 04:09:20,451 [trainer.py] => Trainable params: 407240
2026-06-14 04:09:20,451 [dualprompt.py] => Learning on 55-60
2026-06-14 04:12:47,457 [dualprompt.py] => Task 11, Epoch 20/20 => Loss 0.039, Train_accy 98.47, Test_accy 51.88
2026-06-14 04:13:02,558 [trainer.py] => No NME accuracy.
2026-06-14 04:13:02,559 [trainer.py] => CNN: {'total': 51.88, '00-04': 59.26, '05-09': 51.43, '10-14': 14.29, '15-19': 51.35, '20-24': 18.18, '25-29': 36.36, '30-34': 58.82, '35-39': 54.84, '40-44': 62.3, '45-49': 19.35, '50-54': 64.62, '55-59': 57.14, 'old': 51.54, 'new': 57.14}
2026-06-14 04:13:02,559 [trainer.py] => CNN top1 curve: [88.89, 79.78, 73.79, 69.29, 65.56, 58.7, 56.17, 56.39, 57.19, 52.79, 52.96, 51.88]
2026-06-14 04:13:02,560 [trainer.py] => CNN top5 curve: [100.0, 100.0, 97.09, 92.14, 91.39, 86.96, 85.96, 83.83, 81.65, 79.61, 80.38, 78.49]
2026-06-14 04:13:02,560 [trainer.py] => Average Accuracy (CNN): 63.62
2026-06-14 04:13:02,564 [trainer.py] => All params: 172158352
2026-06-14 04:13:02,567 [trainer.py] => Trainable params: 407240
2026-06-14 04:13:02,567 [dualprompt.py] => Learning on 60-65
2026-06-14 04:16:05,600 [dualprompt.py] => Task 12, Epoch 20/20 => Loss 0.025, Train_accy 99.09, Test_accy 49.38
2026-06-14 04:16:20,608 [trainer.py] => No NME accuracy.
2026-06-14 04:16:20,609 [trainer.py] => CNN: {'total': 49.38, '00-04': 57.41, '05-09': 51.43, '10-14': 14.29, '15-19': 48.65, '20-24': 18.18, '25-29': 36.36, '30-34': 60.78, '35-39': 51.61, '40-44': 62.3, '45-49': 16.13, '50-54': 63.08, '55-59': 50.0, '60-64': 34.29, 'old': 50.55, 'new': 34.29}
2026-06-14 04:16:20,609 [trainer.py] => CNN top1 curve: [88.89, 79.78, 73.79, 69.29, 65.56, 58.7, 56.17, 56.39, 57.19, 52.79, 52.96, 51.88, 49.38]
2026-06-14 04:16:20,609 [trainer.py] => CNN top5 curve: [100.0, 100.0, 97.09, 92.14, 91.39, 86.96, 85.96, 83.83, 81.65, 79.61, 80.38, 78.49, 76.95]
2026-06-14 04:16:20,610 [trainer.py] => Average Accuracy (CNN): 62.52
2026-06-14 04:16:20,613 [trainer.py] => All params: 172158352
2026-06-14 04:16:20,617 [trainer.py] => Trainable params: 407240
2026-06-14 04:16:20,617 [dualprompt.py] => Learning on 65-70
2026-06-14 04:20:23,562 [dualprompt.py] => Task 13, Epoch 20/20 => Loss 0.036, Train_accy 99.43, Test_accy 49.62
2026-06-14 04:20:41,294 [trainer.py] => No NME accuracy.
2026-06-14 04:20:41,294 [trainer.py] => CNN: {'total': 49.62, '00-04': 53.7, '05-09': 51.43, '10-14': 14.29, '15-19': 45.95, '20-24': 18.18, '25-29': 36.36, '30-34': 60.78, '35-39': 48.39, '40-44': 59.02, '45-49': 12.9, '50-54': 63.08, '55-59': 53.57, '60-64': 37.14, '65-69': 65.79, 'old': 48.35, 'new': 65.79}
2026-06-14 04:20:41,294 [trainer.py] => CNN top1 curve: [88.89, 79.78, 73.79, 69.29, 65.56, 58.7, 56.17, 56.39, 57.19, 52.79, 52.96, 51.88, 49.38, 49.62]
2026-06-14 04:20:41,294 [trainer.py] => CNN top5 curve: [100.0, 100.0, 97.09, 92.14, 91.39, 86.96, 85.96, 83.83, 81.65, 79.61, 80.38, 78.49, 76.95, 76.53]
2026-06-14 04:20:41,294 [trainer.py] => Average Accuracy (CNN): 61.6
2026-06-14 04:20:41,296 [trainer.py] => All params: 172158352
2026-06-14 04:20:41,297 [trainer.py] => Trainable params: 407240
2026-06-14 04:20:41,297 [dualprompt.py] => Learning on 70-75
2026-06-14 04:25:03,588 [dualprompt.py] => Task 14, Epoch 20/20 => Loss 0.090, Train_accy 94.71, Test_accy 49.91
2026-06-14 04:25:23,063 [trainer.py] => No NME accuracy.
2026-06-14 04:25:23,064 [trainer.py] => CNN: {'total': 49.91, '00-04': 53.7, '05-09': 51.43, '10-14': 14.29, '15-19': 51.35, '20-24': 18.18, '25-29': 36.36, '30-34': 62.75, '35-39': 51.61, '40-44': 60.66, '45-49': 12.9, '50-54': 63.08, '55-59': 50.0, '60-64': 37.14, '65-69': 65.79, '70-74': 44.44, 'old': 50.38, 'new': 44.44}
2026-06-14 04:25:23,064 [trainer.py] => CNN top1 curve: [88.89, 79.78, 73.79, 69.29, 65.56, 58.7, 56.17, 56.39, 57.19, 52.79, 52.96, 51.88, 49.38, 49.62, 49.91]
2026-06-14 04:25:23,064 [trainer.py] => CNN top5 curve: [100.0, 100.0, 97.09, 92.14, 91.39, 86.96, 85.96, 83.83, 81.65, 79.61, 80.38, 78.49, 76.95, 76.53, 76.8]
2026-06-14 04:25:23,064 [trainer.py] => Average Accuracy (CNN): 60.82
2026-06-14 04:25:23,067 [trainer.py] => All params: 172158352
2026-06-14 04:25:23,070 [trainer.py] => Trainable params: 407240
2026-06-14 04:25:23,070 [dualprompt.py] => Learning on 75-80
2026-06-14 04:29:57,174 [dualprompt.py] => Task 15, Epoch 20/20 => Loss 0.079, Train_accy 98.28, Test_accy 46.68
2026-06-14 04:30:17,123 [trainer.py] => No NME accuracy.
2026-06-14 04:30:17,141 [trainer.py] => CNN: {'total': 46.68, '00-04': 48.15, '05-09': 51.43, '10-14': 14.29, '15-19': 48.65, '20-24': 18.18, '25-29': 36.36, '30-34': 58.82, '35-39': 48.39, '40-44': 55.74, '45-49': 12.9, '50-54': 63.08, '55-59': 50.0, '60-64': 40.0, '65-69': 63.16, '70-74': 44.44, '75-79': 29.17, 'old': 48.15, 'new': 29.17}
2026-06-14 04:30:17,141 [trainer.py] => CNN top1 curve: [88.89, 79.78, 73.79, 69.29, 65.56, 58.7, 56.17, 56.39, 57.19, 52.79, 52.96, 51.88, 49.38, 49.62, 49.91, 46.68]
2026-06-14 04:30:17,141 [trainer.py] => CNN top5 curve: [100.0, 100.0, 97.09, 92.14, 91.39, 86.96, 85.96, 83.83, 81.65, 79.61, 80.38, 78.49, 76.95, 76.53, 76.8, 75.36]
2026-06-14 04:30:17,141 [trainer.py] => Average Accuracy (CNN): 59.94
2026-06-14 04:30:17,143 [trainer.py] => All params: 172158352
2026-06-14 04:30:17,145 [trainer.py] => Trainable params: 407240
2026-06-14 04:30:17,145 [dualprompt.py] => Learning on 80-85
2026-06-14 04:33:03,606 [dualprompt.py] => Task 16, Epoch 20/20 => Loss 0.037, Train_accy 100.00, Test_accy 44.77
2026-06-14 04:33:25,333 [trainer.py] => No NME accuracy.
2026-06-14 04:33:25,345 [trainer.py] => CNN: {'total': 44.77, '00-04': 48.15, '05-09': 51.43, '10-14': 14.29, '15-19': 51.35, '20-24': 18.18, '25-29': 33.33, '30-34': 58.82, '35-39': 51.61, '40-44': 54.1, '45-49': 12.9, '50-54': 63.08, '55-59': 53.57, '60-64': 37.14, '65-69': 63.16, '70-74': 42.22, '75-79': 29.17, '80-84': 12.12, 'old': 46.52, 'new': 12.12}
2026-06-14 04:33:25,345 [trainer.py] => CNN top1 curve: [88.89, 79.78, 73.79, 69.29, 65.56, 58.7, 56.17, 56.39, 57.19, 52.79, 52.96, 51.88, 49.38, 49.62, 49.91, 46.68, 44.77]
2026-06-14 04:33:25,345 [trainer.py] => CNN top5 curve: [100.0, 100.0, 97.09, 92.14, 91.39, 86.96, 85.96, 83.83, 81.65, 79.61, 80.38, 78.49, 76.95, 76.53, 76.8, 75.36, 72.62]
2026-06-14 04:33:25,345 [trainer.py] => Average Accuracy (CNN): 59.04
2026-06-14 04:33:25,347 [trainer.py] => All params: 172158352
2026-06-14 04:33:25,348 [trainer.py] => Trainable params: 407240
2026-06-14 04:33:25,348 [dualprompt.py] => Learning on 85-90
2026-06-14 04:36:50,339 [dualprompt.py] => Task 17, Epoch 20/20 => Loss 0.042, Train_accy 100.00, Test_accy 44.13
2026-06-14 04:37:13,040 [trainer.py] => No NME accuracy.
2026-06-14 04:37:13,040 [trainer.py] => CNN: {'total': 44.13, '00-04': 48.15, '05-09': 48.57, '10-14': 14.29, '15-19': 48.65, '20-24': 18.18, '25-29': 33.33, '30-34': 56.86, '35-39': 51.61, '40-44': 54.1, '45-49': 9.68, '50-54': 63.08, '55-59': 53.57, '60-64': 37.14, '65-69': 63.16, '70-74': 42.22, '75-79': 27.08, '80-84': 12.12, '85-89': 47.83, 'old': 44.0, 'new': 47.83}
2026-06-14 04:37:13,040 [trainer.py] => CNN top1 curve: [88.89, 79.78, 73.79, 69.29, 65.56, 58.7, 56.17, 56.39, 57.19, 52.79, 52.96, 51.88, 49.38, 49.62, 49.91, 46.68, 44.77, 44.13]
2026-06-14 04:37:13,040 [trainer.py] => CNN top5 curve: [100.0, 100.0, 97.09, 92.14, 91.39, 86.96, 85.96, 83.83, 81.65, 79.61, 80.38, 78.49, 76.95, 76.53, 76.8, 75.36, 72.62, 71.92]
2026-06-14 04:37:13,040 [trainer.py] => Average Accuracy (CNN): 58.22
2026-06-14 04:37:13,041 [trainer.py] => All params: 172158352
2026-06-14 04:37:13,042 [trainer.py] => Trainable params: 407240
2026-06-14 04:37:13,042 [dualprompt.py] => Learning on 90-95
2026-06-14 04:43:29,528 [dualprompt.py] => Task 18, Epoch 20/20 => Loss 0.051, Train_accy 96.93, Test_accy 43.82
2026-06-14 04:43:55,445 [trainer.py] => No NME accuracy.
2026-06-14 04:43:55,445 [trainer.py] => CNN: {'total': 43.82, '00-04': 46.3, '05-09': 42.86, '10-14': 14.29, '15-19': 48.65, '20-24': 18.18, '25-29': 36.36, '30-34': 54.9, '35-39': 45.16, '40-44': 55.74, '45-49': 12.9, '50-54': 61.54, '55-59': 53.57, '60-64': 40.0, '65-69': 65.79, '70-74': 42.22, '75-79': 22.92, '80-84': 12.12, '85-89': 52.17, '90-94': 45.07, 'old': 43.68, 'new': 45.07}
2026-06-14 04:43:55,446 [trainer.py] => CNN top1 curve: [88.89, 79.78, 73.79, 69.29, 65.56, 58.7, 56.17, 56.39, 57.19, 52.79, 52.96, 51.88, 49.38, 49.62, 49.91, 46.68, 44.77, 44.13, 43.82]
2026-06-14 04:43:55,446 [trainer.py] => CNN top5 curve: [100.0, 100.0, 97.09, 92.14, 91.39, 86.96, 85.96, 83.83, 81.65, 79.61, 80.38, 78.49, 76.95, 76.53, 76.8, 75.36, 72.62, 71.92, 70.56]
2026-06-14 04:43:55,446 [trainer.py] => Average Accuracy (CNN): 57.46
2026-06-14 04:43:55,447 [trainer.py] => All params: 172158352
2026-06-14 04:43:55,448 [trainer.py] => Trainable params: 407240
2026-06-14 04:43:55,448 [dualprompt.py] => Learning on 95-100
2026-06-14 04:48:15,373 [dualprompt.py] => Task 19, Epoch 20/20 => Loss 0.004, Train_accy 98.58, Test_accy 41.81
2026-06-14 04:48:41,008 [trainer.py] => No NME accuracy.
2026-06-14 04:48:41,009 [trainer.py] => CNN: {'total': 41.81, '00-04': 42.59, '05-09': 40.0, '10-14': 14.29, '15-19': 48.65, '20-24': 18.18, '25-29': 36.36, '30-34': 54.9, '35-39': 45.16, '40-44': 57.38, '45-49': 12.9, '50-54': 56.92, '55-59': 53.57, '60-64': 40.0, '65-69': 63.16, '70-74': 42.22, '75-79': 22.92, '80-84': 12.12, '85-89': 52.17, '90-94': 39.44, '95-99': 25.81, 'old': 42.47, 'new': 25.81}
2026-06-14 04:48:41,009 [trainer.py] => CNN top1 curve: [88.89, 79.78, 73.79, 69.29, 65.56, 58.7, 56.17, 56.39, 57.19, 52.79, 52.96, 51.88, 49.38, 49.62, 49.91, 46.68, 44.77, 44.13, 43.82, 41.81]
2026-06-14 04:48:41,009 [trainer.py] => CNN top5 curve: [100.0, 100.0, 97.09, 92.14, 91.39, 86.96, 85.96, 83.83, 81.65, 79.61, 80.38, 78.49, 76.95, 76.53, 76.8, 75.36, 72.62, 71.92, 70.56, 69.81]
2026-06-14 04:48:41,009 [trainer.py] => Average Accuracy (CNN): 56.68
2026-06-14 04:48:41,012 [trainer.py] => All params: 172158352
2026-06-14 04:48:41,015 [trainer.py] => Trainable params: 407240
2026-06-14 04:48:41,015 [dualprompt.py] => Learning on 100-105
2026-06-14 04:52:51,365 [dualprompt.py] => Task 20, Epoch 20/20 => Loss 0.084, Train_accy 97.64, Test_accy 40.45
2026-06-14 04:53:18,253 [trainer.py] => No NME accuracy.
2026-06-14 04:53:18,253 [trainer.py] => CNN: {'total': 40.45, '00-04': 44.44, '05-09': 42.86, '10-14': 14.29, '15-19': 48.65, '20-24': 18.18, '25-29': 33.33, '30-34': 54.9, '35-39': 48.39, '40-44': 54.1, '45-49': 12.9, '50-54': 56.92, '55-59': 53.57, '60-64': 37.14, '65-69': 65.79, '70-74': 40.0, '75-79': 20.83, '80-84': 12.12, '85-89': 52.17, '90-94': 40.85, '95-99': 22.58, '100-104': 12.9, 'old': 41.55, 'new': 12.9}
2026-06-14 04:53:18,253 [trainer.py] => CNN top1 curve: [88.89, 79.78, 73.79, 69.29, 65.56, 58.7, 56.17, 56.39, 57.19, 52.79, 52.96, 51.88, 49.38, 49.62, 49.91, 46.68, 44.77, 44.13, 43.82, 41.81, 40.45]
2026-06-14 04:53:18,253 [trainer.py] => CNN top5 curve: [100.0, 100.0, 97.09, 92.14, 91.39, 86.96, 85.96, 83.83, 81.65, 79.61, 80.38, 78.49, 76.95, 76.53, 76.8, 75.36, 72.62, 71.92, 70.56, 69.81, 68.86]
2026-06-14 04:53:18,253 [trainer.py] => Average Accuracy (CNN): 55.9
2026-06-14 04:53:18,255 [trainer.py] => All params: 172158352
2026-06-14 04:53:18,256 [trainer.py] => Trainable params: 407240
2026-06-14 04:53:18,256 [dualprompt.py] => Learning on 105-110
2026-06-14 04:57:35,650 [dualprompt.py] => Task 21, Epoch 20/20 => Loss 0.020, Train_accy 100.00, Test_accy 40.74
2026-06-14 04:58:03,645 [trainer.py] => No NME accuracy.
2026-06-14 04:58:03,646 [trainer.py] => CNN: {'total': 40.74, '00-04': 44.44, '05-09': 42.86, '10-14': 14.29, '15-19': 48.65, '20-24': 18.18, '25-29': 30.3, '30-34': 52.94, '35-39': 48.39, '40-44': 55.74, '45-49': 12.9, '50-54': 56.92, '55-59': 57.14, '60-64': 37.14, '65-69': 63.16, '70-74': 40.0, '75-79': 20.83, '80-84': 12.12, '85-89': 43.48, '90-94': 39.44, '95-99': 22.58, '100-104': 12.9, '105-109': 61.29, 'old': 39.95, 'new': 61.29}
2026-06-14 04:58:03,647 [trainer.py] => CNN top1 curve: [88.89, 79.78, 73.79, 69.29, 65.56, 58.7, 56.17, 56.39, 57.19, 52.79, 52.96, 51.88, 49.38, 49.62, 49.91, 46.68, 44.77, 44.13, 43.82, 41.81, 40.45, 40.74]
2026-06-14 04:58:03,647 [trainer.py] => CNN top5 curve: [100.0, 100.0, 97.09, 92.14, 91.39, 86.96, 85.96, 83.83, 81.65, 79.61, 80.38, 78.49, 76.95, 76.53, 76.8, 75.36, 72.62, 71.92, 70.56, 69.81, 68.86, 69.18]
2026-06-14 04:58:03,647 [trainer.py] => Average Accuracy (CNN): 55.21
2026-06-14 04:58:03,651 [trainer.py] => All params: 172158352
2026-06-14 04:58:03,654 [trainer.py] => Trainable params: 407240
2026-06-14 04:58:03,654 [dualprompt.py] => Learning on 110-115
2026-06-14 05:03:18,250 [dualprompt.py] => Task 22, Epoch 20/20 => Loss 0.073, Train_accy 96.63, Test_accy 39.46
2026-06-14 05:03:48,887 [trainer.py] => No NME accuracy.
2026-06-14 05:03:48,901 [trainer.py] => CNN: {'total': 39.46, '00-04': 44.44, '05-09': 42.86, '10-14': 14.29, '15-19': 48.65, '20-24': 18.18, '25-29': 33.33, '30-34': 52.94, '35-39': 45.16, '40-44': 54.1, '45-49': 12.9, '50-54': 55.38, '55-59': 57.14, '60-64': 37.14, '65-69': 63.16, '70-74': 40.0, '75-79': 20.83, '80-84': 12.12, '85-89': 39.13, '90-94': 38.03, '95-99': 22.58, '100-104': 12.9, '105-109': 61.29, '110-114': 24.44, 'old': 40.26, 'new': 24.44}
2026-06-14 05:03:48,901 [trainer.py] => CNN top1 curve: [88.89, 79.78, 73.79, 69.29, 65.56, 58.7, 56.17, 56.39, 57.19, 52.79, 52.96, 51.88, 49.38, 49.62, 49.91, 46.68, 44.77, 44.13, 43.82, 41.81, 40.45, 40.74, 39.46]
2026-06-14 05:03:48,901 [trainer.py] => CNN top5 curve: [100.0, 100.0, 97.09, 92.14, 91.39, 86.96, 85.96, 83.83, 81.65, 79.61, 80.38, 78.49, 76.95, 76.53, 76.8, 75.36, 72.62, 71.92, 70.56, 69.81, 68.86, 69.18, 67.8]
2026-06-14 05:03:48,901 [trainer.py] => Average Accuracy (CNN): 54.53
2026-06-14 05:03:48,903 [trainer.py] => All params: 172158352
2026-06-14 05:03:48,904 [trainer.py] => Trainable params: 407240
2026-06-14 05:03:48,904 [dualprompt.py] => Learning on 115-120
2026-06-14 05:07:29,225 [dualprompt.py] => Task 23, Epoch 20/20 => Loss 0.038, Train_accy 97.65, Test_accy 39.14
2026-06-14 05:07:59,672 [trainer.py] => No NME accuracy.
2026-06-14 05:07:59,685 [trainer.py] => CNN: {'total': 39.14, '00-04': 46.3, '05-09': 40.0, '10-14': 14.29, '15-19': 48.65, '20-24': 9.09, '25-29': 33.33, '30-34': 52.94, '35-39': 45.16, '40-44': 52.46, '45-49': 12.9, '50-54': 55.38, '55-59': 50.0, '60-64': 37.14, '65-69': 60.53, '70-74': 40.0, '75-79': 20.83, '80-84': 12.12, '85-89': 39.13, '90-94': 39.44, '95-99': 19.35, '100-104': 12.9, '105-109': 61.29, '110-114': 22.22, '115-119': 55.0, 'old': 38.78, 'new': 55.0}
2026-06-14 05:07:59,685 [trainer.py] => CNN top1 curve: [88.89, 79.78, 73.79, 69.29, 65.56, 58.7, 56.17, 56.39, 57.19, 52.79, 52.96, 51.88, 49.38, 49.62, 49.91, 46.68, 44.77, 44.13, 43.82, 41.81, 40.45, 40.74, 39.46, 39.14]
2026-06-14 05:07:59,685 [trainer.py] => CNN top5 curve: [100.0, 100.0, 97.09, 92.14, 91.39, 86.96, 85.96, 83.83, 81.65, 79.61, 80.38, 78.49, 76.95, 76.53, 76.8, 75.36, 72.62, 71.92, 70.56, 69.81, 68.86, 69.18, 67.8, 67.74]
2026-06-14 05:07:59,685 [trainer.py] => Average Accuracy (CNN): 53.89
2026-06-14 05:07:59,687 [trainer.py] => All params: 172158352
2026-06-14 05:07:59,688 [trainer.py] => Trainable params: 407240
2026-06-14 05:07:59,688 [dualprompt.py] => Learning on 120-125
2026-06-14 05:13:36,893 [dualprompt.py] => Task 24, Epoch 20/20 => Loss 0.066, Train_accy 97.38, Test_accy 38.66
2026-06-14 05:14:08,794 [trainer.py] => No NME accuracy.
2026-06-14 05:14:08,794 [trainer.py] => CNN: {'total': 38.66, '00-04': 44.44, '05-09': 40.0, '10-14': 14.29, '15-19': 48.65, '20-24': 9.09, '25-29': 30.3, '30-34': 52.94, '35-39': 45.16, '40-44': 52.46, '45-49': 12.9, '50-54': 53.85, '55-59': 53.57, '60-64': 37.14, '65-69': 57.89, '70-74': 40.0, '75-79': 20.83, '80-84': 12.12, '85-89': 39.13, '90-94': 38.03, '95-99': 19.35, '100-104': 12.9, '105-109': 61.29, '110-114': 22.22, '115-119': 55.0, '120-124': 38.18, 'old': 38.69, 'new': 38.18}
2026-06-14 05:14:08,794 [trainer.py] => CNN top1 curve: [88.89, 79.78, 73.79, 69.29, 65.56, 58.7, 56.17, 56.39, 57.19, 52.79, 52.96, 51.88, 49.38, 49.62, 49.91, 46.68, 44.77, 44.13, 43.82, 41.81, 40.45, 40.74, 39.46, 39.14, 38.66]
2026-06-14 05:14:08,794 [trainer.py] => CNN top5 curve: [100.0, 100.0, 97.09, 92.14, 91.39, 86.96, 85.96, 83.83, 81.65, 79.61, 80.38, 78.49, 76.95, 76.53, 76.8, 75.36, 72.62, 71.92, 70.56, 69.81, 68.86, 69.18, 67.8, 67.74, 67.4]
2026-06-14 05:14:08,794 [trainer.py] => Average Accuracy (CNN): 53.28
2026-06-14 05:14:08,796 [trainer.py] => All params: 172158352
2026-06-14 05:14:08,797 [trainer.py] => Trainable params: 407240
2026-06-14 05:14:08,797 [dualprompt.py] => Learning on 125-130
2026-06-14 05:19:08,515 [dualprompt.py] => Task 25, Epoch 20/20 => Loss 0.126, Train_accy 95.92, Test_accy 37.43
2026-06-14 05:19:42,799 [trainer.py] => No NME accuracy.
2026-06-14 05:19:42,800 [trainer.py] => CNN: {'total': 37.43, '00-04': 42.59, '05-09': 37.14, '10-14': 14.29, '15-19': 48.65, '20-24': 9.09, '25-29': 33.33, '30-34': 52.94, '35-39': 41.94, '40-44': 50.82, '45-49': 12.9, '50-54': 52.31, '55-59': 53.57, '60-64': 37.14, '65-69': 57.89, '70-74': 40.0, '75-79': 18.75, '80-84': 12.12, '85-89': 39.13, '90-94': 36.62, '95-99': 25.81, '100-104': 12.9, '105-109': 61.29, '110-114': 22.22, '115-119': 50.0, '120-124': 38.18, '125-129': 22.22, 'old': 38.14, 'new': 22.22}
2026-06-14 05:19:42,800 [trainer.py] => CNN top1 curve: [88.89, 79.78, 73.79, 69.29, 65.56, 58.7, 56.17, 56.39, 57.19, 52.79, 52.96, 51.88, 49.38, 49.62, 49.91, 46.68, 44.77, 44.13, 43.82, 41.81, 40.45, 40.74, 39.46, 39.14, 38.66, 37.43]
2026-06-14 05:19:42,800 [trainer.py] => CNN top5 curve: [100.0, 100.0, 97.09, 92.14, 91.39, 86.96, 85.96, 83.83, 81.65, 79.61, 80.38, 78.49, 76.95, 76.53, 76.8, 75.36, 72.62, 71.92, 70.56, 69.81, 68.86, 69.18, 67.8, 67.74, 67.4, 65.97]
2026-06-14 05:19:42,801 [trainer.py] => Average Accuracy (CNN): 52.67
2026-06-14 05:19:42,804 [trainer.py] => All params: 172158352
2026-06-14 05:19:42,808 [trainer.py] => Trainable params: 407240
2026-06-14 05:19:42,808 [dualprompt.py] => Learning on 130-135
2026-06-14 05:23:46,871 [dualprompt.py] => Task 26, Epoch 20/20 => Loss 0.094, Train_accy 96.63, Test_accy 36.59
2026-06-14 05:24:20,879 [trainer.py] => No NME accuracy.
2026-06-14 05:24:20,880 [trainer.py] => CNN: {'total': 36.59, '00-04': 42.59, '05-09': 37.14, '10-14': 14.29, '15-19': 48.65, '20-24': 9.09, '25-29': 30.3, '30-34': 52.94, '35-39': 41.94, '40-44': 52.46, '45-49': 12.9, '50-54': 52.31, '55-59': 53.57, '60-64': 37.14, '65-69': 55.26, '70-74': 40.0, '75-79': 18.75, '80-84': 12.12, '85-89': 39.13, '90-94': 36.62, '95-99': 25.81, '100-104': 12.9, '105-109': 54.84, '110-114': 17.78, '115-119': 45.0, '120-124': 38.18, '125-129': 22.22, '130-134': 26.09, 'old': 36.83, 'new': 26.09}
2026-06-14 05:24:20,880 [trainer.py] => CNN top1 curve: [88.89, 79.78, 73.79, 69.29, 65.56, 58.7, 56.17, 56.39, 57.19, 52.79, 52.96, 51.88, 49.38, 49.62, 49.91, 46.68, 44.77, 44.13, 43.82, 41.81, 40.45, 40.74, 39.46, 39.14, 38.66, 37.43, 36.59]
2026-06-14 05:24:20,880 [trainer.py] => CNN top5 curve: [100.0, 100.0, 97.09, 92.14, 91.39, 86.96, 85.96, 83.83, 81.65, 79.61, 80.38, 78.49, 76.95, 76.53, 76.8, 75.36, 72.62, 71.92, 70.56, 69.81, 68.86, 69.18, 67.8, 67.74, 67.4, 65.97, 64.68]
2026-06-14 05:24:20,881 [trainer.py] => Average Accuracy (CNN): 52.07
2026-06-14 05:24:20,885 [trainer.py] => All params: 172158352
2026-06-14 05:24:20,888 [trainer.py] => Trainable params: 407240
2026-06-14 05:24:20,888 [dualprompt.py] => Learning on 135-140
2026-06-14 05:29:17,509 [dualprompt.py] => Task 27, Epoch 20/20 => Loss 0.013, Train_accy 100.00, Test_accy 37.01
2026-06-14 05:29:53,396 [trainer.py] => No NME accuracy.
2026-06-14 05:29:53,397 [trainer.py] => CNN: {'total': 37.01, '00-04': 44.44, '05-09': 37.14, '10-14': 14.29, '15-19': 43.24, '20-24': 9.09, '25-29': 30.3, '30-34': 52.94, '35-39': 41.94, '40-44': 52.46, '45-49': 12.9, '50-54': 52.31, '55-59': 50.0, '60-64': 40.0, '65-69': 55.26, '70-74': 40.0, '75-79': 18.75, '80-84': 12.12, '85-89': 39.13, '90-94': 35.21, '95-99': 25.81, '100-104': 12.9, '105-109': 54.84, '110-114': 17.78, '115-119': 45.0, '120-124': 40.0, '125-129': 22.22, '130-134': 30.43, '135-139': 53.85, 'old': 36.59, 'new': 53.85}
2026-06-14 05:29:53,397 [trainer.py] => CNN top1 curve: [88.89, 79.78, 73.79, 69.29, 65.56, 58.7, 56.17, 56.39, 57.19, 52.79, 52.96, 51.88, 49.38, 49.62, 49.91, 46.68, 44.77, 44.13, 43.82, 41.81, 40.45, 40.74, 39.46, 39.14, 38.66, 37.43, 36.59, 37.01]
2026-06-14 05:29:53,397 [trainer.py] => CNN top5 curve: [100.0, 100.0, 97.09, 92.14, 91.39, 86.96, 85.96, 83.83, 81.65, 79.61, 80.38, 78.49, 76.95, 76.53, 76.8, 75.36, 72.62, 71.92, 70.56, 69.81, 68.86, 69.18, 67.8, 67.74, 67.4, 65.97, 64.68, 64.7]
2026-06-14 05:29:53,397 [trainer.py] => Average Accuracy (CNN): 51.54
2026-06-14 05:29:53,401 [trainer.py] => All params: 172158352
2026-06-14 05:29:53,404 [trainer.py] => Trainable params: 407240
2026-06-14 05:29:53,404 [dualprompt.py] => Learning on 140-145
2026-06-14 05:36:01,549 [dualprompt.py] => Task 28, Epoch 20/20 => Loss 0.058, Train_accy 96.53, Test_accy 35.82
2026-06-14 05:36:38,524 [trainer.py] => No NME accuracy.
2026-06-14 05:36:38,537 [trainer.py] => CNN: {'total': 35.82, '00-04': 40.74, '05-09': 37.14, '10-14': 14.29, '15-19': 48.65, '20-24': 9.09, '25-29': 30.3, '30-34': 52.94, '35-39': 41.94, '40-44': 52.46, '45-49': 12.9, '50-54': 52.31, '55-59': 50.0, '60-64': 37.14, '65-69': 55.26, '70-74': 40.0, '75-79': 18.75, '80-84': 12.12, '85-89': 39.13, '90-94': 35.21, '95-99': 29.03, '100-104': 9.68, '105-109': 54.84, '110-114': 17.78, '115-119': 40.0, '120-124': 36.36, '125-129': 22.22, '130-134': 21.74, '135-139': 42.31, '140-144': 28.26, 'old': 36.16, 'new': 28.26}
2026-06-14 05:36:38,538 [trainer.py] => CNN top1 curve: [88.89, 79.78, 73.79, 69.29, 65.56, 58.7, 56.17, 56.39, 57.19, 52.79, 52.96, 51.88, 49.38, 49.62, 49.91, 46.68, 44.77, 44.13, 43.82, 41.81, 40.45, 40.74, 39.46, 39.14, 38.66, 37.43, 36.59, 37.01, 35.82]
2026-06-14 05:36:38,538 [trainer.py] => CNN top5 curve: [100.0, 100.0, 97.09, 92.14, 91.39, 86.96, 85.96, 83.83, 81.65, 79.61, 80.38, 78.49, 76.95, 76.53, 76.8, 75.36, 72.62, 71.92, 70.56, 69.81, 68.86, 69.18, 67.8, 67.74, 67.4, 65.97, 64.68, 64.7, 63.35]
2026-06-14 05:36:38,538 [trainer.py] => Average Accuracy (CNN): 50.99
2026-06-14 05:36:38,542 [trainer.py] => All params: 172158352
2026-06-14 05:36:38,545 [trainer.py] => Trainable params: 407240
2026-06-14 05:36:38,546 [dualprompt.py] => Learning on 145-150
2026-06-14 05:42:53,302 [dualprompt.py] => Task 29, Epoch 20/20 => Loss 0.028, Train_accy 98.22, Test_accy 36.00
2026-06-14 05:43:32,696 [trainer.py] => No NME accuracy.
2026-06-14 05:43:32,709 [trainer.py] => CNN: {'total': 36.0, '00-04': 42.59, '05-09': 37.14, '10-14': 14.29, '15-19': 48.65, '20-24': 9.09, '25-29': 30.3, '30-34': 52.94, '35-39': 41.94, '40-44': 52.46, '45-49': 12.9, '50-54': 50.77, '55-59': 39.29, '60-64': 37.14, '65-69': 57.89, '70-74': 40.0, '75-79': 18.75, '80-84': 12.12, '85-89': 39.13, '90-94': 36.62, '95-99': 25.81, '100-104': 12.9, '105-109': 54.84, '110-114': 17.78, '115-119': 40.0, '120-124': 34.55, '125-129': 24.44, '130-134': 21.74, '135-139': 46.15, '140-144': 28.26, '145-149': 39.62, 'old': 35.82, 'new': 39.62}
2026-06-14 05:43:32,709 [trainer.py] => CNN top1 curve: [88.89, 79.78, 73.79, 69.29, 65.56, 58.7, 56.17, 56.39, 57.19, 52.79, 52.96, 51.88, 49.38, 49.62, 49.91, 46.68, 44.77, 44.13, 43.82, 41.81, 40.45, 40.74, 39.46, 39.14, 38.66, 37.43, 36.59, 37.01, 35.82, 36.0]
2026-06-14 05:43:32,710 [trainer.py] => CNN top5 curve: [100.0, 100.0, 97.09, 92.14, 91.39, 86.96, 85.96, 83.83, 81.65, 79.61, 80.38, 78.49, 76.95, 76.53, 76.8, 75.36, 72.62, 71.92, 70.56, 69.81, 68.86, 69.18, 67.8, 67.74, 67.4, 65.97, 64.68, 64.7, 63.35, 62.78]
2026-06-14 05:43:32,710 [trainer.py] => Average Accuracy (CNN): 50.49
2026-06-14 05:43:32,711 [trainer.py] => All params: 172158352
2026-06-14 05:43:32,712 [trainer.py] => Trainable params: 407240
2026-06-14 05:43:32,712 [dualprompt.py] => Learning on 150-155
2026-06-14 05:50:48,793 [dualprompt.py] => Task 30, Epoch 20/20 => Loss 0.018, Train_accy 98.43, Test_accy 36.49
2026-06-14 05:51:29,710 [trainer.py] => No NME accuracy.
2026-06-14 05:51:29,710 [trainer.py] => CNN: {'total': 36.49, '00-04': 42.59, '05-09': 37.14, '10-14': 21.43, '15-19': 48.65, '20-24': 18.18, '25-29': 30.3, '30-34': 52.94, '35-39': 41.94, '40-44': 47.54, '45-49': 6.45, '50-54': 52.31, '55-59': 39.29, '60-64': 28.57, '65-69': 57.89, '70-74': 40.0, '75-79': 18.75, '80-84': 12.12, '85-89': 39.13, '90-94': 36.62, '95-99': 32.26, '100-104': 9.68, '105-109': 54.84, '110-114': 20.0, '115-119': 35.0, '120-124': 32.73, '125-129': 24.44, '130-134': 21.74, '135-139': 46.15, '140-144': 26.09, '145-149': 39.62, '150-154': 54.69, 'old': 35.48, 'new': 54.69}
2026-06-14 05:51:29,711 [trainer.py] => CNN top1 curve: [88.89, 79.78, 73.79, 69.29, 65.56, 58.7, 56.17, 56.39, 57.19, 52.79, 52.96, 51.88, 49.38, 49.62, 49.91, 46.68, 44.77, 44.13, 43.82, 41.81, 40.45, 40.74, 39.46, 39.14, 38.66, 37.43, 36.59, 37.01, 35.82, 36.0, 36.49]
2026-06-14 05:51:29,711 [trainer.py] => CNN top5 curve: [100.0, 100.0, 97.09, 92.14, 91.39, 86.96, 85.96, 83.83, 81.65, 79.61, 80.38, 78.49, 76.95, 76.53, 76.8, 75.36, 72.62, 71.92, 70.56, 69.81, 68.86, 69.18, 67.8, 67.74, 67.4, 65.97, 64.68, 64.7, 63.35, 62.78, 63.18]
2026-06-14 05:51:29,711 [trainer.py] => Average Accuracy (CNN): 50.04
2026-06-14 05:51:29,714 [trainer.py] => All params: 172158352
2026-06-14 05:51:29,716 [trainer.py] => Trainable params: 407240
2026-06-14 05:51:29,716 [dualprompt.py] => Learning on 155-160
2026-06-14 05:58:32,077 [dualprompt.py] => Task 31, Epoch 20/20 => Loss -0.018, Train_accy 100.00, Test_accy 35.86
2026-06-14 05:59:14,530 [trainer.py] => No NME accuracy.
2026-06-14 05:59:14,531 [trainer.py] => CNN: {'total': 35.86, '00-04': 38.89, '05-09': 37.14, '10-14': 21.43, '15-19': 51.35, '20-24': 9.09, '25-29': 27.27, '30-34': 52.94, '35-39': 41.94, '40-44': 49.18, '45-49': 6.45, '50-54': 52.31, '55-59': 39.29, '60-64': 31.43, '65-69': 52.63, '70-74': 40.0, '75-79': 18.75, '80-84': 12.12, '85-89': 39.13, '90-94': 33.8, '95-99': 29.03, '100-104': 9.68, '105-109': 54.84, '110-114': 20.0, '115-119': 35.0, '120-124': 32.73, '125-129': 22.22, '130-134': 21.74, '135-139': 42.31, '140-144': 26.09, '145-149': 37.74, '150-154': 54.69, '155-159': 38.46, 'old': 35.75, 'new': 38.46}
2026-06-14 05:59:14,531 [trainer.py] => CNN top1 curve: [88.89, 79.78, 73.79, 69.29, 65.56, 58.7, 56.17, 56.39, 57.19, 52.79, 52.96, 51.88, 49.38, 49.62, 49.91, 46.68, 44.77, 44.13, 43.82, 41.81, 40.45, 40.74, 39.46, 39.14, 38.66, 37.43, 36.59, 37.01, 35.82, 36.0, 36.49, 35.86]
2026-06-14 05:59:14,531 [trainer.py] => CNN top5 curve: [100.0, 100.0, 97.09, 92.14, 91.39, 86.96, 85.96, 83.83, 81.65, 79.61, 80.38, 78.49, 76.95, 76.53, 76.8, 75.36, 72.62, 71.92, 70.56, 69.81, 68.86, 69.18, 67.8, 67.74, 67.4, 65.97, 64.68, 64.7, 63.35, 62.78, 63.18, 62.64]
2026-06-14 05:59:14,531 [trainer.py] => Average Accuracy (CNN): 49.6
2026-06-14 05:59:14,532 [trainer.py] => All params: 172158352
2026-06-14 05:59:14,533 [trainer.py] => Trainable params: 407240
2026-06-14 05:59:14,534 [dualprompt.py] => Learning on 160-165
2026-06-14 06:04:10,150 [dualprompt.py] => Task 32, Epoch 20/20 => Loss 0.059, Train_accy 97.17, Test_accy 35.45
2026-06-14 06:04:54,021 [trainer.py] => No NME accuracy.
2026-06-14 06:04:54,022 [trainer.py] => CNN: {'total': 35.45, '00-04': 37.04, '05-09': 40.0, '10-14': 21.43, '15-19': 48.65, '20-24': 9.09, '25-29': 27.27, '30-34': 52.94, '35-39': 41.94, '40-44': 47.54, '45-49': 6.45, '50-54': 50.77, '55-59': 39.29, '60-64': 34.29, '65-69': 52.63, '70-74': 42.22, '75-79': 18.75, '80-84': 12.12, '85-89': 39.13, '90-94': 36.62, '95-99': 32.26, '100-104': 9.68, '105-109': 54.84, '110-114': 20.0, '115-119': 35.0, '120-124': 30.91, '125-129': 24.44, '130-134': 21.74, '135-139': 42.31, '140-144': 26.09, '145-149': 37.74, '150-154': 54.69, '155-159': 36.54, '160-164': 11.54, 'old': 35.94, 'new': 11.54}
2026-06-14 06:04:54,022 [trainer.py] => CNN top1 curve: [88.89, 79.78, 73.79, 69.29, 65.56, 58.7, 56.17, 56.39, 57.19, 52.79, 52.96, 51.88, 49.38, 49.62, 49.91, 46.68, 44.77, 44.13, 43.82, 41.81, 40.45, 40.74, 39.46, 39.14, 38.66, 37.43, 36.59, 37.01, 35.82, 36.0, 36.49, 35.86, 35.45]
2026-06-14 06:04:54,022 [trainer.py] => CNN top5 curve: [100.0, 100.0, 97.09, 92.14, 91.39, 86.96, 85.96, 83.83, 81.65, 79.61, 80.38, 78.49, 76.95, 76.53, 76.8, 75.36, 72.62, 71.92, 70.56, 69.81, 68.86, 69.18, 67.8, 67.74, 67.4, 65.97, 64.68, 64.7, 63.35, 62.78, 63.18, 62.64, 61.53]
2026-06-14 06:04:54,022 [trainer.py] => Average Accuracy (CNN): 49.17
2026-06-14 06:04:54,026 [trainer.py] => All params: 172158352
2026-06-14 06:04:54,030 [trainer.py] => Trainable params: 407240
2026-06-14 06:04:54,030 [dualprompt.py] => Learning on 165-170
2026-06-14 06:12:46,833 [dualprompt.py] => Task 33, Epoch 20/20 => Loss 0.045, Train_accy 97.79, Test_accy 35.03
2026-06-14 06:13:32,186 [trainer.py] => No NME accuracy.
2026-06-14 06:13:32,198 [trainer.py] => CNN: {'total': 35.03, '00-04': 37.04, '05-09': 37.14, '10-14': 21.43, '15-19': 48.65, '20-24': 9.09, '25-29': 27.27, '30-34': 52.94, '35-39': 38.71, '40-44': 45.9, '45-49': 6.45, '50-54': 46.15, '55-59': 39.29, '60-64': 28.57, '65-69': 52.63, '70-74': 37.78, '75-79': 18.75, '80-84': 12.12, '85-89': 39.13, '90-94': 32.39, '95-99': 32.26, '100-104': 9.68, '105-109': 54.84, '110-114': 20.0, '115-119': 35.0, '120-124': 32.73, '125-129': 24.44, '130-134': 21.74, '135-139': 46.15, '140-144': 23.91, '145-149': 35.85, '150-154': 54.69, '155-159': 36.54, '160-164': 11.54, '165-169': 46.88, 'old': 34.44, 'new': 46.88}
2026-06-14 06:13:32,198 [trainer.py] => CNN top1 curve: [88.89, 79.78, 73.79, 69.29, 65.56, 58.7, 56.17, 56.39, 57.19, 52.79, 52.96, 51.88, 49.38, 49.62, 49.91, 46.68, 44.77, 44.13, 43.82, 41.81, 40.45, 40.74, 39.46, 39.14, 38.66, 37.43, 36.59, 37.01, 35.82, 36.0, 36.49, 35.86, 35.45, 35.03]
2026-06-14 06:13:32,198 [trainer.py] => CNN top5 curve: [100.0, 100.0, 97.09, 92.14, 91.39, 86.96, 85.96, 83.83, 81.65, 79.61, 80.38, 78.49, 76.95, 76.53, 76.8, 75.36, 72.62, 71.92, 70.56, 69.81, 68.86, 69.18, 67.8, 67.74, 67.4, 65.97, 64.68, 64.7, 63.35, 62.78, 63.18, 62.64, 61.53, 62.39]
2026-06-14 06:13:32,198 [trainer.py] => Average Accuracy (CNN): 48.75
2026-06-14 06:13:32,200 [trainer.py] => All params: 172158352
2026-06-14 06:13:32,201 [trainer.py] => Trainable params: 407240
2026-06-14 06:13:32,201 [dualprompt.py] => Learning on 170-175
2026-06-14 06:19:05,069 [dualprompt.py] => Task 34, Epoch 20/20 => Loss 0.051, Train_accy 97.73, Test_accy 35.07
2026-06-14 06:19:51,338 [trainer.py] => No NME accuracy.
2026-06-14 06:19:51,339 [trainer.py] => CNN: {'total': 35.07, '00-04': 37.04, '05-09': 40.0, '10-14': 21.43, '15-19': 48.65, '20-24': 18.18, '25-29': 30.3, '30-34': 52.94, '35-39': 38.71, '40-44': 45.9, '45-49': 6.45, '50-54': 46.15, '55-59': 39.29, '60-64': 28.57, '65-69': 52.63, '70-74': 37.78, '75-79': 18.75, '80-84': 12.12, '85-89': 39.13, '90-94': 35.21, '95-99': 32.26, '100-104': 9.68, '105-109': 54.84, '110-114': 17.78, '115-119': 40.0, '120-124': 32.73, '125-129': 24.44, '130-134': 21.74, '135-139': 42.31, '140-144': 26.09, '145-149': 35.85, '150-154': 54.69, '155-159': 36.54, '160-164': 11.54, '165-169': 48.44, '170-174': 12.5, 'old': 35.47, 'new': 12.5}
2026-06-14 06:19:51,339 [trainer.py] => CNN top1 curve: [88.89, 79.78, 73.79, 69.29, 65.56, 58.7, 56.17, 56.39, 57.19, 52.79, 52.96, 51.88, 49.38, 49.62, 49.91, 46.68, 44.77, 44.13, 43.82, 41.81, 40.45, 40.74, 39.46, 39.14, 38.66, 37.43, 36.59, 37.01, 35.82, 36.0, 36.49, 35.86, 35.45, 35.03, 35.07]
2026-06-14 06:19:51,340 [trainer.py] => CNN top5 curve: [100.0, 100.0, 97.09, 92.14, 91.39, 86.96, 85.96, 83.83, 81.65, 79.61, 80.38, 78.49, 76.95, 76.53, 76.8, 75.36, 72.62, 71.92, 70.56, 69.81, 68.86, 69.18, 67.8, 67.74, 67.4, 65.97, 64.68, 64.7, 63.35, 62.78, 63.18, 62.64, 61.53, 62.39, 61.67]
2026-06-14 06:19:51,340 [trainer.py] => Average Accuracy (CNN): 48.36
2026-06-14 06:19:51,344 [trainer.py] => All params: 172158352
2026-06-14 06:19:51,347 [trainer.py] => Trainable params: 407240
2026-06-14 06:19:51,347 [dualprompt.py] => Learning on 175-180
2026-06-14 06:24:41,056 [dualprompt.py] => Task 35, Epoch 20/20 => Loss -0.002, Train_accy 100.00, Test_accy 34.23
2026-06-14 06:25:27,568 [trainer.py] => No NME accuracy.
2026-06-14 06:25:27,569 [trainer.py] => CNN: {'total': 34.23, '00-04': 37.04, '05-09': 37.14, '10-14': 21.43, '15-19': 48.65, '20-24': 18.18, '25-29': 30.3, '30-34': 52.94, '35-39': 38.71, '40-44': 45.9, '45-49': 6.45, '50-54': 46.15, '55-59': 39.29, '60-64': 28.57, '65-69': 52.63, '70-74': 37.78, '75-79': 18.75, '80-84': 12.12, '85-89': 39.13, '90-94': 35.21, '95-99': 32.26, '100-104': 9.68, '105-109': 54.84, '110-114': 17.78, '115-119': 40.0, '120-124': 30.91, '125-129': 26.67, '130-134': 21.74, '135-139': 38.46, '140-144': 26.09, '145-149': 35.85, '150-154': 53.12, '155-159': 32.69, '160-164': 15.38, '165-169': 46.88, '170-174': 12.5, '175-179': 8.0, 'old': 34.71, 'new': 8.0}
2026-06-14 06:25:27,569 [trainer.py] => CNN top1 curve: [88.89, 79.78, 73.79, 69.29, 65.56, 58.7, 56.17, 56.39, 57.19, 52.79, 52.96, 51.88, 49.38, 49.62, 49.91, 46.68, 44.77, 44.13, 43.82, 41.81, 40.45, 40.74, 39.46, 39.14, 38.66, 37.43, 36.59, 37.01, 35.82, 36.0, 36.49, 35.86, 35.45, 35.03, 35.07, 34.23]
2026-06-14 06:25:27,569 [trainer.py] => CNN top5 curve: [100.0, 100.0, 97.09, 92.14, 91.39, 86.96, 85.96, 83.83, 81.65, 79.61, 80.38, 78.49, 76.95, 76.53, 76.8, 75.36, 72.62, 71.92, 70.56, 69.81, 68.86, 69.18, 67.8, 67.74, 67.4, 65.97, 64.68, 64.7, 63.35, 62.78, 63.18, 62.64, 61.53, 62.39, 61.67, 60.5]
2026-06-14 06:25:27,570 [trainer.py] => Average Accuracy (CNN): 47.97
2026-06-14 06:25:27,572 [trainer.py] => All params: 172158352
2026-06-14 06:25:27,575 [trainer.py] => Trainable params: 407240
2026-06-14 06:25:27,575 [dualprompt.py] => Learning on 180-185
2026-06-14 06:30:07,426 [dualprompt.py] => Task 36, Epoch 20/20 => Loss 0.029, Train_accy 98.61, Test_accy 33.68
2026-06-14 06:30:55,807 [trainer.py] => No NME accuracy.
2026-06-14 06:30:55,807 [trainer.py] => CNN: {'total': 33.68, '00-04': 37.04, '05-09': 34.29, '10-14': 21.43, '15-19': 48.65, '20-24': 18.18, '25-29': 24.24, '30-34': 52.94, '35-39': 38.71, '40-44': 45.9, '45-49': 6.45, '50-54': 47.69, '55-59': 39.29, '60-64': 25.71, '65-69': 52.63, '70-74': 37.78, '75-79': 18.75, '80-84': 12.12, '85-89': 39.13, '90-94': 35.21, '95-99': 32.26, '100-104': 9.68, '105-109': 54.84, '110-114': 20.0, '115-119': 40.0, '120-124': 29.09, '125-129': 24.44, '130-134': 21.74, '135-139': 42.31, '140-144': 26.09, '145-149': 35.85, '150-154': 53.12, '155-159': 34.62, '160-164': 11.54, '165-169': 46.88, '170-174': 12.5, '175-179': 8.0, '180-184': 13.04, 'old': 34.02, 'new': 13.04}
2026-06-14 06:30:55,807 [trainer.py] => CNN top1 curve: [88.89, 79.78, 73.79, 69.29, 65.56, 58.7, 56.17, 56.39, 57.19, 52.79, 52.96, 51.88, 49.38, 49.62, 49.91, 46.68, 44.77, 44.13, 43.82, 41.81, 40.45, 40.74, 39.46, 39.14, 38.66, 37.43, 36.59, 37.01, 35.82, 36.0, 36.49, 35.86, 35.45, 35.03, 35.07, 34.23, 33.68]
2026-06-14 06:30:55,808 [trainer.py] => CNN top5 curve: [100.0, 100.0, 97.09, 92.14, 91.39, 86.96, 85.96, 83.83, 81.65, 79.61, 80.38, 78.49, 76.95, 76.53, 76.8, 75.36, 72.62, 71.92, 70.56, 69.81, 68.86, 69.18, 67.8, 67.74, 67.4, 65.97, 64.68, 64.7, 63.35, 62.78, 63.18, 62.64, 61.53, 62.39, 61.67, 60.5, 60.01]
2026-06-14 06:30:55,808 [trainer.py] => Average Accuracy (CNN): 47.58
2026-06-14 06:30:55,810 [trainer.py] => All params: 172158352
2026-06-14 06:30:55,813 [trainer.py] => Trainable params: 407240
2026-06-14 06:30:55,813 [dualprompt.py] => Learning on 185-190
2026-06-14 06:36:35,396 [dualprompt.py] => Task 37, Epoch 20/20 => Loss -0.005, Train_accy 100.00, Test_accy 33.52
2026-06-14 06:37:23,906 [trainer.py] => No NME accuracy.
2026-06-14 06:37:23,907 [trainer.py] => CNN: {'total': 33.52, '00-04': 37.04, '05-09': 37.14, '10-14': 21.43, '15-19': 48.65, '20-24': 18.18, '25-29': 27.27, '30-34': 50.98, '35-39': 38.71, '40-44': 44.26, '45-49': 6.45, '50-54': 46.15, '55-59': 39.29, '60-64': 28.57, '65-69': 50.0, '70-74': 37.78, '75-79': 18.75, '80-84': 12.12, '85-89': 39.13, '90-94': 35.21, '95-99': 32.26, '100-104': 9.68, '105-109': 51.61, '110-114': 20.0, '115-119': 35.0, '120-124': 29.09, '125-129': 26.67, '130-134': 21.74, '135-139': 42.31, '140-144': 23.91, '145-149': 35.85, '150-154': 54.69, '155-159': 32.69, '160-164': 15.38, '165-169': 50.0, '170-174': 12.5, '175-179': 8.0, '180-184': 13.04, '185-189': 26.47, 'old': 33.68, 'new': 26.47}
2026-06-14 06:37:23,907 [trainer.py] => CNN top1 curve: [88.89, 79.78, 73.79, 69.29, 65.56, 58.7, 56.17, 56.39, 57.19, 52.79, 52.96, 51.88, 49.38, 49.62, 49.91, 46.68, 44.77, 44.13, 43.82, 41.81, 40.45, 40.74, 39.46, 39.14, 38.66, 37.43, 36.59, 37.01, 35.82, 36.0, 36.49, 35.86, 35.45, 35.03, 35.07, 34.23, 33.68, 33.52]
2026-06-14 06:37:23,907 [trainer.py] => CNN top5 curve: [100.0, 100.0, 97.09, 92.14, 91.39, 86.96, 85.96, 83.83, 81.65, 79.61, 80.38, 78.49, 76.95, 76.53, 76.8, 75.36, 72.62, 71.92, 70.56, 69.81, 68.86, 69.18, 67.8, 67.74, 67.4, 65.97, 64.68, 64.7, 63.35, 62.78, 63.18, 62.64, 61.53, 62.39, 61.67, 60.5, 60.01, 59.64]
2026-06-14 06:37:23,907 [trainer.py] => Average Accuracy (CNN): 47.21
2026-06-14 06:37:23,909 [trainer.py] => All params: 172158352
2026-06-14 06:37:23,910 [trainer.py] => Trainable params: 407240
2026-06-14 06:37:23,910 [dualprompt.py] => Learning on 190-195
2026-06-14 06:43:54,507 [dualprompt.py] => Task 38, Epoch 20/20 => Loss -0.022, Train_accy 100.00, Test_accy 33.44
2026-06-14 06:44:44,991 [trainer.py] => No NME accuracy.
2026-06-14 06:44:44,992 [trainer.py] => CNN: {'total': 33.44, '00-04': 33.33, '05-09': 37.14, '10-14': 21.43, '15-19': 48.65, '20-24': 18.18, '25-29': 27.27, '30-34': 50.98, '35-39': 38.71, '40-44': 44.26, '45-49': 6.45, '50-54': 43.08, '55-59': 35.71, '60-64': 28.57, '65-69': 50.0, '70-74': 37.78, '75-79': 18.75, '80-84': 12.12, '85-89': 39.13, '90-94': 36.62, '95-99': 32.26, '100-104': 9.68, '105-109': 51.61, '110-114': 17.78, '115-119': 35.0, '120-124': 29.09, '125-129': 26.67, '130-134': 21.74, '135-139': 42.31, '140-144': 21.74, '145-149': 35.85, '150-154': 54.69, '155-159': 30.77, '160-164': 19.23, '165-169': 50.0, '170-174': 12.5, '175-179': 8.0, '180-184': 17.39, '185-189': 29.41, '190-194': 40.0, 'old': 33.24, 'new': 40.0}
2026-06-14 06:44:44,992 [trainer.py] => CNN top1 curve: [88.89, 79.78, 73.79, 69.29, 65.56, 58.7, 56.17, 56.39, 57.19, 52.79, 52.96, 51.88, 49.38, 49.62, 49.91, 46.68, 44.77, 44.13, 43.82, 41.81, 40.45, 40.74, 39.46, 39.14, 38.66, 37.43, 36.59, 37.01, 35.82, 36.0, 36.49, 35.86, 35.45, 35.03, 35.07, 34.23, 33.68, 33.52, 33.44]
2026-06-14 06:44:44,992 [trainer.py] => CNN top5 curve: [100.0, 100.0, 97.09, 92.14, 91.39, 86.96, 85.96, 83.83, 81.65, 79.61, 80.38, 78.49, 76.95, 76.53, 76.8, 75.36, 72.62, 71.92, 70.56, 69.81, 68.86, 69.18, 67.8, 67.74, 67.4, 65.97, 64.68, 64.7, 63.35, 62.78, 63.18, 62.64, 61.53, 62.39, 61.67, 60.5, 60.01, 59.64, 59.19]
2026-06-14 06:44:44,993 [trainer.py] => Average Accuracy (CNN): 46.86
2026-06-14 06:44:44,996 [trainer.py] => All params: 172158352
2026-06-14 06:44:45,000 [trainer.py] => Trainable params: 407240
2026-06-14 06:44:45,000 [dualprompt.py] => Learning on 195-200
2026-06-14 06:49:17,475 [dualprompt.py] => Task 39, Epoch 20/20 => Loss 0.086, Train_accy 92.16, Test_accy 32.92
2026-06-14 06:50:07,440 [trainer.py] => No NME accuracy.
2026-06-14 06:50:07,440 [trainer.py] => CNN: {'total': 32.92, '00-04': 35.19, '05-09': 34.29, '10-14': 21.43, '15-19': 48.65, '20-24': 18.18, '25-29': 27.27, '30-34': 50.98, '35-39': 38.71, '40-44': 44.26, '45-49': 6.45, '50-54': 43.08, '55-59': 35.71, '60-64': 28.57, '65-69': 47.37, '70-74': 37.78, '75-79': 18.75, '80-84': 12.12, '85-89': 39.13, '90-94': 36.62, '95-99': 32.26, '100-104': 6.45, '105-109': 51.61, '110-114': 20.0, '115-119': 30.0, '120-124': 29.09, '125-129': 26.67, '130-134': 21.74, '135-139': 38.46, '140-144': 21.74, '145-149': 35.85, '150-154': 53.12, '155-159': 30.77, '160-164': 19.23, '165-169': 50.0, '170-174': 12.5, '175-179': 8.0, '180-184': 17.39, '185-189': 26.47, '190-194': 40.0, '195-199': 8.33, 'old': 33.11, 'new': 8.33}
2026-06-14 06:50:07,440 [trainer.py] => CNN top1 curve: [88.89, 79.78, 73.79, 69.29, 65.56, 58.7, 56.17, 56.39, 57.19, 52.79, 52.96, 51.88, 49.38, 49.62, 49.91, 46.68, 44.77, 44.13, 43.82, 41.81, 40.45, 40.74, 39.46, 39.14, 38.66, 37.43, 36.59, 37.01, 35.82, 36.0, 36.49, 35.86, 35.45, 35.03, 35.07, 34.23, 33.68, 33.52, 33.44, 32.92]
2026-06-14 06:50:07,440 [trainer.py] => CNN top5 curve: [100.0, 100.0, 97.09, 92.14, 91.39, 86.96, 85.96, 83.83, 81.65, 79.61, 80.38, 78.49, 76.95, 76.53, 76.8, 75.36, 72.62, 71.92, 70.56, 69.81, 68.86, 69.18, 67.8, 67.74, 67.4, 65.97, 64.68, 64.7, 63.35, 62.78, 63.18, 62.64, 61.53, 62.39, 61.67, 60.5, 60.01, 59.64, 59.19, 58.79]
2026-06-14 06:50:07,440 [trainer.py] => Average Accuracy (CNN): 46.51
