2026-06-12 21:24:15,509 [trainer.py] => config: ./configs/dualprompt/dualprompt_inr_B100_Inc20.json
2026-06-12 21:24:15,510 [trainer.py] => prefix:  
2026-06-12 21:24:15,510 [trainer.py] => dataset: imagenetr
2026-06-12 21:24:15,510 [trainer.py] => memory_size: 0
2026-06-12 21:24:15,510 [trainer.py] => memory_per_class: 0
2026-06-12 21:24:15,510 [trainer.py] => fixed_memory: False
2026-06-12 21:24:15,510 [trainer.py] => shuffle: True
2026-06-12 21:24:15,510 [trainer.py] => init_cls: 100
2026-06-12 21:24:15,510 [trainer.py] => increment: 20
2026-06-12 21:24:15,510 [trainer.py] => model_name: dualprompt
2026-06-12 21:24:15,510 [trainer.py] => backbone_type: vit_base_patch16_224_in21k_dualprompt
2026-06-12 21:24:15,510 [trainer.py] => get_original_backbone: True
2026-06-12 21:24:15,510 [trainer.py] => device: [device(type='cuda', index=3)]
2026-06-12 21:24:15,510 [trainer.py] => seed: 42
2026-06-12 21:24:15,510 [trainer.py] => tuned_epoch: 20
2026-06-12 21:24:15,511 [trainer.py] => init_lr: 0.001
2026-06-12 21:24:15,511 [trainer.py] => batch_size: 48
2026-06-12 21:24:15,511 [trainer.py] => weight_decay: 0
2026-06-12 21:24:15,511 [trainer.py] => min_lr: 1e-05
2026-06-12 21:24:15,511 [trainer.py] => optimizer: adam
2026-06-12 21:24:15,511 [trainer.py] => scheduler: constant
2026-06-12 21:24:15,511 [trainer.py] => reinit_optimizer: True
2026-06-12 21:24:15,511 [trainer.py] => global_pool: token
2026-06-12 21:24:15,511 [trainer.py] => head_type: token
2026-06-12 21:24:15,511 [trainer.py] => freeze: ['blocks', 'patch_embed', 'cls_token', 'norm', 'pos_embed']
2026-06-12 21:24:15,511 [trainer.py] => pretrained: True
2026-06-12 21:24:15,511 [trainer.py] => drop: 0.0
2026-06-12 21:24:15,511 [trainer.py] => drop_path: 0.0
2026-06-12 21:24:15,512 [trainer.py] => use_g_prompt: True
2026-06-12 21:24:15,512 [trainer.py] => g_prompt_length: 5
2026-06-12 21:24:15,512 [trainer.py] => g_prompt_layer_idx: [0, 1]
2026-06-12 21:24:15,512 [trainer.py] => use_prefix_tune_for_g_prompt: True
2026-06-12 21:24:15,512 [trainer.py] => use_e_prompt: True
2026-06-12 21:24:15,512 [trainer.py] => e_prompt_layer_idx: [2, 3, 4]
2026-06-12 21:24:15,512 [trainer.py] => use_prefix_tune_for_e_prompt: True
2026-06-12 21:24:15,512 [trainer.py] => prompt_pool: True
2026-06-12 21:24:15,512 [trainer.py] => size: 10
2026-06-12 21:24:15,512 [trainer.py] => length: 5
2026-06-12 21:24:15,512 [trainer.py] => top_k: 1
2026-06-12 21:24:15,512 [trainer.py] => initializer: uniform
2026-06-12 21:24:15,512 [trainer.py] => prompt_key: True
2026-06-12 21:24:15,512 [trainer.py] => prompt_key_init: uniform
2026-06-12 21:24:15,512 [trainer.py] => use_prompt_mask: True
2026-06-12 21:24:15,512 [trainer.py] => shared_prompt_pool: True
2026-06-12 21:24:15,512 [trainer.py] => shared_prompt_key: False
2026-06-12 21:24:15,512 [trainer.py] => batchwise_prompt: True
2026-06-12 21:24:15,512 [trainer.py] => embedding_key: cls
2026-06-12 21:24:15,512 [trainer.py] => predefined_key: 
2026-06-12 21:24:15,512 [trainer.py] => pull_constraint: True
2026-06-12 21:24:15,512 [trainer.py] => pull_constraint_coeff: 0.1
2026-06-12 21:24:15,512 [trainer.py] => same_key_value: False
2026-06-12 21:24:16,436 [data_manager.py] => [95, 15, 30, 158, 128, 115, 69, 170, 174, 45, 66, 182, 165, 78, 186, 177, 56, 152, 82, 68, 124, 16, 148, 93, 65, 60, 84, 67, 125, 132, 9, 18, 55, 75, 150, 104, 135, 137, 164, 76, 79, 197, 38, 24, 122, 195, 29, 19, 143, 86, 114, 173, 5, 126, 117, 73, 140, 98, 172, 96, 169, 97, 31, 12, 35, 119, 42, 189, 90, 136, 51, 127, 162, 41, 118, 113, 26, 139, 100, 111, 2, 77, 46, 187, 191, 85, 161, 36, 190, 61, 22, 141, 101, 33, 11, 194, 159, 6, 27, 120, 4, 32, 142, 145, 109, 144, 10, 62, 112, 146, 166, 0, 198, 153, 70, 123, 64, 44, 163, 28, 40, 108, 155, 156, 25, 23, 184, 147, 81, 39, 168, 47, 94, 154, 43, 138, 3, 105, 53, 133, 180, 178, 185, 49, 80, 34, 7, 110, 91, 83, 176, 181, 89, 8, 13, 59, 171, 131, 17, 72, 175, 134, 167, 183, 63, 54, 107, 50, 196, 58, 48, 88, 21, 57, 160, 192, 129, 37, 157, 193, 1, 52, 149, 130, 151, 103, 99, 116, 87, 74, 121, 199, 20, 188, 71, 106, 14, 92, 179, 102]
2026-06-12 21:24:41,271 [dualprompt.py] => 86,205,896 model total parameters.
2026-06-12 21:24:41,272 [dualprompt.py] => 407,240 model training parameters.
2026-06-12 21:24:41,272 [dualprompt.py] => g_prompt: 15360
2026-06-12 21:24:41,272 [dualprompt.py] => e_prompt.prompt: 230400
2026-06-12 21:24:41,272 [dualprompt.py] => e_prompt.prompt_key: 7680
2026-06-12 21:24:41,272 [dualprompt.py] => head.weight: 153600
2026-06-12 21:24:41,273 [dualprompt.py] => head.bias: 200
2026-06-12 21:24:41,273 [trainer.py] => All params: 172158352
2026-06-12 21:24:41,274 [trainer.py] => Trainable params: 407240
2026-06-12 21:24:41,274 [dualprompt.py] => Learning on 0-100
2026-06-13 01:01:08,785 [dualprompt.py] => Task 0, Epoch 20/20 => Loss 0.603, Train_accy 83.90, Test_accy 75.02
2026-06-13 01:02:53,146 [trainer.py] => No NME accuracy.
2026-06-13 01:02:53,147 [trainer.py] => CNN: {'total': 75.02, '00-99': 75.02, 'old': 0, 'new': 75.02}
2026-06-13 01:02:53,147 [trainer.py] => CNN top1 curve: [75.02]
2026-06-13 01:02:53,147 [trainer.py] => CNN top5 curve: [87.94]
2026-06-13 01:02:53,148 [trainer.py] => Average Accuracy (CNN): 75.02
2026-06-13 01:02:53,151 [trainer.py] => All params: 172158352
2026-06-13 01:02:53,154 [trainer.py] => Trainable params: 407240
2026-06-13 01:02:53,155 [dualprompt.py] => Learning on 100-120
2026-06-13 01:49:12,646 [dualprompt.py] => Task 1, Epoch 20/20 => Loss 0.168, Train_accy 94.13, Test_accy 73.01
2026-06-13 01:51:16,990 [trainer.py] => No NME accuracy.
2026-06-13 01:51:16,990 [trainer.py] => CNN: {'total': 73.01, '00-99': 74.83, '100-119': 61.99, 'old': 74.83, 'new': 61.99}
2026-06-13 01:51:16,990 [trainer.py] => CNN top1 curve: [75.02, 73.01]
2026-06-13 01:51:16,990 [trainer.py] => CNN top5 curve: [87.94, 87.39]
2026-06-13 01:51:16,990 [trainer.py] => Average Accuracy (CNN): 74.02
2026-06-13 01:51:16,992 [trainer.py] => All params: 172158352
2026-06-13 01:51:16,993 [trainer.py] => Trainable params: 407240
2026-06-13 01:51:16,993 [dualprompt.py] => Learning on 120-140
2026-06-13 02:32:44,975 [dualprompt.py] => Task 2, Epoch 20/20 => Loss 0.190, Train_accy 93.21, Test_accy 67.77
2026-06-13 02:35:01,008 [trainer.py] => No NME accuracy.
2026-06-13 02:35:01,009 [trainer.py] => CNN: {'total': 67.77, '00-99': 74.61, '100-119': 61.8, '120-139': 30.93, 'old': 72.8, 'new': 30.93}
2026-06-13 02:35:01,009 [trainer.py] => CNN top1 curve: [75.02, 73.01, 67.77]
2026-06-13 02:35:01,009 [trainer.py] => CNN top5 curve: [87.94, 87.39, 85.78]
2026-06-13 02:35:01,009 [trainer.py] => Average Accuracy (CNN): 71.93
2026-06-13 02:35:01,010 [trainer.py] => All params: 172158352
2026-06-13 02:35:01,011 [trainer.py] => Trainable params: 407240
2026-06-13 02:35:01,011 [dualprompt.py] => Learning on 140-160
2026-06-13 03:25:51,948 [dualprompt.py] => Task 3, Epoch 20/20 => Loss 0.163, Train_accy 94.76, Test_accy 65.99
2026-06-13 03:28:31,120 [trainer.py] => No NME accuracy.
2026-06-13 03:28:31,138 [trainer.py] => CNN: {'total': 65.99, '00-99': 74.89, '100-119': 60.49, '120-139': 30.35, '140-159': 53.02, 'old': 67.75, 'new': 53.02}
2026-06-13 03:28:31,138 [trainer.py] => CNN top1 curve: [75.02, 73.01, 67.77, 65.99]
2026-06-13 03:28:31,138 [trainer.py] => CNN top5 curve: [87.94, 87.39, 85.78, 85.0]
2026-06-13 03:28:31,139 [trainer.py] => Average Accuracy (CNN): 70.45
2026-06-13 03:28:31,140 [trainer.py] => All params: 172158352
2026-06-13 03:28:31,141 [trainer.py] => Trainable params: 407240
2026-06-13 03:28:31,141 [dualprompt.py] => Learning on 160-180
2026-06-13 04:22:05,373 [dualprompt.py] => Task 4, Epoch 20/20 => Loss 0.171, Train_accy 93.70, Test_accy 63.81
2026-06-13 04:24:55,168 [trainer.py] => No NME accuracy.
2026-06-13 04:24:55,168 [trainer.py] => CNN: {'total': 63.81, '00-99': 75.23, '100-119': 60.86, '120-139': 29.96, '140-159': 52.85, '160-179': 44.88, 'old': 66.2, 'new': 44.88}
2026-06-13 04:24:55,168 [trainer.py] => CNN top1 curve: [75.02, 73.01, 67.77, 65.99, 63.81]
2026-06-13 04:24:55,168 [trainer.py] => CNN top5 curve: [87.94, 87.39, 85.78, 85.0, 84.7]
2026-06-13 04:24:55,169 [trainer.py] => Average Accuracy (CNN): 69.12
2026-06-13 04:24:55,170 [trainer.py] => All params: 172158352
2026-06-13 04:24:55,171 [trainer.py] => Trainable params: 407240
2026-06-13 04:24:55,171 [dualprompt.py] => Learning on 180-200
2026-06-13 05:13:40,708 [dualprompt.py] => Task 5, Epoch 20/20 => Loss 0.164, Train_accy 94.88, Test_accy 60.83
2026-06-13 05:16:57,346 [trainer.py] => No NME accuracy.
2026-06-13 05:16:57,346 [trainer.py] => CNN: {'total': 60.83, '00-99': 74.98, '100-119': 60.3, '120-139': 29.18, '140-159': 51.47, '160-179': 44.72, '180-199': 34.35, 'old': 63.37, 'new': 34.35}
2026-06-13 05:16:57,346 [trainer.py] => CNN top1 curve: [75.02, 73.01, 67.77, 65.99, 63.81, 60.83]
2026-06-13 05:16:57,346 [trainer.py] => CNN top5 curve: [87.94, 87.39, 85.78, 85.0, 84.7, 83.17]
2026-06-13 05:16:57,346 [trainer.py] => Average Accuracy (CNN): 67.74
