2026-06-12 12:32:11,022 [trainer.py] => config: ./configs/dualprompt/dualprompt_inr_B100_Inc10.json
2026-06-12 12:32:11,022 [trainer.py] => prefix:  
2026-06-12 12:32:11,022 [trainer.py] => dataset: imagenetr
2026-06-12 12:32:11,022 [trainer.py] => memory_size: 0
2026-06-12 12:32:11,022 [trainer.py] => memory_per_class: 0
2026-06-12 12:32:11,022 [trainer.py] => fixed_memory: False
2026-06-12 12:32:11,022 [trainer.py] => shuffle: True
2026-06-12 12:32:11,022 [trainer.py] => init_cls: 100
2026-06-12 12:32:11,022 [trainer.py] => increment: 10
2026-06-12 12:32:11,022 [trainer.py] => model_name: dualprompt
2026-06-12 12:32:11,023 [trainer.py] => backbone_type: vit_base_patch16_224_in21k_dualprompt
2026-06-12 12:32:11,023 [trainer.py] => get_original_backbone: True
2026-06-12 12:32:11,023 [trainer.py] => device: [device(type='cuda', index=3)]
2026-06-12 12:32:11,023 [trainer.py] => seed: 1994
2026-06-12 12:32:11,023 [trainer.py] => tuned_epoch: 20
2026-06-12 12:32:11,023 [trainer.py] => init_lr: 0.001
2026-06-12 12:32:11,023 [trainer.py] => batch_size: 48
2026-06-12 12:32:11,023 [trainer.py] => weight_decay: 0
2026-06-12 12:32:11,023 [trainer.py] => min_lr: 1e-05
2026-06-12 12:32:11,023 [trainer.py] => optimizer: adam
2026-06-12 12:32:11,023 [trainer.py] => scheduler: constant
2026-06-12 12:32:11,023 [trainer.py] => reinit_optimizer: True
2026-06-12 12:32:11,023 [trainer.py] => global_pool: token
2026-06-12 12:32:11,023 [trainer.py] => head_type: token
2026-06-12 12:32:11,023 [trainer.py] => freeze: ['blocks', 'patch_embed', 'cls_token', 'norm', 'pos_embed']
2026-06-12 12:32:11,023 [trainer.py] => pretrained: True
2026-06-12 12:32:11,023 [trainer.py] => drop: 0.0
2026-06-12 12:32:11,023 [trainer.py] => drop_path: 0.0
2026-06-12 12:32:11,023 [trainer.py] => use_g_prompt: True
2026-06-12 12:32:11,023 [trainer.py] => g_prompt_length: 5
2026-06-12 12:32:11,023 [trainer.py] => g_prompt_layer_idx: [0, 1]
2026-06-12 12:32:11,023 [trainer.py] => use_prefix_tune_for_g_prompt: True
2026-06-12 12:32:11,023 [trainer.py] => use_e_prompt: True
2026-06-12 12:32:11,024 [trainer.py] => e_prompt_layer_idx: [2, 3, 4]
2026-06-12 12:32:11,024 [trainer.py] => use_prefix_tune_for_e_prompt: True
2026-06-12 12:32:11,024 [trainer.py] => prompt_pool: True
2026-06-12 12:32:11,024 [trainer.py] => size: 10
2026-06-12 12:32:11,024 [trainer.py] => length: 5
2026-06-12 12:32:11,024 [trainer.py] => top_k: 1
2026-06-12 12:32:11,024 [trainer.py] => initializer: uniform
2026-06-12 12:32:11,024 [trainer.py] => prompt_key: True
2026-06-12 12:32:11,024 [trainer.py] => prompt_key_init: uniform
2026-06-12 12:32:11,024 [trainer.py] => use_prompt_mask: True
2026-06-12 12:32:11,024 [trainer.py] => shared_prompt_pool: True
2026-06-12 12:32:11,024 [trainer.py] => shared_prompt_key: False
2026-06-12 12:32:11,024 [trainer.py] => batchwise_prompt: True
2026-06-12 12:32:11,024 [trainer.py] => embedding_key: cls
2026-06-12 12:32:11,024 [trainer.py] => predefined_key: 
2026-06-12 12:32:11,024 [trainer.py] => pull_constraint: True
2026-06-12 12:32:11,024 [trainer.py] => pull_constraint_coeff: 0.1
2026-06-12 12:32:11,024 [trainer.py] => same_key_value: False
2026-06-12 12:32:11,024 [trainer.py] => nb_classes: 200
2026-06-12 12:32:11,024 [trainer.py] => nb_tasks: 11
2026-06-12 12:32:11,846 [data_manager.py] => [85, 41, 23, 28, 70, 87, 134, 151, 51, 159, 178, 119, 50, 117, 73, 95, 86, 147, 63, 22, 79, 175, 40, 155, 174, 54, 132, 72, 124, 157, 93, 26, 196, 74, 44, 15, 169, 122, 88, 171, 184, 6, 18, 145, 48, 197, 64, 172, 126, 96, 11, 55, 193, 66, 128, 21, 77, 113, 140, 116, 141, 133, 120, 29, 115, 14, 103, 127, 114, 19, 9, 38, 33, 195, 81, 35, 69, 181, 47, 129, 112, 168, 198, 71, 101, 188, 68, 90, 158, 163, 52, 8, 185, 59, 154, 92, 56, 183, 32, 136, 65, 45, 46, 173, 189, 108, 102, 144, 0, 107, 187, 100, 98, 192, 43, 161, 104, 75, 150, 166, 121, 60, 160, 3, 143, 153, 62, 142, 61, 110, 194, 97, 25, 177, 179, 17, 49, 31, 94, 111, 16, 53, 91, 58, 135, 83, 2, 12, 13, 165, 42, 36, 186, 105, 1, 7, 149, 170, 27, 24, 78, 167, 137, 138, 118, 10, 139, 164, 20, 57, 123, 199, 89, 130, 82, 162, 176, 148, 109, 125, 67, 106, 37, 146, 131, 180, 156, 39, 5, 84, 4, 190, 152, 191, 30, 76, 80, 34, 99, 182]
2026-06-12 12:32:23,498 [dualprompt.py] => 86,205,896 model total parameters.
2026-06-12 12:32:23,499 [dualprompt.py] => 407,240 model training parameters.
2026-06-12 12:32:23,499 [dualprompt.py] => g_prompt: 15360
2026-06-12 12:32:23,499 [dualprompt.py] => e_prompt.prompt: 230400
2026-06-12 12:32:23,499 [dualprompt.py] => e_prompt.prompt_key: 7680
2026-06-12 12:32:23,500 [dualprompt.py] => head.weight: 153600
2026-06-12 12:32:23,500 [dualprompt.py] => head.bias: 200
2026-06-12 12:32:23,501 [trainer.py] => All params: 172158352
2026-06-12 12:32:23,502 [trainer.py] => Trainable params: 407240
2026-06-12 12:32:23,502 [dualprompt.py] => Learning on 0-100
2026-06-12 15:54:08,278 [dualprompt.py] => Task 0, Epoch 20/20 => Loss 0.566, Train_accy 85.13, Test_accy 75.06
2026-06-12 15:55:43,128 [trainer.py] => No NME accuracy.
2026-06-12 15:55:43,149 [trainer.py] => CNN: {'total': 75.06, '00-99': 75.06, 'old': 0, 'new': 75.06}
2026-06-12 15:55:43,149 [trainer.py] => CNN top1 curve: [75.06]
2026-06-12 15:55:43,149 [trainer.py] => CNN top5 curve: [88.47]
2026-06-12 15:55:43,149 [trainer.py] => Average Accuracy (CNN): 75.06
2026-06-12 15:55:43,151 [trainer.py] => All params: 172158352
2026-06-12 15:55:43,152 [trainer.py] => Trainable params: 407240
2026-06-12 15:55:43,152 [dualprompt.py] => Learning on 100-110
2026-06-12 16:21:06,277 [dualprompt.py] => Task 1, Epoch 20/20 => Loss 0.154, Train_accy 95.68, Test_accy 71.69
2026-06-12 16:22:53,053 [trainer.py] => No NME accuracy.
2026-06-12 16:22:53,070 [trainer.py] => CNN: {'total': 71.69, '00-99': 75.44, '100-109': 29.89, 'old': 75.44, 'new': 29.89}
2026-06-12 16:22:53,070 [trainer.py] => CNN top1 curve: [75.06, 71.69]
2026-06-12 16:22:53,070 [trainer.py] => CNN top5 curve: [88.47, 87.19]
2026-06-12 16:22:53,070 [trainer.py] => Average Accuracy (CNN): 73.38
2026-06-12 16:22:53,072 [trainer.py] => All params: 172158352
2026-06-12 16:22:53,073 [trainer.py] => Trainable params: 407240
2026-06-12 16:22:53,073 [dualprompt.py] => Learning on 110-120
2026-06-12 16:52:40,536 [dualprompt.py] => Task 2, Epoch 20/20 => Loss 0.117, Train_accy 95.65, Test_accy 68.06
2026-06-12 16:54:34,658 [trainer.py] => No NME accuracy.
2026-06-12 16:54:34,677 [trainer.py] => CNN: {'total': 68.06, '00-99': 75.95, '100-109': 29.12, '110-119': 29.64, 'old': 72.1, 'new': 29.64}
2026-06-12 16:54:34,677 [trainer.py] => CNN top1 curve: [75.06, 71.69, 68.06]
2026-06-12 16:54:34,677 [trainer.py] => CNN top5 curve: [88.47, 87.19, 85.47]
2026-06-12 16:54:34,677 [trainer.py] => Average Accuracy (CNN): 71.6
2026-06-12 16:54:34,678 [trainer.py] => All params: 172158352
2026-06-12 16:54:34,679 [trainer.py] => Trainable params: 407240
2026-06-12 16:54:34,680 [dualprompt.py] => Learning on 120-130
2026-06-12 17:19:10,538 [dualprompt.py] => Task 3, Epoch 20/20 => Loss 0.109, Train_accy 96.45, Test_accy 65.19
2026-06-12 17:21:12,290 [trainer.py] => No NME accuracy.
2026-06-12 17:21:12,316 [trainer.py] => CNN: {'total': 65.19, '00-99': 75.75, '100-109': 29.12, '110-119': 30.24, '120-129': 27.34, 'old': 67.95, 'new': 27.34}
2026-06-12 17:21:12,316 [trainer.py] => CNN top1 curve: [75.06, 71.69, 68.06, 65.19]
2026-06-12 17:21:12,316 [trainer.py] => CNN top5 curve: [88.47, 87.19, 85.47, 84.65]
2026-06-12 17:21:12,316 [trainer.py] => Average Accuracy (CNN): 70.0
2026-06-12 17:21:12,317 [trainer.py] => All params: 172158352
2026-06-12 17:21:12,318 [trainer.py] => Trainable params: 407240
2026-06-12 17:21:12,318 [dualprompt.py] => Learning on 130-140
2026-06-12 17:51:37,848 [dualprompt.py] => Task 4, Epoch 20/20 => Loss 0.178, Train_accy 94.41, Test_accy 61.94
2026-06-12 17:53:30,578 [trainer.py] => No NME accuracy.
2026-06-12 17:53:30,598 [trainer.py] => CNN: {'total': 61.94, '00-99': 75.64, '100-109': 27.59, '110-119': 29.94, '120-129': 26.95, '130-139': 27.58, 'old': 64.95, 'new': 27.58}
2026-06-12 17:53:30,598 [trainer.py] => CNN top1 curve: [75.06, 71.69, 68.06, 65.19, 61.94]
2026-06-12 17:53:30,598 [trainer.py] => CNN top5 curve: [88.47, 87.19, 85.47, 84.65, 83.57]
2026-06-12 17:53:30,598 [trainer.py] => Average Accuracy (CNN): 68.39
2026-06-12 17:53:30,600 [trainer.py] => All params: 172158352
2026-06-12 17:53:30,601 [trainer.py] => Trainable params: 407240
2026-06-12 17:53:30,601 [dualprompt.py] => Learning on 140-150
2026-06-12 18:22:29,704 [dualprompt.py] => Task 5, Epoch 20/20 => Loss 0.127, Train_accy 95.94, Test_accy 59.82
2026-06-12 18:24:45,590 [trainer.py] => No NME accuracy.
2026-06-12 18:24:45,613 [trainer.py] => CNN: {'total': 59.82, '00-99': 75.92, '100-109': 27.2, '110-119': 29.04, '120-129': 26.95, '130-139': 25.45, '140-149': 33.01, 'old': 61.87, 'new': 33.01}
2026-06-12 18:24:45,613 [trainer.py] => CNN top1 curve: [75.06, 71.69, 68.06, 65.19, 61.94, 59.82]
2026-06-12 18:24:45,613 [trainer.py] => CNN top5 curve: [88.47, 87.19, 85.47, 84.65, 83.57, 82.92]
2026-06-12 18:24:45,614 [trainer.py] => Average Accuracy (CNN): 66.96
2026-06-12 18:24:45,615 [trainer.py] => All params: 172158352
2026-06-12 18:24:45,616 [trainer.py] => Trainable params: 407240
2026-06-12 18:24:45,616 [dualprompt.py] => Learning on 150-160
2026-06-12 18:59:59,335 [dualprompt.py] => Task 6, Epoch 20/20 => Loss 0.179, Train_accy 93.59, Test_accy 57.13
2026-06-12 19:02:37,512 [trainer.py] => No NME accuracy.
2026-06-12 19:02:37,547 [trainer.py] => CNN: {'total': 57.13, '00-99': 75.92, '100-109': 26.44, '110-119': 28.74, '120-129': 26.95, '130-139': 26.67, '140-149': 33.33, '150-159': 26.03, 'old': 59.87, 'new': 26.03}
2026-06-12 19:02:37,547 [trainer.py] => CNN top1 curve: [75.06, 71.69, 68.06, 65.19, 61.94, 59.82, 57.13]
2026-06-12 19:02:37,547 [trainer.py] => CNN top5 curve: [88.47, 87.19, 85.47, 84.65, 83.57, 82.92, 81.53]
2026-06-12 19:02:37,547 [trainer.py] => Average Accuracy (CNN): 65.56
2026-06-12 19:02:37,549 [trainer.py] => All params: 172158352
2026-06-12 19:02:37,549 [trainer.py] => Trainable params: 407240
2026-06-12 19:02:37,549 [dualprompt.py] => Learning on 160-170
2026-06-12 19:32:37,510 [dualprompt.py] => Task 7, Epoch 20/20 => Loss 0.129, Train_accy 95.47, Test_accy 55.72
2026-06-12 19:35:21,718 [trainer.py] => No NME accuracy.
2026-06-12 19:35:21,760 [trainer.py] => CNN: {'total': 55.72, '00-99': 76.12, '100-109': 26.44, '110-119': 29.34, '120-129': 27.34, '130-139': 26.36, '140-149': 33.65, '150-159': 27.32, '160-169': 26.52, 'old': 57.42, 'new': 26.52}
2026-06-12 19:35:21,760 [trainer.py] => CNN top1 curve: [75.06, 71.69, 68.06, 65.19, 61.94, 59.82, 57.13, 55.72]
2026-06-12 19:35:21,760 [trainer.py] => CNN top5 curve: [88.47, 87.19, 85.47, 84.65, 83.57, 82.92, 81.53, 80.77]
2026-06-12 19:35:21,760 [trainer.py] => Average Accuracy (CNN): 64.33
2026-06-12 19:35:21,762 [trainer.py] => All params: 172158352
2026-06-12 19:35:21,763 [trainer.py] => Trainable params: 407240
2026-06-12 19:35:21,763 [dualprompt.py] => Learning on 170-180
2026-06-12 20:08:03,000 [dualprompt.py] => Task 8, Epoch 20/20 => Loss 0.155, Train_accy 95.08, Test_accy 53.31
2026-06-12 20:11:01,761 [trainer.py] => No NME accuracy.
2026-06-12 20:11:01,788 [trainer.py] => CNN: {'total': 53.31, '00-99': 75.44, '100-109': 26.82, '110-119': 28.74, '120-129': 27.73, '130-139': 26.36, '140-149': 32.69, '150-159': 26.03, '160-169': 26.16, '170-179': 23.73, 'old': 55.15, 'new': 23.73}
2026-06-12 20:11:01,788 [trainer.py] => CNN top1 curve: [75.06, 71.69, 68.06, 65.19, 61.94, 59.82, 57.13, 55.72, 53.31]
2026-06-12 20:11:01,788 [trainer.py] => CNN top5 curve: [88.47, 87.19, 85.47, 84.65, 83.57, 82.92, 81.53, 80.77, 79.19]
2026-06-12 20:11:01,788 [trainer.py] => Average Accuracy (CNN): 63.1
2026-06-12 20:11:01,790 [trainer.py] => All params: 172158352
2026-06-12 20:11:01,791 [trainer.py] => Trainable params: 407240
2026-06-12 20:11:01,791 [dualprompt.py] => Learning on 180-190
2026-06-12 20:41:18,234 [dualprompt.py] => Task 9, Epoch 20/20 => Loss 0.108, Train_accy 95.61, Test_accy 52.12
2026-06-12 20:44:22,591 [trainer.py] => No NME accuracy.
2026-06-12 20:44:22,610 [trainer.py] => CNN: {'total': 52.12, '00-99': 75.71, '100-109': 26.44, '110-119': 29.34, '120-129': 26.95, '130-139': 26.36, '140-149': 33.01, '150-159': 25.77, '160-169': 25.81, '170-179': 24.37, '180-189': 25.64, 'old': 53.46, 'new': 25.64}
2026-06-12 20:44:22,610 [trainer.py] => CNN top1 curve: [75.06, 71.69, 68.06, 65.19, 61.94, 59.82, 57.13, 55.72, 53.31, 52.12]
2026-06-12 20:44:22,610 [trainer.py] => CNN top5 curve: [88.47, 87.19, 85.47, 84.65, 83.57, 82.92, 81.53, 80.77, 79.19, 79.03]
2026-06-12 20:44:22,610 [trainer.py] => Average Accuracy (CNN): 62.0
2026-06-12 20:44:22,612 [trainer.py] => All params: 172158352
2026-06-12 20:44:22,613 [trainer.py] => Trainable params: 407240
2026-06-12 20:44:22,613 [dualprompt.py] => Learning on 190-200
2026-06-12 21:20:37,639 [dualprompt.py] => Task 10, Epoch 20/20 => Loss 0.118, Train_accy 94.85, Test_accy 49.73
2026-06-12 21:23:45,936 [trainer.py] => No NME accuracy.
2026-06-12 21:23:45,959 [trainer.py] => CNN: {'total': 49.73, '00-99': 76.16, '100-109': 25.67, '110-119': 23.95, '120-129': 25.39, '130-139': 22.42, '140-149': 32.37, '150-159': 23.2, '160-169': 21.86, '170-179': 21.84, '180-189': 24.91, '190-199': 26.49, 'old': 51.11, 'new': 26.49}
2026-06-12 21:23:45,959 [trainer.py] => CNN top1 curve: [75.06, 71.69, 68.06, 65.19, 61.94, 59.82, 57.13, 55.72, 53.31, 52.12, 49.73]
2026-06-12 21:23:45,959 [trainer.py] => CNN top5 curve: [88.47, 87.19, 85.47, 84.65, 83.57, 82.92, 81.53, 80.77, 79.19, 79.03, 77.97]
2026-06-12 21:23:45,960 [trainer.py] => Average Accuracy (CNN): 60.89
