2026-06-23 12:13:11,685 [trainer.py] => config: ./configs/dualprompt/dualprompt_omn_B150_Inc10.json
2026-06-23 12:13:11,685 [trainer.py] => prefix:  
2026-06-23 12:13:11,685 [trainer.py] => dataset: omnibenchmark
2026-06-23 12:13:11,685 [trainer.py] => memory_size: 0
2026-06-23 12:13:11,685 [trainer.py] => memory_per_class: 0
2026-06-23 12:13:11,685 [trainer.py] => fixed_memory: False
2026-06-23 12:13:11,685 [trainer.py] => shuffle: True
2026-06-23 12:13:11,685 [trainer.py] => init_cls: 150
2026-06-23 12:13:11,685 [trainer.py] => increment: 10
2026-06-23 12:13:11,685 [trainer.py] => model_name: dualprompt
2026-06-23 12:13:11,685 [trainer.py] => backbone_type: vit_base_patch16_224_in21k_dualprompt
2026-06-23 12:13:11,685 [trainer.py] => get_original_backbone: True
2026-06-23 12:13:11,686 [trainer.py] => device: [device(type='cuda', index=2)]
2026-06-23 12:13:11,686 [trainer.py] => seed: 1993
2026-06-23 12:13:11,686 [trainer.py] => tuned_epoch: 20
2026-06-23 12:13:11,686 [trainer.py] => init_lr: 0.001
2026-06-23 12:13:11,686 [trainer.py] => batch_size: 48
2026-06-23 12:13:11,686 [trainer.py] => weight_decay: 0
2026-06-23 12:13:11,686 [trainer.py] => min_lr: 1e-05
2026-06-23 12:13:11,686 [trainer.py] => optimizer: adam
2026-06-23 12:13:11,686 [trainer.py] => scheduler: constant
2026-06-23 12:13:11,686 [trainer.py] => reinit_optimizer: True
2026-06-23 12:13:11,686 [trainer.py] => global_pool: token
2026-06-23 12:13:11,686 [trainer.py] => head_type: token
2026-06-23 12:13:11,686 [trainer.py] => freeze: ['blocks', 'patch_embed', 'cls_token', 'norm', 'pos_embed']
2026-06-23 12:13:11,686 [trainer.py] => pretrained: True
2026-06-23 12:13:11,686 [trainer.py] => drop: 0.0
2026-06-23 12:13:11,686 [trainer.py] => drop_path: 0.0
2026-06-23 12:13:11,686 [trainer.py] => use_g_prompt: True
2026-06-23 12:13:11,686 [trainer.py] => g_prompt_length: 5
2026-06-23 12:13:11,686 [trainer.py] => g_prompt_layer_idx: [0, 1]
2026-06-23 12:13:11,686 [trainer.py] => use_prefix_tune_for_g_prompt: True
2026-06-23 12:13:11,686 [trainer.py] => use_e_prompt: True
2026-06-23 12:13:11,686 [trainer.py] => e_prompt_layer_idx: [2, 3, 4]
2026-06-23 12:13:11,686 [trainer.py] => use_prefix_tune_for_e_prompt: True
2026-06-23 12:13:11,686 [trainer.py] => prompt_pool: True
2026-06-23 12:13:11,687 [trainer.py] => size: 10
2026-06-23 12:13:11,687 [trainer.py] => length: 5
2026-06-23 12:13:11,687 [trainer.py] => top_k: 1
2026-06-23 12:13:11,687 [trainer.py] => initializer: uniform
2026-06-23 12:13:11,687 [trainer.py] => prompt_key: True
2026-06-23 12:13:11,687 [trainer.py] => prompt_key_init: uniform
2026-06-23 12:13:11,687 [trainer.py] => use_prompt_mask: True
2026-06-23 12:13:11,687 [trainer.py] => shared_prompt_pool: True
2026-06-23 12:13:11,687 [trainer.py] => shared_prompt_key: False
2026-06-23 12:13:11,687 [trainer.py] => batchwise_prompt: True
2026-06-23 12:13:11,687 [trainer.py] => embedding_key: cls
2026-06-23 12:13:11,687 [trainer.py] => predefined_key: 
2026-06-23 12:13:11,687 [trainer.py] => pull_constraint: True
2026-06-23 12:13:11,687 [trainer.py] => pull_constraint_coeff: 0.1
2026-06-23 12:13:11,687 [trainer.py] => same_key_value: False
2026-06-23 12:13:11,687 [trainer.py] => nb_classes: 300
2026-06-23 12:13:11,687 [trainer.py] => nb_tasks: 16
2026-06-23 12:13:12,591 [data_manager.py] => [169, 221, 146, 296, 92, 229, 49, 70, 126, 77, 243, 57, 120, 223, 27, 217, 154, 8, 101, 182, 54, 50, 97, 162, 28, 193, 79, 6, 151, 0, 173, 187, 44, 277, 157, 16, 257, 122, 35, 9, 171, 176, 134, 4, 87, 255, 112, 153, 246, 286, 147, 186, 107, 98, 10, 7, 266, 214, 36, 165, 139, 254, 103, 269, 59, 23, 298, 39, 73, 208, 135, 299, 102, 20, 12, 268, 11, 209, 161, 210, 74, 42, 56, 99, 235, 133, 159, 189, 145, 238, 215, 241, 138, 195, 233, 279, 88, 199, 64, 280, 26, 203, 17, 245, 174, 236, 137, 252, 80, 68, 181, 150, 118, 94, 75, 2, 109, 119, 232, 15, 69, 184, 201, 261, 55, 287, 273, 66, 175, 32, 142, 136, 116, 76, 179, 1, 91, 248, 275, 240, 290, 170, 132, 106, 265, 270, 85, 19, 284, 43, 259, 293, 228, 200, 104, 227, 51, 224, 163, 297, 216, 260, 93, 46, 100, 272, 105, 72, 131, 3, 156, 256, 249, 48, 113, 82, 172, 213, 62, 53, 271, 168, 253, 226, 183, 180, 276, 283, 78, 61, 143, 278, 30, 141, 196, 264, 231, 52, 222, 40, 125, 219, 65, 166, 192, 289, 45, 205, 89, 267, 90, 71, 167, 262, 281, 212, 96, 84, 127, 67, 294, 178, 288, 197, 21, 18, 111, 108, 58, 230, 188, 31, 110, 291, 129, 24, 204, 83, 81, 251, 60, 13, 128, 14, 86, 63, 117, 198, 274, 5, 22, 144, 258, 121, 38, 207, 148, 292, 41, 234, 237, 114, 202, 37, 149, 206, 155, 29, 130, 177, 194, 152, 34, 33, 239, 160, 140, 47, 244, 25, 282, 158, 211, 123, 190, 218, 164, 247, 263, 191, 220, 115, 242, 250, 124, 295, 95, 285, 225, 185]
2026-06-23 12:13:22,758 [dualprompt.py] => 86,282,796 model total parameters.
2026-06-23 12:13:22,758 [dualprompt.py] => 484,140 model training parameters.
2026-06-23 12:13:22,759 [dualprompt.py] => g_prompt: 15360
2026-06-23 12:13:22,759 [dualprompt.py] => e_prompt.prompt: 230400
2026-06-23 12:13:22,759 [dualprompt.py] => e_prompt.prompt_key: 7680
2026-06-23 12:13:22,759 [dualprompt.py] => head.weight: 230400
2026-06-23 12:13:22,759 [dualprompt.py] => head.bias: 300
2026-06-23 12:13:22,760 [trainer.py] => All params: 172312152
2026-06-23 12:13:22,761 [trainer.py] => Trainable params: 484140
2026-06-23 12:13:22,761 [dualprompt.py] => Learning on 0-150
2026-06-23 16:19:56,124 [dualprompt.py] => Task 0, Epoch 20/20 => Loss 0.417, Train_accy 86.69, Test_accy 84.70
2026-06-23 16:20:28,762 [trainer.py] => No NME accuracy.
2026-06-23 16:20:28,763 [trainer.py] => CNN: {'total': 84.7, '00-149': 84.7, 'old': 0, 'new': 84.7}
2026-06-23 16:20:28,763 [trainer.py] => CNN top1 curve: [84.7]
2026-06-23 16:20:28,763 [trainer.py] => CNN top5 curve: [96.93]
2026-06-23 16:20:28,763 [trainer.py] => Average Accuracy (CNN): 84.7
2026-06-23 16:20:28,767 [trainer.py] => All params: 172312152
2026-06-23 16:20:28,771 [trainer.py] => Trainable params: 484140
2026-06-23 16:20:28,771 [dualprompt.py] => Learning on 150-160
2026-06-23 16:40:26,957 [dualprompt.py] => Task 1, Epoch 20/20 => Loss 0.030, Train_accy 97.71, Test_accy 81.93
2026-06-23 16:41:04,179 [trainer.py] => No NME accuracy.
2026-06-23 16:41:04,195 [trainer.py] => CNN: {'total': 81.93, '00-149': 84.67, '150-159': 40.7, 'old': 84.67, 'new': 40.7}
2026-06-23 16:41:04,195 [trainer.py] => CNN top1 curve: [84.7, 81.93]
2026-06-23 16:41:04,195 [trainer.py] => CNN top5 curve: [96.93, 95.8]
2026-06-23 16:41:04,195 [trainer.py] => Average Accuracy (CNN): 83.32
2026-06-23 16:41:04,196 [trainer.py] => All params: 172312152
2026-06-23 16:41:04,197 [trainer.py] => Trainable params: 484140
2026-06-23 16:41:04,197 [dualprompt.py] => Learning on 160-170
2026-06-23 17:01:01,093 [dualprompt.py] => Task 2, Epoch 20/20 => Loss 0.014, Train_accy 97.63, Test_accy 76.83
2026-06-23 17:01:40,710 [trainer.py] => No NME accuracy.
2026-06-23 17:01:40,711 [trainer.py] => CNN: {'total': 76.83, '00-149': 84.07, '150-159': 34.67, '160-169': 10.05, 'old': 80.99, 'new': 10.05}
2026-06-23 17:01:40,711 [trainer.py] => CNN top1 curve: [84.7, 81.93, 76.83]
2026-06-23 17:01:40,711 [trainer.py] => CNN top5 curve: [96.93, 95.8, 93.37]
2026-06-23 17:01:40,712 [trainer.py] => Average Accuracy (CNN): 81.15
2026-06-23 17:01:40,716 [trainer.py] => All params: 172312152
2026-06-23 17:01:40,719 [trainer.py] => Trainable params: 484140
2026-06-23 17:01:40,719 [dualprompt.py] => Learning on 170-180
2026-06-23 17:18:46,225 [dualprompt.py] => Task 3, Epoch 20/20 => Loss -0.011, Train_accy 99.01, Test_accy 72.74
2026-06-23 17:19:30,910 [trainer.py] => No NME accuracy.
2026-06-23 17:19:30,946 [trainer.py] => CNN: {'total': 72.74, '00-149': 84.2, '150-159': 33.67, '160-169': 11.56, '170-179': 1.0, 'old': 76.98, 'new': 1.0}
2026-06-23 17:19:30,946 [trainer.py] => CNN top1 curve: [84.7, 81.93, 76.83, 72.74]
2026-06-23 17:19:30,946 [trainer.py] => CNN top5 curve: [96.93, 95.8, 93.37, 90.42]
2026-06-23 17:19:30,946 [trainer.py] => Average Accuracy (CNN): 79.05
2026-06-23 17:19:30,948 [trainer.py] => All params: 172312152
2026-06-23 17:19:30,949 [trainer.py] => Trainable params: 484140
2026-06-23 17:19:30,949 [dualprompt.py] => Learning on 180-190
2026-06-23 17:39:54,353 [dualprompt.py] => Task 4, Epoch 20/20 => Loss -0.008, Train_accy 98.99, Test_accy 68.97
2026-06-23 17:40:39,496 [trainer.py] => No NME accuracy.
2026-06-23 17:40:39,497 [trainer.py] => CNN: {'total': 68.97, '00-149': 84.17, '150-159': 32.16, '160-169': 9.55, '170-179': 1.5, '180-189': 4.04, 'old': 72.55, 'new': 4.04}
2026-06-23 17:40:39,497 [trainer.py] => CNN top1 curve: [84.7, 81.93, 76.83, 72.74, 68.97]
2026-06-23 17:40:39,497 [trainer.py] => CNN top5 curve: [96.93, 95.8, 93.37, 90.42, 88.31]
2026-06-23 17:40:39,497 [trainer.py] => Average Accuracy (CNN): 77.03
2026-06-23 17:40:39,498 [trainer.py] => All params: 172312152
2026-06-23 17:40:39,499 [trainer.py] => Trainable params: 484140
2026-06-23 17:40:39,499 [dualprompt.py] => Learning on 190-200
2026-06-23 17:58:34,064 [dualprompt.py] => Task 5, Epoch 20/20 => Loss -0.006, Train_accy 99.02, Test_accy 66.22
2026-06-23 17:59:20,045 [trainer.py] => No NME accuracy.
2026-06-23 17:59:20,045 [trainer.py] => CNN: {'total': 66.22, '00-149': 84.2, '150-159': 32.66, '160-169': 9.55, '170-179': 1.5, '180-189': 3.54, '190-199': 13.5, 'old': 69.0, 'new': 13.5}
2026-06-23 17:59:20,045 [trainer.py] => CNN top1 curve: [84.7, 81.93, 76.83, 72.74, 68.97, 66.22]
2026-06-23 17:59:20,045 [trainer.py] => CNN top5 curve: [96.93, 95.8, 93.37, 90.42, 88.31, 87.14]
2026-06-23 17:59:20,045 [trainer.py] => Average Accuracy (CNN): 75.23
2026-06-23 17:59:20,046 [trainer.py] => All params: 172312152
2026-06-23 17:59:20,047 [trainer.py] => Trainable params: 484140
2026-06-23 17:59:20,047 [dualprompt.py] => Learning on 200-210
2026-06-23 18:20:02,951 [dualprompt.py] => Task 6, Epoch 20/20 => Loss 0.064, Train_accy 95.72, Test_accy 63.36
2026-06-23 18:20:50,088 [trainer.py] => No NME accuracy.
2026-06-23 18:20:50,089 [trainer.py] => CNN: {'total': 63.36, '00-149': 84.17, '150-159': 31.66, '160-169': 10.05, '170-179': 1.5, '180-189': 3.54, '190-199': 14.0, '200-209': 6.53, 'old': 66.19, 'new': 6.53}
2026-06-23 18:20:50,089 [trainer.py] => CNN top1 curve: [84.7, 81.93, 76.83, 72.74, 68.97, 66.22, 63.36]
2026-06-23 18:20:50,089 [trainer.py] => CNN top5 curve: [96.93, 95.8, 93.37, 90.42, 88.31, 87.14, 85.49]
2026-06-23 18:20:50,089 [trainer.py] => Average Accuracy (CNN): 73.54
2026-06-23 18:20:50,090 [trainer.py] => All params: 172312152
2026-06-23 18:20:50,091 [trainer.py] => Trainable params: 484140
2026-06-23 18:20:50,091 [dualprompt.py] => Learning on 210-220
2026-06-23 18:42:12,850 [dualprompt.py] => Task 7, Epoch 20/20 => Loss 0.236, Train_accy 89.23, Test_accy 60.26
2026-06-23 18:43:02,926 [trainer.py] => No NME accuracy.
2026-06-23 18:43:02,926 [trainer.py] => CNN: {'total': 60.26, '00-149': 83.7, '150-159': 33.67, '160-169': 9.05, '170-179': 1.5, '180-189': 3.03, '190-199': 15.0, '200-209': 6.53, '210-219': 1.0, 'old': 63.09, 'new': 1.0}
2026-06-23 18:43:02,927 [trainer.py] => CNN top1 curve: [84.7, 81.93, 76.83, 72.74, 68.97, 66.22, 63.36, 60.26]
2026-06-23 18:43:02,927 [trainer.py] => CNN top5 curve: [96.93, 95.8, 93.37, 90.42, 88.31, 87.14, 85.49, 82.57]
2026-06-23 18:43:02,927 [trainer.py] => Average Accuracy (CNN): 71.88
2026-06-23 18:43:02,928 [trainer.py] => All params: 172312152
2026-06-23 18:43:02,929 [trainer.py] => Trainable params: 484140
2026-06-23 18:43:02,929 [dualprompt.py] => Learning on 220-230
2026-06-23 19:02:34,484 [dualprompt.py] => Task 8, Epoch 20/20 => Loss 0.003, Train_accy 98.61, Test_accy 57.91
2026-06-23 19:03:27,313 [trainer.py] => No NME accuracy.
2026-06-23 19:03:27,313 [trainer.py] => CNN: {'total': 57.91, '00-149': 83.6, '150-159': 33.67, '160-169': 9.05, '170-179': 1.5, '180-189': 3.54, '190-199': 14.0, '200-209': 6.53, '210-219': 1.0, '220-229': 8.04, 'old': 60.17, 'new': 8.04}
2026-06-23 19:03:27,314 [trainer.py] => CNN top1 curve: [84.7, 81.93, 76.83, 72.74, 68.97, 66.22, 63.36, 60.26, 57.91]
2026-06-23 19:03:27,314 [trainer.py] => CNN top5 curve: [96.93, 95.8, 93.37, 90.42, 88.31, 87.14, 85.49, 82.57, 81.52]
2026-06-23 19:03:27,314 [trainer.py] => Average Accuracy (CNN): 70.32
2026-06-23 19:03:27,315 [trainer.py] => All params: 172312152
2026-06-23 19:03:27,316 [trainer.py] => Trainable params: 484140
2026-06-23 19:03:27,316 [dualprompt.py] => Learning on 230-240
2026-06-23 19:25:05,992 [dualprompt.py] => Task 9, Epoch 20/20 => Loss -0.012, Train_accy 99.10, Test_accy 55.39
2026-06-23 19:25:59,784 [trainer.py] => No NME accuracy.
2026-06-23 19:25:59,785 [trainer.py] => CNN: {'total': 55.39, '00-149': 83.53, '150-159': 30.65, '160-169': 8.54, '170-179': 1.0, '180-189': 3.03, '190-199': 12.5, '200-209': 6.03, '210-219': 1.0, '220-229': 5.53, '230-239': 7.5, 'old': 57.48, 'new': 7.5}
2026-06-23 19:25:59,785 [trainer.py] => CNN top1 curve: [84.7, 81.93, 76.83, 72.74, 68.97, 66.22, 63.36, 60.26, 57.91, 55.39]
2026-06-23 19:25:59,785 [trainer.py] => CNN top5 curve: [96.93, 95.8, 93.37, 90.42, 88.31, 87.14, 85.49, 82.57, 81.52, 79.66]
2026-06-23 19:25:59,785 [trainer.py] => Average Accuracy (CNN): 68.83
2026-06-23 19:25:59,786 [trainer.py] => All params: 172312152
2026-06-23 19:25:59,787 [trainer.py] => Trainable params: 484140
2026-06-23 19:25:59,787 [dualprompt.py] => Learning on 240-250
2026-06-23 19:46:19,722 [dualprompt.py] => Task 10, Epoch 20/20 => Loss 0.022, Train_accy 97.44, Test_accy 50.62
2026-06-23 19:47:16,170 [trainer.py] => No NME accuracy.
2026-06-23 19:47:16,171 [trainer.py] => CNN: {'total': 50.62, '00-149': 82.03, '150-159': 16.58, '160-169': 3.52, '170-179': 0.5, '180-189': 1.01, '190-199': 4.5, '200-209': 0.5, '210-219': 0.0, '220-229': 2.51, '230-239': 1.0, '240-249': 4.5, 'old': 52.55, 'new': 4.5}
2026-06-23 19:47:16,171 [trainer.py] => CNN top1 curve: [84.7, 81.93, 76.83, 72.74, 68.97, 66.22, 63.36, 60.26, 57.91, 55.39, 50.62]
2026-06-23 19:47:16,171 [trainer.py] => CNN top5 curve: [96.93, 95.8, 93.37, 90.42, 88.31, 87.14, 85.49, 82.57, 81.52, 79.66, 71.31]
2026-06-23 19:47:16,171 [trainer.py] => Average Accuracy (CNN): 67.18
2026-06-23 19:47:16,172 [trainer.py] => All params: 172312152
2026-06-23 19:47:16,173 [trainer.py] => Trainable params: 484140
2026-06-23 19:47:16,173 [dualprompt.py] => Learning on 250-260
2026-06-23 20:08:19,356 [dualprompt.py] => Task 11, Epoch 20/20 => Loss 0.002, Train_accy 98.34, Test_accy 48.64
2026-06-23 20:09:18,808 [trainer.py] => No NME accuracy.
2026-06-23 20:09:18,809 [trainer.py] => CNN: {'total': 48.64, '00-149': 81.96, '150-159': 15.58, '160-169': 3.52, '170-179': 0.5, '180-189': 1.01, '190-199': 5.5, '200-209': 1.01, '210-219': 0.0, '220-229': 2.01, '230-239': 0.5, '240-249': 2.5, '250-259': 2.51, 'old': 50.48, 'new': 2.51}
2026-06-23 20:09:18,809 [trainer.py] => CNN top1 curve: [84.7, 81.93, 76.83, 72.74, 68.97, 66.22, 63.36, 60.26, 57.91, 55.39, 50.62, 48.64]
2026-06-23 20:09:18,809 [trainer.py] => CNN top5 curve: [96.93, 95.8, 93.37, 90.42, 88.31, 87.14, 85.49, 82.57, 81.52, 79.66, 71.31, 70.6]
2026-06-23 20:09:18,809 [trainer.py] => Average Accuracy (CNN): 65.63
2026-06-23 20:09:18,810 [trainer.py] => All params: 172312152
2026-06-23 20:09:18,811 [trainer.py] => Trainable params: 484140
2026-06-23 20:09:18,811 [dualprompt.py] => Learning on 260-270
2026-06-23 20:30:32,325 [dualprompt.py] => Task 12, Epoch 20/20 => Loss -0.027, Train_accy 99.41, Test_accy 45.83
2026-06-23 20:31:05,726 [trainer.py] => No NME accuracy.
2026-06-23 20:31:05,727 [trainer.py] => CNN: {'total': 45.83, '00-149': 80.83, '150-159': 11.06, '160-169': 3.02, '170-179': 0.5, '180-189': 1.01, '190-199': 3.0, '200-209': 0.5, '210-219': 0.0, '220-229': 2.01, '230-239': 0.5, '240-249': 1.0, '250-259': 0.5, '260-269': 1.5, 'old': 47.54, 'new': 1.5}
2026-06-23 20:31:05,727 [trainer.py] => CNN top1 curve: [84.7, 81.93, 76.83, 72.74, 68.97, 66.22, 63.36, 60.26, 57.91, 55.39, 50.62, 48.64, 45.83]
2026-06-23 20:31:05,727 [trainer.py] => CNN top5 curve: [96.93, 95.8, 93.37, 90.42, 88.31, 87.14, 85.49, 82.57, 81.52, 79.66, 71.31, 70.6, 66.73]
2026-06-23 20:31:05,727 [trainer.py] => Average Accuracy (CNN): 64.11
2026-06-23 20:31:05,728 [trainer.py] => All params: 172312152
2026-06-23 20:31:05,729 [trainer.py] => Trainable params: 484140
2026-06-23 20:31:05,729 [dualprompt.py] => Learning on 270-280
2026-06-23 20:50:22,963 [dualprompt.py] => Task 13, Epoch 20/20 => Loss -0.008, Train_accy 98.92, Test_accy 44.18
2026-06-23 20:51:28,168 [trainer.py] => No NME accuracy.
2026-06-23 20:51:28,184 [trainer.py] => CNN: {'total': 44.18, '00-149': 80.96, '150-159': 10.05, '160-169': 1.51, '170-179': 0.5, '180-189': 1.01, '190-199': 2.0, '200-209': 0.5, '210-219': 0.0, '220-229': 2.51, '230-239': 0.5, '240-249': 1.0, '250-259': 0.5, '260-269': 1.5, '270-279': 0.5, 'old': 45.8, 'new': 0.5}
2026-06-23 20:51:28,185 [trainer.py] => CNN top1 curve: [84.7, 81.93, 76.83, 72.74, 68.97, 66.22, 63.36, 60.26, 57.91, 55.39, 50.62, 48.64, 45.83, 44.18]
2026-06-23 20:51:28,185 [trainer.py] => CNN top5 curve: [96.93, 95.8, 93.37, 90.42, 88.31, 87.14, 85.49, 82.57, 81.52, 79.66, 71.31, 70.6, 66.73, 64.98]
2026-06-23 20:51:28,185 [trainer.py] => Average Accuracy (CNN): 62.68
2026-06-23 20:51:28,186 [trainer.py] => All params: 172312152
2026-06-23 20:51:28,187 [trainer.py] => Trainable params: 484140
2026-06-23 20:51:28,187 [dualprompt.py] => Learning on 280-290
2026-06-23 21:12:39,837 [dualprompt.py] => Task 14, Epoch 20/20 => Loss -0.000, Train_accy 98.34, Test_accy 43.24
2026-06-23 21:13:46,873 [trainer.py] => No NME accuracy.
2026-06-23 21:13:46,903 [trainer.py] => CNN: {'total': 43.24, '00-149': 81.4, '150-159': 12.06, '160-169': 2.51, '170-179': 0.5, '180-189': 1.52, '190-199': 4.5, '200-209': 0.5, '210-219': 0.0, '220-229': 2.51, '230-239': 0.0, '240-249': 0.5, '250-259': 1.51, '260-269': 2.0, '270-279': 0.5, '280-289': 4.0, 'old': 44.65, 'new': 4.0}
2026-06-23 21:13:46,904 [trainer.py] => CNN top1 curve: [84.7, 81.93, 76.83, 72.74, 68.97, 66.22, 63.36, 60.26, 57.91, 55.39, 50.62, 48.64, 45.83, 44.18, 43.24]
2026-06-23 21:13:46,904 [trainer.py] => CNN top5 curve: [96.93, 95.8, 93.37, 90.42, 88.31, 87.14, 85.49, 82.57, 81.52, 79.66, 71.31, 70.6, 66.73, 64.98, 64.62]
2026-06-23 21:13:46,904 [trainer.py] => Average Accuracy (CNN): 61.39
2026-06-23 21:13:46,905 [trainer.py] => All params: 172312152
2026-06-23 21:13:46,906 [trainer.py] => Trainable params: 484140
2026-06-23 21:13:46,906 [dualprompt.py] => Learning on 290-300
2026-06-23 21:33:21,780 [dualprompt.py] => Task 15, Epoch 20/20 => Loss 0.015, Train_accy 98.11, Test_accy 42.07
2026-06-23 21:34:28,076 [trainer.py] => No NME accuracy.
2026-06-23 21:34:28,076 [trainer.py] => CNN: {'total': 42.07, '00-149': 81.53, '150-159': 12.06, '160-169': 3.02, '170-179': 0.5, '180-189': 1.52, '190-199': 3.5, '200-209': 0.5, '210-219': 0.0, '220-229': 2.51, '230-239': 0.0, '240-249': 0.5, '250-259': 2.01, '260-269': 3.0, '270-279': 0.5, '280-289': 4.5, '290-299': 4.52, 'old': 43.36, 'new': 4.52}
2026-06-23 21:34:28,076 [trainer.py] => CNN top1 curve: [84.7, 81.93, 76.83, 72.74, 68.97, 66.22, 63.36, 60.26, 57.91, 55.39, 50.62, 48.64, 45.83, 44.18, 43.24, 42.07]
2026-06-23 21:34:28,076 [trainer.py] => CNN top5 curve: [96.93, 95.8, 93.37, 90.42, 88.31, 87.14, 85.49, 82.57, 81.52, 79.66, 71.31, 70.6, 66.73, 64.98, 64.62, 64.49]
2026-06-23 21:34:28,076 [trainer.py] => Average Accuracy (CNN): 60.18
