2026-06-17 16:57:38,392 [trainer.py] => config: ./configs/dualprompt/dualprompt_omn_B0_Inc10.json
2026-06-17 16:57:38,392 [trainer.py] => prefix:  
2026-06-17 16:57:38,392 [trainer.py] => dataset: omnibenchmark
2026-06-17 16:57:38,392 [trainer.py] => memory_size: 0
2026-06-17 16:57:38,392 [trainer.py] => memory_per_class: 0
2026-06-17 16:57:38,393 [trainer.py] => fixed_memory: False
2026-06-17 16:57:38,393 [trainer.py] => shuffle: True
2026-06-17 16:57:38,393 [trainer.py] => init_cls: 10
2026-06-17 16:57:38,393 [trainer.py] => increment: 10
2026-06-17 16:57:38,393 [trainer.py] => model_name: dualprompt
2026-06-17 16:57:38,393 [trainer.py] => backbone_type: vit_base_patch16_224_in21k_dualprompt
2026-06-17 16:57:38,393 [trainer.py] => get_original_backbone: True
2026-06-17 16:57:38,393 [trainer.py] => device: [device(type='cuda', index=2)]
2026-06-17 16:57:38,393 [trainer.py] => seed: 1994
2026-06-17 16:57:38,393 [trainer.py] => tuned_epoch: 20
2026-06-17 16:57:38,393 [trainer.py] => init_lr: 0.001
2026-06-17 16:57:38,394 [trainer.py] => batch_size: 48
2026-06-17 16:57:38,394 [trainer.py] => weight_decay: 0
2026-06-17 16:57:38,394 [trainer.py] => min_lr: 1e-05
2026-06-17 16:57:38,394 [trainer.py] => optimizer: adam
2026-06-17 16:57:38,394 [trainer.py] => scheduler: constant
2026-06-17 16:57:38,394 [trainer.py] => reinit_optimizer: True
2026-06-17 16:57:38,394 [trainer.py] => global_pool: token
2026-06-17 16:57:38,394 [trainer.py] => head_type: token
2026-06-17 16:57:38,394 [trainer.py] => freeze: ['blocks', 'patch_embed', 'cls_token', 'norm', 'pos_embed']
2026-06-17 16:57:38,394 [trainer.py] => pretrained: True
2026-06-17 16:57:38,394 [trainer.py] => drop: 0.0
2026-06-17 16:57:38,395 [trainer.py] => drop_path: 0.0
2026-06-17 16:57:38,395 [trainer.py] => use_g_prompt: True
2026-06-17 16:57:38,395 [trainer.py] => g_prompt_length: 5
2026-06-17 16:57:38,395 [trainer.py] => g_prompt_layer_idx: [0, 1]
2026-06-17 16:57:38,395 [trainer.py] => use_prefix_tune_for_g_prompt: True
2026-06-17 16:57:38,395 [trainer.py] => use_e_prompt: True
2026-06-17 16:57:38,395 [trainer.py] => e_prompt_layer_idx: [2, 3, 4]
2026-06-17 16:57:38,395 [trainer.py] => use_prefix_tune_for_e_prompt: True
2026-06-17 16:57:38,395 [trainer.py] => prompt_pool: True
2026-06-17 16:57:38,395 [trainer.py] => size: 10
2026-06-17 16:57:38,395 [trainer.py] => length: 5
2026-06-17 16:57:38,395 [trainer.py] => top_k: 1
2026-06-17 16:57:38,396 [trainer.py] => initializer: uniform
2026-06-17 16:57:38,396 [trainer.py] => prompt_key: True
2026-06-17 16:57:38,396 [trainer.py] => prompt_key_init: uniform
2026-06-17 16:57:38,396 [trainer.py] => use_prompt_mask: True
2026-06-17 16:57:38,396 [trainer.py] => shared_prompt_pool: True
2026-06-17 16:57:38,396 [trainer.py] => shared_prompt_key: False
2026-06-17 16:57:38,396 [trainer.py] => batchwise_prompt: True
2026-06-17 16:57:38,396 [trainer.py] => embedding_key: cls
2026-06-17 16:57:38,396 [trainer.py] => predefined_key: 
2026-06-17 16:57:38,396 [trainer.py] => pull_constraint: True
2026-06-17 16:57:38,396 [trainer.py] => pull_constraint_coeff: 0.1
2026-06-17 16:57:38,397 [trainer.py] => same_key_value: False
2026-06-17 16:57:38,397 [trainer.py] => nb_classes: 300
2026-06-17 16:57:38,397 [trainer.py] => nb_tasks: 30
2026-06-17 16:57:40,367 [data_manager.py] => [79, 231, 55, 293, 15, 281, 208, 119, 12, 11, 254, 126, 287, 215, 152, 278, 284, 140, 95, 72, 207, 232, 289, 171, 178, 189, 63, 86, 41, 159, 87, 103, 22, 80, 274, 73, 263, 122, 23, 28, 114, 273, 220, 185, 4, 70, 156, 286, 56, 115, 240, 268, 296, 174, 204, 113, 81, 221, 6, 101, 135, 224, 64, 269, 190, 244, 182, 181, 219, 198, 163, 150, 134, 210, 206, 202, 147, 234, 197, 222, 66, 144, 51, 24, 44, 209, 175, 195, 264, 205, 90, 21, 138, 52, 151, 124, 100, 121, 83, 132, 169, 285, 225, 27, 214, 236, 213, 162, 153, 271, 98, 233, 275, 299, 127, 29, 246, 50, 45, 280, 116, 242, 145, 165, 26, 149, 20, 186, 48, 129, 40, 2, 18, 241, 112, 200, 75, 85, 249, 68, 54, 59, 230, 228, 74, 253, 194, 77, 217, 227, 14, 8, 211, 297, 19, 226, 88, 96, 106, 9, 255, 38, 33, 176, 93, 35, 109, 69, 216, 92, 183, 47, 99, 39, 108, 160, 282, 199, 71, 201, 196, 120, 133, 270, 243, 250, 247, 288, 118, 136, 283, 187, 1, 184, 117, 130, 237, 32, 102, 177, 65, 173, 46, 267, 290, 128, 239, 0, 107, 167, 261, 43, 170, 104, 298, 262, 248, 60, 256, 78, 3, 58, 265, 62, 259, 61, 218, 157, 110, 143, 141, 252, 295, 97, 25, 291, 245, 125, 272, 17, 49, 161, 31, 155, 166, 251, 179, 94, 111, 142, 192, 229, 172, 16, 53, 168, 188, 158, 91, 258, 13, 10, 42, 36, 238, 105, 154, 257, 7, 277, 294, 279, 137, 266, 139, 292, 164, 276, 57, 123, 89, 82, 148, 67, 37, 146, 193, 131, 180, 5, 84, 260, 235, 223, 191, 30, 212, 76, 203, 34]
2026-06-17 16:57:47,323 [dualprompt.py] => 86,282,796 model total parameters.
2026-06-17 16:57:47,324 [dualprompt.py] => 484,140 model training parameters.
2026-06-17 16:57:47,324 [dualprompt.py] => g_prompt: 15360
2026-06-17 16:57:47,324 [dualprompt.py] => e_prompt.prompt: 230400
2026-06-17 16:57:47,324 [dualprompt.py] => e_prompt.prompt_key: 7680
2026-06-17 16:57:47,325 [dualprompt.py] => head.weight: 230400
2026-06-17 16:57:47,325 [dualprompt.py] => head.bias: 300
2026-06-17 16:57:47,326 [trainer.py] => All params: 172312152
2026-06-17 16:57:47,326 [trainer.py] => Trainable params: 484140
2026-06-17 16:57:47,327 [dualprompt.py] => Learning on 0-10
2026-06-17 17:18:34,733 [dualprompt.py] => Task 0, Epoch 20/20 => Loss 0.056, Train_accy 96.48, Test_accy 95.00
2026-06-17 17:18:38,801 [trainer.py] => No NME accuracy.
2026-06-17 17:18:38,802 [trainer.py] => CNN: {'total': 95.0, '00-09': 95.0, 'old': 0, 'new': 95.0}
2026-06-17 17:18:38,802 [trainer.py] => CNN top1 curve: [95.0]
2026-06-17 17:18:38,803 [trainer.py] => CNN top5 curve: [100.0]
2026-06-17 17:18:38,803 [trainer.py] => Average Accuracy (CNN): 95.0
2026-06-17 17:18:38,807 [trainer.py] => All params: 172312152
2026-06-17 17:18:38,810 [trainer.py] => Trainable params: 484140
2026-06-17 17:18:38,810 [dualprompt.py] => Learning on 10-20
2026-06-17 17:43:00,654 [dualprompt.py] => Task 1, Epoch 20/20 => Loss 0.063, Train_accy 95.49, Test_accy 86.00
2026-06-17 17:43:08,181 [trainer.py] => No NME accuracy.
2026-06-17 17:43:08,181 [trainer.py] => CNN: {'total': 86.0, '00-09': 92.5, '10-19': 79.5, 'old': 92.5, 'new': 79.5}
2026-06-17 17:43:08,181 [trainer.py] => CNN top1 curve: [95.0, 86.0]
2026-06-17 17:43:08,181 [trainer.py] => CNN top5 curve: [100.0, 100.0]
2026-06-17 17:43:08,181 [trainer.py] => Average Accuracy (CNN): 90.5
2026-06-17 17:43:08,182 [trainer.py] => All params: 172312152
2026-06-17 17:43:08,183 [trainer.py] => Trainable params: 484140
2026-06-17 17:43:08,184 [dualprompt.py] => Learning on 20-30
2026-06-17 18:08:04,034 [dualprompt.py] => Task 2, Epoch 20/20 => Loss -0.016, Train_accy 99.41, Test_accy 88.83
2026-06-17 18:08:15,157 [trainer.py] => No NME accuracy.
2026-06-17 18:08:15,157 [trainer.py] => CNN: {'total': 88.83, '00-09': 91.5, '10-19': 78.5, '20-29': 96.5, 'old': 85.0, 'new': 96.5}
2026-06-17 18:08:15,157 [trainer.py] => CNN top1 curve: [95.0, 86.0, 88.83]
2026-06-17 18:08:15,157 [trainer.py] => CNN top5 curve: [100.0, 100.0, 99.83]
2026-06-17 18:08:15,157 [trainer.py] => Average Accuracy (CNN): 89.94
2026-06-17 18:08:15,158 [trainer.py] => All params: 172312152
2026-06-17 18:08:15,159 [trainer.py] => Trainable params: 484140
2026-06-17 18:08:15,159 [dualprompt.py] => Learning on 30-40
2026-06-17 18:35:13,894 [dualprompt.py] => Task 3, Epoch 20/20 => Loss 0.053, Train_accy 96.96, Test_accy 81.85
2026-06-17 18:35:28,147 [trainer.py] => No NME accuracy.
2026-06-17 18:35:28,148 [trainer.py] => CNN: {'total': 81.85, '00-09': 80.0, '10-19': 78.0, '20-29': 96.5, '30-39': 72.86, 'old': 84.83, 'new': 72.86}
2026-06-17 18:35:28,148 [trainer.py] => CNN top1 curve: [95.0, 86.0, 88.83, 81.85]
2026-06-17 18:35:28,148 [trainer.py] => CNN top5 curve: [100.0, 100.0, 99.83, 98.87]
2026-06-17 18:35:28,148 [trainer.py] => Average Accuracy (CNN): 87.92
2026-06-17 18:35:28,149 [trainer.py] => All params: 172312152
2026-06-17 18:35:28,150 [trainer.py] => Trainable params: 484140
2026-06-17 18:35:28,150 [dualprompt.py] => Learning on 40-50
2026-06-17 19:01:55,185 [dualprompt.py] => Task 4, Epoch 20/20 => Loss -0.017, Train_accy 99.33, Test_accy 80.58
2026-06-17 19:02:12,573 [trainer.py] => No NME accuracy.
2026-06-17 19:02:12,574 [trainer.py] => CNN: {'total': 80.58, '00-09': 77.5, '10-19': 78.0, '20-29': 90.5, '30-39': 72.86, '40-49': 84.0, 'old': 79.72, 'new': 84.0}
2026-06-17 19:02:12,574 [trainer.py] => CNN top1 curve: [95.0, 86.0, 88.83, 81.85, 80.58]
2026-06-17 19:02:12,574 [trainer.py] => CNN top5 curve: [100.0, 100.0, 99.83, 98.87, 98.2]
2026-06-17 19:02:12,574 [trainer.py] => Average Accuracy (CNN): 86.45
2026-06-17 19:02:12,575 [trainer.py] => All params: 172312152
2026-06-17 19:02:12,576 [trainer.py] => Trainable params: 484140
2026-06-17 19:02:12,576 [dualprompt.py] => Learning on 50-60
2026-06-17 19:30:05,967 [dualprompt.py] => Task 5, Epoch 20/20 => Loss 0.009, Train_accy 98.36, Test_accy 81.15
2026-06-17 19:30:26,860 [trainer.py] => No NME accuracy.
2026-06-17 19:30:26,860 [trainer.py] => CNN: {'total': 81.15, '00-09': 76.5, '10-19': 78.0, '20-29': 87.5, '30-39': 70.85, '40-49': 83.0, '50-59': 91.0, 'old': 79.18, 'new': 91.0}
2026-06-17 19:30:26,861 [trainer.py] => CNN top1 curve: [95.0, 86.0, 88.83, 81.85, 80.58, 81.15]
2026-06-17 19:30:26,861 [trainer.py] => CNN top5 curve: [100.0, 100.0, 99.83, 98.87, 98.2, 97.83]
2026-06-17 19:30:26,861 [trainer.py] => Average Accuracy (CNN): 85.57
2026-06-17 19:30:26,862 [trainer.py] => All params: 172312152
2026-06-17 19:30:26,863 [trainer.py] => Trainable params: 484140
2026-06-17 19:30:26,863 [dualprompt.py] => Learning on 60-70
2026-06-17 19:57:39,944 [dualprompt.py] => Task 6, Epoch 20/20 => Loss -0.020, Train_accy 99.27, Test_accy 78.47
2026-06-17 19:58:04,353 [trainer.py] => No NME accuracy.
2026-06-17 19:58:04,354 [trainer.py] => CNN: {'total': 78.47, '00-09': 76.0, '10-19': 76.5, '20-29': 85.0, '30-39': 69.85, '40-49': 83.0, '50-59': 89.5, '60-69': 69.35, 'old': 79.98, 'new': 69.35}
2026-06-17 19:58:04,354 [trainer.py] => CNN top1 curve: [95.0, 86.0, 88.83, 81.85, 80.58, 81.15, 78.47]
2026-06-17 19:58:04,354 [trainer.py] => CNN top5 curve: [100.0, 100.0, 99.83, 98.87, 98.2, 97.83, 97.14]
2026-06-17 19:58:04,354 [trainer.py] => Average Accuracy (CNN): 84.55
2026-06-17 19:58:04,356 [trainer.py] => All params: 172312152
2026-06-17 19:58:04,358 [trainer.py] => Trainable params: 484140
2026-06-17 19:58:04,358 [dualprompt.py] => Learning on 70-80
2026-06-17 20:26:47,372 [dualprompt.py] => Task 7, Epoch 20/20 => Loss -0.028, Train_accy 99.42, Test_accy 79.04
2026-06-17 20:27:16,374 [trainer.py] => No NME accuracy.
2026-06-17 20:27:16,374 [trainer.py] => CNN: {'total': 79.04, '00-09': 77.0, '10-19': 75.0, '20-29': 85.5, '30-39': 68.84, '40-49': 83.5, '50-59': 89.0, '60-69': 68.34, '70-79': 85.0, 'old': 78.18, 'new': 85.0}
2026-06-17 20:27:16,375 [trainer.py] => CNN top1 curve: [95.0, 86.0, 88.83, 81.85, 80.58, 81.15, 78.47, 79.04]
2026-06-17 20:27:16,375 [trainer.py] => CNN top5 curve: [100.0, 100.0, 99.83, 98.87, 98.2, 97.83, 97.14, 97.31]
2026-06-17 20:27:16,375 [trainer.py] => Average Accuracy (CNN): 83.86
2026-06-17 20:27:16,376 [trainer.py] => All params: 172312152
2026-06-17 20:27:16,377 [trainer.py] => Trainable params: 484140
2026-06-17 20:27:16,377 [dualprompt.py] => Learning on 80-90
2026-06-17 20:54:19,077 [dualprompt.py] => Task 8, Epoch 20/20 => Loss 0.018, Train_accy 98.26, Test_accy 76.59
2026-06-17 20:54:49,840 [trainer.py] => No NME accuracy.
2026-06-17 20:54:49,840 [trainer.py] => CNN: {'total': 76.59, '00-09': 77.0, '10-19': 75.0, '20-29': 86.0, '30-39': 68.34, '40-49': 83.5, '50-59': 88.0, '60-69': 68.84, '70-79': 76.0, '80-89': 66.5, 'old': 77.85, 'new': 66.5}
2026-06-17 20:54:49,840 [trainer.py] => CNN top1 curve: [95.0, 86.0, 88.83, 81.85, 80.58, 81.15, 78.47, 79.04, 76.59]
2026-06-17 20:54:49,840 [trainer.py] => CNN top5 curve: [100.0, 100.0, 99.83, 98.87, 98.2, 97.83, 97.14, 97.31, 96.83]
2026-06-17 20:54:49,840 [trainer.py] => Average Accuracy (CNN): 83.06
2026-06-17 20:54:49,842 [trainer.py] => All params: 172312152
2026-06-17 20:54:49,843 [trainer.py] => Trainable params: 484140
2026-06-17 20:54:49,843 [dualprompt.py] => Learning on 90-100
2026-06-17 21:23:39,832 [dualprompt.py] => Task 9, Epoch 20/20 => Loss 0.024, Train_accy 97.11, Test_accy 75.31
2026-06-17 21:24:14,474 [trainer.py] => No NME accuracy.
2026-06-17 21:24:14,475 [trainer.py] => CNN: {'total': 75.31, '00-09': 77.0, '10-19': 75.0, '20-29': 86.0, '30-39': 69.35, '40-49': 83.5, '50-59': 86.5, '60-69': 67.84, '70-79': 74.5, '80-89': 66.5, '90-99': 66.83, 'old': 76.25, 'new': 66.83}
2026-06-17 21:24:14,475 [trainer.py] => CNN top1 curve: [95.0, 86.0, 88.83, 81.85, 80.58, 81.15, 78.47, 79.04, 76.59, 75.31]
2026-06-17 21:24:14,475 [trainer.py] => CNN top5 curve: [100.0, 100.0, 99.83, 98.87, 98.2, 97.83, 97.14, 97.31, 96.83, 95.14]
2026-06-17 21:24:14,475 [trainer.py] => Average Accuracy (CNN): 82.28
2026-06-17 21:24:14,476 [trainer.py] => All params: 172312152
2026-06-17 21:24:14,478 [trainer.py] => Trainable params: 484140
2026-06-17 21:24:14,478 [dualprompt.py] => Learning on 100-110
2026-06-17 21:51:16,537 [dualprompt.py] => Task 10, Epoch 20/20 => Loss -0.007, Train_accy 98.56, Test_accy 75.76
2026-06-17 21:51:54,551 [trainer.py] => No NME accuracy.
2026-06-17 21:51:54,551 [trainer.py] => CNN: {'total': 75.76, '00-09': 76.5, '10-19': 74.0, '20-29': 83.5, '30-39': 67.84, '40-49': 82.5, '50-59': 85.5, '60-69': 67.34, '70-79': 74.0, '80-89': 66.5, '90-99': 65.33, '100-109': 90.4, 'old': 74.31, 'new': 90.4}
2026-06-17 21:51:54,551 [trainer.py] => CNN top1 curve: [95.0, 86.0, 88.83, 81.85, 80.58, 81.15, 78.47, 79.04, 76.59, 75.31, 75.76]
2026-06-17 21:51:54,551 [trainer.py] => CNN top5 curve: [100.0, 100.0, 99.83, 98.87, 98.2, 97.83, 97.14, 97.31, 96.83, 95.14, 95.26]
2026-06-17 21:51:54,551 [trainer.py] => Average Accuracy (CNN): 81.69
2026-06-17 21:51:54,552 [trainer.py] => All params: 172312152
2026-06-17 21:51:54,553 [trainer.py] => Trainable params: 484140
2026-06-17 21:51:54,553 [dualprompt.py] => Learning on 110-120
2026-06-17 22:19:32,115 [dualprompt.py] => Task 11, Epoch 20/20 => Loss 0.018, Train_accy 97.67, Test_accy 74.91
2026-06-17 22:20:13,171 [trainer.py] => No NME accuracy.
2026-06-17 22:20:13,172 [trainer.py] => CNN: {'total': 74.91, '00-09': 77.0, '10-19': 74.5, '20-29': 84.0, '30-39': 68.84, '40-49': 82.5, '50-59': 83.5, '60-69': 65.83, '70-79': 75.0, '80-89': 67.0, '90-99': 63.32, '100-109': 89.39, '110-119': 68.0, 'old': 75.54, 'new': 68.0}
2026-06-17 22:20:13,172 [trainer.py] => CNN top1 curve: [95.0, 86.0, 88.83, 81.85, 80.58, 81.15, 78.47, 79.04, 76.59, 75.31, 75.76, 74.91]
2026-06-17 22:20:13,172 [trainer.py] => CNN top5 curve: [100.0, 100.0, 99.83, 98.87, 98.2, 97.83, 97.14, 97.31, 96.83, 95.14, 95.26, 93.78]
2026-06-17 22:20:13,172 [trainer.py] => Average Accuracy (CNN): 81.12
2026-06-17 22:20:13,173 [trainer.py] => All params: 172312152
2026-06-17 22:20:13,174 [trainer.py] => Trainable params: 484140
2026-06-17 22:20:13,174 [dualprompt.py] => Learning on 120-130
2026-06-17 22:47:18,903 [dualprompt.py] => Task 12, Epoch 20/20 => Loss 0.016, Train_accy 97.87, Test_accy 73.82
2026-06-17 22:48:01,920 [trainer.py] => No NME accuracy.
2026-06-17 22:48:01,920 [trainer.py] => CNN: {'total': 73.82, '00-09': 76.0, '10-19': 74.0, '20-29': 83.5, '30-39': 68.34, '40-49': 81.0, '50-59': 84.0, '60-69': 65.83, '70-79': 73.0, '80-89': 65.5, '90-99': 63.82, '100-109': 89.39, '110-119': 68.0, '120-129': 67.34, 'old': 74.36, 'new': 67.34}
2026-06-17 22:48:01,920 [trainer.py] => CNN top1 curve: [95.0, 86.0, 88.83, 81.85, 80.58, 81.15, 78.47, 79.04, 76.59, 75.31, 75.76, 74.91, 73.82]
2026-06-17 22:48:01,920 [trainer.py] => CNN top5 curve: [100.0, 100.0, 99.83, 98.87, 98.2, 97.83, 97.14, 97.31, 96.83, 95.14, 95.26, 93.78, 93.95]
2026-06-17 22:48:01,920 [trainer.py] => Average Accuracy (CNN): 80.56
2026-06-17 22:48:01,922 [trainer.py] => All params: 172312152
2026-06-17 22:48:01,923 [trainer.py] => Trainable params: 484140
2026-06-17 22:48:01,923 [dualprompt.py] => Learning on 130-140
2026-06-17 23:17:34,759 [dualprompt.py] => Task 13, Epoch 20/20 => Loss 0.052, Train_accy 96.61, Test_accy 72.64
2026-06-17 23:18:16,673 [trainer.py] => No NME accuracy.
2026-06-17 23:18:16,673 [trainer.py] => CNN: {'total': 72.64, '00-09': 76.5, '10-19': 74.0, '20-29': 83.0, '30-39': 69.35, '40-49': 81.0, '50-59': 84.0, '60-69': 65.33, '70-79': 72.5, '80-89': 65.5, '90-99': 63.82, '100-109': 88.89, '110-119': 67.0, '120-129': 67.84, '130-139': 58.08, 'old': 73.75, 'new': 58.08}
2026-06-17 23:18:16,674 [trainer.py] => CNN top1 curve: [95.0, 86.0, 88.83, 81.85, 80.58, 81.15, 78.47, 79.04, 76.59, 75.31, 75.76, 74.91, 73.82, 72.64]
2026-06-17 23:18:16,674 [trainer.py] => CNN top5 curve: [100.0, 100.0, 99.83, 98.87, 98.2, 97.83, 97.14, 97.31, 96.83, 95.14, 95.26, 93.78, 93.95, 93.48]
2026-06-17 23:18:16,674 [trainer.py] => Average Accuracy (CNN): 80.0
2026-06-17 23:18:16,675 [trainer.py] => All params: 172312152
2026-06-17 23:18:16,676 [trainer.py] => Trainable params: 484140
2026-06-17 23:18:16,676 [dualprompt.py] => Learning on 140-150
2026-06-17 23:46:37,607 [dualprompt.py] => Task 14, Epoch 20/20 => Loss 0.048, Train_accy 96.64, Test_accy 70.89
2026-06-17 23:47:29,603 [trainer.py] => No NME accuracy.
2026-06-17 23:47:29,603 [trainer.py] => CNN: {'total': 70.89, '00-09': 76.5, '10-19': 74.0, '20-29': 83.5, '30-39': 69.35, '40-49': 81.5, '50-59': 83.5, '60-69': 65.83, '70-79': 73.0, '80-89': 65.5, '90-99': 63.32, '100-109': 83.33, '110-119': 67.0, '120-129': 68.34, '130-139': 56.57, '140-149': 52.0, 'old': 72.24, 'new': 52.0}
2026-06-17 23:47:29,603 [trainer.py] => CNN top1 curve: [95.0, 86.0, 88.83, 81.85, 80.58, 81.15, 78.47, 79.04, 76.59, 75.31, 75.76, 74.91, 73.82, 72.64, 70.89]
2026-06-17 23:47:29,603 [trainer.py] => CNN top5 curve: [100.0, 100.0, 99.83, 98.87, 98.2, 97.83, 97.14, 97.31, 96.83, 95.14, 95.26, 93.78, 93.95, 93.48, 92.01]
2026-06-17 23:47:29,603 [trainer.py] => Average Accuracy (CNN): 79.39
2026-06-17 23:47:29,605 [trainer.py] => All params: 172312152
2026-06-17 23:47:29,606 [trainer.py] => Trainable params: 484140
2026-06-17 23:47:29,606 [dualprompt.py] => Learning on 150-160
2026-06-18 00:17:56,336 [dualprompt.py] => Task 15, Epoch 20/20 => Loss 0.002, Train_accy 98.27, Test_accy 70.24
2026-06-18 00:18:50,461 [trainer.py] => No NME accuracy.
2026-06-18 00:18:50,462 [trainer.py] => CNN: {'total': 70.24, '00-09': 76.0, '10-19': 74.5, '20-29': 84.0, '30-39': 68.84, '40-49': 81.5, '50-59': 84.0, '60-69': 65.83, '70-79': 73.5, '80-89': 64.5, '90-99': 63.32, '100-109': 75.76, '110-119': 67.5, '120-129': 64.82, '130-139': 55.05, '140-149': 52.0, '150-159': 72.5, 'old': 70.09, 'new': 72.5}
2026-06-18 00:18:50,462 [trainer.py] => CNN top1 curve: [95.0, 86.0, 88.83, 81.85, 80.58, 81.15, 78.47, 79.04, 76.59, 75.31, 75.76, 74.91, 73.82, 72.64, 70.89, 70.24]
2026-06-18 00:18:50,462 [trainer.py] => CNN top5 curve: [100.0, 100.0, 99.83, 98.87, 98.2, 97.83, 97.14, 97.31, 96.83, 95.14, 95.26, 93.78, 93.95, 93.48, 92.01, 91.76]
2026-06-18 00:18:50,462 [trainer.py] => Average Accuracy (CNN): 78.82
2026-06-18 00:18:50,463 [trainer.py] => All params: 172312152
2026-06-18 00:18:50,465 [trainer.py] => Trainable params: 484140
2026-06-18 00:18:50,465 [dualprompt.py] => Learning on 160-170
2026-06-18 00:48:02,768 [dualprompt.py] => Task 16, Epoch 20/20 => Loss 0.035, Train_accy 96.86, Test_accy 68.25
2026-06-18 00:48:55,422 [trainer.py] => No NME accuracy.
2026-06-18 00:48:55,422 [trainer.py] => CNN: {'total': 68.25, '00-09': 77.0, '10-19': 74.5, '20-29': 83.5, '30-39': 68.34, '40-49': 81.5, '50-59': 80.0, '60-69': 62.81, '70-79': 73.0, '80-89': 64.0, '90-99': 63.32, '100-109': 74.75, '110-119': 67.0, '120-129': 64.82, '130-139': 54.55, '140-149': 52.0, '150-159': 71.0, '160-169': 48.0, 'old': 69.52, 'new': 48.0}
2026-06-18 00:48:55,422 [trainer.py] => CNN top1 curve: [95.0, 86.0, 88.83, 81.85, 80.58, 81.15, 78.47, 79.04, 76.59, 75.31, 75.76, 74.91, 73.82, 72.64, 70.89, 70.24, 68.25]
2026-06-18 00:48:55,422 [trainer.py] => CNN top5 curve: [100.0, 100.0, 99.83, 98.87, 98.2, 97.83, 97.14, 97.31, 96.83, 95.14, 95.26, 93.78, 93.95, 93.48, 92.01, 91.76, 90.68]
2026-06-18 00:48:55,422 [trainer.py] => Average Accuracy (CNN): 78.2
2026-06-18 00:48:55,423 [trainer.py] => All params: 172312152
2026-06-18 00:48:55,424 [trainer.py] => Trainable params: 484140
2026-06-18 00:48:55,424 [dualprompt.py] => Learning on 170-180
2026-06-18 01:18:38,517 [dualprompt.py] => Task 17, Epoch 20/20 => Loss -0.006, Train_accy 98.28, Test_accy 67.57
2026-06-18 01:19:39,507 [trainer.py] => No NME accuracy.
2026-06-18 01:19:39,507 [trainer.py] => CNN: {'total': 67.57, '00-09': 76.5, '10-19': 75.0, '20-29': 82.0, '30-39': 68.34, '40-49': 80.0, '50-59': 80.5, '60-69': 62.81, '70-79': 72.0, '80-89': 63.5, '90-99': 63.32, '100-109': 74.75, '110-119': 66.0, '120-129': 67.34, '130-139': 55.05, '140-149': 50.5, '150-159': 70.5, '160-169': 44.5, '170-179': 63.5, 'old': 67.81, 'new': 63.5}
2026-06-18 01:19:39,507 [trainer.py] => CNN top1 curve: [95.0, 86.0, 88.83, 81.85, 80.58, 81.15, 78.47, 79.04, 76.59, 75.31, 75.76, 74.91, 73.82, 72.64, 70.89, 70.24, 68.25, 67.57]
2026-06-18 01:19:39,508 [trainer.py] => CNN top5 curve: [100.0, 100.0, 99.83, 98.87, 98.2, 97.83, 97.14, 97.31, 96.83, 95.14, 95.26, 93.78, 93.95, 93.48, 92.01, 91.76, 90.68, 90.2]
2026-06-18 01:19:39,508 [trainer.py] => Average Accuracy (CNN): 77.61
2026-06-18 01:19:39,509 [trainer.py] => All params: 172312152
2026-06-18 01:19:39,510 [trainer.py] => Trainable params: 484140
2026-06-18 01:19:39,510 [dualprompt.py] => Learning on 180-190
2026-06-18 01:49:05,812 [dualprompt.py] => Task 18, Epoch 20/20 => Loss 0.018, Train_accy 98.04, Test_accy 67.72
2026-06-18 01:50:09,601 [trainer.py] => No NME accuracy.
2026-06-18 01:50:09,602 [trainer.py] => CNN: {'total': 67.72, '00-09': 76.5, '10-19': 74.0, '20-29': 81.0, '30-39': 68.84, '40-49': 81.0, '50-59': 77.5, '60-69': 63.32, '70-79': 71.5, '80-89': 63.5, '90-99': 62.31, '100-109': 74.24, '110-119': 66.5, '120-129': 67.34, '130-139': 54.55, '140-149': 51.5, '150-159': 70.5, '160-169': 45.5, '170-179': 64.0, '180-189': 73.0, 'old': 67.43, 'new': 73.0}
2026-06-18 01:50:09,602 [trainer.py] => CNN top1 curve: [95.0, 86.0, 88.83, 81.85, 80.58, 81.15, 78.47, 79.04, 76.59, 75.31, 75.76, 74.91, 73.82, 72.64, 70.89, 70.24, 68.25, 67.57, 67.72]
2026-06-18 01:50:09,602 [trainer.py] => CNN top5 curve: [100.0, 100.0, 99.83, 98.87, 98.2, 97.83, 97.14, 97.31, 96.83, 95.14, 95.26, 93.78, 93.95, 93.48, 92.01, 91.76, 90.68, 90.2, 90.43]
2026-06-18 01:50:09,602 [trainer.py] => Average Accuracy (CNN): 77.09
2026-06-18 01:50:09,604 [trainer.py] => All params: 172312152
2026-06-18 01:50:09,605 [trainer.py] => Trainable params: 484140
2026-06-18 01:50:09,605 [dualprompt.py] => Learning on 190-200
2026-06-18 02:19:36,199 [dualprompt.py] => Task 19, Epoch 20/20 => Loss 0.006, Train_accy 98.32, Test_accy 67.13
2026-06-18 02:20:44,456 [trainer.py] => No NME accuracy.
2026-06-18 02:20:44,486 [trainer.py] => CNN: {'total': 67.13, '00-09': 75.5, '10-19': 74.0, '20-29': 81.0, '30-39': 68.34, '40-49': 81.0, '50-59': 77.0, '60-69': 62.31, '70-79': 71.0, '80-89': 63.0, '90-99': 61.81, '100-109': 74.24, '110-119': 66.5, '120-129': 67.84, '130-139': 54.55, '140-149': 50.5, '150-159': 70.0, '160-169': 44.0, '170-179': 64.5, '180-189': 74.0, '190-199': 61.5, 'old': 67.43, 'new': 61.5}
2026-06-18 02:20:44,487 [trainer.py] => CNN top1 curve: [95.0, 86.0, 88.83, 81.85, 80.58, 81.15, 78.47, 79.04, 76.59, 75.31, 75.76, 74.91, 73.82, 72.64, 70.89, 70.24, 68.25, 67.57, 67.72, 67.13]
2026-06-18 02:20:44,487 [trainer.py] => CNN top5 curve: [100.0, 100.0, 99.83, 98.87, 98.2, 97.83, 97.14, 97.31, 96.83, 95.14, 95.26, 93.78, 93.95, 93.48, 92.01, 91.76, 90.68, 90.2, 90.43, 90.51]
2026-06-18 02:20:44,487 [trainer.py] => Average Accuracy (CNN): 76.59
2026-06-18 02:20:44,489 [trainer.py] => All params: 172312152
2026-06-18 02:20:44,490 [trainer.py] => Trainable params: 484140
2026-06-18 02:20:44,490 [dualprompt.py] => Learning on 200-210
2026-06-18 02:49:29,669 [dualprompt.py] => Task 20, Epoch 20/20 => Loss 0.003, Train_accy 98.37, Test_accy 66.25
2026-06-18 02:50:41,525 [trainer.py] => No NME accuracy.
2026-06-18 02:50:41,541 [trainer.py] => CNN: {'total': 66.25, '00-09': 76.5, '10-19': 73.0, '20-29': 81.0, '30-39': 68.34, '40-49': 78.0, '50-59': 80.5, '60-69': 61.31, '70-79': 70.5, '80-89': 63.5, '90-99': 62.31, '100-109': 74.24, '110-119': 65.5, '120-129': 67.84, '130-139': 51.52, '140-149': 51.5, '150-159': 67.5, '160-169': 43.0, '170-179': 63.5, '180-189': 74.0, '190-199': 59.0, '200-209': 58.5, 'old': 66.63, 'new': 58.5}
2026-06-18 02:50:41,541 [trainer.py] => CNN top1 curve: [95.0, 86.0, 88.83, 81.85, 80.58, 81.15, 78.47, 79.04, 76.59, 75.31, 75.76, 74.91, 73.82, 72.64, 70.89, 70.24, 68.25, 67.57, 67.72, 67.13, 66.25]
2026-06-18 02:50:41,541 [trainer.py] => CNN top5 curve: [100.0, 100.0, 99.83, 98.87, 98.2, 97.83, 97.14, 97.31, 96.83, 95.14, 95.26, 93.78, 93.95, 93.48, 92.01, 91.76, 90.68, 90.2, 90.43, 90.51, 89.81]
2026-06-18 02:50:41,541 [trainer.py] => Average Accuracy (CNN): 76.1
2026-06-18 02:50:41,543 [trainer.py] => All params: 172312152
2026-06-18 02:50:41,544 [trainer.py] => Trainable params: 484140
2026-06-18 02:50:41,544 [dualprompt.py] => Learning on 210-220
2026-06-18 03:21:14,090 [dualprompt.py] => Task 21, Epoch 20/20 => Loss 0.036, Train_accy 96.98, Test_accy 65.14
2026-06-18 03:22:29,641 [trainer.py] => No NME accuracy.
2026-06-18 03:22:29,663 [trainer.py] => CNN: {'total': 65.14, '00-09': 76.5, '10-19': 73.0, '20-29': 81.0, '30-39': 68.34, '40-49': 80.0, '50-59': 78.0, '60-69': 62.81, '70-79': 70.0, '80-89': 63.0, '90-99': 61.81, '100-109': 74.75, '110-119': 66.0, '120-129': 67.84, '130-139': 51.01, '140-149': 51.0, '150-159': 68.0, '160-169': 43.5, '170-179': 62.5, '180-189': 74.5, '190-199': 61.0, '200-209': 58.0, '210-219': 40.5, 'old': 66.32, 'new': 40.5}
2026-06-18 03:22:29,663 [trainer.py] => CNN top1 curve: [95.0, 86.0, 88.83, 81.85, 80.58, 81.15, 78.47, 79.04, 76.59, 75.31, 75.76, 74.91, 73.82, 72.64, 70.89, 70.24, 68.25, 67.57, 67.72, 67.13, 66.25, 65.14]
2026-06-18 03:22:29,663 [trainer.py] => CNN top5 curve: [100.0, 100.0, 99.83, 98.87, 98.2, 97.83, 97.14, 97.31, 96.83, 95.14, 95.26, 93.78, 93.95, 93.48, 92.01, 91.76, 90.68, 90.2, 90.43, 90.51, 89.81, 89.14]
2026-06-18 03:22:29,663 [trainer.py] => Average Accuracy (CNN): 75.6
2026-06-18 03:22:29,664 [trainer.py] => All params: 172312152
2026-06-18 03:22:29,665 [trainer.py] => Trainable params: 484140
2026-06-18 03:22:29,665 [dualprompt.py] => Learning on 220-230
2026-06-18 03:53:29,892 [dualprompt.py] => Task 22, Epoch 20/20 => Loss 0.025, Train_accy 97.24, Test_accy 64.58
2026-06-18 03:54:48,204 [trainer.py] => No NME accuracy.
2026-06-18 03:54:48,204 [trainer.py] => CNN: {'total': 64.58, '00-09': 77.0, '10-19': 73.0, '20-29': 80.5, '30-39': 68.84, '40-49': 79.0, '50-59': 78.0, '60-69': 63.82, '70-79': 72.0, '80-89': 63.5, '90-99': 62.31, '100-109': 74.24, '110-119': 66.0, '120-129': 63.82, '130-139': 52.02, '140-149': 51.0, '150-159': 69.5, '160-169': 43.5, '170-179': 62.5, '180-189': 75.0, '190-199': 60.5, '200-209': 58.5, '210-219': 40.5, '220-229': 50.25, 'old': 65.23, 'new': 50.25}
2026-06-18 03:54:48,204 [trainer.py] => CNN top1 curve: [95.0, 86.0, 88.83, 81.85, 80.58, 81.15, 78.47, 79.04, 76.59, 75.31, 75.76, 74.91, 73.82, 72.64, 70.89, 70.24, 68.25, 67.57, 67.72, 67.13, 66.25, 65.14, 64.58]
2026-06-18 03:54:48,204 [trainer.py] => CNN top5 curve: [100.0, 100.0, 99.83, 98.87, 98.2, 97.83, 97.14, 97.31, 96.83, 95.14, 95.26, 93.78, 93.95, 93.48, 92.01, 91.76, 90.68, 90.2, 90.43, 90.51, 89.81, 89.14, 88.78]
2026-06-18 03:54:48,204 [trainer.py] => Average Accuracy (CNN): 75.12
2026-06-18 03:54:48,205 [trainer.py] => All params: 172312152
2026-06-18 03:54:48,206 [trainer.py] => Trainable params: 484140
2026-06-18 03:54:48,206 [dualprompt.py] => Learning on 230-240
2026-06-18 04:25:17,815 [dualprompt.py] => Task 23, Epoch 20/20 => Loss 0.048, Train_accy 96.41, Test_accy 63.71
2026-06-18 04:26:36,069 [trainer.py] => No NME accuracy.
2026-06-18 04:26:36,069 [trainer.py] => CNN: {'total': 63.71, '00-09': 76.5, '10-19': 72.5, '20-29': 80.5, '30-39': 68.34, '40-49': 79.0, '50-59': 74.5, '60-69': 62.81, '70-79': 70.0, '80-89': 64.5, '90-99': 62.31, '100-109': 74.24, '110-119': 67.5, '120-129': 66.33, '130-139': 52.02, '140-149': 51.0, '150-159': 69.5, '160-169': 43.0, '170-179': 62.5, '180-189': 75.0, '190-199': 61.0, '200-209': 57.0, '210-219': 41.0, '220-229': 49.75, '230-239': 47.98, 'old': 64.39, 'new': 47.98}
2026-06-18 04:26:36,069 [trainer.py] => CNN top1 curve: [95.0, 86.0, 88.83, 81.85, 80.58, 81.15, 78.47, 79.04, 76.59, 75.31, 75.76, 74.91, 73.82, 72.64, 70.89, 70.24, 68.25, 67.57, 67.72, 67.13, 66.25, 65.14, 64.58, 63.71]
2026-06-18 04:26:36,069 [trainer.py] => CNN top5 curve: [100.0, 100.0, 99.83, 98.87, 98.2, 97.83, 97.14, 97.31, 96.83, 95.14, 95.26, 93.78, 93.95, 93.48, 92.01, 91.76, 90.68, 90.2, 90.43, 90.51, 89.81, 89.14, 88.78, 88.68]
2026-06-18 04:26:36,070 [trainer.py] => Average Accuracy (CNN): 74.64
2026-06-18 04:26:36,071 [trainer.py] => All params: 172312152
2026-06-18 04:26:36,072 [trainer.py] => Trainable params: 484140
2026-06-18 04:26:36,072 [dualprompt.py] => Learning on 240-250
2026-06-18 04:56:01,108 [dualprompt.py] => Task 24, Epoch 20/20 => Loss 0.003, Train_accy 97.99, Test_accy 63.52
2026-06-18 04:57:25,803 [trainer.py] => No NME accuracy.
2026-06-18 04:57:25,804 [trainer.py] => CNN: {'total': 63.52, '00-09': 76.0, '10-19': 73.0, '20-29': 81.5, '30-39': 68.84, '40-49': 80.5, '50-59': 75.5, '60-69': 60.8, '70-79': 70.0, '80-89': 63.0, '90-99': 63.32, '100-109': 73.74, '110-119': 65.5, '120-129': 65.33, '130-139': 48.99, '140-149': 51.5, '150-159': 67.5, '160-169': 43.5, '170-179': 63.0, '180-189': 74.0, '190-199': 61.5, '200-209': 58.0, '210-219': 40.0, '220-229': 49.75, '230-239': 47.98, '240-249': 65.0, 'old': 63.46, 'new': 65.0}
2026-06-18 04:57:25,804 [trainer.py] => CNN top1 curve: [95.0, 86.0, 88.83, 81.85, 80.58, 81.15, 78.47, 79.04, 76.59, 75.31, 75.76, 74.91, 73.82, 72.64, 70.89, 70.24, 68.25, 67.57, 67.72, 67.13, 66.25, 65.14, 64.58, 63.71, 63.52]
2026-06-18 04:57:25,804 [trainer.py] => CNN top5 curve: [100.0, 100.0, 99.83, 98.87, 98.2, 97.83, 97.14, 97.31, 96.83, 95.14, 95.26, 93.78, 93.95, 93.48, 92.01, 91.76, 90.68, 90.2, 90.43, 90.51, 89.81, 89.14, 88.78, 88.68, 88.41]
2026-06-18 04:57:25,804 [trainer.py] => Average Accuracy (CNN): 74.2
2026-06-18 04:57:25,805 [trainer.py] => All params: 172312152
2026-06-18 04:57:25,806 [trainer.py] => Trainable params: 484140
2026-06-18 04:57:25,806 [dualprompt.py] => Learning on 250-260
2026-06-18 05:28:39,651 [dualprompt.py] => Task 25, Epoch 20/20 => Loss 0.014, Train_accy 97.69, Test_accy 63.34
2026-06-18 05:30:07,217 [trainer.py] => No NME accuracy.
2026-06-18 05:30:07,233 [trainer.py] => CNN: {'total': 63.34, '00-09': 77.0, '10-19': 73.0, '20-29': 81.5, '30-39': 68.34, '40-49': 80.0, '50-59': 75.5, '60-69': 61.81, '70-79': 64.5, '80-89': 64.0, '90-99': 62.31, '100-109': 73.23, '110-119': 66.5, '120-129': 64.32, '130-139': 49.49, '140-149': 51.5, '150-159': 68.5, '160-169': 43.5, '170-179': 62.5, '180-189': 75.0, '190-199': 61.0, '200-209': 58.0, '210-219': 41.5, '220-229': 48.74, '230-239': 47.47, '240-249': 64.0, '250-259': 63.32, 'old': 63.34, 'new': 63.32}
2026-06-18 05:30:07,233 [trainer.py] => CNN top1 curve: [95.0, 86.0, 88.83, 81.85, 80.58, 81.15, 78.47, 79.04, 76.59, 75.31, 75.76, 74.91, 73.82, 72.64, 70.89, 70.24, 68.25, 67.57, 67.72, 67.13, 66.25, 65.14, 64.58, 63.71, 63.52, 63.34]
2026-06-18 05:30:07,233 [trainer.py] => CNN top5 curve: [100.0, 100.0, 99.83, 98.87, 98.2, 97.83, 97.14, 97.31, 96.83, 95.14, 95.26, 93.78, 93.95, 93.48, 92.01, 91.76, 90.68, 90.2, 90.43, 90.51, 89.81, 89.14, 88.78, 88.68, 88.41, 87.72]
2026-06-18 05:30:07,233 [trainer.py] => Average Accuracy (CNN): 73.78
2026-06-18 05:30:07,234 [trainer.py] => All params: 172312152
2026-06-18 05:30:07,235 [trainer.py] => Trainable params: 484140
2026-06-18 05:30:07,235 [dualprompt.py] => Learning on 260-270
2026-06-18 06:02:49,133 [dualprompt.py] => Task 26, Epoch 20/20 => Loss 0.020, Train_accy 97.71, Test_accy 63.86
2026-06-18 06:04:19,574 [trainer.py] => No NME accuracy.
2026-06-18 06:04:19,574 [trainer.py] => CNN: {'total': 63.86, '00-09': 76.5, '10-19': 72.0, '20-29': 81.0, '30-39': 65.83, '40-49': 81.5, '50-59': 74.0, '60-69': 61.81, '70-79': 66.5, '80-89': 65.0, '90-99': 62.31, '100-109': 73.74, '110-119': 63.0, '120-129': 63.32, '130-139': 48.48, '140-149': 50.5, '150-159': 70.0, '160-169': 43.5, '170-179': 63.0, '180-189': 73.0, '190-199': 62.5, '200-209': 58.0, '210-219': 42.5, '220-229': 50.25, '230-239': 51.01, '240-249': 63.0, '250-259': 61.81, '260-269': 79.9, 'old': 63.24, 'new': 79.9}
2026-06-18 06:04:19,574 [trainer.py] => CNN top1 curve: [95.0, 86.0, 88.83, 81.85, 80.58, 81.15, 78.47, 79.04, 76.59, 75.31, 75.76, 74.91, 73.82, 72.64, 70.89, 70.24, 68.25, 67.57, 67.72, 67.13, 66.25, 65.14, 64.58, 63.71, 63.52, 63.34, 63.86]
2026-06-18 06:04:19,574 [trainer.py] => CNN top5 curve: [100.0, 100.0, 99.83, 98.87, 98.2, 97.83, 97.14, 97.31, 96.83, 95.14, 95.26, 93.78, 93.95, 93.48, 92.01, 91.76, 90.68, 90.2, 90.43, 90.51, 89.81, 89.14, 88.78, 88.68, 88.41, 87.72, 87.79]
2026-06-18 06:04:19,574 [trainer.py] => Average Accuracy (CNN): 73.41
2026-06-18 06:04:19,575 [trainer.py] => All params: 172312152
2026-06-18 06:04:19,576 [trainer.py] => Trainable params: 484140
2026-06-18 06:04:19,576 [dualprompt.py] => Learning on 270-280
2026-06-18 06:36:16,227 [dualprompt.py] => Task 27, Epoch 20/20 => Loss 0.031, Train_accy 97.20, Test_accy 63.83
2026-06-18 06:37:49,630 [trainer.py] => No NME accuracy.
2026-06-18 06:37:49,630 [trainer.py] => CNN: {'total': 63.83, '00-09': 77.0, '10-19': 73.0, '20-29': 80.5, '30-39': 66.83, '40-49': 80.5, '50-59': 76.5, '60-69': 61.81, '70-79': 64.0, '80-89': 64.5, '90-99': 61.81, '100-109': 73.23, '110-119': 62.0, '120-129': 65.33, '130-139': 49.49, '140-149': 49.5, '150-159': 71.0, '160-169': 43.0, '170-179': 63.0, '180-189': 74.5, '190-199': 61.5, '200-209': 58.0, '210-219': 42.5, '220-229': 48.24, '230-239': 48.48, '240-249': 64.0, '250-259': 61.81, '260-269': 78.89, '270-279': 66.16, 'old': 63.75, 'new': 66.16}
2026-06-18 06:37:49,631 [trainer.py] => CNN top1 curve: [95.0, 86.0, 88.83, 81.85, 80.58, 81.15, 78.47, 79.04, 76.59, 75.31, 75.76, 74.91, 73.82, 72.64, 70.89, 70.24, 68.25, 67.57, 67.72, 67.13, 66.25, 65.14, 64.58, 63.71, 63.52, 63.34, 63.86, 63.83]
2026-06-18 06:37:49,631 [trainer.py] => CNN top5 curve: [100.0, 100.0, 99.83, 98.87, 98.2, 97.83, 97.14, 97.31, 96.83, 95.14, 95.26, 93.78, 93.95, 93.48, 92.01, 91.76, 90.68, 90.2, 90.43, 90.51, 89.81, 89.14, 88.78, 88.68, 88.41, 87.72, 87.79, 87.43]
2026-06-18 06:37:49,631 [trainer.py] => Average Accuracy (CNN): 73.07
2026-06-18 06:37:49,632 [trainer.py] => All params: 172312152
2026-06-18 06:37:49,633 [trainer.py] => Trainable params: 484140
2026-06-18 06:37:49,633 [dualprompt.py] => Learning on 280-290
2026-06-18 07:11:49,231 [dualprompt.py] => Task 28, Epoch 20/20 => Loss 0.025, Train_accy 97.33, Test_accy 62.90
2026-06-18 07:13:27,564 [trainer.py] => No NME accuracy.
2026-06-18 07:13:27,565 [trainer.py] => CNN: {'total': 62.9, '00-09': 76.5, '10-19': 73.5, '20-29': 82.5, '30-39': 66.33, '40-49': 80.0, '50-59': 74.5, '60-69': 57.79, '70-79': 64.0, '80-89': 65.0, '90-99': 62.31, '100-109': 72.73, '110-119': 61.0, '120-129': 62.81, '130-139': 48.48, '140-149': 51.0, '150-159': 69.5, '160-169': 43.5, '170-179': 60.0, '180-189': 73.0, '190-199': 60.5, '200-209': 57.0, '210-219': 42.0, '220-229': 47.74, '230-239': 48.48, '240-249': 63.5, '250-259': 62.81, '260-269': 78.39, '270-279': 65.66, '280-289': 53.5, 'old': 63.24, 'new': 53.5}
2026-06-18 07:13:27,565 [trainer.py] => CNN top1 curve: [95.0, 86.0, 88.83, 81.85, 80.58, 81.15, 78.47, 79.04, 76.59, 75.31, 75.76, 74.91, 73.82, 72.64, 70.89, 70.24, 68.25, 67.57, 67.72, 67.13, 66.25, 65.14, 64.58, 63.71, 63.52, 63.34, 63.86, 63.83, 62.9]
2026-06-18 07:13:27,565 [trainer.py] => CNN top5 curve: [100.0, 100.0, 99.83, 98.87, 98.2, 97.83, 97.14, 97.31, 96.83, 95.14, 95.26, 93.78, 93.95, 93.48, 92.01, 91.76, 90.68, 90.2, 90.43, 90.51, 89.81, 89.14, 88.78, 88.68, 88.41, 87.72, 87.79, 87.43, 87.12]
2026-06-18 07:13:27,565 [trainer.py] => Average Accuracy (CNN): 72.72
2026-06-18 07:13:27,566 [trainer.py] => All params: 172312152
2026-06-18 07:13:27,567 [trainer.py] => Trainable params: 484140
2026-06-18 07:13:27,567 [dualprompt.py] => Learning on 290-300
2026-06-18 07:44:57,256 [dualprompt.py] => Task 29, Epoch 20/20 => Loss 0.037, Train_accy 97.01, Test_accy 62.32
2026-06-18 07:46:39,345 [trainer.py] => No NME accuracy.
2026-06-18 07:46:39,345 [trainer.py] => CNN: {'total': 62.32, '00-09': 77.0, '10-19': 73.5, '20-29': 82.0, '30-39': 66.33, '40-49': 80.0, '50-59': 74.0, '60-69': 59.8, '70-79': 63.5, '80-89': 65.0, '90-99': 62.31, '100-109': 72.73, '110-119': 61.5, '120-129': 63.82, '130-139': 48.99, '140-149': 52.0, '150-159': 71.5, '160-169': 41.5, '170-179': 60.5, '180-189': 73.5, '190-199': 60.5, '200-209': 57.5, '210-219': 42.0, '220-229': 47.74, '230-239': 48.48, '240-249': 64.0, '250-259': 61.31, '260-269': 79.4, '270-279': 64.65, '280-289': 53.0, '290-299': 41.5, 'old': 63.04, 'new': 41.5}
2026-06-18 07:46:39,346 [trainer.py] => CNN top1 curve: [95.0, 86.0, 88.83, 81.85, 80.58, 81.15, 78.47, 79.04, 76.59, 75.31, 75.76, 74.91, 73.82, 72.64, 70.89, 70.24, 68.25, 67.57, 67.72, 67.13, 66.25, 65.14, 64.58, 63.71, 63.52, 63.34, 63.86, 63.83, 62.9, 62.32]
2026-06-18 07:46:39,346 [trainer.py] => CNN top5 curve: [100.0, 100.0, 99.83, 98.87, 98.2, 97.83, 97.14, 97.31, 96.83, 95.14, 95.26, 93.78, 93.95, 93.48, 92.01, 91.76, 90.68, 90.2, 90.43, 90.51, 89.81, 89.14, 88.78, 88.68, 88.41, 87.72, 87.79, 87.43, 87.12, 86.52]
2026-06-18 07:46:39,346 [trainer.py] => Average Accuracy (CNN): 72.37
