2026-06-25 10:42:05,158 [trainer.py] => config: ./configs/dualprompt/dualprompt_vtab_B0_Inc5.json
2026-06-25 10:42:05,158 [trainer.py] => prefix:  
2026-06-25 10:42:05,158 [trainer.py] => dataset: vtab
2026-06-25 10:42:05,158 [trainer.py] => memory_size: 0
2026-06-25 10:42:05,158 [trainer.py] => memory_per_class: 0
2026-06-25 10:42:05,159 [trainer.py] => fixed_memory: False
2026-06-25 10:42:05,159 [trainer.py] => shuffle: True
2026-06-25 10:42:05,159 [trainer.py] => init_cls: 5
2026-06-25 10:42:05,159 [trainer.py] => increment: 5
2026-06-25 10:42:05,159 [trainer.py] => model_name: dualprompt
2026-06-25 10:42:05,159 [trainer.py] => backbone_type: vit_base_patch16_224_in21k_dualprompt
2026-06-25 10:42:05,159 [trainer.py] => get_original_backbone: True
2026-06-25 10:42:05,159 [trainer.py] => device: [device(type='cuda', index=2)]
2026-06-25 10:42:05,159 [trainer.py] => seed: 1994
2026-06-25 10:42:05,159 [trainer.py] => tuned_epoch: 20
2026-06-25 10:42:05,159 [trainer.py] => init_lr: 0.001
2026-06-25 10:42:05,159 [trainer.py] => batch_size: 48
2026-06-25 10:42:05,159 [trainer.py] => weight_decay: 0
2026-06-25 10:42:05,159 [trainer.py] => min_lr: 1e-05
2026-06-25 10:42:05,159 [trainer.py] => optimizer: adam
2026-06-25 10:42:05,159 [trainer.py] => scheduler: constant
2026-06-25 10:42:05,159 [trainer.py] => reinit_optimizer: True
2026-06-25 10:42:05,160 [trainer.py] => global_pool: token
2026-06-25 10:42:05,160 [trainer.py] => head_type: token
2026-06-25 10:42:05,160 [trainer.py] => freeze: ['blocks', 'patch_embed', 'cls_token', 'norm', 'pos_embed']
2026-06-25 10:42:05,160 [trainer.py] => pretrained: True
2026-06-25 10:42:05,160 [trainer.py] => drop: 0.0
2026-06-25 10:42:05,160 [trainer.py] => drop_path: 0.0
2026-06-25 10:42:05,160 [trainer.py] => use_g_prompt: True
2026-06-25 10:42:05,160 [trainer.py] => g_prompt_length: 5
2026-06-25 10:42:05,160 [trainer.py] => g_prompt_layer_idx: [0, 1]
2026-06-25 10:42:05,160 [trainer.py] => use_prefix_tune_for_g_prompt: True
2026-06-25 10:42:05,160 [trainer.py] => use_e_prompt: True
2026-06-25 10:42:05,160 [trainer.py] => e_prompt_layer_idx: [2, 3, 4]
2026-06-25 10:42:05,160 [trainer.py] => use_prefix_tune_for_e_prompt: True
2026-06-25 10:42:05,160 [trainer.py] => prompt_pool: True
2026-06-25 10:42:05,160 [trainer.py] => size: 10
2026-06-25 10:42:05,160 [trainer.py] => length: 5
2026-06-25 10:42:05,160 [trainer.py] => top_k: 1
2026-06-25 10:42:05,161 [trainer.py] => initializer: uniform
2026-06-25 10:42:05,161 [trainer.py] => prompt_key: True
2026-06-25 10:42:05,161 [trainer.py] => prompt_key_init: uniform
2026-06-25 10:42:05,161 [trainer.py] => use_prompt_mask: True
2026-06-25 10:42:05,161 [trainer.py] => shared_prompt_pool: True
2026-06-25 10:42:05,161 [trainer.py] => shared_prompt_key: False
2026-06-25 10:42:05,161 [trainer.py] => batchwise_prompt: True
2026-06-25 10:42:05,161 [trainer.py] => embedding_key: cls
2026-06-25 10:42:05,161 [trainer.py] => predefined_key: 
2026-06-25 10:42:05,161 [trainer.py] => pull_constraint: True
2026-06-25 10:42:05,161 [trainer.py] => pull_constraint_coeff: 0.1
2026-06-25 10:42:05,161 [trainer.py] => same_key_value: False
2026-06-25 10:42:05,161 [trainer.py] => nb_classes: 50
2026-06-25 10:42:05,161 [trainer.py] => nb_tasks: 10
2026-06-25 10:42:05,431 [data_manager.py] => [19, 0, 33, 14, 23, 41, 7, 45, 8, 44, 9, 25, 6, 27, 21, 47, 38, 48, 15, 22, 17, 42, 2, 46, 37, 13, 32, 10, 49, 39, 18, 1, 3, 40, 36, 5, 28, 43, 4, 29, 31, 24, 30, 20, 12, 26, 16, 11, 34, 35]
2026-06-25 10:42:11,969 [dualprompt.py] => 86,090,546 model total parameters.
2026-06-25 10:42:11,970 [dualprompt.py] => 291,890 model training parameters.
2026-06-25 10:42:11,970 [dualprompt.py] => g_prompt: 15360
2026-06-25 10:42:11,970 [dualprompt.py] => e_prompt.prompt: 230400
2026-06-25 10:42:11,970 [dualprompt.py] => e_prompt.prompt_key: 7680
2026-06-25 10:42:11,970 [dualprompt.py] => head.weight: 38400
2026-06-25 10:42:11,970 [dualprompt.py] => head.bias: 50
2026-06-25 10:42:11,971 [trainer.py] => All params: 171927652
2026-06-25 10:42:11,972 [trainer.py] => Trainable params: 291890
2026-06-25 10:42:11,972 [dualprompt.py] => Learning on 0-5
2026-06-25 10:44:06,864 [dualprompt.py] => Task 0, Epoch 20/20 => Loss 0.019, Train_accy 99.48, Test_accy 98.34
2026-06-25 10:44:16,359 [trainer.py] => No NME accuracy.
2026-06-25 10:44:16,359 [trainer.py] => CNN: {'total': 98.34, '00-04': 98.34, 'old': 0, 'new': 98.34}
2026-06-25 10:44:16,359 [trainer.py] => CNN top1 curve: [98.34]
2026-06-25 10:44:16,359 [trainer.py] => CNN top5 curve: [100.0]
2026-06-25 10:44:16,359 [trainer.py] => Average Accuracy (CNN): 98.34
2026-06-25 10:44:16,360 [trainer.py] => All params: 171927652
2026-06-25 10:44:16,362 [trainer.py] => Trainable params: 291890
2026-06-25 10:44:16,362 [dualprompt.py] => Learning on 5-10
2026-06-25 10:45:42,180 [dualprompt.py] => Task 1, Epoch 20/20 => Loss 0.001, Train_accy 100.00, Test_accy 92.09
2026-06-25 10:45:56,505 [trainer.py] => No NME accuracy.
2026-06-25 10:45:56,506 [trainer.py] => CNN: {'total': 92.09, '00-04': 88.27, '05-09': 99.51, 'old': 88.27, 'new': 99.51}
2026-06-25 10:45:56,506 [trainer.py] => CNN top1 curve: [98.34, 92.09]
2026-06-25 10:45:56,506 [trainer.py] => CNN top5 curve: [100.0, 99.66]
2026-06-25 10:45:56,506 [trainer.py] => Average Accuracy (CNN): 95.22
2026-06-25 10:45:56,507 [trainer.py] => All params: 171927652
2026-06-25 10:45:56,508 [trainer.py] => Trainable params: 291890
2026-06-25 10:45:56,508 [dualprompt.py] => Learning on 10-15
2026-06-25 10:48:06,875 [dualprompt.py] => Task 2, Epoch 20/20 => Loss 0.006, Train_accy 99.18, Test_accy 91.89
2026-06-25 10:48:26,333 [trainer.py] => No NME accuracy.
2026-06-25 10:48:26,333 [trainer.py] => CNN: {'total': 91.89, '00-04': 83.67, '05-09': 98.77, '10-14': 99.39, 'old': 88.81, 'new': 99.39}
2026-06-25 10:48:26,333 [trainer.py] => CNN top1 curve: [98.34, 92.09, 91.89]
2026-06-25 10:48:26,333 [trainer.py] => CNN top5 curve: [100.0, 99.66, 99.64]
2026-06-25 10:48:26,333 [trainer.py] => Average Accuracy (CNN): 94.11
2026-06-25 10:48:26,335 [trainer.py] => All params: 171927652
2026-06-25 10:48:26,336 [trainer.py] => Trainable params: 291890
2026-06-25 10:48:26,336 [dualprompt.py] => Learning on 15-20
2026-06-25 10:51:26,112 [dualprompt.py] => Task 3, Epoch 20/20 => Loss -0.001, Train_accy 100.00, Test_accy 77.52
2026-06-25 10:51:54,567 [trainer.py] => No NME accuracy.
2026-06-25 10:51:54,567 [trainer.py] => CNN: {'total': 77.52, '00-04': 38.14, '05-09': 98.77, '10-14': 98.57, '15-19': 92.68, 'old': 70.36, 'new': 92.68}
2026-06-25 10:51:54,568 [trainer.py] => CNN top1 curve: [98.34, 92.09, 91.89, 77.52]
2026-06-25 10:51:54,568 [trainer.py] => CNN top5 curve: [100.0, 99.66, 99.64, 99.35]
2026-06-25 10:51:54,568 [trainer.py] => Average Accuracy (CNN): 89.96
2026-06-25 10:51:54,569 [trainer.py] => All params: 171927652
2026-06-25 10:51:54,570 [trainer.py] => Trainable params: 291890
2026-06-25 10:51:54,570 [dualprompt.py] => Learning on 20-25
2026-06-25 10:54:06,625 [dualprompt.py] => Task 4, Epoch 20/20 => Loss 0.002, Train_accy 100.00, Test_accy 78.00
2026-06-25 10:54:40,402 [trainer.py] => No NME accuracy.
2026-06-25 10:54:40,421 [trainer.py] => CNN: {'total': 78.0, '00-04': 36.48, '05-09': 97.28, '10-14': 98.16, '15-19': 92.42, '20-24': 82.03, 'old': 76.59, 'new': 82.03}
2026-06-25 10:54:40,421 [trainer.py] => CNN top1 curve: [98.34, 92.09, 91.89, 77.52, 78.0]
2026-06-25 10:54:40,422 [trainer.py] => CNN top5 curve: [100.0, 99.66, 99.64, 99.35, 98.8]
2026-06-25 10:54:40,422 [trainer.py] => Average Accuracy (CNN): 87.57
2026-06-25 10:54:40,425 [trainer.py] => All params: 171927652
2026-06-25 10:54:40,428 [trainer.py] => Trainable params: 291890
2026-06-25 10:54:40,428 [dualprompt.py] => Learning on 25-30
2026-06-25 10:59:55,658 [dualprompt.py] => Task 5, Epoch 20/20 => Loss 0.025, Train_accy 99.26, Test_accy 77.14
2026-06-25 11:00:49,353 [trainer.py] => No NME accuracy.
2026-06-25 11:00:49,367 [trainer.py] => CNN: {'total': 77.14, '00-04': 35.71, '05-09': 97.78, '10-14': 97.34, '15-19': 91.67, '20-24': 58.87, '25-29': 90.47, 'old': 71.56, 'new': 90.47}
2026-06-25 11:00:49,367 [trainer.py] => CNN top1 curve: [98.34, 92.09, 91.89, 77.52, 78.0, 77.14]
2026-06-25 11:00:49,368 [trainer.py] => CNN top5 curve: [100.0, 99.66, 99.64, 99.35, 98.8, 98.75]
2026-06-25 11:00:49,368 [trainer.py] => Average Accuracy (CNN): 85.83
2026-06-25 11:00:49,372 [trainer.py] => All params: 171927652
2026-06-25 11:00:49,375 [trainer.py] => Trainable params: 291890
2026-06-25 11:00:49,375 [dualprompt.py] => Learning on 30-35
2026-06-25 11:06:16,053 [dualprompt.py] => Task 6, Epoch 20/20 => Loss 0.031, Train_accy 99.38, Test_accy 75.26
2026-06-25 11:07:16,678 [trainer.py] => No NME accuracy.
2026-06-25 11:07:16,679 [trainer.py] => CNN: {'total': 75.26, '00-04': 33.93, '05-09': 96.79, '10-14': 96.31, '15-19': 88.38, '20-24': 59.33, '25-29': 87.54, '30-34': 74.95, 'old': 75.32, 'new': 74.95}
2026-06-25 11:07:16,679 [trainer.py] => CNN top1 curve: [98.34, 92.09, 91.89, 77.52, 78.0, 77.14, 75.26]
2026-06-25 11:07:16,679 [trainer.py] => CNN top5 curve: [100.0, 99.66, 99.64, 99.35, 98.8, 98.75, 97.34]
2026-06-25 11:07:16,680 [trainer.py] => Average Accuracy (CNN): 84.32
2026-06-25 11:07:16,683 [trainer.py] => All params: 171927652
2026-06-25 11:07:16,686 [trainer.py] => Trainable params: 291890
2026-06-25 11:07:16,687 [dualprompt.py] => Learning on 35-40
2026-06-25 11:12:47,173 [dualprompt.py] => Task 7, Epoch 20/20 => Loss 0.028, Train_accy 98.31, Test_accy 75.13
2026-06-25 11:13:57,257 [trainer.py] => No NME accuracy.
2026-06-25 11:13:57,257 [trainer.py] => CNN: {'total': 75.13, '00-04': 34.31, '05-09': 96.3, '10-14': 95.7, '15-19': 87.12, '20-24': 59.45, '25-29': 87.89, '30-34': 74.44, '35-39': 75.91, 'old': 75.07, 'new': 75.91}
2026-06-25 11:13:57,257 [trainer.py] => CNN top1 curve: [98.34, 92.09, 91.89, 77.52, 78.0, 77.14, 75.26, 75.13]
2026-06-25 11:13:57,257 [trainer.py] => CNN top5 curve: [100.0, 99.66, 99.64, 99.35, 98.8, 98.75, 97.34, 96.65]
2026-06-25 11:13:57,258 [trainer.py] => Average Accuracy (CNN): 83.17
2026-06-25 11:13:57,260 [trainer.py] => All params: 171927652
2026-06-25 11:13:57,261 [trainer.py] => Trainable params: 291890
2026-06-25 11:13:57,261 [dualprompt.py] => Learning on 40-45
2026-06-25 11:21:30,967 [dualprompt.py] => Task 8, Epoch 20/20 => Loss 0.010, Train_accy 99.67, Test_accy 72.80
2026-06-25 11:22:54,219 [trainer.py] => No NME accuracy.
2026-06-25 11:22:54,232 [trainer.py] => CNN: {'total': 72.8, '00-04': 27.93, '05-09': 95.8, '10-14': 94.06, '15-19': 74.75, '20-24': 56.8, '25-29': 81.52, '30-34': 61.41, '35-39': 73.86, '40-44': 91.85, 'old': 68.51, 'new': 91.85}
2026-06-25 11:22:54,232 [trainer.py] => CNN top1 curve: [98.34, 92.09, 91.89, 77.52, 78.0, 77.14, 75.26, 75.13, 72.8]
2026-06-25 11:22:54,232 [trainer.py] => CNN top5 curve: [100.0, 99.66, 99.64, 99.35, 98.8, 98.75, 97.34, 96.65, 95.62]
2026-06-25 11:22:54,232 [trainer.py] => Average Accuracy (CNN): 82.02
2026-06-25 11:22:54,233 [trainer.py] => All params: 171927652
2026-06-25 11:22:54,234 [trainer.py] => Trainable params: 291890
2026-06-25 11:22:54,234 [dualprompt.py] => Learning on 45-50
2026-06-25 11:30:47,762 [dualprompt.py] => Task 9, Epoch 20/20 => Loss 0.003, Train_accy 99.56, Test_accy 71.71
2026-06-25 11:32:24,060 [trainer.py] => No NME accuracy.
2026-06-25 11:32:24,061 [trainer.py] => CNN: {'total': 71.71, '00-04': 28.32, '05-09': 96.3, '10-14': 94.47, '15-19': 73.23, '20-24': 50.92, '25-29': 80.16, '30-34': 58.66, '35-39': 73.86, '40-44': 88.96, '45-49': 77.27, 'old': 70.92, 'new': 77.27}
2026-06-25 11:32:24,062 [trainer.py] => CNN top1 curve: [98.34, 92.09, 91.89, 77.52, 78.0, 77.14, 75.26, 75.13, 72.8, 71.71]
2026-06-25 11:32:24,062 [trainer.py] => CNN top5 curve: [100.0, 99.66, 99.64, 99.35, 98.8, 98.75, 97.34, 96.65, 95.62, 94.73]
2026-06-25 11:32:24,062 [trainer.py] => Average Accuracy (CNN): 80.99
