2026-06-25 08:55:24,472 [trainer.py] => config: ./configs/dualprompt/dualprompt_vtab_B0_Inc5.json
2026-06-25 08:55:24,472 [trainer.py] => prefix:  
2026-06-25 08:55:24,472 [trainer.py] => dataset: vtab
2026-06-25 08:55:24,472 [trainer.py] => memory_size: 0
2026-06-25 08:55:24,472 [trainer.py] => memory_per_class: 0
2026-06-25 08:55:24,472 [trainer.py] => fixed_memory: False
2026-06-25 08:55:24,472 [trainer.py] => shuffle: True
2026-06-25 08:55:24,472 [trainer.py] => init_cls: 5
2026-06-25 08:55:24,473 [trainer.py] => increment: 5
2026-06-25 08:55:24,473 [trainer.py] => model_name: dualprompt
2026-06-25 08:55:24,473 [trainer.py] => backbone_type: vit_base_patch16_224_in21k_dualprompt
2026-06-25 08:55:24,473 [trainer.py] => get_original_backbone: True
2026-06-25 08:55:24,473 [trainer.py] => device: [device(type='cuda', index=2)]
2026-06-25 08:55:24,473 [trainer.py] => seed: 42
2026-06-25 08:55:24,473 [trainer.py] => tuned_epoch: 20
2026-06-25 08:55:24,473 [trainer.py] => init_lr: 0.001
2026-06-25 08:55:24,473 [trainer.py] => batch_size: 48
2026-06-25 08:55:24,473 [trainer.py] => weight_decay: 0
2026-06-25 08:55:24,473 [trainer.py] => min_lr: 1e-05
2026-06-25 08:55:24,473 [trainer.py] => optimizer: adam
2026-06-25 08:55:24,473 [trainer.py] => scheduler: constant
2026-06-25 08:55:24,473 [trainer.py] => reinit_optimizer: True
2026-06-25 08:55:24,473 [trainer.py] => global_pool: token
2026-06-25 08:55:24,473 [trainer.py] => head_type: token
2026-06-25 08:55:24,473 [trainer.py] => freeze: ['blocks', 'patch_embed', 'cls_token', 'norm', 'pos_embed']
2026-06-25 08:55:24,473 [trainer.py] => pretrained: True
2026-06-25 08:55:24,473 [trainer.py] => drop: 0.0
2026-06-25 08:55:24,473 [trainer.py] => drop_path: 0.0
2026-06-25 08:55:24,473 [trainer.py] => use_g_prompt: True
2026-06-25 08:55:24,473 [trainer.py] => g_prompt_length: 5
2026-06-25 08:55:24,473 [trainer.py] => g_prompt_layer_idx: [0, 1]
2026-06-25 08:55:24,473 [trainer.py] => use_prefix_tune_for_g_prompt: True
2026-06-25 08:55:24,473 [trainer.py] => use_e_prompt: True
2026-06-25 08:55:24,473 [trainer.py] => e_prompt_layer_idx: [2, 3, 4]
2026-06-25 08:55:24,473 [trainer.py] => use_prefix_tune_for_e_prompt: True
2026-06-25 08:55:24,473 [trainer.py] => prompt_pool: True
2026-06-25 08:55:24,473 [trainer.py] => size: 10
2026-06-25 08:55:24,474 [trainer.py] => length: 5
2026-06-25 08:55:24,474 [trainer.py] => top_k: 1
2026-06-25 08:55:24,474 [trainer.py] => initializer: uniform
2026-06-25 08:55:24,474 [trainer.py] => prompt_key: True
2026-06-25 08:55:24,474 [trainer.py] => prompt_key_init: uniform
2026-06-25 08:55:24,474 [trainer.py] => use_prompt_mask: True
2026-06-25 08:55:24,474 [trainer.py] => shared_prompt_pool: True
2026-06-25 08:55:24,474 [trainer.py] => shared_prompt_key: False
2026-06-25 08:55:24,474 [trainer.py] => batchwise_prompt: True
2026-06-25 08:55:24,474 [trainer.py] => embedding_key: cls
2026-06-25 08:55:24,474 [trainer.py] => predefined_key: 
2026-06-25 08:55:24,474 [trainer.py] => pull_constraint: True
2026-06-25 08:55:24,474 [trainer.py] => pull_constraint_coeff: 0.1
2026-06-25 08:55:24,474 [trainer.py] => same_key_value: False
2026-06-25 08:55:24,820 [data_manager.py] => [13, 39, 30, 45, 17, 48, 26, 25, 32, 19, 12, 4, 37, 8, 3, 6, 41, 46, 47, 15, 9, 16, 24, 34, 31, 0, 44, 27, 33, 5, 29, 11, 36, 1, 21, 2, 43, 35, 23, 40, 10, 22, 18, 49, 20, 7, 42, 14, 28, 38]
2026-06-25 08:55:45,665 [dualprompt.py] => 86,090,546 model total parameters.
2026-06-25 08:55:45,666 [dualprompt.py] => 291,890 model training parameters.
2026-06-25 08:55:45,666 [dualprompt.py] => g_prompt: 15360
2026-06-25 08:55:45,666 [dualprompt.py] => e_prompt.prompt: 230400
2026-06-25 08:55:45,666 [dualprompt.py] => e_prompt.prompt_key: 7680
2026-06-25 08:55:45,666 [dualprompt.py] => head.weight: 38400
2026-06-25 08:55:45,667 [dualprompt.py] => head.bias: 50
2026-06-25 08:55:45,667 [trainer.py] => All params: 171927652
2026-06-25 08:55:45,668 [trainer.py] => Trainable params: 291890
2026-06-25 08:55:45,668 [dualprompt.py] => Learning on 0-5
2026-06-25 08:57:40,794 [dualprompt.py] => Task 0, Epoch 20/20 => Loss 0.062, Train_accy 98.86, Test_accy 98.89
2026-06-25 08:57:51,044 [trainer.py] => No NME accuracy.
2026-06-25 08:57:51,044 [trainer.py] => CNN: {'total': 98.89, '00-04': 98.89, 'old': 0, 'new': 98.89}
2026-06-25 08:57:51,044 [trainer.py] => CNN top1 curve: [98.89]
2026-06-25 08:57:51,044 [trainer.py] => CNN top5 curve: [100.0]
2026-06-25 08:57:51,044 [trainer.py] => Average Accuracy (CNN): 98.89
2026-06-25 08:57:51,046 [trainer.py] => All params: 171927652
2026-06-25 08:57:51,047 [trainer.py] => Trainable params: 291890
2026-06-25 08:57:51,047 [dualprompt.py] => Learning on 5-10
2026-06-25 09:00:45,682 [dualprompt.py] => Task 1, Epoch 20/20 => Loss 0.011, Train_accy 99.53, Test_accy 92.11
2026-06-25 09:01:11,187 [trainer.py] => No NME accuracy.
2026-06-25 09:01:11,187 [trainer.py] => CNN: {'total': 92.11, '00-04': 87.24, '05-09': 99.34, 'old': 87.24, 'new': 99.34}
2026-06-25 09:01:11,187 [trainer.py] => CNN top1 curve: [98.89, 92.11]
2026-06-25 09:01:11,187 [trainer.py] => CNN top5 curve: [100.0, 100.0]
2026-06-25 09:01:11,187 [trainer.py] => Average Accuracy (CNN): 95.5
2026-06-25 09:01:11,188 [trainer.py] => All params: 171927652
2026-06-25 09:01:11,189 [trainer.py] => Trainable params: 291890
2026-06-25 09:01:11,189 [dualprompt.py] => Learning on 10-15
2026-06-25 09:04:54,597 [dualprompt.py] => Task 2, Epoch 20/20 => Loss 0.003, Train_accy 100.00, Test_accy 84.36
2026-06-25 09:05:30,618 [trainer.py] => No NME accuracy.
2026-06-25 09:05:30,619 [trainer.py] => CNN: {'total': 84.36, '00-04': 87.09, '05-09': 97.69, '10-14': 67.72, 'old': 91.36, 'new': 67.72}
2026-06-25 09:05:30,619 [trainer.py] => CNN top1 curve: [98.89, 92.11, 84.36]
2026-06-25 09:05:30,619 [trainer.py] => CNN top5 curve: [100.0, 100.0, 99.94]
2026-06-25 09:05:30,619 [trainer.py] => Average Accuracy (CNN): 91.79
2026-06-25 09:05:30,620 [trainer.py] => All params: 171927652
2026-06-25 09:05:30,621 [trainer.py] => Trainable params: 291890
2026-06-25 09:05:30,621 [dualprompt.py] => Learning on 15-20
2026-06-25 09:08:44,338 [dualprompt.py] => Task 3, Epoch 20/20 => Loss 0.002, Train_accy 100.00, Test_accy 85.21
2026-06-25 09:09:23,030 [trainer.py] => No NME accuracy.
2026-06-25 09:09:23,030 [trainer.py] => CNN: {'total': 85.21, '00-04': 87.24, '05-09': 97.58, '10-14': 66.67, '15-19': 95.66, 'old': 84.08, 'new': 95.66}
2026-06-25 09:09:23,030 [trainer.py] => CNN top1 curve: [98.89, 92.11, 84.36, 85.21]
2026-06-25 09:09:23,030 [trainer.py] => CNN top5 curve: [100.0, 100.0, 99.94, 99.89]
2026-06-25 09:09:23,030 [trainer.py] => Average Accuracy (CNN): 90.14
2026-06-25 09:09:23,031 [trainer.py] => All params: 171927652
2026-06-25 09:09:23,032 [trainer.py] => Trainable params: 291890
2026-06-25 09:09:23,032 [dualprompt.py] => Learning on 20-25
2026-06-25 09:14:48,410 [dualprompt.py] => Task 4, Epoch 20/20 => Loss 0.000, Train_accy 100.00, Test_accy 82.47
2026-06-25 09:15:43,003 [trainer.py] => No NME accuracy.
2026-06-25 09:15:43,003 [trainer.py] => CNN: {'total': 82.47, '00-04': 79.67, '05-09': 96.37, '10-14': 58.65, '15-19': 95.66, '20-24': 89.44, 'old': 79.89, 'new': 89.44}
2026-06-25 09:15:43,003 [trainer.py] => CNN top1 curve: [98.89, 92.11, 84.36, 85.21, 82.47]
2026-06-25 09:15:43,003 [trainer.py] => CNN top5 curve: [100.0, 100.0, 99.94, 99.89, 99.69]
2026-06-25 09:15:43,003 [trainer.py] => Average Accuracy (CNN): 88.61
2026-06-25 09:15:43,005 [trainer.py] => All params: 171927652
2026-06-25 09:15:43,006 [trainer.py] => Trainable params: 291890
2026-06-25 09:15:43,006 [dualprompt.py] => Learning on 25-30
2026-06-25 09:21:07,586 [dualprompt.py] => Task 5, Epoch 20/20 => Loss 0.038, Train_accy 98.91, Test_accy 75.62
2026-06-25 09:22:11,469 [trainer.py] => No NME accuracy.
2026-06-25 09:22:11,491 [trainer.py] => CNN: {'total': 75.62, '00-04': 75.82, '05-09': 97.03, '10-14': 56.75, '15-19': 95.09, '20-24': 90.35, '25-29': 42.47, 'old': 81.36, 'new': 42.47}
2026-06-25 09:22:11,491 [trainer.py] => CNN top1 curve: [98.89, 92.11, 84.36, 85.21, 82.47, 75.62]
2026-06-25 09:22:11,491 [trainer.py] => CNN top5 curve: [100.0, 100.0, 99.94, 99.89, 99.69, 99.21]
2026-06-25 09:22:11,492 [trainer.py] => Average Accuracy (CNN): 86.44
2026-06-25 09:22:11,493 [trainer.py] => All params: 171927652
2026-06-25 09:22:11,493 [trainer.py] => Trainable params: 291890
2026-06-25 09:22:11,494 [dualprompt.py] => Learning on 30-35
2026-06-25 09:28:15,328 [dualprompt.py] => Task 6, Epoch 20/20 => Loss -0.001, Train_accy 100.00, Test_accy 69.33
2026-06-25 09:29:28,949 [trainer.py] => No NME accuracy.
2026-06-25 09:29:28,949 [trainer.py] => CNN: {'total': 69.33, '00-04': 73.37, '05-09': 95.37, '10-14': 53.06, '15-19': 95.66, '20-24': 89.59, '25-29': 29.42, '30-34': 50.59, 'old': 72.1, 'new': 50.59}
2026-06-25 09:29:28,949 [trainer.py] => CNN top1 curve: [98.89, 92.11, 84.36, 85.21, 82.47, 75.62, 69.33]
2026-06-25 09:29:28,950 [trainer.py] => CNN top5 curve: [100.0, 100.0, 99.94, 99.89, 99.69, 99.21, 98.18]
2026-06-25 09:29:28,950 [trainer.py] => Average Accuracy (CNN): 84.0
2026-06-25 09:29:28,951 [trainer.py] => All params: 171927652
2026-06-25 09:29:28,952 [trainer.py] => Trainable params: 291890
2026-06-25 09:29:28,952 [dualprompt.py] => Learning on 35-40
2026-06-25 09:34:47,513 [dualprompt.py] => Task 7, Epoch 20/20 => Loss 0.006, Train_accy 99.21, Test_accy 66.71
2026-06-25 09:35:58,158 [trainer.py] => No NME accuracy.
2026-06-25 09:35:58,158 [trainer.py] => CNN: {'total': 66.71, '00-04': 74.55, '05-09': 94.38, '10-14': 47.47, '15-19': 95.09, '20-24': 88.37, '25-29': 27.76, '30-34': 46.68, '35-39': 59.82, 'old': 67.63, 'new': 59.82}
2026-06-25 09:35:58,158 [trainer.py] => CNN top1 curve: [98.89, 92.11, 84.36, 85.21, 82.47, 75.62, 69.33, 66.71]
2026-06-25 09:35:58,158 [trainer.py] => CNN top5 curve: [100.0, 100.0, 99.94, 99.89, 99.69, 99.21, 98.18, 97.01]
2026-06-25 09:35:58,158 [trainer.py] => Average Accuracy (CNN): 81.84
2026-06-25 09:35:58,160 [trainer.py] => All params: 171927652
2026-06-25 09:35:58,161 [trainer.py] => Trainable params: 291890
2026-06-25 09:35:58,161 [dualprompt.py] => Learning on 40-45
2026-06-25 09:42:30,866 [dualprompt.py] => Task 8, Epoch 20/20 => Loss 0.024, Train_accy 98.84, Test_accy 66.84
2026-06-25 09:43:57,333 [trainer.py] => No NME accuracy.
2026-06-25 09:43:57,342 [trainer.py] => CNN: {'total': 66.84, '00-04': 73.52, '05-09': 94.6, '10-14': 46.52, '15-19': 94.8, '20-24': 88.53, '25-29': 27.88, '30-34': 45.85, '35-39': 60.62, '40-44': 74.66, 'old': 66.46, 'new': 74.66}
2026-06-25 09:43:57,342 [trainer.py] => CNN top1 curve: [98.89, 92.11, 84.36, 85.21, 82.47, 75.62, 69.33, 66.71, 66.84]
2026-06-25 09:43:57,342 [trainer.py] => CNN top5 curve: [100.0, 100.0, 99.94, 99.89, 99.69, 99.21, 98.18, 97.01, 96.77]
2026-06-25 09:43:57,342 [trainer.py] => Average Accuracy (CNN): 80.17
2026-06-25 09:43:57,343 [trainer.py] => All params: 171927652
2026-06-25 09:43:57,344 [trainer.py] => Trainable params: 291890
2026-06-25 09:43:57,345 [dualprompt.py] => Learning on 45-50
2026-06-25 09:51:34,736 [dualprompt.py] => Task 9, Epoch 20/20 => Loss 0.012, Train_accy 99.43, Test_accy 64.98
2026-06-25 09:53:11,640 [trainer.py] => No NME accuracy.
2026-06-25 09:53:11,674 [trainer.py] => CNN: {'total': 64.98, '00-04': 70.92, '05-09': 92.18, '10-14': 44.94, '15-19': 94.51, '20-24': 89.82, '25-29': 25.98, '30-34': 39.81, '35-39': 60.84, '40-44': 70.3, '45-49': 64.03, 'old': 65.08, 'new': 64.03}
2026-06-25 09:53:11,674 [trainer.py] => CNN top1 curve: [98.89, 92.11, 84.36, 85.21, 82.47, 75.62, 69.33, 66.71, 66.84, 64.98]
2026-06-25 09:53:11,674 [trainer.py] => CNN top5 curve: [100.0, 100.0, 99.94, 99.89, 99.69, 99.21, 98.18, 97.01, 96.77, 94.5]
2026-06-25 09:53:11,674 [trainer.py] => Average Accuracy (CNN): 78.65
