2026-06-25 09:53:11,721 [trainer.py] => config: ./configs/dualprompt/dualprompt_vtab_B0_Inc5.json
2026-06-25 09:53:11,721 [trainer.py] => prefix:  
2026-06-25 09:53:11,721 [trainer.py] => dataset: vtab
2026-06-25 09:53:11,722 [trainer.py] => memory_size: 0
2026-06-25 09:53:11,722 [trainer.py] => memory_per_class: 0
2026-06-25 09:53:11,722 [trainer.py] => fixed_memory: False
2026-06-25 09:53:11,722 [trainer.py] => shuffle: True
2026-06-25 09:53:11,722 [trainer.py] => init_cls: 5
2026-06-25 09:53:11,722 [trainer.py] => increment: 5
2026-06-25 09:53:11,723 [trainer.py] => model_name: dualprompt
2026-06-25 09:53:11,723 [trainer.py] => backbone_type: vit_base_patch16_224_in21k_dualprompt
2026-06-25 09:53:11,723 [trainer.py] => get_original_backbone: True
2026-06-25 09:53:11,723 [trainer.py] => device: [device(type='cuda', index=2)]
2026-06-25 09:53:11,723 [trainer.py] => seed: 1993
2026-06-25 09:53:11,724 [trainer.py] => tuned_epoch: 20
2026-06-25 09:53:11,724 [trainer.py] => init_lr: 0.001
2026-06-25 09:53:11,724 [trainer.py] => batch_size: 48
2026-06-25 09:53:11,724 [trainer.py] => weight_decay: 0
2026-06-25 09:53:11,724 [trainer.py] => min_lr: 1e-05
2026-06-25 09:53:11,724 [trainer.py] => optimizer: adam
2026-06-25 09:53:11,725 [trainer.py] => scheduler: constant
2026-06-25 09:53:11,725 [trainer.py] => reinit_optimizer: True
2026-06-25 09:53:11,725 [trainer.py] => global_pool: token
2026-06-25 09:53:11,725 [trainer.py] => head_type: token
2026-06-25 09:53:11,725 [trainer.py] => freeze: ['blocks', 'patch_embed', 'cls_token', 'norm', 'pos_embed']
2026-06-25 09:53:11,725 [trainer.py] => pretrained: True
2026-06-25 09:53:11,726 [trainer.py] => drop: 0.0
2026-06-25 09:53:11,726 [trainer.py] => drop_path: 0.0
2026-06-25 09:53:11,726 [trainer.py] => use_g_prompt: True
2026-06-25 09:53:11,726 [trainer.py] => g_prompt_length: 5
2026-06-25 09:53:11,726 [trainer.py] => g_prompt_layer_idx: [0, 1]
2026-06-25 09:53:11,726 [trainer.py] => use_prefix_tune_for_g_prompt: True
2026-06-25 09:53:11,727 [trainer.py] => use_e_prompt: True
2026-06-25 09:53:11,727 [trainer.py] => e_prompt_layer_idx: [2, 3, 4]
2026-06-25 09:53:11,727 [trainer.py] => use_prefix_tune_for_e_prompt: True
2026-06-25 09:53:11,727 [trainer.py] => prompt_pool: True
2026-06-25 09:53:11,727 [trainer.py] => size: 10
2026-06-25 09:53:11,727 [trainer.py] => length: 5
2026-06-25 09:53:11,727 [trainer.py] => top_k: 1
2026-06-25 09:53:11,728 [trainer.py] => initializer: uniform
2026-06-25 09:53:11,728 [trainer.py] => prompt_key: True
2026-06-25 09:53:11,728 [trainer.py] => prompt_key_init: uniform
2026-06-25 09:53:11,728 [trainer.py] => use_prompt_mask: True
2026-06-25 09:53:11,728 [trainer.py] => shared_prompt_pool: True
2026-06-25 09:53:11,728 [trainer.py] => shared_prompt_key: False
2026-06-25 09:53:11,729 [trainer.py] => batchwise_prompt: True
2026-06-25 09:53:11,729 [trainer.py] => embedding_key: cls
2026-06-25 09:53:11,729 [trainer.py] => predefined_key: 
2026-06-25 09:53:11,729 [trainer.py] => pull_constraint: True
2026-06-25 09:53:11,729 [trainer.py] => pull_constraint_coeff: 0.1
2026-06-25 09:53:11,729 [trainer.py] => same_key_value: False
2026-06-25 09:53:11,730 [trainer.py] => nb_classes: 50
2026-06-25 09:53:11,730 [trainer.py] => nb_tasks: 10
2026-06-25 09:53:12,003 [data_manager.py] => [43, 41, 23, 14, 13, 40, 42, 22, 16, 45, 17, 10, 27, 46, 35, 8, 2, 34, 1, 37, 21, 0, 18, 36, 38, 24, 12, 6, 15, 20, 25, 48, 30, 19, 44, 26, 7, 28, 11, 5, 32, 4, 9, 47, 39, 31, 3, 29, 49, 33]
2026-06-25 09:53:19,710 [dualprompt.py] => 86,090,546 model total parameters.
2026-06-25 09:53:19,711 [dualprompt.py] => 291,890 model training parameters.
2026-06-25 09:53:19,711 [dualprompt.py] => g_prompt: 15360
2026-06-25 09:53:19,711 [dualprompt.py] => e_prompt.prompt: 230400
2026-06-25 09:53:19,711 [dualprompt.py] => e_prompt.prompt_key: 7680
2026-06-25 09:53:19,711 [dualprompt.py] => head.weight: 38400
2026-06-25 09:53:19,711 [dualprompt.py] => head.bias: 50
2026-06-25 09:53:19,712 [trainer.py] => All params: 171927652
2026-06-25 09:53:19,713 [trainer.py] => Trainable params: 291890
2026-06-25 09:53:19,713 [dualprompt.py] => Learning on 0-5
2026-06-25 09:54:18,844 [dualprompt.py] => Task 0, Epoch 20/20 => Loss 0.033, Train_accy 100.00, Test_accy 97.20
2026-06-25 09:54:22,632 [trainer.py] => No NME accuracy.
2026-06-25 09:54:22,633 [trainer.py] => CNN: {'total': 97.2, '00-04': 97.2, 'old': 0, 'new': 97.2}
2026-06-25 09:54:22,633 [trainer.py] => CNN top1 curve: [97.2]
2026-06-25 09:54:22,633 [trainer.py] => CNN top5 curve: [100.0]
2026-06-25 09:54:22,633 [trainer.py] => Average Accuracy (CNN): 97.2
2026-06-25 09:54:22,637 [trainer.py] => All params: 171927652
2026-06-25 09:54:22,640 [trainer.py] => Trainable params: 291890
2026-06-25 09:54:22,641 [dualprompt.py] => Learning on 5-10
2026-06-25 09:55:35,756 [dualprompt.py] => Task 1, Epoch 20/20 => Loss 0.003, Train_accy 100.00, Test_accy 97.70
2026-06-25 09:55:45,376 [trainer.py] => No NME accuracy.
2026-06-25 09:55:45,376 [trainer.py] => CNN: {'total': 97.7, '00-04': 93.36, '05-09': 100.0, 'old': 93.36, 'new': 100.0}
2026-06-25 09:55:45,376 [trainer.py] => CNN top1 curve: [97.2, 97.7]
2026-06-25 09:55:45,376 [trainer.py] => CNN top5 curve: [100.0, 99.88]
2026-06-25 09:55:45,377 [trainer.py] => Average Accuracy (CNN): 97.45
2026-06-25 09:55:45,378 [trainer.py] => All params: 171927652
2026-06-25 09:55:45,379 [trainer.py] => Trainable params: 291890
2026-06-25 09:55:45,379 [dualprompt.py] => Learning on 10-15
2026-06-25 09:57:50,277 [dualprompt.py] => Task 2, Epoch 20/20 => Loss 0.002, Train_accy 100.00, Test_accy 97.43
2026-06-25 09:58:07,082 [trainer.py] => No NME accuracy.
2026-06-25 09:58:07,083 [trainer.py] => CNN: {'total': 97.43, '00-04': 91.61, '05-09': 99.07, '10-14': 98.69, 'old': 96.49, 'new': 98.69}
2026-06-25 09:58:07,083 [trainer.py] => CNN top1 curve: [97.2, 97.7, 97.43]
2026-06-25 09:58:07,083 [trainer.py] => CNN top5 curve: [100.0, 99.88, 99.72]
2026-06-25 09:58:07,083 [trainer.py] => Average Accuracy (CNN): 97.44
2026-06-25 09:58:07,084 [trainer.py] => All params: 171927652
2026-06-25 09:58:07,085 [trainer.py] => Trainable params: 291890
2026-06-25 09:58:07,085 [dualprompt.py] => Learning on 15-20
2026-06-25 10:02:00,003 [dualprompt.py] => Task 3, Epoch 20/20 => Loss 0.048, Train_accy 98.19, Test_accy 94.91
2026-06-25 10:02:31,878 [trainer.py] => No NME accuracy.
2026-06-25 10:02:31,878 [trainer.py] => CNN: {'total': 94.91, '00-04': 91.61, '05-09': 99.07, '10-14': 98.04, '15-19': 92.62, 'old': 97.15, 'new': 92.62}
2026-06-25 10:02:31,879 [trainer.py] => CNN top1 curve: [97.2, 97.7, 97.43, 94.91]
2026-06-25 10:02:31,879 [trainer.py] => CNN top5 curve: [100.0, 99.88, 99.72, 99.72]
2026-06-25 10:02:31,879 [trainer.py] => Average Accuracy (CNN): 96.81
2026-06-25 10:02:31,883 [trainer.py] => All params: 171927652
2026-06-25 10:02:31,886 [trainer.py] => Trainable params: 291890
2026-06-25 10:02:31,886 [dualprompt.py] => Learning on 20-25
2026-06-25 10:07:09,655 [dualprompt.py] => Task 4, Epoch 20/20 => Loss 0.055, Train_accy 97.20, Test_accy 87.57
2026-06-25 10:07:55,901 [trainer.py] => No NME accuracy.
2026-06-25 10:07:55,901 [trainer.py] => CNN: {'total': 87.57, '00-04': 90.91, '05-09': 93.33, '10-14': 87.58, '15-19': 91.63, '20-24': 79.76, 'old': 91.01, 'new': 79.76}
2026-06-25 10:07:55,901 [trainer.py] => CNN top1 curve: [97.2, 97.7, 97.43, 94.91, 87.57]
2026-06-25 10:07:55,902 [trainer.py] => CNN top5 curve: [100.0, 99.88, 99.72, 99.72, 99.22]
2026-06-25 10:07:55,902 [trainer.py] => Average Accuracy (CNN): 94.96
2026-06-25 10:07:55,903 [trainer.py] => All params: 171927652
2026-06-25 10:07:55,904 [trainer.py] => Trainable params: 291890
2026-06-25 10:07:55,904 [dualprompt.py] => Learning on 25-30
2026-06-25 10:11:32,238 [dualprompt.py] => Task 5, Epoch 20/20 => Loss 0.013, Train_accy 100.00, Test_accy 86.83
2026-06-25 10:11:58,447 [trainer.py] => No NME accuracy.
2026-06-25 10:11:58,447 [trainer.py] => CNN: {'total': 86.83, '00-04': 86.71, '05-09': 93.7, '10-14': 87.91, '15-19': 91.55, '20-24': 79.44, '25-29': 82.28, 'old': 87.25, 'new': 82.28}
2026-06-25 10:11:58,447 [trainer.py] => CNN top1 curve: [97.2, 97.7, 97.43, 94.91, 87.57, 86.83]
2026-06-25 10:11:58,447 [trainer.py] => CNN top5 curve: [100.0, 99.88, 99.72, 99.72, 99.22, 99.15]
2026-06-25 10:11:58,447 [trainer.py] => Average Accuracy (CNN): 93.61
2026-06-25 10:11:58,449 [trainer.py] => All params: 171927652
2026-06-25 10:11:58,450 [trainer.py] => Trainable params: 291890
2026-06-25 10:11:58,450 [dualprompt.py] => Learning on 30-35
2026-06-25 10:16:28,914 [dualprompt.py] => Task 6, Epoch 20/20 => Loss 0.014, Train_accy 99.43, Test_accy 83.80
2026-06-25 10:17:28,315 [trainer.py] => No NME accuracy.
2026-06-25 10:17:28,324 [trainer.py] => CNN: {'total': 83.8, '00-04': 86.36, '05-09': 92.96, '10-14': 75.49, '15-19': 89.5, '20-24': 74.82, '25-29': 82.01, '30-34': 87.92, 'old': 83.06, 'new': 87.92}
2026-06-25 10:17:28,324 [trainer.py] => CNN top1 curve: [97.2, 97.7, 97.43, 94.91, 87.57, 86.83, 83.8]
2026-06-25 10:17:28,324 [trainer.py] => CNN top5 curve: [100.0, 99.88, 99.72, 99.72, 99.22, 99.15, 98.77]
2026-06-25 10:17:28,325 [trainer.py] => Average Accuracy (CNN): 92.21
2026-06-25 10:17:28,327 [trainer.py] => All params: 171927652
2026-06-25 10:17:28,329 [trainer.py] => Trainable params: 291890
2026-06-25 10:17:28,330 [dualprompt.py] => Learning on 35-40
2026-06-25 10:22:43,427 [dualprompt.py] => Task 7, Epoch 20/20 => Loss 0.002, Train_accy 100.00, Test_accy 79.74
2026-06-25 10:23:46,571 [trainer.py] => No NME accuracy.
2026-06-25 10:23:46,571 [trainer.py] => CNN: {'total': 79.74, '00-04': 86.36, '05-09': 87.59, '10-14': 69.77, '15-19': 83.18, '20-24': 68.53, '25-29': 81.75, '30-34': 88.9, '35-39': 82.0, 'old': 79.55, 'new': 82.0}
2026-06-25 10:23:46,571 [trainer.py] => CNN top1 curve: [97.2, 97.7, 97.43, 94.91, 87.57, 86.83, 83.8, 79.74]
2026-06-25 10:23:46,571 [trainer.py] => CNN top5 curve: [100.0, 99.88, 99.72, 99.72, 99.22, 99.15, 98.77, 97.71]
2026-06-25 10:23:46,571 [trainer.py] => Average Accuracy (CNN): 90.65
2026-06-25 10:23:46,573 [trainer.py] => All params: 171927652
2026-06-25 10:23:46,574 [trainer.py] => Trainable params: 291890
2026-06-25 10:23:46,574 [dualprompt.py] => Learning on 40-45
2026-06-25 10:31:02,444 [dualprompt.py] => Task 8, Epoch 20/20 => Loss 0.012, Train_accy 99.66, Test_accy 78.02
2026-06-25 10:32:23,505 [trainer.py] => No NME accuracy.
2026-06-25 10:32:23,526 [trainer.py] => CNN: {'total': 78.02, '00-04': 86.36, '05-09': 84.44, '10-14': 60.29, '15-19': 78.5, '20-24': 61.35, '25-29': 80.16, '30-34': 88.04, '35-39': 79.73, '40-44': 88.23, 'old': 75.31, 'new': 88.23}
2026-06-25 10:32:23,527 [trainer.py] => CNN top1 curve: [97.2, 97.7, 97.43, 94.91, 87.57, 86.83, 83.8, 79.74, 78.02]
2026-06-25 10:32:23,527 [trainer.py] => CNN top5 curve: [100.0, 99.88, 99.72, 99.72, 99.22, 99.15, 98.77, 97.71, 97.15]
2026-06-25 10:32:23,527 [trainer.py] => Average Accuracy (CNN): 89.24
2026-06-25 10:32:23,531 [trainer.py] => All params: 171927652
2026-06-25 10:32:23,534 [trainer.py] => Trainable params: 291890
2026-06-25 10:32:23,534 [dualprompt.py] => Learning on 45-50
2026-06-25 10:40:27,770 [dualprompt.py] => Task 9, Epoch 20/20 => Loss 0.015, Train_accy 99.62, Test_accy 71.40
2026-06-25 10:42:05,101 [trainer.py] => No NME accuracy.
2026-06-25 10:42:05,101 [trainer.py] => CNN: {'total': 71.4, '00-04': 86.36, '05-09': 84.26, '10-14': 55.07, '15-19': 66.0, '20-24': 49.56, '25-29': 79.1, '30-34': 81.38, '35-39': 61.5, '40-44': 80.93, '45-49': 80.63, 'old': 69.66, 'new': 80.63}
2026-06-25 10:42:05,102 [trainer.py] => CNN top1 curve: [97.2, 97.7, 97.43, 94.91, 87.57, 86.83, 83.8, 79.74, 78.02, 71.4]
2026-06-25 10:42:05,102 [trainer.py] => CNN top5 curve: [100.0, 99.88, 99.72, 99.72, 99.22, 99.15, 98.77, 97.71, 97.15, 96.17]
2026-06-25 10:42:05,102 [trainer.py] => Average Accuracy (CNN): 87.46
