2026-05-21 18:18:49,358 [trainer.py] => config: ./configs/aper/aper_adapter_cifar_B50_Inc10.json
2026-05-21 18:18:49,368 [trainer.py] => prefix: exp
2026-05-21 18:18:49,368 [trainer.py] => dataset: cifar224
2026-05-21 18:18:49,368 [trainer.py] => memory_size: 0
2026-05-21 18:18:49,368 [trainer.py] => memory_per_class: 0
2026-05-21 18:18:49,368 [trainer.py] => fixed_memory: False
2026-05-21 18:18:49,368 [trainer.py] => shuffle: True
2026-05-21 18:18:49,368 [trainer.py] => init_cls: 50
2026-05-21 18:18:49,368 [trainer.py] => increment: 10
2026-05-21 18:18:49,368 [trainer.py] => model_name: adam_adapter
2026-05-21 18:18:49,369 [trainer.py] => backbone_type: pretrained_vit_b16_224_in21k_adapter
2026-05-21 18:18:49,369 [trainer.py] => weight_decay: 0.0005
2026-05-21 18:18:49,369 [trainer.py] => prompt_token_num: 30
2026-05-21 18:18:49,369 [trainer.py] => ffn_num: 64
2026-05-21 18:18:49,369 [trainer.py] => optimizer: sgd
2026-05-21 18:18:49,369 [trainer.py] => min_lr: 0
2026-05-21 18:18:49,369 [trainer.py] => device: [device(type='cuda', index=3)]
2026-05-21 18:18:49,369 [trainer.py] => seed: 42
2026-05-21 18:18:49,369 [trainer.py] => tuned_epoch: 20
2026-05-21 18:18:49,369 [trainer.py] => init_lr: 0.01
2026-05-21 18:18:49,369 [trainer.py] => batch_size: 48
2026-05-21 18:18:51,797 [data_manager.py] => [83, 53, 70, 45, 44, 39, 22, 80, 10, 0, 18, 30, 73, 33, 90, 4, 76, 77, 12, 31, 55, 88, 26, 42, 69, 15, 40, 96, 9, 72, 11, 47, 85, 28, 93, 5, 66, 65, 35, 16, 49, 34, 7, 95, 27, 19, 81, 25, 62, 13, 24, 3, 17, 38, 8, 78, 6, 64, 36, 89, 56, 99, 54, 43, 50, 67, 46, 68, 61, 97, 79, 41, 58, 48, 98, 57, 75, 32, 94, 59, 63, 84, 37, 29, 1, 52, 21, 2, 23, 87, 91, 74, 86, 82, 20, 60, 71, 14, 92, 51]
2026-05-21 18:19:53,734 [trainer.py] => All params: 86988288
2026-05-21 18:19:53,736 [trainer.py] => Trainable params: 1189632
2026-05-21 18:19:54,493 [adam_adapter.py] => Learning on 0-50
2026-05-21 21:55:33,970 [adam_adapter.py] => Task 0, Epoch 20/20 => Loss 0.507, Train_accy 85.84, Test_accy 94.86
2026-05-21 22:07:40,488 [trainer.py] => No NME accuracy.
2026-05-21 22:07:40,535 [trainer.py] => CNN: {'total': 93.34, '00-49': 93.34, 'old': 0, 'new': 93.34}
2026-05-21 22:07:40,535 [trainer.py] => CNN top1 curve: [93.34]
2026-05-21 22:07:40,535 [trainer.py] => CNN top5 curve: [99.52]
2026-05-21 22:07:40,535 [trainer.py] => Average Accuracy (CNN): 93.34
2026-05-21 22:07:40,538 [trainer.py] => All params: 172863745
2026-05-21 22:07:40,540 [trainer.py] => Trainable params: 87065089
2026-05-21 22:07:40,551 [adam_adapter.py] => Learning on 50-60
2026-05-21 22:12:06,664 [trainer.py] => No NME accuracy.
2026-05-21 22:12:06,684 [trainer.py] => CNN: {'total': 93.32, '00-49': 93.02, '50-59': 94.8, 'old': 93.02, 'new': 94.8}
2026-05-21 22:12:06,684 [trainer.py] => CNN top1 curve: [93.34, 93.32]
2026-05-21 22:12:06,685 [trainer.py] => CNN top5 curve: [99.52, 99.33]
2026-05-21 22:12:06,685 [trainer.py] => Average Accuracy (CNN): 93.33
2026-05-21 22:12:06,690 [trainer.py] => All params: 172879105
2026-05-21 22:12:06,694 [trainer.py] => Trainable params: 87080449
2026-05-21 22:12:06,715 [adam_adapter.py] => Learning on 60-70
2026-05-21 22:16:51,608 [trainer.py] => No NME accuracy.
2026-05-21 22:16:51,641 [trainer.py] => CNN: {'total': 92.64, '00-49': 92.24, '50-59': 93.0, '60-69': 94.3, 'old': 92.37, 'new': 94.3}
2026-05-21 22:16:51,641 [trainer.py] => CNN top1 curve: [93.34, 93.32, 92.64]
2026-05-21 22:16:51,641 [trainer.py] => CNN top5 curve: [99.52, 99.33, 99.19]
2026-05-21 22:16:51,642 [trainer.py] => Average Accuracy (CNN): 93.1
2026-05-21 22:16:51,646 [trainer.py] => All params: 172894465
2026-05-21 22:16:51,650 [trainer.py] => Trainable params: 87095809
2026-05-21 22:16:51,670 [adam_adapter.py] => Learning on 70-80
2026-05-21 22:22:02,151 [trainer.py] => No NME accuracy.
2026-05-21 22:22:02,181 [trainer.py] => CNN: {'total': 92.15, '00-49': 91.62, '50-59': 92.8, '60-69': 93.5, '70-79': 92.8, 'old': 92.06, 'new': 92.8}
2026-05-21 22:22:02,182 [trainer.py] => CNN top1 curve: [93.34, 93.32, 92.64, 92.15]
2026-05-21 22:22:02,182 [trainer.py] => CNN top5 curve: [99.52, 99.33, 99.19, 99.16]
2026-05-21 22:22:02,182 [trainer.py] => Average Accuracy (CNN): 92.86
2026-05-21 22:22:02,184 [trainer.py] => All params: 172909825
2026-05-21 22:22:02,186 [trainer.py] => Trainable params: 87111169
2026-05-21 22:22:02,201 [adam_adapter.py] => Learning on 80-90
2026-05-21 22:27:38,289 [trainer.py] => No NME accuracy.
2026-05-21 22:27:38,332 [trainer.py] => CNN: {'total': 90.74, '00-49': 90.36, '50-59': 92.0, '60-69': 93.3, '70-79': 92.1, '80-89': 87.5, 'old': 91.15, 'new': 87.5}
2026-05-21 22:27:38,333 [trainer.py] => CNN top1 curve: [93.34, 93.32, 92.64, 92.15, 90.74]
2026-05-21 22:27:38,333 [trainer.py] => CNN top5 curve: [99.52, 99.33, 99.19, 99.16, 98.96]
2026-05-21 22:27:38,333 [trainer.py] => Average Accuracy (CNN): 92.44
2026-05-21 22:27:38,335 [trainer.py] => All params: 172925185
2026-05-21 22:27:38,336 [trainer.py] => Trainable params: 87126529
2026-05-21 22:27:38,350 [adam_adapter.py] => Learning on 90-100
2026-05-21 22:33:34,892 [trainer.py] => No NME accuracy.
2026-05-21 22:33:34,925 [trainer.py] => CNN: {'total': 90.14, '00-49': 89.94, '50-59': 92.0, '60-69': 92.1, '70-79': 91.6, '80-89': 85.7, '90-99': 90.3, 'old': 90.12, 'new': 90.3}
2026-05-21 22:33:34,925 [trainer.py] => CNN top1 curve: [93.34, 93.32, 92.64, 92.15, 90.74, 90.14]
2026-05-21 22:33:34,925 [trainer.py] => CNN top5 curve: [99.52, 99.33, 99.19, 99.16, 98.96, 98.91]
2026-05-21 22:33:34,926 [trainer.py] => Average Accuracy (CNN): 92.06
