2026-05-22 11:28:18,002 [trainer.py] => config: ./configs/aper/aper_adapter_cub_B0_Inc40.json
2026-05-22 11:28:18,002 [trainer.py] => prefix: exp
2026-05-22 11:28:18,002 [trainer.py] => dataset: cub
2026-05-22 11:28:18,002 [trainer.py] => memory_size: 0
2026-05-22 11:28:18,002 [trainer.py] => memory_per_class: 0
2026-05-22 11:28:18,002 [trainer.py] => fixed_memory: False
2026-05-22 11:28:18,002 [trainer.py] => shuffle: True
2026-05-22 11:28:18,002 [trainer.py] => init_cls: 40
2026-05-22 11:28:18,002 [trainer.py] => increment: 40
2026-05-22 11:28:18,002 [trainer.py] => model_name: adam_adapter
2026-05-22 11:28:18,003 [trainer.py] => backbone_type: pretrained_vit_b16_224_in21k_adapter
2026-05-22 11:28:18,003 [trainer.py] => weight_decay: 0.0005
2026-05-22 11:28:18,003 [trainer.py] => prompt_token_num: 30
2026-05-22 11:28:18,003 [trainer.py] => ffn_num: 64
2026-05-22 11:28:18,003 [trainer.py] => optimizer: sgd
2026-05-22 11:28:18,003 [trainer.py] => min_lr: 0
2026-05-22 11:28:18,003 [trainer.py] => device: [device(type='cuda', index=3)]
2026-05-22 11:28:18,003 [trainer.py] => seed: 1993
2026-05-22 11:28:18,003 [trainer.py] => tuned_epoch: 20
2026-05-22 11:28:18,003 [trainer.py] => init_lr: 0.01
2026-05-22 11:28:18,003 [trainer.py] => batch_size: 48
2026-05-22 11:28:18,003 [trainer.py] => nb_classes: 200
2026-05-22 11:28:18,004 [trainer.py] => nb_tasks: 5
2026-05-22 11:28:18,992 [data_manager.py] => [168, 136, 51, 9, 183, 101, 171, 99, 42, 159, 191, 70, 16, 188, 27, 10, 175, 26, 68, 187, 98, 6, 85, 35, 112, 43, 100, 0, 103, 181, 88, 59, 4, 2, 116, 174, 94, 80, 106, 1, 147, 17, 141, 131, 72, 23, 173, 54, 197, 118, 87, 32, 79, 104, 91, 19, 135, 107, 178, 36, 11, 199, 142, 8, 122, 3, 28, 57, 153, 172, 190, 56, 49, 44, 97, 62, 151, 169, 194, 55, 192, 12, 189, 78, 66, 180, 15, 137, 109, 134, 92, 119, 126, 52, 170, 40, 148, 65, 144, 64, 138, 45, 77, 89, 154, 90, 71, 193, 74, 30, 113, 143, 96, 84, 67, 50, 186, 156, 69, 21, 18, 111, 108, 58, 125, 157, 150, 110, 182, 129, 166, 83, 81, 60, 13, 165, 14, 176, 63, 117, 5, 22, 145, 121, 38, 41, 82, 127, 114, 20, 31, 53, 37, 163, 196, 130, 152, 162, 86, 76, 24, 34, 184, 149, 33, 128, 198, 155, 146, 167, 139, 120, 140, 102, 47, 25, 158, 123, 46, 164, 61, 7, 115, 75, 133, 160, 105, 132, 179, 124, 48, 73, 93, 39, 95, 195, 29, 177, 185, 161]
2026-05-22 11:28:29,562 [trainer.py] => All params: 86988288
2026-05-22 11:28:29,565 [trainer.py] => Trainable params: 1189632
2026-05-22 11:28:29,570 [adam_adapter.py] => Learning on 0-40
2026-05-22 11:47:12,349 [adam_adapter.py] => Task 0, Epoch 20/20 => Loss 0.437, Train_accy 93.28, Test_accy 98.02
2026-05-22 11:48:29,791 [trainer.py] => No NME accuracy.
2026-05-22 11:48:29,819 [trainer.py] => CNN: {'total': 98.02, '00-39': 98.02, 'old': 0, 'new': 98.02}
2026-05-22 11:48:29,820 [trainer.py] => CNN top1 curve: [98.02]
2026-05-22 11:48:29,820 [trainer.py] => CNN top5 curve: [99.78]
2026-05-22 11:48:29,821 [trainer.py] => Average Accuracy (CNN): 98.02
2026-05-22 11:48:29,825 [trainer.py] => All params: 172848385
2026-05-22 11:48:29,829 [trainer.py] => Trainable params: 87049729
2026-05-22 11:48:29,866 [adam_adapter.py] => Learning on 40-80
2026-05-22 11:49:41,644 [trainer.py] => No NME accuracy.
2026-05-22 11:49:41,650 [trainer.py] => CNN: {'total': 93.8, '00-39': 94.49, '40-79': 93.12, 'old': 94.49, 'new': 93.12}
2026-05-22 11:49:41,650 [trainer.py] => CNN top1 curve: [98.02, 93.8]
2026-05-22 11:49:41,651 [trainer.py] => CNN top5 curve: [99.78, 99.13]
2026-05-22 11:49:41,651 [trainer.py] => Average Accuracy (CNN): 95.91
2026-05-22 11:49:41,653 [trainer.py] => All params: 172909825
2026-05-22 11:49:41,654 [trainer.py] => Trainable params: 87111169
2026-05-22 11:49:41,685 [adam_adapter.py] => Learning on 80-120
2026-05-22 11:51:10,705 [trainer.py] => No NME accuracy.
2026-05-22 11:51:10,723 [trainer.py] => CNN: {'total': 90.89, '00-39': 92.51, '40-79': 90.11, '80-119': 90.14, 'old': 91.29, 'new': 90.14}
2026-05-22 11:51:10,723 [trainer.py] => CNN top1 curve: [98.02, 93.8, 90.89]
2026-05-22 11:51:10,723 [trainer.py] => CNN top5 curve: [99.78, 99.13, 99.01]
2026-05-22 11:51:10,723 [trainer.py] => Average Accuracy (CNN): 94.24
2026-05-22 11:51:10,725 [trainer.py] => All params: 172971265
2026-05-22 11:51:10,726 [trainer.py] => Trainable params: 87172609
2026-05-22 11:51:10,762 [adam_adapter.py] => Learning on 120-160
2026-05-22 11:52:43,302 [trainer.py] => No NME accuracy.
2026-05-22 11:52:43,338 [trainer.py] => CNN: {'total': 88.68, '00-39': 90.53, '40-79': 89.25, '80-119': 88.33, '120-159': 86.74, 'old': 89.34, 'new': 86.74}
2026-05-22 11:52:43,352 [trainer.py] => CNN top1 curve: [98.02, 93.8, 90.89, 88.68]
2026-05-22 11:52:43,352 [trainer.py] => CNN top5 curve: [99.78, 99.13, 99.01, 98.68]
2026-05-22 11:52:43,353 [trainer.py] => Average Accuracy (CNN): 92.85
2026-05-22 11:52:43,356 [trainer.py] => All params: 173032705
2026-05-22 11:52:43,359 [trainer.py] => Trainable params: 87234049
2026-05-22 11:52:43,393 [adam_adapter.py] => Learning on 160-200
2026-05-22 11:54:31,401 [trainer.py] => No NME accuracy.
2026-05-22 11:54:31,440 [trainer.py] => CNN: {'total': 87.23, '00-39': 88.77, '40-79': 87.53, '80-119': 87.93, '120-159': 85.68, '160-199': 86.3, 'old': 87.47, 'new': 86.3}
2026-05-22 11:54:31,440 [trainer.py] => CNN top1 curve: [98.02, 93.8, 90.89, 88.68, 87.23]
2026-05-22 11:54:31,440 [trainer.py] => CNN top5 curve: [99.78, 99.13, 99.01, 98.68, 98.3]
2026-05-22 11:54:31,441 [trainer.py] => Average Accuracy (CNN): 91.72
