2026-05-22 09:13:01,260 [trainer.py] => config: ./configs/aper/aper_adapter_cub_B0_Inc10.json
2026-05-22 09:13:01,260 [trainer.py] => prefix: exp
2026-05-22 09:13:01,260 [trainer.py] => dataset: cub
2026-05-22 09:13:01,260 [trainer.py] => memory_size: 0
2026-05-22 09:13:01,260 [trainer.py] => memory_per_class: 0
2026-05-22 09:13:01,260 [trainer.py] => fixed_memory: False
2026-05-22 09:13:01,260 [trainer.py] => shuffle: True
2026-05-22 09:13:01,260 [trainer.py] => init_cls: 10
2026-05-22 09:13:01,260 [trainer.py] => increment: 10
2026-05-22 09:13:01,260 [trainer.py] => model_name: adam_adapter
2026-05-22 09:13:01,260 [trainer.py] => backbone_type: pretrained_vit_b16_224_in21k_adapter
2026-05-22 09:13:01,261 [trainer.py] => weight_decay: 0.0005
2026-05-22 09:13:01,261 [trainer.py] => prompt_token_num: 30
2026-05-22 09:13:01,261 [trainer.py] => ffn_num: 64
2026-05-22 09:13:01,261 [trainer.py] => optimizer: sgd
2026-05-22 09:13:01,261 [trainer.py] => min_lr: 0
2026-05-22 09:13:01,261 [trainer.py] => device: [device(type='cuda', index=3)]
2026-05-22 09:13:01,261 [trainer.py] => seed: 1993
2026-05-22 09:13:01,261 [trainer.py] => tuned_epoch: 20
2026-05-22 09:13:01,261 [trainer.py] => init_lr: 0.01
2026-05-22 09:13:01,261 [trainer.py] => batch_size: 48
2026-05-22 09:13:01,261 [trainer.py] => nb_classes: 200
2026-05-22 09:13:01,261 [trainer.py] => nb_tasks: 20
2026-05-22 09:13:01,719 [data_manager.py] => [168, 136, 51, 9, 183, 101, 171, 99, 42, 159, 191, 70, 16, 188, 27, 10, 175, 26, 68, 187, 98, 6, 85, 35, 112, 43, 100, 0, 103, 181, 88, 59, 4, 2, 116, 174, 94, 80, 106, 1, 147, 17, 141, 131, 72, 23, 173, 54, 197, 118, 87, 32, 79, 104, 91, 19, 135, 107, 178, 36, 11, 199, 142, 8, 122, 3, 28, 57, 153, 172, 190, 56, 49, 44, 97, 62, 151, 169, 194, 55, 192, 12, 189, 78, 66, 180, 15, 137, 109, 134, 92, 119, 126, 52, 170, 40, 148, 65, 144, 64, 138, 45, 77, 89, 154, 90, 71, 193, 74, 30, 113, 143, 96, 84, 67, 50, 186, 156, 69, 21, 18, 111, 108, 58, 125, 157, 150, 110, 182, 129, 166, 83, 81, 60, 13, 165, 14, 176, 63, 117, 5, 22, 145, 121, 38, 41, 82, 127, 114, 20, 31, 53, 37, 163, 196, 130, 152, 162, 86, 76, 24, 34, 184, 149, 33, 128, 198, 155, 146, 167, 139, 120, 140, 102, 47, 25, 158, 123, 46, 164, 61, 7, 115, 75, 133, 160, 105, 132, 179, 124, 48, 73, 93, 39, 95, 195, 29, 177, 185, 161]
2026-05-22 09:13:11,556 [trainer.py] => All params: 86988288
2026-05-22 09:13:11,576 [trainer.py] => Trainable params: 1189632
2026-05-22 09:13:11,593 [adam_adapter.py] => Learning on 0-10
2026-05-22 09:18:54,437 [adam_adapter.py] => Task 0, Epoch 20/20 => Loss 1.038, Train_accy 93.95, Test_accy 99.15
2026-05-22 09:19:26,866 [trainer.py] => No NME accuracy.
2026-05-22 09:19:26,871 [trainer.py] => CNN: {'total': 100.0, '00-09': 100.0, 'old': 0, 'new': 100.0}
2026-05-22 09:19:26,871 [trainer.py] => CNN top1 curve: [100.0]
2026-05-22 09:19:26,871 [trainer.py] => CNN top5 curve: [100.0]
2026-05-22 09:19:26,872 [trainer.py] => Average Accuracy (CNN): 100.0
2026-05-22 09:19:26,875 [trainer.py] => All params: 172802305
2026-05-22 09:19:26,878 [trainer.py] => Trainable params: 87003649
2026-05-22 09:19:26,887 [adam_adapter.py] => Learning on 10-20
2026-05-22 09:19:48,355 [trainer.py] => No NME accuracy.
2026-05-22 09:19:48,365 [trainer.py] => CNN: {'total': 98.38, '00-09': 99.15, '10-19': 97.67, 'old': 99.15, 'new': 97.67}
2026-05-22 09:19:48,366 [trainer.py] => CNN top1 curve: [100.0, 98.38]
2026-05-22 09:19:48,366 [trainer.py] => CNN top5 curve: [100.0, 100.0]
2026-05-22 09:19:48,367 [trainer.py] => Average Accuracy (CNN): 99.19
2026-05-22 09:19:48,371 [trainer.py] => All params: 172817665
2026-05-22 09:19:48,376 [trainer.py] => Trainable params: 87019009
2026-05-22 09:19:48,387 [adam_adapter.py] => Learning on 20-30
2026-05-22 09:20:09,200 [trainer.py] => No NME accuracy.
2026-05-22 09:20:09,209 [trainer.py] => CNN: {'total': 98.26, '00-09': 99.15, '10-19': 97.67, '20-29': 97.94, 'old': 98.38, 'new': 97.94}
2026-05-22 09:20:09,209 [trainer.py] => CNN top1 curve: [100.0, 98.38, 98.26]
2026-05-22 09:20:09,209 [trainer.py] => CNN top5 curve: [100.0, 100.0, 99.71]
2026-05-22 09:20:09,210 [trainer.py] => Average Accuracy (CNN): 98.88
2026-05-22 09:20:09,212 [trainer.py] => All params: 172833025
2026-05-22 09:20:09,214 [trainer.py] => Trainable params: 87034369
2026-05-22 09:20:09,226 [adam_adapter.py] => Learning on 30-40
2026-05-22 09:20:35,394 [trainer.py] => No NME accuracy.
2026-05-22 09:20:35,413 [trainer.py] => CNN: {'total': 97.8, '00-09': 99.15, '10-19': 96.9, '20-29': 97.94, '30-39': 97.27, 'old': 97.97, 'new': 97.27}
2026-05-22 09:20:35,413 [trainer.py] => CNN top1 curve: [100.0, 98.38, 98.26, 97.8]
2026-05-22 09:20:35,414 [trainer.py] => CNN top5 curve: [100.0, 100.0, 99.71, 99.78]
2026-05-22 09:20:35,414 [trainer.py] => Average Accuracy (CNN): 98.61
2026-05-22 09:20:35,419 [trainer.py] => All params: 172848385
2026-05-22 09:20:35,423 [trainer.py] => Trainable params: 87049729
2026-05-22 09:20:35,436 [adam_adapter.py] => Learning on 40-50
2026-05-22 09:21:02,205 [trainer.py] => No NME accuracy.
2026-05-22 09:21:02,230 [trainer.py] => CNN: {'total': 97.5, '00-09': 98.31, '10-19': 96.9, '20-29': 97.94, '30-39': 96.36, '40-49': 98.13, 'old': 97.36, 'new': 98.13}
2026-05-22 09:21:02,230 [trainer.py] => CNN top1 curve: [100.0, 98.38, 98.26, 97.8, 97.5]
2026-05-22 09:21:02,231 [trainer.py] => CNN top5 curve: [100.0, 100.0, 99.71, 99.78, 99.64]
2026-05-22 09:21:02,232 [trainer.py] => Average Accuracy (CNN): 98.39
2026-05-22 09:21:02,236 [trainer.py] => All params: 172863745
2026-05-22 09:21:02,241 [trainer.py] => Trainable params: 87065089
2026-05-22 09:21:02,263 [adam_adapter.py] => Learning on 50-60
2026-05-22 09:21:33,431 [trainer.py] => No NME accuracy.
2026-05-22 09:21:33,487 [trainer.py] => CNN: {'total': 94.79, '00-09': 91.53, '10-19': 96.9, '20-29': 97.94, '30-39': 96.36, '40-49': 97.2, '50-59': 89.19, 'old': 95.9, 'new': 89.19}
2026-05-22 09:21:33,488 [trainer.py] => CNN top1 curve: [100.0, 98.38, 98.26, 97.8, 97.5, 94.79]
2026-05-22 09:21:33,488 [trainer.py] => CNN top5 curve: [100.0, 100.0, 99.71, 99.78, 99.64, 99.26]
2026-05-22 09:21:33,489 [trainer.py] => Average Accuracy (CNN): 97.79
2026-05-22 09:21:33,494 [trainer.py] => All params: 172879105
2026-05-22 09:21:33,498 [trainer.py] => Trainable params: 87080449
2026-05-22 09:21:33,522 [adam_adapter.py] => Learning on 60-70
2026-05-22 09:22:06,422 [trainer.py] => No NME accuracy.
2026-05-22 09:22:06,428 [trainer.py] => CNN: {'total': 92.67, '00-09': 90.68, '10-19': 92.25, '20-29': 97.94, '30-39': 95.45, '40-49': 96.26, '50-59': 87.39, '60-69': 89.62, 'old': 93.15, 'new': 89.62}
2026-05-22 09:22:06,428 [trainer.py] => CNN top1 curve: [100.0, 98.38, 98.26, 97.8, 97.5, 94.79, 92.67]
2026-05-22 09:22:06,428 [trainer.py] => CNN top5 curve: [100.0, 100.0, 99.71, 99.78, 99.64, 99.26, 99.23]
2026-05-22 09:22:06,429 [trainer.py] => Average Accuracy (CNN): 97.06
2026-05-22 09:22:06,431 [trainer.py] => All params: 172894465
2026-05-22 09:22:06,432 [trainer.py] => Trainable params: 87095809
2026-05-22 09:22:06,443 [adam_adapter.py] => Learning on 70-80
2026-05-22 09:22:43,649 [trainer.py] => No NME accuracy.
2026-05-22 09:22:43,691 [trainer.py] => CNN: {'total': 93.25, '00-09': 90.68, '10-19': 92.25, '20-29': 97.94, '30-39': 95.45, '40-49': 96.26, '50-59': 87.39, '60-69': 89.62, '70-79': 96.45, 'old': 92.67, 'new': 96.45}
2026-05-22 09:22:43,691 [trainer.py] => CNN top1 curve: [100.0, 98.38, 98.26, 97.8, 97.5, 94.79, 92.67, 93.25]
2026-05-22 09:22:43,691 [trainer.py] => CNN top5 curve: [100.0, 100.0, 99.71, 99.78, 99.64, 99.26, 99.23, 99.02]
2026-05-22 09:22:43,692 [trainer.py] => Average Accuracy (CNN): 96.58
2026-05-22 09:22:43,693 [trainer.py] => All params: 172909825
2026-05-22 09:22:43,694 [trainer.py] => Trainable params: 87111169
2026-05-22 09:22:43,707 [adam_adapter.py] => Learning on 80-90
2026-05-22 09:23:17,654 [trainer.py] => No NME accuracy.
2026-05-22 09:23:17,654 [trainer.py] => CNN: {'total': 93.16, '00-09': 90.68, '10-19': 90.7, '20-29': 97.94, '30-39': 95.45, '40-49': 96.26, '50-59': 86.49, '60-69': 89.62, '70-79': 96.45, '80-89': 94.74, 'old': 92.93, 'new': 94.74}
2026-05-22 09:23:17,654 [trainer.py] => CNN top1 curve: [100.0, 98.38, 98.26, 97.8, 97.5, 94.79, 92.67, 93.25, 93.16]
2026-05-22 09:23:17,654 [trainer.py] => CNN top5 curve: [100.0, 100.0, 99.71, 99.78, 99.64, 99.26, 99.23, 99.02, 99.14]
2026-05-22 09:23:17,655 [trainer.py] => Average Accuracy (CNN): 96.2
2026-05-22 09:23:17,656 [trainer.py] => All params: 172925185
2026-05-22 09:23:17,658 [trainer.py] => Trainable params: 87126529
2026-05-22 09:23:17,668 [adam_adapter.py] => Learning on 90-100
2026-05-22 09:24:01,255 [trainer.py] => No NME accuracy.
2026-05-22 09:24:01,318 [trainer.py] => CNN: {'total': 91.92, '00-09': 90.68, '10-19': 90.7, '20-29': 97.94, '30-39': 90.91, '40-49': 96.26, '50-59': 86.49, '60-69': 88.68, '70-79': 96.45, '80-89': 94.74, '90-99': 86.76, 'old': 92.59, 'new': 86.76}
2026-05-22 09:24:01,319 [trainer.py] => CNN top1 curve: [100.0, 98.38, 98.26, 97.8, 97.5, 94.79, 92.67, 93.25, 93.16, 91.92]
2026-05-22 09:24:01,319 [trainer.py] => CNN top5 curve: [100.0, 100.0, 99.71, 99.78, 99.64, 99.26, 99.23, 99.02, 99.14, 99.07]
2026-05-22 09:24:01,320 [trainer.py] => Average Accuracy (CNN): 95.77
2026-05-22 09:24:01,321 [trainer.py] => All params: 172940545
2026-05-22 09:24:01,322 [trainer.py] => Trainable params: 87141889
2026-05-22 09:24:01,338 [adam_adapter.py] => Learning on 100-110
2026-05-22 09:24:50,719 [trainer.py] => No NME accuracy.
2026-05-22 09:24:50,720 [trainer.py] => CNN: {'total': 91.71, '00-09': 90.68, '10-19': 89.15, '20-29': 97.94, '30-39': 90.91, '40-49': 96.26, '50-59': 86.49, '60-69': 87.74, '70-79': 96.45, '80-89': 94.74, '90-99': 86.76, '100-109': 92.17, 'old': 91.67, 'new': 92.17}
2026-05-22 09:24:50,720 [trainer.py] => CNN top1 curve: [100.0, 98.38, 98.26, 97.8, 97.5, 94.79, 92.67, 93.25, 93.16, 91.92, 91.71]
2026-05-22 09:24:50,720 [trainer.py] => CNN top5 curve: [100.0, 100.0, 99.71, 99.78, 99.64, 99.26, 99.23, 99.02, 99.14, 99.07, 99.08]
2026-05-22 09:24:50,720 [trainer.py] => Average Accuracy (CNN): 95.4
2026-05-22 09:24:50,722 [trainer.py] => All params: 172955905
2026-05-22 09:24:50,723 [trainer.py] => Trainable params: 87157249
2026-05-22 09:24:50,733 [adam_adapter.py] => Learning on 110-120
2026-05-22 09:25:46,273 [trainer.py] => No NME accuracy.
2026-05-22 09:25:46,285 [trainer.py] => CNN: {'total': 90.18, '00-09': 90.68, '10-19': 89.15, '20-29': 97.94, '30-39': 90.91, '40-49': 96.26, '50-59': 86.49, '60-69': 85.85, '70-79': 90.07, '80-89': 93.98, '90-99': 86.03, '100-109': 92.17, '110-119': 84.07, 'old': 90.71, 'new': 84.07}
2026-05-22 09:25:46,285 [trainer.py] => CNN top1 curve: [100.0, 98.38, 98.26, 97.8, 97.5, 94.79, 92.67, 93.25, 93.16, 91.92, 91.71, 90.18]
2026-05-22 09:25:46,285 [trainer.py] => CNN top5 curve: [100.0, 100.0, 99.71, 99.78, 99.64, 99.26, 99.23, 99.02, 99.14, 99.07, 99.08, 98.94]
2026-05-22 09:25:46,286 [trainer.py] => Average Accuracy (CNN): 94.97
2026-05-22 09:25:46,287 [trainer.py] => All params: 172971265
2026-05-22 09:25:46,288 [trainer.py] => Trainable params: 87172609
2026-05-22 09:25:46,299 [adam_adapter.py] => Learning on 120-130
2026-05-22 09:26:36,888 [trainer.py] => No NME accuracy.
2026-05-22 09:26:36,889 [trainer.py] => CNN: {'total': 89.36, '00-09': 88.98, '10-19': 89.15, '20-29': 97.94, '30-39': 89.09, '40-49': 92.52, '50-59': 86.49, '60-69': 84.91, '70-79': 90.07, '80-89': 93.98, '90-99': 85.29, '100-109': 92.17, '110-119': 84.07, '120-129': 87.85, 'old': 89.48, 'new': 87.85}
2026-05-22 09:26:36,890 [trainer.py] => CNN top1 curve: [100.0, 98.38, 98.26, 97.8, 97.5, 94.79, 92.67, 93.25, 93.16, 91.92, 91.71, 90.18, 89.36]
2026-05-22 09:26:36,890 [trainer.py] => CNN top5 curve: [100.0, 100.0, 99.71, 99.78, 99.64, 99.26, 99.23, 99.02, 99.14, 99.07, 99.08, 98.94, 98.88]
2026-05-22 09:26:36,890 [trainer.py] => Average Accuracy (CNN): 94.54
2026-05-22 09:26:36,891 [trainer.py] => All params: 172986625
2026-05-22 09:26:36,893 [trainer.py] => Trainable params: 87187969
2026-05-22 09:26:36,905 [adam_adapter.py] => Learning on 130-140
2026-05-22 09:27:32,810 [trainer.py] => No NME accuracy.
2026-05-22 09:27:32,837 [trainer.py] => CNN: {'total': 88.97, '00-09': 88.98, '10-19': 89.15, '20-29': 97.94, '30-39': 89.09, '40-49': 92.52, '50-59': 86.49, '60-69': 84.91, '70-79': 90.07, '80-89': 93.98, '90-99': 85.29, '100-109': 92.17, '110-119': 84.07, '120-129': 82.24, '130-139': 88.98, 'old': 88.97, 'new': 88.98}
2026-05-22 09:27:32,838 [trainer.py] => CNN top1 curve: [100.0, 98.38, 98.26, 97.8, 97.5, 94.79, 92.67, 93.25, 93.16, 91.92, 91.71, 90.18, 89.36, 88.97]
2026-05-22 09:27:32,838 [trainer.py] => CNN top5 curve: [100.0, 100.0, 99.71, 99.78, 99.64, 99.26, 99.23, 99.02, 99.14, 99.07, 99.08, 98.94, 98.88, 98.72]
2026-05-22 09:27:32,838 [trainer.py] => Average Accuracy (CNN): 94.14
2026-05-22 09:27:32,840 [trainer.py] => All params: 173001985
2026-05-22 09:27:32,842 [trainer.py] => Trainable params: 87203329
2026-05-22 09:27:32,865 [adam_adapter.py] => Learning on 140-150
2026-05-22 09:28:31,663 [trainer.py] => No NME accuracy.
2026-05-22 09:28:31,664 [trainer.py] => CNN: {'total': 88.34, '00-09': 87.29, '10-19': 89.15, '20-29': 97.94, '30-39': 86.36, '40-49': 92.52, '50-59': 86.49, '60-69': 84.91, '70-79': 90.07, '80-89': 93.98, '90-99': 85.29, '100-109': 92.17, '110-119': 83.19, '120-129': 82.24, '130-139': 88.98, '140-149': 84.92, 'old': 88.6, 'new': 84.92}
2026-05-22 09:28:31,664 [trainer.py] => CNN top1 curve: [100.0, 98.38, 98.26, 97.8, 97.5, 94.79, 92.67, 93.25, 93.16, 91.92, 91.71, 90.18, 89.36, 88.97, 88.34]
2026-05-22 09:28:31,664 [trainer.py] => CNN top5 curve: [100.0, 100.0, 99.71, 99.78, 99.64, 99.26, 99.23, 99.02, 99.14, 99.07, 99.08, 98.94, 98.88, 98.72, 98.64]
2026-05-22 09:28:31,664 [trainer.py] => Average Accuracy (CNN): 93.75
2026-05-22 09:28:31,665 [trainer.py] => All params: 173017345
2026-05-22 09:28:31,667 [trainer.py] => Trainable params: 87218689
2026-05-22 09:28:31,689 [adam_adapter.py] => Learning on 150-160
2026-05-22 09:29:33,023 [trainer.py] => No NME accuracy.
2026-05-22 09:29:33,077 [trainer.py] => CNN: {'total': 88.52, '00-09': 86.44, '10-19': 89.15, '20-29': 97.94, '30-39': 86.36, '40-49': 92.52, '50-59': 86.49, '60-69': 84.91, '70-79': 89.36, '80-89': 93.98, '90-99': 85.29, '100-109': 89.57, '110-119': 83.19, '120-129': 82.24, '130-139': 88.98, '140-149': 84.92, '150-159': 95.16, 'old': 88.06, 'new': 95.16}
2026-05-22 09:29:33,077 [trainer.py] => CNN top1 curve: [100.0, 98.38, 98.26, 97.8, 97.5, 94.79, 92.67, 93.25, 93.16, 91.92, 91.71, 90.18, 89.36, 88.97, 88.34, 88.52]
2026-05-22 09:29:33,078 [trainer.py] => CNN top5 curve: [100.0, 100.0, 99.71, 99.78, 99.64, 99.26, 99.23, 99.02, 99.14, 99.07, 99.08, 98.94, 98.88, 98.72, 98.64, 98.68]
2026-05-22 09:29:33,078 [trainer.py] => Average Accuracy (CNN): 93.43
2026-05-22 09:29:33,087 [trainer.py] => All params: 173032705
2026-05-22 09:29:33,090 [trainer.py] => Trainable params: 87234049
2026-05-22 09:29:33,103 [adam_adapter.py] => Learning on 160-170
2026-05-22 09:30:35,359 [trainer.py] => No NME accuracy.
2026-05-22 09:30:35,418 [trainer.py] => CNN: {'total': 87.95, '00-09': 86.44, '10-19': 89.15, '20-29': 96.91, '30-39': 86.36, '40-49': 88.79, '50-59': 86.49, '60-69': 83.96, '70-79': 89.36, '80-89': 93.98, '90-99': 84.56, '100-109': 89.57, '110-119': 83.19, '120-129': 82.24, '130-139': 88.14, '140-149': 83.33, '150-159': 95.16, '160-169': 87.31, 'old': 88.0, 'new': 87.31}
2026-05-22 09:30:35,418 [trainer.py] => CNN top1 curve: [100.0, 98.38, 98.26, 97.8, 97.5, 94.79, 92.67, 93.25, 93.16, 91.92, 91.71, 90.18, 89.36, 88.97, 88.34, 88.52, 87.95]
2026-05-22 09:30:35,418 [trainer.py] => CNN top5 curve: [100.0, 100.0, 99.71, 99.78, 99.64, 99.26, 99.23, 99.02, 99.14, 99.07, 99.08, 98.94, 98.88, 98.72, 98.64, 98.68, 98.57]
2026-05-22 09:30:35,418 [trainer.py] => Average Accuracy (CNN): 93.1
2026-05-22 09:30:35,420 [trainer.py] => All params: 173048065
2026-05-22 09:30:35,421 [trainer.py] => Trainable params: 87249409
2026-05-22 09:30:35,435 [adam_adapter.py] => Learning on 170-180
2026-05-22 09:31:34,560 [trainer.py] => No NME accuracy.
2026-05-22 09:31:34,583 [trainer.py] => CNN: {'total': 87.97, '00-09': 85.59, '10-19': 88.37, '20-29': 96.91, '30-39': 86.36, '40-49': 88.79, '50-59': 86.49, '60-69': 83.96, '70-79': 89.36, '80-89': 93.98, '90-99': 84.56, '100-109': 89.57, '110-119': 83.19, '120-129': 81.31, '130-139': 88.14, '140-149': 83.33, '150-159': 93.55, '160-169': 87.31, '170-179': 93.2, 'old': 87.7, 'new': 93.2}
2026-05-22 09:31:34,583 [trainer.py] => CNN top1 curve: [100.0, 98.38, 98.26, 97.8, 97.5, 94.79, 92.67, 93.25, 93.16, 91.92, 91.71, 90.18, 89.36, 88.97, 88.34, 88.52, 87.95, 87.97]
2026-05-22 09:31:34,584 [trainer.py] => CNN top5 curve: [100.0, 100.0, 99.71, 99.78, 99.64, 99.26, 99.23, 99.02, 99.14, 99.07, 99.08, 98.94, 98.88, 98.72, 98.64, 98.68, 98.57, 98.5]
2026-05-22 09:31:34,585 [trainer.py] => Average Accuracy (CNN): 92.82
2026-05-22 09:31:34,588 [trainer.py] => All params: 173063425
2026-05-22 09:31:34,591 [trainer.py] => Trainable params: 87264769
2026-05-22 09:31:34,610 [adam_adapter.py] => Learning on 180-190
2026-05-22 09:32:39,987 [trainer.py] => No NME accuracy.
2026-05-22 09:32:40,005 [trainer.py] => CNN: {'total': 87.35, '00-09': 85.59, '10-19': 88.37, '20-29': 94.85, '30-39': 85.45, '40-49': 87.85, '50-59': 86.49, '60-69': 83.96, '70-79': 89.36, '80-89': 93.98, '90-99': 84.56, '100-109': 89.57, '110-119': 83.19, '120-129': 79.44, '130-139': 88.14, '140-149': 82.54, '150-159': 93.55, '160-169': 87.31, '170-179': 93.2, '180-189': 82.58, 'old': 87.64, 'new': 82.58}
2026-05-22 09:32:40,005 [trainer.py] => CNN top1 curve: [100.0, 98.38, 98.26, 97.8, 97.5, 94.79, 92.67, 93.25, 93.16, 91.92, 91.71, 90.18, 89.36, 88.97, 88.34, 88.52, 87.95, 87.97, 87.35]
2026-05-22 09:32:40,006 [trainer.py] => CNN top5 curve: [100.0, 100.0, 99.71, 99.78, 99.64, 99.26, 99.23, 99.02, 99.14, 99.07, 99.08, 98.94, 98.88, 98.72, 98.64, 98.68, 98.57, 98.5, 98.27]
2026-05-22 09:32:40,006 [trainer.py] => Average Accuracy (CNN): 92.53
2026-05-22 09:32:40,010 [trainer.py] => All params: 173078785
2026-05-22 09:32:40,014 [trainer.py] => Trainable params: 87280129
2026-05-22 09:32:40,031 [adam_adapter.py] => Learning on 190-200
2026-05-22 09:33:49,627 [trainer.py] => No NME accuracy.
2026-05-22 09:33:49,667 [trainer.py] => CNN: {'total': 86.77, '00-09': 85.59, '10-19': 88.37, '20-29': 94.85, '30-39': 85.45, '40-49': 87.85, '50-59': 86.49, '60-69': 81.13, '70-79': 87.94, '80-89': 93.98, '90-99': 84.56, '100-109': 89.57, '110-119': 83.19, '120-129': 79.44, '130-139': 88.14, '140-149': 82.54, '150-159': 93.55, '160-169': 85.82, '170-179': 92.23, '180-189': 81.82, '190-199': 82.65, 'old': 86.95, 'new': 82.65}
2026-05-22 09:33:49,667 [trainer.py] => CNN top1 curve: [100.0, 98.38, 98.26, 97.8, 97.5, 94.79, 92.67, 93.25, 93.16, 91.92, 91.71, 90.18, 89.36, 88.97, 88.34, 88.52, 87.95, 87.97, 87.35, 86.77]
2026-05-22 09:33:49,668 [trainer.py] => CNN top5 curve: [100.0, 100.0, 99.71, 99.78, 99.64, 99.26, 99.23, 99.02, 99.14, 99.07, 99.08, 98.94, 98.88, 98.72, 98.64, 98.68, 98.57, 98.5, 98.27, 98.22]
2026-05-22 09:33:49,668 [trainer.py] => Average Accuracy (CNN): 92.24
