2026-05-25 02:59:20,017 [trainer.py] => config: ./configs/aper/aper_adapter_ina_B0_Inc40.json
2026-05-25 02:59:20,018 [trainer.py] => prefix: exp
2026-05-25 02:59:20,018 [trainer.py] => dataset: imageneta
2026-05-25 02:59:20,018 [trainer.py] => memory_size: 0
2026-05-25 02:59:20,018 [trainer.py] => memory_per_class: 0
2026-05-25 02:59:20,018 [trainer.py] => fixed_memory: False
2026-05-25 02:59:20,018 [trainer.py] => shuffle: True
2026-05-25 02:59:20,019 [trainer.py] => init_cls: 40
2026-05-25 02:59:20,019 [trainer.py] => increment: 40
2026-05-25 02:59:20,019 [trainer.py] => model_name: adam_adapter
2026-05-25 02:59:20,019 [trainer.py] => backbone_type: pretrained_vit_b16_224_in21k_adapter
2026-05-25 02:59:20,019 [trainer.py] => weight_decay: 0.0005
2026-05-25 02:59:20,019 [trainer.py] => prompt_token_num: 30
2026-05-25 02:59:20,019 [trainer.py] => ffn_num: 64
2026-05-25 02:59:20,019 [trainer.py] => optimizer: sgd
2026-05-25 02:59:20,020 [trainer.py] => min_lr: 0
2026-05-25 02:59:20,020 [trainer.py] => device: [device(type='cuda', index=3)]
2026-05-25 02:59:20,020 [trainer.py] => seed: 42
2026-05-25 02:59:20,020 [trainer.py] => tuned_epoch: 20
2026-05-25 02:59:20,020 [trainer.py] => init_lr: 0.01
2026-05-25 02:59:20,020 [trainer.py] => batch_size: 48
2026-05-25 02:59:20,584 [data_manager.py] => [95, 15, 30, 158, 128, 115, 69, 170, 174, 45, 66, 182, 165, 78, 186, 177, 56, 152, 82, 68, 124, 16, 148, 93, 65, 60, 84, 67, 125, 132, 9, 18, 55, 75, 150, 104, 135, 137, 164, 76, 79, 197, 38, 24, 122, 195, 29, 19, 143, 86, 114, 173, 5, 126, 117, 73, 140, 98, 172, 96, 169, 97, 31, 12, 35, 119, 42, 189, 90, 136, 51, 127, 162, 41, 118, 113, 26, 139, 100, 111, 2, 77, 46, 187, 191, 85, 161, 36, 190, 61, 22, 141, 101, 33, 11, 194, 159, 6, 27, 120, 4, 32, 142, 145, 109, 144, 10, 62, 112, 146, 166, 0, 198, 153, 70, 123, 64, 44, 163, 28, 40, 108, 155, 156, 25, 23, 184, 147, 81, 39, 168, 47, 94, 154, 43, 138, 3, 105, 53, 133, 180, 178, 185, 49, 80, 34, 7, 110, 91, 83, 176, 181, 89, 8, 13, 59, 171, 131, 17, 72, 175, 134, 167, 183, 63, 54, 107, 50, 196, 58, 48, 88, 21, 57, 160, 192, 129, 37, 157, 193, 1, 52, 149, 130, 151, 103, 99, 116, 87, 74, 121, 199, 20, 188, 71, 106, 14, 92, 179, 102]
2026-05-25 02:59:39,251 [trainer.py] => All params: 86988288
2026-05-25 02:59:39,254 [trainer.py] => Trainable params: 1189632
2026-05-25 02:59:39,730 [adam_adapter.py] => Learning on 0-40
2026-05-25 03:12:47,039 [adam_adapter.py] => Task 0, Epoch 20/20 => Loss 2.237, Train_accy 64.08, Test_accy 61.06
2026-05-25 03:13:39,862 [trainer.py] => No NME accuracy.
2026-05-25 03:13:39,870 [trainer.py] => CNN: {'total': 72.28, '00-39': 72.28, 'old': 0, 'new': 72.28}
2026-05-25 03:13:39,871 [trainer.py] => CNN top1 curve: [72.28]
2026-05-25 03:13:39,871 [trainer.py] => CNN top5 curve: [91.42]
2026-05-25 03:13:39,871 [trainer.py] => Average Accuracy (CNN): 72.28
2026-05-25 03:13:39,875 [trainer.py] => All params: 172848385
2026-05-25 03:13:39,879 [trainer.py] => Trainable params: 87049729
2026-05-25 03:13:39,908 [adam_adapter.py] => Learning on 40-80
2026-05-25 03:14:25,653 [trainer.py] => No NME accuracy.
2026-05-25 03:14:25,665 [trainer.py] => CNN: {'total': 61.04, '00-39': 61.39, '40-79': 60.63, 'old': 61.39, 'new': 60.63}
2026-05-25 03:14:25,666 [trainer.py] => CNN top1 curve: [72.28, 61.04]
2026-05-25 03:14:25,666 [trainer.py] => CNN top5 curve: [91.42, 86.0]
2026-05-25 03:14:25,666 [trainer.py] => Average Accuracy (CNN): 66.66
2026-05-25 03:14:25,671 [trainer.py] => All params: 172909825
2026-05-25 03:14:25,674 [trainer.py] => Trainable params: 87111169
2026-05-25 03:14:25,713 [adam_adapter.py] => Learning on 80-120
2026-05-25 03:15:33,658 [trainer.py] => No NME accuracy.
2026-05-25 03:15:33,678 [trainer.py] => CNN: {'total': 56.4, '00-39': 55.12, '40-79': 51.57, '80-119': 60.63, 'old': 53.5, 'new': 60.63}
2026-05-25 03:15:33,678 [trainer.py] => CNN top1 curve: [72.28, 61.04, 56.4]
2026-05-25 03:15:33,678 [trainer.py] => CNN top5 curve: [91.42, 86.0, 82.84]
2026-05-25 03:15:33,678 [trainer.py] => Average Accuracy (CNN): 63.24
2026-05-25 03:15:33,680 [trainer.py] => All params: 172971265
2026-05-25 03:15:33,681 [trainer.py] => Trainable params: 87172609
2026-05-25 03:15:33,696 [adam_adapter.py] => Learning on 120-160
2026-05-25 03:16:38,186 [trainer.py] => No NME accuracy.
2026-05-25 03:16:38,195 [trainer.py] => CNN: {'total': 52.57, '00-39': 51.49, '40-79': 46.85, '80-119': 58.27, '120-159': 51.22, 'old': 52.99, 'new': 51.22}
2026-05-25 03:16:38,195 [trainer.py] => CNN top1 curve: [72.28, 61.04, 56.4, 52.57]
2026-05-25 03:16:38,195 [trainer.py] => CNN top5 curve: [91.42, 86.0, 82.84, 79.59]
2026-05-25 03:16:38,195 [trainer.py] => Average Accuracy (CNN): 60.57
2026-05-25 03:16:38,200 [trainer.py] => All params: 173032705
2026-05-25 03:16:38,203 [trainer.py] => Trainable params: 87234049
2026-05-25 03:16:38,241 [adam_adapter.py] => Learning on 160-200
2026-05-25 03:17:53,566 [trainer.py] => No NME accuracy.
2026-05-25 03:17:53,587 [trainer.py] => CNN: {'total': 49.84, '00-39': 48.18, '40-79': 44.49, '80-119': 54.59, '120-159': 49.48, '160-199': 50.34, 'old': 49.71, 'new': 50.34}
2026-05-25 03:17:53,587 [trainer.py] => CNN top1 curve: [72.28, 61.04, 56.4, 52.57, 49.84]
2026-05-25 03:17:53,587 [trainer.py] => CNN top5 curve: [91.42, 86.0, 82.84, 79.59, 75.97]
2026-05-25 03:17:53,587 [trainer.py] => Average Accuracy (CNN): 58.43
