2026-05-24 11:49:39,497 [trainer.py] => config: ./configs/aper/aper_adapter_inr_B100_Inc10.json
2026-05-24 11:49:39,497 [trainer.py] => prefix: exp
2026-05-24 11:49:39,497 [trainer.py] => dataset: imagenetr
2026-05-24 11:49:39,497 [trainer.py] => memory_size: 0
2026-05-24 11:49:39,497 [trainer.py] => memory_per_class: 0
2026-05-24 11:49:39,497 [trainer.py] => fixed_memory: False
2026-05-24 11:49:39,497 [trainer.py] => shuffle: True
2026-05-24 11:49:39,497 [trainer.py] => init_cls: 100
2026-05-24 11:49:39,497 [trainer.py] => increment: 10
2026-05-24 11:49:39,497 [trainer.py] => model_name: adam_adapter
2026-05-24 11:49:39,497 [trainer.py] => backbone_type: pretrained_vit_b16_224_in21k_adapter
2026-05-24 11:49:39,497 [trainer.py] => weight_decay: 0.005
2026-05-24 11:49:39,497 [trainer.py] => prompt_token_num: 30
2026-05-24 11:49:39,497 [trainer.py] => ffn_num: 64
2026-05-24 11:49:39,497 [trainer.py] => optimizer: sgd
2026-05-24 11:49:39,497 [trainer.py] => min_lr: 0
2026-05-24 11:49:39,497 [trainer.py] => device: [device(type='cuda', index=3)]
2026-05-24 11:49:39,498 [trainer.py] => seed: 1994
2026-05-24 11:49:39,498 [trainer.py] => tuned_epoch: 20
2026-05-24 11:49:39,498 [trainer.py] => init_lr: 0.05
2026-05-24 11:49:39,498 [trainer.py] => batch_size: 24
2026-05-24 11:49:39,498 [trainer.py] => nb_classes: 200
2026-05-24 11:49:39,498 [trainer.py] => nb_tasks: 11
2026-05-24 11:49:39,938 [data_manager.py] => [85, 41, 23, 28, 70, 87, 134, 151, 51, 159, 178, 119, 50, 117, 73, 95, 86, 147, 63, 22, 79, 175, 40, 155, 174, 54, 132, 72, 124, 157, 93, 26, 196, 74, 44, 15, 169, 122, 88, 171, 184, 6, 18, 145, 48, 197, 64, 172, 126, 96, 11, 55, 193, 66, 128, 21, 77, 113, 140, 116, 141, 133, 120, 29, 115, 14, 103, 127, 114, 19, 9, 38, 33, 195, 81, 35, 69, 181, 47, 129, 112, 168, 198, 71, 101, 188, 68, 90, 158, 163, 52, 8, 185, 59, 154, 92, 56, 183, 32, 136, 65, 45, 46, 173, 189, 108, 102, 144, 0, 107, 187, 100, 98, 192, 43, 161, 104, 75, 150, 166, 121, 60, 160, 3, 143, 153, 62, 142, 61, 110, 194, 97, 25, 177, 179, 17, 49, 31, 94, 111, 16, 53, 91, 58, 135, 83, 2, 12, 13, 165, 42, 36, 186, 105, 1, 7, 149, 170, 27, 24, 78, 167, 137, 138, 118, 10, 139, 164, 20, 57, 123, 199, 89, 130, 82, 162, 176, 148, 109, 125, 67, 106, 37, 146, 131, 180, 156, 39, 5, 84, 4, 190, 152, 191, 30, 76, 80, 34, 99, 182]
2026-05-24 11:49:44,993 [trainer.py] => All params: 86988288
2026-05-24 11:49:44,994 [trainer.py] => Trainable params: 1189632
2026-05-24 11:49:45,031 [adam_adapter.py] => Learning on 0-100
2026-05-24 14:30:20,459 [adam_adapter.py] => Task 0, Epoch 20/20 => Loss 1.023, Train_accy 77.02, Test_accy 84.87
2026-05-24 14:39:06,388 [trainer.py] => No NME accuracy.
2026-05-24 14:39:06,419 [trainer.py] => CNN: {'total': 79.21, '00-99': 79.21, 'old': 0, 'new': 79.21}
2026-05-24 14:39:06,420 [trainer.py] => CNN top1 curve: [79.21]
2026-05-24 14:39:06,420 [trainer.py] => CNN top5 curve: [91.9]
2026-05-24 14:39:06,420 [trainer.py] => Average Accuracy (CNN): 79.21
2026-05-24 14:39:06,423 [trainer.py] => All params: 172940545
2026-05-24 14:39:06,425 [trainer.py] => Trainable params: 87141889
2026-05-24 14:39:06,444 [adam_adapter.py] => Learning on 100-110
2026-05-24 14:41:34,594 [trainer.py] => No NME accuracy.
2026-05-24 14:41:34,595 [trainer.py] => CNN: {'total': 78.27, '00-99': 78.49, '100-109': 75.86, 'old': 78.49, 'new': 75.86}
2026-05-24 14:41:34,595 [trainer.py] => CNN top1 curve: [79.21, 78.27]
2026-05-24 14:41:34,595 [trainer.py] => CNN top5 curve: [91.9, 91.62]
2026-05-24 14:41:34,595 [trainer.py] => Average Accuracy (CNN): 78.74
2026-05-24 14:41:34,598 [trainer.py] => All params: 172955905
2026-05-24 14:41:34,601 [trainer.py] => Trainable params: 87157249
2026-05-24 14:41:34,620 [adam_adapter.py] => Learning on 110-120
2026-05-24 14:44:21,106 [trainer.py] => No NME accuracy.
2026-05-24 14:44:21,106 [trainer.py] => CNN: {'total': 76.61, '00-99': 77.67, '100-109': 73.56, '110-119': 69.76, 'old': 77.33, 'new': 69.76}
2026-05-24 14:44:21,107 [trainer.py] => CNN top1 curve: [79.21, 78.27, 76.61]
2026-05-24 14:44:21,107 [trainer.py] => CNN top5 curve: [91.9, 91.62, 90.97]
2026-05-24 14:44:21,107 [trainer.py] => Average Accuracy (CNN): 78.03
2026-05-24 14:44:21,111 [trainer.py] => All params: 172971265
2026-05-24 14:44:21,115 [trainer.py] => Trainable params: 87172609
2026-05-24 14:44:21,133 [adam_adapter.py] => Learning on 120-130
2026-05-24 14:47:03,885 [trainer.py] => No NME accuracy.
2026-05-24 14:47:03,911 [trainer.py] => CNN: {'total': 76.21, '00-99': 77.43, '100-109': 73.18, '110-119': 69.76, '120-129': 73.83, 'old': 76.38, 'new': 73.83}
2026-05-24 14:47:03,911 [trainer.py] => CNN top1 curve: [79.21, 78.27, 76.61, 76.21]
2026-05-24 14:47:03,911 [trainer.py] => CNN top5 curve: [91.9, 91.62, 90.97, 90.57]
2026-05-24 14:47:03,911 [trainer.py] => Average Accuracy (CNN): 77.57
2026-05-24 14:47:03,915 [trainer.py] => All params: 172986625
2026-05-24 14:47:03,918 [trainer.py] => Trainable params: 87187969
2026-05-24 14:47:03,938 [adam_adapter.py] => Learning on 130-140
2026-05-24 14:50:08,498 [trainer.py] => No NME accuracy.
2026-05-24 14:50:08,499 [trainer.py] => CNN: {'total': 75.27, '00-99': 76.98, '100-109': 72.8, '110-119': 69.76, '120-129': 73.44, '130-139': 69.09, 'old': 75.81, 'new': 69.09}
2026-05-24 14:50:08,499 [trainer.py] => CNN top1 curve: [79.21, 78.27, 76.61, 76.21, 75.27]
2026-05-24 14:50:08,499 [trainer.py] => CNN top5 curve: [91.9, 91.62, 90.97, 90.57, 89.72]
2026-05-24 14:50:08,499 [trainer.py] => Average Accuracy (CNN): 77.11
2026-05-24 14:50:08,502 [trainer.py] => All params: 173001985
2026-05-24 14:50:08,504 [trainer.py] => Trainable params: 87203329
2026-05-24 14:50:08,520 [adam_adapter.py] => Learning on 140-150
2026-05-24 14:53:19,422 [trainer.py] => No NME accuracy.
2026-05-24 14:53:19,457 [trainer.py] => CNN: {'total': 74.57, '00-99': 76.36, '100-109': 72.8, '110-119': 68.56, '120-129': 73.05, '130-139': 68.48, '140-149': 73.4, 'old': 74.66, 'new': 73.4}
2026-05-24 14:53:19,458 [trainer.py] => CNN top1 curve: [79.21, 78.27, 76.61, 76.21, 75.27, 74.57]
2026-05-24 14:53:19,458 [trainer.py] => CNN top5 curve: [91.9, 91.62, 90.97, 90.57, 89.72, 89.41]
2026-05-24 14:53:19,458 [trainer.py] => Average Accuracy (CNN): 76.69
2026-05-24 14:53:19,459 [trainer.py] => All params: 173017345
2026-05-24 14:53:19,461 [trainer.py] => Trainable params: 87218689
2026-05-24 14:53:19,475 [adam_adapter.py] => Learning on 150-160
2026-05-24 14:56:53,283 [trainer.py] => No NME accuracy.
2026-05-24 14:56:53,283 [trainer.py] => CNN: {'total': 73.37, '00-99': 75.61, '100-109': 72.03, '110-119': 67.96, '120-129': 72.66, '130-139': 68.18, '140-149': 70.83, '150-159': 69.07, 'old': 73.75, 'new': 69.07}
2026-05-24 14:56:53,284 [trainer.py] => CNN top1 curve: [79.21, 78.27, 76.61, 76.21, 75.27, 74.57, 73.37]
2026-05-24 14:56:53,284 [trainer.py] => CNN top5 curve: [91.9, 91.62, 90.97, 90.57, 89.72, 89.41, 88.82]
2026-05-24 14:56:53,284 [trainer.py] => Average Accuracy (CNN): 76.22
2026-05-24 14:56:53,288 [trainer.py] => All params: 173032705
2026-05-24 14:56:53,292 [trainer.py] => Trainable params: 87234049
2026-05-24 14:56:53,312 [adam_adapter.py] => Learning on 160-170
2026-05-24 15:00:27,924 [trainer.py] => No NME accuracy.
2026-05-24 15:00:27,960 [trainer.py] => CNN: {'total': 72.35, '00-99': 74.51, '100-109': 71.26, '110-119': 67.66, '120-129': 71.48, '130-139': 67.88, '140-149': 69.87, '150-159': 69.07, '160-169': 69.89, 'old': 72.5, 'new': 69.89}
2026-05-24 15:00:27,961 [trainer.py] => CNN top1 curve: [79.21, 78.27, 76.61, 76.21, 75.27, 74.57, 73.37, 72.35]
2026-05-24 15:00:27,961 [trainer.py] => CNN top5 curve: [91.9, 91.62, 90.97, 90.57, 89.72, 89.41, 88.82, 88.24]
2026-05-24 15:00:27,961 [trainer.py] => Average Accuracy (CNN): 75.73
2026-05-24 15:00:27,966 [trainer.py] => All params: 173048065
2026-05-24 15:00:27,970 [trainer.py] => Trainable params: 87249409
2026-05-24 15:00:27,994 [adam_adapter.py] => Learning on 170-180
2026-05-24 15:04:16,019 [trainer.py] => No NME accuracy.
2026-05-24 15:04:16,020 [trainer.py] => CNN: {'total': 71.36, '00-99': 73.96, '100-109': 70.11, '110-119': 67.66, '120-129': 70.31, '130-139': 67.58, '140-149': 69.55, '150-159': 68.56, '160-169': 69.89, '170-179': 63.61, 'old': 71.84, 'new': 63.61}
2026-05-24 15:04:16,020 [trainer.py] => CNN top1 curve: [79.21, 78.27, 76.61, 76.21, 75.27, 74.57, 73.37, 72.35, 71.36]
2026-05-24 15:04:16,020 [trainer.py] => CNN top5 curve: [91.9, 91.62, 90.97, 90.57, 89.72, 89.41, 88.82, 88.24, 87.5]
2026-05-24 15:04:16,020 [trainer.py] => Average Accuracy (CNN): 75.25
2026-05-24 15:04:16,023 [trainer.py] => All params: 173063425
2026-05-24 15:04:16,024 [trainer.py] => Trainable params: 87264769
2026-05-24 15:04:16,050 [adam_adapter.py] => Learning on 180-190
2026-05-24 15:08:06,777 [trainer.py] => No NME accuracy.
2026-05-24 15:08:06,819 [trainer.py] => CNN: {'total': 71.12, '00-99': 73.55, '100-109': 68.2, '110-119': 67.66, '120-129': 69.92, '130-139': 67.58, '140-149': 68.59, '150-159': 68.3, '160-169': 69.89, '170-179': 63.61, '180-189': 74.36, 'old': 70.95, 'new': 74.36}
2026-05-24 15:08:06,819 [trainer.py] => CNN top1 curve: [79.21, 78.27, 76.61, 76.21, 75.27, 74.57, 73.37, 72.35, 71.36, 71.12]
2026-05-24 15:08:06,819 [trainer.py] => CNN top5 curve: [91.9, 91.62, 90.97, 90.57, 89.72, 89.41, 88.82, 88.24, 87.5, 87.24]
2026-05-24 15:08:06,819 [trainer.py] => Average Accuracy (CNN): 74.83
2026-05-24 15:08:06,821 [trainer.py] => All params: 173078785
2026-05-24 15:08:06,822 [trainer.py] => Trainable params: 87280129
2026-05-24 15:08:06,838 [adam_adapter.py] => Learning on 190-200
2026-05-24 15:12:19,224 [trainer.py] => No NME accuracy.
2026-05-24 15:12:19,224 [trainer.py] => CNN: {'total': 70.68, '00-99': 73.34, '100-109': 67.43, '110-119': 67.07, '120-129': 69.92, '130-139': 66.36, '140-149': 67.95, '150-159': 67.01, '160-169': 69.18, '170-179': 61.39, '180-189': 73.99, '190-199': 72.62, 'old': 70.57, 'new': 72.62}
2026-05-24 15:12:19,224 [trainer.py] => CNN top1 curve: [79.21, 78.27, 76.61, 76.21, 75.27, 74.57, 73.37, 72.35, 71.36, 71.12, 70.68]
2026-05-24 15:12:19,224 [trainer.py] => CNN top5 curve: [91.9, 91.62, 90.97, 90.57, 89.72, 89.41, 88.82, 88.24, 87.5, 87.24, 86.9]
2026-05-24 15:12:19,224 [trainer.py] => Average Accuracy (CNN): 74.46
