2026-05-24 07:47:04,974 [trainer.py] => config: ./configs/ease/ease_cifar_B0_Inc5.json
2026-05-24 07:47:04,974 [trainer.py] => prefix:  
2026-05-24 07:47:04,974 [trainer.py] => dataset: cifar224
2026-05-24 07:47:04,974 [trainer.py] => memory_size: 0
2026-05-24 07:47:04,974 [trainer.py] => memory_per_class: 0
2026-05-24 07:47:04,974 [trainer.py] => fixed_memory: False
2026-05-24 07:47:04,975 [trainer.py] => shuffle: True
2026-05-24 07:47:04,975 [trainer.py] => init_cls: 5
2026-05-24 07:47:04,975 [trainer.py] => increment: 5
2026-05-24 07:47:04,975 [trainer.py] => model_name: ease
2026-05-24 07:47:04,975 [trainer.py] => backbone_type: vit_base_patch16_224_in21k_ease
2026-05-24 07:47:04,975 [trainer.py] => device: [device(type='cuda', index=2)]
2026-05-24 07:47:04,975 [trainer.py] => seed: 1994
2026-05-24 07:47:04,975 [trainer.py] => init_epochs: 20
2026-05-24 07:47:04,975 [trainer.py] => init_lr: 0.025
2026-05-24 07:47:04,975 [trainer.py] => later_epochs: 20
2026-05-24 07:47:04,975 [trainer.py] => later_lr: 0.025
2026-05-24 07:47:04,975 [trainer.py] => batch_size: 48
2026-05-24 07:47:04,975 [trainer.py] => weight_decay: 0.0005
2026-05-24 07:47:04,975 [trainer.py] => min_lr: 0
2026-05-24 07:47:04,975 [trainer.py] => optimizer: sgd
2026-05-24 07:47:04,975 [trainer.py] => scheduler: cosine
2026-05-24 07:47:04,975 [trainer.py] => pretrained: True
2026-05-24 07:47:04,975 [trainer.py] => vpt_type: Deep
2026-05-24 07:47:04,975 [trainer.py] => prompt_token_num: 5
2026-05-24 07:47:04,975 [trainer.py] => ffn_num: 16
2026-05-24 07:47:04,975 [trainer.py] => use_diagonal: False
2026-05-24 07:47:04,975 [trainer.py] => recalc_sim: True
2026-05-24 07:47:04,975 [trainer.py] => alpha: 0.1
2026-05-24 07:47:04,975 [trainer.py] => use_init_ptm: False
2026-05-24 07:47:04,976 [trainer.py] => beta: 0
2026-05-24 07:47:04,976 [trainer.py] => use_old_data: False
2026-05-24 07:47:04,976 [trainer.py] => use_reweight: True
2026-05-24 07:47:04,976 [trainer.py] => moni_adam: False
2026-05-24 07:47:04,976 [trainer.py] => adapter_num: -1
2026-05-24 07:47:04,976 [trainer.py] => nb_classes: 100
2026-05-24 07:47:04,976 [trainer.py] => nb_tasks: 20
2026-05-24 07:47:06,221 [data_manager.py] => [72, 6, 33, 96, 60, 94, 29, 40, 45, 66, 51, 8, 78, 49, 70, 22, 53, 82, 87, 23, 15, 89, 43, 35, 32, 25, 44, 86, 68, 83, 17, 55, 31, 85, 38, 61, 0, 16, 92, 59, 56, 19, 74, 12, 13, 88, 64, 42, 71, 46, 97, 58, 50, 41, 26, 1, 7, 69, 21, 27, 95, 14, 99, 9, 81, 10, 73, 11, 91, 36, 77, 57, 79, 47, 2, 98, 48, 20, 67, 37, 18, 65, 3, 52, 28, 39, 5, 93, 4, 62, 24, 63, 30, 84, 76, 90, 80, 75, 34, 54]
2026-05-24 07:47:12,454 [trainer.py] => All params: 86102976
2026-05-24 07:47:12,455 [trainer.py] => Trainable params: 304320
2026-05-24 07:47:12,491 [ease.py] => Learning on 0-5
2026-05-24 08:13:53,130 [ease.py] => Task 0, Epoch 20/20 => Loss 0.193, Train_accy 93.76
2026-05-24 08:14:45,113 [ease.py] => Task correct: 100.0
2026-05-24 08:14:45,118 [ease.py] => Task acc: 95.8
2026-05-24 08:14:45,694 [trainer.py] => No NME accuracy.
2026-05-24 08:14:45,694 [trainer.py] => CNN: {'total': 95.8, '00-04': 95.8, 'old': 0, 'new': 95.8}
2026-05-24 08:14:45,694 [trainer.py] => CNN top1 curve: [95.8]
2026-05-24 08:14:45,695 [trainer.py] => CNN top5 curve: [100.0]
2026-05-24 08:14:45,695 [trainer.py] => Average Accuracy (CNN): 95.8
2026-05-24 08:14:45,695 [trainer.py] => All params: 86110658
2026-05-24 08:14:45,696 [trainer.py] => Trainable params: 304320
2026-05-24 08:14:45,741 [ease.py] => Learning on 5-10
2026-05-24 08:42:22,443 [ease.py] => Task 1, Epoch 20/20 => Loss 0.169, Train_accy 94.52
2026-05-24 08:44:05,362 [ease.py] => Task correct: 98.5
2026-05-24 08:44:05,376 [ease.py] => Task acc: 97.5
2026-05-24 08:44:05,901 [trainer.py] => No NME accuracy.
2026-05-24 08:44:05,902 [trainer.py] => CNN: {'total': 96.3, '00-04': 94.2, '05-09': 98.4, 'old': 94.2, 'new': 98.4}
2026-05-24 08:44:05,902 [trainer.py] => CNN top1 curve: [95.8, 96.3]
2026-05-24 08:44:05,902 [trainer.py] => CNN top5 curve: [100.0, 99.7]
2026-05-24 08:44:05,902 [trainer.py] => Average Accuracy (CNN): 96.05
2026-05-24 08:44:05,903 [trainer.py] => All params: 86122178
2026-05-24 08:44:05,903 [trainer.py] => Trainable params: 304320
2026-05-24 08:44:05,930 [ease.py] => Learning on 10-15
2026-05-24 09:13:59,549 [ease.py] => Task 2, Epoch 20/20 => Loss 0.088, Train_accy 97.56
2026-05-24 09:17:56,538 [ease.py] => Task correct: 96.93333333333334
2026-05-24 09:17:56,538 [ease.py] => Task acc: 98.13333333333334
2026-05-24 09:17:57,183 [trainer.py] => No NME accuracy.
2026-05-24 09:17:57,184 [trainer.py] => CNN: {'total': 95.6, '00-04': 89.6, '05-09': 98.2, '10-14': 99.0, 'old': 93.9, 'new': 99.0}
2026-05-24 09:17:57,184 [trainer.py] => CNN top1 curve: [95.8, 96.3, 95.6]
2026-05-24 09:17:57,184 [trainer.py] => CNN top5 curve: [100.0, 99.7, 99.67]
2026-05-24 09:17:57,184 [trainer.py] => Average Accuracy (CNN): 95.9
2026-05-24 09:17:57,185 [trainer.py] => All params: 86141378
2026-05-24 09:17:57,185 [trainer.py] => Trainable params: 304320
2026-05-24 09:17:57,225 [ease.py] => Learning on 15-20
2026-05-24 09:49:43,133 [ease.py] => Task 3, Epoch 20/20 => Loss 0.075, Train_accy 97.92
2026-05-24 09:55:37,234 [ease.py] => Task correct: 96.0
2026-05-24 09:55:37,261 [ease.py] => Task acc: 98.45
2026-05-24 09:55:37,942 [trainer.py] => No NME accuracy.
2026-05-24 09:55:37,942 [trainer.py] => CNN: {'total': 94.9, '00-04': 86.6, '05-09': 97.6, '10-14': 98.8, '15-19': 96.6, 'old': 94.33, 'new': 96.6}
2026-05-24 09:55:37,942 [trainer.py] => CNN top1 curve: [95.8, 96.3, 95.6, 94.9]
2026-05-24 09:55:37,942 [trainer.py] => CNN top5 curve: [100.0, 99.7, 99.67, 99.6]
2026-05-24 09:55:37,942 [trainer.py] => Average Accuracy (CNN): 95.65
2026-05-24 09:55:37,943 [trainer.py] => All params: 86168258
2026-05-24 09:55:37,944 [trainer.py] => Trainable params: 304320
2026-05-24 09:55:37,978 [ease.py] => Learning on 20-25
2026-05-24 10:25:57,759 [ease.py] => Task 4, Epoch 20/20 => Loss 0.143, Train_accy 95.12
2026-05-24 10:32:43,732 [ease.py] => Task correct: 96.08
2026-05-24 10:32:43,751 [ease.py] => Task acc: 98.64
2026-05-24 10:32:44,288 [trainer.py] => No NME accuracy.
2026-05-24 10:32:44,289 [trainer.py] => CNN: {'total': 95.16, '00-04': 86.6, '05-09': 96.4, '10-14': 98.8, '15-19': 96.2, '20-24': 97.8, 'old': 94.5, 'new': 97.8}
2026-05-24 10:32:44,289 [trainer.py] => CNN top1 curve: [95.8, 96.3, 95.6, 94.9, 95.16]
2026-05-24 10:32:44,289 [trainer.py] => CNN top5 curve: [100.0, 99.7, 99.67, 99.6, 99.56]
2026-05-24 10:32:44,289 [trainer.py] => Average Accuracy (CNN): 95.55
2026-05-24 10:32:44,291 [trainer.py] => All params: 86202818
2026-05-24 10:32:44,292 [trainer.py] => Trainable params: 304320
2026-05-24 10:32:44,335 [ease.py] => Learning on 25-30
2026-05-24 11:00:33,869 [ease.py] => Task 5, Epoch 20/20 => Loss 0.106, Train_accy 96.84
2026-05-24 11:09:10,046 [ease.py] => Task correct: 94.96666666666667
2026-05-24 11:09:10,063 [ease.py] => Task acc: 98.8
2026-05-24 11:09:10,602 [trainer.py] => No NME accuracy.
2026-05-24 11:09:10,602 [trainer.py] => CNN: {'total': 94.37, '00-04': 83.0, '05-09': 94.2, '10-14': 98.6, '15-19': 94.6, '20-24': 97.6, '25-29': 98.2, 'old': 93.6, 'new': 98.2}
2026-05-24 11:09:10,602 [trainer.py] => CNN top1 curve: [95.8, 96.3, 95.6, 94.9, 95.16, 94.37]
2026-05-24 11:09:10,602 [trainer.py] => CNN top5 curve: [100.0, 99.7, 99.67, 99.6, 99.56, 99.47]
2026-05-24 11:09:10,602 [trainer.py] => Average Accuracy (CNN): 95.36
2026-05-24 11:09:10,603 [trainer.py] => All params: 86245058
2026-05-24 11:09:10,604 [trainer.py] => Trainable params: 304320
2026-05-24 11:09:10,635 [ease.py] => Learning on 30-35
2026-05-24 11:37:07,624 [ease.py] => Task 6, Epoch 20/20 => Loss 0.174, Train_accy 93.96
2026-05-24 11:47:38,050 [ease.py] => Task correct: 94.6
2026-05-24 11:47:38,081 [ease.py] => Task acc: 98.8
2026-05-24 11:47:38,638 [trainer.py] => No NME accuracy.
2026-05-24 11:47:38,638 [trainer.py] => CNN: {'total': 94.03, '00-04': 82.4, '05-09': 93.4, '10-14': 98.6, '15-19': 94.2, '20-24': 97.6, '25-29': 98.0, '30-34': 94.0, 'old': 94.03, 'new': 94.0}
2026-05-24 11:47:38,639 [trainer.py] => CNN top1 curve: [95.8, 96.3, 95.6, 94.9, 95.16, 94.37, 94.03]
2026-05-24 11:47:38,639 [trainer.py] => CNN top5 curve: [100.0, 99.7, 99.67, 99.6, 99.56, 99.47, 99.31]
2026-05-24 11:47:38,639 [trainer.py] => Average Accuracy (CNN): 95.17
2026-05-24 11:47:38,640 [trainer.py] => All params: 86294978
2026-05-24 11:47:38,640 [trainer.py] => Trainable params: 304320
2026-05-24 11:47:38,673 [ease.py] => Learning on 35-40
2026-05-24 12:15:31,991 [ease.py] => Task 7, Epoch 20/20 => Loss 0.090, Train_accy 97.32
2026-05-24 12:29:01,012 [ease.py] => Task correct: 92.65
2026-05-24 12:29:01,041 [ease.py] => Task acc: 98.75
2026-05-24 12:29:01,604 [trainer.py] => No NME accuracy.
2026-05-24 12:29:01,604 [trainer.py] => CNN: {'total': 92.25, '00-04': 71.4, '05-09': 92.8, '10-14': 97.8, '15-19': 92.6, '20-24': 97.6, '25-29': 96.8, '30-34': 93.8, '35-39': 95.2, 'old': 91.83, 'new': 95.2}
2026-05-24 12:29:01,604 [trainer.py] => CNN top1 curve: [95.8, 96.3, 95.6, 94.9, 95.16, 94.37, 94.03, 92.25]
2026-05-24 12:29:01,604 [trainer.py] => CNN top5 curve: [100.0, 99.7, 99.67, 99.6, 99.56, 99.47, 99.31, 99.2]
2026-05-24 12:29:01,604 [trainer.py] => Average Accuracy (CNN): 94.8
2026-05-24 12:29:01,605 [trainer.py] => All params: 86352578
2026-05-24 12:29:01,606 [trainer.py] => Trainable params: 304320
2026-05-24 12:29:01,639 [ease.py] => Learning on 40-45
2026-05-24 12:57:03,386 [ease.py] => Task 8, Epoch 20/20 => Loss 0.138, Train_accy 95.60
2026-05-24 13:13:08,701 [ease.py] => Task correct: 92.44444444444444
2026-05-24 13:13:08,727 [ease.py] => Task acc: 98.8
2026-05-24 13:13:09,310 [trainer.py] => No NME accuracy.
2026-05-24 13:13:09,311 [trainer.py] => CNN: {'total': 92.04, '00-04': 71.0, '05-09': 92.6, '10-14': 97.8, '15-19': 92.6, '20-24': 96.4, '25-29': 96.4, '30-34': 93.0, '35-39': 95.2, '40-44': 93.4, 'old': 91.88, 'new': 93.4}
2026-05-24 13:13:09,311 [trainer.py] => CNN top1 curve: [95.8, 96.3, 95.6, 94.9, 95.16, 94.37, 94.03, 92.25, 92.04]
2026-05-24 13:13:09,311 [trainer.py] => CNN top5 curve: [100.0, 99.7, 99.67, 99.6, 99.56, 99.47, 99.31, 99.2, 99.11]
2026-05-24 13:13:09,311 [trainer.py] => Average Accuracy (CNN): 94.49
2026-05-24 13:13:09,312 [trainer.py] => All params: 86417858
2026-05-24 13:13:09,313 [trainer.py] => Trainable params: 304320
2026-05-24 13:13:09,346 [ease.py] => Learning on 45-50
2026-05-24 13:41:10,901 [ease.py] => Task 9, Epoch 20/20 => Loss 0.171, Train_accy 94.36
2026-05-24 14:00:46,798 [ease.py] => Task correct: 90.82
2026-05-24 14:00:46,833 [ease.py] => Task acc: 98.66
2026-05-24 14:00:47,394 [trainer.py] => No NME accuracy.
2026-05-24 14:00:47,394 [trainer.py] => CNN: {'total': 90.42, '00-04': 70.6, '05-09': 92.4, '10-14': 97.0, '15-19': 90.0, '20-24': 95.2, '25-29': 95.4, '30-34': 93.0, '35-39': 94.8, '40-44': 92.4, '45-49': 83.4, 'old': 91.2, 'new': 83.4}
2026-05-24 14:00:47,394 [trainer.py] => CNN top1 curve: [95.8, 96.3, 95.6, 94.9, 95.16, 94.37, 94.03, 92.25, 92.04, 90.42]
2026-05-24 14:00:47,394 [trainer.py] => CNN top5 curve: [100.0, 99.7, 99.67, 99.6, 99.56, 99.47, 99.31, 99.2, 99.11, 98.88]
2026-05-24 14:00:47,394 [trainer.py] => Average Accuracy (CNN): 94.09
2026-05-24 14:00:47,395 [trainer.py] => All params: 86490818
2026-05-24 14:00:47,395 [trainer.py] => Trainable params: 304320
2026-05-24 14:00:47,429 [ease.py] => Learning on 50-55
2026-05-24 14:28:38,358 [ease.py] => Task 10, Epoch 20/20 => Loss 0.141, Train_accy 95.12
2026-05-24 14:51:58,684 [ease.py] => Task correct: 90.2
2026-05-24 14:51:58,724 [ease.py] => Task acc: 98.78181818181818
2026-05-24 14:51:59,291 [trainer.py] => No NME accuracy.
2026-05-24 14:51:59,291 [trainer.py] => CNN: {'total': 89.87, '00-04': 70.6, '05-09': 90.2, '10-14': 97.0, '15-19': 90.0, '20-24': 94.8, '25-29': 95.4, '30-34': 92.8, '35-39': 94.8, '40-44': 88.4, '45-49': 82.0, '50-54': 92.6, 'old': 89.6, 'new': 92.6}
2026-05-24 14:51:59,291 [trainer.py] => CNN top1 curve: [95.8, 96.3, 95.6, 94.9, 95.16, 94.37, 94.03, 92.25, 92.04, 90.42, 89.87]
2026-05-24 14:51:59,291 [trainer.py] => CNN top5 curve: [100.0, 99.7, 99.67, 99.6, 99.56, 99.47, 99.31, 99.2, 99.11, 98.88, 98.82]
2026-05-24 14:51:59,292 [trainer.py] => Average Accuracy (CNN): 93.7
2026-05-24 14:51:59,292 [trainer.py] => All params: 86571458
2026-05-24 14:51:59,293 [trainer.py] => Trainable params: 304320
2026-05-24 14:51:59,320 [ease.py] => Learning on 55-60
2026-05-24 15:19:18,975 [ease.py] => Task 11, Epoch 20/20 => Loss 0.119, Train_accy 96.24
2026-05-24 15:47:07,397 [ease.py] => Task correct: 90.23333333333333
2026-05-24 15:47:07,426 [ease.py] => Task acc: 98.88333333333334
2026-05-24 15:47:07,979 [trainer.py] => No NME accuracy.
2026-05-24 15:47:07,979 [trainer.py] => CNN: {'total': 89.93, '00-04': 70.0, '05-09': 89.8, '10-14': 97.0, '15-19': 89.4, '20-24': 94.6, '25-29': 94.6, '30-34': 92.4, '35-39': 94.8, '40-44': 87.6, '45-49': 81.4, '50-54': 92.8, '55-59': 94.8, 'old': 89.49, 'new': 94.8}
2026-05-24 15:47:07,979 [trainer.py] => CNN top1 curve: [95.8, 96.3, 95.6, 94.9, 95.16, 94.37, 94.03, 92.25, 92.04, 90.42, 89.87, 89.93]
2026-05-24 15:47:07,979 [trainer.py] => CNN top5 curve: [100.0, 99.7, 99.67, 99.6, 99.56, 99.47, 99.31, 99.2, 99.11, 98.88, 98.82, 98.75]
2026-05-24 15:47:07,979 [trainer.py] => Average Accuracy (CNN): 93.39
2026-05-24 15:47:07,980 [trainer.py] => All params: 86659778
2026-05-24 15:47:07,981 [trainer.py] => Trainable params: 304320
2026-05-24 15:47:08,009 [ease.py] => Learning on 60-65
2026-05-24 16:14:08,679 [ease.py] => Task 12, Epoch 20/20 => Loss 0.096, Train_accy 97.28
2026-05-24 16:45:42,996 [ease.py] => Task correct: 89.81538461538462
2026-05-24 16:45:43,029 [ease.py] => Task acc: 98.93846153846154
2026-05-24 16:45:43,472 [trainer.py] => No NME accuracy.
2026-05-24 16:45:43,472 [trainer.py] => CNN: {'total': 89.54, '00-04': 69.2, '05-09': 89.8, '10-14': 95.0, '15-19': 89.6, '20-24': 94.4, '25-29': 94.2, '30-34': 92.0, '35-39': 93.0, '40-44': 85.0, '45-49': 81.0, '50-54': 92.4, '55-59': 94.4, '60-64': 94.0, 'old': 89.17, 'new': 94.0}
2026-05-24 16:45:43,472 [trainer.py] => CNN top1 curve: [95.8, 96.3, 95.6, 94.9, 95.16, 94.37, 94.03, 92.25, 92.04, 90.42, 89.87, 89.93, 89.54]
2026-05-24 16:45:43,472 [trainer.py] => CNN top5 curve: [100.0, 99.7, 99.67, 99.6, 99.56, 99.47, 99.31, 99.2, 99.11, 98.88, 98.82, 98.75, 98.74]
2026-05-24 16:45:43,473 [trainer.py] => Average Accuracy (CNN): 93.09
2026-05-24 16:45:43,473 [trainer.py] => All params: 86755778
2026-05-24 16:45:43,474 [trainer.py] => Trainable params: 304320
2026-05-24 16:45:43,500 [ease.py] => Learning on 65-70
2026-05-24 17:11:01,514 [ease.py] => Task 13, Epoch 20/20 => Loss 0.157, Train_accy 95.04
2026-05-24 17:41:37,696 [ease.py] => Task correct: 87.84285714285714
2026-05-24 17:41:37,724 [ease.py] => Task acc: 98.91428571428571
2026-05-24 17:41:38,187 [trainer.py] => No NME accuracy.
2026-05-24 17:41:38,187 [trainer.py] => CNN: {'total': 87.63, '00-04': 69.0, '05-09': 88.8, '10-14': 95.0, '15-19': 89.4, '20-24': 79.8, '25-29': 94.0, '30-34': 92.0, '35-39': 88.6, '40-44': 84.8, '45-49': 77.6, '50-54': 90.8, '55-59': 94.6, '60-64': 93.0, '65-69': 89.4, 'old': 87.49, 'new': 89.4}
2026-05-24 17:41:38,187 [trainer.py] => CNN top1 curve: [95.8, 96.3, 95.6, 94.9, 95.16, 94.37, 94.03, 92.25, 92.04, 90.42, 89.87, 89.93, 89.54, 87.63]
2026-05-24 17:41:38,187 [trainer.py] => CNN top5 curve: [100.0, 99.7, 99.67, 99.6, 99.56, 99.47, 99.31, 99.2, 99.11, 98.88, 98.82, 98.75, 98.74, 98.57]
2026-05-24 17:41:38,188 [trainer.py] => Average Accuracy (CNN): 92.7
2026-05-24 17:41:38,188 [trainer.py] => All params: 86859458
2026-05-24 17:41:38,189 [trainer.py] => Trainable params: 304320
2026-05-24 17:41:38,215 [ease.py] => Learning on 70-75
2026-05-24 18:04:06,419 [ease.py] => Task 14, Epoch 20/20 => Loss 0.118, Train_accy 96.12
2026-05-24 18:38:34,727 [ease.py] => Task correct: 87.48
2026-05-24 18:38:34,765 [ease.py] => Task acc: 98.94666666666667
2026-05-24 18:38:35,231 [trainer.py] => No NME accuracy.
2026-05-24 18:38:35,232 [trainer.py] => CNN: {'total': 87.29, '00-04': 66.4, '05-09': 88.8, '10-14': 95.0, '15-19': 89.2, '20-24': 80.4, '25-29': 94.2, '30-34': 91.6, '35-39': 88.0, '40-44': 84.8, '45-49': 77.4, '50-54': 90.0, '55-59': 94.2, '60-64': 92.8, '65-69': 87.2, '70-74': 89.4, 'old': 87.14, 'new': 89.4}
2026-05-24 18:38:35,232 [trainer.py] => CNN top1 curve: [95.8, 96.3, 95.6, 94.9, 95.16, 94.37, 94.03, 92.25, 92.04, 90.42, 89.87, 89.93, 89.54, 87.63, 87.29]
2026-05-24 18:38:35,232 [trainer.py] => CNN top5 curve: [100.0, 99.7, 99.67, 99.6, 99.56, 99.47, 99.31, 99.2, 99.11, 98.88, 98.82, 98.75, 98.74, 98.57, 98.53]
2026-05-24 18:38:35,232 [trainer.py] => Average Accuracy (CNN): 92.34
2026-05-24 18:38:35,233 [trainer.py] => All params: 86970818
2026-05-24 18:38:35,233 [trainer.py] => Trainable params: 304320
2026-05-24 18:38:35,260 [ease.py] => Learning on 75-80
2026-05-24 19:01:06,217 [ease.py] => Task 15, Epoch 20/20 => Loss 0.108, Train_accy 96.84
2026-05-24 19:39:33,217 [ease.py] => Task correct: 86.55
2026-05-24 19:39:33,255 [ease.py] => Task acc: 99.0
2026-05-24 19:39:33,757 [trainer.py] => No NME accuracy.
2026-05-24 19:39:33,757 [trainer.py] => CNN: {'total': 86.39, '00-04': 66.0, '05-09': 87.6, '10-14': 94.6, '15-19': 88.8, '20-24': 77.0, '25-29': 92.2, '30-34': 88.0, '35-39': 87.6, '40-44': 84.6, '45-49': 74.4, '50-54': 89.8, '55-59': 93.4, '60-64': 92.0, '65-69': 83.2, '70-74': 88.6, '75-79': 94.4, 'old': 85.85, 'new': 94.4}
2026-05-24 19:39:33,757 [trainer.py] => CNN top1 curve: [95.8, 96.3, 95.6, 94.9, 95.16, 94.37, 94.03, 92.25, 92.04, 90.42, 89.87, 89.93, 89.54, 87.63, 87.29, 86.39]
2026-05-24 19:39:33,757 [trainer.py] => CNN top5 curve: [100.0, 99.7, 99.67, 99.6, 99.56, 99.47, 99.31, 99.2, 99.11, 98.88, 98.82, 98.75, 98.74, 98.57, 98.53, 98.42]
2026-05-24 19:39:33,757 [trainer.py] => Average Accuracy (CNN): 91.97
2026-05-24 19:39:33,758 [trainer.py] => All params: 87089858
2026-05-24 19:39:33,759 [trainer.py] => Trainable params: 304320
2026-05-24 19:39:33,785 [ease.py] => Learning on 80-85
2026-05-24 20:02:05,347 [ease.py] => Task 16, Epoch 20/20 => Loss 0.131, Train_accy 95.64
2026-05-24 20:44:58,941 [ease.py] => Task correct: 85.85882352941177
2026-05-24 20:44:58,941 [ease.py] => Task acc: 99.02352941176471
2026-05-24 20:44:59,383 [trainer.py] => No NME accuracy.
2026-05-24 20:44:59,383 [trainer.py] => CNN: {'total': 85.72, '00-04': 64.6, '05-09': 87.2, '10-14': 94.8, '15-19': 88.6, '20-24': 76.6, '25-29': 92.0, '30-34': 87.8, '35-39': 85.2, '40-44': 84.6, '45-49': 74.0, '50-54': 89.8, '55-59': 93.2, '60-64': 91.6, '65-69': 81.8, '70-74': 81.6, '75-79': 94.4, '80-84': 89.4, 'old': 85.49, 'new': 89.4}
2026-05-24 20:44:59,383 [trainer.py] => CNN top1 curve: [95.8, 96.3, 95.6, 94.9, 95.16, 94.37, 94.03, 92.25, 92.04, 90.42, 89.87, 89.93, 89.54, 87.63, 87.29, 86.39, 85.72]
2026-05-24 20:44:59,383 [trainer.py] => CNN top5 curve: [100.0, 99.7, 99.67, 99.6, 99.56, 99.47, 99.31, 99.2, 99.11, 98.88, 98.82, 98.75, 98.74, 98.57, 98.53, 98.42, 98.16]
2026-05-24 20:44:59,383 [trainer.py] => Average Accuracy (CNN): 91.6
2026-05-24 20:44:59,384 [trainer.py] => All params: 87216578
2026-05-24 20:44:59,385 [trainer.py] => Trainable params: 304320
2026-05-24 20:44:59,411 [ease.py] => Learning on 85-90
2026-05-24 21:07:25,386 [ease.py] => Task 17, Epoch 20/20 => Loss 0.083, Train_accy 97.64
2026-05-24 21:54:54,050 [ease.py] => Task correct: 85.56666666666666
2026-05-24 21:54:54,080 [ease.py] => Task acc: 99.04444444444445
2026-05-24 21:54:54,539 [trainer.py] => No NME accuracy.
2026-05-24 21:54:54,539 [trainer.py] => CNN: {'total': 85.43, '00-04': 63.8, '05-09': 85.8, '10-14': 94.8, '15-19': 88.2, '20-24': 76.6, '25-29': 90.6, '30-34': 84.6, '35-39': 84.2, '40-44': 83.0, '45-49': 73.4, '50-54': 89.4, '55-59': 93.0, '60-64': 91.2, '65-69': 82.0, '70-74': 81.2, '75-79': 94.0, '80-84': 88.8, '85-89': 93.2, 'old': 84.98, 'new': 93.2}
2026-05-24 21:54:54,539 [trainer.py] => CNN top1 curve: [95.8, 96.3, 95.6, 94.9, 95.16, 94.37, 94.03, 92.25, 92.04, 90.42, 89.87, 89.93, 89.54, 87.63, 87.29, 86.39, 85.72, 85.43]
2026-05-24 21:54:54,539 [trainer.py] => CNN top5 curve: [100.0, 99.7, 99.67, 99.6, 99.56, 99.47, 99.31, 99.2, 99.11, 98.88, 98.82, 98.75, 98.74, 98.57, 98.53, 98.42, 98.16, 98.1]
2026-05-24 21:54:54,539 [trainer.py] => Average Accuracy (CNN): 91.26
2026-05-24 21:54:54,540 [trainer.py] => All params: 87350978
2026-05-24 21:54:54,541 [trainer.py] => Trainable params: 304320
2026-05-24 21:54:54,564 [ease.py] => Learning on 90-95
2026-05-24 22:17:27,517 [ease.py] => Task 18, Epoch 20/20 => Loss 0.092, Train_accy 97.08
2026-05-24 23:09:35,806 [ease.py] => Task correct: 84.63157894736842
2026-05-24 23:09:35,807 [ease.py] => Task acc: 99.0421052631579
2026-05-24 23:09:36,261 [trainer.py] => No NME accuracy.
2026-05-24 23:09:36,261 [trainer.py] => CNN: {'total': 84.52, '00-04': 63.2, '05-09': 84.2, '10-14': 94.8, '15-19': 88.0, '20-24': 76.6, '25-29': 90.4, '30-34': 82.8, '35-39': 84.0, '40-44': 82.2, '45-49': 71.8, '50-54': 89.4, '55-59': 90.0, '60-64': 86.8, '65-69': 81.4, '70-74': 81.2, '75-79': 93.2, '80-84': 88.6, '85-89': 92.2, '90-94': 85.0, 'old': 84.49, 'new': 85.0}
2026-05-24 23:09:36,261 [trainer.py] => CNN top1 curve: [95.8, 96.3, 95.6, 94.9, 95.16, 94.37, 94.03, 92.25, 92.04, 90.42, 89.87, 89.93, 89.54, 87.63, 87.29, 86.39, 85.72, 85.43, 84.52]
2026-05-24 23:09:36,262 [trainer.py] => CNN top5 curve: [100.0, 99.7, 99.67, 99.6, 99.56, 99.47, 99.31, 99.2, 99.11, 98.88, 98.82, 98.75, 98.74, 98.57, 98.53, 98.42, 98.16, 98.1, 97.94]
2026-05-24 23:09:36,262 [trainer.py] => Average Accuracy (CNN): 90.9
2026-05-24 23:09:36,262 [trainer.py] => All params: 87493058
2026-05-24 23:09:36,263 [trainer.py] => Trainable params: 304320
2026-05-24 23:09:36,293 [ease.py] => Learning on 95-100
2026-05-24 23:32:19,066 [ease.py] => Task 19, Epoch 20/20 => Loss 0.129, Train_accy 96.00
2026-05-25 00:28:41,247 [ease.py] => Task correct: 84.7
2026-05-25 00:28:41,267 [ease.py] => Task acc: 99.06
2026-05-25 00:28:41,697 [trainer.py] => No NME accuracy.
2026-05-25 00:28:41,697 [trainer.py] => CNN: {'total': 84.57, '00-04': 63.2, '05-09': 84.4, '10-14': 94.6, '15-19': 88.0, '20-24': 76.4, '25-29': 90.4, '30-34': 83.2, '35-39': 83.4, '40-44': 81.8, '45-49': 71.6, '50-54': 88.8, '55-59': 89.8, '60-64': 82.8, '65-69': 81.0, '70-74': 81.4, '75-79': 93.2, '80-84': 88.4, '85-89': 92.2, '90-94': 84.8, '95-99': 92.0, 'old': 84.18, 'new': 92.0}
2026-05-25 00:28:41,697 [trainer.py] => CNN top1 curve: [95.8, 96.3, 95.6, 94.9, 95.16, 94.37, 94.03, 92.25, 92.04, 90.42, 89.87, 89.93, 89.54, 87.63, 87.29, 86.39, 85.72, 85.43, 84.52, 84.57]
2026-05-25 00:28:41,697 [trainer.py] => CNN top5 curve: [100.0, 99.7, 99.67, 99.6, 99.56, 99.47, 99.31, 99.2, 99.11, 98.88, 98.82, 98.75, 98.74, 98.57, 98.53, 98.42, 98.16, 98.1, 97.94, 97.86]
2026-05-25 00:28:41,697 [trainer.py] => Average Accuracy (CNN): 90.59
