2026-06-13 05:36:47,617 [trainer.py] => config: ./configs/ease/ease_ina_B0_Inc20.json
2026-06-13 05:36:47,617 [trainer.py] => prefix:  
2026-06-13 05:36:47,617 [trainer.py] => dataset: imageneta
2026-06-13 05:36:47,617 [trainer.py] => memory_size: 0
2026-06-13 05:36:47,617 [trainer.py] => memory_per_class: 0
2026-06-13 05:36:47,617 [trainer.py] => fixed_memory: False
2026-06-13 05:36:47,617 [trainer.py] => shuffle: True
2026-06-13 05:36:47,617 [trainer.py] => init_cls: 20
2026-06-13 05:36:47,617 [trainer.py] => increment: 20
2026-06-13 05:36:47,617 [trainer.py] => model_name: ease
2026-06-13 05:36:47,617 [trainer.py] => backbone_type: vit_base_patch16_224_in21k_ease
2026-06-13 05:36:47,617 [trainer.py] => device: [device(type='cuda', index=3)]
2026-06-13 05:36:47,617 [trainer.py] => seed: 1994
2026-06-13 05:36:47,617 [trainer.py] => init_epochs: 20
2026-06-13 05:36:47,618 [trainer.py] => init_lr: 0.05
2026-06-13 05:36:47,618 [trainer.py] => later_epochs: 20
2026-06-13 05:36:47,618 [trainer.py] => later_lr: 0.05
2026-06-13 05:36:47,618 [trainer.py] => batch_size: 32
2026-06-13 05:36:47,618 [trainer.py] => weight_decay: 0.005
2026-06-13 05:36:47,618 [trainer.py] => min_lr: 0
2026-06-13 05:36:47,618 [trainer.py] => optimizer: sgd
2026-06-13 05:36:47,618 [trainer.py] => scheduler: cosine
2026-06-13 05:36:47,618 [trainer.py] => pretrained: True
2026-06-13 05:36:47,618 [trainer.py] => vpt_type: Deep
2026-06-13 05:36:47,618 [trainer.py] => prompt_token_num: 5
2026-06-13 05:36:47,618 [trainer.py] => ffn_num: 16
2026-06-13 05:36:47,618 [trainer.py] => use_diagonal: False
2026-06-13 05:36:47,618 [trainer.py] => recalc_sim: True
2026-06-13 05:36:47,618 [trainer.py] => alpha: 0.1
2026-06-13 05:36:47,618 [trainer.py] => use_init_ptm: False
2026-06-13 05:36:47,618 [trainer.py] => beta: 0
2026-06-13 05:36:47,618 [trainer.py] => use_old_data: False
2026-06-13 05:36:47,618 [trainer.py] => use_reweight: True
2026-06-13 05:36:47,618 [trainer.py] => moni_adam: False
2026-06-13 05:36:47,618 [trainer.py] => adapter_num: -1
2026-06-13 05:36:47,618 [trainer.py] => nb_classes: 200
2026-06-13 05:36:47,618 [trainer.py] => nb_tasks: 10
2026-06-13 05:36:48,237 [data_manager.py] => [85, 41, 23, 28, 70, 87, 134, 151, 51, 159, 178, 119, 50, 117, 73, 95, 86, 147, 63, 22, 79, 175, 40, 155, 174, 54, 132, 72, 124, 157, 93, 26, 196, 74, 44, 15, 169, 122, 88, 171, 184, 6, 18, 145, 48, 197, 64, 172, 126, 96, 11, 55, 193, 66, 128, 21, 77, 113, 140, 116, 141, 133, 120, 29, 115, 14, 103, 127, 114, 19, 9, 38, 33, 195, 81, 35, 69, 181, 47, 129, 112, 168, 198, 71, 101, 188, 68, 90, 158, 163, 52, 8, 185, 59, 154, 92, 56, 183, 32, 136, 65, 45, 46, 173, 189, 108, 102, 144, 0, 107, 187, 100, 98, 192, 43, 161, 104, 75, 150, 166, 121, 60, 160, 3, 143, 153, 62, 142, 61, 110, 194, 97, 25, 177, 179, 17, 49, 31, 94, 111, 16, 53, 91, 58, 135, 83, 2, 12, 13, 165, 42, 36, 186, 105, 1, 7, 149, 170, 27, 24, 78, 167, 137, 138, 118, 10, 139, 164, 20, 57, 123, 199, 89, 130, 82, 162, 176, 148, 109, 125, 67, 106, 37, 146, 131, 180, 156, 39, 5, 84, 4, 190, 152, 191, 30, 76, 80, 34, 99, 182]
2026-06-13 05:36:53,285 [trainer.py] => All params: 86102976
2026-06-13 05:36:53,285 [trainer.py] => Trainable params: 304320
2026-06-13 05:36:53,318 [ease.py] => Learning on 0-20
2026-06-13 05:43:10,784 [ease.py] => Task 0, Epoch 20/20 => Loss 0.404, Train_accy 92.90
2026-06-13 05:43:23,484 [ease.py] => Task correct: 100.0
2026-06-13 05:43:23,485 [ease.py] => Task acc: 79.28571428571429
2026-06-13 05:43:24,039 [trainer.py] => No NME accuracy.
2026-06-13 05:43:24,039 [trainer.py] => CNN: {'total': 79.29, '00-19': 79.29, 'old': 0, 'new': 79.29}
2026-06-13 05:43:24,039 [trainer.py] => CNN top1 curve: [79.29]
2026-06-13 05:43:24,039 [trainer.py] => CNN top5 curve: [97.14]
2026-06-13 05:43:24,039 [trainer.py] => Average Accuracy (CNN): 79.29
2026-06-13 05:43:24,040 [trainer.py] => All params: 86133698
2026-06-13 05:43:24,041 [trainer.py] => Trainable params: 304320
2026-06-13 05:43:24,074 [ease.py] => Learning on 20-40
2026-06-13 05:49:41,497 [ease.py] => Task 1, Epoch 20/20 => Loss 0.464, Train_accy 94.65
2026-06-13 05:50:10,808 [ease.py] => Task correct: 82.70676691729324
2026-06-13 05:50:10,808 [ease.py] => Task acc: 78.19548872180451
2026-06-13 05:50:11,359 [trainer.py] => No NME accuracy.
2026-06-13 05:50:11,360 [trainer.py] => CNN: {'total': 69.55, '00-19': 67.86, '20-39': 71.43, 'old': 67.86, 'new': 71.43}
2026-06-13 05:50:11,360 [trainer.py] => CNN top1 curve: [79.29, 69.55]
2026-06-13 05:50:11,360 [trainer.py] => CNN top5 curve: [97.14, 92.86]
2026-06-13 05:50:11,360 [trainer.py] => Average Accuracy (CNN): 74.42
2026-06-13 05:50:11,360 [trainer.py] => All params: 86179778
2026-06-13 05:50:11,361 [trainer.py] => Trainable params: 304320
2026-06-13 05:50:11,394 [ease.py] => Learning on 40-60
2026-06-13 05:57:54,656 [ease.py] => Task 2, Epoch 20/20 => Loss 0.493, Train_accy 89.77
2026-06-13 05:58:54,508 [ease.py] => Task correct: 78.04878048780488
2026-06-13 05:58:54,509 [ease.py] => Task acc: 82.70509977827051
2026-06-13 05:58:55,049 [trainer.py] => No NME accuracy.
2026-06-13 05:58:55,049 [trainer.py] => CNN: {'total': 70.51, '00-19': 65.0, '20-39': 61.9, '40-59': 80.54, 'old': 63.53, 'new': 80.54}
2026-06-13 05:58:55,049 [trainer.py] => CNN top1 curve: [79.29, 69.55, 70.51]
2026-06-13 05:58:55,050 [trainer.py] => CNN top5 curve: [97.14, 92.86, 91.13]
2026-06-13 05:58:55,050 [trainer.py] => Average Accuracy (CNN): 73.12
2026-06-13 05:58:55,050 [trainer.py] => All params: 86256578
2026-06-13 05:58:55,051 [trainer.py] => Trainable params: 304320
2026-06-13 05:58:55,084 [ease.py] => Learning on 60-80
2026-06-13 06:06:13,331 [ease.py] => Task 3, Epoch 20/20 => Loss 0.555, Train_accy 90.00
2026-06-13 06:07:40,545 [ease.py] => Task correct: 74.55429497568882
2026-06-13 06:07:40,545 [ease.py] => Task acc: 83.63047001620745
2026-06-13 06:07:41,099 [trainer.py] => No NME accuracy.
2026-06-13 06:07:41,099 [trainer.py] => CNN: {'total': 68.56, '00-19': 58.57, '20-39': 61.11, '40-59': 79.46, '60-79': 70.48, 'old': 67.85, 'new': 70.48}
2026-06-13 06:07:41,099 [trainer.py] => CNN top1 curve: [79.29, 69.55, 70.51, 68.56]
2026-06-13 06:07:41,099 [trainer.py] => CNN top5 curve: [97.14, 92.86, 91.13, 89.47]
2026-06-13 06:07:41,099 [trainer.py] => Average Accuracy (CNN): 71.98
2026-06-13 06:07:41,100 [trainer.py] => All params: 86364098
2026-06-13 06:07:41,101 [trainer.py] => Trainable params: 304320
2026-06-13 06:07:41,134 [ease.py] => Learning on 80-100
2026-06-13 06:14:12,748 [ease.py] => Task 4, Epoch 20/20 => Loss 0.474, Train_accy 93.79
2026-06-13 06:16:08,887 [ease.py] => Task correct: 70.83870967741936
2026-06-13 06:16:08,888 [ease.py] => Task acc: 83.48387096774194
2026-06-13 06:16:09,450 [trainer.py] => No NME accuracy.
2026-06-13 06:16:09,450 [trainer.py] => CNN: {'total': 65.55, '00-19': 55.0, '20-39': 57.14, '40-59': 76.76, '60-79': 68.07, '80-99': 65.82, 'old': 65.48, 'new': 65.82}
2026-06-13 06:16:09,450 [trainer.py] => CNN top1 curve: [79.29, 69.55, 70.51, 68.56, 65.55]
2026-06-13 06:16:09,450 [trainer.py] => CNN top5 curve: [97.14, 92.86, 91.13, 89.47, 87.61]
2026-06-13 06:16:09,450 [trainer.py] => Average Accuracy (CNN): 70.69
2026-06-13 06:16:09,451 [trainer.py] => All params: 86502338
2026-06-13 06:16:09,451 [trainer.py] => Trainable params: 304320
2026-06-13 06:16:09,485 [ease.py] => Learning on 100-120
2026-06-13 06:22:12,817 [ease.py] => Task 5, Epoch 20/20 => Loss 0.567, Train_accy 91.54
2026-06-13 06:24:38,356 [ease.py] => Task correct: 67.07317073170732
2026-06-13 06:24:38,357 [ease.py] => Task acc: 81.1529933481153
2026-06-13 06:24:38,900 [trainer.py] => No NME accuracy.
2026-06-13 06:24:38,900 [trainer.py] => CNN: {'total': 61.53, '00-19': 52.14, '20-39': 53.17, '40-59': 76.76, '60-79': 65.66, '80-99': 62.66, '100-119': 51.18, 'old': 63.23, 'new': 51.18}
2026-06-13 06:24:38,900 [trainer.py] => CNN top1 curve: [79.29, 69.55, 70.51, 68.56, 65.55, 61.53]
2026-06-13 06:24:38,900 [trainer.py] => CNN top5 curve: [97.14, 92.86, 91.13, 89.47, 87.61, 84.26]
2026-06-13 06:24:38,900 [trainer.py] => Average Accuracy (CNN): 69.17
2026-06-13 06:24:38,901 [trainer.py] => All params: 86671298
2026-06-13 06:24:38,901 [trainer.py] => Trainable params: 304320
2026-06-13 06:24:38,935 [ease.py] => Learning on 120-140
2026-06-13 06:31:03,247 [ease.py] => Task 6, Epoch 20/20 => Loss 0.504, Train_accy 90.64
2026-06-13 06:34:14,689 [ease.py] => Task correct: 64.2245480494767
2026-06-13 06:34:14,690 [ease.py] => Task acc: 80.58991436726927
2026-06-13 06:34:15,246 [trainer.py] => No NME accuracy.
2026-06-13 06:34:15,246 [trainer.py] => CNN: {'total': 59.37, '00-19': 51.43, '20-39': 50.0, '40-59': 74.05, '60-79': 64.46, '80-99': 60.76, '100-119': 51.18, '120-139': 56.38, 'old': 59.87, 'new': 56.38}
2026-06-13 06:34:15,246 [trainer.py] => CNN top1 curve: [79.29, 69.55, 70.51, 68.56, 65.55, 61.53, 59.37]
2026-06-13 06:34:15,246 [trainer.py] => CNN top5 curve: [97.14, 92.86, 91.13, 89.47, 87.61, 84.26, 81.64]
2026-06-13 06:34:15,246 [trainer.py] => Average Accuracy (CNN): 67.77
2026-06-13 06:34:15,247 [trainer.py] => All params: 86870978
2026-06-13 06:34:15,247 [trainer.py] => Trainable params: 304320
2026-06-13 06:34:15,281 [ease.py] => Learning on 140-160
2026-06-13 06:44:45,180 [ease.py] => Task 7, Epoch 20/20 => Loss 0.419, Train_accy 90.82
2026-06-13 06:49:43,962 [ease.py] => Task correct: 61.69036334913112
2026-06-13 06:49:43,962 [ease.py] => Task acc: 81.51658767772511
2026-06-13 06:49:44,511 [trainer.py] => No NME accuracy.
2026-06-13 06:49:44,511 [trainer.py] => CNN: {'total': 57.5, '00-19': 43.57, '20-39': 46.83, '40-59': 69.73, '60-79': 60.84, '80-99': 52.53, '100-119': 47.24, '120-139': 51.68, '140-159': 73.49, 'old': 54.23, 'new': 73.49}
2026-06-13 06:49:44,511 [trainer.py] => CNN top1 curve: [79.29, 69.55, 70.51, 68.56, 65.55, 61.53, 59.37, 57.5]
2026-06-13 06:49:44,511 [trainer.py] => CNN top5 curve: [97.14, 92.86, 91.13, 89.47, 87.61, 84.26, 81.64, 80.57]
2026-06-13 06:49:44,512 [trainer.py] => Average Accuracy (CNN): 66.48
2026-06-13 06:49:44,512 [trainer.py] => All params: 87101378
2026-06-13 06:49:44,513 [trainer.py] => Trainable params: 304320
2026-06-13 06:49:44,546 [ease.py] => Learning on 160-180
2026-06-13 06:56:28,146 [ease.py] => Task 8, Epoch 20/20 => Loss 0.607, Train_accy 90.79
2026-06-13 07:01:35,958 [ease.py] => Task correct: 58.14946619217082
2026-06-13 07:01:35,959 [ease.py] => Task acc: 80.92526690391459
2026-06-13 07:01:36,510 [trainer.py] => No NME accuracy.
2026-06-13 07:01:36,510 [trainer.py] => CNN: {'total': 54.45, '00-19': 43.57, '20-39': 44.44, '40-59': 69.19, '60-79': 60.24, '80-99': 51.9, '100-119': 46.46, '120-139': 51.68, '140-159': 72.56, '160-179': 33.09, 'old': 56.79, 'new': 33.09}
2026-06-13 07:01:36,511 [trainer.py] => CNN top1 curve: [79.29, 69.55, 70.51, 68.56, 65.55, 61.53, 59.37, 57.5, 54.45]
2026-06-13 07:01:36,511 [trainer.py] => CNN top5 curve: [97.14, 92.86, 91.13, 89.47, 87.61, 84.26, 81.64, 80.57, 78.22]
2026-06-13 07:01:36,511 [trainer.py] => Average Accuracy (CNN): 65.15
2026-06-13 07:01:36,511 [trainer.py] => All params: 87362498
2026-06-13 07:01:36,512 [trainer.py] => Trainable params: 304320
2026-06-13 07:01:36,545 [ease.py] => Learning on 180-200
2026-06-13 07:06:40,862 [ease.py] => Task 9, Epoch 20/20 => Loss 0.503, Train_accy 92.84
2026-06-13 07:12:13,265 [ease.py] => Task correct: 56.41869651086241
2026-06-13 07:12:13,279 [ease.py] => Task acc: 80.3818301514154
2026-06-13 07:12:13,840 [trainer.py] => No NME accuracy.
2026-06-13 07:12:13,840 [trainer.py] => CNN: {'total': 52.8, '00-19': 42.86, '20-39': 43.65, '40-59': 68.11, '60-79': 59.64, '80-99': 50.63, '100-119': 45.67, '120-139': 50.34, '140-159': 72.09, '160-179': 33.09, '180-199': 42.11, 'old': 53.67, 'new': 42.11}
2026-06-13 07:12:13,840 [trainer.py] => CNN top1 curve: [79.29, 69.55, 70.51, 68.56, 65.55, 61.53, 59.37, 57.5, 54.45, 52.8]
2026-06-13 07:12:13,840 [trainer.py] => CNN top5 curve: [97.14, 92.86, 91.13, 89.47, 87.61, 84.26, 81.64, 80.57, 78.22, 76.96]
2026-06-13 07:12:13,840 [trainer.py] => Average Accuracy (CNN): 63.91
