2026-06-07 10:42:35,453 [trainer.py] => config: ./configs/ease/ease_inr_B0_Inc20.json
2026-06-07 10:42:35,453 [trainer.py] => prefix:  
2026-06-07 10:42:35,453 [trainer.py] => dataset: imagenetr
2026-06-07 10:42:35,453 [trainer.py] => memory_size: 0
2026-06-07 10:42:35,453 [trainer.py] => memory_per_class: 0
2026-06-07 10:42:35,454 [trainer.py] => fixed_memory: False
2026-06-07 10:42:35,454 [trainer.py] => shuffle: True
2026-06-07 10:42:35,454 [trainer.py] => init_cls: 20
2026-06-07 10:42:35,454 [trainer.py] => increment: 20
2026-06-07 10:42:35,454 [trainer.py] => model_name: ease
2026-06-07 10:42:35,454 [trainer.py] => backbone_type: vit_base_patch16_224_in21k_ease
2026-06-07 10:42:35,454 [trainer.py] => device: [device(type='cuda', index=3)]
2026-06-07 10:42:35,454 [trainer.py] => seed: 42
2026-06-07 10:42:35,454 [trainer.py] => init_epochs: 20
2026-06-07 10:42:35,455 [trainer.py] => init_lr: 0.05
2026-06-07 10:42:35,455 [trainer.py] => later_epochs: 20
2026-06-07 10:42:35,455 [trainer.py] => later_lr: 0.05
2026-06-07 10:42:35,455 [trainer.py] => batch_size: 16
2026-06-07 10:42:35,455 [trainer.py] => weight_decay: 0.005
2026-06-07 10:42:35,455 [trainer.py] => min_lr: 0
2026-06-07 10:42:35,455 [trainer.py] => optimizer: sgd
2026-06-07 10:42:35,455 [trainer.py] => scheduler: cosine
2026-06-07 10:42:35,456 [trainer.py] => pretrained: True
2026-06-07 10:42:35,456 [trainer.py] => vpt_type: Deep
2026-06-07 10:42:35,456 [trainer.py] => prompt_token_num: 5
2026-06-07 10:42:35,456 [trainer.py] => ffn_num: 16
2026-06-07 10:42:35,456 [trainer.py] => use_diagonal: False
2026-06-07 10:42:35,456 [trainer.py] => recalc_sim: True
2026-06-07 10:42:35,456 [trainer.py] => alpha: 0.1
2026-06-07 10:42:35,456 [trainer.py] => use_init_ptm: False
2026-06-07 10:42:35,456 [trainer.py] => beta: 0
2026-06-07 10:42:35,457 [trainer.py] => use_old_data: False
2026-06-07 10:42:35,457 [trainer.py] => use_reweight: True
2026-06-07 10:42:35,457 [trainer.py] => moni_adam: False
2026-06-07 10:42:35,457 [trainer.py] => adapter_num: -1
2026-06-07 10:42:36,383 [data_manager.py] => [95, 15, 30, 158, 128, 115, 69, 170, 174, 45, 66, 182, 165, 78, 186, 177, 56, 152, 82, 68, 124, 16, 148, 93, 65, 60, 84, 67, 125, 132, 9, 18, 55, 75, 150, 104, 135, 137, 164, 76, 79, 197, 38, 24, 122, 195, 29, 19, 143, 86, 114, 173, 5, 126, 117, 73, 140, 98, 172, 96, 169, 97, 31, 12, 35, 119, 42, 189, 90, 136, 51, 127, 162, 41, 118, 113, 26, 139, 100, 111, 2, 77, 46, 187, 191, 85, 161, 36, 190, 61, 22, 141, 101, 33, 11, 194, 159, 6, 27, 120, 4, 32, 142, 145, 109, 144, 10, 62, 112, 146, 166, 0, 198, 153, 70, 123, 64, 44, 163, 28, 40, 108, 155, 156, 25, 23, 184, 147, 81, 39, 168, 47, 94, 154, 43, 138, 3, 105, 53, 133, 180, 178, 185, 49, 80, 34, 7, 110, 91, 83, 176, 181, 89, 8, 13, 59, 171, 131, 17, 72, 175, 134, 167, 183, 63, 54, 107, 50, 196, 58, 48, 88, 21, 57, 160, 192, 129, 37, 157, 193, 1, 52, 149, 130, 151, 103, 99, 116, 87, 74, 121, 199, 20, 188, 71, 106, 14, 92, 179, 102]
2026-06-07 10:42:56,741 [trainer.py] => All params: 86102976
2026-06-07 10:42:56,742 [trainer.py] => Trainable params: 304320
2026-06-07 10:42:56,835 [ease.py] => Learning on 0-20
2026-06-07 11:14:13,145 [ease.py] => Task 0, Epoch 20/20 => Loss 0.519, Train_accy 86.82
2026-06-07 11:15:12,859 [ease.py] => Task correct: 100.0
2026-06-07 11:15:12,876 [ease.py] => Task acc: 91.45962732919254
2026-06-07 11:15:13,324 [trainer.py] => No NME accuracy.
2026-06-07 11:15:13,324 [trainer.py] => CNN: {'total': 91.46, '00-19': 91.46, 'old': 0, 'new': 91.46}
2026-06-07 11:15:13,325 [trainer.py] => CNN top1 curve: [91.46]
2026-06-07 11:15:13,325 [trainer.py] => CNN top5 curve: [98.91]
2026-06-07 11:15:13,325 [trainer.py] => Average Accuracy (CNN): 91.46
2026-06-07 11:15:13,325 [trainer.py] => All params: 86133698
2026-06-07 11:15:13,326 [trainer.py] => Trainable params: 304320
2026-06-07 11:15:13,348 [ease.py] => Learning on 20-40
2026-06-07 11:44:45,204 [ease.py] => Task 1, Epoch 20/20 => Loss 0.574, Train_accy 84.80
2026-06-07 11:47:07,825 [ease.py] => Task correct: 91.94577352472089
2026-06-07 11:47:07,841 [ease.py] => Task acc: 91.30781499202551
2026-06-07 11:47:08,394 [trainer.py] => No NME accuracy.
2026-06-07 11:47:08,394 [trainer.py] => CNN: {'total': 86.36, '00-19': 86.8, '20-39': 85.9, 'old': 86.8, 'new': 85.9}
2026-06-07 11:47:08,394 [trainer.py] => CNN top1 curve: [91.46, 86.36]
2026-06-07 11:47:08,394 [trainer.py] => CNN top5 curve: [98.91, 96.89]
2026-06-07 11:47:08,394 [trainer.py] => Average Accuracy (CNN): 88.91
2026-06-07 11:47:08,395 [trainer.py] => All params: 86179778
2026-06-07 11:47:08,396 [trainer.py] => Trainable params: 304320
2026-06-07 11:47:08,429 [ease.py] => Learning on 40-60
2026-06-07 12:14:59,089 [ease.py] => Task 2, Epoch 20/20 => Loss 0.529, Train_accy 86.29
2026-06-07 12:18:58,729 [ease.py] => Task correct: 89.14194915254237
2026-06-07 12:18:58,747 [ease.py] => Task acc: 91.3135593220339
2026-06-07 12:18:59,308 [trainer.py] => No NME accuracy.
2026-06-07 12:18:59,309 [trainer.py] => CNN: {'total': 84.53, '00-19': 84.32, '20-39': 82.95, '40-59': 86.28, 'old': 83.65, 'new': 86.28}
2026-06-07 12:18:59,309 [trainer.py] => CNN top1 curve: [91.46, 86.36, 84.53]
2026-06-07 12:18:59,309 [trainer.py] => CNN top5 curve: [98.91, 96.89, 95.92]
2026-06-07 12:18:59,309 [trainer.py] => Average Accuracy (CNN): 87.45
2026-06-07 12:18:59,310 [trainer.py] => All params: 86256578
2026-06-07 12:18:59,310 [trainer.py] => Trainable params: 304320
2026-06-07 12:18:59,343 [ease.py] => Learning on 60-80
2026-06-07 12:50:15,857 [ease.py] => Task 3, Epoch 20/20 => Loss 0.493, Train_accy 87.62
2026-06-07 12:56:36,447 [ease.py] => Task correct: 86.32921482662415
2026-06-07 12:56:36,484 [ease.py] => Task acc: 91.19170984455958
2026-06-07 12:56:37,049 [trainer.py] => No NME accuracy.
2026-06-07 12:56:37,049 [trainer.py] => CNN: {'total': 82.26, '00-19': 81.37, '20-39': 80.0, '40-59': 83.91, '60-79': 83.74, 'old': 81.78, 'new': 83.74}
2026-06-07 12:56:37,049 [trainer.py] => CNN top1 curve: [91.46, 86.36, 84.53, 82.26]
2026-06-07 12:56:37,050 [trainer.py] => CNN top5 curve: [98.91, 96.89, 95.92, 95.02]
2026-06-07 12:56:37,050 [trainer.py] => Average Accuracy (CNN): 86.15
2026-06-07 12:56:37,050 [trainer.py] => All params: 86364098
2026-06-07 12:56:37,051 [trainer.py] => Trainable params: 304320
2026-06-07 12:56:37,084 [ease.py] => Learning on 80-100
2026-06-07 13:30:45,831 [ease.py] => Task 4, Epoch 20/20 => Loss 0.435, Train_accy 89.13
2026-06-07 13:40:01,273 [ease.py] => Task correct: 84.13729128014842
2026-06-07 13:40:01,309 [ease.py] => Task acc: 91.62028447742733
2026-06-07 13:40:01,829 [trainer.py] => No NME accuracy.
2026-06-07 13:40:01,830 [trainer.py] => CNN: {'total': 80.89, '00-19': 79.04, '20-39': 78.2, '40-59': 79.65, '60-79': 81.96, '80-99': 84.97, 'old': 79.71, 'new': 84.97}
2026-06-07 13:40:01,830 [trainer.py] => CNN top1 curve: [91.46, 86.36, 84.53, 82.26, 80.89]
2026-06-07 13:40:01,830 [trainer.py] => CNN top5 curve: [98.91, 96.89, 95.92, 95.02, 94.19]
2026-06-07 13:40:01,830 [trainer.py] => Average Accuracy (CNN): 85.1
2026-06-07 13:40:01,831 [trainer.py] => All params: 86502338
2026-06-07 13:40:01,831 [trainer.py] => Trainable params: 304320
2026-06-07 13:40:01,865 [ease.py] => Learning on 100-120
2026-06-07 14:07:42,671 [ease.py] => Task 5, Epoch 20/20 => Loss 0.405, Train_accy 89.97
2026-06-07 14:18:53,977 [ease.py] => Task correct: 82.53715498938429
2026-06-07 14:18:54,013 [ease.py] => Task acc: 91.7728237791932
2026-06-07 14:18:54,574 [trainer.py] => No NME accuracy.
2026-06-07 14:18:54,574 [trainer.py] => CNN: {'total': 79.88, '00-19': 74.84, '20-39': 76.72, '40-59': 77.6, '60-79': 80.52, '80-99': 83.72, '100-119': 86.33, 'old': 78.82, 'new': 86.33}
2026-06-07 14:18:54,574 [trainer.py] => CNN top1 curve: [91.46, 86.36, 84.53, 82.26, 80.89, 79.88]
2026-06-07 14:18:54,574 [trainer.py] => CNN top5 curve: [98.91, 96.89, 95.92, 95.02, 94.19, 93.55]
2026-06-07 14:18:54,574 [trainer.py] => Average Accuracy (CNN): 84.23
2026-06-07 14:18:54,575 [trainer.py] => All params: 86671298
2026-06-07 14:18:54,576 [trainer.py] => Trainable params: 304320
2026-06-07 14:18:54,609 [ease.py] => Learning on 120-140
2026-06-07 14:42:34,986 [ease.py] => Task 6, Epoch 20/20 => Loss 0.510, Train_accy 87.34
2026-06-07 14:55:56,210 [ease.py] => Task correct: 80.21952358710882
2026-06-07 14:55:56,240 [ease.py] => Task acc: 91.73283512377394
2026-06-07 14:55:56,789 [trainer.py] => No NME accuracy.
2026-06-07 14:55:56,789 [trainer.py] => CNN: {'total': 77.86, '00-19': 73.6, '20-39': 74.1, '40-59': 75.87, '60-79': 77.94, '80-99': 81.66, '100-119': 84.83, '120-139': 77.43, 'old': 77.92, 'new': 77.43}
2026-06-07 14:55:56,789 [trainer.py] => CNN top1 curve: [91.46, 86.36, 84.53, 82.26, 80.89, 79.88, 77.86]
2026-06-07 14:55:56,790 [trainer.py] => CNN top5 curve: [98.91, 96.89, 95.92, 95.02, 94.19, 93.55, 92.88]
2026-06-07 14:55:56,790 [trainer.py] => Average Accuracy (CNN): 83.32
2026-06-07 14:55:56,790 [trainer.py] => All params: 86870978
2026-06-07 14:55:56,791 [trainer.py] => Trainable params: 304320
2026-06-07 14:55:56,820 [ease.py] => Learning on 140-160
2026-06-07 15:25:37,152 [ease.py] => Task 7, Epoch 20/20 => Loss 0.394, Train_accy 89.98
2026-06-07 15:43:24,984 [ease.py] => Task correct: 79.7366796955359
2026-06-07 15:43:24,984 [ease.py] => Task acc: 91.64780909277927
2026-06-07 15:43:25,543 [trainer.py] => No NME accuracy.
2026-06-07 15:43:25,543 [trainer.py] => CNN: {'total': 77.45, '00-19': 72.36, '20-39': 72.95, '40-59': 75.08, '60-79': 77.29, '80-99': 80.69, '100-119': 84.46, '120-139': 75.68, '140-159': 81.69, 'old': 76.88, 'new': 81.69}
2026-06-07 15:43:25,544 [trainer.py] => CNN top1 curve: [91.46, 86.36, 84.53, 82.26, 80.89, 79.88, 77.86, 77.45]
2026-06-07 15:43:25,544 [trainer.py] => CNN top5 curve: [98.91, 96.89, 95.92, 95.02, 94.19, 93.55, 92.88, 92.33]
2026-06-07 15:43:25,544 [trainer.py] => Average Accuracy (CNN): 82.59
2026-06-07 15:43:25,544 [trainer.py] => All params: 87101378
2026-06-07 15:43:25,545 [trainer.py] => Trainable params: 304320
2026-06-07 15:43:25,578 [ease.py] => Learning on 160-180
2026-06-07 16:13:40,651 [ease.py] => Task 8, Epoch 20/20 => Loss 0.432, Train_accy 89.33
2026-06-07 16:35:39,020 [ease.py] => Task correct: 78.34185536888239
2026-06-07 16:35:39,021 [ease.py] => Task acc: 91.72753834915997
2026-06-07 16:35:39,570 [trainer.py] => No NME accuracy.
2026-06-07 16:35:39,570 [trainer.py] => CNN: {'total': 76.39, '00-19': 71.89, '20-39': 70.82, '40-59': 74.13, '60-79': 76.49, '80-99': 79.45, '100-119': 83.9, '120-139': 74.32, '140-159': 81.35, '160-179': 75.77, 'old': 76.47, 'new': 75.77}
2026-06-07 16:35:39,570 [trainer.py] => CNN top1 curve: [91.46, 86.36, 84.53, 82.26, 80.89, 79.88, 77.86, 77.45, 76.39]
2026-06-07 16:35:39,570 [trainer.py] => CNN top5 curve: [98.91, 96.89, 95.92, 95.02, 94.19, 93.55, 92.88, 92.33, 91.58]
2026-06-07 16:35:39,571 [trainer.py] => Average Accuracy (CNN): 81.9
2026-06-07 16:35:39,571 [trainer.py] => All params: 87362498
2026-06-07 16:35:39,572 [trainer.py] => Trainable params: 304320
2026-06-07 16:35:39,605 [ease.py] => Learning on 180-200
2026-06-07 17:01:48,645 [ease.py] => Task 9, Epoch 20/20 => Loss 0.428, Train_accy 89.71
2026-06-07 17:26:27,659 [ease.py] => Task correct: 77.3
2026-06-07 17:26:27,690 [ease.py] => Task acc: 91.65
2026-06-07 17:26:28,251 [trainer.py] => No NME accuracy.
2026-06-07 17:26:28,251 [trainer.py] => CNN: {'total': 75.52, '00-19': 70.96, '20-39': 69.84, '40-59': 73.66, '60-79': 76.01, '80-99': 77.66, '100-119': 83.52, '120-139': 73.35, '140-159': 80.83, '160-179': 75.28, '180-199': 74.81, 'old': 75.58, 'new': 74.81}
2026-06-07 17:26:28,252 [trainer.py] => CNN top1 curve: [91.46, 86.36, 84.53, 82.26, 80.89, 79.88, 77.86, 77.45, 76.39, 75.52]
2026-06-07 17:26:28,252 [trainer.py] => CNN top5 curve: [98.91, 96.89, 95.92, 95.02, 94.19, 93.55, 92.88, 92.33, 91.58, 91.2]
2026-06-07 17:26:28,252 [trainer.py] => Average Accuracy (CNN): 81.26
