2026-06-09 10:52:37,870 [trainer.py] => config: ./configs/ease/ease_inr_B100_Inc5.json
2026-06-09 10:52:37,871 [trainer.py] => prefix:  
2026-06-09 10:52:37,871 [trainer.py] => dataset: imagenetr
2026-06-09 10:52:37,871 [trainer.py] => memory_size: 0
2026-06-09 10:52:37,871 [trainer.py] => memory_per_class: 0
2026-06-09 10:52:37,871 [trainer.py] => fixed_memory: False
2026-06-09 10:52:37,871 [trainer.py] => shuffle: True
2026-06-09 10:52:37,871 [trainer.py] => init_cls: 100
2026-06-09 10:52:37,871 [trainer.py] => increment: 5
2026-06-09 10:52:37,871 [trainer.py] => model_name: ease
2026-06-09 10:52:37,871 [trainer.py] => backbone_type: vit_base_patch16_224_in21k_ease
2026-06-09 10:52:37,871 [trainer.py] => device: [device(type='cuda', index=3)]
2026-06-09 10:52:37,871 [trainer.py] => seed: 1993
2026-06-09 10:52:37,871 [trainer.py] => init_epochs: 20
2026-06-09 10:52:37,871 [trainer.py] => init_lr: 0.05
2026-06-09 10:52:37,871 [trainer.py] => later_epochs: 20
2026-06-09 10:52:37,871 [trainer.py] => later_lr: 0.05
2026-06-09 10:52:37,871 [trainer.py] => batch_size: 16
2026-06-09 10:52:37,871 [trainer.py] => weight_decay: 0.005
2026-06-09 10:52:37,871 [trainer.py] => min_lr: 0
2026-06-09 10:52:37,871 [trainer.py] => optimizer: sgd
2026-06-09 10:52:37,871 [trainer.py] => scheduler: cosine
2026-06-09 10:52:37,871 [trainer.py] => pretrained: True
2026-06-09 10:52:37,871 [trainer.py] => vpt_type: Deep
2026-06-09 10:52:37,872 [trainer.py] => prompt_token_num: 5
2026-06-09 10:52:37,872 [trainer.py] => ffn_num: 16
2026-06-09 10:52:37,872 [trainer.py] => use_diagonal: False
2026-06-09 10:52:37,872 [trainer.py] => recalc_sim: True
2026-06-09 10:52:37,872 [trainer.py] => alpha: 0.1
2026-06-09 10:52:37,872 [trainer.py] => use_init_ptm: False
2026-06-09 10:52:37,872 [trainer.py] => beta: 0
2026-06-09 10:52:37,872 [trainer.py] => use_old_data: False
2026-06-09 10:52:37,872 [trainer.py] => use_reweight: True
2026-06-09 10:52:37,872 [trainer.py] => moni_adam: False
2026-06-09 10:52:37,872 [trainer.py] => adapter_num: -1
2026-06-09 10:52:37,872 [trainer.py] => nb_classes: 200
2026-06-09 10:52:37,872 [trainer.py] => nb_tasks: 21
2026-06-09 10:52:38,953 [data_manager.py] => [168, 136, 51, 9, 183, 101, 171, 99, 42, 159, 191, 70, 16, 188, 27, 10, 175, 26, 68, 187, 98, 6, 85, 35, 112, 43, 100, 0, 103, 181, 88, 59, 4, 2, 116, 174, 94, 80, 106, 1, 147, 17, 141, 131, 72, 23, 173, 54, 197, 118, 87, 32, 79, 104, 91, 19, 135, 107, 178, 36, 11, 199, 142, 8, 122, 3, 28, 57, 153, 172, 190, 56, 49, 44, 97, 62, 151, 169, 194, 55, 192, 12, 189, 78, 66, 180, 15, 137, 109, 134, 92, 119, 126, 52, 170, 40, 148, 65, 144, 64, 138, 45, 77, 89, 154, 90, 71, 193, 74, 30, 113, 143, 96, 84, 67, 50, 186, 156, 69, 21, 18, 111, 108, 58, 125, 157, 150, 110, 182, 129, 166, 83, 81, 60, 13, 165, 14, 176, 63, 117, 5, 22, 145, 121, 38, 41, 82, 127, 114, 20, 31, 53, 37, 163, 196, 130, 152, 162, 86, 76, 24, 34, 184, 149, 33, 128, 198, 155, 146, 167, 139, 120, 140, 102, 47, 25, 158, 123, 46, 164, 61, 7, 115, 75, 133, 160, 105, 132, 179, 124, 48, 73, 93, 39, 95, 195, 29, 177, 185, 161]
2026-06-09 10:52:44,069 [trainer.py] => All params: 86102976
2026-06-09 10:52:44,069 [trainer.py] => Trainable params: 304320
2026-06-09 10:52:44,087 [ease.py] => Learning on 0-100
2026-06-09 13:23:40,445 [ease.py] => Task 0, Epoch 20/20 => Loss 1.025, Train_accy 77.37
2026-06-09 13:28:45,942 [ease.py] => Task correct: 81.74204355108878
2026-06-09 13:28:45,970 [ease.py] => Task acc: 96.18090452261306
2026-06-09 13:28:46,520 [trainer.py] => No NME accuracy.
2026-06-09 13:28:46,520 [trainer.py] => CNN: {'total': 81.14, '00-99': 81.14, 'old': 0, 'new': 81.14}
2026-06-09 13:28:46,520 [trainer.py] => CNN top1 curve: [81.14]
2026-06-09 13:28:46,520 [trainer.py] => CNN top5 curve: [93.4]
2026-06-09 13:28:46,520 [trainer.py] => Average Accuracy (CNN): 81.14
2026-06-09 13:28:46,521 [trainer.py] => All params: 86256578
2026-06-09 13:28:46,521 [trainer.py] => Trainable params: 304320
2026-06-09 13:28:46,555 [ease.py] => Learning on 100-105
2026-06-09 13:36:23,268 [ease.py] => Task 1, Epoch 20/20 => Loss 0.163, Train_accy 95.17
2026-06-09 13:38:54,922 [ease.py] => Task correct: 80.14026139623844
2026-06-09 13:38:54,953 [ease.py] => Task acc: 96.14281160344278
2026-06-09 13:38:55,469 [trainer.py] => No NME accuracy.
2026-06-09 13:38:55,469 [trainer.py] => CNN: {'total': 79.6, '00-99': 79.13, '100-104': 88.82, 'old': 79.13, 'new': 88.82}
2026-06-09 13:38:55,469 [trainer.py] => CNN top1 curve: [81.14, 79.6]
2026-06-09 13:38:55,469 [trainer.py] => CNN top5 curve: [93.4, 93.21]
2026-06-09 13:38:55,469 [trainer.py] => Average Accuracy (CNN): 80.37
2026-06-09 13:38:55,470 [trainer.py] => All params: 86268098
2026-06-09 13:38:55,471 [trainer.py] => Trainable params: 304320
2026-06-09 13:38:55,504 [ease.py] => Learning on 105-110
2026-06-09 13:46:07,803 [ease.py] => Task 2, Epoch 20/20 => Loss 0.184, Train_accy 95.78
2026-06-09 13:49:48,240 [ease.py] => Task correct: 79.13735087182624
2026-06-09 13:49:48,240 [ease.py] => Task acc: 96.0844294891404
2026-06-09 13:49:48,789 [trainer.py] => No NME accuracy.
2026-06-09 13:49:48,790 [trainer.py] => CNN: {'total': 78.59, '00-99': 77.92, '100-104': 86.18, '105-109': 84.85, 'old': 78.32, 'new': 84.85}
2026-06-09 13:49:48,790 [trainer.py] => CNN top1 curve: [81.14, 79.6, 78.59]
2026-06-09 13:49:48,790 [trainer.py] => CNN top5 curve: [93.4, 93.21, 92.81]
2026-06-09 13:49:48,790 [trainer.py] => Average Accuracy (CNN): 79.78
2026-06-09 13:49:48,791 [trainer.py] => All params: 86360258
2026-06-09 13:49:48,791 [trainer.py] => Trainable params: 304320
2026-06-09 13:49:48,825 [ease.py] => Learning on 110-115
2026-06-09 13:57:30,948 [ease.py] => Task 3, Epoch 20/20 => Loss 0.181, Train_accy 94.89
2026-06-09 14:02:39,613 [ease.py] => Task correct: 77.85274273980639
2026-06-09 14:02:39,614 [ease.py] => Task acc: 96.06922851276035
2026-06-09 14:02:40,245 [trainer.py] => No NME accuracy.
2026-06-09 14:02:40,245 [trainer.py] => CNN: {'total': 77.35, '00-99': 76.45, '100-104': 85.53, '105-109': 84.85, '110-114': 80.71, 'old': 77.21, 'new': 80.71}
2026-06-09 14:02:40,246 [trainer.py] => CNN top1 curve: [81.14, 79.6, 78.59, 77.35]
2026-06-09 14:02:40,246 [trainer.py] => CNN top5 curve: [93.4, 93.21, 92.81, 92.31]
2026-06-09 14:02:40,246 [trainer.py] => Average Accuracy (CNN): 79.17
2026-06-09 14:02:40,246 [trainer.py] => All params: 86460098
2026-06-09 14:02:40,247 [trainer.py] => Trainable params: 304320
2026-06-09 14:02:40,280 [ease.py] => Learning on 115-120
2026-06-09 14:14:24,136 [ease.py] => Task 4, Epoch 20/20 => Loss 0.152, Train_accy 95.81
2026-06-09 14:21:24,535 [ease.py] => Task correct: 76.04938271604938
2026-06-09 14:21:24,558 [ease.py] => Task acc: 96.15912208504801
2026-06-09 14:21:25,105 [trainer.py] => No NME accuracy.
2026-06-09 14:21:25,106 [trainer.py] => CNN: {'total': 75.58, '00-99': 73.33, '100-104': 84.87, '105-109': 81.82, '110-114': 78.57, '115-119': 92.8, 'old': 74.39, 'new': 92.8}
2026-06-09 14:21:25,106 [trainer.py] => CNN top1 curve: [81.14, 79.6, 78.59, 77.35, 75.58]
2026-06-09 14:21:25,106 [trainer.py] => CNN top5 curve: [93.4, 93.21, 92.81, 92.31, 91.66]
2026-06-09 14:21:25,106 [trainer.py] => Average Accuracy (CNN): 78.45
2026-06-09 14:21:25,107 [trainer.py] => All params: 86567618
2026-06-09 14:21:25,107 [trainer.py] => Trainable params: 304320
2026-06-09 14:21:25,137 [ease.py] => Learning on 120-125
2026-06-09 14:28:52,710 [ease.py] => Task 5, Epoch 20/20 => Loss 0.186, Train_accy 94.58
2026-06-09 14:36:56,308 [ease.py] => Task correct: 75.40078843626807
2026-06-09 14:36:56,323 [ease.py] => Task acc: 96.16294349540078
2026-06-09 14:36:56,848 [trainer.py] => No NME accuracy.
2026-06-09 14:36:56,849 [trainer.py] => CNN: {'total': 74.95, '00-99': 72.46, '100-104': 84.21, '105-109': 81.06, '110-114': 77.86, '115-119': 91.95, '120-124': 80.0, 'old': 74.73, 'new': 80.0}
2026-06-09 14:36:56,849 [trainer.py] => CNN top1 curve: [81.14, 79.6, 78.59, 77.35, 75.58, 74.95]
2026-06-09 14:36:56,849 [trainer.py] => CNN top5 curve: [93.4, 93.21, 92.81, 92.31, 91.66, 91.12]
2026-06-09 14:36:56,849 [trainer.py] => Average Accuracy (CNN): 77.87
2026-06-09 14:36:56,850 [trainer.py] => All params: 86682818
2026-06-09 14:36:56,850 [trainer.py] => Trainable params: 304320
2026-06-09 14:36:56,884 [ease.py] => Learning on 125-130
2026-06-09 14:41:44,461 [ease.py] => Task 6, Epoch 20/20 => Loss 0.218, Train_accy 95.50
2026-06-09 14:50:42,032 [ease.py] => Task correct: 74.79570990806945
2026-06-09 14:50:42,050 [ease.py] => Task acc: 96.04187946884576
2026-06-09 14:50:42,571 [trainer.py] => No NME accuracy.
2026-06-09 14:50:42,571 [trainer.py] => CNN: {'total': 74.36, '00-99': 72.16, '100-104': 84.21, '105-109': 81.06, '110-114': 77.86, '115-119': 91.53, '120-124': 80.0, '125-129': 63.06, 'old': 74.69, 'new': 63.06}
2026-06-09 14:50:42,571 [trainer.py] => CNN top1 curve: [81.14, 79.6, 78.59, 77.35, 75.58, 74.95, 74.36]
2026-06-09 14:50:42,571 [trainer.py] => CNN top5 curve: [93.4, 93.21, 92.81, 92.31, 91.66, 91.12, 90.45]
2026-06-09 14:50:42,572 [trainer.py] => Average Accuracy (CNN): 77.37
2026-06-09 14:50:42,572 [trainer.py] => All params: 86805698
2026-06-09 14:50:42,573 [trainer.py] => Trainable params: 304320
2026-06-09 14:50:42,599 [ease.py] => Learning on 130-135
2026-06-09 14:55:47,227 [ease.py] => Task 7, Epoch 20/20 => Loss 0.164, Train_accy 95.47
2026-06-09 15:06:45,582 [ease.py] => Task correct: 74.57459926017263
2026-06-09 15:06:45,616 [ease.py] => Task acc: 95.80764488286067
2026-06-09 15:06:46,147 [trainer.py] => No NME accuracy.
2026-06-09 15:06:46,147 [trainer.py] => CNN: {'total': 74.13, '00-99': 71.96, '100-104': 84.21, '105-109': 81.06, '110-114': 77.14, '115-119': 91.1, '120-124': 79.38, '125-129': 63.06, '130-134': 74.1, 'old': 74.13, 'new': 74.1}
2026-06-09 15:06:46,147 [trainer.py] => CNN top1 curve: [81.14, 79.6, 78.59, 77.35, 75.58, 74.95, 74.36, 74.13]
2026-06-09 15:06:46,147 [trainer.py] => CNN top5 curve: [93.4, 93.21, 92.81, 92.31, 91.66, 91.12, 90.45, 89.79]
2026-06-09 15:06:46,148 [trainer.py] => Average Accuracy (CNN): 76.96
2026-06-09 15:06:46,148 [trainer.py] => All params: 86936258
2026-06-09 15:06:46,149 [trainer.py] => Trainable params: 304320
2026-06-09 15:06:46,182 [ease.py] => Learning on 135-140
2026-06-09 15:15:24,668 [ease.py] => Task 8, Epoch 20/20 => Loss 0.142, Train_accy 96.68
2026-06-09 15:28:51,857 [ease.py] => Task correct: 73.94399620313241
2026-06-09 15:28:51,877 [ease.py] => Task acc: 95.9420977693403
2026-06-09 15:28:52,433 [trainer.py] => No NME accuracy.
2026-06-09 15:28:52,433 [trainer.py] => CNN: {'total': 73.56, '00-99': 70.92, '100-104': 81.58, '105-109': 79.55, '110-114': 75.71, '115-119': 90.68, '120-124': 74.38, '125-129': 63.06, '130-134': 71.22, '135-139': 91.82, 'old': 72.85, 'new': 91.82}
2026-06-09 15:28:52,433 [trainer.py] => CNN top1 curve: [81.14, 79.6, 78.59, 77.35, 75.58, 74.95, 74.36, 74.13, 73.56]
2026-06-09 15:28:52,433 [trainer.py] => CNN top5 curve: [93.4, 93.21, 92.81, 92.31, 91.66, 91.12, 90.45, 89.79, 89.53]
2026-06-09 15:28:52,434 [trainer.py] => Average Accuracy (CNN): 76.58
2026-06-09 15:28:52,434 [trainer.py] => All params: 87074498
2026-06-09 15:28:52,435 [trainer.py] => Trainable params: 304320
2026-06-09 15:28:52,468 [ease.py] => Learning on 140-145
2026-06-09 15:37:49,517 [ease.py] => Task 9, Epoch 20/20 => Loss 0.162, Train_accy 95.44
2026-06-09 15:52:57,087 [ease.py] => Task correct: 73.81167949298325
2026-06-09 15:52:57,099 [ease.py] => Task acc: 96.03893164327751
2026-06-09 15:52:57,670 [trainer.py] => No NME accuracy.
2026-06-09 15:52:57,670 [trainer.py] => CNN: {'total': 73.43, '00-99': 69.98, '100-104': 75.0, '105-109': 79.55, '110-114': 75.0, '115-119': 90.68, '120-124': 72.5, '125-129': 63.06, '130-134': 71.22, '135-139': 90.57, '140-144': 92.16, 'old': 72.52, 'new': 92.16}
2026-06-09 15:52:57,670 [trainer.py] => CNN top1 curve: [81.14, 79.6, 78.59, 77.35, 75.58, 74.95, 74.36, 74.13, 73.56, 73.43]
2026-06-09 15:52:57,670 [trainer.py] => CNN top5 curve: [93.4, 93.21, 92.81, 92.31, 91.66, 91.12, 90.45, 89.79, 89.53, 89.54]
2026-06-09 15:52:57,671 [trainer.py] => Average Accuracy (CNN): 76.27
2026-06-09 15:52:57,671 [trainer.py] => All params: 87220418
2026-06-09 15:52:57,672 [trainer.py] => Trainable params: 304320
2026-06-09 15:52:57,701 [ease.py] => Learning on 145-150
2026-06-09 16:01:34,775 [ease.py] => Task 10, Epoch 20/20 => Loss 0.143, Train_accy 96.53
2026-06-09 16:18:38,314 [ease.py] => Task correct: 73.17179655097141
2026-06-09 16:18:38,335 [ease.py] => Task acc: 96.00523903077931
2026-06-09 16:18:38,894 [trainer.py] => No NME accuracy.
2026-06-09 16:18:38,895 [trainer.py] => CNN: {'total': 72.82, '00-99': 69.21, '100-104': 74.34, '105-109': 78.79, '110-114': 74.29, '115-119': 90.25, '120-124': 71.25, '125-129': 59.46, '130-134': 71.22, '135-139': 89.94, '140-144': 92.16, '145-149': 77.3, 'old': 72.66, 'new': 77.3}
2026-06-09 16:18:38,895 [trainer.py] => CNN top1 curve: [81.14, 79.6, 78.59, 77.35, 75.58, 74.95, 74.36, 74.13, 73.56, 73.43, 72.82]
2026-06-09 16:18:38,895 [trainer.py] => CNN top5 curve: [93.4, 93.21, 92.81, 92.31, 91.66, 91.12, 90.45, 89.79, 89.53, 89.54, 89.11]
2026-06-09 16:18:38,895 [trainer.py] => Average Accuracy (CNN): 75.96
2026-06-09 16:18:38,896 [trainer.py] => All params: 87374018
2026-06-09 16:18:38,896 [trainer.py] => Trainable params: 304320
2026-06-09 16:18:38,930 [ease.py] => Learning on 150-155
2026-06-09 16:28:22,761 [ease.py] => Task 11, Epoch 20/20 => Loss 0.208, Train_accy 94.05
2026-06-09 16:48:43,925 [ease.py] => Task correct: 73.12368972746332
2026-06-09 16:48:43,946 [ease.py] => Task acc: 96.0587002096436
2026-06-09 16:48:44,638 [trainer.py] => No NME accuracy.
2026-06-09 16:48:44,639 [trainer.py] => CNN: {'total': 72.79, '00-99': 68.91, '100-104': 74.34, '105-109': 78.03, '110-114': 72.86, '115-119': 89.41, '120-124': 71.25, '125-129': 57.66, '130-134': 69.78, '135-139': 89.94, '140-144': 90.69, '145-149': 77.3, '150-154': 83.07, 'old': 72.36, 'new': 83.07}
2026-06-09 16:48:44,639 [trainer.py] => CNN top1 curve: [81.14, 79.6, 78.59, 77.35, 75.58, 74.95, 74.36, 74.13, 73.56, 73.43, 72.82, 72.79]
2026-06-09 16:48:44,639 [trainer.py] => CNN top5 curve: [93.4, 93.21, 92.81, 92.31, 91.66, 91.12, 90.45, 89.79, 89.53, 89.54, 89.11, 88.87]
2026-06-09 16:48:44,639 [trainer.py] => Average Accuracy (CNN): 75.69
2026-06-09 16:48:44,640 [trainer.py] => All params: 87535298
2026-06-09 16:48:44,640 [trainer.py] => Trainable params: 304320
2026-06-09 16:48:44,674 [ease.py] => Learning on 155-160
2026-06-09 16:56:22,811 [ease.py] => Task 12, Epoch 20/20 => Loss 0.223, Train_accy 93.45
2026-06-09 17:18:12,056 [ease.py] => Task correct: 72.68865061703418
2026-06-09 17:18:12,073 [ease.py] => Task acc: 95.95387416548655
2026-06-09 17:18:12,640 [trainer.py] => No NME accuracy.
2026-06-09 17:18:12,641 [trainer.py] => CNN: {'total': 72.39, '00-99': 68.71, '100-104': 74.34, '105-109': 78.03, '110-114': 71.43, '115-119': 88.14, '120-124': 71.25, '125-129': 55.86, '130-134': 69.78, '135-139': 89.94, '140-144': 90.69, '145-149': 76.69, '150-154': 83.07, '155-159': 69.36, 'old': 72.49, 'new': 69.36}
2026-06-09 17:18:12,641 [trainer.py] => CNN top1 curve: [81.14, 79.6, 78.59, 77.35, 75.58, 74.95, 74.36, 74.13, 73.56, 73.43, 72.82, 72.79, 72.39]
2026-06-09 17:18:12,641 [trainer.py] => CNN top5 curve: [93.4, 93.21, 92.81, 92.31, 91.66, 91.12, 90.45, 89.79, 89.53, 89.54, 89.11, 88.87, 88.31]
2026-06-09 17:18:12,641 [trainer.py] => Average Accuracy (CNN): 75.44
2026-06-09 17:18:12,642 [trainer.py] => All params: 87704258
2026-06-09 17:18:12,642 [trainer.py] => Trainable params: 304320
2026-06-09 17:18:12,676 [ease.py] => Learning on 160-165
2026-06-09 17:23:20,275 [ease.py] => Task 13, Epoch 20/20 => Loss 0.366, Train_accy 89.00
2026-06-09 17:45:56,432 [ease.py] => Task correct: 72.40285487708168
2026-06-09 17:45:56,460 [ease.py] => Task acc: 95.87628865979381
2026-06-09 17:45:57,029 [trainer.py] => No NME accuracy.
2026-06-09 17:45:57,030 [trainer.py] => CNN: {'total': 72.09, '00-99': 68.58, '100-104': 74.34, '105-109': 78.03, '110-114': 71.43, '115-119': 88.14, '120-124': 71.25, '125-129': 55.86, '130-134': 69.78, '135-139': 89.94, '140-144': 90.69, '145-149': 76.69, '150-154': 83.07, '155-159': 69.94, '160-164': 60.4, 'old': 72.32, 'new': 60.4}
2026-06-09 17:45:57,030 [trainer.py] => CNN top1 curve: [81.14, 79.6, 78.59, 77.35, 75.58, 74.95, 74.36, 74.13, 73.56, 73.43, 72.82, 72.79, 72.39, 72.09]
2026-06-09 17:45:57,030 [trainer.py] => CNN top5 curve: [93.4, 93.21, 92.81, 92.31, 91.66, 91.12, 90.45, 89.79, 89.53, 89.54, 89.11, 88.87, 88.31, 87.83]
2026-06-09 17:45:57,030 [trainer.py] => Average Accuracy (CNN): 75.2
2026-06-09 17:45:57,031 [trainer.py] => All params: 87880898
2026-06-09 17:45:57,031 [trainer.py] => Trainable params: 304320
2026-06-09 17:45:57,065 [ease.py] => Learning on 165-170
2026-06-09 17:53:09,935 [ease.py] => Task 14, Epoch 20/20 => Loss 0.276, Train_accy 93.33
2026-06-09 18:19:21,128 [ease.py] => Task correct: 71.87318770539339
2026-06-09 18:19:21,148 [ease.py] => Task acc: 95.72781751401507
2026-06-09 18:19:21,692 [trainer.py] => No NME accuracy.
2026-06-09 18:19:21,692 [trainer.py] => CNN: {'total': 71.54, '00-99': 68.34, '100-104': 72.37, '105-109': 78.03, '110-114': 70.71, '115-119': 88.14, '120-124': 71.25, '125-129': 55.86, '130-134': 69.06, '135-139': 89.94, '140-144': 90.69, '145-149': 75.46, '150-154': 81.48, '155-159': 69.36, '160-164': 58.42, '165-169': 65.89, 'old': 71.69, 'new': 65.89}
2026-06-09 18:19:21,692 [trainer.py] => CNN top1 curve: [81.14, 79.6, 78.59, 77.35, 75.58, 74.95, 74.36, 74.13, 73.56, 73.43, 72.82, 72.79, 72.39, 72.09, 71.54]
2026-06-09 18:19:21,692 [trainer.py] => CNN top5 curve: [93.4, 93.21, 92.81, 92.31, 91.66, 91.12, 90.45, 89.79, 89.53, 89.54, 89.11, 88.87, 88.31, 87.83, 87.53]
2026-06-09 18:19:21,692 [trainer.py] => Average Accuracy (CNN): 74.95
2026-06-09 18:19:21,693 [trainer.py] => All params: 88065218
2026-06-09 18:19:21,694 [trainer.py] => Trainable params: 304320
2026-06-09 18:19:21,739 [ease.py] => Learning on 170-175
2026-06-09 18:25:09,677 [ease.py] => Task 15, Epoch 20/20 => Loss 0.193, Train_accy 95.03
2026-06-09 18:52:59,876 [ease.py] => Task correct: 72.00226244343891
2026-06-09 18:52:59,893 [ease.py] => Task acc: 95.81447963800905
2026-06-09 18:53:00,469 [trainer.py] => No NME accuracy.
2026-06-09 18:53:00,470 [trainer.py] => CNN: {'total': 71.68, '00-99': 68.17, '100-104': 72.37, '105-109': 78.03, '110-114': 70.71, '115-119': 88.14, '120-124': 70.0, '125-129': 55.86, '130-134': 69.06, '135-139': 89.94, '140-144': 90.69, '145-149': 75.46, '150-154': 81.48, '155-159': 69.36, '160-164': 58.42, '165-169': 65.89, '170-174': 82.44, 'old': 71.41, 'new': 82.44}
2026-06-09 18:53:00,470 [trainer.py] => CNN top1 curve: [81.14, 79.6, 78.59, 77.35, 75.58, 74.95, 74.36, 74.13, 73.56, 73.43, 72.82, 72.79, 72.39, 72.09, 71.54, 71.68]
2026-06-09 18:53:00,470 [trainer.py] => CNN top5 curve: [93.4, 93.21, 92.81, 92.31, 91.66, 91.12, 90.45, 89.79, 89.53, 89.54, 89.11, 88.87, 88.31, 87.83, 87.53, 87.41]
2026-06-09 18:53:00,470 [trainer.py] => Average Accuracy (CNN): 74.75
2026-06-09 18:53:00,471 [trainer.py] => All params: 88257218
2026-06-09 18:53:00,471 [trainer.py] => Trainable params: 304320
2026-06-09 18:53:00,516 [ease.py] => Learning on 175-180
2026-06-09 18:59:09,923 [ease.py] => Task 16, Epoch 20/20 => Loss 0.150, Train_accy 96.74
2026-06-09 19:29:11,880 [ease.py] => Task correct: 71.83176535694521
2026-06-09 19:29:11,898 [ease.py] => Task acc: 95.84947426674046
2026-06-09 19:29:12,443 [trainer.py] => No NME accuracy.
2026-06-09 19:29:12,444 [trainer.py] => CNN: {'total': 71.52, '00-99': 67.84, '100-104': 72.37, '105-109': 78.03, '110-114': 70.71, '115-119': 88.14, '120-124': 69.38, '125-129': 54.95, '130-134': 69.06, '135-139': 89.31, '140-144': 90.2, '145-149': 75.46, '150-154': 81.48, '155-159': 69.36, '160-164': 58.42, '165-169': 65.12, '170-174': 82.44, '175-179': 76.92, 'old': 71.4, 'new': 76.92}
2026-06-09 19:29:12,444 [trainer.py] => CNN top1 curve: [81.14, 79.6, 78.59, 77.35, 75.58, 74.95, 74.36, 74.13, 73.56, 73.43, 72.82, 72.79, 72.39, 72.09, 71.54, 71.68, 71.52]
2026-06-09 19:29:12,444 [trainer.py] => CNN top5 curve: [93.4, 93.21, 92.81, 92.31, 91.66, 91.12, 90.45, 89.79, 89.53, 89.54, 89.11, 88.87, 88.31, 87.83, 87.53, 87.41, 87.22]
2026-06-09 19:29:12,444 [trainer.py] => Average Accuracy (CNN): 74.56
2026-06-09 19:29:12,444 [trainer.py] => All params: 88456898
2026-06-09 19:29:12,445 [trainer.py] => Trainable params: 304320
2026-06-09 19:29:12,485 [ease.py] => Learning on 180-185
2026-06-09 19:36:08,023 [ease.py] => Task 17, Epoch 20/20 => Loss 0.222, Train_accy 94.39
2026-06-09 20:09:26,446 [ease.py] => Task correct: 71.5594681997844
2026-06-09 20:09:26,467 [ease.py] => Task acc: 95.90370104204096
2026-06-09 20:09:27,135 [trainer.py] => No NME accuracy.
2026-06-09 20:09:27,135 [trainer.py] => CNN: {'total': 71.25, '00-99': 67.64, '100-104': 71.71, '105-109': 78.03, '110-114': 70.71, '115-119': 88.14, '120-124': 69.38, '125-129': 54.95, '130-134': 69.06, '135-139': 89.31, '140-144': 90.2, '145-149': 75.46, '150-154': 81.48, '155-159': 69.36, '160-164': 58.42, '165-169': 65.12, '170-174': 81.68, '175-179': 76.92, '180-184': 66.9, 'old': 71.37, 'new': 66.9}
2026-06-09 20:09:27,136 [trainer.py] => CNN top1 curve: [81.14, 79.6, 78.59, 77.35, 75.58, 74.95, 74.36, 74.13, 73.56, 73.43, 72.82, 72.79, 72.39, 72.09, 71.54, 71.68, 71.52, 71.25]
2026-06-09 20:09:27,136 [trainer.py] => CNN top5 curve: [93.4, 93.21, 92.81, 92.31, 91.66, 91.12, 90.45, 89.79, 89.53, 89.54, 89.11, 88.87, 88.31, 87.83, 87.53, 87.41, 87.22, 87.12]
2026-06-09 20:09:27,136 [trainer.py] => Average Accuracy (CNN): 74.38
2026-06-09 20:09:27,136 [trainer.py] => All params: 88664258
2026-06-09 20:09:27,137 [trainer.py] => Trainable params: 304320
2026-06-09 20:09:27,177 [ease.py] => Learning on 185-190
2026-06-09 20:16:48,063 [ease.py] => Task 18, Epoch 20/20 => Loss 0.212, Train_accy 95.08
2026-06-09 20:52:38,957 [ease.py] => Task correct: 71.12934194449294
2026-06-09 20:52:38,973 [ease.py] => Task acc: 95.89806248909059
2026-06-09 20:52:39,537 [trainer.py] => No NME accuracy.
2026-06-09 20:52:39,537 [trainer.py] => CNN: {'total': 70.83, '00-99': 66.93, '100-104': 71.05, '105-109': 78.03, '110-114': 70.0, '115-119': 88.14, '120-124': 69.38, '125-129': 54.95, '130-134': 69.06, '135-139': 89.31, '140-144': 90.2, '145-149': 74.85, '150-154': 80.95, '155-159': 69.36, '160-164': 58.42, '165-169': 65.12, '170-174': 80.92, '175-179': 76.07, '180-184': 64.83, '185-189': 74.85, 'old': 70.72, 'new': 74.85}
2026-06-09 20:52:39,537 [trainer.py] => CNN top1 curve: [81.14, 79.6, 78.59, 77.35, 75.58, 74.95, 74.36, 74.13, 73.56, 73.43, 72.82, 72.79, 72.39, 72.09, 71.54, 71.68, 71.52, 71.25, 70.83]
2026-06-09 20:52:39,537 [trainer.py] => CNN top5 curve: [93.4, 93.21, 92.81, 92.31, 91.66, 91.12, 90.45, 89.79, 89.53, 89.54, 89.11, 88.87, 88.31, 87.83, 87.53, 87.41, 87.22, 87.12, 87.0]
2026-06-09 20:52:39,537 [trainer.py] => Average Accuracy (CNN): 74.19
2026-06-09 20:52:39,538 [trainer.py] => All params: 88879298
2026-06-09 20:52:39,539 [trainer.py] => Trainable params: 304320
2026-06-09 20:52:39,575 [ease.py] => Learning on 190-195
2026-06-09 21:00:07,145 [ease.py] => Task 19, Epoch 20/20 => Loss 0.167, Train_accy 95.65
2026-06-09 21:39:13,713 [ease.py] => Task correct: 70.67822539520652
2026-06-09 21:39:13,751 [ease.py] => Task acc: 95.95444501104879
2026-06-09 21:39:14,313 [trainer.py] => No NME accuracy.
2026-06-09 21:39:14,314 [trainer.py] => CNN: {'total': 70.39, '00-99': 66.83, '100-104': 71.05, '105-109': 78.03, '110-114': 69.29, '115-119': 87.71, '120-124': 69.38, '125-129': 54.95, '130-134': 69.06, '135-139': 89.31, '140-144': 89.71, '145-149': 74.85, '150-154': 80.95, '155-159': 69.36, '160-164': 58.42, '165-169': 65.12, '170-174': 80.92, '175-179': 76.07, '180-184': 63.45, '185-189': 74.23, '190-194': 59.74, 'old': 70.68, 'new': 59.74}
2026-06-09 21:39:14,314 [trainer.py] => CNN top1 curve: [81.14, 79.6, 78.59, 77.35, 75.58, 74.95, 74.36, 74.13, 73.56, 73.43, 72.82, 72.79, 72.39, 72.09, 71.54, 71.68, 71.52, 71.25, 70.83, 70.39]
2026-06-09 21:39:14,314 [trainer.py] => CNN top5 curve: [93.4, 93.21, 92.81, 92.31, 91.66, 91.12, 90.45, 89.79, 89.53, 89.54, 89.11, 88.87, 88.31, 87.83, 87.53, 87.41, 87.22, 87.12, 87.0, 86.47]
2026-06-09 21:39:14,314 [trainer.py] => Average Accuracy (CNN): 74.0
2026-06-09 21:39:14,315 [trainer.py] => All params: 89102018
2026-06-09 21:39:14,315 [trainer.py] => Trainable params: 304320
2026-06-09 21:39:14,360 [ease.py] => Learning on 195-200
2026-06-09 21:46:05,418 [ease.py] => Task 20, Epoch 20/20 => Loss 0.175, Train_accy 95.28
2026-06-09 22:27:19,575 [ease.py] => Task correct: 70.75
2026-06-09 22:27:19,614 [ease.py] => Task acc: 96.0
2026-06-09 22:27:20,193 [trainer.py] => No NME accuracy.
2026-06-09 22:27:20,194 [trainer.py] => CNN: {'total': 70.47, '00-99': 66.73, '100-104': 71.05, '105-109': 78.03, '110-114': 69.29, '115-119': 87.71, '120-124': 68.75, '125-129': 54.05, '130-134': 68.35, '135-139': 89.31, '140-144': 89.71, '145-149': 74.85, '150-154': 80.42, '155-159': 69.36, '160-164': 58.42, '165-169': 64.34, '170-174': 80.15, '175-179': 76.07, '180-184': 62.76, '185-189': 74.23, '190-194': 59.09, '195-199': 83.76, 'old': 70.2, 'new': 83.76}
2026-06-09 22:27:20,194 [trainer.py] => CNN top1 curve: [81.14, 79.6, 78.59, 77.35, 75.58, 74.95, 74.36, 74.13, 73.56, 73.43, 72.82, 72.79, 72.39, 72.09, 71.54, 71.68, 71.52, 71.25, 70.83, 70.39, 70.47]
2026-06-09 22:27:20,194 [trainer.py] => CNN top5 curve: [93.4, 93.21, 92.81, 92.31, 91.66, 91.12, 90.45, 89.79, 89.53, 89.54, 89.11, 88.87, 88.31, 87.83, 87.53, 87.41, 87.22, 87.12, 87.0, 86.47, 86.4]
2026-06-09 22:27:20,194 [trainer.py] => Average Accuracy (CNN): 73.83
