2026-06-14 02:58:47,103 [trainer.py] => config: ./configs/ease/ease_ina_B100_Inc20.json
2026-06-14 02:58:47,103 [trainer.py] => prefix:  
2026-06-14 02:58:47,103 [trainer.py] => dataset: imageneta
2026-06-14 02:58:47,103 [trainer.py] => memory_size: 0
2026-06-14 02:58:47,104 [trainer.py] => memory_per_class: 0
2026-06-14 02:58:47,104 [trainer.py] => fixed_memory: False
2026-06-14 02:58:47,104 [trainer.py] => shuffle: True
2026-06-14 02:58:47,104 [trainer.py] => init_cls: 100
2026-06-14 02:58:47,104 [trainer.py] => increment: 20
2026-06-14 02:58:47,104 [trainer.py] => model_name: ease
2026-06-14 02:58:47,104 [trainer.py] => backbone_type: vit_base_patch16_224_in21k_ease
2026-06-14 02:58:47,104 [trainer.py] => device: [device(type='cuda', index=3)]
2026-06-14 02:58:47,104 [trainer.py] => seed: 1994
2026-06-14 02:58:47,104 [trainer.py] => init_epochs: 20
2026-06-14 02:58:47,104 [trainer.py] => init_lr: 0.05
2026-06-14 02:58:47,104 [trainer.py] => later_epochs: 20
2026-06-14 02:58:47,104 [trainer.py] => later_lr: 0.05
2026-06-14 02:58:47,104 [trainer.py] => batch_size: 32
2026-06-14 02:58:47,104 [trainer.py] => weight_decay: 0.005
2026-06-14 02:58:47,104 [trainer.py] => min_lr: 0
2026-06-14 02:58:47,104 [trainer.py] => optimizer: sgd
2026-06-14 02:58:47,104 [trainer.py] => scheduler: cosine
2026-06-14 02:58:47,104 [trainer.py] => pretrained: True
2026-06-14 02:58:47,104 [trainer.py] => vpt_type: Deep
2026-06-14 02:58:47,104 [trainer.py] => prompt_token_num: 5
2026-06-14 02:58:47,104 [trainer.py] => ffn_num: 16
2026-06-14 02:58:47,104 [trainer.py] => use_diagonal: False
2026-06-14 02:58:47,104 [trainer.py] => recalc_sim: True
2026-06-14 02:58:47,105 [trainer.py] => alpha: 0.1
2026-06-14 02:58:47,105 [trainer.py] => use_init_ptm: False
2026-06-14 02:58:47,105 [trainer.py] => beta: 0
2026-06-14 02:58:47,105 [trainer.py] => use_old_data: False
2026-06-14 02:58:47,105 [trainer.py] => use_reweight: True
2026-06-14 02:58:47,105 [trainer.py] => moni_adam: False
2026-06-14 02:58:47,105 [trainer.py] => adapter_num: -1
2026-06-14 02:58:47,105 [trainer.py] => nb_classes: 200
2026-06-14 02:58:47,105 [trainer.py] => nb_tasks: 6
2026-06-14 02:58:47,616 [data_manager.py] => [85, 41, 23, 28, 70, 87, 134, 151, 51, 159, 178, 119, 50, 117, 73, 95, 86, 147, 63, 22, 79, 175, 40, 155, 174, 54, 132, 72, 124, 157, 93, 26, 196, 74, 44, 15, 169, 122, 88, 171, 184, 6, 18, 145, 48, 197, 64, 172, 126, 96, 11, 55, 193, 66, 128, 21, 77, 113, 140, 116, 141, 133, 120, 29, 115, 14, 103, 127, 114, 19, 9, 38, 33, 195, 81, 35, 69, 181, 47, 129, 112, 168, 198, 71, 101, 188, 68, 90, 158, 163, 52, 8, 185, 59, 154, 92, 56, 183, 32, 136, 65, 45, 46, 173, 189, 108, 102, 144, 0, 107, 187, 100, 98, 192, 43, 161, 104, 75, 150, 166, 121, 60, 160, 3, 143, 153, 62, 142, 61, 110, 194, 97, 25, 177, 179, 17, 49, 31, 94, 111, 16, 53, 91, 58, 135, 83, 2, 12, 13, 165, 42, 36, 186, 105, 1, 7, 149, 170, 27, 24, 78, 167, 137, 138, 118, 10, 139, 164, 20, 57, 123, 199, 89, 130, 82, 162, 176, 148, 109, 125, 67, 106, 37, 146, 131, 180, 156, 39, 5, 84, 4, 190, 152, 191, 30, 76, 80, 34, 99, 182]
2026-06-14 02:58:53,130 [trainer.py] => All params: 86102976
2026-06-14 02:58:53,130 [trainer.py] => Trainable params: 304320
2026-06-14 02:58:53,187 [ease.py] => Learning on 0-100
2026-06-14 03:31:49,341 [ease.py] => Task 0, Epoch 20/20 => Loss 0.825, Train_accy 83.76
2026-06-14 03:32:53,235 [ease.py] => Task correct: 78.06451612903226
2026-06-14 03:32:53,254 [ease.py] => Task acc: 84.90322580645162
2026-06-14 03:32:53,685 [trainer.py] => No NME accuracy.
2026-06-14 03:32:53,685 [trainer.py] => CNN: {'total': 73.55, '00-99': 73.55, 'old': 0, 'new': 73.55}
2026-06-14 03:32:53,685 [trainer.py] => CNN top1 curve: [73.55]
2026-06-14 03:32:53,685 [trainer.py] => CNN top5 curve: [91.35]
2026-06-14 03:32:53,685 [trainer.py] => Average Accuracy (CNN): 73.55
2026-06-14 03:32:53,686 [trainer.py] => All params: 86256578
2026-06-14 03:32:53,687 [trainer.py] => Trainable params: 304320
2026-06-14 03:32:53,713 [ease.py] => Learning on 100-120
2026-06-14 03:38:49,414 [ease.py] => Task 1, Epoch 20/20 => Loss 0.562, Train_accy 90.38
2026-06-14 03:39:38,282 [ease.py] => Task correct: 71.17516629711751
2026-06-14 03:39:38,299 [ease.py] => Task acc: 82.59423503325942
2026-06-14 03:39:38,759 [trainer.py] => No NME accuracy.
2026-06-14 03:39:38,759 [trainer.py] => CNN: {'total': 66.74, '00-99': 67.87, '100-119': 59.84, 'old': 67.87, 'new': 59.84}
2026-06-14 03:39:38,759 [trainer.py] => CNN top1 curve: [73.55, 66.74]
2026-06-14 03:39:38,759 [trainer.py] => CNN top5 curve: [91.35, 87.03]
2026-06-14 03:39:38,759 [trainer.py] => Average Accuracy (CNN): 70.14
2026-06-14 03:39:38,760 [trainer.py] => All params: 86302658
2026-06-14 03:39:38,761 [trainer.py] => Trainable params: 304320
2026-06-14 03:39:38,794 [ease.py] => Learning on 120-140
2026-06-14 03:46:02,465 [ease.py] => Task 2, Epoch 20/20 => Loss 0.497, Train_accy 92.40
2026-06-14 03:47:24,409 [ease.py] => Task correct: 67.64985727878211
2026-06-14 03:47:24,410 [ease.py] => Task acc: 81.44624167459563
2026-06-14 03:47:24,854 [trainer.py] => No NME accuracy.
2026-06-14 03:47:24,854 [trainer.py] => CNN: {'total': 63.18, '00-99': 64.13, '100-119': 53.54, '120-139': 66.44, 'old': 62.64, 'new': 66.44}
2026-06-14 03:47:24,854 [trainer.py] => CNN top1 curve: [73.55, 66.74, 63.18]
2026-06-14 03:47:24,854 [trainer.py] => CNN top5 curve: [91.35, 87.03, 84.21]
2026-06-14 03:47:24,854 [trainer.py] => Average Accuracy (CNN): 67.82
2026-06-14 03:47:24,855 [trainer.py] => All params: 86440898
2026-06-14 03:47:24,855 [trainer.py] => Trainable params: 304320
2026-06-14 03:47:24,882 [ease.py] => Learning on 140-160
2026-06-14 03:57:45,738 [ease.py] => Task 3, Epoch 20/20 => Loss 0.422, Train_accy 91.48
2026-06-14 04:00:15,161 [ease.py] => Task correct: 63.665086887835706
2026-06-14 04:00:15,197 [ease.py] => Task acc: 81.83254344391786
2026-06-14 04:00:15,749 [trainer.py] => No NME accuracy.
2026-06-14 04:00:15,749 [trainer.py] => CNN: {'total': 59.48, '00-99': 58.19, '100-119': 47.24, '120-139': 56.38, '140-159': 73.49, 'old': 56.61, 'new': 73.49}
2026-06-14 04:00:15,749 [trainer.py] => CNN top1 curve: [73.55, 66.74, 63.18, 59.48]
2026-06-14 04:00:15,749 [trainer.py] => CNN top5 curve: [91.35, 87.03, 84.21, 83.1]
2026-06-14 04:00:15,749 [trainer.py] => Average Accuracy (CNN): 65.74
2026-06-14 04:00:15,750 [trainer.py] => All params: 86609858
2026-06-14 04:00:15,751 [trainer.py] => Trainable params: 304320
2026-06-14 04:00:15,777 [ease.py] => Learning on 160-180
2026-06-14 04:07:03,625 [ease.py] => Task 4, Epoch 20/20 => Loss 0.566, Train_accy 90.95
2026-06-14 04:09:53,274 [ease.py] => Task correct: 59.7153024911032
2026-06-14 04:09:53,306 [ease.py] => Task acc: 81.28113879003558
2026-06-14 04:09:53,868 [trainer.py] => No NME accuracy.
2026-06-14 04:09:53,868 [trainer.py] => CNN: {'total': 56.09, '00-99': 57.16, '100-119': 46.46, '120-139': 55.7, '140-159': 72.09, '160-179': 34.53, 'old': 58.45, 'new': 34.53}
2026-06-14 04:09:53,868 [trainer.py] => CNN top1 curve: [73.55, 66.74, 63.18, 59.48, 56.09]
2026-06-14 04:09:53,868 [trainer.py] => CNN top5 curve: [91.35, 87.03, 84.21, 83.1, 80.93]
2026-06-14 04:09:53,868 [trainer.py] => Average Accuracy (CNN): 63.81
2026-06-14 04:09:53,869 [trainer.py] => All params: 86809538
2026-06-14 04:09:53,869 [trainer.py] => Trainable params: 304320
2026-06-14 04:09:53,891 [ease.py] => Learning on 180-200
2026-06-14 04:14:52,089 [ease.py] => Task 5, Epoch 20/20 => Loss 0.491, Train_accy 93.76
2026-06-14 04:17:48,824 [ease.py] => Task correct: 58.196181698485844
2026-06-14 04:17:48,859 [ease.py] => Task acc: 80.84265964450296
2026-06-14 04:17:49,309 [trainer.py] => No NME accuracy.
2026-06-14 04:17:49,309 [trainer.py] => CNN: {'total': 54.77, '00-99': 57.03, '100-119': 45.67, '120-139': 54.36, '140-159': 70.7, '160-179': 34.53, '180-199': 44.74, 'old': 55.59, 'new': 44.74}
2026-06-14 04:17:49,309 [trainer.py] => CNN top1 curve: [73.55, 66.74, 63.18, 59.48, 56.09, 54.77]
2026-06-14 04:17:49,310 [trainer.py] => CNN top5 curve: [91.35, 87.03, 84.21, 83.1, 80.93, 79.72]
2026-06-14 04:17:49,310 [trainer.py] => Average Accuracy (CNN): 62.3
