2026-06-08 23:23:23,598 [trainer.py] => config: ./configs/ease/ease_inr_B100_Inc5.json
2026-06-08 23:23:23,599 [trainer.py] => prefix:  
2026-06-08 23:23:23,599 [trainer.py] => dataset: imagenetr
2026-06-08 23:23:23,599 [trainer.py] => memory_size: 0
2026-06-08 23:23:23,599 [trainer.py] => memory_per_class: 0
2026-06-08 23:23:23,599 [trainer.py] => fixed_memory: False
2026-06-08 23:23:23,599 [trainer.py] => shuffle: True
2026-06-08 23:23:23,599 [trainer.py] => init_cls: 100
2026-06-08 23:23:23,599 [trainer.py] => increment: 5
2026-06-08 23:23:23,600 [trainer.py] => model_name: ease
2026-06-08 23:23:23,600 [trainer.py] => backbone_type: vit_base_patch16_224_in21k_ease
2026-06-08 23:23:23,600 [trainer.py] => device: [device(type='cuda', index=3)]
2026-06-08 23:23:23,600 [trainer.py] => seed: 42
2026-06-08 23:23:23,600 [trainer.py] => init_epochs: 20
2026-06-08 23:23:23,600 [trainer.py] => init_lr: 0.05
2026-06-08 23:23:23,600 [trainer.py] => later_epochs: 20
2026-06-08 23:23:23,600 [trainer.py] => later_lr: 0.05
2026-06-08 23:23:23,600 [trainer.py] => batch_size: 16
2026-06-08 23:23:23,600 [trainer.py] => weight_decay: 0.005
2026-06-08 23:23:23,601 [trainer.py] => min_lr: 0
2026-06-08 23:23:23,601 [trainer.py] => optimizer: sgd
2026-06-08 23:23:23,601 [trainer.py] => scheduler: cosine
2026-06-08 23:23:23,601 [trainer.py] => pretrained: True
2026-06-08 23:23:23,601 [trainer.py] => vpt_type: Deep
2026-06-08 23:23:23,601 [trainer.py] => prompt_token_num: 5
2026-06-08 23:23:23,601 [trainer.py] => ffn_num: 16
2026-06-08 23:23:23,601 [trainer.py] => use_diagonal: False
2026-06-08 23:23:23,601 [trainer.py] => recalc_sim: True
2026-06-08 23:23:23,601 [trainer.py] => alpha: 0.1
2026-06-08 23:23:23,602 [trainer.py] => use_init_ptm: False
2026-06-08 23:23:23,602 [trainer.py] => beta: 0
2026-06-08 23:23:23,602 [trainer.py] => use_old_data: False
2026-06-08 23:23:23,602 [trainer.py] => use_reweight: True
2026-06-08 23:23:23,602 [trainer.py] => moni_adam: False
2026-06-08 23:23:23,602 [trainer.py] => adapter_num: -1
2026-06-08 23:23:24,634 [data_manager.py] => [95, 15, 30, 158, 128, 115, 69, 170, 174, 45, 66, 182, 165, 78, 186, 177, 56, 152, 82, 68, 124, 16, 148, 93, 65, 60, 84, 67, 125, 132, 9, 18, 55, 75, 150, 104, 135, 137, 164, 76, 79, 197, 38, 24, 122, 195, 29, 19, 143, 86, 114, 173, 5, 126, 117, 73, 140, 98, 172, 96, 169, 97, 31, 12, 35, 119, 42, 189, 90, 136, 51, 127, 162, 41, 118, 113, 26, 139, 100, 111, 2, 77, 46, 187, 191, 85, 161, 36, 190, 61, 22, 141, 101, 33, 11, 194, 159, 6, 27, 120, 4, 32, 142, 145, 109, 144, 10, 62, 112, 146, 166, 0, 198, 153, 70, 123, 64, 44, 163, 28, 40, 108, 155, 156, 25, 23, 184, 147, 81, 39, 168, 47, 94, 154, 43, 138, 3, 105, 53, 133, 180, 178, 185, 49, 80, 34, 7, 110, 91, 83, 176, 181, 89, 8, 13, 59, 171, 131, 17, 72, 175, 134, 167, 183, 63, 54, 107, 50, 196, 58, 48, 88, 21, 57, 160, 192, 129, 37, 157, 193, 1, 52, 149, 130, 151, 103, 99, 116, 87, 74, 121, 199, 20, 188, 71, 106, 14, 92, 179, 102]
2026-06-08 23:23:43,974 [trainer.py] => All params: 86102976
2026-06-08 23:23:43,986 [trainer.py] => Trainable params: 304320
2026-06-08 23:23:44,035 [ease.py] => Learning on 0-100
2026-06-09 01:56:22,159 [ease.py] => Task 0, Epoch 20/20 => Loss 1.086, Train_accy 76.14
2026-06-09 02:01:21,475 [ease.py] => Task correct: 82.9004329004329
2026-06-09 02:01:21,507 [ease.py] => Task acc: 95.17625231910947
2026-06-09 02:01:22,045 [trainer.py] => No NME accuracy.
2026-06-09 02:01:22,045 [trainer.py] => CNN: {'total': 82.34, '00-99': 82.34, 'old': 0, 'new': 82.34}
2026-06-09 02:01:22,045 [trainer.py] => CNN top1 curve: [82.34]
2026-06-09 02:01:22,045 [trainer.py] => CNN top5 curve: [93.44]
2026-06-09 02:01:22,045 [trainer.py] => Average Accuracy (CNN): 82.34
2026-06-09 02:01:22,046 [trainer.py] => All params: 86256578
2026-06-09 02:01:22,047 [trainer.py] => Trainable params: 304320
2026-06-09 02:01:22,076 [ease.py] => Learning on 100-105
2026-06-09 02:07:54,783 [ease.py] => Task 1, Epoch 20/20 => Loss 0.173, Train_accy 95.36
2026-06-09 02:10:24,542 [ease.py] => Task correct: 81.9323960514508
2026-06-09 02:10:24,570 [ease.py] => Task acc: 95.12413999401736
2026-06-09 02:10:25,108 [trainer.py] => No NME accuracy.
2026-06-09 02:10:25,108 [trainer.py] => CNN: {'total': 81.39, '00-99': 81.32, '100-104': 83.49, 'old': 81.32, 'new': 83.49}
2026-06-09 02:10:25,108 [trainer.py] => CNN top1 curve: [82.34, 81.39]
2026-06-09 02:10:25,108 [trainer.py] => CNN top5 curve: [93.44, 92.88]
2026-06-09 02:10:25,109 [trainer.py] => Average Accuracy (CNN): 81.87
2026-06-09 02:10:25,109 [trainer.py] => All params: 86268098
2026-06-09 02:10:25,110 [trainer.py] => Trainable params: 304320
2026-06-09 02:10:25,143 [ease.py] => Learning on 105-110
2026-06-09 02:16:46,185 [ease.py] => Task 2, Epoch 20/20 => Loss 0.183, Train_accy 95.13
2026-06-09 02:20:31,771 [ease.py] => Task correct: 80.86152067071409
2026-06-09 02:20:31,788 [ease.py] => Task acc: 95.25874530211044
2026-06-09 02:20:32,355 [trainer.py] => No NME accuracy.
2026-06-09 02:20:32,355 [trainer.py] => CNN: {'total': 80.37, '00-99': 80.02, '100-104': 81.65, '105-109': 88.79, 'old': 80.08, 'new': 88.79}
2026-06-09 02:20:32,355 [trainer.py] => CNN top1 curve: [82.34, 81.39, 80.37]
2026-06-09 02:20:32,355 [trainer.py] => CNN top5 curve: [93.44, 92.88, 92.37]
2026-06-09 02:20:32,355 [trainer.py] => Average Accuracy (CNN): 81.37
2026-06-09 02:20:32,356 [trainer.py] => All params: 86360258
2026-06-09 02:20:32,356 [trainer.py] => Trainable params: 304320
2026-06-09 02:20:32,390 [ease.py] => Learning on 110-115
2026-06-09 02:29:00,357 [ease.py] => Task 3, Epoch 20/20 => Loss 0.196, Train_accy 94.74
2026-06-09 02:34:17,598 [ease.py] => Task correct: 78.99090157154673
2026-06-09 02:34:17,633 [ease.py] => Task acc: 95.28535980148884
2026-06-09 02:34:18,199 [trainer.py] => No NME accuracy.
2026-06-09 02:34:18,199 [trainer.py] => CNN: {'total': 78.6, '00-99': 77.71, '100-104': 78.9, '105-109': 87.93, '110-114': 89.29, 'old': 78.09, 'new': 89.29}
2026-06-09 02:34:18,200 [trainer.py] => CNN top1 curve: [82.34, 81.39, 80.37, 78.6]
2026-06-09 02:34:18,200 [trainer.py] => CNN top5 curve: [93.44, 92.88, 92.37, 91.76]
2026-06-09 02:34:18,200 [trainer.py] => Average Accuracy (CNN): 80.68
2026-06-09 02:34:18,200 [trainer.py] => All params: 86460098
2026-06-09 02:34:18,201 [trainer.py] => Trainable params: 304320
2026-06-09 02:34:18,234 [ease.py] => Learning on 115-120
2026-06-09 02:41:38,721 [ease.py] => Task 4, Epoch 20/20 => Loss 0.161, Train_accy 96.26
2026-06-09 02:48:20,466 [ease.py] => Task correct: 78.26433121019109
2026-06-09 02:48:20,480 [ease.py] => Task acc: 95.43524416135881
2026-06-09 02:48:21,034 [trainer.py] => No NME accuracy.
2026-06-09 02:48:21,034 [trainer.py] => CNN: {'total': 77.95, '00-99': 76.47, '100-104': 76.15, '105-109': 87.93, '110-114': 88.1, '115-119': 92.91, 'old': 77.36, 'new': 92.91}
2026-06-09 02:48:21,034 [trainer.py] => CNN top1 curve: [82.34, 81.39, 80.37, 78.6, 77.95]
2026-06-09 02:48:21,034 [trainer.py] => CNN top5 curve: [93.44, 92.88, 92.37, 91.76, 91.51]
2026-06-09 02:48:21,034 [trainer.py] => Average Accuracy (CNN): 80.13
2026-06-09 02:48:21,035 [trainer.py] => All params: 86567618
2026-06-09 02:48:21,036 [trainer.py] => Trainable params: 304320
2026-06-09 02:48:21,063 [ease.py] => Learning on 120-125
2026-06-09 02:55:16,256 [ease.py] => Task 5, Epoch 20/20 => Loss 0.202, Train_accy 94.43
2026-06-09 03:03:04,307 [ease.py] => Task correct: 77.40199846272098
2026-06-09 03:03:04,331 [ease.py] => Task acc: 95.51626953625416
2026-06-09 03:03:04,892 [trainer.py] => No NME accuracy.
2026-06-09 03:03:04,893 [trainer.py] => CNN: {'total': 77.07, '00-99': 75.42, '100-104': 76.15, '105-109': 87.93, '110-114': 86.9, '115-119': 91.49, '120-124': 80.74, 'old': 76.94, 'new': 80.74}
2026-06-09 03:03:04,893 [trainer.py] => CNN top1 curve: [82.34, 81.39, 80.37, 78.6, 77.95, 77.07]
2026-06-09 03:03:04,893 [trainer.py] => CNN top5 curve: [93.44, 92.88, 92.37, 91.76, 91.51, 91.11]
2026-06-09 03:03:04,893 [trainer.py] => Average Accuracy (CNN): 79.62
2026-06-09 03:03:04,894 [trainer.py] => All params: 86682818
2026-06-09 03:03:04,894 [trainer.py] => Trainable params: 304320
2026-06-09 03:03:04,928 [ease.py] => Learning on 125-130
2026-06-09 03:08:10,270 [ease.py] => Task 6, Epoch 20/20 => Loss 0.287, Train_accy 93.25
2026-06-09 03:17:28,081 [ease.py] => Task correct: 76.10486891385767
2026-06-09 03:17:28,118 [ease.py] => Task acc: 95.40574282147315
2026-06-09 03:17:28,466 [trainer.py] => No NME accuracy.
2026-06-09 03:17:28,466 [trainer.py] => CNN: {'total': 75.78, '00-99': 74.37, '100-104': 75.23, '105-109': 87.93, '110-114': 86.9, '115-119': 90.78, '120-124': 80.74, '125-129': 61.76, 'old': 76.15, 'new': 61.76}
2026-06-09 03:17:28,466 [trainer.py] => CNN top1 curve: [82.34, 81.39, 80.37, 78.6, 77.95, 77.07, 75.78]
2026-06-09 03:17:28,466 [trainer.py] => CNN top5 curve: [93.44, 92.88, 92.37, 91.76, 91.51, 91.11, 90.11]
2026-06-09 03:17:28,466 [trainer.py] => Average Accuracy (CNN): 79.07
2026-06-09 03:17:28,467 [trainer.py] => All params: 86805698
2026-06-09 03:17:28,468 [trainer.py] => Trainable params: 304320
2026-06-09 03:17:28,487 [ease.py] => Learning on 130-135
2026-06-09 03:23:02,663 [ease.py] => Task 7, Epoch 20/20 => Loss 0.162, Train_accy 94.85
2026-06-09 03:34:09,709 [ease.py] => Task correct: 75.46071774975752
2026-06-09 03:34:09,733 [ease.py] => Task acc: 95.4898157129001
2026-06-09 03:34:10,281 [trainer.py] => No NME accuracy.
2026-06-09 03:34:10,282 [trainer.py] => CNN: {'total': 75.15, '00-99': 73.69, '100-104': 73.39, '105-109': 87.93, '110-114': 86.9, '115-119': 90.78, '120-124': 80.0, '125-129': 57.84, '130-134': 78.15, 'old': 75.06, 'new': 78.15}
2026-06-09 03:34:10,282 [trainer.py] => CNN top1 curve: [82.34, 81.39, 80.37, 78.6, 77.95, 77.07, 75.78, 75.15]
2026-06-09 03:34:10,282 [trainer.py] => CNN top5 curve: [93.44, 92.88, 92.37, 91.76, 91.51, 91.11, 90.11, 90.06]
2026-06-09 03:34:10,282 [trainer.py] => Average Accuracy (CNN): 78.58
2026-06-09 03:34:10,282 [trainer.py] => All params: 86936258
2026-06-09 03:34:10,283 [trainer.py] => Trainable params: 304320
2026-06-09 03:34:10,316 [ease.py] => Learning on 135-140
2026-06-09 03:40:38,917 [ease.py] => Task 8, Epoch 20/20 => Loss 0.248, Train_accy 94.04
2026-06-09 03:53:17,493 [ease.py] => Task correct: 75.03503035964502
2026-06-09 03:53:17,524 [ease.py] => Task acc: 95.51611396543672
2026-06-09 03:53:18,075 [trainer.py] => No NME accuracy.
2026-06-09 03:53:18,075 [trainer.py] => CNN: {'total': 74.73, '00-99': 73.13, '100-104': 72.48, '105-109': 87.93, '110-114': 86.31, '115-119': 90.07, '120-124': 80.0, '125-129': 56.86, '130-134': 78.15, '135-139': 77.85, 'old': 74.61, 'new': 77.85}
2026-06-09 03:53:18,075 [trainer.py] => CNN top1 curve: [82.34, 81.39, 80.37, 78.6, 77.95, 77.07, 75.78, 75.15, 74.73]
2026-06-09 03:53:18,075 [trainer.py] => CNN top5 curve: [93.44, 92.88, 92.37, 91.76, 91.51, 91.11, 90.11, 90.06, 89.65]
2026-06-09 03:53:18,075 [trainer.py] => Average Accuracy (CNN): 78.15
2026-06-09 03:53:18,076 [trainer.py] => All params: 87074498
2026-06-09 03:53:18,076 [trainer.py] => Trainable params: 304320
2026-06-09 03:53:18,110 [ease.py] => Learning on 140-145
2026-06-09 04:02:15,613 [ease.py] => Task 9, Epoch 20/20 => Loss 0.203, Train_accy 94.77
2026-06-09 04:17:55,358 [ease.py] => Task correct: 75.32642953624493
2026-06-09 04:17:55,386 [ease.py] => Task acc: 95.54254840162089
2026-06-09 04:17:55,969 [trainer.py] => No NME accuracy.
2026-06-09 04:17:55,970 [trainer.py] => CNN: {'total': 74.97, '00-99': 72.97, '100-104': 72.48, '105-109': 87.93, '110-114': 85.71, '115-119': 90.07, '120-124': 80.0, '125-129': 55.88, '130-134': 78.15, '135-139': 77.85, '140-144': 85.62, 'old': 74.57, 'new': 85.62}
2026-06-09 04:17:55,970 [trainer.py] => CNN top1 curve: [82.34, 81.39, 80.37, 78.6, 77.95, 77.07, 75.78, 75.15, 74.73, 74.97]
2026-06-09 04:17:55,970 [trainer.py] => CNN top5 curve: [93.44, 92.88, 92.37, 91.76, 91.51, 91.11, 90.11, 90.06, 89.65, 89.64]
2026-06-09 04:17:55,970 [trainer.py] => Average Accuracy (CNN): 77.84
2026-06-09 04:17:55,971 [trainer.py] => All params: 87220418
2026-06-09 04:17:55,971 [trainer.py] => Trainable params: 304320
2026-06-09 04:17:56,004 [ease.py] => Learning on 145-150
2026-06-09 04:23:22,974 [ease.py] => Task 10, Epoch 20/20 => Loss 0.208, Train_accy 94.34
2026-06-09 04:40:03,139 [ease.py] => Task correct: 74.97258170651459
2026-06-09 04:40:03,176 [ease.py] => Task acc: 95.52533450318052
2026-06-09 04:40:03,660 [trainer.py] => No NME accuracy.
2026-06-09 04:40:03,661 [trainer.py] => CNN: {'total': 74.62, '00-99': 72.7, '100-104': 72.48, '105-109': 87.93, '110-114': 85.71, '115-119': 90.07, '120-124': 79.26, '125-129': 53.92, '130-134': 78.15, '135-139': 77.85, '140-144': 84.38, '145-149': 73.5, 'old': 74.65, 'new': 73.5}
2026-06-09 04:40:03,661 [trainer.py] => CNN top1 curve: [82.34, 81.39, 80.37, 78.6, 77.95, 77.07, 75.78, 75.15, 74.73, 74.97, 74.62]
2026-06-09 04:40:03,661 [trainer.py] => CNN top5 curve: [93.44, 92.88, 92.37, 91.76, 91.51, 91.11, 90.11, 90.06, 89.65, 89.64, 89.47]
2026-06-09 04:40:03,661 [trainer.py] => Average Accuracy (CNN): 77.54
2026-06-09 04:40:03,662 [trainer.py] => All params: 87374018
2026-06-09 04:40:03,662 [trainer.py] => Trainable params: 304320
2026-06-09 04:40:03,689 [ease.py] => Learning on 150-155
2026-06-09 04:48:06,542 [ease.py] => Task 11, Epoch 20/20 => Loss 0.176, Train_accy 95.25
2026-06-09 05:07:05,262 [ease.py] => Task correct: 74.67573889007016
2026-06-09 05:07:05,291 [ease.py] => Task acc: 95.57729109079311
2026-06-09 05:07:05,860 [trainer.py] => No NME accuracy.
2026-06-09 05:07:05,860 [trainer.py] => CNN: {'total': 74.31, '00-99': 72.2, '100-104': 72.48, '105-109': 87.93, '110-114': 85.12, '115-119': 90.07, '120-124': 79.26, '125-129': 53.92, '130-134': 78.15, '135-139': 75.95, '140-144': 81.88, '145-149': 73.5, '150-154': 81.25, 'old': 74.1, 'new': 81.25}
2026-06-09 05:07:05,861 [trainer.py] => CNN top1 curve: [82.34, 81.39, 80.37, 78.6, 77.95, 77.07, 75.78, 75.15, 74.73, 74.97, 74.62, 74.31]
2026-06-09 05:07:05,861 [trainer.py] => CNN top5 curve: [93.44, 92.88, 92.37, 91.76, 91.51, 91.11, 90.11, 90.06, 89.65, 89.64, 89.47, 89.26]
2026-06-09 05:07:05,861 [trainer.py] => Average Accuracy (CNN): 77.27
2026-06-09 05:07:05,861 [trainer.py] => All params: 87535298
2026-06-09 05:07:05,862 [trainer.py] => Trainable params: 304320
2026-06-09 05:07:05,895 [ease.py] => Learning on 155-160
2026-06-09 05:14:35,641 [ease.py] => Task 12, Epoch 20/20 => Loss 0.140, Train_accy 95.55
2026-06-09 05:35:50,431 [ease.py] => Task correct: 74.53198930261263
2026-06-09 05:35:50,492 [ease.py] => Task acc: 95.65932935609956
2026-06-09 05:35:51,067 [trainer.py] => No NME accuracy.
2026-06-09 05:35:51,068 [trainer.py] => CNN: {'total': 74.2, '00-99': 71.55, '100-104': 71.56, '105-109': 87.93, '110-114': 84.52, '115-119': 90.07, '120-124': 77.78, '125-129': 52.94, '130-134': 78.15, '135-139': 75.95, '140-144': 81.25, '145-149': 71.79, '150-154': 80.56, '155-159': 89.87, 'old': 73.68, 'new': 89.87}
2026-06-09 05:35:51,068 [trainer.py] => CNN top1 curve: [82.34, 81.39, 80.37, 78.6, 77.95, 77.07, 75.78, 75.15, 74.73, 74.97, 74.62, 74.31, 74.2]
2026-06-09 05:35:51,068 [trainer.py] => CNN top5 curve: [93.44, 92.88, 92.37, 91.76, 91.51, 91.11, 90.11, 90.06, 89.65, 89.64, 89.47, 89.26, 89.3]
2026-06-09 05:35:51,068 [trainer.py] => Average Accuracy (CNN): 77.04
2026-06-09 05:35:51,068 [trainer.py] => All params: 87704258
2026-06-09 05:35:51,069 [trainer.py] => Trainable params: 304320
2026-06-09 05:35:51,103 [ease.py] => Learning on 160-165
2026-06-09 05:45:55,732 [ease.py] => Task 13, Epoch 20/20 => Loss 0.219, Train_accy 93.75
2026-06-09 06:10:20,415 [ease.py] => Task correct: 73.97423191278493
2026-06-09 06:10:20,448 [ease.py] => Task acc: 95.599603567889
2026-06-09 06:10:20,989 [trainer.py] => No NME accuracy.
2026-06-09 06:10:20,989 [trainer.py] => CNN: {'total': 73.64, '00-99': 70.81, '100-104': 70.64, '105-109': 87.93, '110-114': 83.33, '115-119': 90.07, '120-124': 74.81, '125-129': 48.04, '130-134': 75.63, '135-139': 75.95, '140-144': 80.62, '145-149': 70.94, '150-154': 80.56, '155-159': 89.87, '160-164': 80.98, 'old': 73.36, 'new': 80.98}
2026-06-09 06:10:20,990 [trainer.py] => CNN top1 curve: [82.34, 81.39, 80.37, 78.6, 77.95, 77.07, 75.78, 75.15, 74.73, 74.97, 74.62, 74.31, 74.2, 73.64]
2026-06-09 06:10:20,990 [trainer.py] => CNN top5 curve: [93.44, 92.88, 92.37, 91.76, 91.51, 91.11, 90.11, 90.06, 89.65, 89.64, 89.47, 89.26, 89.3, 88.86]
2026-06-09 06:10:20,990 [trainer.py] => Average Accuracy (CNN): 76.79
2026-06-09 06:10:20,990 [trainer.py] => All params: 87880898
2026-06-09 06:10:20,991 [trainer.py] => Trainable params: 304320
2026-06-09 06:10:21,024 [ease.py] => Learning on 165-170
2026-06-09 06:16:10,625 [ease.py] => Task 14, Epoch 20/20 => Loss 0.207, Train_accy 92.92
2026-06-09 06:41:22,728 [ease.py] => Task correct: 73.09556115526264
2026-06-09 06:41:22,757 [ease.py] => Task acc: 95.61930606706726
2026-06-09 06:41:23,319 [trainer.py] => No NME accuracy.
2026-06-09 06:41:23,320 [trainer.py] => CNN: {'total': 72.8, '00-99': 70.22, '100-104': 70.64, '105-109': 87.07, '110-114': 81.55, '115-119': 90.07, '120-124': 73.33, '125-129': 48.04, '130-134': 73.11, '135-139': 75.95, '140-144': 80.62, '145-149': 70.09, '150-154': 79.17, '155-159': 88.61, '160-164': 80.98, '165-169': 64.91, 'old': 72.98, 'new': 64.91}
2026-06-09 06:41:23,320 [trainer.py] => CNN top1 curve: [82.34, 81.39, 80.37, 78.6, 77.95, 77.07, 75.78, 75.15, 74.73, 74.97, 74.62, 74.31, 74.2, 73.64, 72.8]
2026-06-09 06:41:23,320 [trainer.py] => CNN top5 curve: [93.44, 92.88, 92.37, 91.76, 91.51, 91.11, 90.11, 90.06, 89.65, 89.64, 89.47, 89.26, 89.3, 88.86, 88.39]
2026-06-09 06:41:23,320 [trainer.py] => Average Accuracy (CNN): 76.53
2026-06-09 06:41:23,321 [trainer.py] => All params: 88065218
2026-06-09 06:41:23,321 [trainer.py] => Trainable params: 304320
2026-06-09 06:41:23,366 [ease.py] => Learning on 170-175
2026-06-09 06:51:18,373 [ease.py] => Task 15, Epoch 20/20 => Loss 0.131, Train_accy 97.03
2026-06-09 07:21:24,490 [ease.py] => Task correct: 73.38289962825279
2026-06-09 07:21:24,522 [ease.py] => Task acc: 95.68773234200744
2026-06-09 07:21:25,092 [trainer.py] => No NME accuracy.
2026-06-09 07:21:25,093 [trainer.py] => CNN: {'total': 73.07, '00-99': 69.76, '100-104': 70.64, '105-109': 87.93, '110-114': 80.95, '115-119': 90.07, '120-124': 73.33, '125-129': 48.04, '130-134': 72.27, '135-139': 75.95, '140-144': 80.62, '145-149': 70.09, '150-154': 77.78, '155-159': 86.71, '160-164': 80.98, '165-169': 64.91, '170-174': 88.69, 'old': 72.4, 'new': 88.69}
2026-06-09 07:21:25,093 [trainer.py] => CNN top1 curve: [82.34, 81.39, 80.37, 78.6, 77.95, 77.07, 75.78, 75.15, 74.73, 74.97, 74.62, 74.31, 74.2, 73.64, 72.8, 73.07]
2026-06-09 07:21:25,093 [trainer.py] => CNN top5 curve: [93.44, 92.88, 92.37, 91.76, 91.51, 91.11, 90.11, 90.06, 89.65, 89.64, 89.47, 89.26, 89.3, 88.86, 88.39, 88.42]
2026-06-09 07:21:25,093 [trainer.py] => Average Accuracy (CNN): 76.31
2026-06-09 07:21:25,094 [trainer.py] => All params: 88257218
2026-06-09 07:21:25,094 [trainer.py] => Trainable params: 304320
2026-06-09 07:21:25,135 [ease.py] => Learning on 175-180
2026-06-09 07:26:27,081 [ease.py] => Task 16, Epoch 20/20 => Loss 0.241, Train_accy 94.79
2026-06-09 07:56:27,200 [ease.py] => Task correct: 72.99123447772097
2026-06-09 07:56:27,235 [ease.py] => Task acc: 95.6172388604821
2026-06-09 07:56:27,811 [trainer.py] => No NME accuracy.
2026-06-09 07:56:27,811 [trainer.py] => CNN: {'total': 72.7, '00-99': 69.36, '100-104': 71.56, '105-109': 87.93, '110-114': 80.95, '115-119': 90.07, '120-124': 73.33, '125-129': 48.04, '130-134': 70.59, '135-139': 75.95, '140-144': 80.62, '145-149': 70.09, '150-154': 77.78, '155-159': 86.71, '160-164': 80.98, '165-169': 65.79, '170-174': 89.14, '175-179': 64.58, 'old': 72.84, 'new': 64.58}
2026-06-09 07:56:27,811 [trainer.py] => CNN top1 curve: [82.34, 81.39, 80.37, 78.6, 77.95, 77.07, 75.78, 75.15, 74.73, 74.97, 74.62, 74.31, 74.2, 73.64, 72.8, 73.07, 72.7]
2026-06-09 07:56:27,811 [trainer.py] => CNN top5 curve: [93.44, 92.88, 92.37, 91.76, 91.51, 91.11, 90.11, 90.06, 89.65, 89.64, 89.47, 89.26, 89.3, 88.86, 88.39, 88.42, 88.11]
2026-06-09 07:56:27,812 [trainer.py] => Average Accuracy (CNN): 76.1
2026-06-09 07:56:27,812 [trainer.py] => All params: 88456898
2026-06-09 07:56:27,813 [trainer.py] => Trainable params: 304320
2026-06-09 07:56:27,858 [ease.py] => Learning on 180-185
2026-06-09 08:01:51,448 [ease.py] => Task 17, Epoch 20/20 => Loss 0.221, Train_accy 94.66
2026-06-09 08:34:42,086 [ease.py] => Task correct: 72.32749374329639
2026-06-09 08:34:42,117 [ease.py] => Task acc: 95.51304969610297
2026-06-09 08:34:42,698 [trainer.py] => No NME accuracy.
2026-06-09 08:34:42,698 [trainer.py] => CNN: {'total': 72.02, '00-99': 68.8, '100-104': 71.56, '105-109': 86.21, '110-114': 80.95, '115-119': 89.36, '120-124': 73.33, '125-129': 48.04, '130-134': 70.59, '135-139': 75.32, '140-144': 80.62, '145-149': 70.09, '150-154': 77.78, '155-159': 86.71, '160-164': 80.43, '165-169': 65.79, '170-174': 89.14, '175-179': 63.54, '180-184': 61.02, 'old': 72.26, 'new': 61.02}
2026-06-09 08:34:42,698 [trainer.py] => CNN top1 curve: [82.34, 81.39, 80.37, 78.6, 77.95, 77.07, 75.78, 75.15, 74.73, 74.97, 74.62, 74.31, 74.2, 73.64, 72.8, 73.07, 72.7, 72.02]
2026-06-09 08:34:42,698 [trainer.py] => CNN top5 curve: [93.44, 92.88, 92.37, 91.76, 91.51, 91.11, 90.11, 90.06, 89.65, 89.64, 89.47, 89.26, 89.3, 88.86, 88.39, 88.42, 88.11, 87.83]
2026-06-09 08:34:42,698 [trainer.py] => Average Accuracy (CNN): 75.87
2026-06-09 08:34:42,699 [trainer.py] => All params: 88664258
2026-06-09 08:34:42,700 [trainer.py] => Trainable params: 304320
2026-06-09 08:34:42,745 [ease.py] => Learning on 185-190
2026-06-09 08:41:41,196 [ease.py] => Task 18, Epoch 20/20 => Loss 0.134, Train_accy 96.08
2026-06-09 09:17:54,519 [ease.py] => Task correct: 72.14635854341736
2026-06-09 09:17:54,549 [ease.py] => Task acc: 95.58823529411765
2026-06-09 09:17:55,114 [trainer.py] => No NME accuracy.
2026-06-09 09:17:55,115 [trainer.py] => CNN: {'total': 71.85, '00-99': 68.46, '100-104': 70.64, '105-109': 86.21, '110-114': 80.95, '115-119': 89.36, '120-124': 73.33, '125-129': 47.06, '130-134': 70.59, '135-139': 74.05, '140-144': 80.62, '145-149': 70.09, '150-154': 77.78, '155-159': 86.08, '160-164': 79.89, '165-169': 64.91, '170-174': 88.69, '175-179': 63.54, '180-184': 59.32, '185-189': 81.36, 'old': 71.65, 'new': 81.36}
2026-06-09 09:17:55,115 [trainer.py] => CNN top1 curve: [82.34, 81.39, 80.37, 78.6, 77.95, 77.07, 75.78, 75.15, 74.73, 74.97, 74.62, 74.31, 74.2, 73.64, 72.8, 73.07, 72.7, 72.02, 71.85]
2026-06-09 09:17:55,115 [trainer.py] => CNN top5 curve: [93.44, 92.88, 92.37, 91.76, 91.51, 91.11, 90.11, 90.06, 89.65, 89.64, 89.47, 89.26, 89.3, 88.86, 88.39, 88.42, 88.11, 87.83, 87.66]
2026-06-09 09:17:55,115 [trainer.py] => Average Accuracy (CNN): 75.66
2026-06-09 09:17:55,116 [trainer.py] => All params: 88879298
2026-06-09 09:17:55,116 [trainer.py] => Trainable params: 304320
2026-06-09 09:17:55,161 [ease.py] => Learning on 190-195
2026-06-09 09:26:36,776 [ease.py] => Task 19, Epoch 20/20 => Loss 0.199, Train_accy 95.55
2026-06-09 10:06:10,597 [ease.py] => Task correct: 71.92803801765105
2026-06-09 10:06:10,626 [ease.py] => Task acc: 95.55329260013578
2026-06-09 10:06:11,156 [trainer.py] => No NME accuracy.
2026-06-09 10:06:11,156 [trainer.py] => CNN: {'total': 71.62, '00-99': 68.06, '100-104': 70.64, '105-109': 86.21, '110-114': 80.36, '115-119': 89.36, '120-124': 72.59, '125-129': 47.06, '130-134': 70.59, '135-139': 73.42, '140-144': 80.0, '145-149': 70.09, '150-154': 77.78, '155-159': 85.44, '160-164': 79.35, '165-169': 64.91, '170-174': 88.24, '175-179': 62.5, '180-184': 59.32, '185-189': 81.36, '190-194': 76.11, 'old': 71.48, 'new': 76.11}
2026-06-09 10:06:11,156 [trainer.py] => CNN top1 curve: [82.34, 81.39, 80.37, 78.6, 77.95, 77.07, 75.78, 75.15, 74.73, 74.97, 74.62, 74.31, 74.2, 73.64, 72.8, 73.07, 72.7, 72.02, 71.85, 71.62]
2026-06-09 10:06:11,156 [trainer.py] => CNN top5 curve: [93.44, 92.88, 92.37, 91.76, 91.51, 91.11, 90.11, 90.06, 89.65, 89.64, 89.47, 89.26, 89.3, 88.86, 88.39, 88.42, 88.11, 87.83, 87.66, 87.39]
2026-06-09 10:06:11,157 [trainer.py] => Average Accuracy (CNN): 75.46
2026-06-09 10:06:11,157 [trainer.py] => All params: 89102018
2026-06-09 10:06:11,158 [trainer.py] => Trainable params: 304320
2026-06-09 10:06:11,193 [ease.py] => Learning on 195-200
2026-06-09 10:11:36,707 [ease.py] => Task 20, Epoch 20/20 => Loss 0.240, Train_accy 93.32
2026-06-09 10:52:37,272 [ease.py] => Task correct: 71.91666666666667
2026-06-09 10:52:37,291 [ease.py] => Task acc: 95.5
2026-06-09 10:52:37,852 [trainer.py] => No NME accuracy.
2026-06-09 10:52:37,853 [trainer.py] => CNN: {'total': 71.6, '00-99': 67.93, '100-104': 70.64, '105-109': 86.21, '110-114': 80.36, '115-119': 89.36, '120-124': 72.59, '125-129': 47.06, '130-134': 70.59, '135-139': 73.42, '140-144': 80.0, '145-149': 70.09, '150-154': 77.08, '155-159': 85.44, '160-164': 79.35, '165-169': 64.04, '170-174': 88.24, '175-179': 62.5, '180-184': 59.32, '185-189': 81.36, '190-194': 76.11, '195-199': 75.93, 'old': 71.52, 'new': 75.93}
2026-06-09 10:52:37,853 [trainer.py] => CNN top1 curve: [82.34, 81.39, 80.37, 78.6, 77.95, 77.07, 75.78, 75.15, 74.73, 74.97, 74.62, 74.31, 74.2, 73.64, 72.8, 73.07, 72.7, 72.02, 71.85, 71.62, 71.6]
2026-06-09 10:52:37,853 [trainer.py] => CNN top5 curve: [93.44, 92.88, 92.37, 91.76, 91.51, 91.11, 90.11, 90.06, 89.65, 89.64, 89.47, 89.26, 89.3, 88.86, 88.39, 88.42, 88.11, 87.83, 87.66, 87.39, 87.23]
2026-06-09 10:52:37,853 [trainer.py] => Average Accuracy (CNN): 75.28
