2026-07-30 06:28:26,924 [trainer.py] => prefix:  
2026-07-30 06:28:26,924 [trainer.py] => dataset: vtab
2026-07-30 06:28:26,924 [trainer.py] => memory_size: 0
2026-07-30 06:28:26,924 [trainer.py] => memory_per_class: 0
2026-07-30 06:28:26,924 [trainer.py] => fixed_memory: False
2026-07-30 06:28:26,924 [trainer.py] => shuffle: True
2026-07-30 06:28:26,925 [trainer.py] => init_cls: 10
2026-07-30 06:28:26,925 [trainer.py] => increment: 10
2026-07-30 06:28:26,925 [trainer.py] => model_name: ease
2026-07-30 06:28:26,925 [trainer.py] => backbone_type: vit_base_patch16_224_in21k_ease
2026-07-30 06:28:26,925 [trainer.py] => device: [device(type='cuda', index=2)]
2026-07-30 06:28:26,925 [trainer.py] => seed: 2026
2026-07-30 06:28:26,925 [trainer.py] => init_epochs: 45
2026-07-30 06:28:26,925 [trainer.py] => init_lr: 0.03
2026-07-30 06:28:26,925 [trainer.py] => later_epochs: 45
2026-07-30 06:28:26,925 [trainer.py] => later_lr: 0.03
2026-07-30 06:28:26,925 [trainer.py] => batch_size: 16
2026-07-30 06:28:26,925 [trainer.py] => weight_decay: 0.005
2026-07-30 06:28:26,925 [trainer.py] => min_lr: 0
2026-07-30 06:28:26,925 [trainer.py] => optimizer: sgd
2026-07-30 06:28:26,926 [trainer.py] => scheduler: cosine
2026-07-30 06:28:26,926 [trainer.py] => pretrained: True
2026-07-30 06:28:26,926 [trainer.py] => vpt_type: Deep
2026-07-30 06:28:26,926 [trainer.py] => prompt_token_num: 5
2026-07-30 06:28:26,926 [trainer.py] => ffn_num: 16
2026-07-30 06:28:26,926 [trainer.py] => use_diagonal: False
2026-07-30 06:28:26,926 [trainer.py] => recalc_sim: True
2026-07-30 06:28:26,926 [trainer.py] => alpha: 0.1
2026-07-30 06:28:26,926 [trainer.py] => use_init_ptm: False
2026-07-30 06:28:26,926 [trainer.py] => beta: 0
2026-07-30 06:28:26,926 [trainer.py] => use_old_data: False
2026-07-30 06:28:26,926 [trainer.py] => use_reweight: True
2026-07-30 06:28:26,926 [trainer.py] => moni_adam: False
2026-07-30 06:28:26,926 [trainer.py] => adapter_num: -1
2026-07-30 06:28:26,927 [trainer.py] => data_path: /home/team/zhaohongwei/Dataset/vtab
2026-07-30 06:28:26,961 [data_manager.py] => [18, 38, 10, 11, 40, 33, 39, 14, 41, 24, 47, 42, 31, 37, 3, 22, 0, 8, 44, 23, 21, 15, 34, 9, 17, 30, 19, 4, 25, 48, 16, 49, 20, 35, 36, 7, 32, 27, 45, 2, 43, 12, 5, 28, 29, 46, 13, 26, 6, 1]
