2026-06-27 21:56:02,025 [trainer.py] => config: ./configs/icarl/icarl_omn_B150_Inc5.json
2026-06-27 21:56:02,026 [trainer.py] => prefix: reproduce
2026-06-27 21:56:02,026 [trainer.py] => dataset: omnibenchmark
2026-06-27 21:56:02,026 [trainer.py] => memory_size: 6000
2026-06-27 21:56:02,026 [trainer.py] => memory_per_class: 20
2026-06-27 21:56:02,026 [trainer.py] => fixed_memory: True
2026-06-27 21:56:02,026 [trainer.py] => shuffle: True
2026-06-27 21:56:02,027 [trainer.py] => init_cls: 150
2026-06-27 21:56:02,027 [trainer.py] => increment: 5
2026-06-27 21:56:02,027 [trainer.py] => model_name: icarl
2026-06-27 21:56:02,027 [trainer.py] => backbone_type: vit_base_patch16_224_in21k
2026-06-27 21:56:02,027 [trainer.py] => device: [device(type='cuda', index=2)]
2026-06-27 21:56:02,027 [trainer.py] => seed: 42
2026-06-27 21:56:02,027 [trainer.py] => init_epoch: 20
2026-06-27 21:56:02,028 [trainer.py] => init_lr: 0.001
2026-06-27 21:56:02,028 [trainer.py] => init_milestones: [60, 120, 170]
2026-06-27 21:56:02,028 [trainer.py] => init_lr_decay: 0.1
2026-06-27 21:56:02,028 [trainer.py] => init_weight_decay: 0.0005
2026-06-27 21:56:02,028 [trainer.py] => epochs: 20
2026-06-27 21:56:02,028 [trainer.py] => lrate: 0.001
2026-06-27 21:56:02,028 [trainer.py] => milestones: [80, 120]
2026-06-27 21:56:02,029 [trainer.py] => lrate_decay: 0.1
2026-06-27 21:56:02,029 [trainer.py] => batch_size: 48
2026-06-27 21:56:02,029 [trainer.py] => weight_decay: 0.0002
2026-06-27 21:56:02,029 [trainer.py] => T: 2
2026-06-27 21:56:03,662 [data_manager.py] => [203, 266, 152, 9, 233, 226, 196, 109, 5, 175, 237, 57, 218, 45, 182, 221, 289, 211, 148, 165, 78, 113, 249, 250, 104, 42, 281, 295, 157, 238, 17, 164, 33, 24, 215, 119, 7, 90, 46, 73, 93, 76, 286, 60, 77, 63, 234, 229, 111, 231, 180, 144, 239, 75, 297, 278, 97, 92, 192, 25, 232, 59, 6, 185, 173, 30, 22, 256, 56, 186, 108, 126, 230, 193, 129, 282, 82, 84, 66, 288, 163, 154, 19, 124, 79, 114, 118, 72, 15, 10, 194, 101, 68, 224, 37, 16, 179, 147, 274, 67, 228, 69, 31, 183, 265, 225, 140, 18, 181, 96, 132, 262, 86, 248, 245, 116, 146, 292, 197, 206, 55, 172, 184, 167, 139, 253, 38, 125, 195, 283, 137, 112, 168, 117, 277, 271, 155, 176, 178, 2, 115, 143, 177, 120, 210, 260, 127, 74, 29, 83, 269, 107, 223, 158, 280, 246, 222, 65, 198, 85, 213, 159, 12, 35, 28, 142, 284, 254, 170, 51, 95, 208, 247, 41, 89, 244, 136, 26, 293, 141, 200, 0, 268, 272, 100, 259, 255, 171, 98, 36, 61, 150, 236, 202, 242, 11, 296, 267, 27, 219, 4, 122, 32, 204, 162, 209, 285, 138, 62, 135, 128, 290, 8, 70, 264, 64, 44, 279, 156, 40, 123, 275, 216, 153, 23, 261, 110, 81, 207, 212, 39, 240, 291, 258, 199, 14, 47, 94, 263, 227, 273, 201, 161, 43, 217, 145, 190, 220, 251, 3, 105, 53, 133, 1, 131, 103, 49, 80, 205, 34, 91, 52, 241, 13, 88, 166, 294, 134, 287, 243, 54, 50, 174, 189, 298, 187, 169, 58, 48, 235, 252, 21, 160, 276, 191, 257, 149, 130, 151, 99, 87, 214, 121, 299, 20, 188, 71, 106, 270, 102]
2026-06-27 21:56:19,922 [trainer.py] => All params: 85798656
2026-06-27 21:56:19,922 [trainer.py] => Trainable params: 85798656
2026-06-27 21:56:19,923 [icarl.py] => Learning on 0-150
2026-06-27 23:51:29,937 [icarl.py] => Task 0, Epoch 20/20 => Loss 0.323, Train_accy 90.51
2026-06-27 23:51:29,953 [base.py] => Constructing exemplars for new classes...(20 per classes)
2026-06-27 23:58:54,923 [icarl.py] => Exemplar size: 3000
2026-06-27 23:58:54,954 [trainer.py] => CNN: {'total': 85.92, '00-149': 85.92, 'old': 0, 'new': 85.92}
2026-06-27 23:58:54,954 [trainer.py] => NME: {'total': 86.35, '00-149': 86.35, 'old': 0, 'new': 86.35}
2026-06-27 23:58:54,954 [trainer.py] => CNN top1 curve: [85.92]
2026-06-27 23:58:54,954 [trainer.py] => CNN top5 curve: [97.02]
2026-06-27 23:58:54,954 [trainer.py] => NME top1 curve: [86.35]
2026-06-27 23:58:54,954 [trainer.py] => NME top5 curve: [97.36]
2026-06-27 23:58:54,955 [trainer.py] => Average Accuracy (CNN): 85.92
2026-06-27 23:58:54,955 [trainer.py] => Average Accuracy (NME): 86.35
2026-06-27 23:58:54,955 [trainer.py] => All params: 85914006
2026-06-27 23:58:54,956 [trainer.py] => Trainable params: 85914006
2026-06-27 23:58:54,958 [icarl.py] => Learning on 150-155
2026-06-28 00:14:39,087 [icarl.py] => Task 1, Epoch 20/20 => Loss 1.742, Train_accy 95.90
2026-06-28 00:14:39,106 [base.py] => Constructing exemplars for new classes...(20 per classes)
2026-06-28 00:16:14,665 [icarl.py] => Exemplar size: 3100
2026-06-28 00:16:14,665 [trainer.py] => CNN: {'total': 85.66, '00-149': 85.28, '150-154': 97.0, 'old': 85.28, 'new': 97.0}
2026-06-28 00:16:14,665 [trainer.py] => NME: {'total': 86.18, '00-149': 86.12, '150-154': 88.0, 'old': 86.12, 'new': 88.0}
2026-06-28 00:16:14,665 [trainer.py] => CNN top1 curve: [85.92, 85.66]
2026-06-28 00:16:14,665 [trainer.py] => CNN top5 curve: [97.02, 97.22]
2026-06-28 00:16:14,665 [trainer.py] => NME top1 curve: [86.35, 86.18]
2026-06-28 00:16:14,665 [trainer.py] => NME top5 curve: [97.36, 97.67]
2026-06-28 00:16:14,665 [trainer.py] => Average Accuracy (CNN): 85.79
2026-06-28 00:16:14,665 [trainer.py] => Average Accuracy (NME): 86.26
2026-06-28 00:16:14,666 [trainer.py] => All params: 85917851
2026-06-28 00:16:14,666 [trainer.py] => Trainable params: 85917851
2026-06-28 00:16:14,668 [icarl.py] => Learning on 155-160
2026-06-28 00:32:25,869 [icarl.py] => Task 2, Epoch 20/20 => Loss 1.385, Train_accy 95.82
2026-06-28 00:32:25,888 [base.py] => Constructing exemplars for new classes...(20 per classes)
2026-06-28 00:34:14,541 [icarl.py] => Exemplar size: 3200
2026-06-28 00:34:14,542 [trainer.py] => CNN: {'total': 83.23, '00-149': 82.37, '150-154': 93.0, '155-159': 99.0, 'old': 82.72, 'new': 99.0}
2026-06-28 00:34:14,542 [trainer.py] => NME: {'total': 84.95, '00-149': 84.98, '150-154': 88.0, '155-159': 81.0, 'old': 85.08, 'new': 81.0}
2026-06-28 00:34:14,542 [trainer.py] => CNN top1 curve: [85.92, 85.66, 83.23]
2026-06-28 00:34:14,542 [trainer.py] => CNN top5 curve: [97.02, 97.22, 96.74]
2026-06-28 00:34:14,542 [trainer.py] => NME top1 curve: [86.35, 86.18, 84.95]
2026-06-28 00:34:14,542 [trainer.py] => NME top5 curve: [97.36, 97.67, 97.21]
2026-06-28 00:34:14,542 [trainer.py] => Average Accuracy (CNN): 84.94
2026-06-28 00:34:14,542 [trainer.py] => Average Accuracy (NME): 85.83
2026-06-28 00:34:14,542 [trainer.py] => All params: 85921696
2026-06-28 00:34:14,543 [trainer.py] => Trainable params: 85921696
2026-06-28 00:34:14,545 [icarl.py] => Learning on 160-165
2026-06-28 00:50:25,164 [icarl.py] => Task 3, Epoch 20/20 => Loss 1.490, Train_accy 96.94
2026-06-28 00:50:25,183 [base.py] => Constructing exemplars for new classes...(20 per classes)
2026-06-28 00:52:06,707 [icarl.py] => Exemplar size: 3300
2026-06-28 00:52:06,719 [trainer.py] => CNN: {'total': 82.25, '00-149': 81.2, '150-154': 93.0, '155-159': 89.0, '160-164': 96.0, 'old': 81.82, 'new': 96.0}
2026-06-28 00:52:06,719 [trainer.py] => NME: {'total': 83.65, '00-149': 83.68, '150-154': 86.0, '155-159': 76.0, '160-164': 88.0, 'old': 83.51, 'new': 88.0}
2026-06-28 00:52:06,719 [trainer.py] => CNN top1 curve: [85.92, 85.66, 83.23, 82.25]
2026-06-28 00:52:06,719 [trainer.py] => CNN top5 curve: [97.02, 97.22, 96.74, 96.2]
2026-06-28 00:52:06,719 [trainer.py] => NME top1 curve: [86.35, 86.18, 84.95, 83.65]
2026-06-28 00:52:06,719 [trainer.py] => NME top5 curve: [97.36, 97.67, 97.21, 97.02]
2026-06-28 00:52:06,719 [trainer.py] => Average Accuracy (CNN): 84.26
2026-06-28 00:52:06,719 [trainer.py] => Average Accuracy (NME): 85.28
2026-06-28 00:52:06,720 [trainer.py] => All params: 85925541
2026-06-28 00:52:06,720 [trainer.py] => Trainable params: 85925541
2026-06-28 00:52:06,722 [icarl.py] => Learning on 165-170
2026-06-28 01:09:12,851 [icarl.py] => Task 4, Epoch 20/20 => Loss 1.552, Train_accy 97.54
2026-06-28 01:09:12,874 [base.py] => Constructing exemplars for new classes...(20 per classes)
2026-06-28 01:11:08,580 [icarl.py] => Exemplar size: 3400
2026-06-28 01:11:08,598 [trainer.py] => CNN: {'total': 80.59, '00-149': 79.03, '150-154': 93.0, '155-159': 84.0, '160-164': 93.0, '165-169': 99.0, 'old': 80.03, 'new': 99.0}
2026-06-28 01:11:08,598 [trainer.py] => NME: {'total': 83.33, '00-149': 83.08, '150-154': 89.0, '155-159': 76.0, '160-164': 89.0, '165-169': 87.0, 'old': 83.22, 'new': 87.0}
2026-06-28 01:11:08,598 [trainer.py] => CNN top1 curve: [85.92, 85.66, 83.23, 82.25, 80.59]
2026-06-28 01:11:08,598 [trainer.py] => CNN top5 curve: [97.02, 97.22, 96.74, 96.2, 95.96]
2026-06-28 01:11:08,598 [trainer.py] => NME top1 curve: [86.35, 86.18, 84.95, 83.65, 83.33]
2026-06-28 01:11:08,598 [trainer.py] => NME top5 curve: [97.36, 97.67, 97.21, 97.02, 96.93]
2026-06-28 01:11:08,598 [trainer.py] => Average Accuracy (CNN): 83.53
2026-06-28 01:11:08,598 [trainer.py] => Average Accuracy (NME): 84.89
2026-06-28 01:11:08,599 [trainer.py] => All params: 85929386
2026-06-28 01:11:08,599 [trainer.py] => Trainable params: 85929386
2026-06-28 01:11:08,601 [icarl.py] => Learning on 170-175
2026-06-28 01:28:45,854 [icarl.py] => Task 5, Epoch 20/20 => Loss 1.404, Train_accy 97.37
2026-06-28 01:28:45,870 [base.py] => Constructing exemplars for new classes...(20 per classes)
2026-06-28 01:30:32,698 [icarl.py] => Exemplar size: 3500
2026-06-28 01:30:32,698 [trainer.py] => CNN: {'total': 76.42, '00-149': 74.72, '150-154': 90.0, '155-159': 67.0, '160-164': 91.0, '165-169': 95.0, '170-174': 90.0, 'old': 76.02, 'new': 90.0}
2026-06-28 01:30:32,698 [trainer.py] => NME: {'total': 82.32, '00-149': 82.71, '150-154': 87.0, '155-159': 68.0, '160-164': 89.0, '165-169': 89.0, '170-174': 67.0, 'old': 82.77, 'new': 67.0}
2026-06-28 01:30:32,698 [trainer.py] => CNN top1 curve: [85.92, 85.66, 83.23, 82.25, 80.59, 76.42]
2026-06-28 01:30:32,698 [trainer.py] => CNN top5 curve: [97.02, 97.22, 96.74, 96.2, 95.96, 94.79]
2026-06-28 01:30:32,698 [trainer.py] => NME top1 curve: [86.35, 86.18, 84.95, 83.65, 83.33, 82.32]
2026-06-28 01:30:32,698 [trainer.py] => NME top5 curve: [97.36, 97.67, 97.21, 97.02, 96.93, 96.33]
2026-06-28 01:30:32,698 [trainer.py] => Average Accuracy (CNN): 82.34
2026-06-28 01:30:32,698 [trainer.py] => Average Accuracy (NME): 84.46
2026-06-28 01:30:32,699 [trainer.py] => All params: 85933231
2026-06-28 01:30:32,699 [trainer.py] => Trainable params: 85933231
2026-06-28 01:30:32,701 [icarl.py] => Learning on 175-180
2026-06-28 01:48:10,138 [icarl.py] => Task 6, Epoch 20/20 => Loss 1.480, Train_accy 97.81
2026-06-28 01:48:10,154 [base.py] => Constructing exemplars for new classes...(20 per classes)
2026-06-28 01:50:08,475 [icarl.py] => Exemplar size: 3600
2026-06-28 01:50:08,475 [trainer.py] => CNN: {'total': 75.4, '00-149': 73.01, '150-154': 89.0, '155-159': 69.0, '160-164': 91.0, '165-169': 90.0, '170-174': 90.0, '175-179': 94.95, 'old': 74.84, 'new': 94.95}
2026-06-28 01:50:08,475 [trainer.py] => NME: {'total': 81.42, '00-149': 81.74, '150-154': 87.0, '155-159': 71.0, '160-164': 88.0, '165-169': 86.0, '170-174': 60.0, '175-179': 86.87, 'old': 81.26, 'new': 86.87}
2026-06-28 01:50:08,475 [trainer.py] => CNN top1 curve: [85.92, 85.66, 83.23, 82.25, 80.59, 76.42, 75.4]
2026-06-28 01:50:08,475 [trainer.py] => CNN top5 curve: [97.02, 97.22, 96.74, 96.2, 95.96, 94.79, 93.98]
2026-06-28 01:50:08,475 [trainer.py] => NME top1 curve: [86.35, 86.18, 84.95, 83.65, 83.33, 82.32, 81.42]
2026-06-28 01:50:08,475 [trainer.py] => NME top5 curve: [97.36, 97.67, 97.21, 97.02, 96.93, 96.33, 96.13]
2026-06-28 01:50:08,475 [trainer.py] => Average Accuracy (CNN): 81.35
2026-06-28 01:50:08,476 [trainer.py] => Average Accuracy (NME): 84.03
2026-06-28 01:50:08,476 [trainer.py] => All params: 85937076
2026-06-28 01:50:08,476 [trainer.py] => Trainable params: 85937076
2026-06-28 01:50:08,478 [icarl.py] => Learning on 180-185
2026-06-28 02:08:06,577 [icarl.py] => Task 7, Epoch 20/20 => Loss 1.646, Train_accy 98.18
2026-06-28 02:08:06,598 [base.py] => Constructing exemplars for new classes...(20 per classes)
2026-06-28 02:10:02,416 [icarl.py] => Exemplar size: 3700
2026-06-28 02:10:02,416 [trainer.py] => CNN: {'total': 75.52, '00-149': 73.28, '150-154': 85.0, '155-159': 70.0, '160-164': 86.0, '165-169': 89.0, '170-174': 83.0, '175-179': 92.93, '180-184': 89.9, 'old': 75.12, 'new': 89.9}
2026-06-28 02:10:02,416 [trainer.py] => NME: {'total': 80.4, '00-149': 80.6, '150-154': 86.0, '155-159': 70.0, '160-164': 86.0, '165-169': 86.0, '170-174': 61.0, '175-179': 81.82, '180-184': 85.86, 'old': 80.25, 'new': 85.86}
2026-06-28 02:10:02,417 [trainer.py] => CNN top1 curve: [85.92, 85.66, 83.23, 82.25, 80.59, 76.42, 75.4, 75.52]
2026-06-28 02:10:02,417 [trainer.py] => CNN top5 curve: [97.02, 97.22, 96.74, 96.2, 95.96, 94.79, 93.98, 93.52]
2026-06-28 02:10:02,417 [trainer.py] => NME top1 curve: [86.35, 86.18, 84.95, 83.65, 83.33, 82.32, 81.42, 80.4]
2026-06-28 02:10:02,417 [trainer.py] => NME top5 curve: [97.36, 97.67, 97.21, 97.02, 96.93, 96.33, 96.13, 95.96]
2026-06-28 02:10:02,417 [trainer.py] => Average Accuracy (CNN): 80.62
2026-06-28 02:10:02,417 [trainer.py] => Average Accuracy (NME): 83.57
2026-06-28 02:10:02,417 [trainer.py] => All params: 85940921
2026-06-28 02:10:02,418 [trainer.py] => Trainable params: 85940921
2026-06-28 02:10:02,420 [icarl.py] => Learning on 185-190
2026-06-28 02:28:08,304 [icarl.py] => Task 8, Epoch 20/20 => Loss 1.414, Train_accy 98.22
2026-06-28 02:28:08,305 [base.py] => Constructing exemplars for new classes...(20 per classes)
2026-06-28 02:29:51,925 [icarl.py] => Exemplar size: 3800
2026-06-28 02:29:51,926 [trainer.py] => CNN: {'total': 74.33, '00-149': 72.01, '150-154': 81.0, '155-159': 67.0, '160-164': 77.0, '165-169': 89.0, '170-174': 79.0, '175-179': 88.89, '180-184': 85.86, '185-189': 96.97, 'old': 73.73, 'new': 96.97}
2026-06-28 02:29:51,926 [trainer.py] => NME: {'total': 80.12, '00-149': 80.07, '150-154': 86.0, '155-159': 68.0, '160-164': 82.0, '165-169': 85.0, '170-174': 63.0, '175-179': 82.83, '180-184': 83.84, '185-189': 91.92, 'old': 79.8, 'new': 91.92}
2026-06-28 02:29:51,926 [trainer.py] => CNN top1 curve: [85.92, 85.66, 83.23, 82.25, 80.59, 76.42, 75.4, 75.52, 74.33]
2026-06-28 02:29:51,926 [trainer.py] => CNN top5 curve: [97.02, 97.22, 96.74, 96.2, 95.96, 94.79, 93.98, 93.52, 92.71]
2026-06-28 02:29:51,926 [trainer.py] => NME top1 curve: [86.35, 86.18, 84.95, 83.65, 83.33, 82.32, 81.42, 80.4, 80.12]
2026-06-28 02:29:51,926 [trainer.py] => NME top5 curve: [97.36, 97.67, 97.21, 97.02, 96.93, 96.33, 96.13, 95.96, 95.41]
2026-06-28 02:29:51,926 [trainer.py] => Average Accuracy (CNN): 79.92
2026-06-28 02:29:51,926 [trainer.py] => Average Accuracy (NME): 83.19
2026-06-28 02:29:51,927 [trainer.py] => All params: 85944766
2026-06-28 02:29:51,927 [trainer.py] => Trainable params: 85944766
2026-06-28 02:29:51,929 [icarl.py] => Learning on 190-195
2026-06-28 02:48:32,522 [icarl.py] => Task 9, Epoch 20/20 => Loss 1.324, Train_accy 98.13
2026-06-28 02:48:32,536 [base.py] => Constructing exemplars for new classes...(20 per classes)
2026-06-28 02:50:21,219 [icarl.py] => Exemplar size: 3900
2026-06-28 02:50:21,220 [trainer.py] => CNN: {'total': 74.27, '00-149': 71.64, '150-154': 83.0, '155-159': 67.0, '160-164': 75.0, '165-169': 86.0, '170-174': 78.0, '175-179': 79.8, '180-184': 85.86, '185-189': 94.95, '190-194': 98.0, 'old': 73.65, 'new': 98.0}
2026-06-28 02:50:21,220 [trainer.py] => NME: {'total': 79.57, '00-149': 79.2, '150-154': 84.0, '155-159': 67.0, '160-164': 84.0, '165-169': 84.0, '170-174': 64.0, '175-179': 80.81, '180-184': 83.84, '185-189': 89.9, '190-194': 90.0, 'old': 79.3, 'new': 90.0}
2026-06-28 02:50:21,220 [trainer.py] => CNN top1 curve: [85.92, 85.66, 83.23, 82.25, 80.59, 76.42, 75.4, 75.52, 74.33, 74.27]
2026-06-28 02:50:21,220 [trainer.py] => CNN top5 curve: [97.02, 97.22, 96.74, 96.2, 95.96, 94.79, 93.98, 93.52, 92.71, 92.51]
2026-06-28 02:50:21,220 [trainer.py] => NME top1 curve: [86.35, 86.18, 84.95, 83.65, 83.33, 82.32, 81.42, 80.4, 80.12, 79.57]
2026-06-28 02:50:21,220 [trainer.py] => NME top5 curve: [97.36, 97.67, 97.21, 97.02, 96.93, 96.33, 96.13, 95.96, 95.41, 95.14]
2026-06-28 02:50:21,220 [trainer.py] => Average Accuracy (CNN): 79.36
2026-06-28 02:50:21,220 [trainer.py] => Average Accuracy (NME): 82.83
2026-06-28 02:50:21,221 [trainer.py] => All params: 85948611
2026-06-28 02:50:21,221 [trainer.py] => Trainable params: 85948611
2026-06-28 02:50:21,223 [icarl.py] => Learning on 195-200
2026-06-28 03:09:21,419 [icarl.py] => Task 10, Epoch 20/20 => Loss 1.621, Train_accy 98.27
2026-06-28 03:09:21,420 [base.py] => Constructing exemplars for new classes...(20 per classes)
2026-06-28 03:11:11,267 [icarl.py] => Exemplar size: 4000
2026-06-28 03:11:11,267 [trainer.py] => CNN: {'total': 73.59, '00-149': 70.74, '150-154': 84.0, '155-159': 61.0, '160-164': 77.0, '165-169': 84.0, '170-174': 75.0, '175-179': 77.78, '180-184': 81.82, '185-189': 87.88, '190-194': 96.0, '195-199': 97.0, 'old': 72.99, 'new': 97.0}
2026-06-28 03:11:11,267 [trainer.py] => NME: {'total': 77.88, '00-149': 77.69, '150-154': 83.0, '155-159': 65.0, '160-164': 81.0, '165-169': 85.0, '170-174': 61.0, '175-179': 76.77, '180-184': 80.81, '185-189': 82.83, '190-194': 89.0, '195-199': 80.0, 'old': 77.82, 'new': 80.0}
2026-06-28 03:11:11,267 [trainer.py] => CNN top1 curve: [85.92, 85.66, 83.23, 82.25, 80.59, 76.42, 75.4, 75.52, 74.33, 74.27, 73.59]
2026-06-28 03:11:11,267 [trainer.py] => CNN top5 curve: [97.02, 97.22, 96.74, 96.2, 95.96, 94.79, 93.98, 93.52, 92.71, 92.51, 91.5]
2026-06-28 03:11:11,267 [trainer.py] => NME top1 curve: [86.35, 86.18, 84.95, 83.65, 83.33, 82.32, 81.42, 80.4, 80.12, 79.57, 77.88]
2026-06-28 03:11:11,267 [trainer.py] => NME top5 curve: [97.36, 97.67, 97.21, 97.02, 96.93, 96.33, 96.13, 95.96, 95.41, 95.14, 94.91]
2026-06-28 03:11:11,267 [trainer.py] => Average Accuracy (CNN): 78.83
2026-06-28 03:11:11,268 [trainer.py] => Average Accuracy (NME): 82.38
2026-06-28 03:11:11,268 [trainer.py] => All params: 85952456
2026-06-28 03:11:11,268 [trainer.py] => Trainable params: 85952456
2026-06-28 03:11:11,270 [icarl.py] => Learning on 200-205
2026-06-28 03:30:33,845 [icarl.py] => Task 11, Epoch 20/20 => Loss 1.523, Train_accy 97.87
2026-06-28 03:30:33,846 [base.py] => Constructing exemplars for new classes...(20 per classes)
2026-06-28 03:32:28,238 [icarl.py] => Exemplar size: 4100
2026-06-28 03:32:28,239 [trainer.py] => CNN: {'total': 73.79, '00-149': 70.47, '150-154': 83.0, '155-159': 65.0, '160-164': 76.0, '165-169': 85.0, '170-174': 74.0, '175-179': 76.77, '180-184': 82.83, '185-189': 84.85, '190-194': 95.0, '195-199': 93.0, '200-204': 96.0, 'old': 73.24, 'new': 96.0}
2026-06-28 03:32:28,239 [trainer.py] => NME: {'total': 77.66, '00-149': 77.36, '150-154': 84.0, '155-159': 63.0, '160-164': 79.0, '165-169': 85.0, '170-174': 60.0, '175-179': 77.78, '180-184': 81.82, '185-189': 87.88, '190-194': 87.0, '195-199': 75.0, '200-204': 83.0, 'old': 77.53, 'new': 83.0}
2026-06-28 03:32:28,239 [trainer.py] => CNN top1 curve: [85.92, 85.66, 83.23, 82.25, 80.59, 76.42, 75.4, 75.52, 74.33, 74.27, 73.59, 73.79]
2026-06-28 03:32:28,239 [trainer.py] => CNN top5 curve: [97.02, 97.22, 96.74, 96.2, 95.96, 94.79, 93.98, 93.52, 92.71, 92.51, 91.5, 91.71]
2026-06-28 03:32:28,239 [trainer.py] => NME top1 curve: [86.35, 86.18, 84.95, 83.65, 83.33, 82.32, 81.42, 80.4, 80.12, 79.57, 77.88, 77.66]
2026-06-28 03:32:28,239 [trainer.py] => NME top5 curve: [97.36, 97.67, 97.21, 97.02, 96.93, 96.33, 96.13, 95.96, 95.41, 95.14, 94.91, 94.76]
2026-06-28 03:32:28,239 [trainer.py] => Average Accuracy (CNN): 78.41
2026-06-28 03:32:28,239 [trainer.py] => Average Accuracy (NME): 81.99
2026-06-28 03:32:28,240 [trainer.py] => All params: 85956301
2026-06-28 03:32:28,240 [trainer.py] => Trainable params: 85956301
2026-06-28 03:32:28,242 [icarl.py] => Learning on 205-210
2026-06-28 03:51:54,234 [icarl.py] => Task 12, Epoch 20/20 => Loss 1.587, Train_accy 97.86
2026-06-28 03:51:54,236 [base.py] => Constructing exemplars for new classes...(20 per classes)
2026-06-28 03:53:49,620 [icarl.py] => Exemplar size: 4200
2026-06-28 03:53:49,620 [trainer.py] => CNN: {'total': 73.04, '00-149': 69.13, '150-154': 79.0, '155-159': 59.0, '160-164': 76.0, '165-169': 82.0, '170-174': 75.0, '175-179': 79.8, '180-184': 79.8, '185-189': 84.85, '190-194': 94.0, '195-199': 92.0, '200-204': 95.0, '205-209': 97.0, 'old': 72.45, 'new': 97.0}
2026-06-28 03:53:49,621 [trainer.py] => NME: {'total': 77.36, '00-149': 76.39, '150-154': 85.0, '155-159': 62.0, '160-164': 78.0, '165-169': 87.0, '170-174': 60.0, '175-179': 75.76, '180-184': 85.86, '185-189': 88.89, '190-194': 88.0, '195-199': 78.0, '200-204': 82.0, '205-209': 87.0, 'old': 77.12, 'new': 87.0}
2026-06-28 03:53:49,621 [trainer.py] => CNN top1 curve: [85.92, 85.66, 83.23, 82.25, 80.59, 76.42, 75.4, 75.52, 74.33, 74.27, 73.59, 73.79, 73.04]
2026-06-28 03:53:49,621 [trainer.py] => CNN top5 curve: [97.02, 97.22, 96.74, 96.2, 95.96, 94.79, 93.98, 93.52, 92.71, 92.51, 91.5, 91.71, 90.76]
2026-06-28 03:53:49,621 [trainer.py] => NME top1 curve: [86.35, 86.18, 84.95, 83.65, 83.33, 82.32, 81.42, 80.4, 80.12, 79.57, 77.88, 77.66, 77.36]
2026-06-28 03:53:49,621 [trainer.py] => NME top5 curve: [97.36, 97.67, 97.21, 97.02, 96.93, 96.33, 96.13, 95.96, 95.41, 95.14, 94.91, 94.76, 94.87]
2026-06-28 03:53:49,621 [trainer.py] => Average Accuracy (CNN): 78.0
2026-06-28 03:53:49,621 [trainer.py] => Average Accuracy (NME): 81.63
2026-06-28 03:53:49,621 [trainer.py] => All params: 85960146
2026-06-28 03:53:49,622 [trainer.py] => Trainable params: 85960146
2026-06-28 03:53:49,624 [icarl.py] => Learning on 210-215
2026-06-28 04:14:02,474 [icarl.py] => Task 13, Epoch 20/20 => Loss 1.653, Train_accy 98.26
2026-06-28 04:14:02,475 [base.py] => Constructing exemplars for new classes...(20 per classes)
2026-06-28 04:16:01,488 [icarl.py] => Exemplar size: 4300
2026-06-28 04:16:01,488 [trainer.py] => CNN: {'total': 71.96, '00-149': 67.99, '150-154': 74.0, '155-159': 56.0, '160-164': 71.0, '165-169': 81.0, '170-174': 67.0, '175-179': 74.75, '180-184': 79.8, '185-189': 84.85, '190-194': 93.0, '195-199': 86.0, '200-204': 93.0, '205-209': 96.0, '210-214': 98.0, 'old': 71.34, 'new': 98.0}
2026-06-28 04:16:01,488 [trainer.py] => NME: {'total': 76.44, '00-149': 75.35, '150-154': 85.0, '155-159': 59.0, '160-164': 75.0, '165-169': 84.0, '170-174': 58.0, '175-179': 75.76, '180-184': 81.82, '185-189': 87.88, '190-194': 88.0, '195-199': 79.0, '200-204': 82.0, '205-209': 85.0, '210-214': 86.0, 'old': 76.21, 'new': 86.0}
2026-06-28 04:16:01,488 [trainer.py] => CNN top1 curve: [85.92, 85.66, 83.23, 82.25, 80.59, 76.42, 75.4, 75.52, 74.33, 74.27, 73.59, 73.79, 73.04, 71.96]
2026-06-28 04:16:01,488 [trainer.py] => CNN top5 curve: [97.02, 97.22, 96.74, 96.2, 95.96, 94.79, 93.98, 93.52, 92.71, 92.51, 91.5, 91.71, 90.76, 89.97]
2026-06-28 04:16:01,488 [trainer.py] => NME top1 curve: [86.35, 86.18, 84.95, 83.65, 83.33, 82.32, 81.42, 80.4, 80.12, 79.57, 77.88, 77.66, 77.36, 76.44]
2026-06-28 04:16:01,488 [trainer.py] => NME top5 curve: [97.36, 97.67, 97.21, 97.02, 96.93, 96.33, 96.13, 95.96, 95.41, 95.14, 94.91, 94.76, 94.87, 94.43]
2026-06-28 04:16:01,489 [trainer.py] => Average Accuracy (CNN): 77.57
2026-06-28 04:16:01,489 [trainer.py] => Average Accuracy (NME): 81.26
2026-06-28 04:16:01,489 [trainer.py] => All params: 85963991
2026-06-28 04:16:01,490 [trainer.py] => Trainable params: 85963991
2026-06-28 04:16:01,491 [icarl.py] => Learning on 215-220
2026-06-28 04:35:52,913 [icarl.py] => Task 14, Epoch 20/20 => Loss 1.504, Train_accy 98.01
2026-06-28 04:35:52,914 [base.py] => Constructing exemplars for new classes...(20 per classes)
2026-06-28 04:37:53,574 [icarl.py] => Exemplar size: 4400
2026-06-28 04:37:53,574 [trainer.py] => CNN: {'total': 71.61, '00-149': 67.86, '150-154': 78.0, '155-159': 53.0, '160-164': 74.0, '165-169': 73.0, '170-174': 63.0, '175-179': 74.75, '180-184': 76.77, '185-189': 80.81, '190-194': 93.0, '195-199': 85.0, '200-204': 85.0, '205-209': 91.0, '210-214': 94.0, '215-219': 93.94, 'old': 71.1, 'new': 93.94}
2026-06-28 04:37:53,575 [trainer.py] => NME: {'total': 76.47, '00-149': 75.08, '150-154': 81.0, '155-159': 59.0, '160-164': 78.0, '165-169': 83.0, '170-174': 57.0, '175-179': 75.76, '180-184': 79.8, '185-189': 87.88, '190-194': 87.0, '195-199': 82.0, '200-204': 81.0, '205-209': 85.0, '210-214': 83.0, '215-219': 92.93, 'old': 76.09, 'new': 92.93}
2026-06-28 04:37:53,575 [trainer.py] => CNN top1 curve: [85.92, 85.66, 83.23, 82.25, 80.59, 76.42, 75.4, 75.52, 74.33, 74.27, 73.59, 73.79, 73.04, 71.96, 71.61]
2026-06-28 04:37:53,575 [trainer.py] => CNN top5 curve: [97.02, 97.22, 96.74, 96.2, 95.96, 94.79, 93.98, 93.52, 92.71, 92.51, 91.5, 91.71, 90.76, 89.97, 90.01]
2026-06-28 04:37:53,575 [trainer.py] => NME top1 curve: [86.35, 86.18, 84.95, 83.65, 83.33, 82.32, 81.42, 80.4, 80.12, 79.57, 77.88, 77.66, 77.36, 76.44, 76.47]
2026-06-28 04:37:53,575 [trainer.py] => NME top5 curve: [97.36, 97.67, 97.21, 97.02, 96.93, 96.33, 96.13, 95.96, 95.41, 95.14, 94.91, 94.76, 94.87, 94.43, 94.0]
2026-06-28 04:37:53,575 [trainer.py] => Average Accuracy (CNN): 77.17
2026-06-28 04:37:53,575 [trainer.py] => Average Accuracy (NME): 80.94
2026-06-28 04:37:53,575 [trainer.py] => All params: 85967836
2026-06-28 04:37:53,576 [trainer.py] => Trainable params: 85967836
2026-06-28 04:37:53,578 [icarl.py] => Learning on 220-225
2026-06-28 04:58:37,370 [icarl.py] => Task 15, Epoch 20/20 => Loss 1.486, Train_accy 98.37
2026-06-28 04:58:37,371 [base.py] => Constructing exemplars for new classes...(20 per classes)
2026-06-28 05:00:44,960 [icarl.py] => Exemplar size: 4500
2026-06-28 05:00:44,960 [trainer.py] => CNN: {'total': 69.66, '00-149': 66.59, '150-154': 74.0, '155-159': 38.0, '160-164': 52.0, '165-169': 73.0, '170-174': 67.0, '175-179': 60.61, '180-184': 73.74, '185-189': 81.82, '190-194': 87.0, '195-199': 84.0, '200-204': 83.0, '205-209': 91.0, '210-214': 90.0, '215-219': 86.87, '220-224': 95.0, 'old': 69.08, 'new': 95.0}
2026-06-28 05:00:44,960 [trainer.py] => NME: {'total': 75.08, '00-149': 73.95, '150-154': 81.0, '155-159': 54.0, '160-164': 75.0, '165-169': 82.0, '170-174': 59.0, '175-179': 70.71, '180-184': 82.83, '185-189': 83.84, '190-194': 83.0, '195-199': 80.0, '200-204': 80.0, '205-209': 79.0, '210-214': 82.0, '215-219': 88.89, '220-224': 79.0, 'old': 74.99, 'new': 79.0}
2026-06-28 05:00:44,960 [trainer.py] => CNN top1 curve: [85.92, 85.66, 83.23, 82.25, 80.59, 76.42, 75.4, 75.52, 74.33, 74.27, 73.59, 73.79, 73.04, 71.96, 71.61, 69.66]
2026-06-28 05:00:44,960 [trainer.py] => CNN top5 curve: [97.02, 97.22, 96.74, 96.2, 95.96, 94.79, 93.98, 93.52, 92.71, 92.51, 91.5, 91.71, 90.76, 89.97, 90.01, 89.52]
2026-06-28 05:00:44,960 [trainer.py] => NME top1 curve: [86.35, 86.18, 84.95, 83.65, 83.33, 82.32, 81.42, 80.4, 80.12, 79.57, 77.88, 77.66, 77.36, 76.44, 76.47, 75.08]
2026-06-28 05:00:44,960 [trainer.py] => NME top5 curve: [97.36, 97.67, 97.21, 97.02, 96.93, 96.33, 96.13, 95.96, 95.41, 95.14, 94.91, 94.76, 94.87, 94.43, 94.0, 93.71]
2026-06-28 05:00:44,960 [trainer.py] => Average Accuracy (CNN): 76.7
2026-06-28 05:00:44,960 [trainer.py] => Average Accuracy (NME): 80.57
2026-06-28 05:00:44,961 [trainer.py] => All params: 85971681
2026-06-28 05:00:44,961 [trainer.py] => Trainable params: 85971681
2026-06-28 05:00:44,963 [icarl.py] => Learning on 225-230
2026-06-28 05:21:24,834 [icarl.py] => Task 16, Epoch 20/20 => Loss 1.475, Train_accy 98.72
2026-06-28 05:21:24,835 [base.py] => Constructing exemplars for new classes...(20 per classes)
2026-06-28 05:23:30,423 [icarl.py] => Exemplar size: 4600
2026-06-28 05:23:30,424 [trainer.py] => CNN: {'total': 68.91, '00-149': 65.25, '150-154': 70.0, '155-159': 37.0, '160-164': 52.0, '165-169': 73.0, '170-174': 59.0, '175-179': 65.66, '180-184': 77.78, '185-189': 80.81, '190-194': 78.0, '195-199': 82.0, '200-204': 82.0, '205-209': 85.0, '210-214': 92.0, '215-219': 88.89, '220-224': 93.0, '225-229': 96.0, 'old': 68.3, 'new': 96.0}
2026-06-28 05:23:30,424 [trainer.py] => NME: {'total': 74.84, '00-149': 73.85, '150-154': 80.0, '155-159': 51.0, '160-164': 65.0, '165-169': 81.0, '170-174': 56.0, '175-179': 71.72, '180-184': 87.88, '185-189': 83.84, '190-194': 84.0, '195-199': 77.0, '200-204': 78.0, '205-209': 81.0, '210-214': 83.0, '215-219': 81.82, '220-224': 79.0, '225-229': 87.0, 'old': 74.57, 'new': 87.0}
2026-06-28 05:23:30,424 [trainer.py] => CNN top1 curve: [85.92, 85.66, 83.23, 82.25, 80.59, 76.42, 75.4, 75.52, 74.33, 74.27, 73.59, 73.79, 73.04, 71.96, 71.61, 69.66, 68.91]
2026-06-28 05:23:30,424 [trainer.py] => CNN top5 curve: [97.02, 97.22, 96.74, 96.2, 95.96, 94.79, 93.98, 93.52, 92.71, 92.51, 91.5, 91.71, 90.76, 89.97, 90.01, 89.52, 89.08]
2026-06-28 05:23:30,424 [trainer.py] => NME top1 curve: [86.35, 86.18, 84.95, 83.65, 83.33, 82.32, 81.42, 80.4, 80.12, 79.57, 77.88, 77.66, 77.36, 76.44, 76.47, 75.08, 74.84]
2026-06-28 05:23:30,424 [trainer.py] => NME top5 curve: [97.36, 97.67, 97.21, 97.02, 96.93, 96.33, 96.13, 95.96, 95.41, 95.14, 94.91, 94.76, 94.87, 94.43, 94.0, 93.71, 93.35]
2026-06-28 05:23:30,424 [trainer.py] => Average Accuracy (CNN): 76.24
2026-06-28 05:23:30,424 [trainer.py] => Average Accuracy (NME): 80.24
2026-06-28 05:23:30,424 [trainer.py] => All params: 85975526
2026-06-28 05:23:30,425 [trainer.py] => Trainable params: 85975526
2026-06-28 05:23:30,427 [icarl.py] => Learning on 230-235
2026-06-28 05:44:55,330 [icarl.py] => Task 17, Epoch 20/20 => Loss 1.615, Train_accy 98.18
2026-06-28 05:44:55,356 [base.py] => Constructing exemplars for new classes...(20 per classes)
2026-06-28 05:47:04,396 [icarl.py] => Exemplar size: 4700
2026-06-28 05:47:04,396 [trainer.py] => CNN: {'total': 68.27, '00-149': 64.48, '150-154': 69.0, '155-159': 36.0, '160-164': 51.0, '165-169': 76.0, '170-174': 63.0, '175-179': 60.61, '180-184': 73.74, '185-189': 69.7, '190-194': 76.0, '195-199': 78.0, '200-204': 82.0, '205-209': 83.0, '210-214': 88.0, '215-219': 88.89, '220-224': 89.0, '225-229': 94.0, '230-234': 96.0, 'old': 67.66, 'new': 96.0}
2026-06-28 05:47:04,396 [trainer.py] => NME: {'total': 74.75, '00-149': 73.14, '150-154': 82.0, '155-159': 55.0, '160-164': 66.0, '165-169': 80.0, '170-174': 56.0, '175-179': 72.73, '180-184': 81.82, '185-189': 84.85, '190-194': 83.0, '195-199': 80.0, '200-204': 81.0, '205-209': 83.0, '210-214': 82.0, '215-219': 81.82, '220-224': 76.0, '225-229': 86.0, '230-234': 88.0, 'old': 74.47, 'new': 88.0}
2026-06-28 05:47:04,396 [trainer.py] => CNN top1 curve: [85.92, 85.66, 83.23, 82.25, 80.59, 76.42, 75.4, 75.52, 74.33, 74.27, 73.59, 73.79, 73.04, 71.96, 71.61, 69.66, 68.91, 68.27]
2026-06-28 05:47:04,396 [trainer.py] => CNN top5 curve: [97.02, 97.22, 96.74, 96.2, 95.96, 94.79, 93.98, 93.52, 92.71, 92.51, 91.5, 91.71, 90.76, 89.97, 90.01, 89.52, 89.08, 88.54]
2026-06-28 05:47:04,396 [trainer.py] => NME top1 curve: [86.35, 86.18, 84.95, 83.65, 83.33, 82.32, 81.42, 80.4, 80.12, 79.57, 77.88, 77.66, 77.36, 76.44, 76.47, 75.08, 74.84, 74.75]
2026-06-28 05:47:04,396 [trainer.py] => NME top5 curve: [97.36, 97.67, 97.21, 97.02, 96.93, 96.33, 96.13, 95.96, 95.41, 95.14, 94.91, 94.76, 94.87, 94.43, 94.0, 93.71, 93.35, 93.45]
2026-06-28 05:47:04,396 [trainer.py] => Average Accuracy (CNN): 75.8
2026-06-28 05:47:04,397 [trainer.py] => Average Accuracy (NME): 79.93
2026-06-28 05:47:04,397 [trainer.py] => All params: 85979371
2026-06-28 05:47:04,397 [trainer.py] => Trainable params: 85979371
2026-06-28 05:47:04,399 [icarl.py] => Learning on 235-240
2026-06-28 06:08:55,839 [icarl.py] => Task 18, Epoch 20/20 => Loss 1.602, Train_accy 97.63
2026-06-28 06:08:55,840 [base.py] => Constructing exemplars for new classes...(20 per classes)
2026-06-28 06:11:04,060 [icarl.py] => Exemplar size: 4800
2026-06-28 06:11:04,060 [trainer.py] => CNN: {'total': 67.01, '00-149': 63.31, '150-154': 64.0, '155-159': 36.0, '160-164': 53.0, '165-169': 74.0, '170-174': 57.0, '175-179': 61.62, '180-184': 72.73, '185-189': 72.73, '190-194': 76.0, '195-199': 77.0, '200-204': 82.0, '205-209': 80.0, '210-214': 79.0, '215-219': 66.67, '220-224': 89.0, '225-229': 91.0, '230-234': 92.0, '235-239': 93.0, 'old': 66.45, 'new': 93.0}
2026-06-28 06:11:04,061 [trainer.py] => NME: {'total': 74.7, '00-149': 72.88, '150-154': 84.0, '155-159': 55.0, '160-164': 66.0, '165-169': 82.0, '170-174': 55.0, '175-179': 74.75, '180-184': 82.83, '185-189': 84.85, '190-194': 82.0, '195-199': 78.0, '200-204': 81.0, '205-209': 81.0, '210-214': 80.0, '215-219': 76.77, '220-224': 78.0, '225-229': 85.0, '230-234': 88.0, '235-239': 85.0, 'old': 74.48, 'new': 85.0}
2026-06-28 06:11:04,061 [trainer.py] => CNN top1 curve: [85.92, 85.66, 83.23, 82.25, 80.59, 76.42, 75.4, 75.52, 74.33, 74.27, 73.59, 73.79, 73.04, 71.96, 71.61, 69.66, 68.91, 68.27, 67.01]
2026-06-28 06:11:04,061 [trainer.py] => CNN top5 curve: [97.02, 97.22, 96.74, 96.2, 95.96, 94.79, 93.98, 93.52, 92.71, 92.51, 91.5, 91.71, 90.76, 89.97, 90.01, 89.52, 89.08, 88.54, 87.38]
2026-06-28 06:11:04,061 [trainer.py] => NME top1 curve: [86.35, 86.18, 84.95, 83.65, 83.33, 82.32, 81.42, 80.4, 80.12, 79.57, 77.88, 77.66, 77.36, 76.44, 76.47, 75.08, 74.84, 74.75, 74.7]
2026-06-28 06:11:04,061 [trainer.py] => NME top5 curve: [97.36, 97.67, 97.21, 97.02, 96.93, 96.33, 96.13, 95.96, 95.41, 95.14, 94.91, 94.76, 94.87, 94.43, 94.0, 93.71, 93.35, 93.45, 92.65]
2026-06-28 06:11:04,061 [trainer.py] => Average Accuracy (CNN): 75.34
2026-06-28 06:11:04,061 [trainer.py] => Average Accuracy (NME): 79.66
2026-06-28 06:11:04,061 [trainer.py] => All params: 85983216
2026-06-28 06:11:04,062 [trainer.py] => Trainable params: 85983216
2026-06-28 06:11:04,064 [icarl.py] => Learning on 240-245
2026-06-28 06:33:07,302 [icarl.py] => Task 19, Epoch 20/20 => Loss 1.470, Train_accy 98.23
2026-06-28 06:33:07,304 [base.py] => Constructing exemplars for new classes...(20 per classes)
2026-06-28 06:35:21,558 [icarl.py] => Exemplar size: 4900
2026-06-28 06:35:21,558 [trainer.py] => CNN: {'total': 66.99, '00-149': 63.65, '150-154': 63.0, '155-159': 35.0, '160-164': 45.0, '165-169': 76.0, '170-174': 56.0, '175-179': 62.63, '180-184': 70.71, '185-189': 59.6, '190-194': 74.0, '195-199': 80.0, '200-204': 82.0, '205-209': 78.0, '210-214': 76.0, '215-219': 69.7, '220-224': 84.0, '225-229': 78.0, '230-234': 92.0, '235-239': 92.0, '240-244': 99.0, 'old': 66.32, 'new': 99.0}
2026-06-28 06:35:21,558 [trainer.py] => NME: {'total': 73.86, '00-149': 72.31, '150-154': 80.0, '155-159': 49.0, '160-164': 57.0, '165-169': 81.0, '170-174': 56.0, '175-179': 71.72, '180-184': 81.82, '185-189': 80.81, '190-194': 81.0, '195-199': 75.0, '200-204': 80.0, '205-209': 80.0, '210-214': 81.0, '215-219': 78.79, '220-224': 79.0, '225-229': 83.0, '230-234': 87.0, '235-239': 85.0, '240-244': 83.0, 'old': 73.67, 'new': 83.0}
2026-06-28 06:35:21,558 [trainer.py] => CNN top1 curve: [85.92, 85.66, 83.23, 82.25, 80.59, 76.42, 75.4, 75.52, 74.33, 74.27, 73.59, 73.79, 73.04, 71.96, 71.61, 69.66, 68.91, 68.27, 67.01, 66.99]
2026-06-28 06:35:21,559 [trainer.py] => CNN top5 curve: [97.02, 97.22, 96.74, 96.2, 95.96, 94.79, 93.98, 93.52, 92.71, 92.51, 91.5, 91.71, 90.76, 89.97, 90.01, 89.52, 89.08, 88.54, 87.38, 87.47]
2026-06-28 06:35:21,559 [trainer.py] => NME top1 curve: [86.35, 86.18, 84.95, 83.65, 83.33, 82.32, 81.42, 80.4, 80.12, 79.57, 77.88, 77.66, 77.36, 76.44, 76.47, 75.08, 74.84, 74.75, 74.7, 73.86]
2026-06-28 06:35:21,559 [trainer.py] => NME top5 curve: [97.36, 97.67, 97.21, 97.02, 96.93, 96.33, 96.13, 95.96, 95.41, 95.14, 94.91, 94.76, 94.87, 94.43, 94.0, 93.71, 93.35, 93.45, 92.65, 92.78]
2026-06-28 06:35:21,559 [trainer.py] => Average Accuracy (CNN): 74.92
2026-06-28 06:35:21,559 [trainer.py] => Average Accuracy (NME): 79.37
2026-06-28 06:35:21,559 [trainer.py] => All params: 85987061
2026-06-28 06:35:21,560 [trainer.py] => Trainable params: 85987061
2026-06-28 06:35:21,561 [icarl.py] => Learning on 245-250
2026-06-28 06:57:46,017 [icarl.py] => Task 20, Epoch 20/20 => Loss 1.497, Train_accy 98.39
2026-06-28 06:57:46,019 [base.py] => Constructing exemplars for new classes...(20 per classes)
2026-06-28 07:00:04,352 [icarl.py] => Exemplar size: 5000
2026-06-28 07:00:04,352 [trainer.py] => CNN: {'total': 65.84, '00-149': 61.51, '150-154': 71.0, '155-159': 41.0, '160-164': 41.0, '165-169': 73.0, '170-174': 50.0, '175-179': 61.62, '180-184': 66.67, '185-189': 65.66, '190-194': 73.0, '195-199': 77.0, '200-204': 77.0, '205-209': 78.0, '210-214': 74.0, '215-219': 74.75, '220-224': 87.0, '225-229': 79.0, '230-234': 83.0, '235-239': 81.0, '240-244': 95.0, '245-249': 98.0, 'old': 65.19, 'new': 98.0}
2026-06-28 07:00:04,353 [trainer.py] => NME: {'total': 73.63, '00-149': 71.77, '150-154': 86.0, '155-159': 51.0, '160-164': 63.0, '165-169': 81.0, '170-174': 53.0, '175-179': 74.75, '180-184': 81.82, '185-189': 74.75, '190-194': 80.0, '195-199': 79.0, '200-204': 79.0, '205-209': 82.0, '210-214': 75.0, '215-219': 75.76, '220-224': 76.0, '225-229': 83.0, '230-234': 89.0, '235-239': 80.0, '240-244': 83.0, '245-249': 81.0, 'old': 73.48, 'new': 81.0}
2026-06-28 07:00:04,353 [trainer.py] => CNN top1 curve: [85.92, 85.66, 83.23, 82.25, 80.59, 76.42, 75.4, 75.52, 74.33, 74.27, 73.59, 73.79, 73.04, 71.96, 71.61, 69.66, 68.91, 68.27, 67.01, 66.99, 65.84]
2026-06-28 07:00:04,353 [trainer.py] => CNN top5 curve: [97.02, 97.22, 96.74, 96.2, 95.96, 94.79, 93.98, 93.52, 92.71, 92.51, 91.5, 91.71, 90.76, 89.97, 90.01, 89.52, 89.08, 88.54, 87.38, 87.47, 87.1]
2026-06-28 07:00:04,353 [trainer.py] => NME top1 curve: [86.35, 86.18, 84.95, 83.65, 83.33, 82.32, 81.42, 80.4, 80.12, 79.57, 77.88, 77.66, 77.36, 76.44, 76.47, 75.08, 74.84, 74.75, 74.7, 73.86, 73.63]
2026-06-28 07:00:04,353 [trainer.py] => NME top5 curve: [97.36, 97.67, 97.21, 97.02, 96.93, 96.33, 96.13, 95.96, 95.41, 95.14, 94.91, 94.76, 94.87, 94.43, 94.0, 93.71, 93.35, 93.45, 92.65, 92.78, 92.48]
2026-06-28 07:00:04,353 [trainer.py] => Average Accuracy (CNN): 74.49
2026-06-28 07:00:04,353 [trainer.py] => Average Accuracy (NME): 79.09
2026-06-28 07:00:04,353 [trainer.py] => All params: 85990906
2026-06-28 07:00:04,354 [trainer.py] => Trainable params: 85990906
2026-06-28 07:00:04,356 [icarl.py] => Learning on 250-255
2026-06-28 07:22:46,520 [icarl.py] => Task 21, Epoch 20/20 => Loss 1.616, Train_accy 98.62
2026-06-28 07:22:46,521 [base.py] => Constructing exemplars for new classes...(20 per classes)
2026-06-28 07:25:07,483 [icarl.py] => Exemplar size: 5100
2026-06-28 07:25:07,483 [trainer.py] => CNN: {'total': 65.69, '00-149': 61.84, '150-154': 62.0, '155-159': 33.0, '160-164': 43.0, '165-169': 73.0, '170-174': 50.0, '175-179': 54.55, '180-184': 63.64, '185-189': 65.66, '190-194': 74.0, '195-199': 76.0, '200-204': 74.0, '205-209': 72.0, '210-214': 69.0, '215-219': 75.76, '220-224': 82.0, '225-229': 86.0, '230-234': 85.0, '235-239': 76.0, '240-244': 87.0, '245-249': 97.0, '250-254': 96.0, 'old': 65.08, 'new': 96.0}
2026-06-28 07:25:07,483 [trainer.py] => NME: {'total': 73.38, '00-149': 71.54, '150-154': 82.0, '155-159': 51.0, '160-164': 58.0, '165-169': 80.0, '170-174': 51.0, '175-179': 71.72, '180-184': 81.82, '185-189': 75.76, '190-194': 80.0, '195-199': 78.0, '200-204': 78.0, '205-209': 76.0, '210-214': 75.0, '215-219': 74.75, '220-224': 75.0, '225-229': 86.0, '230-234': 89.0, '235-239': 78.0, '240-244': 83.0, '245-249': 82.0, '250-254': 90.0, 'old': 73.04, 'new': 90.0}
2026-06-28 07:25:07,483 [trainer.py] => CNN top1 curve: [85.92, 85.66, 83.23, 82.25, 80.59, 76.42, 75.4, 75.52, 74.33, 74.27, 73.59, 73.79, 73.04, 71.96, 71.61, 69.66, 68.91, 68.27, 67.01, 66.99, 65.84, 65.69]
2026-06-28 07:25:07,483 [trainer.py] => CNN top5 curve: [97.02, 97.22, 96.74, 96.2, 95.96, 94.79, 93.98, 93.52, 92.71, 92.51, 91.5, 91.71, 90.76, 89.97, 90.01, 89.52, 89.08, 88.54, 87.38, 87.47, 87.1, 87.26]
2026-06-28 07:25:07,483 [trainer.py] => NME top1 curve: [86.35, 86.18, 84.95, 83.65, 83.33, 82.32, 81.42, 80.4, 80.12, 79.57, 77.88, 77.66, 77.36, 76.44, 76.47, 75.08, 74.84, 74.75, 74.7, 73.86, 73.63, 73.38]
2026-06-28 07:25:07,483 [trainer.py] => NME top5 curve: [97.36, 97.67, 97.21, 97.02, 96.93, 96.33, 96.13, 95.96, 95.41, 95.14, 94.91, 94.76, 94.87, 94.43, 94.0, 93.71, 93.35, 93.45, 92.65, 92.78, 92.48, 92.57]
2026-06-28 07:25:07,483 [trainer.py] => Average Accuracy (CNN): 74.09
2026-06-28 07:25:07,483 [trainer.py] => Average Accuracy (NME): 78.83
2026-06-28 07:25:07,484 [trainer.py] => All params: 85994751
2026-06-28 07:25:07,484 [trainer.py] => Trainable params: 85994751
2026-06-28 07:25:07,486 [icarl.py] => Learning on 255-260
2026-06-28 07:48:24,139 [icarl.py] => Task 22, Epoch 20/20 => Loss 1.535, Train_accy 97.87
2026-06-28 07:48:24,140 [base.py] => Constructing exemplars for new classes...(20 per classes)
2026-06-28 07:50:47,166 [icarl.py] => Exemplar size: 5200
2026-06-28 07:50:47,166 [trainer.py] => CNN: {'total': 65.9, '00-149': 62.58, '150-154': 65.0, '155-159': 32.0, '160-164': 44.0, '165-169': 72.0, '170-174': 56.0, '175-179': 53.54, '180-184': 66.67, '185-189': 47.47, '190-194': 71.0, '195-199': 75.0, '200-204': 75.0, '205-209': 74.0, '210-214': 65.0, '215-219': 70.71, '220-224': 83.0, '225-229': 84.0, '230-234': 84.0, '235-239': 72.0, '240-244': 78.0, '245-249': 95.0, '250-254': 93.0, '255-259': 92.93, 'old': 65.38, 'new': 92.93}
2026-06-28 07:50:47,166 [trainer.py] => NME: {'total': 73.0, '00-149': 71.37, '150-154': 81.0, '155-159': 50.0, '160-164': 59.0, '165-169': 81.0, '170-174': 52.0, '175-179': 73.74, '180-184': 76.77, '185-189': 64.65, '190-194': 80.0, '195-199': 80.0, '200-204': 80.0, '205-209': 77.0, '210-214': 76.0, '215-219': 74.75, '220-224': 75.0, '225-229': 83.0, '230-234': 87.0, '235-239': 77.0, '240-244': 83.0, '245-249': 77.0, '250-254': 86.0, '255-259': 80.81, 'old': 72.85, 'new': 80.81}
2026-06-28 07:50:47,167 [trainer.py] => CNN top1 curve: [85.92, 85.66, 83.23, 82.25, 80.59, 76.42, 75.4, 75.52, 74.33, 74.27, 73.59, 73.79, 73.04, 71.96, 71.61, 69.66, 68.91, 68.27, 67.01, 66.99, 65.84, 65.69, 65.9]
2026-06-28 07:50:47,167 [trainer.py] => CNN top5 curve: [97.02, 97.22, 96.74, 96.2, 95.96, 94.79, 93.98, 93.52, 92.71, 92.51, 91.5, 91.71, 90.76, 89.97, 90.01, 89.52, 89.08, 88.54, 87.38, 87.47, 87.1, 87.26, 86.81]
2026-06-28 07:50:47,167 [trainer.py] => NME top1 curve: [86.35, 86.18, 84.95, 83.65, 83.33, 82.32, 81.42, 80.4, 80.12, 79.57, 77.88, 77.66, 77.36, 76.44, 76.47, 75.08, 74.84, 74.75, 74.7, 73.86, 73.63, 73.38, 73.0]
2026-06-28 07:50:47,167 [trainer.py] => NME top5 curve: [97.36, 97.67, 97.21, 97.02, 96.93, 96.33, 96.13, 95.96, 95.41, 95.14, 94.91, 94.76, 94.87, 94.43, 94.0, 93.71, 93.35, 93.45, 92.65, 92.78, 92.48, 92.57, 91.9]
2026-06-28 07:50:47,167 [trainer.py] => Average Accuracy (CNN): 73.73
2026-06-28 07:50:47,167 [trainer.py] => Average Accuracy (NME): 78.58
2026-06-28 07:50:47,167 [trainer.py] => All params: 85998596
2026-06-28 07:50:47,168 [trainer.py] => Trainable params: 85998596
2026-06-28 07:50:47,170 [icarl.py] => Learning on 260-265
2026-06-28 08:14:16,257 [icarl.py] => Task 23, Epoch 20/20 => Loss 1.644, Train_accy 97.81
2026-06-28 08:14:16,281 [base.py] => Constructing exemplars for new classes...(20 per classes)
2026-06-28 08:16:39,043 [icarl.py] => Exemplar size: 5300
2026-06-28 08:16:39,043 [trainer.py] => CNN: {'total': 65.15, '00-149': 61.61, '150-154': 70.0, '155-159': 34.0, '160-164': 45.0, '165-169': 72.0, '170-174': 49.0, '175-179': 56.57, '180-184': 59.6, '185-189': 53.54, '190-194': 72.0, '195-199': 74.0, '200-204': 77.0, '205-209': 68.0, '210-214': 66.0, '215-219': 66.67, '220-224': 78.0, '225-229': 84.0, '230-234': 83.0, '235-239': 62.0, '240-244': 77.0, '245-249': 88.0, '250-254': 88.0, '255-259': 83.84, '260-264': 97.0, 'old': 64.53, 'new': 97.0}
2026-06-28 08:16:39,043 [trainer.py] => NME: {'total': 72.58, '00-149': 70.6, '150-154': 82.0, '155-159': 48.0, '160-164': 60.0, '165-169': 80.0, '170-174': 50.0, '175-179': 71.72, '180-184': 74.75, '185-189': 64.65, '190-194': 82.0, '195-199': 80.0, '200-204': 79.0, '205-209': 79.0, '210-214': 74.0, '215-219': 74.75, '220-224': 75.0, '225-229': 81.0, '230-234': 87.0, '235-239': 78.0, '240-244': 84.0, '245-249': 76.0, '250-254': 89.0, '255-259': 77.78, '260-264': 81.0, 'old': 72.42, 'new': 81.0}
2026-06-28 08:16:39,043 [trainer.py] => CNN top1 curve: [85.92, 85.66, 83.23, 82.25, 80.59, 76.42, 75.4, 75.52, 74.33, 74.27, 73.59, 73.79, 73.04, 71.96, 71.61, 69.66, 68.91, 68.27, 67.01, 66.99, 65.84, 65.69, 65.9, 65.15]
2026-06-28 08:16:39,043 [trainer.py] => CNN top5 curve: [97.02, 97.22, 96.74, 96.2, 95.96, 94.79, 93.98, 93.52, 92.71, 92.51, 91.5, 91.71, 90.76, 89.97, 90.01, 89.52, 89.08, 88.54, 87.38, 87.47, 87.1, 87.26, 86.81, 85.87]
2026-06-28 08:16:39,043 [trainer.py] => NME top1 curve: [86.35, 86.18, 84.95, 83.65, 83.33, 82.32, 81.42, 80.4, 80.12, 79.57, 77.88, 77.66, 77.36, 76.44, 76.47, 75.08, 74.84, 74.75, 74.7, 73.86, 73.63, 73.38, 73.0, 72.58]
2026-06-28 08:16:39,043 [trainer.py] => NME top5 curve: [97.36, 97.67, 97.21, 97.02, 96.93, 96.33, 96.13, 95.96, 95.41, 95.14, 94.91, 94.76, 94.87, 94.43, 94.0, 93.71, 93.35, 93.45, 92.65, 92.78, 92.48, 92.57, 91.9, 91.96]
2026-06-28 08:16:39,043 [trainer.py] => Average Accuracy (CNN): 73.38
2026-06-28 08:16:39,044 [trainer.py] => Average Accuracy (NME): 78.33
2026-06-28 08:16:39,044 [trainer.py] => All params: 86002441
2026-06-28 08:16:39,045 [trainer.py] => Trainable params: 86002441
2026-06-28 08:16:39,047 [icarl.py] => Learning on 265-270
2026-06-28 08:40:24,171 [icarl.py] => Task 24, Epoch 20/20 => Loss 1.682, Train_accy 98.28
2026-06-28 08:40:24,173 [base.py] => Constructing exemplars for new classes...(20 per classes)
2026-06-28 08:43:10,590 [icarl.py] => Exemplar size: 5400
2026-06-28 08:43:10,607 [trainer.py] => CNN: {'total': 63.77, '00-149': 60.13, '150-154': 71.0, '155-159': 33.0, '160-164': 46.0, '165-169': 66.0, '170-174': 51.0, '175-179': 50.51, '180-184': 56.57, '185-189': 50.51, '190-194': 70.0, '195-199': 70.0, '200-204': 74.0, '205-209': 67.0, '210-214': 57.0, '215-219': 68.69, '220-224': 83.0, '225-229': 82.0, '230-234': 76.0, '235-239': 58.0, '240-244': 80.0, '245-249': 81.0, '250-254': 87.0, '255-259': 83.84, '260-264': 82.0, '265-269': 95.0, 'old': 63.18, 'new': 95.0}
2026-06-28 08:43:10,607 [trainer.py] => NME: {'total': 72.55, '00-149': 70.23, '150-154': 82.0, '155-159': 46.0, '160-164': 61.0, '165-169': 81.0, '170-174': 49.0, '175-179': 69.7, '180-184': 70.71, '185-189': 66.67, '190-194': 82.0, '195-199': 78.0, '200-204': 81.0, '205-209': 79.0, '210-214': 82.0, '215-219': 73.74, '220-224': 79.0, '225-229': 87.0, '230-234': 83.0, '235-239': 75.0, '240-244': 82.0, '245-249': 71.0, '250-254': 87.0, '255-259': 78.79, '260-264': 81.0, '265-269': 85.0, 'old': 72.32, 'new': 85.0}
2026-06-28 08:43:10,607 [trainer.py] => CNN top1 curve: [85.92, 85.66, 83.23, 82.25, 80.59, 76.42, 75.4, 75.52, 74.33, 74.27, 73.59, 73.79, 73.04, 71.96, 71.61, 69.66, 68.91, 68.27, 67.01, 66.99, 65.84, 65.69, 65.9, 65.15, 63.77]
2026-06-28 08:43:10,607 [trainer.py] => CNN top5 curve: [97.02, 97.22, 96.74, 96.2, 95.96, 94.79, 93.98, 93.52, 92.71, 92.51, 91.5, 91.71, 90.76, 89.97, 90.01, 89.52, 89.08, 88.54, 87.38, 87.47, 87.1, 87.26, 86.81, 85.87, 84.88]
2026-06-28 08:43:10,607 [trainer.py] => NME top1 curve: [86.35, 86.18, 84.95, 83.65, 83.33, 82.32, 81.42, 80.4, 80.12, 79.57, 77.88, 77.66, 77.36, 76.44, 76.47, 75.08, 74.84, 74.75, 74.7, 73.86, 73.63, 73.38, 73.0, 72.58, 72.55]
2026-06-28 08:43:10,607 [trainer.py] => NME top5 curve: [97.36, 97.67, 97.21, 97.02, 96.93, 96.33, 96.13, 95.96, 95.41, 95.14, 94.91, 94.76, 94.87, 94.43, 94.0, 93.71, 93.35, 93.45, 92.65, 92.78, 92.48, 92.57, 91.9, 91.96, 91.55]
2026-06-28 08:43:10,607 [trainer.py] => Average Accuracy (CNN): 72.99
2026-06-28 08:43:10,607 [trainer.py] => Average Accuracy (NME): 78.1
2026-06-28 08:43:10,608 [trainer.py] => All params: 86006286
2026-06-28 08:43:10,608 [trainer.py] => Trainable params: 86006286
2026-06-28 08:43:10,610 [icarl.py] => Learning on 270-275
2026-06-28 09:07:25,445 [icarl.py] => Task 25, Epoch 20/20 => Loss 1.656, Train_accy 98.19
2026-06-28 09:07:25,465 [base.py] => Constructing exemplars for new classes...(20 per classes)
2026-06-28 09:10:29,472 [icarl.py] => Exemplar size: 5500
2026-06-28 09:10:29,473 [trainer.py] => CNN: {'total': 64.18, '00-149': 61.1, '150-154': 72.0, '155-159': 26.0, '160-164': 46.0, '165-169': 66.0, '170-174': 47.0, '175-179': 50.51, '180-184': 58.59, '185-189': 53.54, '190-194': 74.0, '195-199': 71.0, '200-204': 73.0, '205-209': 72.0, '210-214': 56.0, '215-219': 61.62, '220-224': 82.0, '225-229': 78.0, '230-234': 74.0, '235-239': 51.0, '240-244': 76.0, '245-249': 76.0, '250-254': 85.0, '255-259': 76.77, '260-264': 84.0, '265-269': 94.0, '270-274': 92.0, 'old': 63.66, 'new': 92.0}
2026-06-28 09:10:29,473 [trainer.py] => NME: {'total': 71.94, '00-149': 69.7, '150-154': 79.0, '155-159': 46.0, '160-164': 60.0, '165-169': 77.0, '170-174': 49.0, '175-179': 73.74, '180-184': 73.74, '185-189': 66.67, '190-194': 81.0, '195-199': 74.0, '200-204': 83.0, '205-209': 77.0, '210-214': 78.0, '215-219': 77.78, '220-224': 77.0, '225-229': 85.0, '230-234': 81.0, '235-239': 73.0, '240-244': 80.0, '245-249': 76.0, '250-254': 87.0, '255-259': 69.7, '260-264': 76.0, '265-269': 84.0, '270-274': 81.0, 'old': 71.77, 'new': 81.0}
2026-06-28 09:10:29,473 [trainer.py] => CNN top1 curve: [85.92, 85.66, 83.23, 82.25, 80.59, 76.42, 75.4, 75.52, 74.33, 74.27, 73.59, 73.79, 73.04, 71.96, 71.61, 69.66, 68.91, 68.27, 67.01, 66.99, 65.84, 65.69, 65.9, 65.15, 63.77, 64.18]
2026-06-28 09:10:29,473 [trainer.py] => CNN top5 curve: [97.02, 97.22, 96.74, 96.2, 95.96, 94.79, 93.98, 93.52, 92.71, 92.51, 91.5, 91.71, 90.76, 89.97, 90.01, 89.52, 89.08, 88.54, 87.38, 87.47, 87.1, 87.26, 86.81, 85.87, 84.88, 84.56]
2026-06-28 09:10:29,473 [trainer.py] => NME top1 curve: [86.35, 86.18, 84.95, 83.65, 83.33, 82.32, 81.42, 80.4, 80.12, 79.57, 77.88, 77.66, 77.36, 76.44, 76.47, 75.08, 74.84, 74.75, 74.7, 73.86, 73.63, 73.38, 73.0, 72.58, 72.55, 71.94]
2026-06-28 09:10:29,473 [trainer.py] => NME top5 curve: [97.36, 97.67, 97.21, 97.02, 96.93, 96.33, 96.13, 95.96, 95.41, 95.14, 94.91, 94.76, 94.87, 94.43, 94.0, 93.71, 93.35, 93.45, 92.65, 92.78, 92.48, 92.57, 91.9, 91.96, 91.55, 91.12]
2026-06-28 09:10:29,473 [trainer.py] => Average Accuracy (CNN): 72.65
2026-06-28 09:10:29,473 [trainer.py] => Average Accuracy (NME): 77.86
2026-06-28 09:10:29,474 [trainer.py] => All params: 86010131
2026-06-28 09:10:29,474 [trainer.py] => Trainable params: 86010131
2026-06-28 09:10:29,476 [icarl.py] => Learning on 275-280
2026-06-28 09:35:04,976 [icarl.py] => Task 26, Epoch 20/20 => Loss 1.684, Train_accy 98.43
2026-06-28 09:35:04,992 [base.py] => Constructing exemplars for new classes...(20 per classes)
2026-06-28 09:37:58,682 [icarl.py] => Exemplar size: 5600
2026-06-28 09:37:58,683 [trainer.py] => CNN: {'total': 63.92, '00-149': 60.6, '150-154': 69.0, '155-159': 26.0, '160-164': 49.0, '165-169': 71.0, '170-174': 49.0, '175-179': 61.62, '180-184': 58.59, '185-189': 52.53, '190-194': 71.0, '195-199': 64.0, '200-204': 77.0, '205-209': 74.0, '210-214': 59.0, '215-219': 64.65, '220-224': 77.0, '225-229': 78.0, '230-234': 68.0, '235-239': 46.0, '240-244': 77.0, '245-249': 65.0, '250-254': 85.0, '255-259': 74.75, '260-264': 75.0, '265-269': 86.0, '270-274': 89.0, '275-279': 94.0, 'old': 63.37, 'new': 94.0}
2026-06-28 09:37:58,683 [trainer.py] => NME: {'total': 71.66, '00-149': 69.57, '150-154': 78.0, '155-159': 44.0, '160-164': 62.0, '165-169': 77.0, '170-174': 50.0, '175-179': 70.71, '180-184': 71.72, '185-189': 65.66, '190-194': 80.0, '195-199': 75.0, '200-204': 81.0, '205-209': 76.0, '210-214': 78.0, '215-219': 75.76, '220-224': 75.0, '225-229': 80.0, '230-234': 81.0, '235-239': 73.0, '240-244': 81.0, '245-249': 74.0, '250-254': 88.0, '255-259': 72.73, '260-264': 76.0, '265-269': 82.0, '270-274': 78.0, '275-279': 80.0, 'old': 71.5, 'new': 80.0}
2026-06-28 09:37:58,683 [trainer.py] => CNN top1 curve: [85.92, 85.66, 83.23, 82.25, 80.59, 76.42, 75.4, 75.52, 74.33, 74.27, 73.59, 73.79, 73.04, 71.96, 71.61, 69.66, 68.91, 68.27, 67.01, 66.99, 65.84, 65.69, 65.9, 65.15, 63.77, 64.18, 63.92]
2026-06-28 09:37:58,683 [trainer.py] => CNN top5 curve: [97.02, 97.22, 96.74, 96.2, 95.96, 94.79, 93.98, 93.52, 92.71, 92.51, 91.5, 91.71, 90.76, 89.97, 90.01, 89.52, 89.08, 88.54, 87.38, 87.47, 87.1, 87.26, 86.81, 85.87, 84.88, 84.56, 84.98]
2026-06-28 09:37:58,683 [trainer.py] => NME top1 curve: [86.35, 86.18, 84.95, 83.65, 83.33, 82.32, 81.42, 80.4, 80.12, 79.57, 77.88, 77.66, 77.36, 76.44, 76.47, 75.08, 74.84, 74.75, 74.7, 73.86, 73.63, 73.38, 73.0, 72.58, 72.55, 71.94, 71.66]
2026-06-28 09:37:58,683 [trainer.py] => NME top5 curve: [97.36, 97.67, 97.21, 97.02, 96.93, 96.33, 96.13, 95.96, 95.41, 95.14, 94.91, 94.76, 94.87, 94.43, 94.0, 93.71, 93.35, 93.45, 92.65, 92.78, 92.48, 92.57, 91.9, 91.96, 91.55, 91.12, 90.73]
2026-06-28 09:37:58,683 [trainer.py] => Average Accuracy (CNN): 72.33
2026-06-28 09:37:58,684 [trainer.py] => Average Accuracy (NME): 77.63
2026-06-28 09:37:58,684 [trainer.py] => All params: 86013976
2026-06-28 09:37:58,684 [trainer.py] => Trainable params: 86013976
2026-06-28 09:37:58,686 [icarl.py] => Learning on 280-285
2026-06-28 10:03:00,614 [icarl.py] => Task 27, Epoch 20/20 => Loss 1.659, Train_accy 98.34
2026-06-28 10:03:00,640 [base.py] => Constructing exemplars for new classes...(20 per classes)
2026-06-28 10:05:57,785 [icarl.py] => Exemplar size: 5700
2026-06-28 10:05:57,800 [trainer.py] => CNN: {'total': 63.57, '00-149': 61.14, '150-154': 74.0, '155-159': 31.0, '160-164': 49.0, '165-169': 58.0, '170-174': 44.0, '175-179': 53.54, '180-184': 62.63, '185-189': 45.45, '190-194': 70.0, '195-199': 65.0, '200-204': 73.0, '205-209': 73.0, '210-214': 59.0, '215-219': 61.62, '220-224': 76.0, '225-229': 71.0, '230-234': 71.0, '235-239': 45.0, '240-244': 77.0, '245-249': 49.0, '250-254': 87.0, '255-259': 74.75, '260-264': 77.0, '265-269': 70.0, '270-274': 86.0, '275-279': 88.0, '280-284': 98.0, 'old': 62.95, 'new': 98.0}
2026-06-28 10:05:57,800 [trainer.py] => NME: {'total': 71.22, '00-149': 69.13, '150-154': 76.0, '155-159': 46.0, '160-164': 60.0, '165-169': 77.0, '170-174': 52.0, '175-179': 67.68, '180-184': 70.71, '185-189': 65.66, '190-194': 78.0, '195-199': 77.0, '200-204': 79.0, '205-209': 74.0, '210-214': 77.0, '215-219': 73.74, '220-224': 78.0, '225-229': 82.0, '230-234': 81.0, '235-239': 70.0, '240-244': 79.0, '245-249': 69.0, '250-254': 87.0, '255-259': 71.72, '260-264': 74.0, '265-269': 76.0, '270-274': 78.0, '275-279': 80.0, '280-284': 86.0, 'old': 70.96, 'new': 86.0}
2026-06-28 10:05:57,800 [trainer.py] => CNN top1 curve: [85.92, 85.66, 83.23, 82.25, 80.59, 76.42, 75.4, 75.52, 74.33, 74.27, 73.59, 73.79, 73.04, 71.96, 71.61, 69.66, 68.91, 68.27, 67.01, 66.99, 65.84, 65.69, 65.9, 65.15, 63.77, 64.18, 63.92, 63.57]
2026-06-28 10:05:57,800 [trainer.py] => CNN top5 curve: [97.02, 97.22, 96.74, 96.2, 95.96, 94.79, 93.98, 93.52, 92.71, 92.51, 91.5, 91.71, 90.76, 89.97, 90.01, 89.52, 89.08, 88.54, 87.38, 87.47, 87.1, 87.26, 86.81, 85.87, 84.88, 84.56, 84.98, 84.52]
2026-06-28 10:05:57,800 [trainer.py] => NME top1 curve: [86.35, 86.18, 84.95, 83.65, 83.33, 82.32, 81.42, 80.4, 80.12, 79.57, 77.88, 77.66, 77.36, 76.44, 76.47, 75.08, 74.84, 74.75, 74.7, 73.86, 73.63, 73.38, 73.0, 72.58, 72.55, 71.94, 71.66, 71.22]
2026-06-28 10:05:57,800 [trainer.py] => NME top5 curve: [97.36, 97.67, 97.21, 97.02, 96.93, 96.33, 96.13, 95.96, 95.41, 95.14, 94.91, 94.76, 94.87, 94.43, 94.0, 93.71, 93.35, 93.45, 92.65, 92.78, 92.48, 92.57, 91.9, 91.96, 91.55, 91.12, 90.73, 90.66]
2026-06-28 10:05:57,800 [trainer.py] => Average Accuracy (CNN): 72.02
2026-06-28 10:05:57,800 [trainer.py] => Average Accuracy (NME): 77.4
2026-06-28 10:05:57,801 [trainer.py] => All params: 86017821
2026-06-28 10:05:57,801 [trainer.py] => Trainable params: 86017821
2026-06-28 10:05:57,803 [icarl.py] => Learning on 285-290
2026-06-28 10:31:22,421 [icarl.py] => Task 28, Epoch 20/20 => Loss 1.835, Train_accy 98.79
2026-06-28 10:31:22,439 [base.py] => Constructing exemplars for new classes...(20 per classes)
2026-06-28 10:34:16,314 [icarl.py] => Exemplar size: 5800
2026-06-28 10:34:16,330 [trainer.py] => CNN: {'total': 65.57, '00-149': 62.71, '150-154': 70.0, '155-159': 33.0, '160-164': 51.0, '165-169': 63.0, '170-174': 46.0, '175-179': 51.52, '180-184': 59.6, '185-189': 57.58, '190-194': 63.0, '195-199': 64.0, '200-204': 69.0, '205-209': 75.0, '210-214': 61.0, '215-219': 62.63, '220-224': 74.0, '225-229': 76.0, '230-234': 78.0, '235-239': 48.0, '240-244': 77.0, '245-249': 60.0, '250-254': 88.0, '255-259': 73.74, '260-264': 75.0, '265-269': 73.0, '270-274': 85.0, '275-279': 91.0, '280-284': 96.0, '285-289': 100.0, 'old': 64.96, 'new': 100.0}
2026-06-28 10:34:16,330 [trainer.py] => NME: {'total': 71.08, '00-149': 69.43, '150-154': 78.0, '155-159': 43.0, '160-164': 61.0, '165-169': 77.0, '170-174': 49.0, '175-179': 64.65, '180-184': 69.7, '185-189': 61.62, '190-194': 69.0, '195-199': 76.0, '200-204': 78.0, '205-209': 75.0, '210-214': 77.0, '215-219': 75.76, '220-224': 72.0, '225-229': 82.0, '230-234': 84.0, '235-239': 69.0, '240-244': 78.0, '245-249': 68.0, '250-254': 84.0, '255-259': 69.7, '260-264': 73.0, '265-269': 75.0, '270-274': 79.0, '275-279': 78.0, '280-284': 84.0, '285-289': 89.0, 'old': 70.77, 'new': 89.0}
2026-06-28 10:34:16,330 [trainer.py] => CNN top1 curve: [85.92, 85.66, 83.23, 82.25, 80.59, 76.42, 75.4, 75.52, 74.33, 74.27, 73.59, 73.79, 73.04, 71.96, 71.61, 69.66, 68.91, 68.27, 67.01, 66.99, 65.84, 65.69, 65.9, 65.15, 63.77, 64.18, 63.92, 63.57, 65.57]
2026-06-28 10:34:16,330 [trainer.py] => CNN top5 curve: [97.02, 97.22, 96.74, 96.2, 95.96, 94.79, 93.98, 93.52, 92.71, 92.51, 91.5, 91.71, 90.76, 89.97, 90.01, 89.52, 89.08, 88.54, 87.38, 87.47, 87.1, 87.26, 86.81, 85.87, 84.88, 84.56, 84.98, 84.52, 85.01]
2026-06-28 10:34:16,330 [trainer.py] => NME top1 curve: [86.35, 86.18, 84.95, 83.65, 83.33, 82.32, 81.42, 80.4, 80.12, 79.57, 77.88, 77.66, 77.36, 76.44, 76.47, 75.08, 74.84, 74.75, 74.7, 73.86, 73.63, 73.38, 73.0, 72.58, 72.55, 71.94, 71.66, 71.22, 71.08]
2026-06-28 10:34:16,330 [trainer.py] => NME top5 curve: [97.36, 97.67, 97.21, 97.02, 96.93, 96.33, 96.13, 95.96, 95.41, 95.14, 94.91, 94.76, 94.87, 94.43, 94.0, 93.71, 93.35, 93.45, 92.65, 92.78, 92.48, 92.57, 91.9, 91.96, 91.55, 91.12, 90.73, 90.66, 90.67]
2026-06-28 10:34:16,330 [trainer.py] => Average Accuracy (CNN): 71.79
2026-06-28 10:34:16,331 [trainer.py] => Average Accuracy (NME): 77.19
2026-06-28 10:34:16,331 [trainer.py] => All params: 86021666
2026-06-28 10:34:16,332 [trainer.py] => Trainable params: 86021666
2026-06-28 10:34:16,334 [icarl.py] => Learning on 290-295
2026-06-28 11:00:17,101 [icarl.py] => Task 29, Epoch 20/20 => Loss 1.725, Train_accy 98.48
2026-06-28 11:00:17,122 [base.py] => Constructing exemplars for new classes...(20 per classes)
2026-06-28 11:03:54,860 [icarl.py] => Exemplar size: 5900
2026-06-28 11:03:54,860 [trainer.py] => CNN: {'total': 63.3, '00-149': 60.4, '150-154': 70.0, '155-159': 34.0, '160-164': 53.0, '165-169': 68.0, '170-174': 46.0, '175-179': 51.52, '180-184': 53.54, '185-189': 57.58, '190-194': 61.0, '195-199': 67.0, '200-204': 72.0, '205-209': 70.0, '210-214': 55.0, '215-219': 61.62, '220-224': 72.0, '225-229': 75.0, '230-234': 75.0, '235-239': 39.0, '240-244': 70.0, '245-249': 43.0, '250-254': 87.0, '255-259': 61.62, '260-264': 68.0, '265-269': 64.0, '270-274': 77.0, '275-279': 88.0, '280-284': 91.0, '285-289': 98.0, '290-294': 93.0, 'old': 62.78, 'new': 93.0}
2026-06-28 11:03:54,861 [trainer.py] => NME: {'total': 70.11, '00-149': 68.13, '150-154': 78.0, '155-159': 43.0, '160-164': 59.0, '165-169': 78.0, '170-174': 48.0, '175-179': 64.65, '180-184': 69.7, '185-189': 63.64, '190-194': 71.0, '195-199': 75.0, '200-204': 80.0, '205-209': 73.0, '210-214': 75.0, '215-219': 73.74, '220-224': 75.0, '225-229': 80.0, '230-234': 83.0, '235-239': 65.0, '240-244': 77.0, '245-249': 55.0, '250-254': 85.0, '255-259': 65.66, '260-264': 71.0, '265-269': 74.0, '270-274': 79.0, '275-279': 79.0, '280-284': 83.0, '285-289': 89.0, '290-294': 80.0, 'old': 69.94, 'new': 80.0}
2026-06-28 11:03:54,861 [trainer.py] => CNN top1 curve: [85.92, 85.66, 83.23, 82.25, 80.59, 76.42, 75.4, 75.52, 74.33, 74.27, 73.59, 73.79, 73.04, 71.96, 71.61, 69.66, 68.91, 68.27, 67.01, 66.99, 65.84, 65.69, 65.9, 65.15, 63.77, 64.18, 63.92, 63.57, 65.57, 63.3]
2026-06-28 11:03:54,861 [trainer.py] => CNN top5 curve: [97.02, 97.22, 96.74, 96.2, 95.96, 94.79, 93.98, 93.52, 92.71, 92.51, 91.5, 91.71, 90.76, 89.97, 90.01, 89.52, 89.08, 88.54, 87.38, 87.47, 87.1, 87.26, 86.81, 85.87, 84.88, 84.56, 84.98, 84.52, 85.01, 84.38]
2026-06-28 11:03:54,861 [trainer.py] => NME top1 curve: [86.35, 86.18, 84.95, 83.65, 83.33, 82.32, 81.42, 80.4, 80.12, 79.57, 77.88, 77.66, 77.36, 76.44, 76.47, 75.08, 74.84, 74.75, 74.7, 73.86, 73.63, 73.38, 73.0, 72.58, 72.55, 71.94, 71.66, 71.22, 71.08, 70.11]
2026-06-28 11:03:54,861 [trainer.py] => NME top5 curve: [97.36, 97.67, 97.21, 97.02, 96.93, 96.33, 96.13, 95.96, 95.41, 95.14, 94.91, 94.76, 94.87, 94.43, 94.0, 93.71, 93.35, 93.45, 92.65, 92.78, 92.48, 92.57, 91.9, 91.96, 91.55, 91.12, 90.73, 90.66, 90.67, 89.99]
2026-06-28 11:03:54,861 [trainer.py] => Average Accuracy (CNN): 71.51
2026-06-28 11:03:54,861 [trainer.py] => Average Accuracy (NME): 76.95
2026-06-28 11:03:54,861 [trainer.py] => All params: 86025511
2026-06-28 11:03:54,862 [trainer.py] => Trainable params: 86025511
2026-06-28 11:03:54,864 [icarl.py] => Learning on 295-300
2026-06-28 11:29:50,339 [icarl.py] => Task 30, Epoch 20/20 => Loss 1.830, Train_accy 98.78
2026-06-28 11:29:50,360 [base.py] => Constructing exemplars for new classes...(20 per classes)
2026-06-28 11:33:05,985 [icarl.py] => Exemplar size: 6000
2026-06-28 11:33:06,004 [trainer.py] => CNN: {'total': 61.92, '00-149': 59.73, '150-154': 68.0, '155-159': 29.0, '160-164': 41.0, '165-169': 61.0, '170-174': 42.0, '175-179': 46.46, '180-184': 55.56, '185-189': 60.61, '190-194': 57.0, '195-199': 53.0, '200-204': 72.0, '205-209': 69.0, '210-214': 54.0, '215-219': 60.61, '220-224': 70.0, '225-229': 74.0, '230-234': 74.0, '235-239': 37.0, '240-244': 66.0, '245-249': 42.0, '250-254': 78.0, '255-259': 63.64, '260-264': 72.0, '265-269': 62.0, '270-274': 68.0, '275-279': 84.0, '280-284': 91.0, '285-289': 94.0, '290-294': 85.0, '295-299': 93.0, 'old': 61.39, 'new': 93.0}
2026-06-28 11:33:06,004 [trainer.py] => NME: {'total': 69.44, '00-149': 67.16, '150-154': 76.0, '155-159': 44.0, '160-164': 56.0, '165-169': 76.0, '170-174': 48.0, '175-179': 64.65, '180-184': 70.71, '185-189': 67.68, '190-194': 69.0, '195-199': 69.0, '200-204': 79.0, '205-209': 72.0, '210-214': 76.0, '215-219': 73.74, '220-224': 75.0, '225-229': 78.0, '230-234': 83.0, '235-239': 64.0, '240-244': 76.0, '245-249': 57.0, '250-254': 84.0, '255-259': 69.7, '260-264': 71.0, '265-269': 72.0, '270-274': 75.0, '275-279': 78.0, '280-284': 82.0, '285-289': 85.0, '290-294': 79.0, '295-299': 81.0, 'old': 69.24, 'new': 81.0}
2026-06-28 11:33:06,004 [trainer.py] => CNN top1 curve: [85.92, 85.66, 83.23, 82.25, 80.59, 76.42, 75.4, 75.52, 74.33, 74.27, 73.59, 73.79, 73.04, 71.96, 71.61, 69.66, 68.91, 68.27, 67.01, 66.99, 65.84, 65.69, 65.9, 65.15, 63.77, 64.18, 63.92, 63.57, 65.57, 63.3, 61.92]
2026-06-28 11:33:06,004 [trainer.py] => CNN top5 curve: [97.02, 97.22, 96.74, 96.2, 95.96, 94.79, 93.98, 93.52, 92.71, 92.51, 91.5, 91.71, 90.76, 89.97, 90.01, 89.52, 89.08, 88.54, 87.38, 87.47, 87.1, 87.26, 86.81, 85.87, 84.88, 84.56, 84.98, 84.52, 85.01, 84.38, 83.89]
2026-06-28 11:33:06,004 [trainer.py] => NME top1 curve: [86.35, 86.18, 84.95, 83.65, 83.33, 82.32, 81.42, 80.4, 80.12, 79.57, 77.88, 77.66, 77.36, 76.44, 76.47, 75.08, 74.84, 74.75, 74.7, 73.86, 73.63, 73.38, 73.0, 72.58, 72.55, 71.94, 71.66, 71.22, 71.08, 70.11, 69.44]
2026-06-28 11:33:06,004 [trainer.py] => NME top5 curve: [97.36, 97.67, 97.21, 97.02, 96.93, 96.33, 96.13, 95.96, 95.41, 95.14, 94.91, 94.76, 94.87, 94.43, 94.0, 93.71, 93.35, 93.45, 92.65, 92.78, 92.48, 92.57, 91.9, 91.96, 91.55, 91.12, 90.73, 90.66, 90.67, 89.99, 89.69]
2026-06-28 11:33:06,005 [trainer.py] => Average Accuracy (CNN): 71.2
2026-06-28 11:33:06,005 [trainer.py] => Average Accuracy (NME): 76.71
