2026-05-27 23:57:02,885 [trainer.py] => config: ./configs/finetune/finetune_cub_B100_Inc10.json
2026-05-27 23:57:02,885 [trainer.py] => prefix: reproduce
2026-05-27 23:57:02,885 [trainer.py] => dataset: cub
2026-05-27 23:57:02,885 [trainer.py] => memory_size: 0
2026-05-27 23:57:02,885 [trainer.py] => memory_per_class: 0
2026-05-27 23:57:02,886 [trainer.py] => fixed_memory: False
2026-05-27 23:57:02,886 [trainer.py] => shuffle: True
2026-05-27 23:57:02,886 [trainer.py] => init_cls: 100
2026-05-27 23:57:02,886 [trainer.py] => increment: 10
2026-05-27 23:57:02,886 [trainer.py] => model_name: finetune
2026-05-27 23:57:02,886 [trainer.py] => backbone_type: vit_base_patch16_224_in21k
2026-05-27 23:57:02,886 [trainer.py] => device: [device(type='cuda', index=6)]
2026-05-27 23:57:02,886 [trainer.py] => seed: 1994
2026-05-27 23:57:02,886 [trainer.py] => init_epoch: 20
2026-05-27 23:57:02,886 [trainer.py] => init_lr: 0.001
2026-05-27 23:57:02,886 [trainer.py] => init_milestones: [60, 120, 170]
2026-05-27 23:57:02,886 [trainer.py] => init_lr_decay: 0.1
2026-05-27 23:57:02,886 [trainer.py] => init_weight_decay: 0.0005
2026-05-27 23:57:02,886 [trainer.py] => epochs: 20
2026-05-27 23:57:02,886 [trainer.py] => lrate: 0.001
2026-05-27 23:57:02,886 [trainer.py] => milestones: [40, 70]
2026-05-27 23:57:02,886 [trainer.py] => lrate_decay: 0.1
2026-05-27 23:57:02,886 [trainer.py] => batch_size: 48
2026-05-27 23:57:02,886 [trainer.py] => weight_decay: 0.0002
2026-05-27 23:57:02,886 [trainer.py] => nb_classes: 200
2026-05-27 23:57:02,886 [trainer.py] => nb_tasks: 11
2026-05-27 23:57:02,936 [data_manager.py] => [85, 41, 23, 28, 70, 87, 134, 151, 51, 159, 178, 119, 50, 117, 73, 95, 86, 147, 63, 22, 79, 175, 40, 155, 174, 54, 132, 72, 124, 157, 93, 26, 196, 74, 44, 15, 169, 122, 88, 171, 184, 6, 18, 145, 48, 197, 64, 172, 126, 96, 11, 55, 193, 66, 128, 21, 77, 113, 140, 116, 141, 133, 120, 29, 115, 14, 103, 127, 114, 19, 9, 38, 33, 195, 81, 35, 69, 181, 47, 129, 112, 168, 198, 71, 101, 188, 68, 90, 158, 163, 52, 8, 185, 59, 154, 92, 56, 183, 32, 136, 65, 45, 46, 173, 189, 108, 102, 144, 0, 107, 187, 100, 98, 192, 43, 161, 104, 75, 150, 166, 121, 60, 160, 3, 143, 153, 62, 142, 61, 110, 194, 97, 25, 177, 179, 17, 49, 31, 94, 111, 16, 53, 91, 58, 135, 83, 2, 12, 13, 165, 42, 36, 186, 105, 1, 7, 149, 170, 27, 24, 78, 167, 137, 138, 118, 10, 139, 164, 20, 57, 123, 199, 89, 130, 82, 162, 176, 148, 109, 125, 67, 106, 37, 146, 131, 180, 156, 39, 5, 84, 4, 190, 152, 191, 30, 76, 80, 34, 99, 182]
2026-05-27 23:57:07,061 [trainer.py] => All params: 85798656
2026-05-27 23:57:07,062 [trainer.py] => Trainable params: 85798656
2026-05-27 23:57:07,064 [finetune.py] => Learning on 0-100
2026-05-28 00:20:49,317 [finetune.py] => Task 0, Epoch 20/20 => Loss 0.402, Train_accy 89.05
2026-05-28 00:20:56,663 [trainer.py] => Timing Task 0 => Train 1422.26s, Epochs 20, Train 71.1128s/epoch, Inference 7.35s, Images 1154, Inference 6.3649ms/image
2026-05-28 00:20:56,663 [trainer.py] => No NME accuracy.
2026-05-28 00:20:56,664 [trainer.py] => CNN: {'total': 87.44, '00-99': 87.44, 'old': 0, 'new': 87.44}
2026-05-28 00:20:56,664 [trainer.py] => CNN top1 curve: [87.44]
2026-05-28 00:20:56,664 [trainer.py] => CNN top5 curve: [97.23]
2026-05-28 00:20:56,664 [trainer.py] => Average Accuracy (CNN): 87.44
2026-05-28 00:20:56,665 [trainer.py] => All params: 85875556
2026-05-28 00:20:56,665 [trainer.py] => Trainable params: 85875556
2026-05-28 00:20:56,668 [finetune.py] => Learning on 100-110
2026-05-28 00:24:03,635 [finetune.py] => Task 1, Epoch 20/20 => Loss 0.087, Train_accy 94.98
2026-05-28 00:24:11,689 [trainer.py] => Timing Task 1 => Train 186.97s, Epochs 20, Train 9.3486s/epoch, Inference 8.05s, Images 1274, Inference 6.3199ms/image
2026-05-28 00:24:11,689 [trainer.py] => No NME accuracy.
2026-05-28 00:24:11,689 [trainer.py] => CNN: {'total': 72.76, '00-99': 70.28, '100-109': 96.67, 'old': 70.28, 'new': 96.67}
2026-05-28 00:24:11,689 [trainer.py] => CNN top1 curve: [87.44, 72.76]
2026-05-28 00:24:11,689 [trainer.py] => CNN top5 curve: [97.23, 96.15]
2026-05-28 00:24:11,689 [trainer.py] => Average Accuracy (CNN): 80.1
2026-05-28 00:24:11,690 [trainer.py] => All params: 85883246
2026-05-28 00:24:11,691 [trainer.py] => Trainable params: 85883246
2026-05-28 00:24:11,693 [finetune.py] => Learning on 110-120
2026-05-28 00:27:15,277 [finetune.py] => Task 2, Epoch 20/20 => Loss 0.141, Train_accy 88.82
2026-05-28 00:27:23,981 [trainer.py] => Timing Task 2 => Train 183.59s, Epochs 20, Train 9.1794s/epoch, Inference 8.70s, Images 1388, Inference 6.2692ms/image
2026-05-28 00:27:23,981 [trainer.py] => No NME accuracy.
2026-05-28 00:27:23,981 [trainer.py] => CNN: {'total': 73.05, '00-99': 68.46, '100-109': 94.17, '110-119': 97.37, 'old': 70.88, 'new': 97.37}
2026-05-28 00:27:23,981 [trainer.py] => CNN top1 curve: [87.44, 72.76, 73.05]
2026-05-28 00:27:23,982 [trainer.py] => CNN top5 curve: [97.23, 96.15, 94.6]
2026-05-28 00:27:23,982 [trainer.py] => Average Accuracy (CNN): 77.75
2026-05-28 00:27:23,982 [trainer.py] => All params: 85890936
2026-05-28 00:27:23,983 [trainer.py] => Trainable params: 85890936
2026-05-28 00:27:23,985 [finetune.py] => Learning on 120-130
2026-05-28 00:30:35,126 [finetune.py] => Task 3, Epoch 20/20 => Loss 0.131, Train_accy 86.47
2026-05-28 00:30:44,601 [trainer.py] => Timing Task 3 => Train 191.14s, Epochs 20, Train 9.5572s/epoch, Inference 9.47s, Images 1515, Inference 6.2531ms/image
2026-05-28 00:30:44,602 [trainer.py] => No NME accuracy.
2026-05-28 00:30:44,602 [trainer.py] => CNN: {'total': 62.51, '00-99': 55.89, '100-109': 82.5, '110-119': 84.21, '120-129': 84.25, 'old': 60.52, 'new': 84.25}
2026-05-28 00:30:44,602 [trainer.py] => CNN top1 curve: [87.44, 72.76, 73.05, 62.51]
2026-05-28 00:30:44,602 [trainer.py] => CNN top5 curve: [97.23, 96.15, 94.6, 93.07]
2026-05-28 00:30:44,602 [trainer.py] => Average Accuracy (CNN): 73.94
2026-05-28 00:30:44,604 [trainer.py] => All params: 85898626
2026-05-28 00:30:44,605 [trainer.py] => Trainable params: 85898626
2026-05-28 00:30:44,609 [finetune.py] => Learning on 130-140
2026-05-28 00:33:47,335 [finetune.py] => Task 4, Epoch 20/20 => Loss 0.135, Train_accy 84.79
2026-05-28 00:33:55,987 [trainer.py] => Timing Task 4 => Train 182.73s, Epochs 20, Train 9.1365s/epoch, Inference 8.65s, Images 1642, Inference 5.2688ms/image
2026-05-28 00:33:55,988 [trainer.py] => No NME accuracy.
2026-05-28 00:33:55,988 [trainer.py] => CNN: {'total': 60.9, '00-99': 52.86, '100-109': 80.83, '110-119': 80.7, '120-129': 74.02, '130-139': 84.25, 'old': 58.94, 'new': 84.25}
2026-05-28 00:33:55,988 [trainer.py] => CNN top1 curve: [87.44, 72.76, 73.05, 62.51, 60.9]
2026-05-28 00:33:55,988 [trainer.py] => CNN top5 curve: [97.23, 96.15, 94.6, 93.07, 92.27]
2026-05-28 00:33:55,988 [trainer.py] => Average Accuracy (CNN): 71.33
2026-05-28 00:33:55,989 [trainer.py] => All params: 85906316
2026-05-28 00:33:55,990 [trainer.py] => Trainable params: 85906316
2026-05-28 00:33:55,994 [finetune.py] => Learning on 140-150
2026-05-28 00:36:41,663 [finetune.py] => Task 5, Epoch 20/20 => Loss 0.102, Train_accy 85.15
2026-05-28 00:36:47,616 [trainer.py] => Timing Task 5 => Train 165.67s, Epochs 20, Train 8.2837s/epoch, Inference 5.95s, Images 1751, Inference 3.3988ms/image
2026-05-28 00:36:47,616 [trainer.py] => No NME accuracy.
2026-05-28 00:36:47,616 [trainer.py] => CNN: {'total': 59.79, '00-99': 51.3, '100-109': 64.17, '110-119': 78.95, '120-129': 75.59, '130-139': 73.23, '140-149': 90.83, 'old': 57.73, 'new': 90.83}
2026-05-28 00:36:47,616 [trainer.py] => CNN top1 curve: [87.44, 72.76, 73.05, 62.51, 60.9, 59.79]
2026-05-28 00:36:47,616 [trainer.py] => CNN top5 curve: [97.23, 96.15, 94.6, 93.07, 92.27, 91.6]
2026-05-28 00:36:47,616 [trainer.py] => Average Accuracy (CNN): 69.41
2026-05-28 00:36:47,617 [trainer.py] => All params: 85914006
2026-05-28 00:36:47,618 [trainer.py] => Trainable params: 85914006
2026-05-28 00:36:47,621 [finetune.py] => Learning on 150-160
2026-05-28 00:39:58,320 [finetune.py] => Task 6, Epoch 20/20 => Loss 0.098, Train_accy 87.53
2026-05-28 00:40:10,065 [trainer.py] => Timing Task 6 => Train 190.70s, Epochs 20, Train 9.5352s/epoch, Inference 11.74s, Images 1885, Inference 6.2297ms/image
2026-05-28 00:40:10,065 [trainer.py] => No NME accuracy.
2026-05-28 00:40:10,066 [trainer.py] => CNN: {'total': 59.68, '00-99': 50.17, '100-109': 50.83, '110-119': 76.32, '120-129': 66.93, '130-139': 78.74, '140-149': 87.16, '150-159': 88.06, 'old': 57.51, 'new': 88.06}
2026-05-28 00:40:10,066 [trainer.py] => CNN top1 curve: [87.44, 72.76, 73.05, 62.51, 60.9, 59.79, 59.68]
2026-05-28 00:40:10,066 [trainer.py] => CNN top5 curve: [97.23, 96.15, 94.6, 93.07, 92.27, 91.6, 89.76]
2026-05-28 00:40:10,066 [trainer.py] => Average Accuracy (CNN): 68.02
2026-05-28 00:40:10,067 [trainer.py] => All params: 85921696
2026-05-28 00:40:10,068 [trainer.py] => Trainable params: 85921696
2026-05-28 00:40:10,071 [finetune.py] => Learning on 160-170
2026-05-28 00:43:34,995 [finetune.py] => Task 7, Epoch 20/20 => Loss 0.144, Train_accy 85.68
2026-05-28 00:43:45,069 [trainer.py] => Timing Task 7 => Train 204.93s, Epochs 20, Train 10.2464s/epoch, Inference 10.07s, Images 2006, Inference 5.0212ms/image
2026-05-28 00:43:45,070 [trainer.py] => No NME accuracy.
2026-05-28 00:43:45,070 [trainer.py] => CNN: {'total': 57.83, '00-99': 45.67, '100-109': 58.33, '110-119': 65.79, '120-129': 59.84, '130-139': 77.17, '140-149': 77.98, '150-159': 83.58, '160-169': 96.69, 'old': 55.33, 'new': 96.69}
2026-05-28 00:43:45,070 [trainer.py] => CNN top1 curve: [87.44, 72.76, 73.05, 62.51, 60.9, 59.79, 59.68, 57.83]
2026-05-28 00:43:45,070 [trainer.py] => CNN top5 curve: [97.23, 96.15, 94.6, 93.07, 92.27, 91.6, 89.76, 89.73]
2026-05-28 00:43:45,070 [trainer.py] => Average Accuracy (CNN): 66.74
2026-05-28 00:43:45,072 [trainer.py] => All params: 85929386
2026-05-28 00:43:45,073 [trainer.py] => Trainable params: 85929386
2026-05-28 00:43:45,077 [finetune.py] => Learning on 170-180
2026-05-28 00:47:12,704 [finetune.py] => Task 8, Epoch 20/20 => Loss 0.111, Train_accy 85.62
2026-05-28 00:47:25,847 [trainer.py] => Timing Task 8 => Train 207.63s, Epochs 20, Train 10.3817s/epoch, Inference 13.14s, Images 2130, Inference 6.1691ms/image
2026-05-28 00:47:25,847 [trainer.py] => No NME accuracy.
2026-05-28 00:47:25,847 [trainer.py] => CNN: {'total': 61.41, '00-99': 50.43, '100-109': 66.67, '110-119': 64.91, '120-129': 56.69, '130-139': 71.65, '140-149': 74.31, '150-159': 78.36, '160-169': 91.74, '170-179': 90.32, 'old': 59.62, 'new': 90.32}
2026-05-28 00:47:25,847 [trainer.py] => CNN top1 curve: [87.44, 72.76, 73.05, 62.51, 60.9, 59.79, 59.68, 57.83, 61.41]
2026-05-28 00:47:25,847 [trainer.py] => CNN top5 curve: [97.23, 96.15, 94.6, 93.07, 92.27, 91.6, 89.76, 89.73, 90.38]
2026-05-28 00:47:25,847 [trainer.py] => Average Accuracy (CNN): 66.15
2026-05-28 00:47:25,848 [trainer.py] => All params: 85937076
2026-05-28 00:47:25,849 [trainer.py] => Trainable params: 85937076
2026-05-28 00:47:25,852 [finetune.py] => Learning on 180-190
2026-05-28 00:50:52,976 [finetune.py] => Task 9, Epoch 20/20 => Loss 0.118, Train_accy 86.14
2026-05-28 00:51:06,650 [trainer.py] => Timing Task 9 => Train 207.13s, Epochs 20, Train 10.3564s/epoch, Inference 13.67s, Images 2239, Inference 6.1069ms/image
2026-05-28 00:51:06,651 [trainer.py] => No NME accuracy.
2026-05-28 00:51:06,651 [trainer.py] => CNN: {'total': 53.24, '00-99': 39.34, '100-109': 48.33, '110-119': 65.79, '120-129': 48.03, '130-139': 56.69, '140-149': 69.72, '150-159': 72.39, '160-169': 81.82, '170-179': 79.84, '180-189': 92.66, 'old': 51.22, 'new': 92.66}
2026-05-28 00:51:06,651 [trainer.py] => CNN top1 curve: [87.44, 72.76, 73.05, 62.51, 60.9, 59.79, 59.68, 57.83, 61.41, 53.24]
2026-05-28 00:51:06,651 [trainer.py] => CNN top5 curve: [97.23, 96.15, 94.6, 93.07, 92.27, 91.6, 89.76, 89.73, 90.38, 88.74]
2026-05-28 00:51:06,651 [trainer.py] => Average Accuracy (CNN): 64.86
2026-05-28 00:51:06,652 [trainer.py] => All params: 85944766
2026-05-28 00:51:06,653 [trainer.py] => Trainable params: 85944766
2026-05-28 00:51:06,658 [finetune.py] => Learning on 190-200
2026-05-28 00:54:32,582 [finetune.py] => Task 10, Epoch 20/20 => Loss 0.110, Train_accy 88.79
2026-05-28 00:54:46,752 [trainer.py] => Timing Task 10 => Train 205.93s, Epochs 20, Train 10.2965s/epoch, Inference 14.17s, Images 2358, Inference 6.0088ms/image
2026-05-28 00:54:46,752 [trainer.py] => No NME accuracy.
2026-05-28 00:54:46,752 [trainer.py] => CNN: {'total': 48.64, '00-99': 33.1, '100-109': 35.0, '110-119': 41.23, '120-129': 46.46, '130-139': 54.33, '140-149': 66.06, '150-159': 58.21, '160-169': 75.21, '170-179': 76.61, '180-189': 89.91, '190-199': 95.8, 'old': 46.14, 'new': 95.8}
2026-05-28 00:54:46,752 [trainer.py] => CNN top1 curve: [87.44, 72.76, 73.05, 62.51, 60.9, 59.79, 59.68, 57.83, 61.41, 53.24, 48.64]
2026-05-28 00:54:46,752 [trainer.py] => CNN top5 curve: [97.23, 96.15, 94.6, 93.07, 92.27, 91.6, 89.76, 89.73, 90.38, 88.74, 83.84]
2026-05-28 00:54:46,752 [trainer.py] => Average Accuracy (CNN): 63.39
2026-05-28 00:54:46,753 [trainer.py] => Total Train Time: 3348.69s
2026-05-28 00:54:46,753 [trainer.py] => Total Inference Time: 110.97s
2026-05-28 00:54:46,753 [trainer.py] => Average Training Time per Epoch per Incremental Task: 15.2213s
2026-05-28 00:54:46,753 [trainer.py] => Average Inference Time: 5.7374ms/image
2026-05-28 00:54:46,753 [trainer.py] => Mean Task Inference Time: 5.7646ms/image
