2026-05-27 18:30:46,746 [trainer.py] => config: ./configs/finetune/finetune_cub_B100_Inc5.json
2026-05-27 18:30:46,746 [trainer.py] => prefix: reproduce
2026-05-27 18:30:46,747 [trainer.py] => dataset: cub
2026-05-27 18:30:46,747 [trainer.py] => memory_size: 0
2026-05-27 18:30:46,747 [trainer.py] => memory_per_class: 0
2026-05-27 18:30:46,747 [trainer.py] => fixed_memory: False
2026-05-27 18:30:46,747 [trainer.py] => shuffle: True
2026-05-27 18:30:46,747 [trainer.py] => init_cls: 100
2026-05-27 18:30:46,747 [trainer.py] => increment: 5
2026-05-27 18:30:46,747 [trainer.py] => model_name: finetune
2026-05-27 18:30:46,747 [trainer.py] => backbone_type: vit_base_patch16_224_in21k
2026-05-27 18:30:46,747 [trainer.py] => device: [device(type='cuda', index=6)]
2026-05-27 18:30:46,747 [trainer.py] => seed: 42
2026-05-27 18:30:46,747 [trainer.py] => init_epoch: 20
2026-05-27 18:30:46,747 [trainer.py] => init_lr: 0.001
2026-05-27 18:30:46,747 [trainer.py] => init_milestones: [60, 120, 170]
2026-05-27 18:30:46,747 [trainer.py] => init_lr_decay: 0.1
2026-05-27 18:30:46,747 [trainer.py] => init_weight_decay: 0.0005
2026-05-27 18:30:46,747 [trainer.py] => epochs: 20
2026-05-27 18:30:46,747 [trainer.py] => lrate: 0.001
2026-05-27 18:30:46,747 [trainer.py] => milestones: [40, 70]
2026-05-27 18:30:46,747 [trainer.py] => lrate_decay: 0.1
2026-05-27 18:30:46,747 [trainer.py] => batch_size: 48
2026-05-27 18:30:46,747 [trainer.py] => weight_decay: 0.0002
2026-05-27 18:30:46,786 [data_manager.py] => [95, 15, 30, 158, 128, 115, 69, 170, 174, 45, 66, 182, 165, 78, 186, 177, 56, 152, 82, 68, 124, 16, 148, 93, 65, 60, 84, 67, 125, 132, 9, 18, 55, 75, 150, 104, 135, 137, 164, 76, 79, 197, 38, 24, 122, 195, 29, 19, 143, 86, 114, 173, 5, 126, 117, 73, 140, 98, 172, 96, 169, 97, 31, 12, 35, 119, 42, 189, 90, 136, 51, 127, 162, 41, 118, 113, 26, 139, 100, 111, 2, 77, 46, 187, 191, 85, 161, 36, 190, 61, 22, 141, 101, 33, 11, 194, 159, 6, 27, 120, 4, 32, 142, 145, 109, 144, 10, 62, 112, 146, 166, 0, 198, 153, 70, 123, 64, 44, 163, 28, 40, 108, 155, 156, 25, 23, 184, 147, 81, 39, 168, 47, 94, 154, 43, 138, 3, 105, 53, 133, 180, 178, 185, 49, 80, 34, 7, 110, 91, 83, 176, 181, 89, 8, 13, 59, 171, 131, 17, 72, 175, 134, 167, 183, 63, 54, 107, 50, 196, 58, 48, 88, 21, 57, 160, 192, 129, 37, 157, 193, 1, 52, 149, 130, 151, 103, 99, 116, 87, 74, 121, 199, 20, 188, 71, 106, 14, 92, 179, 102]
2026-05-27 18:30:51,968 [trainer.py] => All params: 85798656
2026-05-27 18:30:51,969 [trainer.py] => Trainable params: 85798656
2026-05-27 18:30:52,120 [finetune.py] => Learning on 0-100
2026-05-27 18:55:13,899 [finetune.py] => Task 0, Epoch 20/20 => Loss 0.347, Train_accy 90.78
2026-05-27 18:55:21,577 [trainer.py] => Timing Task 0 => Train 1461.78s, Epochs 20, Train 73.0891s/epoch, Inference 7.68s, Images 1172, Inference 6.5496ms/image
2026-05-27 18:55:21,577 [trainer.py] => No NME accuracy.
2026-05-27 18:55:21,577 [trainer.py] => CNN: {'total': 89.76, '00-99': 89.76, 'old': 0, 'new': 89.76}
2026-05-27 18:55:21,577 [trainer.py] => CNN top1 curve: [89.76]
2026-05-27 18:55:21,577 [trainer.py] => CNN top5 curve: [97.78]
2026-05-27 18:55:21,577 [trainer.py] => Average Accuracy (CNN): 89.76
2026-05-27 18:55:21,578 [trainer.py] => All params: 85875556
2026-05-27 18:55:21,578 [trainer.py] => Trainable params: 85875556
2026-05-27 18:55:21,580 [finetune.py] => Learning on 100-105
2026-05-27 18:57:14,180 [finetune.py] => Task 1, Epoch 20/20 => Loss 0.071, Train_accy 72.96
2026-05-27 18:57:21,921 [trainer.py] => Timing Task 1 => Train 112.60s, Epochs 20, Train 5.6301s/epoch, Inference 7.74s, Images 1222, Inference 6.3334ms/image
2026-05-27 18:57:21,921 [trainer.py] => No NME accuracy.
2026-05-27 18:57:21,921 [trainer.py] => CNN: {'total': 80.36, '00-99': 81.06, '100-104': 64.0, 'old': 81.06, 'new': 64.0}
2026-05-27 18:57:21,921 [trainer.py] => CNN top1 curve: [89.76, 80.36]
2026-05-27 18:57:21,922 [trainer.py] => CNN top5 curve: [97.78, 96.73]
2026-05-27 18:57:21,922 [trainer.py] => Average Accuracy (CNN): 85.06
2026-05-27 18:57:21,923 [trainer.py] => All params: 85879401
2026-05-27 18:57:21,924 [trainer.py] => Trainable params: 85879401
2026-05-27 18:57:21,927 [finetune.py] => Learning on 105-110
2026-05-27 18:59:15,604 [finetune.py] => Task 2, Epoch 20/20 => Loss 0.080, Train_accy 81.97
2026-05-27 18:59:23,659 [trainer.py] => Timing Task 2 => Train 113.68s, Epochs 20, Train 5.6840s/epoch, Inference 8.05s, Images 1279, Inference 6.2970ms/image
2026-05-27 18:59:23,659 [trainer.py] => No NME accuracy.
2026-05-27 18:59:23,659 [trainer.py] => CNN: {'total': 70.29, '00-99': 70.14, '100-104': 54.0, '105-109': 87.72, 'old': 69.48, 'new': 87.72}
2026-05-27 18:59:23,660 [trainer.py] => CNN top1 curve: [89.76, 80.36, 70.29]
2026-05-27 18:59:23,660 [trainer.py] => CNN top5 curve: [97.78, 96.73, 95.62]
2026-05-27 18:59:23,660 [trainer.py] => Average Accuracy (CNN): 80.14
2026-05-27 18:59:23,660 [trainer.py] => All params: 85883246
2026-05-27 18:59:23,661 [trainer.py] => Trainable params: 85883246
2026-05-27 18:59:23,663 [finetune.py] => Learning on 110-115
2026-05-27 19:01:17,783 [finetune.py] => Task 3, Epoch 20/20 => Loss 0.049, Train_accy 82.02
2026-05-27 19:01:26,359 [trainer.py] => Timing Task 3 => Train 114.12s, Epochs 20, Train 5.7062s/epoch, Inference 8.57s, Images 1351, Inference 6.3464ms/image
2026-05-27 19:01:26,359 [trainer.py] => No NME accuracy.
2026-05-27 19:01:26,359 [trainer.py] => CNN: {'total': 62.84, '00-99': 61.69, '100-104': 52.0, '105-109': 84.21, '110-114': 72.22, 'old': 62.31, 'new': 72.22}
2026-05-27 19:01:26,359 [trainer.py] => CNN top1 curve: [89.76, 80.36, 70.29, 62.84]
2026-05-27 19:01:26,359 [trainer.py] => CNN top5 curve: [97.78, 96.73, 95.62, 92.75]
2026-05-27 19:01:26,360 [trainer.py] => Average Accuracy (CNN): 75.81
2026-05-27 19:01:26,361 [trainer.py] => All params: 85887091
2026-05-27 19:01:26,362 [trainer.py] => Trainable params: 85887091
2026-05-27 19:01:26,367 [finetune.py] => Learning on 115-120
2026-05-27 19:03:10,408 [finetune.py] => Task 4, Epoch 20/20 => Loss 0.018, Train_accy 82.63
2026-05-27 19:03:15,463 [trainer.py] => Timing Task 4 => Train 104.05s, Epochs 20, Train 5.2024s/epoch, Inference 5.05s, Images 1404, Inference 3.5990ms/image
2026-05-27 19:03:15,463 [trainer.py] => No NME accuracy.
2026-05-27 19:03:15,463 [trainer.py] => CNN: {'total': 52.28, '00-99': 48.89, '100-104': 56.0, '105-109': 71.93, '110-114': 65.28, '115-119': 84.91, 'old': 51.0, 'new': 84.91}
2026-05-27 19:03:15,463 [trainer.py] => CNN top1 curve: [89.76, 80.36, 70.29, 62.84, 52.28]
2026-05-27 19:03:15,463 [trainer.py] => CNN top5 curve: [97.78, 96.73, 95.62, 92.75, 89.17]
2026-05-27 19:03:15,463 [trainer.py] => Average Accuracy (CNN): 71.11
2026-05-27 19:03:15,464 [trainer.py] => All params: 85890936
2026-05-27 19:03:15,465 [trainer.py] => Trainable params: 85890936
2026-05-27 19:03:15,467 [finetune.py] => Learning on 120-125
2026-05-27 19:05:00,515 [finetune.py] => Task 5, Epoch 20/20 => Loss 0.109, Train_accy 57.38
2026-05-27 19:05:08,271 [trainer.py] => Timing Task 5 => Train 105.05s, Epochs 20, Train 5.2526s/epoch, Inference 7.75s, Images 1459, Inference 5.3150ms/image
2026-05-27 19:05:08,271 [trainer.py] => No NME accuracy.
2026-05-27 19:05:08,271 [trainer.py] => CNN: {'total': 54.28, '00-99': 51.45, '100-104': 52.0, '105-109': 68.42, '110-114': 66.67, '115-119': 81.13, '120-124': 60.0, 'old': 54.06, 'new': 60.0}
2026-05-27 19:05:08,271 [trainer.py] => CNN top1 curve: [89.76, 80.36, 70.29, 62.84, 52.28, 54.28]
2026-05-27 19:05:08,271 [trainer.py] => CNN top5 curve: [97.78, 96.73, 95.62, 92.75, 89.17, 90.61]
2026-05-27 19:05:08,271 [trainer.py] => Average Accuracy (CNN): 68.3
2026-05-27 19:05:08,272 [trainer.py] => All params: 85894781
2026-05-27 19:05:08,273 [trainer.py] => Trainable params: 85894781
2026-05-27 19:05:08,274 [finetune.py] => Learning on 125-130
2026-05-27 19:06:55,184 [finetune.py] => Task 6, Epoch 20/20 => Loss 0.072, Train_accy 90.09
2026-05-27 19:07:04,853 [trainer.py] => Timing Task 6 => Train 106.91s, Epochs 20, Train 5.3457s/epoch, Inference 9.67s, Images 1519, Inference 6.3642ms/image
2026-05-27 19:07:04,853 [trainer.py] => No NME accuracy.
2026-05-27 19:07:04,853 [trainer.py] => CNN: {'total': 54.97, '00-99': 50.26, '100-104': 52.0, '105-109': 61.4, '110-114': 68.06, '115-119': 83.02, '120-124': 61.82, '125-129': 96.67, 'old': 53.26, 'new': 96.67}
2026-05-27 19:07:04,853 [trainer.py] => CNN top1 curve: [89.76, 80.36, 70.29, 62.84, 52.28, 54.28, 54.97]
2026-05-27 19:07:04,853 [trainer.py] => CNN top5 curve: [97.78, 96.73, 95.62, 92.75, 89.17, 90.61, 90.32]
2026-05-27 19:07:04,854 [trainer.py] => Average Accuracy (CNN): 66.4
2026-05-27 19:07:04,854 [trainer.py] => All params: 85898626
2026-05-27 19:07:04,855 [trainer.py] => Trainable params: 85898626
2026-05-27 19:07:04,856 [finetune.py] => Learning on 130-135
2026-05-27 19:09:08,472 [finetune.py] => Task 7, Epoch 20/20 => Loss 0.025, Train_accy 90.79
2026-05-27 19:09:18,391 [trainer.py] => Timing Task 7 => Train 123.62s, Epochs 20, Train 6.1810s/epoch, Inference 9.92s, Images 1579, Inference 6.2800ms/image
2026-05-27 19:09:18,391 [trainer.py] => No NME accuracy.
2026-05-27 19:09:18,391 [trainer.py] => CNN: {'total': 51.17, '00-99': 43.52, '100-104': 54.0, '105-109': 63.16, '110-114': 61.11, '115-119': 83.02, '120-124': 63.64, '125-129': 93.33, '130-134': 93.33, 'old': 49.51, 'new': 93.33}
2026-05-27 19:09:18,391 [trainer.py] => CNN top1 curve: [89.76, 80.36, 70.29, 62.84, 52.28, 54.28, 54.97, 51.17]
2026-05-27 19:09:18,391 [trainer.py] => CNN top5 curve: [97.78, 96.73, 95.62, 92.75, 89.17, 90.61, 90.32, 89.36]
2026-05-27 19:09:18,391 [trainer.py] => Average Accuracy (CNN): 64.49
2026-05-27 19:09:18,392 [trainer.py] => All params: 85902471
2026-05-27 19:09:18,393 [trainer.py] => Trainable params: 85902471
2026-05-27 19:09:18,396 [finetune.py] => Learning on 135-140
2026-05-27 19:11:23,152 [finetune.py] => Task 8, Epoch 20/20 => Loss 0.075, Train_accy 86.19
2026-05-27 19:11:33,374 [trainer.py] => Timing Task 8 => Train 124.76s, Epochs 20, Train 6.2380s/epoch, Inference 10.22s, Images 1640, Inference 6.2321ms/image
2026-05-27 19:11:33,375 [trainer.py] => No NME accuracy.
2026-05-27 19:11:33,375 [trainer.py] => CNN: {'total': 46.71, '00-99': 35.84, '100-104': 38.0, '105-109': 73.68, '110-114': 63.89, '115-119': 84.91, '120-124': 54.55, '125-129': 86.67, '130-134': 90.0, '135-139': 95.08, 'old': 44.84, 'new': 95.08}
2026-05-27 19:11:33,375 [trainer.py] => CNN top1 curve: [89.76, 80.36, 70.29, 62.84, 52.28, 54.28, 54.97, 51.17, 46.71]
2026-05-27 19:11:33,375 [trainer.py] => CNN top5 curve: [97.78, 96.73, 95.62, 92.75, 89.17, 90.61, 90.32, 89.36, 87.2]
2026-05-27 19:11:33,375 [trainer.py] => Average Accuracy (CNN): 62.52
2026-05-27 19:11:33,376 [trainer.py] => All params: 85906316
2026-05-27 19:11:33,376 [trainer.py] => Trainable params: 85906316
2026-05-27 19:11:33,380 [finetune.py] => Learning on 140-145
2026-05-27 19:13:37,590 [finetune.py] => Task 9, Epoch 20/20 => Loss 0.067, Train_accy 80.83
2026-05-27 19:13:48,041 [trainer.py] => Timing Task 9 => Train 124.21s, Epochs 20, Train 6.2107s/epoch, Inference 10.45s, Images 1698, Inference 6.1543ms/image
2026-05-27 19:13:48,042 [trainer.py] => No NME accuracy.
2026-05-27 19:13:48,042 [trainer.py] => CNN: {'total': 46.0, '00-99': 34.3, '100-104': 34.0, '105-109': 70.18, '110-114': 55.56, '115-119': 81.13, '120-124': 49.09, '125-129': 86.67, '130-134': 81.67, '135-139': 96.72, '140-144': 89.66, 'old': 44.45, 'new': 89.66}
2026-05-27 19:13:48,042 [trainer.py] => CNN top1 curve: [89.76, 80.36, 70.29, 62.84, 52.28, 54.28, 54.97, 51.17, 46.71, 46.0]
2026-05-27 19:13:48,042 [trainer.py] => CNN top5 curve: [97.78, 96.73, 95.62, 92.75, 89.17, 90.61, 90.32, 89.36, 87.2, 86.57]
2026-05-27 19:13:48,042 [trainer.py] => Average Accuracy (CNN): 60.87
2026-05-27 19:13:48,043 [trainer.py] => All params: 85910161
2026-05-27 19:13:48,044 [trainer.py] => Trainable params: 85910161
2026-05-27 19:13:48,048 [finetune.py] => Learning on 145-150
2026-05-27 19:15:51,576 [finetune.py] => Task 10, Epoch 20/20 => Loss 0.030, Train_accy 90.30
2026-05-27 19:16:02,253 [trainer.py] => Timing Task 10 => Train 123.53s, Epochs 20, Train 6.1767s/epoch, Inference 10.68s, Images 1742, Inference 6.1283ms/image
2026-05-27 19:16:02,254 [trainer.py] => No NME accuracy.
2026-05-27 19:16:02,254 [trainer.py] => CNN: {'total': 37.26, '00-99': 22.78, '100-104': 40.0, '105-109': 47.37, '110-114': 55.56, '115-119': 75.47, '120-124': 27.27, '125-129': 78.33, '130-134': 83.33, '135-139': 88.52, '140-144': 82.76, '145-149': 93.18, 'old': 35.81, 'new': 93.18}
2026-05-27 19:16:02,254 [trainer.py] => CNN top1 curve: [89.76, 80.36, 70.29, 62.84, 52.28, 54.28, 54.97, 51.17, 46.71, 46.0, 37.26]
2026-05-27 19:16:02,254 [trainer.py] => CNN top5 curve: [97.78, 96.73, 95.62, 92.75, 89.17, 90.61, 90.32, 89.36, 87.2, 86.57, 77.15]
2026-05-27 19:16:02,254 [trainer.py] => Average Accuracy (CNN): 58.72
2026-05-27 19:16:02,255 [trainer.py] => All params: 85914006
2026-05-27 19:16:02,256 [trainer.py] => Trainable params: 85914006
2026-05-27 19:16:02,259 [finetune.py] => Learning on 150-155
2026-05-27 19:18:10,946 [finetune.py] => Task 11, Epoch 20/20 => Loss 0.084, Train_accy 93.06
2026-05-27 19:18:21,923 [trainer.py] => Timing Task 11 => Train 128.69s, Epochs 20, Train 6.4346s/epoch, Inference 10.97s, Images 1796, Inference 6.1106ms/image
2026-05-27 19:18:21,923 [trainer.py] => No NME accuracy.
2026-05-27 19:18:21,923 [trainer.py] => CNN: {'total': 37.92, '00-99': 25.43, '100-104': 40.0, '105-109': 33.33, '110-114': 45.83, '115-119': 50.94, '120-124': 38.18, '125-129': 81.67, '130-134': 73.33, '135-139': 78.69, '140-144': 55.17, '145-149': 81.82, '150-154': 100.0, 'old': 35.99, 'new': 100.0}
2026-05-27 19:18:21,923 [trainer.py] => CNN top1 curve: [89.76, 80.36, 70.29, 62.84, 52.28, 54.28, 54.97, 51.17, 46.71, 46.0, 37.26, 37.92]
2026-05-27 19:18:21,923 [trainer.py] => CNN top5 curve: [97.78, 96.73, 95.62, 92.75, 89.17, 90.61, 90.32, 89.36, 87.2, 86.57, 77.15, 78.51]
2026-05-27 19:18:21,923 [trainer.py] => Average Accuracy (CNN): 56.99
2026-05-27 19:18:21,924 [trainer.py] => All params: 85917851
2026-05-27 19:18:21,924 [trainer.py] => Trainable params: 85917851
2026-05-27 19:18:21,928 [finetune.py] => Learning on 155-160
2026-05-27 19:20:26,847 [finetune.py] => Task 12, Epoch 20/20 => Loss 0.050, Train_accy 92.61
2026-05-27 19:20:38,217 [trainer.py] => Timing Task 12 => Train 124.92s, Epochs 20, Train 6.2462s/epoch, Inference 11.37s, Images 1850, Inference 6.1457ms/image
2026-05-27 19:20:38,218 [trainer.py] => No NME accuracy.
2026-05-27 19:20:38,218 [trainer.py] => CNN: {'total': 29.41, '00-99': 15.27, '100-104': 32.0, '105-109': 14.04, '110-114': 41.67, '115-119': 45.28, '120-124': 9.09, '125-129': 73.33, '130-134': 50.0, '135-139': 78.69, '140-144': 46.55, '145-149': 70.45, '150-154': 94.44, '155-159': 94.44, 'old': 27.45, 'new': 94.44}
2026-05-27 19:20:38,218 [trainer.py] => CNN top1 curve: [89.76, 80.36, 70.29, 62.84, 52.28, 54.28, 54.97, 51.17, 46.71, 46.0, 37.26, 37.92, 29.41]
2026-05-27 19:20:38,218 [trainer.py] => CNN top5 curve: [97.78, 96.73, 95.62, 92.75, 89.17, 90.61, 90.32, 89.36, 87.2, 86.57, 77.15, 78.51, 64.16]
2026-05-27 19:20:38,218 [trainer.py] => Average Accuracy (CNN): 54.87
2026-05-27 19:20:38,219 [trainer.py] => All params: 85921696
2026-05-27 19:20:38,220 [trainer.py] => Trainable params: 85921696
2026-05-27 19:20:38,223 [finetune.py] => Learning on 160-165
2026-05-27 19:22:49,156 [finetune.py] => Task 13, Epoch 20/20 => Loss 0.058, Train_accy 59.50
2026-05-27 19:23:00,915 [trainer.py] => Timing Task 13 => Train 130.94s, Epochs 20, Train 6.5469s/epoch, Inference 11.76s, Images 1906, Inference 6.1688ms/image
2026-05-27 19:23:00,916 [trainer.py] => No NME accuracy.
2026-05-27 19:23:00,916 [trainer.py] => CNN: {'total': 30.12, '00-99': 15.87, '100-104': 24.0, '105-109': 14.04, '110-114': 43.06, '115-119': 37.74, '120-124': 20.0, '125-129': 68.33, '130-134': 65.0, '135-139': 78.69, '140-144': 39.66, '145-149': 68.18, '150-154': 92.59, '155-159': 79.63, '160-164': 57.14, 'old': 29.3, 'new': 57.14}
2026-05-27 19:23:00,916 [trainer.py] => CNN top1 curve: [89.76, 80.36, 70.29, 62.84, 52.28, 54.28, 54.97, 51.17, 46.71, 46.0, 37.26, 37.92, 29.41, 30.12]
2026-05-27 19:23:00,916 [trainer.py] => CNN top5 curve: [97.78, 96.73, 95.62, 92.75, 89.17, 90.61, 90.32, 89.36, 87.2, 86.57, 77.15, 78.51, 64.16, 70.41]
2026-05-27 19:23:00,916 [trainer.py] => Average Accuracy (CNN): 53.1
2026-05-27 19:23:00,917 [trainer.py] => All params: 85925541
2026-05-27 19:23:00,917 [trainer.py] => Trainable params: 85925541
2026-05-27 19:23:00,921 [finetune.py] => Learning on 165-170
2026-05-27 19:25:10,837 [finetune.py] => Task 14, Epoch 20/20 => Loss 0.085, Train_accy 79.15
2026-05-27 19:25:23,025 [trainer.py] => Timing Task 14 => Train 129.92s, Epochs 20, Train 6.4960s/epoch, Inference 12.19s, Images 1971, Inference 6.1831ms/image
2026-05-27 19:25:23,026 [trainer.py] => No NME accuracy.
2026-05-27 19:25:23,026 [trainer.py] => CNN: {'total': 35.87, '00-99': 21.42, '100-104': 38.0, '105-109': 12.28, '110-114': 44.44, '115-119': 49.06, '120-124': 18.18, '125-129': 70.0, '130-134': 66.67, '135-139': 80.33, '140-144': 36.21, '145-149': 79.55, '150-154': 87.04, '155-159': 81.48, '160-164': 53.57, '165-169': 83.08, 'old': 34.26, 'new': 83.08}
2026-05-27 19:25:23,026 [trainer.py] => CNN top1 curve: [89.76, 80.36, 70.29, 62.84, 52.28, 54.28, 54.97, 51.17, 46.71, 46.0, 37.26, 37.92, 29.41, 30.12, 35.87]
2026-05-27 19:25:23,026 [trainer.py] => CNN top5 curve: [97.78, 96.73, 95.62, 92.75, 89.17, 90.61, 90.32, 89.36, 87.2, 86.57, 77.15, 78.51, 64.16, 70.41, 72.25]
2026-05-27 19:25:23,026 [trainer.py] => Average Accuracy (CNN): 51.95
2026-05-27 19:25:23,027 [trainer.py] => All params: 85929386
2026-05-27 19:25:23,029 [trainer.py] => Trainable params: 85929386
2026-05-27 19:25:23,035 [finetune.py] => Learning on 170-175
2026-05-27 19:27:34,866 [finetune.py] => Task 15, Epoch 20/20 => Loss 0.054, Train_accy 75.31
2026-05-27 19:27:45,384 [trainer.py] => Timing Task 15 => Train 131.84s, Epochs 20, Train 6.5919s/epoch, Inference 10.52s, Images 2026, Inference 5.1913ms/image
2026-05-27 19:27:45,385 [trainer.py] => No NME accuracy.
2026-05-27 19:27:45,385 [trainer.py] => CNN: {'total': 35.24, '00-99': 21.33, '100-104': 32.0, '105-109': 12.28, '110-114': 43.06, '115-119': 43.4, '120-124': 20.0, '125-129': 70.0, '130-134': 76.67, '135-139': 52.46, '140-144': 37.93, '145-149': 65.91, '150-154': 70.37, '155-159': 87.04, '160-164': 57.14, '165-169': 80.0, '170-174': 65.45, 'old': 34.4, 'new': 65.45}
2026-05-27 19:27:45,385 [trainer.py] => CNN top1 curve: [89.76, 80.36, 70.29, 62.84, 52.28, 54.28, 54.97, 51.17, 46.71, 46.0, 37.26, 37.92, 29.41, 30.12, 35.87, 35.24]
2026-05-27 19:27:45,385 [trainer.py] => CNN top5 curve: [97.78, 96.73, 95.62, 92.75, 89.17, 90.61, 90.32, 89.36, 87.2, 86.57, 77.15, 78.51, 64.16, 70.41, 72.25, 73.89]
2026-05-27 19:27:45,385 [trainer.py] => Average Accuracy (CNN): 50.9
2026-05-27 19:27:45,386 [trainer.py] => All params: 85933231
2026-05-27 19:27:45,386 [trainer.py] => Trainable params: 85933231
2026-05-27 19:27:45,390 [finetune.py] => Learning on 175-180
2026-05-27 19:29:27,256 [finetune.py] => Task 16, Epoch 20/20 => Loss 0.127, Train_accy 63.45
2026-05-27 19:29:40,225 [trainer.py] => Timing Task 16 => Train 101.87s, Epochs 20, Train 5.0936s/epoch, Inference 12.97s, Images 2088, Inference 6.2104ms/image
2026-05-27 19:29:40,226 [trainer.py] => No NME accuracy.
2026-05-27 19:29:40,226 [trainer.py] => CNN: {'total': 35.58, '00-99': 22.44, '100-104': 30.0, '105-109': 14.04, '110-114': 38.89, '115-119': 50.94, '120-124': 7.27, '125-129': 73.33, '130-134': 56.67, '135-139': 54.1, '140-144': 41.38, '145-149': 61.36, '150-154': 72.22, '155-159': 85.19, '160-164': 53.57, '165-169': 76.92, '170-174': 56.36, '175-179': 64.52, 'old': 34.7, 'new': 64.52}
2026-05-27 19:29:40,226 [trainer.py] => CNN top1 curve: [89.76, 80.36, 70.29, 62.84, 52.28, 54.28, 54.97, 51.17, 46.71, 46.0, 37.26, 37.92, 29.41, 30.12, 35.87, 35.24, 35.58]
2026-05-27 19:29:40,226 [trainer.py] => CNN top5 curve: [97.78, 96.73, 95.62, 92.75, 89.17, 90.61, 90.32, 89.36, 87.2, 86.57, 77.15, 78.51, 64.16, 70.41, 72.25, 73.89, 73.13]
2026-05-27 19:29:40,226 [trainer.py] => Average Accuracy (CNN): 50.0
2026-05-27 19:29:40,227 [trainer.py] => All params: 85937076
2026-05-27 19:29:40,227 [trainer.py] => Trainable params: 85937076
2026-05-27 19:29:40,231 [finetune.py] => Learning on 180-185
2026-05-27 19:31:35,415 [finetune.py] => Task 17, Epoch 20/20 => Loss 0.072, Train_accy 90.00
2026-05-27 19:31:48,854 [trainer.py] => Timing Task 17 => Train 115.19s, Epochs 20, Train 5.7594s/epoch, Inference 13.44s, Images 2168, Inference 6.1980ms/image
2026-05-27 19:31:48,854 [trainer.py] => No NME accuracy.
2026-05-27 19:31:48,854 [trainer.py] => CNN: {'total': 35.38, '00-99': 22.87, '100-104': 20.0, '105-109': 5.26, '110-114': 15.28, '115-119': 26.42, '120-124': 21.82, '125-129': 76.67, '130-134': 53.33, '135-139': 54.1, '140-144': 29.31, '145-149': 63.64, '150-154': 57.41, '155-159': 79.63, '160-164': 53.57, '165-169': 58.46, '170-174': 72.73, '175-179': 50.0, '180-184': 100.0, 'old': 32.9, 'new': 100.0}
2026-05-27 19:31:48,854 [trainer.py] => CNN top1 curve: [89.76, 80.36, 70.29, 62.84, 52.28, 54.28, 54.97, 51.17, 46.71, 46.0, 37.26, 37.92, 29.41, 30.12, 35.87, 35.24, 35.58, 35.38]
2026-05-27 19:31:48,854 [trainer.py] => CNN top5 curve: [97.78, 96.73, 95.62, 92.75, 89.17, 90.61, 90.32, 89.36, 87.2, 86.57, 77.15, 78.51, 64.16, 70.41, 72.25, 73.89, 73.13, 71.45]
2026-05-27 19:31:48,854 [trainer.py] => Average Accuracy (CNN): 49.19
2026-05-27 19:31:48,855 [trainer.py] => All params: 85940921
2026-05-27 19:31:48,855 [trainer.py] => Trainable params: 85940921
2026-05-27 19:31:48,858 [finetune.py] => Learning on 185-190
2026-05-27 19:34:04,925 [finetune.py] => Task 18, Epoch 20/20 => Loss 0.030, Train_accy 91.88
2026-05-27 19:34:18,837 [trainer.py] => Timing Task 18 => Train 136.07s, Epochs 20, Train 6.8036s/epoch, Inference 13.91s, Images 2230, Inference 6.2380ms/image
2026-05-27 19:34:18,838 [trainer.py] => No NME accuracy.
2026-05-27 19:34:18,838 [trainer.py] => CNN: {'total': 31.97, '00-99': 18.6, '100-104': 32.0, '105-109': 12.28, '110-114': 20.83, '115-119': 24.53, '120-124': 21.82, '125-129': 63.33, '130-134': 53.33, '135-139': 44.26, '140-144': 27.59, '145-149': 59.09, '150-154': 29.63, '155-159': 64.81, '160-164': 50.0, '165-169': 44.62, '170-174': 65.45, '175-179': 33.87, '180-184': 85.0, '185-189': 96.77, 'old': 30.12, 'new': 96.77}
2026-05-27 19:34:18,838 [trainer.py] => CNN top1 curve: [89.76, 80.36, 70.29, 62.84, 52.28, 54.28, 54.97, 51.17, 46.71, 46.0, 37.26, 37.92, 29.41, 30.12, 35.87, 35.24, 35.58, 35.38, 31.97]
2026-05-27 19:34:18,838 [trainer.py] => CNN top5 curve: [97.78, 96.73, 95.62, 92.75, 89.17, 90.61, 90.32, 89.36, 87.2, 86.57, 77.15, 78.51, 64.16, 70.41, 72.25, 73.89, 73.13, 71.45, 69.91]
2026-05-27 19:34:18,838 [trainer.py] => Average Accuracy (CNN): 48.28
2026-05-27 19:34:18,839 [trainer.py] => All params: 85944766
2026-05-27 19:34:18,839 [trainer.py] => Trainable params: 85944766
2026-05-27 19:34:18,842 [finetune.py] => Learning on 190-195
2026-05-27 19:36:36,667 [finetune.py] => Task 19, Epoch 20/20 => Loss 0.106, Train_accy 76.86
2026-05-27 19:36:49,043 [trainer.py] => Timing Task 19 => Train 137.83s, Epochs 20, Train 6.8914s/epoch, Inference 12.38s, Images 2301, Inference 5.3782ms/image
2026-05-27 19:36:49,043 [trainer.py] => No NME accuracy.
2026-05-27 19:36:49,043 [trainer.py] => CNN: {'total': 28.38, '00-99': 14.16, '100-104': 24.0, '105-109': 8.77, '110-114': 12.5, '115-119': 26.42, '120-124': 18.18, '125-129': 65.0, '130-134': 30.0, '135-139': 52.46, '140-144': 5.17, '145-149': 56.82, '150-154': 53.7, '155-159': 42.59, '160-164': 33.93, '165-169': 38.46, '170-174': 43.64, '175-179': 32.26, '180-184': 77.5, '185-189': 90.32, '190-194': 87.32, 'old': 26.5, 'new': 87.32}
2026-05-27 19:36:49,043 [trainer.py] => CNN top1 curve: [89.76, 80.36, 70.29, 62.84, 52.28, 54.28, 54.97, 51.17, 46.71, 46.0, 37.26, 37.92, 29.41, 30.12, 35.87, 35.24, 35.58, 35.38, 31.97, 28.38]
2026-05-27 19:36:49,044 [trainer.py] => CNN top5 curve: [97.78, 96.73, 95.62, 92.75, 89.17, 90.61, 90.32, 89.36, 87.2, 86.57, 77.15, 78.51, 64.16, 70.41, 72.25, 73.89, 73.13, 71.45, 69.91, 65.71]
2026-05-27 19:36:49,044 [trainer.py] => Average Accuracy (CNN): 47.29
2026-05-27 19:36:49,044 [trainer.py] => All params: 85948611
2026-05-27 19:36:49,045 [trainer.py] => Trainable params: 85948611
2026-05-27 19:36:49,048 [finetune.py] => Learning on 195-200
2026-05-27 19:39:10,865 [finetune.py] => Task 20, Epoch 20/20 => Loss 0.052, Train_accy 53.33
2026-05-27 19:39:25,371 [trainer.py] => Timing Task 20 => Train 141.82s, Epochs 20, Train 7.0911s/epoch, Inference 14.50s, Images 2358, Inference 6.1509ms/image
2026-05-27 19:39:25,371 [trainer.py] => No NME accuracy.
2026-05-27 19:39:25,371 [trainer.py] => CNN: {'total': 28.84, '00-99': 16.64, '100-104': 28.0, '105-109': 8.77, '110-114': 11.11, '115-119': 24.53, '120-124': 10.91, '125-129': 48.33, '130-134': 20.0, '135-139': 54.1, '140-144': 3.45, '145-149': 61.36, '150-154': 55.56, '155-159': 33.33, '160-164': 19.64, '165-169': 40.0, '170-174': 47.27, '175-179': 25.81, '180-184': 75.0, '185-189': 93.55, '190-194': 85.92, '195-199': 52.63, 'old': 28.25, 'new': 52.63}
2026-05-27 19:39:25,371 [trainer.py] => CNN top1 curve: [89.76, 80.36, 70.29, 62.84, 52.28, 54.28, 54.97, 51.17, 46.71, 46.0, 37.26, 37.92, 29.41, 30.12, 35.87, 35.24, 35.58, 35.38, 31.97, 28.38, 28.84]
2026-05-27 19:39:25,371 [trainer.py] => CNN top5 curve: [97.78, 96.73, 95.62, 92.75, 89.17, 90.61, 90.32, 89.36, 87.2, 86.57, 77.15, 78.51, 64.16, 70.41, 72.25, 73.89, 73.13, 71.45, 69.91, 65.71, 66.67]
2026-05-27 19:39:25,371 [trainer.py] => Average Accuracy (CNN): 46.41
2026-05-27 19:39:25,372 [trainer.py] => Total Train Time: 3893.42s
2026-05-27 19:39:25,372 [trainer.py] => Total Inference Time: 219.78s
2026-05-27 19:39:25,372 [trainer.py] => Average Training Time per Epoch per Incremental Task: 9.2701s
2026-05-27 19:39:25,372 [trainer.py] => Average Inference Time: 5.9790ms/image
2026-05-27 19:39:25,372 [trainer.py] => Mean Task Inference Time: 5.9797ms/image
