2026-05-27 06:38:03,850 [trainer.py] => config: ./configs/finetune/finetune_cub_B0_Inc20.json
2026-05-27 06:38:03,850 [trainer.py] => prefix: reproduce
2026-05-27 06:38:03,851 [trainer.py] => dataset: cub
2026-05-27 06:38:03,851 [trainer.py] => memory_size: 0
2026-05-27 06:38:03,851 [trainer.py] => memory_per_class: 0
2026-05-27 06:38:03,851 [trainer.py] => fixed_memory: False
2026-05-27 06:38:03,851 [trainer.py] => shuffle: True
2026-05-27 06:38:03,851 [trainer.py] => init_cls: 20
2026-05-27 06:38:03,851 [trainer.py] => increment: 20
2026-05-27 06:38:03,851 [trainer.py] => model_name: finetune
2026-05-27 06:38:03,851 [trainer.py] => backbone_type: vit_base_patch16_224_in21k
2026-05-27 06:38:03,851 [trainer.py] => device: [device(type='cuda', index=0)]
2026-05-27 06:38:03,851 [trainer.py] => seed: 42
2026-05-27 06:38:03,851 [trainer.py] => init_epoch: 20
2026-05-27 06:38:03,851 [trainer.py] => init_lr: 0.001
2026-05-27 06:38:03,852 [trainer.py] => init_milestones: [60, 120, 170]
2026-05-27 06:38:03,852 [trainer.py] => init_lr_decay: 0.1
2026-05-27 06:38:03,852 [trainer.py] => init_weight_decay: 0.0005
2026-05-27 06:38:03,852 [trainer.py] => epochs: 20
2026-05-27 06:38:03,852 [trainer.py] => lrate: 0.001
2026-05-27 06:38:03,852 [trainer.py] => milestones: [40, 70]
2026-05-27 06:38:03,852 [trainer.py] => lrate_decay: 0.1
2026-05-27 06:38:03,852 [trainer.py] => batch_size: 48
2026-05-27 06:38:03,852 [trainer.py] => weight_decay: 0.0002
2026-05-27 06:38:04,527 [data_manager.py] => [95, 15, 30, 158, 128, 115, 69, 170, 174, 45, 66, 182, 165, 78, 186, 177, 56, 152, 82, 68, 124, 16, 148, 93, 65, 60, 84, 67, 125, 132, 9, 18, 55, 75, 150, 104, 135, 137, 164, 76, 79, 197, 38, 24, 122, 195, 29, 19, 143, 86, 114, 173, 5, 126, 117, 73, 140, 98, 172, 96, 169, 97, 31, 12, 35, 119, 42, 189, 90, 136, 51, 127, 162, 41, 118, 113, 26, 139, 100, 111, 2, 77, 46, 187, 191, 85, 161, 36, 190, 61, 22, 141, 101, 33, 11, 194, 159, 6, 27, 120, 4, 32, 142, 145, 109, 144, 10, 62, 112, 146, 166, 0, 198, 153, 70, 123, 64, 44, 163, 28, 40, 108, 155, 156, 25, 23, 184, 147, 81, 39, 168, 47, 94, 154, 43, 138, 3, 105, 53, 133, 180, 178, 185, 49, 80, 34, 7, 110, 91, 83, 176, 181, 89, 8, 13, 59, 171, 131, 17, 72, 175, 134, 167, 183, 63, 54, 107, 50, 196, 58, 48, 88, 21, 57, 160, 192, 129, 37, 157, 193, 1, 52, 149, 130, 151, 103, 99, 116, 87, 74, 121, 199, 20, 188, 71, 106, 14, 92, 179, 102]
2026-05-27 06:38:22,166 [trainer.py] => All params: 85798656
2026-05-27 06:38:22,167 [trainer.py] => Trainable params: 85798656
2026-05-27 06:38:22,168 [finetune.py] => Learning on 0-20
2026-05-27 06:42:24,383 [finetune.py] => Task 0, Epoch 20/20 => Loss 0.148, Train_accy 95.57
2026-05-27 06:42:26,974 [trainer.py] => No NME accuracy.
2026-05-27 06:42:26,974 [trainer.py] => CNN: {'total': 94.87, '00-19': 94.87, 'old': 0, 'new': 94.87}
2026-05-27 06:42:26,974 [trainer.py] => CNN top1 curve: [94.87]
2026-05-27 06:42:26,974 [trainer.py] => CNN top5 curve: [99.57]
2026-05-27 06:42:26,975 [trainer.py] => Average Accuracy (CNN): 94.87
2026-05-27 06:42:26,975 [trainer.py] => All params: 85814036
2026-05-27 06:42:26,976 [trainer.py] => Trainable params: 85814036
2026-05-27 06:42:26,979 [finetune.py] => Learning on 20-40
2026-05-27 06:46:22,756 [finetune.py] => Task 1, Epoch 20/20 => Loss 0.148, Train_accy 93.35
2026-05-27 06:46:25,807 [trainer.py] => No NME accuracy.
2026-05-27 06:46:25,810 [trainer.py] => CNN: {'total': 88.0, '00-19': 78.63, '20-39': 97.1, 'old': 78.63, 'new': 97.1}
2026-05-27 06:46:25,811 [trainer.py] => CNN top1 curve: [94.87, 88.0]
2026-05-27 06:46:25,811 [trainer.py] => CNN top5 curve: [99.57, 99.58]
2026-05-27 06:46:25,811 [trainer.py] => Average Accuracy (CNN): 91.44
2026-05-27 06:46:25,813 [trainer.py] => All params: 85829416
2026-05-27 06:46:25,815 [trainer.py] => Trainable params: 85829416
2026-05-27 06:46:25,820 [finetune.py] => Learning on 40-60
2026-05-27 06:51:40,350 [finetune.py] => Task 2, Epoch 20/20 => Loss 0.198, Train_accy 89.32
2026-05-27 06:51:45,198 [trainer.py] => No NME accuracy.
2026-05-27 06:51:45,199 [trainer.py] => CNN: {'total': 79.83, '00-19': 61.97, '20-39': 88.8, '40-59': 89.04, 'old': 75.58, 'new': 89.04}
2026-05-27 06:51:45,199 [trainer.py] => CNN top1 curve: [94.87, 88.0, 79.83]
2026-05-27 06:51:45,199 [trainer.py] => CNN top5 curve: [99.57, 99.58, 97.69]
2026-05-27 06:51:45,199 [trainer.py] => Average Accuracy (CNN): 87.57
2026-05-27 06:51:45,200 [trainer.py] => All params: 85844796
2026-05-27 06:51:45,200 [trainer.py] => Trainable params: 85844796
2026-05-27 06:51:45,202 [finetune.py] => Learning on 60-80
2026-05-27 06:56:59,423 [finetune.py] => Task 3, Epoch 20/20 => Loss 0.146, Train_accy 89.75
2026-05-27 06:57:05,932 [trainer.py] => No NME accuracy.
2026-05-27 06:57:05,933 [trainer.py] => CNN: {'total': 74.57, '00-19': 60.26, '20-39': 79.67, '40-59': 70.32, '60-79': 87.19, 'old': 70.17, 'new': 87.19}
2026-05-27 06:57:05,933 [trainer.py] => CNN top1 curve: [94.87, 88.0, 79.83, 74.57]
2026-05-27 06:57:05,933 [trainer.py] => CNN top5 curve: [99.57, 99.58, 97.69, 97.54]
2026-05-27 06:57:05,933 [trainer.py] => Average Accuracy (CNN): 84.32
2026-05-27 06:57:05,934 [trainer.py] => All params: 85860176
2026-05-27 06:57:05,935 [trainer.py] => Trainable params: 85860176
2026-05-27 06:57:05,937 [finetune.py] => Learning on 80-100
2026-05-27 07:01:43,603 [finetune.py] => Task 4, Epoch 20/20 => Loss 0.170, Train_accy 88.89
2026-05-27 07:01:49,955 [trainer.py] => No NME accuracy.
2026-05-27 07:01:49,955 [trainer.py] => CNN: {'total': 69.28, '00-19': 52.99, '20-39': 70.95, '40-59': 48.86, '60-79': 77.27, '80-99': 94.49, 'old': 62.93, 'new': 94.49}
2026-05-27 07:01:49,956 [trainer.py] => CNN top1 curve: [94.87, 88.0, 79.83, 74.57, 69.28]
2026-05-27 07:01:49,956 [trainer.py] => CNN top5 curve: [99.57, 99.58, 97.69, 97.54, 95.48]
2026-05-27 07:01:49,956 [trainer.py] => Average Accuracy (CNN): 81.31
2026-05-27 07:01:49,958 [trainer.py] => All params: 85875556
2026-05-27 07:01:49,960 [trainer.py] => Trainable params: 85875556
2026-05-27 07:01:49,965 [finetune.py] => Learning on 100-120
2026-05-27 07:06:24,740 [finetune.py] => Task 5, Epoch 20/20 => Loss 0.183, Train_accy 86.34
2026-05-27 07:06:32,317 [trainer.py] => No NME accuracy.
2026-05-27 07:06:32,319 [trainer.py] => CNN: {'total': 66.6, '00-19': 50.0, '20-39': 69.29, '40-59': 50.68, '60-79': 65.7, '80-99': 81.78, '100-119': 81.03, 'old': 63.74, 'new': 81.03}
2026-05-27 07:06:32,319 [trainer.py] => CNN top1 curve: [94.87, 88.0, 79.83, 74.57, 69.28, 66.6]
2026-05-27 07:06:32,319 [trainer.py] => CNN top5 curve: [99.57, 99.58, 97.69, 97.54, 95.48, 95.3]
2026-05-27 07:06:32,320 [trainer.py] => Average Accuracy (CNN): 78.86
2026-05-27 07:06:32,321 [trainer.py] => All params: 85890936
2026-05-27 07:06:32,322 [trainer.py] => Trainable params: 85890936
2026-05-27 07:06:32,324 [finetune.py] => Learning on 120-140
2026-05-27 07:11:20,662 [finetune.py] => Task 6, Epoch 20/20 => Loss 0.207, Train_accy 85.64
2026-05-27 07:11:28,759 [trainer.py] => No NME accuracy.
2026-05-27 07:11:28,760 [trainer.py] => CNN: {'total': 65.73, '00-19': 46.15, '20-39': 68.46, '40-59': 39.73, '60-79': 64.88, '80-99': 77.97, '100-119': 68.1, '120-139': 92.8, 'old': 61.18, 'new': 92.8}
2026-05-27 07:11:28,760 [trainer.py] => CNN top1 curve: [94.87, 88.0, 79.83, 74.57, 69.28, 66.6, 65.73]
2026-05-27 07:11:28,761 [trainer.py] => CNN top5 curve: [99.57, 99.58, 97.69, 97.54, 95.48, 95.3, 95.12]
2026-05-27 07:11:28,761 [trainer.py] => Average Accuracy (CNN): 76.98
2026-05-27 07:11:28,763 [trainer.py] => All params: 85906316
2026-05-27 07:11:28,765 [trainer.py] => Trainable params: 85906316
2026-05-27 07:11:28,770 [finetune.py] => Learning on 140-160
2026-05-27 07:16:18,767 [finetune.py] => Task 7, Epoch 20/20 => Loss 0.159, Train_accy 89.60
2026-05-27 07:16:28,798 [trainer.py] => No NME accuracy.
2026-05-27 07:16:28,798 [trainer.py] => CNN: {'total': 59.89, '00-19': 39.74, '20-39': 55.19, '40-59': 37.44, '60-79': 55.37, '80-99': 71.61, '100-119': 61.21, '120-139': 66.95, '140-159': 93.81, 'old': 55.55, 'new': 93.81}
2026-05-27 07:16:28,799 [trainer.py] => CNN top1 curve: [94.87, 88.0, 79.83, 74.57, 69.28, 66.6, 65.73, 59.89]
2026-05-27 07:16:28,799 [trainer.py] => CNN top5 curve: [99.57, 99.58, 97.69, 97.54, 95.48, 95.3, 95.12, 94.38]
2026-05-27 07:16:28,799 [trainer.py] => Average Accuracy (CNN): 74.85
2026-05-27 07:16:28,801 [trainer.py] => All params: 85921696
2026-05-27 07:16:28,803 [trainer.py] => Trainable params: 85921696
2026-05-27 07:16:28,808 [finetune.py] => Learning on 160-180
2026-05-27 07:22:00,298 [finetune.py] => Task 8, Epoch 20/20 => Loss 0.111, Train_accy 91.19
2026-05-27 07:22:10,021 [trainer.py] => No NME accuracy.
2026-05-27 07:22:10,021 [trainer.py] => CNN: {'total': 55.27, '00-19': 31.62, '20-39': 49.38, '40-59': 22.37, '60-79': 53.31, '80-99': 66.1, '100-119': 54.74, '120-139': 59.75, '140-159': 72.86, '160-179': 86.55, 'old': 51.24, 'new': 86.55}
2026-05-27 07:22:10,022 [trainer.py] => CNN top1 curve: [94.87, 88.0, 79.83, 74.57, 69.28, 66.6, 65.73, 59.89, 55.27]
2026-05-27 07:22:10,022 [trainer.py] => CNN top5 curve: [99.57, 99.58, 97.69, 97.54, 95.48, 95.3, 95.12, 94.38, 91.28]
2026-05-27 07:22:10,022 [trainer.py] => Average Accuracy (CNN): 72.67
2026-05-27 07:22:10,023 [trainer.py] => All params: 85937076
2026-05-27 07:22:10,024 [trainer.py] => Trainable params: 85937076
2026-05-27 07:22:10,028 [finetune.py] => Learning on 180-200
2026-05-27 07:27:52,478 [finetune.py] => Task 9, Epoch 20/20 => Loss 0.130, Train_accy 89.06
2026-05-27 07:28:04,220 [trainer.py] => No NME accuracy.
2026-05-27 07:28:04,220 [trainer.py] => CNN: {'total': 53.82, '00-19': 31.2, '20-39': 46.06, '40-59': 26.48, '60-79': 42.15, '80-99': 50.85, '100-119': 43.97, '120-139': 55.08, '140-159': 69.52, '160-179': 76.89, '180-199': 90.37, 'old': 49.09, 'new': 90.37}
2026-05-27 07:28:04,220 [trainer.py] => CNN top1 curve: [94.87, 88.0, 79.83, 74.57, 69.28, 66.6, 65.73, 59.89, 55.27, 53.82]
2026-05-27 07:28:04,220 [trainer.py] => CNN top5 curve: [99.57, 99.58, 97.69, 97.54, 95.48, 95.3, 95.12, 94.38, 91.28, 88.68]
2026-05-27 07:28:04,221 [trainer.py] => Average Accuracy (CNN): 70.79
