2026-05-30 09:11:47,729 [trainer.py] => config: ./configs/finetune/finetune_ina_B100_Inc5.json
2026-05-30 09:11:47,729 [trainer.py] => prefix: reproduce
2026-05-30 09:11:47,729 [trainer.py] => dataset: imageneta
2026-05-30 09:11:47,729 [trainer.py] => memory_size: 0
2026-05-30 09:11:47,729 [trainer.py] => memory_per_class: 0
2026-05-30 09:11:47,729 [trainer.py] => fixed_memory: False
2026-05-30 09:11:47,729 [trainer.py] => shuffle: True
2026-05-30 09:11:47,729 [trainer.py] => init_cls: 100
2026-05-30 09:11:47,729 [trainer.py] => increment: 5
2026-05-30 09:11:47,729 [trainer.py] => model_name: finetune
2026-05-30 09:11:47,730 [trainer.py] => backbone_type: vit_base_patch16_224_in21k
2026-05-30 09:11:47,730 [trainer.py] => device: [device(type='cuda', index=6)]
2026-05-30 09:11:47,730 [trainer.py] => seed: 1993
2026-05-30 09:11:47,730 [trainer.py] => init_epoch: 20
2026-05-30 09:11:47,730 [trainer.py] => init_lr: 0.001
2026-05-30 09:11:47,730 [trainer.py] => init_milestones: [60, 120, 170]
2026-05-30 09:11:47,730 [trainer.py] => init_lr_decay: 0.1
2026-05-30 09:11:47,730 [trainer.py] => init_weight_decay: 0.0005
2026-05-30 09:11:47,730 [trainer.py] => epochs: 20
2026-05-30 09:11:47,730 [trainer.py] => lrate: 0.001
2026-05-30 09:11:47,730 [trainer.py] => milestones: [40, 70]
2026-05-30 09:11:47,730 [trainer.py] => lrate_decay: 0.1
2026-05-30 09:11:47,730 [trainer.py] => batch_size: 48
2026-05-30 09:11:47,730 [trainer.py] => weight_decay: 0.0002
2026-05-30 09:11:47,730 [trainer.py] => nb_classes: 200
2026-05-30 09:11:47,730 [trainer.py] => nb_tasks: 21
2026-05-30 09:11:47,760 [data_manager.py] => [168, 136, 51, 9, 183, 101, 171, 99, 42, 159, 191, 70, 16, 188, 27, 10, 175, 26, 68, 187, 98, 6, 85, 35, 112, 43, 100, 0, 103, 181, 88, 59, 4, 2, 116, 174, 94, 80, 106, 1, 147, 17, 141, 131, 72, 23, 173, 54, 197, 118, 87, 32, 79, 104, 91, 19, 135, 107, 178, 36, 11, 199, 142, 8, 122, 3, 28, 57, 153, 172, 190, 56, 49, 44, 97, 62, 151, 169, 194, 55, 192, 12, 189, 78, 66, 180, 15, 137, 109, 134, 92, 119, 126, 52, 170, 40, 148, 65, 144, 64, 138, 45, 77, 89, 154, 90, 71, 193, 74, 30, 113, 143, 96, 84, 67, 50, 186, 156, 69, 21, 18, 111, 108, 58, 125, 157, 150, 110, 182, 129, 166, 83, 81, 60, 13, 165, 14, 176, 63, 117, 5, 22, 145, 121, 38, 41, 82, 127, 114, 20, 31, 53, 37, 163, 196, 130, 152, 162, 86, 76, 24, 34, 184, 149, 33, 128, 198, 155, 146, 167, 139, 120, 140, 102, 47, 25, 158, 123, 46, 164, 61, 7, 115, 75, 133, 160, 105, 132, 179, 124, 48, 73, 93, 39, 95, 195, 29, 177, 185, 161]
2026-05-30 09:11:50,020 [trainer.py] => All params: 85798656
2026-05-30 09:11:50,021 [trainer.py] => Trainable params: 85798656
2026-05-30 09:11:50,022 [finetune.py] => Learning on 0-100
2026-05-30 09:28:24,800 [finetune.py] => Task 0, Epoch 20/20 => Loss 0.359, Train_accy 90.61
2026-05-30 09:28:30,252 [trainer.py] => Timing Task 0 => Train 994.78s, Epochs 20, Train 49.7390s/epoch, Inference 5.45s, Images 841, Inference 6.4813ms/image
2026-05-30 09:28:30,253 [trainer.py] => No NME accuracy.
2026-05-30 09:28:30,253 [trainer.py] => CNN: {'total': 47.44, '00-99': 47.44, 'old': 0, 'new': 47.44}
2026-05-30 09:28:30,253 [trainer.py] => CNN top1 curve: [47.44]
2026-05-30 09:28:30,253 [trainer.py] => CNN top5 curve: [76.22]
2026-05-30 09:28:30,253 [trainer.py] => Average Accuracy (CNN): 47.44
2026-05-30 09:28:30,255 [trainer.py] => All params: 85875556
2026-05-30 09:28:30,257 [trainer.py] => Trainable params: 85875556
2026-05-30 09:28:30,262 [finetune.py] => Learning on 100-105
2026-05-30 09:29:31,317 [finetune.py] => Task 1, Epoch 20/20 => Loss 0.045, Train_accy 86.27
2026-05-30 09:29:37,086 [trainer.py] => Timing Task 1 => Train 61.06s, Epochs 20, Train 3.0531s/epoch, Inference 5.77s, Images 865, Inference 6.6672ms/image
2026-05-30 09:29:37,086 [trainer.py] => No NME accuracy.
2026-05-30 09:29:37,087 [trainer.py] => CNN: {'total': 35.26, '00-99': 34.48, '100-104': 62.5, 'old': 34.48, 'new': 62.5}
2026-05-30 09:29:37,087 [trainer.py] => CNN top1 curve: [47.44, 35.26]
2026-05-30 09:29:37,087 [trainer.py] => CNN top5 curve: [76.22, 63.35]
2026-05-30 09:29:37,087 [trainer.py] => Average Accuracy (CNN): 41.35
2026-05-30 09:29:37,089 [trainer.py] => All params: 85879401
2026-05-30 09:29:37,090 [trainer.py] => Trainable params: 85879401
2026-05-30 09:29:37,096 [finetune.py] => Learning on 105-110
2026-05-30 09:30:50,057 [finetune.py] => Task 2, Epoch 20/20 => Loss 0.052, Train_accy 91.61
2026-05-30 09:30:55,019 [trainer.py] => Timing Task 2 => Train 72.97s, Epochs 20, Train 3.6484s/epoch, Inference 4.96s, Images 901, Inference 5.5058ms/image
2026-05-30 09:30:55,020 [trainer.py] => No NME accuracy.
2026-05-30 09:30:55,020 [trainer.py] => CNN: {'total': 29.74, '00-99': 27.47, '100-104': 45.83, '105-109': 72.22, 'old': 27.98, 'new': 72.22}
2026-05-30 09:30:55,020 [trainer.py] => CNN top1 curve: [47.44, 35.26, 29.74]
2026-05-30 09:30:55,020 [trainer.py] => CNN top5 curve: [76.22, 63.35, 63.26]
2026-05-30 09:30:55,020 [trainer.py] => Average Accuracy (CNN): 37.48
2026-05-30 09:30:55,022 [trainer.py] => All params: 85883246
2026-05-30 09:30:55,023 [trainer.py] => Trainable params: 85883246
2026-05-30 09:30:55,025 [finetune.py] => Learning on 110-115
2026-05-30 09:31:37,914 [finetune.py] => Task 3, Epoch 20/20 => Loss 0.034, Train_accy 75.81
2026-05-30 09:31:43,593 [trainer.py] => Timing Task 3 => Train 42.89s, Epochs 20, Train 2.1446s/epoch, Inference 5.68s, Images 922, Inference 6.1569ms/image
2026-05-30 09:31:43,593 [trainer.py] => No NME accuracy.
2026-05-30 09:31:43,593 [trainer.py] => CNN: {'total': 27.11, '00-99': 25.33, '100-104': 37.5, '105-109': 66.67, '110-114': 19.05, 'old': 27.3, 'new': 19.05}
2026-05-30 09:31:43,593 [trainer.py] => CNN top1 curve: [47.44, 35.26, 29.74, 27.11]
2026-05-30 09:31:43,593 [trainer.py] => CNN top5 curve: [76.22, 63.35, 63.26, 59.33]
2026-05-30 09:31:43,593 [trainer.py] => Average Accuracy (CNN): 34.89
2026-05-30 09:31:43,594 [trainer.py] => All params: 85887091
2026-05-30 09:31:43,595 [trainer.py] => Trainable params: 85887091
2026-05-30 09:31:43,598 [finetune.py] => Learning on 115-120
2026-05-30 09:33:14,956 [finetune.py] => Task 4, Epoch 20/20 => Loss 0.057, Train_accy 85.65
2026-05-30 09:33:21,024 [trainer.py] => Timing Task 4 => Train 91.36s, Epochs 20, Train 4.5682s/epoch, Inference 6.07s, Images 975, Inference 6.2208ms/image
2026-05-30 09:33:21,024 [trainer.py] => No NME accuracy.
2026-05-30 09:33:21,024 [trainer.py] => CNN: {'total': 27.79, '00-99': 22.59, '100-104': 37.5, '105-109': 63.89, '110-114': 28.57, '115-119': 81.13, 'old': 24.73, 'new': 81.13}
2026-05-30 09:33:21,024 [trainer.py] => CNN top1 curve: [47.44, 35.26, 29.74, 27.11, 27.79]
2026-05-30 09:33:21,024 [trainer.py] => CNN top5 curve: [76.22, 63.35, 63.26, 59.33, 60.72]
2026-05-30 09:33:21,024 [trainer.py] => Average Accuracy (CNN): 33.47
2026-05-30 09:33:21,025 [trainer.py] => All params: 85890936
2026-05-30 09:33:21,025 [trainer.py] => Trainable params: 85890936
2026-05-30 09:33:21,027 [finetune.py] => Learning on 120-125
2026-05-30 09:34:36,044 [finetune.py] => Task 5, Epoch 20/20 => Loss 0.117, Train_accy 76.06
2026-05-30 09:34:41,410 [trainer.py] => Timing Task 5 => Train 75.02s, Epochs 20, Train 3.7510s/epoch, Inference 5.36s, Images 1016, Inference 5.2805ms/image
2026-05-30 09:34:41,410 [trainer.py] => No NME accuracy.
2026-05-30 09:34:41,410 [trainer.py] => CNN: {'total': 22.34, '00-99': 18.07, '100-104': 29.17, '105-109': 30.56, '110-114': 14.29, '115-119': 67.92, '120-124': 43.9, 'old': 21.44, 'new': 43.9}
2026-05-30 09:34:41,410 [trainer.py] => CNN top1 curve: [47.44, 35.26, 29.74, 27.11, 27.79, 22.34]
2026-05-30 09:34:41,410 [trainer.py] => CNN top5 curve: [76.22, 63.35, 63.26, 59.33, 60.72, 51.28]
2026-05-30 09:34:41,410 [trainer.py] => Average Accuracy (CNN): 31.61
2026-05-30 09:34:41,411 [trainer.py] => All params: 85894781
2026-05-30 09:34:41,412 [trainer.py] => Trainable params: 85894781
2026-05-30 09:34:41,414 [finetune.py] => Learning on 125-130
2026-05-30 09:35:39,768 [finetune.py] => Task 6, Epoch 20/20 => Loss 0.060, Train_accy 70.45
2026-05-30 09:35:45,080 [trainer.py] => Timing Task 6 => Train 58.36s, Epochs 20, Train 2.9179s/epoch, Inference 5.31s, Images 1035, Inference 5.1312ms/image
2026-05-30 09:35:45,080 [trainer.py] => No NME accuracy.
2026-05-30 09:35:45,080 [trainer.py] => CNN: {'total': 22.22, '00-99': 18.07, '100-104': 29.17, '105-109': 25.0, '110-114': 14.29, '115-119': 67.92, '120-124': 48.78, '125-129': 15.79, 'old': 22.34, 'new': 15.79}
2026-05-30 09:35:45,081 [trainer.py] => CNN top1 curve: [47.44, 35.26, 29.74, 27.11, 27.79, 22.34, 22.22]
2026-05-30 09:35:45,081 [trainer.py] => CNN top5 curve: [76.22, 63.35, 63.26, 59.33, 60.72, 51.28, 50.82]
2026-05-30 09:35:45,081 [trainer.py] => Average Accuracy (CNN): 30.27
2026-05-30 09:35:45,081 [trainer.py] => All params: 85898626
2026-05-30 09:35:45,082 [trainer.py] => Trainable params: 85898626
2026-05-30 09:35:45,085 [finetune.py] => Learning on 130-135
2026-05-30 09:37:09,586 [finetune.py] => Task 7, Epoch 20/20 => Loss 0.094, Train_accy 76.47
2026-05-30 09:37:14,242 [trainer.py] => Timing Task 7 => Train 84.51s, Epochs 20, Train 4.2253s/epoch, Inference 4.65s, Images 1084, Inference 4.2937ms/image
2026-05-30 09:37:14,243 [trainer.py] => No NME accuracy.
2026-05-30 09:37:14,243 [trainer.py] => CNN: {'total': 23.15, '00-99': 19.5, '100-104': 29.17, '105-109': 27.78, '110-114': 0.0, '115-119': 62.26, '120-124': 31.71, '125-129': 15.79, '130-134': 42.86, 'old': 22.22, 'new': 42.86}
2026-05-30 09:37:14,243 [trainer.py] => CNN top1 curve: [47.44, 35.26, 29.74, 27.11, 27.79, 22.34, 22.22, 23.15]
2026-05-30 09:37:14,243 [trainer.py] => CNN top5 curve: [76.22, 63.35, 63.26, 59.33, 60.72, 51.28, 50.82, 52.86]
2026-05-30 09:37:14,243 [trainer.py] => Average Accuracy (CNN): 29.38
2026-05-30 09:37:14,245 [trainer.py] => All params: 85902471
2026-05-30 09:37:14,247 [trainer.py] => Trainable params: 85902471
2026-05-30 09:37:14,251 [finetune.py] => Learning on 135-140
2026-05-30 09:38:30,253 [finetune.py] => Task 8, Epoch 20/20 => Loss 0.043, Train_accy 81.29
2026-05-30 09:38:37,274 [trainer.py] => Timing Task 8 => Train 76.01s, Epochs 20, Train 3.8004s/epoch, Inference 7.02s, Images 1121, Inference 6.2612ms/image
2026-05-30 09:38:37,275 [trainer.py] => No NME accuracy.
2026-05-30 09:38:37,275 [trainer.py] => CNN: {'total': 19.36, '00-99': 13.67, '100-104': 20.83, '105-109': 27.78, '110-114': 0.0, '115-119': 62.26, '120-124': 24.39, '125-129': 15.79, '130-134': 38.78, '135-139': 59.46, 'old': 17.99, 'new': 59.46}
2026-05-30 09:38:37,275 [trainer.py] => CNN top1 curve: [47.44, 35.26, 29.74, 27.11, 27.79, 22.34, 22.22, 23.15, 19.36]
2026-05-30 09:38:37,275 [trainer.py] => CNN top5 curve: [76.22, 63.35, 63.26, 59.33, 60.72, 51.28, 50.82, 52.86, 45.32]
2026-05-30 09:38:37,275 [trainer.py] => Average Accuracy (CNN): 28.27
2026-05-30 09:38:37,277 [trainer.py] => All params: 85906316
2026-05-30 09:38:37,278 [trainer.py] => Trainable params: 85906316
2026-05-30 09:38:37,284 [finetune.py] => Learning on 140-145
2026-05-30 09:40:00,820 [finetune.py] => Task 9, Epoch 20/20 => Loss 0.053, Train_accy 73.58
2026-05-30 09:40:08,258 [trainer.py] => Timing Task 9 => Train 83.54s, Epochs 20, Train 4.1772s/epoch, Inference 7.43s, Images 1166, Inference 6.3765ms/image
2026-05-30 09:40:08,258 [trainer.py] => No NME accuracy.
2026-05-30 09:40:08,258 [trainer.py] => CNN: {'total': 20.33, '00-99': 14.03, '100-104': 33.33, '105-109': 27.78, '110-114': 4.76, '115-119': 45.28, '120-124': 24.39, '125-129': 15.79, '130-134': 42.86, '135-139': 51.35, '140-144': 51.11, 'old': 19.09, 'new': 51.11}
2026-05-30 09:40:08,259 [trainer.py] => CNN top1 curve: [47.44, 35.26, 29.74, 27.11, 27.79, 22.34, 22.22, 23.15, 19.36, 20.33]
2026-05-30 09:40:08,259 [trainer.py] => CNN top5 curve: [76.22, 63.35, 63.26, 59.33, 60.72, 51.28, 50.82, 52.86, 45.32, 46.74]
2026-05-30 09:40:08,259 [trainer.py] => Average Accuracy (CNN): 27.47
2026-05-30 09:40:08,261 [trainer.py] => All params: 85910161
2026-05-30 09:40:08,262 [trainer.py] => Trainable params: 85910161
2026-05-30 09:40:08,267 [finetune.py] => Learning on 145-150
2026-05-30 09:41:35,469 [finetune.py] => Task 10, Epoch 20/20 => Loss 0.047, Train_accy 71.60
2026-05-30 09:41:42,921 [trainer.py] => Timing Task 10 => Train 87.21s, Epochs 20, Train 4.3605s/epoch, Inference 7.45s, Images 1197, Inference 6.2228ms/image
2026-05-30 09:41:42,921 [trainer.py] => No NME accuracy.
2026-05-30 09:41:42,921 [trainer.py] => CNN: {'total': 17.88, '00-99': 12.25, '100-104': 29.17, '105-109': 30.56, '110-114': 4.76, '115-119': 43.4, '120-124': 21.95, '125-129': 15.79, '130-134': 26.53, '135-139': 43.24, '140-144': 35.56, '145-149': 38.71, 'old': 17.32, 'new': 38.71}
2026-05-30 09:41:42,922 [trainer.py] => CNN top1 curve: [47.44, 35.26, 29.74, 27.11, 27.79, 22.34, 22.22, 23.15, 19.36, 20.33, 17.88]
2026-05-30 09:41:42,922 [trainer.py] => CNN top5 curve: [76.22, 63.35, 63.26, 59.33, 60.72, 51.28, 50.82, 52.86, 45.32, 46.74, 46.95]
2026-05-30 09:41:42,922 [trainer.py] => Average Accuracy (CNN): 26.6
2026-05-30 09:41:42,923 [trainer.py] => All params: 85914006
2026-05-30 09:41:42,924 [trainer.py] => Trainable params: 85914006
2026-05-30 09:41:42,929 [finetune.py] => Learning on 150-155
2026-05-30 09:42:54,267 [finetune.py] => Task 11, Epoch 20/20 => Loss 0.047, Train_accy 70.34
2026-05-30 09:43:01,749 [trainer.py] => Timing Task 11 => Train 71.34s, Epochs 20, Train 3.5672s/epoch, Inference 7.48s, Images 1231, Inference 6.0755ms/image
2026-05-30 09:43:01,749 [trainer.py] => No NME accuracy.
2026-05-30 09:43:01,749 [trainer.py] => CNN: {'total': 19.33, '00-99': 14.15, '100-104': 25.0, '105-109': 25.0, '110-114': 0.0, '115-119': 39.62, '120-124': 29.27, '125-129': 10.53, '130-134': 32.65, '135-139': 43.24, '140-144': 37.78, '145-149': 35.48, '150-154': 26.47, 'old': 19.13, 'new': 26.47}
2026-05-30 09:43:01,749 [trainer.py] => CNN top1 curve: [47.44, 35.26, 29.74, 27.11, 27.79, 22.34, 22.22, 23.15, 19.36, 20.33, 17.88, 19.33]
2026-05-30 09:43:01,749 [trainer.py] => CNN top5 curve: [76.22, 63.35, 63.26, 59.33, 60.72, 51.28, 50.82, 52.86, 45.32, 46.74, 46.95, 43.46]
2026-05-30 09:43:01,749 [trainer.py] => Average Accuracy (CNN): 26.0
2026-05-30 09:43:01,750 [trainer.py] => All params: 85917851
2026-05-30 09:43:01,750 [trainer.py] => Trainable params: 85917851
2026-05-30 09:43:01,753 [finetune.py] => Learning on 155-160
2026-05-30 09:44:04,380 [finetune.py] => Task 12, Epoch 20/20 => Loss 0.024, Train_accy 68.24
2026-05-30 09:44:12,034 [trainer.py] => Timing Task 12 => Train 62.63s, Epochs 20, Train 3.1316s/epoch, Inference 7.65s, Images 1248, Inference 6.1313ms/image
2026-05-30 09:44:12,034 [trainer.py] => No NME accuracy.
2026-05-30 09:44:12,034 [trainer.py] => CNN: {'total': 18.91, '00-99': 14.39, '100-104': 33.33, '105-109': 25.0, '110-114': 4.76, '115-119': 37.74, '120-124': 26.83, '125-129': 10.53, '130-134': 28.57, '135-139': 37.84, '140-144': 28.89, '145-149': 29.03, '150-154': 23.53, '155-159': 35.29, 'old': 18.68, 'new': 35.29}
2026-05-30 09:44:12,035 [trainer.py] => CNN top1 curve: [47.44, 35.26, 29.74, 27.11, 27.79, 22.34, 22.22, 23.15, 19.36, 20.33, 17.88, 19.33, 18.91]
2026-05-30 09:44:12,035 [trainer.py] => CNN top5 curve: [76.22, 63.35, 63.26, 59.33, 60.72, 51.28, 50.82, 52.86, 45.32, 46.74, 46.95, 43.46, 45.03]
2026-05-30 09:44:12,035 [trainer.py] => Average Accuracy (CNN): 25.45
2026-05-30 09:44:12,036 [trainer.py] => All params: 85921696
2026-05-30 09:44:12,037 [trainer.py] => Trainable params: 85921696
2026-05-30 09:44:12,040 [finetune.py] => Learning on 160-165
2026-05-30 09:45:49,237 [finetune.py] => Task 13, Epoch 20/20 => Loss 0.193, Train_accy 51.98
2026-05-30 09:45:55,788 [trainer.py] => Timing Task 13 => Train 97.20s, Epochs 20, Train 4.8601s/epoch, Inference 6.55s, Images 1300, Inference 5.0377ms/image
2026-05-30 09:45:55,788 [trainer.py] => No NME accuracy.
2026-05-30 09:45:55,789 [trainer.py] => CNN: {'total': 19.62, '00-99': 15.22, '100-104': 41.67, '105-109': 22.22, '110-114': 9.52, '115-119': 37.74, '120-124': 19.51, '125-129': 10.53, '130-134': 22.45, '135-139': 32.43, '140-144': 31.11, '145-149': 25.81, '150-154': 14.71, '155-159': 35.29, '160-164': 40.38, 'old': 18.75, 'new': 40.38}
2026-05-30 09:45:55,789 [trainer.py] => CNN top1 curve: [47.44, 35.26, 29.74, 27.11, 27.79, 22.34, 22.22, 23.15, 19.36, 20.33, 17.88, 19.33, 18.91, 19.62]
2026-05-30 09:45:55,789 [trainer.py] => CNN top5 curve: [76.22, 63.35, 63.26, 59.33, 60.72, 51.28, 50.82, 52.86, 45.32, 46.74, 46.95, 43.46, 45.03, 45.46]
2026-05-30 09:45:55,789 [trainer.py] => Average Accuracy (CNN): 25.03
2026-05-30 09:45:55,791 [trainer.py] => All params: 85925541
2026-05-30 09:45:55,793 [trainer.py] => Trainable params: 85925541
2026-05-30 09:45:55,800 [finetune.py] => Learning on 165-170
2026-05-30 09:47:14,502 [finetune.py] => Task 14, Epoch 20/20 => Loss 0.089, Train_accy 63.64
2026-05-30 09:47:20,617 [trainer.py] => Timing Task 14 => Train 78.71s, Epochs 20, Train 3.9355s/epoch, Inference 6.11s, Images 1333, Inference 4.5863ms/image
2026-05-30 09:47:20,618 [trainer.py] => No NME accuracy.
2026-05-30 09:47:20,618 [trainer.py] => CNN: {'total': 18.08, '00-99': 12.84, '100-104': 45.83, '105-109': 19.44, '110-114': 9.52, '115-119': 43.4, '120-124': 24.39, '125-129': 10.53, '130-134': 16.33, '135-139': 27.03, '140-144': 22.22, '145-149': 29.03, '150-154': 20.59, '155-159': 29.41, '160-164': 40.38, '165-169': 24.24, 'old': 17.92, 'new': 24.24}
2026-05-30 09:47:20,618 [trainer.py] => CNN top1 curve: [47.44, 35.26, 29.74, 27.11, 27.79, 22.34, 22.22, 23.15, 19.36, 20.33, 17.88, 19.33, 18.91, 19.62, 18.08]
2026-05-30 09:47:20,618 [trainer.py] => CNN top5 curve: [76.22, 63.35, 63.26, 59.33, 60.72, 51.28, 50.82, 52.86, 45.32, 46.74, 46.95, 43.46, 45.03, 45.46, 42.24]
2026-05-30 09:47:20,618 [trainer.py] => Average Accuracy (CNN): 24.57
2026-05-30 09:47:20,619 [trainer.py] => All params: 85929386
2026-05-30 09:47:20,620 [trainer.py] => Trainable params: 85929386
2026-05-30 09:47:20,624 [finetune.py] => Learning on 170-175
2026-05-30 09:48:26,920 [finetune.py] => Task 15, Epoch 20/20 => Loss 0.031, Train_accy 78.41
2026-05-30 09:48:35,295 [trainer.py] => Timing Task 15 => Train 66.30s, Epochs 20, Train 3.3151s/epoch, Inference 8.37s, Images 1358, Inference 6.1656ms/image
2026-05-30 09:48:35,296 [trainer.py] => No NME accuracy.
2026-05-30 09:48:35,296 [trainer.py] => CNN: {'total': 17.45, '00-99': 12.37, '100-104': 37.5, '105-109': 27.78, '110-114': 14.29, '115-119': 37.74, '120-124': 12.2, '125-129': 10.53, '130-134': 16.33, '135-139': 37.84, '140-144': 17.78, '145-149': 38.71, '150-154': 11.76, '155-159': 29.41, '160-164': 32.69, '165-169': 12.12, '170-174': 48.0, 'old': 16.88, 'new': 48.0}
2026-05-30 09:48:35,296 [trainer.py] => CNN top1 curve: [47.44, 35.26, 29.74, 27.11, 27.79, 22.34, 22.22, 23.15, 19.36, 20.33, 17.88, 19.33, 18.91, 19.62, 18.08, 17.45]
2026-05-30 09:48:35,297 [trainer.py] => CNN top5 curve: [76.22, 63.35, 63.26, 59.33, 60.72, 51.28, 50.82, 52.86, 45.32, 46.74, 46.95, 43.46, 45.03, 45.46, 42.24, 39.47]
2026-05-30 09:48:35,297 [trainer.py] => Average Accuracy (CNN): 24.13
2026-05-30 09:48:35,299 [trainer.py] => All params: 85933231
2026-05-30 09:48:35,300 [trainer.py] => Trainable params: 85933231
2026-05-30 09:48:35,306 [finetune.py] => Learning on 175-180
2026-05-30 09:50:01,067 [finetune.py] => Task 16, Epoch 20/20 => Loss 0.062, Train_accy 87.92
2026-05-30 09:50:09,697 [trainer.py] => Timing Task 16 => Train 85.77s, Epochs 20, Train 4.2884s/epoch, Inference 8.63s, Images 1395, Inference 6.1850ms/image
2026-05-30 09:50:09,698 [trainer.py] => No NME accuracy.
2026-05-30 09:50:09,698 [trainer.py] => CNN: {'total': 12.83, '00-99': 8.68, '100-104': 16.67, '105-109': 22.22, '110-114': 0.0, '115-119': 20.75, '120-124': 4.88, '125-129': 5.26, '130-134': 16.33, '135-139': 21.62, '140-144': 17.78, '145-149': 29.03, '150-154': 8.82, '155-159': 11.76, '160-164': 34.62, '165-169': 0.0, '170-174': 20.0, '175-179': 51.35, 'old': 11.78, 'new': 51.35}
2026-05-30 09:50:09,698 [trainer.py] => CNN top1 curve: [47.44, 35.26, 29.74, 27.11, 27.79, 22.34, 22.22, 23.15, 19.36, 20.33, 17.88, 19.33, 18.91, 19.62, 18.08, 17.45, 12.83]
2026-05-30 09:50:09,698 [trainer.py] => CNN top5 curve: [76.22, 63.35, 63.26, 59.33, 60.72, 51.28, 50.82, 52.86, 45.32, 46.74, 46.95, 43.46, 45.03, 45.46, 42.24, 39.47, 36.85]
2026-05-30 09:50:09,698 [trainer.py] => Average Accuracy (CNN): 23.46
2026-05-30 09:50:09,700 [trainer.py] => All params: 85937076
2026-05-30 09:50:09,701 [trainer.py] => Trainable params: 85937076
2026-05-30 09:50:09,706 [finetune.py] => Learning on 180-185
2026-05-30 09:51:28,414 [finetune.py] => Task 17, Epoch 20/20 => Loss 0.043, Train_accy 72.13
2026-05-30 09:51:37,280 [trainer.py] => Timing Task 17 => Train 78.71s, Epochs 20, Train 3.9357s/epoch, Inference 8.86s, Images 1422, Inference 6.2339ms/image
2026-05-30 09:51:37,281 [trainer.py] => No NME accuracy.
2026-05-30 09:51:37,281 [trainer.py] => CNN: {'total': 15.19, '00-99': 10.7, '100-104': 16.67, '105-109': 19.44, '110-114': 0.0, '115-119': 22.64, '120-124': 7.32, '125-129': 0.0, '130-134': 22.45, '135-139': 27.03, '140-144': 22.22, '145-149': 25.81, '150-154': 17.65, '155-159': 11.76, '160-164': 34.62, '165-169': 3.03, '170-174': 16.0, '175-179': 48.65, '180-184': 44.44, 'old': 14.62, 'new': 44.44}
2026-05-30 09:51:37,281 [trainer.py] => CNN top1 curve: [47.44, 35.26, 29.74, 27.11, 27.79, 22.34, 22.22, 23.15, 19.36, 20.33, 17.88, 19.33, 18.91, 19.62, 18.08, 17.45, 12.83, 15.19]
2026-05-30 09:51:37,281 [trainer.py] => CNN top5 curve: [76.22, 63.35, 63.26, 59.33, 60.72, 51.28, 50.82, 52.86, 45.32, 46.74, 46.95, 43.46, 45.03, 45.46, 42.24, 39.47, 36.85, 39.38]
2026-05-30 09:51:37,281 [trainer.py] => Average Accuracy (CNN): 23.0
2026-05-30 09:51:37,283 [trainer.py] => All params: 85940921
2026-05-30 09:51:37,284 [trainer.py] => Trainable params: 85940921
2026-05-30 09:51:37,289 [finetune.py] => Learning on 185-190
2026-05-30 09:52:41,178 [finetune.py] => Task 18, Epoch 20/20 => Loss 0.076, Train_accy 23.88
2026-05-30 09:52:50,153 [trainer.py] => Timing Task 18 => Train 63.90s, Epochs 20, Train 3.1948s/epoch, Inference 8.97s, Images 1434, Inference 6.2576ms/image
2026-05-30 09:52:50,154 [trainer.py] => No NME accuracy.
2026-05-30 09:52:50,154 [trainer.py] => CNN: {'total': 10.81, '00-99': 7.02, '100-104': 20.83, '105-109': 11.11, '110-114': 14.29, '115-119': 16.98, '120-124': 4.88, '125-129': 0.0, '130-134': 18.37, '135-139': 16.22, '140-144': 20.0, '145-149': 16.13, '150-154': 11.76, '155-159': 0.0, '160-164': 19.23, '165-169': 3.03, '170-174': 16.0, '175-179': 48.65, '180-184': 25.93, '185-189': 0.0, 'old': 10.9, 'new': 0.0}
2026-05-30 09:52:50,154 [trainer.py] => CNN top1 curve: [47.44, 35.26, 29.74, 27.11, 27.79, 22.34, 22.22, 23.15, 19.36, 20.33, 17.88, 19.33, 18.91, 19.62, 18.08, 17.45, 12.83, 15.19, 10.81]
2026-05-30 09:52:50,154 [trainer.py] => CNN top5 curve: [76.22, 63.35, 63.26, 59.33, 60.72, 51.28, 50.82, 52.86, 45.32, 46.74, 46.95, 43.46, 45.03, 45.46, 42.24, 39.47, 36.85, 39.38, 33.05]
2026-05-30 09:52:50,155 [trainer.py] => Average Accuracy (CNN): 22.36
2026-05-30 09:52:50,156 [trainer.py] => All params: 85944766
2026-05-30 09:52:50,158 [trainer.py] => Trainable params: 85944766
2026-05-30 09:52:50,161 [finetune.py] => Learning on 190-195
2026-05-30 09:54:25,582 [finetune.py] => Task 19, Epoch 20/20 => Loss 0.031, Train_accy 81.87
2026-05-30 09:54:33,481 [trainer.py] => Timing Task 19 => Train 95.43s, Epochs 20, Train 4.7713s/epoch, Inference 7.90s, Images 1471, Inference 5.3686ms/image
2026-05-30 09:54:33,482 [trainer.py] => No NME accuracy.
2026-05-30 09:54:33,482 [trainer.py] => CNN: {'total': 13.12, '00-99': 8.8, '100-104': 12.5, '105-109': 19.44, '110-114': 0.0, '115-119': 13.21, '120-124': 4.88, '125-129': 0.0, '130-134': 16.33, '135-139': 21.62, '140-144': 22.22, '145-149': 16.13, '150-154': 11.76, '155-159': 29.41, '160-164': 13.46, '165-169': 3.03, '170-174': 12.0, '175-179': 48.65, '180-184': 29.63, '185-189': 0.0, '190-194': 62.16, 'old': 11.85, 'new': 62.16}
2026-05-30 09:54:33,482 [trainer.py] => CNN top1 curve: [47.44, 35.26, 29.74, 27.11, 27.79, 22.34, 22.22, 23.15, 19.36, 20.33, 17.88, 19.33, 18.91, 19.62, 18.08, 17.45, 12.83, 15.19, 10.81, 13.12]
2026-05-30 09:54:33,482 [trainer.py] => CNN top5 curve: [76.22, 63.35, 63.26, 59.33, 60.72, 51.28, 50.82, 52.86, 45.32, 46.74, 46.95, 43.46, 45.03, 45.46, 42.24, 39.47, 36.85, 39.38, 33.05, 36.64]
2026-05-30 09:54:33,482 [trainer.py] => Average Accuracy (CNN): 21.9
2026-05-30 09:54:33,483 [trainer.py] => All params: 85948611
2026-05-30 09:54:33,484 [trainer.py] => Trainable params: 85948611
2026-05-30 09:54:33,487 [finetune.py] => Learning on 195-200
2026-05-30 09:56:09,522 [finetune.py] => Task 20, Epoch 20/20 => Loss 0.035, Train_accy 54.49
2026-05-30 09:56:18,575 [trainer.py] => Timing Task 20 => Train 96.04s, Epochs 20, Train 4.8020s/epoch, Inference 9.05s, Images 1519, Inference 5.9589ms/image
2026-05-30 09:56:18,575 [trainer.py] => No NME accuracy.
2026-05-30 09:56:18,576 [trainer.py] => CNN: {'total': 13.03, '00-99': 8.92, '100-104': 8.33, '105-109': 2.78, '110-114': 0.0, '115-119': 7.55, '120-124': 4.88, '125-129': 5.26, '130-134': 14.29, '135-139': 18.92, '140-144': 24.44, '145-149': 32.26, '150-154': 5.88, '155-159': 23.53, '160-164': 11.54, '165-169': 6.06, '170-174': 24.0, '175-179': 37.84, '180-184': 25.93, '185-189': 8.33, '190-194': 54.05, '195-199': 33.33, 'old': 12.37, 'new': 33.33}
2026-05-30 09:56:18,576 [trainer.py] => CNN top1 curve: [47.44, 35.26, 29.74, 27.11, 27.79, 22.34, 22.22, 23.15, 19.36, 20.33, 17.88, 19.33, 18.91, 19.62, 18.08, 17.45, 12.83, 15.19, 10.81, 13.12, 13.03]
2026-05-30 09:56:18,576 [trainer.py] => CNN top5 curve: [76.22, 63.35, 63.26, 59.33, 60.72, 51.28, 50.82, 52.86, 45.32, 46.74, 46.95, 43.46, 45.03, 45.46, 42.24, 39.47, 36.85, 39.38, 33.05, 36.64, 36.21]
2026-05-30 09:56:18,576 [trainer.py] => Average Accuracy (CNN): 21.48
2026-05-30 09:56:18,577 [trainer.py] => Total Train Time: 2523.74s
2026-05-30 09:56:18,577 [trainer.py] => Total Inference Time: 144.73s
2026-05-30 09:56:18,577 [trainer.py] => Average Training Time per Epoch per Incremental Task: 6.0089s
2026-05-30 09:56:18,577 [trainer.py] => Average Inference Time: 5.8281ms/image
2026-05-30 09:56:18,577 [trainer.py] => Mean Task Inference Time: 5.8380ms/image
