2026-06-03 07:47:08,755 [trainer.py] => config: ./configs/finetune/finetune_omn_B150_Inc5.json
2026-06-03 07:47:08,756 [trainer.py] => prefix: reproduce
2026-06-03 07:47:08,756 [trainer.py] => dataset: omnibenchmark
2026-06-03 07:47:08,756 [trainer.py] => memory_size: 0
2026-06-03 07:47:08,756 [trainer.py] => memory_per_class: 0
2026-06-03 07:47:08,756 [trainer.py] => fixed_memory: False
2026-06-03 07:47:08,756 [trainer.py] => shuffle: True
2026-06-03 07:47:08,756 [trainer.py] => init_cls: 150
2026-06-03 07:47:08,756 [trainer.py] => increment: 5
2026-06-03 07:47:08,756 [trainer.py] => model_name: finetune
2026-06-03 07:47:08,756 [trainer.py] => backbone_type: vit_base_patch16_224_in21k
2026-06-03 07:47:08,756 [trainer.py] => device: [device(type='cuda', index=6)]
2026-06-03 07:47:08,756 [trainer.py] => seed: 42
2026-06-03 07:47:08,756 [trainer.py] => init_epoch: 20
2026-06-03 07:47:08,756 [trainer.py] => init_lr: 0.001
2026-06-03 07:47:08,756 [trainer.py] => init_milestones: [60, 120, 170]
2026-06-03 07:47:08,756 [trainer.py] => init_lr_decay: 0.1
2026-06-03 07:47:08,756 [trainer.py] => init_weight_decay: 0.0005
2026-06-03 07:47:08,757 [trainer.py] => epochs: 20
2026-06-03 07:47:08,757 [trainer.py] => lrate: 0.001
2026-06-03 07:47:08,757 [trainer.py] => milestones: [40, 70]
2026-06-03 07:47:08,757 [trainer.py] => lrate_decay: 0.1
2026-06-03 07:47:08,757 [trainer.py] => batch_size: 48
2026-06-03 07:47:08,757 [trainer.py] => weight_decay: 0.0002
2026-06-03 07:47:09,015 [data_manager.py] => [203, 266, 152, 9, 233, 226, 196, 109, 5, 175, 237, 57, 218, 45, 182, 221, 289, 211, 148, 165, 78, 113, 249, 250, 104, 42, 281, 295, 157, 238, 17, 164, 33, 24, 215, 119, 7, 90, 46, 73, 93, 76, 286, 60, 77, 63, 234, 229, 111, 231, 180, 144, 239, 75, 297, 278, 97, 92, 192, 25, 232, 59, 6, 185, 173, 30, 22, 256, 56, 186, 108, 126, 230, 193, 129, 282, 82, 84, 66, 288, 163, 154, 19, 124, 79, 114, 118, 72, 15, 10, 194, 101, 68, 224, 37, 16, 179, 147, 274, 67, 228, 69, 31, 183, 265, 225, 140, 18, 181, 96, 132, 262, 86, 248, 245, 116, 146, 292, 197, 206, 55, 172, 184, 167, 139, 253, 38, 125, 195, 283, 137, 112, 168, 117, 277, 271, 155, 176, 178, 2, 115, 143, 177, 120, 210, 260, 127, 74, 29, 83, 269, 107, 223, 158, 280, 246, 222, 65, 198, 85, 213, 159, 12, 35, 28, 142, 284, 254, 170, 51, 95, 208, 247, 41, 89, 244, 136, 26, 293, 141, 200, 0, 268, 272, 100, 259, 255, 171, 98, 36, 61, 150, 236, 202, 242, 11, 296, 267, 27, 219, 4, 122, 32, 204, 162, 209, 285, 138, 62, 135, 128, 290, 8, 70, 264, 64, 44, 279, 156, 40, 123, 275, 216, 153, 23, 261, 110, 81, 207, 212, 39, 240, 291, 258, 199, 14, 47, 94, 263, 227, 273, 201, 161, 43, 217, 145, 190, 220, 251, 3, 105, 53, 133, 1, 131, 103, 49, 80, 205, 34, 91, 52, 241, 13, 88, 166, 294, 134, 287, 243, 54, 50, 174, 189, 298, 187, 169, 58, 48, 235, 252, 21, 160, 276, 191, 257, 149, 130, 151, 99, 87, 214, 121, 299, 20, 188, 71, 106, 270, 102]
2026-06-03 07:47:12,828 [trainer.py] => All params: 85798656
2026-06-03 07:47:12,829 [trainer.py] => Trainable params: 85798656
2026-06-03 07:47:12,952 [finetune.py] => Learning on 0-150
2026-06-03 11:14:18,537 [finetune.py] => Task 0, Epoch 20/20 => Loss 0.324, Train_accy 90.55
2026-06-03 11:14:34,018 [trainer.py] => Timing Task 0 => Train 12425.59s, Epochs 20, Train 621.2794s/epoch, Inference 15.48s, Images 2990, Inference 5.1769ms/image
2026-06-03 11:14:34,018 [trainer.py] => No NME accuracy.
2026-06-03 11:14:34,018 [trainer.py] => CNN: {'total': 86.59, '00-149': 86.59, 'old': 0, 'new': 86.59}
2026-06-03 11:14:34,018 [trainer.py] => CNN top1 curve: [86.59]
2026-06-03 11:14:34,018 [trainer.py] => CNN top5 curve: [97.49]
2026-06-03 11:14:34,018 [trainer.py] => Average Accuracy (CNN): 86.59
2026-06-03 11:14:34,019 [trainer.py] => All params: 85914006
2026-06-03 11:14:34,020 [trainer.py] => Trainable params: 85914006
2026-06-03 11:14:34,023 [finetune.py] => Learning on 150-155
2026-06-03 11:22:21,896 [finetune.py] => Task 1, Epoch 20/20 => Loss 0.050, Train_accy 89.72
2026-06-03 11:22:37,933 [trainer.py] => Timing Task 1 => Train 467.88s, Epochs 20, Train 23.3939s/epoch, Inference 16.03s, Images 3090, Inference 5.1888ms/image
2026-06-03 11:22:37,933 [trainer.py] => No NME accuracy.
2026-06-03 11:22:37,934 [trainer.py] => CNN: {'total': 82.72, '00-149': 82.24, '150-154': 97.0, 'old': 82.24, 'new': 97.0}
2026-06-03 11:22:37,934 [trainer.py] => CNN top1 curve: [86.59, 82.72]
2026-06-03 11:22:37,934 [trainer.py] => CNN top5 curve: [97.49, 97.09]
2026-06-03 11:22:37,934 [trainer.py] => Average Accuracy (CNN): 84.66
2026-06-03 11:22:37,935 [trainer.py] => All params: 85917851
2026-06-03 11:22:37,936 [trainer.py] => Trainable params: 85917851
2026-06-03 11:22:37,941 [finetune.py] => Learning on 155-160
2026-06-03 11:30:39,923 [finetune.py] => Task 2, Epoch 20/20 => Loss 0.048, Train_accy 64.37
2026-06-03 11:30:54,482 [trainer.py] => Timing Task 2 => Train 481.99s, Epochs 20, Train 24.0994s/epoch, Inference 14.56s, Images 3190, Inference 4.5634ms/image
2026-06-03 11:30:54,483 [trainer.py] => No NME accuracy.
2026-06-03 11:30:54,483 [trainer.py] => CNN: {'total': 79.56, '00-149': 79.46, '150-154': 96.0, '155-159': 66.0, 'old': 80.0, 'new': 66.0}
2026-06-03 11:30:54,483 [trainer.py] => CNN top1 curve: [86.59, 82.72, 79.56]
2026-06-03 11:30:54,483 [trainer.py] => CNN top5 curve: [97.49, 97.09, 95.61]
2026-06-03 11:30:54,483 [trainer.py] => Average Accuracy (CNN): 82.96
2026-06-03 11:30:54,484 [trainer.py] => All params: 85921696
2026-06-03 11:30:54,485 [trainer.py] => Trainable params: 85921696
2026-06-03 11:30:54,488 [finetune.py] => Learning on 160-165
2026-06-03 11:38:30,036 [finetune.py] => Task 3, Epoch 20/20 => Loss 0.019, Train_accy 75.25
2026-06-03 11:38:42,256 [trainer.py] => Timing Task 3 => Train 455.55s, Epochs 20, Train 22.7776s/epoch, Inference 12.22s, Images 3290, Inference 3.7139ms/image
2026-06-03 11:38:42,257 [trainer.py] => No NME accuracy.
2026-06-03 11:38:42,257 [trainer.py] => CNN: {'total': 77.11, '00-149': 77.02, '150-154': 87.0, '155-159': 71.0, '160-164': 76.0, 'old': 77.15, 'new': 76.0}
2026-06-03 11:38:42,257 [trainer.py] => CNN top1 curve: [86.59, 82.72, 79.56, 77.11]
2026-06-03 11:38:42,257 [trainer.py] => CNN top5 curve: [97.49, 97.09, 95.61, 95.41]
2026-06-03 11:38:42,257 [trainer.py] => Average Accuracy (CNN): 81.5
2026-06-03 11:38:42,258 [trainer.py] => All params: 85925541
2026-06-03 11:38:42,258 [trainer.py] => Trainable params: 85925541
2026-06-03 11:38:42,262 [finetune.py] => Learning on 165-170
2026-06-03 11:47:09,172 [finetune.py] => Task 4, Epoch 20/20 => Loss 0.032, Train_accy 83.56
2026-06-03 11:47:25,464 [trainer.py] => Timing Task 4 => Train 506.91s, Epochs 20, Train 25.3457s/epoch, Inference 16.29s, Images 3390, Inference 4.8054ms/image
2026-06-03 11:47:25,465 [trainer.py] => No NME accuracy.
2026-06-03 11:47:25,465 [trainer.py] => CNN: {'total': 73.33, '00-149': 72.71, '150-154': 87.0, '155-159': 62.0, '160-164': 77.0, '165-169': 86.0, 'old': 72.95, 'new': 86.0}
2026-06-03 11:47:25,465 [trainer.py] => CNN top1 curve: [86.59, 82.72, 79.56, 77.11, 73.33]
2026-06-03 11:47:25,465 [trainer.py] => CNN top5 curve: [97.49, 97.09, 95.61, 95.41, 94.57]
2026-06-03 11:47:25,465 [trainer.py] => Average Accuracy (CNN): 79.86
2026-06-03 11:47:25,466 [trainer.py] => All params: 85929386
2026-06-03 11:47:25,467 [trainer.py] => Trainable params: 85929386
2026-06-03 11:47:25,471 [finetune.py] => Learning on 170-175
2026-06-03 11:55:48,418 [finetune.py] => Task 5, Epoch 20/20 => Loss 0.068, Train_accy 90.79
2026-06-03 11:56:00,630 [trainer.py] => Timing Task 5 => Train 502.95s, Epochs 20, Train 25.1476s/epoch, Inference 12.21s, Images 3490, Inference 3.4987ms/image
2026-06-03 11:56:00,631 [trainer.py] => No NME accuracy.
2026-06-03 11:56:00,631 [trainer.py] => CNN: {'total': 64.81, '00-149': 63.88, '150-154': 71.0, '155-159': 50.0, '160-164': 73.0, '165-169': 71.0, '170-174': 87.0, 'old': 64.16, 'new': 87.0}
2026-06-03 11:56:00,631 [trainer.py] => CNN top1 curve: [86.59, 82.72, 79.56, 77.11, 73.33, 64.81]
2026-06-03 11:56:00,631 [trainer.py] => CNN top5 curve: [97.49, 97.09, 95.61, 95.41, 94.57, 90.52]
2026-06-03 11:56:00,632 [trainer.py] => Average Accuracy (CNN): 77.35
2026-06-03 11:56:00,633 [trainer.py] => All params: 85933231
2026-06-03 11:56:00,634 [trainer.py] => Trainable params: 85933231
2026-06-03 11:56:00,640 [finetune.py] => Learning on 175-180
2026-06-03 12:04:13,847 [finetune.py] => Task 6, Epoch 20/20 => Loss 0.032, Train_accy 79.53
2026-06-03 12:04:32,091 [trainer.py] => Timing Task 6 => Train 493.21s, Epochs 20, Train 24.6607s/epoch, Inference 18.24s, Images 3589, Inference 5.0828ms/image
2026-06-03 12:04:32,092 [trainer.py] => No NME accuracy.
2026-06-03 12:04:32,092 [trainer.py] => CNN: {'total': 68.15, '00-149': 67.42, '150-154': 76.0, '155-159': 49.0, '160-164': 70.0, '165-169': 70.0, '170-174': 77.0, '175-179': 88.89, 'old': 67.56, 'new': 88.89}
2026-06-03 12:04:32,092 [trainer.py] => CNN top1 curve: [86.59, 82.72, 79.56, 77.11, 73.33, 64.81, 68.15]
2026-06-03 12:04:32,092 [trainer.py] => CNN top5 curve: [97.49, 97.09, 95.61, 95.41, 94.57, 90.52, 91.89]
2026-06-03 12:04:32,092 [trainer.py] => Average Accuracy (CNN): 76.04
2026-06-03 12:04:32,094 [trainer.py] => All params: 85937076
2026-06-03 12:04:32,095 [trainer.py] => Trainable params: 85937076
2026-06-03 12:04:32,099 [finetune.py] => Learning on 180-185
2026-06-03 12:12:40,970 [finetune.py] => Task 7, Epoch 20/20 => Loss 0.047, Train_accy 92.50
2026-06-03 12:12:59,782 [trainer.py] => Timing Task 7 => Train 488.88s, Epochs 20, Train 24.4438s/epoch, Inference 18.81s, Images 3688, Inference 5.1004ms/image
2026-06-03 12:12:59,782 [trainer.py] => No NME accuracy.
2026-06-03 12:12:59,782 [trainer.py] => CNN: {'total': 69.9, '00-149': 68.73, '150-154': 79.0, '155-159': 55.0, '160-164': 70.0, '165-169': 71.0, '170-174': 81.0, '175-179': 75.76, '180-184': 92.93, 'old': 69.27, 'new': 92.93}
2026-06-03 12:12:59,782 [trainer.py] => CNN top1 curve: [86.59, 82.72, 79.56, 77.11, 73.33, 64.81, 68.15, 69.9]
2026-06-03 12:12:59,782 [trainer.py] => CNN top5 curve: [97.49, 97.09, 95.61, 95.41, 94.57, 90.52, 91.89, 91.21]
2026-06-03 12:12:59,782 [trainer.py] => Average Accuracy (CNN): 75.27
2026-06-03 12:12:59,783 [trainer.py] => All params: 85940921
2026-06-03 12:12:59,784 [trainer.py] => Trainable params: 85940921
2026-06-03 12:12:59,786 [finetune.py] => Learning on 185-190
2026-06-03 12:20:59,223 [finetune.py] => Task 8, Epoch 20/20 => Loss 0.013, Train_accy 76.48
2026-06-03 12:21:19,368 [trainer.py] => Timing Task 8 => Train 479.44s, Epochs 20, Train 23.9721s/epoch, Inference 20.14s, Images 3787, Inference 5.3187ms/image
2026-06-03 12:21:19,368 [trainer.py] => No NME accuracy.
2026-06-03 12:21:19,369 [trainer.py] => CNN: {'total': 66.49, '00-149': 64.88, '150-154': 73.0, '155-159': 58.0, '160-164': 71.0, '165-169': 63.0, '170-174': 78.0, '175-179': 80.81, '180-184': 79.8, '185-189': 76.77, 'old': 66.21, 'new': 76.77}
2026-06-03 12:21:19,369 [trainer.py] => CNN top1 curve: [86.59, 82.72, 79.56, 77.11, 73.33, 64.81, 68.15, 69.9, 66.49]
2026-06-03 12:21:19,369 [trainer.py] => CNN top5 curve: [97.49, 97.09, 95.61, 95.41, 94.57, 90.52, 91.89, 91.21, 90.23]
2026-06-03 12:21:19,369 [trainer.py] => Average Accuracy (CNN): 74.3
2026-06-03 12:21:19,370 [trainer.py] => All params: 85944766
2026-06-03 12:21:19,372 [trainer.py] => Trainable params: 85944766
2026-06-03 12:21:19,375 [finetune.py] => Learning on 190-195
2026-06-03 12:29:42,958 [finetune.py] => Task 9, Epoch 20/20 => Loss 0.009, Train_accy 79.18
2026-06-03 12:29:57,485 [trainer.py] => Timing Task 9 => Train 503.59s, Epochs 20, Train 25.1793s/epoch, Inference 14.53s, Images 3887, Inference 3.7370ms/image
2026-06-03 12:29:57,485 [trainer.py] => No NME accuracy.
2026-06-03 12:29:57,485 [trainer.py] => CNN: {'total': 63.91, '00-149': 61.34, '150-154': 75.0, '155-159': 59.0, '160-164': 65.0, '165-169': 61.0, '170-174': 75.0, '175-179': 75.76, '180-184': 80.81, '185-189': 70.71, '190-194': 90.0, 'old': 63.22, 'new': 90.0}
2026-06-03 12:29:57,485 [trainer.py] => CNN top1 curve: [86.59, 82.72, 79.56, 77.11, 73.33, 64.81, 68.15, 69.9, 66.49, 63.91]
2026-06-03 12:29:57,485 [trainer.py] => CNN top5 curve: [97.49, 97.09, 95.61, 95.41, 94.57, 90.52, 91.89, 91.21, 90.23, 88.42]
2026-06-03 12:29:57,485 [trainer.py] => Average Accuracy (CNN): 73.26
2026-06-03 12:29:57,486 [trainer.py] => All params: 85948611
2026-06-03 12:29:57,487 [trainer.py] => Trainable params: 85948611
2026-06-03 12:29:57,490 [finetune.py] => Learning on 195-200
2026-06-03 12:38:13,110 [finetune.py] => Task 10, Epoch 20/20 => Loss 0.028, Train_accy 70.60
2026-06-03 12:38:33,371 [trainer.py] => Timing Task 10 => Train 495.62s, Epochs 20, Train 24.7812s/epoch, Inference 20.26s, Images 3987, Inference 5.0813ms/image
2026-06-03 12:38:33,371 [trainer.py] => No NME accuracy.
2026-06-03 12:38:33,372 [trainer.py] => CNN: {'total': 58.47, '00-149': 55.69, '150-154': 75.0, '155-159': 54.0, '160-164': 51.0, '165-169': 60.0, '170-174': 70.0, '175-179': 70.71, '180-184': 76.77, '185-189': 66.67, '190-194': 79.0, '195-199': 65.0, 'old': 58.3, 'new': 65.0}
2026-06-03 12:38:33,372 [trainer.py] => CNN top1 curve: [86.59, 82.72, 79.56, 77.11, 73.33, 64.81, 68.15, 69.9, 66.49, 63.91, 58.47]
2026-06-03 12:38:33,372 [trainer.py] => CNN top5 curve: [97.49, 97.09, 95.61, 95.41, 94.57, 90.52, 91.89, 91.21, 90.23, 88.42, 85.5]
2026-06-03 12:38:33,372 [trainer.py] => Average Accuracy (CNN): 71.91
2026-06-03 12:38:33,373 [trainer.py] => All params: 85952456
2026-06-03 12:38:33,375 [trainer.py] => Trainable params: 85952456
2026-06-03 12:38:33,380 [finetune.py] => Learning on 200-205
2026-06-03 12:46:55,373 [finetune.py] => Task 11, Epoch 20/20 => Loss 0.008, Train_accy 94.95
2026-06-03 12:47:16,938 [trainer.py] => Timing Task 11 => Train 502.00s, Epochs 20, Train 25.1000s/epoch, Inference 21.56s, Images 4087, Inference 5.2759ms/image
2026-06-03 12:47:16,939 [trainer.py] => No NME accuracy.
2026-06-03 12:47:16,939 [trainer.py] => CNN: {'total': 56.96, '00-149': 53.71, '150-154': 69.0, '155-159': 40.0, '160-164': 49.0, '165-169': 63.0, '170-174': 65.0, '175-179': 67.68, '180-184': 66.67, '185-189': 68.69, '190-194': 81.0, '195-199': 56.0, '200-204': 98.0, 'old': 55.93, 'new': 98.0}
2026-06-03 12:47:16,939 [trainer.py] => CNN top1 curve: [86.59, 82.72, 79.56, 77.11, 73.33, 64.81, 68.15, 69.9, 66.49, 63.91, 58.47, 56.96]
2026-06-03 12:47:16,939 [trainer.py] => CNN top5 curve: [97.49, 97.09, 95.61, 95.41, 94.57, 90.52, 91.89, 91.21, 90.23, 88.42, 85.5, 83.02]
2026-06-03 12:47:16,939 [trainer.py] => Average Accuracy (CNN): 70.67
2026-06-03 12:47:16,941 [trainer.py] => All params: 85956301
2026-06-03 12:47:16,942 [trainer.py] => Trainable params: 85956301
2026-06-03 12:47:16,947 [finetune.py] => Learning on 205-210
2026-06-03 12:55:22,001 [finetune.py] => Task 12, Epoch 20/20 => Loss 0.040, Train_accy 71.57
2026-06-03 12:55:43,693 [trainer.py] => Timing Task 12 => Train 485.06s, Epochs 20, Train 24.2530s/epoch, Inference 21.69s, Images 4187, Inference 5.1803ms/image
2026-06-03 12:55:43,693 [trainer.py] => No NME accuracy.
2026-06-03 12:55:43,693 [trainer.py] => CNN: {'total': 56.79, '00-149': 53.71, '150-154': 68.0, '155-159': 45.0, '160-164': 44.0, '165-169': 56.0, '170-174': 54.0, '175-179': 69.7, '180-184': 65.66, '185-189': 61.62, '190-194': 68.0, '195-199': 69.0, '200-204': 96.0, '205-209': 77.0, 'old': 56.3, 'new': 77.0}
2026-06-03 12:55:43,694 [trainer.py] => CNN top1 curve: [86.59, 82.72, 79.56, 77.11, 73.33, 64.81, 68.15, 69.9, 66.49, 63.91, 58.47, 56.96, 56.79]
2026-06-03 12:55:43,694 [trainer.py] => CNN top5 curve: [97.49, 97.09, 95.61, 95.41, 94.57, 90.52, 91.89, 91.21, 90.23, 88.42, 85.5, 83.02, 82.06]
2026-06-03 12:55:43,694 [trainer.py] => Average Accuracy (CNN): 69.6
2026-06-03 12:55:43,696 [trainer.py] => All params: 85960146
2026-06-03 12:55:43,697 [trainer.py] => Trainable params: 85960146
2026-06-03 12:55:43,701 [finetune.py] => Learning on 210-215
2026-06-03 13:04:26,157 [finetune.py] => Task 13, Epoch 20/20 => Loss 0.022, Train_accy 64.76
2026-06-03 13:04:48,784 [trainer.py] => Timing Task 13 => Train 522.46s, Epochs 20, Train 26.1231s/epoch, Inference 22.62s, Images 4287, Inference 5.2775ms/image
2026-06-03 13:04:48,785 [trainer.py] => No NME accuracy.
2026-06-03 13:04:48,785 [trainer.py] => CNN: {'total': 53.6, '00-149': 50.1, '150-154': 66.0, '155-159': 41.0, '160-164': 42.0, '165-169': 56.0, '170-174': 49.0, '175-179': 64.65, '180-184': 66.67, '185-189': 57.58, '190-194': 67.0, '195-199': 61.0, '200-204': 95.0, '205-209': 68.0, '210-214': 68.0, 'old': 53.26, 'new': 68.0}
2026-06-03 13:04:48,785 [trainer.py] => CNN top1 curve: [86.59, 82.72, 79.56, 77.11, 73.33, 64.81, 68.15, 69.9, 66.49, 63.91, 58.47, 56.96, 56.79, 53.6]
2026-06-03 13:04:48,785 [trainer.py] => CNN top5 curve: [97.49, 97.09, 95.61, 95.41, 94.57, 90.52, 91.89, 91.21, 90.23, 88.42, 85.5, 83.02, 82.06, 80.8]
2026-06-03 13:04:48,786 [trainer.py] => Average Accuracy (CNN): 68.46
2026-06-03 13:04:48,787 [trainer.py] => All params: 85963991
2026-06-03 13:04:48,789 [trainer.py] => Trainable params: 85963991
2026-06-03 13:04:48,795 [finetune.py] => Learning on 215-220
2026-06-03 13:12:36,263 [finetune.py] => Task 14, Epoch 20/20 => Loss 0.011, Train_accy 65.14
2026-06-03 13:12:59,439 [trainer.py] => Timing Task 14 => Train 467.48s, Epochs 20, Train 23.3738s/epoch, Inference 23.17s, Images 4386, Inference 5.2834ms/image
2026-06-03 13:12:59,440 [trainer.py] => No NME accuracy.
2026-06-03 13:12:59,440 [trainer.py] => CNN: {'total': 52.46, '00-149': 50.47, '150-154': 62.0, '155-159': 25.0, '160-164': 48.0, '165-169': 41.0, '170-174': 45.0, '175-179': 55.56, '180-184': 61.62, '185-189': 61.62, '190-194': 61.0, '195-199': 58.0, '200-204': 89.0, '205-209': 61.0, '210-214': 63.0, '215-219': 62.63, 'old': 52.23, 'new': 62.63}
2026-06-03 13:12:59,440 [trainer.py] => CNN top1 curve: [86.59, 82.72, 79.56, 77.11, 73.33, 64.81, 68.15, 69.9, 66.49, 63.91, 58.47, 56.96, 56.79, 53.6, 52.46]
2026-06-03 13:12:59,440 [trainer.py] => CNN top5 curve: [97.49, 97.09, 95.61, 95.41, 94.57, 90.52, 91.89, 91.21, 90.23, 88.42, 85.5, 83.02, 82.06, 80.8, 78.84]
2026-06-03 13:12:59,440 [trainer.py] => Average Accuracy (CNN): 67.39
2026-06-03 13:12:59,441 [trainer.py] => All params: 85967836
2026-06-03 13:12:59,443 [trainer.py] => Trainable params: 85967836
2026-06-03 13:12:59,448 [finetune.py] => Learning on 220-225
2026-06-03 13:21:33,129 [finetune.py] => Task 15, Epoch 20/20 => Loss 0.011, Train_accy 69.27
2026-06-03 13:21:56,184 [trainer.py] => Timing Task 15 => Train 513.69s, Epochs 20, Train 25.6844s/epoch, Inference 23.05s, Images 4486, Inference 5.1389ms/image
2026-06-03 13:21:56,185 [trainer.py] => No NME accuracy.
2026-06-03 13:21:56,185 [trainer.py] => CNN: {'total': 51.6, '00-149': 49.87, '150-154': 67.0, '155-159': 14.0, '160-164': 54.0, '165-169': 37.0, '170-174': 45.0, '175-179': 41.41, '180-184': 61.62, '185-189': 60.61, '190-194': 60.0, '195-199': 55.0, '200-204': 86.0, '205-209': 58.0, '210-214': 61.0, '215-219': 56.57, '220-224': 69.0, 'old': 51.21, 'new': 69.0}
2026-06-03 13:21:56,185 [trainer.py] => CNN top1 curve: [86.59, 82.72, 79.56, 77.11, 73.33, 64.81, 68.15, 69.9, 66.49, 63.91, 58.47, 56.96, 56.79, 53.6, 52.46, 51.6]
2026-06-03 13:21:56,185 [trainer.py] => CNN top5 curve: [97.49, 97.09, 95.61, 95.41, 94.57, 90.52, 91.89, 91.21, 90.23, 88.42, 85.5, 83.02, 82.06, 80.8, 78.84, 79.51]
2026-06-03 13:21:56,185 [trainer.py] => Average Accuracy (CNN): 66.4
2026-06-03 13:21:56,187 [trainer.py] => All params: 85971681
2026-06-03 13:21:56,188 [trainer.py] => Trainable params: 85971681
2026-06-03 13:21:56,193 [finetune.py] => Learning on 225-230
2026-06-03 13:30:00,133 [finetune.py] => Task 16, Epoch 20/20 => Loss 0.020, Train_accy 54.10
2026-06-03 13:30:24,415 [trainer.py] => Timing Task 16 => Train 483.95s, Epochs 20, Train 24.1973s/epoch, Inference 24.28s, Images 4586, Inference 5.2946ms/image
2026-06-03 13:30:24,416 [trainer.py] => No NME accuracy.
2026-06-03 13:30:24,416 [trainer.py] => CNN: {'total': 49.0, '00-149': 45.75, '150-154': 60.0, '155-159': 24.0, '160-164': 53.0, '165-169': 47.0, '170-174': 49.0, '175-179': 43.43, '180-184': 59.6, '185-189': 58.59, '190-194': 56.0, '195-199': 55.0, '200-204': 87.0, '205-209': 54.0, '210-214': 65.0, '215-219': 48.48, '220-224': 69.0, '225-229': 52.0, 'old': 48.93, 'new': 52.0}
2026-06-03 13:30:24,416 [trainer.py] => CNN top1 curve: [86.59, 82.72, 79.56, 77.11, 73.33, 64.81, 68.15, 69.9, 66.49, 63.91, 58.47, 56.96, 56.79, 53.6, 52.46, 51.6, 49.0]
2026-06-03 13:30:24,416 [trainer.py] => CNN top5 curve: [97.49, 97.09, 95.61, 95.41, 94.57, 90.52, 91.89, 91.21, 90.23, 88.42, 85.5, 83.02, 82.06, 80.8, 78.84, 79.51, 80.31]
2026-06-03 13:30:24,416 [trainer.py] => Average Accuracy (CNN): 65.38
2026-06-03 13:30:24,418 [trainer.py] => All params: 85975526
2026-06-03 13:30:24,419 [trainer.py] => Trainable params: 85975526
2026-06-03 13:30:24,424 [finetune.py] => Learning on 230-235
2026-06-03 13:39:07,542 [finetune.py] => Task 17, Epoch 20/20 => Loss 0.027, Train_accy 65.24
2026-06-03 13:39:31,507 [trainer.py] => Timing Task 17 => Train 523.12s, Epochs 20, Train 26.1562s/epoch, Inference 23.96s, Images 4686, Inference 5.1138ms/image
2026-06-03 13:39:31,507 [trainer.py] => No NME accuracy.
2026-06-03 13:39:31,508 [trainer.py] => CNN: {'total': 48.83, '00-149': 46.15, '150-154': 58.0, '155-159': 18.0, '160-164': 52.0, '165-169': 46.0, '170-174': 50.0, '175-179': 31.31, '180-184': 59.6, '185-189': 52.53, '190-194': 56.0, '195-199': 54.0, '200-204': 79.0, '205-209': 55.0, '210-214': 62.0, '215-219': 46.46, '220-224': 70.0, '225-229': 56.0, '230-234': 64.0, 'old': 48.5, 'new': 64.0}
2026-06-03 13:39:31,508 [trainer.py] => CNN top1 curve: [86.59, 82.72, 79.56, 77.11, 73.33, 64.81, 68.15, 69.9, 66.49, 63.91, 58.47, 56.96, 56.79, 53.6, 52.46, 51.6, 49.0, 48.83]
2026-06-03 13:39:31,508 [trainer.py] => CNN top5 curve: [97.49, 97.09, 95.61, 95.41, 94.57, 90.52, 91.89, 91.21, 90.23, 88.42, 85.5, 83.02, 82.06, 80.8, 78.84, 79.51, 80.31, 80.37]
2026-06-03 13:39:31,508 [trainer.py] => Average Accuracy (CNN): 64.46
2026-06-03 13:39:31,509 [trainer.py] => All params: 85979371
2026-06-03 13:39:31,511 [trainer.py] => Trainable params: 85979371
2026-06-03 13:39:31,515 [finetune.py] => Learning on 235-240
2026-06-03 13:48:17,124 [finetune.py] => Task 18, Epoch 20/20 => Loss 0.044, Train_accy 79.35
2026-06-03 13:48:42,296 [trainer.py] => Timing Task 18 => Train 525.62s, Epochs 20, Train 26.2808s/epoch, Inference 25.17s, Images 4786, Inference 5.2589ms/image
2026-06-03 13:48:42,297 [trainer.py] => No NME accuracy.
2026-06-03 13:48:42,297 [trainer.py] => CNN: {'total': 50.36, '00-149': 49.43, '150-154': 58.0, '155-159': 17.0, '160-164': 46.0, '165-169': 41.0, '170-174': 50.0, '175-179': 37.37, '180-184': 55.56, '185-189': 50.51, '190-194': 49.0, '195-199': 56.0, '200-204': 78.0, '205-209': 54.0, '210-214': 41.0, '215-219': 37.37, '220-224': 66.0, '225-229': 57.0, '230-234': 62.0, '235-239': 78.0, 'old': 49.77, 'new': 78.0}
2026-06-03 13:48:42,297 [trainer.py] => CNN top1 curve: [86.59, 82.72, 79.56, 77.11, 73.33, 64.81, 68.15, 69.9, 66.49, 63.91, 58.47, 56.96, 56.79, 53.6, 52.46, 51.6, 49.0, 48.83, 50.36]
2026-06-03 13:48:42,297 [trainer.py] => CNN top5 curve: [97.49, 97.09, 95.61, 95.41, 94.57, 90.52, 91.89, 91.21, 90.23, 88.42, 85.5, 83.02, 82.06, 80.8, 78.84, 79.51, 80.31, 80.37, 82.62]
2026-06-03 13:48:42,297 [trainer.py] => Average Accuracy (CNN): 63.72
2026-06-03 13:48:42,299 [trainer.py] => All params: 85983216
2026-06-03 13:48:42,300 [trainer.py] => Trainable params: 85983216
2026-06-03 13:48:42,305 [finetune.py] => Learning on 240-245
2026-06-03 13:57:19,378 [finetune.py] => Task 19, Epoch 20/20 => Loss 0.009, Train_accy 97.58
2026-06-03 13:57:45,002 [trainer.py] => Timing Task 19 => Train 517.08s, Epochs 20, Train 25.8540s/epoch, Inference 25.62s, Images 4886, Inference 5.2441ms/image
2026-06-03 13:57:45,002 [trainer.py] => No NME accuracy.
2026-06-03 13:57:45,002 [trainer.py] => CNN: {'total': 39.19, '00-149': 37.36, '150-154': 46.0, '155-159': 11.0, '160-164': 10.0, '165-169': 23.0, '170-174': 41.0, '175-179': 41.41, '180-184': 61.62, '185-189': 27.27, '190-194': 54.0, '195-199': 50.0, '200-204': 59.0, '205-209': 39.0, '210-214': 32.0, '215-219': 35.35, '220-224': 30.0, '225-229': 33.0, '230-234': 52.0, '235-239': 56.0, '240-244': 98.0, 'old': 37.96, 'new': 98.0}
2026-06-03 13:57:45,002 [trainer.py] => CNN top1 curve: [86.59, 82.72, 79.56, 77.11, 73.33, 64.81, 68.15, 69.9, 66.49, 63.91, 58.47, 56.96, 56.79, 53.6, 52.46, 51.6, 49.0, 48.83, 50.36, 39.19]
2026-06-03 13:57:45,003 [trainer.py] => CNN top5 curve: [97.49, 97.09, 95.61, 95.41, 94.57, 90.52, 91.89, 91.21, 90.23, 88.42, 85.5, 83.02, 82.06, 80.8, 78.84, 79.51, 80.31, 80.37, 82.62, 74.99]
2026-06-03 13:57:45,003 [trainer.py] => Average Accuracy (CNN): 62.49
2026-06-03 13:57:45,003 [trainer.py] => All params: 85987061
2026-06-03 13:57:45,004 [trainer.py] => Trainable params: 85987061
2026-06-03 13:57:45,009 [finetune.py] => Learning on 245-250
2026-06-03 14:06:22,320 [finetune.py] => Task 20, Epoch 20/20 => Loss 0.022, Train_accy 67.96
2026-06-03 14:06:47,913 [trainer.py] => Timing Task 20 => Train 517.32s, Epochs 20, Train 25.8659s/epoch, Inference 25.59s, Images 4986, Inference 5.1325ms/image
2026-06-03 14:06:47,913 [trainer.py] => No NME accuracy.
2026-06-03 14:06:47,914 [trainer.py] => CNN: {'total': 41.28, '00-149': 38.86, '150-154': 54.0, '155-159': 15.0, '160-164': 14.0, '165-169': 27.0, '170-174': 38.0, '175-179': 29.29, '180-184': 61.62, '185-189': 24.24, '190-194': 50.0, '195-199': 49.0, '200-204': 61.0, '205-209': 49.0, '210-214': 32.0, '215-219': 40.4, '220-224': 51.0, '225-229': 39.0, '230-234': 50.0, '235-239': 52.0, '240-244': 89.0, '245-249': 72.0, 'old': 40.65, 'new': 72.0}
2026-06-03 14:06:47,914 [trainer.py] => CNN top1 curve: [86.59, 82.72, 79.56, 77.11, 73.33, 64.81, 68.15, 69.9, 66.49, 63.91, 58.47, 56.96, 56.79, 53.6, 52.46, 51.6, 49.0, 48.83, 50.36, 39.19, 41.28]
2026-06-03 14:06:47,914 [trainer.py] => CNN top5 curve: [97.49, 97.09, 95.61, 95.41, 94.57, 90.52, 91.89, 91.21, 90.23, 88.42, 85.5, 83.02, 82.06, 80.8, 78.84, 79.51, 80.31, 80.37, 82.62, 74.99, 78.1]
2026-06-03 14:06:47,914 [trainer.py] => Average Accuracy (CNN): 61.48
2026-06-03 14:06:47,915 [trainer.py] => All params: 85990906
2026-06-03 14:06:47,916 [trainer.py] => Trainable params: 85990906
2026-06-03 14:06:47,921 [finetune.py] => Learning on 250-255
2026-06-03 14:15:22,279 [finetune.py] => Task 21, Epoch 20/20 => Loss 0.002, Train_accy 78.88
2026-06-03 14:15:48,368 [trainer.py] => Timing Task 21 => Train 514.36s, Epochs 20, Train 25.7182s/epoch, Inference 26.09s, Images 5086, Inference 5.1292ms/image
2026-06-03 14:15:48,368 [trainer.py] => No NME accuracy.
2026-06-03 14:15:48,369 [trainer.py] => CNN: {'total': 39.36, '00-149': 36.15, '150-154': 48.0, '155-159': 15.0, '160-164': 19.0, '165-169': 25.0, '170-174': 27.0, '175-179': 26.26, '180-184': 65.66, '185-189': 21.21, '190-194': 52.0, '195-199': 48.0, '200-204': 63.0, '205-209': 21.0, '210-214': 31.0, '215-219': 44.44, '220-224': 42.0, '225-229': 36.0, '230-234': 52.0, '235-239': 38.0, '240-244': 92.0, '245-249': 77.0, '250-254': 79.0, 'old': 38.57, 'new': 79.0}
2026-06-03 14:15:48,369 [trainer.py] => CNN top1 curve: [86.59, 82.72, 79.56, 77.11, 73.33, 64.81, 68.15, 69.9, 66.49, 63.91, 58.47, 56.96, 56.79, 53.6, 52.46, 51.6, 49.0, 48.83, 50.36, 39.19, 41.28, 39.36]
2026-06-03 14:15:48,369 [trainer.py] => CNN top5 curve: [97.49, 97.09, 95.61, 95.41, 94.57, 90.52, 91.89, 91.21, 90.23, 88.42, 85.5, 83.02, 82.06, 80.8, 78.84, 79.51, 80.31, 80.37, 82.62, 74.99, 78.1, 74.2]
2026-06-03 14:15:48,369 [trainer.py] => Average Accuracy (CNN): 60.48
2026-06-03 14:15:48,369 [trainer.py] => All params: 85994751
2026-06-03 14:15:48,370 [trainer.py] => Trainable params: 85994751
2026-06-03 14:15:48,373 [finetune.py] => Learning on 255-260
2026-06-03 14:24:45,671 [finetune.py] => Task 22, Epoch 20/20 => Loss 0.047, Train_accy 51.03
2026-06-03 14:25:12,024 [trainer.py] => Timing Task 22 => Train 537.30s, Epochs 20, Train 26.8652s/epoch, Inference 26.35s, Images 5185, Inference 5.0822ms/image
2026-06-03 14:25:12,025 [trainer.py] => No NME accuracy.
2026-06-03 14:25:12,025 [trainer.py] => CNN: {'total': 41.0, '00-149': 38.93, '150-154': 42.0, '155-159': 15.0, '160-164': 14.0, '165-169': 27.0, '170-174': 34.0, '175-179': 31.31, '180-184': 60.61, '185-189': 22.22, '190-194': 45.0, '195-199': 52.0, '200-204': 62.0, '205-209': 22.0, '210-214': 33.0, '215-219': 41.41, '220-224': 42.0, '225-229': 45.0, '230-234': 55.0, '235-239': 40.0, '240-244': 89.0, '245-249': 68.0, '250-254': 69.0, '255-259': 54.55, 'old': 40.74, 'new': 54.55}
2026-06-03 14:25:12,025 [trainer.py] => CNN top1 curve: [86.59, 82.72, 79.56, 77.11, 73.33, 64.81, 68.15, 69.9, 66.49, 63.91, 58.47, 56.96, 56.79, 53.6, 52.46, 51.6, 49.0, 48.83, 50.36, 39.19, 41.28, 39.36, 41.0]
2026-06-03 14:25:12,026 [trainer.py] => CNN top5 curve: [97.49, 97.09, 95.61, 95.41, 94.57, 90.52, 91.89, 91.21, 90.23, 88.42, 85.5, 83.02, 82.06, 80.8, 78.84, 79.51, 80.31, 80.37, 82.62, 74.99, 78.1, 74.2, 76.88]
2026-06-03 14:25:12,026 [trainer.py] => Average Accuracy (CNN): 59.63
2026-06-03 14:25:12,027 [trainer.py] => All params: 85998596
2026-06-03 14:25:12,029 [trainer.py] => Trainable params: 85998596
2026-06-03 14:25:12,034 [finetune.py] => Learning on 260-265
2026-06-03 14:33:47,463 [finetune.py] => Task 23, Epoch 20/20 => Loss 0.043, Train_accy 66.42
2026-06-03 14:34:15,158 [trainer.py] => Timing Task 23 => Train 515.44s, Epochs 20, Train 25.7718s/epoch, Inference 27.69s, Images 5285, Inference 5.2399ms/image
2026-06-03 14:34:15,158 [trainer.py] => No NME accuracy.
2026-06-03 14:34:15,158 [trainer.py] => CNN: {'total': 43.39, '00-149': 41.47, '150-154': 52.0, '155-159': 15.0, '160-164': 19.0, '165-169': 26.0, '170-174': 29.0, '175-179': 26.26, '180-184': 60.61, '185-189': 22.22, '190-194': 46.0, '195-199': 55.0, '200-204': 62.0, '205-209': 31.0, '210-214': 36.0, '215-219': 38.38, '220-224': 45.0, '225-229': 41.0, '230-234': 63.0, '235-239': 36.0, '240-244': 95.0, '245-249': 69.0, '250-254': 65.0, '255-259': 48.48, '260-264': 74.0, 'old': 42.8, 'new': 74.0}
2026-06-03 14:34:15,158 [trainer.py] => CNN top1 curve: [86.59, 82.72, 79.56, 77.11, 73.33, 64.81, 68.15, 69.9, 66.49, 63.91, 58.47, 56.96, 56.79, 53.6, 52.46, 51.6, 49.0, 48.83, 50.36, 39.19, 41.28, 39.36, 41.0, 43.39]
2026-06-03 14:34:15,158 [trainer.py] => CNN top5 curve: [97.49, 97.09, 95.61, 95.41, 94.57, 90.52, 91.89, 91.21, 90.23, 88.42, 85.5, 83.02, 82.06, 80.8, 78.84, 79.51, 80.31, 80.37, 82.62, 74.99, 78.1, 74.2, 76.88, 79.0]
2026-06-03 14:34:15,159 [trainer.py] => Average Accuracy (CNN): 58.95
2026-06-03 14:34:15,160 [trainer.py] => All params: 86002441
2026-06-03 14:34:15,161 [trainer.py] => Trainable params: 86002441
2026-06-03 14:34:15,166 [finetune.py] => Learning on 265-270
2026-06-03 14:42:52,609 [finetune.py] => Task 24, Epoch 20/20 => Loss 0.064, Train_accy 79.91
2026-06-03 14:43:21,150 [trainer.py] => Timing Task 24 => Train 517.45s, Epochs 20, Train 25.8725s/epoch, Inference 28.54s, Images 5385, Inference 5.2997ms/image
2026-06-03 14:43:21,150 [trainer.py] => No NME accuracy.
2026-06-03 14:43:21,150 [trainer.py] => CNN: {'total': 44.59, '00-149': 43.65, '150-154': 55.0, '155-159': 14.0, '160-164': 24.0, '165-169': 27.0, '170-174': 27.0, '175-179': 31.31, '180-184': 41.41, '185-189': 25.25, '190-194': 41.0, '195-199': 56.0, '200-204': 62.0, '205-209': 24.0, '210-214': 33.0, '215-219': 35.35, '220-224': 48.0, '225-229': 39.0, '230-234': 49.0, '235-239': 40.0, '240-244': 95.0, '245-249': 78.0, '250-254': 61.0, '255-259': 43.43, '260-264': 67.0, '265-269': 81.0, 'old': 43.9, 'new': 81.0}
2026-06-03 14:43:21,150 [trainer.py] => CNN top1 curve: [86.59, 82.72, 79.56, 77.11, 73.33, 64.81, 68.15, 69.9, 66.49, 63.91, 58.47, 56.96, 56.79, 53.6, 52.46, 51.6, 49.0, 48.83, 50.36, 39.19, 41.28, 39.36, 41.0, 43.39, 44.59]
2026-06-03 14:43:21,151 [trainer.py] => CNN top5 curve: [97.49, 97.09, 95.61, 95.41, 94.57, 90.52, 91.89, 91.21, 90.23, 88.42, 85.5, 83.02, 82.06, 80.8, 78.84, 79.51, 80.31, 80.37, 82.62, 74.99, 78.1, 74.2, 76.88, 79.0, 79.02]
2026-06-03 14:43:21,151 [trainer.py] => Average Accuracy (CNN): 58.38
2026-06-03 14:43:21,152 [trainer.py] => All params: 86006286
2026-06-03 14:43:21,153 [trainer.py] => Trainable params: 86006286
2026-06-03 14:43:21,159 [finetune.py] => Learning on 270-275
2026-06-03 14:51:49,158 [finetune.py] => Task 25, Epoch 20/20 => Loss 0.035, Train_accy 61.25
2026-06-03 14:52:17,829 [trainer.py] => Timing Task 25 => Train 508.01s, Epochs 20, Train 25.4003s/epoch, Inference 28.67s, Images 5485, Inference 5.2267ms/image
2026-06-03 14:52:17,829 [trainer.py] => No NME accuracy.
2026-06-03 14:52:17,829 [trainer.py] => CNN: {'total': 43.65, '00-149': 42.91, '150-154': 48.0, '155-159': 13.0, '160-164': 20.0, '165-169': 28.0, '170-174': 23.0, '175-179': 36.36, '180-184': 43.43, '185-189': 19.19, '190-194': 38.0, '195-199': 51.0, '200-204': 63.0, '205-209': 22.0, '210-214': 30.0, '215-219': 39.39, '220-224': 42.0, '225-229': 46.0, '230-234': 40.0, '235-239': 45.0, '240-244': 90.0, '245-249': 81.0, '250-254': 60.0, '255-259': 28.28, '260-264': 65.0, '265-269': 75.0, '270-274': 66.0, 'old': 43.23, 'new': 66.0}
2026-06-03 14:52:17,830 [trainer.py] => CNN top1 curve: [86.59, 82.72, 79.56, 77.11, 73.33, 64.81, 68.15, 69.9, 66.49, 63.91, 58.47, 56.96, 56.79, 53.6, 52.46, 51.6, 49.0, 48.83, 50.36, 39.19, 41.28, 39.36, 41.0, 43.39, 44.59, 43.65]
2026-06-03 14:52:17,830 [trainer.py] => CNN top5 curve: [97.49, 97.09, 95.61, 95.41, 94.57, 90.52, 91.89, 91.21, 90.23, 88.42, 85.5, 83.02, 82.06, 80.8, 78.84, 79.51, 80.31, 80.37, 82.62, 74.99, 78.1, 74.2, 76.88, 79.0, 79.02, 76.21]
2026-06-03 14:52:17,830 [trainer.py] => Average Accuracy (CNN): 57.81
2026-06-03 14:52:17,831 [trainer.py] => All params: 86010131
2026-06-03 14:52:17,832 [trainer.py] => Trainable params: 86010131
2026-06-03 14:52:17,836 [finetune.py] => Learning on 275-280
2026-06-03 15:00:46,355 [finetune.py] => Task 26, Epoch 20/20 => Loss 0.031, Train_accy 91.28
2026-06-03 15:01:15,291 [trainer.py] => Timing Task 26 => Train 508.53s, Epochs 20, Train 25.4263s/epoch, Inference 28.93s, Images 5585, Inference 5.1806ms/image
2026-06-03 15:01:15,292 [trainer.py] => No NME accuracy.
2026-06-03 15:01:15,292 [trainer.py] => CNN: {'total': 38.85, '00-149': 36.82, '150-154': 51.0, '155-159': 7.0, '160-164': 20.0, '165-169': 25.0, '170-174': 24.0, '175-179': 19.19, '180-184': 27.27, '185-189': 22.22, '190-194': 37.0, '195-199': 43.0, '200-204': 55.0, '205-209': 26.0, '210-214': 34.0, '215-219': 37.37, '220-224': 38.0, '225-229': 33.0, '230-234': 35.0, '235-239': 24.0, '240-244': 91.0, '245-249': 58.0, '250-254': 58.0, '255-259': 28.28, '260-264': 53.0, '265-269': 72.0, '270-274': 58.0, '275-279': 94.0, 'old': 37.85, 'new': 94.0}
2026-06-03 15:01:15,292 [trainer.py] => CNN top1 curve: [86.59, 82.72, 79.56, 77.11, 73.33, 64.81, 68.15, 69.9, 66.49, 63.91, 58.47, 56.96, 56.79, 53.6, 52.46, 51.6, 49.0, 48.83, 50.36, 39.19, 41.28, 39.36, 41.0, 43.39, 44.59, 43.65, 38.85]
2026-06-03 15:01:15,292 [trainer.py] => CNN top5 curve: [97.49, 97.09, 95.61, 95.41, 94.57, 90.52, 91.89, 91.21, 90.23, 88.42, 85.5, 83.02, 82.06, 80.8, 78.84, 79.51, 80.31, 80.37, 82.62, 74.99, 78.1, 74.2, 76.88, 79.0, 79.02, 76.21, 74.13]
2026-06-03 15:01:15,292 [trainer.py] => Average Accuracy (CNN): 57.11
2026-06-03 15:01:15,293 [trainer.py] => All params: 86013976
2026-06-03 15:01:15,294 [trainer.py] => Trainable params: 86013976
2026-06-03 15:01:15,300 [finetune.py] => Learning on 280-285
2026-06-03 15:09:52,604 [finetune.py] => Task 27, Epoch 20/20 => Loss 0.036, Train_accy 73.68
2026-06-03 15:10:22,498 [trainer.py] => Timing Task 27 => Train 517.31s, Epochs 20, Train 25.8655s/epoch, Inference 29.89s, Images 5685, Inference 5.2582ms/image
2026-06-03 15:10:22,498 [trainer.py] => No NME accuracy.
2026-06-03 15:10:22,498 [trainer.py] => CNN: {'total': 37.19, '00-149': 33.88, '150-154': 47.0, '155-159': 5.0, '160-164': 25.0, '165-169': 14.0, '170-174': 37.0, '175-179': 16.16, '180-184': 35.35, '185-189': 18.18, '190-194': 38.0, '195-199': 46.0, '200-204': 58.0, '205-209': 25.0, '210-214': 37.0, '215-219': 21.21, '220-224': 37.0, '225-229': 29.0, '230-234': 37.0, '235-239': 19.0, '240-244': 88.0, '245-249': 49.0, '250-254': 57.0, '255-259': 29.29, '260-264': 48.0, '265-269': 65.0, '270-274': 61.0, '275-279': 85.0, '280-284': 75.0, 'old': 36.51, 'new': 75.0}
2026-06-03 15:10:22,498 [trainer.py] => CNN top1 curve: [86.59, 82.72, 79.56, 77.11, 73.33, 64.81, 68.15, 69.9, 66.49, 63.91, 58.47, 56.96, 56.79, 53.6, 52.46, 51.6, 49.0, 48.83, 50.36, 39.19, 41.28, 39.36, 41.0, 43.39, 44.59, 43.65, 38.85, 37.19]
2026-06-03 15:10:22,498 [trainer.py] => CNN top5 curve: [97.49, 97.09, 95.61, 95.41, 94.57, 90.52, 91.89, 91.21, 90.23, 88.42, 85.5, 83.02, 82.06, 80.8, 78.84, 79.51, 80.31, 80.37, 82.62, 74.99, 78.1, 74.2, 76.88, 79.0, 79.02, 76.21, 74.13, 72.0]
2026-06-03 15:10:22,498 [trainer.py] => Average Accuracy (CNN): 56.4
2026-06-03 15:10:22,500 [trainer.py] => All params: 86017821
2026-06-03 15:10:22,501 [trainer.py] => Trainable params: 86017821
2026-06-03 15:10:22,507 [finetune.py] => Learning on 285-290
2026-06-03 15:19:05,136 [finetune.py] => Task 28, Epoch 20/20 => Loss 0.034, Train_accy 71.88
2026-06-03 15:19:35,645 [trainer.py] => Timing Task 28 => Train 522.64s, Epochs 20, Train 26.1319s/epoch, Inference 30.51s, Images 5785, Inference 5.2734ms/image
2026-06-03 15:19:35,646 [trainer.py] => No NME accuracy.
2026-06-03 15:19:35,646 [trainer.py] => CNN: {'total': 39.53, '00-149': 36.96, '150-154': 60.0, '155-159': 4.0, '160-164': 29.0, '165-169': 18.0, '170-174': 38.0, '175-179': 16.16, '180-184': 36.36, '185-189': 19.19, '190-194': 35.0, '195-199': 47.0, '200-204': 56.0, '205-209': 25.0, '210-214': 38.0, '215-219': 20.2, '220-224': 33.0, '225-229': 38.0, '230-234': 32.0, '235-239': 22.0, '240-244': 88.0, '245-249': 45.0, '250-254': 55.0, '255-259': 29.29, '260-264': 47.0, '265-269': 70.0, '270-274': 54.0, '275-279': 85.0, '280-284': 71.0, '285-289': 72.0, 'old': 38.96, 'new': 72.0}
2026-06-03 15:19:35,646 [trainer.py] => CNN top1 curve: [86.59, 82.72, 79.56, 77.11, 73.33, 64.81, 68.15, 69.9, 66.49, 63.91, 58.47, 56.96, 56.79, 53.6, 52.46, 51.6, 49.0, 48.83, 50.36, 39.19, 41.28, 39.36, 41.0, 43.39, 44.59, 43.65, 38.85, 37.19, 39.53]
2026-06-03 15:19:35,646 [trainer.py] => CNN top5 curve: [97.49, 97.09, 95.61, 95.41, 94.57, 90.52, 91.89, 91.21, 90.23, 88.42, 85.5, 83.02, 82.06, 80.8, 78.84, 79.51, 80.31, 80.37, 82.62, 74.99, 78.1, 74.2, 76.88, 79.0, 79.02, 76.21, 74.13, 72.0, 72.19]
2026-06-03 15:19:35,647 [trainer.py] => Average Accuracy (CNN): 55.82
2026-06-03 15:19:35,648 [trainer.py] => All params: 86021666
2026-06-03 15:19:35,649 [trainer.py] => Trainable params: 86021666
2026-06-03 15:19:35,655 [finetune.py] => Learning on 290-295
2026-06-03 15:28:42,000 [finetune.py] => Task 29, Epoch 20/20 => Loss 0.036, Train_accy 51.94
2026-06-03 15:29:12,604 [trainer.py] => Timing Task 29 => Train 546.35s, Epochs 20, Train 27.3176s/epoch, Inference 30.60s, Images 5885, Inference 5.1999ms/image
2026-06-03 15:29:12,604 [trainer.py] => No NME accuracy.
2026-06-03 15:29:12,604 [trainer.py] => CNN: {'total': 38.3, '00-149': 36.62, '150-154': 56.0, '155-159': 5.0, '160-164': 22.0, '165-169': 25.0, '170-174': 35.0, '175-179': 19.19, '180-184': 32.32, '185-189': 12.12, '190-194': 36.0, '195-199': 35.0, '200-204': 57.0, '205-209': 25.0, '210-214': 27.0, '215-219': 22.22, '220-224': 33.0, '225-229': 33.0, '230-234': 27.0, '235-239': 17.0, '240-244': 94.0, '245-249': 42.0, '250-254': 61.0, '255-259': 22.22, '260-264': 37.0, '265-269': 63.0, '270-274': 51.0, '275-279': 79.0, '280-284': 72.0, '285-289': 69.0, '290-294': 51.0, 'old': 38.08, 'new': 51.0}
2026-06-03 15:29:12,604 [trainer.py] => CNN top1 curve: [86.59, 82.72, 79.56, 77.11, 73.33, 64.81, 68.15, 69.9, 66.49, 63.91, 58.47, 56.96, 56.79, 53.6, 52.46, 51.6, 49.0, 48.83, 50.36, 39.19, 41.28, 39.36, 41.0, 43.39, 44.59, 43.65, 38.85, 37.19, 39.53, 38.3]
2026-06-03 15:29:12,604 [trainer.py] => CNN top5 curve: [97.49, 97.09, 95.61, 95.41, 94.57, 90.52, 91.89, 91.21, 90.23, 88.42, 85.5, 83.02, 82.06, 80.8, 78.84, 79.51, 80.31, 80.37, 82.62, 74.99, 78.1, 74.2, 76.88, 79.0, 79.02, 76.21, 74.13, 72.0, 72.19, 70.88]
2026-06-03 15:29:12,605 [trainer.py] => Average Accuracy (CNN): 55.23
2026-06-03 15:29:12,606 [trainer.py] => All params: 86025511
2026-06-03 15:29:12,607 [trainer.py] => Trainable params: 86025511
2026-06-03 15:29:12,612 [finetune.py] => Learning on 295-300
2026-06-03 15:37:46,630 [finetune.py] => Task 30, Epoch 20/20 => Loss 0.019, Train_accy 78.60
2026-06-03 15:38:18,358 [trainer.py] => Timing Task 30 => Train 514.02s, Epochs 20, Train 25.7012s/epoch, Inference 31.73s, Images 5985, Inference 5.3010ms/image
2026-06-03 15:38:18,359 [trainer.py] => No NME accuracy.
2026-06-03 15:38:18,359 [trainer.py] => CNN: {'total': 37.94, '00-149': 35.85, '150-154': 46.0, '155-159': 2.0, '160-164': 14.0, '165-169': 27.0, '170-174': 29.0, '175-179': 36.36, '180-184': 36.36, '185-189': 9.09, '190-194': 38.0, '195-199': 37.0, '200-204': 59.0, '205-209': 17.0, '210-214': 32.0, '215-219': 23.23, '220-224': 36.0, '225-229': 34.0, '230-234': 30.0, '235-239': 14.0, '240-244': 92.0, '245-249': 46.0, '250-254': 45.0, '255-259': 22.22, '260-264': 35.0, '265-269': 63.0, '270-274': 34.0, '275-279': 78.0, '280-284': 68.0, '285-289': 66.0, '290-294': 50.0, '295-299': 81.0, 'old': 37.21, 'new': 81.0}
2026-06-03 15:38:18,359 [trainer.py] => CNN top1 curve: [86.59, 82.72, 79.56, 77.11, 73.33, 64.81, 68.15, 69.9, 66.49, 63.91, 58.47, 56.96, 56.79, 53.6, 52.46, 51.6, 49.0, 48.83, 50.36, 39.19, 41.28, 39.36, 41.0, 43.39, 44.59, 43.65, 38.85, 37.19, 39.53, 38.3, 37.94]
2026-06-03 15:38:18,359 [trainer.py] => CNN top5 curve: [97.49, 97.09, 95.61, 95.41, 94.57, 90.52, 91.89, 91.21, 90.23, 88.42, 85.5, 83.02, 82.06, 80.8, 78.84, 79.51, 80.31, 80.37, 82.62, 74.99, 78.1, 74.2, 76.88, 79.0, 79.02, 76.21, 74.13, 72.0, 72.19, 70.88, 68.27]
2026-06-03 15:38:18,359 [trainer.py] => Average Accuracy (CNN): 54.67
