2026-06-04 06:44:40,098 [trainer.py] => config: ./configs/finetune/finetune_omn_B150_Inc10.json
2026-06-04 06:44:40,099 [trainer.py] => prefix: reproduce
2026-06-04 06:44:40,099 [trainer.py] => dataset: omnibenchmark
2026-06-04 06:44:40,099 [trainer.py] => memory_size: 0
2026-06-04 06:44:40,099 [trainer.py] => memory_per_class: 0
2026-06-04 06:44:40,099 [trainer.py] => fixed_memory: False
2026-06-04 06:44:40,099 [trainer.py] => shuffle: True
2026-06-04 06:44:40,099 [trainer.py] => init_cls: 150
2026-06-04 06:44:40,099 [trainer.py] => increment: 10
2026-06-04 06:44:40,099 [trainer.py] => model_name: finetune
2026-06-04 06:44:40,099 [trainer.py] => backbone_type: vit_base_patch16_224_in21k
2026-06-04 06:44:40,099 [trainer.py] => device: [device(type='cuda', index=6)]
2026-06-04 06:44:40,099 [trainer.py] => seed: 42
2026-06-04 06:44:40,099 [trainer.py] => init_epoch: 20
2026-06-04 06:44:40,100 [trainer.py] => init_lr: 0.001
2026-06-04 06:44:40,100 [trainer.py] => init_milestones: [60, 120, 170]
2026-06-04 06:44:40,100 [trainer.py] => init_lr_decay: 0.1
2026-06-04 06:44:40,100 [trainer.py] => init_weight_decay: 0.0005
2026-06-04 06:44:40,100 [trainer.py] => epochs: 20
2026-06-04 06:44:40,100 [trainer.py] => lrate: 0.001
2026-06-04 06:44:40,100 [trainer.py] => milestones: [40, 70]
2026-06-04 06:44:40,100 [trainer.py] => lrate_decay: 0.1
2026-06-04 06:44:40,100 [trainer.py] => batch_size: 48
2026-06-04 06:44:40,100 [trainer.py] => weight_decay: 0.0002
2026-06-04 06:44:40,361 [data_manager.py] => [203, 266, 152, 9, 233, 226, 196, 109, 5, 175, 237, 57, 218, 45, 182, 221, 289, 211, 148, 165, 78, 113, 249, 250, 104, 42, 281, 295, 157, 238, 17, 164, 33, 24, 215, 119, 7, 90, 46, 73, 93, 76, 286, 60, 77, 63, 234, 229, 111, 231, 180, 144, 239, 75, 297, 278, 97, 92, 192, 25, 232, 59, 6, 185, 173, 30, 22, 256, 56, 186, 108, 126, 230, 193, 129, 282, 82, 84, 66, 288, 163, 154, 19, 124, 79, 114, 118, 72, 15, 10, 194, 101, 68, 224, 37, 16, 179, 147, 274, 67, 228, 69, 31, 183, 265, 225, 140, 18, 181, 96, 132, 262, 86, 248, 245, 116, 146, 292, 197, 206, 55, 172, 184, 167, 139, 253, 38, 125, 195, 283, 137, 112, 168, 117, 277, 271, 155, 176, 178, 2, 115, 143, 177, 120, 210, 260, 127, 74, 29, 83, 269, 107, 223, 158, 280, 246, 222, 65, 198, 85, 213, 159, 12, 35, 28, 142, 284, 254, 170, 51, 95, 208, 247, 41, 89, 244, 136, 26, 293, 141, 200, 0, 268, 272, 100, 259, 255, 171, 98, 36, 61, 150, 236, 202, 242, 11, 296, 267, 27, 219, 4, 122, 32, 204, 162, 209, 285, 138, 62, 135, 128, 290, 8, 70, 264, 64, 44, 279, 156, 40, 123, 275, 216, 153, 23, 261, 110, 81, 207, 212, 39, 240, 291, 258, 199, 14, 47, 94, 263, 227, 273, 201, 161, 43, 217, 145, 190, 220, 251, 3, 105, 53, 133, 1, 131, 103, 49, 80, 205, 34, 91, 52, 241, 13, 88, 166, 294, 134, 287, 243, 54, 50, 174, 189, 298, 187, 169, 58, 48, 235, 252, 21, 160, 276, 191, 257, 149, 130, 151, 99, 87, 214, 121, 299, 20, 188, 71, 106, 270, 102]
2026-06-04 06:44:45,192 [trainer.py] => All params: 85798656
2026-06-04 06:44:45,193 [trainer.py] => Trainable params: 85798656
2026-06-04 06:44:45,300 [finetune.py] => Learning on 0-150
2026-06-04 09:57:57,828 [finetune.py] => Task 0, Epoch 20/20 => Loss 0.324, Train_accy 90.55
2026-06-04 09:58:12,073 [trainer.py] => Timing Task 0 => Train 11592.53s, Epochs 20, Train 579.6266s/epoch, Inference 14.24s, Images 2990, Inference 4.7632ms/image
2026-06-04 09:58:12,073 [trainer.py] => No NME accuracy.
2026-06-04 09:58:12,073 [trainer.py] => CNN: {'total': 86.59, '00-149': 86.59, 'old': 0, 'new': 86.59}
2026-06-04 09:58:12,074 [trainer.py] => CNN top1 curve: [86.59]
2026-06-04 09:58:12,074 [trainer.py] => CNN top5 curve: [97.49]
2026-06-04 09:58:12,074 [trainer.py] => Average Accuracy (CNN): 86.59
2026-06-04 09:58:12,075 [trainer.py] => All params: 85914006
2026-06-04 09:58:12,076 [trainer.py] => Trainable params: 85914006
2026-06-04 09:58:12,079 [finetune.py] => Learning on 150-160
2026-06-04 10:12:05,416 [finetune.py] => Task 1, Epoch 20/20 => Loss 0.078, Train_accy 74.66
2026-06-04 10:12:22,747 [trainer.py] => Timing Task 1 => Train 833.34s, Epochs 20, Train 41.6671s/epoch, Inference 17.33s, Images 3190, Inference 5.4323ms/image
2026-06-04 10:12:22,747 [trainer.py] => No NME accuracy.
2026-06-04 10:12:22,747 [trainer.py] => CNN: {'total': 82.54, '00-149': 82.58, '150-159': 82.0, 'old': 82.58, 'new': 82.0}
2026-06-04 10:12:22,747 [trainer.py] => CNN top1 curve: [86.59, 82.54]
2026-06-04 10:12:22,747 [trainer.py] => CNN top5 curve: [97.49, 96.33]
2026-06-04 10:12:22,748 [trainer.py] => Average Accuracy (CNN): 84.56
2026-06-04 10:12:22,749 [trainer.py] => All params: 85921696
2026-06-04 10:12:22,750 [trainer.py] => Trainable params: 85921696
2026-06-04 10:12:22,756 [finetune.py] => Learning on 160-170
2026-06-04 10:26:25,891 [finetune.py] => Task 2, Epoch 20/20 => Loss 0.051, Train_accy 81.23
2026-06-04 10:26:45,038 [trainer.py] => Timing Task 2 => Train 843.14s, Epochs 20, Train 42.1571s/epoch, Inference 19.15s, Images 3390, Inference 5.6477ms/image
2026-06-04 10:26:45,039 [trainer.py] => No NME accuracy.
2026-06-04 10:26:45,039 [trainer.py] => CNN: {'total': 79.06, '00-149': 78.76, '150-159': 79.5, '160-169': 83.0, 'old': 78.81, 'new': 83.0}
2026-06-04 10:26:45,039 [trainer.py] => CNN top1 curve: [86.59, 82.54, 79.06]
2026-06-04 10:26:45,039 [trainer.py] => CNN top5 curve: [97.49, 96.33, 95.1]
2026-06-04 10:26:45,039 [trainer.py] => Average Accuracy (CNN): 82.73
2026-06-04 10:26:45,040 [trainer.py] => All params: 85929386
2026-06-04 10:26:45,041 [trainer.py] => Trainable params: 85929386
2026-06-04 10:26:45,045 [finetune.py] => Learning on 170-180
2026-06-04 10:41:22,088 [finetune.py] => Task 3, Epoch 20/20 => Loss 0.059, Train_accy 85.37
2026-06-04 10:41:39,552 [trainer.py] => Timing Task 3 => Train 877.05s, Epochs 20, Train 43.8525s/epoch, Inference 17.46s, Images 3589, Inference 4.8652ms/image
2026-06-04 10:41:39,552 [trainer.py] => No NME accuracy.
2026-06-04 10:41:39,552 [trainer.py] => CNN: {'total': 74.53, '00-149': 74.85, '150-159': 66.5, '160-169': 68.0, '170-179': 84.42, 'old': 73.95, 'new': 84.42}
2026-06-04 10:41:39,553 [trainer.py] => CNN top1 curve: [86.59, 82.54, 79.06, 74.53]
2026-06-04 10:41:39,553 [trainer.py] => CNN top5 curve: [97.49, 96.33, 95.1, 94.76]
2026-06-04 10:41:39,553 [trainer.py] => Average Accuracy (CNN): 80.68
2026-06-04 10:41:39,554 [trainer.py] => All params: 85937076
2026-06-04 10:41:39,554 [trainer.py] => Trainable params: 85937076
2026-06-04 10:41:39,558 [finetune.py] => Learning on 180-190
2026-06-04 10:56:09,809 [finetune.py] => Task 4, Epoch 20/20 => Loss 0.060, Train_accy 88.06
2026-06-04 10:56:28,862 [trainer.py] => Timing Task 4 => Train 870.26s, Epochs 20, Train 43.5129s/epoch, Inference 19.05s, Images 3787, Inference 5.0302ms/image
2026-06-04 10:56:28,863 [trainer.py] => No NME accuracy.
2026-06-04 10:56:28,863 [trainer.py] => CNN: {'total': 69.79, '00-149': 68.36, '150-159': 64.0, '160-169': 68.0, '170-179': 81.41, '180-189': 87.37, 'old': 68.82, 'new': 87.37}
2026-06-04 10:56:28,863 [trainer.py] => CNN top1 curve: [86.59, 82.54, 79.06, 74.53, 69.79]
2026-06-04 10:56:28,863 [trainer.py] => CNN top5 curve: [97.49, 96.33, 95.1, 94.76, 93.0]
2026-06-04 10:56:28,863 [trainer.py] => Average Accuracy (CNN): 78.5
2026-06-04 10:56:28,864 [trainer.py] => All params: 85944766
2026-06-04 10:56:28,865 [trainer.py] => Trainable params: 85944766
2026-06-04 10:56:28,868 [finetune.py] => Learning on 190-200
2026-06-04 11:11:16,262 [finetune.py] => Task 5, Epoch 20/20 => Loss 0.054, Train_accy 85.18
2026-06-04 11:11:35,915 [trainer.py] => Timing Task 5 => Train 887.40s, Epochs 20, Train 44.3699s/epoch, Inference 19.65s, Images 3987, Inference 4.9288ms/image
2026-06-04 11:11:35,915 [trainer.py] => No NME accuracy.
2026-06-04 11:11:35,915 [trainer.py] => CNN: {'total': 64.94, '00-149': 62.54, '150-159': 61.0, '160-169': 62.0, '170-179': 67.34, '180-189': 83.84, '190-199': 86.5, 'old': 63.8, 'new': 86.5}
2026-06-04 11:11:35,915 [trainer.py] => CNN top1 curve: [86.59, 82.54, 79.06, 74.53, 69.79, 64.94]
2026-06-04 11:11:35,915 [trainer.py] => CNN top5 curve: [97.49, 96.33, 95.1, 94.76, 93.0, 91.55]
2026-06-04 11:11:35,915 [trainer.py] => Average Accuracy (CNN): 76.24
2026-06-04 11:11:35,916 [trainer.py] => All params: 85952456
2026-06-04 11:11:35,917 [trainer.py] => Trainable params: 85952456
2026-06-04 11:11:35,923 [finetune.py] => Learning on 200-210
2026-06-04 11:26:06,723 [finetune.py] => Task 6, Epoch 20/20 => Loss 0.041, Train_accy 87.11
2026-06-04 11:26:31,122 [trainer.py] => Timing Task 6 => Train 870.81s, Epochs 20, Train 43.5403s/epoch, Inference 24.40s, Images 4187, Inference 5.8269ms/image
2026-06-04 11:26:31,123 [trainer.py] => No NME accuracy.
2026-06-04 11:26:31,123 [trainer.py] => CNN: {'total': 65.51, '00-149': 62.37, '150-159': 59.5, '160-169': 59.0, '170-179': 65.83, '180-189': 80.81, '190-199': 86.5, '200-209': 88.5, 'old': 64.36, 'new': 88.5}
2026-06-04 11:26:31,123 [trainer.py] => CNN top1 curve: [86.59, 82.54, 79.06, 74.53, 69.79, 64.94, 65.51]
2026-06-04 11:26:31,123 [trainer.py] => CNN top5 curve: [97.49, 96.33, 95.1, 94.76, 93.0, 91.55, 91.62]
2026-06-04 11:26:31,123 [trainer.py] => Average Accuracy (CNN): 74.71
2026-06-04 11:26:31,125 [trainer.py] => All params: 85960146
2026-06-04 11:26:31,127 [trainer.py] => Trainable params: 85960146
2026-06-04 11:26:31,131 [finetune.py] => Learning on 210-220
2026-06-04 11:42:27,641 [finetune.py] => Task 7, Epoch 20/20 => Loss 0.058, Train_accy 79.76
2026-06-04 11:42:48,078 [trainer.py] => Timing Task 7 => Train 956.52s, Epochs 20, Train 47.8258s/epoch, Inference 20.44s, Images 4386, Inference 4.6592ms/image
2026-06-04 11:42:48,078 [trainer.py] => No NME accuracy.
2026-06-04 11:42:48,079 [trainer.py] => CNN: {'total': 63.47, '00-149': 60.17, '150-159': 57.0, '160-169': 58.0, '170-179': 62.31, '180-189': 69.7, '190-199': 82.5, '200-209': 81.0, '210-219': 83.42, 'old': 62.53, 'new': 83.42}
2026-06-04 11:42:48,079 [trainer.py] => CNN top1 curve: [86.59, 82.54, 79.06, 74.53, 69.79, 64.94, 65.51, 63.47]
2026-06-04 11:42:48,079 [trainer.py] => CNN top5 curve: [97.49, 96.33, 95.1, 94.76, 93.0, 91.55, 91.62, 89.38]
2026-06-04 11:42:48,079 [trainer.py] => Average Accuracy (CNN): 73.3
2026-06-04 11:42:48,079 [trainer.py] => All params: 85967836
2026-06-04 11:42:48,080 [trainer.py] => Trainable params: 85967836
2026-06-04 11:42:48,084 [finetune.py] => Learning on 220-230
2026-06-04 11:58:52,851 [finetune.py] => Task 8, Epoch 20/20 => Loss 0.050, Train_accy 85.70
2026-06-04 11:59:19,219 [trainer.py] => Timing Task 8 => Train 964.77s, Epochs 20, Train 48.2386s/epoch, Inference 26.37s, Images 4586, Inference 5.7494ms/image
2026-06-04 11:59:19,219 [trainer.py] => No NME accuracy.
2026-06-04 11:59:19,219 [trainer.py] => CNN: {'total': 57.87, '00-149': 53.41, '150-159': 48.5, '160-169': 40.5, '170-179': 47.74, '180-189': 68.18, '190-199': 82.5, '200-209': 78.0, '210-219': 74.87, '220-229': 89.5, 'old': 56.43, 'new': 89.5}
2026-06-04 11:59:19,219 [trainer.py] => CNN top1 curve: [86.59, 82.54, 79.06, 74.53, 69.79, 64.94, 65.51, 63.47, 57.87]
2026-06-04 11:59:19,219 [trainer.py] => CNN top5 curve: [97.49, 96.33, 95.1, 94.76, 93.0, 91.55, 91.62, 89.38, 87.55]
2026-06-04 11:59:19,219 [trainer.py] => Average Accuracy (CNN): 71.59
2026-06-04 11:59:19,221 [trainer.py] => All params: 85975526
2026-06-04 11:59:19,222 [trainer.py] => Trainable params: 85975526
2026-06-04 11:59:19,226 [finetune.py] => Learning on 230-240
2026-06-04 12:16:02,227 [finetune.py] => Task 9, Epoch 20/20 => Loss 0.060, Train_accy 90.07
2026-06-04 12:16:29,885 [trainer.py] => Timing Task 9 => Train 1003.01s, Epochs 20, Train 50.1503s/epoch, Inference 27.66s, Images 4786, Inference 5.7786ms/image
2026-06-04 12:16:29,885 [trainer.py] => No NME accuracy.
2026-06-04 12:16:29,885 [trainer.py] => CNN: {'total': 60.41, '00-149': 57.12, '150-159': 47.5, '160-169': 42.5, '170-179': 49.75, '180-189': 74.24, '190-199': 72.5, '200-209': 71.0, '210-219': 63.82, '220-229': 82.5, '230-239': 89.0, 'old': 59.16, 'new': 89.0}
2026-06-04 12:16:29,885 [trainer.py] => CNN top1 curve: [86.59, 82.54, 79.06, 74.53, 69.79, 64.94, 65.51, 63.47, 57.87, 60.41]
2026-06-04 12:16:29,885 [trainer.py] => CNN top5 curve: [97.49, 96.33, 95.1, 94.76, 93.0, 91.55, 91.62, 89.38, 87.55, 89.43]
2026-06-04 12:16:29,886 [trainer.py] => Average Accuracy (CNN): 70.47
2026-06-04 12:16:29,887 [trainer.py] => All params: 85983216
2026-06-04 12:16:29,888 [trainer.py] => Trainable params: 85983216
2026-06-04 12:16:29,892 [finetune.py] => Learning on 240-250
2026-06-04 12:32:51,826 [finetune.py] => Task 10, Epoch 20/20 => Loss 0.019, Train_accy 87.85
2026-06-04 12:33:18,272 [trainer.py] => Timing Task 10 => Train 981.94s, Epochs 20, Train 49.0970s/epoch, Inference 26.44s, Images 4986, Inference 5.3037ms/image
2026-06-04 12:33:18,272 [trainer.py] => No NME accuracy.
2026-06-04 12:33:18,272 [trainer.py] => CNN: {'total': 55.35, '00-149': 52.24, '150-159': 41.5, '160-169': 41.0, '170-179': 47.24, '180-189': 57.07, '190-199': 65.5, '200-209': 70.5, '210-219': 56.78, '220-229': 60.0, '230-239': 71.5, '240-249': 89.0, 'old': 53.95, 'new': 89.0}
2026-06-04 12:33:18,272 [trainer.py] => CNN top1 curve: [86.59, 82.54, 79.06, 74.53, 69.79, 64.94, 65.51, 63.47, 57.87, 60.41, 55.35]
2026-06-04 12:33:18,272 [trainer.py] => CNN top5 curve: [97.49, 96.33, 95.1, 94.76, 93.0, 91.55, 91.62, 89.38, 87.55, 89.43, 87.38]
2026-06-04 12:33:18,272 [trainer.py] => Average Accuracy (CNN): 69.1
2026-06-04 12:33:18,273 [trainer.py] => All params: 85990906
2026-06-04 12:33:18,274 [trainer.py] => Trainable params: 85990906
2026-06-04 12:33:18,278 [finetune.py] => Learning on 250-260
2026-06-04 12:48:43,305 [finetune.py] => Task 11, Epoch 20/20 => Loss 0.048, Train_accy 76.86
2026-06-04 12:49:11,856 [trainer.py] => Timing Task 11 => Train 925.03s, Epochs 20, Train 46.2516s/epoch, Inference 28.55s, Images 5185, Inference 5.5062ms/image
2026-06-04 12:49:11,856 [trainer.py] => No NME accuracy.
2026-06-04 12:49:11,856 [trainer.py] => CNN: {'total': 53.94, '00-149': 51.84, '150-159': 37.5, '160-169': 37.0, '170-179': 39.7, '180-189': 52.53, '190-199': 59.5, '200-209': 58.0, '210-219': 48.74, '220-229': 67.0, '230-239': 69.5, '240-249': 76.5, '250-259': 78.89, 'old': 52.95, 'new': 78.89}
2026-06-04 12:49:11,856 [trainer.py] => CNN top1 curve: [86.59, 82.54, 79.06, 74.53, 69.79, 64.94, 65.51, 63.47, 57.87, 60.41, 55.35, 53.94]
2026-06-04 12:49:11,857 [trainer.py] => CNN top5 curve: [97.49, 96.33, 95.1, 94.76, 93.0, 91.55, 91.62, 89.38, 87.55, 89.43, 87.38, 86.56]
2026-06-04 12:49:11,857 [trainer.py] => Average Accuracy (CNN): 67.83
2026-06-04 12:49:11,857 [trainer.py] => All params: 85998596
2026-06-04 12:49:11,858 [trainer.py] => Trainable params: 85998596
2026-06-04 12:49:11,861 [finetune.py] => Learning on 260-270
2026-06-04 13:05:35,860 [finetune.py] => Task 12, Epoch 20/20 => Loss 0.085, Train_accy 86.34
2026-06-04 13:06:04,713 [trainer.py] => Timing Task 12 => Train 984.00s, Epochs 20, Train 49.2001s/epoch, Inference 28.85s, Images 5385, Inference 5.3579ms/image
2026-06-04 13:06:04,714 [trainer.py] => No NME accuracy.
2026-06-04 13:06:04,714 [trainer.py] => CNN: {'total': 54.58, '00-149': 51.64, '150-159': 40.0, '160-169': 42.0, '170-179': 37.69, '180-189': 55.56, '190-199': 65.0, '200-209': 60.0, '210-219': 50.25, '220-229': 61.5, '230-239': 67.0, '240-249': 70.0, '250-259': 63.82, '260-269': 86.0, 'old': 53.37, 'new': 86.0}
2026-06-04 13:06:04,714 [trainer.py] => CNN top1 curve: [86.59, 82.54, 79.06, 74.53, 69.79, 64.94, 65.51, 63.47, 57.87, 60.41, 55.35, 53.94, 54.58]
2026-06-04 13:06:04,714 [trainer.py] => CNN top5 curve: [97.49, 96.33, 95.1, 94.76, 93.0, 91.55, 91.62, 89.38, 87.55, 89.43, 87.38, 86.56, 87.0]
2026-06-04 13:06:04,714 [trainer.py] => Average Accuracy (CNN): 66.81
2026-06-04 13:06:04,715 [trainer.py] => All params: 86006286
2026-06-04 13:06:04,716 [trainer.py] => Trainable params: 86006286
2026-06-04 13:06:04,721 [finetune.py] => Learning on 270-280
2026-06-04 13:22:03,728 [finetune.py] => Task 13, Epoch 20/20 => Loss 0.058, Train_accy 88.40
2026-06-04 13:22:33,771 [trainer.py] => Timing Task 13 => Train 959.01s, Epochs 20, Train 47.9507s/epoch, Inference 30.04s, Images 5585, Inference 5.3790ms/image
2026-06-04 13:22:33,772 [trainer.py] => No NME accuracy.
2026-06-04 13:22:33,772 [trainer.py] => CNN: {'total': 50.85, '00-149': 48.73, '150-159': 36.5, '160-169': 31.0, '170-179': 37.19, '180-189': 50.0, '190-199': 53.0, '200-209': 55.0, '210-219': 44.22, '220-229': 57.5, '230-239': 43.5, '240-249': 66.0, '250-259': 59.8, '260-269': 69.5, '270-279': 89.5, 'old': 49.42, 'new': 89.5}
2026-06-04 13:22:33,772 [trainer.py] => CNN top1 curve: [86.59, 82.54, 79.06, 74.53, 69.79, 64.94, 65.51, 63.47, 57.87, 60.41, 55.35, 53.94, 54.58, 50.85]
2026-06-04 13:22:33,772 [trainer.py] => CNN top5 curve: [97.49, 96.33, 95.1, 94.76, 93.0, 91.55, 91.62, 89.38, 87.55, 89.43, 87.38, 86.56, 87.0, 84.35]
2026-06-04 13:22:33,772 [trainer.py] => Average Accuracy (CNN): 65.67
2026-06-04 13:22:33,774 [trainer.py] => All params: 86013976
2026-06-04 13:22:33,775 [trainer.py] => Trainable params: 86013976
2026-06-04 13:22:33,779 [finetune.py] => Learning on 280-290
2026-06-04 13:39:06,128 [finetune.py] => Task 14, Epoch 20/20 => Loss 0.061, Train_accy 84.38
2026-06-04 13:39:37,109 [trainer.py] => Timing Task 14 => Train 992.35s, Epochs 20, Train 49.6177s/epoch, Inference 30.98s, Images 5785, Inference 5.3551ms/image
2026-06-04 13:39:37,109 [trainer.py] => No NME accuracy.
2026-06-04 13:39:37,109 [trainer.py] => CNN: {'total': 50.01, '00-149': 46.52, '150-159': 37.0, '160-169': 27.0, '170-179': 32.66, '180-189': 42.93, '190-199': 53.5, '200-209': 54.0, '210-219': 41.71, '220-229': 55.5, '230-239': 47.5, '240-249': 57.0, '250-259': 61.81, '260-269': 73.0, '270-279': 86.5, '280-289': 82.0, 'old': 48.86, 'new': 82.0}
2026-06-04 13:39:37,109 [trainer.py] => CNN top1 curve: [86.59, 82.54, 79.06, 74.53, 69.79, 64.94, 65.51, 63.47, 57.87, 60.41, 55.35, 53.94, 54.58, 50.85, 50.01]
2026-06-04 13:39:37,110 [trainer.py] => CNN top5 curve: [97.49, 96.33, 95.1, 94.76, 93.0, 91.55, 91.62, 89.38, 87.55, 89.43, 87.38, 86.56, 87.0, 84.35, 84.55]
2026-06-04 13:39:37,110 [trainer.py] => Average Accuracy (CNN): 64.63
2026-06-04 13:39:37,111 [trainer.py] => All params: 86021666
2026-06-04 13:39:37,112 [trainer.py] => Trainable params: 86021666
2026-06-04 13:39:37,116 [finetune.py] => Learning on 290-300
2026-06-04 13:56:23,840 [finetune.py] => Task 15, Epoch 20/20 => Loss 0.047, Train_accy 89.92
2026-06-04 13:56:55,576 [trainer.py] => Timing Task 15 => Train 1006.73s, Epochs 20, Train 50.3365s/epoch, Inference 31.73s, Images 5985, Inference 5.3022ms/image
2026-06-04 13:56:55,577 [trainer.py] => No NME accuracy.
2026-06-04 13:56:55,577 [trainer.py] => CNN: {'total': 48.29, '00-149': 45.28, '150-159': 36.5, '160-169': 29.5, '170-179': 30.65, '180-189': 36.87, '190-199': 48.0, '200-209': 50.0, '210-219': 38.19, '220-229': 52.0, '230-239': 35.5, '240-249': 49.5, '250-259': 63.82, '260-269': 59.0, '270-279': 69.5, '280-289': 79.5, '290-299': 90.5, 'old': 46.83, 'new': 90.5}
2026-06-04 13:56:55,577 [trainer.py] => CNN top1 curve: [86.59, 82.54, 79.06, 74.53, 69.79, 64.94, 65.51, 63.47, 57.87, 60.41, 55.35, 53.94, 54.58, 50.85, 50.01, 48.29]
2026-06-04 13:56:55,577 [trainer.py] => CNN top5 curve: [97.49, 96.33, 95.1, 94.76, 93.0, 91.55, 91.62, 89.38, 87.55, 89.43, 87.38, 86.56, 87.0, 84.35, 84.55, 81.77]
2026-06-04 13:56:55,577 [trainer.py] => Average Accuracy (CNN): 63.61
